Command line invocation:
    /Applications/Xcode.app/Contents/Developer/usr/bin/xcodebuild -scheme Revolt -destination id=00008020-001E61EC3AB8003A clean build

Resolve Package Graph
'codablewrapper' dependency on 'https://github.com/apple/swift-syntax' conflicts with dependency on 'https://github.com/swiftlang/swift-syntax' which has the same identity 'swift-syntax'. this will be escalated to an error in future versions of SwiftPM.

Resolved source packages:
  ULID.swift: https://github.com/yaslab/ULID.swift @ 1.3.1
  SnapKit: https://github.com/SnapKit/SnapKit @ 5.7.1
  HCaptcha: https://github.com/hCaptcha/HCaptcha-ios-sdk @ 2.9.0
  swift-case-paths: https://github.com/pointfreeco/swift-case-paths @ 1.5.5
  swift-log: https://github.com/apple/swift-log.git @ 1.6.1
  SwiftCSV: https://github.com/swiftcsv/SwiftCSV.git @ 0.10.0
  Down: https://github.com/iwasrobbed/Down.git @ master (e754ab1)
  MarkdownKit: https://github.com/bmoliveira/MarkdownKit @ 1.7.1
  LiveKitWebRTC: https://github.com/livekit/webrtc-xcframework.git @ 125.6422.7
  SwiftUITooltip: https://github.com/quassum/SwiftUI-Tooltip.git @ 1.4.0
  swift-collections: https://github.com/apple/swift-collections.git @ 1.1.4
  OggDecoder: https://github.com/arkasas/OggDecoder.git @ main (e94c8ca)
  swift-parsing: https://github.com/pointfreeco/swift-parsing/ @ 0.13.0
  swiftui-introspect: https://github.com/siteline/swiftui-introspect @ 1.3.0
  SwiftParsec: https://github.com/davedufresne/SwiftParsec @ 4.0.1
  SwiftUIFlow: https://github.com/ciaranrobrien/SwiftUIFlow @ main (b300d3c)
  SwiftProtobuf: https://github.com/apple/swift-protobuf.git @ 1.28.1
  xctest-dynamic-overlay: https://github.com/pointfreeco/xctest-dynamic-overlay @ 1.4.1
  Starscream: https://github.com/daltoniam/Starscream @ 4.0.8
  ExyteGrid: https://github.com/exyte/Grid @ 1.5.0
  swift-syntax: https://github.com/swiftlang/swift-syntax @ 509.1.1
  AnyCodable: https://github.com/Flight-School/AnyCodable @ 0.6.7
  Sentry: https://github.com/getsentry/sentry-cocoa/ @ 8.36.0
  swiftui-navigation-transitions: https://github.com/davdroman/swiftui-navigation-transitions @ 0.14.0
  PopupView: https://github.com/exyte/PopupView @ 3.1.4
  Highlightr: https://github.com/raspu/Highlightr @ 2.2.1
  RxSwift: https://github.com/ReactiveX/RxSwift @ 6.7.1
  LiveKit: https://github.com/livekit/client-sdk-swift @ 2.0.16
  Alamofire: https://github.com/Alamofire/Alamofire @ 5.9.1
  SwiftUIMasonry: https://github.com/ciaranrobrien/SwiftUIMasonry @ main (651f84e)
  Flow: https://github.com/tevelee/SwiftUI-Flow.git @ 2.5.0
  SubviewAttachingTextView: https://github.com/vlas-voloshin/SubviewAttachingTextView @ 1.5.1
  CodableWrapper: https://github.com/winddpan/CodableWrapper @ 1.1.1
  KeychainAccess: https://github.com/kishikawakatsumi/KeychainAccess @ master (e0c7eeb)
  Kingfisher: https://github.com/onevcat/Kingfisher @ 8.3.1
  SwiftyCrop: https://github.com/benedom/SwiftyCrop @ master (6ee0b98)

ComputePackagePrebuildTargetDependencyGraph

CreateBuildRequest

SendProjectDescription

CreateBuildOperation

** CLEAN SUCCEEDED **

ComputePackagePrebuildTargetDependencyGraph

Prepare packages

CreateBuildRequest

SendProjectDescription

CreateBuildOperation

ComputeTargetDependencyGraph
note: Building targets in dependency order
note: Target dependency graph (112 targets)
    Target 'Revolt' in project 'Revolt'
        ➜ Explicit dependency on target 'Types' in project 'Revolt'
        ➜ Explicit dependency on target 'NotificationService' in project 'Revolt'
        ➜ Explicit dependency on target 'HCaptcha' in project 'HCaptcha'
        ➜ Explicit dependency on target 'HCaptcha_RxSwift' in project 'HCaptcha'
        ➜ Explicit dependency on target 'Collections' in project 'swift-collections'
        ➜ Explicit dependency on target 'SwiftUITooltip' in project 'SwiftUITooltip'
        ➜ Explicit dependency on target 'Flow' in project 'Flow'
        ➜ Explicit dependency on target 'CodableWrapper' in project 'CodableWrapper'
        ➜ Explicit dependency on target 'AnyCodable' in project 'AnyCodable'
        ➜ Explicit dependency on target 'Kingfisher' in project 'Kingfisher'
        ➜ Explicit dependency on target 'SubviewAttachingTextView' in project 'SubviewAttachingTextView'
        ➜ Explicit dependency on target 'SwiftParsec' in project 'SwiftParsec'
        ➜ Explicit dependency on target 'NavigationTransitions' in project 'swiftui-navigation-transitions'
        ➜ Explicit dependency on target 'SwiftUIFlow' in project 'SwiftUIFlow'
        ➜ Explicit dependency on target 'OggDecoder' in project 'OggDecoder'
        ➜ Explicit dependency on target 'SwiftUIMasonry' in project 'SwiftUIMasonry'
        ➜ Explicit dependency on target 'Alamofire' in project 'Alamofire'
        ➜ Explicit dependency on target 'PopupView' in project 'PopupView'
        ➜ Explicit dependency on target 'SwiftyCrop' in project 'SwiftyCrop'
        ➜ Explicit dependency on target 'MarkdownKit' in project 'MarkdownKit'
        ➜ Explicit dependency on target 'ExyteGrid' in project 'ExyteGrid'
        ➜ Explicit dependency on target 'Parsing' in project 'swift-parsing'
        ➜ Explicit dependency on target 'ULID' in project 'ULID.swift'
        ➜ Explicit dependency on target 'Highlightr' in project 'Highlightr'
        ➜ Explicit dependency on target 'Down' in project 'Down'
        ➜ Explicit dependency on target 'OrderedCollections' in project 'swift-collections'
        ➜ Explicit dependency on target 'SnapKit' in project 'SnapKit'
        ➜ Explicit dependency on target 'Starscream' in project 'Starscream'
        ➜ Explicit dependency on target 'SwiftCSV' in project 'SwiftCSV'
        ➜ Explicit dependency on target 'Sentry' in project 'Sentry'
        ➜ Explicit dependency on target 'KeychainAccess' in project 'KeychainAccess'
    Target 'KeychainAccess' in project 'KeychainAccess'
        ➜ Explicit dependency on target 'KeychainAccess' in project 'KeychainAccess'
    Target 'KeychainAccess' in project 'KeychainAccess' (no dependencies)
    Target 'Sentry' in project 'Sentry' (no dependencies)
    Target 'SwiftCSV' in project 'SwiftCSV'
        ➜ Explicit dependency on target 'SwiftCSV' in project 'SwiftCSV'
        ➜ Explicit dependency on target 'SwiftCSV_SwiftCSV' in project 'SwiftCSV'
    Target 'SwiftCSV' in project 'SwiftCSV'
        ➜ Explicit dependency on target 'SwiftCSV_SwiftCSV' in project 'SwiftCSV'
    Target 'SwiftCSV_SwiftCSV' in project 'SwiftCSV' (no dependencies)
    Target 'Starscream' in project 'Starscream'
        ➜ Explicit dependency on target 'Starscream' in project 'Starscream'
        ➜ Explicit dependency on target 'Starscream_Starscream' in project 'Starscream'
    Target 'Starscream' in project 'Starscream'
        ➜ Explicit dependency on target 'Starscream_Starscream' in project 'Starscream'
    Target 'Starscream_Starscream' in project 'Starscream' (no dependencies)
    Target 'SnapKit' in project 'SnapKit'
        ➜ Explicit dependency on target 'SnapKit' in project 'SnapKit'
        ➜ Explicit dependency on target 'SnapKit_SnapKit' in project 'SnapKit'
    Target 'SnapKit' in project 'SnapKit'
        ➜ Explicit dependency on target 'SnapKit_SnapKit' in project 'SnapKit'
    Target 'SnapKit_SnapKit' in project 'SnapKit' (no dependencies)
    Target 'OrderedCollections' in project 'swift-collections'
        ➜ Explicit dependency on target 'OrderedCollections' in project 'swift-collections'
        ➜ Explicit dependency on target 'InternalCollectionsUtilities' in project 'swift-collections'
    Target 'Down' in project 'Down'
        ➜ Explicit dependency on target 'Down' in project 'Down'
        ➜ Explicit dependency on target 'Down_Down' in project 'Down'
        ➜ Explicit dependency on target 'libcmark' in project 'Down'
    Target 'Down' in project 'Down'
        ➜ Explicit dependency on target 'Down_Down' in project 'Down'
        ➜ Explicit dependency on target 'libcmark' in project 'Down'
    Target 'libcmark' in project 'Down' (no dependencies)
    Target 'Down_Down' in project 'Down' (no dependencies)
    Target 'Highlightr' in project 'Highlightr'
        ➜ Explicit dependency on target 'Highlightr' in project 'Highlightr'
        ➜ Explicit dependency on target 'Highlightr_Highlightr' in project 'Highlightr'
    Target 'Highlightr' in project 'Highlightr'
        ➜ Explicit dependency on target 'Highlightr_Highlightr' in project 'Highlightr'
    Target 'Highlightr_Highlightr' in project 'Highlightr' (no dependencies)
    Target 'ULID' in project 'ULID.swift'
        ➜ Explicit dependency on target 'ULID' in project 'ULID.swift'
    Target 'ULID' in project 'ULID.swift' (no dependencies)
    Target 'Parsing' in project 'swift-parsing'
        ➜ Explicit dependency on target 'Parsing' in project 'swift-parsing'
        ➜ Explicit dependency on target 'CasePaths' in project 'swift-case-paths'
    Target 'Parsing' in project 'swift-parsing'
        ➜ Explicit dependency on target 'CasePaths' in project 'swift-case-paths'
    Target 'CasePaths' in project 'swift-case-paths'
        ➜ Explicit dependency on target 'CasePaths' in project 'swift-case-paths'
        ➜ Explicit dependency on target 'CasePathsMacros' in project 'swift-case-paths'
        ➜ Explicit dependency on target 'IssueReporting' in project 'xctest-dynamic-overlay'
        ➜ Explicit dependency on target 'XCTestDynamicOverlay' in project 'xctest-dynamic-overlay'
    Target 'CasePaths' in project 'swift-case-paths'
        ➜ Explicit dependency on target 'CasePathsMacros' in project 'swift-case-paths'
        ➜ Explicit dependency on target 'IssueReporting' in project 'xctest-dynamic-overlay'
        ➜ Explicit dependency on target 'XCTestDynamicOverlay' in project 'xctest-dynamic-overlay'
    Target 'XCTestDynamicOverlay' in project 'xctest-dynamic-overlay'
        ➜ Explicit dependency on target 'XCTestDynamicOverlay' in project 'xctest-dynamic-overlay'
        ➜ Explicit dependency on target 'IssueReporting' in project 'xctest-dynamic-overlay'
    Target 'XCTestDynamicOverlay' in project 'xctest-dynamic-overlay'
        ➜ Explicit dependency on target 'IssueReporting' in project 'xctest-dynamic-overlay'
    Target 'IssueReporting' in project 'xctest-dynamic-overlay'
        ➜ Explicit dependency on target 'IssueReporting' in project 'xctest-dynamic-overlay'
    Target 'IssueReporting' in project 'xctest-dynamic-overlay' (no dependencies)
    Target 'CasePathsMacros' in project 'swift-case-paths'
        ➜ Explicit dependency on target 'SwiftSyntaxMacros' in project 'swift-syntax'
        ➜ Explicit dependency on target 'SwiftCompilerPlugin' in project 'swift-syntax'
    Target 'ExyteGrid' in project 'ExyteGrid'
        ➜ Explicit dependency on target 'ExyteGrid' in project 'ExyteGrid'
    Target 'ExyteGrid' in project 'ExyteGrid' (no dependencies)
    Target 'MarkdownKit' in project 'MarkdownKit'
        ➜ Explicit dependency on target 'MarkdownKit' in project 'MarkdownKit'
    Target 'MarkdownKit' in project 'MarkdownKit' (no dependencies)
    Target 'SwiftyCrop' in project 'SwiftyCrop'
        ➜ Explicit dependency on target 'SwiftyCrop' in project 'SwiftyCrop'
        ➜ Explicit dependency on target 'SwiftyCrop_SwiftyCrop' in project 'SwiftyCrop'
    Target 'SwiftyCrop' in project 'SwiftyCrop'
        ➜ Explicit dependency on target 'SwiftyCrop_SwiftyCrop' in project 'SwiftyCrop'
    Target 'SwiftyCrop_SwiftyCrop' in project 'SwiftyCrop' (no dependencies)
    Target 'PopupView' in project 'PopupView'
        ➜ Explicit dependency on target 'PopupView' in project 'PopupView'
        ➜ Explicit dependency on target 'SwiftUIIntrospect' in project 'swiftui-introspect'
    Target 'PopupView' in project 'PopupView'
        ➜ Explicit dependency on target 'SwiftUIIntrospect' in project 'swiftui-introspect'
    Target 'Alamofire' in project 'Alamofire'
        ➜ Explicit dependency on target 'Alamofire' in project 'Alamofire'
        ➜ Explicit dependency on target 'Alamofire_Alamofire' in project 'Alamofire'
    Target 'Alamofire' in project 'Alamofire'
        ➜ Explicit dependency on target 'Alamofire_Alamofire' in project 'Alamofire'
    Target 'Alamofire_Alamofire' in project 'Alamofire' (no dependencies)
    Target 'SwiftUIMasonry' in project 'SwiftUIMasonry'
        ➜ Explicit dependency on target 'SwiftUIMasonry' in project 'SwiftUIMasonry'
    Target 'SwiftUIMasonry' in project 'SwiftUIMasonry' (no dependencies)
    Target 'SwiftUIFlow' in project 'SwiftUIFlow'
        ➜ Explicit dependency on target 'SwiftUIFlow' in project 'SwiftUIFlow'
    Target 'SwiftUIFlow' in project 'SwiftUIFlow' (no dependencies)
    Target 'NavigationTransitions' in project 'swiftui-navigation-transitions'
        ➜ Explicit dependency on target 'NavigationTransitions' in project 'swiftui-navigation-transitions'
        ➜ Explicit dependency on target 'Animation' in project 'swiftui-navigation-transitions'
        ➜ Explicit dependency on target 'Animator' in project 'swiftui-navigation-transitions'
        ➜ Explicit dependency on target 'AtomicTransition' in project 'swiftui-navigation-transitions'
        ➜ Explicit dependency on target 'NavigationTransition' in project 'swiftui-navigation-transitions'
        ➜ Explicit dependency on target 'RuntimeAssociation' in project 'swiftui-navigation-transitions'
        ➜ Explicit dependency on target 'RuntimeSwizzling' in project 'swiftui-navigation-transitions'
        ➜ Explicit dependency on target 'SwiftUIIntrospect' in project 'swiftui-introspect'
    Target 'NavigationTransitions' in project 'swiftui-navigation-transitions'
        ➜ Explicit dependency on target 'Animation' in project 'swiftui-navigation-transitions'
        ➜ Explicit dependency on target 'Animator' in project 'swiftui-navigation-transitions'
        ➜ Explicit dependency on target 'AtomicTransition' in project 'swiftui-navigation-transitions'
        ➜ Explicit dependency on target 'NavigationTransition' in project 'swiftui-navigation-transitions'
        ➜ Explicit dependency on target 'RuntimeAssociation' in project 'swiftui-navigation-transitions'
        ➜ Explicit dependency on target 'RuntimeSwizzling' in project 'swiftui-navigation-transitions'
        ➜ Explicit dependency on target 'SwiftUIIntrospect' in project 'swiftui-introspect'
    Target 'SwiftUIIntrospect' in project 'swiftui-introspect'
        ➜ Explicit dependency on target 'SwiftUIIntrospect' in project 'swiftui-introspect'
    Target 'SwiftUIIntrospect' in project 'swiftui-introspect' (no dependencies)
    Target 'RuntimeSwizzling' in project 'swiftui-navigation-transitions' (no dependencies)
    Target 'RuntimeAssociation' in project 'swiftui-navigation-transitions' (no dependencies)
    Target 'NavigationTransition' in project 'swiftui-navigation-transitions'
        ➜ Explicit dependency on target 'Animation' in project 'swiftui-navigation-transitions'
        ➜ Explicit dependency on target 'Animator' in project 'swiftui-navigation-transitions'
        ➜ Explicit dependency on target 'AtomicTransition' in project 'swiftui-navigation-transitions'
    Target 'AtomicTransition' in project 'swiftui-navigation-transitions'
        ➜ Explicit dependency on target 'Animator' in project 'swiftui-navigation-transitions'
    Target 'Animator' in project 'swiftui-navigation-transitions' (no dependencies)
    Target 'Animation' in project 'swiftui-navigation-transitions' (no dependencies)
    Target 'SwiftParsec' in project 'SwiftParsec'
        ➜ Explicit dependency on target 'SwiftParsec' in project 'SwiftParsec'
    Target 'SwiftParsec' in project 'SwiftParsec' (no dependencies)
    Target 'SubviewAttachingTextView' in project 'SubviewAttachingTextView'
        ➜ Explicit dependency on target 'SubviewAttachingTextView' in project 'SubviewAttachingTextView'
    Target 'SubviewAttachingTextView' in project 'SubviewAttachingTextView' (no dependencies)
    Target 'Kingfisher' in project 'Kingfisher'
        ➜ Explicit dependency on target 'Kingfisher' in project 'Kingfisher'
        ➜ Explicit dependency on target 'Kingfisher_Kingfisher' in project 'Kingfisher'
    Target 'Kingfisher' in project 'Kingfisher'
        ➜ Explicit dependency on target 'Kingfisher_Kingfisher' in project 'Kingfisher'
    Target 'Kingfisher_Kingfisher' in project 'Kingfisher' (no dependencies)
    Target 'AnyCodable' in project 'AnyCodable'
        ➜ Explicit dependency on target 'AnyCodable' in project 'AnyCodable'
    Target 'AnyCodable' in project 'AnyCodable' (no dependencies)
    Target 'CodableWrapper' in project 'CodableWrapper'
        ➜ Explicit dependency on target 'CodableWrapper' in project 'CodableWrapper'
        ➜ Explicit dependency on target 'CodableWrapperMacros' in project 'CodableWrapper'
    Target 'CodableWrapper' in project 'CodableWrapper'
        ➜ Explicit dependency on target 'CodableWrapperMacros' in project 'CodableWrapper'
    Target 'CodableWrapperMacros' in project 'CodableWrapper'
        ➜ Explicit dependency on target 'SwiftSyntax' in project 'swift-syntax'
        ➜ Explicit dependency on target 'SwiftSyntaxMacros' in project 'swift-syntax'
        ➜ Explicit dependency on target 'SwiftOperators' in project 'swift-syntax'
        ➜ Explicit dependency on target 'SwiftParser' in project 'swift-syntax'
        ➜ Explicit dependency on target 'SwiftParserDiagnostics' in project 'swift-syntax'
        ➜ Explicit dependency on target 'SwiftCompilerPlugin' in project 'swift-syntax'
    Target 'SwiftCompilerPlugin' in project 'swift-syntax'
        ➜ Explicit dependency on target 'SwiftCompilerPlugin' in project 'swift-syntax'
        ➜ Explicit dependency on target 'SwiftSyntax509' in project 'swift-syntax'
        ➜ Explicit dependency on target 'SwiftSyntax' in project 'swift-syntax'
        ➜ Explicit dependency on target 'SwiftDiagnostics' in project 'swift-syntax'
        ➜ Explicit dependency on target 'SwiftParser' in project 'swift-syntax'
        ➜ Explicit dependency on target 'SwiftOperators' in project 'swift-syntax'
        ➜ Explicit dependency on target 'SwiftBasicFormat' in project 'swift-syntax'
        ➜ Explicit dependency on target 'SwiftParserDiagnostics' in project 'swift-syntax'
        ➜ Explicit dependency on target 'SwiftSyntaxBuilder' in project 'swift-syntax'
        ➜ Explicit dependency on target 'SwiftSyntaxMacros' in project 'swift-syntax'
        ➜ Explicit dependency on target 'SwiftSyntaxMacroExpansion' in project 'swift-syntax'
        ➜ Explicit dependency on target 'SwiftCompilerPluginMessageHandling' in project 'swift-syntax'
    Target 'SwiftCompilerPlugin' in project 'swift-syntax'
        ➜ Explicit dependency on target 'SwiftSyntax509' in project 'swift-syntax'
        ➜ Explicit dependency on target 'SwiftSyntax' in project 'swift-syntax'
        ➜ Explicit dependency on target 'SwiftDiagnostics' in project 'swift-syntax'
        ➜ Explicit dependency on target 'SwiftParser' in project 'swift-syntax'
        ➜ Explicit dependency on target 'SwiftOperators' in project 'swift-syntax'
        ➜ Explicit dependency on target 'SwiftBasicFormat' in project 'swift-syntax'
        ➜ Explicit dependency on target 'SwiftParserDiagnostics' in project 'swift-syntax'
        ➜ Explicit dependency on target 'SwiftSyntaxBuilder' in project 'swift-syntax'
        ➜ Explicit dependency on target 'SwiftSyntaxMacros' in project 'swift-syntax'
        ➜ Explicit dependency on target 'SwiftSyntaxMacroExpansion' in project 'swift-syntax'
        ➜ Explicit dependency on target 'SwiftCompilerPluginMessageHandling' in project 'swift-syntax'
    Target 'SwiftCompilerPluginMessageHandling' in project 'swift-syntax'
        ➜ Explicit dependency on target 'SwiftSyntax509' in project 'swift-syntax'
        ➜ Explicit dependency on target 'SwiftSyntax' in project 'swift-syntax'
        ➜ Explicit dependency on target 'SwiftDiagnostics' in project 'swift-syntax'
        ➜ Explicit dependency on target 'SwiftParser' in project 'swift-syntax'
        ➜ Explicit dependency on target 'SwiftOperators' in project 'swift-syntax'
        ➜ Explicit dependency on target 'SwiftBasicFormat' in project 'swift-syntax'
        ➜ Explicit dependency on target 'SwiftParserDiagnostics' in project 'swift-syntax'
        ➜ Explicit dependency on target 'SwiftSyntaxBuilder' in project 'swift-syntax'
        ➜ Explicit dependency on target 'SwiftSyntaxMacros' in project 'swift-syntax'
        ➜ Explicit dependency on target 'SwiftSyntaxMacroExpansion' in project 'swift-syntax'
    Target 'SwiftSyntaxMacroExpansion' in project 'swift-syntax'
        ➜ Explicit dependency on target 'SwiftSyntax509' in project 'swift-syntax'
        ➜ Explicit dependency on target 'SwiftSyntax' in project 'swift-syntax'
        ➜ Explicit dependency on target 'SwiftBasicFormat' in project 'swift-syntax'
        ➜ Explicit dependency on target 'SwiftParser' in project 'swift-syntax'
        ➜ Explicit dependency on target 'SwiftDiagnostics' in project 'swift-syntax'
        ➜ Explicit dependency on target 'SwiftParserDiagnostics' in project 'swift-syntax'
        ➜ Explicit dependency on target 'SwiftSyntaxBuilder' in project 'swift-syntax'
        ➜ Explicit dependency on target 'SwiftSyntaxMacros' in project 'swift-syntax'
        ➜ Explicit dependency on target 'SwiftOperators' in project 'swift-syntax'
    Target 'SwiftParserDiagnostics' in project 'swift-syntax'
        ➜ Explicit dependency on target 'SwiftParserDiagnostics' in project 'swift-syntax'
        ➜ Explicit dependency on target 'SwiftSyntax509' in project 'swift-syntax'
        ➜ Explicit dependency on target 'SwiftSyntax' in project 'swift-syntax'
        ➜ Explicit dependency on target 'SwiftBasicFormat' in project 'swift-syntax'
        ➜ Explicit dependency on target 'SwiftDiagnostics' in project 'swift-syntax'
        ➜ Explicit dependency on target 'SwiftParser' in project 'swift-syntax'
    Target 'SwiftParser' in project 'swift-syntax'
        ➜ Explicit dependency on target 'SwiftParser' in project 'swift-syntax'
        ➜ Explicit dependency on target 'SwiftSyntax509' in project 'swift-syntax'
        ➜ Explicit dependency on target 'SwiftSyntax' in project 'swift-syntax'
    Target 'SwiftOperators' in project 'swift-syntax'
        ➜ Explicit dependency on target 'SwiftOperators' in project 'swift-syntax'
        ➜ Explicit dependency on target 'SwiftSyntax509' in project 'swift-syntax'
        ➜ Explicit dependency on target 'SwiftSyntax' in project 'swift-syntax'
        ➜ Explicit dependency on target 'SwiftDiagnostics' in project 'swift-syntax'
        ➜ Explicit dependency on target 'SwiftParser' in project 'swift-syntax'
    Target 'SwiftOperators' in project 'swift-syntax'
        ➜ Explicit dependency on target 'SwiftSyntax509' in project 'swift-syntax'
        ➜ Explicit dependency on target 'SwiftSyntax' in project 'swift-syntax'
        ➜ Explicit dependency on target 'SwiftDiagnostics' in project 'swift-syntax'
        ➜ Explicit dependency on target 'SwiftParser' in project 'swift-syntax'
    Target 'SwiftSyntaxMacros' in project 'swift-syntax'
        ➜ Explicit dependency on target 'SwiftSyntaxMacros' in project 'swift-syntax'
        ➜ Explicit dependency on target 'SwiftSyntax509' in project 'swift-syntax'
        ➜ Explicit dependency on target 'SwiftSyntax' in project 'swift-syntax'
        ➜ Explicit dependency on target 'SwiftDiagnostics' in project 'swift-syntax'
        ➜ Explicit dependency on target 'SwiftParser' in project 'swift-syntax'
        ➜ Explicit dependency on target 'SwiftBasicFormat' in project 'swift-syntax'
        ➜ Explicit dependency on target 'SwiftParserDiagnostics' in project 'swift-syntax'
        ➜ Explicit dependency on target 'SwiftSyntaxBuilder' in project 'swift-syntax'
    Target 'SwiftSyntaxMacros' in project 'swift-syntax'
        ➜ Explicit dependency on target 'SwiftSyntax509' in project 'swift-syntax'
        ➜ Explicit dependency on target 'SwiftSyntax' in project 'swift-syntax'
        ➜ Explicit dependency on target 'SwiftDiagnostics' in project 'swift-syntax'
        ➜ Explicit dependency on target 'SwiftParser' in project 'swift-syntax'
        ➜ Explicit dependency on target 'SwiftBasicFormat' in project 'swift-syntax'
        ➜ Explicit dependency on target 'SwiftParserDiagnostics' in project 'swift-syntax'
        ➜ Explicit dependency on target 'SwiftSyntaxBuilder' in project 'swift-syntax'
    Target 'SwiftSyntaxBuilder' in project 'swift-syntax'
        ➜ Explicit dependency on target 'SwiftSyntax509' in project 'swift-syntax'
        ➜ Explicit dependency on target 'SwiftSyntax' in project 'swift-syntax'
        ➜ Explicit dependency on target 'SwiftBasicFormat' in project 'swift-syntax'
        ➜ Explicit dependency on target 'SwiftParser' in project 'swift-syntax'
        ➜ Explicit dependency on target 'SwiftDiagnostics' in project 'swift-syntax'
        ➜ Explicit dependency on target 'SwiftParserDiagnostics' in project 'swift-syntax'
    Target 'SwiftParserDiagnostics' in project 'swift-syntax'
        ➜ Explicit dependency on target 'SwiftSyntax509' in project 'swift-syntax'
        ➜ Explicit dependency on target 'SwiftSyntax' in project 'swift-syntax'
        ➜ Explicit dependency on target 'SwiftBasicFormat' in project 'swift-syntax'
        ➜ Explicit dependency on target 'SwiftDiagnostics' in project 'swift-syntax'
        ➜ Explicit dependency on target 'SwiftParser' in project 'swift-syntax'
    Target 'SwiftBasicFormat' in project 'swift-syntax'
        ➜ Explicit dependency on target 'SwiftSyntax509' in project 'swift-syntax'
        ➜ Explicit dependency on target 'SwiftSyntax' in project 'swift-syntax'
    Target 'SwiftParser' in project 'swift-syntax'
        ➜ Explicit dependency on target 'SwiftSyntax509' in project 'swift-syntax'
        ➜ Explicit dependency on target 'SwiftSyntax' in project 'swift-syntax'
    Target 'SwiftDiagnostics' in project 'swift-syntax'
        ➜ Explicit dependency on target 'SwiftSyntax509' in project 'swift-syntax'
        ➜ Explicit dependency on target 'SwiftSyntax' in project 'swift-syntax'
    Target 'SwiftSyntax' in project 'swift-syntax'
        ➜ Explicit dependency on target 'SwiftSyntax' in project 'swift-syntax'
        ➜ Explicit dependency on target 'SwiftSyntax509' in project 'swift-syntax'
    Target 'SwiftSyntax' in project 'swift-syntax'
        ➜ Explicit dependency on target 'SwiftSyntax509' in project 'swift-syntax'
    Target 'SwiftSyntax509' in project 'swift-syntax' (no dependencies)
    Target 'Flow' in project 'Flow'
        ➜ Explicit dependency on target 'Flow' in project 'Flow'
    Target 'Flow' in project 'Flow' (no dependencies)
    Target 'SwiftUITooltip' in project 'SwiftUITooltip'
        ➜ Explicit dependency on target 'SwiftUITooltip' in project 'SwiftUITooltip'
    Target 'SwiftUITooltip' in project 'SwiftUITooltip' (no dependencies)
    Target 'Collections' in project 'swift-collections'
        ➜ Explicit dependency on target 'Collections' in project 'swift-collections'
        ➜ Explicit dependency on target 'InternalCollectionsUtilities' in project 'swift-collections'
        ➜ Explicit dependency on target 'BitCollections' in project 'swift-collections'
        ➜ Explicit dependency on target 'DequeModule' in project 'swift-collections'
        ➜ Explicit dependency on target 'HashTreeCollections' in project 'swift-collections'
        ➜ Explicit dependency on target 'HeapModule' in project 'swift-collections'
        ➜ Explicit dependency on target 'OrderedCollections' in project 'swift-collections'
        ➜ Explicit dependency on target '_RopeModule' in project 'swift-collections'
    Target 'Collections' in project 'swift-collections'
        ➜ Explicit dependency on target 'InternalCollectionsUtilities' in project 'swift-collections'
        ➜ Explicit dependency on target 'BitCollections' in project 'swift-collections'
        ➜ Explicit dependency on target 'DequeModule' in project 'swift-collections'
        ➜ Explicit dependency on target 'HashTreeCollections' in project 'swift-collections'
        ➜ Explicit dependency on target 'HeapModule' in project 'swift-collections'
        ➜ Explicit dependency on target 'OrderedCollections' in project 'swift-collections'
        ➜ Explicit dependency on target '_RopeModule' in project 'swift-collections'
    Target '_RopeModule' in project 'swift-collections'
        ➜ Explicit dependency on target 'InternalCollectionsUtilities' in project 'swift-collections'
    Target 'OrderedCollections' in project 'swift-collections'
        ➜ Explicit dependency on target 'InternalCollectionsUtilities' in project 'swift-collections'
    Target 'HeapModule' in project 'swift-collections'
        ➜ Explicit dependency on target 'InternalCollectionsUtilities' in project 'swift-collections'
    Target 'HashTreeCollections' in project 'swift-collections'
        ➜ Explicit dependency on target 'InternalCollectionsUtilities' in project 'swift-collections'
    Target 'DequeModule' in project 'swift-collections'
        ➜ Explicit dependency on target 'InternalCollectionsUtilities' in project 'swift-collections'
    Target 'BitCollections' in project 'swift-collections'
        ➜ Explicit dependency on target 'InternalCollectionsUtilities' in project 'swift-collections'
    Target 'InternalCollectionsUtilities' in project 'swift-collections' (no dependencies)
    Target 'HCaptcha_RxSwift' in project 'HCaptcha'
        ➜ Explicit dependency on target 'HCaptcha_RxSwift' in project 'HCaptcha'
        ➜ Explicit dependency on target 'HCaptcha' in project 'HCaptcha'
        ➜ Explicit dependency on target 'RxSwift' in project 'RxSwift'
    Target 'HCaptcha_RxSwift' in project 'HCaptcha'
        ➜ Explicit dependency on target 'HCaptcha' in project 'HCaptcha'
        ➜ Explicit dependency on target 'RxSwift' in project 'RxSwift'
    Target 'RxSwift' in project 'RxSwift'
        ➜ Explicit dependency on target 'RxSwift' in project 'RxSwift'
    Target 'RxSwift' in project 'RxSwift' (no dependencies)
    Target 'HCaptcha' in project 'HCaptcha'
        ➜ Explicit dependency on target 'HCaptcha' in project 'HCaptcha'
        ➜ Explicit dependency on target 'HCaptcha_HCaptcha' in project 'HCaptcha'
    Target 'HCaptcha' in project 'HCaptcha'
        ➜ Explicit dependency on target 'HCaptcha_HCaptcha' in project 'HCaptcha'
    Target 'HCaptcha_HCaptcha' in project 'HCaptcha' (no dependencies)
    Target 'NotificationService' in project 'Revolt'
        ➜ Explicit dependency on target 'Types' in project 'Revolt'
        ➜ Explicit dependency on target 'OggDecoder' in project 'OggDecoder'
    Target 'OggDecoder' in project 'OggDecoder'
        ➜ Explicit dependency on target 'OggDecoder' in project 'OggDecoder'
    Target 'OggDecoder' in project 'OggDecoder' (no dependencies)
    Target 'Types' in project 'Revolt' (no dependencies)

GatherProvisioningInputs

CreateBuildDescription

ExecuteExternalTool /Applications/Xcode.app/Contents/Developer/Toolchains/XcodeDefault.xctoolchain/usr/bin/swiftc --version

ExecuteExternalTool /Applications/Xcode.app/Contents/Developer/Toolchains/XcodeDefault.xctoolchain/usr/bin/clang -v -E -dM -arch arm64 -isysroot /Applications/Xcode.app/Contents/Developer/Platforms/iPhoneOS.platform/Developer/SDKs/iPhoneOS18.5.sdk -x objective-c++ -c /dev/null

ExecuteExternalTool /Applications/Xcode.app/Contents/Developer/Toolchains/XcodeDefault.xctoolchain/usr/bin/clang -v -E -dM -arch arm64 -isysroot /Applications/Xcode.app/Contents/Developer/Platforms/iPhoneOS.platform/Developer/SDKs/iPhoneOS18.5.sdk -x c -c /dev/null

ExecuteExternalTool /Applications/Xcode.app/Contents/Developer/usr/bin/xcstringstool compile --dry-run --output-directory /Users/harishvishwakarma/Library/Developer/Xcode/DerivedData/Revolt-dharrjsambcimaaziudpvzjdcigm/Build/Intermediates.noindex/SwiftyCrop.build/Debug-iphoneos/SwiftyCrop_SwiftyCrop.build /Users/harishvishwakarma/Library/Developer/Xcode/DerivedData/Revolt-dharrjsambcimaaziudpvzjdcigm/SourcePackages/checkouts/SwiftyCrop/Sources/SwiftyCrop/Resources/Localizable.xcstrings

ExecuteExternalTool /Applications/Xcode.app/Contents/Developer/usr/bin/xcstringstool compile --dry-run --output-directory /Users/harishvishwakarma/Library/Developer/Xcode/DerivedData/Revolt-dharrjsambcimaaziudpvzjdcigm/Build/Intermediates.noindex/Revolt.build/Debug-iphoneos/Revolt.build /Users/harishvishwakarma/Handy/Archem/pepchat-ios/Localizable.xcstrings

ExecuteExternalTool /Applications/Xcode.app/Contents/Developer/Toolchains/XcodeDefault.xctoolchain/usr/bin/clang -v -E -dM -isysroot /Applications/Xcode.app/Contents/Developer/Platforms/iPhoneOS.platform/Developer/SDKs/iPhoneOS18.5.sdk -x c -c /dev/null

ExecuteExternalTool /Applications/Xcode.app/Contents/Developer/usr/bin/actool --version --output-format xml1

ExecuteExternalTool /Applications/Xcode.app/Contents/Developer/Toolchains/XcodeDefault.xctoolchain/usr/bin/clang -v -E -dM -isysroot /Applications/Xcode.app/Contents/Developer/Platforms/MacOSX.platform/Developer/SDKs/MacOSX15.5.sdk -x c -c /dev/null

ExecuteExternalTool /Applications/Xcode.app/Contents/Developer/Toolchains/XcodeDefault.xctoolchain/usr/bin/clang -v -E -dM -arch arm64 -isysroot /Applications/Xcode.app/Contents/Developer/Platforms/iPhoneOS.platform/Developer/SDKs/iPhoneOS18.5.sdk -x c++ -c /dev/null

ExecuteExternalTool /Applications/Xcode.app/Contents/Developer/Toolchains/XcodeDefault.xctoolchain/usr/bin/ld -version_details

ReadFileContents /Applications/Xcode.app/Contents/Developer/Toolchains/XcodeDefault.xctoolchain/usr/share/docc/features.json

Build description signature: 9c5bfdbe74187c0bbb23f72204f75db3
Build description path: /Users/harishvishwakarma/Library/Developer/Xcode/DerivedData/Revolt-dharrjsambcimaaziudpvzjdcigm/Build/Intermediates.noindex/XCBuildData/9c5bfdbe74187c0bbb23f72204f75db3.xcbuilddata
ClangStatCache /Applications/Xcode.app/Contents/Developer/Toolchains/XcodeDefault.xctoolchain/usr/bin/clang-stat-cache /Applications/Xcode.app/Contents/Developer/Platforms/MacOSX.platform/Developer/SDKs/MacOSX15.5.sdk /Users/harishvishwakarma/Library/Developer/Xcode/DerivedData/SDKStatCaches.noindex/macosx15.5-24F74-8254517eb8b97d462ccbc072ba9094c9.sdkstatcache
    cd /Users/harishvishwakarma/Handy/Archem/pepchat-ios/Revolt.xcodeproj
    /Applications/Xcode.app/Contents/Developer/Toolchains/XcodeDefault.xctoolchain/usr/bin/clang-stat-cache /Applications/Xcode.app/Contents/Developer/Platforms/MacOSX.platform/Developer/SDKs/MacOSX15.5.sdk -o /Users/harishvishwakarma/Library/Developer/Xcode/DerivedData/SDKStatCaches.noindex/macosx15.5-24F74-8254517eb8b97d462ccbc072ba9094c9.sdkstatcache

ClangStatCache /Applications/Xcode.app/Contents/Developer/Toolchains/XcodeDefault.xctoolchain/usr/bin/clang-stat-cache /Applications/Xcode.app/Contents/Developer/Platforms/iPhoneOS.platform/Developer/SDKs/iPhoneOS18.5.sdk /Users/harishvishwakarma/Library/Developer/Xcode/DerivedData/SDKStatCaches.noindex/iphoneos18.5-22F76-7fa4eea80a99bbfdc046826b63ec4baf.sdkstatcache
    cd /Users/harishvishwakarma/Handy/Archem/pepchat-ios/Revolt.xcodeproj
    /Applications/Xcode.app/Contents/Developer/Toolchains/XcodeDefault.xctoolchain/usr/bin/clang-stat-cache /Applications/Xcode.app/Contents/Developer/Platforms/iPhoneOS.platform/Developer/SDKs/iPhoneOS18.5.sdk -o /Users/harishvishwakarma/Library/Developer/Xcode/DerivedData/SDKStatCaches.noindex/iphoneos18.5-22F76-7fa4eea80a99bbfdc046826b63ec4baf.sdkstatcache

CreateBuildDirectory /Users/harishvishwakarma/Library/Developer/Xcode/DerivedData/Revolt-dharrjsambcimaaziudpvzjdcigm/Build/Products
    cd /Users/harishvishwakarma/Handy/Archem/pepchat-ios/Revolt.xcodeproj
    builtin-create-build-directory /Users/harishvishwakarma/Library/Developer/Xcode/DerivedData/Revolt-dharrjsambcimaaziudpvzjdcigm/Build/Products

CreateBuildDirectory /Users/harishvishwakarma/Library/Developer/Xcode/DerivedData/Revolt-dharrjsambcimaaziudpvzjdcigm/Build/Intermediates.noindex
    cd /Users/harishvishwakarma/Handy/Archem/pepchat-ios/Revolt.xcodeproj
    builtin-create-build-directory /Users/harishvishwakarma/Library/Developer/Xcode/DerivedData/Revolt-dharrjsambcimaaziudpvzjdcigm/Build/Intermediates.noindex

CreateBuildDirectory /Users/harishvishwakarma/Library/Developer/Xcode/DerivedData/Revolt-dharrjsambcimaaziudpvzjdcigm/Build/Products/Debug
    cd /Users/harishvishwakarma/Handy/Archem/pepchat-ios/Revolt.xcodeproj
    builtin-create-build-directory /Users/harishvishwakarma/Library/Developer/Xcode/DerivedData/Revolt-dharrjsambcimaaziudpvzjdcigm/Build/Products/Debug

CreateBuildDirectory /Users/harishvishwakarma/Library/Developer/Xcode/DerivedData/Revolt-dharrjsambcimaaziudpvzjdcigm/Build/Products/Debug-iphoneos
    cd /Users/harishvishwakarma/Handy/Archem/pepchat-ios/Revolt.xcodeproj
    builtin-create-build-directory /Users/harishvishwakarma/Library/Developer/Xcode/DerivedData/Revolt-dharrjsambcimaaziudpvzjdcigm/Build/Products/Debug-iphoneos

CreateBuildDirectory /Users/harishvishwakarma/Library/Developer/Xcode/DerivedData/Revolt-dharrjsambcimaaziudpvzjdcigm/Build/Intermediates.noindex/EagerLinkingTBDs/Debug
    cd /Users/harishvishwakarma/Handy/Archem/pepchat-ios/Revolt.xcodeproj
    builtin-create-build-directory /Users/harishvishwakarma/Library/Developer/Xcode/DerivedData/Revolt-dharrjsambcimaaziudpvzjdcigm/Build/Intermediates.noindex/EagerLinkingTBDs/Debug

CreateBuildDirectory /Users/harishvishwakarma/Library/Developer/Xcode/DerivedData/Revolt-dharrjsambcimaaziudpvzjdcigm/Build/Intermediates.noindex/EagerLinkingTBDs/Debug-iphoneos
    cd /Users/harishvishwakarma/Handy/Archem/pepchat-ios/Revolt.xcodeproj
    builtin-create-build-directory /Users/harishvishwakarma/Library/Developer/Xcode/DerivedData/Revolt-dharrjsambcimaaziudpvzjdcigm/Build/Intermediates.noindex/EagerLinkingTBDs/Debug-iphoneos

WriteAuxiliaryFile /Users/harishvishwakarma/Library/Developer/Xcode/DerivedData/Revolt-dharrjsambcimaaziudpvzjdcigm/Build/Intermediates.noindex/Revolt.build/Debug-iphoneos/Revolt-964562c4cdd9c16033e74e924d17ebc5-VFS-iphoneos/all-product-headers.yaml
    cd /Users/harishvishwakarma/Handy/Archem/pepchat-ios/Revolt.xcodeproj
    write-file /Users/harishvishwakarma/Library/Developer/Xcode/DerivedData/Revolt-dharrjsambcimaaziudpvzjdcigm/Build/Intermediates.noindex/Revolt.build/Debug-iphoneos/Revolt-964562c4cdd9c16033e74e924d17ebc5-VFS-iphoneos/all-product-headers.yaml

CreateBuildDirectory /Users/harishvishwakarma/Library/Developer/Xcode/DerivedData/Revolt-dharrjsambcimaaziudpvzjdcigm/Build/Products/Debug/PackageFrameworks
    cd /Users/harishvishwakarma/Handy/Archem/pepchat-ios/Revolt.xcodeproj
    builtin-create-build-directory /Users/harishvishwakarma/Library/Developer/Xcode/DerivedData/Revolt-dharrjsambcimaaziudpvzjdcigm/Build/Products/Debug/PackageFrameworks

CreateBuildDirectory /Users/harishvishwakarma/Library/Developer/Xcode/DerivedData/Revolt-dharrjsambcimaaziudpvzjdcigm/Build/Products/Debug-iphoneos/PackageFrameworks
    cd /Users/harishvishwakarma/Handy/Archem/pepchat-ios/Revolt.xcodeproj
    builtin-create-build-directory /Users/harishvishwakarma/Library/Developer/Xcode/DerivedData/Revolt-dharrjsambcimaaziudpvzjdcigm/Build/Products/Debug-iphoneos/PackageFrameworks

WriteAuxiliaryFile /Users/harishvishwakarma/Library/Developer/Xcode/DerivedData/Revolt-dharrjsambcimaaziudpvzjdcigm/Build/Intermediates.noindex/swift-syntax.build/Debug/SwiftSyntaxMacroExpansion.build/SwiftSyntaxMacroExpansion.DependencyMetadataFileList (in target 'SwiftSyntaxMacroExpansion' from project 'swift-syntax')
    cd /Users/harishvishwakarma/Library/Developer/Xcode/DerivedData/Revolt-dharrjsambcimaaziudpvzjdcigm/SourcePackages/checkouts/swift-syntax
    write-file /Users/harishvishwakarma/Library/Developer/Xcode/DerivedData/Revolt-dharrjsambcimaaziudpvzjdcigm/Build/Intermediates.noindex/swift-syntax.build/Debug/SwiftSyntaxMacroExpansion.build/SwiftSyntaxMacroExpansion.DependencyMetadataFileList

WriteAuxiliaryFile /Users/harishvishwakarma/Library/Developer/Xcode/DerivedData/Revolt-dharrjsambcimaaziudpvzjdcigm/Build/Intermediates.noindex/swift-syntax.build/Debug/SwiftSyntaxMacroExpansion.build/SwiftSyntaxMacroExpansion.modulemap (in target 'SwiftSyntaxMacroExpansion' from project 'swift-syntax')
    cd /Users/harishvishwakarma/Library/Developer/Xcode/DerivedData/Revolt-dharrjsambcimaaziudpvzjdcigm/SourcePackages/checkouts/swift-syntax
    write-file /Users/harishvishwakarma/Library/Developer/Xcode/DerivedData/Revolt-dharrjsambcimaaziudpvzjdcigm/Build/Intermediates.noindex/swift-syntax.build/Debug/SwiftSyntaxMacroExpansion.build/SwiftSyntaxMacroExpansion.modulemap

WriteAuxiliaryFile /Users/harishvishwakarma/Library/Developer/Xcode/DerivedData/Revolt-dharrjsambcimaaziudpvzjdcigm/Build/Intermediates.noindex/swift-syntax.build/Debug/SwiftSyntaxMacroExpansion.build/SwiftSyntaxMacroExpansion.DependencyStaticMetadataFileList (in target 'SwiftSyntaxMacroExpansion' from project 'swift-syntax')
    cd /Users/harishvishwakarma/Library/Developer/Xcode/DerivedData/Revolt-dharrjsambcimaaziudpvzjdcigm/SourcePackages/checkouts/swift-syntax
    write-file /Users/harishvishwakarma/Library/Developer/Xcode/DerivedData/Revolt-dharrjsambcimaaziudpvzjdcigm/Build/Intermediates.noindex/swift-syntax.build/Debug/SwiftSyntaxMacroExpansion.build/SwiftSyntaxMacroExpansion.DependencyStaticMetadataFileList

WriteAuxiliaryFile /Users/harishvishwakarma/Library/Developer/Xcode/DerivedData/Revolt-dharrjsambcimaaziudpvzjdcigm/Build/Intermediates.noindex/swift-syntax.build/Debug/SwiftSyntaxMacroExpansion.build/Objects-normal/arm64/SwiftSyntaxMacroExpansion_const_extract_protocols.json (in target 'SwiftSyntaxMacroExpansion' from project 'swift-syntax')
    cd /Users/harishvishwakarma/Library/Developer/Xcode/DerivedData/Revolt-dharrjsambcimaaziudpvzjdcigm/SourcePackages/checkouts/swift-syntax
    write-file /Users/harishvishwakarma/Library/Developer/Xcode/DerivedData/Revolt-dharrjsambcimaaziudpvzjdcigm/Build/Intermediates.noindex/swift-syntax.build/Debug/SwiftSyntaxMacroExpansion.build/Objects-normal/arm64/SwiftSyntaxMacroExpansion_const_extract_protocols.json

WriteAuxiliaryFile /Users/harishvishwakarma/Library/Developer/Xcode/DerivedData/Revolt-dharrjsambcimaaziudpvzjdcigm/Build/Intermediates.noindex/swift-syntax.build/Debug/SwiftSyntaxMacroExpansion.build/Objects-normal/x86_64/SwiftSyntaxMacroExpansion.SwiftConstValuesFileList (in target 'SwiftSyntaxMacroExpansion' from project 'swift-syntax')
    cd /Users/harishvishwakarma/Library/Developer/Xcode/DerivedData/Revolt-dharrjsambcimaaziudpvzjdcigm/SourcePackages/checkouts/swift-syntax
    write-file /Users/harishvishwakarma/Library/Developer/Xcode/DerivedData/Revolt-dharrjsambcimaaziudpvzjdcigm/Build/Intermediates.noindex/swift-syntax.build/Debug/SwiftSyntaxMacroExpansion.build/Objects-normal/x86_64/SwiftSyntaxMacroExpansion.SwiftConstValuesFileList

WriteAuxiliaryFile /Users/harishvishwakarma/Library/Developer/Xcode/DerivedData/Revolt-dharrjsambcimaaziudpvzjdcigm/Build/Intermediates.noindex/swift-syntax.build/Debug/SwiftSyntaxMacroExpansion.build/Objects-normal/x86_64/SwiftSyntaxMacroExpansion.LinkFileList (in target 'SwiftSyntaxMacroExpansion' from project 'swift-syntax')
    cd /Users/harishvishwakarma/Library/Developer/Xcode/DerivedData/Revolt-dharrjsambcimaaziudpvzjdcigm/SourcePackages/checkouts/swift-syntax
    write-file /Users/harishvishwakarma/Library/Developer/Xcode/DerivedData/Revolt-dharrjsambcimaaziudpvzjdcigm/Build/Intermediates.noindex/swift-syntax.build/Debug/SwiftSyntaxMacroExpansion.build/Objects-normal/x86_64/SwiftSyntaxMacroExpansion.LinkFileList

WriteAuxiliaryFile /Users/harishvishwakarma/Library/Developer/Xcode/DerivedData/Revolt-dharrjsambcimaaziudpvzjdcigm/Build/Intermediates.noindex/swift-syntax.build/Debug/SwiftSyntaxMacroExpansion.build/Objects-normal/x86_64/SwiftSyntaxMacroExpansion.SwiftFileList (in target 'SwiftSyntaxMacroExpansion' from project 'swift-syntax')
    cd /Users/harishvishwakarma/Library/Developer/Xcode/DerivedData/Revolt-dharrjsambcimaaziudpvzjdcigm/SourcePackages/checkouts/swift-syntax
    write-file /Users/harishvishwakarma/Library/Developer/Xcode/DerivedData/Revolt-dharrjsambcimaaziudpvzjdcigm/Build/Intermediates.noindex/swift-syntax.build/Debug/SwiftSyntaxMacroExpansion.build/Objects-normal/x86_64/SwiftSyntaxMacroExpansion.SwiftFileList

WriteAuxiliaryFile /Users/harishvishwakarma/Library/Developer/Xcode/DerivedData/Revolt-dharrjsambcimaaziudpvzjdcigm/Build/Intermediates.noindex/swift-syntax.build/Debug/SwiftSyntaxMacroExpansion.build/Objects-normal/x86_64/SwiftSyntaxMacroExpansion_const_extract_protocols.json (in target 'SwiftSyntaxMacroExpansion' from project 'swift-syntax')
    cd /Users/harishvishwakarma/Library/Developer/Xcode/DerivedData/Revolt-dharrjsambcimaaziudpvzjdcigm/SourcePackages/checkouts/swift-syntax
    write-file /Users/harishvishwakarma/Library/Developer/Xcode/DerivedData/Revolt-dharrjsambcimaaziudpvzjdcigm/Build/Intermediates.noindex/swift-syntax.build/Debug/SwiftSyntaxMacroExpansion.build/Objects-normal/x86_64/SwiftSyntaxMacroExpansion_const_extract_protocols.json

WriteAuxiliaryFile /Users/harishvishwakarma/Library/Developer/Xcode/DerivedData/Revolt-dharrjsambcimaaziudpvzjdcigm/Build/Intermediates.noindex/swift-syntax.build/Debug/SwiftSyntaxMacroExpansion.build/Objects-normal/arm64/SwiftSyntaxMacroExpansion-OutputFileMap.json (in target 'SwiftSyntaxMacroExpansion' from project 'swift-syntax')
    cd /Users/harishvishwakarma/Library/Developer/Xcode/DerivedData/Revolt-dharrjsambcimaaziudpvzjdcigm/SourcePackages/checkouts/swift-syntax
    write-file /Users/harishvishwakarma/Library/Developer/Xcode/DerivedData/Revolt-dharrjsambcimaaziudpvzjdcigm/Build/Intermediates.noindex/swift-syntax.build/Debug/SwiftSyntaxMacroExpansion.build/Objects-normal/arm64/SwiftSyntaxMacroExpansion-OutputFileMap.json

WriteAuxiliaryFile /Users/harishvishwakarma/Library/Developer/Xcode/DerivedData/Revolt-dharrjsambcimaaziudpvzjdcigm/Build/Intermediates.noindex/swift-syntax.build/Debug/SwiftSyntaxMacroExpansion.build/Objects-normal/x86_64/SwiftSyntaxMacroExpansion-OutputFileMap.json (in target 'SwiftSyntaxMacroExpansion' from project 'swift-syntax')
    cd /Users/harishvishwakarma/Library/Developer/Xcode/DerivedData/Revolt-dharrjsambcimaaziudpvzjdcigm/SourcePackages/checkouts/swift-syntax
    write-file /Users/harishvishwakarma/Library/Developer/Xcode/DerivedData/Revolt-dharrjsambcimaaziudpvzjdcigm/Build/Intermediates.noindex/swift-syntax.build/Debug/SwiftSyntaxMacroExpansion.build/Objects-normal/x86_64/SwiftSyntaxMacroExpansion-OutputFileMap.json

WriteAuxiliaryFile /Users/harishvishwakarma/Library/Developer/Xcode/DerivedData/Revolt-dharrjsambcimaaziudpvzjdcigm/Build/Intermediates.noindex/Down.build/Debug-iphoneos/libcmark.build/libcmark.modulemap (in target 'libcmark' from project 'Down')
    cd /Users/harishvishwakarma/Library/Developer/Xcode/DerivedData/Revolt-dharrjsambcimaaziudpvzjdcigm/SourcePackages/checkouts/Down
    write-file /Users/harishvishwakarma/Library/Developer/Xcode/DerivedData/Revolt-dharrjsambcimaaziudpvzjdcigm/Build/Intermediates.noindex/Down.build/Debug-iphoneos/libcmark.build/libcmark.modulemap

WriteAuxiliaryFile /Users/harishvishwakarma/Library/Developer/Xcode/DerivedData/Revolt-dharrjsambcimaaziudpvzjdcigm/Build/Intermediates.noindex/Down.build/Debug-iphoneos/libcmark.build/libcmark.DependencyStaticMetadataFileList (in target 'libcmark' from project 'Down')
    cd /Users/harishvishwakarma/Library/Developer/Xcode/DerivedData/Revolt-dharrjsambcimaaziudpvzjdcigm/SourcePackages/checkouts/Down
    write-file /Users/harishvishwakarma/Library/Developer/Xcode/DerivedData/Revolt-dharrjsambcimaaziudpvzjdcigm/Build/Intermediates.noindex/Down.build/Debug-iphoneos/libcmark.build/libcmark.DependencyStaticMetadataFileList

WriteAuxiliaryFile /Users/harishvishwakarma/Library/Developer/Xcode/DerivedData/Revolt-dharrjsambcimaaziudpvzjdcigm/Build/Intermediates.noindex/Down.build/Debug-iphoneos/libcmark.build/libcmark.DependencyMetadataFileList (in target 'libcmark' from project 'Down')
    cd /Users/harishvishwakarma/Library/Developer/Xcode/DerivedData/Revolt-dharrjsambcimaaziudpvzjdcigm/SourcePackages/checkouts/Down
    write-file /Users/harishvishwakarma/Library/Developer/Xcode/DerivedData/Revolt-dharrjsambcimaaziudpvzjdcigm/Build/Intermediates.noindex/Down.build/Debug-iphoneos/libcmark.build/libcmark.DependencyMetadataFileList

WriteAuxiliaryFile /Users/harishvishwakarma/Library/Developer/Xcode/DerivedData/Revolt-dharrjsambcimaaziudpvzjdcigm/Build/Intermediates.noindex/Down.build/Debug-iphoneos/libcmark.build/Objects-normal/arm64/libcmark.LinkFileList (in target 'libcmark' from project 'Down')
    cd /Users/harishvishwakarma/Library/Developer/Xcode/DerivedData/Revolt-dharrjsambcimaaziudpvzjdcigm/SourcePackages/checkouts/Down
    write-file /Users/harishvishwakarma/Library/Developer/Xcode/DerivedData/Revolt-dharrjsambcimaaziudpvzjdcigm/Build/Intermediates.noindex/Down.build/Debug-iphoneos/libcmark.build/Objects-normal/arm64/libcmark.LinkFileList

WriteAuxiliaryFile /Users/harishvishwakarma/Library/Developer/Xcode/DerivedData/Revolt-dharrjsambcimaaziudpvzjdcigm/Build/Intermediates.noindex/Down.build/Debug-iphoneos/libcmark.build/Objects-normal/arm64/7187679823f38a2a940e0043cdf9d637-common-args.resp (in target 'libcmark' from project 'Down')
    cd /Users/harishvishwakarma/Library/Developer/Xcode/DerivedData/Revolt-dharrjsambcimaaziudpvzjdcigm/SourcePackages/checkouts/Down
    write-file /Users/harishvishwakarma/Library/Developer/Xcode/DerivedData/Revolt-dharrjsambcimaaziudpvzjdcigm/Build/Intermediates.noindex/Down.build/Debug-iphoneos/libcmark.build/Objects-normal/arm64/7187679823f38a2a940e0043cdf9d637-common-args.resp
-target arm64-apple-ios12.0 -fmodules -gmodules '-fmodules-cache-path=/Users/harishvishwakarma/Library/Developer/Xcode/DerivedData/ModuleCache.noindex' '-fmodule-name=libcmark' -fpascal-strings -O0 -DSWIFT_PACKAGE '-DDEBUG=1' -isysroot /Applications/Xcode.app/Contents/Developer/Platforms/iPhoneOS.platform/Developer/SDKs/iPhoneOS18.5.sdk -g -I/Users/harishvishwakarma/Library/Developer/Xcode/DerivedData/Revolt-dharrjsambcimaaziudpvzjdcigm/Build/Products/Debug-iphoneos/include -I/Users/harishvishwakarma/Library/Developer/Xcode/DerivedData/Revolt-dharrjsambcimaaziudpvzjdcigm/SourcePackages/checkouts/Down/Sources/cmark -I/Users/harishvishwakarma/Library/Developer/Xcode/DerivedData/Revolt-dharrjsambcimaaziudpvzjdcigm/Build/Intermediates.noindex/Down.build/Debug-iphoneos/libcmark.build/DerivedSources-normal/arm64 -I/Users/harishvishwakarma/Library/Developer/Xcode/DerivedData/Revolt-dharrjsambcimaaziudpvzjdcigm/Build/Intermediates.noindex/Down.build/Debug-iphoneos/libcmark.build/DerivedSources/arm64 -I/Users/harishvishwakarma/Library/Developer/Xcode/DerivedData/Revolt-dharrjsambcimaaziudpvzjdcigm/Build/Intermediates.noindex/Down.build/Debug-iphoneos/libcmark.build/DerivedSources -F/Users/harishvishwakarma/Library/Developer/Xcode/DerivedData/Revolt-dharrjsambcimaaziudpvzjdcigm/Build/Products/Debug-iphoneos -iframework /Applications/Xcode.app/Contents/Developer/Platforms/iPhoneOS.platform/Developer/Library/Frameworks -iframework /Applications/Xcode.app/Contents/Developer/Platforms/iPhoneOS.platform/Developer/SDKs/iPhoneOS18.5.sdk/Developer/Library/Frameworks -DXcode

WriteAuxiliaryFile /Users/harishvishwakarma/Library/Developer/Xcode/DerivedData/Revolt-dharrjsambcimaaziudpvzjdcigm/Build/Intermediates.noindex/swift-collections.build/Debug-iphoneos/_RopeModule.build/_RopeModule.modulemap (in target '_RopeModule' from project 'swift-collections')
    cd /Users/harishvishwakarma/Library/Developer/Xcode/DerivedData/Revolt-dharrjsambcimaaziudpvzjdcigm/SourcePackages/checkouts/swift-collections
    write-file /Users/harishvishwakarma/Library/Developer/Xcode/DerivedData/Revolt-dharrjsambcimaaziudpvzjdcigm/Build/Intermediates.noindex/swift-collections.build/Debug-iphoneos/_RopeModule.build/_RopeModule.modulemap

WriteAuxiliaryFile /Users/harishvishwakarma/Library/Developer/Xcode/DerivedData/Revolt-dharrjsambcimaaziudpvzjdcigm/Build/Intermediates.noindex/swift-collections.build/Debug-iphoneos/_RopeModule.build/_RopeModule.DependencyStaticMetadataFileList (in target '_RopeModule' from project 'swift-collections')
    cd /Users/harishvishwakarma/Library/Developer/Xcode/DerivedData/Revolt-dharrjsambcimaaziudpvzjdcigm/SourcePackages/checkouts/swift-collections
    write-file /Users/harishvishwakarma/Library/Developer/Xcode/DerivedData/Revolt-dharrjsambcimaaziudpvzjdcigm/Build/Intermediates.noindex/swift-collections.build/Debug-iphoneos/_RopeModule.build/_RopeModule.DependencyStaticMetadataFileList

WriteAuxiliaryFile /Users/harishvishwakarma/Library/Developer/Xcode/DerivedData/Revolt-dharrjsambcimaaziudpvzjdcigm/Build/Intermediates.noindex/swift-collections.build/Debug-iphoneos/_RopeModule.build/_RopeModule.DependencyMetadataFileList (in target '_RopeModule' from project 'swift-collections')
    cd /Users/harishvishwakarma/Library/Developer/Xcode/DerivedData/Revolt-dharrjsambcimaaziudpvzjdcigm/SourcePackages/checkouts/swift-collections
    write-file /Users/harishvishwakarma/Library/Developer/Xcode/DerivedData/Revolt-dharrjsambcimaaziudpvzjdcigm/Build/Intermediates.noindex/swift-collections.build/Debug-iphoneos/_RopeModule.build/_RopeModule.DependencyMetadataFileList

WriteAuxiliaryFile /Users/harishvishwakarma/Library/Developer/Xcode/DerivedData/Revolt-dharrjsambcimaaziudpvzjdcigm/Build/Intermediates.noindex/swift-collections.build/Debug-iphoneos/_RopeModule.build/Objects-normal/arm64/_RopeModule_const_extract_protocols.json (in target '_RopeModule' from project 'swift-collections')
    cd /Users/harishvishwakarma/Library/Developer/Xcode/DerivedData/Revolt-dharrjsambcimaaziudpvzjdcigm/SourcePackages/checkouts/swift-collections
    write-file /Users/harishvishwakarma/Library/Developer/Xcode/DerivedData/Revolt-dharrjsambcimaaziudpvzjdcigm/Build/Intermediates.noindex/swift-collections.build/Debug-iphoneos/_RopeModule.build/Objects-normal/arm64/_RopeModule_const_extract_protocols.json

WriteAuxiliaryFile /Users/harishvishwakarma/Library/Developer/Xcode/DerivedData/Revolt-dharrjsambcimaaziudpvzjdcigm/Build/Intermediates.noindex/swift-collections.build/Debug-iphoneos/_RopeModule.build/Objects-normal/arm64/_RopeModule.SwiftFileList (in target '_RopeModule' from project 'swift-collections')
    cd /Users/harishvishwakarma/Library/Developer/Xcode/DerivedData/Revolt-dharrjsambcimaaziudpvzjdcigm/SourcePackages/checkouts/swift-collections
    write-file /Users/harishvishwakarma/Library/Developer/Xcode/DerivedData/Revolt-dharrjsambcimaaziudpvzjdcigm/Build/Intermediates.noindex/swift-collections.build/Debug-iphoneos/_RopeModule.build/Objects-normal/arm64/_RopeModule.SwiftFileList

WriteAuxiliaryFile /Users/harishvishwakarma/Library/Developer/Xcode/DerivedData/Revolt-dharrjsambcimaaziudpvzjdcigm/Build/Intermediates.noindex/swift-collections.build/Debug-iphoneos/_RopeModule.build/Objects-normal/arm64/_RopeModule.SwiftConstValuesFileList (in target '_RopeModule' from project 'swift-collections')
    cd /Users/harishvishwakarma/Library/Developer/Xcode/DerivedData/Revolt-dharrjsambcimaaziudpvzjdcigm/SourcePackages/checkouts/swift-collections
    write-file /Users/harishvishwakarma/Library/Developer/Xcode/DerivedData/Revolt-dharrjsambcimaaziudpvzjdcigm/Build/Intermediates.noindex/swift-collections.build/Debug-iphoneos/_RopeModule.build/Objects-normal/arm64/_RopeModule.SwiftConstValuesFileList

WriteAuxiliaryFile /Users/harishvishwakarma/Library/Developer/Xcode/DerivedData/Revolt-dharrjsambcimaaziudpvzjdcigm/Build/Intermediates.noindex/swift-collections.build/Debug-iphoneos/_RopeModule.build/Objects-normal/arm64/_RopeModule.LinkFileList (in target '_RopeModule' from project 'swift-collections')
    cd /Users/harishvishwakarma/Library/Developer/Xcode/DerivedData/Revolt-dharrjsambcimaaziudpvzjdcigm/SourcePackages/checkouts/swift-collections
    write-file /Users/harishvishwakarma/Library/Developer/Xcode/DerivedData/Revolt-dharrjsambcimaaziudpvzjdcigm/Build/Intermediates.noindex/swift-collections.build/Debug-iphoneos/_RopeModule.build/Objects-normal/arm64/_RopeModule.LinkFileList

WriteAuxiliaryFile /Users/harishvishwakarma/Library/Developer/Xcode/DerivedData/Revolt-dharrjsambcimaaziudpvzjdcigm/Build/Intermediates.noindex/swift-collections.build/Debug-iphoneos/_RopeModule.build/Objects-normal/arm64/_RopeModule-OutputFileMap.json (in target '_RopeModule' from project 'swift-collections')
    cd /Users/harishvishwakarma/Library/Developer/Xcode/DerivedData/Revolt-dharrjsambcimaaziudpvzjdcigm/SourcePackages/checkouts/swift-collections
    write-file /Users/harishvishwakarma/Library/Developer/Xcode/DerivedData/Revolt-dharrjsambcimaaziudpvzjdcigm/Build/Intermediates.noindex/swift-collections.build/Debug-iphoneos/_RopeModule.build/Objects-normal/arm64/_RopeModule-OutputFileMap.json

WriteAuxiliaryFile /Users/harishvishwakarma/Library/Developer/Xcode/DerivedData/Revolt-dharrjsambcimaaziudpvzjdcigm/Build/Intermediates.noindex/xctest-dynamic-overlay.build/Debug-iphoneos/XCTestDynamicOverlay.build/XCTestDynamicOverlay.modulemap (in target 'XCTestDynamicOverlay' from project 'xctest-dynamic-overlay')
    cd /Users/harishvishwakarma/Library/Developer/Xcode/DerivedData/Revolt-dharrjsambcimaaziudpvzjdcigm/SourcePackages/checkouts/xctest-dynamic-overlay
    write-file /Users/harishvishwakarma/Library/Developer/Xcode/DerivedData/Revolt-dharrjsambcimaaziudpvzjdcigm/Build/Intermediates.noindex/xctest-dynamic-overlay.build/Debug-iphoneos/XCTestDynamicOverlay.build/XCTestDynamicOverlay.modulemap

WriteAuxiliaryFile /Users/harishvishwakarma/Library/Developer/Xcode/DerivedData/Revolt-dharrjsambcimaaziudpvzjdcigm/Build/Intermediates.noindex/xctest-dynamic-overlay.build/Debug-iphoneos/XCTestDynamicOverlay.build/XCTestDynamicOverlay.DependencyStaticMetadataFileList (in target 'XCTestDynamicOverlay' from project 'xctest-dynamic-overlay')
    cd /Users/harishvishwakarma/Library/Developer/Xcode/DerivedData/Revolt-dharrjsambcimaaziudpvzjdcigm/SourcePackages/checkouts/xctest-dynamic-overlay
    write-file /Users/harishvishwakarma/Library/Developer/Xcode/DerivedData/Revolt-dharrjsambcimaaziudpvzjdcigm/Build/Intermediates.noindex/xctest-dynamic-overlay.build/Debug-iphoneos/XCTestDynamicOverlay.build/XCTestDynamicOverlay.DependencyStaticMetadataFileList

WriteAuxiliaryFile /Users/harishvishwakarma/Library/Developer/Xcode/DerivedData/Revolt-dharrjsambcimaaziudpvzjdcigm/Build/Intermediates.noindex/xctest-dynamic-overlay.build/Debug-iphoneos/XCTestDynamicOverlay.build/XCTestDynamicOverlay.DependencyMetadataFileList (in target 'XCTestDynamicOverlay' from project 'xctest-dynamic-overlay')
    cd /Users/harishvishwakarma/Library/Developer/Xcode/DerivedData/Revolt-dharrjsambcimaaziudpvzjdcigm/SourcePackages/checkouts/xctest-dynamic-overlay
    write-file /Users/harishvishwakarma/Library/Developer/Xcode/DerivedData/Revolt-dharrjsambcimaaziudpvzjdcigm/Build/Intermediates.noindex/xctest-dynamic-overlay.build/Debug-iphoneos/XCTestDynamicOverlay.build/XCTestDynamicOverlay.DependencyMetadataFileList

WriteAuxiliaryFile /Users/harishvishwakarma/Library/Developer/Xcode/DerivedData/Revolt-dharrjsambcimaaziudpvzjdcigm/Build/Intermediates.noindex/xctest-dynamic-overlay.build/Debug-iphoneos/XCTestDynamicOverlay.build/Objects-normal/arm64/XCTestDynamicOverlay_const_extract_protocols.json (in target 'XCTestDynamicOverlay' from project 'xctest-dynamic-overlay')
    cd /Users/harishvishwakarma/Library/Developer/Xcode/DerivedData/Revolt-dharrjsambcimaaziudpvzjdcigm/SourcePackages/checkouts/xctest-dynamic-overlay
    write-file /Users/harishvishwakarma/Library/Developer/Xcode/DerivedData/Revolt-dharrjsambcimaaziudpvzjdcigm/Build/Intermediates.noindex/xctest-dynamic-overlay.build/Debug-iphoneos/XCTestDynamicOverlay.build/Objects-normal/arm64/XCTestDynamicOverlay_const_extract_protocols.json

WriteAuxiliaryFile /Users/harishvishwakarma/Library/Developer/Xcode/DerivedData/Revolt-dharrjsambcimaaziudpvzjdcigm/Build/Intermediates.noindex/xctest-dynamic-overlay.build/Debug-iphoneos/XCTestDynamicOverlay.build/Objects-normal/arm64/XCTestDynamicOverlay.SwiftFileList (in target 'XCTestDynamicOverlay' from project 'xctest-dynamic-overlay')
    cd /Users/harishvishwakarma/Library/Developer/Xcode/DerivedData/Revolt-dharrjsambcimaaziudpvzjdcigm/SourcePackages/checkouts/xctest-dynamic-overlay
    write-file /Users/harishvishwakarma/Library/Developer/Xcode/DerivedData/Revolt-dharrjsambcimaaziudpvzjdcigm/Build/Intermediates.noindex/xctest-dynamic-overlay.build/Debug-iphoneos/XCTestDynamicOverlay.build/Objects-normal/arm64/XCTestDynamicOverlay.SwiftFileList

WriteAuxiliaryFile /Users/harishvishwakarma/Library/Developer/Xcode/DerivedData/Revolt-dharrjsambcimaaziudpvzjdcigm/Build/Intermediates.noindex/xctest-dynamic-overlay.build/Debug-iphoneos/XCTestDynamicOverlay.build/Objects-normal/arm64/XCTestDynamicOverlay.SwiftConstValuesFileList (in target 'XCTestDynamicOverlay' from project 'xctest-dynamic-overlay')
    cd /Users/harishvishwakarma/Library/Developer/Xcode/DerivedData/Revolt-dharrjsambcimaaziudpvzjdcigm/SourcePackages/checkouts/xctest-dynamic-overlay
    write-file /Users/harishvishwakarma/Library/Developer/Xcode/DerivedData/Revolt-dharrjsambcimaaziudpvzjdcigm/Build/Intermediates.noindex/xctest-dynamic-overlay.build/Debug-iphoneos/XCTestDynamicOverlay.build/Objects-normal/arm64/XCTestDynamicOverlay.SwiftConstValuesFileList

WriteAuxiliaryFile /Users/harishvishwakarma/Library/Developer/Xcode/DerivedData/Revolt-dharrjsambcimaaziudpvzjdcigm/Build/Intermediates.noindex/xctest-dynamic-overlay.build/Debug-iphoneos/XCTestDynamicOverlay.build/Objects-normal/arm64/XCTestDynamicOverlay.LinkFileList (in target 'XCTestDynamicOverlay' from project 'xctest-dynamic-overlay')
    cd /Users/harishvishwakarma/Library/Developer/Xcode/DerivedData/Revolt-dharrjsambcimaaziudpvzjdcigm/SourcePackages/checkouts/xctest-dynamic-overlay
    write-file /Users/harishvishwakarma/Library/Developer/Xcode/DerivedData/Revolt-dharrjsambcimaaziudpvzjdcigm/Build/Intermediates.noindex/xctest-dynamic-overlay.build/Debug-iphoneos/XCTestDynamicOverlay.build/Objects-normal/arm64/XCTestDynamicOverlay.LinkFileList

WriteAuxiliaryFile /Users/harishvishwakarma/Library/Developer/Xcode/DerivedData/Revolt-dharrjsambcimaaziudpvzjdcigm/Build/Intermediates.noindex/xctest-dynamic-overlay.build/Debug-iphoneos/XCTestDynamicOverlay.build/Objects-normal/arm64/XCTestDynamicOverlay-OutputFileMap.json (in target 'XCTestDynamicOverlay' from project 'xctest-dynamic-overlay')
    cd /Users/harishvishwakarma/Library/Developer/Xcode/DerivedData/Revolt-dharrjsambcimaaziudpvzjdcigm/SourcePackages/checkouts/xctest-dynamic-overlay
    write-file /Users/harishvishwakarma/Library/Developer/Xcode/DerivedData/Revolt-dharrjsambcimaaziudpvzjdcigm/Build/Intermediates.noindex/xctest-dynamic-overlay.build/Debug-iphoneos/XCTestDynamicOverlay.build/Objects-normal/arm64/XCTestDynamicOverlay-OutputFileMap.json

WriteAuxiliaryFile /Users/harishvishwakarma/Library/Developer/Xcode/DerivedData/Revolt-dharrjsambcimaaziudpvzjdcigm/Build/Intermediates.noindex/ULID.swift.build/Debug-iphoneos/ULID.build/ULID.modulemap (in target 'ULID' from project 'ULID.swift')
    cd /Users/harishvishwakarma/Library/Developer/Xcode/DerivedData/Revolt-dharrjsambcimaaziudpvzjdcigm/SourcePackages/checkouts/ULID.swift
    write-file /Users/harishvishwakarma/Library/Developer/Xcode/DerivedData/Revolt-dharrjsambcimaaziudpvzjdcigm/Build/Intermediates.noindex/ULID.swift.build/Debug-iphoneos/ULID.build/ULID.modulemap

WriteAuxiliaryFile /Users/harishvishwakarma/Library/Developer/Xcode/DerivedData/Revolt-dharrjsambcimaaziudpvzjdcigm/Build/Intermediates.noindex/ULID.swift.build/Debug-iphoneos/ULID.build/ULID.DependencyStaticMetadataFileList (in target 'ULID' from project 'ULID.swift')
    cd /Users/harishvishwakarma/Library/Developer/Xcode/DerivedData/Revolt-dharrjsambcimaaziudpvzjdcigm/SourcePackages/checkouts/ULID.swift
    write-file /Users/harishvishwakarma/Library/Developer/Xcode/DerivedData/Revolt-dharrjsambcimaaziudpvzjdcigm/Build/Intermediates.noindex/ULID.swift.build/Debug-iphoneos/ULID.build/ULID.DependencyStaticMetadataFileList

WriteAuxiliaryFile /Users/harishvishwakarma/Library/Developer/Xcode/DerivedData/Revolt-dharrjsambcimaaziudpvzjdcigm/Build/Intermediates.noindex/ULID.swift.build/Debug-iphoneos/ULID.build/ULID.DependencyMetadataFileList (in target 'ULID' from project 'ULID.swift')
    cd /Users/harishvishwakarma/Library/Developer/Xcode/DerivedData/Revolt-dharrjsambcimaaziudpvzjdcigm/SourcePackages/checkouts/ULID.swift
    write-file /Users/harishvishwakarma/Library/Developer/Xcode/DerivedData/Revolt-dharrjsambcimaaziudpvzjdcigm/Build/Intermediates.noindex/ULID.swift.build/Debug-iphoneos/ULID.build/ULID.DependencyMetadataFileList

WriteAuxiliaryFile /Users/harishvishwakarma/Library/Developer/Xcode/DerivedData/Revolt-dharrjsambcimaaziudpvzjdcigm/Build/Intermediates.noindex/ULID.swift.build/Debug-iphoneos/ULID.build/Objects-normal/arm64/ULID_const_extract_protocols.json (in target 'ULID' from project 'ULID.swift')
    cd /Users/harishvishwakarma/Library/Developer/Xcode/DerivedData/Revolt-dharrjsambcimaaziudpvzjdcigm/SourcePackages/checkouts/ULID.swift
    write-file /Users/harishvishwakarma/Library/Developer/Xcode/DerivedData/Revolt-dharrjsambcimaaziudpvzjdcigm/Build/Intermediates.noindex/ULID.swift.build/Debug-iphoneos/ULID.build/Objects-normal/arm64/ULID_const_extract_protocols.json

WriteAuxiliaryFile /Users/harishvishwakarma/Library/Developer/Xcode/DerivedData/Revolt-dharrjsambcimaaziudpvzjdcigm/Build/Intermediates.noindex/ULID.swift.build/Debug-iphoneos/ULID.build/Objects-normal/arm64/ULID.SwiftFileList (in target 'ULID' from project 'ULID.swift')
    cd /Users/harishvishwakarma/Library/Developer/Xcode/DerivedData/Revolt-dharrjsambcimaaziudpvzjdcigm/SourcePackages/checkouts/ULID.swift
    write-file /Users/harishvishwakarma/Library/Developer/Xcode/DerivedData/Revolt-dharrjsambcimaaziudpvzjdcigm/Build/Intermediates.noindex/ULID.swift.build/Debug-iphoneos/ULID.build/Objects-normal/arm64/ULID.SwiftFileList

WriteAuxiliaryFile /Users/harishvishwakarma/Library/Developer/Xcode/DerivedData/Revolt-dharrjsambcimaaziudpvzjdcigm/Build/Intermediates.noindex/ULID.swift.build/Debug-iphoneos/ULID.build/Objects-normal/arm64/ULID.SwiftConstValuesFileList (in target 'ULID' from project 'ULID.swift')
    cd /Users/harishvishwakarma/Library/Developer/Xcode/DerivedData/Revolt-dharrjsambcimaaziudpvzjdcigm/SourcePackages/checkouts/ULID.swift
    write-file /Users/harishvishwakarma/Library/Developer/Xcode/DerivedData/Revolt-dharrjsambcimaaziudpvzjdcigm/Build/Intermediates.noindex/ULID.swift.build/Debug-iphoneos/ULID.build/Objects-normal/arm64/ULID.SwiftConstValuesFileList

WriteAuxiliaryFile /Users/harishvishwakarma/Library/Developer/Xcode/DerivedData/Revolt-dharrjsambcimaaziudpvzjdcigm/Build/Intermediates.noindex/ULID.swift.build/Debug-iphoneos/ULID.build/Objects-normal/arm64/ULID.LinkFileList (in target 'ULID' from project 'ULID.swift')
    cd /Users/harishvishwakarma/Library/Developer/Xcode/DerivedData/Revolt-dharrjsambcimaaziudpvzjdcigm/SourcePackages/checkouts/ULID.swift
    write-file /Users/harishvishwakarma/Library/Developer/Xcode/DerivedData/Revolt-dharrjsambcimaaziudpvzjdcigm/Build/Intermediates.noindex/ULID.swift.build/Debug-iphoneos/ULID.build/Objects-normal/arm64/ULID.LinkFileList

WriteAuxiliaryFile /Users/harishvishwakarma/Library/Developer/Xcode/DerivedData/Revolt-dharrjsambcimaaziudpvzjdcigm/Build/Intermediates.noindex/ULID.swift.build/Debug-iphoneos/ULID.build/Objects-normal/arm64/ULID-OutputFileMap.json (in target 'ULID' from project 'ULID.swift')
    cd /Users/harishvishwakarma/Library/Developer/Xcode/DerivedData/Revolt-dharrjsambcimaaziudpvzjdcigm/SourcePackages/checkouts/ULID.swift
    write-file /Users/harishvishwakarma/Library/Developer/Xcode/DerivedData/Revolt-dharrjsambcimaaziudpvzjdcigm/Build/Intermediates.noindex/ULID.swift.build/Debug-iphoneos/ULID.build/Objects-normal/arm64/ULID-OutputFileMap.json

WriteAuxiliaryFile /Users/harishvishwakarma/Library/Developer/Xcode/DerivedData/Revolt-dharrjsambcimaaziudpvzjdcigm/Build/Intermediates.noindex/Revolt.build/Debug-iphoneos/Types.build/empty-Types.plist (in target 'Types' from project 'Revolt')
    cd /Users/harishvishwakarma/Handy/Archem/pepchat-ios
    write-file /Users/harishvishwakarma/Library/Developer/Xcode/DerivedData/Revolt-dharrjsambcimaaziudpvzjdcigm/Build/Intermediates.noindex/Revolt.build/Debug-iphoneos/Types.build/empty-Types.plist

WriteAuxiliaryFile /Users/harishvishwakarma/Library/Developer/Xcode/DerivedData/Revolt-dharrjsambcimaaziudpvzjdcigm/Build/Intermediates.noindex/Revolt.build/Debug-iphoneos/Types.build/Types.hmap (in target 'Types' from project 'Revolt')
    cd /Users/harishvishwakarma/Handy/Archem/pepchat-ios
    write-file /Users/harishvishwakarma/Library/Developer/Xcode/DerivedData/Revolt-dharrjsambcimaaziudpvzjdcigm/Build/Intermediates.noindex/Revolt.build/Debug-iphoneos/Types.build/Types.hmap

WriteAuxiliaryFile /Users/harishvishwakarma/Library/Developer/Xcode/DerivedData/Revolt-dharrjsambcimaaziudpvzjdcigm/Build/Intermediates.noindex/Revolt.build/Debug-iphoneos/Types.build/Types.DependencyStaticMetadataFileList (in target 'Types' from project 'Revolt')
    cd /Users/harishvishwakarma/Handy/Archem/pepchat-ios
    write-file /Users/harishvishwakarma/Library/Developer/Xcode/DerivedData/Revolt-dharrjsambcimaaziudpvzjdcigm/Build/Intermediates.noindex/Revolt.build/Debug-iphoneos/Types.build/Types.DependencyStaticMetadataFileList

WriteAuxiliaryFile /Users/harishvishwakarma/Library/Developer/Xcode/DerivedData/Revolt-dharrjsambcimaaziudpvzjdcigm/Build/Intermediates.noindex/Revolt.build/Debug-iphoneos/Types.build/Types.DependencyMetadataFileList (in target 'Types' from project 'Revolt')
    cd /Users/harishvishwakarma/Handy/Archem/pepchat-ios
    write-file /Users/harishvishwakarma/Library/Developer/Xcode/DerivedData/Revolt-dharrjsambcimaaziudpvzjdcigm/Build/Intermediates.noindex/Revolt.build/Debug-iphoneos/Types.build/Types.DependencyMetadataFileList

WriteAuxiliaryFile /Users/harishvishwakarma/Library/Developer/Xcode/DerivedData/Revolt-dharrjsambcimaaziudpvzjdcigm/Build/Intermediates.noindex/Revolt.build/Debug-iphoneos/Types.build/Types-project-headers.hmap (in target 'Types' from project 'Revolt')
    cd /Users/harishvishwakarma/Handy/Archem/pepchat-ios
    write-file /Users/harishvishwakarma/Library/Developer/Xcode/DerivedData/Revolt-dharrjsambcimaaziudpvzjdcigm/Build/Intermediates.noindex/Revolt.build/Debug-iphoneos/Types.build/Types-project-headers.hmap

WriteAuxiliaryFile /Users/harishvishwakarma/Library/Developer/Xcode/DerivedData/Revolt-dharrjsambcimaaziudpvzjdcigm/Build/Intermediates.noindex/Revolt.build/Debug-iphoneos/Types.build/Types-own-target-headers.hmap (in target 'Types' from project 'Revolt')
    cd /Users/harishvishwakarma/Handy/Archem/pepchat-ios
    write-file /Users/harishvishwakarma/Library/Developer/Xcode/DerivedData/Revolt-dharrjsambcimaaziudpvzjdcigm/Build/Intermediates.noindex/Revolt.build/Debug-iphoneos/Types.build/Types-own-target-headers.hmap

WriteAuxiliaryFile /Users/harishvishwakarma/Library/Developer/Xcode/DerivedData/Revolt-dharrjsambcimaaziudpvzjdcigm/Build/Intermediates.noindex/Revolt.build/Debug-iphoneos/Types.build/Types-generated-files.hmap (in target 'Types' from project 'Revolt')
    cd /Users/harishvishwakarma/Handy/Archem/pepchat-ios
    write-file /Users/harishvishwakarma/Library/Developer/Xcode/DerivedData/Revolt-dharrjsambcimaaziudpvzjdcigm/Build/Intermediates.noindex/Revolt.build/Debug-iphoneos/Types.build/Types-generated-files.hmap

WriteAuxiliaryFile /Users/harishvishwakarma/Library/Developer/Xcode/DerivedData/Revolt-dharrjsambcimaaziudpvzjdcigm/Build/Intermediates.noindex/Revolt.build/Debug-iphoneos/Types.build/Types-all-target-headers.hmap (in target 'Types' from project 'Revolt')
    cd /Users/harishvishwakarma/Handy/Archem/pepchat-ios
    write-file /Users/harishvishwakarma/Library/Developer/Xcode/DerivedData/Revolt-dharrjsambcimaaziudpvzjdcigm/Build/Intermediates.noindex/Revolt.build/Debug-iphoneos/Types.build/Types-all-target-headers.hmap

WriteAuxiliaryFile /Users/harishvishwakarma/Library/Developer/Xcode/DerivedData/Revolt-dharrjsambcimaaziudpvzjdcigm/Build/Intermediates.noindex/Revolt.build/Debug-iphoneos/Types.build/Types-all-non-framework-target-headers.hmap (in target 'Types' from project 'Revolt')
    cd /Users/harishvishwakarma/Handy/Archem/pepchat-ios
    write-file /Users/harishvishwakarma/Library/Developer/Xcode/DerivedData/Revolt-dharrjsambcimaaziudpvzjdcigm/Build/Intermediates.noindex/Revolt.build/Debug-iphoneos/Types.build/Types-all-non-framework-target-headers.hmap

WriteAuxiliaryFile /Users/harishvishwakarma/Library/Developer/Xcode/DerivedData/Revolt-dharrjsambcimaaziudpvzjdcigm/Build/Intermediates.noindex/Revolt.build/Debug-iphoneos/Types.build/Objects-normal/arm64/Types_const_extract_protocols.json (in target 'Types' from project 'Revolt')
    cd /Users/harishvishwakarma/Handy/Archem/pepchat-ios
    write-file /Users/harishvishwakarma/Library/Developer/Xcode/DerivedData/Revolt-dharrjsambcimaaziudpvzjdcigm/Build/Intermediates.noindex/Revolt.build/Debug-iphoneos/Types.build/Objects-normal/arm64/Types_const_extract_protocols.json

WriteAuxiliaryFile /Users/harishvishwakarma/Library/Developer/Xcode/DerivedData/Revolt-dharrjsambcimaaziudpvzjdcigm/Build/Intermediates.noindex/Revolt.build/Debug-iphoneos/Types.build/Objects-normal/arm64/Types.SwiftFileList (in target 'Types' from project 'Revolt')
    cd /Users/harishvishwakarma/Handy/Archem/pepchat-ios
    write-file /Users/harishvishwakarma/Library/Developer/Xcode/DerivedData/Revolt-dharrjsambcimaaziudpvzjdcigm/Build/Intermediates.noindex/Revolt.build/Debug-iphoneos/Types.build/Objects-normal/arm64/Types.SwiftFileList

WriteAuxiliaryFile /Users/harishvishwakarma/Library/Developer/Xcode/DerivedData/Revolt-dharrjsambcimaaziudpvzjdcigm/Build/Intermediates.noindex/Revolt.build/Debug-iphoneos/Types.build/Objects-normal/arm64/Types.SwiftConstValuesFileList (in target 'Types' from project 'Revolt')
    cd /Users/harishvishwakarma/Handy/Archem/pepchat-ios
    write-file /Users/harishvishwakarma/Library/Developer/Xcode/DerivedData/Revolt-dharrjsambcimaaziudpvzjdcigm/Build/Intermediates.noindex/Revolt.build/Debug-iphoneos/Types.build/Objects-normal/arm64/Types.SwiftConstValuesFileList

WriteAuxiliaryFile /Users/harishvishwakarma/Library/Developer/Xcode/DerivedData/Revolt-dharrjsambcimaaziudpvzjdcigm/Build/Intermediates.noindex/Revolt.build/Debug-iphoneos/Types.build/Objects-normal/arm64/Types.LinkFileList (in target 'Types' from project 'Revolt')
    cd /Users/harishvishwakarma/Handy/Archem/pepchat-ios
    write-file /Users/harishvishwakarma/Library/Developer/Xcode/DerivedData/Revolt-dharrjsambcimaaziudpvzjdcigm/Build/Intermediates.noindex/Revolt.build/Debug-iphoneos/Types.build/Objects-normal/arm64/Types.LinkFileList

WriteAuxiliaryFile /Users/harishvishwakarma/Library/Developer/Xcode/DerivedData/Revolt-dharrjsambcimaaziudpvzjdcigm/Build/Intermediates.noindex/Revolt.build/Debug-iphoneos/Types.build/Objects-normal/arm64/Types-OutputFileMap.json (in target 'Types' from project 'Revolt')
    cd /Users/harishvishwakarma/Handy/Archem/pepchat-ios
    write-file /Users/harishvishwakarma/Library/Developer/Xcode/DerivedData/Revolt-dharrjsambcimaaziudpvzjdcigm/Build/Intermediates.noindex/Revolt.build/Debug-iphoneos/Types.build/Objects-normal/arm64/Types-OutputFileMap.json

WriteAuxiliaryFile /Users/harishvishwakarma/Library/Developer/Xcode/DerivedData/Revolt-dharrjsambcimaaziudpvzjdcigm/Build/Intermediates.noindex/Revolt.build/Debug-iphoneos/Types.build/Objects-normal/arm64/7187679823f38a2a940e0043cdf9d637-common-args.resp (in target 'Types' from project 'Revolt')
    cd /Users/harishvishwakarma/Handy/Archem/pepchat-ios
    write-file /Users/harishvishwakarma/Library/Developer/Xcode/DerivedData/Revolt-dharrjsambcimaaziudpvzjdcigm/Build/Intermediates.noindex/Revolt.build/Debug-iphoneos/Types.build/Objects-normal/arm64/7187679823f38a2a940e0043cdf9d637-common-args.resp
-target arm64-apple-ios18.0 '-std=gnu17' -fmodules -gmodules '-fmodules-cache-path=/Users/harishvishwakarma/Library/Developer/Xcode/DerivedData/ModuleCache.noindex' '-fmodule-name=Types' -fpascal-strings -O0 -fno-common '-DDEBUG=1' -isysroot /Applications/Xcode.app/Contents/Developer/Platforms/iPhoneOS.platform/Developer/SDKs/iPhoneOS18.5.sdk -g '-fprofile-instr-use=' -iquote /Users/harishvishwakarma/Library/Developer/Xcode/DerivedData/Revolt-dharrjsambcimaaziudpvzjdcigm/Build/Intermediates.noindex/Revolt.build/Debug-iphoneos/Types.build/Types-generated-files.hmap -I/Users/harishvishwakarma/Library/Developer/Xcode/DerivedData/Revolt-dharrjsambcimaaziudpvzjdcigm/Build/Intermediates.noindex/Revolt.build/Debug-iphoneos/Types.build/Types-own-target-headers.hmap -I/Users/harishvishwakarma/Library/Developer/Xcode/DerivedData/Revolt-dharrjsambcimaaziudpvzjdcigm/Build/Intermediates.noindex/Revolt.build/Debug-iphoneos/Types.build/Types-all-non-framework-target-headers.hmap -ivfsoverlay /Users/harishvishwakarma/Library/Developer/Xcode/DerivedData/Revolt-dharrjsambcimaaziudpvzjdcigm/Build/Intermediates.noindex/Revolt.build/Debug-iphoneos/Revolt-964562c4cdd9c16033e74e924d17ebc5-VFS-iphoneos/all-product-headers.yaml -iquote /Users/harishvishwakarma/Library/Developer/Xcode/DerivedData/Revolt-dharrjsambcimaaziudpvzjdcigm/Build/Intermediates.noindex/Revolt.build/Debug-iphoneos/Types.build/Types-project-headers.hmap -I/Users/harishvishwakarma/Library/Developer/Xcode/DerivedData/Revolt-dharrjsambcimaaziudpvzjdcigm/Build/Products/Debug-iphoneos/include -I/Users/harishvishwakarma/Library/Developer/Xcode/DerivedData/Revolt-dharrjsambcimaaziudpvzjdcigm/Build/Intermediates.noindex/Revolt.build/Debug-iphoneos/Types.build/DerivedSources-normal/arm64 -I/Users/harishvishwakarma/Library/Developer/Xcode/DerivedData/Revolt-dharrjsambcimaaziudpvzjdcigm/Build/Intermediates.noindex/Revolt.build/Debug-iphoneos/Types.build/DerivedSources/arm64 -I/Users/harishvishwakarma/Library/Developer/Xcode/DerivedData/Revolt-dharrjsambcimaaziudpvzjdcigm/Build/Intermediates.noindex/Revolt.build/Debug-iphoneos/Types.build/DerivedSources -F/Users/harishvishwakarma/Library/Developer/Xcode/DerivedData/Revolt-dharrjsambcimaaziudpvzjdcigm/Build/Products/Debug-iphoneos

WriteAuxiliaryFile /Users/harishvishwakarma/Library/Developer/Xcode/DerivedData/Revolt-dharrjsambcimaaziudpvzjdcigm/Build/Intermediates.noindex/Revolt.build/Debug-iphoneos/Types.build/DerivedSources/Types_vers.c (in target 'Types' from project 'Revolt')
    cd /Users/harishvishwakarma/Handy/Archem/pepchat-ios
    write-file /Users/harishvishwakarma/Library/Developer/Xcode/DerivedData/Revolt-dharrjsambcimaaziudpvzjdcigm/Build/Intermediates.noindex/Revolt.build/Debug-iphoneos/Types.build/DerivedSources/Types_vers.c

WriteAuxiliaryFile /Users/harishvishwakarma/Library/Developer/Xcode/DerivedData/Revolt-dharrjsambcimaaziudpvzjdcigm/Build/Intermediates.noindex/SwiftyCrop.build/Debug-iphoneos/SwiftyCrop_SwiftyCrop.build/empty-SwiftyCrop_SwiftyCrop.plist (in target 'SwiftyCrop_SwiftyCrop' from project 'SwiftyCrop')
    cd /Users/harishvishwakarma/Library/Developer/Xcode/DerivedData/Revolt-dharrjsambcimaaziudpvzjdcigm/SourcePackages/checkouts/SwiftyCrop
    write-file /Users/harishvishwakarma/Library/Developer/Xcode/DerivedData/Revolt-dharrjsambcimaaziudpvzjdcigm/Build/Intermediates.noindex/SwiftyCrop.build/Debug-iphoneos/SwiftyCrop_SwiftyCrop.build/empty-SwiftyCrop_SwiftyCrop.plist

WriteAuxiliaryFile /Users/harishvishwakarma/Library/Developer/Xcode/DerivedData/Revolt-dharrjsambcimaaziudpvzjdcigm/Build/Intermediates.noindex/SwiftyCrop.build/Debug-iphoneos/SwiftyCrop_SwiftyCrop.build/SwiftyCrop_SwiftyCrop.DependencyStaticMetadataFileList (in target 'SwiftyCrop_SwiftyCrop' from project 'SwiftyCrop')
    cd /Users/harishvishwakarma/Library/Developer/Xcode/DerivedData/Revolt-dharrjsambcimaaziudpvzjdcigm/SourcePackages/checkouts/SwiftyCrop
    write-file /Users/harishvishwakarma/Library/Developer/Xcode/DerivedData/Revolt-dharrjsambcimaaziudpvzjdcigm/Build/Intermediates.noindex/SwiftyCrop.build/Debug-iphoneos/SwiftyCrop_SwiftyCrop.build/SwiftyCrop_SwiftyCrop.DependencyStaticMetadataFileList

WriteAuxiliaryFile /Users/harishvishwakarma/Library/Developer/Xcode/DerivedData/Revolt-dharrjsambcimaaziudpvzjdcigm/Build/Intermediates.noindex/SwiftyCrop.build/Debug-iphoneos/SwiftyCrop_SwiftyCrop.build/SwiftyCrop_SwiftyCrop.DependencyMetadataFileList (in target 'SwiftyCrop_SwiftyCrop' from project 'SwiftyCrop')
    cd /Users/harishvishwakarma/Library/Developer/Xcode/DerivedData/Revolt-dharrjsambcimaaziudpvzjdcigm/SourcePackages/checkouts/SwiftyCrop
    write-file /Users/harishvishwakarma/Library/Developer/Xcode/DerivedData/Revolt-dharrjsambcimaaziudpvzjdcigm/Build/Intermediates.noindex/SwiftyCrop.build/Debug-iphoneos/SwiftyCrop_SwiftyCrop.build/SwiftyCrop_SwiftyCrop.DependencyMetadataFileList

WriteAuxiliaryFile /Users/harishvishwakarma/Library/Developer/Xcode/DerivedData/Revolt-dharrjsambcimaaziudpvzjdcigm/Build/Intermediates.noindex/SwiftyCrop.build/Debug-iphoneos/SwiftyCrop.build/SwiftyCrop.modulemap (in target 'SwiftyCrop' from project 'SwiftyCrop')
    cd /Users/harishvishwakarma/Library/Developer/Xcode/DerivedData/Revolt-dharrjsambcimaaziudpvzjdcigm/SourcePackages/checkouts/SwiftyCrop
    write-file /Users/harishvishwakarma/Library/Developer/Xcode/DerivedData/Revolt-dharrjsambcimaaziudpvzjdcigm/Build/Intermediates.noindex/SwiftyCrop.build/Debug-iphoneos/SwiftyCrop.build/SwiftyCrop.modulemap

WriteAuxiliaryFile /Users/harishvishwakarma/Library/Developer/Xcode/DerivedData/Revolt-dharrjsambcimaaziudpvzjdcigm/Build/Intermediates.noindex/SwiftyCrop.build/Debug-iphoneos/SwiftyCrop.build/SwiftyCrop.DependencyStaticMetadataFileList (in target 'SwiftyCrop' from project 'SwiftyCrop')
    cd /Users/harishvishwakarma/Library/Developer/Xcode/DerivedData/Revolt-dharrjsambcimaaziudpvzjdcigm/SourcePackages/checkouts/SwiftyCrop
    write-file /Users/harishvishwakarma/Library/Developer/Xcode/DerivedData/Revolt-dharrjsambcimaaziudpvzjdcigm/Build/Intermediates.noindex/SwiftyCrop.build/Debug-iphoneos/SwiftyCrop.build/SwiftyCrop.DependencyStaticMetadataFileList

WriteAuxiliaryFile /Users/harishvishwakarma/Library/Developer/Xcode/DerivedData/Revolt-dharrjsambcimaaziudpvzjdcigm/Build/Intermediates.noindex/SwiftyCrop.build/Debug-iphoneos/SwiftyCrop.build/SwiftyCrop.DependencyMetadataFileList (in target 'SwiftyCrop' from project 'SwiftyCrop')
    cd /Users/harishvishwakarma/Library/Developer/Xcode/DerivedData/Revolt-dharrjsambcimaaziudpvzjdcigm/SourcePackages/checkouts/SwiftyCrop
    write-file /Users/harishvishwakarma/Library/Developer/Xcode/DerivedData/Revolt-dharrjsambcimaaziudpvzjdcigm/Build/Intermediates.noindex/SwiftyCrop.build/Debug-iphoneos/SwiftyCrop.build/SwiftyCrop.DependencyMetadataFileList

WriteAuxiliaryFile /Users/harishvishwakarma/Library/Developer/Xcode/DerivedData/Revolt-dharrjsambcimaaziudpvzjdcigm/Build/Intermediates.noindex/SwiftyCrop.build/Debug-iphoneos/SwiftyCrop.build/Objects-normal/arm64/SwiftyCrop_const_extract_protocols.json (in target 'SwiftyCrop' from project 'SwiftyCrop')
    cd /Users/harishvishwakarma/Library/Developer/Xcode/DerivedData/Revolt-dharrjsambcimaaziudpvzjdcigm/SourcePackages/checkouts/SwiftyCrop
    write-file /Users/harishvishwakarma/Library/Developer/Xcode/DerivedData/Revolt-dharrjsambcimaaziudpvzjdcigm/Build/Intermediates.noindex/SwiftyCrop.build/Debug-iphoneos/SwiftyCrop.build/Objects-normal/arm64/SwiftyCrop_const_extract_protocols.json

WriteAuxiliaryFile /Users/harishvishwakarma/Library/Developer/Xcode/DerivedData/Revolt-dharrjsambcimaaziudpvzjdcigm/Build/Intermediates.noindex/SwiftyCrop.build/Debug-iphoneos/SwiftyCrop.build/Objects-normal/arm64/SwiftyCrop.SwiftFileList (in target 'SwiftyCrop' from project 'SwiftyCrop')
    cd /Users/harishvishwakarma/Library/Developer/Xcode/DerivedData/Revolt-dharrjsambcimaaziudpvzjdcigm/SourcePackages/checkouts/SwiftyCrop
    write-file /Users/harishvishwakarma/Library/Developer/Xcode/DerivedData/Revolt-dharrjsambcimaaziudpvzjdcigm/Build/Intermediates.noindex/SwiftyCrop.build/Debug-iphoneos/SwiftyCrop.build/Objects-normal/arm64/SwiftyCrop.SwiftFileList

WriteAuxiliaryFile /Users/harishvishwakarma/Library/Developer/Xcode/DerivedData/Revolt-dharrjsambcimaaziudpvzjdcigm/Build/Intermediates.noindex/SwiftyCrop.build/Debug-iphoneos/SwiftyCrop.build/Objects-normal/arm64/SwiftyCrop.SwiftConstValuesFileList (in target 'SwiftyCrop' from project 'SwiftyCrop')
    cd /Users/harishvishwakarma/Library/Developer/Xcode/DerivedData/Revolt-dharrjsambcimaaziudpvzjdcigm/SourcePackages/checkouts/SwiftyCrop
    write-file /Users/harishvishwakarma/Library/Developer/Xcode/DerivedData/Revolt-dharrjsambcimaaziudpvzjdcigm/Build/Intermediates.noindex/SwiftyCrop.build/Debug-iphoneos/SwiftyCrop.build/Objects-normal/arm64/SwiftyCrop.SwiftConstValuesFileList

WriteAuxiliaryFile /Users/harishvishwakarma/Library/Developer/Xcode/DerivedData/Revolt-dharrjsambcimaaziudpvzjdcigm/Build/Intermediates.noindex/SwiftyCrop.build/Debug-iphoneos/SwiftyCrop.build/Objects-normal/arm64/SwiftyCrop.LinkFileList (in target 'SwiftyCrop' from project 'SwiftyCrop')
    cd /Users/harishvishwakarma/Library/Developer/Xcode/DerivedData/Revolt-dharrjsambcimaaziudpvzjdcigm/SourcePackages/checkouts/SwiftyCrop
    write-file /Users/harishvishwakarma/Library/Developer/Xcode/DerivedData/Revolt-dharrjsambcimaaziudpvzjdcigm/Build/Intermediates.noindex/SwiftyCrop.build/Debug-iphoneos/SwiftyCrop.build/Objects-normal/arm64/SwiftyCrop.LinkFileList

WriteAuxiliaryFile /Users/harishvishwakarma/Library/Developer/Xcode/DerivedData/Revolt-dharrjsambcimaaziudpvzjdcigm/Build/Intermediates.noindex/SwiftyCrop.build/Debug-iphoneos/SwiftyCrop.build/Objects-normal/arm64/SwiftyCrop-OutputFileMap.json (in target 'SwiftyCrop' from project 'SwiftyCrop')
    cd /Users/harishvishwakarma/Library/Developer/Xcode/DerivedData/Revolt-dharrjsambcimaaziudpvzjdcigm/SourcePackages/checkouts/SwiftyCrop
    write-file /Users/harishvishwakarma/Library/Developer/Xcode/DerivedData/Revolt-dharrjsambcimaaziudpvzjdcigm/Build/Intermediates.noindex/SwiftyCrop.build/Debug-iphoneos/SwiftyCrop.build/Objects-normal/arm64/SwiftyCrop-OutputFileMap.json

WriteAuxiliaryFile /Users/harishvishwakarma/Library/Developer/Xcode/DerivedData/Revolt-dharrjsambcimaaziudpvzjdcigm/Build/Intermediates.noindex/SwiftyCrop.build/Debug-iphoneos/SwiftyCrop.build/DerivedSources/resource_bundle_accessor.swift (in target 'SwiftyCrop' from project 'SwiftyCrop')
    cd /Users/harishvishwakarma/Library/Developer/Xcode/DerivedData/Revolt-dharrjsambcimaaziudpvzjdcigm/SourcePackages/checkouts/SwiftyCrop
    write-file /Users/harishvishwakarma/Library/Developer/Xcode/DerivedData/Revolt-dharrjsambcimaaziudpvzjdcigm/Build/Intermediates.noindex/SwiftyCrop.build/Debug-iphoneos/SwiftyCrop.build/DerivedSources/resource_bundle_accessor.swift

WriteAuxiliaryFile /Users/harishvishwakarma/Library/Developer/Xcode/DerivedData/Revolt-dharrjsambcimaaziudpvzjdcigm/Build/Intermediates.noindex/SwiftUITooltip.build/Debug-iphoneos/SwiftUITooltip.build/SwiftUITooltip.modulemap (in target 'SwiftUITooltip' from project 'SwiftUITooltip')
    cd /Users/harishvishwakarma/Library/Developer/Xcode/DerivedData/Revolt-dharrjsambcimaaziudpvzjdcigm/SourcePackages/checkouts/SwiftUI-Tooltip
    write-file /Users/harishvishwakarma/Library/Developer/Xcode/DerivedData/Revolt-dharrjsambcimaaziudpvzjdcigm/Build/Intermediates.noindex/SwiftUITooltip.build/Debug-iphoneos/SwiftUITooltip.build/SwiftUITooltip.modulemap

WriteAuxiliaryFile /Users/harishvishwakarma/Library/Developer/Xcode/DerivedData/Revolt-dharrjsambcimaaziudpvzjdcigm/Build/Intermediates.noindex/SwiftUITooltip.build/Debug-iphoneos/SwiftUITooltip.build/SwiftUITooltip.DependencyStaticMetadataFileList (in target 'SwiftUITooltip' from project 'SwiftUITooltip')
    cd /Users/harishvishwakarma/Library/Developer/Xcode/DerivedData/Revolt-dharrjsambcimaaziudpvzjdcigm/SourcePackages/checkouts/SwiftUI-Tooltip
    write-file /Users/harishvishwakarma/Library/Developer/Xcode/DerivedData/Revolt-dharrjsambcimaaziudpvzjdcigm/Build/Intermediates.noindex/SwiftUITooltip.build/Debug-iphoneos/SwiftUITooltip.build/SwiftUITooltip.DependencyStaticMetadataFileList

WriteAuxiliaryFile /Users/harishvishwakarma/Library/Developer/Xcode/DerivedData/Revolt-dharrjsambcimaaziudpvzjdcigm/Build/Intermediates.noindex/SwiftUITooltip.build/Debug-iphoneos/SwiftUITooltip.build/SwiftUITooltip.DependencyMetadataFileList (in target 'SwiftUITooltip' from project 'SwiftUITooltip')
    cd /Users/harishvishwakarma/Library/Developer/Xcode/DerivedData/Revolt-dharrjsambcimaaziudpvzjdcigm/SourcePackages/checkouts/SwiftUI-Tooltip
    write-file /Users/harishvishwakarma/Library/Developer/Xcode/DerivedData/Revolt-dharrjsambcimaaziudpvzjdcigm/Build/Intermediates.noindex/SwiftUITooltip.build/Debug-iphoneos/SwiftUITooltip.build/SwiftUITooltip.DependencyMetadataFileList

WriteAuxiliaryFile /Users/harishvishwakarma/Library/Developer/Xcode/DerivedData/Revolt-dharrjsambcimaaziudpvzjdcigm/Build/Intermediates.noindex/SwiftUITooltip.build/Debug-iphoneos/SwiftUITooltip.build/Objects-normal/arm64/SwiftUITooltip_const_extract_protocols.json (in target 'SwiftUITooltip' from project 'SwiftUITooltip')
    cd /Users/harishvishwakarma/Library/Developer/Xcode/DerivedData/Revolt-dharrjsambcimaaziudpvzjdcigm/SourcePackages/checkouts/SwiftUI-Tooltip
    write-file /Users/harishvishwakarma/Library/Developer/Xcode/DerivedData/Revolt-dharrjsambcimaaziudpvzjdcigm/Build/Intermediates.noindex/SwiftUITooltip.build/Debug-iphoneos/SwiftUITooltip.build/Objects-normal/arm64/SwiftUITooltip_const_extract_protocols.json

WriteAuxiliaryFile /Users/harishvishwakarma/Library/Developer/Xcode/DerivedData/Revolt-dharrjsambcimaaziudpvzjdcigm/Build/Intermediates.noindex/SwiftUITooltip.build/Debug-iphoneos/SwiftUITooltip.build/Objects-normal/arm64/SwiftUITooltip.SwiftFileList (in target 'SwiftUITooltip' from project 'SwiftUITooltip')
    cd /Users/harishvishwakarma/Library/Developer/Xcode/DerivedData/Revolt-dharrjsambcimaaziudpvzjdcigm/SourcePackages/checkouts/SwiftUI-Tooltip
    write-file /Users/harishvishwakarma/Library/Developer/Xcode/DerivedData/Revolt-dharrjsambcimaaziudpvzjdcigm/Build/Intermediates.noindex/SwiftUITooltip.build/Debug-iphoneos/SwiftUITooltip.build/Objects-normal/arm64/SwiftUITooltip.SwiftFileList

WriteAuxiliaryFile /Users/harishvishwakarma/Library/Developer/Xcode/DerivedData/Revolt-dharrjsambcimaaziudpvzjdcigm/Build/Intermediates.noindex/SwiftUITooltip.build/Debug-iphoneos/SwiftUITooltip.build/Objects-normal/arm64/SwiftUITooltip.SwiftConstValuesFileList (in target 'SwiftUITooltip' from project 'SwiftUITooltip')
    cd /Users/harishvishwakarma/Library/Developer/Xcode/DerivedData/Revolt-dharrjsambcimaaziudpvzjdcigm/SourcePackages/checkouts/SwiftUI-Tooltip
    write-file /Users/harishvishwakarma/Library/Developer/Xcode/DerivedData/Revolt-dharrjsambcimaaziudpvzjdcigm/Build/Intermediates.noindex/SwiftUITooltip.build/Debug-iphoneos/SwiftUITooltip.build/Objects-normal/arm64/SwiftUITooltip.SwiftConstValuesFileList

WriteAuxiliaryFile /Users/harishvishwakarma/Library/Developer/Xcode/DerivedData/Revolt-dharrjsambcimaaziudpvzjdcigm/Build/Intermediates.noindex/SwiftUITooltip.build/Debug-iphoneos/SwiftUITooltip.build/Objects-normal/arm64/SwiftUITooltip.LinkFileList (in target 'SwiftUITooltip' from project 'SwiftUITooltip')
    cd /Users/harishvishwakarma/Library/Developer/Xcode/DerivedData/Revolt-dharrjsambcimaaziudpvzjdcigm/SourcePackages/checkouts/SwiftUI-Tooltip
    write-file /Users/harishvishwakarma/Library/Developer/Xcode/DerivedData/Revolt-dharrjsambcimaaziudpvzjdcigm/Build/Intermediates.noindex/SwiftUITooltip.build/Debug-iphoneos/SwiftUITooltip.build/Objects-normal/arm64/SwiftUITooltip.LinkFileList

WriteAuxiliaryFile /Users/harishvishwakarma/Library/Developer/Xcode/DerivedData/Revolt-dharrjsambcimaaziudpvzjdcigm/Build/Intermediates.noindex/SwiftUITooltip.build/Debug-iphoneos/SwiftUITooltip.build/Objects-normal/arm64/SwiftUITooltip-OutputFileMap.json (in target 'SwiftUITooltip' from project 'SwiftUITooltip')
    cd /Users/harishvishwakarma/Library/Developer/Xcode/DerivedData/Revolt-dharrjsambcimaaziudpvzjdcigm/SourcePackages/checkouts/SwiftUI-Tooltip
    write-file /Users/harishvishwakarma/Library/Developer/Xcode/DerivedData/Revolt-dharrjsambcimaaziudpvzjdcigm/Build/Intermediates.noindex/SwiftUITooltip.build/Debug-iphoneos/SwiftUITooltip.build/Objects-normal/arm64/SwiftUITooltip-OutputFileMap.json

WriteAuxiliaryFile /Users/harishvishwakarma/Library/Developer/Xcode/DerivedData/Revolt-dharrjsambcimaaziudpvzjdcigm/Build/Intermediates.noindex/SwiftUIMasonry.build/Debug-iphoneos/SwiftUIMasonry.build/SwiftUIMasonry.modulemap (in target 'SwiftUIMasonry' from project 'SwiftUIMasonry')
    cd /Users/harishvishwakarma/Library/Developer/Xcode/DerivedData/Revolt-dharrjsambcimaaziudpvzjdcigm/SourcePackages/checkouts/SwiftUIMasonry
    write-file /Users/harishvishwakarma/Library/Developer/Xcode/DerivedData/Revolt-dharrjsambcimaaziudpvzjdcigm/Build/Intermediates.noindex/SwiftUIMasonry.build/Debug-iphoneos/SwiftUIMasonry.build/SwiftUIMasonry.modulemap

WriteAuxiliaryFile /Users/harishvishwakarma/Library/Developer/Xcode/DerivedData/Revolt-dharrjsambcimaaziudpvzjdcigm/Build/Intermediates.noindex/SwiftUIMasonry.build/Debug-iphoneos/SwiftUIMasonry.build/SwiftUIMasonry.DependencyStaticMetadataFileList (in target 'SwiftUIMasonry' from project 'SwiftUIMasonry')
    cd /Users/harishvishwakarma/Library/Developer/Xcode/DerivedData/Revolt-dharrjsambcimaaziudpvzjdcigm/SourcePackages/checkouts/SwiftUIMasonry
    write-file /Users/harishvishwakarma/Library/Developer/Xcode/DerivedData/Revolt-dharrjsambcimaaziudpvzjdcigm/Build/Intermediates.noindex/SwiftUIMasonry.build/Debug-iphoneos/SwiftUIMasonry.build/SwiftUIMasonry.DependencyStaticMetadataFileList

WriteAuxiliaryFile /Users/harishvishwakarma/Library/Developer/Xcode/DerivedData/Revolt-dharrjsambcimaaziudpvzjdcigm/Build/Intermediates.noindex/SwiftUIMasonry.build/Debug-iphoneos/SwiftUIMasonry.build/SwiftUIMasonry.DependencyMetadataFileList (in target 'SwiftUIMasonry' from project 'SwiftUIMasonry')
    cd /Users/harishvishwakarma/Library/Developer/Xcode/DerivedData/Revolt-dharrjsambcimaaziudpvzjdcigm/SourcePackages/checkouts/SwiftUIMasonry
    write-file /Users/harishvishwakarma/Library/Developer/Xcode/DerivedData/Revolt-dharrjsambcimaaziudpvzjdcigm/Build/Intermediates.noindex/SwiftUIMasonry.build/Debug-iphoneos/SwiftUIMasonry.build/SwiftUIMasonry.DependencyMetadataFileList

WriteAuxiliaryFile /Users/harishvishwakarma/Library/Developer/Xcode/DerivedData/Revolt-dharrjsambcimaaziudpvzjdcigm/Build/Intermediates.noindex/SwiftUIMasonry.build/Debug-iphoneos/SwiftUIMasonry.build/Objects-normal/arm64/SwiftUIMasonry_const_extract_protocols.json (in target 'SwiftUIMasonry' from project 'SwiftUIMasonry')
    cd /Users/harishvishwakarma/Library/Developer/Xcode/DerivedData/Revolt-dharrjsambcimaaziudpvzjdcigm/SourcePackages/checkouts/SwiftUIMasonry
    write-file /Users/harishvishwakarma/Library/Developer/Xcode/DerivedData/Revolt-dharrjsambcimaaziudpvzjdcigm/Build/Intermediates.noindex/SwiftUIMasonry.build/Debug-iphoneos/SwiftUIMasonry.build/Objects-normal/arm64/SwiftUIMasonry_const_extract_protocols.json

WriteAuxiliaryFile /Users/harishvishwakarma/Library/Developer/Xcode/DerivedData/Revolt-dharrjsambcimaaziudpvzjdcigm/Build/Intermediates.noindex/SwiftUIMasonry.build/Debug-iphoneos/SwiftUIMasonry.build/Objects-normal/arm64/SwiftUIMasonry.SwiftFileList (in target 'SwiftUIMasonry' from project 'SwiftUIMasonry')
    cd /Users/harishvishwakarma/Library/Developer/Xcode/DerivedData/Revolt-dharrjsambcimaaziudpvzjdcigm/SourcePackages/checkouts/SwiftUIMasonry
    write-file /Users/harishvishwakarma/Library/Developer/Xcode/DerivedData/Revolt-dharrjsambcimaaziudpvzjdcigm/Build/Intermediates.noindex/SwiftUIMasonry.build/Debug-iphoneos/SwiftUIMasonry.build/Objects-normal/arm64/SwiftUIMasonry.SwiftFileList

WriteAuxiliaryFile /Users/harishvishwakarma/Library/Developer/Xcode/DerivedData/Revolt-dharrjsambcimaaziudpvzjdcigm/Build/Intermediates.noindex/SwiftUIMasonry.build/Debug-iphoneos/SwiftUIMasonry.build/Objects-normal/arm64/SwiftUIMasonry.SwiftConstValuesFileList (in target 'SwiftUIMasonry' from project 'SwiftUIMasonry')
    cd /Users/harishvishwakarma/Library/Developer/Xcode/DerivedData/Revolt-dharrjsambcimaaziudpvzjdcigm/SourcePackages/checkouts/SwiftUIMasonry
    write-file /Users/harishvishwakarma/Library/Developer/Xcode/DerivedData/Revolt-dharrjsambcimaaziudpvzjdcigm/Build/Intermediates.noindex/SwiftUIMasonry.build/Debug-iphoneos/SwiftUIMasonry.build/Objects-normal/arm64/SwiftUIMasonry.SwiftConstValuesFileList

WriteAuxiliaryFile /Users/harishvishwakarma/Library/Developer/Xcode/DerivedData/Revolt-dharrjsambcimaaziudpvzjdcigm/Build/Intermediates.noindex/SwiftUIMasonry.build/Debug-iphoneos/SwiftUIMasonry.build/Objects-normal/arm64/SwiftUIMasonry.LinkFileList (in target 'SwiftUIMasonry' from project 'SwiftUIMasonry')
    cd /Users/harishvishwakarma/Library/Developer/Xcode/DerivedData/Revolt-dharrjsambcimaaziudpvzjdcigm/SourcePackages/checkouts/SwiftUIMasonry
    write-file /Users/harishvishwakarma/Library/Developer/Xcode/DerivedData/Revolt-dharrjsambcimaaziudpvzjdcigm/Build/Intermediates.noindex/SwiftUIMasonry.build/Debug-iphoneos/SwiftUIMasonry.build/Objects-normal/arm64/SwiftUIMasonry.LinkFileList

WriteAuxiliaryFile /Users/harishvishwakarma/Library/Developer/Xcode/DerivedData/Revolt-dharrjsambcimaaziudpvzjdcigm/Build/Intermediates.noindex/SwiftUIMasonry.build/Debug-iphoneos/SwiftUIMasonry.build/Objects-normal/arm64/SwiftUIMasonry-OutputFileMap.json (in target 'SwiftUIMasonry' from project 'SwiftUIMasonry')
    cd /Users/harishvishwakarma/Library/Developer/Xcode/DerivedData/Revolt-dharrjsambcimaaziudpvzjdcigm/SourcePackages/checkouts/SwiftUIMasonry
    write-file /Users/harishvishwakarma/Library/Developer/Xcode/DerivedData/Revolt-dharrjsambcimaaziudpvzjdcigm/Build/Intermediates.noindex/SwiftUIMasonry.build/Debug-iphoneos/SwiftUIMasonry.build/Objects-normal/arm64/SwiftUIMasonry-OutputFileMap.json

WriteAuxiliaryFile /Users/harishvishwakarma/Library/Developer/Xcode/DerivedData/Revolt-dharrjsambcimaaziudpvzjdcigm/Build/Intermediates.noindex/swiftui-introspect.build/Debug-iphoneos/SwiftUIIntrospect.build/SwiftUIIntrospect.modulemap (in target 'SwiftUIIntrospect' from project 'swiftui-introspect')
    cd /Users/harishvishwakarma/Library/Developer/Xcode/DerivedData/Revolt-dharrjsambcimaaziudpvzjdcigm/SourcePackages/checkouts/swiftui-introspect
    write-file /Users/harishvishwakarma/Library/Developer/Xcode/DerivedData/Revolt-dharrjsambcimaaziudpvzjdcigm/Build/Intermediates.noindex/swiftui-introspect.build/Debug-iphoneos/SwiftUIIntrospect.build/SwiftUIIntrospect.modulemap

WriteAuxiliaryFile /Users/harishvishwakarma/Library/Developer/Xcode/DerivedData/Revolt-dharrjsambcimaaziudpvzjdcigm/Build/Intermediates.noindex/swiftui-introspect.build/Debug-iphoneos/SwiftUIIntrospect.build/SwiftUIIntrospect.DependencyStaticMetadataFileList (in target 'SwiftUIIntrospect' from project 'swiftui-introspect')
    cd /Users/harishvishwakarma/Library/Developer/Xcode/DerivedData/Revolt-dharrjsambcimaaziudpvzjdcigm/SourcePackages/checkouts/swiftui-introspect
    write-file /Users/harishvishwakarma/Library/Developer/Xcode/DerivedData/Revolt-dharrjsambcimaaziudpvzjdcigm/Build/Intermediates.noindex/swiftui-introspect.build/Debug-iphoneos/SwiftUIIntrospect.build/SwiftUIIntrospect.DependencyStaticMetadataFileList

WriteAuxiliaryFile /Users/harishvishwakarma/Library/Developer/Xcode/DerivedData/Revolt-dharrjsambcimaaziudpvzjdcigm/Build/Intermediates.noindex/swiftui-introspect.build/Debug-iphoneos/SwiftUIIntrospect.build/SwiftUIIntrospect.DependencyMetadataFileList (in target 'SwiftUIIntrospect' from project 'swiftui-introspect')
    cd /Users/harishvishwakarma/Library/Developer/Xcode/DerivedData/Revolt-dharrjsambcimaaziudpvzjdcigm/SourcePackages/checkouts/swiftui-introspect
    write-file /Users/harishvishwakarma/Library/Developer/Xcode/DerivedData/Revolt-dharrjsambcimaaziudpvzjdcigm/Build/Intermediates.noindex/swiftui-introspect.build/Debug-iphoneos/SwiftUIIntrospect.build/SwiftUIIntrospect.DependencyMetadataFileList

WriteAuxiliaryFile /Users/harishvishwakarma/Library/Developer/Xcode/DerivedData/Revolt-dharrjsambcimaaziudpvzjdcigm/Build/Intermediates.noindex/swiftui-introspect.build/Debug-iphoneos/SwiftUIIntrospect.build/Objects-normal/arm64/SwiftUIIntrospect.SwiftFileList (in target 'SwiftUIIntrospect' from project 'swiftui-introspect')
    cd /Users/harishvishwakarma/Library/Developer/Xcode/DerivedData/Revolt-dharrjsambcimaaziudpvzjdcigm/SourcePackages/checkouts/swiftui-introspect
    write-file /Users/harishvishwakarma/Library/Developer/Xcode/DerivedData/Revolt-dharrjsambcimaaziudpvzjdcigm/Build/Intermediates.noindex/swiftui-introspect.build/Debug-iphoneos/SwiftUIIntrospect.build/Objects-normal/arm64/SwiftUIIntrospect.SwiftFileList

WriteAuxiliaryFile /Users/harishvishwakarma/Library/Developer/Xcode/DerivedData/Revolt-dharrjsambcimaaziudpvzjdcigm/Build/Intermediates.noindex/swiftui-introspect.build/Debug-iphoneos/SwiftUIIntrospect.build/Objects-normal/arm64/SwiftUIIntrospect_const_extract_protocols.json (in target 'SwiftUIIntrospect' from project 'swiftui-introspect')
    cd /Users/harishvishwakarma/Library/Developer/Xcode/DerivedData/Revolt-dharrjsambcimaaziudpvzjdcigm/SourcePackages/checkouts/swiftui-introspect
    write-file /Users/harishvishwakarma/Library/Developer/Xcode/DerivedData/Revolt-dharrjsambcimaaziudpvzjdcigm/Build/Intermediates.noindex/swiftui-introspect.build/Debug-iphoneos/SwiftUIIntrospect.build/Objects-normal/arm64/SwiftUIIntrospect_const_extract_protocols.json

WriteAuxiliaryFile /Users/harishvishwakarma/Library/Developer/Xcode/DerivedData/Revolt-dharrjsambcimaaziudpvzjdcigm/Build/Intermediates.noindex/swiftui-introspect.build/Debug-iphoneos/SwiftUIIntrospect.build/Objects-normal/arm64/SwiftUIIntrospect.SwiftConstValuesFileList (in target 'SwiftUIIntrospect' from project 'swiftui-introspect')
    cd /Users/harishvishwakarma/Library/Developer/Xcode/DerivedData/Revolt-dharrjsambcimaaziudpvzjdcigm/SourcePackages/checkouts/swiftui-introspect
    write-file /Users/harishvishwakarma/Library/Developer/Xcode/DerivedData/Revolt-dharrjsambcimaaziudpvzjdcigm/Build/Intermediates.noindex/swiftui-introspect.build/Debug-iphoneos/SwiftUIIntrospect.build/Objects-normal/arm64/SwiftUIIntrospect.SwiftConstValuesFileList

WriteAuxiliaryFile /Users/harishvishwakarma/Library/Developer/Xcode/DerivedData/Revolt-dharrjsambcimaaziudpvzjdcigm/Build/Intermediates.noindex/swiftui-introspect.build/Debug-iphoneos/SwiftUIIntrospect.build/Objects-normal/arm64/SwiftUIIntrospect.LinkFileList (in target 'SwiftUIIntrospect' from project 'swiftui-introspect')
    cd /Users/harishvishwakarma/Library/Developer/Xcode/DerivedData/Revolt-dharrjsambcimaaziudpvzjdcigm/SourcePackages/checkouts/swiftui-introspect
    write-file /Users/harishvishwakarma/Library/Developer/Xcode/DerivedData/Revolt-dharrjsambcimaaziudpvzjdcigm/Build/Intermediates.noindex/swiftui-introspect.build/Debug-iphoneos/SwiftUIIntrospect.build/Objects-normal/arm64/SwiftUIIntrospect.LinkFileList

WriteAuxiliaryFile /Users/harishvishwakarma/Library/Developer/Xcode/DerivedData/Revolt-dharrjsambcimaaziudpvzjdcigm/Build/Intermediates.noindex/swiftui-introspect.build/Debug-iphoneos/SwiftUIIntrospect.build/Objects-normal/arm64/SwiftUIIntrospect-OutputFileMap.json (in target 'SwiftUIIntrospect' from project 'swiftui-introspect')
    cd /Users/harishvishwakarma/Library/Developer/Xcode/DerivedData/Revolt-dharrjsambcimaaziudpvzjdcigm/SourcePackages/checkouts/swiftui-introspect
    write-file /Users/harishvishwakarma/Library/Developer/Xcode/DerivedData/Revolt-dharrjsambcimaaziudpvzjdcigm/Build/Intermediates.noindex/swiftui-introspect.build/Debug-iphoneos/SwiftUIIntrospect.build/Objects-normal/arm64/SwiftUIIntrospect-OutputFileMap.json

WriteAuxiliaryFile /Users/harishvishwakarma/Library/Developer/Xcode/DerivedData/Revolt-dharrjsambcimaaziudpvzjdcigm/Build/Intermediates.noindex/SwiftUIFlow.build/Debug-iphoneos/SwiftUIFlow.build/SwiftUIFlow.modulemap (in target 'SwiftUIFlow' from project 'SwiftUIFlow')
    cd /Users/harishvishwakarma/Library/Developer/Xcode/DerivedData/Revolt-dharrjsambcimaaziudpvzjdcigm/SourcePackages/checkouts/SwiftUIFlow
    write-file /Users/harishvishwakarma/Library/Developer/Xcode/DerivedData/Revolt-dharrjsambcimaaziudpvzjdcigm/Build/Intermediates.noindex/SwiftUIFlow.build/Debug-iphoneos/SwiftUIFlow.build/SwiftUIFlow.modulemap

WriteAuxiliaryFile /Users/harishvishwakarma/Library/Developer/Xcode/DerivedData/Revolt-dharrjsambcimaaziudpvzjdcigm/Build/Intermediates.noindex/SwiftUIFlow.build/Debug-iphoneos/SwiftUIFlow.build/SwiftUIFlow.DependencyStaticMetadataFileList (in target 'SwiftUIFlow' from project 'SwiftUIFlow')
    cd /Users/harishvishwakarma/Library/Developer/Xcode/DerivedData/Revolt-dharrjsambcimaaziudpvzjdcigm/SourcePackages/checkouts/SwiftUIFlow
    write-file /Users/harishvishwakarma/Library/Developer/Xcode/DerivedData/Revolt-dharrjsambcimaaziudpvzjdcigm/Build/Intermediates.noindex/SwiftUIFlow.build/Debug-iphoneos/SwiftUIFlow.build/SwiftUIFlow.DependencyStaticMetadataFileList

WriteAuxiliaryFile /Users/harishvishwakarma/Library/Developer/Xcode/DerivedData/Revolt-dharrjsambcimaaziudpvzjdcigm/Build/Intermediates.noindex/SwiftUIFlow.build/Debug-iphoneos/SwiftUIFlow.build/SwiftUIFlow.DependencyMetadataFileList (in target 'SwiftUIFlow' from project 'SwiftUIFlow')
    cd /Users/harishvishwakarma/Library/Developer/Xcode/DerivedData/Revolt-dharrjsambcimaaziudpvzjdcigm/SourcePackages/checkouts/SwiftUIFlow
    write-file /Users/harishvishwakarma/Library/Developer/Xcode/DerivedData/Revolt-dharrjsambcimaaziudpvzjdcigm/Build/Intermediates.noindex/SwiftUIFlow.build/Debug-iphoneos/SwiftUIFlow.build/SwiftUIFlow.DependencyMetadataFileList

WriteAuxiliaryFile /Users/harishvishwakarma/Library/Developer/Xcode/DerivedData/Revolt-dharrjsambcimaaziudpvzjdcigm/Build/Intermediates.noindex/SwiftUIFlow.build/Debug-iphoneos/SwiftUIFlow.build/Objects-normal/arm64/SwiftUIFlow_const_extract_protocols.json (in target 'SwiftUIFlow' from project 'SwiftUIFlow')
    cd /Users/harishvishwakarma/Library/Developer/Xcode/DerivedData/Revolt-dharrjsambcimaaziudpvzjdcigm/SourcePackages/checkouts/SwiftUIFlow
    write-file /Users/harishvishwakarma/Library/Developer/Xcode/DerivedData/Revolt-dharrjsambcimaaziudpvzjdcigm/Build/Intermediates.noindex/SwiftUIFlow.build/Debug-iphoneos/SwiftUIFlow.build/Objects-normal/arm64/SwiftUIFlow_const_extract_protocols.json

WriteAuxiliaryFile /Users/harishvishwakarma/Library/Developer/Xcode/DerivedData/Revolt-dharrjsambcimaaziudpvzjdcigm/Build/Intermediates.noindex/SwiftUIFlow.build/Debug-iphoneos/SwiftUIFlow.build/Objects-normal/arm64/SwiftUIFlow.SwiftFileList (in target 'SwiftUIFlow' from project 'SwiftUIFlow')
    cd /Users/harishvishwakarma/Library/Developer/Xcode/DerivedData/Revolt-dharrjsambcimaaziudpvzjdcigm/SourcePackages/checkouts/SwiftUIFlow
    write-file /Users/harishvishwakarma/Library/Developer/Xcode/DerivedData/Revolt-dharrjsambcimaaziudpvzjdcigm/Build/Intermediates.noindex/SwiftUIFlow.build/Debug-iphoneos/SwiftUIFlow.build/Objects-normal/arm64/SwiftUIFlow.SwiftFileList

WriteAuxiliaryFile /Users/harishvishwakarma/Library/Developer/Xcode/DerivedData/Revolt-dharrjsambcimaaziudpvzjdcigm/Build/Intermediates.noindex/SwiftUIFlow.build/Debug-iphoneos/SwiftUIFlow.build/Objects-normal/arm64/SwiftUIFlow.SwiftConstValuesFileList (in target 'SwiftUIFlow' from project 'SwiftUIFlow')
    cd /Users/harishvishwakarma/Library/Developer/Xcode/DerivedData/Revolt-dharrjsambcimaaziudpvzjdcigm/SourcePackages/checkouts/SwiftUIFlow
    write-file /Users/harishvishwakarma/Library/Developer/Xcode/DerivedData/Revolt-dharrjsambcimaaziudpvzjdcigm/Build/Intermediates.noindex/SwiftUIFlow.build/Debug-iphoneos/SwiftUIFlow.build/Objects-normal/arm64/SwiftUIFlow.SwiftConstValuesFileList

WriteAuxiliaryFile /Users/harishvishwakarma/Library/Developer/Xcode/DerivedData/Revolt-dharrjsambcimaaziudpvzjdcigm/Build/Intermediates.noindex/SwiftUIFlow.build/Debug-iphoneos/SwiftUIFlow.build/Objects-normal/arm64/SwiftUIFlow.LinkFileList (in target 'SwiftUIFlow' from project 'SwiftUIFlow')
    cd /Users/harishvishwakarma/Library/Developer/Xcode/DerivedData/Revolt-dharrjsambcimaaziudpvzjdcigm/SourcePackages/checkouts/SwiftUIFlow
    write-file /Users/harishvishwakarma/Library/Developer/Xcode/DerivedData/Revolt-dharrjsambcimaaziudpvzjdcigm/Build/Intermediates.noindex/SwiftUIFlow.build/Debug-iphoneos/SwiftUIFlow.build/Objects-normal/arm64/SwiftUIFlow.LinkFileList

WriteAuxiliaryFile /Users/harishvishwakarma/Library/Developer/Xcode/DerivedData/Revolt-dharrjsambcimaaziudpvzjdcigm/Build/Intermediates.noindex/SwiftUIFlow.build/Debug-iphoneos/SwiftUIFlow.build/Objects-normal/arm64/SwiftUIFlow-OutputFileMap.json (in target 'SwiftUIFlow' from project 'SwiftUIFlow')
    cd /Users/harishvishwakarma/Library/Developer/Xcode/DerivedData/Revolt-dharrjsambcimaaziudpvzjdcigm/SourcePackages/checkouts/SwiftUIFlow
    write-file /Users/harishvishwakarma/Library/Developer/Xcode/DerivedData/Revolt-dharrjsambcimaaziudpvzjdcigm/Build/Intermediates.noindex/SwiftUIFlow.build/Debug-iphoneos/SwiftUIFlow.build/Objects-normal/arm64/SwiftUIFlow-OutputFileMap.json

WriteAuxiliaryFile /Users/harishvishwakarma/Library/Developer/Xcode/DerivedData/Revolt-dharrjsambcimaaziudpvzjdcigm/Build/Intermediates.noindex/swift-syntax.build/Debug/SwiftSyntaxMacros.build/SwiftSyntaxMacros.modulemap (in target 'SwiftSyntaxMacros' from project 'swift-syntax')
    cd /Users/harishvishwakarma/Library/Developer/Xcode/DerivedData/Revolt-dharrjsambcimaaziudpvzjdcigm/SourcePackages/checkouts/swift-syntax
    write-file /Users/harishvishwakarma/Library/Developer/Xcode/DerivedData/Revolt-dharrjsambcimaaziudpvzjdcigm/Build/Intermediates.noindex/swift-syntax.build/Debug/SwiftSyntaxMacros.build/SwiftSyntaxMacros.modulemap

WriteAuxiliaryFile /Users/harishvishwakarma/Library/Developer/Xcode/DerivedData/Revolt-dharrjsambcimaaziudpvzjdcigm/Build/Intermediates.noindex/swift-syntax.build/Debug/SwiftSyntaxMacros.build/SwiftSyntaxMacros.DependencyStaticMetadataFileList (in target 'SwiftSyntaxMacros' from project 'swift-syntax')
    cd /Users/harishvishwakarma/Library/Developer/Xcode/DerivedData/Revolt-dharrjsambcimaaziudpvzjdcigm/SourcePackages/checkouts/swift-syntax
    write-file /Users/harishvishwakarma/Library/Developer/Xcode/DerivedData/Revolt-dharrjsambcimaaziudpvzjdcigm/Build/Intermediates.noindex/swift-syntax.build/Debug/SwiftSyntaxMacros.build/SwiftSyntaxMacros.DependencyStaticMetadataFileList

WriteAuxiliaryFile /Users/harishvishwakarma/Library/Developer/Xcode/DerivedData/Revolt-dharrjsambcimaaziudpvzjdcigm/Build/Intermediates.noindex/swift-syntax.build/Debug/SwiftSyntaxMacros.build/SwiftSyntaxMacros.DependencyMetadataFileList (in target 'SwiftSyntaxMacros' from project 'swift-syntax')
    cd /Users/harishvishwakarma/Library/Developer/Xcode/DerivedData/Revolt-dharrjsambcimaaziudpvzjdcigm/SourcePackages/checkouts/swift-syntax
    write-file /Users/harishvishwakarma/Library/Developer/Xcode/DerivedData/Revolt-dharrjsambcimaaziudpvzjdcigm/Build/Intermediates.noindex/swift-syntax.build/Debug/SwiftSyntaxMacros.build/SwiftSyntaxMacros.DependencyMetadataFileList

WriteAuxiliaryFile /Users/harishvishwakarma/Library/Developer/Xcode/DerivedData/Revolt-dharrjsambcimaaziudpvzjdcigm/Build/Intermediates.noindex/swift-syntax.build/Debug/SwiftSyntaxMacros.build/Objects-normal/x86_64/SwiftSyntaxMacros_const_extract_protocols.json (in target 'SwiftSyntaxMacros' from project 'swift-syntax')
    cd /Users/harishvishwakarma/Library/Developer/Xcode/DerivedData/Revolt-dharrjsambcimaaziudpvzjdcigm/SourcePackages/checkouts/swift-syntax
    write-file /Users/harishvishwakarma/Library/Developer/Xcode/DerivedData/Revolt-dharrjsambcimaaziudpvzjdcigm/Build/Intermediates.noindex/swift-syntax.build/Debug/SwiftSyntaxMacros.build/Objects-normal/x86_64/SwiftSyntaxMacros_const_extract_protocols.json

WriteAuxiliaryFile /Users/harishvishwakarma/Library/Developer/Xcode/DerivedData/Revolt-dharrjsambcimaaziudpvzjdcigm/Build/Intermediates.noindex/swift-syntax.build/Debug/SwiftSyntaxMacros.build/Objects-normal/x86_64/SwiftSyntaxMacros.SwiftFileList (in target 'SwiftSyntaxMacros' from project 'swift-syntax')
    cd /Users/harishvishwakarma/Library/Developer/Xcode/DerivedData/Revolt-dharrjsambcimaaziudpvzjdcigm/SourcePackages/checkouts/swift-syntax
    write-file /Users/harishvishwakarma/Library/Developer/Xcode/DerivedData/Revolt-dharrjsambcimaaziudpvzjdcigm/Build/Intermediates.noindex/swift-syntax.build/Debug/SwiftSyntaxMacros.build/Objects-normal/x86_64/SwiftSyntaxMacros.SwiftFileList

WriteAuxiliaryFile /Users/harishvishwakarma/Library/Developer/Xcode/DerivedData/Revolt-dharrjsambcimaaziudpvzjdcigm/Build/Intermediates.noindex/swift-syntax.build/Debug/SwiftSyntaxMacros.build/Objects-normal/x86_64/SwiftSyntaxMacros.SwiftConstValuesFileList (in target 'SwiftSyntaxMacros' from project 'swift-syntax')
    cd /Users/harishvishwakarma/Library/Developer/Xcode/DerivedData/Revolt-dharrjsambcimaaziudpvzjdcigm/SourcePackages/checkouts/swift-syntax
    write-file /Users/harishvishwakarma/Library/Developer/Xcode/DerivedData/Revolt-dharrjsambcimaaziudpvzjdcigm/Build/Intermediates.noindex/swift-syntax.build/Debug/SwiftSyntaxMacros.build/Objects-normal/x86_64/SwiftSyntaxMacros.SwiftConstValuesFileList

WriteAuxiliaryFile /Users/harishvishwakarma/Library/Developer/Xcode/DerivedData/Revolt-dharrjsambcimaaziudpvzjdcigm/Build/Intermediates.noindex/swift-syntax.build/Debug/SwiftSyntaxMacros.build/Objects-normal/x86_64/SwiftSyntaxMacros.LinkFileList (in target 'SwiftSyntaxMacros' from project 'swift-syntax')
    cd /Users/harishvishwakarma/Library/Developer/Xcode/DerivedData/Revolt-dharrjsambcimaaziudpvzjdcigm/SourcePackages/checkouts/swift-syntax
    write-file /Users/harishvishwakarma/Library/Developer/Xcode/DerivedData/Revolt-dharrjsambcimaaziudpvzjdcigm/Build/Intermediates.noindex/swift-syntax.build/Debug/SwiftSyntaxMacros.build/Objects-normal/x86_64/SwiftSyntaxMacros.LinkFileList

WriteAuxiliaryFile /Users/harishvishwakarma/Library/Developer/Xcode/DerivedData/Revolt-dharrjsambcimaaziudpvzjdcigm/Build/Intermediates.noindex/swift-syntax.build/Debug/SwiftSyntaxMacros.build/Objects-normal/x86_64/SwiftSyntaxMacros-OutputFileMap.json (in target 'SwiftSyntaxMacros' from project 'swift-syntax')
    cd /Users/harishvishwakarma/Library/Developer/Xcode/DerivedData/Revolt-dharrjsambcimaaziudpvzjdcigm/SourcePackages/checkouts/swift-syntax
    write-file /Users/harishvishwakarma/Library/Developer/Xcode/DerivedData/Revolt-dharrjsambcimaaziudpvzjdcigm/Build/Intermediates.noindex/swift-syntax.build/Debug/SwiftSyntaxMacros.build/Objects-normal/x86_64/SwiftSyntaxMacros-OutputFileMap.json

WriteAuxiliaryFile /Users/harishvishwakarma/Library/Developer/Xcode/DerivedData/Revolt-dharrjsambcimaaziudpvzjdcigm/Build/Intermediates.noindex/swift-syntax.build/Debug/SwiftSyntaxMacros.build/Objects-normal/arm64/SwiftSyntaxMacros_const_extract_protocols.json (in target 'SwiftSyntaxMacros' from project 'swift-syntax')
    cd /Users/harishvishwakarma/Library/Developer/Xcode/DerivedData/Revolt-dharrjsambcimaaziudpvzjdcigm/SourcePackages/checkouts/swift-syntax
    write-file /Users/harishvishwakarma/Library/Developer/Xcode/DerivedData/Revolt-dharrjsambcimaaziudpvzjdcigm/Build/Intermediates.noindex/swift-syntax.build/Debug/SwiftSyntaxMacros.build/Objects-normal/arm64/SwiftSyntaxMacros_const_extract_protocols.json

WriteAuxiliaryFile /Users/harishvishwakarma/Library/Developer/Xcode/DerivedData/Revolt-dharrjsambcimaaziudpvzjdcigm/Build/Intermediates.noindex/swift-syntax.build/Debug/SwiftSyntaxMacros.build/Objects-normal/arm64/SwiftSyntaxMacros.SwiftFileList (in target 'SwiftSyntaxMacros' from project 'swift-syntax')
    cd /Users/harishvishwakarma/Library/Developer/Xcode/DerivedData/Revolt-dharrjsambcimaaziudpvzjdcigm/SourcePackages/checkouts/swift-syntax
    write-file /Users/harishvishwakarma/Library/Developer/Xcode/DerivedData/Revolt-dharrjsambcimaaziudpvzjdcigm/Build/Intermediates.noindex/swift-syntax.build/Debug/SwiftSyntaxMacros.build/Objects-normal/arm64/SwiftSyntaxMacros.SwiftFileList

WriteAuxiliaryFile /Users/harishvishwakarma/Library/Developer/Xcode/DerivedData/Revolt-dharrjsambcimaaziudpvzjdcigm/Build/Intermediates.noindex/swift-syntax.build/Debug/SwiftSyntaxMacros.build/Objects-normal/arm64/SwiftSyntaxMacros.SwiftConstValuesFileList (in target 'SwiftSyntaxMacros' from project 'swift-syntax')
    cd /Users/harishvishwakarma/Library/Developer/Xcode/DerivedData/Revolt-dharrjsambcimaaziudpvzjdcigm/SourcePackages/checkouts/swift-syntax
    write-file /Users/harishvishwakarma/Library/Developer/Xcode/DerivedData/Revolt-dharrjsambcimaaziudpvzjdcigm/Build/Intermediates.noindex/swift-syntax.build/Debug/SwiftSyntaxMacros.build/Objects-normal/arm64/SwiftSyntaxMacros.SwiftConstValuesFileList

WriteAuxiliaryFile /Users/harishvishwakarma/Library/Developer/Xcode/DerivedData/Revolt-dharrjsambcimaaziudpvzjdcigm/Build/Intermediates.noindex/swift-syntax.build/Debug/SwiftSyntaxMacros.build/Objects-normal/arm64/SwiftSyntaxMacros.LinkFileList (in target 'SwiftSyntaxMacros' from project 'swift-syntax')
    cd /Users/harishvishwakarma/Library/Developer/Xcode/DerivedData/Revolt-dharrjsambcimaaziudpvzjdcigm/SourcePackages/checkouts/swift-syntax
    write-file /Users/harishvishwakarma/Library/Developer/Xcode/DerivedData/Revolt-dharrjsambcimaaziudpvzjdcigm/Build/Intermediates.noindex/swift-syntax.build/Debug/SwiftSyntaxMacros.build/Objects-normal/arm64/SwiftSyntaxMacros.LinkFileList

WriteAuxiliaryFile /Users/harishvishwakarma/Library/Developer/Xcode/DerivedData/Revolt-dharrjsambcimaaziudpvzjdcigm/Build/Intermediates.noindex/swift-syntax.build/Debug/SwiftSyntaxMacros.build/Objects-normal/arm64/SwiftSyntaxMacros-OutputFileMap.json (in target 'SwiftSyntaxMacros' from project 'swift-syntax')
    cd /Users/harishvishwakarma/Library/Developer/Xcode/DerivedData/Revolt-dharrjsambcimaaziudpvzjdcigm/SourcePackages/checkouts/swift-syntax
    write-file /Users/harishvishwakarma/Library/Developer/Xcode/DerivedData/Revolt-dharrjsambcimaaziudpvzjdcigm/Build/Intermediates.noindex/swift-syntax.build/Debug/SwiftSyntaxMacros.build/Objects-normal/arm64/SwiftSyntaxMacros-OutputFileMap.json

WriteAuxiliaryFile /Users/harishvishwakarma/Library/Developer/Xcode/DerivedData/Revolt-dharrjsambcimaaziudpvzjdcigm/Build/Intermediates.noindex/swift-syntax.build/Debug/SwiftSyntaxMacroExpansion.build/Objects-normal/arm64/SwiftSyntaxMacroExpansion.SwiftFileList (in target 'SwiftSyntaxMacroExpansion' from project 'swift-syntax')
    cd /Users/harishvishwakarma/Library/Developer/Xcode/DerivedData/Revolt-dharrjsambcimaaziudpvzjdcigm/SourcePackages/checkouts/swift-syntax
    write-file /Users/harishvishwakarma/Library/Developer/Xcode/DerivedData/Revolt-dharrjsambcimaaziudpvzjdcigm/Build/Intermediates.noindex/swift-syntax.build/Debug/SwiftSyntaxMacroExpansion.build/Objects-normal/arm64/SwiftSyntaxMacroExpansion.SwiftFileList

WriteAuxiliaryFile /Users/harishvishwakarma/Library/Developer/Xcode/DerivedData/Revolt-dharrjsambcimaaziudpvzjdcigm/Build/Intermediates.noindex/swift-syntax.build/Debug/SwiftSyntaxMacroExpansion.build/Objects-normal/arm64/SwiftSyntaxMacroExpansion.SwiftConstValuesFileList (in target 'SwiftSyntaxMacroExpansion' from project 'swift-syntax')
    cd /Users/harishvishwakarma/Library/Developer/Xcode/DerivedData/Revolt-dharrjsambcimaaziudpvzjdcigm/SourcePackages/checkouts/swift-syntax
    write-file /Users/harishvishwakarma/Library/Developer/Xcode/DerivedData/Revolt-dharrjsambcimaaziudpvzjdcigm/Build/Intermediates.noindex/swift-syntax.build/Debug/SwiftSyntaxMacroExpansion.build/Objects-normal/arm64/SwiftSyntaxMacroExpansion.SwiftConstValuesFileList

WriteAuxiliaryFile /Users/harishvishwakarma/Library/Developer/Xcode/DerivedData/Revolt-dharrjsambcimaaziudpvzjdcigm/Build/Intermediates.noindex/swift-syntax.build/Debug/SwiftSyntaxMacroExpansion.build/Objects-normal/arm64/SwiftSyntaxMacroExpansion.LinkFileList (in target 'SwiftSyntaxMacroExpansion' from project 'swift-syntax')
    cd /Users/harishvishwakarma/Library/Developer/Xcode/DerivedData/Revolt-dharrjsambcimaaziudpvzjdcigm/SourcePackages/checkouts/swift-syntax
    write-file /Users/harishvishwakarma/Library/Developer/Xcode/DerivedData/Revolt-dharrjsambcimaaziudpvzjdcigm/Build/Intermediates.noindex/swift-syntax.build/Debug/SwiftSyntaxMacroExpansion.build/Objects-normal/arm64/SwiftSyntaxMacroExpansion.LinkFileList

WriteAuxiliaryFile /Users/harishvishwakarma/Library/Developer/Xcode/DerivedData/Revolt-dharrjsambcimaaziudpvzjdcigm/Build/Intermediates.noindex/swift-syntax.build/Debug/SwiftSyntaxBuilder.build/SwiftSyntaxBuilder.modulemap (in target 'SwiftSyntaxBuilder' from project 'swift-syntax')
    cd /Users/harishvishwakarma/Library/Developer/Xcode/DerivedData/Revolt-dharrjsambcimaaziudpvzjdcigm/SourcePackages/checkouts/swift-syntax
    write-file /Users/harishvishwakarma/Library/Developer/Xcode/DerivedData/Revolt-dharrjsambcimaaziudpvzjdcigm/Build/Intermediates.noindex/swift-syntax.build/Debug/SwiftSyntaxBuilder.build/SwiftSyntaxBuilder.modulemap

WriteAuxiliaryFile /Users/harishvishwakarma/Library/Developer/Xcode/DerivedData/Revolt-dharrjsambcimaaziudpvzjdcigm/Build/Intermediates.noindex/swift-syntax.build/Debug/SwiftSyntaxBuilder.build/SwiftSyntaxBuilder.DependencyStaticMetadataFileList (in target 'SwiftSyntaxBuilder' from project 'swift-syntax')
    cd /Users/harishvishwakarma/Library/Developer/Xcode/DerivedData/Revolt-dharrjsambcimaaziudpvzjdcigm/SourcePackages/checkouts/swift-syntax
    write-file /Users/harishvishwakarma/Library/Developer/Xcode/DerivedData/Revolt-dharrjsambcimaaziudpvzjdcigm/Build/Intermediates.noindex/swift-syntax.build/Debug/SwiftSyntaxBuilder.build/SwiftSyntaxBuilder.DependencyStaticMetadataFileList

WriteAuxiliaryFile /Users/harishvishwakarma/Library/Developer/Xcode/DerivedData/Revolt-dharrjsambcimaaziudpvzjdcigm/Build/Intermediates.noindex/swift-syntax.build/Debug/SwiftSyntaxBuilder.build/SwiftSyntaxBuilder.DependencyMetadataFileList (in target 'SwiftSyntaxBuilder' from project 'swift-syntax')
    cd /Users/harishvishwakarma/Library/Developer/Xcode/DerivedData/Revolt-dharrjsambcimaaziudpvzjdcigm/SourcePackages/checkouts/swift-syntax
    write-file /Users/harishvishwakarma/Library/Developer/Xcode/DerivedData/Revolt-dharrjsambcimaaziudpvzjdcigm/Build/Intermediates.noindex/swift-syntax.build/Debug/SwiftSyntaxBuilder.build/SwiftSyntaxBuilder.DependencyMetadataFileList

WriteAuxiliaryFile /Users/harishvishwakarma/Library/Developer/Xcode/DerivedData/Revolt-dharrjsambcimaaziudpvzjdcigm/Build/Intermediates.noindex/swift-syntax.build/Debug/SwiftSyntaxBuilder.build/Objects-normal/x86_64/SwiftSyntaxBuilder_const_extract_protocols.json (in target 'SwiftSyntaxBuilder' from project 'swift-syntax')
    cd /Users/harishvishwakarma/Library/Developer/Xcode/DerivedData/Revolt-dharrjsambcimaaziudpvzjdcigm/SourcePackages/checkouts/swift-syntax
    write-file /Users/harishvishwakarma/Library/Developer/Xcode/DerivedData/Revolt-dharrjsambcimaaziudpvzjdcigm/Build/Intermediates.noindex/swift-syntax.build/Debug/SwiftSyntaxBuilder.build/Objects-normal/x86_64/SwiftSyntaxBuilder_const_extract_protocols.json

WriteAuxiliaryFile /Users/harishvishwakarma/Library/Developer/Xcode/DerivedData/Revolt-dharrjsambcimaaziudpvzjdcigm/Build/Intermediates.noindex/swift-syntax.build/Debug/SwiftSyntaxBuilder.build/Objects-normal/x86_64/SwiftSyntaxBuilder.SwiftFileList (in target 'SwiftSyntaxBuilder' from project 'swift-syntax')
    cd /Users/harishvishwakarma/Library/Developer/Xcode/DerivedData/Revolt-dharrjsambcimaaziudpvzjdcigm/SourcePackages/checkouts/swift-syntax
    write-file /Users/harishvishwakarma/Library/Developer/Xcode/DerivedData/Revolt-dharrjsambcimaaziudpvzjdcigm/Build/Intermediates.noindex/swift-syntax.build/Debug/SwiftSyntaxBuilder.build/Objects-normal/x86_64/SwiftSyntaxBuilder.SwiftFileList

WriteAuxiliaryFile /Users/harishvishwakarma/Library/Developer/Xcode/DerivedData/Revolt-dharrjsambcimaaziudpvzjdcigm/Build/Intermediates.noindex/swift-syntax.build/Debug/SwiftSyntaxBuilder.build/Objects-normal/x86_64/SwiftSyntaxBuilder.SwiftConstValuesFileList (in target 'SwiftSyntaxBuilder' from project 'swift-syntax')
    cd /Users/harishvishwakarma/Library/Developer/Xcode/DerivedData/Revolt-dharrjsambcimaaziudpvzjdcigm/SourcePackages/checkouts/swift-syntax
    write-file /Users/harishvishwakarma/Library/Developer/Xcode/DerivedData/Revolt-dharrjsambcimaaziudpvzjdcigm/Build/Intermediates.noindex/swift-syntax.build/Debug/SwiftSyntaxBuilder.build/Objects-normal/x86_64/SwiftSyntaxBuilder.SwiftConstValuesFileList

WriteAuxiliaryFile /Users/harishvishwakarma/Library/Developer/Xcode/DerivedData/Revolt-dharrjsambcimaaziudpvzjdcigm/Build/Intermediates.noindex/swift-syntax.build/Debug/SwiftSyntaxBuilder.build/Objects-normal/x86_64/SwiftSyntaxBuilder.LinkFileList (in target 'SwiftSyntaxBuilder' from project 'swift-syntax')
    cd /Users/harishvishwakarma/Library/Developer/Xcode/DerivedData/Revolt-dharrjsambcimaaziudpvzjdcigm/SourcePackages/checkouts/swift-syntax
    write-file /Users/harishvishwakarma/Library/Developer/Xcode/DerivedData/Revolt-dharrjsambcimaaziudpvzjdcigm/Build/Intermediates.noindex/swift-syntax.build/Debug/SwiftSyntaxBuilder.build/Objects-normal/x86_64/SwiftSyntaxBuilder.LinkFileList

WriteAuxiliaryFile /Users/harishvishwakarma/Library/Developer/Xcode/DerivedData/Revolt-dharrjsambcimaaziudpvzjdcigm/Build/Intermediates.noindex/swift-syntax.build/Debug/SwiftSyntaxBuilder.build/Objects-normal/x86_64/SwiftSyntaxBuilder-OutputFileMap.json (in target 'SwiftSyntaxBuilder' from project 'swift-syntax')
    cd /Users/harishvishwakarma/Library/Developer/Xcode/DerivedData/Revolt-dharrjsambcimaaziudpvzjdcigm/SourcePackages/checkouts/swift-syntax
    write-file /Users/harishvishwakarma/Library/Developer/Xcode/DerivedData/Revolt-dharrjsambcimaaziudpvzjdcigm/Build/Intermediates.noindex/swift-syntax.build/Debug/SwiftSyntaxBuilder.build/Objects-normal/x86_64/SwiftSyntaxBuilder-OutputFileMap.json

WriteAuxiliaryFile /Users/harishvishwakarma/Library/Developer/Xcode/DerivedData/Revolt-dharrjsambcimaaziudpvzjdcigm/Build/Intermediates.noindex/swift-syntax.build/Debug/SwiftSyntaxBuilder.build/Objects-normal/arm64/SwiftSyntaxBuilder_const_extract_protocols.json (in target 'SwiftSyntaxBuilder' from project 'swift-syntax')
    cd /Users/harishvishwakarma/Library/Developer/Xcode/DerivedData/Revolt-dharrjsambcimaaziudpvzjdcigm/SourcePackages/checkouts/swift-syntax
    write-file /Users/harishvishwakarma/Library/Developer/Xcode/DerivedData/Revolt-dharrjsambcimaaziudpvzjdcigm/Build/Intermediates.noindex/swift-syntax.build/Debug/SwiftSyntaxBuilder.build/Objects-normal/arm64/SwiftSyntaxBuilder_const_extract_protocols.json

WriteAuxiliaryFile /Users/harishvishwakarma/Library/Developer/Xcode/DerivedData/Revolt-dharrjsambcimaaziudpvzjdcigm/Build/Intermediates.noindex/swift-syntax.build/Debug/SwiftSyntaxBuilder.build/Objects-normal/arm64/SwiftSyntaxBuilder.SwiftFileList (in target 'SwiftSyntaxBuilder' from project 'swift-syntax')
    cd /Users/harishvishwakarma/Library/Developer/Xcode/DerivedData/Revolt-dharrjsambcimaaziudpvzjdcigm/SourcePackages/checkouts/swift-syntax
    write-file /Users/harishvishwakarma/Library/Developer/Xcode/DerivedData/Revolt-dharrjsambcimaaziudpvzjdcigm/Build/Intermediates.noindex/swift-syntax.build/Debug/SwiftSyntaxBuilder.build/Objects-normal/arm64/SwiftSyntaxBuilder.SwiftFileList

WriteAuxiliaryFile /Users/harishvishwakarma/Library/Developer/Xcode/DerivedData/Revolt-dharrjsambcimaaziudpvzjdcigm/Build/Intermediates.noindex/swift-syntax.build/Debug/SwiftSyntaxBuilder.build/Objects-normal/arm64/SwiftSyntaxBuilder.SwiftConstValuesFileList (in target 'SwiftSyntaxBuilder' from project 'swift-syntax')
    cd /Users/harishvishwakarma/Library/Developer/Xcode/DerivedData/Revolt-dharrjsambcimaaziudpvzjdcigm/SourcePackages/checkouts/swift-syntax
    write-file /Users/harishvishwakarma/Library/Developer/Xcode/DerivedData/Revolt-dharrjsambcimaaziudpvzjdcigm/Build/Intermediates.noindex/swift-syntax.build/Debug/SwiftSyntaxBuilder.build/Objects-normal/arm64/SwiftSyntaxBuilder.SwiftConstValuesFileList

WriteAuxiliaryFile /Users/harishvishwakarma/Library/Developer/Xcode/DerivedData/Revolt-dharrjsambcimaaziudpvzjdcigm/Build/Intermediates.noindex/swift-syntax.build/Debug/SwiftSyntaxBuilder.build/Objects-normal/arm64/SwiftSyntaxBuilder.LinkFileList (in target 'SwiftSyntaxBuilder' from project 'swift-syntax')
    cd /Users/harishvishwakarma/Library/Developer/Xcode/DerivedData/Revolt-dharrjsambcimaaziudpvzjdcigm/SourcePackages/checkouts/swift-syntax
    write-file /Users/harishvishwakarma/Library/Developer/Xcode/DerivedData/Revolt-dharrjsambcimaaziudpvzjdcigm/Build/Intermediates.noindex/swift-syntax.build/Debug/SwiftSyntaxBuilder.build/Objects-normal/arm64/SwiftSyntaxBuilder.LinkFileList

WriteAuxiliaryFile /Users/harishvishwakarma/Library/Developer/Xcode/DerivedData/Revolt-dharrjsambcimaaziudpvzjdcigm/Build/Intermediates.noindex/swift-syntax.build/Debug/SwiftSyntaxBuilder.build/Objects-normal/arm64/SwiftSyntaxBuilder-OutputFileMap.json (in target 'SwiftSyntaxBuilder' from project 'swift-syntax')
    cd /Users/harishvishwakarma/Library/Developer/Xcode/DerivedData/Revolt-dharrjsambcimaaziudpvzjdcigm/SourcePackages/checkouts/swift-syntax
    write-file /Users/harishvishwakarma/Library/Developer/Xcode/DerivedData/Revolt-dharrjsambcimaaziudpvzjdcigm/Build/Intermediates.noindex/swift-syntax.build/Debug/SwiftSyntaxBuilder.build/Objects-normal/arm64/SwiftSyntaxBuilder-OutputFileMap.json

WriteAuxiliaryFile /Users/harishvishwakarma/Library/Developer/Xcode/DerivedData/Revolt-dharrjsambcimaaziudpvzjdcigm/Build/Intermediates.noindex/swift-syntax.build/Debug/SwiftSyntax509.build/SwiftSyntax509.modulemap (in target 'SwiftSyntax509' from project 'swift-syntax')
    cd /Users/harishvishwakarma/Library/Developer/Xcode/DerivedData/Revolt-dharrjsambcimaaziudpvzjdcigm/SourcePackages/checkouts/swift-syntax
    write-file /Users/harishvishwakarma/Library/Developer/Xcode/DerivedData/Revolt-dharrjsambcimaaziudpvzjdcigm/Build/Intermediates.noindex/swift-syntax.build/Debug/SwiftSyntax509.build/SwiftSyntax509.modulemap

WriteAuxiliaryFile /Users/harishvishwakarma/Library/Developer/Xcode/DerivedData/Revolt-dharrjsambcimaaziudpvzjdcigm/Build/Intermediates.noindex/swift-syntax.build/Debug/SwiftSyntax509.build/SwiftSyntax509.DependencyStaticMetadataFileList (in target 'SwiftSyntax509' from project 'swift-syntax')
    cd /Users/harishvishwakarma/Library/Developer/Xcode/DerivedData/Revolt-dharrjsambcimaaziudpvzjdcigm/SourcePackages/checkouts/swift-syntax
    write-file /Users/harishvishwakarma/Library/Developer/Xcode/DerivedData/Revolt-dharrjsambcimaaziudpvzjdcigm/Build/Intermediates.noindex/swift-syntax.build/Debug/SwiftSyntax509.build/SwiftSyntax509.DependencyStaticMetadataFileList

WriteAuxiliaryFile /Users/harishvishwakarma/Library/Developer/Xcode/DerivedData/Revolt-dharrjsambcimaaziudpvzjdcigm/Build/Intermediates.noindex/swift-syntax.build/Debug/SwiftSyntax509.build/SwiftSyntax509.DependencyMetadataFileList (in target 'SwiftSyntax509' from project 'swift-syntax')
    cd /Users/harishvishwakarma/Library/Developer/Xcode/DerivedData/Revolt-dharrjsambcimaaziudpvzjdcigm/SourcePackages/checkouts/swift-syntax
    write-file /Users/harishvishwakarma/Library/Developer/Xcode/DerivedData/Revolt-dharrjsambcimaaziudpvzjdcigm/Build/Intermediates.noindex/swift-syntax.build/Debug/SwiftSyntax509.build/SwiftSyntax509.DependencyMetadataFileList

WriteAuxiliaryFile /Users/harishvishwakarma/Library/Developer/Xcode/DerivedData/Revolt-dharrjsambcimaaziudpvzjdcigm/Build/Intermediates.noindex/swift-syntax.build/Debug/SwiftSyntax509.build/Objects-normal/x86_64/SwiftSyntax509_const_extract_protocols.json (in target 'SwiftSyntax509' from project 'swift-syntax')
    cd /Users/harishvishwakarma/Library/Developer/Xcode/DerivedData/Revolt-dharrjsambcimaaziudpvzjdcigm/SourcePackages/checkouts/swift-syntax
    write-file /Users/harishvishwakarma/Library/Developer/Xcode/DerivedData/Revolt-dharrjsambcimaaziudpvzjdcigm/Build/Intermediates.noindex/swift-syntax.build/Debug/SwiftSyntax509.build/Objects-normal/x86_64/SwiftSyntax509_const_extract_protocols.json

WriteAuxiliaryFile /Users/harishvishwakarma/Library/Developer/Xcode/DerivedData/Revolt-dharrjsambcimaaziudpvzjdcigm/Build/Intermediates.noindex/swift-syntax.build/Debug/SwiftSyntax509.build/Objects-normal/x86_64/SwiftSyntax509.SwiftFileList (in target 'SwiftSyntax509' from project 'swift-syntax')
    cd /Users/harishvishwakarma/Library/Developer/Xcode/DerivedData/Revolt-dharrjsambcimaaziudpvzjdcigm/SourcePackages/checkouts/swift-syntax
    write-file /Users/harishvishwakarma/Library/Developer/Xcode/DerivedData/Revolt-dharrjsambcimaaziudpvzjdcigm/Build/Intermediates.noindex/swift-syntax.build/Debug/SwiftSyntax509.build/Objects-normal/x86_64/SwiftSyntax509.SwiftFileList

WriteAuxiliaryFile /Users/harishvishwakarma/Library/Developer/Xcode/DerivedData/Revolt-dharrjsambcimaaziudpvzjdcigm/Build/Intermediates.noindex/swift-syntax.build/Debug/SwiftSyntax509.build/Objects-normal/x86_64/SwiftSyntax509.SwiftConstValuesFileList (in target 'SwiftSyntax509' from project 'swift-syntax')
    cd /Users/harishvishwakarma/Library/Developer/Xcode/DerivedData/Revolt-dharrjsambcimaaziudpvzjdcigm/SourcePackages/checkouts/swift-syntax
    write-file /Users/harishvishwakarma/Library/Developer/Xcode/DerivedData/Revolt-dharrjsambcimaaziudpvzjdcigm/Build/Intermediates.noindex/swift-syntax.build/Debug/SwiftSyntax509.build/Objects-normal/x86_64/SwiftSyntax509.SwiftConstValuesFileList

WriteAuxiliaryFile /Users/harishvishwakarma/Library/Developer/Xcode/DerivedData/Revolt-dharrjsambcimaaziudpvzjdcigm/Build/Intermediates.noindex/swift-syntax.build/Debug/SwiftSyntax509.build/Objects-normal/x86_64/SwiftSyntax509.LinkFileList (in target 'SwiftSyntax509' from project 'swift-syntax')
    cd /Users/harishvishwakarma/Library/Developer/Xcode/DerivedData/Revolt-dharrjsambcimaaziudpvzjdcigm/SourcePackages/checkouts/swift-syntax
    write-file /Users/harishvishwakarma/Library/Developer/Xcode/DerivedData/Revolt-dharrjsambcimaaziudpvzjdcigm/Build/Intermediates.noindex/swift-syntax.build/Debug/SwiftSyntax509.build/Objects-normal/x86_64/SwiftSyntax509.LinkFileList

WriteAuxiliaryFile /Users/harishvishwakarma/Library/Developer/Xcode/DerivedData/Revolt-dharrjsambcimaaziudpvzjdcigm/Build/Intermediates.noindex/swift-syntax.build/Debug/SwiftSyntax509.build/Objects-normal/x86_64/SwiftSyntax509-OutputFileMap.json (in target 'SwiftSyntax509' from project 'swift-syntax')
    cd /Users/harishvishwakarma/Library/Developer/Xcode/DerivedData/Revolt-dharrjsambcimaaziudpvzjdcigm/SourcePackages/checkouts/swift-syntax
    write-file /Users/harishvishwakarma/Library/Developer/Xcode/DerivedData/Revolt-dharrjsambcimaaziudpvzjdcigm/Build/Intermediates.noindex/swift-syntax.build/Debug/SwiftSyntax509.build/Objects-normal/x86_64/SwiftSyntax509-OutputFileMap.json

WriteAuxiliaryFile /Users/harishvishwakarma/Library/Developer/Xcode/DerivedData/Revolt-dharrjsambcimaaziudpvzjdcigm/Build/Intermediates.noindex/swift-syntax.build/Debug/SwiftSyntax509.build/Objects-normal/arm64/SwiftSyntax509_const_extract_protocols.json (in target 'SwiftSyntax509' from project 'swift-syntax')
    cd /Users/harishvishwakarma/Library/Developer/Xcode/DerivedData/Revolt-dharrjsambcimaaziudpvzjdcigm/SourcePackages/checkouts/swift-syntax
    write-file /Users/harishvishwakarma/Library/Developer/Xcode/DerivedData/Revolt-dharrjsambcimaaziudpvzjdcigm/Build/Intermediates.noindex/swift-syntax.build/Debug/SwiftSyntax509.build/Objects-normal/arm64/SwiftSyntax509_const_extract_protocols.json

WriteAuxiliaryFile /Users/harishvishwakarma/Library/Developer/Xcode/DerivedData/Revolt-dharrjsambcimaaziudpvzjdcigm/Build/Intermediates.noindex/swift-syntax.build/Debug/SwiftSyntax509.build/Objects-normal/arm64/SwiftSyntax509.SwiftFileList (in target 'SwiftSyntax509' from project 'swift-syntax')
    cd /Users/harishvishwakarma/Library/Developer/Xcode/DerivedData/Revolt-dharrjsambcimaaziudpvzjdcigm/SourcePackages/checkouts/swift-syntax
    write-file /Users/harishvishwakarma/Library/Developer/Xcode/DerivedData/Revolt-dharrjsambcimaaziudpvzjdcigm/Build/Intermediates.noindex/swift-syntax.build/Debug/SwiftSyntax509.build/Objects-normal/arm64/SwiftSyntax509.SwiftFileList

WriteAuxiliaryFile /Users/harishvishwakarma/Library/Developer/Xcode/DerivedData/Revolt-dharrjsambcimaaziudpvzjdcigm/Build/Intermediates.noindex/swift-syntax.build/Debug/SwiftSyntax509.build/Objects-normal/arm64/SwiftSyntax509.SwiftConstValuesFileList (in target 'SwiftSyntax509' from project 'swift-syntax')
    cd /Users/harishvishwakarma/Library/Developer/Xcode/DerivedData/Revolt-dharrjsambcimaaziudpvzjdcigm/SourcePackages/checkouts/swift-syntax
    write-file /Users/harishvishwakarma/Library/Developer/Xcode/DerivedData/Revolt-dharrjsambcimaaziudpvzjdcigm/Build/Intermediates.noindex/swift-syntax.build/Debug/SwiftSyntax509.build/Objects-normal/arm64/SwiftSyntax509.SwiftConstValuesFileList

WriteAuxiliaryFile /Users/harishvishwakarma/Library/Developer/Xcode/DerivedData/Revolt-dharrjsambcimaaziudpvzjdcigm/Build/Intermediates.noindex/swift-syntax.build/Debug/SwiftSyntax509.build/Objects-normal/arm64/SwiftSyntax509.LinkFileList (in target 'SwiftSyntax509' from project 'swift-syntax')
    cd /Users/harishvishwakarma/Library/Developer/Xcode/DerivedData/Revolt-dharrjsambcimaaziudpvzjdcigm/SourcePackages/checkouts/swift-syntax
    write-file /Users/harishvishwakarma/Library/Developer/Xcode/DerivedData/Revolt-dharrjsambcimaaziudpvzjdcigm/Build/Intermediates.noindex/swift-syntax.build/Debug/SwiftSyntax509.build/Objects-normal/arm64/SwiftSyntax509.LinkFileList

WriteAuxiliaryFile /Users/harishvishwakarma/Library/Developer/Xcode/DerivedData/Revolt-dharrjsambcimaaziudpvzjdcigm/Build/Intermediates.noindex/swift-syntax.build/Debug/SwiftSyntax509.build/Objects-normal/arm64/SwiftSyntax509-OutputFileMap.json (in target 'SwiftSyntax509' from project 'swift-syntax')
    cd /Users/harishvishwakarma/Library/Developer/Xcode/DerivedData/Revolt-dharrjsambcimaaziudpvzjdcigm/SourcePackages/checkouts/swift-syntax
    write-file /Users/harishvishwakarma/Library/Developer/Xcode/DerivedData/Revolt-dharrjsambcimaaziudpvzjdcigm/Build/Intermediates.noindex/swift-syntax.build/Debug/SwiftSyntax509.build/Objects-normal/arm64/SwiftSyntax509-OutputFileMap.json

WriteAuxiliaryFile /Users/harishvishwakarma/Library/Developer/Xcode/DerivedData/Revolt-dharrjsambcimaaziudpvzjdcigm/Build/Intermediates.noindex/swift-syntax.build/Debug/SwiftSyntax.build/SwiftSyntax.modulemap (in target 'SwiftSyntax' from project 'swift-syntax')
    cd /Users/harishvishwakarma/Library/Developer/Xcode/DerivedData/Revolt-dharrjsambcimaaziudpvzjdcigm/SourcePackages/checkouts/swift-syntax
    write-file /Users/harishvishwakarma/Library/Developer/Xcode/DerivedData/Revolt-dharrjsambcimaaziudpvzjdcigm/Build/Intermediates.noindex/swift-syntax.build/Debug/SwiftSyntax.build/SwiftSyntax.modulemap

WriteAuxiliaryFile /Users/harishvishwakarma/Library/Developer/Xcode/DerivedData/Revolt-dharrjsambcimaaziudpvzjdcigm/Build/Intermediates.noindex/swift-syntax.build/Debug/SwiftSyntax.build/SwiftSyntax.DependencyStaticMetadataFileList (in target 'SwiftSyntax' from project 'swift-syntax')
    cd /Users/harishvishwakarma/Library/Developer/Xcode/DerivedData/Revolt-dharrjsambcimaaziudpvzjdcigm/SourcePackages/checkouts/swift-syntax
    write-file /Users/harishvishwakarma/Library/Developer/Xcode/DerivedData/Revolt-dharrjsambcimaaziudpvzjdcigm/Build/Intermediates.noindex/swift-syntax.build/Debug/SwiftSyntax.build/SwiftSyntax.DependencyStaticMetadataFileList

WriteAuxiliaryFile /Users/harishvishwakarma/Library/Developer/Xcode/DerivedData/Revolt-dharrjsambcimaaziudpvzjdcigm/Build/Intermediates.noindex/swift-syntax.build/Debug/SwiftSyntax.build/SwiftSyntax.DependencyMetadataFileList (in target 'SwiftSyntax' from project 'swift-syntax')
    cd /Users/harishvishwakarma/Library/Developer/Xcode/DerivedData/Revolt-dharrjsambcimaaziudpvzjdcigm/SourcePackages/checkouts/swift-syntax
    write-file /Users/harishvishwakarma/Library/Developer/Xcode/DerivedData/Revolt-dharrjsambcimaaziudpvzjdcigm/Build/Intermediates.noindex/swift-syntax.build/Debug/SwiftSyntax.build/SwiftSyntax.DependencyMetadataFileList

WriteAuxiliaryFile /Users/harishvishwakarma/Library/Developer/Xcode/DerivedData/Revolt-dharrjsambcimaaziudpvzjdcigm/Build/Intermediates.noindex/swift-syntax.build/Debug/SwiftSyntax.build/Objects-normal/x86_64/SwiftSyntax_const_extract_protocols.json (in target 'SwiftSyntax' from project 'swift-syntax')
    cd /Users/harishvishwakarma/Library/Developer/Xcode/DerivedData/Revolt-dharrjsambcimaaziudpvzjdcigm/SourcePackages/checkouts/swift-syntax
    write-file /Users/harishvishwakarma/Library/Developer/Xcode/DerivedData/Revolt-dharrjsambcimaaziudpvzjdcigm/Build/Intermediates.noindex/swift-syntax.build/Debug/SwiftSyntax.build/Objects-normal/x86_64/SwiftSyntax_const_extract_protocols.json

WriteAuxiliaryFile /Users/harishvishwakarma/Library/Developer/Xcode/DerivedData/Revolt-dharrjsambcimaaziudpvzjdcigm/Build/Intermediates.noindex/swift-syntax.build/Debug/SwiftSyntax.build/Objects-normal/x86_64/SwiftSyntax.SwiftFileList (in target 'SwiftSyntax' from project 'swift-syntax')
    cd /Users/harishvishwakarma/Library/Developer/Xcode/DerivedData/Revolt-dharrjsambcimaaziudpvzjdcigm/SourcePackages/checkouts/swift-syntax
    write-file /Users/harishvishwakarma/Library/Developer/Xcode/DerivedData/Revolt-dharrjsambcimaaziudpvzjdcigm/Build/Intermediates.noindex/swift-syntax.build/Debug/SwiftSyntax.build/Objects-normal/x86_64/SwiftSyntax.SwiftFileList

WriteAuxiliaryFile /Users/harishvishwakarma/Library/Developer/Xcode/DerivedData/Revolt-dharrjsambcimaaziudpvzjdcigm/Build/Intermediates.noindex/swift-syntax.build/Debug/SwiftSyntax.build/Objects-normal/x86_64/SwiftSyntax.SwiftConstValuesFileList (in target 'SwiftSyntax' from project 'swift-syntax')
    cd /Users/harishvishwakarma/Library/Developer/Xcode/DerivedData/Revolt-dharrjsambcimaaziudpvzjdcigm/SourcePackages/checkouts/swift-syntax
    write-file /Users/harishvishwakarma/Library/Developer/Xcode/DerivedData/Revolt-dharrjsambcimaaziudpvzjdcigm/Build/Intermediates.noindex/swift-syntax.build/Debug/SwiftSyntax.build/Objects-normal/x86_64/SwiftSyntax.SwiftConstValuesFileList

WriteAuxiliaryFile /Users/harishvishwakarma/Library/Developer/Xcode/DerivedData/Revolt-dharrjsambcimaaziudpvzjdcigm/Build/Intermediates.noindex/swift-syntax.build/Debug/SwiftSyntax.build/Objects-normal/x86_64/SwiftSyntax.LinkFileList (in target 'SwiftSyntax' from project 'swift-syntax')
    cd /Users/harishvishwakarma/Library/Developer/Xcode/DerivedData/Revolt-dharrjsambcimaaziudpvzjdcigm/SourcePackages/checkouts/swift-syntax
    write-file /Users/harishvishwakarma/Library/Developer/Xcode/DerivedData/Revolt-dharrjsambcimaaziudpvzjdcigm/Build/Intermediates.noindex/swift-syntax.build/Debug/SwiftSyntax.build/Objects-normal/x86_64/SwiftSyntax.LinkFileList

WriteAuxiliaryFile /Users/harishvishwakarma/Library/Developer/Xcode/DerivedData/Revolt-dharrjsambcimaaziudpvzjdcigm/Build/Intermediates.noindex/swift-syntax.build/Debug/SwiftSyntax.build/Objects-normal/x86_64/SwiftSyntax-OutputFileMap.json (in target 'SwiftSyntax' from project 'swift-syntax')
    cd /Users/harishvishwakarma/Library/Developer/Xcode/DerivedData/Revolt-dharrjsambcimaaziudpvzjdcigm/SourcePackages/checkouts/swift-syntax
    write-file /Users/harishvishwakarma/Library/Developer/Xcode/DerivedData/Revolt-dharrjsambcimaaziudpvzjdcigm/Build/Intermediates.noindex/swift-syntax.build/Debug/SwiftSyntax.build/Objects-normal/x86_64/SwiftSyntax-OutputFileMap.json

WriteAuxiliaryFile /Users/harishvishwakarma/Library/Developer/Xcode/DerivedData/Revolt-dharrjsambcimaaziudpvzjdcigm/Build/Intermediates.noindex/swift-syntax.build/Debug/SwiftSyntax.build/Objects-normal/arm64/SwiftSyntax_const_extract_protocols.json (in target 'SwiftSyntax' from project 'swift-syntax')
    cd /Users/harishvishwakarma/Library/Developer/Xcode/DerivedData/Revolt-dharrjsambcimaaziudpvzjdcigm/SourcePackages/checkouts/swift-syntax
    write-file /Users/harishvishwakarma/Library/Developer/Xcode/DerivedData/Revolt-dharrjsambcimaaziudpvzjdcigm/Build/Intermediates.noindex/swift-syntax.build/Debug/SwiftSyntax.build/Objects-normal/arm64/SwiftSyntax_const_extract_protocols.json

WriteAuxiliaryFile /Users/harishvishwakarma/Library/Developer/Xcode/DerivedData/Revolt-dharrjsambcimaaziudpvzjdcigm/Build/Intermediates.noindex/swift-syntax.build/Debug/SwiftSyntax.build/Objects-normal/arm64/SwiftSyntax.SwiftFileList (in target 'SwiftSyntax' from project 'swift-syntax')
    cd /Users/harishvishwakarma/Library/Developer/Xcode/DerivedData/Revolt-dharrjsambcimaaziudpvzjdcigm/SourcePackages/checkouts/swift-syntax
    write-file /Users/harishvishwakarma/Library/Developer/Xcode/DerivedData/Revolt-dharrjsambcimaaziudpvzjdcigm/Build/Intermediates.noindex/swift-syntax.build/Debug/SwiftSyntax.build/Objects-normal/arm64/SwiftSyntax.SwiftFileList

WriteAuxiliaryFile /Users/harishvishwakarma/Library/Developer/Xcode/DerivedData/Revolt-dharrjsambcimaaziudpvzjdcigm/Build/Intermediates.noindex/swift-syntax.build/Debug/SwiftSyntax.build/Objects-normal/arm64/SwiftSyntax.SwiftConstValuesFileList (in target 'SwiftSyntax' from project 'swift-syntax')
    cd /Users/harishvishwakarma/Library/Developer/Xcode/DerivedData/Revolt-dharrjsambcimaaziudpvzjdcigm/SourcePackages/checkouts/swift-syntax
    write-file /Users/harishvishwakarma/Library/Developer/Xcode/DerivedData/Revolt-dharrjsambcimaaziudpvzjdcigm/Build/Intermediates.noindex/swift-syntax.build/Debug/SwiftSyntax.build/Objects-normal/arm64/SwiftSyntax.SwiftConstValuesFileList

WriteAuxiliaryFile /Users/harishvishwakarma/Library/Developer/Xcode/DerivedData/Revolt-dharrjsambcimaaziudpvzjdcigm/Build/Intermediates.noindex/swift-syntax.build/Debug/SwiftSyntax.build/Objects-normal/arm64/SwiftSyntax.LinkFileList (in target 'SwiftSyntax' from project 'swift-syntax')
    cd /Users/harishvishwakarma/Library/Developer/Xcode/DerivedData/Revolt-dharrjsambcimaaziudpvzjdcigm/SourcePackages/checkouts/swift-syntax
    write-file /Users/harishvishwakarma/Library/Developer/Xcode/DerivedData/Revolt-dharrjsambcimaaziudpvzjdcigm/Build/Intermediates.noindex/swift-syntax.build/Debug/SwiftSyntax.build/Objects-normal/arm64/SwiftSyntax.LinkFileList

WriteAuxiliaryFile /Users/harishvishwakarma/Library/Developer/Xcode/DerivedData/Revolt-dharrjsambcimaaziudpvzjdcigm/Build/Intermediates.noindex/swift-syntax.build/Debug/SwiftSyntax.build/Objects-normal/arm64/SwiftSyntax-OutputFileMap.json (in target 'SwiftSyntax' from project 'swift-syntax')
    cd /Users/harishvishwakarma/Library/Developer/Xcode/DerivedData/Revolt-dharrjsambcimaaziudpvzjdcigm/SourcePackages/checkouts/swift-syntax
    write-file /Users/harishvishwakarma/Library/Developer/Xcode/DerivedData/Revolt-dharrjsambcimaaziudpvzjdcigm/Build/Intermediates.noindex/swift-syntax.build/Debug/SwiftSyntax.build/Objects-normal/arm64/SwiftSyntax-OutputFileMap.json

WriteAuxiliaryFile /Users/harishvishwakarma/Library/Developer/Xcode/DerivedData/Revolt-dharrjsambcimaaziudpvzjdcigm/Build/Intermediates.noindex/swift-syntax.build/Debug/SwiftParserDiagnostics.build/SwiftParserDiagnostics.modulemap (in target 'SwiftParserDiagnostics' from project 'swift-syntax')
    cd /Users/harishvishwakarma/Library/Developer/Xcode/DerivedData/Revolt-dharrjsambcimaaziudpvzjdcigm/SourcePackages/checkouts/swift-syntax
    write-file /Users/harishvishwakarma/Library/Developer/Xcode/DerivedData/Revolt-dharrjsambcimaaziudpvzjdcigm/Build/Intermediates.noindex/swift-syntax.build/Debug/SwiftParserDiagnostics.build/SwiftParserDiagnostics.modulemap

WriteAuxiliaryFile /Users/harishvishwakarma/Library/Developer/Xcode/DerivedData/Revolt-dharrjsambcimaaziudpvzjdcigm/Build/Intermediates.noindex/swift-syntax.build/Debug/SwiftParserDiagnostics.build/SwiftParserDiagnostics.DependencyStaticMetadataFileList (in target 'SwiftParserDiagnostics' from project 'swift-syntax')
    cd /Users/harishvishwakarma/Library/Developer/Xcode/DerivedData/Revolt-dharrjsambcimaaziudpvzjdcigm/SourcePackages/checkouts/swift-syntax
    write-file /Users/harishvishwakarma/Library/Developer/Xcode/DerivedData/Revolt-dharrjsambcimaaziudpvzjdcigm/Build/Intermediates.noindex/swift-syntax.build/Debug/SwiftParserDiagnostics.build/SwiftParserDiagnostics.DependencyStaticMetadataFileList

WriteAuxiliaryFile /Users/harishvishwakarma/Library/Developer/Xcode/DerivedData/Revolt-dharrjsambcimaaziudpvzjdcigm/Build/Intermediates.noindex/swift-syntax.build/Debug/SwiftParserDiagnostics.build/SwiftParserDiagnostics.DependencyMetadataFileList (in target 'SwiftParserDiagnostics' from project 'swift-syntax')
    cd /Users/harishvishwakarma/Library/Developer/Xcode/DerivedData/Revolt-dharrjsambcimaaziudpvzjdcigm/SourcePackages/checkouts/swift-syntax
    write-file /Users/harishvishwakarma/Library/Developer/Xcode/DerivedData/Revolt-dharrjsambcimaaziudpvzjdcigm/Build/Intermediates.noindex/swift-syntax.build/Debug/SwiftParserDiagnostics.build/SwiftParserDiagnostics.DependencyMetadataFileList

WriteAuxiliaryFile /Users/harishvishwakarma/Library/Developer/Xcode/DerivedData/Revolt-dharrjsambcimaaziudpvzjdcigm/Build/Intermediates.noindex/swift-syntax.build/Debug/SwiftParserDiagnostics.build/Objects-normal/x86_64/SwiftParserDiagnostics_const_extract_protocols.json (in target 'SwiftParserDiagnostics' from project 'swift-syntax')
    cd /Users/harishvishwakarma/Library/Developer/Xcode/DerivedData/Revolt-dharrjsambcimaaziudpvzjdcigm/SourcePackages/checkouts/swift-syntax
    write-file /Users/harishvishwakarma/Library/Developer/Xcode/DerivedData/Revolt-dharrjsambcimaaziudpvzjdcigm/Build/Intermediates.noindex/swift-syntax.build/Debug/SwiftParserDiagnostics.build/Objects-normal/x86_64/SwiftParserDiagnostics_const_extract_protocols.json

WriteAuxiliaryFile /Users/harishvishwakarma/Library/Developer/Xcode/DerivedData/Revolt-dharrjsambcimaaziudpvzjdcigm/Build/Intermediates.noindex/swift-syntax.build/Debug/SwiftParserDiagnostics.build/Objects-normal/x86_64/SwiftParserDiagnostics.SwiftFileList (in target 'SwiftParserDiagnostics' from project 'swift-syntax')
    cd /Users/harishvishwakarma/Library/Developer/Xcode/DerivedData/Revolt-dharrjsambcimaaziudpvzjdcigm/SourcePackages/checkouts/swift-syntax
    write-file /Users/harishvishwakarma/Library/Developer/Xcode/DerivedData/Revolt-dharrjsambcimaaziudpvzjdcigm/Build/Intermediates.noindex/swift-syntax.build/Debug/SwiftParserDiagnostics.build/Objects-normal/x86_64/SwiftParserDiagnostics.SwiftFileList

WriteAuxiliaryFile /Users/harishvishwakarma/Library/Developer/Xcode/DerivedData/Revolt-dharrjsambcimaaziudpvzjdcigm/Build/Intermediates.noindex/swift-syntax.build/Debug/SwiftParserDiagnostics.build/Objects-normal/x86_64/SwiftParserDiagnostics.SwiftConstValuesFileList (in target 'SwiftParserDiagnostics' from project 'swift-syntax')
    cd /Users/harishvishwakarma/Library/Developer/Xcode/DerivedData/Revolt-dharrjsambcimaaziudpvzjdcigm/SourcePackages/checkouts/swift-syntax
    write-file /Users/harishvishwakarma/Library/Developer/Xcode/DerivedData/Revolt-dharrjsambcimaaziudpvzjdcigm/Build/Intermediates.noindex/swift-syntax.build/Debug/SwiftParserDiagnostics.build/Objects-normal/x86_64/SwiftParserDiagnostics.SwiftConstValuesFileList

WriteAuxiliaryFile /Users/harishvishwakarma/Library/Developer/Xcode/DerivedData/Revolt-dharrjsambcimaaziudpvzjdcigm/Build/Intermediates.noindex/swift-syntax.build/Debug/SwiftParserDiagnostics.build/Objects-normal/x86_64/SwiftParserDiagnostics.LinkFileList (in target 'SwiftParserDiagnostics' from project 'swift-syntax')
    cd /Users/harishvishwakarma/Library/Developer/Xcode/DerivedData/Revolt-dharrjsambcimaaziudpvzjdcigm/SourcePackages/checkouts/swift-syntax
    write-file /Users/harishvishwakarma/Library/Developer/Xcode/DerivedData/Revolt-dharrjsambcimaaziudpvzjdcigm/Build/Intermediates.noindex/swift-syntax.build/Debug/SwiftParserDiagnostics.build/Objects-normal/x86_64/SwiftParserDiagnostics.LinkFileList

WriteAuxiliaryFile /Users/harishvishwakarma/Library/Developer/Xcode/DerivedData/Revolt-dharrjsambcimaaziudpvzjdcigm/Build/Intermediates.noindex/swift-syntax.build/Debug/SwiftParserDiagnostics.build/Objects-normal/x86_64/SwiftParserDiagnostics-OutputFileMap.json (in target 'SwiftParserDiagnostics' from project 'swift-syntax')
    cd /Users/harishvishwakarma/Library/Developer/Xcode/DerivedData/Revolt-dharrjsambcimaaziudpvzjdcigm/SourcePackages/checkouts/swift-syntax
    write-file /Users/harishvishwakarma/Library/Developer/Xcode/DerivedData/Revolt-dharrjsambcimaaziudpvzjdcigm/Build/Intermediates.noindex/swift-syntax.build/Debug/SwiftParserDiagnostics.build/Objects-normal/x86_64/SwiftParserDiagnostics-OutputFileMap.json

WriteAuxiliaryFile /Users/harishvishwakarma/Library/Developer/Xcode/DerivedData/Revolt-dharrjsambcimaaziudpvzjdcigm/Build/Intermediates.noindex/swift-syntax.build/Debug/SwiftParserDiagnostics.build/Objects-normal/arm64/SwiftParserDiagnostics_const_extract_protocols.json (in target 'SwiftParserDiagnostics' from project 'swift-syntax')
    cd /Users/harishvishwakarma/Library/Developer/Xcode/DerivedData/Revolt-dharrjsambcimaaziudpvzjdcigm/SourcePackages/checkouts/swift-syntax
    write-file /Users/harishvishwakarma/Library/Developer/Xcode/DerivedData/Revolt-dharrjsambcimaaziudpvzjdcigm/Build/Intermediates.noindex/swift-syntax.build/Debug/SwiftParserDiagnostics.build/Objects-normal/arm64/SwiftParserDiagnostics_const_extract_protocols.json

WriteAuxiliaryFile /Users/harishvishwakarma/Library/Developer/Xcode/DerivedData/Revolt-dharrjsambcimaaziudpvzjdcigm/Build/Intermediates.noindex/swift-syntax.build/Debug/SwiftParserDiagnostics.build/Objects-normal/arm64/SwiftParserDiagnostics.SwiftFileList (in target 'SwiftParserDiagnostics' from project 'swift-syntax')
    cd /Users/harishvishwakarma/Library/Developer/Xcode/DerivedData/Revolt-dharrjsambcimaaziudpvzjdcigm/SourcePackages/checkouts/swift-syntax
    write-file /Users/harishvishwakarma/Library/Developer/Xcode/DerivedData/Revolt-dharrjsambcimaaziudpvzjdcigm/Build/Intermediates.noindex/swift-syntax.build/Debug/SwiftParserDiagnostics.build/Objects-normal/arm64/SwiftParserDiagnostics.SwiftFileList

WriteAuxiliaryFile /Users/harishvishwakarma/Library/Developer/Xcode/DerivedData/Revolt-dharrjsambcimaaziudpvzjdcigm/Build/Intermediates.noindex/swift-syntax.build/Debug/SwiftParserDiagnostics.build/Objects-normal/arm64/SwiftParserDiagnostics.SwiftConstValuesFileList (in target 'SwiftParserDiagnostics' from project 'swift-syntax')
    cd /Users/harishvishwakarma/Library/Developer/Xcode/DerivedData/Revolt-dharrjsambcimaaziudpvzjdcigm/SourcePackages/checkouts/swift-syntax
    write-file /Users/harishvishwakarma/Library/Developer/Xcode/DerivedData/Revolt-dharrjsambcimaaziudpvzjdcigm/Build/Intermediates.noindex/swift-syntax.build/Debug/SwiftParserDiagnostics.build/Objects-normal/arm64/SwiftParserDiagnostics.SwiftConstValuesFileList

WriteAuxiliaryFile /Users/harishvishwakarma/Library/Developer/Xcode/DerivedData/Revolt-dharrjsambcimaaziudpvzjdcigm/Build/Intermediates.noindex/swift-syntax.build/Debug/SwiftParserDiagnostics.build/Objects-normal/arm64/SwiftParserDiagnostics.LinkFileList (in target 'SwiftParserDiagnostics' from project 'swift-syntax')
    cd /Users/harishvishwakarma/Library/Developer/Xcode/DerivedData/Revolt-dharrjsambcimaaziudpvzjdcigm/SourcePackages/checkouts/swift-syntax
    write-file /Users/harishvishwakarma/Library/Developer/Xcode/DerivedData/Revolt-dharrjsambcimaaziudpvzjdcigm/Build/Intermediates.noindex/swift-syntax.build/Debug/SwiftParserDiagnostics.build/Objects-normal/arm64/SwiftParserDiagnostics.LinkFileList

WriteAuxiliaryFile /Users/harishvishwakarma/Library/Developer/Xcode/DerivedData/Revolt-dharrjsambcimaaziudpvzjdcigm/Build/Intermediates.noindex/swift-syntax.build/Debug/SwiftParserDiagnostics.build/Objects-normal/arm64/SwiftParserDiagnostics-OutputFileMap.json (in target 'SwiftParserDiagnostics' from project 'swift-syntax')
    cd /Users/harishvishwakarma/Library/Developer/Xcode/DerivedData/Revolt-dharrjsambcimaaziudpvzjdcigm/SourcePackages/checkouts/swift-syntax
    write-file /Users/harishvishwakarma/Library/Developer/Xcode/DerivedData/Revolt-dharrjsambcimaaziudpvzjdcigm/Build/Intermediates.noindex/swift-syntax.build/Debug/SwiftParserDiagnostics.build/Objects-normal/arm64/SwiftParserDiagnostics-OutputFileMap.json

WriteAuxiliaryFile /Users/harishvishwakarma/Library/Developer/Xcode/DerivedData/Revolt-dharrjsambcimaaziudpvzjdcigm/Build/Intermediates.noindex/swift-syntax.build/Debug/SwiftParser.build/SwiftParser.modulemap (in target 'SwiftParser' from project 'swift-syntax')
    cd /Users/harishvishwakarma/Library/Developer/Xcode/DerivedData/Revolt-dharrjsambcimaaziudpvzjdcigm/SourcePackages/checkouts/swift-syntax
    write-file /Users/harishvishwakarma/Library/Developer/Xcode/DerivedData/Revolt-dharrjsambcimaaziudpvzjdcigm/Build/Intermediates.noindex/swift-syntax.build/Debug/SwiftParser.build/SwiftParser.modulemap

WriteAuxiliaryFile /Users/harishvishwakarma/Library/Developer/Xcode/DerivedData/Revolt-dharrjsambcimaaziudpvzjdcigm/Build/Intermediates.noindex/swift-syntax.build/Debug/SwiftParser.build/SwiftParser.DependencyMetadataFileList (in target 'SwiftParser' from project 'swift-syntax')
    cd /Users/harishvishwakarma/Library/Developer/Xcode/DerivedData/Revolt-dharrjsambcimaaziudpvzjdcigm/SourcePackages/checkouts/swift-syntax
    write-file /Users/harishvishwakarma/Library/Developer/Xcode/DerivedData/Revolt-dharrjsambcimaaziudpvzjdcigm/Build/Intermediates.noindex/swift-syntax.build/Debug/SwiftParser.build/SwiftParser.DependencyMetadataFileList

WriteAuxiliaryFile /Users/harishvishwakarma/Library/Developer/Xcode/DerivedData/Revolt-dharrjsambcimaaziudpvzjdcigm/Build/Intermediates.noindex/swift-syntax.build/Debug/SwiftParser.build/SwiftParser.DependencyStaticMetadataFileList (in target 'SwiftParser' from project 'swift-syntax')
    cd /Users/harishvishwakarma/Library/Developer/Xcode/DerivedData/Revolt-dharrjsambcimaaziudpvzjdcigm/SourcePackages/checkouts/swift-syntax
    write-file /Users/harishvishwakarma/Library/Developer/Xcode/DerivedData/Revolt-dharrjsambcimaaziudpvzjdcigm/Build/Intermediates.noindex/swift-syntax.build/Debug/SwiftParser.build/SwiftParser.DependencyStaticMetadataFileList

WriteAuxiliaryFile /Users/harishvishwakarma/Library/Developer/Xcode/DerivedData/Revolt-dharrjsambcimaaziudpvzjdcigm/Build/Intermediates.noindex/swift-syntax.build/Debug/SwiftParser.build/Objects-normal/x86_64/SwiftParser_const_extract_protocols.json (in target 'SwiftParser' from project 'swift-syntax')
    cd /Users/harishvishwakarma/Library/Developer/Xcode/DerivedData/Revolt-dharrjsambcimaaziudpvzjdcigm/SourcePackages/checkouts/swift-syntax
    write-file /Users/harishvishwakarma/Library/Developer/Xcode/DerivedData/Revolt-dharrjsambcimaaziudpvzjdcigm/Build/Intermediates.noindex/swift-syntax.build/Debug/SwiftParser.build/Objects-normal/x86_64/SwiftParser_const_extract_protocols.json

WriteAuxiliaryFile /Users/harishvishwakarma/Library/Developer/Xcode/DerivedData/Revolt-dharrjsambcimaaziudpvzjdcigm/Build/Intermediates.noindex/swift-syntax.build/Debug/SwiftParser.build/Objects-normal/x86_64/SwiftParser.SwiftFileList (in target 'SwiftParser' from project 'swift-syntax')
    cd /Users/harishvishwakarma/Library/Developer/Xcode/DerivedData/Revolt-dharrjsambcimaaziudpvzjdcigm/SourcePackages/checkouts/swift-syntax
    write-file /Users/harishvishwakarma/Library/Developer/Xcode/DerivedData/Revolt-dharrjsambcimaaziudpvzjdcigm/Build/Intermediates.noindex/swift-syntax.build/Debug/SwiftParser.build/Objects-normal/x86_64/SwiftParser.SwiftFileList

WriteAuxiliaryFile /Users/harishvishwakarma/Library/Developer/Xcode/DerivedData/Revolt-dharrjsambcimaaziudpvzjdcigm/Build/Intermediates.noindex/swift-syntax.build/Debug/SwiftParser.build/Objects-normal/x86_64/SwiftParser.SwiftConstValuesFileList (in target 'SwiftParser' from project 'swift-syntax')
    cd /Users/harishvishwakarma/Library/Developer/Xcode/DerivedData/Revolt-dharrjsambcimaaziudpvzjdcigm/SourcePackages/checkouts/swift-syntax
    write-file /Users/harishvishwakarma/Library/Developer/Xcode/DerivedData/Revolt-dharrjsambcimaaziudpvzjdcigm/Build/Intermediates.noindex/swift-syntax.build/Debug/SwiftParser.build/Objects-normal/x86_64/SwiftParser.SwiftConstValuesFileList

WriteAuxiliaryFile /Users/harishvishwakarma/Library/Developer/Xcode/DerivedData/Revolt-dharrjsambcimaaziudpvzjdcigm/Build/Intermediates.noindex/swift-syntax.build/Debug/SwiftParser.build/Objects-normal/x86_64/SwiftParser.LinkFileList (in target 'SwiftParser' from project 'swift-syntax')
    cd /Users/harishvishwakarma/Library/Developer/Xcode/DerivedData/Revolt-dharrjsambcimaaziudpvzjdcigm/SourcePackages/checkouts/swift-syntax
    write-file /Users/harishvishwakarma/Library/Developer/Xcode/DerivedData/Revolt-dharrjsambcimaaziudpvzjdcigm/Build/Intermediates.noindex/swift-syntax.build/Debug/SwiftParser.build/Objects-normal/x86_64/SwiftParser.LinkFileList

WriteAuxiliaryFile /Users/harishvishwakarma/Library/Developer/Xcode/DerivedData/Revolt-dharrjsambcimaaziudpvzjdcigm/Build/Intermediates.noindex/swift-syntax.build/Debug/SwiftParser.build/Objects-normal/x86_64/SwiftParser-OutputFileMap.json (in target 'SwiftParser' from project 'swift-syntax')
    cd /Users/harishvishwakarma/Library/Developer/Xcode/DerivedData/Revolt-dharrjsambcimaaziudpvzjdcigm/SourcePackages/checkouts/swift-syntax
    write-file /Users/harishvishwakarma/Library/Developer/Xcode/DerivedData/Revolt-dharrjsambcimaaziudpvzjdcigm/Build/Intermediates.noindex/swift-syntax.build/Debug/SwiftParser.build/Objects-normal/x86_64/SwiftParser-OutputFileMap.json

WriteAuxiliaryFile /Users/harishvishwakarma/Library/Developer/Xcode/DerivedData/Revolt-dharrjsambcimaaziudpvzjdcigm/Build/Intermediates.noindex/swift-syntax.build/Debug/SwiftParser.build/Objects-normal/arm64/SwiftParser_const_extract_protocols.json (in target 'SwiftParser' from project 'swift-syntax')
    cd /Users/harishvishwakarma/Library/Developer/Xcode/DerivedData/Revolt-dharrjsambcimaaziudpvzjdcigm/SourcePackages/checkouts/swift-syntax
    write-file /Users/harishvishwakarma/Library/Developer/Xcode/DerivedData/Revolt-dharrjsambcimaaziudpvzjdcigm/Build/Intermediates.noindex/swift-syntax.build/Debug/SwiftParser.build/Objects-normal/arm64/SwiftParser_const_extract_protocols.json

WriteAuxiliaryFile /Users/harishvishwakarma/Library/Developer/Xcode/DerivedData/Revolt-dharrjsambcimaaziudpvzjdcigm/Build/Intermediates.noindex/swift-syntax.build/Debug/SwiftParser.build/Objects-normal/arm64/SwiftParser.SwiftFileList (in target 'SwiftParser' from project 'swift-syntax')
    cd /Users/harishvishwakarma/Library/Developer/Xcode/DerivedData/Revolt-dharrjsambcimaaziudpvzjdcigm/SourcePackages/checkouts/swift-syntax
    write-file /Users/harishvishwakarma/Library/Developer/Xcode/DerivedData/Revolt-dharrjsambcimaaziudpvzjdcigm/Build/Intermediates.noindex/swift-syntax.build/Debug/SwiftParser.build/Objects-normal/arm64/SwiftParser.SwiftFileList

WriteAuxiliaryFile /Users/harishvishwakarma/Library/Developer/Xcode/DerivedData/Revolt-dharrjsambcimaaziudpvzjdcigm/Build/Intermediates.noindex/swift-syntax.build/Debug/SwiftParser.build/Objects-normal/arm64/SwiftParser.SwiftConstValuesFileList (in target 'SwiftParser' from project 'swift-syntax')
    cd /Users/harishvishwakarma/Library/Developer/Xcode/DerivedData/Revolt-dharrjsambcimaaziudpvzjdcigm/SourcePackages/checkouts/swift-syntax
    write-file /Users/harishvishwakarma/Library/Developer/Xcode/DerivedData/Revolt-dharrjsambcimaaziudpvzjdcigm/Build/Intermediates.noindex/swift-syntax.build/Debug/SwiftParser.build/Objects-normal/arm64/SwiftParser.SwiftConstValuesFileList

WriteAuxiliaryFile /Users/harishvishwakarma/Library/Developer/Xcode/DerivedData/Revolt-dharrjsambcimaaziudpvzjdcigm/Build/Intermediates.noindex/swift-syntax.build/Debug/SwiftParser.build/Objects-normal/arm64/SwiftParser.LinkFileList (in target 'SwiftParser' from project 'swift-syntax')
    cd /Users/harishvishwakarma/Library/Developer/Xcode/DerivedData/Revolt-dharrjsambcimaaziudpvzjdcigm/SourcePackages/checkouts/swift-syntax
    write-file /Users/harishvishwakarma/Library/Developer/Xcode/DerivedData/Revolt-dharrjsambcimaaziudpvzjdcigm/Build/Intermediates.noindex/swift-syntax.build/Debug/SwiftParser.build/Objects-normal/arm64/SwiftParser.LinkFileList

WriteAuxiliaryFile /Users/harishvishwakarma/Library/Developer/Xcode/DerivedData/Revolt-dharrjsambcimaaziudpvzjdcigm/Build/Intermediates.noindex/swift-syntax.build/Debug/SwiftParser.build/Objects-normal/arm64/SwiftParser-OutputFileMap.json (in target 'SwiftParser' from project 'swift-syntax')
    cd /Users/harishvishwakarma/Library/Developer/Xcode/DerivedData/Revolt-dharrjsambcimaaziudpvzjdcigm/SourcePackages/checkouts/swift-syntax
    write-file /Users/harishvishwakarma/Library/Developer/Xcode/DerivedData/Revolt-dharrjsambcimaaziudpvzjdcigm/Build/Intermediates.noindex/swift-syntax.build/Debug/SwiftParser.build/Objects-normal/arm64/SwiftParser-OutputFileMap.json

WriteAuxiliaryFile /Users/harishvishwakarma/Library/Developer/Xcode/DerivedData/Revolt-dharrjsambcimaaziudpvzjdcigm/Build/Intermediates.noindex/SwiftParsec.build/Debug-iphoneos/SwiftParsec.build/SwiftParsec.modulemap (in target 'SwiftParsec' from project 'SwiftParsec')
    cd /Users/harishvishwakarma/Library/Developer/Xcode/DerivedData/Revolt-dharrjsambcimaaziudpvzjdcigm/SourcePackages/checkouts/SwiftParsec
    write-file /Users/harishvishwakarma/Library/Developer/Xcode/DerivedData/Revolt-dharrjsambcimaaziudpvzjdcigm/Build/Intermediates.noindex/SwiftParsec.build/Debug-iphoneos/SwiftParsec.build/SwiftParsec.modulemap

WriteAuxiliaryFile /Users/harishvishwakarma/Library/Developer/Xcode/DerivedData/Revolt-dharrjsambcimaaziudpvzjdcigm/Build/Intermediates.noindex/SwiftParsec.build/Debug-iphoneos/SwiftParsec.build/SwiftParsec.DependencyStaticMetadataFileList (in target 'SwiftParsec' from project 'SwiftParsec')
    cd /Users/harishvishwakarma/Library/Developer/Xcode/DerivedData/Revolt-dharrjsambcimaaziudpvzjdcigm/SourcePackages/checkouts/SwiftParsec
    write-file /Users/harishvishwakarma/Library/Developer/Xcode/DerivedData/Revolt-dharrjsambcimaaziudpvzjdcigm/Build/Intermediates.noindex/SwiftParsec.build/Debug-iphoneos/SwiftParsec.build/SwiftParsec.DependencyStaticMetadataFileList

WriteAuxiliaryFile /Users/harishvishwakarma/Library/Developer/Xcode/DerivedData/Revolt-dharrjsambcimaaziudpvzjdcigm/Build/Intermediates.noindex/SwiftParsec.build/Debug-iphoneos/SwiftParsec.build/SwiftParsec.DependencyMetadataFileList (in target 'SwiftParsec' from project 'SwiftParsec')
    cd /Users/harishvishwakarma/Library/Developer/Xcode/DerivedData/Revolt-dharrjsambcimaaziudpvzjdcigm/SourcePackages/checkouts/SwiftParsec
    write-file /Users/harishvishwakarma/Library/Developer/Xcode/DerivedData/Revolt-dharrjsambcimaaziudpvzjdcigm/Build/Intermediates.noindex/SwiftParsec.build/Debug-iphoneos/SwiftParsec.build/SwiftParsec.DependencyMetadataFileList

WriteAuxiliaryFile /Users/harishvishwakarma/Library/Developer/Xcode/DerivedData/Revolt-dharrjsambcimaaziudpvzjdcigm/Build/Intermediates.noindex/SwiftParsec.build/Debug-iphoneos/SwiftParsec.build/Objects-normal/arm64/SwiftParsec.SwiftFileList (in target 'SwiftParsec' from project 'SwiftParsec')
    cd /Users/harishvishwakarma/Library/Developer/Xcode/DerivedData/Revolt-dharrjsambcimaaziudpvzjdcigm/SourcePackages/checkouts/SwiftParsec
    write-file /Users/harishvishwakarma/Library/Developer/Xcode/DerivedData/Revolt-dharrjsambcimaaziudpvzjdcigm/Build/Intermediates.noindex/SwiftParsec.build/Debug-iphoneos/SwiftParsec.build/Objects-normal/arm64/SwiftParsec.SwiftFileList

WriteAuxiliaryFile /Users/harishvishwakarma/Library/Developer/Xcode/DerivedData/Revolt-dharrjsambcimaaziudpvzjdcigm/Build/Intermediates.noindex/SwiftParsec.build/Debug-iphoneos/SwiftParsec.build/Objects-normal/arm64/SwiftParsec_const_extract_protocols.json (in target 'SwiftParsec' from project 'SwiftParsec')
    cd /Users/harishvishwakarma/Library/Developer/Xcode/DerivedData/Revolt-dharrjsambcimaaziudpvzjdcigm/SourcePackages/checkouts/SwiftParsec
    write-file /Users/harishvishwakarma/Library/Developer/Xcode/DerivedData/Revolt-dharrjsambcimaaziudpvzjdcigm/Build/Intermediates.noindex/SwiftParsec.build/Debug-iphoneos/SwiftParsec.build/Objects-normal/arm64/SwiftParsec_const_extract_protocols.json

WriteAuxiliaryFile /Users/harishvishwakarma/Library/Developer/Xcode/DerivedData/Revolt-dharrjsambcimaaziudpvzjdcigm/Build/Intermediates.noindex/SwiftParsec.build/Debug-iphoneos/SwiftParsec.build/Objects-normal/arm64/SwiftParsec.SwiftConstValuesFileList (in target 'SwiftParsec' from project 'SwiftParsec')
    cd /Users/harishvishwakarma/Library/Developer/Xcode/DerivedData/Revolt-dharrjsambcimaaziudpvzjdcigm/SourcePackages/checkouts/SwiftParsec
    write-file /Users/harishvishwakarma/Library/Developer/Xcode/DerivedData/Revolt-dharrjsambcimaaziudpvzjdcigm/Build/Intermediates.noindex/SwiftParsec.build/Debug-iphoneos/SwiftParsec.build/Objects-normal/arm64/SwiftParsec.SwiftConstValuesFileList

WriteAuxiliaryFile /Users/harishvishwakarma/Library/Developer/Xcode/DerivedData/Revolt-dharrjsambcimaaziudpvzjdcigm/Build/Intermediates.noindex/SwiftParsec.build/Debug-iphoneos/SwiftParsec.build/Objects-normal/arm64/SwiftParsec.LinkFileList (in target 'SwiftParsec' from project 'SwiftParsec')
    cd /Users/harishvishwakarma/Library/Developer/Xcode/DerivedData/Revolt-dharrjsambcimaaziudpvzjdcigm/SourcePackages/checkouts/SwiftParsec
    write-file /Users/harishvishwakarma/Library/Developer/Xcode/DerivedData/Revolt-dharrjsambcimaaziudpvzjdcigm/Build/Intermediates.noindex/SwiftParsec.build/Debug-iphoneos/SwiftParsec.build/Objects-normal/arm64/SwiftParsec.LinkFileList

WriteAuxiliaryFile /Users/harishvishwakarma/Library/Developer/Xcode/DerivedData/Revolt-dharrjsambcimaaziudpvzjdcigm/Build/Intermediates.noindex/SwiftParsec.build/Debug-iphoneos/SwiftParsec.build/Objects-normal/arm64/SwiftParsec-OutputFileMap.json (in target 'SwiftParsec' from project 'SwiftParsec')
    cd /Users/harishvishwakarma/Library/Developer/Xcode/DerivedData/Revolt-dharrjsambcimaaziudpvzjdcigm/SourcePackages/checkouts/SwiftParsec
    write-file /Users/harishvishwakarma/Library/Developer/Xcode/DerivedData/Revolt-dharrjsambcimaaziudpvzjdcigm/Build/Intermediates.noindex/SwiftParsec.build/Debug-iphoneos/SwiftParsec.build/Objects-normal/arm64/SwiftParsec-OutputFileMap.json

WriteAuxiliaryFile /Users/harishvishwakarma/Library/Developer/Xcode/DerivedData/Revolt-dharrjsambcimaaziudpvzjdcigm/Build/Intermediates.noindex/swift-syntax.build/Debug/SwiftOperators.build/SwiftOperators.modulemap (in target 'SwiftOperators' from project 'swift-syntax')
    cd /Users/harishvishwakarma/Library/Developer/Xcode/DerivedData/Revolt-dharrjsambcimaaziudpvzjdcigm/SourcePackages/checkouts/swift-syntax
    write-file /Users/harishvishwakarma/Library/Developer/Xcode/DerivedData/Revolt-dharrjsambcimaaziudpvzjdcigm/Build/Intermediates.noindex/swift-syntax.build/Debug/SwiftOperators.build/SwiftOperators.modulemap

WriteAuxiliaryFile /Users/harishvishwakarma/Library/Developer/Xcode/DerivedData/Revolt-dharrjsambcimaaziudpvzjdcigm/Build/Intermediates.noindex/swift-syntax.build/Debug/SwiftOperators.build/SwiftOperators.DependencyStaticMetadataFileList (in target 'SwiftOperators' from project 'swift-syntax')
    cd /Users/harishvishwakarma/Library/Developer/Xcode/DerivedData/Revolt-dharrjsambcimaaziudpvzjdcigm/SourcePackages/checkouts/swift-syntax
    write-file /Users/harishvishwakarma/Library/Developer/Xcode/DerivedData/Revolt-dharrjsambcimaaziudpvzjdcigm/Build/Intermediates.noindex/swift-syntax.build/Debug/SwiftOperators.build/SwiftOperators.DependencyStaticMetadataFileList

WriteAuxiliaryFile /Users/harishvishwakarma/Library/Developer/Xcode/DerivedData/Revolt-dharrjsambcimaaziudpvzjdcigm/Build/Intermediates.noindex/swift-syntax.build/Debug/SwiftOperators.build/SwiftOperators.DependencyMetadataFileList (in target 'SwiftOperators' from project 'swift-syntax')
    cd /Users/harishvishwakarma/Library/Developer/Xcode/DerivedData/Revolt-dharrjsambcimaaziudpvzjdcigm/SourcePackages/checkouts/swift-syntax
    write-file /Users/harishvishwakarma/Library/Developer/Xcode/DerivedData/Revolt-dharrjsambcimaaziudpvzjdcigm/Build/Intermediates.noindex/swift-syntax.build/Debug/SwiftOperators.build/SwiftOperators.DependencyMetadataFileList

WriteAuxiliaryFile /Users/harishvishwakarma/Library/Developer/Xcode/DerivedData/Revolt-dharrjsambcimaaziudpvzjdcigm/Build/Intermediates.noindex/swift-syntax.build/Debug/SwiftOperators.build/Objects-normal/x86_64/SwiftOperators_const_extract_protocols.json (in target 'SwiftOperators' from project 'swift-syntax')
    cd /Users/harishvishwakarma/Library/Developer/Xcode/DerivedData/Revolt-dharrjsambcimaaziudpvzjdcigm/SourcePackages/checkouts/swift-syntax
    write-file /Users/harishvishwakarma/Library/Developer/Xcode/DerivedData/Revolt-dharrjsambcimaaziudpvzjdcigm/Build/Intermediates.noindex/swift-syntax.build/Debug/SwiftOperators.build/Objects-normal/x86_64/SwiftOperators_const_extract_protocols.json

WriteAuxiliaryFile /Users/harishvishwakarma/Library/Developer/Xcode/DerivedData/Revolt-dharrjsambcimaaziudpvzjdcigm/Build/Intermediates.noindex/swift-syntax.build/Debug/SwiftOperators.build/Objects-normal/x86_64/SwiftOperators.SwiftFileList (in target 'SwiftOperators' from project 'swift-syntax')
    cd /Users/harishvishwakarma/Library/Developer/Xcode/DerivedData/Revolt-dharrjsambcimaaziudpvzjdcigm/SourcePackages/checkouts/swift-syntax
    write-file /Users/harishvishwakarma/Library/Developer/Xcode/DerivedData/Revolt-dharrjsambcimaaziudpvzjdcigm/Build/Intermediates.noindex/swift-syntax.build/Debug/SwiftOperators.build/Objects-normal/x86_64/SwiftOperators.SwiftFileList

WriteAuxiliaryFile /Users/harishvishwakarma/Library/Developer/Xcode/DerivedData/Revolt-dharrjsambcimaaziudpvzjdcigm/Build/Intermediates.noindex/swift-syntax.build/Debug/SwiftOperators.build/Objects-normal/x86_64/SwiftOperators.SwiftConstValuesFileList (in target 'SwiftOperators' from project 'swift-syntax')
    cd /Users/harishvishwakarma/Library/Developer/Xcode/DerivedData/Revolt-dharrjsambcimaaziudpvzjdcigm/SourcePackages/checkouts/swift-syntax
    write-file /Users/harishvishwakarma/Library/Developer/Xcode/DerivedData/Revolt-dharrjsambcimaaziudpvzjdcigm/Build/Intermediates.noindex/swift-syntax.build/Debug/SwiftOperators.build/Objects-normal/x86_64/SwiftOperators.SwiftConstValuesFileList

WriteAuxiliaryFile /Users/harishvishwakarma/Library/Developer/Xcode/DerivedData/Revolt-dharrjsambcimaaziudpvzjdcigm/Build/Intermediates.noindex/swift-syntax.build/Debug/SwiftOperators.build/Objects-normal/x86_64/SwiftOperators.LinkFileList (in target 'SwiftOperators' from project 'swift-syntax')
    cd /Users/harishvishwakarma/Library/Developer/Xcode/DerivedData/Revolt-dharrjsambcimaaziudpvzjdcigm/SourcePackages/checkouts/swift-syntax
    write-file /Users/harishvishwakarma/Library/Developer/Xcode/DerivedData/Revolt-dharrjsambcimaaziudpvzjdcigm/Build/Intermediates.noindex/swift-syntax.build/Debug/SwiftOperators.build/Objects-normal/x86_64/SwiftOperators.LinkFileList

WriteAuxiliaryFile /Users/harishvishwakarma/Library/Developer/Xcode/DerivedData/Revolt-dharrjsambcimaaziudpvzjdcigm/Build/Intermediates.noindex/swift-syntax.build/Debug/SwiftOperators.build/Objects-normal/x86_64/SwiftOperators-OutputFileMap.json (in target 'SwiftOperators' from project 'swift-syntax')
    cd /Users/harishvishwakarma/Library/Developer/Xcode/DerivedData/Revolt-dharrjsambcimaaziudpvzjdcigm/SourcePackages/checkouts/swift-syntax
    write-file /Users/harishvishwakarma/Library/Developer/Xcode/DerivedData/Revolt-dharrjsambcimaaziudpvzjdcigm/Build/Intermediates.noindex/swift-syntax.build/Debug/SwiftOperators.build/Objects-normal/x86_64/SwiftOperators-OutputFileMap.json

WriteAuxiliaryFile /Users/harishvishwakarma/Library/Developer/Xcode/DerivedData/Revolt-dharrjsambcimaaziudpvzjdcigm/Build/Intermediates.noindex/swift-syntax.build/Debug/SwiftOperators.build/Objects-normal/arm64/SwiftOperators_const_extract_protocols.json (in target 'SwiftOperators' from project 'swift-syntax')
    cd /Users/harishvishwakarma/Library/Developer/Xcode/DerivedData/Revolt-dharrjsambcimaaziudpvzjdcigm/SourcePackages/checkouts/swift-syntax
    write-file /Users/harishvishwakarma/Library/Developer/Xcode/DerivedData/Revolt-dharrjsambcimaaziudpvzjdcigm/Build/Intermediates.noindex/swift-syntax.build/Debug/SwiftOperators.build/Objects-normal/arm64/SwiftOperators_const_extract_protocols.json

Copy /Users/harishvishwakarma/Library/Developer/Xcode/DerivedData/Revolt-dharrjsambcimaaziudpvzjdcigm/Build/Intermediates.noindex/GeneratedModuleMaps-iphoneos/libcmark.modulemap /Users/harishvishwakarma/Library/Developer/Xcode/DerivedData/Revolt-dharrjsambcimaaziudpvzjdcigm/Build/Intermediates.noindex/Down.build/Debug-iphoneos/libcmark.build/libcmark.modulemap (in target 'libcmark' from project 'Down')
    cd /Users/harishvishwakarma/Library/Developer/Xcode/DerivedData/Revolt-dharrjsambcimaaziudpvzjdcigm/SourcePackages/checkouts/Down
    builtin-copy -exclude .DS_Store -exclude CVS -exclude .svn -exclude .git -exclude .hg -resolve-src-symlinks /Users/harishvishwakarma/Library/Developer/Xcode/DerivedData/Revolt-dharrjsambcimaaziudpvzjdcigm/Build/Intermediates.noindex/Down.build/Debug-iphoneos/libcmark.build/libcmark.modulemap /Users/harishvishwakarma/Library/Developer/Xcode/DerivedData/Revolt-dharrjsambcimaaziudpvzjdcigm/Build/Intermediates.noindex/GeneratedModuleMaps-iphoneos

Copy /Users/harishvishwakarma/Library/Developer/Xcode/DerivedData/Revolt-dharrjsambcimaaziudpvzjdcigm/Build/Intermediates.noindex/GeneratedModuleMaps-iphoneos/_RopeModule.modulemap /Users/harishvishwakarma/Library/Developer/Xcode/DerivedData/Revolt-dharrjsambcimaaziudpvzjdcigm/Build/Intermediates.noindex/swift-collections.build/Debug-iphoneos/_RopeModule.build/_RopeModule.modulemap (in target '_RopeModule' from project 'swift-collections')
    cd /Users/harishvishwakarma/Library/Developer/Xcode/DerivedData/Revolt-dharrjsambcimaaziudpvzjdcigm/SourcePackages/checkouts/swift-collections
    builtin-copy -exclude .DS_Store -exclude CVS -exclude .svn -exclude .git -exclude .hg -resolve-src-symlinks /Users/harishvishwakarma/Library/Developer/Xcode/DerivedData/Revolt-dharrjsambcimaaziudpvzjdcigm/Build/Intermediates.noindex/swift-collections.build/Debug-iphoneos/_RopeModule.build/_RopeModule.modulemap /Users/harishvishwakarma/Library/Developer/Xcode/DerivedData/Revolt-dharrjsambcimaaziudpvzjdcigm/Build/Intermediates.noindex/GeneratedModuleMaps-iphoneos

Copy /Users/harishvishwakarma/Library/Developer/Xcode/DerivedData/Revolt-dharrjsambcimaaziudpvzjdcigm/Build/Intermediates.noindex/GeneratedModuleMaps-iphoneos/XCTestDynamicOverlay.modulemap /Users/harishvishwakarma/Library/Developer/Xcode/DerivedData/Revolt-dharrjsambcimaaziudpvzjdcigm/Build/Intermediates.noindex/xctest-dynamic-overlay.build/Debug-iphoneos/XCTestDynamicOverlay.build/XCTestDynamicOverlay.modulemap (in target 'XCTestDynamicOverlay' from project 'xctest-dynamic-overlay')
    cd /Users/harishvishwakarma/Library/Developer/Xcode/DerivedData/Revolt-dharrjsambcimaaziudpvzjdcigm/SourcePackages/checkouts/xctest-dynamic-overlay
    builtin-copy -exclude .DS_Store -exclude CVS -exclude .svn -exclude .git -exclude .hg -resolve-src-symlinks /Users/harishvishwakarma/Library/Developer/Xcode/DerivedData/Revolt-dharrjsambcimaaziudpvzjdcigm/Build/Intermediates.noindex/xctest-dynamic-overlay.build/Debug-iphoneos/XCTestDynamicOverlay.build/XCTestDynamicOverlay.modulemap /Users/harishvishwakarma/Library/Developer/Xcode/DerivedData/Revolt-dharrjsambcimaaziudpvzjdcigm/Build/Intermediates.noindex/GeneratedModuleMaps-iphoneos

Copy /Users/harishvishwakarma/Library/Developer/Xcode/DerivedData/Revolt-dharrjsambcimaaziudpvzjdcigm/Build/Intermediates.noindex/GeneratedModuleMaps-iphoneos/ULID.modulemap /Users/harishvishwakarma/Library/Developer/Xcode/DerivedData/Revolt-dharrjsambcimaaziudpvzjdcigm/Build/Intermediates.noindex/ULID.swift.build/Debug-iphoneos/ULID.build/ULID.modulemap (in target 'ULID' from project 'ULID.swift')
    cd /Users/harishvishwakarma/Library/Developer/Xcode/DerivedData/Revolt-dharrjsambcimaaziudpvzjdcigm/SourcePackages/checkouts/ULID.swift
    builtin-copy -exclude .DS_Store -exclude CVS -exclude .svn -exclude .git -exclude .hg -resolve-src-symlinks /Users/harishvishwakarma/Library/Developer/Xcode/DerivedData/Revolt-dharrjsambcimaaziudpvzjdcigm/Build/Intermediates.noindex/ULID.swift.build/Debug-iphoneos/ULID.build/ULID.modulemap /Users/harishvishwakarma/Library/Developer/Xcode/DerivedData/Revolt-dharrjsambcimaaziudpvzjdcigm/Build/Intermediates.noindex/GeneratedModuleMaps-iphoneos

Copy /Users/harishvishwakarma/Library/Developer/Xcode/DerivedData/Revolt-dharrjsambcimaaziudpvzjdcigm/Build/Intermediates.noindex/GeneratedModuleMaps/SwiftSyntaxMacroExpansion.modulemap /Users/harishvishwakarma/Library/Developer/Xcode/DerivedData/Revolt-dharrjsambcimaaziudpvzjdcigm/Build/Intermediates.noindex/swift-syntax.build/Debug/SwiftSyntaxMacroExpansion.build/SwiftSyntaxMacroExpansion.modulemap (in target 'SwiftSyntaxMacroExpansion' from project 'swift-syntax')
    cd /Users/harishvishwakarma/Library/Developer/Xcode/DerivedData/Revolt-dharrjsambcimaaziudpvzjdcigm/SourcePackages/checkouts/swift-syntax
    builtin-copy -exclude .DS_Store -exclude CVS -exclude .svn -exclude .git -exclude .hg -resolve-src-symlinks /Users/harishvishwakarma/Library/Developer/Xcode/DerivedData/Revolt-dharrjsambcimaaziudpvzjdcigm/Build/Intermediates.noindex/swift-syntax.build/Debug/SwiftSyntaxMacroExpansion.build/SwiftSyntaxMacroExpansion.modulemap /Users/harishvishwakarma/Library/Developer/Xcode/DerivedData/Revolt-dharrjsambcimaaziudpvzjdcigm/Build/Intermediates.noindex/GeneratedModuleMaps

WriteAuxiliaryFile /Users/harishvishwakarma/Library/Developer/Xcode/DerivedData/Revolt-dharrjsambcimaaziudpvzjdcigm/Build/Intermediates.noindex/swift-syntax.build/Debug/SwiftOperators.build/Objects-normal/arm64/SwiftOperators.SwiftFileList (in target 'SwiftOperators' from project 'swift-syntax')
    cd /Users/harishvishwakarma/Library/Developer/Xcode/DerivedData/Revolt-dharrjsambcimaaziudpvzjdcigm/SourcePackages/checkouts/swift-syntax
    write-file /Users/harishvishwakarma/Library/Developer/Xcode/DerivedData/Revolt-dharrjsambcimaaziudpvzjdcigm/Build/Intermediates.noindex/swift-syntax.build/Debug/SwiftOperators.build/Objects-normal/arm64/SwiftOperators.SwiftFileList

WriteAuxiliaryFile /Users/harishvishwakarma/Library/Developer/Xcode/DerivedData/Revolt-dharrjsambcimaaziudpvzjdcigm/Build/Intermediates.noindex/swift-syntax.build/Debug/SwiftOperators.build/Objects-normal/arm64/SwiftOperators.SwiftConstValuesFileList (in target 'SwiftOperators' from project 'swift-syntax')
    cd /Users/harishvishwakarma/Library/Developer/Xcode/DerivedData/Revolt-dharrjsambcimaaziudpvzjdcigm/SourcePackages/checkouts/swift-syntax
    write-file /Users/harishvishwakarma/Library/Developer/Xcode/DerivedData/Revolt-dharrjsambcimaaziudpvzjdcigm/Build/Intermediates.noindex/swift-syntax.build/Debug/SwiftOperators.build/Objects-normal/arm64/SwiftOperators.SwiftConstValuesFileList

WriteAuxiliaryFile /Users/harishvishwakarma/Library/Developer/Xcode/DerivedData/Revolt-dharrjsambcimaaziudpvzjdcigm/Build/Intermediates.noindex/swift-syntax.build/Debug/SwiftOperators.build/Objects-normal/arm64/SwiftOperators.LinkFileList (in target 'SwiftOperators' from project 'swift-syntax')
    cd /Users/harishvishwakarma/Library/Developer/Xcode/DerivedData/Revolt-dharrjsambcimaaziudpvzjdcigm/SourcePackages/checkouts/swift-syntax
    write-file /Users/harishvishwakarma/Library/Developer/Xcode/DerivedData/Revolt-dharrjsambcimaaziudpvzjdcigm/Build/Intermediates.noindex/swift-syntax.build/Debug/SwiftOperators.build/Objects-normal/arm64/SwiftOperators.LinkFileList

WriteAuxiliaryFile /Users/harishvishwakarma/Library/Developer/Xcode/DerivedData/Revolt-dharrjsambcimaaziudpvzjdcigm/Build/Intermediates.noindex/swift-syntax.build/Debug/SwiftOperators.build/Objects-normal/arm64/SwiftOperators-OutputFileMap.json (in target 'SwiftOperators' from project 'swift-syntax')
    cd /Users/harishvishwakarma/Library/Developer/Xcode/DerivedData/Revolt-dharrjsambcimaaziudpvzjdcigm/SourcePackages/checkouts/swift-syntax
    write-file /Users/harishvishwakarma/Library/Developer/Xcode/DerivedData/Revolt-dharrjsambcimaaziudpvzjdcigm/Build/Intermediates.noindex/swift-syntax.build/Debug/SwiftOperators.build/Objects-normal/arm64/SwiftOperators-OutputFileMap.json

WriteAuxiliaryFile /Users/harishvishwakarma/Library/Developer/Xcode/DerivedData/Revolt-dharrjsambcimaaziudpvzjdcigm/Build/Intermediates.noindex/swift-syntax.build/Debug/SwiftDiagnostics.build/SwiftDiagnostics.modulemap (in target 'SwiftDiagnostics' from project 'swift-syntax')
    cd /Users/harishvishwakarma/Library/Developer/Xcode/DerivedData/Revolt-dharrjsambcimaaziudpvzjdcigm/SourcePackages/checkouts/swift-syntax
    write-file /Users/harishvishwakarma/Library/Developer/Xcode/DerivedData/Revolt-dharrjsambcimaaziudpvzjdcigm/Build/Intermediates.noindex/swift-syntax.build/Debug/SwiftDiagnostics.build/SwiftDiagnostics.modulemap

WriteAuxiliaryFile /Users/harishvishwakarma/Library/Developer/Xcode/DerivedData/Revolt-dharrjsambcimaaziudpvzjdcigm/Build/Intermediates.noindex/swift-syntax.build/Debug/SwiftDiagnostics.build/SwiftDiagnostics.DependencyStaticMetadataFileList (in target 'SwiftDiagnostics' from project 'swift-syntax')
    cd /Users/harishvishwakarma/Library/Developer/Xcode/DerivedData/Revolt-dharrjsambcimaaziudpvzjdcigm/SourcePackages/checkouts/swift-syntax
    write-file /Users/harishvishwakarma/Library/Developer/Xcode/DerivedData/Revolt-dharrjsambcimaaziudpvzjdcigm/Build/Intermediates.noindex/swift-syntax.build/Debug/SwiftDiagnostics.build/SwiftDiagnostics.DependencyStaticMetadataFileList

WriteAuxiliaryFile /Users/harishvishwakarma/Library/Developer/Xcode/DerivedData/Revolt-dharrjsambcimaaziudpvzjdcigm/Build/Intermediates.noindex/swift-syntax.build/Debug/SwiftDiagnostics.build/SwiftDiagnostics.DependencyMetadataFileList (in target 'SwiftDiagnostics' from project 'swift-syntax')
    cd /Users/harishvishwakarma/Library/Developer/Xcode/DerivedData/Revolt-dharrjsambcimaaziudpvzjdcigm/SourcePackages/checkouts/swift-syntax
    write-file /Users/harishvishwakarma/Library/Developer/Xcode/DerivedData/Revolt-dharrjsambcimaaziudpvzjdcigm/Build/Intermediates.noindex/swift-syntax.build/Debug/SwiftDiagnostics.build/SwiftDiagnostics.DependencyMetadataFileList

WriteAuxiliaryFile /Users/harishvishwakarma/Library/Developer/Xcode/DerivedData/Revolt-dharrjsambcimaaziudpvzjdcigm/Build/Intermediates.noindex/swift-syntax.build/Debug/SwiftDiagnostics.build/Objects-normal/x86_64/SwiftDiagnostics_const_extract_protocols.json (in target 'SwiftDiagnostics' from project 'swift-syntax')
    cd /Users/harishvishwakarma/Library/Developer/Xcode/DerivedData/Revolt-dharrjsambcimaaziudpvzjdcigm/SourcePackages/checkouts/swift-syntax
    write-file /Users/harishvishwakarma/Library/Developer/Xcode/DerivedData/Revolt-dharrjsambcimaaziudpvzjdcigm/Build/Intermediates.noindex/swift-syntax.build/Debug/SwiftDiagnostics.build/Objects-normal/x86_64/SwiftDiagnostics_const_extract_protocols.json

WriteAuxiliaryFile /Users/harishvishwakarma/Library/Developer/Xcode/DerivedData/Revolt-dharrjsambcimaaziudpvzjdcigm/Build/Intermediates.noindex/swift-syntax.build/Debug/SwiftDiagnostics.build/Objects-normal/x86_64/SwiftDiagnostics.SwiftFileList (in target 'SwiftDiagnostics' from project 'swift-syntax')
    cd /Users/harishvishwakarma/Library/Developer/Xcode/DerivedData/Revolt-dharrjsambcimaaziudpvzjdcigm/SourcePackages/checkouts/swift-syntax
    write-file /Users/harishvishwakarma/Library/Developer/Xcode/DerivedData/Revolt-dharrjsambcimaaziudpvzjdcigm/Build/Intermediates.noindex/swift-syntax.build/Debug/SwiftDiagnostics.build/Objects-normal/x86_64/SwiftDiagnostics.SwiftFileList

WriteAuxiliaryFile /Users/harishvishwakarma/Library/Developer/Xcode/DerivedData/Revolt-dharrjsambcimaaziudpvzjdcigm/Build/Intermediates.noindex/swift-syntax.build/Debug/SwiftDiagnostics.build/Objects-normal/x86_64/SwiftDiagnostics.SwiftConstValuesFileList (in target 'SwiftDiagnostics' from project 'swift-syntax')
    cd /Users/harishvishwakarma/Library/Developer/Xcode/DerivedData/Revolt-dharrjsambcimaaziudpvzjdcigm/SourcePackages/checkouts/swift-syntax
    write-file /Users/harishvishwakarma/Library/Developer/Xcode/DerivedData/Revolt-dharrjsambcimaaziudpvzjdcigm/Build/Intermediates.noindex/swift-syntax.build/Debug/SwiftDiagnostics.build/Objects-normal/x86_64/SwiftDiagnostics.SwiftConstValuesFileList

WriteAuxiliaryFile /Users/harishvishwakarma/Library/Developer/Xcode/DerivedData/Revolt-dharrjsambcimaaziudpvzjdcigm/Build/Intermediates.noindex/swift-syntax.build/Debug/SwiftDiagnostics.build/Objects-normal/x86_64/SwiftDiagnostics.LinkFileList (in target 'SwiftDiagnostics' from project 'swift-syntax')
    cd /Users/harishvishwakarma/Library/Developer/Xcode/DerivedData/Revolt-dharrjsambcimaaziudpvzjdcigm/SourcePackages/checkouts/swift-syntax
    write-file /Users/harishvishwakarma/Library/Developer/Xcode/DerivedData/Revolt-dharrjsambcimaaziudpvzjdcigm/Build/Intermediates.noindex/swift-syntax.build/Debug/SwiftDiagnostics.build/Objects-normal/x86_64/SwiftDiagnostics.LinkFileList

WriteAuxiliaryFile /Users/harishvishwakarma/Library/Developer/Xcode/DerivedData/Revolt-dharrjsambcimaaziudpvzjdcigm/Build/Intermediates.noindex/swift-syntax.build/Debug/SwiftDiagnostics.build/Objects-normal/x86_64/SwiftDiagnostics-OutputFileMap.json (in target 'SwiftDiagnostics' from project 'swift-syntax')
    cd /Users/harishvishwakarma/Library/Developer/Xcode/DerivedData/Revolt-dharrjsambcimaaziudpvzjdcigm/SourcePackages/checkouts/swift-syntax
    write-file /Users/harishvishwakarma/Library/Developer/Xcode/DerivedData/Revolt-dharrjsambcimaaziudpvzjdcigm/Build/Intermediates.noindex/swift-syntax.build/Debug/SwiftDiagnostics.build/Objects-normal/x86_64/SwiftDiagnostics-OutputFileMap.json

WriteAuxiliaryFile /Users/harishvishwakarma/Library/Developer/Xcode/DerivedData/Revolt-dharrjsambcimaaziudpvzjdcigm/Build/Intermediates.noindex/swift-syntax.build/Debug/SwiftDiagnostics.build/Objects-normal/arm64/SwiftDiagnostics_const_extract_protocols.json (in target 'SwiftDiagnostics' from project 'swift-syntax')
    cd /Users/harishvishwakarma/Library/Developer/Xcode/DerivedData/Revolt-dharrjsambcimaaziudpvzjdcigm/SourcePackages/checkouts/swift-syntax
    write-file /Users/harishvishwakarma/Library/Developer/Xcode/DerivedData/Revolt-dharrjsambcimaaziudpvzjdcigm/Build/Intermediates.noindex/swift-syntax.build/Debug/SwiftDiagnostics.build/Objects-normal/arm64/SwiftDiagnostics_const_extract_protocols.json

WriteAuxiliaryFile /Users/harishvishwakarma/Library/Developer/Xcode/DerivedData/Revolt-dharrjsambcimaaziudpvzjdcigm/Build/Intermediates.noindex/swift-syntax.build/Debug/SwiftDiagnostics.build/Objects-normal/arm64/SwiftDiagnostics.SwiftFileList (in target 'SwiftDiagnostics' from project 'swift-syntax')
    cd /Users/harishvishwakarma/Library/Developer/Xcode/DerivedData/Revolt-dharrjsambcimaaziudpvzjdcigm/SourcePackages/checkouts/swift-syntax
    write-file /Users/harishvishwakarma/Library/Developer/Xcode/DerivedData/Revolt-dharrjsambcimaaziudpvzjdcigm/Build/Intermediates.noindex/swift-syntax.build/Debug/SwiftDiagnostics.build/Objects-normal/arm64/SwiftDiagnostics.SwiftFileList

WriteAuxiliaryFile /Users/harishvishwakarma/Library/Developer/Xcode/DerivedData/Revolt-dharrjsambcimaaziudpvzjdcigm/Build/Intermediates.noindex/swift-syntax.build/Debug/SwiftDiagnostics.build/Objects-normal/arm64/SwiftDiagnostics.SwiftConstValuesFileList (in target 'SwiftDiagnostics' from project 'swift-syntax')
    cd /Users/harishvishwakarma/Library/Developer/Xcode/DerivedData/Revolt-dharrjsambcimaaziudpvzjdcigm/SourcePackages/checkouts/swift-syntax
    write-file /Users/harishvishwakarma/Library/Developer/Xcode/DerivedData/Revolt-dharrjsambcimaaziudpvzjdcigm/Build/Intermediates.noindex/swift-syntax.build/Debug/SwiftDiagnostics.build/Objects-normal/arm64/SwiftDiagnostics.SwiftConstValuesFileList

WriteAuxiliaryFile /Users/harishvishwakarma/Library/Developer/Xcode/DerivedData/Revolt-dharrjsambcimaaziudpvzjdcigm/Build/Intermediates.noindex/swift-syntax.build/Debug/SwiftDiagnostics.build/Objects-normal/arm64/SwiftDiagnostics.LinkFileList (in target 'SwiftDiagnostics' from project 'swift-syntax')
    cd /Users/harishvishwakarma/Library/Developer/Xcode/DerivedData/Revolt-dharrjsambcimaaziudpvzjdcigm/SourcePackages/checkouts/swift-syntax
    write-file /Users/harishvishwakarma/Library/Developer/Xcode/DerivedData/Revolt-dharrjsambcimaaziudpvzjdcigm/Build/Intermediates.noindex/swift-syntax.build/Debug/SwiftDiagnostics.build/Objects-normal/arm64/SwiftDiagnostics.LinkFileList

WriteAuxiliaryFile /Users/harishvishwakarma/Library/Developer/Xcode/DerivedData/Revolt-dharrjsambcimaaziudpvzjdcigm/Build/Intermediates.noindex/swift-syntax.build/Debug/SwiftDiagnostics.build/Objects-normal/arm64/SwiftDiagnostics-OutputFileMap.json (in target 'SwiftDiagnostics' from project 'swift-syntax')
    cd /Users/harishvishwakarma/Library/Developer/Xcode/DerivedData/Revolt-dharrjsambcimaaziudpvzjdcigm/SourcePackages/checkouts/swift-syntax
    write-file /Users/harishvishwakarma/Library/Developer/Xcode/DerivedData/Revolt-dharrjsambcimaaziudpvzjdcigm/Build/Intermediates.noindex/swift-syntax.build/Debug/SwiftDiagnostics.build/Objects-normal/arm64/SwiftDiagnostics-OutputFileMap.json

WriteAuxiliaryFile /Users/harishvishwakarma/Library/Developer/Xcode/DerivedData/Revolt-dharrjsambcimaaziudpvzjdcigm/Build/Intermediates.noindex/swift-syntax.build/Debug/SwiftCompilerPluginMessageHandling.build/SwiftCompilerPluginMessageHandling.DependencyMetadataFileList (in target 'SwiftCompilerPluginMessageHandling' from project 'swift-syntax')
    cd /Users/harishvishwakarma/Library/Developer/Xcode/DerivedData/Revolt-dharrjsambcimaaziudpvzjdcigm/SourcePackages/checkouts/swift-syntax
    write-file /Users/harishvishwakarma/Library/Developer/Xcode/DerivedData/Revolt-dharrjsambcimaaziudpvzjdcigm/Build/Intermediates.noindex/swift-syntax.build/Debug/SwiftCompilerPluginMessageHandling.build/SwiftCompilerPluginMessageHandling.DependencyMetadataFileList

WriteAuxiliaryFile /Users/harishvishwakarma/Library/Developer/Xcode/DerivedData/Revolt-dharrjsambcimaaziudpvzjdcigm/Build/Intermediates.noindex/swift-syntax.build/Debug/SwiftCompilerPluginMessageHandling.build/SwiftCompilerPluginMessageHandling.DependencyStaticMetadataFileList (in target 'SwiftCompilerPluginMessageHandling' from project 'swift-syntax')
    cd /Users/harishvishwakarma/Library/Developer/Xcode/DerivedData/Revolt-dharrjsambcimaaziudpvzjdcigm/SourcePackages/checkouts/swift-syntax
    write-file /Users/harishvishwakarma/Library/Developer/Xcode/DerivedData/Revolt-dharrjsambcimaaziudpvzjdcigm/Build/Intermediates.noindex/swift-syntax.build/Debug/SwiftCompilerPluginMessageHandling.build/SwiftCompilerPluginMessageHandling.DependencyStaticMetadataFileList

WriteAuxiliaryFile /Users/harishvishwakarma/Library/Developer/Xcode/DerivedData/Revolt-dharrjsambcimaaziudpvzjdcigm/Build/Intermediates.noindex/swift-syntax.build/Debug/SwiftCompilerPluginMessageHandling.build/SwiftCompilerPluginMessageHandling.modulemap (in target 'SwiftCompilerPluginMessageHandling' from project 'swift-syntax')
    cd /Users/harishvishwakarma/Library/Developer/Xcode/DerivedData/Revolt-dharrjsambcimaaziudpvzjdcigm/SourcePackages/checkouts/swift-syntax
    write-file /Users/harishvishwakarma/Library/Developer/Xcode/DerivedData/Revolt-dharrjsambcimaaziudpvzjdcigm/Build/Intermediates.noindex/swift-syntax.build/Debug/SwiftCompilerPluginMessageHandling.build/SwiftCompilerPluginMessageHandling.modulemap

WriteAuxiliaryFile /Users/harishvishwakarma/Library/Developer/Xcode/DerivedData/Revolt-dharrjsambcimaaziudpvzjdcigm/Build/Intermediates.noindex/swift-syntax.build/Debug/SwiftCompilerPluginMessageHandling.build/Objects-normal/x86_64/SwiftCompilerPluginMessageHandling.SwiftFileList (in target 'SwiftCompilerPluginMessageHandling' from project 'swift-syntax')
    cd /Users/harishvishwakarma/Library/Developer/Xcode/DerivedData/Revolt-dharrjsambcimaaziudpvzjdcigm/SourcePackages/checkouts/swift-syntax
    write-file /Users/harishvishwakarma/Library/Developer/Xcode/DerivedData/Revolt-dharrjsambcimaaziudpvzjdcigm/Build/Intermediates.noindex/swift-syntax.build/Debug/SwiftCompilerPluginMessageHandling.build/Objects-normal/x86_64/SwiftCompilerPluginMessageHandling.SwiftFileList

WriteAuxiliaryFile /Users/harishvishwakarma/Library/Developer/Xcode/DerivedData/Revolt-dharrjsambcimaaziudpvzjdcigm/Build/Intermediates.noindex/swift-syntax.build/Debug/SwiftCompilerPluginMessageHandling.build/Objects-normal/x86_64/SwiftCompilerPluginMessageHandling_const_extract_protocols.json (in target 'SwiftCompilerPluginMessageHandling' from project 'swift-syntax')
    cd /Users/harishvishwakarma/Library/Developer/Xcode/DerivedData/Revolt-dharrjsambcimaaziudpvzjdcigm/SourcePackages/checkouts/swift-syntax
    write-file /Users/harishvishwakarma/Library/Developer/Xcode/DerivedData/Revolt-dharrjsambcimaaziudpvzjdcigm/Build/Intermediates.noindex/swift-syntax.build/Debug/SwiftCompilerPluginMessageHandling.build/Objects-normal/x86_64/SwiftCompilerPluginMessageHandling_const_extract_protocols.json

WriteAuxiliaryFile /Users/harishvishwakarma/Library/Developer/Xcode/DerivedData/Revolt-dharrjsambcimaaziudpvzjdcigm/Build/Intermediates.noindex/swift-syntax.build/Debug/SwiftCompilerPluginMessageHandling.build/Objects-normal/x86_64/SwiftCompilerPluginMessageHandling.SwiftConstValuesFileList (in target 'SwiftCompilerPluginMessageHandling' from project 'swift-syntax')
    cd /Users/harishvishwakarma/Library/Developer/Xcode/DerivedData/Revolt-dharrjsambcimaaziudpvzjdcigm/SourcePackages/checkouts/swift-syntax
    write-file /Users/harishvishwakarma/Library/Developer/Xcode/DerivedData/Revolt-dharrjsambcimaaziudpvzjdcigm/Build/Intermediates.noindex/swift-syntax.build/Debug/SwiftCompilerPluginMessageHandling.build/Objects-normal/x86_64/SwiftCompilerPluginMessageHandling.SwiftConstValuesFileList

WriteAuxiliaryFile /Users/harishvishwakarma/Library/Developer/Xcode/DerivedData/Revolt-dharrjsambcimaaziudpvzjdcigm/Build/Intermediates.noindex/swift-syntax.build/Debug/SwiftCompilerPluginMessageHandling.build/Objects-normal/x86_64/SwiftCompilerPluginMessageHandling.LinkFileList (in target 'SwiftCompilerPluginMessageHandling' from project 'swift-syntax')
    cd /Users/harishvishwakarma/Library/Developer/Xcode/DerivedData/Revolt-dharrjsambcimaaziudpvzjdcigm/SourcePackages/checkouts/swift-syntax
    write-file /Users/harishvishwakarma/Library/Developer/Xcode/DerivedData/Revolt-dharrjsambcimaaziudpvzjdcigm/Build/Intermediates.noindex/swift-syntax.build/Debug/SwiftCompilerPluginMessageHandling.build/Objects-normal/x86_64/SwiftCompilerPluginMessageHandling.LinkFileList

WriteAuxiliaryFile /Users/harishvishwakarma/Library/Developer/Xcode/DerivedData/Revolt-dharrjsambcimaaziudpvzjdcigm/Build/Intermediates.noindex/swift-syntax.build/Debug/SwiftCompilerPluginMessageHandling.build/Objects-normal/x86_64/SwiftCompilerPluginMessageHandling-OutputFileMap.json (in target 'SwiftCompilerPluginMessageHandling' from project 'swift-syntax')
    cd /Users/harishvishwakarma/Library/Developer/Xcode/DerivedData/Revolt-dharrjsambcimaaziudpvzjdcigm/SourcePackages/checkouts/swift-syntax
    write-file /Users/harishvishwakarma/Library/Developer/Xcode/DerivedData/Revolt-dharrjsambcimaaziudpvzjdcigm/Build/Intermediates.noindex/swift-syntax.build/Debug/SwiftCompilerPluginMessageHandling.build/Objects-normal/x86_64/SwiftCompilerPluginMessageHandling-OutputFileMap.json

WriteAuxiliaryFile /Users/harishvishwakarma/Library/Developer/Xcode/DerivedData/Revolt-dharrjsambcimaaziudpvzjdcigm/Build/Intermediates.noindex/swift-syntax.build/Debug/SwiftCompilerPluginMessageHandling.build/Objects-normal/arm64/SwiftCompilerPluginMessageHandling_const_extract_protocols.json (in target 'SwiftCompilerPluginMessageHandling' from project 'swift-syntax')
    cd /Users/harishvishwakarma/Library/Developer/Xcode/DerivedData/Revolt-dharrjsambcimaaziudpvzjdcigm/SourcePackages/checkouts/swift-syntax
    write-file /Users/harishvishwakarma/Library/Developer/Xcode/DerivedData/Revolt-dharrjsambcimaaziudpvzjdcigm/Build/Intermediates.noindex/swift-syntax.build/Debug/SwiftCompilerPluginMessageHandling.build/Objects-normal/arm64/SwiftCompilerPluginMessageHandling_const_extract_protocols.json

WriteAuxiliaryFile /Users/harishvishwakarma/Library/Developer/Xcode/DerivedData/Revolt-dharrjsambcimaaziudpvzjdcigm/Build/Intermediates.noindex/swift-syntax.build/Debug/SwiftCompilerPluginMessageHandling.build/Objects-normal/arm64/SwiftCompilerPluginMessageHandling.SwiftFileList (in target 'SwiftCompilerPluginMessageHandling' from project 'swift-syntax')
    cd /Users/harishvishwakarma/Library/Developer/Xcode/DerivedData/Revolt-dharrjsambcimaaziudpvzjdcigm/SourcePackages/checkouts/swift-syntax
    write-file /Users/harishvishwakarma/Library/Developer/Xcode/DerivedData/Revolt-dharrjsambcimaaziudpvzjdcigm/Build/Intermediates.noindex/swift-syntax.build/Debug/SwiftCompilerPluginMessageHandling.build/Objects-normal/arm64/SwiftCompilerPluginMessageHandling.SwiftFileList

WriteAuxiliaryFile /Users/harishvishwakarma/Library/Developer/Xcode/DerivedData/Revolt-dharrjsambcimaaziudpvzjdcigm/Build/Intermediates.noindex/swift-syntax.build/Debug/SwiftCompilerPluginMessageHandling.build/Objects-normal/arm64/SwiftCompilerPluginMessageHandling.SwiftConstValuesFileList (in target 'SwiftCompilerPluginMessageHandling' from project 'swift-syntax')
    cd /Users/harishvishwakarma/Library/Developer/Xcode/DerivedData/Revolt-dharrjsambcimaaziudpvzjdcigm/SourcePackages/checkouts/swift-syntax
    write-file /Users/harishvishwakarma/Library/Developer/Xcode/DerivedData/Revolt-dharrjsambcimaaziudpvzjdcigm/Build/Intermediates.noindex/swift-syntax.build/Debug/SwiftCompilerPluginMessageHandling.build/Objects-normal/arm64/SwiftCompilerPluginMessageHandling.SwiftConstValuesFileList

WriteAuxiliaryFile /Users/harishvishwakarma/Library/Developer/Xcode/DerivedData/Revolt-dharrjsambcimaaziudpvzjdcigm/Build/Intermediates.noindex/swift-syntax.build/Debug/SwiftCompilerPluginMessageHandling.build/Objects-normal/arm64/SwiftCompilerPluginMessageHandling.LinkFileList (in target 'SwiftCompilerPluginMessageHandling' from project 'swift-syntax')
    cd /Users/harishvishwakarma/Library/Developer/Xcode/DerivedData/Revolt-dharrjsambcimaaziudpvzjdcigm/SourcePackages/checkouts/swift-syntax
    write-file /Users/harishvishwakarma/Library/Developer/Xcode/DerivedData/Revolt-dharrjsambcimaaziudpvzjdcigm/Build/Intermediates.noindex/swift-syntax.build/Debug/SwiftCompilerPluginMessageHandling.build/Objects-normal/arm64/SwiftCompilerPluginMessageHandling.LinkFileList

WriteAuxiliaryFile /Users/harishvishwakarma/Library/Developer/Xcode/DerivedData/Revolt-dharrjsambcimaaziudpvzjdcigm/Build/Intermediates.noindex/swift-syntax.build/Debug/SwiftCompilerPluginMessageHandling.build/Objects-normal/arm64/SwiftCompilerPluginMessageHandling-OutputFileMap.json (in target 'SwiftCompilerPluginMessageHandling' from project 'swift-syntax')
    cd /Users/harishvishwakarma/Library/Developer/Xcode/DerivedData/Revolt-dharrjsambcimaaziudpvzjdcigm/SourcePackages/checkouts/swift-syntax
    write-file /Users/harishvishwakarma/Library/Developer/Xcode/DerivedData/Revolt-dharrjsambcimaaziudpvzjdcigm/Build/Intermediates.noindex/swift-syntax.build/Debug/SwiftCompilerPluginMessageHandling.build/Objects-normal/arm64/SwiftCompilerPluginMessageHandling-OutputFileMap.json

WriteAuxiliaryFile /Users/harishvishwakarma/Library/Developer/Xcode/DerivedData/Revolt-dharrjsambcimaaziudpvzjdcigm/Build/Intermediates.noindex/swift-syntax.build/Debug/SwiftCompilerPlugin.build/SwiftCompilerPlugin.DependencyStaticMetadataFileList (in target 'SwiftCompilerPlugin' from project 'swift-syntax')
    cd /Users/harishvishwakarma/Library/Developer/Xcode/DerivedData/Revolt-dharrjsambcimaaziudpvzjdcigm/SourcePackages/checkouts/swift-syntax
    write-file /Users/harishvishwakarma/Library/Developer/Xcode/DerivedData/Revolt-dharrjsambcimaaziudpvzjdcigm/Build/Intermediates.noindex/swift-syntax.build/Debug/SwiftCompilerPlugin.build/SwiftCompilerPlugin.DependencyStaticMetadataFileList

WriteAuxiliaryFile /Users/harishvishwakarma/Library/Developer/Xcode/DerivedData/Revolt-dharrjsambcimaaziudpvzjdcigm/Build/Intermediates.noindex/swift-syntax.build/Debug/SwiftCompilerPlugin.build/SwiftCompilerPlugin.modulemap (in target 'SwiftCompilerPlugin' from project 'swift-syntax')
    cd /Users/harishvishwakarma/Library/Developer/Xcode/DerivedData/Revolt-dharrjsambcimaaziudpvzjdcigm/SourcePackages/checkouts/swift-syntax
    write-file /Users/harishvishwakarma/Library/Developer/Xcode/DerivedData/Revolt-dharrjsambcimaaziudpvzjdcigm/Build/Intermediates.noindex/swift-syntax.build/Debug/SwiftCompilerPlugin.build/SwiftCompilerPlugin.modulemap

WriteAuxiliaryFile /Users/harishvishwakarma/Library/Developer/Xcode/DerivedData/Revolt-dharrjsambcimaaziudpvzjdcigm/Build/Intermediates.noindex/swift-syntax.build/Debug/SwiftCompilerPlugin.build/SwiftCompilerPlugin.DependencyMetadataFileList (in target 'SwiftCompilerPlugin' from project 'swift-syntax')
    cd /Users/harishvishwakarma/Library/Developer/Xcode/DerivedData/Revolt-dharrjsambcimaaziudpvzjdcigm/SourcePackages/checkouts/swift-syntax
    write-file /Users/harishvishwakarma/Library/Developer/Xcode/DerivedData/Revolt-dharrjsambcimaaziudpvzjdcigm/Build/Intermediates.noindex/swift-syntax.build/Debug/SwiftCompilerPlugin.build/SwiftCompilerPlugin.DependencyMetadataFileList

WriteAuxiliaryFile /Users/harishvishwakarma/Library/Developer/Xcode/DerivedData/Revolt-dharrjsambcimaaziudpvzjdcigm/Build/Intermediates.noindex/swift-syntax.build/Debug/SwiftCompilerPlugin.build/Objects-normal/x86_64/SwiftCompilerPlugin_const_extract_protocols.json (in target 'SwiftCompilerPlugin' from project 'swift-syntax')
    cd /Users/harishvishwakarma/Library/Developer/Xcode/DerivedData/Revolt-dharrjsambcimaaziudpvzjdcigm/SourcePackages/checkouts/swift-syntax
    write-file /Users/harishvishwakarma/Library/Developer/Xcode/DerivedData/Revolt-dharrjsambcimaaziudpvzjdcigm/Build/Intermediates.noindex/swift-syntax.build/Debug/SwiftCompilerPlugin.build/Objects-normal/x86_64/SwiftCompilerPlugin_const_extract_protocols.json

WriteAuxiliaryFile /Users/harishvishwakarma/Library/Developer/Xcode/DerivedData/Revolt-dharrjsambcimaaziudpvzjdcigm/Build/Intermediates.noindex/swift-syntax.build/Debug/SwiftCompilerPlugin.build/Objects-normal/x86_64/SwiftCompilerPlugin.SwiftFileList (in target 'SwiftCompilerPlugin' from project 'swift-syntax')
    cd /Users/harishvishwakarma/Library/Developer/Xcode/DerivedData/Revolt-dharrjsambcimaaziudpvzjdcigm/SourcePackages/checkouts/swift-syntax
    write-file /Users/harishvishwakarma/Library/Developer/Xcode/DerivedData/Revolt-dharrjsambcimaaziudpvzjdcigm/Build/Intermediates.noindex/swift-syntax.build/Debug/SwiftCompilerPlugin.build/Objects-normal/x86_64/SwiftCompilerPlugin.SwiftFileList

WriteAuxiliaryFile /Users/harishvishwakarma/Library/Developer/Xcode/DerivedData/Revolt-dharrjsambcimaaziudpvzjdcigm/Build/Intermediates.noindex/swift-syntax.build/Debug/SwiftCompilerPlugin.build/Objects-normal/x86_64/SwiftCompilerPlugin.SwiftConstValuesFileList (in target 'SwiftCompilerPlugin' from project 'swift-syntax')
    cd /Users/harishvishwakarma/Library/Developer/Xcode/DerivedData/Revolt-dharrjsambcimaaziudpvzjdcigm/SourcePackages/checkouts/swift-syntax
    write-file /Users/harishvishwakarma/Library/Developer/Xcode/DerivedData/Revolt-dharrjsambcimaaziudpvzjdcigm/Build/Intermediates.noindex/swift-syntax.build/Debug/SwiftCompilerPlugin.build/Objects-normal/x86_64/SwiftCompilerPlugin.SwiftConstValuesFileList

WriteAuxiliaryFile /Users/harishvishwakarma/Library/Developer/Xcode/DerivedData/Revolt-dharrjsambcimaaziudpvzjdcigm/Build/Intermediates.noindex/swift-syntax.build/Debug/SwiftCompilerPlugin.build/Objects-normal/x86_64/SwiftCompilerPlugin.LinkFileList (in target 'SwiftCompilerPlugin' from project 'swift-syntax')
    cd /Users/harishvishwakarma/Library/Developer/Xcode/DerivedData/Revolt-dharrjsambcimaaziudpvzjdcigm/SourcePackages/checkouts/swift-syntax
    write-file /Users/harishvishwakarma/Library/Developer/Xcode/DerivedData/Revolt-dharrjsambcimaaziudpvzjdcigm/Build/Intermediates.noindex/swift-syntax.build/Debug/SwiftCompilerPlugin.build/Objects-normal/x86_64/SwiftCompilerPlugin.LinkFileList

WriteAuxiliaryFile /Users/harishvishwakarma/Library/Developer/Xcode/DerivedData/Revolt-dharrjsambcimaaziudpvzjdcigm/Build/Intermediates.noindex/swift-syntax.build/Debug/SwiftCompilerPlugin.build/Objects-normal/x86_64/SwiftCompilerPlugin-OutputFileMap.json (in target 'SwiftCompilerPlugin' from project 'swift-syntax')
    cd /Users/harishvishwakarma/Library/Developer/Xcode/DerivedData/Revolt-dharrjsambcimaaziudpvzjdcigm/SourcePackages/checkouts/swift-syntax
    write-file /Users/harishvishwakarma/Library/Developer/Xcode/DerivedData/Revolt-dharrjsambcimaaziudpvzjdcigm/Build/Intermediates.noindex/swift-syntax.build/Debug/SwiftCompilerPlugin.build/Objects-normal/x86_64/SwiftCompilerPlugin-OutputFileMap.json

WriteAuxiliaryFile /Users/harishvishwakarma/Library/Developer/Xcode/DerivedData/Revolt-dharrjsambcimaaziudpvzjdcigm/Build/Intermediates.noindex/swift-syntax.build/Debug/SwiftCompilerPlugin.build/Objects-normal/arm64/SwiftCompilerPlugin_const_extract_protocols.json (in target 'SwiftCompilerPlugin' from project 'swift-syntax')
    cd /Users/harishvishwakarma/Library/Developer/Xcode/DerivedData/Revolt-dharrjsambcimaaziudpvzjdcigm/SourcePackages/checkouts/swift-syntax
    write-file /Users/harishvishwakarma/Library/Developer/Xcode/DerivedData/Revolt-dharrjsambcimaaziudpvzjdcigm/Build/Intermediates.noindex/swift-syntax.build/Debug/SwiftCompilerPlugin.build/Objects-normal/arm64/SwiftCompilerPlugin_const_extract_protocols.json

WriteAuxiliaryFile /Users/harishvishwakarma/Library/Developer/Xcode/DerivedData/Revolt-dharrjsambcimaaziudpvzjdcigm/Build/Intermediates.noindex/swift-syntax.build/Debug/SwiftCompilerPlugin.build/Objects-normal/arm64/SwiftCompilerPlugin.SwiftFileList (in target 'SwiftCompilerPlugin' from project 'swift-syntax')
    cd /Users/harishvishwakarma/Library/Developer/Xcode/DerivedData/Revolt-dharrjsambcimaaziudpvzjdcigm/SourcePackages/checkouts/swift-syntax
    write-file /Users/harishvishwakarma/Library/Developer/Xcode/DerivedData/Revolt-dharrjsambcimaaziudpvzjdcigm/Build/Intermediates.noindex/swift-syntax.build/Debug/SwiftCompilerPlugin.build/Objects-normal/arm64/SwiftCompilerPlugin.SwiftFileList

WriteAuxiliaryFile /Users/harishvishwakarma/Library/Developer/Xcode/DerivedData/Revolt-dharrjsambcimaaziudpvzjdcigm/Build/Intermediates.noindex/swift-syntax.build/Debug/SwiftCompilerPlugin.build/Objects-normal/arm64/SwiftCompilerPlugin.SwiftConstValuesFileList (in target 'SwiftCompilerPlugin' from project 'swift-syntax')
    cd /Users/harishvishwakarma/Library/Developer/Xcode/DerivedData/Revolt-dharrjsambcimaaziudpvzjdcigm/SourcePackages/checkouts/swift-syntax
    write-file /Users/harishvishwakarma/Library/Developer/Xcode/DerivedData/Revolt-dharrjsambcimaaziudpvzjdcigm/Build/Intermediates.noindex/swift-syntax.build/Debug/SwiftCompilerPlugin.build/Objects-normal/arm64/SwiftCompilerPlugin.SwiftConstValuesFileList

WriteAuxiliaryFile /Users/harishvishwakarma/Library/Developer/Xcode/DerivedData/Revolt-dharrjsambcimaaziudpvzjdcigm/Build/Intermediates.noindex/swift-syntax.build/Debug/SwiftCompilerPlugin.build/Objects-normal/arm64/SwiftCompilerPlugin.LinkFileList (in target 'SwiftCompilerPlugin' from project 'swift-syntax')
    cd /Users/harishvishwakarma/Library/Developer/Xcode/DerivedData/Revolt-dharrjsambcimaaziudpvzjdcigm/SourcePackages/checkouts/swift-syntax
    write-file /Users/harishvishwakarma/Library/Developer/Xcode/DerivedData/Revolt-dharrjsambcimaaziudpvzjdcigm/Build/Intermediates.noindex/swift-syntax.build/Debug/SwiftCompilerPlugin.build/Objects-normal/arm64/SwiftCompilerPlugin.LinkFileList

WriteAuxiliaryFile /Users/harishvishwakarma/Library/Developer/Xcode/DerivedData/Revolt-dharrjsambcimaaziudpvzjdcigm/Build/Intermediates.noindex/swift-syntax.build/Debug/SwiftCompilerPlugin.build/Objects-normal/arm64/SwiftCompilerPlugin-OutputFileMap.json (in target 'SwiftCompilerPlugin' from project 'swift-syntax')
    cd /Users/harishvishwakarma/Library/Developer/Xcode/DerivedData/Revolt-dharrjsambcimaaziudpvzjdcigm/SourcePackages/checkouts/swift-syntax
    write-file /Users/harishvishwakarma/Library/Developer/Xcode/DerivedData/Revolt-dharrjsambcimaaziudpvzjdcigm/Build/Intermediates.noindex/swift-syntax.build/Debug/SwiftCompilerPlugin.build/Objects-normal/arm64/SwiftCompilerPlugin-OutputFileMap.json

WriteAuxiliaryFile /Users/harishvishwakarma/Library/Developer/Xcode/DerivedData/Revolt-dharrjsambcimaaziudpvzjdcigm/Build/Intermediates.noindex/SwiftCSV.build/Debug-iphoneos/SwiftCSV_SwiftCSV.build/empty-SwiftCSV_SwiftCSV.plist (in target 'SwiftCSV_SwiftCSV' from project 'SwiftCSV')
    cd /Users/harishvishwakarma/Library/Developer/Xcode/DerivedData/Revolt-dharrjsambcimaaziudpvzjdcigm/SourcePackages/checkouts/SwiftCSV
    write-file /Users/harishvishwakarma/Library/Developer/Xcode/DerivedData/Revolt-dharrjsambcimaaziudpvzjdcigm/Build/Intermediates.noindex/SwiftCSV.build/Debug-iphoneos/SwiftCSV_SwiftCSV.build/empty-SwiftCSV_SwiftCSV.plist

WriteAuxiliaryFile /Users/harishvishwakarma/Library/Developer/Xcode/DerivedData/Revolt-dharrjsambcimaaziudpvzjdcigm/Build/Intermediates.noindex/SwiftCSV.build/Debug-iphoneos/SwiftCSV_SwiftCSV.build/SwiftCSV_SwiftCSV.DependencyStaticMetadataFileList (in target 'SwiftCSV_SwiftCSV' from project 'SwiftCSV')
    cd /Users/harishvishwakarma/Library/Developer/Xcode/DerivedData/Revolt-dharrjsambcimaaziudpvzjdcigm/SourcePackages/checkouts/SwiftCSV
    write-file /Users/harishvishwakarma/Library/Developer/Xcode/DerivedData/Revolt-dharrjsambcimaaziudpvzjdcigm/Build/Intermediates.noindex/SwiftCSV.build/Debug-iphoneos/SwiftCSV_SwiftCSV.build/SwiftCSV_SwiftCSV.DependencyStaticMetadataFileList

WriteAuxiliaryFile /Users/harishvishwakarma/Library/Developer/Xcode/DerivedData/Revolt-dharrjsambcimaaziudpvzjdcigm/Build/Intermediates.noindex/SwiftCSV.build/Debug-iphoneos/SwiftCSV_SwiftCSV.build/SwiftCSV_SwiftCSV.DependencyMetadataFileList (in target 'SwiftCSV_SwiftCSV' from project 'SwiftCSV')
    cd /Users/harishvishwakarma/Library/Developer/Xcode/DerivedData/Revolt-dharrjsambcimaaziudpvzjdcigm/SourcePackages/checkouts/SwiftCSV
    write-file /Users/harishvishwakarma/Library/Developer/Xcode/DerivedData/Revolt-dharrjsambcimaaziudpvzjdcigm/Build/Intermediates.noindex/SwiftCSV.build/Debug-iphoneos/SwiftCSV_SwiftCSV.build/SwiftCSV_SwiftCSV.DependencyMetadataFileList

WriteAuxiliaryFile /Users/harishvishwakarma/Library/Developer/Xcode/DerivedData/Revolt-dharrjsambcimaaziudpvzjdcigm/Build/Intermediates.noindex/SwiftCSV.build/Debug-iphoneos/SwiftCSV.build/SwiftCSV.modulemap (in target 'SwiftCSV' from project 'SwiftCSV')
    cd /Users/harishvishwakarma/Library/Developer/Xcode/DerivedData/Revolt-dharrjsambcimaaziudpvzjdcigm/SourcePackages/checkouts/SwiftCSV
    write-file /Users/harishvishwakarma/Library/Developer/Xcode/DerivedData/Revolt-dharrjsambcimaaziudpvzjdcigm/Build/Intermediates.noindex/SwiftCSV.build/Debug-iphoneos/SwiftCSV.build/SwiftCSV.modulemap

WriteAuxiliaryFile /Users/harishvishwakarma/Library/Developer/Xcode/DerivedData/Revolt-dharrjsambcimaaziudpvzjdcigm/Build/Intermediates.noindex/SwiftCSV.build/Debug-iphoneos/SwiftCSV.build/SwiftCSV.DependencyStaticMetadataFileList (in target 'SwiftCSV' from project 'SwiftCSV')
    cd /Users/harishvishwakarma/Library/Developer/Xcode/DerivedData/Revolt-dharrjsambcimaaziudpvzjdcigm/SourcePackages/checkouts/SwiftCSV
    write-file /Users/harishvishwakarma/Library/Developer/Xcode/DerivedData/Revolt-dharrjsambcimaaziudpvzjdcigm/Build/Intermediates.noindex/SwiftCSV.build/Debug-iphoneos/SwiftCSV.build/SwiftCSV.DependencyStaticMetadataFileList

WriteAuxiliaryFile /Users/harishvishwakarma/Library/Developer/Xcode/DerivedData/Revolt-dharrjsambcimaaziudpvzjdcigm/Build/Intermediates.noindex/SwiftCSV.build/Debug-iphoneos/SwiftCSV.build/SwiftCSV.DependencyMetadataFileList (in target 'SwiftCSV' from project 'SwiftCSV')
    cd /Users/harishvishwakarma/Library/Developer/Xcode/DerivedData/Revolt-dharrjsambcimaaziudpvzjdcigm/SourcePackages/checkouts/SwiftCSV
    write-file /Users/harishvishwakarma/Library/Developer/Xcode/DerivedData/Revolt-dharrjsambcimaaziudpvzjdcigm/Build/Intermediates.noindex/SwiftCSV.build/Debug-iphoneos/SwiftCSV.build/SwiftCSV.DependencyMetadataFileList

WriteAuxiliaryFile /Users/harishvishwakarma/Library/Developer/Xcode/DerivedData/Revolt-dharrjsambcimaaziudpvzjdcigm/Build/Intermediates.noindex/SwiftCSV.build/Debug-iphoneos/SwiftCSV.build/Objects-normal/arm64/SwiftCSV_const_extract_protocols.json (in target 'SwiftCSV' from project 'SwiftCSV')
    cd /Users/harishvishwakarma/Library/Developer/Xcode/DerivedData/Revolt-dharrjsambcimaaziudpvzjdcigm/SourcePackages/checkouts/SwiftCSV
    write-file /Users/harishvishwakarma/Library/Developer/Xcode/DerivedData/Revolt-dharrjsambcimaaziudpvzjdcigm/Build/Intermediates.noindex/SwiftCSV.build/Debug-iphoneos/SwiftCSV.build/Objects-normal/arm64/SwiftCSV_const_extract_protocols.json

WriteAuxiliaryFile /Users/harishvishwakarma/Library/Developer/Xcode/DerivedData/Revolt-dharrjsambcimaaziudpvzjdcigm/Build/Intermediates.noindex/SwiftCSV.build/Debug-iphoneos/SwiftCSV.build/Objects-normal/arm64/SwiftCSV.SwiftFileList (in target 'SwiftCSV' from project 'SwiftCSV')
    cd /Users/harishvishwakarma/Library/Developer/Xcode/DerivedData/Revolt-dharrjsambcimaaziudpvzjdcigm/SourcePackages/checkouts/SwiftCSV
    write-file /Users/harishvishwakarma/Library/Developer/Xcode/DerivedData/Revolt-dharrjsambcimaaziudpvzjdcigm/Build/Intermediates.noindex/SwiftCSV.build/Debug-iphoneos/SwiftCSV.build/Objects-normal/arm64/SwiftCSV.SwiftFileList

WriteAuxiliaryFile /Users/harishvishwakarma/Library/Developer/Xcode/DerivedData/Revolt-dharrjsambcimaaziudpvzjdcigm/Build/Intermediates.noindex/SwiftCSV.build/Debug-iphoneos/SwiftCSV.build/Objects-normal/arm64/SwiftCSV.SwiftConstValuesFileList (in target 'SwiftCSV' from project 'SwiftCSV')
    cd /Users/harishvishwakarma/Library/Developer/Xcode/DerivedData/Revolt-dharrjsambcimaaziudpvzjdcigm/SourcePackages/checkouts/SwiftCSV
    write-file /Users/harishvishwakarma/Library/Developer/Xcode/DerivedData/Revolt-dharrjsambcimaaziudpvzjdcigm/Build/Intermediates.noindex/SwiftCSV.build/Debug-iphoneos/SwiftCSV.build/Objects-normal/arm64/SwiftCSV.SwiftConstValuesFileList

WriteAuxiliaryFile /Users/harishvishwakarma/Library/Developer/Xcode/DerivedData/Revolt-dharrjsambcimaaziudpvzjdcigm/Build/Intermediates.noindex/SwiftCSV.build/Debug-iphoneos/SwiftCSV.build/Objects-normal/arm64/SwiftCSV.LinkFileList (in target 'SwiftCSV' from project 'SwiftCSV')
    cd /Users/harishvishwakarma/Library/Developer/Xcode/DerivedData/Revolt-dharrjsambcimaaziudpvzjdcigm/SourcePackages/checkouts/SwiftCSV
    write-file /Users/harishvishwakarma/Library/Developer/Xcode/DerivedData/Revolt-dharrjsambcimaaziudpvzjdcigm/Build/Intermediates.noindex/SwiftCSV.build/Debug-iphoneos/SwiftCSV.build/Objects-normal/arm64/SwiftCSV.LinkFileList

WriteAuxiliaryFile /Users/harishvishwakarma/Library/Developer/Xcode/DerivedData/Revolt-dharrjsambcimaaziudpvzjdcigm/Build/Intermediates.noindex/SwiftCSV.build/Debug-iphoneos/SwiftCSV.build/Objects-normal/arm64/SwiftCSV-OutputFileMap.json (in target 'SwiftCSV' from project 'SwiftCSV')
    cd /Users/harishvishwakarma/Library/Developer/Xcode/DerivedData/Revolt-dharrjsambcimaaziudpvzjdcigm/SourcePackages/checkouts/SwiftCSV
    write-file /Users/harishvishwakarma/Library/Developer/Xcode/DerivedData/Revolt-dharrjsambcimaaziudpvzjdcigm/Build/Intermediates.noindex/SwiftCSV.build/Debug-iphoneos/SwiftCSV.build/Objects-normal/arm64/SwiftCSV-OutputFileMap.json

WriteAuxiliaryFile /Users/harishvishwakarma/Library/Developer/Xcode/DerivedData/Revolt-dharrjsambcimaaziudpvzjdcigm/Build/Intermediates.noindex/SwiftCSV.build/Debug-iphoneos/SwiftCSV.build/DerivedSources/resource_bundle_accessor.swift (in target 'SwiftCSV' from project 'SwiftCSV')
    cd /Users/harishvishwakarma/Library/Developer/Xcode/DerivedData/Revolt-dharrjsambcimaaziudpvzjdcigm/SourcePackages/checkouts/SwiftCSV
    write-file /Users/harishvishwakarma/Library/Developer/Xcode/DerivedData/Revolt-dharrjsambcimaaziudpvzjdcigm/Build/Intermediates.noindex/SwiftCSV.build/Debug-iphoneos/SwiftCSV.build/DerivedSources/resource_bundle_accessor.swift

WriteAuxiliaryFile /Users/harishvishwakarma/Library/Developer/Xcode/DerivedData/Revolt-dharrjsambcimaaziudpvzjdcigm/Build/Intermediates.noindex/swift-syntax.build/Debug/SwiftBasicFormat.build/SwiftBasicFormat.modulemap (in target 'SwiftBasicFormat' from project 'swift-syntax')
    cd /Users/harishvishwakarma/Library/Developer/Xcode/DerivedData/Revolt-dharrjsambcimaaziudpvzjdcigm/SourcePackages/checkouts/swift-syntax
    write-file /Users/harishvishwakarma/Library/Developer/Xcode/DerivedData/Revolt-dharrjsambcimaaziudpvzjdcigm/Build/Intermediates.noindex/swift-syntax.build/Debug/SwiftBasicFormat.build/SwiftBasicFormat.modulemap

WriteAuxiliaryFile /Users/harishvishwakarma/Library/Developer/Xcode/DerivedData/Revolt-dharrjsambcimaaziudpvzjdcigm/Build/Intermediates.noindex/swift-syntax.build/Debug/SwiftBasicFormat.build/SwiftBasicFormat.DependencyStaticMetadataFileList (in target 'SwiftBasicFormat' from project 'swift-syntax')
    cd /Users/harishvishwakarma/Library/Developer/Xcode/DerivedData/Revolt-dharrjsambcimaaziudpvzjdcigm/SourcePackages/checkouts/swift-syntax
    write-file /Users/harishvishwakarma/Library/Developer/Xcode/DerivedData/Revolt-dharrjsambcimaaziudpvzjdcigm/Build/Intermediates.noindex/swift-syntax.build/Debug/SwiftBasicFormat.build/SwiftBasicFormat.DependencyStaticMetadataFileList

WriteAuxiliaryFile /Users/harishvishwakarma/Library/Developer/Xcode/DerivedData/Revolt-dharrjsambcimaaziudpvzjdcigm/Build/Intermediates.noindex/swift-syntax.build/Debug/SwiftBasicFormat.build/SwiftBasicFormat.DependencyMetadataFileList (in target 'SwiftBasicFormat' from project 'swift-syntax')
    cd /Users/harishvishwakarma/Library/Developer/Xcode/DerivedData/Revolt-dharrjsambcimaaziudpvzjdcigm/SourcePackages/checkouts/swift-syntax
    write-file /Users/harishvishwakarma/Library/Developer/Xcode/DerivedData/Revolt-dharrjsambcimaaziudpvzjdcigm/Build/Intermediates.noindex/swift-syntax.build/Debug/SwiftBasicFormat.build/SwiftBasicFormat.DependencyMetadataFileList

WriteAuxiliaryFile /Users/harishvishwakarma/Library/Developer/Xcode/DerivedData/Revolt-dharrjsambcimaaziudpvzjdcigm/Build/Intermediates.noindex/swift-syntax.build/Debug/SwiftBasicFormat.build/Objects-normal/x86_64/SwiftBasicFormat_const_extract_protocols.json (in target 'SwiftBasicFormat' from project 'swift-syntax')
    cd /Users/harishvishwakarma/Library/Developer/Xcode/DerivedData/Revolt-dharrjsambcimaaziudpvzjdcigm/SourcePackages/checkouts/swift-syntax
    write-file /Users/harishvishwakarma/Library/Developer/Xcode/DerivedData/Revolt-dharrjsambcimaaziudpvzjdcigm/Build/Intermediates.noindex/swift-syntax.build/Debug/SwiftBasicFormat.build/Objects-normal/x86_64/SwiftBasicFormat_const_extract_protocols.json

Copy /Users/harishvishwakarma/Library/Developer/Xcode/DerivedData/Revolt-dharrjsambcimaaziudpvzjdcigm/Build/Intermediates.noindex/GeneratedModuleMaps-iphoneos/SwiftyCrop.modulemap /Users/harishvishwakarma/Library/Developer/Xcode/DerivedData/Revolt-dharrjsambcimaaziudpvzjdcigm/Build/Intermediates.noindex/SwiftyCrop.build/Debug-iphoneos/SwiftyCrop.build/SwiftyCrop.modulemap (in target 'SwiftyCrop' from project 'SwiftyCrop')
    cd /Users/harishvishwakarma/Library/Developer/Xcode/DerivedData/Revolt-dharrjsambcimaaziudpvzjdcigm/SourcePackages/checkouts/SwiftyCrop
    builtin-copy -exclude .DS_Store -exclude CVS -exclude .svn -exclude .git -exclude .hg -resolve-src-symlinks /Users/harishvishwakarma/Library/Developer/Xcode/DerivedData/Revolt-dharrjsambcimaaziudpvzjdcigm/Build/Intermediates.noindex/SwiftyCrop.build/Debug-iphoneos/SwiftyCrop.build/SwiftyCrop.modulemap /Users/harishvishwakarma/Library/Developer/Xcode/DerivedData/Revolt-dharrjsambcimaaziudpvzjdcigm/Build/Intermediates.noindex/GeneratedModuleMaps-iphoneos

WriteAuxiliaryFile /Users/harishvishwakarma/Library/Developer/Xcode/DerivedData/Revolt-dharrjsambcimaaziudpvzjdcigm/Build/Intermediates.noindex/swift-syntax.build/Debug/SwiftBasicFormat.build/Objects-normal/x86_64/SwiftBasicFormat.SwiftFileList (in target 'SwiftBasicFormat' from project 'swift-syntax')
    cd /Users/harishvishwakarma/Library/Developer/Xcode/DerivedData/Revolt-dharrjsambcimaaziudpvzjdcigm/SourcePackages/checkouts/swift-syntax
    write-file /Users/harishvishwakarma/Library/Developer/Xcode/DerivedData/Revolt-dharrjsambcimaaziudpvzjdcigm/Build/Intermediates.noindex/swift-syntax.build/Debug/SwiftBasicFormat.build/Objects-normal/x86_64/SwiftBasicFormat.SwiftFileList

WriteAuxiliaryFile /Users/harishvishwakarma/Library/Developer/Xcode/DerivedData/Revolt-dharrjsambcimaaziudpvzjdcigm/Build/Intermediates.noindex/swift-syntax.build/Debug/SwiftBasicFormat.build/Objects-normal/x86_64/SwiftBasicFormat.SwiftConstValuesFileList (in target 'SwiftBasicFormat' from project 'swift-syntax')
    cd /Users/harishvishwakarma/Library/Developer/Xcode/DerivedData/Revolt-dharrjsambcimaaziudpvzjdcigm/SourcePackages/checkouts/swift-syntax
    write-file /Users/harishvishwakarma/Library/Developer/Xcode/DerivedData/Revolt-dharrjsambcimaaziudpvzjdcigm/Build/Intermediates.noindex/swift-syntax.build/Debug/SwiftBasicFormat.build/Objects-normal/x86_64/SwiftBasicFormat.SwiftConstValuesFileList

WriteAuxiliaryFile /Users/harishvishwakarma/Library/Developer/Xcode/DerivedData/Revolt-dharrjsambcimaaziudpvzjdcigm/Build/Intermediates.noindex/swift-syntax.build/Debug/SwiftBasicFormat.build/Objects-normal/x86_64/SwiftBasicFormat.LinkFileList (in target 'SwiftBasicFormat' from project 'swift-syntax')
    cd /Users/harishvishwakarma/Library/Developer/Xcode/DerivedData/Revolt-dharrjsambcimaaziudpvzjdcigm/SourcePackages/checkouts/swift-syntax
    write-file /Users/harishvishwakarma/Library/Developer/Xcode/DerivedData/Revolt-dharrjsambcimaaziudpvzjdcigm/Build/Intermediates.noindex/swift-syntax.build/Debug/SwiftBasicFormat.build/Objects-normal/x86_64/SwiftBasicFormat.LinkFileList

WriteAuxiliaryFile /Users/harishvishwakarma/Library/Developer/Xcode/DerivedData/Revolt-dharrjsambcimaaziudpvzjdcigm/Build/Intermediates.noindex/swift-syntax.build/Debug/SwiftBasicFormat.build/Objects-normal/x86_64/SwiftBasicFormat-OutputFileMap.json (in target 'SwiftBasicFormat' from project 'swift-syntax')
    cd /Users/harishvishwakarma/Library/Developer/Xcode/DerivedData/Revolt-dharrjsambcimaaziudpvzjdcigm/SourcePackages/checkouts/swift-syntax
    write-file /Users/harishvishwakarma/Library/Developer/Xcode/DerivedData/Revolt-dharrjsambcimaaziudpvzjdcigm/Build/Intermediates.noindex/swift-syntax.build/Debug/SwiftBasicFormat.build/Objects-normal/x86_64/SwiftBasicFormat-OutputFileMap.json

WriteAuxiliaryFile /Users/harishvishwakarma/Library/Developer/Xcode/DerivedData/Revolt-dharrjsambcimaaziudpvzjdcigm/Build/Intermediates.noindex/swift-syntax.build/Debug/SwiftBasicFormat.build/Objects-normal/arm64/SwiftBasicFormat_const_extract_protocols.json (in target 'SwiftBasicFormat' from project 'swift-syntax')
    cd /Users/harishvishwakarma/Library/Developer/Xcode/DerivedData/Revolt-dharrjsambcimaaziudpvzjdcigm/SourcePackages/checkouts/swift-syntax
    write-file /Users/harishvishwakarma/Library/Developer/Xcode/DerivedData/Revolt-dharrjsambcimaaziudpvzjdcigm/Build/Intermediates.noindex/swift-syntax.build/Debug/SwiftBasicFormat.build/Objects-normal/arm64/SwiftBasicFormat_const_extract_protocols.json

WriteAuxiliaryFile /Users/harishvishwakarma/Library/Developer/Xcode/DerivedData/Revolt-dharrjsambcimaaziudpvzjdcigm/Build/Intermediates.noindex/swift-syntax.build/Debug/SwiftBasicFormat.build/Objects-normal/arm64/SwiftBasicFormat.SwiftFileList (in target 'SwiftBasicFormat' from project 'swift-syntax')
    cd /Users/harishvishwakarma/Library/Developer/Xcode/DerivedData/Revolt-dharrjsambcimaaziudpvzjdcigm/SourcePackages/checkouts/swift-syntax
    write-file /Users/harishvishwakarma/Library/Developer/Xcode/DerivedData/Revolt-dharrjsambcimaaziudpvzjdcigm/Build/Intermediates.noindex/swift-syntax.build/Debug/SwiftBasicFormat.build/Objects-normal/arm64/SwiftBasicFormat.SwiftFileList

WriteAuxiliaryFile /Users/harishvishwakarma/Library/Developer/Xcode/DerivedData/Revolt-dharrjsambcimaaziudpvzjdcigm/Build/Intermediates.noindex/swift-syntax.build/Debug/SwiftBasicFormat.build/Objects-normal/arm64/SwiftBasicFormat.SwiftConstValuesFileList (in target 'SwiftBasicFormat' from project 'swift-syntax')
    cd /Users/harishvishwakarma/Library/Developer/Xcode/DerivedData/Revolt-dharrjsambcimaaziudpvzjdcigm/SourcePackages/checkouts/swift-syntax
    write-file /Users/harishvishwakarma/Library/Developer/Xcode/DerivedData/Revolt-dharrjsambcimaaziudpvzjdcigm/Build/Intermediates.noindex/swift-syntax.build/Debug/SwiftBasicFormat.build/Objects-normal/arm64/SwiftBasicFormat.SwiftConstValuesFileList

WriteAuxiliaryFile /Users/harishvishwakarma/Library/Developer/Xcode/DerivedData/Revolt-dharrjsambcimaaziudpvzjdcigm/Build/Intermediates.noindex/swift-syntax.build/Debug/SwiftBasicFormat.build/Objects-normal/arm64/SwiftBasicFormat.LinkFileList (in target 'SwiftBasicFormat' from project 'swift-syntax')
    cd /Users/harishvishwakarma/Library/Developer/Xcode/DerivedData/Revolt-dharrjsambcimaaziudpvzjdcigm/SourcePackages/checkouts/swift-syntax
    write-file /Users/harishvishwakarma/Library/Developer/Xcode/DerivedData/Revolt-dharrjsambcimaaziudpvzjdcigm/Build/Intermediates.noindex/swift-syntax.build/Debug/SwiftBasicFormat.build/Objects-normal/arm64/SwiftBasicFormat.LinkFileList

WriteAuxiliaryFile /Users/harishvishwakarma/Library/Developer/Xcode/DerivedData/Revolt-dharrjsambcimaaziudpvzjdcigm/Build/Intermediates.noindex/swift-syntax.build/Debug/SwiftBasicFormat.build/Objects-normal/arm64/SwiftBasicFormat-OutputFileMap.json (in target 'SwiftBasicFormat' from project 'swift-syntax')
    cd /Users/harishvishwakarma/Library/Developer/Xcode/DerivedData/Revolt-dharrjsambcimaaziudpvzjdcigm/SourcePackages/checkouts/swift-syntax
    write-file /Users/harishvishwakarma/Library/Developer/Xcode/DerivedData/Revolt-dharrjsambcimaaziudpvzjdcigm/Build/Intermediates.noindex/swift-syntax.build/Debug/SwiftBasicFormat.build/Objects-normal/arm64/SwiftBasicFormat-OutputFileMap.json

WriteAuxiliaryFile /Users/harishvishwakarma/Library/Developer/Xcode/DerivedData/Revolt-dharrjsambcimaaziudpvzjdcigm/Build/Intermediates.noindex/SubviewAttachingTextView.build/Debug-iphoneos/SubviewAttachingTextView.build/SubviewAttachingTextView.DependencyStaticMetadataFileList (in target 'SubviewAttachingTextView' from project 'SubviewAttachingTextView')
    cd /Users/harishvishwakarma/Library/Developer/Xcode/DerivedData/Revolt-dharrjsambcimaaziudpvzjdcigm/SourcePackages/checkouts/SubviewAttachingTextView
    write-file /Users/harishvishwakarma/Library/Developer/Xcode/DerivedData/Revolt-dharrjsambcimaaziudpvzjdcigm/Build/Intermediates.noindex/SubviewAttachingTextView.build/Debug-iphoneos/SubviewAttachingTextView.build/SubviewAttachingTextView.DependencyStaticMetadataFileList

WriteAuxiliaryFile /Users/harishvishwakarma/Library/Developer/Xcode/DerivedData/Revolt-dharrjsambcimaaziudpvzjdcigm/Build/Intermediates.noindex/SubviewAttachingTextView.build/Debug-iphoneos/SubviewAttachingTextView.build/SubviewAttachingTextView.modulemap (in target 'SubviewAttachingTextView' from project 'SubviewAttachingTextView')
    cd /Users/harishvishwakarma/Library/Developer/Xcode/DerivedData/Revolt-dharrjsambcimaaziudpvzjdcigm/SourcePackages/checkouts/SubviewAttachingTextView
    write-file /Users/harishvishwakarma/Library/Developer/Xcode/DerivedData/Revolt-dharrjsambcimaaziudpvzjdcigm/Build/Intermediates.noindex/SubviewAttachingTextView.build/Debug-iphoneos/SubviewAttachingTextView.build/SubviewAttachingTextView.modulemap

WriteAuxiliaryFile /Users/harishvishwakarma/Library/Developer/Xcode/DerivedData/Revolt-dharrjsambcimaaziudpvzjdcigm/Build/Intermediates.noindex/SubviewAttachingTextView.build/Debug-iphoneos/SubviewAttachingTextView.build/SubviewAttachingTextView.DependencyMetadataFileList (in target 'SubviewAttachingTextView' from project 'SubviewAttachingTextView')
    cd /Users/harishvishwakarma/Library/Developer/Xcode/DerivedData/Revolt-dharrjsambcimaaziudpvzjdcigm/SourcePackages/checkouts/SubviewAttachingTextView
    write-file /Users/harishvishwakarma/Library/Developer/Xcode/DerivedData/Revolt-dharrjsambcimaaziudpvzjdcigm/Build/Intermediates.noindex/SubviewAttachingTextView.build/Debug-iphoneos/SubviewAttachingTextView.build/SubviewAttachingTextView.DependencyMetadataFileList

WriteAuxiliaryFile /Users/harishvishwakarma/Library/Developer/Xcode/DerivedData/Revolt-dharrjsambcimaaziudpvzjdcigm/Build/Intermediates.noindex/SubviewAttachingTextView.build/Debug-iphoneos/SubviewAttachingTextView.build/Objects-normal/arm64/SubviewAttachingTextView_const_extract_protocols.json (in target 'SubviewAttachingTextView' from project 'SubviewAttachingTextView')
    cd /Users/harishvishwakarma/Library/Developer/Xcode/DerivedData/Revolt-dharrjsambcimaaziudpvzjdcigm/SourcePackages/checkouts/SubviewAttachingTextView
    write-file /Users/harishvishwakarma/Library/Developer/Xcode/DerivedData/Revolt-dharrjsambcimaaziudpvzjdcigm/Build/Intermediates.noindex/SubviewAttachingTextView.build/Debug-iphoneos/SubviewAttachingTextView.build/Objects-normal/arm64/SubviewAttachingTextView_const_extract_protocols.json

WriteAuxiliaryFile /Users/harishvishwakarma/Library/Developer/Xcode/DerivedData/Revolt-dharrjsambcimaaziudpvzjdcigm/Build/Intermediates.noindex/SubviewAttachingTextView.build/Debug-iphoneos/SubviewAttachingTextView.build/Objects-normal/arm64/SubviewAttachingTextView.SwiftFileList (in target 'SubviewAttachingTextView' from project 'SubviewAttachingTextView')
    cd /Users/harishvishwakarma/Library/Developer/Xcode/DerivedData/Revolt-dharrjsambcimaaziudpvzjdcigm/SourcePackages/checkouts/SubviewAttachingTextView
    write-file /Users/harishvishwakarma/Library/Developer/Xcode/DerivedData/Revolt-dharrjsambcimaaziudpvzjdcigm/Build/Intermediates.noindex/SubviewAttachingTextView.build/Debug-iphoneos/SubviewAttachingTextView.build/Objects-normal/arm64/SubviewAttachingTextView.SwiftFileList

WriteAuxiliaryFile /Users/harishvishwakarma/Library/Developer/Xcode/DerivedData/Revolt-dharrjsambcimaaziudpvzjdcigm/Build/Intermediates.noindex/SubviewAttachingTextView.build/Debug-iphoneos/SubviewAttachingTextView.build/Objects-normal/arm64/SubviewAttachingTextView.SwiftConstValuesFileList (in target 'SubviewAttachingTextView' from project 'SubviewAttachingTextView')
    cd /Users/harishvishwakarma/Library/Developer/Xcode/DerivedData/Revolt-dharrjsambcimaaziudpvzjdcigm/SourcePackages/checkouts/SubviewAttachingTextView
    write-file /Users/harishvishwakarma/Library/Developer/Xcode/DerivedData/Revolt-dharrjsambcimaaziudpvzjdcigm/Build/Intermediates.noindex/SubviewAttachingTextView.build/Debug-iphoneos/SubviewAttachingTextView.build/Objects-normal/arm64/SubviewAttachingTextView.SwiftConstValuesFileList

WriteAuxiliaryFile /Users/harishvishwakarma/Library/Developer/Xcode/DerivedData/Revolt-dharrjsambcimaaziudpvzjdcigm/Build/Intermediates.noindex/SubviewAttachingTextView.build/Debug-iphoneos/SubviewAttachingTextView.build/Objects-normal/arm64/SubviewAttachingTextView.LinkFileList (in target 'SubviewAttachingTextView' from project 'SubviewAttachingTextView')
    cd /Users/harishvishwakarma/Library/Developer/Xcode/DerivedData/Revolt-dharrjsambcimaaziudpvzjdcigm/SourcePackages/checkouts/SubviewAttachingTextView
    write-file /Users/harishvishwakarma/Library/Developer/Xcode/DerivedData/Revolt-dharrjsambcimaaziudpvzjdcigm/Build/Intermediates.noindex/SubviewAttachingTextView.build/Debug-iphoneos/SubviewAttachingTextView.build/Objects-normal/arm64/SubviewAttachingTextView.LinkFileList

WriteAuxiliaryFile /Users/harishvishwakarma/Library/Developer/Xcode/DerivedData/Revolt-dharrjsambcimaaziudpvzjdcigm/Build/Intermediates.noindex/SubviewAttachingTextView.build/Debug-iphoneos/SubviewAttachingTextView.build/Objects-normal/arm64/SubviewAttachingTextView-OutputFileMap.json (in target 'SubviewAttachingTextView' from project 'SubviewAttachingTextView')
    cd /Users/harishvishwakarma/Library/Developer/Xcode/DerivedData/Revolt-dharrjsambcimaaziudpvzjdcigm/SourcePackages/checkouts/SubviewAttachingTextView
    write-file /Users/harishvishwakarma/Library/Developer/Xcode/DerivedData/Revolt-dharrjsambcimaaziudpvzjdcigm/Build/Intermediates.noindex/SubviewAttachingTextView.build/Debug-iphoneos/SubviewAttachingTextView.build/Objects-normal/arm64/SubviewAttachingTextView-OutputFileMap.json

WriteAuxiliaryFile /Users/harishvishwakarma/Library/Developer/Xcode/DerivedData/Revolt-dharrjsambcimaaziudpvzjdcigm/Build/Intermediates.noindex/Starscream.build/Debug-iphoneos/Starscream_Starscream.build/empty-Starscream_Starscream.plist (in target 'Starscream_Starscream' from project 'Starscream')
    cd /Users/harishvishwakarma/Library/Developer/Xcode/DerivedData/Revolt-dharrjsambcimaaziudpvzjdcigm/SourcePackages/checkouts/Starscream
    write-file /Users/harishvishwakarma/Library/Developer/Xcode/DerivedData/Revolt-dharrjsambcimaaziudpvzjdcigm/Build/Intermediates.noindex/Starscream.build/Debug-iphoneos/Starscream_Starscream.build/empty-Starscream_Starscream.plist

WriteAuxiliaryFile /Users/harishvishwakarma/Library/Developer/Xcode/DerivedData/Revolt-dharrjsambcimaaziudpvzjdcigm/Build/Intermediates.noindex/Starscream.build/Debug-iphoneos/Starscream_Starscream.build/Starscream_Starscream.DependencyStaticMetadataFileList (in target 'Starscream_Starscream' from project 'Starscream')
    cd /Users/harishvishwakarma/Library/Developer/Xcode/DerivedData/Revolt-dharrjsambcimaaziudpvzjdcigm/SourcePackages/checkouts/Starscream
    write-file /Users/harishvishwakarma/Library/Developer/Xcode/DerivedData/Revolt-dharrjsambcimaaziudpvzjdcigm/Build/Intermediates.noindex/Starscream.build/Debug-iphoneos/Starscream_Starscream.build/Starscream_Starscream.DependencyStaticMetadataFileList

WriteAuxiliaryFile /Users/harishvishwakarma/Library/Developer/Xcode/DerivedData/Revolt-dharrjsambcimaaziudpvzjdcigm/Build/Intermediates.noindex/Starscream.build/Debug-iphoneos/Starscream_Starscream.build/Starscream_Starscream.DependencyMetadataFileList (in target 'Starscream_Starscream' from project 'Starscream')
    cd /Users/harishvishwakarma/Library/Developer/Xcode/DerivedData/Revolt-dharrjsambcimaaziudpvzjdcigm/SourcePackages/checkouts/Starscream
    write-file /Users/harishvishwakarma/Library/Developer/Xcode/DerivedData/Revolt-dharrjsambcimaaziudpvzjdcigm/Build/Intermediates.noindex/Starscream.build/Debug-iphoneos/Starscream_Starscream.build/Starscream_Starscream.DependencyMetadataFileList

WriteAuxiliaryFile /Users/harishvishwakarma/Library/Developer/Xcode/DerivedData/Revolt-dharrjsambcimaaziudpvzjdcigm/Build/Intermediates.noindex/Starscream.build/Debug-iphoneos/Starscream.build/Starscream.modulemap (in target 'Starscream' from project 'Starscream')
    cd /Users/harishvishwakarma/Library/Developer/Xcode/DerivedData/Revolt-dharrjsambcimaaziudpvzjdcigm/SourcePackages/checkouts/Starscream
    write-file /Users/harishvishwakarma/Library/Developer/Xcode/DerivedData/Revolt-dharrjsambcimaaziudpvzjdcigm/Build/Intermediates.noindex/Starscream.build/Debug-iphoneos/Starscream.build/Starscream.modulemap

WriteAuxiliaryFile /Users/harishvishwakarma/Library/Developer/Xcode/DerivedData/Revolt-dharrjsambcimaaziudpvzjdcigm/Build/Intermediates.noindex/Starscream.build/Debug-iphoneos/Starscream.build/Starscream.DependencyStaticMetadataFileList (in target 'Starscream' from project 'Starscream')
    cd /Users/harishvishwakarma/Library/Developer/Xcode/DerivedData/Revolt-dharrjsambcimaaziudpvzjdcigm/SourcePackages/checkouts/Starscream
    write-file /Users/harishvishwakarma/Library/Developer/Xcode/DerivedData/Revolt-dharrjsambcimaaziudpvzjdcigm/Build/Intermediates.noindex/Starscream.build/Debug-iphoneos/Starscream.build/Starscream.DependencyStaticMetadataFileList

WriteAuxiliaryFile /Users/harishvishwakarma/Library/Developer/Xcode/DerivedData/Revolt-dharrjsambcimaaziudpvzjdcigm/Build/Intermediates.noindex/Starscream.build/Debug-iphoneos/Starscream.build/Starscream.DependencyMetadataFileList (in target 'Starscream' from project 'Starscream')
    cd /Users/harishvishwakarma/Library/Developer/Xcode/DerivedData/Revolt-dharrjsambcimaaziudpvzjdcigm/SourcePackages/checkouts/Starscream
    write-file /Users/harishvishwakarma/Library/Developer/Xcode/DerivedData/Revolt-dharrjsambcimaaziudpvzjdcigm/Build/Intermediates.noindex/Starscream.build/Debug-iphoneos/Starscream.build/Starscream.DependencyMetadataFileList

WriteAuxiliaryFile /Users/harishvishwakarma/Library/Developer/Xcode/DerivedData/Revolt-dharrjsambcimaaziudpvzjdcigm/Build/Intermediates.noindex/Starscream.build/Debug-iphoneos/Starscream.build/Objects-normal/arm64/Starscream_const_extract_protocols.json (in target 'Starscream' from project 'Starscream')
    cd /Users/harishvishwakarma/Library/Developer/Xcode/DerivedData/Revolt-dharrjsambcimaaziudpvzjdcigm/SourcePackages/checkouts/Starscream
    write-file /Users/harishvishwakarma/Library/Developer/Xcode/DerivedData/Revolt-dharrjsambcimaaziudpvzjdcigm/Build/Intermediates.noindex/Starscream.build/Debug-iphoneos/Starscream.build/Objects-normal/arm64/Starscream_const_extract_protocols.json

WriteAuxiliaryFile /Users/harishvishwakarma/Library/Developer/Xcode/DerivedData/Revolt-dharrjsambcimaaziudpvzjdcigm/Build/Intermediates.noindex/Starscream.build/Debug-iphoneos/Starscream.build/Objects-normal/arm64/Starscream.SwiftFileList (in target 'Starscream' from project 'Starscream')
    cd /Users/harishvishwakarma/Library/Developer/Xcode/DerivedData/Revolt-dharrjsambcimaaziudpvzjdcigm/SourcePackages/checkouts/Starscream
    write-file /Users/harishvishwakarma/Library/Developer/Xcode/DerivedData/Revolt-dharrjsambcimaaziudpvzjdcigm/Build/Intermediates.noindex/Starscream.build/Debug-iphoneos/Starscream.build/Objects-normal/arm64/Starscream.SwiftFileList

WriteAuxiliaryFile /Users/harishvishwakarma/Library/Developer/Xcode/DerivedData/Revolt-dharrjsambcimaaziudpvzjdcigm/Build/Intermediates.noindex/Starscream.build/Debug-iphoneos/Starscream.build/Objects-normal/arm64/Starscream.SwiftConstValuesFileList (in target 'Starscream' from project 'Starscream')
    cd /Users/harishvishwakarma/Library/Developer/Xcode/DerivedData/Revolt-dharrjsambcimaaziudpvzjdcigm/SourcePackages/checkouts/Starscream
    write-file /Users/harishvishwakarma/Library/Developer/Xcode/DerivedData/Revolt-dharrjsambcimaaziudpvzjdcigm/Build/Intermediates.noindex/Starscream.build/Debug-iphoneos/Starscream.build/Objects-normal/arm64/Starscream.SwiftConstValuesFileList

WriteAuxiliaryFile /Users/harishvishwakarma/Library/Developer/Xcode/DerivedData/Revolt-dharrjsambcimaaziudpvzjdcigm/Build/Intermediates.noindex/Starscream.build/Debug-iphoneos/Starscream.build/Objects-normal/arm64/Starscream.LinkFileList (in target 'Starscream' from project 'Starscream')
    cd /Users/harishvishwakarma/Library/Developer/Xcode/DerivedData/Revolt-dharrjsambcimaaziudpvzjdcigm/SourcePackages/checkouts/Starscream
    write-file /Users/harishvishwakarma/Library/Developer/Xcode/DerivedData/Revolt-dharrjsambcimaaziudpvzjdcigm/Build/Intermediates.noindex/Starscream.build/Debug-iphoneos/Starscream.build/Objects-normal/arm64/Starscream.LinkFileList

WriteAuxiliaryFile /Users/harishvishwakarma/Library/Developer/Xcode/DerivedData/Revolt-dharrjsambcimaaziudpvzjdcigm/Build/Intermediates.noindex/Starscream.build/Debug-iphoneos/Starscream.build/Objects-normal/arm64/Starscream-OutputFileMap.json (in target 'Starscream' from project 'Starscream')
    cd /Users/harishvishwakarma/Library/Developer/Xcode/DerivedData/Revolt-dharrjsambcimaaziudpvzjdcigm/SourcePackages/checkouts/Starscream
    write-file /Users/harishvishwakarma/Library/Developer/Xcode/DerivedData/Revolt-dharrjsambcimaaziudpvzjdcigm/Build/Intermediates.noindex/Starscream.build/Debug-iphoneos/Starscream.build/Objects-normal/arm64/Starscream-OutputFileMap.json

WriteAuxiliaryFile /Users/harishvishwakarma/Library/Developer/Xcode/DerivedData/Revolt-dharrjsambcimaaziudpvzjdcigm/Build/Intermediates.noindex/Starscream.build/Debug-iphoneos/Starscream.build/DerivedSources/resource_bundle_accessor.swift (in target 'Starscream' from project 'Starscream')
    cd /Users/harishvishwakarma/Library/Developer/Xcode/DerivedData/Revolt-dharrjsambcimaaziudpvzjdcigm/SourcePackages/checkouts/Starscream
    write-file /Users/harishvishwakarma/Library/Developer/Xcode/DerivedData/Revolt-dharrjsambcimaaziudpvzjdcigm/Build/Intermediates.noindex/Starscream.build/Debug-iphoneos/Starscream.build/DerivedSources/resource_bundle_accessor.swift

WriteAuxiliaryFile /Users/harishvishwakarma/Library/Developer/Xcode/DerivedData/Revolt-dharrjsambcimaaziudpvzjdcigm/Build/Intermediates.noindex/SnapKit.build/Debug-iphoneos/SnapKit_SnapKit.build/empty-SnapKit_SnapKit.plist (in target 'SnapKit_SnapKit' from project 'SnapKit')
    cd /Users/harishvishwakarma/Library/Developer/Xcode/DerivedData/Revolt-dharrjsambcimaaziudpvzjdcigm/SourcePackages/checkouts/SnapKit
    write-file /Users/harishvishwakarma/Library/Developer/Xcode/DerivedData/Revolt-dharrjsambcimaaziudpvzjdcigm/Build/Intermediates.noindex/SnapKit.build/Debug-iphoneos/SnapKit_SnapKit.build/empty-SnapKit_SnapKit.plist

WriteAuxiliaryFile /Users/harishvishwakarma/Library/Developer/Xcode/DerivedData/Revolt-dharrjsambcimaaziudpvzjdcigm/Build/Intermediates.noindex/SnapKit.build/Debug-iphoneos/SnapKit_SnapKit.build/SnapKit_SnapKit.DependencyStaticMetadataFileList (in target 'SnapKit_SnapKit' from project 'SnapKit')
    cd /Users/harishvishwakarma/Library/Developer/Xcode/DerivedData/Revolt-dharrjsambcimaaziudpvzjdcigm/SourcePackages/checkouts/SnapKit
    write-file /Users/harishvishwakarma/Library/Developer/Xcode/DerivedData/Revolt-dharrjsambcimaaziudpvzjdcigm/Build/Intermediates.noindex/SnapKit.build/Debug-iphoneos/SnapKit_SnapKit.build/SnapKit_SnapKit.DependencyStaticMetadataFileList

WriteAuxiliaryFile /Users/harishvishwakarma/Library/Developer/Xcode/DerivedData/Revolt-dharrjsambcimaaziudpvzjdcigm/Build/Intermediates.noindex/SnapKit.build/Debug-iphoneos/SnapKit_SnapKit.build/SnapKit_SnapKit.DependencyMetadataFileList (in target 'SnapKit_SnapKit' from project 'SnapKit')
    cd /Users/harishvishwakarma/Library/Developer/Xcode/DerivedData/Revolt-dharrjsambcimaaziudpvzjdcigm/SourcePackages/checkouts/SnapKit
    write-file /Users/harishvishwakarma/Library/Developer/Xcode/DerivedData/Revolt-dharrjsambcimaaziudpvzjdcigm/Build/Intermediates.noindex/SnapKit.build/Debug-iphoneos/SnapKit_SnapKit.build/SnapKit_SnapKit.DependencyMetadataFileList

WriteAuxiliaryFile /Users/harishvishwakarma/Library/Developer/Xcode/DerivedData/Revolt-dharrjsambcimaaziudpvzjdcigm/Build/Intermediates.noindex/SnapKit.build/Debug-iphoneos/SnapKit.build/SnapKit.modulemap (in target 'SnapKit' from project 'SnapKit')
    cd /Users/harishvishwakarma/Library/Developer/Xcode/DerivedData/Revolt-dharrjsambcimaaziudpvzjdcigm/SourcePackages/checkouts/SnapKit
    write-file /Users/harishvishwakarma/Library/Developer/Xcode/DerivedData/Revolt-dharrjsambcimaaziudpvzjdcigm/Build/Intermediates.noindex/SnapKit.build/Debug-iphoneos/SnapKit.build/SnapKit.modulemap

WriteAuxiliaryFile /Users/harishvishwakarma/Library/Developer/Xcode/DerivedData/Revolt-dharrjsambcimaaziudpvzjdcigm/Build/Intermediates.noindex/SnapKit.build/Debug-iphoneos/SnapKit.build/SnapKit.DependencyStaticMetadataFileList (in target 'SnapKit' from project 'SnapKit')
    cd /Users/harishvishwakarma/Library/Developer/Xcode/DerivedData/Revolt-dharrjsambcimaaziudpvzjdcigm/SourcePackages/checkouts/SnapKit
    write-file /Users/harishvishwakarma/Library/Developer/Xcode/DerivedData/Revolt-dharrjsambcimaaziudpvzjdcigm/Build/Intermediates.noindex/SnapKit.build/Debug-iphoneos/SnapKit.build/SnapKit.DependencyStaticMetadataFileList

WriteAuxiliaryFile /Users/harishvishwakarma/Library/Developer/Xcode/DerivedData/Revolt-dharrjsambcimaaziudpvzjdcigm/Build/Intermediates.noindex/SnapKit.build/Debug-iphoneos/SnapKit.build/SnapKit.DependencyMetadataFileList (in target 'SnapKit' from project 'SnapKit')
    cd /Users/harishvishwakarma/Library/Developer/Xcode/DerivedData/Revolt-dharrjsambcimaaziudpvzjdcigm/SourcePackages/checkouts/SnapKit
    write-file /Users/harishvishwakarma/Library/Developer/Xcode/DerivedData/Revolt-dharrjsambcimaaziudpvzjdcigm/Build/Intermediates.noindex/SnapKit.build/Debug-iphoneos/SnapKit.build/SnapKit.DependencyMetadataFileList

WriteAuxiliaryFile /Users/harishvishwakarma/Library/Developer/Xcode/DerivedData/Revolt-dharrjsambcimaaziudpvzjdcigm/Build/Intermediates.noindex/SnapKit.build/Debug-iphoneos/SnapKit.build/Objects-normal/arm64/SnapKit_const_extract_protocols.json (in target 'SnapKit' from project 'SnapKit')
    cd /Users/harishvishwakarma/Library/Developer/Xcode/DerivedData/Revolt-dharrjsambcimaaziudpvzjdcigm/SourcePackages/checkouts/SnapKit
    write-file /Users/harishvishwakarma/Library/Developer/Xcode/DerivedData/Revolt-dharrjsambcimaaziudpvzjdcigm/Build/Intermediates.noindex/SnapKit.build/Debug-iphoneos/SnapKit.build/Objects-normal/arm64/SnapKit_const_extract_protocols.json

WriteAuxiliaryFile /Users/harishvishwakarma/Library/Developer/Xcode/DerivedData/Revolt-dharrjsambcimaaziudpvzjdcigm/Build/Intermediates.noindex/SnapKit.build/Debug-iphoneos/SnapKit.build/Objects-normal/arm64/SnapKit.SwiftFileList (in target 'SnapKit' from project 'SnapKit')
    cd /Users/harishvishwakarma/Library/Developer/Xcode/DerivedData/Revolt-dharrjsambcimaaziudpvzjdcigm/SourcePackages/checkouts/SnapKit
    write-file /Users/harishvishwakarma/Library/Developer/Xcode/DerivedData/Revolt-dharrjsambcimaaziudpvzjdcigm/Build/Intermediates.noindex/SnapKit.build/Debug-iphoneos/SnapKit.build/Objects-normal/arm64/SnapKit.SwiftFileList

Copy /Users/harishvishwakarma/Library/Developer/Xcode/DerivedData/Revolt-dharrjsambcimaaziudpvzjdcigm/Build/Intermediates.noindex/GeneratedModuleMaps-iphoneos/SwiftUITooltip.modulemap /Users/harishvishwakarma/Library/Developer/Xcode/DerivedData/Revolt-dharrjsambcimaaziudpvzjdcigm/Build/Intermediates.noindex/SwiftUITooltip.build/Debug-iphoneos/SwiftUITooltip.build/SwiftUITooltip.modulemap (in target 'SwiftUITooltip' from project 'SwiftUITooltip')
    cd /Users/harishvishwakarma/Library/Developer/Xcode/DerivedData/Revolt-dharrjsambcimaaziudpvzjdcigm/SourcePackages/checkouts/SwiftUI-Tooltip
    builtin-copy -exclude .DS_Store -exclude CVS -exclude .svn -exclude .git -exclude .hg -resolve-src-symlinks /Users/harishvishwakarma/Library/Developer/Xcode/DerivedData/Revolt-dharrjsambcimaaziudpvzjdcigm/Build/Intermediates.noindex/SwiftUITooltip.build/Debug-iphoneos/SwiftUITooltip.build/SwiftUITooltip.modulemap /Users/harishvishwakarma/Library/Developer/Xcode/DerivedData/Revolt-dharrjsambcimaaziudpvzjdcigm/Build/Intermediates.noindex/GeneratedModuleMaps-iphoneos

Copy /Users/harishvishwakarma/Library/Developer/Xcode/DerivedData/Revolt-dharrjsambcimaaziudpvzjdcigm/Build/Intermediates.noindex/GeneratedModuleMaps-iphoneos/SwiftUIMasonry.modulemap /Users/harishvishwakarma/Library/Developer/Xcode/DerivedData/Revolt-dharrjsambcimaaziudpvzjdcigm/Build/Intermediates.noindex/SwiftUIMasonry.build/Debug-iphoneos/SwiftUIMasonry.build/SwiftUIMasonry.modulemap (in target 'SwiftUIMasonry' from project 'SwiftUIMasonry')
    cd /Users/harishvishwakarma/Library/Developer/Xcode/DerivedData/Revolt-dharrjsambcimaaziudpvzjdcigm/SourcePackages/checkouts/SwiftUIMasonry
    builtin-copy -exclude .DS_Store -exclude CVS -exclude .svn -exclude .git -exclude .hg -resolve-src-symlinks /Users/harishvishwakarma/Library/Developer/Xcode/DerivedData/Revolt-dharrjsambcimaaziudpvzjdcigm/Build/Intermediates.noindex/SwiftUIMasonry.build/Debug-iphoneos/SwiftUIMasonry.build/SwiftUIMasonry.modulemap /Users/harishvishwakarma/Library/Developer/Xcode/DerivedData/Revolt-dharrjsambcimaaziudpvzjdcigm/Build/Intermediates.noindex/GeneratedModuleMaps-iphoneos

Copy /Users/harishvishwakarma/Library/Developer/Xcode/DerivedData/Revolt-dharrjsambcimaaziudpvzjdcigm/Build/Intermediates.noindex/GeneratedModuleMaps-iphoneos/SwiftUIIntrospect.modulemap /Users/harishvishwakarma/Library/Developer/Xcode/DerivedData/Revolt-dharrjsambcimaaziudpvzjdcigm/Build/Intermediates.noindex/swiftui-introspect.build/Debug-iphoneos/SwiftUIIntrospect.build/SwiftUIIntrospect.modulemap (in target 'SwiftUIIntrospect' from project 'swiftui-introspect')
    cd /Users/harishvishwakarma/Library/Developer/Xcode/DerivedData/Revolt-dharrjsambcimaaziudpvzjdcigm/SourcePackages/checkouts/swiftui-introspect
    builtin-copy -exclude .DS_Store -exclude CVS -exclude .svn -exclude .git -exclude .hg -resolve-src-symlinks /Users/harishvishwakarma/Library/Developer/Xcode/DerivedData/Revolt-dharrjsambcimaaziudpvzjdcigm/Build/Intermediates.noindex/swiftui-introspect.build/Debug-iphoneos/SwiftUIIntrospect.build/SwiftUIIntrospect.modulemap /Users/harishvishwakarma/Library/Developer/Xcode/DerivedData/Revolt-dharrjsambcimaaziudpvzjdcigm/Build/Intermediates.noindex/GeneratedModuleMaps-iphoneos

Copy /Users/harishvishwakarma/Library/Developer/Xcode/DerivedData/Revolt-dharrjsambcimaaziudpvzjdcigm/Build/Intermediates.noindex/GeneratedModuleMaps-iphoneos/SwiftUIFlow.modulemap /Users/harishvishwakarma/Library/Developer/Xcode/DerivedData/Revolt-dharrjsambcimaaziudpvzjdcigm/Build/Intermediates.noindex/SwiftUIFlow.build/Debug-iphoneos/SwiftUIFlow.build/SwiftUIFlow.modulemap (in target 'SwiftUIFlow' from project 'SwiftUIFlow')
    cd /Users/harishvishwakarma/Library/Developer/Xcode/DerivedData/Revolt-dharrjsambcimaaziudpvzjdcigm/SourcePackages/checkouts/SwiftUIFlow
    builtin-copy -exclude .DS_Store -exclude CVS -exclude .svn -exclude .git -exclude .hg -resolve-src-symlinks /Users/harishvishwakarma/Library/Developer/Xcode/DerivedData/Revolt-dharrjsambcimaaziudpvzjdcigm/Build/Intermediates.noindex/SwiftUIFlow.build/Debug-iphoneos/SwiftUIFlow.build/SwiftUIFlow.modulemap /Users/harishvishwakarma/Library/Developer/Xcode/DerivedData/Revolt-dharrjsambcimaaziudpvzjdcigm/Build/Intermediates.noindex/GeneratedModuleMaps-iphoneos

Copy /Users/harishvishwakarma/Library/Developer/Xcode/DerivedData/Revolt-dharrjsambcimaaziudpvzjdcigm/Build/Intermediates.noindex/GeneratedModuleMaps/SwiftSyntaxMacros.modulemap /Users/harishvishwakarma/Library/Developer/Xcode/DerivedData/Revolt-dharrjsambcimaaziudpvzjdcigm/Build/Intermediates.noindex/swift-syntax.build/Debug/SwiftSyntaxMacros.build/SwiftSyntaxMacros.modulemap (in target 'SwiftSyntaxMacros' from project 'swift-syntax')
    cd /Users/harishvishwakarma/Library/Developer/Xcode/DerivedData/Revolt-dharrjsambcimaaziudpvzjdcigm/SourcePackages/checkouts/swift-syntax
    builtin-copy -exclude .DS_Store -exclude CVS -exclude .svn -exclude .git -exclude .hg -resolve-src-symlinks /Users/harishvishwakarma/Library/Developer/Xcode/DerivedData/Revolt-dharrjsambcimaaziudpvzjdcigm/Build/Intermediates.noindex/swift-syntax.build/Debug/SwiftSyntaxMacros.build/SwiftSyntaxMacros.modulemap /Users/harishvishwakarma/Library/Developer/Xcode/DerivedData/Revolt-dharrjsambcimaaziudpvzjdcigm/Build/Intermediates.noindex/GeneratedModuleMaps

Copy /Users/harishvishwakarma/Library/Developer/Xcode/DerivedData/Revolt-dharrjsambcimaaziudpvzjdcigm/Build/Intermediates.noindex/GeneratedModuleMaps/SwiftSyntaxBuilder.modulemap /Users/harishvishwakarma/Library/Developer/Xcode/DerivedData/Revolt-dharrjsambcimaaziudpvzjdcigm/Build/Intermediates.noindex/swift-syntax.build/Debug/SwiftSyntaxBuilder.build/SwiftSyntaxBuilder.modulemap (in target 'SwiftSyntaxBuilder' from project 'swift-syntax')
    cd /Users/harishvishwakarma/Library/Developer/Xcode/DerivedData/Revolt-dharrjsambcimaaziudpvzjdcigm/SourcePackages/checkouts/swift-syntax
    builtin-copy -exclude .DS_Store -exclude CVS -exclude .svn -exclude .git -exclude .hg -resolve-src-symlinks /Users/harishvishwakarma/Library/Developer/Xcode/DerivedData/Revolt-dharrjsambcimaaziudpvzjdcigm/Build/Intermediates.noindex/swift-syntax.build/Debug/SwiftSyntaxBuilder.build/SwiftSyntaxBuilder.modulemap /Users/harishvishwakarma/Library/Developer/Xcode/DerivedData/Revolt-dharrjsambcimaaziudpvzjdcigm/Build/Intermediates.noindex/GeneratedModuleMaps

Copy /Users/harishvishwakarma/Library/Developer/Xcode/DerivedData/Revolt-dharrjsambcimaaziudpvzjdcigm/Build/Intermediates.noindex/GeneratedModuleMaps/SwiftSyntax509.modulemap /Users/harishvishwakarma/Library/Developer/Xcode/DerivedData/Revolt-dharrjsambcimaaziudpvzjdcigm/Build/Intermediates.noindex/swift-syntax.build/Debug/SwiftSyntax509.build/SwiftSyntax509.modulemap (in target 'SwiftSyntax509' from project 'swift-syntax')
    cd /Users/harishvishwakarma/Library/Developer/Xcode/DerivedData/Revolt-dharrjsambcimaaziudpvzjdcigm/SourcePackages/checkouts/swift-syntax
    builtin-copy -exclude .DS_Store -exclude CVS -exclude .svn -exclude .git -exclude .hg -resolve-src-symlinks /Users/harishvishwakarma/Library/Developer/Xcode/DerivedData/Revolt-dharrjsambcimaaziudpvzjdcigm/Build/Intermediates.noindex/swift-syntax.build/Debug/SwiftSyntax509.build/SwiftSyntax509.modulemap /Users/harishvishwakarma/Library/Developer/Xcode/DerivedData/Revolt-dharrjsambcimaaziudpvzjdcigm/Build/Intermediates.noindex/GeneratedModuleMaps

Copy /Users/harishvishwakarma/Library/Developer/Xcode/DerivedData/Revolt-dharrjsambcimaaziudpvzjdcigm/Build/Intermediates.noindex/GeneratedModuleMaps/SwiftSyntax.modulemap /Users/harishvishwakarma/Library/Developer/Xcode/DerivedData/Revolt-dharrjsambcimaaziudpvzjdcigm/Build/Intermediates.noindex/swift-syntax.build/Debug/SwiftSyntax.build/SwiftSyntax.modulemap (in target 'SwiftSyntax' from project 'swift-syntax')
    cd /Users/harishvishwakarma/Library/Developer/Xcode/DerivedData/Revolt-dharrjsambcimaaziudpvzjdcigm/SourcePackages/checkouts/swift-syntax
    builtin-copy -exclude .DS_Store -exclude CVS -exclude .svn -exclude .git -exclude .hg -resolve-src-symlinks /Users/harishvishwakarma/Library/Developer/Xcode/DerivedData/Revolt-dharrjsambcimaaziudpvzjdcigm/Build/Intermediates.noindex/swift-syntax.build/Debug/SwiftSyntax.build/SwiftSyntax.modulemap /Users/harishvishwakarma/Library/Developer/Xcode/DerivedData/Revolt-dharrjsambcimaaziudpvzjdcigm/Build/Intermediates.noindex/GeneratedModuleMaps

Copy /Users/harishvishwakarma/Library/Developer/Xcode/DerivedData/Revolt-dharrjsambcimaaziudpvzjdcigm/Build/Intermediates.noindex/GeneratedModuleMaps/SwiftParserDiagnostics.modulemap /Users/harishvishwakarma/Library/Developer/Xcode/DerivedData/Revolt-dharrjsambcimaaziudpvzjdcigm/Build/Intermediates.noindex/swift-syntax.build/Debug/SwiftParserDiagnostics.build/SwiftParserDiagnostics.modulemap (in target 'SwiftParserDiagnostics' from project 'swift-syntax')
    cd /Users/harishvishwakarma/Library/Developer/Xcode/DerivedData/Revolt-dharrjsambcimaaziudpvzjdcigm/SourcePackages/checkouts/swift-syntax
    builtin-copy -exclude .DS_Store -exclude CVS -exclude .svn -exclude .git -exclude .hg -resolve-src-symlinks /Users/harishvishwakarma/Library/Developer/Xcode/DerivedData/Revolt-dharrjsambcimaaziudpvzjdcigm/Build/Intermediates.noindex/swift-syntax.build/Debug/SwiftParserDiagnostics.build/SwiftParserDiagnostics.modulemap /Users/harishvishwakarma/Library/Developer/Xcode/DerivedData/Revolt-dharrjsambcimaaziudpvzjdcigm/Build/Intermediates.noindex/GeneratedModuleMaps

Copy /Users/harishvishwakarma/Library/Developer/Xcode/DerivedData/Revolt-dharrjsambcimaaziudpvzjdcigm/Build/Intermediates.noindex/GeneratedModuleMaps/SwiftParser.modulemap /Users/harishvishwakarma/Library/Developer/Xcode/DerivedData/Revolt-dharrjsambcimaaziudpvzjdcigm/Build/Intermediates.noindex/swift-syntax.build/Debug/SwiftParser.build/SwiftParser.modulemap (in target 'SwiftParser' from project 'swift-syntax')
    cd /Users/harishvishwakarma/Library/Developer/Xcode/DerivedData/Revolt-dharrjsambcimaaziudpvzjdcigm/SourcePackages/checkouts/swift-syntax
    builtin-copy -exclude .DS_Store -exclude CVS -exclude .svn -exclude .git -exclude .hg -resolve-src-symlinks /Users/harishvishwakarma/Library/Developer/Xcode/DerivedData/Revolt-dharrjsambcimaaziudpvzjdcigm/Build/Intermediates.noindex/swift-syntax.build/Debug/SwiftParser.build/SwiftParser.modulemap /Users/harishvishwakarma/Library/Developer/Xcode/DerivedData/Revolt-dharrjsambcimaaziudpvzjdcigm/Build/Intermediates.noindex/GeneratedModuleMaps

Copy /Users/harishvishwakarma/Library/Developer/Xcode/DerivedData/Revolt-dharrjsambcimaaziudpvzjdcigm/Build/Intermediates.noindex/GeneratedModuleMaps-iphoneos/SwiftParsec.modulemap /Users/harishvishwakarma/Library/Developer/Xcode/DerivedData/Revolt-dharrjsambcimaaziudpvzjdcigm/Build/Intermediates.noindex/SwiftParsec.build/Debug-iphoneos/SwiftParsec.build/SwiftParsec.modulemap (in target 'SwiftParsec' from project 'SwiftParsec')
    cd /Users/harishvishwakarma/Library/Developer/Xcode/DerivedData/Revolt-dharrjsambcimaaziudpvzjdcigm/SourcePackages/checkouts/SwiftParsec
    builtin-copy -exclude .DS_Store -exclude CVS -exclude .svn -exclude .git -exclude .hg -resolve-src-symlinks /Users/harishvishwakarma/Library/Developer/Xcode/DerivedData/Revolt-dharrjsambcimaaziudpvzjdcigm/Build/Intermediates.noindex/SwiftParsec.build/Debug-iphoneos/SwiftParsec.build/SwiftParsec.modulemap /Users/harishvishwakarma/Library/Developer/Xcode/DerivedData/Revolt-dharrjsambcimaaziudpvzjdcigm/Build/Intermediates.noindex/GeneratedModuleMaps-iphoneos

Copy /Users/harishvishwakarma/Library/Developer/Xcode/DerivedData/Revolt-dharrjsambcimaaziudpvzjdcigm/Build/Intermediates.noindex/GeneratedModuleMaps/SwiftOperators.modulemap /Users/harishvishwakarma/Library/Developer/Xcode/DerivedData/Revolt-dharrjsambcimaaziudpvzjdcigm/Build/Intermediates.noindex/swift-syntax.build/Debug/SwiftOperators.build/SwiftOperators.modulemap (in target 'SwiftOperators' from project 'swift-syntax')
    cd /Users/harishvishwakarma/Library/Developer/Xcode/DerivedData/Revolt-dharrjsambcimaaziudpvzjdcigm/SourcePackages/checkouts/swift-syntax
    builtin-copy -exclude .DS_Store -exclude CVS -exclude .svn -exclude .git -exclude .hg -resolve-src-symlinks /Users/harishvishwakarma/Library/Developer/Xcode/DerivedData/Revolt-dharrjsambcimaaziudpvzjdcigm/Build/Intermediates.noindex/swift-syntax.build/Debug/SwiftOperators.build/SwiftOperators.modulemap /Users/harishvishwakarma/Library/Developer/Xcode/DerivedData/Revolt-dharrjsambcimaaziudpvzjdcigm/Build/Intermediates.noindex/GeneratedModuleMaps

Copy /Users/harishvishwakarma/Library/Developer/Xcode/DerivedData/Revolt-dharrjsambcimaaziudpvzjdcigm/Build/Intermediates.noindex/GeneratedModuleMaps/SwiftDiagnostics.modulemap /Users/harishvishwakarma/Library/Developer/Xcode/DerivedData/Revolt-dharrjsambcimaaziudpvzjdcigm/Build/Intermediates.noindex/swift-syntax.build/Debug/SwiftDiagnostics.build/SwiftDiagnostics.modulemap (in target 'SwiftDiagnostics' from project 'swift-syntax')
    cd /Users/harishvishwakarma/Library/Developer/Xcode/DerivedData/Revolt-dharrjsambcimaaziudpvzjdcigm/SourcePackages/checkouts/swift-syntax
    builtin-copy -exclude .DS_Store -exclude CVS -exclude .svn -exclude .git -exclude .hg -resolve-src-symlinks /Users/harishvishwakarma/Library/Developer/Xcode/DerivedData/Revolt-dharrjsambcimaaziudpvzjdcigm/Build/Intermediates.noindex/swift-syntax.build/Debug/SwiftDiagnostics.build/SwiftDiagnostics.modulemap /Users/harishvishwakarma/Library/Developer/Xcode/DerivedData/Revolt-dharrjsambcimaaziudpvzjdcigm/Build/Intermediates.noindex/GeneratedModuleMaps

Copy /Users/harishvishwakarma/Library/Developer/Xcode/DerivedData/Revolt-dharrjsambcimaaziudpvzjdcigm/Build/Intermediates.noindex/GeneratedModuleMaps/SwiftCompilerPluginMessageHandling.modulemap /Users/harishvishwakarma/Library/Developer/Xcode/DerivedData/Revolt-dharrjsambcimaaziudpvzjdcigm/Build/Intermediates.noindex/swift-syntax.build/Debug/SwiftCompilerPluginMessageHandling.build/SwiftCompilerPluginMessageHandling.modulemap (in target 'SwiftCompilerPluginMessageHandling' from project 'swift-syntax')
    cd /Users/harishvishwakarma/Library/Developer/Xcode/DerivedData/Revolt-dharrjsambcimaaziudpvzjdcigm/SourcePackages/checkouts/swift-syntax
    builtin-copy -exclude .DS_Store -exclude CVS -exclude .svn -exclude .git -exclude .hg -resolve-src-symlinks /Users/harishvishwakarma/Library/Developer/Xcode/DerivedData/Revolt-dharrjsambcimaaziudpvzjdcigm/Build/Intermediates.noindex/swift-syntax.build/Debug/SwiftCompilerPluginMessageHandling.build/SwiftCompilerPluginMessageHandling.modulemap /Users/harishvishwakarma/Library/Developer/Xcode/DerivedData/Revolt-dharrjsambcimaaziudpvzjdcigm/Build/Intermediates.noindex/GeneratedModuleMaps

Copy /Users/harishvishwakarma/Library/Developer/Xcode/DerivedData/Revolt-dharrjsambcimaaziudpvzjdcigm/Build/Intermediates.noindex/GeneratedModuleMaps/SwiftCompilerPlugin.modulemap /Users/harishvishwakarma/Library/Developer/Xcode/DerivedData/Revolt-dharrjsambcimaaziudpvzjdcigm/Build/Intermediates.noindex/swift-syntax.build/Debug/SwiftCompilerPlugin.build/SwiftCompilerPlugin.modulemap (in target 'SwiftCompilerPlugin' from project 'swift-syntax')
    cd /Users/harishvishwakarma/Library/Developer/Xcode/DerivedData/Revolt-dharrjsambcimaaziudpvzjdcigm/SourcePackages/checkouts/swift-syntax
    builtin-copy -exclude .DS_Store -exclude CVS -exclude .svn -exclude .git -exclude .hg -resolve-src-symlinks /Users/harishvishwakarma/Library/Developer/Xcode/DerivedData/Revolt-dharrjsambcimaaziudpvzjdcigm/Build/Intermediates.noindex/swift-syntax.build/Debug/SwiftCompilerPlugin.build/SwiftCompilerPlugin.modulemap /Users/harishvishwakarma/Library/Developer/Xcode/DerivedData/Revolt-dharrjsambcimaaziudpvzjdcigm/Build/Intermediates.noindex/GeneratedModuleMaps

WriteAuxiliaryFile /Users/harishvishwakarma/Library/Developer/Xcode/DerivedData/Revolt-dharrjsambcimaaziudpvzjdcigm/Build/Intermediates.noindex/SnapKit.build/Debug-iphoneos/SnapKit.build/Objects-normal/arm64/SnapKit.SwiftConstValuesFileList (in target 'SnapKit' from project 'SnapKit')
    cd /Users/harishvishwakarma/Library/Developer/Xcode/DerivedData/Revolt-dharrjsambcimaaziudpvzjdcigm/SourcePackages/checkouts/SnapKit
    write-file /Users/harishvishwakarma/Library/Developer/Xcode/DerivedData/Revolt-dharrjsambcimaaziudpvzjdcigm/Build/Intermediates.noindex/SnapKit.build/Debug-iphoneos/SnapKit.build/Objects-normal/arm64/SnapKit.SwiftConstValuesFileList

WriteAuxiliaryFile /Users/harishvishwakarma/Library/Developer/Xcode/DerivedData/Revolt-dharrjsambcimaaziudpvzjdcigm/Build/Intermediates.noindex/SnapKit.build/Debug-iphoneos/SnapKit.build/Objects-normal/arm64/SnapKit.LinkFileList (in target 'SnapKit' from project 'SnapKit')
    cd /Users/harishvishwakarma/Library/Developer/Xcode/DerivedData/Revolt-dharrjsambcimaaziudpvzjdcigm/SourcePackages/checkouts/SnapKit
    write-file /Users/harishvishwakarma/Library/Developer/Xcode/DerivedData/Revolt-dharrjsambcimaaziudpvzjdcigm/Build/Intermediates.noindex/SnapKit.build/Debug-iphoneos/SnapKit.build/Objects-normal/arm64/SnapKit.LinkFileList

WriteAuxiliaryFile /Users/harishvishwakarma/Library/Developer/Xcode/DerivedData/Revolt-dharrjsambcimaaziudpvzjdcigm/Build/Intermediates.noindex/SnapKit.build/Debug-iphoneos/SnapKit.build/Objects-normal/arm64/SnapKit-OutputFileMap.json (in target 'SnapKit' from project 'SnapKit')
    cd /Users/harishvishwakarma/Library/Developer/Xcode/DerivedData/Revolt-dharrjsambcimaaziudpvzjdcigm/SourcePackages/checkouts/SnapKit
    write-file /Users/harishvishwakarma/Library/Developer/Xcode/DerivedData/Revolt-dharrjsambcimaaziudpvzjdcigm/Build/Intermediates.noindex/SnapKit.build/Debug-iphoneos/SnapKit.build/Objects-normal/arm64/SnapKit-OutputFileMap.json

WriteAuxiliaryFile /Users/harishvishwakarma/Library/Developer/Xcode/DerivedData/Revolt-dharrjsambcimaaziudpvzjdcigm/Build/Intermediates.noindex/SnapKit.build/Debug-iphoneos/SnapKit.build/DerivedSources/resource_bundle_accessor.swift (in target 'SnapKit' from project 'SnapKit')
    cd /Users/harishvishwakarma/Library/Developer/Xcode/DerivedData/Revolt-dharrjsambcimaaziudpvzjdcigm/SourcePackages/checkouts/SnapKit
    write-file /Users/harishvishwakarma/Library/Developer/Xcode/DerivedData/Revolt-dharrjsambcimaaziudpvzjdcigm/Build/Intermediates.noindex/SnapKit.build/Debug-iphoneos/SnapKit.build/DerivedSources/resource_bundle_accessor.swift

WriteAuxiliaryFile /Users/harishvishwakarma/Library/Developer/Xcode/DerivedData/Revolt-dharrjsambcimaaziudpvzjdcigm/Build/Intermediates.noindex/RxSwift.build/Debug-iphoneos/RxSwift.build/RxSwift.modulemap (in target 'RxSwift' from project 'RxSwift')
    cd /Users/harishvishwakarma/Library/Developer/Xcode/DerivedData/Revolt-dharrjsambcimaaziudpvzjdcigm/SourcePackages/checkouts/RxSwift
    write-file /Users/harishvishwakarma/Library/Developer/Xcode/DerivedData/Revolt-dharrjsambcimaaziudpvzjdcigm/Build/Intermediates.noindex/RxSwift.build/Debug-iphoneos/RxSwift.build/RxSwift.modulemap

WriteAuxiliaryFile /Users/harishvishwakarma/Library/Developer/Xcode/DerivedData/Revolt-dharrjsambcimaaziudpvzjdcigm/Build/Intermediates.noindex/RxSwift.build/Debug-iphoneos/RxSwift.build/RxSwift.DependencyStaticMetadataFileList (in target 'RxSwift' from project 'RxSwift')
    cd /Users/harishvishwakarma/Library/Developer/Xcode/DerivedData/Revolt-dharrjsambcimaaziudpvzjdcigm/SourcePackages/checkouts/RxSwift
    write-file /Users/harishvishwakarma/Library/Developer/Xcode/DerivedData/Revolt-dharrjsambcimaaziudpvzjdcigm/Build/Intermediates.noindex/RxSwift.build/Debug-iphoneos/RxSwift.build/RxSwift.DependencyStaticMetadataFileList

WriteAuxiliaryFile /Users/harishvishwakarma/Library/Developer/Xcode/DerivedData/Revolt-dharrjsambcimaaziudpvzjdcigm/Build/Intermediates.noindex/RxSwift.build/Debug-iphoneos/RxSwift.build/RxSwift.DependencyMetadataFileList (in target 'RxSwift' from project 'RxSwift')
    cd /Users/harishvishwakarma/Library/Developer/Xcode/DerivedData/Revolt-dharrjsambcimaaziudpvzjdcigm/SourcePackages/checkouts/RxSwift
    write-file /Users/harishvishwakarma/Library/Developer/Xcode/DerivedData/Revolt-dharrjsambcimaaziudpvzjdcigm/Build/Intermediates.noindex/RxSwift.build/Debug-iphoneos/RxSwift.build/RxSwift.DependencyMetadataFileList

WriteAuxiliaryFile /Users/harishvishwakarma/Library/Developer/Xcode/DerivedData/Revolt-dharrjsambcimaaziudpvzjdcigm/Build/Intermediates.noindex/RxSwift.build/Debug-iphoneos/RxSwift.build/Objects-normal/arm64/RxSwift.SwiftFileList (in target 'RxSwift' from project 'RxSwift')
    cd /Users/harishvishwakarma/Library/Developer/Xcode/DerivedData/Revolt-dharrjsambcimaaziudpvzjdcigm/SourcePackages/checkouts/RxSwift
    write-file /Users/harishvishwakarma/Library/Developer/Xcode/DerivedData/Revolt-dharrjsambcimaaziudpvzjdcigm/Build/Intermediates.noindex/RxSwift.build/Debug-iphoneos/RxSwift.build/Objects-normal/arm64/RxSwift.SwiftFileList

WriteAuxiliaryFile /Users/harishvishwakarma/Library/Developer/Xcode/DerivedData/Revolt-dharrjsambcimaaziudpvzjdcigm/Build/Intermediates.noindex/RxSwift.build/Debug-iphoneos/RxSwift.build/Objects-normal/arm64/RxSwift_const_extract_protocols.json (in target 'RxSwift' from project 'RxSwift')
    cd /Users/harishvishwakarma/Library/Developer/Xcode/DerivedData/Revolt-dharrjsambcimaaziudpvzjdcigm/SourcePackages/checkouts/RxSwift
    write-file /Users/harishvishwakarma/Library/Developer/Xcode/DerivedData/Revolt-dharrjsambcimaaziudpvzjdcigm/Build/Intermediates.noindex/RxSwift.build/Debug-iphoneos/RxSwift.build/Objects-normal/arm64/RxSwift_const_extract_protocols.json

WriteAuxiliaryFile /Users/harishvishwakarma/Library/Developer/Xcode/DerivedData/Revolt-dharrjsambcimaaziudpvzjdcigm/Build/Intermediates.noindex/RxSwift.build/Debug-iphoneos/RxSwift.build/Objects-normal/arm64/RxSwift.SwiftConstValuesFileList (in target 'RxSwift' from project 'RxSwift')
    cd /Users/harishvishwakarma/Library/Developer/Xcode/DerivedData/Revolt-dharrjsambcimaaziudpvzjdcigm/SourcePackages/checkouts/RxSwift
    write-file /Users/harishvishwakarma/Library/Developer/Xcode/DerivedData/Revolt-dharrjsambcimaaziudpvzjdcigm/Build/Intermediates.noindex/RxSwift.build/Debug-iphoneos/RxSwift.build/Objects-normal/arm64/RxSwift.SwiftConstValuesFileList

WriteAuxiliaryFile /Users/harishvishwakarma/Library/Developer/Xcode/DerivedData/Revolt-dharrjsambcimaaziudpvzjdcigm/Build/Intermediates.noindex/RxSwift.build/Debug-iphoneos/RxSwift.build/Objects-normal/arm64/RxSwift.LinkFileList (in target 'RxSwift' from project 'RxSwift')
    cd /Users/harishvishwakarma/Library/Developer/Xcode/DerivedData/Revolt-dharrjsambcimaaziudpvzjdcigm/SourcePackages/checkouts/RxSwift
    write-file /Users/harishvishwakarma/Library/Developer/Xcode/DerivedData/Revolt-dharrjsambcimaaziudpvzjdcigm/Build/Intermediates.noindex/RxSwift.build/Debug-iphoneos/RxSwift.build/Objects-normal/arm64/RxSwift.LinkFileList

WriteAuxiliaryFile /Users/harishvishwakarma/Library/Developer/Xcode/DerivedData/Revolt-dharrjsambcimaaziudpvzjdcigm/Build/Intermediates.noindex/RxSwift.build/Debug-iphoneos/RxSwift.build/Objects-normal/arm64/RxSwift-OutputFileMap.json (in target 'RxSwift' from project 'RxSwift')
    cd /Users/harishvishwakarma/Library/Developer/Xcode/DerivedData/Revolt-dharrjsambcimaaziudpvzjdcigm/SourcePackages/checkouts/RxSwift
    write-file /Users/harishvishwakarma/Library/Developer/Xcode/DerivedData/Revolt-dharrjsambcimaaziudpvzjdcigm/Build/Intermediates.noindex/RxSwift.build/Debug-iphoneos/RxSwift.build/Objects-normal/arm64/RxSwift-OutputFileMap.json

WriteAuxiliaryFile /Users/harishvishwakarma/Library/Developer/Xcode/DerivedData/Revolt-dharrjsambcimaaziudpvzjdcigm/Build/Intermediates.noindex/swiftui-navigation-transitions.build/Debug-iphoneos/RuntimeSwizzling.build/RuntimeSwizzling.DependencyStaticMetadataFileList (in target 'RuntimeSwizzling' from project 'swiftui-navigation-transitions')
    cd /Users/harishvishwakarma/Library/Developer/Xcode/DerivedData/Revolt-dharrjsambcimaaziudpvzjdcigm/SourcePackages/checkouts/swiftui-navigation-transitions
    write-file /Users/harishvishwakarma/Library/Developer/Xcode/DerivedData/Revolt-dharrjsambcimaaziudpvzjdcigm/Build/Intermediates.noindex/swiftui-navigation-transitions.build/Debug-iphoneos/RuntimeSwizzling.build/RuntimeSwizzling.DependencyStaticMetadataFileList

WriteAuxiliaryFile /Users/harishvishwakarma/Library/Developer/Xcode/DerivedData/Revolt-dharrjsambcimaaziudpvzjdcigm/Build/Intermediates.noindex/swiftui-navigation-transitions.build/Debug-iphoneos/RuntimeSwizzling.build/RuntimeSwizzling.modulemap (in target 'RuntimeSwizzling' from project 'swiftui-navigation-transitions')
    cd /Users/harishvishwakarma/Library/Developer/Xcode/DerivedData/Revolt-dharrjsambcimaaziudpvzjdcigm/SourcePackages/checkouts/swiftui-navigation-transitions
    write-file /Users/harishvishwakarma/Library/Developer/Xcode/DerivedData/Revolt-dharrjsambcimaaziudpvzjdcigm/Build/Intermediates.noindex/swiftui-navigation-transitions.build/Debug-iphoneos/RuntimeSwizzling.build/RuntimeSwizzling.modulemap

WriteAuxiliaryFile /Users/harishvishwakarma/Library/Developer/Xcode/DerivedData/Revolt-dharrjsambcimaaziudpvzjdcigm/Build/Intermediates.noindex/swiftui-navigation-transitions.build/Debug-iphoneos/RuntimeSwizzling.build/RuntimeSwizzling.DependencyMetadataFileList (in target 'RuntimeSwizzling' from project 'swiftui-navigation-transitions')
    cd /Users/harishvishwakarma/Library/Developer/Xcode/DerivedData/Revolt-dharrjsambcimaaziudpvzjdcigm/SourcePackages/checkouts/swiftui-navigation-transitions
    write-file /Users/harishvishwakarma/Library/Developer/Xcode/DerivedData/Revolt-dharrjsambcimaaziudpvzjdcigm/Build/Intermediates.noindex/swiftui-navigation-transitions.build/Debug-iphoneos/RuntimeSwizzling.build/RuntimeSwizzling.DependencyMetadataFileList

WriteAuxiliaryFile /Users/harishvishwakarma/Library/Developer/Xcode/DerivedData/Revolt-dharrjsambcimaaziudpvzjdcigm/Build/Intermediates.noindex/swiftui-navigation-transitions.build/Debug-iphoneos/RuntimeSwizzling.build/Objects-normal/arm64/RuntimeSwizzling_const_extract_protocols.json (in target 'RuntimeSwizzling' from project 'swiftui-navigation-transitions')
    cd /Users/harishvishwakarma/Library/Developer/Xcode/DerivedData/Revolt-dharrjsambcimaaziudpvzjdcigm/SourcePackages/checkouts/swiftui-navigation-transitions
    write-file /Users/harishvishwakarma/Library/Developer/Xcode/DerivedData/Revolt-dharrjsambcimaaziudpvzjdcigm/Build/Intermediates.noindex/swiftui-navigation-transitions.build/Debug-iphoneos/RuntimeSwizzling.build/Objects-normal/arm64/RuntimeSwizzling_const_extract_protocols.json

Copy /Users/harishvishwakarma/Library/Developer/Xcode/DerivedData/Revolt-dharrjsambcimaaziudpvzjdcigm/Build/Intermediates.noindex/GeneratedModuleMaps-iphoneos/SwiftCSV.modulemap /Users/harishvishwakarma/Library/Developer/Xcode/DerivedData/Revolt-dharrjsambcimaaziudpvzjdcigm/Build/Intermediates.noindex/SwiftCSV.build/Debug-iphoneos/SwiftCSV.build/SwiftCSV.modulemap (in target 'SwiftCSV' from project 'SwiftCSV')
    cd /Users/harishvishwakarma/Library/Developer/Xcode/DerivedData/Revolt-dharrjsambcimaaziudpvzjdcigm/SourcePackages/checkouts/SwiftCSV
    builtin-copy -exclude .DS_Store -exclude CVS -exclude .svn -exclude .git -exclude .hg -resolve-src-symlinks /Users/harishvishwakarma/Library/Developer/Xcode/DerivedData/Revolt-dharrjsambcimaaziudpvzjdcigm/Build/Intermediates.noindex/SwiftCSV.build/Debug-iphoneos/SwiftCSV.build/SwiftCSV.modulemap /Users/harishvishwakarma/Library/Developer/Xcode/DerivedData/Revolt-dharrjsambcimaaziudpvzjdcigm/Build/Intermediates.noindex/GeneratedModuleMaps-iphoneos

WriteAuxiliaryFile /Users/harishvishwakarma/Library/Developer/Xcode/DerivedData/Revolt-dharrjsambcimaaziudpvzjdcigm/Build/Intermediates.noindex/swiftui-navigation-transitions.build/Debug-iphoneos/RuntimeSwizzling.build/Objects-normal/arm64/RuntimeSwizzling.SwiftFileList (in target 'RuntimeSwizzling' from project 'swiftui-navigation-transitions')
    cd /Users/harishvishwakarma/Library/Developer/Xcode/DerivedData/Revolt-dharrjsambcimaaziudpvzjdcigm/SourcePackages/checkouts/swiftui-navigation-transitions
    write-file /Users/harishvishwakarma/Library/Developer/Xcode/DerivedData/Revolt-dharrjsambcimaaziudpvzjdcigm/Build/Intermediates.noindex/swiftui-navigation-transitions.build/Debug-iphoneos/RuntimeSwizzling.build/Objects-normal/arm64/RuntimeSwizzling.SwiftFileList

WriteAuxiliaryFile /Users/harishvishwakarma/Library/Developer/Xcode/DerivedData/Revolt-dharrjsambcimaaziudpvzjdcigm/Build/Intermediates.noindex/swiftui-navigation-transitions.build/Debug-iphoneos/RuntimeSwizzling.build/Objects-normal/arm64/RuntimeSwizzling.SwiftConstValuesFileList (in target 'RuntimeSwizzling' from project 'swiftui-navigation-transitions')
    cd /Users/harishvishwakarma/Library/Developer/Xcode/DerivedData/Revolt-dharrjsambcimaaziudpvzjdcigm/SourcePackages/checkouts/swiftui-navigation-transitions
    write-file /Users/harishvishwakarma/Library/Developer/Xcode/DerivedData/Revolt-dharrjsambcimaaziudpvzjdcigm/Build/Intermediates.noindex/swiftui-navigation-transitions.build/Debug-iphoneos/RuntimeSwizzling.build/Objects-normal/arm64/RuntimeSwizzling.SwiftConstValuesFileList

WriteAuxiliaryFile /Users/harishvishwakarma/Library/Developer/Xcode/DerivedData/Revolt-dharrjsambcimaaziudpvzjdcigm/Build/Intermediates.noindex/swiftui-navigation-transitions.build/Debug-iphoneos/RuntimeSwizzling.build/Objects-normal/arm64/RuntimeSwizzling.LinkFileList (in target 'RuntimeSwizzling' from project 'swiftui-navigation-transitions')
    cd /Users/harishvishwakarma/Library/Developer/Xcode/DerivedData/Revolt-dharrjsambcimaaziudpvzjdcigm/SourcePackages/checkouts/swiftui-navigation-transitions
    write-file /Users/harishvishwakarma/Library/Developer/Xcode/DerivedData/Revolt-dharrjsambcimaaziudpvzjdcigm/Build/Intermediates.noindex/swiftui-navigation-transitions.build/Debug-iphoneos/RuntimeSwizzling.build/Objects-normal/arm64/RuntimeSwizzling.LinkFileList

WriteAuxiliaryFile /Users/harishvishwakarma/Library/Developer/Xcode/DerivedData/Revolt-dharrjsambcimaaziudpvzjdcigm/Build/Intermediates.noindex/swiftui-navigation-transitions.build/Debug-iphoneos/RuntimeSwizzling.build/Objects-normal/arm64/RuntimeSwizzling-OutputFileMap.json (in target 'RuntimeSwizzling' from project 'swiftui-navigation-transitions')
    cd /Users/harishvishwakarma/Library/Developer/Xcode/DerivedData/Revolt-dharrjsambcimaaziudpvzjdcigm/SourcePackages/checkouts/swiftui-navigation-transitions
    write-file /Users/harishvishwakarma/Library/Developer/Xcode/DerivedData/Revolt-dharrjsambcimaaziudpvzjdcigm/Build/Intermediates.noindex/swiftui-navigation-transitions.build/Debug-iphoneos/RuntimeSwizzling.build/Objects-normal/arm64/RuntimeSwizzling-OutputFileMap.json

WriteAuxiliaryFile /Users/harishvishwakarma/Library/Developer/Xcode/DerivedData/Revolt-dharrjsambcimaaziudpvzjdcigm/Build/Intermediates.noindex/swiftui-navigation-transitions.build/Debug-iphoneos/RuntimeAssociation.build/RuntimeAssociation.modulemap (in target 'RuntimeAssociation' from project 'swiftui-navigation-transitions')
    cd /Users/harishvishwakarma/Library/Developer/Xcode/DerivedData/Revolt-dharrjsambcimaaziudpvzjdcigm/SourcePackages/checkouts/swiftui-navigation-transitions
    write-file /Users/harishvishwakarma/Library/Developer/Xcode/DerivedData/Revolt-dharrjsambcimaaziudpvzjdcigm/Build/Intermediates.noindex/swiftui-navigation-transitions.build/Debug-iphoneos/RuntimeAssociation.build/RuntimeAssociation.modulemap

WriteAuxiliaryFile /Users/harishvishwakarma/Library/Developer/Xcode/DerivedData/Revolt-dharrjsambcimaaziudpvzjdcigm/Build/Intermediates.noindex/swiftui-navigation-transitions.build/Debug-iphoneos/RuntimeAssociation.build/RuntimeAssociation.DependencyStaticMetadataFileList (in target 'RuntimeAssociation' from project 'swiftui-navigation-transitions')
    cd /Users/harishvishwakarma/Library/Developer/Xcode/DerivedData/Revolt-dharrjsambcimaaziudpvzjdcigm/SourcePackages/checkouts/swiftui-navigation-transitions
    write-file /Users/harishvishwakarma/Library/Developer/Xcode/DerivedData/Revolt-dharrjsambcimaaziudpvzjdcigm/Build/Intermediates.noindex/swiftui-navigation-transitions.build/Debug-iphoneos/RuntimeAssociation.build/RuntimeAssociation.DependencyStaticMetadataFileList

Copy /Users/harishvishwakarma/Library/Developer/Xcode/DerivedData/Revolt-dharrjsambcimaaziudpvzjdcigm/Build/Intermediates.noindex/GeneratedModuleMaps/SwiftBasicFormat.modulemap /Users/harishvishwakarma/Library/Developer/Xcode/DerivedData/Revolt-dharrjsambcimaaziudpvzjdcigm/Build/Intermediates.noindex/swift-syntax.build/Debug/SwiftBasicFormat.build/SwiftBasicFormat.modulemap (in target 'SwiftBasicFormat' from project 'swift-syntax')
    cd /Users/harishvishwakarma/Library/Developer/Xcode/DerivedData/Revolt-dharrjsambcimaaziudpvzjdcigm/SourcePackages/checkouts/swift-syntax
    builtin-copy -exclude .DS_Store -exclude CVS -exclude .svn -exclude .git -exclude .hg -resolve-src-symlinks /Users/harishvishwakarma/Library/Developer/Xcode/DerivedData/Revolt-dharrjsambcimaaziudpvzjdcigm/Build/Intermediates.noindex/swift-syntax.build/Debug/SwiftBasicFormat.build/SwiftBasicFormat.modulemap /Users/harishvishwakarma/Library/Developer/Xcode/DerivedData/Revolt-dharrjsambcimaaziudpvzjdcigm/Build/Intermediates.noindex/GeneratedModuleMaps

Copy /Users/harishvishwakarma/Library/Developer/Xcode/DerivedData/Revolt-dharrjsambcimaaziudpvzjdcigm/Build/Intermediates.noindex/GeneratedModuleMaps-iphoneos/SubviewAttachingTextView.modulemap /Users/harishvishwakarma/Library/Developer/Xcode/DerivedData/Revolt-dharrjsambcimaaziudpvzjdcigm/Build/Intermediates.noindex/SubviewAttachingTextView.build/Debug-iphoneos/SubviewAttachingTextView.build/SubviewAttachingTextView.modulemap (in target 'SubviewAttachingTextView' from project 'SubviewAttachingTextView')
    cd /Users/harishvishwakarma/Library/Developer/Xcode/DerivedData/Revolt-dharrjsambcimaaziudpvzjdcigm/SourcePackages/checkouts/SubviewAttachingTextView
    builtin-copy -exclude .DS_Store -exclude CVS -exclude .svn -exclude .git -exclude .hg -resolve-src-symlinks /Users/harishvishwakarma/Library/Developer/Xcode/DerivedData/Revolt-dharrjsambcimaaziudpvzjdcigm/Build/Intermediates.noindex/SubviewAttachingTextView.build/Debug-iphoneos/SubviewAttachingTextView.build/SubviewAttachingTextView.modulemap /Users/harishvishwakarma/Library/Developer/Xcode/DerivedData/Revolt-dharrjsambcimaaziudpvzjdcigm/Build/Intermediates.noindex/GeneratedModuleMaps-iphoneos

Copy /Users/harishvishwakarma/Library/Developer/Xcode/DerivedData/Revolt-dharrjsambcimaaziudpvzjdcigm/Build/Intermediates.noindex/GeneratedModuleMaps-iphoneos/Starscream.modulemap /Users/harishvishwakarma/Library/Developer/Xcode/DerivedData/Revolt-dharrjsambcimaaziudpvzjdcigm/Build/Intermediates.noindex/Starscream.build/Debug-iphoneos/Starscream.build/Starscream.modulemap (in target 'Starscream' from project 'Starscream')
    cd /Users/harishvishwakarma/Library/Developer/Xcode/DerivedData/Revolt-dharrjsambcimaaziudpvzjdcigm/SourcePackages/checkouts/Starscream
    builtin-copy -exclude .DS_Store -exclude CVS -exclude .svn -exclude .git -exclude .hg -resolve-src-symlinks /Users/harishvishwakarma/Library/Developer/Xcode/DerivedData/Revolt-dharrjsambcimaaziudpvzjdcigm/Build/Intermediates.noindex/Starscream.build/Debug-iphoneos/Starscream.build/Starscream.modulemap /Users/harishvishwakarma/Library/Developer/Xcode/DerivedData/Revolt-dharrjsambcimaaziudpvzjdcigm/Build/Intermediates.noindex/GeneratedModuleMaps-iphoneos

WriteAuxiliaryFile /Users/harishvishwakarma/Library/Developer/Xcode/DerivedData/Revolt-dharrjsambcimaaziudpvzjdcigm/Build/Intermediates.noindex/swiftui-navigation-transitions.build/Debug-iphoneos/RuntimeAssociation.build/RuntimeAssociation.DependencyMetadataFileList (in target 'RuntimeAssociation' from project 'swiftui-navigation-transitions')
    cd /Users/harishvishwakarma/Library/Developer/Xcode/DerivedData/Revolt-dharrjsambcimaaziudpvzjdcigm/SourcePackages/checkouts/swiftui-navigation-transitions
    write-file /Users/harishvishwakarma/Library/Developer/Xcode/DerivedData/Revolt-dharrjsambcimaaziudpvzjdcigm/Build/Intermediates.noindex/swiftui-navigation-transitions.build/Debug-iphoneos/RuntimeAssociation.build/RuntimeAssociation.DependencyMetadataFileList

WriteAuxiliaryFile /Users/harishvishwakarma/Library/Developer/Xcode/DerivedData/Revolt-dharrjsambcimaaziudpvzjdcigm/Build/Intermediates.noindex/swiftui-navigation-transitions.build/Debug-iphoneos/RuntimeAssociation.build/Objects-normal/arm64/RuntimeAssociation_const_extract_protocols.json (in target 'RuntimeAssociation' from project 'swiftui-navigation-transitions')
    cd /Users/harishvishwakarma/Library/Developer/Xcode/DerivedData/Revolt-dharrjsambcimaaziudpvzjdcigm/SourcePackages/checkouts/swiftui-navigation-transitions
    write-file /Users/harishvishwakarma/Library/Developer/Xcode/DerivedData/Revolt-dharrjsambcimaaziudpvzjdcigm/Build/Intermediates.noindex/swiftui-navigation-transitions.build/Debug-iphoneos/RuntimeAssociation.build/Objects-normal/arm64/RuntimeAssociation_const_extract_protocols.json

WriteAuxiliaryFile /Users/harishvishwakarma/Library/Developer/Xcode/DerivedData/Revolt-dharrjsambcimaaziudpvzjdcigm/Build/Intermediates.noindex/swiftui-navigation-transitions.build/Debug-iphoneos/RuntimeAssociation.build/Objects-normal/arm64/RuntimeAssociation.SwiftFileList (in target 'RuntimeAssociation' from project 'swiftui-navigation-transitions')
    cd /Users/harishvishwakarma/Library/Developer/Xcode/DerivedData/Revolt-dharrjsambcimaaziudpvzjdcigm/SourcePackages/checkouts/swiftui-navigation-transitions
    write-file /Users/harishvishwakarma/Library/Developer/Xcode/DerivedData/Revolt-dharrjsambcimaaziudpvzjdcigm/Build/Intermediates.noindex/swiftui-navigation-transitions.build/Debug-iphoneos/RuntimeAssociation.build/Objects-normal/arm64/RuntimeAssociation.SwiftFileList

WriteAuxiliaryFile /Users/harishvishwakarma/Library/Developer/Xcode/DerivedData/Revolt-dharrjsambcimaaziudpvzjdcigm/Build/Intermediates.noindex/swiftui-navigation-transitions.build/Debug-iphoneos/RuntimeAssociation.build/Objects-normal/arm64/RuntimeAssociation.SwiftConstValuesFileList (in target 'RuntimeAssociation' from project 'swiftui-navigation-transitions')
    cd /Users/harishvishwakarma/Library/Developer/Xcode/DerivedData/Revolt-dharrjsambcimaaziudpvzjdcigm/SourcePackages/checkouts/swiftui-navigation-transitions
    write-file /Users/harishvishwakarma/Library/Developer/Xcode/DerivedData/Revolt-dharrjsambcimaaziudpvzjdcigm/Build/Intermediates.noindex/swiftui-navigation-transitions.build/Debug-iphoneos/RuntimeAssociation.build/Objects-normal/arm64/RuntimeAssociation.SwiftConstValuesFileList

WriteAuxiliaryFile /Users/harishvishwakarma/Library/Developer/Xcode/DerivedData/Revolt-dharrjsambcimaaziudpvzjdcigm/Build/Intermediates.noindex/swiftui-navigation-transitions.build/Debug-iphoneos/RuntimeAssociation.build/Objects-normal/arm64/RuntimeAssociation.LinkFileList (in target 'RuntimeAssociation' from project 'swiftui-navigation-transitions')
    cd /Users/harishvishwakarma/Library/Developer/Xcode/DerivedData/Revolt-dharrjsambcimaaziudpvzjdcigm/SourcePackages/checkouts/swiftui-navigation-transitions
    write-file /Users/harishvishwakarma/Library/Developer/Xcode/DerivedData/Revolt-dharrjsambcimaaziudpvzjdcigm/Build/Intermediates.noindex/swiftui-navigation-transitions.build/Debug-iphoneos/RuntimeAssociation.build/Objects-normal/arm64/RuntimeAssociation.LinkFileList

WriteAuxiliaryFile /Users/harishvishwakarma/Library/Developer/Xcode/DerivedData/Revolt-dharrjsambcimaaziudpvzjdcigm/Build/Intermediates.noindex/swiftui-navigation-transitions.build/Debug-iphoneos/RuntimeAssociation.build/Objects-normal/arm64/RuntimeAssociation-OutputFileMap.json (in target 'RuntimeAssociation' from project 'swiftui-navigation-transitions')
    cd /Users/harishvishwakarma/Library/Developer/Xcode/DerivedData/Revolt-dharrjsambcimaaziudpvzjdcigm/SourcePackages/checkouts/swiftui-navigation-transitions
    write-file /Users/harishvishwakarma/Library/Developer/Xcode/DerivedData/Revolt-dharrjsambcimaaziudpvzjdcigm/Build/Intermediates.noindex/swiftui-navigation-transitions.build/Debug-iphoneos/RuntimeAssociation.build/Objects-normal/arm64/RuntimeAssociation-OutputFileMap.json

WriteAuxiliaryFile /Users/harishvishwakarma/Library/Developer/Xcode/DerivedData/Revolt-dharrjsambcimaaziudpvzjdcigm/Build/Intermediates.noindex/PopupView.build/Debug-iphoneos/PopupView.build/PopupView.modulemap (in target 'PopupView' from project 'PopupView')
    cd /Users/harishvishwakarma/Library/Developer/Xcode/DerivedData/Revolt-dharrjsambcimaaziudpvzjdcigm/SourcePackages/checkouts/PopupView
    write-file /Users/harishvishwakarma/Library/Developer/Xcode/DerivedData/Revolt-dharrjsambcimaaziudpvzjdcigm/Build/Intermediates.noindex/PopupView.build/Debug-iphoneos/PopupView.build/PopupView.modulemap

WriteAuxiliaryFile /Users/harishvishwakarma/Library/Developer/Xcode/DerivedData/Revolt-dharrjsambcimaaziudpvzjdcigm/Build/Intermediates.noindex/PopupView.build/Debug-iphoneos/PopupView.build/PopupView.DependencyStaticMetadataFileList (in target 'PopupView' from project 'PopupView')
    cd /Users/harishvishwakarma/Library/Developer/Xcode/DerivedData/Revolt-dharrjsambcimaaziudpvzjdcigm/SourcePackages/checkouts/PopupView
    write-file /Users/harishvishwakarma/Library/Developer/Xcode/DerivedData/Revolt-dharrjsambcimaaziudpvzjdcigm/Build/Intermediates.noindex/PopupView.build/Debug-iphoneos/PopupView.build/PopupView.DependencyStaticMetadataFileList

WriteAuxiliaryFile /Users/harishvishwakarma/Library/Developer/Xcode/DerivedData/Revolt-dharrjsambcimaaziudpvzjdcigm/Build/Intermediates.noindex/PopupView.build/Debug-iphoneos/PopupView.build/PopupView.DependencyMetadataFileList (in target 'PopupView' from project 'PopupView')
    cd /Users/harishvishwakarma/Library/Developer/Xcode/DerivedData/Revolt-dharrjsambcimaaziudpvzjdcigm/SourcePackages/checkouts/PopupView
    write-file /Users/harishvishwakarma/Library/Developer/Xcode/DerivedData/Revolt-dharrjsambcimaaziudpvzjdcigm/Build/Intermediates.noindex/PopupView.build/Debug-iphoneos/PopupView.build/PopupView.DependencyMetadataFileList

WriteAuxiliaryFile /Users/harishvishwakarma/Library/Developer/Xcode/DerivedData/Revolt-dharrjsambcimaaziudpvzjdcigm/Build/Intermediates.noindex/PopupView.build/Debug-iphoneos/PopupView.build/Objects-normal/arm64/PopupView.SwiftFileList (in target 'PopupView' from project 'PopupView')
    cd /Users/harishvishwakarma/Library/Developer/Xcode/DerivedData/Revolt-dharrjsambcimaaziudpvzjdcigm/SourcePackages/checkouts/PopupView
    write-file /Users/harishvishwakarma/Library/Developer/Xcode/DerivedData/Revolt-dharrjsambcimaaziudpvzjdcigm/Build/Intermediates.noindex/PopupView.build/Debug-iphoneos/PopupView.build/Objects-normal/arm64/PopupView.SwiftFileList

WriteAuxiliaryFile /Users/harishvishwakarma/Library/Developer/Xcode/DerivedData/Revolt-dharrjsambcimaaziudpvzjdcigm/Build/Intermediates.noindex/PopupView.build/Debug-iphoneos/PopupView.build/Objects-normal/arm64/PopupView_const_extract_protocols.json (in target 'PopupView' from project 'PopupView')
    cd /Users/harishvishwakarma/Library/Developer/Xcode/DerivedData/Revolt-dharrjsambcimaaziudpvzjdcigm/SourcePackages/checkouts/PopupView
    write-file /Users/harishvishwakarma/Library/Developer/Xcode/DerivedData/Revolt-dharrjsambcimaaziudpvzjdcigm/Build/Intermediates.noindex/PopupView.build/Debug-iphoneos/PopupView.build/Objects-normal/arm64/PopupView_const_extract_protocols.json

WriteAuxiliaryFile /Users/harishvishwakarma/Library/Developer/Xcode/DerivedData/Revolt-dharrjsambcimaaziudpvzjdcigm/Build/Intermediates.noindex/PopupView.build/Debug-iphoneos/PopupView.build/Objects-normal/arm64/PopupView.SwiftConstValuesFileList (in target 'PopupView' from project 'PopupView')
    cd /Users/harishvishwakarma/Library/Developer/Xcode/DerivedData/Revolt-dharrjsambcimaaziudpvzjdcigm/SourcePackages/checkouts/PopupView
    write-file /Users/harishvishwakarma/Library/Developer/Xcode/DerivedData/Revolt-dharrjsambcimaaziudpvzjdcigm/Build/Intermediates.noindex/PopupView.build/Debug-iphoneos/PopupView.build/Objects-normal/arm64/PopupView.SwiftConstValuesFileList

WriteAuxiliaryFile /Users/harishvishwakarma/Library/Developer/Xcode/DerivedData/Revolt-dharrjsambcimaaziudpvzjdcigm/Build/Intermediates.noindex/PopupView.build/Debug-iphoneos/PopupView.build/Objects-normal/arm64/PopupView.LinkFileList (in target 'PopupView' from project 'PopupView')
    cd /Users/harishvishwakarma/Library/Developer/Xcode/DerivedData/Revolt-dharrjsambcimaaziudpvzjdcigm/SourcePackages/checkouts/PopupView
    write-file /Users/harishvishwakarma/Library/Developer/Xcode/DerivedData/Revolt-dharrjsambcimaaziudpvzjdcigm/Build/Intermediates.noindex/PopupView.build/Debug-iphoneos/PopupView.build/Objects-normal/arm64/PopupView.LinkFileList

Copy /Users/harishvishwakarma/Library/Developer/Xcode/DerivedData/Revolt-dharrjsambcimaaziudpvzjdcigm/Build/Intermediates.noindex/GeneratedModuleMaps-iphoneos/SnapKit.modulemap /Users/harishvishwakarma/Library/Developer/Xcode/DerivedData/Revolt-dharrjsambcimaaziudpvzjdcigm/Build/Intermediates.noindex/SnapKit.build/Debug-iphoneos/SnapKit.build/SnapKit.modulemap (in target 'SnapKit' from project 'SnapKit')
    cd /Users/harishvishwakarma/Library/Developer/Xcode/DerivedData/Revolt-dharrjsambcimaaziudpvzjdcigm/SourcePackages/checkouts/SnapKit
    builtin-copy -exclude .DS_Store -exclude CVS -exclude .svn -exclude .git -exclude .hg -resolve-src-symlinks /Users/harishvishwakarma/Library/Developer/Xcode/DerivedData/Revolt-dharrjsambcimaaziudpvzjdcigm/Build/Intermediates.noindex/SnapKit.build/Debug-iphoneos/SnapKit.build/SnapKit.modulemap /Users/harishvishwakarma/Library/Developer/Xcode/DerivedData/Revolt-dharrjsambcimaaziudpvzjdcigm/Build/Intermediates.noindex/GeneratedModuleMaps-iphoneos

WriteAuxiliaryFile /Users/harishvishwakarma/Library/Developer/Xcode/DerivedData/Revolt-dharrjsambcimaaziudpvzjdcigm/Build/Intermediates.noindex/PopupView.build/Debug-iphoneos/PopupView.build/Objects-normal/arm64/PopupView-OutputFileMap.json (in target 'PopupView' from project 'PopupView')
    cd /Users/harishvishwakarma/Library/Developer/Xcode/DerivedData/Revolt-dharrjsambcimaaziudpvzjdcigm/SourcePackages/checkouts/PopupView
    write-file /Users/harishvishwakarma/Library/Developer/Xcode/DerivedData/Revolt-dharrjsambcimaaziudpvzjdcigm/Build/Intermediates.noindex/PopupView.build/Debug-iphoneos/PopupView.build/Objects-normal/arm64/PopupView-OutputFileMap.json

WriteAuxiliaryFile /Users/harishvishwakarma/Library/Developer/Xcode/DerivedData/Revolt-dharrjsambcimaaziudpvzjdcigm/Build/Intermediates.noindex/swift-parsing.build/Debug-iphoneos/Parsing.build/Parsing.modulemap (in target 'Parsing' from project 'swift-parsing')
    cd /Users/harishvishwakarma/Library/Developer/Xcode/DerivedData/Revolt-dharrjsambcimaaziudpvzjdcigm/SourcePackages/checkouts/swift-parsing
    write-file /Users/harishvishwakarma/Library/Developer/Xcode/DerivedData/Revolt-dharrjsambcimaaziudpvzjdcigm/Build/Intermediates.noindex/swift-parsing.build/Debug-iphoneos/Parsing.build/Parsing.modulemap

WriteAuxiliaryFile /Users/harishvishwakarma/Library/Developer/Xcode/DerivedData/Revolt-dharrjsambcimaaziudpvzjdcigm/Build/Intermediates.noindex/swift-parsing.build/Debug-iphoneos/Parsing.build/Parsing.DependencyStaticMetadataFileList (in target 'Parsing' from project 'swift-parsing')
    cd /Users/harishvishwakarma/Library/Developer/Xcode/DerivedData/Revolt-dharrjsambcimaaziudpvzjdcigm/SourcePackages/checkouts/swift-parsing
    write-file /Users/harishvishwakarma/Library/Developer/Xcode/DerivedData/Revolt-dharrjsambcimaaziudpvzjdcigm/Build/Intermediates.noindex/swift-parsing.build/Debug-iphoneos/Parsing.build/Parsing.DependencyStaticMetadataFileList

WriteAuxiliaryFile /Users/harishvishwakarma/Library/Developer/Xcode/DerivedData/Revolt-dharrjsambcimaaziudpvzjdcigm/Build/Intermediates.noindex/swift-parsing.build/Debug-iphoneos/Parsing.build/Parsing.DependencyMetadataFileList (in target 'Parsing' from project 'swift-parsing')
    cd /Users/harishvishwakarma/Library/Developer/Xcode/DerivedData/Revolt-dharrjsambcimaaziudpvzjdcigm/SourcePackages/checkouts/swift-parsing
    write-file /Users/harishvishwakarma/Library/Developer/Xcode/DerivedData/Revolt-dharrjsambcimaaziudpvzjdcigm/Build/Intermediates.noindex/swift-parsing.build/Debug-iphoneos/Parsing.build/Parsing.DependencyMetadataFileList

WriteAuxiliaryFile /Users/harishvishwakarma/Library/Developer/Xcode/DerivedData/Revolt-dharrjsambcimaaziudpvzjdcigm/Build/Intermediates.noindex/swift-parsing.build/Debug-iphoneos/Parsing.build/Objects-normal/arm64/Parsing_const_extract_protocols.json (in target 'Parsing' from project 'swift-parsing')
    cd /Users/harishvishwakarma/Library/Developer/Xcode/DerivedData/Revolt-dharrjsambcimaaziudpvzjdcigm/SourcePackages/checkouts/swift-parsing
    write-file /Users/harishvishwakarma/Library/Developer/Xcode/DerivedData/Revolt-dharrjsambcimaaziudpvzjdcigm/Build/Intermediates.noindex/swift-parsing.build/Debug-iphoneos/Parsing.build/Objects-normal/arm64/Parsing_const_extract_protocols.json

Copy /Users/harishvishwakarma/Library/Developer/Xcode/DerivedData/Revolt-dharrjsambcimaaziudpvzjdcigm/Build/Intermediates.noindex/GeneratedModuleMaps-iphoneos/RxSwift.modulemap /Users/harishvishwakarma/Library/Developer/Xcode/DerivedData/Revolt-dharrjsambcimaaziudpvzjdcigm/Build/Intermediates.noindex/RxSwift.build/Debug-iphoneos/RxSwift.build/RxSwift.modulemap (in target 'RxSwift' from project 'RxSwift')
    cd /Users/harishvishwakarma/Library/Developer/Xcode/DerivedData/Revolt-dharrjsambcimaaziudpvzjdcigm/SourcePackages/checkouts/RxSwift
    builtin-copy -exclude .DS_Store -exclude CVS -exclude .svn -exclude .git -exclude .hg -resolve-src-symlinks /Users/harishvishwakarma/Library/Developer/Xcode/DerivedData/Revolt-dharrjsambcimaaziudpvzjdcigm/Build/Intermediates.noindex/RxSwift.build/Debug-iphoneos/RxSwift.build/RxSwift.modulemap /Users/harishvishwakarma/Library/Developer/Xcode/DerivedData/Revolt-dharrjsambcimaaziudpvzjdcigm/Build/Intermediates.noindex/GeneratedModuleMaps-iphoneos

Copy /Users/harishvishwakarma/Library/Developer/Xcode/DerivedData/Revolt-dharrjsambcimaaziudpvzjdcigm/Build/Intermediates.noindex/GeneratedModuleMaps-iphoneos/RuntimeSwizzling.modulemap /Users/harishvishwakarma/Library/Developer/Xcode/DerivedData/Revolt-dharrjsambcimaaziudpvzjdcigm/Build/Intermediates.noindex/swiftui-navigation-transitions.build/Debug-iphoneos/RuntimeSwizzling.build/RuntimeSwizzling.modulemap (in target 'RuntimeSwizzling' from project 'swiftui-navigation-transitions')
    cd /Users/harishvishwakarma/Library/Developer/Xcode/DerivedData/Revolt-dharrjsambcimaaziudpvzjdcigm/SourcePackages/checkouts/swiftui-navigation-transitions
    builtin-copy -exclude .DS_Store -exclude CVS -exclude .svn -exclude .git -exclude .hg -resolve-src-symlinks /Users/harishvishwakarma/Library/Developer/Xcode/DerivedData/Revolt-dharrjsambcimaaziudpvzjdcigm/Build/Intermediates.noindex/swiftui-navigation-transitions.build/Debug-iphoneos/RuntimeSwizzling.build/RuntimeSwizzling.modulemap /Users/harishvishwakarma/Library/Developer/Xcode/DerivedData/Revolt-dharrjsambcimaaziudpvzjdcigm/Build/Intermediates.noindex/GeneratedModuleMaps-iphoneos

Copy /Users/harishvishwakarma/Library/Developer/Xcode/DerivedData/Revolt-dharrjsambcimaaziudpvzjdcigm/Build/Intermediates.noindex/GeneratedModuleMaps-iphoneos/RuntimeAssociation.modulemap /Users/harishvishwakarma/Library/Developer/Xcode/DerivedData/Revolt-dharrjsambcimaaziudpvzjdcigm/Build/Intermediates.noindex/swiftui-navigation-transitions.build/Debug-iphoneos/RuntimeAssociation.build/RuntimeAssociation.modulemap (in target 'RuntimeAssociation' from project 'swiftui-navigation-transitions')
    cd /Users/harishvishwakarma/Library/Developer/Xcode/DerivedData/Revolt-dharrjsambcimaaziudpvzjdcigm/SourcePackages/checkouts/swiftui-navigation-transitions
    builtin-copy -exclude .DS_Store -exclude CVS -exclude .svn -exclude .git -exclude .hg -resolve-src-symlinks /Users/harishvishwakarma/Library/Developer/Xcode/DerivedData/Revolt-dharrjsambcimaaziudpvzjdcigm/Build/Intermediates.noindex/swiftui-navigation-transitions.build/Debug-iphoneos/RuntimeAssociation.build/RuntimeAssociation.modulemap /Users/harishvishwakarma/Library/Developer/Xcode/DerivedData/Revolt-dharrjsambcimaaziudpvzjdcigm/Build/Intermediates.noindex/GeneratedModuleMaps-iphoneos

Copy /Users/harishvishwakarma/Library/Developer/Xcode/DerivedData/Revolt-dharrjsambcimaaziudpvzjdcigm/Build/Intermediates.noindex/GeneratedModuleMaps-iphoneos/PopupView.modulemap /Users/harishvishwakarma/Library/Developer/Xcode/DerivedData/Revolt-dharrjsambcimaaziudpvzjdcigm/Build/Intermediates.noindex/PopupView.build/Debug-iphoneos/PopupView.build/PopupView.modulemap (in target 'PopupView' from project 'PopupView')
    cd /Users/harishvishwakarma/Library/Developer/Xcode/DerivedData/Revolt-dharrjsambcimaaziudpvzjdcigm/SourcePackages/checkouts/PopupView
    builtin-copy -exclude .DS_Store -exclude CVS -exclude .svn -exclude .git -exclude .hg -resolve-src-symlinks /Users/harishvishwakarma/Library/Developer/Xcode/DerivedData/Revolt-dharrjsambcimaaziudpvzjdcigm/Build/Intermediates.noindex/PopupView.build/Debug-iphoneos/PopupView.build/PopupView.modulemap /Users/harishvishwakarma/Library/Developer/Xcode/DerivedData/Revolt-dharrjsambcimaaziudpvzjdcigm/Build/Intermediates.noindex/GeneratedModuleMaps-iphoneos

WriteAuxiliaryFile /Users/harishvishwakarma/Library/Developer/Xcode/DerivedData/Revolt-dharrjsambcimaaziudpvzjdcigm/Build/Intermediates.noindex/swift-parsing.build/Debug-iphoneos/Parsing.build/Objects-normal/arm64/Parsing.SwiftFileList (in target 'Parsing' from project 'swift-parsing')
    cd /Users/harishvishwakarma/Library/Developer/Xcode/DerivedData/Revolt-dharrjsambcimaaziudpvzjdcigm/SourcePackages/checkouts/swift-parsing
    write-file /Users/harishvishwakarma/Library/Developer/Xcode/DerivedData/Revolt-dharrjsambcimaaziudpvzjdcigm/Build/Intermediates.noindex/swift-parsing.build/Debug-iphoneos/Parsing.build/Objects-normal/arm64/Parsing.SwiftFileList

WriteAuxiliaryFile /Users/harishvishwakarma/Library/Developer/Xcode/DerivedData/Revolt-dharrjsambcimaaziudpvzjdcigm/Build/Intermediates.noindex/swift-parsing.build/Debug-iphoneos/Parsing.build/Objects-normal/arm64/Parsing.SwiftConstValuesFileList (in target 'Parsing' from project 'swift-parsing')
    cd /Users/harishvishwakarma/Library/Developer/Xcode/DerivedData/Revolt-dharrjsambcimaaziudpvzjdcigm/SourcePackages/checkouts/swift-parsing
    write-file /Users/harishvishwakarma/Library/Developer/Xcode/DerivedData/Revolt-dharrjsambcimaaziudpvzjdcigm/Build/Intermediates.noindex/swift-parsing.build/Debug-iphoneos/Parsing.build/Objects-normal/arm64/Parsing.SwiftConstValuesFileList

WriteAuxiliaryFile /Users/harishvishwakarma/Library/Developer/Xcode/DerivedData/Revolt-dharrjsambcimaaziudpvzjdcigm/Build/Intermediates.noindex/swift-parsing.build/Debug-iphoneos/Parsing.build/Objects-normal/arm64/Parsing.LinkFileList (in target 'Parsing' from project 'swift-parsing')
    cd /Users/harishvishwakarma/Library/Developer/Xcode/DerivedData/Revolt-dharrjsambcimaaziudpvzjdcigm/SourcePackages/checkouts/swift-parsing
    write-file /Users/harishvishwakarma/Library/Developer/Xcode/DerivedData/Revolt-dharrjsambcimaaziudpvzjdcigm/Build/Intermediates.noindex/swift-parsing.build/Debug-iphoneos/Parsing.build/Objects-normal/arm64/Parsing.LinkFileList

WriteAuxiliaryFile /Users/harishvishwakarma/Library/Developer/Xcode/DerivedData/Revolt-dharrjsambcimaaziudpvzjdcigm/Build/Intermediates.noindex/swift-parsing.build/Debug-iphoneos/Parsing.build/Objects-normal/arm64/Parsing-OutputFileMap.json (in target 'Parsing' from project 'swift-parsing')
    cd /Users/harishvishwakarma/Library/Developer/Xcode/DerivedData/Revolt-dharrjsambcimaaziudpvzjdcigm/SourcePackages/checkouts/swift-parsing
    write-file /Users/harishvishwakarma/Library/Developer/Xcode/DerivedData/Revolt-dharrjsambcimaaziudpvzjdcigm/Build/Intermediates.noindex/swift-parsing.build/Debug-iphoneos/Parsing.build/Objects-normal/arm64/Parsing-OutputFileMap.json

Copy /Users/harishvishwakarma/Library/Developer/Xcode/DerivedData/Revolt-dharrjsambcimaaziudpvzjdcigm/Build/Intermediates.noindex/GeneratedModuleMaps-iphoneos/Parsing.modulemap /Users/harishvishwakarma/Library/Developer/Xcode/DerivedData/Revolt-dharrjsambcimaaziudpvzjdcigm/Build/Intermediates.noindex/swift-parsing.build/Debug-iphoneos/Parsing.build/Parsing.modulemap (in target 'Parsing' from project 'swift-parsing')
    cd /Users/harishvishwakarma/Library/Developer/Xcode/DerivedData/Revolt-dharrjsambcimaaziudpvzjdcigm/SourcePackages/checkouts/swift-parsing
    builtin-copy -exclude .DS_Store -exclude CVS -exclude .svn -exclude .git -exclude .hg -resolve-src-symlinks /Users/harishvishwakarma/Library/Developer/Xcode/DerivedData/Revolt-dharrjsambcimaaziudpvzjdcigm/Build/Intermediates.noindex/swift-parsing.build/Debug-iphoneos/Parsing.build/Parsing.modulemap /Users/harishvishwakarma/Library/Developer/Xcode/DerivedData/Revolt-dharrjsambcimaaziudpvzjdcigm/Build/Intermediates.noindex/GeneratedModuleMaps-iphoneos

WriteAuxiliaryFile /Users/harishvishwakarma/Library/Developer/Xcode/DerivedData/Revolt-dharrjsambcimaaziudpvzjdcigm/Build/Intermediates.noindex/swift-collections.build/Debug-iphoneos/OrderedCollections.build/OrderedCollections.modulemap (in target 'OrderedCollections' from project 'swift-collections')
    cd /Users/harishvishwakarma/Library/Developer/Xcode/DerivedData/Revolt-dharrjsambcimaaziudpvzjdcigm/SourcePackages/checkouts/swift-collections
    write-file /Users/harishvishwakarma/Library/Developer/Xcode/DerivedData/Revolt-dharrjsambcimaaziudpvzjdcigm/Build/Intermediates.noindex/swift-collections.build/Debug-iphoneos/OrderedCollections.build/OrderedCollections.modulemap

WriteAuxiliaryFile /Users/harishvishwakarma/Library/Developer/Xcode/DerivedData/Revolt-dharrjsambcimaaziudpvzjdcigm/Build/Intermediates.noindex/swift-collections.build/Debug-iphoneos/OrderedCollections.build/OrderedCollections.DependencyStaticMetadataFileList (in target 'OrderedCollections' from project 'swift-collections')
    cd /Users/harishvishwakarma/Library/Developer/Xcode/DerivedData/Revolt-dharrjsambcimaaziudpvzjdcigm/SourcePackages/checkouts/swift-collections
    write-file /Users/harishvishwakarma/Library/Developer/Xcode/DerivedData/Revolt-dharrjsambcimaaziudpvzjdcigm/Build/Intermediates.noindex/swift-collections.build/Debug-iphoneos/OrderedCollections.build/OrderedCollections.DependencyStaticMetadataFileList

WriteAuxiliaryFile /Users/harishvishwakarma/Library/Developer/Xcode/DerivedData/Revolt-dharrjsambcimaaziudpvzjdcigm/Build/Intermediates.noindex/swift-collections.build/Debug-iphoneos/OrderedCollections.build/OrderedCollections.DependencyMetadataFileList (in target 'OrderedCollections' from project 'swift-collections')
    cd /Users/harishvishwakarma/Library/Developer/Xcode/DerivedData/Revolt-dharrjsambcimaaziudpvzjdcigm/SourcePackages/checkouts/swift-collections
    write-file /Users/harishvishwakarma/Library/Developer/Xcode/DerivedData/Revolt-dharrjsambcimaaziudpvzjdcigm/Build/Intermediates.noindex/swift-collections.build/Debug-iphoneos/OrderedCollections.build/OrderedCollections.DependencyMetadataFileList

WriteAuxiliaryFile /Users/harishvishwakarma/Library/Developer/Xcode/DerivedData/Revolt-dharrjsambcimaaziudpvzjdcigm/Build/Intermediates.noindex/swift-collections.build/Debug-iphoneos/OrderedCollections.build/Objects-normal/arm64/OrderedCollections.SwiftConstValuesFileList (in target 'OrderedCollections' from project 'swift-collections')
    cd /Users/harishvishwakarma/Library/Developer/Xcode/DerivedData/Revolt-dharrjsambcimaaziudpvzjdcigm/SourcePackages/checkouts/swift-collections
    write-file /Users/harishvishwakarma/Library/Developer/Xcode/DerivedData/Revolt-dharrjsambcimaaziudpvzjdcigm/Build/Intermediates.noindex/swift-collections.build/Debug-iphoneos/OrderedCollections.build/Objects-normal/arm64/OrderedCollections.SwiftConstValuesFileList

WriteAuxiliaryFile /Users/harishvishwakarma/Library/Developer/Xcode/DerivedData/Revolt-dharrjsambcimaaziudpvzjdcigm/Build/Intermediates.noindex/swift-collections.build/Debug-iphoneos/OrderedCollections.build/Objects-normal/arm64/OrderedCollections_const_extract_protocols.json (in target 'OrderedCollections' from project 'swift-collections')
    cd /Users/harishvishwakarma/Library/Developer/Xcode/DerivedData/Revolt-dharrjsambcimaaziudpvzjdcigm/SourcePackages/checkouts/swift-collections
    write-file /Users/harishvishwakarma/Library/Developer/Xcode/DerivedData/Revolt-dharrjsambcimaaziudpvzjdcigm/Build/Intermediates.noindex/swift-collections.build/Debug-iphoneos/OrderedCollections.build/Objects-normal/arm64/OrderedCollections_const_extract_protocols.json

WriteAuxiliaryFile /Users/harishvishwakarma/Library/Developer/Xcode/DerivedData/Revolt-dharrjsambcimaaziudpvzjdcigm/Build/Intermediates.noindex/swift-collections.build/Debug-iphoneos/OrderedCollections.build/Objects-normal/arm64/OrderedCollections.SwiftFileList (in target 'OrderedCollections' from project 'swift-collections')
    cd /Users/harishvishwakarma/Library/Developer/Xcode/DerivedData/Revolt-dharrjsambcimaaziudpvzjdcigm/SourcePackages/checkouts/swift-collections
    write-file /Users/harishvishwakarma/Library/Developer/Xcode/DerivedData/Revolt-dharrjsambcimaaziudpvzjdcigm/Build/Intermediates.noindex/swift-collections.build/Debug-iphoneos/OrderedCollections.build/Objects-normal/arm64/OrderedCollections.SwiftFileList

WriteAuxiliaryFile /Users/harishvishwakarma/Library/Developer/Xcode/DerivedData/Revolt-dharrjsambcimaaziudpvzjdcigm/Build/Intermediates.noindex/swift-collections.build/Debug-iphoneos/OrderedCollections.build/Objects-normal/arm64/OrderedCollections.LinkFileList (in target 'OrderedCollections' from project 'swift-collections')
    cd /Users/harishvishwakarma/Library/Developer/Xcode/DerivedData/Revolt-dharrjsambcimaaziudpvzjdcigm/SourcePackages/checkouts/swift-collections
    write-file /Users/harishvishwakarma/Library/Developer/Xcode/DerivedData/Revolt-dharrjsambcimaaziudpvzjdcigm/Build/Intermediates.noindex/swift-collections.build/Debug-iphoneos/OrderedCollections.build/Objects-normal/arm64/OrderedCollections.LinkFileList

WriteAuxiliaryFile /Users/harishvishwakarma/Library/Developer/Xcode/DerivedData/Revolt-dharrjsambcimaaziudpvzjdcigm/Build/Intermediates.noindex/swift-collections.build/Debug-iphoneos/OrderedCollections.build/Objects-normal/arm64/OrderedCollections-OutputFileMap.json (in target 'OrderedCollections' from project 'swift-collections')
    cd /Users/harishvishwakarma/Library/Developer/Xcode/DerivedData/Revolt-dharrjsambcimaaziudpvzjdcigm/SourcePackages/checkouts/swift-collections
    write-file /Users/harishvishwakarma/Library/Developer/Xcode/DerivedData/Revolt-dharrjsambcimaaziudpvzjdcigm/Build/Intermediates.noindex/swift-collections.build/Debug-iphoneos/OrderedCollections.build/Objects-normal/arm64/OrderedCollections-OutputFileMap.json

Copy /Users/harishvishwakarma/Library/Developer/Xcode/DerivedData/Revolt-dharrjsambcimaaziudpvzjdcigm/Build/Intermediates.noindex/GeneratedModuleMaps-iphoneos/OrderedCollections.modulemap /Users/harishvishwakarma/Library/Developer/Xcode/DerivedData/Revolt-dharrjsambcimaaziudpvzjdcigm/Build/Intermediates.noindex/swift-collections.build/Debug-iphoneos/OrderedCollections.build/OrderedCollections.modulemap (in target 'OrderedCollections' from project 'swift-collections')
    cd /Users/harishvishwakarma/Library/Developer/Xcode/DerivedData/Revolt-dharrjsambcimaaziudpvzjdcigm/SourcePackages/checkouts/swift-collections
    builtin-copy -exclude .DS_Store -exclude CVS -exclude .svn -exclude .git -exclude .hg -resolve-src-symlinks /Users/harishvishwakarma/Library/Developer/Xcode/DerivedData/Revolt-dharrjsambcimaaziudpvzjdcigm/Build/Intermediates.noindex/swift-collections.build/Debug-iphoneos/OrderedCollections.build/OrderedCollections.modulemap /Users/harishvishwakarma/Library/Developer/Xcode/DerivedData/Revolt-dharrjsambcimaaziudpvzjdcigm/Build/Intermediates.noindex/GeneratedModuleMaps-iphoneos

WriteAuxiliaryFile /Users/harishvishwakarma/Library/Developer/Xcode/DerivedData/Revolt-dharrjsambcimaaziudpvzjdcigm/Build/Intermediates.noindex/swiftui-navigation-transitions.build/Debug-iphoneos/NavigationTransitions.build/Objects-normal/arm64/NavigationTransitions.SwiftFileList (in target 'NavigationTransitions' from project 'swiftui-navigation-transitions')
    cd /Users/harishvishwakarma/Library/Developer/Xcode/DerivedData/Revolt-dharrjsambcimaaziudpvzjdcigm/SourcePackages/checkouts/swiftui-navigation-transitions
    write-file /Users/harishvishwakarma/Library/Developer/Xcode/DerivedData/Revolt-dharrjsambcimaaziudpvzjdcigm/Build/Intermediates.noindex/swiftui-navigation-transitions.build/Debug-iphoneos/NavigationTransitions.build/Objects-normal/arm64/NavigationTransitions.SwiftFileList

WriteAuxiliaryFile /Users/harishvishwakarma/Library/Developer/Xcode/DerivedData/Revolt-dharrjsambcimaaziudpvzjdcigm/Build/Intermediates.noindex/swiftui-navigation-transitions.build/Debug-iphoneos/NavigationTransitions.build/Objects-normal/arm64/NavigationTransitions.SwiftConstValuesFileList (in target 'NavigationTransitions' from project 'swiftui-navigation-transitions')
    cd /Users/harishvishwakarma/Library/Developer/Xcode/DerivedData/Revolt-dharrjsambcimaaziudpvzjdcigm/SourcePackages/checkouts/swiftui-navigation-transitions
    write-file /Users/harishvishwakarma/Library/Developer/Xcode/DerivedData/Revolt-dharrjsambcimaaziudpvzjdcigm/Build/Intermediates.noindex/swiftui-navigation-transitions.build/Debug-iphoneos/NavigationTransitions.build/Objects-normal/arm64/NavigationTransitions.SwiftConstValuesFileList

WriteAuxiliaryFile /Users/harishvishwakarma/Library/Developer/Xcode/DerivedData/Revolt-dharrjsambcimaaziudpvzjdcigm/Build/Intermediates.noindex/swiftui-navigation-transitions.build/Debug-iphoneos/NavigationTransitions.build/Objects-normal/arm64/NavigationTransitions_const_extract_protocols.json (in target 'NavigationTransitions' from project 'swiftui-navigation-transitions')
    cd /Users/harishvishwakarma/Library/Developer/Xcode/DerivedData/Revolt-dharrjsambcimaaziudpvzjdcigm/SourcePackages/checkouts/swiftui-navigation-transitions
    write-file /Users/harishvishwakarma/Library/Developer/Xcode/DerivedData/Revolt-dharrjsambcimaaziudpvzjdcigm/Build/Intermediates.noindex/swiftui-navigation-transitions.build/Debug-iphoneos/NavigationTransitions.build/Objects-normal/arm64/NavigationTransitions_const_extract_protocols.json

WriteAuxiliaryFile /Users/harishvishwakarma/Library/Developer/Xcode/DerivedData/Revolt-dharrjsambcimaaziudpvzjdcigm/Build/Intermediates.noindex/swiftui-navigation-transitions.build/Debug-iphoneos/NavigationTransitions.build/Objects-normal/arm64/NavigationTransitions.LinkFileList (in target 'NavigationTransitions' from project 'swiftui-navigation-transitions')
    cd /Users/harishvishwakarma/Library/Developer/Xcode/DerivedData/Revolt-dharrjsambcimaaziudpvzjdcigm/SourcePackages/checkouts/swiftui-navigation-transitions
    write-file /Users/harishvishwakarma/Library/Developer/Xcode/DerivedData/Revolt-dharrjsambcimaaziudpvzjdcigm/Build/Intermediates.noindex/swiftui-navigation-transitions.build/Debug-iphoneos/NavigationTransitions.build/Objects-normal/arm64/NavigationTransitions.LinkFileList

WriteAuxiliaryFile /Users/harishvishwakarma/Library/Developer/Xcode/DerivedData/Revolt-dharrjsambcimaaziudpvzjdcigm/Build/Intermediates.noindex/swiftui-navigation-transitions.build/Debug-iphoneos/NavigationTransitions.build/Objects-normal/arm64/NavigationTransitions-OutputFileMap.json (in target 'NavigationTransitions' from project 'swiftui-navigation-transitions')
    cd /Users/harishvishwakarma/Library/Developer/Xcode/DerivedData/Revolt-dharrjsambcimaaziudpvzjdcigm/SourcePackages/checkouts/swiftui-navigation-transitions
    write-file /Users/harishvishwakarma/Library/Developer/Xcode/DerivedData/Revolt-dharrjsambcimaaziudpvzjdcigm/Build/Intermediates.noindex/swiftui-navigation-transitions.build/Debug-iphoneos/NavigationTransitions.build/Objects-normal/arm64/NavigationTransitions-OutputFileMap.json

WriteAuxiliaryFile /Users/harishvishwakarma/Library/Developer/Xcode/DerivedData/Revolt-dharrjsambcimaaziudpvzjdcigm/Build/Intermediates.noindex/swiftui-navigation-transitions.build/Debug-iphoneos/NavigationTransitions.build/NavigationTransitions.modulemap (in target 'NavigationTransitions' from project 'swiftui-navigation-transitions')
    cd /Users/harishvishwakarma/Library/Developer/Xcode/DerivedData/Revolt-dharrjsambcimaaziudpvzjdcigm/SourcePackages/checkouts/swiftui-navigation-transitions
    write-file /Users/harishvishwakarma/Library/Developer/Xcode/DerivedData/Revolt-dharrjsambcimaaziudpvzjdcigm/Build/Intermediates.noindex/swiftui-navigation-transitions.build/Debug-iphoneos/NavigationTransitions.build/NavigationTransitions.modulemap

WriteAuxiliaryFile /Users/harishvishwakarma/Library/Developer/Xcode/DerivedData/Revolt-dharrjsambcimaaziudpvzjdcigm/Build/Intermediates.noindex/swiftui-navigation-transitions.build/Debug-iphoneos/NavigationTransitions.build/NavigationTransitions.DependencyStaticMetadataFileList (in target 'NavigationTransitions' from project 'swiftui-navigation-transitions')
    cd /Users/harishvishwakarma/Library/Developer/Xcode/DerivedData/Revolt-dharrjsambcimaaziudpvzjdcigm/SourcePackages/checkouts/swiftui-navigation-transitions
    write-file /Users/harishvishwakarma/Library/Developer/Xcode/DerivedData/Revolt-dharrjsambcimaaziudpvzjdcigm/Build/Intermediates.noindex/swiftui-navigation-transitions.build/Debug-iphoneos/NavigationTransitions.build/NavigationTransitions.DependencyStaticMetadataFileList

WriteAuxiliaryFile /Users/harishvishwakarma/Library/Developer/Xcode/DerivedData/Revolt-dharrjsambcimaaziudpvzjdcigm/Build/Intermediates.noindex/swiftui-navigation-transitions.build/Debug-iphoneos/NavigationTransitions.build/NavigationTransitions.DependencyMetadataFileList (in target 'NavigationTransitions' from project 'swiftui-navigation-transitions')
    cd /Users/harishvishwakarma/Library/Developer/Xcode/DerivedData/Revolt-dharrjsambcimaaziudpvzjdcigm/SourcePackages/checkouts/swiftui-navigation-transitions
    write-file /Users/harishvishwakarma/Library/Developer/Xcode/DerivedData/Revolt-dharrjsambcimaaziudpvzjdcigm/Build/Intermediates.noindex/swiftui-navigation-transitions.build/Debug-iphoneos/NavigationTransitions.build/NavigationTransitions.DependencyMetadataFileList

WriteAuxiliaryFile /Users/harishvishwakarma/Library/Developer/Xcode/DerivedData/Revolt-dharrjsambcimaaziudpvzjdcigm/Build/Intermediates.noindex/swiftui-navigation-transitions.build/Debug-iphoneos/NavigationTransition.build/Objects-normal/arm64/NavigationTransition.SwiftConstValuesFileList (in target 'NavigationTransition' from project 'swiftui-navigation-transitions')
    cd /Users/harishvishwakarma/Library/Developer/Xcode/DerivedData/Revolt-dharrjsambcimaaziudpvzjdcigm/SourcePackages/checkouts/swiftui-navigation-transitions
    write-file /Users/harishvishwakarma/Library/Developer/Xcode/DerivedData/Revolt-dharrjsambcimaaziudpvzjdcigm/Build/Intermediates.noindex/swiftui-navigation-transitions.build/Debug-iphoneos/NavigationTransition.build/Objects-normal/arm64/NavigationTransition.SwiftConstValuesFileList

WriteAuxiliaryFile /Users/harishvishwakarma/Library/Developer/Xcode/DerivedData/Revolt-dharrjsambcimaaziudpvzjdcigm/Build/Intermediates.noindex/swiftui-navigation-transitions.build/Debug-iphoneos/NavigationTransition.build/Objects-normal/arm64/NavigationTransition.SwiftFileList (in target 'NavigationTransition' from project 'swiftui-navigation-transitions')
    cd /Users/harishvishwakarma/Library/Developer/Xcode/DerivedData/Revolt-dharrjsambcimaaziudpvzjdcigm/SourcePackages/checkouts/swiftui-navigation-transitions
    write-file /Users/harishvishwakarma/Library/Developer/Xcode/DerivedData/Revolt-dharrjsambcimaaziudpvzjdcigm/Build/Intermediates.noindex/swiftui-navigation-transitions.build/Debug-iphoneos/NavigationTransition.build/Objects-normal/arm64/NavigationTransition.SwiftFileList

WriteAuxiliaryFile /Users/harishvishwakarma/Library/Developer/Xcode/DerivedData/Revolt-dharrjsambcimaaziudpvzjdcigm/Build/Intermediates.noindex/swiftui-navigation-transitions.build/Debug-iphoneos/NavigationTransition.build/Objects-normal/arm64/NavigationTransition_const_extract_protocols.json (in target 'NavigationTransition' from project 'swiftui-navigation-transitions')
    cd /Users/harishvishwakarma/Library/Developer/Xcode/DerivedData/Revolt-dharrjsambcimaaziudpvzjdcigm/SourcePackages/checkouts/swiftui-navigation-transitions
    write-file /Users/harishvishwakarma/Library/Developer/Xcode/DerivedData/Revolt-dharrjsambcimaaziudpvzjdcigm/Build/Intermediates.noindex/swiftui-navigation-transitions.build/Debug-iphoneos/NavigationTransition.build/Objects-normal/arm64/NavigationTransition_const_extract_protocols.json

WriteAuxiliaryFile /Users/harishvishwakarma/Library/Developer/Xcode/DerivedData/Revolt-dharrjsambcimaaziudpvzjdcigm/Build/Intermediates.noindex/swiftui-navigation-transitions.build/Debug-iphoneos/NavigationTransition.build/Objects-normal/arm64/NavigationTransition.LinkFileList (in target 'NavigationTransition' from project 'swiftui-navigation-transitions')
    cd /Users/harishvishwakarma/Library/Developer/Xcode/DerivedData/Revolt-dharrjsambcimaaziudpvzjdcigm/SourcePackages/checkouts/swiftui-navigation-transitions
    write-file /Users/harishvishwakarma/Library/Developer/Xcode/DerivedData/Revolt-dharrjsambcimaaziudpvzjdcigm/Build/Intermediates.noindex/swiftui-navigation-transitions.build/Debug-iphoneos/NavigationTransition.build/Objects-normal/arm64/NavigationTransition.LinkFileList

WriteAuxiliaryFile /Users/harishvishwakarma/Library/Developer/Xcode/DerivedData/Revolt-dharrjsambcimaaziudpvzjdcigm/Build/Intermediates.noindex/swiftui-navigation-transitions.build/Debug-iphoneos/NavigationTransition.build/Objects-normal/arm64/NavigationTransition-OutputFileMap.json (in target 'NavigationTransition' from project 'swiftui-navigation-transitions')
    cd /Users/harishvishwakarma/Library/Developer/Xcode/DerivedData/Revolt-dharrjsambcimaaziudpvzjdcigm/SourcePackages/checkouts/swiftui-navigation-transitions
    write-file /Users/harishvishwakarma/Library/Developer/Xcode/DerivedData/Revolt-dharrjsambcimaaziudpvzjdcigm/Build/Intermediates.noindex/swiftui-navigation-transitions.build/Debug-iphoneos/NavigationTransition.build/Objects-normal/arm64/NavigationTransition-OutputFileMap.json

WriteAuxiliaryFile /Users/harishvishwakarma/Library/Developer/Xcode/DerivedData/Revolt-dharrjsambcimaaziudpvzjdcigm/Build/Intermediates.noindex/swiftui-navigation-transitions.build/Debug-iphoneos/NavigationTransition.build/NavigationTransition.modulemap (in target 'NavigationTransition' from project 'swiftui-navigation-transitions')
    cd /Users/harishvishwakarma/Library/Developer/Xcode/DerivedData/Revolt-dharrjsambcimaaziudpvzjdcigm/SourcePackages/checkouts/swiftui-navigation-transitions
    write-file /Users/harishvishwakarma/Library/Developer/Xcode/DerivedData/Revolt-dharrjsambcimaaziudpvzjdcigm/Build/Intermediates.noindex/swiftui-navigation-transitions.build/Debug-iphoneos/NavigationTransition.build/NavigationTransition.modulemap

WriteAuxiliaryFile /Users/harishvishwakarma/Library/Developer/Xcode/DerivedData/Revolt-dharrjsambcimaaziudpvzjdcigm/Build/Intermediates.noindex/swiftui-navigation-transitions.build/Debug-iphoneos/NavigationTransition.build/NavigationTransition.DependencyStaticMetadataFileList (in target 'NavigationTransition' from project 'swiftui-navigation-transitions')
    cd /Users/harishvishwakarma/Library/Developer/Xcode/DerivedData/Revolt-dharrjsambcimaaziudpvzjdcigm/SourcePackages/checkouts/swiftui-navigation-transitions
    write-file /Users/harishvishwakarma/Library/Developer/Xcode/DerivedData/Revolt-dharrjsambcimaaziudpvzjdcigm/Build/Intermediates.noindex/swiftui-navigation-transitions.build/Debug-iphoneos/NavigationTransition.build/NavigationTransition.DependencyStaticMetadataFileList

WriteAuxiliaryFile /Users/harishvishwakarma/Library/Developer/Xcode/DerivedData/Revolt-dharrjsambcimaaziudpvzjdcigm/Build/Intermediates.noindex/swiftui-navigation-transitions.build/Debug-iphoneos/NavigationTransition.build/NavigationTransition.DependencyMetadataFileList (in target 'NavigationTransition' from project 'swiftui-navigation-transitions')
    cd /Users/harishvishwakarma/Library/Developer/Xcode/DerivedData/Revolt-dharrjsambcimaaziudpvzjdcigm/SourcePackages/checkouts/swiftui-navigation-transitions
    write-file /Users/harishvishwakarma/Library/Developer/Xcode/DerivedData/Revolt-dharrjsambcimaaziudpvzjdcigm/Build/Intermediates.noindex/swiftui-navigation-transitions.build/Debug-iphoneos/NavigationTransition.build/NavigationTransition.DependencyMetadataFileList

Copy /Users/harishvishwakarma/Library/Developer/Xcode/DerivedData/Revolt-dharrjsambcimaaziudpvzjdcigm/Build/Intermediates.noindex/GeneratedModuleMaps-iphoneos/NavigationTransitions.modulemap /Users/harishvishwakarma/Library/Developer/Xcode/DerivedData/Revolt-dharrjsambcimaaziudpvzjdcigm/Build/Intermediates.noindex/swiftui-navigation-transitions.build/Debug-iphoneos/NavigationTransitions.build/NavigationTransitions.modulemap (in target 'NavigationTransitions' from project 'swiftui-navigation-transitions')
    cd /Users/harishvishwakarma/Library/Developer/Xcode/DerivedData/Revolt-dharrjsambcimaaziudpvzjdcigm/SourcePackages/checkouts/swiftui-navigation-transitions
    builtin-copy -exclude .DS_Store -exclude CVS -exclude .svn -exclude .git -exclude .hg -resolve-src-symlinks /Users/harishvishwakarma/Library/Developer/Xcode/DerivedData/Revolt-dharrjsambcimaaziudpvzjdcigm/Build/Intermediates.noindex/swiftui-navigation-transitions.build/Debug-iphoneos/NavigationTransitions.build/NavigationTransitions.modulemap /Users/harishvishwakarma/Library/Developer/Xcode/DerivedData/Revolt-dharrjsambcimaaziudpvzjdcigm/Build/Intermediates.noindex/GeneratedModuleMaps-iphoneos

WriteAuxiliaryFile /Users/harishvishwakarma/Library/Developer/Xcode/DerivedData/Revolt-dharrjsambcimaaziudpvzjdcigm/Build/Intermediates.noindex/MarkdownKit.build/Debug-iphoneos/MarkdownKit.build/Objects-normal/arm64/MarkdownKit_const_extract_protocols.json (in target 'MarkdownKit' from project 'MarkdownKit')
    cd /Users/harishvishwakarma/Library/Developer/Xcode/DerivedData/Revolt-dharrjsambcimaaziudpvzjdcigm/SourcePackages/checkouts/MarkdownKit
    write-file /Users/harishvishwakarma/Library/Developer/Xcode/DerivedData/Revolt-dharrjsambcimaaziudpvzjdcigm/Build/Intermediates.noindex/MarkdownKit.build/Debug-iphoneos/MarkdownKit.build/Objects-normal/arm64/MarkdownKit_const_extract_protocols.json

WriteAuxiliaryFile /Users/harishvishwakarma/Library/Developer/Xcode/DerivedData/Revolt-dharrjsambcimaaziudpvzjdcigm/Build/Intermediates.noindex/MarkdownKit.build/Debug-iphoneos/MarkdownKit.build/Objects-normal/arm64/MarkdownKit.SwiftFileList (in target 'MarkdownKit' from project 'MarkdownKit')
    cd /Users/harishvishwakarma/Library/Developer/Xcode/DerivedData/Revolt-dharrjsambcimaaziudpvzjdcigm/SourcePackages/checkouts/MarkdownKit
    write-file /Users/harishvishwakarma/Library/Developer/Xcode/DerivedData/Revolt-dharrjsambcimaaziudpvzjdcigm/Build/Intermediates.noindex/MarkdownKit.build/Debug-iphoneos/MarkdownKit.build/Objects-normal/arm64/MarkdownKit.SwiftFileList

WriteAuxiliaryFile /Users/harishvishwakarma/Library/Developer/Xcode/DerivedData/Revolt-dharrjsambcimaaziudpvzjdcigm/Build/Intermediates.noindex/MarkdownKit.build/Debug-iphoneos/MarkdownKit.build/Objects-normal/arm64/MarkdownKit.SwiftConstValuesFileList (in target 'MarkdownKit' from project 'MarkdownKit')
    cd /Users/harishvishwakarma/Library/Developer/Xcode/DerivedData/Revolt-dharrjsambcimaaziudpvzjdcigm/SourcePackages/checkouts/MarkdownKit
    write-file /Users/harishvishwakarma/Library/Developer/Xcode/DerivedData/Revolt-dharrjsambcimaaziudpvzjdcigm/Build/Intermediates.noindex/MarkdownKit.build/Debug-iphoneos/MarkdownKit.build/Objects-normal/arm64/MarkdownKit.SwiftConstValuesFileList

WriteAuxiliaryFile /Users/harishvishwakarma/Library/Developer/Xcode/DerivedData/Revolt-dharrjsambcimaaziudpvzjdcigm/Build/Intermediates.noindex/MarkdownKit.build/Debug-iphoneos/MarkdownKit.build/Objects-normal/arm64/MarkdownKit.LinkFileList (in target 'MarkdownKit' from project 'MarkdownKit')
    cd /Users/harishvishwakarma/Library/Developer/Xcode/DerivedData/Revolt-dharrjsambcimaaziudpvzjdcigm/SourcePackages/checkouts/MarkdownKit
    write-file /Users/harishvishwakarma/Library/Developer/Xcode/DerivedData/Revolt-dharrjsambcimaaziudpvzjdcigm/Build/Intermediates.noindex/MarkdownKit.build/Debug-iphoneos/MarkdownKit.build/Objects-normal/arm64/MarkdownKit.LinkFileList

WriteAuxiliaryFile /Users/harishvishwakarma/Library/Developer/Xcode/DerivedData/Revolt-dharrjsambcimaaziudpvzjdcigm/Build/Intermediates.noindex/MarkdownKit.build/Debug-iphoneos/MarkdownKit.build/Objects-normal/arm64/MarkdownKit-OutputFileMap.json (in target 'MarkdownKit' from project 'MarkdownKit')
    cd /Users/harishvishwakarma/Library/Developer/Xcode/DerivedData/Revolt-dharrjsambcimaaziudpvzjdcigm/SourcePackages/checkouts/MarkdownKit
    write-file /Users/harishvishwakarma/Library/Developer/Xcode/DerivedData/Revolt-dharrjsambcimaaziudpvzjdcigm/Build/Intermediates.noindex/MarkdownKit.build/Debug-iphoneos/MarkdownKit.build/Objects-normal/arm64/MarkdownKit-OutputFileMap.json

WriteAuxiliaryFile /Users/harishvishwakarma/Library/Developer/Xcode/DerivedData/Revolt-dharrjsambcimaaziudpvzjdcigm/Build/Intermediates.noindex/MarkdownKit.build/Debug-iphoneos/MarkdownKit.build/MarkdownKit.modulemap (in target 'MarkdownKit' from project 'MarkdownKit')
    cd /Users/harishvishwakarma/Library/Developer/Xcode/DerivedData/Revolt-dharrjsambcimaaziudpvzjdcigm/SourcePackages/checkouts/MarkdownKit
    write-file /Users/harishvishwakarma/Library/Developer/Xcode/DerivedData/Revolt-dharrjsambcimaaziudpvzjdcigm/Build/Intermediates.noindex/MarkdownKit.build/Debug-iphoneos/MarkdownKit.build/MarkdownKit.modulemap

WriteAuxiliaryFile /Users/harishvishwakarma/Library/Developer/Xcode/DerivedData/Revolt-dharrjsambcimaaziudpvzjdcigm/Build/Intermediates.noindex/MarkdownKit.build/Debug-iphoneos/MarkdownKit.build/MarkdownKit.DependencyStaticMetadataFileList (in target 'MarkdownKit' from project 'MarkdownKit')
    cd /Users/harishvishwakarma/Library/Developer/Xcode/DerivedData/Revolt-dharrjsambcimaaziudpvzjdcigm/SourcePackages/checkouts/MarkdownKit
    write-file /Users/harishvishwakarma/Library/Developer/Xcode/DerivedData/Revolt-dharrjsambcimaaziudpvzjdcigm/Build/Intermediates.noindex/MarkdownKit.build/Debug-iphoneos/MarkdownKit.build/MarkdownKit.DependencyStaticMetadataFileList

WriteAuxiliaryFile /Users/harishvishwakarma/Library/Developer/Xcode/DerivedData/Revolt-dharrjsambcimaaziudpvzjdcigm/Build/Intermediates.noindex/MarkdownKit.build/Debug-iphoneos/MarkdownKit.build/MarkdownKit.DependencyMetadataFileList (in target 'MarkdownKit' from project 'MarkdownKit')
    cd /Users/harishvishwakarma/Library/Developer/Xcode/DerivedData/Revolt-dharrjsambcimaaziudpvzjdcigm/SourcePackages/checkouts/MarkdownKit
    write-file /Users/harishvishwakarma/Library/Developer/Xcode/DerivedData/Revolt-dharrjsambcimaaziudpvzjdcigm/Build/Intermediates.noindex/MarkdownKit.build/Debug-iphoneos/MarkdownKit.build/MarkdownKit.DependencyMetadataFileList

Copy /Users/harishvishwakarma/Library/Developer/Xcode/DerivedData/Revolt-dharrjsambcimaaziudpvzjdcigm/Build/Intermediates.noindex/GeneratedModuleMaps-iphoneos/NavigationTransition.modulemap /Users/harishvishwakarma/Library/Developer/Xcode/DerivedData/Revolt-dharrjsambcimaaziudpvzjdcigm/Build/Intermediates.noindex/swiftui-navigation-transitions.build/Debug-iphoneos/NavigationTransition.build/NavigationTransition.modulemap (in target 'NavigationTransition' from project 'swiftui-navigation-transitions')
    cd /Users/harishvishwakarma/Library/Developer/Xcode/DerivedData/Revolt-dharrjsambcimaaziudpvzjdcigm/SourcePackages/checkouts/swiftui-navigation-transitions
    builtin-copy -exclude .DS_Store -exclude CVS -exclude .svn -exclude .git -exclude .hg -resolve-src-symlinks /Users/harishvishwakarma/Library/Developer/Xcode/DerivedData/Revolt-dharrjsambcimaaziudpvzjdcigm/Build/Intermediates.noindex/swiftui-navigation-transitions.build/Debug-iphoneos/NavigationTransition.build/NavigationTransition.modulemap /Users/harishvishwakarma/Library/Developer/Xcode/DerivedData/Revolt-dharrjsambcimaaziudpvzjdcigm/Build/Intermediates.noindex/GeneratedModuleMaps-iphoneos

WriteAuxiliaryFile /Users/harishvishwakarma/Library/Developer/Xcode/DerivedData/Revolt-dharrjsambcimaaziudpvzjdcigm/Build/Intermediates.noindex/Kingfisher.build/Debug-iphoneos/Kingfisher_Kingfisher.build/empty-Kingfisher_Kingfisher.plist (in target 'Kingfisher_Kingfisher' from project 'Kingfisher')
    cd /Users/harishvishwakarma/Library/Developer/Xcode/DerivedData/Revolt-dharrjsambcimaaziudpvzjdcigm/SourcePackages/checkouts/Kingfisher
    write-file /Users/harishvishwakarma/Library/Developer/Xcode/DerivedData/Revolt-dharrjsambcimaaziudpvzjdcigm/Build/Intermediates.noindex/Kingfisher.build/Debug-iphoneos/Kingfisher_Kingfisher.build/empty-Kingfisher_Kingfisher.plist

WriteAuxiliaryFile /Users/harishvishwakarma/Library/Developer/Xcode/DerivedData/Revolt-dharrjsambcimaaziudpvzjdcigm/Build/Intermediates.noindex/Kingfisher.build/Debug-iphoneos/Kingfisher_Kingfisher.build/Kingfisher_Kingfisher.DependencyStaticMetadataFileList (in target 'Kingfisher_Kingfisher' from project 'Kingfisher')
    cd /Users/harishvishwakarma/Library/Developer/Xcode/DerivedData/Revolt-dharrjsambcimaaziudpvzjdcigm/SourcePackages/checkouts/Kingfisher
    write-file /Users/harishvishwakarma/Library/Developer/Xcode/DerivedData/Revolt-dharrjsambcimaaziudpvzjdcigm/Build/Intermediates.noindex/Kingfisher.build/Debug-iphoneos/Kingfisher_Kingfisher.build/Kingfisher_Kingfisher.DependencyStaticMetadataFileList

WriteAuxiliaryFile /Users/harishvishwakarma/Library/Developer/Xcode/DerivedData/Revolt-dharrjsambcimaaziudpvzjdcigm/Build/Intermediates.noindex/Kingfisher.build/Debug-iphoneos/Kingfisher_Kingfisher.build/Kingfisher_Kingfisher.DependencyMetadataFileList (in target 'Kingfisher_Kingfisher' from project 'Kingfisher')
    cd /Users/harishvishwakarma/Library/Developer/Xcode/DerivedData/Revolt-dharrjsambcimaaziudpvzjdcigm/SourcePackages/checkouts/Kingfisher
    write-file /Users/harishvishwakarma/Library/Developer/Xcode/DerivedData/Revolt-dharrjsambcimaaziudpvzjdcigm/Build/Intermediates.noindex/Kingfisher.build/Debug-iphoneos/Kingfisher_Kingfisher.build/Kingfisher_Kingfisher.DependencyMetadataFileList

WriteAuxiliaryFile /Users/harishvishwakarma/Library/Developer/Xcode/DerivedData/Revolt-dharrjsambcimaaziudpvzjdcigm/Build/Intermediates.noindex/Kingfisher.build/Debug-iphoneos/Kingfisher.build/Objects-normal/arm64/Kingfisher_const_extract_protocols.json (in target 'Kingfisher' from project 'Kingfisher')
    cd /Users/harishvishwakarma/Library/Developer/Xcode/DerivedData/Revolt-dharrjsambcimaaziudpvzjdcigm/SourcePackages/checkouts/Kingfisher
    write-file /Users/harishvishwakarma/Library/Developer/Xcode/DerivedData/Revolt-dharrjsambcimaaziudpvzjdcigm/Build/Intermediates.noindex/Kingfisher.build/Debug-iphoneos/Kingfisher.build/Objects-normal/arm64/Kingfisher_const_extract_protocols.json

WriteAuxiliaryFile /Users/harishvishwakarma/Library/Developer/Xcode/DerivedData/Revolt-dharrjsambcimaaziudpvzjdcigm/Build/Intermediates.noindex/Kingfisher.build/Debug-iphoneos/Kingfisher.build/Objects-normal/arm64/Kingfisher.SwiftFileList (in target 'Kingfisher' from project 'Kingfisher')
    cd /Users/harishvishwakarma/Library/Developer/Xcode/DerivedData/Revolt-dharrjsambcimaaziudpvzjdcigm/SourcePackages/checkouts/Kingfisher
    write-file /Users/harishvishwakarma/Library/Developer/Xcode/DerivedData/Revolt-dharrjsambcimaaziudpvzjdcigm/Build/Intermediates.noindex/Kingfisher.build/Debug-iphoneos/Kingfisher.build/Objects-normal/arm64/Kingfisher.SwiftFileList

WriteAuxiliaryFile /Users/harishvishwakarma/Library/Developer/Xcode/DerivedData/Revolt-dharrjsambcimaaziudpvzjdcigm/Build/Intermediates.noindex/Kingfisher.build/Debug-iphoneos/Kingfisher.build/Objects-normal/arm64/Kingfisher.SwiftConstValuesFileList (in target 'Kingfisher' from project 'Kingfisher')
    cd /Users/harishvishwakarma/Library/Developer/Xcode/DerivedData/Revolt-dharrjsambcimaaziudpvzjdcigm/SourcePackages/checkouts/Kingfisher
    write-file /Users/harishvishwakarma/Library/Developer/Xcode/DerivedData/Revolt-dharrjsambcimaaziudpvzjdcigm/Build/Intermediates.noindex/Kingfisher.build/Debug-iphoneos/Kingfisher.build/Objects-normal/arm64/Kingfisher.SwiftConstValuesFileList

WriteAuxiliaryFile /Users/harishvishwakarma/Library/Developer/Xcode/DerivedData/Revolt-dharrjsambcimaaziudpvzjdcigm/Build/Intermediates.noindex/Kingfisher.build/Debug-iphoneos/Kingfisher.build/Objects-normal/arm64/Kingfisher.LinkFileList (in target 'Kingfisher' from project 'Kingfisher')
    cd /Users/harishvishwakarma/Library/Developer/Xcode/DerivedData/Revolt-dharrjsambcimaaziudpvzjdcigm/SourcePackages/checkouts/Kingfisher
    write-file /Users/harishvishwakarma/Library/Developer/Xcode/DerivedData/Revolt-dharrjsambcimaaziudpvzjdcigm/Build/Intermediates.noindex/Kingfisher.build/Debug-iphoneos/Kingfisher.build/Objects-normal/arm64/Kingfisher.LinkFileList

WriteAuxiliaryFile /Users/harishvishwakarma/Library/Developer/Xcode/DerivedData/Revolt-dharrjsambcimaaziudpvzjdcigm/Build/Intermediates.noindex/Kingfisher.build/Debug-iphoneos/Kingfisher.build/Objects-normal/arm64/Kingfisher-OutputFileMap.json (in target 'Kingfisher' from project 'Kingfisher')
    cd /Users/harishvishwakarma/Library/Developer/Xcode/DerivedData/Revolt-dharrjsambcimaaziudpvzjdcigm/SourcePackages/checkouts/Kingfisher
    write-file /Users/harishvishwakarma/Library/Developer/Xcode/DerivedData/Revolt-dharrjsambcimaaziudpvzjdcigm/Build/Intermediates.noindex/Kingfisher.build/Debug-iphoneos/Kingfisher.build/Objects-normal/arm64/Kingfisher-OutputFileMap.json

Copy /Users/harishvishwakarma/Library/Developer/Xcode/DerivedData/Revolt-dharrjsambcimaaziudpvzjdcigm/Build/Intermediates.noindex/GeneratedModuleMaps-iphoneos/MarkdownKit.modulemap /Users/harishvishwakarma/Library/Developer/Xcode/DerivedData/Revolt-dharrjsambcimaaziudpvzjdcigm/Build/Intermediates.noindex/MarkdownKit.build/Debug-iphoneos/MarkdownKit.build/MarkdownKit.modulemap (in target 'MarkdownKit' from project 'MarkdownKit')
    cd /Users/harishvishwakarma/Library/Developer/Xcode/DerivedData/Revolt-dharrjsambcimaaziudpvzjdcigm/SourcePackages/checkouts/MarkdownKit
    builtin-copy -exclude .DS_Store -exclude CVS -exclude .svn -exclude .git -exclude .hg -resolve-src-symlinks /Users/harishvishwakarma/Library/Developer/Xcode/DerivedData/Revolt-dharrjsambcimaaziudpvzjdcigm/Build/Intermediates.noindex/MarkdownKit.build/Debug-iphoneos/MarkdownKit.build/MarkdownKit.modulemap /Users/harishvishwakarma/Library/Developer/Xcode/DerivedData/Revolt-dharrjsambcimaaziudpvzjdcigm/Build/Intermediates.noindex/GeneratedModuleMaps-iphoneos

WriteAuxiliaryFile /Users/harishvishwakarma/Library/Developer/Xcode/DerivedData/Revolt-dharrjsambcimaaziudpvzjdcigm/Build/Intermediates.noindex/Kingfisher.build/Debug-iphoneos/Kingfisher.build/Kingfisher.modulemap (in target 'Kingfisher' from project 'Kingfisher')
    cd /Users/harishvishwakarma/Library/Developer/Xcode/DerivedData/Revolt-dharrjsambcimaaziudpvzjdcigm/SourcePackages/checkouts/Kingfisher
    write-file /Users/harishvishwakarma/Library/Developer/Xcode/DerivedData/Revolt-dharrjsambcimaaziudpvzjdcigm/Build/Intermediates.noindex/Kingfisher.build/Debug-iphoneos/Kingfisher.build/Kingfisher.modulemap

WriteAuxiliaryFile /Users/harishvishwakarma/Library/Developer/Xcode/DerivedData/Revolt-dharrjsambcimaaziudpvzjdcigm/Build/Intermediates.noindex/Kingfisher.build/Debug-iphoneos/Kingfisher.build/Kingfisher.DependencyStaticMetadataFileList (in target 'Kingfisher' from project 'Kingfisher')
    cd /Users/harishvishwakarma/Library/Developer/Xcode/DerivedData/Revolt-dharrjsambcimaaziudpvzjdcigm/SourcePackages/checkouts/Kingfisher
    write-file /Users/harishvishwakarma/Library/Developer/Xcode/DerivedData/Revolt-dharrjsambcimaaziudpvzjdcigm/Build/Intermediates.noindex/Kingfisher.build/Debug-iphoneos/Kingfisher.build/Kingfisher.DependencyStaticMetadataFileList

WriteAuxiliaryFile /Users/harishvishwakarma/Library/Developer/Xcode/DerivedData/Revolt-dharrjsambcimaaziudpvzjdcigm/Build/Intermediates.noindex/Kingfisher.build/Debug-iphoneos/Kingfisher.build/Kingfisher.DependencyMetadataFileList (in target 'Kingfisher' from project 'Kingfisher')
    cd /Users/harishvishwakarma/Library/Developer/Xcode/DerivedData/Revolt-dharrjsambcimaaziudpvzjdcigm/SourcePackages/checkouts/Kingfisher
    write-file /Users/harishvishwakarma/Library/Developer/Xcode/DerivedData/Revolt-dharrjsambcimaaziudpvzjdcigm/Build/Intermediates.noindex/Kingfisher.build/Debug-iphoneos/Kingfisher.build/Kingfisher.DependencyMetadataFileList

WriteAuxiliaryFile /Users/harishvishwakarma/Library/Developer/Xcode/DerivedData/Revolt-dharrjsambcimaaziudpvzjdcigm/Build/Intermediates.noindex/Kingfisher.build/Debug-iphoneos/Kingfisher.build/DerivedSources/resource_bundle_accessor.swift (in target 'Kingfisher' from project 'Kingfisher')
    cd /Users/harishvishwakarma/Library/Developer/Xcode/DerivedData/Revolt-dharrjsambcimaaziudpvzjdcigm/SourcePackages/checkouts/Kingfisher
    write-file /Users/harishvishwakarma/Library/Developer/Xcode/DerivedData/Revolt-dharrjsambcimaaziudpvzjdcigm/Build/Intermediates.noindex/Kingfisher.build/Debug-iphoneos/Kingfisher.build/DerivedSources/resource_bundle_accessor.swift

WriteAuxiliaryFile /Users/harishvishwakarma/Library/Developer/Xcode/DerivedData/Revolt-dharrjsambcimaaziudpvzjdcigm/Build/Intermediates.noindex/KeychainAccess.build/Debug-iphoneos/KeychainAccess.build/Objects-normal/arm64/KeychainAccess_const_extract_protocols.json (in target 'KeychainAccess' from project 'KeychainAccess')
    cd /Users/harishvishwakarma/Library/Developer/Xcode/DerivedData/Revolt-dharrjsambcimaaziudpvzjdcigm/SourcePackages/checkouts/KeychainAccess
    write-file /Users/harishvishwakarma/Library/Developer/Xcode/DerivedData/Revolt-dharrjsambcimaaziudpvzjdcigm/Build/Intermediates.noindex/KeychainAccess.build/Debug-iphoneos/KeychainAccess.build/Objects-normal/arm64/KeychainAccess_const_extract_protocols.json

WriteAuxiliaryFile /Users/harishvishwakarma/Library/Developer/Xcode/DerivedData/Revolt-dharrjsambcimaaziudpvzjdcigm/Build/Intermediates.noindex/KeychainAccess.build/Debug-iphoneos/KeychainAccess.build/Objects-normal/arm64/KeychainAccess.SwiftFileList (in target 'KeychainAccess' from project 'KeychainAccess')
    cd /Users/harishvishwakarma/Library/Developer/Xcode/DerivedData/Revolt-dharrjsambcimaaziudpvzjdcigm/SourcePackages/checkouts/KeychainAccess
    write-file /Users/harishvishwakarma/Library/Developer/Xcode/DerivedData/Revolt-dharrjsambcimaaziudpvzjdcigm/Build/Intermediates.noindex/KeychainAccess.build/Debug-iphoneos/KeychainAccess.build/Objects-normal/arm64/KeychainAccess.SwiftFileList

WriteAuxiliaryFile /Users/harishvishwakarma/Library/Developer/Xcode/DerivedData/Revolt-dharrjsambcimaaziudpvzjdcigm/Build/Intermediates.noindex/KeychainAccess.build/Debug-iphoneos/KeychainAccess.build/Objects-normal/arm64/KeychainAccess.SwiftConstValuesFileList (in target 'KeychainAccess' from project 'KeychainAccess')
    cd /Users/harishvishwakarma/Library/Developer/Xcode/DerivedData/Revolt-dharrjsambcimaaziudpvzjdcigm/SourcePackages/checkouts/KeychainAccess
    write-file /Users/harishvishwakarma/Library/Developer/Xcode/DerivedData/Revolt-dharrjsambcimaaziudpvzjdcigm/Build/Intermediates.noindex/KeychainAccess.build/Debug-iphoneos/KeychainAccess.build/Objects-normal/arm64/KeychainAccess.SwiftConstValuesFileList

WriteAuxiliaryFile /Users/harishvishwakarma/Library/Developer/Xcode/DerivedData/Revolt-dharrjsambcimaaziudpvzjdcigm/Build/Intermediates.noindex/KeychainAccess.build/Debug-iphoneos/KeychainAccess.build/Objects-normal/arm64/KeychainAccess.LinkFileList (in target 'KeychainAccess' from project 'KeychainAccess')
    cd /Users/harishvishwakarma/Library/Developer/Xcode/DerivedData/Revolt-dharrjsambcimaaziudpvzjdcigm/SourcePackages/checkouts/KeychainAccess
    write-file /Users/harishvishwakarma/Library/Developer/Xcode/DerivedData/Revolt-dharrjsambcimaaziudpvzjdcigm/Build/Intermediates.noindex/KeychainAccess.build/Debug-iphoneos/KeychainAccess.build/Objects-normal/arm64/KeychainAccess.LinkFileList

WriteAuxiliaryFile /Users/harishvishwakarma/Library/Developer/Xcode/DerivedData/Revolt-dharrjsambcimaaziudpvzjdcigm/Build/Intermediates.noindex/KeychainAccess.build/Debug-iphoneos/KeychainAccess.build/Objects-normal/arm64/KeychainAccess-OutputFileMap.json (in target 'KeychainAccess' from project 'KeychainAccess')
    cd /Users/harishvishwakarma/Library/Developer/Xcode/DerivedData/Revolt-dharrjsambcimaaziudpvzjdcigm/SourcePackages/checkouts/KeychainAccess
    write-file /Users/harishvishwakarma/Library/Developer/Xcode/DerivedData/Revolt-dharrjsambcimaaziudpvzjdcigm/Build/Intermediates.noindex/KeychainAccess.build/Debug-iphoneos/KeychainAccess.build/Objects-normal/arm64/KeychainAccess-OutputFileMap.json

Copy /Users/harishvishwakarma/Library/Developer/Xcode/DerivedData/Revolt-dharrjsambcimaaziudpvzjdcigm/Build/Intermediates.noindex/GeneratedModuleMaps-iphoneos/Kingfisher.modulemap /Users/harishvishwakarma/Library/Developer/Xcode/DerivedData/Revolt-dharrjsambcimaaziudpvzjdcigm/Build/Intermediates.noindex/Kingfisher.build/Debug-iphoneos/Kingfisher.build/Kingfisher.modulemap (in target 'Kingfisher' from project 'Kingfisher')
    cd /Users/harishvishwakarma/Library/Developer/Xcode/DerivedData/Revolt-dharrjsambcimaaziudpvzjdcigm/SourcePackages/checkouts/Kingfisher
    builtin-copy -exclude .DS_Store -exclude CVS -exclude .svn -exclude .git -exclude .hg -resolve-src-symlinks /Users/harishvishwakarma/Library/Developer/Xcode/DerivedData/Revolt-dharrjsambcimaaziudpvzjdcigm/Build/Intermediates.noindex/Kingfisher.build/Debug-iphoneos/Kingfisher.build/Kingfisher.modulemap /Users/harishvishwakarma/Library/Developer/Xcode/DerivedData/Revolt-dharrjsambcimaaziudpvzjdcigm/Build/Intermediates.noindex/GeneratedModuleMaps-iphoneos

WriteAuxiliaryFile /Users/harishvishwakarma/Library/Developer/Xcode/DerivedData/Revolt-dharrjsambcimaaziudpvzjdcigm/Build/Intermediates.noindex/KeychainAccess.build/Debug-iphoneos/KeychainAccess.build/KeychainAccess.modulemap (in target 'KeychainAccess' from project 'KeychainAccess')
    cd /Users/harishvishwakarma/Library/Developer/Xcode/DerivedData/Revolt-dharrjsambcimaaziudpvzjdcigm/SourcePackages/checkouts/KeychainAccess
    write-file /Users/harishvishwakarma/Library/Developer/Xcode/DerivedData/Revolt-dharrjsambcimaaziudpvzjdcigm/Build/Intermediates.noindex/KeychainAccess.build/Debug-iphoneos/KeychainAccess.build/KeychainAccess.modulemap

WriteAuxiliaryFile /Users/harishvishwakarma/Library/Developer/Xcode/DerivedData/Revolt-dharrjsambcimaaziudpvzjdcigm/Build/Intermediates.noindex/KeychainAccess.build/Debug-iphoneos/KeychainAccess.build/KeychainAccess.DependencyStaticMetadataFileList (in target 'KeychainAccess' from project 'KeychainAccess')
    cd /Users/harishvishwakarma/Library/Developer/Xcode/DerivedData/Revolt-dharrjsambcimaaziudpvzjdcigm/SourcePackages/checkouts/KeychainAccess
    write-file /Users/harishvishwakarma/Library/Developer/Xcode/DerivedData/Revolt-dharrjsambcimaaziudpvzjdcigm/Build/Intermediates.noindex/KeychainAccess.build/Debug-iphoneos/KeychainAccess.build/KeychainAccess.DependencyStaticMetadataFileList

WriteAuxiliaryFile /Users/harishvishwakarma/Library/Developer/Xcode/DerivedData/Revolt-dharrjsambcimaaziudpvzjdcigm/Build/Intermediates.noindex/KeychainAccess.build/Debug-iphoneos/KeychainAccess.build/KeychainAccess.DependencyMetadataFileList (in target 'KeychainAccess' from project 'KeychainAccess')
    cd /Users/harishvishwakarma/Library/Developer/Xcode/DerivedData/Revolt-dharrjsambcimaaziudpvzjdcigm/SourcePackages/checkouts/KeychainAccess
    write-file /Users/harishvishwakarma/Library/Developer/Xcode/DerivedData/Revolt-dharrjsambcimaaziudpvzjdcigm/Build/Intermediates.noindex/KeychainAccess.build/Debug-iphoneos/KeychainAccess.build/KeychainAccess.DependencyMetadataFileList

WriteAuxiliaryFile /Users/harishvishwakarma/Library/Developer/Xcode/DerivedData/Revolt-dharrjsambcimaaziudpvzjdcigm/Build/Intermediates.noindex/xctest-dynamic-overlay.build/Debug-iphoneos/IssueReporting.build/Objects-normal/arm64/IssueReporting.SwiftFileList (in target 'IssueReporting' from project 'xctest-dynamic-overlay')
    cd /Users/harishvishwakarma/Library/Developer/Xcode/DerivedData/Revolt-dharrjsambcimaaziudpvzjdcigm/SourcePackages/checkouts/xctest-dynamic-overlay
    write-file /Users/harishvishwakarma/Library/Developer/Xcode/DerivedData/Revolt-dharrjsambcimaaziudpvzjdcigm/Build/Intermediates.noindex/xctest-dynamic-overlay.build/Debug-iphoneos/IssueReporting.build/Objects-normal/arm64/IssueReporting.SwiftFileList

WriteAuxiliaryFile /Users/harishvishwakarma/Library/Developer/Xcode/DerivedData/Revolt-dharrjsambcimaaziudpvzjdcigm/Build/Intermediates.noindex/xctest-dynamic-overlay.build/Debug-iphoneos/IssueReporting.build/Objects-normal/arm64/IssueReporting_const_extract_protocols.json (in target 'IssueReporting' from project 'xctest-dynamic-overlay')
    cd /Users/harishvishwakarma/Library/Developer/Xcode/DerivedData/Revolt-dharrjsambcimaaziudpvzjdcigm/SourcePackages/checkouts/xctest-dynamic-overlay
    write-file /Users/harishvishwakarma/Library/Developer/Xcode/DerivedData/Revolt-dharrjsambcimaaziudpvzjdcigm/Build/Intermediates.noindex/xctest-dynamic-overlay.build/Debug-iphoneos/IssueReporting.build/Objects-normal/arm64/IssueReporting_const_extract_protocols.json

WriteAuxiliaryFile /Users/harishvishwakarma/Library/Developer/Xcode/DerivedData/Revolt-dharrjsambcimaaziudpvzjdcigm/Build/Intermediates.noindex/xctest-dynamic-overlay.build/Debug-iphoneos/IssueReporting.build/Objects-normal/arm64/IssueReporting.SwiftConstValuesFileList (in target 'IssueReporting' from project 'xctest-dynamic-overlay')
    cd /Users/harishvishwakarma/Library/Developer/Xcode/DerivedData/Revolt-dharrjsambcimaaziudpvzjdcigm/SourcePackages/checkouts/xctest-dynamic-overlay
    write-file /Users/harishvishwakarma/Library/Developer/Xcode/DerivedData/Revolt-dharrjsambcimaaziudpvzjdcigm/Build/Intermediates.noindex/xctest-dynamic-overlay.build/Debug-iphoneos/IssueReporting.build/Objects-normal/arm64/IssueReporting.SwiftConstValuesFileList

WriteAuxiliaryFile /Users/harishvishwakarma/Library/Developer/Xcode/DerivedData/Revolt-dharrjsambcimaaziudpvzjdcigm/Build/Intermediates.noindex/xctest-dynamic-overlay.build/Debug-iphoneos/IssueReporting.build/Objects-normal/arm64/IssueReporting.LinkFileList (in target 'IssueReporting' from project 'xctest-dynamic-overlay')
    cd /Users/harishvishwakarma/Library/Developer/Xcode/DerivedData/Revolt-dharrjsambcimaaziudpvzjdcigm/SourcePackages/checkouts/xctest-dynamic-overlay
    write-file /Users/harishvishwakarma/Library/Developer/Xcode/DerivedData/Revolt-dharrjsambcimaaziudpvzjdcigm/Build/Intermediates.noindex/xctest-dynamic-overlay.build/Debug-iphoneos/IssueReporting.build/Objects-normal/arm64/IssueReporting.LinkFileList

WriteAuxiliaryFile /Users/harishvishwakarma/Library/Developer/Xcode/DerivedData/Revolt-dharrjsambcimaaziudpvzjdcigm/Build/Intermediates.noindex/xctest-dynamic-overlay.build/Debug-iphoneos/IssueReporting.build/Objects-normal/arm64/IssueReporting-OutputFileMap.json (in target 'IssueReporting' from project 'xctest-dynamic-overlay')
    cd /Users/harishvishwakarma/Library/Developer/Xcode/DerivedData/Revolt-dharrjsambcimaaziudpvzjdcigm/SourcePackages/checkouts/xctest-dynamic-overlay
    write-file /Users/harishvishwakarma/Library/Developer/Xcode/DerivedData/Revolt-dharrjsambcimaaziudpvzjdcigm/Build/Intermediates.noindex/xctest-dynamic-overlay.build/Debug-iphoneos/IssueReporting.build/Objects-normal/arm64/IssueReporting-OutputFileMap.json

WriteAuxiliaryFile /Users/harishvishwakarma/Library/Developer/Xcode/DerivedData/Revolt-dharrjsambcimaaziudpvzjdcigm/Build/Intermediates.noindex/xctest-dynamic-overlay.build/Debug-iphoneos/IssueReporting.build/IssueReporting.modulemap (in target 'IssueReporting' from project 'xctest-dynamic-overlay')
    cd /Users/harishvishwakarma/Library/Developer/Xcode/DerivedData/Revolt-dharrjsambcimaaziudpvzjdcigm/SourcePackages/checkouts/xctest-dynamic-overlay
    write-file /Users/harishvishwakarma/Library/Developer/Xcode/DerivedData/Revolt-dharrjsambcimaaziudpvzjdcigm/Build/Intermediates.noindex/xctest-dynamic-overlay.build/Debug-iphoneos/IssueReporting.build/IssueReporting.modulemap

Copy /Users/harishvishwakarma/Library/Developer/Xcode/DerivedData/Revolt-dharrjsambcimaaziudpvzjdcigm/Build/Intermediates.noindex/GeneratedModuleMaps-iphoneos/KeychainAccess.modulemap /Users/harishvishwakarma/Library/Developer/Xcode/DerivedData/Revolt-dharrjsambcimaaziudpvzjdcigm/Build/Intermediates.noindex/KeychainAccess.build/Debug-iphoneos/KeychainAccess.build/KeychainAccess.modulemap (in target 'KeychainAccess' from project 'KeychainAccess')
    cd /Users/harishvishwakarma/Library/Developer/Xcode/DerivedData/Revolt-dharrjsambcimaaziudpvzjdcigm/SourcePackages/checkouts/KeychainAccess
    builtin-copy -exclude .DS_Store -exclude CVS -exclude .svn -exclude .git -exclude .hg -resolve-src-symlinks /Users/harishvishwakarma/Library/Developer/Xcode/DerivedData/Revolt-dharrjsambcimaaziudpvzjdcigm/Build/Intermediates.noindex/KeychainAccess.build/Debug-iphoneos/KeychainAccess.build/KeychainAccess.modulemap /Users/harishvishwakarma/Library/Developer/Xcode/DerivedData/Revolt-dharrjsambcimaaziudpvzjdcigm/Build/Intermediates.noindex/GeneratedModuleMaps-iphoneos

WriteAuxiliaryFile /Users/harishvishwakarma/Library/Developer/Xcode/DerivedData/Revolt-dharrjsambcimaaziudpvzjdcigm/Build/Intermediates.noindex/xctest-dynamic-overlay.build/Debug-iphoneos/IssueReporting.build/IssueReporting.DependencyStaticMetadataFileList (in target 'IssueReporting' from project 'xctest-dynamic-overlay')
    cd /Users/harishvishwakarma/Library/Developer/Xcode/DerivedData/Revolt-dharrjsambcimaaziudpvzjdcigm/SourcePackages/checkouts/xctest-dynamic-overlay
    write-file /Users/harishvishwakarma/Library/Developer/Xcode/DerivedData/Revolt-dharrjsambcimaaziudpvzjdcigm/Build/Intermediates.noindex/xctest-dynamic-overlay.build/Debug-iphoneos/IssueReporting.build/IssueReporting.DependencyStaticMetadataFileList

WriteAuxiliaryFile /Users/harishvishwakarma/Library/Developer/Xcode/DerivedData/Revolt-dharrjsambcimaaziudpvzjdcigm/Build/Intermediates.noindex/xctest-dynamic-overlay.build/Debug-iphoneos/IssueReporting.build/IssueReporting.DependencyMetadataFileList (in target 'IssueReporting' from project 'xctest-dynamic-overlay')
    cd /Users/harishvishwakarma/Library/Developer/Xcode/DerivedData/Revolt-dharrjsambcimaaziudpvzjdcigm/SourcePackages/checkouts/xctest-dynamic-overlay
    write-file /Users/harishvishwakarma/Library/Developer/Xcode/DerivedData/Revolt-dharrjsambcimaaziudpvzjdcigm/Build/Intermediates.noindex/xctest-dynamic-overlay.build/Debug-iphoneos/IssueReporting.build/IssueReporting.DependencyMetadataFileList

WriteAuxiliaryFile /Users/harishvishwakarma/Library/Developer/Xcode/DerivedData/Revolt-dharrjsambcimaaziudpvzjdcigm/Build/Intermediates.noindex/swift-collections.build/Debug-iphoneos/InternalCollectionsUtilities.build/Objects-normal/arm64/InternalCollectionsUtilities_const_extract_protocols.json (in target 'InternalCollectionsUtilities' from project 'swift-collections')
    cd /Users/harishvishwakarma/Library/Developer/Xcode/DerivedData/Revolt-dharrjsambcimaaziudpvzjdcigm/SourcePackages/checkouts/swift-collections
    write-file /Users/harishvishwakarma/Library/Developer/Xcode/DerivedData/Revolt-dharrjsambcimaaziudpvzjdcigm/Build/Intermediates.noindex/swift-collections.build/Debug-iphoneos/InternalCollectionsUtilities.build/Objects-normal/arm64/InternalCollectionsUtilities_const_extract_protocols.json

WriteAuxiliaryFile /Users/harishvishwakarma/Library/Developer/Xcode/DerivedData/Revolt-dharrjsambcimaaziudpvzjdcigm/Build/Intermediates.noindex/swift-collections.build/Debug-iphoneos/InternalCollectionsUtilities.build/Objects-normal/arm64/InternalCollectionsUtilities.SwiftFileList (in target 'InternalCollectionsUtilities' from project 'swift-collections')
    cd /Users/harishvishwakarma/Library/Developer/Xcode/DerivedData/Revolt-dharrjsambcimaaziudpvzjdcigm/SourcePackages/checkouts/swift-collections
    write-file /Users/harishvishwakarma/Library/Developer/Xcode/DerivedData/Revolt-dharrjsambcimaaziudpvzjdcigm/Build/Intermediates.noindex/swift-collections.build/Debug-iphoneos/InternalCollectionsUtilities.build/Objects-normal/arm64/InternalCollectionsUtilities.SwiftFileList

WriteAuxiliaryFile /Users/harishvishwakarma/Library/Developer/Xcode/DerivedData/Revolt-dharrjsambcimaaziudpvzjdcigm/Build/Intermediates.noindex/swift-collections.build/Debug-iphoneos/InternalCollectionsUtilities.build/Objects-normal/arm64/InternalCollectionsUtilities.SwiftConstValuesFileList (in target 'InternalCollectionsUtilities' from project 'swift-collections')
    cd /Users/harishvishwakarma/Library/Developer/Xcode/DerivedData/Revolt-dharrjsambcimaaziudpvzjdcigm/SourcePackages/checkouts/swift-collections
    write-file /Users/harishvishwakarma/Library/Developer/Xcode/DerivedData/Revolt-dharrjsambcimaaziudpvzjdcigm/Build/Intermediates.noindex/swift-collections.build/Debug-iphoneos/InternalCollectionsUtilities.build/Objects-normal/arm64/InternalCollectionsUtilities.SwiftConstValuesFileList

WriteAuxiliaryFile /Users/harishvishwakarma/Library/Developer/Xcode/DerivedData/Revolt-dharrjsambcimaaziudpvzjdcigm/Build/Intermediates.noindex/swift-collections.build/Debug-iphoneos/InternalCollectionsUtilities.build/Objects-normal/arm64/InternalCollectionsUtilities.LinkFileList (in target 'InternalCollectionsUtilities' from project 'swift-collections')
    cd /Users/harishvishwakarma/Library/Developer/Xcode/DerivedData/Revolt-dharrjsambcimaaziudpvzjdcigm/SourcePackages/checkouts/swift-collections
    write-file /Users/harishvishwakarma/Library/Developer/Xcode/DerivedData/Revolt-dharrjsambcimaaziudpvzjdcigm/Build/Intermediates.noindex/swift-collections.build/Debug-iphoneos/InternalCollectionsUtilities.build/Objects-normal/arm64/InternalCollectionsUtilities.LinkFileList

WriteAuxiliaryFile /Users/harishvishwakarma/Library/Developer/Xcode/DerivedData/Revolt-dharrjsambcimaaziudpvzjdcigm/Build/Intermediates.noindex/swift-collections.build/Debug-iphoneos/InternalCollectionsUtilities.build/Objects-normal/arm64/InternalCollectionsUtilities-OutputFileMap.json (in target 'InternalCollectionsUtilities' from project 'swift-collections')
    cd /Users/harishvishwakarma/Library/Developer/Xcode/DerivedData/Revolt-dharrjsambcimaaziudpvzjdcigm/SourcePackages/checkouts/swift-collections
    write-file /Users/harishvishwakarma/Library/Developer/Xcode/DerivedData/Revolt-dharrjsambcimaaziudpvzjdcigm/Build/Intermediates.noindex/swift-collections.build/Debug-iphoneos/InternalCollectionsUtilities.build/Objects-normal/arm64/InternalCollectionsUtilities-OutputFileMap.json

WriteAuxiliaryFile /Users/harishvishwakarma/Library/Developer/Xcode/DerivedData/Revolt-dharrjsambcimaaziudpvzjdcigm/Build/Intermediates.noindex/swift-collections.build/Debug-iphoneos/InternalCollectionsUtilities.build/InternalCollectionsUtilities.modulemap (in target 'InternalCollectionsUtilities' from project 'swift-collections')
    cd /Users/harishvishwakarma/Library/Developer/Xcode/DerivedData/Revolt-dharrjsambcimaaziudpvzjdcigm/SourcePackages/checkouts/swift-collections
    write-file /Users/harishvishwakarma/Library/Developer/Xcode/DerivedData/Revolt-dharrjsambcimaaziudpvzjdcigm/Build/Intermediates.noindex/swift-collections.build/Debug-iphoneos/InternalCollectionsUtilities.build/InternalCollectionsUtilities.modulemap

WriteAuxiliaryFile /Users/harishvishwakarma/Library/Developer/Xcode/DerivedData/Revolt-dharrjsambcimaaziudpvzjdcigm/Build/Intermediates.noindex/swift-collections.build/Debug-iphoneos/InternalCollectionsUtilities.build/InternalCollectionsUtilities.DependencyStaticMetadataFileList (in target 'InternalCollectionsUtilities' from project 'swift-collections')
    cd /Users/harishvishwakarma/Library/Developer/Xcode/DerivedData/Revolt-dharrjsambcimaaziudpvzjdcigm/SourcePackages/checkouts/swift-collections
    write-file /Users/harishvishwakarma/Library/Developer/Xcode/DerivedData/Revolt-dharrjsambcimaaziudpvzjdcigm/Build/Intermediates.noindex/swift-collections.build/Debug-iphoneos/InternalCollectionsUtilities.build/InternalCollectionsUtilities.DependencyStaticMetadataFileList

Copy /Users/harishvishwakarma/Library/Developer/Xcode/DerivedData/Revolt-dharrjsambcimaaziudpvzjdcigm/Build/Intermediates.noindex/GeneratedModuleMaps-iphoneos/IssueReporting.modulemap /Users/harishvishwakarma/Library/Developer/Xcode/DerivedData/Revolt-dharrjsambcimaaziudpvzjdcigm/Build/Intermediates.noindex/xctest-dynamic-overlay.build/Debug-iphoneos/IssueReporting.build/IssueReporting.modulemap (in target 'IssueReporting' from project 'xctest-dynamic-overlay')
    cd /Users/harishvishwakarma/Library/Developer/Xcode/DerivedData/Revolt-dharrjsambcimaaziudpvzjdcigm/SourcePackages/checkouts/xctest-dynamic-overlay
    builtin-copy -exclude .DS_Store -exclude CVS -exclude .svn -exclude .git -exclude .hg -resolve-src-symlinks /Users/harishvishwakarma/Library/Developer/Xcode/DerivedData/Revolt-dharrjsambcimaaziudpvzjdcigm/Build/Intermediates.noindex/xctest-dynamic-overlay.build/Debug-iphoneos/IssueReporting.build/IssueReporting.modulemap /Users/harishvishwakarma/Library/Developer/Xcode/DerivedData/Revolt-dharrjsambcimaaziudpvzjdcigm/Build/Intermediates.noindex/GeneratedModuleMaps-iphoneos

WriteAuxiliaryFile /Users/harishvishwakarma/Library/Developer/Xcode/DerivedData/Revolt-dharrjsambcimaaziudpvzjdcigm/Build/Intermediates.noindex/swift-collections.build/Debug-iphoneos/InternalCollectionsUtilities.build/InternalCollectionsUtilities.DependencyMetadataFileList (in target 'InternalCollectionsUtilities' from project 'swift-collections')
    cd /Users/harishvishwakarma/Library/Developer/Xcode/DerivedData/Revolt-dharrjsambcimaaziudpvzjdcigm/SourcePackages/checkouts/swift-collections
    write-file /Users/harishvishwakarma/Library/Developer/Xcode/DerivedData/Revolt-dharrjsambcimaaziudpvzjdcigm/Build/Intermediates.noindex/swift-collections.build/Debug-iphoneos/InternalCollectionsUtilities.build/InternalCollectionsUtilities.DependencyMetadataFileList

WriteAuxiliaryFile /Users/harishvishwakarma/Library/Developer/Xcode/DerivedData/Revolt-dharrjsambcimaaziudpvzjdcigm/Build/Intermediates.noindex/Highlightr.build/Debug-iphoneos/Highlightr_Highlightr.build/Highlightr_Highlightr.DependencyStaticMetadataFileList (in target 'Highlightr_Highlightr' from project 'Highlightr')
    cd /Users/harishvishwakarma/Library/Developer/Xcode/DerivedData/Revolt-dharrjsambcimaaziudpvzjdcigm/SourcePackages/checkouts/Highlightr
    write-file /Users/harishvishwakarma/Library/Developer/Xcode/DerivedData/Revolt-dharrjsambcimaaziudpvzjdcigm/Build/Intermediates.noindex/Highlightr.build/Debug-iphoneos/Highlightr_Highlightr.build/Highlightr_Highlightr.DependencyStaticMetadataFileList

WriteAuxiliaryFile /Users/harishvishwakarma/Library/Developer/Xcode/DerivedData/Revolt-dharrjsambcimaaziudpvzjdcigm/Build/Intermediates.noindex/Highlightr.build/Debug-iphoneos/Highlightr_Highlightr.build/empty-Highlightr_Highlightr.plist (in target 'Highlightr_Highlightr' from project 'Highlightr')
    cd /Users/harishvishwakarma/Library/Developer/Xcode/DerivedData/Revolt-dharrjsambcimaaziudpvzjdcigm/SourcePackages/checkouts/Highlightr
    write-file /Users/harishvishwakarma/Library/Developer/Xcode/DerivedData/Revolt-dharrjsambcimaaziudpvzjdcigm/Build/Intermediates.noindex/Highlightr.build/Debug-iphoneos/Highlightr_Highlightr.build/empty-Highlightr_Highlightr.plist

WriteAuxiliaryFile /Users/harishvishwakarma/Library/Developer/Xcode/DerivedData/Revolt-dharrjsambcimaaziudpvzjdcigm/Build/Intermediates.noindex/Highlightr.build/Debug-iphoneos/Highlightr_Highlightr.build/Highlightr_Highlightr.DependencyMetadataFileList (in target 'Highlightr_Highlightr' from project 'Highlightr')
    cd /Users/harishvishwakarma/Library/Developer/Xcode/DerivedData/Revolt-dharrjsambcimaaziudpvzjdcigm/SourcePackages/checkouts/Highlightr
    write-file /Users/harishvishwakarma/Library/Developer/Xcode/DerivedData/Revolt-dharrjsambcimaaziudpvzjdcigm/Build/Intermediates.noindex/Highlightr.build/Debug-iphoneos/Highlightr_Highlightr.build/Highlightr_Highlightr.DependencyMetadataFileList

WriteAuxiliaryFile /Users/harishvishwakarma/Library/Developer/Xcode/DerivedData/Revolt-dharrjsambcimaaziudpvzjdcigm/Build/Intermediates.noindex/Highlightr.build/Debug-iphoneos/Highlightr.build/Objects-normal/arm64/Highlightr_const_extract_protocols.json (in target 'Highlightr' from project 'Highlightr')
    cd /Users/harishvishwakarma/Library/Developer/Xcode/DerivedData/Revolt-dharrjsambcimaaziudpvzjdcigm/SourcePackages/checkouts/Highlightr
    write-file /Users/harishvishwakarma/Library/Developer/Xcode/DerivedData/Revolt-dharrjsambcimaaziudpvzjdcigm/Build/Intermediates.noindex/Highlightr.build/Debug-iphoneos/Highlightr.build/Objects-normal/arm64/Highlightr_const_extract_protocols.json

WriteAuxiliaryFile /Users/harishvishwakarma/Library/Developer/Xcode/DerivedData/Revolt-dharrjsambcimaaziudpvzjdcigm/Build/Intermediates.noindex/Highlightr.build/Debug-iphoneos/Highlightr.build/Objects-normal/arm64/Highlightr.SwiftFileList (in target 'Highlightr' from project 'Highlightr')
    cd /Users/harishvishwakarma/Library/Developer/Xcode/DerivedData/Revolt-dharrjsambcimaaziudpvzjdcigm/SourcePackages/checkouts/Highlightr
    write-file /Users/harishvishwakarma/Library/Developer/Xcode/DerivedData/Revolt-dharrjsambcimaaziudpvzjdcigm/Build/Intermediates.noindex/Highlightr.build/Debug-iphoneos/Highlightr.build/Objects-normal/arm64/Highlightr.SwiftFileList

WriteAuxiliaryFile /Users/harishvishwakarma/Library/Developer/Xcode/DerivedData/Revolt-dharrjsambcimaaziudpvzjdcigm/Build/Intermediates.noindex/Highlightr.build/Debug-iphoneos/Highlightr.build/Objects-normal/arm64/Highlightr.SwiftConstValuesFileList (in target 'Highlightr' from project 'Highlightr')
    cd /Users/harishvishwakarma/Library/Developer/Xcode/DerivedData/Revolt-dharrjsambcimaaziudpvzjdcigm/SourcePackages/checkouts/Highlightr
    write-file /Users/harishvishwakarma/Library/Developer/Xcode/DerivedData/Revolt-dharrjsambcimaaziudpvzjdcigm/Build/Intermediates.noindex/Highlightr.build/Debug-iphoneos/Highlightr.build/Objects-normal/arm64/Highlightr.SwiftConstValuesFileList

WriteAuxiliaryFile /Users/harishvishwakarma/Library/Developer/Xcode/DerivedData/Revolt-dharrjsambcimaaziudpvzjdcigm/Build/Intermediates.noindex/Highlightr.build/Debug-iphoneos/Highlightr.build/Objects-normal/arm64/Highlightr.LinkFileList (in target 'Highlightr' from project 'Highlightr')
    cd /Users/harishvishwakarma/Library/Developer/Xcode/DerivedData/Revolt-dharrjsambcimaaziudpvzjdcigm/SourcePackages/checkouts/Highlightr
    write-file /Users/harishvishwakarma/Library/Developer/Xcode/DerivedData/Revolt-dharrjsambcimaaziudpvzjdcigm/Build/Intermediates.noindex/Highlightr.build/Debug-iphoneos/Highlightr.build/Objects-normal/arm64/Highlightr.LinkFileList

Copy /Users/harishvishwakarma/Library/Developer/Xcode/DerivedData/Revolt-dharrjsambcimaaziudpvzjdcigm/Build/Intermediates.noindex/GeneratedModuleMaps-iphoneos/InternalCollectionsUtilities.modulemap /Users/harishvishwakarma/Library/Developer/Xcode/DerivedData/Revolt-dharrjsambcimaaziudpvzjdcigm/Build/Intermediates.noindex/swift-collections.build/Debug-iphoneos/InternalCollectionsUtilities.build/InternalCollectionsUtilities.modulemap (in target 'InternalCollectionsUtilities' from project 'swift-collections')
    cd /Users/harishvishwakarma/Library/Developer/Xcode/DerivedData/Revolt-dharrjsambcimaaziudpvzjdcigm/SourcePackages/checkouts/swift-collections
    builtin-copy -exclude .DS_Store -exclude CVS -exclude .svn -exclude .git -exclude .hg -resolve-src-symlinks /Users/harishvishwakarma/Library/Developer/Xcode/DerivedData/Revolt-dharrjsambcimaaziudpvzjdcigm/Build/Intermediates.noindex/swift-collections.build/Debug-iphoneos/InternalCollectionsUtilities.build/InternalCollectionsUtilities.modulemap /Users/harishvishwakarma/Library/Developer/Xcode/DerivedData/Revolt-dharrjsambcimaaziudpvzjdcigm/Build/Intermediates.noindex/GeneratedModuleMaps-iphoneos

WriteAuxiliaryFile /Users/harishvishwakarma/Library/Developer/Xcode/DerivedData/Revolt-dharrjsambcimaaziudpvzjdcigm/Build/Intermediates.noindex/Highlightr.build/Debug-iphoneos/Highlightr.build/Objects-normal/arm64/Highlightr-OutputFileMap.json (in target 'Highlightr' from project 'Highlightr')
    cd /Users/harishvishwakarma/Library/Developer/Xcode/DerivedData/Revolt-dharrjsambcimaaziudpvzjdcigm/SourcePackages/checkouts/Highlightr
    write-file /Users/harishvishwakarma/Library/Developer/Xcode/DerivedData/Revolt-dharrjsambcimaaziudpvzjdcigm/Build/Intermediates.noindex/Highlightr.build/Debug-iphoneos/Highlightr.build/Objects-normal/arm64/Highlightr-OutputFileMap.json

WriteAuxiliaryFile /Users/harishvishwakarma/Library/Developer/Xcode/DerivedData/Revolt-dharrjsambcimaaziudpvzjdcigm/Build/Intermediates.noindex/Highlightr.build/Debug-iphoneos/Highlightr.build/Highlightr.modulemap (in target 'Highlightr' from project 'Highlightr')
    cd /Users/harishvishwakarma/Library/Developer/Xcode/DerivedData/Revolt-dharrjsambcimaaziudpvzjdcigm/SourcePackages/checkouts/Highlightr
    write-file /Users/harishvishwakarma/Library/Developer/Xcode/DerivedData/Revolt-dharrjsambcimaaziudpvzjdcigm/Build/Intermediates.noindex/Highlightr.build/Debug-iphoneos/Highlightr.build/Highlightr.modulemap

WriteAuxiliaryFile /Users/harishvishwakarma/Library/Developer/Xcode/DerivedData/Revolt-dharrjsambcimaaziudpvzjdcigm/Build/Intermediates.noindex/Highlightr.build/Debug-iphoneos/Highlightr.build/Highlightr.DependencyStaticMetadataFileList (in target 'Highlightr' from project 'Highlightr')
    cd /Users/harishvishwakarma/Library/Developer/Xcode/DerivedData/Revolt-dharrjsambcimaaziudpvzjdcigm/SourcePackages/checkouts/Highlightr
    write-file /Users/harishvishwakarma/Library/Developer/Xcode/DerivedData/Revolt-dharrjsambcimaaziudpvzjdcigm/Build/Intermediates.noindex/Highlightr.build/Debug-iphoneos/Highlightr.build/Highlightr.DependencyStaticMetadataFileList

WriteAuxiliaryFile /Users/harishvishwakarma/Library/Developer/Xcode/DerivedData/Revolt-dharrjsambcimaaziudpvzjdcigm/Build/Intermediates.noindex/Highlightr.build/Debug-iphoneos/Highlightr.build/Highlightr.DependencyMetadataFileList (in target 'Highlightr' from project 'Highlightr')
    cd /Users/harishvishwakarma/Library/Developer/Xcode/DerivedData/Revolt-dharrjsambcimaaziudpvzjdcigm/SourcePackages/checkouts/Highlightr
    write-file /Users/harishvishwakarma/Library/Developer/Xcode/DerivedData/Revolt-dharrjsambcimaaziudpvzjdcigm/Build/Intermediates.noindex/Highlightr.build/Debug-iphoneos/Highlightr.build/Highlightr.DependencyMetadataFileList

WriteAuxiliaryFile /Users/harishvishwakarma/Library/Developer/Xcode/DerivedData/Revolt-dharrjsambcimaaziudpvzjdcigm/Build/Intermediates.noindex/Highlightr.build/Debug-iphoneos/Highlightr.build/DerivedSources/resource_bundle_accessor.swift (in target 'Highlightr' from project 'Highlightr')
    cd /Users/harishvishwakarma/Library/Developer/Xcode/DerivedData/Revolt-dharrjsambcimaaziudpvzjdcigm/SourcePackages/checkouts/Highlightr
    write-file /Users/harishvishwakarma/Library/Developer/Xcode/DerivedData/Revolt-dharrjsambcimaaziudpvzjdcigm/Build/Intermediates.noindex/Highlightr.build/Debug-iphoneos/Highlightr.build/DerivedSources/resource_bundle_accessor.swift

WriteAuxiliaryFile /Users/harishvishwakarma/Library/Developer/Xcode/DerivedData/Revolt-dharrjsambcimaaziudpvzjdcigm/Build/Intermediates.noindex/swift-collections.build/Debug-iphoneos/HeapModule.build/Objects-normal/arm64/HeapModule_const_extract_protocols.json (in target 'HeapModule' from project 'swift-collections')
    cd /Users/harishvishwakarma/Library/Developer/Xcode/DerivedData/Revolt-dharrjsambcimaaziudpvzjdcigm/SourcePackages/checkouts/swift-collections
    write-file /Users/harishvishwakarma/Library/Developer/Xcode/DerivedData/Revolt-dharrjsambcimaaziudpvzjdcigm/Build/Intermediates.noindex/swift-collections.build/Debug-iphoneos/HeapModule.build/Objects-normal/arm64/HeapModule_const_extract_protocols.json

WriteAuxiliaryFile /Users/harishvishwakarma/Library/Developer/Xcode/DerivedData/Revolt-dharrjsambcimaaziudpvzjdcigm/Build/Intermediates.noindex/swift-collections.build/Debug-iphoneos/HeapModule.build/Objects-normal/arm64/HeapModule.SwiftFileList (in target 'HeapModule' from project 'swift-collections')
    cd /Users/harishvishwakarma/Library/Developer/Xcode/DerivedData/Revolt-dharrjsambcimaaziudpvzjdcigm/SourcePackages/checkouts/swift-collections
    write-file /Users/harishvishwakarma/Library/Developer/Xcode/DerivedData/Revolt-dharrjsambcimaaziudpvzjdcigm/Build/Intermediates.noindex/swift-collections.build/Debug-iphoneos/HeapModule.build/Objects-normal/arm64/HeapModule.SwiftFileList

WriteAuxiliaryFile /Users/harishvishwakarma/Library/Developer/Xcode/DerivedData/Revolt-dharrjsambcimaaziudpvzjdcigm/Build/Intermediates.noindex/swift-collections.build/Debug-iphoneos/HeapModule.build/Objects-normal/arm64/HeapModule.SwiftConstValuesFileList (in target 'HeapModule' from project 'swift-collections')
    cd /Users/harishvishwakarma/Library/Developer/Xcode/DerivedData/Revolt-dharrjsambcimaaziudpvzjdcigm/SourcePackages/checkouts/swift-collections
    write-file /Users/harishvishwakarma/Library/Developer/Xcode/DerivedData/Revolt-dharrjsambcimaaziudpvzjdcigm/Build/Intermediates.noindex/swift-collections.build/Debug-iphoneos/HeapModule.build/Objects-normal/arm64/HeapModule.SwiftConstValuesFileList

WriteAuxiliaryFile /Users/harishvishwakarma/Library/Developer/Xcode/DerivedData/Revolt-dharrjsambcimaaziudpvzjdcigm/Build/Intermediates.noindex/swift-collections.build/Debug-iphoneos/HeapModule.build/Objects-normal/arm64/HeapModule.LinkFileList (in target 'HeapModule' from project 'swift-collections')
    cd /Users/harishvishwakarma/Library/Developer/Xcode/DerivedData/Revolt-dharrjsambcimaaziudpvzjdcigm/SourcePackages/checkouts/swift-collections
    write-file /Users/harishvishwakarma/Library/Developer/Xcode/DerivedData/Revolt-dharrjsambcimaaziudpvzjdcigm/Build/Intermediates.noindex/swift-collections.build/Debug-iphoneos/HeapModule.build/Objects-normal/arm64/HeapModule.LinkFileList

WriteAuxiliaryFile /Users/harishvishwakarma/Library/Developer/Xcode/DerivedData/Revolt-dharrjsambcimaaziudpvzjdcigm/Build/Intermediates.noindex/swift-collections.build/Debug-iphoneos/HeapModule.build/Objects-normal/arm64/HeapModule-OutputFileMap.json (in target 'HeapModule' from project 'swift-collections')
    cd /Users/harishvishwakarma/Library/Developer/Xcode/DerivedData/Revolt-dharrjsambcimaaziudpvzjdcigm/SourcePackages/checkouts/swift-collections
    write-file /Users/harishvishwakarma/Library/Developer/Xcode/DerivedData/Revolt-dharrjsambcimaaziudpvzjdcigm/Build/Intermediates.noindex/swift-collections.build/Debug-iphoneos/HeapModule.build/Objects-normal/arm64/HeapModule-OutputFileMap.json

WriteAuxiliaryFile /Users/harishvishwakarma/Library/Developer/Xcode/DerivedData/Revolt-dharrjsambcimaaziudpvzjdcigm/Build/Intermediates.noindex/swift-collections.build/Debug-iphoneos/HeapModule.build/HeapModule.modulemap (in target 'HeapModule' from project 'swift-collections')
    cd /Users/harishvishwakarma/Library/Developer/Xcode/DerivedData/Revolt-dharrjsambcimaaziudpvzjdcigm/SourcePackages/checkouts/swift-collections
    write-file /Users/harishvishwakarma/Library/Developer/Xcode/DerivedData/Revolt-dharrjsambcimaaziudpvzjdcigm/Build/Intermediates.noindex/swift-collections.build/Debug-iphoneos/HeapModule.build/HeapModule.modulemap

WriteAuxiliaryFile /Users/harishvishwakarma/Library/Developer/Xcode/DerivedData/Revolt-dharrjsambcimaaziudpvzjdcigm/Build/Intermediates.noindex/swift-collections.build/Debug-iphoneos/HeapModule.build/HeapModule.DependencyStaticMetadataFileList (in target 'HeapModule' from project 'swift-collections')
    cd /Users/harishvishwakarma/Library/Developer/Xcode/DerivedData/Revolt-dharrjsambcimaaziudpvzjdcigm/SourcePackages/checkouts/swift-collections
    write-file /Users/harishvishwakarma/Library/Developer/Xcode/DerivedData/Revolt-dharrjsambcimaaziudpvzjdcigm/Build/Intermediates.noindex/swift-collections.build/Debug-iphoneos/HeapModule.build/HeapModule.DependencyStaticMetadataFileList

WriteAuxiliaryFile /Users/harishvishwakarma/Library/Developer/Xcode/DerivedData/Revolt-dharrjsambcimaaziudpvzjdcigm/Build/Intermediates.noindex/swift-collections.build/Debug-iphoneos/HeapModule.build/HeapModule.DependencyMetadataFileList (in target 'HeapModule' from project 'swift-collections')
    cd /Users/harishvishwakarma/Library/Developer/Xcode/DerivedData/Revolt-dharrjsambcimaaziudpvzjdcigm/SourcePackages/checkouts/swift-collections
    write-file /Users/harishvishwakarma/Library/Developer/Xcode/DerivedData/Revolt-dharrjsambcimaaziudpvzjdcigm/Build/Intermediates.noindex/swift-collections.build/Debug-iphoneos/HeapModule.build/HeapModule.DependencyMetadataFileList

Copy /Users/harishvishwakarma/Library/Developer/Xcode/DerivedData/Revolt-dharrjsambcimaaziudpvzjdcigm/Build/Intermediates.noindex/GeneratedModuleMaps-iphoneos/Highlightr.modulemap /Users/harishvishwakarma/Library/Developer/Xcode/DerivedData/Revolt-dharrjsambcimaaziudpvzjdcigm/Build/Intermediates.noindex/Highlightr.build/Debug-iphoneos/Highlightr.build/Highlightr.modulemap (in target 'Highlightr' from project 'Highlightr')
    cd /Users/harishvishwakarma/Library/Developer/Xcode/DerivedData/Revolt-dharrjsambcimaaziudpvzjdcigm/SourcePackages/checkouts/Highlightr
    builtin-copy -exclude .DS_Store -exclude CVS -exclude .svn -exclude .git -exclude .hg -resolve-src-symlinks /Users/harishvishwakarma/Library/Developer/Xcode/DerivedData/Revolt-dharrjsambcimaaziudpvzjdcigm/Build/Intermediates.noindex/Highlightr.build/Debug-iphoneos/Highlightr.build/Highlightr.modulemap /Users/harishvishwakarma/Library/Developer/Xcode/DerivedData/Revolt-dharrjsambcimaaziudpvzjdcigm/Build/Intermediates.noindex/GeneratedModuleMaps-iphoneos

WriteAuxiliaryFile /Users/harishvishwakarma/Library/Developer/Xcode/DerivedData/Revolt-dharrjsambcimaaziudpvzjdcigm/Build/Intermediates.noindex/swift-collections.build/Debug-iphoneos/HashTreeCollections.build/Objects-normal/arm64/HashTreeCollections_const_extract_protocols.json (in target 'HashTreeCollections' from project 'swift-collections')
    cd /Users/harishvishwakarma/Library/Developer/Xcode/DerivedData/Revolt-dharrjsambcimaaziudpvzjdcigm/SourcePackages/checkouts/swift-collections
    write-file /Users/harishvishwakarma/Library/Developer/Xcode/DerivedData/Revolt-dharrjsambcimaaziudpvzjdcigm/Build/Intermediates.noindex/swift-collections.build/Debug-iphoneos/HashTreeCollections.build/Objects-normal/arm64/HashTreeCollections_const_extract_protocols.json

WriteAuxiliaryFile /Users/harishvishwakarma/Library/Developer/Xcode/DerivedData/Revolt-dharrjsambcimaaziudpvzjdcigm/Build/Intermediates.noindex/swift-collections.build/Debug-iphoneos/HashTreeCollections.build/Objects-normal/arm64/HashTreeCollections.SwiftFileList (in target 'HashTreeCollections' from project 'swift-collections')
    cd /Users/harishvishwakarma/Library/Developer/Xcode/DerivedData/Revolt-dharrjsambcimaaziudpvzjdcigm/SourcePackages/checkouts/swift-collections
    write-file /Users/harishvishwakarma/Library/Developer/Xcode/DerivedData/Revolt-dharrjsambcimaaziudpvzjdcigm/Build/Intermediates.noindex/swift-collections.build/Debug-iphoneos/HashTreeCollections.build/Objects-normal/arm64/HashTreeCollections.SwiftFileList

WriteAuxiliaryFile /Users/harishvishwakarma/Library/Developer/Xcode/DerivedData/Revolt-dharrjsambcimaaziudpvzjdcigm/Build/Intermediates.noindex/swift-collections.build/Debug-iphoneos/HashTreeCollections.build/Objects-normal/arm64/HashTreeCollections.SwiftConstValuesFileList (in target 'HashTreeCollections' from project 'swift-collections')
    cd /Users/harishvishwakarma/Library/Developer/Xcode/DerivedData/Revolt-dharrjsambcimaaziudpvzjdcigm/SourcePackages/checkouts/swift-collections
    write-file /Users/harishvishwakarma/Library/Developer/Xcode/DerivedData/Revolt-dharrjsambcimaaziudpvzjdcigm/Build/Intermediates.noindex/swift-collections.build/Debug-iphoneos/HashTreeCollections.build/Objects-normal/arm64/HashTreeCollections.SwiftConstValuesFileList

WriteAuxiliaryFile /Users/harishvishwakarma/Library/Developer/Xcode/DerivedData/Revolt-dharrjsambcimaaziudpvzjdcigm/Build/Intermediates.noindex/swift-collections.build/Debug-iphoneos/HashTreeCollections.build/Objects-normal/arm64/HashTreeCollections.LinkFileList (in target 'HashTreeCollections' from project 'swift-collections')
    cd /Users/harishvishwakarma/Library/Developer/Xcode/DerivedData/Revolt-dharrjsambcimaaziudpvzjdcigm/SourcePackages/checkouts/swift-collections
    write-file /Users/harishvishwakarma/Library/Developer/Xcode/DerivedData/Revolt-dharrjsambcimaaziudpvzjdcigm/Build/Intermediates.noindex/swift-collections.build/Debug-iphoneos/HashTreeCollections.build/Objects-normal/arm64/HashTreeCollections.LinkFileList

WriteAuxiliaryFile /Users/harishvishwakarma/Library/Developer/Xcode/DerivedData/Revolt-dharrjsambcimaaziudpvzjdcigm/Build/Intermediates.noindex/swift-collections.build/Debug-iphoneos/HashTreeCollections.build/Objects-normal/arm64/HashTreeCollections-OutputFileMap.json (in target 'HashTreeCollections' from project 'swift-collections')
    cd /Users/harishvishwakarma/Library/Developer/Xcode/DerivedData/Revolt-dharrjsambcimaaziudpvzjdcigm/SourcePackages/checkouts/swift-collections
    write-file /Users/harishvishwakarma/Library/Developer/Xcode/DerivedData/Revolt-dharrjsambcimaaziudpvzjdcigm/Build/Intermediates.noindex/swift-collections.build/Debug-iphoneos/HashTreeCollections.build/Objects-normal/arm64/HashTreeCollections-OutputFileMap.json

WriteAuxiliaryFile /Users/harishvishwakarma/Library/Developer/Xcode/DerivedData/Revolt-dharrjsambcimaaziudpvzjdcigm/Build/Intermediates.noindex/swift-collections.build/Debug-iphoneos/HashTreeCollections.build/HashTreeCollections.modulemap (in target 'HashTreeCollections' from project 'swift-collections')
    cd /Users/harishvishwakarma/Library/Developer/Xcode/DerivedData/Revolt-dharrjsambcimaaziudpvzjdcigm/SourcePackages/checkouts/swift-collections
    write-file /Users/harishvishwakarma/Library/Developer/Xcode/DerivedData/Revolt-dharrjsambcimaaziudpvzjdcigm/Build/Intermediates.noindex/swift-collections.build/Debug-iphoneos/HashTreeCollections.build/HashTreeCollections.modulemap

WriteAuxiliaryFile /Users/harishvishwakarma/Library/Developer/Xcode/DerivedData/Revolt-dharrjsambcimaaziudpvzjdcigm/Build/Intermediates.noindex/swift-collections.build/Debug-iphoneos/HashTreeCollections.build/HashTreeCollections.DependencyStaticMetadataFileList (in target 'HashTreeCollections' from project 'swift-collections')
    cd /Users/harishvishwakarma/Library/Developer/Xcode/DerivedData/Revolt-dharrjsambcimaaziudpvzjdcigm/SourcePackages/checkouts/swift-collections
    write-file /Users/harishvishwakarma/Library/Developer/Xcode/DerivedData/Revolt-dharrjsambcimaaziudpvzjdcigm/Build/Intermediates.noindex/swift-collections.build/Debug-iphoneos/HashTreeCollections.build/HashTreeCollections.DependencyStaticMetadataFileList

WriteAuxiliaryFile /Users/harishvishwakarma/Library/Developer/Xcode/DerivedData/Revolt-dharrjsambcimaaziudpvzjdcigm/Build/Intermediates.noindex/swift-collections.build/Debug-iphoneos/HashTreeCollections.build/HashTreeCollections.DependencyMetadataFileList (in target 'HashTreeCollections' from project 'swift-collections')
    cd /Users/harishvishwakarma/Library/Developer/Xcode/DerivedData/Revolt-dharrjsambcimaaziudpvzjdcigm/SourcePackages/checkouts/swift-collections
    write-file /Users/harishvishwakarma/Library/Developer/Xcode/DerivedData/Revolt-dharrjsambcimaaziudpvzjdcigm/Build/Intermediates.noindex/swift-collections.build/Debug-iphoneos/HashTreeCollections.build/HashTreeCollections.DependencyMetadataFileList

Copy /Users/harishvishwakarma/Library/Developer/Xcode/DerivedData/Revolt-dharrjsambcimaaziudpvzjdcigm/Build/Intermediates.noindex/GeneratedModuleMaps-iphoneos/HeapModule.modulemap /Users/harishvishwakarma/Library/Developer/Xcode/DerivedData/Revolt-dharrjsambcimaaziudpvzjdcigm/Build/Intermediates.noindex/swift-collections.build/Debug-iphoneos/HeapModule.build/HeapModule.modulemap (in target 'HeapModule' from project 'swift-collections')
    cd /Users/harishvishwakarma/Library/Developer/Xcode/DerivedData/Revolt-dharrjsambcimaaziudpvzjdcigm/SourcePackages/checkouts/swift-collections
    builtin-copy -exclude .DS_Store -exclude CVS -exclude .svn -exclude .git -exclude .hg -resolve-src-symlinks /Users/harishvishwakarma/Library/Developer/Xcode/DerivedData/Revolt-dharrjsambcimaaziudpvzjdcigm/Build/Intermediates.noindex/swift-collections.build/Debug-iphoneos/HeapModule.build/HeapModule.modulemap /Users/harishvishwakarma/Library/Developer/Xcode/DerivedData/Revolt-dharrjsambcimaaziudpvzjdcigm/Build/Intermediates.noindex/GeneratedModuleMaps-iphoneos

WriteAuxiliaryFile /Users/harishvishwakarma/Library/Developer/Xcode/DerivedData/Revolt-dharrjsambcimaaziudpvzjdcigm/Build/Intermediates.noindex/HCaptcha.build/Debug-iphoneos/HCaptcha_RxSwift.build/Objects-normal/arm64/HCaptcha_RxSwift_const_extract_protocols.json (in target 'HCaptcha_RxSwift' from project 'HCaptcha')
    cd /Users/harishvishwakarma/Library/Developer/Xcode/DerivedData/Revolt-dharrjsambcimaaziudpvzjdcigm/SourcePackages/checkouts/HCaptcha-ios-sdk
    write-file /Users/harishvishwakarma/Library/Developer/Xcode/DerivedData/Revolt-dharrjsambcimaaziudpvzjdcigm/Build/Intermediates.noindex/HCaptcha.build/Debug-iphoneos/HCaptcha_RxSwift.build/Objects-normal/arm64/HCaptcha_RxSwift_const_extract_protocols.json

WriteAuxiliaryFile /Users/harishvishwakarma/Library/Developer/Xcode/DerivedData/Revolt-dharrjsambcimaaziudpvzjdcigm/Build/Intermediates.noindex/HCaptcha.build/Debug-iphoneos/HCaptcha_RxSwift.build/Objects-normal/arm64/HCaptcha_RxSwift.SwiftConstValuesFileList (in target 'HCaptcha_RxSwift' from project 'HCaptcha')
    cd /Users/harishvishwakarma/Library/Developer/Xcode/DerivedData/Revolt-dharrjsambcimaaziudpvzjdcigm/SourcePackages/checkouts/HCaptcha-ios-sdk
    write-file /Users/harishvishwakarma/Library/Developer/Xcode/DerivedData/Revolt-dharrjsambcimaaziudpvzjdcigm/Build/Intermediates.noindex/HCaptcha.build/Debug-iphoneos/HCaptcha_RxSwift.build/Objects-normal/arm64/HCaptcha_RxSwift.SwiftConstValuesFileList

WriteAuxiliaryFile /Users/harishvishwakarma/Library/Developer/Xcode/DerivedData/Revolt-dharrjsambcimaaziudpvzjdcigm/Build/Intermediates.noindex/HCaptcha.build/Debug-iphoneos/HCaptcha_RxSwift.build/Objects-normal/arm64/HCaptcha_RxSwift.SwiftFileList (in target 'HCaptcha_RxSwift' from project 'HCaptcha')
    cd /Users/harishvishwakarma/Library/Developer/Xcode/DerivedData/Revolt-dharrjsambcimaaziudpvzjdcigm/SourcePackages/checkouts/HCaptcha-ios-sdk
    write-file /Users/harishvishwakarma/Library/Developer/Xcode/DerivedData/Revolt-dharrjsambcimaaziudpvzjdcigm/Build/Intermediates.noindex/HCaptcha.build/Debug-iphoneos/HCaptcha_RxSwift.build/Objects-normal/arm64/HCaptcha_RxSwift.SwiftFileList

WriteAuxiliaryFile /Users/harishvishwakarma/Library/Developer/Xcode/DerivedData/Revolt-dharrjsambcimaaziudpvzjdcigm/Build/Intermediates.noindex/HCaptcha.build/Debug-iphoneos/HCaptcha_RxSwift.build/Objects-normal/arm64/HCaptcha_RxSwift.LinkFileList (in target 'HCaptcha_RxSwift' from project 'HCaptcha')
    cd /Users/harishvishwakarma/Library/Developer/Xcode/DerivedData/Revolt-dharrjsambcimaaziudpvzjdcigm/SourcePackages/checkouts/HCaptcha-ios-sdk
    write-file /Users/harishvishwakarma/Library/Developer/Xcode/DerivedData/Revolt-dharrjsambcimaaziudpvzjdcigm/Build/Intermediates.noindex/HCaptcha.build/Debug-iphoneos/HCaptcha_RxSwift.build/Objects-normal/arm64/HCaptcha_RxSwift.LinkFileList

WriteAuxiliaryFile /Users/harishvishwakarma/Library/Developer/Xcode/DerivedData/Revolt-dharrjsambcimaaziudpvzjdcigm/Build/Intermediates.noindex/HCaptcha.build/Debug-iphoneos/HCaptcha_RxSwift.build/Objects-normal/arm64/HCaptcha_RxSwift-OutputFileMap.json (in target 'HCaptcha_RxSwift' from project 'HCaptcha')
    cd /Users/harishvishwakarma/Library/Developer/Xcode/DerivedData/Revolt-dharrjsambcimaaziudpvzjdcigm/SourcePackages/checkouts/HCaptcha-ios-sdk
    write-file /Users/harishvishwakarma/Library/Developer/Xcode/DerivedData/Revolt-dharrjsambcimaaziudpvzjdcigm/Build/Intermediates.noindex/HCaptcha.build/Debug-iphoneos/HCaptcha_RxSwift.build/Objects-normal/arm64/HCaptcha_RxSwift-OutputFileMap.json

WriteAuxiliaryFile /Users/harishvishwakarma/Library/Developer/Xcode/DerivedData/Revolt-dharrjsambcimaaziudpvzjdcigm/Build/Intermediates.noindex/HCaptcha.build/Debug-iphoneos/HCaptcha_RxSwift.build/HCaptcha_RxSwift.DependencyStaticMetadataFileList (in target 'HCaptcha_RxSwift' from project 'HCaptcha')
    cd /Users/harishvishwakarma/Library/Developer/Xcode/DerivedData/Revolt-dharrjsambcimaaziudpvzjdcigm/SourcePackages/checkouts/HCaptcha-ios-sdk
    write-file /Users/harishvishwakarma/Library/Developer/Xcode/DerivedData/Revolt-dharrjsambcimaaziudpvzjdcigm/Build/Intermediates.noindex/HCaptcha.build/Debug-iphoneos/HCaptcha_RxSwift.build/HCaptcha_RxSwift.DependencyStaticMetadataFileList

WriteAuxiliaryFile /Users/harishvishwakarma/Library/Developer/Xcode/DerivedData/Revolt-dharrjsambcimaaziudpvzjdcigm/Build/Intermediates.noindex/HCaptcha.build/Debug-iphoneos/HCaptcha_RxSwift.build/HCaptcha_RxSwift.modulemap (in target 'HCaptcha_RxSwift' from project 'HCaptcha')
    cd /Users/harishvishwakarma/Library/Developer/Xcode/DerivedData/Revolt-dharrjsambcimaaziudpvzjdcigm/SourcePackages/checkouts/HCaptcha-ios-sdk
    write-file /Users/harishvishwakarma/Library/Developer/Xcode/DerivedData/Revolt-dharrjsambcimaaziudpvzjdcigm/Build/Intermediates.noindex/HCaptcha.build/Debug-iphoneos/HCaptcha_RxSwift.build/HCaptcha_RxSwift.modulemap

WriteAuxiliaryFile /Users/harishvishwakarma/Library/Developer/Xcode/DerivedData/Revolt-dharrjsambcimaaziudpvzjdcigm/Build/Intermediates.noindex/HCaptcha.build/Debug-iphoneos/HCaptcha_RxSwift.build/HCaptcha_RxSwift.DependencyMetadataFileList (in target 'HCaptcha_RxSwift' from project 'HCaptcha')
    cd /Users/harishvishwakarma/Library/Developer/Xcode/DerivedData/Revolt-dharrjsambcimaaziudpvzjdcigm/SourcePackages/checkouts/HCaptcha-ios-sdk
    write-file /Users/harishvishwakarma/Library/Developer/Xcode/DerivedData/Revolt-dharrjsambcimaaziudpvzjdcigm/Build/Intermediates.noindex/HCaptcha.build/Debug-iphoneos/HCaptcha_RxSwift.build/HCaptcha_RxSwift.DependencyMetadataFileList

Copy /Users/harishvishwakarma/Library/Developer/Xcode/DerivedData/Revolt-dharrjsambcimaaziudpvzjdcigm/Build/Intermediates.noindex/GeneratedModuleMaps-iphoneos/HashTreeCollections.modulemap /Users/harishvishwakarma/Library/Developer/Xcode/DerivedData/Revolt-dharrjsambcimaaziudpvzjdcigm/Build/Intermediates.noindex/swift-collections.build/Debug-iphoneos/HashTreeCollections.build/HashTreeCollections.modulemap (in target 'HashTreeCollections' from project 'swift-collections')
    cd /Users/harishvishwakarma/Library/Developer/Xcode/DerivedData/Revolt-dharrjsambcimaaziudpvzjdcigm/SourcePackages/checkouts/swift-collections
    builtin-copy -exclude .DS_Store -exclude CVS -exclude .svn -exclude .git -exclude .hg -resolve-src-symlinks /Users/harishvishwakarma/Library/Developer/Xcode/DerivedData/Revolt-dharrjsambcimaaziudpvzjdcigm/Build/Intermediates.noindex/swift-collections.build/Debug-iphoneos/HashTreeCollections.build/HashTreeCollections.modulemap /Users/harishvishwakarma/Library/Developer/Xcode/DerivedData/Revolt-dharrjsambcimaaziudpvzjdcigm/Build/Intermediates.noindex/GeneratedModuleMaps-iphoneos

WriteAuxiliaryFile /Users/harishvishwakarma/Library/Developer/Xcode/DerivedData/Revolt-dharrjsambcimaaziudpvzjdcigm/Build/Intermediates.noindex/HCaptcha.build/Debug-iphoneos/HCaptcha_HCaptcha.build/empty-HCaptcha_HCaptcha.plist (in target 'HCaptcha_HCaptcha' from project 'HCaptcha')
    cd /Users/harishvishwakarma/Library/Developer/Xcode/DerivedData/Revolt-dharrjsambcimaaziudpvzjdcigm/SourcePackages/checkouts/HCaptcha-ios-sdk
    write-file /Users/harishvishwakarma/Library/Developer/Xcode/DerivedData/Revolt-dharrjsambcimaaziudpvzjdcigm/Build/Intermediates.noindex/HCaptcha.build/Debug-iphoneos/HCaptcha_HCaptcha.build/empty-HCaptcha_HCaptcha.plist

WriteAuxiliaryFile /Users/harishvishwakarma/Library/Developer/Xcode/DerivedData/Revolt-dharrjsambcimaaziudpvzjdcigm/Build/Intermediates.noindex/HCaptcha.build/Debug-iphoneos/HCaptcha_HCaptcha.build/HCaptcha_HCaptcha.DependencyStaticMetadataFileList (in target 'HCaptcha_HCaptcha' from project 'HCaptcha')
    cd /Users/harishvishwakarma/Library/Developer/Xcode/DerivedData/Revolt-dharrjsambcimaaziudpvzjdcigm/SourcePackages/checkouts/HCaptcha-ios-sdk
    write-file /Users/harishvishwakarma/Library/Developer/Xcode/DerivedData/Revolt-dharrjsambcimaaziudpvzjdcigm/Build/Intermediates.noindex/HCaptcha.build/Debug-iphoneos/HCaptcha_HCaptcha.build/HCaptcha_HCaptcha.DependencyStaticMetadataFileList

WriteAuxiliaryFile /Users/harishvishwakarma/Library/Developer/Xcode/DerivedData/Revolt-dharrjsambcimaaziudpvzjdcigm/Build/Intermediates.noindex/HCaptcha.build/Debug-iphoneos/HCaptcha_HCaptcha.build/HCaptcha_HCaptcha.DependencyMetadataFileList (in target 'HCaptcha_HCaptcha' from project 'HCaptcha')
    cd /Users/harishvishwakarma/Library/Developer/Xcode/DerivedData/Revolt-dharrjsambcimaaziudpvzjdcigm/SourcePackages/checkouts/HCaptcha-ios-sdk
    write-file /Users/harishvishwakarma/Library/Developer/Xcode/DerivedData/Revolt-dharrjsambcimaaziudpvzjdcigm/Build/Intermediates.noindex/HCaptcha.build/Debug-iphoneos/HCaptcha_HCaptcha.build/HCaptcha_HCaptcha.DependencyMetadataFileList

WriteAuxiliaryFile /Users/harishvishwakarma/Library/Developer/Xcode/DerivedData/Revolt-dharrjsambcimaaziudpvzjdcigm/Build/Intermediates.noindex/HCaptcha.build/Debug-iphoneos/HCaptcha.build/Objects-normal/arm64/HCaptcha_const_extract_protocols.json (in target 'HCaptcha' from project 'HCaptcha')
    cd /Users/harishvishwakarma/Library/Developer/Xcode/DerivedData/Revolt-dharrjsambcimaaziudpvzjdcigm/SourcePackages/checkouts/HCaptcha-ios-sdk
    write-file /Users/harishvishwakarma/Library/Developer/Xcode/DerivedData/Revolt-dharrjsambcimaaziudpvzjdcigm/Build/Intermediates.noindex/HCaptcha.build/Debug-iphoneos/HCaptcha.build/Objects-normal/arm64/HCaptcha_const_extract_protocols.json

WriteAuxiliaryFile /Users/harishvishwakarma/Library/Developer/Xcode/DerivedData/Revolt-dharrjsambcimaaziudpvzjdcigm/Build/Intermediates.noindex/HCaptcha.build/Debug-iphoneos/HCaptcha.build/Objects-normal/arm64/HCaptcha.SwiftFileList (in target 'HCaptcha' from project 'HCaptcha')
    cd /Users/harishvishwakarma/Library/Developer/Xcode/DerivedData/Revolt-dharrjsambcimaaziudpvzjdcigm/SourcePackages/checkouts/HCaptcha-ios-sdk
    write-file /Users/harishvishwakarma/Library/Developer/Xcode/DerivedData/Revolt-dharrjsambcimaaziudpvzjdcigm/Build/Intermediates.noindex/HCaptcha.build/Debug-iphoneos/HCaptcha.build/Objects-normal/arm64/HCaptcha.SwiftFileList

WriteAuxiliaryFile /Users/harishvishwakarma/Library/Developer/Xcode/DerivedData/Revolt-dharrjsambcimaaziudpvzjdcigm/Build/Intermediates.noindex/HCaptcha.build/Debug-iphoneos/HCaptcha.build/Objects-normal/arm64/HCaptcha.SwiftConstValuesFileList (in target 'HCaptcha' from project 'HCaptcha')
    cd /Users/harishvishwakarma/Library/Developer/Xcode/DerivedData/Revolt-dharrjsambcimaaziudpvzjdcigm/SourcePackages/checkouts/HCaptcha-ios-sdk
    write-file /Users/harishvishwakarma/Library/Developer/Xcode/DerivedData/Revolt-dharrjsambcimaaziudpvzjdcigm/Build/Intermediates.noindex/HCaptcha.build/Debug-iphoneos/HCaptcha.build/Objects-normal/arm64/HCaptcha.SwiftConstValuesFileList

WriteAuxiliaryFile /Users/harishvishwakarma/Library/Developer/Xcode/DerivedData/Revolt-dharrjsambcimaaziudpvzjdcigm/Build/Intermediates.noindex/HCaptcha.build/Debug-iphoneos/HCaptcha.build/Objects-normal/arm64/HCaptcha.LinkFileList (in target 'HCaptcha' from project 'HCaptcha')
    cd /Users/harishvishwakarma/Library/Developer/Xcode/DerivedData/Revolt-dharrjsambcimaaziudpvzjdcigm/SourcePackages/checkouts/HCaptcha-ios-sdk
    write-file /Users/harishvishwakarma/Library/Developer/Xcode/DerivedData/Revolt-dharrjsambcimaaziudpvzjdcigm/Build/Intermediates.noindex/HCaptcha.build/Debug-iphoneos/HCaptcha.build/Objects-normal/arm64/HCaptcha.LinkFileList

WriteAuxiliaryFile /Users/harishvishwakarma/Library/Developer/Xcode/DerivedData/Revolt-dharrjsambcimaaziudpvzjdcigm/Build/Intermediates.noindex/HCaptcha.build/Debug-iphoneos/HCaptcha.build/Objects-normal/arm64/HCaptcha-OutputFileMap.json (in target 'HCaptcha' from project 'HCaptcha')
    cd /Users/harishvishwakarma/Library/Developer/Xcode/DerivedData/Revolt-dharrjsambcimaaziudpvzjdcigm/SourcePackages/checkouts/HCaptcha-ios-sdk
    write-file /Users/harishvishwakarma/Library/Developer/Xcode/DerivedData/Revolt-dharrjsambcimaaziudpvzjdcigm/Build/Intermediates.noindex/HCaptcha.build/Debug-iphoneos/HCaptcha.build/Objects-normal/arm64/HCaptcha-OutputFileMap.json

WriteAuxiliaryFile /Users/harishvishwakarma/Library/Developer/Xcode/DerivedData/Revolt-dharrjsambcimaaziudpvzjdcigm/Build/Intermediates.noindex/HCaptcha.build/Debug-iphoneos/HCaptcha.build/HCaptcha.modulemap (in target 'HCaptcha' from project 'HCaptcha')
    cd /Users/harishvishwakarma/Library/Developer/Xcode/DerivedData/Revolt-dharrjsambcimaaziudpvzjdcigm/SourcePackages/checkouts/HCaptcha-ios-sdk
    write-file /Users/harishvishwakarma/Library/Developer/Xcode/DerivedData/Revolt-dharrjsambcimaaziudpvzjdcigm/Build/Intermediates.noindex/HCaptcha.build/Debug-iphoneos/HCaptcha.build/HCaptcha.modulemap

WriteAuxiliaryFile /Users/harishvishwakarma/Library/Developer/Xcode/DerivedData/Revolt-dharrjsambcimaaziudpvzjdcigm/Build/Intermediates.noindex/HCaptcha.build/Debug-iphoneos/HCaptcha.build/HCaptcha.DependencyStaticMetadataFileList (in target 'HCaptcha' from project 'HCaptcha')
    cd /Users/harishvishwakarma/Library/Developer/Xcode/DerivedData/Revolt-dharrjsambcimaaziudpvzjdcigm/SourcePackages/checkouts/HCaptcha-ios-sdk
    write-file /Users/harishvishwakarma/Library/Developer/Xcode/DerivedData/Revolt-dharrjsambcimaaziudpvzjdcigm/Build/Intermediates.noindex/HCaptcha.build/Debug-iphoneos/HCaptcha.build/HCaptcha.DependencyStaticMetadataFileList

WriteAuxiliaryFile /Users/harishvishwakarma/Library/Developer/Xcode/DerivedData/Revolt-dharrjsambcimaaziudpvzjdcigm/Build/Intermediates.noindex/HCaptcha.build/Debug-iphoneos/HCaptcha.build/HCaptcha.DependencyMetadataFileList (in target 'HCaptcha' from project 'HCaptcha')
    cd /Users/harishvishwakarma/Library/Developer/Xcode/DerivedData/Revolt-dharrjsambcimaaziudpvzjdcigm/SourcePackages/checkouts/HCaptcha-ios-sdk
    write-file /Users/harishvishwakarma/Library/Developer/Xcode/DerivedData/Revolt-dharrjsambcimaaziudpvzjdcigm/Build/Intermediates.noindex/HCaptcha.build/Debug-iphoneos/HCaptcha.build/HCaptcha.DependencyMetadataFileList

WriteAuxiliaryFile /Users/harishvishwakarma/Library/Developer/Xcode/DerivedData/Revolt-dharrjsambcimaaziudpvzjdcigm/Build/Intermediates.noindex/HCaptcha.build/Debug-iphoneos/HCaptcha.build/DerivedSources/resource_bundle_accessor.swift (in target 'HCaptcha' from project 'HCaptcha')
    cd /Users/harishvishwakarma/Library/Developer/Xcode/DerivedData/Revolt-dharrjsambcimaaziudpvzjdcigm/SourcePackages/checkouts/HCaptcha-ios-sdk
    write-file /Users/harishvishwakarma/Library/Developer/Xcode/DerivedData/Revolt-dharrjsambcimaaziudpvzjdcigm/Build/Intermediates.noindex/HCaptcha.build/Debug-iphoneos/HCaptcha.build/DerivedSources/resource_bundle_accessor.swift

Copy /Users/harishvishwakarma/Library/Developer/Xcode/DerivedData/Revolt-dharrjsambcimaaziudpvzjdcigm/Build/Intermediates.noindex/GeneratedModuleMaps-iphoneos/HCaptcha_RxSwift.modulemap /Users/harishvishwakarma/Library/Developer/Xcode/DerivedData/Revolt-dharrjsambcimaaziudpvzjdcigm/Build/Intermediates.noindex/HCaptcha.build/Debug-iphoneos/HCaptcha_RxSwift.build/HCaptcha_RxSwift.modulemap (in target 'HCaptcha_RxSwift' from project 'HCaptcha')
    cd /Users/harishvishwakarma/Library/Developer/Xcode/DerivedData/Revolt-dharrjsambcimaaziudpvzjdcigm/SourcePackages/checkouts/HCaptcha-ios-sdk
    builtin-copy -exclude .DS_Store -exclude CVS -exclude .svn -exclude .git -exclude .hg -resolve-src-symlinks /Users/harishvishwakarma/Library/Developer/Xcode/DerivedData/Revolt-dharrjsambcimaaziudpvzjdcigm/Build/Intermediates.noindex/HCaptcha.build/Debug-iphoneos/HCaptcha_RxSwift.build/HCaptcha_RxSwift.modulemap /Users/harishvishwakarma/Library/Developer/Xcode/DerivedData/Revolt-dharrjsambcimaaziudpvzjdcigm/Build/Intermediates.noindex/GeneratedModuleMaps-iphoneos

WriteAuxiliaryFile /Users/harishvishwakarma/Library/Developer/Xcode/DerivedData/Revolt-dharrjsambcimaaziudpvzjdcigm/Build/Intermediates.noindex/Flow.build/Debug-iphoneos/Flow.build/Objects-normal/arm64/Flow_const_extract_protocols.json (in target 'Flow' from project 'Flow')
    cd /Users/harishvishwakarma/Library/Developer/Xcode/DerivedData/Revolt-dharrjsambcimaaziudpvzjdcigm/SourcePackages/checkouts/SwiftUI-Flow
    write-file /Users/harishvishwakarma/Library/Developer/Xcode/DerivedData/Revolt-dharrjsambcimaaziudpvzjdcigm/Build/Intermediates.noindex/Flow.build/Debug-iphoneos/Flow.build/Objects-normal/arm64/Flow_const_extract_protocols.json

WriteAuxiliaryFile /Users/harishvishwakarma/Library/Developer/Xcode/DerivedData/Revolt-dharrjsambcimaaziudpvzjdcigm/Build/Intermediates.noindex/Flow.build/Debug-iphoneos/Flow.build/Objects-normal/arm64/Flow.SwiftFileList (in target 'Flow' from project 'Flow')
    cd /Users/harishvishwakarma/Library/Developer/Xcode/DerivedData/Revolt-dharrjsambcimaaziudpvzjdcigm/SourcePackages/checkouts/SwiftUI-Flow
    write-file /Users/harishvishwakarma/Library/Developer/Xcode/DerivedData/Revolt-dharrjsambcimaaziudpvzjdcigm/Build/Intermediates.noindex/Flow.build/Debug-iphoneos/Flow.build/Objects-normal/arm64/Flow.SwiftFileList

WriteAuxiliaryFile /Users/harishvishwakarma/Library/Developer/Xcode/DerivedData/Revolt-dharrjsambcimaaziudpvzjdcigm/Build/Intermediates.noindex/Flow.build/Debug-iphoneos/Flow.build/Objects-normal/arm64/Flow.SwiftConstValuesFileList (in target 'Flow' from project 'Flow')
    cd /Users/harishvishwakarma/Library/Developer/Xcode/DerivedData/Revolt-dharrjsambcimaaziudpvzjdcigm/SourcePackages/checkouts/SwiftUI-Flow
    write-file /Users/harishvishwakarma/Library/Developer/Xcode/DerivedData/Revolt-dharrjsambcimaaziudpvzjdcigm/Build/Intermediates.noindex/Flow.build/Debug-iphoneos/Flow.build/Objects-normal/arm64/Flow.SwiftConstValuesFileList

WriteAuxiliaryFile /Users/harishvishwakarma/Library/Developer/Xcode/DerivedData/Revolt-dharrjsambcimaaziudpvzjdcigm/Build/Intermediates.noindex/Flow.build/Debug-iphoneos/Flow.build/Objects-normal/arm64/Flow.LinkFileList (in target 'Flow' from project 'Flow')
    cd /Users/harishvishwakarma/Library/Developer/Xcode/DerivedData/Revolt-dharrjsambcimaaziudpvzjdcigm/SourcePackages/checkouts/SwiftUI-Flow
    write-file /Users/harishvishwakarma/Library/Developer/Xcode/DerivedData/Revolt-dharrjsambcimaaziudpvzjdcigm/Build/Intermediates.noindex/Flow.build/Debug-iphoneos/Flow.build/Objects-normal/arm64/Flow.LinkFileList

WriteAuxiliaryFile /Users/harishvishwakarma/Library/Developer/Xcode/DerivedData/Revolt-dharrjsambcimaaziudpvzjdcigm/Build/Intermediates.noindex/Flow.build/Debug-iphoneos/Flow.build/Objects-normal/arm64/Flow-OutputFileMap.json (in target 'Flow' from project 'Flow')
    cd /Users/harishvishwakarma/Library/Developer/Xcode/DerivedData/Revolt-dharrjsambcimaaziudpvzjdcigm/SourcePackages/checkouts/SwiftUI-Flow
    write-file /Users/harishvishwakarma/Library/Developer/Xcode/DerivedData/Revolt-dharrjsambcimaaziudpvzjdcigm/Build/Intermediates.noindex/Flow.build/Debug-iphoneos/Flow.build/Objects-normal/arm64/Flow-OutputFileMap.json

WriteAuxiliaryFile /Users/harishvishwakarma/Library/Developer/Xcode/DerivedData/Revolt-dharrjsambcimaaziudpvzjdcigm/Build/Intermediates.noindex/Flow.build/Debug-iphoneos/Flow.build/Flow.modulemap (in target 'Flow' from project 'Flow')
    cd /Users/harishvishwakarma/Library/Developer/Xcode/DerivedData/Revolt-dharrjsambcimaaziudpvzjdcigm/SourcePackages/checkouts/SwiftUI-Flow
    write-file /Users/harishvishwakarma/Library/Developer/Xcode/DerivedData/Revolt-dharrjsambcimaaziudpvzjdcigm/Build/Intermediates.noindex/Flow.build/Debug-iphoneos/Flow.build/Flow.modulemap

Copy /Users/harishvishwakarma/Library/Developer/Xcode/DerivedData/Revolt-dharrjsambcimaaziudpvzjdcigm/Build/Intermediates.noindex/GeneratedModuleMaps-iphoneos/HCaptcha.modulemap /Users/harishvishwakarma/Library/Developer/Xcode/DerivedData/Revolt-dharrjsambcimaaziudpvzjdcigm/Build/Intermediates.noindex/HCaptcha.build/Debug-iphoneos/HCaptcha.build/HCaptcha.modulemap (in target 'HCaptcha' from project 'HCaptcha')
    cd /Users/harishvishwakarma/Library/Developer/Xcode/DerivedData/Revolt-dharrjsambcimaaziudpvzjdcigm/SourcePackages/checkouts/HCaptcha-ios-sdk
    builtin-copy -exclude .DS_Store -exclude CVS -exclude .svn -exclude .git -exclude .hg -resolve-src-symlinks /Users/harishvishwakarma/Library/Developer/Xcode/DerivedData/Revolt-dharrjsambcimaaziudpvzjdcigm/Build/Intermediates.noindex/HCaptcha.build/Debug-iphoneos/HCaptcha.build/HCaptcha.modulemap /Users/harishvishwakarma/Library/Developer/Xcode/DerivedData/Revolt-dharrjsambcimaaziudpvzjdcigm/Build/Intermediates.noindex/GeneratedModuleMaps-iphoneos

WriteAuxiliaryFile /Users/harishvishwakarma/Library/Developer/Xcode/DerivedData/Revolt-dharrjsambcimaaziudpvzjdcigm/Build/Intermediates.noindex/Flow.build/Debug-iphoneos/Flow.build/Flow.DependencyStaticMetadataFileList (in target 'Flow' from project 'Flow')
    cd /Users/harishvishwakarma/Library/Developer/Xcode/DerivedData/Revolt-dharrjsambcimaaziudpvzjdcigm/SourcePackages/checkouts/SwiftUI-Flow
    write-file /Users/harishvishwakarma/Library/Developer/Xcode/DerivedData/Revolt-dharrjsambcimaaziudpvzjdcigm/Build/Intermediates.noindex/Flow.build/Debug-iphoneos/Flow.build/Flow.DependencyStaticMetadataFileList

WriteAuxiliaryFile /Users/harishvishwakarma/Library/Developer/Xcode/DerivedData/Revolt-dharrjsambcimaaziudpvzjdcigm/Build/Intermediates.noindex/Flow.build/Debug-iphoneos/Flow.build/Flow.DependencyMetadataFileList (in target 'Flow' from project 'Flow')
    cd /Users/harishvishwakarma/Library/Developer/Xcode/DerivedData/Revolt-dharrjsambcimaaziudpvzjdcigm/SourcePackages/checkouts/SwiftUI-Flow
    write-file /Users/harishvishwakarma/Library/Developer/Xcode/DerivedData/Revolt-dharrjsambcimaaziudpvzjdcigm/Build/Intermediates.noindex/Flow.build/Debug-iphoneos/Flow.build/Flow.DependencyMetadataFileList

WriteAuxiliaryFile /Users/harishvishwakarma/Library/Developer/Xcode/DerivedData/Revolt-dharrjsambcimaaziudpvzjdcigm/Build/Intermediates.noindex/ExyteGrid.build/Debug-iphoneos/ExyteGrid.build/Objects-normal/arm64/ExyteGrid_const_extract_protocols.json (in target 'ExyteGrid' from project 'ExyteGrid')
    cd /Users/harishvishwakarma/Library/Developer/Xcode/DerivedData/Revolt-dharrjsambcimaaziudpvzjdcigm/SourcePackages/checkouts/Grid
    write-file /Users/harishvishwakarma/Library/Developer/Xcode/DerivedData/Revolt-dharrjsambcimaaziudpvzjdcigm/Build/Intermediates.noindex/ExyteGrid.build/Debug-iphoneos/ExyteGrid.build/Objects-normal/arm64/ExyteGrid_const_extract_protocols.json

WriteAuxiliaryFile /Users/harishvishwakarma/Library/Developer/Xcode/DerivedData/Revolt-dharrjsambcimaaziudpvzjdcigm/Build/Intermediates.noindex/ExyteGrid.build/Debug-iphoneos/ExyteGrid.build/Objects-normal/arm64/ExyteGrid.SwiftFileList (in target 'ExyteGrid' from project 'ExyteGrid')
    cd /Users/harishvishwakarma/Library/Developer/Xcode/DerivedData/Revolt-dharrjsambcimaaziudpvzjdcigm/SourcePackages/checkouts/Grid
    write-file /Users/harishvishwakarma/Library/Developer/Xcode/DerivedData/Revolt-dharrjsambcimaaziudpvzjdcigm/Build/Intermediates.noindex/ExyteGrid.build/Debug-iphoneos/ExyteGrid.build/Objects-normal/arm64/ExyteGrid.SwiftFileList

WriteAuxiliaryFile /Users/harishvishwakarma/Library/Developer/Xcode/DerivedData/Revolt-dharrjsambcimaaziudpvzjdcigm/Build/Intermediates.noindex/ExyteGrid.build/Debug-iphoneos/ExyteGrid.build/Objects-normal/arm64/ExyteGrid.SwiftConstValuesFileList (in target 'ExyteGrid' from project 'ExyteGrid')
    cd /Users/harishvishwakarma/Library/Developer/Xcode/DerivedData/Revolt-dharrjsambcimaaziudpvzjdcigm/SourcePackages/checkouts/Grid
    write-file /Users/harishvishwakarma/Library/Developer/Xcode/DerivedData/Revolt-dharrjsambcimaaziudpvzjdcigm/Build/Intermediates.noindex/ExyteGrid.build/Debug-iphoneos/ExyteGrid.build/Objects-normal/arm64/ExyteGrid.SwiftConstValuesFileList

WriteAuxiliaryFile /Users/harishvishwakarma/Library/Developer/Xcode/DerivedData/Revolt-dharrjsambcimaaziudpvzjdcigm/Build/Intermediates.noindex/ExyteGrid.build/Debug-iphoneos/ExyteGrid.build/Objects-normal/arm64/ExyteGrid.LinkFileList (in target 'ExyteGrid' from project 'ExyteGrid')
    cd /Users/harishvishwakarma/Library/Developer/Xcode/DerivedData/Revolt-dharrjsambcimaaziudpvzjdcigm/SourcePackages/checkouts/Grid
    write-file /Users/harishvishwakarma/Library/Developer/Xcode/DerivedData/Revolt-dharrjsambcimaaziudpvzjdcigm/Build/Intermediates.noindex/ExyteGrid.build/Debug-iphoneos/ExyteGrid.build/Objects-normal/arm64/ExyteGrid.LinkFileList

WriteAuxiliaryFile /Users/harishvishwakarma/Library/Developer/Xcode/DerivedData/Revolt-dharrjsambcimaaziudpvzjdcigm/Build/Intermediates.noindex/ExyteGrid.build/Debug-iphoneos/ExyteGrid.build/Objects-normal/arm64/ExyteGrid-OutputFileMap.json (in target 'ExyteGrid' from project 'ExyteGrid')
    cd /Users/harishvishwakarma/Library/Developer/Xcode/DerivedData/Revolt-dharrjsambcimaaziudpvzjdcigm/SourcePackages/checkouts/Grid
    write-file /Users/harishvishwakarma/Library/Developer/Xcode/DerivedData/Revolt-dharrjsambcimaaziudpvzjdcigm/Build/Intermediates.noindex/ExyteGrid.build/Debug-iphoneos/ExyteGrid.build/Objects-normal/arm64/ExyteGrid-OutputFileMap.json

WriteAuxiliaryFile /Users/harishvishwakarma/Library/Developer/Xcode/DerivedData/Revolt-dharrjsambcimaaziudpvzjdcigm/Build/Intermediates.noindex/ExyteGrid.build/Debug-iphoneos/ExyteGrid.build/ExyteGrid.modulemap (in target 'ExyteGrid' from project 'ExyteGrid')
    cd /Users/harishvishwakarma/Library/Developer/Xcode/DerivedData/Revolt-dharrjsambcimaaziudpvzjdcigm/SourcePackages/checkouts/Grid
    write-file /Users/harishvishwakarma/Library/Developer/Xcode/DerivedData/Revolt-dharrjsambcimaaziudpvzjdcigm/Build/Intermediates.noindex/ExyteGrid.build/Debug-iphoneos/ExyteGrid.build/ExyteGrid.modulemap

WriteAuxiliaryFile /Users/harishvishwakarma/Library/Developer/Xcode/DerivedData/Revolt-dharrjsambcimaaziudpvzjdcigm/Build/Intermediates.noindex/ExyteGrid.build/Debug-iphoneos/ExyteGrid.build/ExyteGrid.DependencyStaticMetadataFileList (in target 'ExyteGrid' from project 'ExyteGrid')
    cd /Users/harishvishwakarma/Library/Developer/Xcode/DerivedData/Revolt-dharrjsambcimaaziudpvzjdcigm/SourcePackages/checkouts/Grid
    write-file /Users/harishvishwakarma/Library/Developer/Xcode/DerivedData/Revolt-dharrjsambcimaaziudpvzjdcigm/Build/Intermediates.noindex/ExyteGrid.build/Debug-iphoneos/ExyteGrid.build/ExyteGrid.DependencyStaticMetadataFileList

Copy /Users/harishvishwakarma/Library/Developer/Xcode/DerivedData/Revolt-dharrjsambcimaaziudpvzjdcigm/Build/Intermediates.noindex/GeneratedModuleMaps-iphoneos/Flow.modulemap /Users/harishvishwakarma/Library/Developer/Xcode/DerivedData/Revolt-dharrjsambcimaaziudpvzjdcigm/Build/Intermediates.noindex/Flow.build/Debug-iphoneos/Flow.build/Flow.modulemap (in target 'Flow' from project 'Flow')
    cd /Users/harishvishwakarma/Library/Developer/Xcode/DerivedData/Revolt-dharrjsambcimaaziudpvzjdcigm/SourcePackages/checkouts/SwiftUI-Flow
    builtin-copy -exclude .DS_Store -exclude CVS -exclude .svn -exclude .git -exclude .hg -resolve-src-symlinks /Users/harishvishwakarma/Library/Developer/Xcode/DerivedData/Revolt-dharrjsambcimaaziudpvzjdcigm/Build/Intermediates.noindex/Flow.build/Debug-iphoneos/Flow.build/Flow.modulemap /Users/harishvishwakarma/Library/Developer/Xcode/DerivedData/Revolt-dharrjsambcimaaziudpvzjdcigm/Build/Intermediates.noindex/GeneratedModuleMaps-iphoneos

WriteAuxiliaryFile /Users/harishvishwakarma/Library/Developer/Xcode/DerivedData/Revolt-dharrjsambcimaaziudpvzjdcigm/Build/Intermediates.noindex/ExyteGrid.build/Debug-iphoneos/ExyteGrid.build/ExyteGrid.DependencyMetadataFileList (in target 'ExyteGrid' from project 'ExyteGrid')
    cd /Users/harishvishwakarma/Library/Developer/Xcode/DerivedData/Revolt-dharrjsambcimaaziudpvzjdcigm/SourcePackages/checkouts/Grid
    write-file /Users/harishvishwakarma/Library/Developer/Xcode/DerivedData/Revolt-dharrjsambcimaaziudpvzjdcigm/Build/Intermediates.noindex/ExyteGrid.build/Debug-iphoneos/ExyteGrid.build/ExyteGrid.DependencyMetadataFileList

WriteAuxiliaryFile /Users/harishvishwakarma/Library/Developer/Xcode/DerivedData/Revolt-dharrjsambcimaaziudpvzjdcigm/Build/Intermediates.noindex/Down.build/Debug-iphoneos/Down_Down.build/empty-Down_Down.plist (in target 'Down_Down' from project 'Down')
    cd /Users/harishvishwakarma/Library/Developer/Xcode/DerivedData/Revolt-dharrjsambcimaaziudpvzjdcigm/SourcePackages/checkouts/Down
    write-file /Users/harishvishwakarma/Library/Developer/Xcode/DerivedData/Revolt-dharrjsambcimaaziudpvzjdcigm/Build/Intermediates.noindex/Down.build/Debug-iphoneos/Down_Down.build/empty-Down_Down.plist

WriteAuxiliaryFile /Users/harishvishwakarma/Library/Developer/Xcode/DerivedData/Revolt-dharrjsambcimaaziudpvzjdcigm/Build/Intermediates.noindex/Down.build/Debug-iphoneos/Down_Down.build/Down_Down.DependencyStaticMetadataFileList (in target 'Down_Down' from project 'Down')
    cd /Users/harishvishwakarma/Library/Developer/Xcode/DerivedData/Revolt-dharrjsambcimaaziudpvzjdcigm/SourcePackages/checkouts/Down
    write-file /Users/harishvishwakarma/Library/Developer/Xcode/DerivedData/Revolt-dharrjsambcimaaziudpvzjdcigm/Build/Intermediates.noindex/Down.build/Debug-iphoneos/Down_Down.build/Down_Down.DependencyStaticMetadataFileList

WriteAuxiliaryFile /Users/harishvishwakarma/Library/Developer/Xcode/DerivedData/Revolt-dharrjsambcimaaziudpvzjdcigm/Build/Intermediates.noindex/Down.build/Debug-iphoneos/Down_Down.build/Down_Down.DependencyMetadataFileList (in target 'Down_Down' from project 'Down')
    cd /Users/harishvishwakarma/Library/Developer/Xcode/DerivedData/Revolt-dharrjsambcimaaziudpvzjdcigm/SourcePackages/checkouts/Down
    write-file /Users/harishvishwakarma/Library/Developer/Xcode/DerivedData/Revolt-dharrjsambcimaaziudpvzjdcigm/Build/Intermediates.noindex/Down.build/Debug-iphoneos/Down_Down.build/Down_Down.DependencyMetadataFileList

WriteAuxiliaryFile /Users/harishvishwakarma/Library/Developer/Xcode/DerivedData/Revolt-dharrjsambcimaaziudpvzjdcigm/Build/Intermediates.noindex/Down.build/Debug-iphoneos/Down.build/Objects-normal/arm64/Down.SwiftFileList (in target 'Down' from project 'Down')
    cd /Users/harishvishwakarma/Library/Developer/Xcode/DerivedData/Revolt-dharrjsambcimaaziudpvzjdcigm/SourcePackages/checkouts/Down
    write-file /Users/harishvishwakarma/Library/Developer/Xcode/DerivedData/Revolt-dharrjsambcimaaziudpvzjdcigm/Build/Intermediates.noindex/Down.build/Debug-iphoneos/Down.build/Objects-normal/arm64/Down.SwiftFileList

WriteAuxiliaryFile /Users/harishvishwakarma/Library/Developer/Xcode/DerivedData/Revolt-dharrjsambcimaaziudpvzjdcigm/Build/Intermediates.noindex/Down.build/Debug-iphoneos/Down.build/Objects-normal/arm64/Down_const_extract_protocols.json (in target 'Down' from project 'Down')
    cd /Users/harishvishwakarma/Library/Developer/Xcode/DerivedData/Revolt-dharrjsambcimaaziudpvzjdcigm/SourcePackages/checkouts/Down
    write-file /Users/harishvishwakarma/Library/Developer/Xcode/DerivedData/Revolt-dharrjsambcimaaziudpvzjdcigm/Build/Intermediates.noindex/Down.build/Debug-iphoneos/Down.build/Objects-normal/arm64/Down_const_extract_protocols.json

WriteAuxiliaryFile /Users/harishvishwakarma/Library/Developer/Xcode/DerivedData/Revolt-dharrjsambcimaaziudpvzjdcigm/Build/Intermediates.noindex/Down.build/Debug-iphoneos/Down.build/Objects-normal/arm64/Down.SwiftConstValuesFileList (in target 'Down' from project 'Down')
    cd /Users/harishvishwakarma/Library/Developer/Xcode/DerivedData/Revolt-dharrjsambcimaaziudpvzjdcigm/SourcePackages/checkouts/Down
    write-file /Users/harishvishwakarma/Library/Developer/Xcode/DerivedData/Revolt-dharrjsambcimaaziudpvzjdcigm/Build/Intermediates.noindex/Down.build/Debug-iphoneos/Down.build/Objects-normal/arm64/Down.SwiftConstValuesFileList

WriteAuxiliaryFile /Users/harishvishwakarma/Library/Developer/Xcode/DerivedData/Revolt-dharrjsambcimaaziudpvzjdcigm/Build/Intermediates.noindex/Down.build/Debug-iphoneos/Down.build/Objects-normal/arm64/Down.LinkFileList (in target 'Down' from project 'Down')
    cd /Users/harishvishwakarma/Library/Developer/Xcode/DerivedData/Revolt-dharrjsambcimaaziudpvzjdcigm/SourcePackages/checkouts/Down
    write-file /Users/harishvishwakarma/Library/Developer/Xcode/DerivedData/Revolt-dharrjsambcimaaziudpvzjdcigm/Build/Intermediates.noindex/Down.build/Debug-iphoneos/Down.build/Objects-normal/arm64/Down.LinkFileList

Copy /Users/harishvishwakarma/Library/Developer/Xcode/DerivedData/Revolt-dharrjsambcimaaziudpvzjdcigm/Build/Intermediates.noindex/GeneratedModuleMaps-iphoneos/ExyteGrid.modulemap /Users/harishvishwakarma/Library/Developer/Xcode/DerivedData/Revolt-dharrjsambcimaaziudpvzjdcigm/Build/Intermediates.noindex/ExyteGrid.build/Debug-iphoneos/ExyteGrid.build/ExyteGrid.modulemap (in target 'ExyteGrid' from project 'ExyteGrid')
    cd /Users/harishvishwakarma/Library/Developer/Xcode/DerivedData/Revolt-dharrjsambcimaaziudpvzjdcigm/SourcePackages/checkouts/Grid
    builtin-copy -exclude .DS_Store -exclude CVS -exclude .svn -exclude .git -exclude .hg -resolve-src-symlinks /Users/harishvishwakarma/Library/Developer/Xcode/DerivedData/Revolt-dharrjsambcimaaziudpvzjdcigm/Build/Intermediates.noindex/ExyteGrid.build/Debug-iphoneos/ExyteGrid.build/ExyteGrid.modulemap /Users/harishvishwakarma/Library/Developer/Xcode/DerivedData/Revolt-dharrjsambcimaaziudpvzjdcigm/Build/Intermediates.noindex/GeneratedModuleMaps-iphoneos

WriteAuxiliaryFile /Users/harishvishwakarma/Library/Developer/Xcode/DerivedData/Revolt-dharrjsambcimaaziudpvzjdcigm/Build/Intermediates.noindex/Down.build/Debug-iphoneos/Down.build/Objects-normal/arm64/Down-OutputFileMap.json (in target 'Down' from project 'Down')
    cd /Users/harishvishwakarma/Library/Developer/Xcode/DerivedData/Revolt-dharrjsambcimaaziudpvzjdcigm/SourcePackages/checkouts/Down
    write-file /Users/harishvishwakarma/Library/Developer/Xcode/DerivedData/Revolt-dharrjsambcimaaziudpvzjdcigm/Build/Intermediates.noindex/Down.build/Debug-iphoneos/Down.build/Objects-normal/arm64/Down-OutputFileMap.json

WriteAuxiliaryFile /Users/harishvishwakarma/Library/Developer/Xcode/DerivedData/Revolt-dharrjsambcimaaziudpvzjdcigm/Build/Intermediates.noindex/Down.build/Debug-iphoneos/Down.build/Down.modulemap (in target 'Down' from project 'Down')
    cd /Users/harishvishwakarma/Library/Developer/Xcode/DerivedData/Revolt-dharrjsambcimaaziudpvzjdcigm/SourcePackages/checkouts/Down
    write-file /Users/harishvishwakarma/Library/Developer/Xcode/DerivedData/Revolt-dharrjsambcimaaziudpvzjdcigm/Build/Intermediates.noindex/Down.build/Debug-iphoneos/Down.build/Down.modulemap

WriteAuxiliaryFile /Users/harishvishwakarma/Library/Developer/Xcode/DerivedData/Revolt-dharrjsambcimaaziudpvzjdcigm/Build/Intermediates.noindex/Down.build/Debug-iphoneos/Down.build/Down.DependencyStaticMetadataFileList (in target 'Down' from project 'Down')
    cd /Users/harishvishwakarma/Library/Developer/Xcode/DerivedData/Revolt-dharrjsambcimaaziudpvzjdcigm/SourcePackages/checkouts/Down
    write-file /Users/harishvishwakarma/Library/Developer/Xcode/DerivedData/Revolt-dharrjsambcimaaziudpvzjdcigm/Build/Intermediates.noindex/Down.build/Debug-iphoneos/Down.build/Down.DependencyStaticMetadataFileList

WriteAuxiliaryFile /Users/harishvishwakarma/Library/Developer/Xcode/DerivedData/Revolt-dharrjsambcimaaziudpvzjdcigm/Build/Intermediates.noindex/Down.build/Debug-iphoneos/Down.build/Down.DependencyMetadataFileList (in target 'Down' from project 'Down')
    cd /Users/harishvishwakarma/Library/Developer/Xcode/DerivedData/Revolt-dharrjsambcimaaziudpvzjdcigm/SourcePackages/checkouts/Down
    write-file /Users/harishvishwakarma/Library/Developer/Xcode/DerivedData/Revolt-dharrjsambcimaaziudpvzjdcigm/Build/Intermediates.noindex/Down.build/Debug-iphoneos/Down.build/Down.DependencyMetadataFileList

WriteAuxiliaryFile /Users/harishvishwakarma/Library/Developer/Xcode/DerivedData/Revolt-dharrjsambcimaaziudpvzjdcigm/Build/Intermediates.noindex/Down.build/Debug-iphoneos/Down.build/DerivedSources/resource_bundle_accessor.swift (in target 'Down' from project 'Down')
    cd /Users/harishvishwakarma/Library/Developer/Xcode/DerivedData/Revolt-dharrjsambcimaaziudpvzjdcigm/SourcePackages/checkouts/Down
    write-file /Users/harishvishwakarma/Library/Developer/Xcode/DerivedData/Revolt-dharrjsambcimaaziudpvzjdcigm/Build/Intermediates.noindex/Down.build/Debug-iphoneos/Down.build/DerivedSources/resource_bundle_accessor.swift

WriteAuxiliaryFile /Users/harishvishwakarma/Library/Developer/Xcode/DerivedData/Revolt-dharrjsambcimaaziudpvzjdcigm/Build/Intermediates.noindex/swift-collections.build/Debug-iphoneos/DequeModule.build/Objects-normal/arm64/DequeModule_const_extract_protocols.json (in target 'DequeModule' from project 'swift-collections')
    cd /Users/harishvishwakarma/Library/Developer/Xcode/DerivedData/Revolt-dharrjsambcimaaziudpvzjdcigm/SourcePackages/checkouts/swift-collections
    write-file /Users/harishvishwakarma/Library/Developer/Xcode/DerivedData/Revolt-dharrjsambcimaaziudpvzjdcigm/Build/Intermediates.noindex/swift-collections.build/Debug-iphoneos/DequeModule.build/Objects-normal/arm64/DequeModule_const_extract_protocols.json

WriteAuxiliaryFile /Users/harishvishwakarma/Library/Developer/Xcode/DerivedData/Revolt-dharrjsambcimaaziudpvzjdcigm/Build/Intermediates.noindex/swift-collections.build/Debug-iphoneos/DequeModule.build/Objects-normal/arm64/DequeModule.SwiftFileList (in target 'DequeModule' from project 'swift-collections')
    cd /Users/harishvishwakarma/Library/Developer/Xcode/DerivedData/Revolt-dharrjsambcimaaziudpvzjdcigm/SourcePackages/checkouts/swift-collections
    write-file /Users/harishvishwakarma/Library/Developer/Xcode/DerivedData/Revolt-dharrjsambcimaaziudpvzjdcigm/Build/Intermediates.noindex/swift-collections.build/Debug-iphoneos/DequeModule.build/Objects-normal/arm64/DequeModule.SwiftFileList

WriteAuxiliaryFile /Users/harishvishwakarma/Library/Developer/Xcode/DerivedData/Revolt-dharrjsambcimaaziudpvzjdcigm/Build/Intermediates.noindex/swift-collections.build/Debug-iphoneos/DequeModule.build/Objects-normal/arm64/DequeModule.SwiftConstValuesFileList (in target 'DequeModule' from project 'swift-collections')
    cd /Users/harishvishwakarma/Library/Developer/Xcode/DerivedData/Revolt-dharrjsambcimaaziudpvzjdcigm/SourcePackages/checkouts/swift-collections
    write-file /Users/harishvishwakarma/Library/Developer/Xcode/DerivedData/Revolt-dharrjsambcimaaziudpvzjdcigm/Build/Intermediates.noindex/swift-collections.build/Debug-iphoneos/DequeModule.build/Objects-normal/arm64/DequeModule.SwiftConstValuesFileList

WriteAuxiliaryFile /Users/harishvishwakarma/Library/Developer/Xcode/DerivedData/Revolt-dharrjsambcimaaziudpvzjdcigm/Build/Intermediates.noindex/swift-collections.build/Debug-iphoneos/DequeModule.build/Objects-normal/arm64/DequeModule.LinkFileList (in target 'DequeModule' from project 'swift-collections')
    cd /Users/harishvishwakarma/Library/Developer/Xcode/DerivedData/Revolt-dharrjsambcimaaziudpvzjdcigm/SourcePackages/checkouts/swift-collections
    write-file /Users/harishvishwakarma/Library/Developer/Xcode/DerivedData/Revolt-dharrjsambcimaaziudpvzjdcigm/Build/Intermediates.noindex/swift-collections.build/Debug-iphoneos/DequeModule.build/Objects-normal/arm64/DequeModule.LinkFileList

WriteAuxiliaryFile /Users/harishvishwakarma/Library/Developer/Xcode/DerivedData/Revolt-dharrjsambcimaaziudpvzjdcigm/Build/Intermediates.noindex/swift-collections.build/Debug-iphoneos/DequeModule.build/Objects-normal/arm64/DequeModule-OutputFileMap.json (in target 'DequeModule' from project 'swift-collections')
    cd /Users/harishvishwakarma/Library/Developer/Xcode/DerivedData/Revolt-dharrjsambcimaaziudpvzjdcigm/SourcePackages/checkouts/swift-collections
    write-file /Users/harishvishwakarma/Library/Developer/Xcode/DerivedData/Revolt-dharrjsambcimaaziudpvzjdcigm/Build/Intermediates.noindex/swift-collections.build/Debug-iphoneos/DequeModule.build/Objects-normal/arm64/DequeModule-OutputFileMap.json

WriteAuxiliaryFile /Users/harishvishwakarma/Library/Developer/Xcode/DerivedData/Revolt-dharrjsambcimaaziudpvzjdcigm/Build/Intermediates.noindex/swift-collections.build/Debug-iphoneos/DequeModule.build/DequeModule.modulemap (in target 'DequeModule' from project 'swift-collections')
    cd /Users/harishvishwakarma/Library/Developer/Xcode/DerivedData/Revolt-dharrjsambcimaaziudpvzjdcigm/SourcePackages/checkouts/swift-collections
    write-file /Users/harishvishwakarma/Library/Developer/Xcode/DerivedData/Revolt-dharrjsambcimaaziudpvzjdcigm/Build/Intermediates.noindex/swift-collections.build/Debug-iphoneos/DequeModule.build/DequeModule.modulemap

WriteAuxiliaryFile /Users/harishvishwakarma/Library/Developer/Xcode/DerivedData/Revolt-dharrjsambcimaaziudpvzjdcigm/Build/Intermediates.noindex/swift-collections.build/Debug-iphoneos/DequeModule.build/DequeModule.DependencyStaticMetadataFileList (in target 'DequeModule' from project 'swift-collections')
    cd /Users/harishvishwakarma/Library/Developer/Xcode/DerivedData/Revolt-dharrjsambcimaaziudpvzjdcigm/SourcePackages/checkouts/swift-collections
    write-file /Users/harishvishwakarma/Library/Developer/Xcode/DerivedData/Revolt-dharrjsambcimaaziudpvzjdcigm/Build/Intermediates.noindex/swift-collections.build/Debug-iphoneos/DequeModule.build/DequeModule.DependencyStaticMetadataFileList

Copy /Users/harishvishwakarma/Library/Developer/Xcode/DerivedData/Revolt-dharrjsambcimaaziudpvzjdcigm/Build/Intermediates.noindex/GeneratedModuleMaps-iphoneos/Down.modulemap /Users/harishvishwakarma/Library/Developer/Xcode/DerivedData/Revolt-dharrjsambcimaaziudpvzjdcigm/Build/Intermediates.noindex/Down.build/Debug-iphoneos/Down.build/Down.modulemap (in target 'Down' from project 'Down')
    cd /Users/harishvishwakarma/Library/Developer/Xcode/DerivedData/Revolt-dharrjsambcimaaziudpvzjdcigm/SourcePackages/checkouts/Down
    builtin-copy -exclude .DS_Store -exclude CVS -exclude .svn -exclude .git -exclude .hg -resolve-src-symlinks /Users/harishvishwakarma/Library/Developer/Xcode/DerivedData/Revolt-dharrjsambcimaaziudpvzjdcigm/Build/Intermediates.noindex/Down.build/Debug-iphoneos/Down.build/Down.modulemap /Users/harishvishwakarma/Library/Developer/Xcode/DerivedData/Revolt-dharrjsambcimaaziudpvzjdcigm/Build/Intermediates.noindex/GeneratedModuleMaps-iphoneos

WriteAuxiliaryFile /Users/harishvishwakarma/Library/Developer/Xcode/DerivedData/Revolt-dharrjsambcimaaziudpvzjdcigm/Build/Intermediates.noindex/swift-collections.build/Debug-iphoneos/DequeModule.build/DequeModule.DependencyMetadataFileList (in target 'DequeModule' from project 'swift-collections')
    cd /Users/harishvishwakarma/Library/Developer/Xcode/DerivedData/Revolt-dharrjsambcimaaziudpvzjdcigm/SourcePackages/checkouts/swift-collections
    write-file /Users/harishvishwakarma/Library/Developer/Xcode/DerivedData/Revolt-dharrjsambcimaaziudpvzjdcigm/Build/Intermediates.noindex/swift-collections.build/Debug-iphoneos/DequeModule.build/DequeModule.DependencyMetadataFileList

WriteAuxiliaryFile /Users/harishvishwakarma/Library/Developer/Xcode/DerivedData/Revolt-dharrjsambcimaaziudpvzjdcigm/Build/Intermediates.noindex/swift-collections.build/Debug-iphoneos/Collections.build/Objects-normal/arm64/Collections_const_extract_protocols.json (in target 'Collections' from project 'swift-collections')
    cd /Users/harishvishwakarma/Library/Developer/Xcode/DerivedData/Revolt-dharrjsambcimaaziudpvzjdcigm/SourcePackages/checkouts/swift-collections
    write-file /Users/harishvishwakarma/Library/Developer/Xcode/DerivedData/Revolt-dharrjsambcimaaziudpvzjdcigm/Build/Intermediates.noindex/swift-collections.build/Debug-iphoneos/Collections.build/Objects-normal/arm64/Collections_const_extract_protocols.json

WriteAuxiliaryFile /Users/harishvishwakarma/Library/Developer/Xcode/DerivedData/Revolt-dharrjsambcimaaziudpvzjdcigm/Build/Intermediates.noindex/swift-collections.build/Debug-iphoneos/Collections.build/Objects-normal/arm64/Collections.SwiftFileList (in target 'Collections' from project 'swift-collections')
    cd /Users/harishvishwakarma/Library/Developer/Xcode/DerivedData/Revolt-dharrjsambcimaaziudpvzjdcigm/SourcePackages/checkouts/swift-collections
    write-file /Users/harishvishwakarma/Library/Developer/Xcode/DerivedData/Revolt-dharrjsambcimaaziudpvzjdcigm/Build/Intermediates.noindex/swift-collections.build/Debug-iphoneos/Collections.build/Objects-normal/arm64/Collections.SwiftFileList

WriteAuxiliaryFile /Users/harishvishwakarma/Library/Developer/Xcode/DerivedData/Revolt-dharrjsambcimaaziudpvzjdcigm/Build/Intermediates.noindex/swift-collections.build/Debug-iphoneos/Collections.build/Objects-normal/arm64/Collections.SwiftConstValuesFileList (in target 'Collections' from project 'swift-collections')
    cd /Users/harishvishwakarma/Library/Developer/Xcode/DerivedData/Revolt-dharrjsambcimaaziudpvzjdcigm/SourcePackages/checkouts/swift-collections
    write-file /Users/harishvishwakarma/Library/Developer/Xcode/DerivedData/Revolt-dharrjsambcimaaziudpvzjdcigm/Build/Intermediates.noindex/swift-collections.build/Debug-iphoneos/Collections.build/Objects-normal/arm64/Collections.SwiftConstValuesFileList

WriteAuxiliaryFile /Users/harishvishwakarma/Library/Developer/Xcode/DerivedData/Revolt-dharrjsambcimaaziudpvzjdcigm/Build/Intermediates.noindex/swift-collections.build/Debug-iphoneos/Collections.build/Objects-normal/arm64/Collections.LinkFileList (in target 'Collections' from project 'swift-collections')
    cd /Users/harishvishwakarma/Library/Developer/Xcode/DerivedData/Revolt-dharrjsambcimaaziudpvzjdcigm/SourcePackages/checkouts/swift-collections
    write-file /Users/harishvishwakarma/Library/Developer/Xcode/DerivedData/Revolt-dharrjsambcimaaziudpvzjdcigm/Build/Intermediates.noindex/swift-collections.build/Debug-iphoneos/Collections.build/Objects-normal/arm64/Collections.LinkFileList

WriteAuxiliaryFile /Users/harishvishwakarma/Library/Developer/Xcode/DerivedData/Revolt-dharrjsambcimaaziudpvzjdcigm/Build/Intermediates.noindex/swift-collections.build/Debug-iphoneos/Collections.build/Objects-normal/arm64/Collections-OutputFileMap.json (in target 'Collections' from project 'swift-collections')
    cd /Users/harishvishwakarma/Library/Developer/Xcode/DerivedData/Revolt-dharrjsambcimaaziudpvzjdcigm/SourcePackages/checkouts/swift-collections
    write-file /Users/harishvishwakarma/Library/Developer/Xcode/DerivedData/Revolt-dharrjsambcimaaziudpvzjdcigm/Build/Intermediates.noindex/swift-collections.build/Debug-iphoneos/Collections.build/Objects-normal/arm64/Collections-OutputFileMap.json

WriteAuxiliaryFile /Users/harishvishwakarma/Library/Developer/Xcode/DerivedData/Revolt-dharrjsambcimaaziudpvzjdcigm/Build/Intermediates.noindex/swift-collections.build/Debug-iphoneos/Collections.build/Collections.modulemap (in target 'Collections' from project 'swift-collections')
    cd /Users/harishvishwakarma/Library/Developer/Xcode/DerivedData/Revolt-dharrjsambcimaaziudpvzjdcigm/SourcePackages/checkouts/swift-collections
    write-file /Users/harishvishwakarma/Library/Developer/Xcode/DerivedData/Revolt-dharrjsambcimaaziudpvzjdcigm/Build/Intermediates.noindex/swift-collections.build/Debug-iphoneos/Collections.build/Collections.modulemap

WriteAuxiliaryFile /Users/harishvishwakarma/Library/Developer/Xcode/DerivedData/Revolt-dharrjsambcimaaziudpvzjdcigm/Build/Intermediates.noindex/swift-collections.build/Debug-iphoneos/Collections.build/Collections.DependencyStaticMetadataFileList (in target 'Collections' from project 'swift-collections')
    cd /Users/harishvishwakarma/Library/Developer/Xcode/DerivedData/Revolt-dharrjsambcimaaziudpvzjdcigm/SourcePackages/checkouts/swift-collections
    write-file /Users/harishvishwakarma/Library/Developer/Xcode/DerivedData/Revolt-dharrjsambcimaaziudpvzjdcigm/Build/Intermediates.noindex/swift-collections.build/Debug-iphoneos/Collections.build/Collections.DependencyStaticMetadataFileList

Copy /Users/harishvishwakarma/Library/Developer/Xcode/DerivedData/Revolt-dharrjsambcimaaziudpvzjdcigm/Build/Intermediates.noindex/GeneratedModuleMaps-iphoneos/DequeModule.modulemap /Users/harishvishwakarma/Library/Developer/Xcode/DerivedData/Revolt-dharrjsambcimaaziudpvzjdcigm/Build/Intermediates.noindex/swift-collections.build/Debug-iphoneos/DequeModule.build/DequeModule.modulemap (in target 'DequeModule' from project 'swift-collections')
    cd /Users/harishvishwakarma/Library/Developer/Xcode/DerivedData/Revolt-dharrjsambcimaaziudpvzjdcigm/SourcePackages/checkouts/swift-collections
    builtin-copy -exclude .DS_Store -exclude CVS -exclude .svn -exclude .git -exclude .hg -resolve-src-symlinks /Users/harishvishwakarma/Library/Developer/Xcode/DerivedData/Revolt-dharrjsambcimaaziudpvzjdcigm/Build/Intermediates.noindex/swift-collections.build/Debug-iphoneos/DequeModule.build/DequeModule.modulemap /Users/harishvishwakarma/Library/Developer/Xcode/DerivedData/Revolt-dharrjsambcimaaziudpvzjdcigm/Build/Intermediates.noindex/GeneratedModuleMaps-iphoneos

WriteAuxiliaryFile /Users/harishvishwakarma/Library/Developer/Xcode/DerivedData/Revolt-dharrjsambcimaaziudpvzjdcigm/Build/Intermediates.noindex/swift-collections.build/Debug-iphoneos/Collections.build/Collections.DependencyMetadataFileList (in target 'Collections' from project 'swift-collections')
    cd /Users/harishvishwakarma/Library/Developer/Xcode/DerivedData/Revolt-dharrjsambcimaaziudpvzjdcigm/SourcePackages/checkouts/swift-collections
    write-file /Users/harishvishwakarma/Library/Developer/Xcode/DerivedData/Revolt-dharrjsambcimaaziudpvzjdcigm/Build/Intermediates.noindex/swift-collections.build/Debug-iphoneos/Collections.build/Collections.DependencyMetadataFileList

WriteAuxiliaryFile /Users/harishvishwakarma/Library/Developer/Xcode/DerivedData/Revolt-dharrjsambcimaaziudpvzjdcigm/Build/Intermediates.noindex/CodableWrapper.build/Debug-iphoneos/CodableWrapper.build/Objects-normal/arm64/CodableWrapper.LinkFileList (in target 'CodableWrapper' from project 'CodableWrapper')
    cd /Users/harishvishwakarma/Library/Developer/Xcode/DerivedData/Revolt-dharrjsambcimaaziudpvzjdcigm/SourcePackages/checkouts/CodableWrapper
    write-file /Users/harishvishwakarma/Library/Developer/Xcode/DerivedData/Revolt-dharrjsambcimaaziudpvzjdcigm/Build/Intermediates.noindex/CodableWrapper.build/Debug-iphoneos/CodableWrapper.build/Objects-normal/arm64/CodableWrapper.LinkFileList

WriteAuxiliaryFile /Users/harishvishwakarma/Library/Developer/Xcode/DerivedData/Revolt-dharrjsambcimaaziudpvzjdcigm/Build/Intermediates.noindex/CodableWrapper.build/Debug-iphoneos/CodableWrapper.build/Objects-normal/arm64/CodableWrapper.SwiftConstValuesFileList (in target 'CodableWrapper' from project 'CodableWrapper')
    cd /Users/harishvishwakarma/Library/Developer/Xcode/DerivedData/Revolt-dharrjsambcimaaziudpvzjdcigm/SourcePackages/checkouts/CodableWrapper
    write-file /Users/harishvishwakarma/Library/Developer/Xcode/DerivedData/Revolt-dharrjsambcimaaziudpvzjdcigm/Build/Intermediates.noindex/CodableWrapper.build/Debug-iphoneos/CodableWrapper.build/Objects-normal/arm64/CodableWrapper.SwiftConstValuesFileList

WriteAuxiliaryFile /Users/harishvishwakarma/Library/Developer/Xcode/DerivedData/Revolt-dharrjsambcimaaziudpvzjdcigm/Build/Intermediates.noindex/CodableWrapper.build/Debug-iphoneos/CodableWrapper.build/Objects-normal/arm64/CodableWrapper_const_extract_protocols.json (in target 'CodableWrapper' from project 'CodableWrapper')
    cd /Users/harishvishwakarma/Library/Developer/Xcode/DerivedData/Revolt-dharrjsambcimaaziudpvzjdcigm/SourcePackages/checkouts/CodableWrapper
    write-file /Users/harishvishwakarma/Library/Developer/Xcode/DerivedData/Revolt-dharrjsambcimaaziudpvzjdcigm/Build/Intermediates.noindex/CodableWrapper.build/Debug-iphoneos/CodableWrapper.build/Objects-normal/arm64/CodableWrapper_const_extract_protocols.json

WriteAuxiliaryFile /Users/harishvishwakarma/Library/Developer/Xcode/DerivedData/Revolt-dharrjsambcimaaziudpvzjdcigm/Build/Intermediates.noindex/CodableWrapper.build/Debug-iphoneos/CodableWrapper.build/Objects-normal/arm64/CodableWrapper.SwiftFileList (in target 'CodableWrapper' from project 'CodableWrapper')
    cd /Users/harishvishwakarma/Library/Developer/Xcode/DerivedData/Revolt-dharrjsambcimaaziudpvzjdcigm/SourcePackages/checkouts/CodableWrapper
    write-file /Users/harishvishwakarma/Library/Developer/Xcode/DerivedData/Revolt-dharrjsambcimaaziudpvzjdcigm/Build/Intermediates.noindex/CodableWrapper.build/Debug-iphoneos/CodableWrapper.build/Objects-normal/arm64/CodableWrapper.SwiftFileList

WriteAuxiliaryFile /Users/harishvishwakarma/Library/Developer/Xcode/DerivedData/Revolt-dharrjsambcimaaziudpvzjdcigm/Build/Intermediates.noindex/CodableWrapper.build/Debug-iphoneos/CodableWrapper.build/Objects-normal/arm64/CodableWrapper-OutputFileMap.json (in target 'CodableWrapper' from project 'CodableWrapper')
    cd /Users/harishvishwakarma/Library/Developer/Xcode/DerivedData/Revolt-dharrjsambcimaaziudpvzjdcigm/SourcePackages/checkouts/CodableWrapper
    write-file /Users/harishvishwakarma/Library/Developer/Xcode/DerivedData/Revolt-dharrjsambcimaaziudpvzjdcigm/Build/Intermediates.noindex/CodableWrapper.build/Debug-iphoneos/CodableWrapper.build/Objects-normal/arm64/CodableWrapper-OutputFileMap.json

WriteAuxiliaryFile /Users/harishvishwakarma/Library/Developer/Xcode/DerivedData/Revolt-dharrjsambcimaaziudpvzjdcigm/Build/Intermediates.noindex/CodableWrapper.build/Debug-iphoneos/CodableWrapper.build/CodableWrapper.modulemap (in target 'CodableWrapper' from project 'CodableWrapper')
    cd /Users/harishvishwakarma/Library/Developer/Xcode/DerivedData/Revolt-dharrjsambcimaaziudpvzjdcigm/SourcePackages/checkouts/CodableWrapper
    write-file /Users/harishvishwakarma/Library/Developer/Xcode/DerivedData/Revolt-dharrjsambcimaaziudpvzjdcigm/Build/Intermediates.noindex/CodableWrapper.build/Debug-iphoneos/CodableWrapper.build/CodableWrapper.modulemap

WriteAuxiliaryFile /Users/harishvishwakarma/Library/Developer/Xcode/DerivedData/Revolt-dharrjsambcimaaziudpvzjdcigm/Build/Intermediates.noindex/CodableWrapper.build/Debug-iphoneos/CodableWrapper.build/CodableWrapper.DependencyStaticMetadataFileList (in target 'CodableWrapper' from project 'CodableWrapper')
    cd /Users/harishvishwakarma/Library/Developer/Xcode/DerivedData/Revolt-dharrjsambcimaaziudpvzjdcigm/SourcePackages/checkouts/CodableWrapper
    write-file /Users/harishvishwakarma/Library/Developer/Xcode/DerivedData/Revolt-dharrjsambcimaaziudpvzjdcigm/Build/Intermediates.noindex/CodableWrapper.build/Debug-iphoneos/CodableWrapper.build/CodableWrapper.DependencyStaticMetadataFileList

Copy /Users/harishvishwakarma/Library/Developer/Xcode/DerivedData/Revolt-dharrjsambcimaaziudpvzjdcigm/Build/Intermediates.noindex/GeneratedModuleMaps-iphoneos/Collections.modulemap /Users/harishvishwakarma/Library/Developer/Xcode/DerivedData/Revolt-dharrjsambcimaaziudpvzjdcigm/Build/Intermediates.noindex/swift-collections.build/Debug-iphoneos/Collections.build/Collections.modulemap (in target 'Collections' from project 'swift-collections')
    cd /Users/harishvishwakarma/Library/Developer/Xcode/DerivedData/Revolt-dharrjsambcimaaziudpvzjdcigm/SourcePackages/checkouts/swift-collections
    builtin-copy -exclude .DS_Store -exclude CVS -exclude .svn -exclude .git -exclude .hg -resolve-src-symlinks /Users/harishvishwakarma/Library/Developer/Xcode/DerivedData/Revolt-dharrjsambcimaaziudpvzjdcigm/Build/Intermediates.noindex/swift-collections.build/Debug-iphoneos/Collections.build/Collections.modulemap /Users/harishvishwakarma/Library/Developer/Xcode/DerivedData/Revolt-dharrjsambcimaaziudpvzjdcigm/Build/Intermediates.noindex/GeneratedModuleMaps-iphoneos

WriteAuxiliaryFile /Users/harishvishwakarma/Library/Developer/Xcode/DerivedData/Revolt-dharrjsambcimaaziudpvzjdcigm/Build/Intermediates.noindex/CodableWrapper.build/Debug-iphoneos/CodableWrapper.build/CodableWrapper.DependencyMetadataFileList (in target 'CodableWrapper' from project 'CodableWrapper')
    cd /Users/harishvishwakarma/Library/Developer/Xcode/DerivedData/Revolt-dharrjsambcimaaziudpvzjdcigm/SourcePackages/checkouts/CodableWrapper
    write-file /Users/harishvishwakarma/Library/Developer/Xcode/DerivedData/Revolt-dharrjsambcimaaziudpvzjdcigm/Build/Intermediates.noindex/CodableWrapper.build/Debug-iphoneos/CodableWrapper.build/CodableWrapper.DependencyMetadataFileList

WriteAuxiliaryFile /Users/harishvishwakarma/Library/Developer/Xcode/DerivedData/Revolt-dharrjsambcimaaziudpvzjdcigm/Build/Intermediates.noindex/swift-case-paths.build/Debug-iphoneos/CasePaths.build/Objects-normal/arm64/CasePaths_const_extract_protocols.json (in target 'CasePaths' from project 'swift-case-paths')
    cd /Users/harishvishwakarma/Library/Developer/Xcode/DerivedData/Revolt-dharrjsambcimaaziudpvzjdcigm/SourcePackages/checkouts/swift-case-paths
    write-file /Users/harishvishwakarma/Library/Developer/Xcode/DerivedData/Revolt-dharrjsambcimaaziudpvzjdcigm/Build/Intermediates.noindex/swift-case-paths.build/Debug-iphoneos/CasePaths.build/Objects-normal/arm64/CasePaths_const_extract_protocols.json

WriteAuxiliaryFile /Users/harishvishwakarma/Library/Developer/Xcode/DerivedData/Revolt-dharrjsambcimaaziudpvzjdcigm/Build/Intermediates.noindex/swift-case-paths.build/Debug-iphoneos/CasePaths.build/Objects-normal/arm64/CasePaths.SwiftFileList (in target 'CasePaths' from project 'swift-case-paths')
    cd /Users/harishvishwakarma/Library/Developer/Xcode/DerivedData/Revolt-dharrjsambcimaaziudpvzjdcigm/SourcePackages/checkouts/swift-case-paths
    write-file /Users/harishvishwakarma/Library/Developer/Xcode/DerivedData/Revolt-dharrjsambcimaaziudpvzjdcigm/Build/Intermediates.noindex/swift-case-paths.build/Debug-iphoneos/CasePaths.build/Objects-normal/arm64/CasePaths.SwiftFileList

WriteAuxiliaryFile /Users/harishvishwakarma/Library/Developer/Xcode/DerivedData/Revolt-dharrjsambcimaaziudpvzjdcigm/Build/Intermediates.noindex/swift-case-paths.build/Debug-iphoneos/CasePaths.build/Objects-normal/arm64/CasePaths.SwiftConstValuesFileList (in target 'CasePaths' from project 'swift-case-paths')
    cd /Users/harishvishwakarma/Library/Developer/Xcode/DerivedData/Revolt-dharrjsambcimaaziudpvzjdcigm/SourcePackages/checkouts/swift-case-paths
    write-file /Users/harishvishwakarma/Library/Developer/Xcode/DerivedData/Revolt-dharrjsambcimaaziudpvzjdcigm/Build/Intermediates.noindex/swift-case-paths.build/Debug-iphoneos/CasePaths.build/Objects-normal/arm64/CasePaths.SwiftConstValuesFileList

WriteAuxiliaryFile /Users/harishvishwakarma/Library/Developer/Xcode/DerivedData/Revolt-dharrjsambcimaaziudpvzjdcigm/Build/Intermediates.noindex/swift-case-paths.build/Debug-iphoneos/CasePaths.build/Objects-normal/arm64/CasePaths.LinkFileList (in target 'CasePaths' from project 'swift-case-paths')
    cd /Users/harishvishwakarma/Library/Developer/Xcode/DerivedData/Revolt-dharrjsambcimaaziudpvzjdcigm/SourcePackages/checkouts/swift-case-paths
    write-file /Users/harishvishwakarma/Library/Developer/Xcode/DerivedData/Revolt-dharrjsambcimaaziudpvzjdcigm/Build/Intermediates.noindex/swift-case-paths.build/Debug-iphoneos/CasePaths.build/Objects-normal/arm64/CasePaths.LinkFileList

WriteAuxiliaryFile /Users/harishvishwakarma/Library/Developer/Xcode/DerivedData/Revolt-dharrjsambcimaaziudpvzjdcigm/Build/Intermediates.noindex/swift-case-paths.build/Debug-iphoneos/CasePaths.build/Objects-normal/arm64/CasePaths-OutputFileMap.json (in target 'CasePaths' from project 'swift-case-paths')
    cd /Users/harishvishwakarma/Library/Developer/Xcode/DerivedData/Revolt-dharrjsambcimaaziudpvzjdcigm/SourcePackages/checkouts/swift-case-paths
    write-file /Users/harishvishwakarma/Library/Developer/Xcode/DerivedData/Revolt-dharrjsambcimaaziudpvzjdcigm/Build/Intermediates.noindex/swift-case-paths.build/Debug-iphoneos/CasePaths.build/Objects-normal/arm64/CasePaths-OutputFileMap.json

WriteAuxiliaryFile /Users/harishvishwakarma/Library/Developer/Xcode/DerivedData/Revolt-dharrjsambcimaaziudpvzjdcigm/Build/Intermediates.noindex/swift-case-paths.build/Debug-iphoneos/CasePaths.build/CasePaths.modulemap (in target 'CasePaths' from project 'swift-case-paths')
    cd /Users/harishvishwakarma/Library/Developer/Xcode/DerivedData/Revolt-dharrjsambcimaaziudpvzjdcigm/SourcePackages/checkouts/swift-case-paths
    write-file /Users/harishvishwakarma/Library/Developer/Xcode/DerivedData/Revolt-dharrjsambcimaaziudpvzjdcigm/Build/Intermediates.noindex/swift-case-paths.build/Debug-iphoneos/CasePaths.build/CasePaths.modulemap

WriteAuxiliaryFile /Users/harishvishwakarma/Library/Developer/Xcode/DerivedData/Revolt-dharrjsambcimaaziudpvzjdcigm/Build/Intermediates.noindex/swift-case-paths.build/Debug-iphoneos/CasePaths.build/CasePaths.DependencyStaticMetadataFileList (in target 'CasePaths' from project 'swift-case-paths')
    cd /Users/harishvishwakarma/Library/Developer/Xcode/DerivedData/Revolt-dharrjsambcimaaziudpvzjdcigm/SourcePackages/checkouts/swift-case-paths
    write-file /Users/harishvishwakarma/Library/Developer/Xcode/DerivedData/Revolt-dharrjsambcimaaziudpvzjdcigm/Build/Intermediates.noindex/swift-case-paths.build/Debug-iphoneos/CasePaths.build/CasePaths.DependencyStaticMetadataFileList

Copy /Users/harishvishwakarma/Library/Developer/Xcode/DerivedData/Revolt-dharrjsambcimaaziudpvzjdcigm/Build/Intermediates.noindex/GeneratedModuleMaps-iphoneos/CodableWrapper.modulemap /Users/harishvishwakarma/Library/Developer/Xcode/DerivedData/Revolt-dharrjsambcimaaziudpvzjdcigm/Build/Intermediates.noindex/CodableWrapper.build/Debug-iphoneos/CodableWrapper.build/CodableWrapper.modulemap (in target 'CodableWrapper' from project 'CodableWrapper')
    cd /Users/harishvishwakarma/Library/Developer/Xcode/DerivedData/Revolt-dharrjsambcimaaziudpvzjdcigm/SourcePackages/checkouts/CodableWrapper
    builtin-copy -exclude .DS_Store -exclude CVS -exclude .svn -exclude .git -exclude .hg -resolve-src-symlinks /Users/harishvishwakarma/Library/Developer/Xcode/DerivedData/Revolt-dharrjsambcimaaziudpvzjdcigm/Build/Intermediates.noindex/CodableWrapper.build/Debug-iphoneos/CodableWrapper.build/CodableWrapper.modulemap /Users/harishvishwakarma/Library/Developer/Xcode/DerivedData/Revolt-dharrjsambcimaaziudpvzjdcigm/Build/Intermediates.noindex/GeneratedModuleMaps-iphoneos

WriteAuxiliaryFile /Users/harishvishwakarma/Library/Developer/Xcode/DerivedData/Revolt-dharrjsambcimaaziudpvzjdcigm/Build/Intermediates.noindex/swift-case-paths.build/Debug-iphoneos/CasePaths.build/CasePaths.DependencyMetadataFileList (in target 'CasePaths' from project 'swift-case-paths')
    cd /Users/harishvishwakarma/Library/Developer/Xcode/DerivedData/Revolt-dharrjsambcimaaziudpvzjdcigm/SourcePackages/checkouts/swift-case-paths
    write-file /Users/harishvishwakarma/Library/Developer/Xcode/DerivedData/Revolt-dharrjsambcimaaziudpvzjdcigm/Build/Intermediates.noindex/swift-case-paths.build/Debug-iphoneos/CasePaths.build/CasePaths.DependencyMetadataFileList

WriteAuxiliaryFile /Users/harishvishwakarma/Library/Developer/Xcode/DerivedData/Revolt-dharrjsambcimaaziudpvzjdcigm/Build/Intermediates.noindex/swift-collections.build/Debug-iphoneos/BitCollections.build/Objects-normal/arm64/BitCollections_const_extract_protocols.json (in target 'BitCollections' from project 'swift-collections')
    cd /Users/harishvishwakarma/Library/Developer/Xcode/DerivedData/Revolt-dharrjsambcimaaziudpvzjdcigm/SourcePackages/checkouts/swift-collections
    write-file /Users/harishvishwakarma/Library/Developer/Xcode/DerivedData/Revolt-dharrjsambcimaaziudpvzjdcigm/Build/Intermediates.noindex/swift-collections.build/Debug-iphoneos/BitCollections.build/Objects-normal/arm64/BitCollections_const_extract_protocols.json

WriteAuxiliaryFile /Users/harishvishwakarma/Library/Developer/Xcode/DerivedData/Revolt-dharrjsambcimaaziudpvzjdcigm/Build/Intermediates.noindex/swift-collections.build/Debug-iphoneos/BitCollections.build/Objects-normal/arm64/BitCollections.SwiftFileList (in target 'BitCollections' from project 'swift-collections')
    cd /Users/harishvishwakarma/Library/Developer/Xcode/DerivedData/Revolt-dharrjsambcimaaziudpvzjdcigm/SourcePackages/checkouts/swift-collections
    write-file /Users/harishvishwakarma/Library/Developer/Xcode/DerivedData/Revolt-dharrjsambcimaaziudpvzjdcigm/Build/Intermediates.noindex/swift-collections.build/Debug-iphoneos/BitCollections.build/Objects-normal/arm64/BitCollections.SwiftFileList

WriteAuxiliaryFile /Users/harishvishwakarma/Library/Developer/Xcode/DerivedData/Revolt-dharrjsambcimaaziudpvzjdcigm/Build/Intermediates.noindex/swift-collections.build/Debug-iphoneos/BitCollections.build/Objects-normal/arm64/BitCollections.SwiftConstValuesFileList (in target 'BitCollections' from project 'swift-collections')
    cd /Users/harishvishwakarma/Library/Developer/Xcode/DerivedData/Revolt-dharrjsambcimaaziudpvzjdcigm/SourcePackages/checkouts/swift-collections
    write-file /Users/harishvishwakarma/Library/Developer/Xcode/DerivedData/Revolt-dharrjsambcimaaziudpvzjdcigm/Build/Intermediates.noindex/swift-collections.build/Debug-iphoneos/BitCollections.build/Objects-normal/arm64/BitCollections.SwiftConstValuesFileList

WriteAuxiliaryFile /Users/harishvishwakarma/Library/Developer/Xcode/DerivedData/Revolt-dharrjsambcimaaziudpvzjdcigm/Build/Intermediates.noindex/swift-collections.build/Debug-iphoneos/BitCollections.build/Objects-normal/arm64/BitCollections.LinkFileList (in target 'BitCollections' from project 'swift-collections')
    cd /Users/harishvishwakarma/Library/Developer/Xcode/DerivedData/Revolt-dharrjsambcimaaziudpvzjdcigm/SourcePackages/checkouts/swift-collections
    write-file /Users/harishvishwakarma/Library/Developer/Xcode/DerivedData/Revolt-dharrjsambcimaaziudpvzjdcigm/Build/Intermediates.noindex/swift-collections.build/Debug-iphoneos/BitCollections.build/Objects-normal/arm64/BitCollections.LinkFileList

WriteAuxiliaryFile /Users/harishvishwakarma/Library/Developer/Xcode/DerivedData/Revolt-dharrjsambcimaaziudpvzjdcigm/Build/Intermediates.noindex/swift-collections.build/Debug-iphoneos/BitCollections.build/Objects-normal/arm64/BitCollections-OutputFileMap.json (in target 'BitCollections' from project 'swift-collections')
    cd /Users/harishvishwakarma/Library/Developer/Xcode/DerivedData/Revolt-dharrjsambcimaaziudpvzjdcigm/SourcePackages/checkouts/swift-collections
    write-file /Users/harishvishwakarma/Library/Developer/Xcode/DerivedData/Revolt-dharrjsambcimaaziudpvzjdcigm/Build/Intermediates.noindex/swift-collections.build/Debug-iphoneos/BitCollections.build/Objects-normal/arm64/BitCollections-OutputFileMap.json

WriteAuxiliaryFile /Users/harishvishwakarma/Library/Developer/Xcode/DerivedData/Revolt-dharrjsambcimaaziudpvzjdcigm/Build/Intermediates.noindex/swift-collections.build/Debug-iphoneos/BitCollections.build/BitCollections.modulemap (in target 'BitCollections' from project 'swift-collections')
    cd /Users/harishvishwakarma/Library/Developer/Xcode/DerivedData/Revolt-dharrjsambcimaaziudpvzjdcigm/SourcePackages/checkouts/swift-collections
    write-file /Users/harishvishwakarma/Library/Developer/Xcode/DerivedData/Revolt-dharrjsambcimaaziudpvzjdcigm/Build/Intermediates.noindex/swift-collections.build/Debug-iphoneos/BitCollections.build/BitCollections.modulemap

WriteAuxiliaryFile /Users/harishvishwakarma/Library/Developer/Xcode/DerivedData/Revolt-dharrjsambcimaaziudpvzjdcigm/Build/Intermediates.noindex/swift-collections.build/Debug-iphoneos/BitCollections.build/BitCollections.DependencyStaticMetadataFileList (in target 'BitCollections' from project 'swift-collections')
    cd /Users/harishvishwakarma/Library/Developer/Xcode/DerivedData/Revolt-dharrjsambcimaaziudpvzjdcigm/SourcePackages/checkouts/swift-collections
    write-file /Users/harishvishwakarma/Library/Developer/Xcode/DerivedData/Revolt-dharrjsambcimaaziudpvzjdcigm/Build/Intermediates.noindex/swift-collections.build/Debug-iphoneos/BitCollections.build/BitCollections.DependencyStaticMetadataFileList

WriteAuxiliaryFile /Users/harishvishwakarma/Library/Developer/Xcode/DerivedData/Revolt-dharrjsambcimaaziudpvzjdcigm/Build/Intermediates.noindex/swift-collections.build/Debug-iphoneos/BitCollections.build/BitCollections.DependencyMetadataFileList (in target 'BitCollections' from project 'swift-collections')
    cd /Users/harishvishwakarma/Library/Developer/Xcode/DerivedData/Revolt-dharrjsambcimaaziudpvzjdcigm/SourcePackages/checkouts/swift-collections
    write-file /Users/harishvishwakarma/Library/Developer/Xcode/DerivedData/Revolt-dharrjsambcimaaziudpvzjdcigm/Build/Intermediates.noindex/swift-collections.build/Debug-iphoneos/BitCollections.build/BitCollections.DependencyMetadataFileList

Copy /Users/harishvishwakarma/Library/Developer/Xcode/DerivedData/Revolt-dharrjsambcimaaziudpvzjdcigm/Build/Intermediates.noindex/GeneratedModuleMaps-iphoneos/CasePaths.modulemap /Users/harishvishwakarma/Library/Developer/Xcode/DerivedData/Revolt-dharrjsambcimaaziudpvzjdcigm/Build/Intermediates.noindex/swift-case-paths.build/Debug-iphoneos/CasePaths.build/CasePaths.modulemap (in target 'CasePaths' from project 'swift-case-paths')
    cd /Users/harishvishwakarma/Library/Developer/Xcode/DerivedData/Revolt-dharrjsambcimaaziudpvzjdcigm/SourcePackages/checkouts/swift-case-paths
    builtin-copy -exclude .DS_Store -exclude CVS -exclude .svn -exclude .git -exclude .hg -resolve-src-symlinks /Users/harishvishwakarma/Library/Developer/Xcode/DerivedData/Revolt-dharrjsambcimaaziudpvzjdcigm/Build/Intermediates.noindex/swift-case-paths.build/Debug-iphoneos/CasePaths.build/CasePaths.modulemap /Users/harishvishwakarma/Library/Developer/Xcode/DerivedData/Revolt-dharrjsambcimaaziudpvzjdcigm/Build/Intermediates.noindex/GeneratedModuleMaps-iphoneos

WriteAuxiliaryFile /Users/harishvishwakarma/Library/Developer/Xcode/DerivedData/Revolt-dharrjsambcimaaziudpvzjdcigm/Build/Intermediates.noindex/swiftui-navigation-transitions.build/Debug-iphoneos/AtomicTransition.build/Objects-normal/arm64/AtomicTransition_const_extract_protocols.json (in target 'AtomicTransition' from project 'swiftui-navigation-transitions')
    cd /Users/harishvishwakarma/Library/Developer/Xcode/DerivedData/Revolt-dharrjsambcimaaziudpvzjdcigm/SourcePackages/checkouts/swiftui-navigation-transitions
    write-file /Users/harishvishwakarma/Library/Developer/Xcode/DerivedData/Revolt-dharrjsambcimaaziudpvzjdcigm/Build/Intermediates.noindex/swiftui-navigation-transitions.build/Debug-iphoneos/AtomicTransition.build/Objects-normal/arm64/AtomicTransition_const_extract_protocols.json

WriteAuxiliaryFile /Users/harishvishwakarma/Library/Developer/Xcode/DerivedData/Revolt-dharrjsambcimaaziudpvzjdcigm/Build/Intermediates.noindex/swiftui-navigation-transitions.build/Debug-iphoneos/AtomicTransition.build/Objects-normal/arm64/AtomicTransition.SwiftFileList (in target 'AtomicTransition' from project 'swiftui-navigation-transitions')
    cd /Users/harishvishwakarma/Library/Developer/Xcode/DerivedData/Revolt-dharrjsambcimaaziudpvzjdcigm/SourcePackages/checkouts/swiftui-navigation-transitions
    write-file /Users/harishvishwakarma/Library/Developer/Xcode/DerivedData/Revolt-dharrjsambcimaaziudpvzjdcigm/Build/Intermediates.noindex/swiftui-navigation-transitions.build/Debug-iphoneos/AtomicTransition.build/Objects-normal/arm64/AtomicTransition.SwiftFileList

WriteAuxiliaryFile /Users/harishvishwakarma/Library/Developer/Xcode/DerivedData/Revolt-dharrjsambcimaaziudpvzjdcigm/Build/Intermediates.noindex/swiftui-navigation-transitions.build/Debug-iphoneos/AtomicTransition.build/Objects-normal/arm64/AtomicTransition.SwiftConstValuesFileList (in target 'AtomicTransition' from project 'swiftui-navigation-transitions')
    cd /Users/harishvishwakarma/Library/Developer/Xcode/DerivedData/Revolt-dharrjsambcimaaziudpvzjdcigm/SourcePackages/checkouts/swiftui-navigation-transitions
    write-file /Users/harishvishwakarma/Library/Developer/Xcode/DerivedData/Revolt-dharrjsambcimaaziudpvzjdcigm/Build/Intermediates.noindex/swiftui-navigation-transitions.build/Debug-iphoneos/AtomicTransition.build/Objects-normal/arm64/AtomicTransition.SwiftConstValuesFileList

WriteAuxiliaryFile /Users/harishvishwakarma/Library/Developer/Xcode/DerivedData/Revolt-dharrjsambcimaaziudpvzjdcigm/Build/Intermediates.noindex/swiftui-navigation-transitions.build/Debug-iphoneos/AtomicTransition.build/Objects-normal/arm64/AtomicTransition.LinkFileList (in target 'AtomicTransition' from project 'swiftui-navigation-transitions')
    cd /Users/harishvishwakarma/Library/Developer/Xcode/DerivedData/Revolt-dharrjsambcimaaziudpvzjdcigm/SourcePackages/checkouts/swiftui-navigation-transitions
    write-file /Users/harishvishwakarma/Library/Developer/Xcode/DerivedData/Revolt-dharrjsambcimaaziudpvzjdcigm/Build/Intermediates.noindex/swiftui-navigation-transitions.build/Debug-iphoneos/AtomicTransition.build/Objects-normal/arm64/AtomicTransition.LinkFileList

WriteAuxiliaryFile /Users/harishvishwakarma/Library/Developer/Xcode/DerivedData/Revolt-dharrjsambcimaaziudpvzjdcigm/Build/Intermediates.noindex/swiftui-navigation-transitions.build/Debug-iphoneos/AtomicTransition.build/Objects-normal/arm64/AtomicTransition-OutputFileMap.json (in target 'AtomicTransition' from project 'swiftui-navigation-transitions')
    cd /Users/harishvishwakarma/Library/Developer/Xcode/DerivedData/Revolt-dharrjsambcimaaziudpvzjdcigm/SourcePackages/checkouts/swiftui-navigation-transitions
    write-file /Users/harishvishwakarma/Library/Developer/Xcode/DerivedData/Revolt-dharrjsambcimaaziudpvzjdcigm/Build/Intermediates.noindex/swiftui-navigation-transitions.build/Debug-iphoneos/AtomicTransition.build/Objects-normal/arm64/AtomicTransition-OutputFileMap.json

WriteAuxiliaryFile /Users/harishvishwakarma/Library/Developer/Xcode/DerivedData/Revolt-dharrjsambcimaaziudpvzjdcigm/Build/Intermediates.noindex/swiftui-navigation-transitions.build/Debug-iphoneos/AtomicTransition.build/AtomicTransition.modulemap (in target 'AtomicTransition' from project 'swiftui-navigation-transitions')
    cd /Users/harishvishwakarma/Library/Developer/Xcode/DerivedData/Revolt-dharrjsambcimaaziudpvzjdcigm/SourcePackages/checkouts/swiftui-navigation-transitions
    write-file /Users/harishvishwakarma/Library/Developer/Xcode/DerivedData/Revolt-dharrjsambcimaaziudpvzjdcigm/Build/Intermediates.noindex/swiftui-navigation-transitions.build/Debug-iphoneos/AtomicTransition.build/AtomicTransition.modulemap

WriteAuxiliaryFile /Users/harishvishwakarma/Library/Developer/Xcode/DerivedData/Revolt-dharrjsambcimaaziudpvzjdcigm/Build/Intermediates.noindex/swiftui-navigation-transitions.build/Debug-iphoneos/AtomicTransition.build/AtomicTransition.DependencyStaticMetadataFileList (in target 'AtomicTransition' from project 'swiftui-navigation-transitions')
    cd /Users/harishvishwakarma/Library/Developer/Xcode/DerivedData/Revolt-dharrjsambcimaaziudpvzjdcigm/SourcePackages/checkouts/swiftui-navigation-transitions
    write-file /Users/harishvishwakarma/Library/Developer/Xcode/DerivedData/Revolt-dharrjsambcimaaziudpvzjdcigm/Build/Intermediates.noindex/swiftui-navigation-transitions.build/Debug-iphoneos/AtomicTransition.build/AtomicTransition.DependencyStaticMetadataFileList

Copy /Users/harishvishwakarma/Library/Developer/Xcode/DerivedData/Revolt-dharrjsambcimaaziudpvzjdcigm/Build/Intermediates.noindex/GeneratedModuleMaps-iphoneos/BitCollections.modulemap /Users/harishvishwakarma/Library/Developer/Xcode/DerivedData/Revolt-dharrjsambcimaaziudpvzjdcigm/Build/Intermediates.noindex/swift-collections.build/Debug-iphoneos/BitCollections.build/BitCollections.modulemap (in target 'BitCollections' from project 'swift-collections')
    cd /Users/harishvishwakarma/Library/Developer/Xcode/DerivedData/Revolt-dharrjsambcimaaziudpvzjdcigm/SourcePackages/checkouts/swift-collections
    builtin-copy -exclude .DS_Store -exclude CVS -exclude .svn -exclude .git -exclude .hg -resolve-src-symlinks /Users/harishvishwakarma/Library/Developer/Xcode/DerivedData/Revolt-dharrjsambcimaaziudpvzjdcigm/Build/Intermediates.noindex/swift-collections.build/Debug-iphoneos/BitCollections.build/BitCollections.modulemap /Users/harishvishwakarma/Library/Developer/Xcode/DerivedData/Revolt-dharrjsambcimaaziudpvzjdcigm/Build/Intermediates.noindex/GeneratedModuleMaps-iphoneos

WriteAuxiliaryFile /Users/harishvishwakarma/Library/Developer/Xcode/DerivedData/Revolt-dharrjsambcimaaziudpvzjdcigm/Build/Intermediates.noindex/swiftui-navigation-transitions.build/Debug-iphoneos/AtomicTransition.build/AtomicTransition.DependencyMetadataFileList (in target 'AtomicTransition' from project 'swiftui-navigation-transitions')
    cd /Users/harishvishwakarma/Library/Developer/Xcode/DerivedData/Revolt-dharrjsambcimaaziudpvzjdcigm/SourcePackages/checkouts/swiftui-navigation-transitions
    write-file /Users/harishvishwakarma/Library/Developer/Xcode/DerivedData/Revolt-dharrjsambcimaaziudpvzjdcigm/Build/Intermediates.noindex/swiftui-navigation-transitions.build/Debug-iphoneos/AtomicTransition.build/AtomicTransition.DependencyMetadataFileList

WriteAuxiliaryFile /Users/harishvishwakarma/Library/Developer/Xcode/DerivedData/Revolt-dharrjsambcimaaziudpvzjdcigm/Build/Intermediates.noindex/AnyCodable.build/Debug-iphoneos/AnyCodable.build/Objects-normal/arm64/AnyCodable.SwiftFileList (in target 'AnyCodable' from project 'AnyCodable')
    cd /Users/harishvishwakarma/Library/Developer/Xcode/DerivedData/Revolt-dharrjsambcimaaziudpvzjdcigm/SourcePackages/checkouts/AnyCodable
    write-file /Users/harishvishwakarma/Library/Developer/Xcode/DerivedData/Revolt-dharrjsambcimaaziudpvzjdcigm/Build/Intermediates.noindex/AnyCodable.build/Debug-iphoneos/AnyCodable.build/Objects-normal/arm64/AnyCodable.SwiftFileList

WriteAuxiliaryFile /Users/harishvishwakarma/Library/Developer/Xcode/DerivedData/Revolt-dharrjsambcimaaziudpvzjdcigm/Build/Intermediates.noindex/AnyCodable.build/Debug-iphoneos/AnyCodable.build/Objects-normal/arm64/AnyCodable.LinkFileList (in target 'AnyCodable' from project 'AnyCodable')
    cd /Users/harishvishwakarma/Library/Developer/Xcode/DerivedData/Revolt-dharrjsambcimaaziudpvzjdcigm/SourcePackages/checkouts/AnyCodable
    write-file /Users/harishvishwakarma/Library/Developer/Xcode/DerivedData/Revolt-dharrjsambcimaaziudpvzjdcigm/Build/Intermediates.noindex/AnyCodable.build/Debug-iphoneos/AnyCodable.build/Objects-normal/arm64/AnyCodable.LinkFileList

WriteAuxiliaryFile /Users/harishvishwakarma/Library/Developer/Xcode/DerivedData/Revolt-dharrjsambcimaaziudpvzjdcigm/Build/Intermediates.noindex/AnyCodable.build/Debug-iphoneos/AnyCodable.build/Objects-normal/arm64/AnyCodable_const_extract_protocols.json (in target 'AnyCodable' from project 'AnyCodable')
    cd /Users/harishvishwakarma/Library/Developer/Xcode/DerivedData/Revolt-dharrjsambcimaaziudpvzjdcigm/SourcePackages/checkouts/AnyCodable
    write-file /Users/harishvishwakarma/Library/Developer/Xcode/DerivedData/Revolt-dharrjsambcimaaziudpvzjdcigm/Build/Intermediates.noindex/AnyCodable.build/Debug-iphoneos/AnyCodable.build/Objects-normal/arm64/AnyCodable_const_extract_protocols.json

WriteAuxiliaryFile /Users/harishvishwakarma/Library/Developer/Xcode/DerivedData/Revolt-dharrjsambcimaaziudpvzjdcigm/Build/Intermediates.noindex/AnyCodable.build/Debug-iphoneos/AnyCodable.build/Objects-normal/arm64/AnyCodable.SwiftConstValuesFileList (in target 'AnyCodable' from project 'AnyCodable')
    cd /Users/harishvishwakarma/Library/Developer/Xcode/DerivedData/Revolt-dharrjsambcimaaziudpvzjdcigm/SourcePackages/checkouts/AnyCodable
    write-file /Users/harishvishwakarma/Library/Developer/Xcode/DerivedData/Revolt-dharrjsambcimaaziudpvzjdcigm/Build/Intermediates.noindex/AnyCodable.build/Debug-iphoneos/AnyCodable.build/Objects-normal/arm64/AnyCodable.SwiftConstValuesFileList

WriteAuxiliaryFile /Users/harishvishwakarma/Library/Developer/Xcode/DerivedData/Revolt-dharrjsambcimaaziudpvzjdcigm/Build/Intermediates.noindex/AnyCodable.build/Debug-iphoneos/AnyCodable.build/Objects-normal/arm64/AnyCodable-OutputFileMap.json (in target 'AnyCodable' from project 'AnyCodable')
    cd /Users/harishvishwakarma/Library/Developer/Xcode/DerivedData/Revolt-dharrjsambcimaaziudpvzjdcigm/SourcePackages/checkouts/AnyCodable
    write-file /Users/harishvishwakarma/Library/Developer/Xcode/DerivedData/Revolt-dharrjsambcimaaziudpvzjdcigm/Build/Intermediates.noindex/AnyCodable.build/Debug-iphoneos/AnyCodable.build/Objects-normal/arm64/AnyCodable-OutputFileMap.json

WriteAuxiliaryFile /Users/harishvishwakarma/Library/Developer/Xcode/DerivedData/Revolt-dharrjsambcimaaziudpvzjdcigm/Build/Intermediates.noindex/AnyCodable.build/Debug-iphoneos/AnyCodable.build/AnyCodable.modulemap (in target 'AnyCodable' from project 'AnyCodable')
    cd /Users/harishvishwakarma/Library/Developer/Xcode/DerivedData/Revolt-dharrjsambcimaaziudpvzjdcigm/SourcePackages/checkouts/AnyCodable
    write-file /Users/harishvishwakarma/Library/Developer/Xcode/DerivedData/Revolt-dharrjsambcimaaziudpvzjdcigm/Build/Intermediates.noindex/AnyCodable.build/Debug-iphoneos/AnyCodable.build/AnyCodable.modulemap

WriteAuxiliaryFile /Users/harishvishwakarma/Library/Developer/Xcode/DerivedData/Revolt-dharrjsambcimaaziudpvzjdcigm/Build/Intermediates.noindex/AnyCodable.build/Debug-iphoneos/AnyCodable.build/AnyCodable.DependencyStaticMetadataFileList (in target 'AnyCodable' from project 'AnyCodable')
    cd /Users/harishvishwakarma/Library/Developer/Xcode/DerivedData/Revolt-dharrjsambcimaaziudpvzjdcigm/SourcePackages/checkouts/AnyCodable
    write-file /Users/harishvishwakarma/Library/Developer/Xcode/DerivedData/Revolt-dharrjsambcimaaziudpvzjdcigm/Build/Intermediates.noindex/AnyCodable.build/Debug-iphoneos/AnyCodable.build/AnyCodable.DependencyStaticMetadataFileList

Copy /Users/harishvishwakarma/Library/Developer/Xcode/DerivedData/Revolt-dharrjsambcimaaziudpvzjdcigm/Build/Intermediates.noindex/GeneratedModuleMaps-iphoneos/AtomicTransition.modulemap /Users/harishvishwakarma/Library/Developer/Xcode/DerivedData/Revolt-dharrjsambcimaaziudpvzjdcigm/Build/Intermediates.noindex/swiftui-navigation-transitions.build/Debug-iphoneos/AtomicTransition.build/AtomicTransition.modulemap (in target 'AtomicTransition' from project 'swiftui-navigation-transitions')
    cd /Users/harishvishwakarma/Library/Developer/Xcode/DerivedData/Revolt-dharrjsambcimaaziudpvzjdcigm/SourcePackages/checkouts/swiftui-navigation-transitions
    builtin-copy -exclude .DS_Store -exclude CVS -exclude .svn -exclude .git -exclude .hg -resolve-src-symlinks /Users/harishvishwakarma/Library/Developer/Xcode/DerivedData/Revolt-dharrjsambcimaaziudpvzjdcigm/Build/Intermediates.noindex/swiftui-navigation-transitions.build/Debug-iphoneos/AtomicTransition.build/AtomicTransition.modulemap /Users/harishvishwakarma/Library/Developer/Xcode/DerivedData/Revolt-dharrjsambcimaaziudpvzjdcigm/Build/Intermediates.noindex/GeneratedModuleMaps-iphoneos

WriteAuxiliaryFile /Users/harishvishwakarma/Library/Developer/Xcode/DerivedData/Revolt-dharrjsambcimaaziudpvzjdcigm/Build/Intermediates.noindex/AnyCodable.build/Debug-iphoneos/AnyCodable.build/AnyCodable.DependencyMetadataFileList (in target 'AnyCodable' from project 'AnyCodable')
    cd /Users/harishvishwakarma/Library/Developer/Xcode/DerivedData/Revolt-dharrjsambcimaaziudpvzjdcigm/SourcePackages/checkouts/AnyCodable
    write-file /Users/harishvishwakarma/Library/Developer/Xcode/DerivedData/Revolt-dharrjsambcimaaziudpvzjdcigm/Build/Intermediates.noindex/AnyCodable.build/Debug-iphoneos/AnyCodable.build/AnyCodable.DependencyMetadataFileList

WriteAuxiliaryFile /Users/harishvishwakarma/Library/Developer/Xcode/DerivedData/Revolt-dharrjsambcimaaziudpvzjdcigm/Build/Intermediates.noindex/swiftui-navigation-transitions.build/Debug-iphoneos/Animator.build/Objects-normal/arm64/Animator_const_extract_protocols.json (in target 'Animator' from project 'swiftui-navigation-transitions')
    cd /Users/harishvishwakarma/Library/Developer/Xcode/DerivedData/Revolt-dharrjsambcimaaziudpvzjdcigm/SourcePackages/checkouts/swiftui-navigation-transitions
    write-file /Users/harishvishwakarma/Library/Developer/Xcode/DerivedData/Revolt-dharrjsambcimaaziudpvzjdcigm/Build/Intermediates.noindex/swiftui-navigation-transitions.build/Debug-iphoneos/Animator.build/Objects-normal/arm64/Animator_const_extract_protocols.json

WriteAuxiliaryFile /Users/harishvishwakarma/Library/Developer/Xcode/DerivedData/Revolt-dharrjsambcimaaziudpvzjdcigm/Build/Intermediates.noindex/swiftui-navigation-transitions.build/Debug-iphoneos/Animator.build/Objects-normal/arm64/Animator.SwiftFileList (in target 'Animator' from project 'swiftui-navigation-transitions')
    cd /Users/harishvishwakarma/Library/Developer/Xcode/DerivedData/Revolt-dharrjsambcimaaziudpvzjdcigm/SourcePackages/checkouts/swiftui-navigation-transitions
    write-file /Users/harishvishwakarma/Library/Developer/Xcode/DerivedData/Revolt-dharrjsambcimaaziudpvzjdcigm/Build/Intermediates.noindex/swiftui-navigation-transitions.build/Debug-iphoneos/Animator.build/Objects-normal/arm64/Animator.SwiftFileList

WriteAuxiliaryFile /Users/harishvishwakarma/Library/Developer/Xcode/DerivedData/Revolt-dharrjsambcimaaziudpvzjdcigm/Build/Intermediates.noindex/swiftui-navigation-transitions.build/Debug-iphoneos/Animator.build/Objects-normal/arm64/Animator.SwiftConstValuesFileList (in target 'Animator' from project 'swiftui-navigation-transitions')
    cd /Users/harishvishwakarma/Library/Developer/Xcode/DerivedData/Revolt-dharrjsambcimaaziudpvzjdcigm/SourcePackages/checkouts/swiftui-navigation-transitions
    write-file /Users/harishvishwakarma/Library/Developer/Xcode/DerivedData/Revolt-dharrjsambcimaaziudpvzjdcigm/Build/Intermediates.noindex/swiftui-navigation-transitions.build/Debug-iphoneos/Animator.build/Objects-normal/arm64/Animator.SwiftConstValuesFileList

WriteAuxiliaryFile /Users/harishvishwakarma/Library/Developer/Xcode/DerivedData/Revolt-dharrjsambcimaaziudpvzjdcigm/Build/Intermediates.noindex/swiftui-navigation-transitions.build/Debug-iphoneos/Animator.build/Objects-normal/arm64/Animator.LinkFileList (in target 'Animator' from project 'swiftui-navigation-transitions')
    cd /Users/harishvishwakarma/Library/Developer/Xcode/DerivedData/Revolt-dharrjsambcimaaziudpvzjdcigm/SourcePackages/checkouts/swiftui-navigation-transitions
    write-file /Users/harishvishwakarma/Library/Developer/Xcode/DerivedData/Revolt-dharrjsambcimaaziudpvzjdcigm/Build/Intermediates.noindex/swiftui-navigation-transitions.build/Debug-iphoneos/Animator.build/Objects-normal/arm64/Animator.LinkFileList

WriteAuxiliaryFile /Users/harishvishwakarma/Library/Developer/Xcode/DerivedData/Revolt-dharrjsambcimaaziudpvzjdcigm/Build/Intermediates.noindex/swiftui-navigation-transitions.build/Debug-iphoneos/Animator.build/Objects-normal/arm64/Animator-OutputFileMap.json (in target 'Animator' from project 'swiftui-navigation-transitions')
    cd /Users/harishvishwakarma/Library/Developer/Xcode/DerivedData/Revolt-dharrjsambcimaaziudpvzjdcigm/SourcePackages/checkouts/swiftui-navigation-transitions
    write-file /Users/harishvishwakarma/Library/Developer/Xcode/DerivedData/Revolt-dharrjsambcimaaziudpvzjdcigm/Build/Intermediates.noindex/swiftui-navigation-transitions.build/Debug-iphoneos/Animator.build/Objects-normal/arm64/Animator-OutputFileMap.json

WriteAuxiliaryFile /Users/harishvishwakarma/Library/Developer/Xcode/DerivedData/Revolt-dharrjsambcimaaziudpvzjdcigm/Build/Intermediates.noindex/swiftui-navigation-transitions.build/Debug-iphoneos/Animator.build/Animator.modulemap (in target 'Animator' from project 'swiftui-navigation-transitions')
    cd /Users/harishvishwakarma/Library/Developer/Xcode/DerivedData/Revolt-dharrjsambcimaaziudpvzjdcigm/SourcePackages/checkouts/swiftui-navigation-transitions
    write-file /Users/harishvishwakarma/Library/Developer/Xcode/DerivedData/Revolt-dharrjsambcimaaziudpvzjdcigm/Build/Intermediates.noindex/swiftui-navigation-transitions.build/Debug-iphoneos/Animator.build/Animator.modulemap

WriteAuxiliaryFile /Users/harishvishwakarma/Library/Developer/Xcode/DerivedData/Revolt-dharrjsambcimaaziudpvzjdcigm/Build/Intermediates.noindex/swiftui-navigation-transitions.build/Debug-iphoneos/Animator.build/Animator.DependencyStaticMetadataFileList (in target 'Animator' from project 'swiftui-navigation-transitions')
    cd /Users/harishvishwakarma/Library/Developer/Xcode/DerivedData/Revolt-dharrjsambcimaaziudpvzjdcigm/SourcePackages/checkouts/swiftui-navigation-transitions
    write-file /Users/harishvishwakarma/Library/Developer/Xcode/DerivedData/Revolt-dharrjsambcimaaziudpvzjdcigm/Build/Intermediates.noindex/swiftui-navigation-transitions.build/Debug-iphoneos/Animator.build/Animator.DependencyStaticMetadataFileList

Copy /Users/harishvishwakarma/Library/Developer/Xcode/DerivedData/Revolt-dharrjsambcimaaziudpvzjdcigm/Build/Intermediates.noindex/GeneratedModuleMaps-iphoneos/AnyCodable.modulemap /Users/harishvishwakarma/Library/Developer/Xcode/DerivedData/Revolt-dharrjsambcimaaziudpvzjdcigm/Build/Intermediates.noindex/AnyCodable.build/Debug-iphoneos/AnyCodable.build/AnyCodable.modulemap (in target 'AnyCodable' from project 'AnyCodable')
    cd /Users/harishvishwakarma/Library/Developer/Xcode/DerivedData/Revolt-dharrjsambcimaaziudpvzjdcigm/SourcePackages/checkouts/AnyCodable
    builtin-copy -exclude .DS_Store -exclude CVS -exclude .svn -exclude .git -exclude .hg -resolve-src-symlinks /Users/harishvishwakarma/Library/Developer/Xcode/DerivedData/Revolt-dharrjsambcimaaziudpvzjdcigm/Build/Intermediates.noindex/AnyCodable.build/Debug-iphoneos/AnyCodable.build/AnyCodable.modulemap /Users/harishvishwakarma/Library/Developer/Xcode/DerivedData/Revolt-dharrjsambcimaaziudpvzjdcigm/Build/Intermediates.noindex/GeneratedModuleMaps-iphoneos

WriteAuxiliaryFile /Users/harishvishwakarma/Library/Developer/Xcode/DerivedData/Revolt-dharrjsambcimaaziudpvzjdcigm/Build/Intermediates.noindex/swiftui-navigation-transitions.build/Debug-iphoneos/Animator.build/Animator.DependencyMetadataFileList (in target 'Animator' from project 'swiftui-navigation-transitions')
    cd /Users/harishvishwakarma/Library/Developer/Xcode/DerivedData/Revolt-dharrjsambcimaaziudpvzjdcigm/SourcePackages/checkouts/swiftui-navigation-transitions
    write-file /Users/harishvishwakarma/Library/Developer/Xcode/DerivedData/Revolt-dharrjsambcimaaziudpvzjdcigm/Build/Intermediates.noindex/swiftui-navigation-transitions.build/Debug-iphoneos/Animator.build/Animator.DependencyMetadataFileList

WriteAuxiliaryFile /Users/harishvishwakarma/Library/Developer/Xcode/DerivedData/Revolt-dharrjsambcimaaziudpvzjdcigm/Build/Intermediates.noindex/swiftui-navigation-transitions.build/Debug-iphoneos/Animation.build/Objects-normal/arm64/Animation_const_extract_protocols.json (in target 'Animation' from project 'swiftui-navigation-transitions')
    cd /Users/harishvishwakarma/Library/Developer/Xcode/DerivedData/Revolt-dharrjsambcimaaziudpvzjdcigm/SourcePackages/checkouts/swiftui-navigation-transitions
    write-file /Users/harishvishwakarma/Library/Developer/Xcode/DerivedData/Revolt-dharrjsambcimaaziudpvzjdcigm/Build/Intermediates.noindex/swiftui-navigation-transitions.build/Debug-iphoneos/Animation.build/Objects-normal/arm64/Animation_const_extract_protocols.json

WriteAuxiliaryFile /Users/harishvishwakarma/Library/Developer/Xcode/DerivedData/Revolt-dharrjsambcimaaziudpvzjdcigm/Build/Intermediates.noindex/swiftui-navigation-transitions.build/Debug-iphoneos/Animation.build/Objects-normal/arm64/Animation.SwiftFileList (in target 'Animation' from project 'swiftui-navigation-transitions')
    cd /Users/harishvishwakarma/Library/Developer/Xcode/DerivedData/Revolt-dharrjsambcimaaziudpvzjdcigm/SourcePackages/checkouts/swiftui-navigation-transitions
    write-file /Users/harishvishwakarma/Library/Developer/Xcode/DerivedData/Revolt-dharrjsambcimaaziudpvzjdcigm/Build/Intermediates.noindex/swiftui-navigation-transitions.build/Debug-iphoneos/Animation.build/Objects-normal/arm64/Animation.SwiftFileList

WriteAuxiliaryFile /Users/harishvishwakarma/Library/Developer/Xcode/DerivedData/Revolt-dharrjsambcimaaziudpvzjdcigm/Build/Intermediates.noindex/swiftui-navigation-transitions.build/Debug-iphoneos/Animation.build/Objects-normal/arm64/Animation.SwiftConstValuesFileList (in target 'Animation' from project 'swiftui-navigation-transitions')
    cd /Users/harishvishwakarma/Library/Developer/Xcode/DerivedData/Revolt-dharrjsambcimaaziudpvzjdcigm/SourcePackages/checkouts/swiftui-navigation-transitions
    write-file /Users/harishvishwakarma/Library/Developer/Xcode/DerivedData/Revolt-dharrjsambcimaaziudpvzjdcigm/Build/Intermediates.noindex/swiftui-navigation-transitions.build/Debug-iphoneos/Animation.build/Objects-normal/arm64/Animation.SwiftConstValuesFileList

WriteAuxiliaryFile /Users/harishvishwakarma/Library/Developer/Xcode/DerivedData/Revolt-dharrjsambcimaaziudpvzjdcigm/Build/Intermediates.noindex/swiftui-navigation-transitions.build/Debug-iphoneos/Animation.build/Objects-normal/arm64/Animation.LinkFileList (in target 'Animation' from project 'swiftui-navigation-transitions')
    cd /Users/harishvishwakarma/Library/Developer/Xcode/DerivedData/Revolt-dharrjsambcimaaziudpvzjdcigm/SourcePackages/checkouts/swiftui-navigation-transitions
    write-file /Users/harishvishwakarma/Library/Developer/Xcode/DerivedData/Revolt-dharrjsambcimaaziudpvzjdcigm/Build/Intermediates.noindex/swiftui-navigation-transitions.build/Debug-iphoneos/Animation.build/Objects-normal/arm64/Animation.LinkFileList

WriteAuxiliaryFile /Users/harishvishwakarma/Library/Developer/Xcode/DerivedData/Revolt-dharrjsambcimaaziudpvzjdcigm/Build/Intermediates.noindex/swiftui-navigation-transitions.build/Debug-iphoneos/Animation.build/Objects-normal/arm64/Animation-OutputFileMap.json (in target 'Animation' from project 'swiftui-navigation-transitions')
    cd /Users/harishvishwakarma/Library/Developer/Xcode/DerivedData/Revolt-dharrjsambcimaaziudpvzjdcigm/SourcePackages/checkouts/swiftui-navigation-transitions
    write-file /Users/harishvishwakarma/Library/Developer/Xcode/DerivedData/Revolt-dharrjsambcimaaziudpvzjdcigm/Build/Intermediates.noindex/swiftui-navigation-transitions.build/Debug-iphoneos/Animation.build/Objects-normal/arm64/Animation-OutputFileMap.json

WriteAuxiliaryFile /Users/harishvishwakarma/Library/Developer/Xcode/DerivedData/Revolt-dharrjsambcimaaziudpvzjdcigm/Build/Intermediates.noindex/swiftui-navigation-transitions.build/Debug-iphoneos/Animation.build/Animation.modulemap (in target 'Animation' from project 'swiftui-navigation-transitions')
    cd /Users/harishvishwakarma/Library/Developer/Xcode/DerivedData/Revolt-dharrjsambcimaaziudpvzjdcigm/SourcePackages/checkouts/swiftui-navigation-transitions
    write-file /Users/harishvishwakarma/Library/Developer/Xcode/DerivedData/Revolt-dharrjsambcimaaziudpvzjdcigm/Build/Intermediates.noindex/swiftui-navigation-transitions.build/Debug-iphoneos/Animation.build/Animation.modulemap

WriteAuxiliaryFile /Users/harishvishwakarma/Library/Developer/Xcode/DerivedData/Revolt-dharrjsambcimaaziudpvzjdcigm/Build/Intermediates.noindex/swiftui-navigation-transitions.build/Debug-iphoneos/Animation.build/Animation.DependencyStaticMetadataFileList (in target 'Animation' from project 'swiftui-navigation-transitions')
    cd /Users/harishvishwakarma/Library/Developer/Xcode/DerivedData/Revolt-dharrjsambcimaaziudpvzjdcigm/SourcePackages/checkouts/swiftui-navigation-transitions
    write-file /Users/harishvishwakarma/Library/Developer/Xcode/DerivedData/Revolt-dharrjsambcimaaziudpvzjdcigm/Build/Intermediates.noindex/swiftui-navigation-transitions.build/Debug-iphoneos/Animation.build/Animation.DependencyStaticMetadataFileList

Copy /Users/harishvishwakarma/Library/Developer/Xcode/DerivedData/Revolt-dharrjsambcimaaziudpvzjdcigm/Build/Intermediates.noindex/GeneratedModuleMaps-iphoneos/Animator.modulemap /Users/harishvishwakarma/Library/Developer/Xcode/DerivedData/Revolt-dharrjsambcimaaziudpvzjdcigm/Build/Intermediates.noindex/swiftui-navigation-transitions.build/Debug-iphoneos/Animator.build/Animator.modulemap (in target 'Animator' from project 'swiftui-navigation-transitions')
    cd /Users/harishvishwakarma/Library/Developer/Xcode/DerivedData/Revolt-dharrjsambcimaaziudpvzjdcigm/SourcePackages/checkouts/swiftui-navigation-transitions
    builtin-copy -exclude .DS_Store -exclude CVS -exclude .svn -exclude .git -exclude .hg -resolve-src-symlinks /Users/harishvishwakarma/Library/Developer/Xcode/DerivedData/Revolt-dharrjsambcimaaziudpvzjdcigm/Build/Intermediates.noindex/swiftui-navigation-transitions.build/Debug-iphoneos/Animator.build/Animator.modulemap /Users/harishvishwakarma/Library/Developer/Xcode/DerivedData/Revolt-dharrjsambcimaaziudpvzjdcigm/Build/Intermediates.noindex/GeneratedModuleMaps-iphoneos

WriteAuxiliaryFile /Users/harishvishwakarma/Library/Developer/Xcode/DerivedData/Revolt-dharrjsambcimaaziudpvzjdcigm/Build/Intermediates.noindex/swiftui-navigation-transitions.build/Debug-iphoneos/Animation.build/Animation.DependencyMetadataFileList (in target 'Animation' from project 'swiftui-navigation-transitions')
    cd /Users/harishvishwakarma/Library/Developer/Xcode/DerivedData/Revolt-dharrjsambcimaaziudpvzjdcigm/SourcePackages/checkouts/swiftui-navigation-transitions
    write-file /Users/harishvishwakarma/Library/Developer/Xcode/DerivedData/Revolt-dharrjsambcimaaziudpvzjdcigm/Build/Intermediates.noindex/swiftui-navigation-transitions.build/Debug-iphoneos/Animation.build/Animation.DependencyMetadataFileList

WriteAuxiliaryFile /Users/harishvishwakarma/Library/Developer/Xcode/DerivedData/Revolt-dharrjsambcimaaziudpvzjdcigm/Build/Intermediates.noindex/Alamofire.build/Debug-iphoneos/Alamofire_Alamofire.build/empty-Alamofire_Alamofire.plist (in target 'Alamofire_Alamofire' from project 'Alamofire')
    cd /Users/harishvishwakarma/Library/Developer/Xcode/DerivedData/Revolt-dharrjsambcimaaziudpvzjdcigm/SourcePackages/checkouts/Alamofire
    write-file /Users/harishvishwakarma/Library/Developer/Xcode/DerivedData/Revolt-dharrjsambcimaaziudpvzjdcigm/Build/Intermediates.noindex/Alamofire.build/Debug-iphoneos/Alamofire_Alamofire.build/empty-Alamofire_Alamofire.plist

WriteAuxiliaryFile /Users/harishvishwakarma/Library/Developer/Xcode/DerivedData/Revolt-dharrjsambcimaaziudpvzjdcigm/Build/Intermediates.noindex/Alamofire.build/Debug-iphoneos/Alamofire_Alamofire.build/Alamofire_Alamofire.DependencyStaticMetadataFileList (in target 'Alamofire_Alamofire' from project 'Alamofire')
    cd /Users/harishvishwakarma/Library/Developer/Xcode/DerivedData/Revolt-dharrjsambcimaaziudpvzjdcigm/SourcePackages/checkouts/Alamofire
    write-file /Users/harishvishwakarma/Library/Developer/Xcode/DerivedData/Revolt-dharrjsambcimaaziudpvzjdcigm/Build/Intermediates.noindex/Alamofire.build/Debug-iphoneos/Alamofire_Alamofire.build/Alamofire_Alamofire.DependencyStaticMetadataFileList

WriteAuxiliaryFile /Users/harishvishwakarma/Library/Developer/Xcode/DerivedData/Revolt-dharrjsambcimaaziudpvzjdcigm/Build/Intermediates.noindex/Alamofire.build/Debug-iphoneos/Alamofire_Alamofire.build/Alamofire_Alamofire.DependencyMetadataFileList (in target 'Alamofire_Alamofire' from project 'Alamofire')
    cd /Users/harishvishwakarma/Library/Developer/Xcode/DerivedData/Revolt-dharrjsambcimaaziudpvzjdcigm/SourcePackages/checkouts/Alamofire
    write-file /Users/harishvishwakarma/Library/Developer/Xcode/DerivedData/Revolt-dharrjsambcimaaziudpvzjdcigm/Build/Intermediates.noindex/Alamofire.build/Debug-iphoneos/Alamofire_Alamofire.build/Alamofire_Alamofire.DependencyMetadataFileList

WriteAuxiliaryFile /Users/harishvishwakarma/Library/Developer/Xcode/DerivedData/Revolt-dharrjsambcimaaziudpvzjdcigm/Build/Intermediates.noindex/Alamofire.build/Debug-iphoneos/Alamofire.build/Objects-normal/arm64/Alamofire_const_extract_protocols.json (in target 'Alamofire' from project 'Alamofire')
    cd /Users/harishvishwakarma/Library/Developer/Xcode/DerivedData/Revolt-dharrjsambcimaaziudpvzjdcigm/SourcePackages/checkouts/Alamofire
    write-file /Users/harishvishwakarma/Library/Developer/Xcode/DerivedData/Revolt-dharrjsambcimaaziudpvzjdcigm/Build/Intermediates.noindex/Alamofire.build/Debug-iphoneos/Alamofire.build/Objects-normal/arm64/Alamofire_const_extract_protocols.json

WriteAuxiliaryFile /Users/harishvishwakarma/Library/Developer/Xcode/DerivedData/Revolt-dharrjsambcimaaziudpvzjdcigm/Build/Intermediates.noindex/Alamofire.build/Debug-iphoneos/Alamofire.build/Objects-normal/arm64/Alamofire.SwiftFileList (in target 'Alamofire' from project 'Alamofire')
    cd /Users/harishvishwakarma/Library/Developer/Xcode/DerivedData/Revolt-dharrjsambcimaaziudpvzjdcigm/SourcePackages/checkouts/Alamofire
    write-file /Users/harishvishwakarma/Library/Developer/Xcode/DerivedData/Revolt-dharrjsambcimaaziudpvzjdcigm/Build/Intermediates.noindex/Alamofire.build/Debug-iphoneos/Alamofire.build/Objects-normal/arm64/Alamofire.SwiftFileList

WriteAuxiliaryFile /Users/harishvishwakarma/Library/Developer/Xcode/DerivedData/Revolt-dharrjsambcimaaziudpvzjdcigm/Build/Intermediates.noindex/Alamofire.build/Debug-iphoneos/Alamofire.build/Objects-normal/arm64/Alamofire.SwiftConstValuesFileList (in target 'Alamofire' from project 'Alamofire')
    cd /Users/harishvishwakarma/Library/Developer/Xcode/DerivedData/Revolt-dharrjsambcimaaziudpvzjdcigm/SourcePackages/checkouts/Alamofire
    write-file /Users/harishvishwakarma/Library/Developer/Xcode/DerivedData/Revolt-dharrjsambcimaaziudpvzjdcigm/Build/Intermediates.noindex/Alamofire.build/Debug-iphoneos/Alamofire.build/Objects-normal/arm64/Alamofire.SwiftConstValuesFileList

WriteAuxiliaryFile /Users/harishvishwakarma/Library/Developer/Xcode/DerivedData/Revolt-dharrjsambcimaaziudpvzjdcigm/Build/Intermediates.noindex/Alamofire.build/Debug-iphoneos/Alamofire.build/Objects-normal/arm64/Alamofire.LinkFileList (in target 'Alamofire' from project 'Alamofire')
    cd /Users/harishvishwakarma/Library/Developer/Xcode/DerivedData/Revolt-dharrjsambcimaaziudpvzjdcigm/SourcePackages/checkouts/Alamofire
    write-file /Users/harishvishwakarma/Library/Developer/Xcode/DerivedData/Revolt-dharrjsambcimaaziudpvzjdcigm/Build/Intermediates.noindex/Alamofire.build/Debug-iphoneos/Alamofire.build/Objects-normal/arm64/Alamofire.LinkFileList

WriteAuxiliaryFile /Users/harishvishwakarma/Library/Developer/Xcode/DerivedData/Revolt-dharrjsambcimaaziudpvzjdcigm/Build/Intermediates.noindex/Alamofire.build/Debug-iphoneos/Alamofire.build/Objects-normal/arm64/Alamofire-OutputFileMap.json (in target 'Alamofire' from project 'Alamofire')
    cd /Users/harishvishwakarma/Library/Developer/Xcode/DerivedData/Revolt-dharrjsambcimaaziudpvzjdcigm/SourcePackages/checkouts/Alamofire
    write-file /Users/harishvishwakarma/Library/Developer/Xcode/DerivedData/Revolt-dharrjsambcimaaziudpvzjdcigm/Build/Intermediates.noindex/Alamofire.build/Debug-iphoneos/Alamofire.build/Objects-normal/arm64/Alamofire-OutputFileMap.json

Copy /Users/harishvishwakarma/Library/Developer/Xcode/DerivedData/Revolt-dharrjsambcimaaziudpvzjdcigm/Build/Intermediates.noindex/GeneratedModuleMaps-iphoneos/Animation.modulemap /Users/harishvishwakarma/Library/Developer/Xcode/DerivedData/Revolt-dharrjsambcimaaziudpvzjdcigm/Build/Intermediates.noindex/swiftui-navigation-transitions.build/Debug-iphoneos/Animation.build/Animation.modulemap (in target 'Animation' from project 'swiftui-navigation-transitions')
    cd /Users/harishvishwakarma/Library/Developer/Xcode/DerivedData/Revolt-dharrjsambcimaaziudpvzjdcigm/SourcePackages/checkouts/swiftui-navigation-transitions
    builtin-copy -exclude .DS_Store -exclude CVS -exclude .svn -exclude .git -exclude .hg -resolve-src-symlinks /Users/harishvishwakarma/Library/Developer/Xcode/DerivedData/Revolt-dharrjsambcimaaziudpvzjdcigm/Build/Intermediates.noindex/swiftui-navigation-transitions.build/Debug-iphoneos/Animation.build/Animation.modulemap /Users/harishvishwakarma/Library/Developer/Xcode/DerivedData/Revolt-dharrjsambcimaaziudpvzjdcigm/Build/Intermediates.noindex/GeneratedModuleMaps-iphoneos

WriteAuxiliaryFile /Users/harishvishwakarma/Library/Developer/Xcode/DerivedData/Revolt-dharrjsambcimaaziudpvzjdcigm/Build/Intermediates.noindex/Alamofire.build/Debug-iphoneos/Alamofire.build/DerivedSources/resource_bundle_accessor.swift (in target 'Alamofire' from project 'Alamofire')
    cd /Users/harishvishwakarma/Library/Developer/Xcode/DerivedData/Revolt-dharrjsambcimaaziudpvzjdcigm/SourcePackages/checkouts/Alamofire
    write-file /Users/harishvishwakarma/Library/Developer/Xcode/DerivedData/Revolt-dharrjsambcimaaziudpvzjdcigm/Build/Intermediates.noindex/Alamofire.build/Debug-iphoneos/Alamofire.build/DerivedSources/resource_bundle_accessor.swift

WriteAuxiliaryFile /Users/harishvishwakarma/Library/Developer/Xcode/DerivedData/Revolt-dharrjsambcimaaziudpvzjdcigm/Build/Intermediates.noindex/Alamofire.build/Debug-iphoneos/Alamofire.build/Alamofire.modulemap (in target 'Alamofire' from project 'Alamofire')
    cd /Users/harishvishwakarma/Library/Developer/Xcode/DerivedData/Revolt-dharrjsambcimaaziudpvzjdcigm/SourcePackages/checkouts/Alamofire
    write-file /Users/harishvishwakarma/Library/Developer/Xcode/DerivedData/Revolt-dharrjsambcimaaziudpvzjdcigm/Build/Intermediates.noindex/Alamofire.build/Debug-iphoneos/Alamofire.build/Alamofire.modulemap

WriteAuxiliaryFile /Users/harishvishwakarma/Library/Developer/Xcode/DerivedData/Revolt-dharrjsambcimaaziudpvzjdcigm/Build/Intermediates.noindex/Alamofire.build/Debug-iphoneos/Alamofire.build/Alamofire.DependencyStaticMetadataFileList (in target 'Alamofire' from project 'Alamofire')
    cd /Users/harishvishwakarma/Library/Developer/Xcode/DerivedData/Revolt-dharrjsambcimaaziudpvzjdcigm/SourcePackages/checkouts/Alamofire
    write-file /Users/harishvishwakarma/Library/Developer/Xcode/DerivedData/Revolt-dharrjsambcimaaziudpvzjdcigm/Build/Intermediates.noindex/Alamofire.build/Debug-iphoneos/Alamofire.build/Alamofire.DependencyStaticMetadataFileList

WriteAuxiliaryFile /Users/harishvishwakarma/Library/Developer/Xcode/DerivedData/Revolt-dharrjsambcimaaziudpvzjdcigm/Build/Intermediates.noindex/Alamofire.build/Debug-iphoneos/Alamofire.build/Alamofire.DependencyMetadataFileList (in target 'Alamofire' from project 'Alamofire')
    cd /Users/harishvishwakarma/Library/Developer/Xcode/DerivedData/Revolt-dharrjsambcimaaziudpvzjdcigm/SourcePackages/checkouts/Alamofire
    write-file /Users/harishvishwakarma/Library/Developer/Xcode/DerivedData/Revolt-dharrjsambcimaaziudpvzjdcigm/Build/Intermediates.noindex/Alamofire.build/Debug-iphoneos/Alamofire.build/Alamofire.DependencyMetadataFileList

MkDir /Users/harishvishwakarma/Library/Developer/Xcode/DerivedData/Revolt-dharrjsambcimaaziudpvzjdcigm/Build/Products/Debug-iphoneos/Types.framework (in target 'Types' from project 'Revolt')
    cd /Users/harishvishwakarma/Handy/Archem/pepchat-ios
    /bin/mkdir -p /Users/harishvishwakarma/Library/Developer/Xcode/DerivedData/Revolt-dharrjsambcimaaziudpvzjdcigm/Build/Products/Debug-iphoneos/Types.framework

MkDir /Users/harishvishwakarma/Library/Developer/Xcode/DerivedData/Revolt-dharrjsambcimaaziudpvzjdcigm/Build/Products/Debug-iphoneos/SwiftyCrop_SwiftyCrop.bundle (in target 'SwiftyCrop_SwiftyCrop' from project 'SwiftyCrop')
    cd /Users/harishvishwakarma/Library/Developer/Xcode/DerivedData/Revolt-dharrjsambcimaaziudpvzjdcigm/SourcePackages/checkouts/SwiftyCrop
    /bin/mkdir -p /Users/harishvishwakarma/Library/Developer/Xcode/DerivedData/Revolt-dharrjsambcimaaziudpvzjdcigm/Build/Products/Debug-iphoneos/SwiftyCrop_SwiftyCrop.bundle

MkDir /Users/harishvishwakarma/Library/Developer/Xcode/DerivedData/Revolt-dharrjsambcimaaziudpvzjdcigm/Build/Products/Debug-iphoneos/SwiftCSV_SwiftCSV.bundle (in target 'SwiftCSV_SwiftCSV' from project 'SwiftCSV')
    cd /Users/harishvishwakarma/Library/Developer/Xcode/DerivedData/Revolt-dharrjsambcimaaziudpvzjdcigm/SourcePackages/checkouts/SwiftCSV
    /bin/mkdir -p /Users/harishvishwakarma/Library/Developer/Xcode/DerivedData/Revolt-dharrjsambcimaaziudpvzjdcigm/Build/Products/Debug-iphoneos/SwiftCSV_SwiftCSV.bundle

MkDir /Users/harishvishwakarma/Library/Developer/Xcode/DerivedData/Revolt-dharrjsambcimaaziudpvzjdcigm/Build/Products/Debug-iphoneos/Starscream_Starscream.bundle (in target 'Starscream_Starscream' from project 'Starscream')
    cd /Users/harishvishwakarma/Library/Developer/Xcode/DerivedData/Revolt-dharrjsambcimaaziudpvzjdcigm/SourcePackages/checkouts/Starscream
    /bin/mkdir -p /Users/harishvishwakarma/Library/Developer/Xcode/DerivedData/Revolt-dharrjsambcimaaziudpvzjdcigm/Build/Products/Debug-iphoneos/Starscream_Starscream.bundle

MkDir /Users/harishvishwakarma/Library/Developer/Xcode/DerivedData/Revolt-dharrjsambcimaaziudpvzjdcigm/Build/Products/Debug-iphoneos/SnapKit_SnapKit.bundle (in target 'SnapKit_SnapKit' from project 'SnapKit')
    cd /Users/harishvishwakarma/Library/Developer/Xcode/DerivedData/Revolt-dharrjsambcimaaziudpvzjdcigm/SourcePackages/checkouts/SnapKit
    /bin/mkdir -p /Users/harishvishwakarma/Library/Developer/Xcode/DerivedData/Revolt-dharrjsambcimaaziudpvzjdcigm/Build/Products/Debug-iphoneos/SnapKit_SnapKit.bundle

MkDir /Users/harishvishwakarma/Library/Developer/Xcode/DerivedData/Revolt-dharrjsambcimaaziudpvzjdcigm/Build/Products/Debug-iphoneos/Kingfisher_Kingfisher.bundle (in target 'Kingfisher_Kingfisher' from project 'Kingfisher')
    cd /Users/harishvishwakarma/Library/Developer/Xcode/DerivedData/Revolt-dharrjsambcimaaziudpvzjdcigm/SourcePackages/checkouts/Kingfisher
    /bin/mkdir -p /Users/harishvishwakarma/Library/Developer/Xcode/DerivedData/Revolt-dharrjsambcimaaziudpvzjdcigm/Build/Products/Debug-iphoneos/Kingfisher_Kingfisher.bundle

MkDir /Users/harishvishwakarma/Library/Developer/Xcode/DerivedData/Revolt-dharrjsambcimaaziudpvzjdcigm/Build/Products/Debug-iphoneos/Highlightr_Highlightr.bundle (in target 'Highlightr_Highlightr' from project 'Highlightr')
    cd /Users/harishvishwakarma/Library/Developer/Xcode/DerivedData/Revolt-dharrjsambcimaaziudpvzjdcigm/SourcePackages/checkouts/Highlightr
    /bin/mkdir -p /Users/harishvishwakarma/Library/Developer/Xcode/DerivedData/Revolt-dharrjsambcimaaziudpvzjdcigm/Build/Products/Debug-iphoneos/Highlightr_Highlightr.bundle

MkDir /Users/harishvishwakarma/Library/Developer/Xcode/DerivedData/Revolt-dharrjsambcimaaziudpvzjdcigm/Build/Products/Debug-iphoneos/HCaptcha_HCaptcha.bundle (in target 'HCaptcha_HCaptcha' from project 'HCaptcha')
    cd /Users/harishvishwakarma/Library/Developer/Xcode/DerivedData/Revolt-dharrjsambcimaaziudpvzjdcigm/SourcePackages/checkouts/HCaptcha-ios-sdk
    /bin/mkdir -p /Users/harishvishwakarma/Library/Developer/Xcode/DerivedData/Revolt-dharrjsambcimaaziudpvzjdcigm/Build/Products/Debug-iphoneos/HCaptcha_HCaptcha.bundle

MkDir /Users/harishvishwakarma/Library/Developer/Xcode/DerivedData/Revolt-dharrjsambcimaaziudpvzjdcigm/Build/Products/Debug-iphoneos/Down_Down.bundle (in target 'Down_Down' from project 'Down')
    cd /Users/harishvishwakarma/Library/Developer/Xcode/DerivedData/Revolt-dharrjsambcimaaziudpvzjdcigm/SourcePackages/checkouts/Down
    /bin/mkdir -p /Users/harishvishwakarma/Library/Developer/Xcode/DerivedData/Revolt-dharrjsambcimaaziudpvzjdcigm/Build/Products/Debug-iphoneos/Down_Down.bundle

MkDir /Users/harishvishwakarma/Library/Developer/Xcode/DerivedData/Revolt-dharrjsambcimaaziudpvzjdcigm/Build/Products/Debug-iphoneos/Alamofire_Alamofire.bundle (in target 'Alamofire_Alamofire' from project 'Alamofire')
    cd /Users/harishvishwakarma/Library/Developer/Xcode/DerivedData/Revolt-dharrjsambcimaaziudpvzjdcigm/SourcePackages/checkouts/Alamofire
    /bin/mkdir -p /Users/harishvishwakarma/Library/Developer/Xcode/DerivedData/Revolt-dharrjsambcimaaziudpvzjdcigm/Build/Products/Debug-iphoneos/Alamofire_Alamofire.bundle

ProcessXCFramework /Users/harishvishwakarma/Library/Developer/Xcode/DerivedData/Revolt-dharrjsambcimaaziudpvzjdcigm/SourcePackages/checkouts/OggDecoder/ogg.xcframework /Users/harishvishwakarma/Library/Developer/Xcode/DerivedData/Revolt-dharrjsambcimaaziudpvzjdcigm/Build/Products/Debug-iphoneos/ogg.framework ios
    cd /Users/harishvishwakarma/Handy/Archem/pepchat-ios/Revolt.xcodeproj
    builtin-process-xcframework --xcframework /Users/harishvishwakarma/Library/Developer/Xcode/DerivedData/Revolt-dharrjsambcimaaziudpvzjdcigm/SourcePackages/checkouts/OggDecoder/ogg.xcframework --platform ios --target-path /Users/harishvishwakarma/Library/Developer/Xcode/DerivedData/Revolt-dharrjsambcimaaziudpvzjdcigm/Build/Products/Debug-iphoneos

ProcessXCFramework /Users/harishvishwakarma/Library/Developer/Xcode/DerivedData/Revolt-dharrjsambcimaaziudpvzjdcigm/SourcePackages/checkouts/OggDecoder/vorbis.xcframework /Users/harishvishwakarma/Library/Developer/Xcode/DerivedData/Revolt-dharrjsambcimaaziudpvzjdcigm/Build/Products/Debug-iphoneos/vorbis.framework ios
    cd /Users/harishvishwakarma/Handy/Archem/pepchat-ios/Revolt.xcodeproj
    builtin-process-xcframework --xcframework /Users/harishvishwakarma/Library/Developer/Xcode/DerivedData/Revolt-dharrjsambcimaaziudpvzjdcigm/SourcePackages/checkouts/OggDecoder/vorbis.xcframework --platform ios --target-path /Users/harishvishwakarma/Library/Developer/Xcode/DerivedData/Revolt-dharrjsambcimaaziudpvzjdcigm/Build/Products/Debug-iphoneos

ProcessXCFramework /Users/harishvishwakarma/Library/Developer/Xcode/DerivedData/Revolt-dharrjsambcimaaziudpvzjdcigm/SourcePackages/artifacts/sentry-cocoa/Sentry/Sentry.xcframework /Users/harishvishwakarma/Library/Developer/Xcode/DerivedData/Revolt-dharrjsambcimaaziudpvzjdcigm/Build/Products/Debug-iphoneos/Sentry.framework ios
    cd /Users/harishvishwakarma/Handy/Archem/pepchat-ios/Revolt.xcodeproj
    builtin-process-xcframework --xcframework /Users/harishvishwakarma/Library/Developer/Xcode/DerivedData/Revolt-dharrjsambcimaaziudpvzjdcigm/SourcePackages/artifacts/sentry-cocoa/Sentry/Sentry.xcframework --platform ios --target-path /Users/harishvishwakarma/Library/Developer/Xcode/DerivedData/Revolt-dharrjsambcimaaziudpvzjdcigm/Build/Products/Debug-iphoneos

Copy /Users/harishvishwakarma/Library/Developer/Xcode/DerivedData/Revolt-dharrjsambcimaaziudpvzjdcigm/Build/Intermediates.noindex/GeneratedModuleMaps-iphoneos/Alamofire.modulemap /Users/harishvishwakarma/Library/Developer/Xcode/DerivedData/Revolt-dharrjsambcimaaziudpvzjdcigm/Build/Intermediates.noindex/Alamofire.build/Debug-iphoneos/Alamofire.build/Alamofire.modulemap (in target 'Alamofire' from project 'Alamofire')
    cd /Users/harishvishwakarma/Library/Developer/Xcode/DerivedData/Revolt-dharrjsambcimaaziudpvzjdcigm/SourcePackages/checkouts/Alamofire
    builtin-copy -exclude .DS_Store -exclude CVS -exclude .svn -exclude .git -exclude .hg -resolve-src-symlinks /Users/harishvishwakarma/Library/Developer/Xcode/DerivedData/Revolt-dharrjsambcimaaziudpvzjdcigm/Build/Intermediates.noindex/Alamofire.build/Debug-iphoneos/Alamofire.build/Alamofire.modulemap /Users/harishvishwakarma/Library/Developer/Xcode/DerivedData/Revolt-dharrjsambcimaaziudpvzjdcigm/Build/Intermediates.noindex/GeneratedModuleMaps-iphoneos

ProcessInfoPlistFile /Users/harishvishwakarma/Library/Developer/Xcode/DerivedData/Revolt-dharrjsambcimaaziudpvzjdcigm/Build/Products/Debug-iphoneos/Types.framework/Info.plist /Users/harishvishwakarma/Library/Developer/Xcode/DerivedData/Revolt-dharrjsambcimaaziudpvzjdcigm/Build/Intermediates.noindex/Revolt.build/Debug-iphoneos/Types.build/empty-Types.plist (in target 'Types' from project 'Revolt')
    cd /Users/harishvishwakarma/Handy/Archem/pepchat-ios
    builtin-infoPlistUtility /Users/harishvishwakarma/Library/Developer/Xcode/DerivedData/Revolt-dharrjsambcimaaziudpvzjdcigm/Build/Intermediates.noindex/Revolt.build/Debug-iphoneos/Types.build/empty-Types.plist -producttype com.apple.product-type.framework -expandbuildsettings -format binary -platform iphoneos -requiredArchitecture arm64 -o /Users/harishvishwakarma/Library/Developer/Xcode/DerivedData/Revolt-dharrjsambcimaaziudpvzjdcigm/Build/Products/Debug-iphoneos/Types.framework/Info.plist

ProcessInfoPlistFile /Users/harishvishwakarma/Library/Developer/Xcode/DerivedData/Revolt-dharrjsambcimaaziudpvzjdcigm/Build/Products/Debug-iphoneos/SwiftyCrop_SwiftyCrop.bundle/Info.plist /Users/harishvishwakarma/Library/Developer/Xcode/DerivedData/Revolt-dharrjsambcimaaziudpvzjdcigm/Build/Intermediates.noindex/SwiftyCrop.build/Debug-iphoneos/SwiftyCrop_SwiftyCrop.build/empty-SwiftyCrop_SwiftyCrop.plist (in target 'SwiftyCrop_SwiftyCrop' from project 'SwiftyCrop')
    cd /Users/harishvishwakarma/Library/Developer/Xcode/DerivedData/Revolt-dharrjsambcimaaziudpvzjdcigm/SourcePackages/checkouts/SwiftyCrop
    builtin-infoPlistUtility /Users/harishvishwakarma/Library/Developer/Xcode/DerivedData/Revolt-dharrjsambcimaaziudpvzjdcigm/Build/Intermediates.noindex/SwiftyCrop.build/Debug-iphoneos/SwiftyCrop_SwiftyCrop.build/empty-SwiftyCrop_SwiftyCrop.plist -producttype com.apple.product-type.bundle -expandbuildsettings -format binary -platform iphoneos -requiredArchitecture arm64 -o /Users/harishvishwakarma/Library/Developer/Xcode/DerivedData/Revolt-dharrjsambcimaaziudpvzjdcigm/Build/Products/Debug-iphoneos/SwiftyCrop_SwiftyCrop.bundle/Info.plist

CpResource /Users/harishvishwakarma/Library/Developer/Xcode/DerivedData/Revolt-dharrjsambcimaaziudpvzjdcigm/Build/Products/Debug-iphoneos/SwiftyCrop_SwiftyCrop.bundle/PrivacyInfo.xcprivacy /Users/harishvishwakarma/Library/Developer/Xcode/DerivedData/Revolt-dharrjsambcimaaziudpvzjdcigm/SourcePackages/checkouts/SwiftyCrop/Sources/PrivacyInfo.xcprivacy (in target 'SwiftyCrop_SwiftyCrop' from project 'SwiftyCrop')
    cd /Users/harishvishwakarma/Library/Developer/Xcode/DerivedData/Revolt-dharrjsambcimaaziudpvzjdcigm/SourcePackages/checkouts/SwiftyCrop
    builtin-copy -exclude .DS_Store -exclude CVS -exclude .svn -exclude .git -exclude .hg -resolve-src-symlinks /Users/harishvishwakarma/Library/Developer/Xcode/DerivedData/Revolt-dharrjsambcimaaziudpvzjdcigm/SourcePackages/checkouts/SwiftyCrop/Sources/PrivacyInfo.xcprivacy /Users/harishvishwakarma/Library/Developer/Xcode/DerivedData/Revolt-dharrjsambcimaaziudpvzjdcigm/Build/Products/Debug-iphoneos/SwiftyCrop_SwiftyCrop.bundle

CpResource /Users/harishvishwakarma/Library/Developer/Xcode/DerivedData/Revolt-dharrjsambcimaaziudpvzjdcigm/Build/Products/Debug-iphoneos/Starscream_Starscream.bundle/PrivacyInfo.xcprivacy /Users/harishvishwakarma/Library/Developer/Xcode/DerivedData/Revolt-dharrjsambcimaaziudpvzjdcigm/SourcePackages/checkouts/Starscream/Sources/PrivacyInfo.xcprivacy (in target 'Starscream_Starscream' from project 'Starscream')
    cd /Users/harishvishwakarma/Library/Developer/Xcode/DerivedData/Revolt-dharrjsambcimaaziudpvzjdcigm/SourcePackages/checkouts/Starscream
    builtin-copy -exclude .DS_Store -exclude CVS -exclude .svn -exclude .git -exclude .hg -resolve-src-symlinks /Users/harishvishwakarma/Library/Developer/Xcode/DerivedData/Revolt-dharrjsambcimaaziudpvzjdcigm/SourcePackages/checkouts/Starscream/Sources/PrivacyInfo.xcprivacy /Users/harishvishwakarma/Library/Developer/Xcode/DerivedData/Revolt-dharrjsambcimaaziudpvzjdcigm/Build/Products/Debug-iphoneos/Starscream_Starscream.bundle

ProcessInfoPlistFile /Users/harishvishwakarma/Library/Developer/Xcode/DerivedData/Revolt-dharrjsambcimaaziudpvzjdcigm/Build/Products/Debug-iphoneos/Starscream_Starscream.bundle/Info.plist /Users/harishvishwakarma/Library/Developer/Xcode/DerivedData/Revolt-dharrjsambcimaaziudpvzjdcigm/Build/Intermediates.noindex/Starscream.build/Debug-iphoneos/Starscream_Starscream.build/empty-Starscream_Starscream.plist (in target 'Starscream_Starscream' from project 'Starscream')
    cd /Users/harishvishwakarma/Library/Developer/Xcode/DerivedData/Revolt-dharrjsambcimaaziudpvzjdcigm/SourcePackages/checkouts/Starscream
    builtin-infoPlistUtility /Users/harishvishwakarma/Library/Developer/Xcode/DerivedData/Revolt-dharrjsambcimaaziudpvzjdcigm/Build/Intermediates.noindex/Starscream.build/Debug-iphoneos/Starscream_Starscream.build/empty-Starscream_Starscream.plist -producttype com.apple.product-type.bundle -expandbuildsettings -format binary -platform iphoneos -requiredArchitecture arm64 -o /Users/harishvishwakarma/Library/Developer/Xcode/DerivedData/Revolt-dharrjsambcimaaziudpvzjdcigm/Build/Products/Debug-iphoneos/Starscream_Starscream.bundle/Info.plist

ProcessInfoPlistFile /Users/harishvishwakarma/Library/Developer/Xcode/DerivedData/Revolt-dharrjsambcimaaziudpvzjdcigm/Build/Products/Debug-iphoneos/SwiftCSV_SwiftCSV.bundle/Info.plist /Users/harishvishwakarma/Library/Developer/Xcode/DerivedData/Revolt-dharrjsambcimaaziudpvzjdcigm/Build/Intermediates.noindex/SwiftCSV.build/Debug-iphoneos/SwiftCSV_SwiftCSV.build/empty-SwiftCSV_SwiftCSV.plist (in target 'SwiftCSV_SwiftCSV' from project 'SwiftCSV')
    cd /Users/harishvishwakarma/Library/Developer/Xcode/DerivedData/Revolt-dharrjsambcimaaziudpvzjdcigm/SourcePackages/checkouts/SwiftCSV
    builtin-infoPlistUtility /Users/harishvishwakarma/Library/Developer/Xcode/DerivedData/Revolt-dharrjsambcimaaziudpvzjdcigm/Build/Intermediates.noindex/SwiftCSV.build/Debug-iphoneos/SwiftCSV_SwiftCSV.build/empty-SwiftCSV_SwiftCSV.plist -producttype com.apple.product-type.bundle -expandbuildsettings -format binary -platform iphoneos -requiredArchitecture arm64 -o /Users/harishvishwakarma/Library/Developer/Xcode/DerivedData/Revolt-dharrjsambcimaaziudpvzjdcigm/Build/Products/Debug-iphoneos/SwiftCSV_SwiftCSV.bundle/Info.plist

CompileXCStrings /Users/harishvishwakarma/Library/Developer/Xcode/DerivedData/Revolt-dharrjsambcimaaziudpvzjdcigm/Build/Intermediates.noindex/SwiftyCrop.build/Debug-iphoneos/SwiftyCrop_SwiftyCrop.build/ /Users/harishvishwakarma/Library/Developer/Xcode/DerivedData/Revolt-dharrjsambcimaaziudpvzjdcigm/SourcePackages/checkouts/SwiftyCrop/Sources/SwiftyCrop/Resources/Localizable.xcstrings (in target 'SwiftyCrop_SwiftyCrop' from project 'SwiftyCrop')
    cd /Users/harishvishwakarma/Library/Developer/Xcode/DerivedData/Revolt-dharrjsambcimaaziudpvzjdcigm/SourcePackages/checkouts/SwiftyCrop
    /Applications/Xcode.app/Contents/Developer/usr/bin/xcstringstool compile --output-directory /Users/harishvishwakarma/Library/Developer/Xcode/DerivedData/Revolt-dharrjsambcimaaziudpvzjdcigm/Build/Intermediates.noindex/SwiftyCrop.build/Debug-iphoneos/SwiftyCrop_SwiftyCrop.build /Users/harishvishwakarma/Library/Developer/Xcode/DerivedData/Revolt-dharrjsambcimaaziudpvzjdcigm/SourcePackages/checkouts/SwiftyCrop/Sources/SwiftyCrop/Resources/Localizable.xcstrings

CpResource /Users/harishvishwakarma/Library/Developer/Xcode/DerivedData/Revolt-dharrjsambcimaaziudpvzjdcigm/Build/Products/Debug-iphoneos/SwiftCSV_SwiftCSV.bundle/PrivacyInfo.xcprivacy /Users/harishvishwakarma/Library/Developer/Xcode/DerivedData/Revolt-dharrjsambcimaaziudpvzjdcigm/SourcePackages/checkouts/SwiftCSV/SwiftCSV/Resources/PrivacyInfo.xcprivacy (in target 'SwiftCSV_SwiftCSV' from project 'SwiftCSV')
    cd /Users/harishvishwakarma/Library/Developer/Xcode/DerivedData/Revolt-dharrjsambcimaaziudpvzjdcigm/SourcePackages/checkouts/SwiftCSV
    builtin-copy -exclude .DS_Store -exclude CVS -exclude .svn -exclude .git -exclude .hg -resolve-src-symlinks /Users/harishvishwakarma/Library/Developer/Xcode/DerivedData/Revolt-dharrjsambcimaaziudpvzjdcigm/SourcePackages/checkouts/SwiftCSV/SwiftCSV/Resources/PrivacyInfo.xcprivacy /Users/harishvishwakarma/Library/Developer/Xcode/DerivedData/Revolt-dharrjsambcimaaziudpvzjdcigm/Build/Products/Debug-iphoneos/SwiftCSV_SwiftCSV.bundle

ProcessInfoPlistFile /Users/harishvishwakarma/Library/Developer/Xcode/DerivedData/Revolt-dharrjsambcimaaziudpvzjdcigm/Build/Products/Debug-iphoneos/SnapKit_SnapKit.bundle/Info.plist /Users/harishvishwakarma/Library/Developer/Xcode/DerivedData/Revolt-dharrjsambcimaaziudpvzjdcigm/Build/Intermediates.noindex/SnapKit.build/Debug-iphoneos/SnapKit_SnapKit.build/empty-SnapKit_SnapKit.plist (in target 'SnapKit_SnapKit' from project 'SnapKit')
    cd /Users/harishvishwakarma/Library/Developer/Xcode/DerivedData/Revolt-dharrjsambcimaaziudpvzjdcigm/SourcePackages/checkouts/SnapKit
    builtin-infoPlistUtility /Users/harishvishwakarma/Library/Developer/Xcode/DerivedData/Revolt-dharrjsambcimaaziudpvzjdcigm/Build/Intermediates.noindex/SnapKit.build/Debug-iphoneos/SnapKit_SnapKit.build/empty-SnapKit_SnapKit.plist -producttype com.apple.product-type.bundle -expandbuildsettings -format binary -platform iphoneos -requiredArchitecture arm64 -o /Users/harishvishwakarma/Library/Developer/Xcode/DerivedData/Revolt-dharrjsambcimaaziudpvzjdcigm/Build/Products/Debug-iphoneos/SnapKit_SnapKit.bundle/Info.plist

CpResource /Users/harishvishwakarma/Library/Developer/Xcode/DerivedData/Revolt-dharrjsambcimaaziudpvzjdcigm/Build/Products/Debug-iphoneos/SnapKit_SnapKit.bundle/PrivacyInfo.xcprivacy /Users/harishvishwakarma/Library/Developer/Xcode/DerivedData/Revolt-dharrjsambcimaaziudpvzjdcigm/SourcePackages/checkouts/SnapKit/Sources/PrivacyInfo.xcprivacy (in target 'SnapKit_SnapKit' from project 'SnapKit')
    cd /Users/harishvishwakarma/Library/Developer/Xcode/DerivedData/Revolt-dharrjsambcimaaziudpvzjdcigm/SourcePackages/checkouts/SnapKit
    builtin-copy -exclude .DS_Store -exclude CVS -exclude .svn -exclude .git -exclude .hg -resolve-src-symlinks /Users/harishvishwakarma/Library/Developer/Xcode/DerivedData/Revolt-dharrjsambcimaaziudpvzjdcigm/SourcePackages/checkouts/SnapKit/Sources/PrivacyInfo.xcprivacy /Users/harishvishwakarma/Library/Developer/Xcode/DerivedData/Revolt-dharrjsambcimaaziudpvzjdcigm/Build/Products/Debug-iphoneos/SnapKit_SnapKit.bundle

ProcessInfoPlistFile /Users/harishvishwakarma/Library/Developer/Xcode/DerivedData/Revolt-dharrjsambcimaaziudpvzjdcigm/Build/Products/Debug-iphoneos/Kingfisher_Kingfisher.bundle/Info.plist /Users/harishvishwakarma/Library/Developer/Xcode/DerivedData/Revolt-dharrjsambcimaaziudpvzjdcigm/Build/Intermediates.noindex/Kingfisher.build/Debug-iphoneos/Kingfisher_Kingfisher.build/empty-Kingfisher_Kingfisher.plist (in target 'Kingfisher_Kingfisher' from project 'Kingfisher')
    cd /Users/harishvishwakarma/Library/Developer/Xcode/DerivedData/Revolt-dharrjsambcimaaziudpvzjdcigm/SourcePackages/checkouts/Kingfisher
    builtin-infoPlistUtility /Users/harishvishwakarma/Library/Developer/Xcode/DerivedData/Revolt-dharrjsambcimaaziudpvzjdcigm/Build/Intermediates.noindex/Kingfisher.build/Debug-iphoneos/Kingfisher_Kingfisher.build/empty-Kingfisher_Kingfisher.plist -producttype com.apple.product-type.bundle -expandbuildsettings -format binary -platform iphoneos -requiredArchitecture arm64 -o /Users/harishvishwakarma/Library/Developer/Xcode/DerivedData/Revolt-dharrjsambcimaaziudpvzjdcigm/Build/Products/Debug-iphoneos/Kingfisher_Kingfisher.bundle/Info.plist

CpResource /Users/harishvishwakarma/Library/Developer/Xcode/DerivedData/Revolt-dharrjsambcimaaziudpvzjdcigm/Build/Products/Debug-iphoneos/Kingfisher_Kingfisher.bundle/PrivacyInfo.xcprivacy /Users/harishvishwakarma/Library/Developer/Xcode/DerivedData/Revolt-dharrjsambcimaaziudpvzjdcigm/SourcePackages/checkouts/Kingfisher/Sources/PrivacyInfo.xcprivacy (in target 'Kingfisher_Kingfisher' from project 'Kingfisher')
    cd /Users/harishvishwakarma/Library/Developer/Xcode/DerivedData/Revolt-dharrjsambcimaaziudpvzjdcigm/SourcePackages/checkouts/Kingfisher
    builtin-copy -exclude .DS_Store -exclude CVS -exclude .svn -exclude .git -exclude .hg -resolve-src-symlinks /Users/harishvishwakarma/Library/Developer/Xcode/DerivedData/Revolt-dharrjsambcimaaziudpvzjdcigm/SourcePackages/checkouts/Kingfisher/Sources/PrivacyInfo.xcprivacy /Users/harishvishwakarma/Library/Developer/Xcode/DerivedData/Revolt-dharrjsambcimaaziudpvzjdcigm/Build/Products/Debug-iphoneos/Kingfisher_Kingfisher.bundle

ProcessInfoPlistFile /Users/harishvishwakarma/Library/Developer/Xcode/DerivedData/Revolt-dharrjsambcimaaziudpvzjdcigm/Build/Products/Debug-iphoneos/Highlightr_Highlightr.bundle/Info.plist /Users/harishvishwakarma/Library/Developer/Xcode/DerivedData/Revolt-dharrjsambcimaaziudpvzjdcigm/Build/Intermediates.noindex/Highlightr.build/Debug-iphoneos/Highlightr_Highlightr.build/empty-Highlightr_Highlightr.plist (in target 'Highlightr_Highlightr' from project 'Highlightr')
    cd /Users/harishvishwakarma/Library/Developer/Xcode/DerivedData/Revolt-dharrjsambcimaaziudpvzjdcigm/SourcePackages/checkouts/Highlightr
    builtin-infoPlistUtility /Users/harishvishwakarma/Library/Developer/Xcode/DerivedData/Revolt-dharrjsambcimaaziudpvzjdcigm/Build/Intermediates.noindex/Highlightr.build/Debug-iphoneos/Highlightr_Highlightr.build/empty-Highlightr_Highlightr.plist -producttype com.apple.product-type.bundle -expandbuildsettings -format binary -platform iphoneos -requiredArchitecture arm64 -o /Users/harishvishwakarma/Library/Developer/Xcode/DerivedData/Revolt-dharrjsambcimaaziudpvzjdcigm/Build/Products/Debug-iphoneos/Highlightr_Highlightr.bundle/Info.plist

CpResource /Users/harishvishwakarma/Library/Developer/Xcode/DerivedData/Revolt-dharrjsambcimaaziudpvzjdcigm/Build/Products/Debug-iphoneos/Highlightr_Highlightr.bundle/zenburn.min.css /Users/harishvishwakarma/Library/Developer/Xcode/DerivedData/Revolt-dharrjsambcimaaziudpvzjdcigm/SourcePackages/checkouts/Highlightr/Pod/Assets/styles/zenburn.min.css (in target 'Highlightr_Highlightr' from project 'Highlightr')
    cd /Users/harishvishwakarma/Library/Developer/Xcode/DerivedData/Revolt-dharrjsambcimaaziudpvzjdcigm/SourcePackages/checkouts/Highlightr
    builtin-copy -exclude .DS_Store -exclude CVS -exclude .svn -exclude .git -exclude .hg -resolve-src-symlinks /Users/harishvishwakarma/Library/Developer/Xcode/DerivedData/Revolt-dharrjsambcimaaziudpvzjdcigm/SourcePackages/checkouts/Highlightr/Pod/Assets/styles/zenburn.min.css /Users/harishvishwakarma/Library/Developer/Xcode/DerivedData/Revolt-dharrjsambcimaaziudpvzjdcigm/Build/Products/Debug-iphoneos/Highlightr_Highlightr.bundle

CpResource /Users/harishvishwakarma/Library/Developer/Xcode/DerivedData/Revolt-dharrjsambcimaaziudpvzjdcigm/Build/Products/Debug-iphoneos/Highlightr_Highlightr.bundle/xt256.min.css /Users/harishvishwakarma/Library/Developer/Xcode/DerivedData/Revolt-dharrjsambcimaaziudpvzjdcigm/SourcePackages/checkouts/Highlightr/Pod/Assets/styles/xt256.min.css (in target 'Highlightr_Highlightr' from project 'Highlightr')
    cd /Users/harishvishwakarma/Library/Developer/Xcode/DerivedData/Revolt-dharrjsambcimaaziudpvzjdcigm/SourcePackages/checkouts/Highlightr
    builtin-copy -exclude .DS_Store -exclude CVS -exclude .svn -exclude .git -exclude .hg -resolve-src-symlinks /Users/harishvishwakarma/Library/Developer/Xcode/DerivedData/Revolt-dharrjsambcimaaziudpvzjdcigm/SourcePackages/checkouts/Highlightr/Pod/Assets/styles/xt256.min.css /Users/harishvishwakarma/Library/Developer/Xcode/DerivedData/Revolt-dharrjsambcimaaziudpvzjdcigm/Build/Products/Debug-iphoneos/Highlightr_Highlightr.bundle

CpResource /Users/harishvishwakarma/Library/Developer/Xcode/DerivedData/Revolt-dharrjsambcimaaziudpvzjdcigm/Build/Products/Debug-iphoneos/Highlightr_Highlightr.bundle/xcode.min.css /Users/harishvishwakarma/Library/Developer/Xcode/DerivedData/Revolt-dharrjsambcimaaziudpvzjdcigm/SourcePackages/checkouts/Highlightr/Pod/Assets/styles/xcode.min.css (in target 'Highlightr_Highlightr' from project 'Highlightr')
    cd /Users/harishvishwakarma/Library/Developer/Xcode/DerivedData/Revolt-dharrjsambcimaaziudpvzjdcigm/SourcePackages/checkouts/Highlightr
    builtin-copy -exclude .DS_Store -exclude CVS -exclude .svn -exclude .git -exclude .hg -resolve-src-symlinks /Users/harishvishwakarma/Library/Developer/Xcode/DerivedData/Revolt-dharrjsambcimaaziudpvzjdcigm/SourcePackages/checkouts/Highlightr/Pod/Assets/styles/xcode.min.css /Users/harishvishwakarma/Library/Developer/Xcode/DerivedData/Revolt-dharrjsambcimaaziudpvzjdcigm/Build/Products/Debug-iphoneos/Highlightr_Highlightr.bundle

CpResource /Users/harishvishwakarma/Library/Developer/Xcode/DerivedData/Revolt-dharrjsambcimaaziudpvzjdcigm/Build/Products/Debug-iphoneos/Highlightr_Highlightr.bundle/xcode-dark.min.css /Users/harishvishwakarma/Library/Developer/Xcode/DerivedData/Revolt-dharrjsambcimaaziudpvzjdcigm/SourcePackages/checkouts/Highlightr/Pod/Assets/styles/xcode-dark.min.css (in target 'Highlightr_Highlightr' from project 'Highlightr')
    cd /Users/harishvishwakarma/Library/Developer/Xcode/DerivedData/Revolt-dharrjsambcimaaziudpvzjdcigm/SourcePackages/checkouts/Highlightr
    builtin-copy -exclude .DS_Store -exclude CVS -exclude .svn -exclude .git -exclude .hg -resolve-src-symlinks /Users/harishvishwakarma/Library/Developer/Xcode/DerivedData/Revolt-dharrjsambcimaaziudpvzjdcigm/SourcePackages/checkouts/Highlightr/Pod/Assets/styles/xcode-dark.min.css /Users/harishvishwakarma/Library/Developer/Xcode/DerivedData/Revolt-dharrjsambcimaaziudpvzjdcigm/Build/Products/Debug-iphoneos/Highlightr_Highlightr.bundle

CpResource /Users/harishvishwakarma/Library/Developer/Xcode/DerivedData/Revolt-dharrjsambcimaaziudpvzjdcigm/Build/Products/Debug-iphoneos/Highlightr_Highlightr.bundle/vs2015.min.css /Users/harishvishwakarma/Library/Developer/Xcode/DerivedData/Revolt-dharrjsambcimaaziudpvzjdcigm/SourcePackages/checkouts/Highlightr/Pod/Assets/styles/vs2015.min.css (in target 'Highlightr_Highlightr' from project 'Highlightr')
    cd /Users/harishvishwakarma/Library/Developer/Xcode/DerivedData/Revolt-dharrjsambcimaaziudpvzjdcigm/SourcePackages/checkouts/Highlightr
    builtin-copy -exclude .DS_Store -exclude CVS -exclude .svn -exclude .git -exclude .hg -resolve-src-symlinks /Users/harishvishwakarma/Library/Developer/Xcode/DerivedData/Revolt-dharrjsambcimaaziudpvzjdcigm/SourcePackages/checkouts/Highlightr/Pod/Assets/styles/vs2015.min.css /Users/harishvishwakarma/Library/Developer/Xcode/DerivedData/Revolt-dharrjsambcimaaziudpvzjdcigm/Build/Products/Debug-iphoneos/Highlightr_Highlightr.bundle

CpResource /Users/harishvishwakarma/Library/Developer/Xcode/DerivedData/Revolt-dharrjsambcimaaziudpvzjdcigm/Build/Products/Debug-iphoneos/Highlightr_Highlightr.bundle/vs.min.css /Users/harishvishwakarma/Library/Developer/Xcode/DerivedData/Revolt-dharrjsambcimaaziudpvzjdcigm/SourcePackages/checkouts/Highlightr/Pod/Assets/styles/vs.min.css (in target 'Highlightr_Highlightr' from project 'Highlightr')
    cd /Users/harishvishwakarma/Library/Developer/Xcode/DerivedData/Revolt-dharrjsambcimaaziudpvzjdcigm/SourcePackages/checkouts/Highlightr
    builtin-copy -exclude .DS_Store -exclude CVS -exclude .svn -exclude .git -exclude .hg -resolve-src-symlinks /Users/harishvishwakarma/Library/Developer/Xcode/DerivedData/Revolt-dharrjsambcimaaziudpvzjdcigm/SourcePackages/checkouts/Highlightr/Pod/Assets/styles/vs.min.css /Users/harishvishwakarma/Library/Developer/Xcode/DerivedData/Revolt-dharrjsambcimaaziudpvzjdcigm/Build/Products/Debug-iphoneos/Highlightr_Highlightr.bundle

CpResource /Users/harishvishwakarma/Library/Developer/Xcode/DerivedData/Revolt-dharrjsambcimaaziudpvzjdcigm/Build/Products/Debug-iphoneos/Highlightr_Highlightr.bundle/tomorrow.min.css /Users/harishvishwakarma/Library/Developer/Xcode/DerivedData/Revolt-dharrjsambcimaaziudpvzjdcigm/SourcePackages/checkouts/Highlightr/Pod/Assets/styles/tomorrow.min.css (in target 'Highlightr_Highlightr' from project 'Highlightr')
    cd /Users/harishvishwakarma/Library/Developer/Xcode/DerivedData/Revolt-dharrjsambcimaaziudpvzjdcigm/SourcePackages/checkouts/Highlightr
    builtin-copy -exclude .DS_Store -exclude CVS -exclude .svn -exclude .git -exclude .hg -resolve-src-symlinks /Users/harishvishwakarma/Library/Developer/Xcode/DerivedData/Revolt-dharrjsambcimaaziudpvzjdcigm/SourcePackages/checkouts/Highlightr/Pod/Assets/styles/tomorrow.min.css /Users/harishvishwakarma/Library/Developer/Xcode/DerivedData/Revolt-dharrjsambcimaaziudpvzjdcigm/Build/Products/Debug-iphoneos/Highlightr_Highlightr.bundle

CpResource /Users/harishvishwakarma/Library/Developer/Xcode/DerivedData/Revolt-dharrjsambcimaaziudpvzjdcigm/Build/Products/Debug-iphoneos/Highlightr_Highlightr.bundle/tomorrow-night.min.css /Users/harishvishwakarma/Library/Developer/Xcode/DerivedData/Revolt-dharrjsambcimaaziudpvzjdcigm/SourcePackages/checkouts/Highlightr/Pod/Assets/styles/tomorrow-night.min.css (in target 'Highlightr_Highlightr' from project 'Highlightr')
    cd /Users/harishvishwakarma/Library/Developer/Xcode/DerivedData/Revolt-dharrjsambcimaaziudpvzjdcigm/SourcePackages/checkouts/Highlightr
    builtin-copy -exclude .DS_Store -exclude CVS -exclude .svn -exclude .git -exclude .hg -resolve-src-symlinks /Users/harishvishwakarma/Library/Developer/Xcode/DerivedData/Revolt-dharrjsambcimaaziudpvzjdcigm/SourcePackages/checkouts/Highlightr/Pod/Assets/styles/tomorrow-night.min.css /Users/harishvishwakarma/Library/Developer/Xcode/DerivedData/Revolt-dharrjsambcimaaziudpvzjdcigm/Build/Products/Debug-iphoneos/Highlightr_Highlightr.bundle

CpResource /Users/harishvishwakarma/Library/Developer/Xcode/DerivedData/Revolt-dharrjsambcimaaziudpvzjdcigm/Build/Products/Debug-iphoneos/Highlightr_Highlightr.bundle/tomorrow-night-eighties.min.css /Users/harishvishwakarma/Library/Developer/Xcode/DerivedData/Revolt-dharrjsambcimaaziudpvzjdcigm/SourcePackages/checkouts/Highlightr/Pod/Assets/styles/tomorrow-night-eighties.min.css (in target 'Highlightr_Highlightr' from project 'Highlightr')
    cd /Users/harishvishwakarma/Library/Developer/Xcode/DerivedData/Revolt-dharrjsambcimaaziudpvzjdcigm/SourcePackages/checkouts/Highlightr
    builtin-copy -exclude .DS_Store -exclude CVS -exclude .svn -exclude .git -exclude .hg -resolve-src-symlinks /Users/harishvishwakarma/Library/Developer/Xcode/DerivedData/Revolt-dharrjsambcimaaziudpvzjdcigm/SourcePackages/checkouts/Highlightr/Pod/Assets/styles/tomorrow-night-eighties.min.css /Users/harishvishwakarma/Library/Developer/Xcode/DerivedData/Revolt-dharrjsambcimaaziudpvzjdcigm/Build/Products/Debug-iphoneos/Highlightr_Highlightr.bundle

CpResource /Users/harishvishwakarma/Library/Developer/Xcode/DerivedData/Revolt-dharrjsambcimaaziudpvzjdcigm/Build/Products/Debug-iphoneos/Highlightr_Highlightr.bundle/tomorrow-night-bright.min.css /Users/harishvishwakarma/Library/Developer/Xcode/DerivedData/Revolt-dharrjsambcimaaziudpvzjdcigm/SourcePackages/checkouts/Highlightr/Pod/Assets/styles/tomorrow-night-bright.min.css (in target 'Highlightr_Highlightr' from project 'Highlightr')
    cd /Users/harishvishwakarma/Library/Developer/Xcode/DerivedData/Revolt-dharrjsambcimaaziudpvzjdcigm/SourcePackages/checkouts/Highlightr
    builtin-copy -exclude .DS_Store -exclude CVS -exclude .svn -exclude .git -exclude .hg -resolve-src-symlinks /Users/harishvishwakarma/Library/Developer/Xcode/DerivedData/Revolt-dharrjsambcimaaziudpvzjdcigm/SourcePackages/checkouts/Highlightr/Pod/Assets/styles/tomorrow-night-bright.min.css /Users/harishvishwakarma/Library/Developer/Xcode/DerivedData/Revolt-dharrjsambcimaaziudpvzjdcigm/Build/Products/Debug-iphoneos/Highlightr_Highlightr.bundle

CpResource /Users/harishvishwakarma/Library/Developer/Xcode/DerivedData/Revolt-dharrjsambcimaaziudpvzjdcigm/Build/Products/Debug-iphoneos/Highlightr_Highlightr.bundle/tomorrow-night-blue.min.css /Users/harishvishwakarma/Library/Developer/Xcode/DerivedData/Revolt-dharrjsambcimaaziudpvzjdcigm/SourcePackages/checkouts/Highlightr/Pod/Assets/styles/tomorrow-night-blue.min.css (in target 'Highlightr_Highlightr' from project 'Highlightr')
    cd /Users/harishvishwakarma/Library/Developer/Xcode/DerivedData/Revolt-dharrjsambcimaaziudpvzjdcigm/SourcePackages/checkouts/Highlightr
    builtin-copy -exclude .DS_Store -exclude CVS -exclude .svn -exclude .git -exclude .hg -resolve-src-symlinks /Users/harishvishwakarma/Library/Developer/Xcode/DerivedData/Revolt-dharrjsambcimaaziudpvzjdcigm/SourcePackages/checkouts/Highlightr/Pod/Assets/styles/tomorrow-night-blue.min.css /Users/harishvishwakarma/Library/Developer/Xcode/DerivedData/Revolt-dharrjsambcimaaziudpvzjdcigm/Build/Products/Debug-iphoneos/Highlightr_Highlightr.bundle

CpResource /Users/harishvishwakarma/Library/Developer/Xcode/DerivedData/Revolt-dharrjsambcimaaziudpvzjdcigm/Build/Products/Debug-iphoneos/Highlightr_Highlightr.bundle/sunburst.min.css /Users/harishvishwakarma/Library/Developer/Xcode/DerivedData/Revolt-dharrjsambcimaaziudpvzjdcigm/SourcePackages/checkouts/Highlightr/Pod/Assets/styles/sunburst.min.css (in target 'Highlightr_Highlightr' from project 'Highlightr')
    cd /Users/harishvishwakarma/Library/Developer/Xcode/DerivedData/Revolt-dharrjsambcimaaziudpvzjdcigm/SourcePackages/checkouts/Highlightr
    builtin-copy -exclude .DS_Store -exclude CVS -exclude .svn -exclude .git -exclude .hg -resolve-src-symlinks /Users/harishvishwakarma/Library/Developer/Xcode/DerivedData/Revolt-dharrjsambcimaaziudpvzjdcigm/SourcePackages/checkouts/Highlightr/Pod/Assets/styles/sunburst.min.css /Users/harishvishwakarma/Library/Developer/Xcode/DerivedData/Revolt-dharrjsambcimaaziudpvzjdcigm/Build/Products/Debug-iphoneos/Highlightr_Highlightr.bundle

CpResource /Users/harishvishwakarma/Library/Developer/Xcode/DerivedData/Revolt-dharrjsambcimaaziudpvzjdcigm/Build/Products/Debug-iphoneos/Highlightr_Highlightr.bundle/solarized-light.min.css /Users/harishvishwakarma/Library/Developer/Xcode/DerivedData/Revolt-dharrjsambcimaaziudpvzjdcigm/SourcePackages/checkouts/Highlightr/Pod/Assets/styles/solarized-light.min.css (in target 'Highlightr_Highlightr' from project 'Highlightr')
    cd /Users/harishvishwakarma/Library/Developer/Xcode/DerivedData/Revolt-dharrjsambcimaaziudpvzjdcigm/SourcePackages/checkouts/Highlightr
    builtin-copy -exclude .DS_Store -exclude CVS -exclude .svn -exclude .git -exclude .hg -resolve-src-symlinks /Users/harishvishwakarma/Library/Developer/Xcode/DerivedData/Revolt-dharrjsambcimaaziudpvzjdcigm/SourcePackages/checkouts/Highlightr/Pod/Assets/styles/solarized-light.min.css /Users/harishvishwakarma/Library/Developer/Xcode/DerivedData/Revolt-dharrjsambcimaaziudpvzjdcigm/Build/Products/Debug-iphoneos/Highlightr_Highlightr.bundle

CpResource /Users/harishvishwakarma/Library/Developer/Xcode/DerivedData/Revolt-dharrjsambcimaaziudpvzjdcigm/Build/Products/Debug-iphoneos/Highlightr_Highlightr.bundle/solarized-dark.min.css /Users/harishvishwakarma/Library/Developer/Xcode/DerivedData/Revolt-dharrjsambcimaaziudpvzjdcigm/SourcePackages/checkouts/Highlightr/Pod/Assets/styles/solarized-dark.min.css (in target 'Highlightr_Highlightr' from project 'Highlightr')
    cd /Users/harishvishwakarma/Library/Developer/Xcode/DerivedData/Revolt-dharrjsambcimaaziudpvzjdcigm/SourcePackages/checkouts/Highlightr
    builtin-copy -exclude .DS_Store -exclude CVS -exclude .svn -exclude .git -exclude .hg -resolve-src-symlinks /Users/harishvishwakarma/Library/Developer/Xcode/DerivedData/Revolt-dharrjsambcimaaziudpvzjdcigm/SourcePackages/checkouts/Highlightr/Pod/Assets/styles/solarized-dark.min.css /Users/harishvishwakarma/Library/Developer/Xcode/DerivedData/Revolt-dharrjsambcimaaziudpvzjdcigm/Build/Products/Debug-iphoneos/Highlightr_Highlightr.bundle

CpResource /Users/harishvishwakarma/Library/Developer/Xcode/DerivedData/Revolt-dharrjsambcimaaziudpvzjdcigm/Build/Products/Debug-iphoneos/Highlightr_Highlightr.bundle/shades-of-purple.min.css /Users/harishvishwakarma/Library/Developer/Xcode/DerivedData/Revolt-dharrjsambcimaaziudpvzjdcigm/SourcePackages/checkouts/Highlightr/Pod/Assets/styles/shades-of-purple.min.css (in target 'Highlightr_Highlightr' from project 'Highlightr')
    cd /Users/harishvishwakarma/Library/Developer/Xcode/DerivedData/Revolt-dharrjsambcimaaziudpvzjdcigm/SourcePackages/checkouts/Highlightr
    builtin-copy -exclude .DS_Store -exclude CVS -exclude .svn -exclude .git -exclude .hg -resolve-src-symlinks /Users/harishvishwakarma/Library/Developer/Xcode/DerivedData/Revolt-dharrjsambcimaaziudpvzjdcigm/SourcePackages/checkouts/Highlightr/Pod/Assets/styles/shades-of-purple.min.css /Users/harishvishwakarma/Library/Developer/Xcode/DerivedData/Revolt-dharrjsambcimaaziudpvzjdcigm/Build/Products/Debug-iphoneos/Highlightr_Highlightr.bundle

CpResource /Users/harishvishwakarma/Library/Developer/Xcode/DerivedData/Revolt-dharrjsambcimaaziudpvzjdcigm/Build/Products/Debug-iphoneos/Highlightr_Highlightr.bundle/school-book.min.css /Users/harishvishwakarma/Library/Developer/Xcode/DerivedData/Revolt-dharrjsambcimaaziudpvzjdcigm/SourcePackages/checkouts/Highlightr/Pod/Assets/styles/school-book.min.css (in target 'Highlightr_Highlightr' from project 'Highlightr')
    cd /Users/harishvishwakarma/Library/Developer/Xcode/DerivedData/Revolt-dharrjsambcimaaziudpvzjdcigm/SourcePackages/checkouts/Highlightr
    builtin-copy -exclude .DS_Store -exclude CVS -exclude .svn -exclude .git -exclude .hg -resolve-src-symlinks /Users/harishvishwakarma/Library/Developer/Xcode/DerivedData/Revolt-dharrjsambcimaaziudpvzjdcigm/SourcePackages/checkouts/Highlightr/Pod/Assets/styles/school-book.min.css /Users/harishvishwakarma/Library/Developer/Xcode/DerivedData/Revolt-dharrjsambcimaaziudpvzjdcigm/Build/Products/Debug-iphoneos/Highlightr_Highlightr.bundle

CpResource /Users/harishvishwakarma/Library/Developer/Xcode/DerivedData/Revolt-dharrjsambcimaaziudpvzjdcigm/Build/Products/Debug-iphoneos/Highlightr_Highlightr.bundle/routeros.min.css /Users/harishvishwakarma/Library/Developer/Xcode/DerivedData/Revolt-dharrjsambcimaaziudpvzjdcigm/SourcePackages/checkouts/Highlightr/Pod/Assets/styles/routeros.min.css (in target 'Highlightr_Highlightr' from project 'Highlightr')
    cd /Users/harishvishwakarma/Library/Developer/Xcode/DerivedData/Revolt-dharrjsambcimaaziudpvzjdcigm/SourcePackages/checkouts/Highlightr
    builtin-copy -exclude .DS_Store -exclude CVS -exclude .svn -exclude .git -exclude .hg -resolve-src-symlinks /Users/harishvishwakarma/Library/Developer/Xcode/DerivedData/Revolt-dharrjsambcimaaziudpvzjdcigm/SourcePackages/checkouts/Highlightr/Pod/Assets/styles/routeros.min.css /Users/harishvishwakarma/Library/Developer/Xcode/DerivedData/Revolt-dharrjsambcimaaziudpvzjdcigm/Build/Products/Debug-iphoneos/Highlightr_Highlightr.bundle

CpResource /Users/harishvishwakarma/Library/Developer/Xcode/DerivedData/Revolt-dharrjsambcimaaziudpvzjdcigm/Build/Products/Debug-iphoneos/Highlightr_Highlightr.bundle/rainbow.min.css /Users/harishvishwakarma/Library/Developer/Xcode/DerivedData/Revolt-dharrjsambcimaaziudpvzjdcigm/SourcePackages/checkouts/Highlightr/Pod/Assets/styles/rainbow.min.css (in target 'Highlightr_Highlightr' from project 'Highlightr')
    cd /Users/harishvishwakarma/Library/Developer/Xcode/DerivedData/Revolt-dharrjsambcimaaziudpvzjdcigm/SourcePackages/checkouts/Highlightr
    builtin-copy -exclude .DS_Store -exclude CVS -exclude .svn -exclude .git -exclude .hg -resolve-src-symlinks /Users/harishvishwakarma/Library/Developer/Xcode/DerivedData/Revolt-dharrjsambcimaaziudpvzjdcigm/SourcePackages/checkouts/Highlightr/Pod/Assets/styles/rainbow.min.css /Users/harishvishwakarma/Library/Developer/Xcode/DerivedData/Revolt-dharrjsambcimaaziudpvzjdcigm/Build/Products/Debug-iphoneos/Highlightr_Highlightr.bundle

CpResource /Users/harishvishwakarma/Library/Developer/Xcode/DerivedData/Revolt-dharrjsambcimaaziudpvzjdcigm/Build/Products/Debug-iphoneos/Highlightr_Highlightr.bundle/railscasts.min.css /Users/harishvishwakarma/Library/Developer/Xcode/DerivedData/Revolt-dharrjsambcimaaziudpvzjdcigm/SourcePackages/checkouts/Highlightr/Pod/Assets/styles/railscasts.min.css (in target 'Highlightr_Highlightr' from project 'Highlightr')
    cd /Users/harishvishwakarma/Library/Developer/Xcode/DerivedData/Revolt-dharrjsambcimaaziudpvzjdcigm/SourcePackages/checkouts/Highlightr
    builtin-copy -exclude .DS_Store -exclude CVS -exclude .svn -exclude .git -exclude .hg -resolve-src-symlinks /Users/harishvishwakarma/Library/Developer/Xcode/DerivedData/Revolt-dharrjsambcimaaziudpvzjdcigm/SourcePackages/checkouts/Highlightr/Pod/Assets/styles/railscasts.min.css /Users/harishvishwakarma/Library/Developer/Xcode/DerivedData/Revolt-dharrjsambcimaaziudpvzjdcigm/Build/Products/Debug-iphoneos/Highlightr_Highlightr.bundle

CpResource /Users/harishvishwakarma/Library/Developer/Xcode/DerivedData/Revolt-dharrjsambcimaaziudpvzjdcigm/Build/Products/Debug-iphoneos/Highlightr_Highlightr.bundle/qtcreator_light.min.css /Users/harishvishwakarma/Library/Developer/Xcode/DerivedData/Revolt-dharrjsambcimaaziudpvzjdcigm/SourcePackages/checkouts/Highlightr/Pod/Assets/styles/qtcreator_light.min.css (in target 'Highlightr_Highlightr' from project 'Highlightr')
    cd /Users/harishvishwakarma/Library/Developer/Xcode/DerivedData/Revolt-dharrjsambcimaaziudpvzjdcigm/SourcePackages/checkouts/Highlightr
    builtin-copy -exclude .DS_Store -exclude CVS -exclude .svn -exclude .git -exclude .hg -resolve-src-symlinks /Users/harishvishwakarma/Library/Developer/Xcode/DerivedData/Revolt-dharrjsambcimaaziudpvzjdcigm/SourcePackages/checkouts/Highlightr/Pod/Assets/styles/qtcreator_light.min.css /Users/harishvishwakarma/Library/Developer/Xcode/DerivedData/Revolt-dharrjsambcimaaziudpvzjdcigm/Build/Products/Debug-iphoneos/Highlightr_Highlightr.bundle

CpResource /Users/harishvishwakarma/Library/Developer/Xcode/DerivedData/Revolt-dharrjsambcimaaziudpvzjdcigm/Build/Products/Debug-iphoneos/Highlightr_Highlightr.bundle/qtcreator_dark.min.css /Users/harishvishwakarma/Library/Developer/Xcode/DerivedData/Revolt-dharrjsambcimaaziudpvzjdcigm/SourcePackages/checkouts/Highlightr/Pod/Assets/styles/qtcreator_dark.min.css (in target 'Highlightr_Highlightr' from project 'Highlightr')
    cd /Users/harishvishwakarma/Library/Developer/Xcode/DerivedData/Revolt-dharrjsambcimaaziudpvzjdcigm/SourcePackages/checkouts/Highlightr
    builtin-copy -exclude .DS_Store -exclude CVS -exclude .svn -exclude .git -exclude .hg -resolve-src-symlinks /Users/harishvishwakarma/Library/Developer/Xcode/DerivedData/Revolt-dharrjsambcimaaziudpvzjdcigm/SourcePackages/checkouts/Highlightr/Pod/Assets/styles/qtcreator_dark.min.css /Users/harishvishwakarma/Library/Developer/Xcode/DerivedData/Revolt-dharrjsambcimaaziudpvzjdcigm/Build/Products/Debug-iphoneos/Highlightr_Highlightr.bundle

CpResource /Users/harishvishwakarma/Library/Developer/Xcode/DerivedData/Revolt-dharrjsambcimaaziudpvzjdcigm/Build/Products/Debug-iphoneos/Highlightr_Highlightr.bundle/purebasic.min.css /Users/harishvishwakarma/Library/Developer/Xcode/DerivedData/Revolt-dharrjsambcimaaziudpvzjdcigm/SourcePackages/checkouts/Highlightr/Pod/Assets/styles/purebasic.min.css (in target 'Highlightr_Highlightr' from project 'Highlightr')
    cd /Users/harishvishwakarma/Library/Developer/Xcode/DerivedData/Revolt-dharrjsambcimaaziudpvzjdcigm/SourcePackages/checkouts/Highlightr
    builtin-copy -exclude .DS_Store -exclude CVS -exclude .svn -exclude .git -exclude .hg -resolve-src-symlinks /Users/harishvishwakarma/Library/Developer/Xcode/DerivedData/Revolt-dharrjsambcimaaziudpvzjdcigm/SourcePackages/checkouts/Highlightr/Pod/Assets/styles/purebasic.min.css /Users/harishvishwakarma/Library/Developer/Xcode/DerivedData/Revolt-dharrjsambcimaaziudpvzjdcigm/Build/Products/Debug-iphoneos/Highlightr_Highlightr.bundle

CpResource /Users/harishvishwakarma/Library/Developer/Xcode/DerivedData/Revolt-dharrjsambcimaaziudpvzjdcigm/Build/Products/Debug-iphoneos/Highlightr_Highlightr.bundle/pojoaque.min.css /Users/harishvishwakarma/Library/Developer/Xcode/DerivedData/Revolt-dharrjsambcimaaziudpvzjdcigm/SourcePackages/checkouts/Highlightr/Pod/Assets/styles/pojoaque.min.css (in target 'Highlightr_Highlightr' from project 'Highlightr')
    cd /Users/harishvishwakarma/Library/Developer/Xcode/DerivedData/Revolt-dharrjsambcimaaziudpvzjdcigm/SourcePackages/checkouts/Highlightr
    builtin-copy -exclude .DS_Store -exclude CVS -exclude .svn -exclude .git -exclude .hg -resolve-src-symlinks /Users/harishvishwakarma/Library/Developer/Xcode/DerivedData/Revolt-dharrjsambcimaaziudpvzjdcigm/SourcePackages/checkouts/Highlightr/Pod/Assets/styles/pojoaque.min.css /Users/harishvishwakarma/Library/Developer/Xcode/DerivedData/Revolt-dharrjsambcimaaziudpvzjdcigm/Build/Products/Debug-iphoneos/Highlightr_Highlightr.bundle

CpResource /Users/harishvishwakarma/Library/Developer/Xcode/DerivedData/Revolt-dharrjsambcimaaziudpvzjdcigm/Build/Products/Debug-iphoneos/Highlightr_Highlightr.bundle/paraiso-light.min.css /Users/harishvishwakarma/Library/Developer/Xcode/DerivedData/Revolt-dharrjsambcimaaziudpvzjdcigm/SourcePackages/checkouts/Highlightr/Pod/Assets/styles/paraiso-light.min.css (in target 'Highlightr_Highlightr' from project 'Highlightr')
    cd /Users/harishvishwakarma/Library/Developer/Xcode/DerivedData/Revolt-dharrjsambcimaaziudpvzjdcigm/SourcePackages/checkouts/Highlightr
    builtin-copy -exclude .DS_Store -exclude CVS -exclude .svn -exclude .git -exclude .hg -resolve-src-symlinks /Users/harishvishwakarma/Library/Developer/Xcode/DerivedData/Revolt-dharrjsambcimaaziudpvzjdcigm/SourcePackages/checkouts/Highlightr/Pod/Assets/styles/paraiso-light.min.css /Users/harishvishwakarma/Library/Developer/Xcode/DerivedData/Revolt-dharrjsambcimaaziudpvzjdcigm/Build/Products/Debug-iphoneos/Highlightr_Highlightr.bundle

CpResource /Users/harishvishwakarma/Library/Developer/Xcode/DerivedData/Revolt-dharrjsambcimaaziudpvzjdcigm/Build/Products/Debug-iphoneos/Highlightr_Highlightr.bundle/paraiso-dark.min.css /Users/harishvishwakarma/Library/Developer/Xcode/DerivedData/Revolt-dharrjsambcimaaziudpvzjdcigm/SourcePackages/checkouts/Highlightr/Pod/Assets/styles/paraiso-dark.min.css (in target 'Highlightr_Highlightr' from project 'Highlightr')
    cd /Users/harishvishwakarma/Library/Developer/Xcode/DerivedData/Revolt-dharrjsambcimaaziudpvzjdcigm/SourcePackages/checkouts/Highlightr
    builtin-copy -exclude .DS_Store -exclude CVS -exclude .svn -exclude .git -exclude .hg -resolve-src-symlinks /Users/harishvishwakarma/Library/Developer/Xcode/DerivedData/Revolt-dharrjsambcimaaziudpvzjdcigm/SourcePackages/checkouts/Highlightr/Pod/Assets/styles/paraiso-dark.min.css /Users/harishvishwakarma/Library/Developer/Xcode/DerivedData/Revolt-dharrjsambcimaaziudpvzjdcigm/Build/Products/Debug-iphoneos/Highlightr_Highlightr.bundle

CpResource /Users/harishvishwakarma/Library/Developer/Xcode/DerivedData/Revolt-dharrjsambcimaaziudpvzjdcigm/Build/Products/Debug-iphoneos/Highlightr_Highlightr.bundle/ocean.min.css /Users/harishvishwakarma/Library/Developer/Xcode/DerivedData/Revolt-dharrjsambcimaaziudpvzjdcigm/SourcePackages/checkouts/Highlightr/Pod/Assets/styles/ocean.min.css (in target 'Highlightr_Highlightr' from project 'Highlightr')
    cd /Users/harishvishwakarma/Library/Developer/Xcode/DerivedData/Revolt-dharrjsambcimaaziudpvzjdcigm/SourcePackages/checkouts/Highlightr
    builtin-copy -exclude .DS_Store -exclude CVS -exclude .svn -exclude .git -exclude .hg -resolve-src-symlinks /Users/harishvishwakarma/Library/Developer/Xcode/DerivedData/Revolt-dharrjsambcimaaziudpvzjdcigm/SourcePackages/checkouts/Highlightr/Pod/Assets/styles/ocean.min.css /Users/harishvishwakarma/Library/Developer/Xcode/DerivedData/Revolt-dharrjsambcimaaziudpvzjdcigm/Build/Products/Debug-iphoneos/Highlightr_Highlightr.bundle

CpResource /Users/harishvishwakarma/Library/Developer/Xcode/DerivedData/Revolt-dharrjsambcimaaziudpvzjdcigm/Build/Products/Debug-iphoneos/Highlightr_Highlightr.bundle/obsidian.min.css /Users/harishvishwakarma/Library/Developer/Xcode/DerivedData/Revolt-dharrjsambcimaaziudpvzjdcigm/SourcePackages/checkouts/Highlightr/Pod/Assets/styles/obsidian.min.css (in target 'Highlightr_Highlightr' from project 'Highlightr')
    cd /Users/harishvishwakarma/Library/Developer/Xcode/DerivedData/Revolt-dharrjsambcimaaziudpvzjdcigm/SourcePackages/checkouts/Highlightr
    builtin-copy -exclude .DS_Store -exclude CVS -exclude .svn -exclude .git -exclude .hg -resolve-src-symlinks /Users/harishvishwakarma/Library/Developer/Xcode/DerivedData/Revolt-dharrjsambcimaaziudpvzjdcigm/SourcePackages/checkouts/Highlightr/Pod/Assets/styles/obsidian.min.css /Users/harishvishwakarma/Library/Developer/Xcode/DerivedData/Revolt-dharrjsambcimaaziudpvzjdcigm/Build/Products/Debug-iphoneos/Highlightr_Highlightr.bundle

CpResource /Users/harishvishwakarma/Library/Developer/Xcode/DerivedData/Revolt-dharrjsambcimaaziudpvzjdcigm/Build/Products/Debug-iphoneos/Highlightr_Highlightr.bundle/nord.min.css /Users/harishvishwakarma/Library/Developer/Xcode/DerivedData/Revolt-dharrjsambcimaaziudpvzjdcigm/SourcePackages/checkouts/Highlightr/Pod/Assets/styles/nord.min.css (in target 'Highlightr_Highlightr' from project 'Highlightr')
    cd /Users/harishvishwakarma/Library/Developer/Xcode/DerivedData/Revolt-dharrjsambcimaaziudpvzjdcigm/SourcePackages/checkouts/Highlightr
    builtin-copy -exclude .DS_Store -exclude CVS -exclude .svn -exclude .git -exclude .hg -resolve-src-symlinks /Users/harishvishwakarma/Library/Developer/Xcode/DerivedData/Revolt-dharrjsambcimaaziudpvzjdcigm/SourcePackages/checkouts/Highlightr/Pod/Assets/styles/nord.min.css /Users/harishvishwakarma/Library/Developer/Xcode/DerivedData/Revolt-dharrjsambcimaaziudpvzjdcigm/Build/Products/Debug-iphoneos/Highlightr_Highlightr.bundle

CpResource /Users/harishvishwakarma/Library/Developer/Xcode/DerivedData/Revolt-dharrjsambcimaaziudpvzjdcigm/Build/Products/Debug-iphoneos/Highlightr_Highlightr.bundle/monokai.min.css /Users/harishvishwakarma/Library/Developer/Xcode/DerivedData/Revolt-dharrjsambcimaaziudpvzjdcigm/SourcePackages/checkouts/Highlightr/Pod/Assets/styles/monokai.min.css (in target 'Highlightr_Highlightr' from project 'Highlightr')
    cd /Users/harishvishwakarma/Library/Developer/Xcode/DerivedData/Revolt-dharrjsambcimaaziudpvzjdcigm/SourcePackages/checkouts/Highlightr
    builtin-copy -exclude .DS_Store -exclude CVS -exclude .svn -exclude .git -exclude .hg -resolve-src-symlinks /Users/harishvishwakarma/Library/Developer/Xcode/DerivedData/Revolt-dharrjsambcimaaziudpvzjdcigm/SourcePackages/checkouts/Highlightr/Pod/Assets/styles/monokai.min.css /Users/harishvishwakarma/Library/Developer/Xcode/DerivedData/Revolt-dharrjsambcimaaziudpvzjdcigm/Build/Products/Debug-iphoneos/Highlightr_Highlightr.bundle

CpResource /Users/harishvishwakarma/Library/Developer/Xcode/DerivedData/Revolt-dharrjsambcimaaziudpvzjdcigm/Build/Products/Debug-iphoneos/Highlightr_Highlightr.bundle/monokai-sublime.min.css /Users/harishvishwakarma/Library/Developer/Xcode/DerivedData/Revolt-dharrjsambcimaaziudpvzjdcigm/SourcePackages/checkouts/Highlightr/Pod/Assets/styles/monokai-sublime.min.css (in target 'Highlightr_Highlightr' from project 'Highlightr')
    cd /Users/harishvishwakarma/Library/Developer/Xcode/DerivedData/Revolt-dharrjsambcimaaziudpvzjdcigm/SourcePackages/checkouts/Highlightr
    builtin-copy -exclude .DS_Store -exclude CVS -exclude .svn -exclude .git -exclude .hg -resolve-src-symlinks /Users/harishvishwakarma/Library/Developer/Xcode/DerivedData/Revolt-dharrjsambcimaaziudpvzjdcigm/SourcePackages/checkouts/Highlightr/Pod/Assets/styles/monokai-sublime.min.css /Users/harishvishwakarma/Library/Developer/Xcode/DerivedData/Revolt-dharrjsambcimaaziudpvzjdcigm/Build/Products/Debug-iphoneos/Highlightr_Highlightr.bundle

CpResource /Users/harishvishwakarma/Library/Developer/Xcode/DerivedData/Revolt-dharrjsambcimaaziudpvzjdcigm/Build/Products/Debug-iphoneos/Highlightr_Highlightr.bundle/mono-blue.min.css /Users/harishvishwakarma/Library/Developer/Xcode/DerivedData/Revolt-dharrjsambcimaaziudpvzjdcigm/SourcePackages/checkouts/Highlightr/Pod/Assets/styles/mono-blue.min.css (in target 'Highlightr_Highlightr' from project 'Highlightr')
    cd /Users/harishvishwakarma/Library/Developer/Xcode/DerivedData/Revolt-dharrjsambcimaaziudpvzjdcigm/SourcePackages/checkouts/Highlightr
    builtin-copy -exclude .DS_Store -exclude CVS -exclude .svn -exclude .git -exclude .hg -resolve-src-symlinks /Users/harishvishwakarma/Library/Developer/Xcode/DerivedData/Revolt-dharrjsambcimaaziudpvzjdcigm/SourcePackages/checkouts/Highlightr/Pod/Assets/styles/mono-blue.min.css /Users/harishvishwakarma/Library/Developer/Xcode/DerivedData/Revolt-dharrjsambcimaaziudpvzjdcigm/Build/Products/Debug-iphoneos/Highlightr_Highlightr.bundle

CpResource /Users/harishvishwakarma/Library/Developer/Xcode/DerivedData/Revolt-dharrjsambcimaaziudpvzjdcigm/Build/Products/Debug-iphoneos/Highlightr_Highlightr.bundle/magula.min.css /Users/harishvishwakarma/Library/Developer/Xcode/DerivedData/Revolt-dharrjsambcimaaziudpvzjdcigm/SourcePackages/checkouts/Highlightr/Pod/Assets/styles/magula.min.css (in target 'Highlightr_Highlightr' from project 'Highlightr')
    cd /Users/harishvishwakarma/Library/Developer/Xcode/DerivedData/Revolt-dharrjsambcimaaziudpvzjdcigm/SourcePackages/checkouts/Highlightr
    builtin-copy -exclude .DS_Store -exclude CVS -exclude .svn -exclude .git -exclude .hg -resolve-src-symlinks /Users/harishvishwakarma/Library/Developer/Xcode/DerivedData/Revolt-dharrjsambcimaaziudpvzjdcigm/SourcePackages/checkouts/Highlightr/Pod/Assets/styles/magula.min.css /Users/harishvishwakarma/Library/Developer/Xcode/DerivedData/Revolt-dharrjsambcimaaziudpvzjdcigm/Build/Products/Debug-iphoneos/Highlightr_Highlightr.bundle

CpResource /Users/harishvishwakarma/Library/Developer/Xcode/DerivedData/Revolt-dharrjsambcimaaziudpvzjdcigm/Build/Products/Debug-iphoneos/Highlightr_Highlightr.bundle/lightfair.min.css /Users/harishvishwakarma/Library/Developer/Xcode/DerivedData/Revolt-dharrjsambcimaaziudpvzjdcigm/SourcePackages/checkouts/Highlightr/Pod/Assets/styles/lightfair.min.css (in target 'Highlightr_Highlightr' from project 'Highlightr')
    cd /Users/harishvishwakarma/Library/Developer/Xcode/DerivedData/Revolt-dharrjsambcimaaziudpvzjdcigm/SourcePackages/checkouts/Highlightr
    builtin-copy -exclude .DS_Store -exclude CVS -exclude .svn -exclude .git -exclude .hg -resolve-src-symlinks /Users/harishvishwakarma/Library/Developer/Xcode/DerivedData/Revolt-dharrjsambcimaaziudpvzjdcigm/SourcePackages/checkouts/Highlightr/Pod/Assets/styles/lightfair.min.css /Users/harishvishwakarma/Library/Developer/Xcode/DerivedData/Revolt-dharrjsambcimaaziudpvzjdcigm/Build/Products/Debug-iphoneos/Highlightr_Highlightr.bundle

CpResource /Users/harishvishwakarma/Library/Developer/Xcode/DerivedData/Revolt-dharrjsambcimaaziudpvzjdcigm/Build/Products/Debug-iphoneos/Highlightr_Highlightr.bundle/kimbie.light.min.css /Users/harishvishwakarma/Library/Developer/Xcode/DerivedData/Revolt-dharrjsambcimaaziudpvzjdcigm/SourcePackages/checkouts/Highlightr/Pod/Assets/styles/kimbie.light.min.css (in target 'Highlightr_Highlightr' from project 'Highlightr')
    cd /Users/harishvishwakarma/Library/Developer/Xcode/DerivedData/Revolt-dharrjsambcimaaziudpvzjdcigm/SourcePackages/checkouts/Highlightr
    builtin-copy -exclude .DS_Store -exclude CVS -exclude .svn -exclude .git -exclude .hg -resolve-src-symlinks /Users/harishvishwakarma/Library/Developer/Xcode/DerivedData/Revolt-dharrjsambcimaaziudpvzjdcigm/SourcePackages/checkouts/Highlightr/Pod/Assets/styles/kimbie.light.min.css /Users/harishvishwakarma/Library/Developer/Xcode/DerivedData/Revolt-dharrjsambcimaaziudpvzjdcigm/Build/Products/Debug-iphoneos/Highlightr_Highlightr.bundle

CpResource /Users/harishvishwakarma/Library/Developer/Xcode/DerivedData/Revolt-dharrjsambcimaaziudpvzjdcigm/Build/Products/Debug-iphoneos/Highlightr_Highlightr.bundle/kimbie.dark.min.css /Users/harishvishwakarma/Library/Developer/Xcode/DerivedData/Revolt-dharrjsambcimaaziudpvzjdcigm/SourcePackages/checkouts/Highlightr/Pod/Assets/styles/kimbie.dark.min.css (in target 'Highlightr_Highlightr' from project 'Highlightr')
    cd /Users/harishvishwakarma/Library/Developer/Xcode/DerivedData/Revolt-dharrjsambcimaaziudpvzjdcigm/SourcePackages/checkouts/Highlightr
    builtin-copy -exclude .DS_Store -exclude CVS -exclude .svn -exclude .git -exclude .hg -resolve-src-symlinks /Users/harishvishwakarma/Library/Developer/Xcode/DerivedData/Revolt-dharrjsambcimaaziudpvzjdcigm/SourcePackages/checkouts/Highlightr/Pod/Assets/styles/kimbie.dark.min.css /Users/harishvishwakarma/Library/Developer/Xcode/DerivedData/Revolt-dharrjsambcimaaziudpvzjdcigm/Build/Products/Debug-iphoneos/Highlightr_Highlightr.bundle

CpResource /Users/harishvishwakarma/Library/Developer/Xcode/DerivedData/Revolt-dharrjsambcimaaziudpvzjdcigm/Build/Products/Debug-iphoneos/Highlightr_Highlightr.bundle/isbl-editor-light.min.css /Users/harishvishwakarma/Library/Developer/Xcode/DerivedData/Revolt-dharrjsambcimaaziudpvzjdcigm/SourcePackages/checkouts/Highlightr/Pod/Assets/styles/isbl-editor-light.min.css (in target 'Highlightr_Highlightr' from project 'Highlightr')
    cd /Users/harishvishwakarma/Library/Developer/Xcode/DerivedData/Revolt-dharrjsambcimaaziudpvzjdcigm/SourcePackages/checkouts/Highlightr
    builtin-copy -exclude .DS_Store -exclude CVS -exclude .svn -exclude .git -exclude .hg -resolve-src-symlinks /Users/harishvishwakarma/Library/Developer/Xcode/DerivedData/Revolt-dharrjsambcimaaziudpvzjdcigm/SourcePackages/checkouts/Highlightr/Pod/Assets/styles/isbl-editor-light.min.css /Users/harishvishwakarma/Library/Developer/Xcode/DerivedData/Revolt-dharrjsambcimaaziudpvzjdcigm/Build/Products/Debug-iphoneos/Highlightr_Highlightr.bundle

CpResource /Users/harishvishwakarma/Library/Developer/Xcode/DerivedData/Revolt-dharrjsambcimaaziudpvzjdcigm/Build/Products/Debug-iphoneos/Highlightr_Highlightr.bundle/isbl-editor-dark.min.css /Users/harishvishwakarma/Library/Developer/Xcode/DerivedData/Revolt-dharrjsambcimaaziudpvzjdcigm/SourcePackages/checkouts/Highlightr/Pod/Assets/styles/isbl-editor-dark.min.css (in target 'Highlightr_Highlightr' from project 'Highlightr')
    cd /Users/harishvishwakarma/Library/Developer/Xcode/DerivedData/Revolt-dharrjsambcimaaziudpvzjdcigm/SourcePackages/checkouts/Highlightr
    builtin-copy -exclude .DS_Store -exclude CVS -exclude .svn -exclude .git -exclude .hg -resolve-src-symlinks /Users/harishvishwakarma/Library/Developer/Xcode/DerivedData/Revolt-dharrjsambcimaaziudpvzjdcigm/SourcePackages/checkouts/Highlightr/Pod/Assets/styles/isbl-editor-dark.min.css /Users/harishvishwakarma/Library/Developer/Xcode/DerivedData/Revolt-dharrjsambcimaaziudpvzjdcigm/Build/Products/Debug-iphoneos/Highlightr_Highlightr.bundle

CpResource /Users/harishvishwakarma/Library/Developer/Xcode/DerivedData/Revolt-dharrjsambcimaaziudpvzjdcigm/Build/Products/Debug-iphoneos/Highlightr_Highlightr.bundle/ir-black.min.css /Users/harishvishwakarma/Library/Developer/Xcode/DerivedData/Revolt-dharrjsambcimaaziudpvzjdcigm/SourcePackages/checkouts/Highlightr/Pod/Assets/styles/ir-black.min.css (in target 'Highlightr_Highlightr' from project 'Highlightr')
    cd /Users/harishvishwakarma/Library/Developer/Xcode/DerivedData/Revolt-dharrjsambcimaaziudpvzjdcigm/SourcePackages/checkouts/Highlightr
    builtin-copy -exclude .DS_Store -exclude CVS -exclude .svn -exclude .git -exclude .hg -resolve-src-symlinks /Users/harishvishwakarma/Library/Developer/Xcode/DerivedData/Revolt-dharrjsambcimaaziudpvzjdcigm/SourcePackages/checkouts/Highlightr/Pod/Assets/styles/ir-black.min.css /Users/harishvishwakarma/Library/Developer/Xcode/DerivedData/Revolt-dharrjsambcimaaziudpvzjdcigm/Build/Products/Debug-iphoneos/Highlightr_Highlightr.bundle

CpResource /Users/harishvishwakarma/Library/Developer/Xcode/DerivedData/Revolt-dharrjsambcimaaziudpvzjdcigm/Build/Products/Debug-iphoneos/Highlightr_Highlightr.bundle/idea.min.css /Users/harishvishwakarma/Library/Developer/Xcode/DerivedData/Revolt-dharrjsambcimaaziudpvzjdcigm/SourcePackages/checkouts/Highlightr/Pod/Assets/styles/idea.min.css (in target 'Highlightr_Highlightr' from project 'Highlightr')
    cd /Users/harishvishwakarma/Library/Developer/Xcode/DerivedData/Revolt-dharrjsambcimaaziudpvzjdcigm/SourcePackages/checkouts/Highlightr
    builtin-copy -exclude .DS_Store -exclude CVS -exclude .svn -exclude .git -exclude .hg -resolve-src-symlinks /Users/harishvishwakarma/Library/Developer/Xcode/DerivedData/Revolt-dharrjsambcimaaziudpvzjdcigm/SourcePackages/checkouts/Highlightr/Pod/Assets/styles/idea.min.css /Users/harishvishwakarma/Library/Developer/Xcode/DerivedData/Revolt-dharrjsambcimaaziudpvzjdcigm/Build/Products/Debug-iphoneos/Highlightr_Highlightr.bundle

CpResource /Users/harishvishwakarma/Library/Developer/Xcode/DerivedData/Revolt-dharrjsambcimaaziudpvzjdcigm/Build/Products/Debug-iphoneos/Highlightr_Highlightr.bundle/hybrid.min.css /Users/harishvishwakarma/Library/Developer/Xcode/DerivedData/Revolt-dharrjsambcimaaziudpvzjdcigm/SourcePackages/checkouts/Highlightr/Pod/Assets/styles/hybrid.min.css (in target 'Highlightr_Highlightr' from project 'Highlightr')
    cd /Users/harishvishwakarma/Library/Developer/Xcode/DerivedData/Revolt-dharrjsambcimaaziudpvzjdcigm/SourcePackages/checkouts/Highlightr
    builtin-copy -exclude .DS_Store -exclude CVS -exclude .svn -exclude .git -exclude .hg -resolve-src-symlinks /Users/harishvishwakarma/Library/Developer/Xcode/DerivedData/Revolt-dharrjsambcimaaziudpvzjdcigm/SourcePackages/checkouts/Highlightr/Pod/Assets/styles/hybrid.min.css /Users/harishvishwakarma/Library/Developer/Xcode/DerivedData/Revolt-dharrjsambcimaaziudpvzjdcigm/Build/Products/Debug-iphoneos/Highlightr_Highlightr.bundle

CpResource /Users/harishvishwakarma/Library/Developer/Xcode/DerivedData/Revolt-dharrjsambcimaaziudpvzjdcigm/Build/Products/Debug-iphoneos/Highlightr_Highlightr.bundle/hopscotch.min.css /Users/harishvishwakarma/Library/Developer/Xcode/DerivedData/Revolt-dharrjsambcimaaziudpvzjdcigm/SourcePackages/checkouts/Highlightr/Pod/Assets/styles/hopscotch.min.css (in target 'Highlightr_Highlightr' from project 'Highlightr')
    cd /Users/harishvishwakarma/Library/Developer/Xcode/DerivedData/Revolt-dharrjsambcimaaziudpvzjdcigm/SourcePackages/checkouts/Highlightr
    builtin-copy -exclude .DS_Store -exclude CVS -exclude .svn -exclude .git -exclude .hg -resolve-src-symlinks /Users/harishvishwakarma/Library/Developer/Xcode/DerivedData/Revolt-dharrjsambcimaaziudpvzjdcigm/SourcePackages/checkouts/Highlightr/Pod/Assets/styles/hopscotch.min.css /Users/harishvishwakarma/Library/Developer/Xcode/DerivedData/Revolt-dharrjsambcimaaziudpvzjdcigm/Build/Products/Debug-iphoneos/Highlightr_Highlightr.bundle

CpResource /Users/harishvishwakarma/Library/Developer/Xcode/DerivedData/Revolt-dharrjsambcimaaziudpvzjdcigm/Build/Products/Debug-iphoneos/Highlightr_Highlightr.bundle/highlight.min.js /Users/harishvishwakarma/Library/Developer/Xcode/DerivedData/Revolt-dharrjsambcimaaziudpvzjdcigm/SourcePackages/checkouts/Highlightr/Pod/Assets/Highlighter/highlight.min.js (in target 'Highlightr_Highlightr' from project 'Highlightr')
    cd /Users/harishvishwakarma/Library/Developer/Xcode/DerivedData/Revolt-dharrjsambcimaaziudpvzjdcigm/SourcePackages/checkouts/Highlightr
    builtin-copy -exclude .DS_Store -exclude CVS -exclude .svn -exclude .git -exclude .hg -resolve-src-symlinks /Users/harishvishwakarma/Library/Developer/Xcode/DerivedData/Revolt-dharrjsambcimaaziudpvzjdcigm/SourcePackages/checkouts/Highlightr/Pod/Assets/Highlighter/highlight.min.js /Users/harishvishwakarma/Library/Developer/Xcode/DerivedData/Revolt-dharrjsambcimaaziudpvzjdcigm/Build/Products/Debug-iphoneos/Highlightr_Highlightr.bundle

CpResource /Users/harishvishwakarma/Library/Developer/Xcode/DerivedData/Revolt-dharrjsambcimaaziudpvzjdcigm/Build/Products/Debug-iphoneos/Highlightr_Highlightr.bundle/gruvbox-light.min.css /Users/harishvishwakarma/Library/Developer/Xcode/DerivedData/Revolt-dharrjsambcimaaziudpvzjdcigm/SourcePackages/checkouts/Highlightr/Pod/Assets/styles/gruvbox-light.min.css (in target 'Highlightr_Highlightr' from project 'Highlightr')
    cd /Users/harishvishwakarma/Library/Developer/Xcode/DerivedData/Revolt-dharrjsambcimaaziudpvzjdcigm/SourcePackages/checkouts/Highlightr
    builtin-copy -exclude .DS_Store -exclude CVS -exclude .svn -exclude .git -exclude .hg -resolve-src-symlinks /Users/harishvishwakarma/Library/Developer/Xcode/DerivedData/Revolt-dharrjsambcimaaziudpvzjdcigm/SourcePackages/checkouts/Highlightr/Pod/Assets/styles/gruvbox-light.min.css /Users/harishvishwakarma/Library/Developer/Xcode/DerivedData/Revolt-dharrjsambcimaaziudpvzjdcigm/Build/Products/Debug-iphoneos/Highlightr_Highlightr.bundle

CpResource /Users/harishvishwakarma/Library/Developer/Xcode/DerivedData/Revolt-dharrjsambcimaaziudpvzjdcigm/Build/Products/Debug-iphoneos/Highlightr_Highlightr.bundle/gruvbox-dark.min.css /Users/harishvishwakarma/Library/Developer/Xcode/DerivedData/Revolt-dharrjsambcimaaziudpvzjdcigm/SourcePackages/checkouts/Highlightr/Pod/Assets/styles/gruvbox-dark.min.css (in target 'Highlightr_Highlightr' from project 'Highlightr')
    cd /Users/harishvishwakarma/Library/Developer/Xcode/DerivedData/Revolt-dharrjsambcimaaziudpvzjdcigm/SourcePackages/checkouts/Highlightr
    builtin-copy -exclude .DS_Store -exclude CVS -exclude .svn -exclude .git -exclude .hg -resolve-src-symlinks /Users/harishvishwakarma/Library/Developer/Xcode/DerivedData/Revolt-dharrjsambcimaaziudpvzjdcigm/SourcePackages/checkouts/Highlightr/Pod/Assets/styles/gruvbox-dark.min.css /Users/harishvishwakarma/Library/Developer/Xcode/DerivedData/Revolt-dharrjsambcimaaziudpvzjdcigm/Build/Products/Debug-iphoneos/Highlightr_Highlightr.bundle

CpResource /Users/harishvishwakarma/Library/Developer/Xcode/DerivedData/Revolt-dharrjsambcimaaziudpvzjdcigm/Build/Products/Debug-iphoneos/Highlightr_Highlightr.bundle/grayscale.min.css /Users/harishvishwakarma/Library/Developer/Xcode/DerivedData/Revolt-dharrjsambcimaaziudpvzjdcigm/SourcePackages/checkouts/Highlightr/Pod/Assets/styles/grayscale.min.css (in target 'Highlightr_Highlightr' from project 'Highlightr')
    cd /Users/harishvishwakarma/Library/Developer/Xcode/DerivedData/Revolt-dharrjsambcimaaziudpvzjdcigm/SourcePackages/checkouts/Highlightr
    builtin-copy -exclude .DS_Store -exclude CVS -exclude .svn -exclude .git -exclude .hg -resolve-src-symlinks /Users/harishvishwakarma/Library/Developer/Xcode/DerivedData/Revolt-dharrjsambcimaaziudpvzjdcigm/SourcePackages/checkouts/Highlightr/Pod/Assets/styles/grayscale.min.css /Users/harishvishwakarma/Library/Developer/Xcode/DerivedData/Revolt-dharrjsambcimaaziudpvzjdcigm/Build/Products/Debug-iphoneos/Highlightr_Highlightr.bundle

CpResource /Users/harishvishwakarma/Library/Developer/Xcode/DerivedData/Revolt-dharrjsambcimaaziudpvzjdcigm/Build/Products/Debug-iphoneos/Highlightr_Highlightr.bundle/googlecode.min.css /Users/harishvishwakarma/Library/Developer/Xcode/DerivedData/Revolt-dharrjsambcimaaziudpvzjdcigm/SourcePackages/checkouts/Highlightr/Pod/Assets/styles/googlecode.min.css (in target 'Highlightr_Highlightr' from project 'Highlightr')
    cd /Users/harishvishwakarma/Library/Developer/Xcode/DerivedData/Revolt-dharrjsambcimaaziudpvzjdcigm/SourcePackages/checkouts/Highlightr
    builtin-copy -exclude .DS_Store -exclude CVS -exclude .svn -exclude .git -exclude .hg -resolve-src-symlinks /Users/harishvishwakarma/Library/Developer/Xcode/DerivedData/Revolt-dharrjsambcimaaziudpvzjdcigm/SourcePackages/checkouts/Highlightr/Pod/Assets/styles/googlecode.min.css /Users/harishvishwakarma/Library/Developer/Xcode/DerivedData/Revolt-dharrjsambcimaaziudpvzjdcigm/Build/Products/Debug-iphoneos/Highlightr_Highlightr.bundle

CpResource /Users/harishvishwakarma/Library/Developer/Xcode/DerivedData/Revolt-dharrjsambcimaaziudpvzjdcigm/Build/Products/Debug-iphoneos/Highlightr_Highlightr.bundle/gml.min.css /Users/harishvishwakarma/Library/Developer/Xcode/DerivedData/Revolt-dharrjsambcimaaziudpvzjdcigm/SourcePackages/checkouts/Highlightr/Pod/Assets/styles/gml.min.css (in target 'Highlightr_Highlightr' from project 'Highlightr')
    cd /Users/harishvishwakarma/Library/Developer/Xcode/DerivedData/Revolt-dharrjsambcimaaziudpvzjdcigm/SourcePackages/checkouts/Highlightr
    builtin-copy -exclude .DS_Store -exclude CVS -exclude .svn -exclude .git -exclude .hg -resolve-src-symlinks /Users/harishvishwakarma/Library/Developer/Xcode/DerivedData/Revolt-dharrjsambcimaaziudpvzjdcigm/SourcePackages/checkouts/Highlightr/Pod/Assets/styles/gml.min.css /Users/harishvishwakarma/Library/Developer/Xcode/DerivedData/Revolt-dharrjsambcimaaziudpvzjdcigm/Build/Products/Debug-iphoneos/Highlightr_Highlightr.bundle

CpResource /Users/harishvishwakarma/Library/Developer/Xcode/DerivedData/Revolt-dharrjsambcimaaziudpvzjdcigm/Build/Products/Debug-iphoneos/Highlightr_Highlightr.bundle/github.min.css /Users/harishvishwakarma/Library/Developer/Xcode/DerivedData/Revolt-dharrjsambcimaaziudpvzjdcigm/SourcePackages/checkouts/Highlightr/Pod/Assets/styles/github.min.css (in target 'Highlightr_Highlightr' from project 'Highlightr')
    cd /Users/harishvishwakarma/Library/Developer/Xcode/DerivedData/Revolt-dharrjsambcimaaziudpvzjdcigm/SourcePackages/checkouts/Highlightr
    builtin-copy -exclude .DS_Store -exclude CVS -exclude .svn -exclude .git -exclude .hg -resolve-src-symlinks /Users/harishvishwakarma/Library/Developer/Xcode/DerivedData/Revolt-dharrjsambcimaaziudpvzjdcigm/SourcePackages/checkouts/Highlightr/Pod/Assets/styles/github.min.css /Users/harishvishwakarma/Library/Developer/Xcode/DerivedData/Revolt-dharrjsambcimaaziudpvzjdcigm/Build/Products/Debug-iphoneos/Highlightr_Highlightr.bundle

CpResource /Users/harishvishwakarma/Library/Developer/Xcode/DerivedData/Revolt-dharrjsambcimaaziudpvzjdcigm/Build/Products/Debug-iphoneos/Highlightr_Highlightr.bundle/github-gist.min.css /Users/harishvishwakarma/Library/Developer/Xcode/DerivedData/Revolt-dharrjsambcimaaziudpvzjdcigm/SourcePackages/checkouts/Highlightr/Pod/Assets/styles/github-gist.min.css (in target 'Highlightr_Highlightr' from project 'Highlightr')
    cd /Users/harishvishwakarma/Library/Developer/Xcode/DerivedData/Revolt-dharrjsambcimaaziudpvzjdcigm/SourcePackages/checkouts/Highlightr
    builtin-copy -exclude .DS_Store -exclude CVS -exclude .svn -exclude .git -exclude .hg -resolve-src-symlinks /Users/harishvishwakarma/Library/Developer/Xcode/DerivedData/Revolt-dharrjsambcimaaziudpvzjdcigm/SourcePackages/checkouts/Highlightr/Pod/Assets/styles/github-gist.min.css /Users/harishvishwakarma/Library/Developer/Xcode/DerivedData/Revolt-dharrjsambcimaaziudpvzjdcigm/Build/Products/Debug-iphoneos/Highlightr_Highlightr.bundle

CpResource /Users/harishvishwakarma/Library/Developer/Xcode/DerivedData/Revolt-dharrjsambcimaaziudpvzjdcigm/Build/Products/Debug-iphoneos/Highlightr_Highlightr.bundle/foundation.min.css /Users/harishvishwakarma/Library/Developer/Xcode/DerivedData/Revolt-dharrjsambcimaaziudpvzjdcigm/SourcePackages/checkouts/Highlightr/Pod/Assets/styles/foundation.min.css (in target 'Highlightr_Highlightr' from project 'Highlightr')
    cd /Users/harishvishwakarma/Library/Developer/Xcode/DerivedData/Revolt-dharrjsambcimaaziudpvzjdcigm/SourcePackages/checkouts/Highlightr
    builtin-copy -exclude .DS_Store -exclude CVS -exclude .svn -exclude .git -exclude .hg -resolve-src-symlinks /Users/harishvishwakarma/Library/Developer/Xcode/DerivedData/Revolt-dharrjsambcimaaziudpvzjdcigm/SourcePackages/checkouts/Highlightr/Pod/Assets/styles/foundation.min.css /Users/harishvishwakarma/Library/Developer/Xcode/DerivedData/Revolt-dharrjsambcimaaziudpvzjdcigm/Build/Products/Debug-iphoneos/Highlightr_Highlightr.bundle

CpResource /Users/harishvishwakarma/Library/Developer/Xcode/DerivedData/Revolt-dharrjsambcimaaziudpvzjdcigm/Build/Products/Debug-iphoneos/Highlightr_Highlightr.bundle/far.min.css /Users/harishvishwakarma/Library/Developer/Xcode/DerivedData/Revolt-dharrjsambcimaaziudpvzjdcigm/SourcePackages/checkouts/Highlightr/Pod/Assets/styles/far.min.css (in target 'Highlightr_Highlightr' from project 'Highlightr')
    cd /Users/harishvishwakarma/Library/Developer/Xcode/DerivedData/Revolt-dharrjsambcimaaziudpvzjdcigm/SourcePackages/checkouts/Highlightr
    builtin-copy -exclude .DS_Store -exclude CVS -exclude .svn -exclude .git -exclude .hg -resolve-src-symlinks /Users/harishvishwakarma/Library/Developer/Xcode/DerivedData/Revolt-dharrjsambcimaaziudpvzjdcigm/SourcePackages/checkouts/Highlightr/Pod/Assets/styles/far.min.css /Users/harishvishwakarma/Library/Developer/Xcode/DerivedData/Revolt-dharrjsambcimaaziudpvzjdcigm/Build/Products/Debug-iphoneos/Highlightr_Highlightr.bundle

CpResource /Users/harishvishwakarma/Library/Developer/Xcode/DerivedData/Revolt-dharrjsambcimaaziudpvzjdcigm/Build/Products/Debug-iphoneos/Highlightr_Highlightr.bundle/dracula.min.css /Users/harishvishwakarma/Library/Developer/Xcode/DerivedData/Revolt-dharrjsambcimaaziudpvzjdcigm/SourcePackages/checkouts/Highlightr/Pod/Assets/styles/dracula.min.css (in target 'Highlightr_Highlightr' from project 'Highlightr')
    cd /Users/harishvishwakarma/Library/Developer/Xcode/DerivedData/Revolt-dharrjsambcimaaziudpvzjdcigm/SourcePackages/checkouts/Highlightr
    builtin-copy -exclude .DS_Store -exclude CVS -exclude .svn -exclude .git -exclude .hg -resolve-src-symlinks /Users/harishvishwakarma/Library/Developer/Xcode/DerivedData/Revolt-dharrjsambcimaaziudpvzjdcigm/SourcePackages/checkouts/Highlightr/Pod/Assets/styles/dracula.min.css /Users/harishvishwakarma/Library/Developer/Xcode/DerivedData/Revolt-dharrjsambcimaaziudpvzjdcigm/Build/Products/Debug-iphoneos/Highlightr_Highlightr.bundle

CpResource /Users/harishvishwakarma/Library/Developer/Xcode/DerivedData/Revolt-dharrjsambcimaaziudpvzjdcigm/Build/Products/Debug-iphoneos/Highlightr_Highlightr.bundle/docco.min.css /Users/harishvishwakarma/Library/Developer/Xcode/DerivedData/Revolt-dharrjsambcimaaziudpvzjdcigm/SourcePackages/checkouts/Highlightr/Pod/Assets/styles/docco.min.css (in target 'Highlightr_Highlightr' from project 'Highlightr')
    cd /Users/harishvishwakarma/Library/Developer/Xcode/DerivedData/Revolt-dharrjsambcimaaziudpvzjdcigm/SourcePackages/checkouts/Highlightr
    builtin-copy -exclude .DS_Store -exclude CVS -exclude .svn -exclude .git -exclude .hg -resolve-src-symlinks /Users/harishvishwakarma/Library/Developer/Xcode/DerivedData/Revolt-dharrjsambcimaaziudpvzjdcigm/SourcePackages/checkouts/Highlightr/Pod/Assets/styles/docco.min.css /Users/harishvishwakarma/Library/Developer/Xcode/DerivedData/Revolt-dharrjsambcimaaziudpvzjdcigm/Build/Products/Debug-iphoneos/Highlightr_Highlightr.bundle

CpResource /Users/harishvishwakarma/Library/Developer/Xcode/DerivedData/Revolt-dharrjsambcimaaziudpvzjdcigm/Build/Products/Debug-iphoneos/Highlightr_Highlightr.bundle/default.min.css /Users/harishvishwakarma/Library/Developer/Xcode/DerivedData/Revolt-dharrjsambcimaaziudpvzjdcigm/SourcePackages/checkouts/Highlightr/Pod/Assets/styles/default.min.css (in target 'Highlightr_Highlightr' from project 'Highlightr')
    cd /Users/harishvishwakarma/Library/Developer/Xcode/DerivedData/Revolt-dharrjsambcimaaziudpvzjdcigm/SourcePackages/checkouts/Highlightr
    builtin-copy -exclude .DS_Store -exclude CVS -exclude .svn -exclude .git -exclude .hg -resolve-src-symlinks /Users/harishvishwakarma/Library/Developer/Xcode/DerivedData/Revolt-dharrjsambcimaaziudpvzjdcigm/SourcePackages/checkouts/Highlightr/Pod/Assets/styles/default.min.css /Users/harishvishwakarma/Library/Developer/Xcode/DerivedData/Revolt-dharrjsambcimaaziudpvzjdcigm/Build/Products/Debug-iphoneos/Highlightr_Highlightr.bundle

CpResource /Users/harishvishwakarma/Library/Developer/Xcode/DerivedData/Revolt-dharrjsambcimaaziudpvzjdcigm/Build/Products/Debug-iphoneos/Highlightr_Highlightr.bundle/darkula.min.css /Users/harishvishwakarma/Library/Developer/Xcode/DerivedData/Revolt-dharrjsambcimaaziudpvzjdcigm/SourcePackages/checkouts/Highlightr/Pod/Assets/styles/darkula.min.css (in target 'Highlightr_Highlightr' from project 'Highlightr')
    cd /Users/harishvishwakarma/Library/Developer/Xcode/DerivedData/Revolt-dharrjsambcimaaziudpvzjdcigm/SourcePackages/checkouts/Highlightr
    builtin-copy -exclude .DS_Store -exclude CVS -exclude .svn -exclude .git -exclude .hg -resolve-src-symlinks /Users/harishvishwakarma/Library/Developer/Xcode/DerivedData/Revolt-dharrjsambcimaaziudpvzjdcigm/SourcePackages/checkouts/Highlightr/Pod/Assets/styles/darkula.min.css /Users/harishvishwakarma/Library/Developer/Xcode/DerivedData/Revolt-dharrjsambcimaaziudpvzjdcigm/Build/Products/Debug-iphoneos/Highlightr_Highlightr.bundle

CpResource /Users/harishvishwakarma/Library/Developer/Xcode/DerivedData/Revolt-dharrjsambcimaaziudpvzjdcigm/Build/Products/Debug-iphoneos/Highlightr_Highlightr.bundle/dark.min.css /Users/harishvishwakarma/Library/Developer/Xcode/DerivedData/Revolt-dharrjsambcimaaziudpvzjdcigm/SourcePackages/checkouts/Highlightr/Pod/Assets/styles/dark.min.css (in target 'Highlightr_Highlightr' from project 'Highlightr')
    cd /Users/harishvishwakarma/Library/Developer/Xcode/DerivedData/Revolt-dharrjsambcimaaziudpvzjdcigm/SourcePackages/checkouts/Highlightr
    builtin-copy -exclude .DS_Store -exclude CVS -exclude .svn -exclude .git -exclude .hg -resolve-src-symlinks /Users/harishvishwakarma/Library/Developer/Xcode/DerivedData/Revolt-dharrjsambcimaaziudpvzjdcigm/SourcePackages/checkouts/Highlightr/Pod/Assets/styles/dark.min.css /Users/harishvishwakarma/Library/Developer/Xcode/DerivedData/Revolt-dharrjsambcimaaziudpvzjdcigm/Build/Products/Debug-iphoneos/Highlightr_Highlightr.bundle

CpResource /Users/harishvishwakarma/Library/Developer/Xcode/DerivedData/Revolt-dharrjsambcimaaziudpvzjdcigm/Build/Products/Debug-iphoneos/Highlightr_Highlightr.bundle/darcula.min.css /Users/harishvishwakarma/Library/Developer/Xcode/DerivedData/Revolt-dharrjsambcimaaziudpvzjdcigm/SourcePackages/checkouts/Highlightr/Pod/Assets/styles/darcula.min.css (in target 'Highlightr_Highlightr' from project 'Highlightr')
    cd /Users/harishvishwakarma/Library/Developer/Xcode/DerivedData/Revolt-dharrjsambcimaaziudpvzjdcigm/SourcePackages/checkouts/Highlightr
    builtin-copy -exclude .DS_Store -exclude CVS -exclude .svn -exclude .git -exclude .hg -resolve-src-symlinks /Users/harishvishwakarma/Library/Developer/Xcode/DerivedData/Revolt-dharrjsambcimaaziudpvzjdcigm/SourcePackages/checkouts/Highlightr/Pod/Assets/styles/darcula.min.css /Users/harishvishwakarma/Library/Developer/Xcode/DerivedData/Revolt-dharrjsambcimaaziudpvzjdcigm/Build/Products/Debug-iphoneos/Highlightr_Highlightr.bundle

CpResource /Users/harishvishwakarma/Library/Developer/Xcode/DerivedData/Revolt-dharrjsambcimaaziudpvzjdcigm/Build/Products/Debug-iphoneos/Highlightr_Highlightr.bundle/color-brewer.min.css /Users/harishvishwakarma/Library/Developer/Xcode/DerivedData/Revolt-dharrjsambcimaaziudpvzjdcigm/SourcePackages/checkouts/Highlightr/Pod/Assets/styles/color-brewer.min.css (in target 'Highlightr_Highlightr' from project 'Highlightr')
    cd /Users/harishvishwakarma/Library/Developer/Xcode/DerivedData/Revolt-dharrjsambcimaaziudpvzjdcigm/SourcePackages/checkouts/Highlightr
    builtin-copy -exclude .DS_Store -exclude CVS -exclude .svn -exclude .git -exclude .hg -resolve-src-symlinks /Users/harishvishwakarma/Library/Developer/Xcode/DerivedData/Revolt-dharrjsambcimaaziudpvzjdcigm/SourcePackages/checkouts/Highlightr/Pod/Assets/styles/color-brewer.min.css /Users/harishvishwakarma/Library/Developer/Xcode/DerivedData/Revolt-dharrjsambcimaaziudpvzjdcigm/Build/Products/Debug-iphoneos/Highlightr_Highlightr.bundle

CpResource /Users/harishvishwakarma/Library/Developer/Xcode/DerivedData/Revolt-dharrjsambcimaaziudpvzjdcigm/Build/Products/Debug-iphoneos/Highlightr_Highlightr.bundle/codepen-embed.min.css /Users/harishvishwakarma/Library/Developer/Xcode/DerivedData/Revolt-dharrjsambcimaaziudpvzjdcigm/SourcePackages/checkouts/Highlightr/Pod/Assets/styles/codepen-embed.min.css (in target 'Highlightr_Highlightr' from project 'Highlightr')
    cd /Users/harishvishwakarma/Library/Developer/Xcode/DerivedData/Revolt-dharrjsambcimaaziudpvzjdcigm/SourcePackages/checkouts/Highlightr
    builtin-copy -exclude .DS_Store -exclude CVS -exclude .svn -exclude .git -exclude .hg -resolve-src-symlinks /Users/harishvishwakarma/Library/Developer/Xcode/DerivedData/Revolt-dharrjsambcimaaziudpvzjdcigm/SourcePackages/checkouts/Highlightr/Pod/Assets/styles/codepen-embed.min.css /Users/harishvishwakarma/Library/Developer/Xcode/DerivedData/Revolt-dharrjsambcimaaziudpvzjdcigm/Build/Products/Debug-iphoneos/Highlightr_Highlightr.bundle

CpResource /Users/harishvishwakarma/Library/Developer/Xcode/DerivedData/Revolt-dharrjsambcimaaziudpvzjdcigm/Build/Products/Debug-iphoneos/Highlightr_Highlightr.bundle/brown-paper.min.css /Users/harishvishwakarma/Library/Developer/Xcode/DerivedData/Revolt-dharrjsambcimaaziudpvzjdcigm/SourcePackages/checkouts/Highlightr/Pod/Assets/styles/brown-paper.min.css (in target 'Highlightr_Highlightr' from project 'Highlightr')
    cd /Users/harishvishwakarma/Library/Developer/Xcode/DerivedData/Revolt-dharrjsambcimaaziudpvzjdcigm/SourcePackages/checkouts/Highlightr
    builtin-copy -exclude .DS_Store -exclude CVS -exclude .svn -exclude .git -exclude .hg -resolve-src-symlinks /Users/harishvishwakarma/Library/Developer/Xcode/DerivedData/Revolt-dharrjsambcimaaziudpvzjdcigm/SourcePackages/checkouts/Highlightr/Pod/Assets/styles/brown-paper.min.css /Users/harishvishwakarma/Library/Developer/Xcode/DerivedData/Revolt-dharrjsambcimaaziudpvzjdcigm/Build/Products/Debug-iphoneos/Highlightr_Highlightr.bundle

CpResource /Users/harishvishwakarma/Library/Developer/Xcode/DerivedData/Revolt-dharrjsambcimaaziudpvzjdcigm/Build/Products/Debug-iphoneos/Highlightr_Highlightr.bundle/atom-one-light.min.css /Users/harishvishwakarma/Library/Developer/Xcode/DerivedData/Revolt-dharrjsambcimaaziudpvzjdcigm/SourcePackages/checkouts/Highlightr/Pod/Assets/styles/atom-one-light.min.css (in target 'Highlightr_Highlightr' from project 'Highlightr')
    cd /Users/harishvishwakarma/Library/Developer/Xcode/DerivedData/Revolt-dharrjsambcimaaziudpvzjdcigm/SourcePackages/checkouts/Highlightr
    builtin-copy -exclude .DS_Store -exclude CVS -exclude .svn -exclude .git -exclude .hg -resolve-src-symlinks /Users/harishvishwakarma/Library/Developer/Xcode/DerivedData/Revolt-dharrjsambcimaaziudpvzjdcigm/SourcePackages/checkouts/Highlightr/Pod/Assets/styles/atom-one-light.min.css /Users/harishvishwakarma/Library/Developer/Xcode/DerivedData/Revolt-dharrjsambcimaaziudpvzjdcigm/Build/Products/Debug-iphoneos/Highlightr_Highlightr.bundle

CpResource /Users/harishvishwakarma/Library/Developer/Xcode/DerivedData/Revolt-dharrjsambcimaaziudpvzjdcigm/Build/Products/Debug-iphoneos/Highlightr_Highlightr.bundle/atom-one-dark.min.css /Users/harishvishwakarma/Library/Developer/Xcode/DerivedData/Revolt-dharrjsambcimaaziudpvzjdcigm/SourcePackages/checkouts/Highlightr/Pod/Assets/styles/atom-one-dark.min.css (in target 'Highlightr_Highlightr' from project 'Highlightr')
    cd /Users/harishvishwakarma/Library/Developer/Xcode/DerivedData/Revolt-dharrjsambcimaaziudpvzjdcigm/SourcePackages/checkouts/Highlightr
    builtin-copy -exclude .DS_Store -exclude CVS -exclude .svn -exclude .git -exclude .hg -resolve-src-symlinks /Users/harishvishwakarma/Library/Developer/Xcode/DerivedData/Revolt-dharrjsambcimaaziudpvzjdcigm/SourcePackages/checkouts/Highlightr/Pod/Assets/styles/atom-one-dark.min.css /Users/harishvishwakarma/Library/Developer/Xcode/DerivedData/Revolt-dharrjsambcimaaziudpvzjdcigm/Build/Products/Debug-iphoneos/Highlightr_Highlightr.bundle

CpResource /Users/harishvishwakarma/Library/Developer/Xcode/DerivedData/Revolt-dharrjsambcimaaziudpvzjdcigm/Build/Products/Debug-iphoneos/Highlightr_Highlightr.bundle/atom-one-dark-reasonable.min.css /Users/harishvishwakarma/Library/Developer/Xcode/DerivedData/Revolt-dharrjsambcimaaziudpvzjdcigm/SourcePackages/checkouts/Highlightr/Pod/Assets/styles/atom-one-dark-reasonable.min.css (in target 'Highlightr_Highlightr' from project 'Highlightr')
    cd /Users/harishvishwakarma/Library/Developer/Xcode/DerivedData/Revolt-dharrjsambcimaaziudpvzjdcigm/SourcePackages/checkouts/Highlightr
    builtin-copy -exclude .DS_Store -exclude CVS -exclude .svn -exclude .git -exclude .hg -resolve-src-symlinks /Users/harishvishwakarma/Library/Developer/Xcode/DerivedData/Revolt-dharrjsambcimaaziudpvzjdcigm/SourcePackages/checkouts/Highlightr/Pod/Assets/styles/atom-one-dark-reasonable.min.css /Users/harishvishwakarma/Library/Developer/Xcode/DerivedData/Revolt-dharrjsambcimaaziudpvzjdcigm/Build/Products/Debug-iphoneos/Highlightr_Highlightr.bundle

CpResource /Users/harishvishwakarma/Library/Developer/Xcode/DerivedData/Revolt-dharrjsambcimaaziudpvzjdcigm/Build/Products/Debug-iphoneos/Highlightr_Highlightr.bundle/atelier-sulphurpool-light.min.css /Users/harishvishwakarma/Library/Developer/Xcode/DerivedData/Revolt-dharrjsambcimaaziudpvzjdcigm/SourcePackages/checkouts/Highlightr/Pod/Assets/styles/atelier-sulphurpool-light.min.css (in target 'Highlightr_Highlightr' from project 'Highlightr')
    cd /Users/harishvishwakarma/Library/Developer/Xcode/DerivedData/Revolt-dharrjsambcimaaziudpvzjdcigm/SourcePackages/checkouts/Highlightr
    builtin-copy -exclude .DS_Store -exclude CVS -exclude .svn -exclude .git -exclude .hg -resolve-src-symlinks /Users/harishvishwakarma/Library/Developer/Xcode/DerivedData/Revolt-dharrjsambcimaaziudpvzjdcigm/SourcePackages/checkouts/Highlightr/Pod/Assets/styles/atelier-sulphurpool-light.min.css /Users/harishvishwakarma/Library/Developer/Xcode/DerivedData/Revolt-dharrjsambcimaaziudpvzjdcigm/Build/Products/Debug-iphoneos/Highlightr_Highlightr.bundle

CpResource /Users/harishvishwakarma/Library/Developer/Xcode/DerivedData/Revolt-dharrjsambcimaaziudpvzjdcigm/Build/Products/Debug-iphoneos/Highlightr_Highlightr.bundle/atelier-sulphurpool-dark.min.css /Users/harishvishwakarma/Library/Developer/Xcode/DerivedData/Revolt-dharrjsambcimaaziudpvzjdcigm/SourcePackages/checkouts/Highlightr/Pod/Assets/styles/atelier-sulphurpool-dark.min.css (in target 'Highlightr_Highlightr' from project 'Highlightr')
    cd /Users/harishvishwakarma/Library/Developer/Xcode/DerivedData/Revolt-dharrjsambcimaaziudpvzjdcigm/SourcePackages/checkouts/Highlightr
    builtin-copy -exclude .DS_Store -exclude CVS -exclude .svn -exclude .git -exclude .hg -resolve-src-symlinks /Users/harishvishwakarma/Library/Developer/Xcode/DerivedData/Revolt-dharrjsambcimaaziudpvzjdcigm/SourcePackages/checkouts/Highlightr/Pod/Assets/styles/atelier-sulphurpool-dark.min.css /Users/harishvishwakarma/Library/Developer/Xcode/DerivedData/Revolt-dharrjsambcimaaziudpvzjdcigm/Build/Products/Debug-iphoneos/Highlightr_Highlightr.bundle

CpResource /Users/harishvishwakarma/Library/Developer/Xcode/DerivedData/Revolt-dharrjsambcimaaziudpvzjdcigm/Build/Products/Debug-iphoneos/Highlightr_Highlightr.bundle/atelier-seaside-light.min.css /Users/harishvishwakarma/Library/Developer/Xcode/DerivedData/Revolt-dharrjsambcimaaziudpvzjdcigm/SourcePackages/checkouts/Highlightr/Pod/Assets/styles/atelier-seaside-light.min.css (in target 'Highlightr_Highlightr' from project 'Highlightr')
    cd /Users/harishvishwakarma/Library/Developer/Xcode/DerivedData/Revolt-dharrjsambcimaaziudpvzjdcigm/SourcePackages/checkouts/Highlightr
    builtin-copy -exclude .DS_Store -exclude CVS -exclude .svn -exclude .git -exclude .hg -resolve-src-symlinks /Users/harishvishwakarma/Library/Developer/Xcode/DerivedData/Revolt-dharrjsambcimaaziudpvzjdcigm/SourcePackages/checkouts/Highlightr/Pod/Assets/styles/atelier-seaside-light.min.css /Users/harishvishwakarma/Library/Developer/Xcode/DerivedData/Revolt-dharrjsambcimaaziudpvzjdcigm/Build/Products/Debug-iphoneos/Highlightr_Highlightr.bundle

CpResource /Users/harishvishwakarma/Library/Developer/Xcode/DerivedData/Revolt-dharrjsambcimaaziudpvzjdcigm/Build/Products/Debug-iphoneos/Highlightr_Highlightr.bundle/atelier-seaside-dark.min.css /Users/harishvishwakarma/Library/Developer/Xcode/DerivedData/Revolt-dharrjsambcimaaziudpvzjdcigm/SourcePackages/checkouts/Highlightr/Pod/Assets/styles/atelier-seaside-dark.min.css (in target 'Highlightr_Highlightr' from project 'Highlightr')
    cd /Users/harishvishwakarma/Library/Developer/Xcode/DerivedData/Revolt-dharrjsambcimaaziudpvzjdcigm/SourcePackages/checkouts/Highlightr
    builtin-copy -exclude .DS_Store -exclude CVS -exclude .svn -exclude .git -exclude .hg -resolve-src-symlinks /Users/harishvishwakarma/Library/Developer/Xcode/DerivedData/Revolt-dharrjsambcimaaziudpvzjdcigm/SourcePackages/checkouts/Highlightr/Pod/Assets/styles/atelier-seaside-dark.min.css /Users/harishvishwakarma/Library/Developer/Xcode/DerivedData/Revolt-dharrjsambcimaaziudpvzjdcigm/Build/Products/Debug-iphoneos/Highlightr_Highlightr.bundle

CpResource /Users/harishvishwakarma/Library/Developer/Xcode/DerivedData/Revolt-dharrjsambcimaaziudpvzjdcigm/Build/Products/Debug-iphoneos/Highlightr_Highlightr.bundle/atelier-savanna-light.min.css /Users/harishvishwakarma/Library/Developer/Xcode/DerivedData/Revolt-dharrjsambcimaaziudpvzjdcigm/SourcePackages/checkouts/Highlightr/Pod/Assets/styles/atelier-savanna-light.min.css (in target 'Highlightr_Highlightr' from project 'Highlightr')
    cd /Users/harishvishwakarma/Library/Developer/Xcode/DerivedData/Revolt-dharrjsambcimaaziudpvzjdcigm/SourcePackages/checkouts/Highlightr
    builtin-copy -exclude .DS_Store -exclude CVS -exclude .svn -exclude .git -exclude .hg -resolve-src-symlinks /Users/harishvishwakarma/Library/Developer/Xcode/DerivedData/Revolt-dharrjsambcimaaziudpvzjdcigm/SourcePackages/checkouts/Highlightr/Pod/Assets/styles/atelier-savanna-light.min.css /Users/harishvishwakarma/Library/Developer/Xcode/DerivedData/Revolt-dharrjsambcimaaziudpvzjdcigm/Build/Products/Debug-iphoneos/Highlightr_Highlightr.bundle

CpResource /Users/harishvishwakarma/Library/Developer/Xcode/DerivedData/Revolt-dharrjsambcimaaziudpvzjdcigm/Build/Products/Debug-iphoneos/Highlightr_Highlightr.bundle/atelier-savanna-dark.min.css /Users/harishvishwakarma/Library/Developer/Xcode/DerivedData/Revolt-dharrjsambcimaaziudpvzjdcigm/SourcePackages/checkouts/Highlightr/Pod/Assets/styles/atelier-savanna-dark.min.css (in target 'Highlightr_Highlightr' from project 'Highlightr')
    cd /Users/harishvishwakarma/Library/Developer/Xcode/DerivedData/Revolt-dharrjsambcimaaziudpvzjdcigm/SourcePackages/checkouts/Highlightr
    builtin-copy -exclude .DS_Store -exclude CVS -exclude .svn -exclude .git -exclude .hg -resolve-src-symlinks /Users/harishvishwakarma/Library/Developer/Xcode/DerivedData/Revolt-dharrjsambcimaaziudpvzjdcigm/SourcePackages/checkouts/Highlightr/Pod/Assets/styles/atelier-savanna-dark.min.css /Users/harishvishwakarma/Library/Developer/Xcode/DerivedData/Revolt-dharrjsambcimaaziudpvzjdcigm/Build/Products/Debug-iphoneos/Highlightr_Highlightr.bundle

CpResource /Users/harishvishwakarma/Library/Developer/Xcode/DerivedData/Revolt-dharrjsambcimaaziudpvzjdcigm/Build/Products/Debug-iphoneos/Highlightr_Highlightr.bundle/atelier-plateau-light.min.css /Users/harishvishwakarma/Library/Developer/Xcode/DerivedData/Revolt-dharrjsambcimaaziudpvzjdcigm/SourcePackages/checkouts/Highlightr/Pod/Assets/styles/atelier-plateau-light.min.css (in target 'Highlightr_Highlightr' from project 'Highlightr')
    cd /Users/harishvishwakarma/Library/Developer/Xcode/DerivedData/Revolt-dharrjsambcimaaziudpvzjdcigm/SourcePackages/checkouts/Highlightr
    builtin-copy -exclude .DS_Store -exclude CVS -exclude .svn -exclude .git -exclude .hg -resolve-src-symlinks /Users/harishvishwakarma/Library/Developer/Xcode/DerivedData/Revolt-dharrjsambcimaaziudpvzjdcigm/SourcePackages/checkouts/Highlightr/Pod/Assets/styles/atelier-plateau-light.min.css /Users/harishvishwakarma/Library/Developer/Xcode/DerivedData/Revolt-dharrjsambcimaaziudpvzjdcigm/Build/Products/Debug-iphoneos/Highlightr_Highlightr.bundle

CpResource /Users/harishvishwakarma/Library/Developer/Xcode/DerivedData/Revolt-dharrjsambcimaaziudpvzjdcigm/Build/Products/Debug-iphoneos/Highlightr_Highlightr.bundle/atelier-plateau-dark.min.css /Users/harishvishwakarma/Library/Developer/Xcode/DerivedData/Revolt-dharrjsambcimaaziudpvzjdcigm/SourcePackages/checkouts/Highlightr/Pod/Assets/styles/atelier-plateau-dark.min.css (in target 'Highlightr_Highlightr' from project 'Highlightr')
    cd /Users/harishvishwakarma/Library/Developer/Xcode/DerivedData/Revolt-dharrjsambcimaaziudpvzjdcigm/SourcePackages/checkouts/Highlightr
    builtin-copy -exclude .DS_Store -exclude CVS -exclude .svn -exclude .git -exclude .hg -resolve-src-symlinks /Users/harishvishwakarma/Library/Developer/Xcode/DerivedData/Revolt-dharrjsambcimaaziudpvzjdcigm/SourcePackages/checkouts/Highlightr/Pod/Assets/styles/atelier-plateau-dark.min.css /Users/harishvishwakarma/Library/Developer/Xcode/DerivedData/Revolt-dharrjsambcimaaziudpvzjdcigm/Build/Products/Debug-iphoneos/Highlightr_Highlightr.bundle

CpResource /Users/harishvishwakarma/Library/Developer/Xcode/DerivedData/Revolt-dharrjsambcimaaziudpvzjdcigm/Build/Products/Debug-iphoneos/Highlightr_Highlightr.bundle/atelier-lakeside-light.min.css /Users/harishvishwakarma/Library/Developer/Xcode/DerivedData/Revolt-dharrjsambcimaaziudpvzjdcigm/SourcePackages/checkouts/Highlightr/Pod/Assets/styles/atelier-lakeside-light.min.css (in target 'Highlightr_Highlightr' from project 'Highlightr')
    cd /Users/harishvishwakarma/Library/Developer/Xcode/DerivedData/Revolt-dharrjsambcimaaziudpvzjdcigm/SourcePackages/checkouts/Highlightr
    builtin-copy -exclude .DS_Store -exclude CVS -exclude .svn -exclude .git -exclude .hg -resolve-src-symlinks /Users/harishvishwakarma/Library/Developer/Xcode/DerivedData/Revolt-dharrjsambcimaaziudpvzjdcigm/SourcePackages/checkouts/Highlightr/Pod/Assets/styles/atelier-lakeside-light.min.css /Users/harishvishwakarma/Library/Developer/Xcode/DerivedData/Revolt-dharrjsambcimaaziudpvzjdcigm/Build/Products/Debug-iphoneos/Highlightr_Highlightr.bundle

CpResource /Users/harishvishwakarma/Library/Developer/Xcode/DerivedData/Revolt-dharrjsambcimaaziudpvzjdcigm/Build/Products/Debug-iphoneos/Highlightr_Highlightr.bundle/atelier-lakeside-dark.min.css /Users/harishvishwakarma/Library/Developer/Xcode/DerivedData/Revolt-dharrjsambcimaaziudpvzjdcigm/SourcePackages/checkouts/Highlightr/Pod/Assets/styles/atelier-lakeside-dark.min.css (in target 'Highlightr_Highlightr' from project 'Highlightr')
    cd /Users/harishvishwakarma/Library/Developer/Xcode/DerivedData/Revolt-dharrjsambcimaaziudpvzjdcigm/SourcePackages/checkouts/Highlightr
    builtin-copy -exclude .DS_Store -exclude CVS -exclude .svn -exclude .git -exclude .hg -resolve-src-symlinks /Users/harishvishwakarma/Library/Developer/Xcode/DerivedData/Revolt-dharrjsambcimaaziudpvzjdcigm/SourcePackages/checkouts/Highlightr/Pod/Assets/styles/atelier-lakeside-dark.min.css /Users/harishvishwakarma/Library/Developer/Xcode/DerivedData/Revolt-dharrjsambcimaaziudpvzjdcigm/Build/Products/Debug-iphoneos/Highlightr_Highlightr.bundle

CpResource /Users/harishvishwakarma/Library/Developer/Xcode/DerivedData/Revolt-dharrjsambcimaaziudpvzjdcigm/Build/Products/Debug-iphoneos/Highlightr_Highlightr.bundle/atelier-heath-light.min.css /Users/harishvishwakarma/Library/Developer/Xcode/DerivedData/Revolt-dharrjsambcimaaziudpvzjdcigm/SourcePackages/checkouts/Highlightr/Pod/Assets/styles/atelier-heath-light.min.css (in target 'Highlightr_Highlightr' from project 'Highlightr')
    cd /Users/harishvishwakarma/Library/Developer/Xcode/DerivedData/Revolt-dharrjsambcimaaziudpvzjdcigm/SourcePackages/checkouts/Highlightr
    builtin-copy -exclude .DS_Store -exclude CVS -exclude .svn -exclude .git -exclude .hg -resolve-src-symlinks /Users/harishvishwakarma/Library/Developer/Xcode/DerivedData/Revolt-dharrjsambcimaaziudpvzjdcigm/SourcePackages/checkouts/Highlightr/Pod/Assets/styles/atelier-heath-light.min.css /Users/harishvishwakarma/Library/Developer/Xcode/DerivedData/Revolt-dharrjsambcimaaziudpvzjdcigm/Build/Products/Debug-iphoneos/Highlightr_Highlightr.bundle

CpResource /Users/harishvishwakarma/Library/Developer/Xcode/DerivedData/Revolt-dharrjsambcimaaziudpvzjdcigm/Build/Products/Debug-iphoneos/Highlightr_Highlightr.bundle/atelier-heath-dark.min.css /Users/harishvishwakarma/Library/Developer/Xcode/DerivedData/Revolt-dharrjsambcimaaziudpvzjdcigm/SourcePackages/checkouts/Highlightr/Pod/Assets/styles/atelier-heath-dark.min.css (in target 'Highlightr_Highlightr' from project 'Highlightr')
    cd /Users/harishvishwakarma/Library/Developer/Xcode/DerivedData/Revolt-dharrjsambcimaaziudpvzjdcigm/SourcePackages/checkouts/Highlightr
    builtin-copy -exclude .DS_Store -exclude CVS -exclude .svn -exclude .git -exclude .hg -resolve-src-symlinks /Users/harishvishwakarma/Library/Developer/Xcode/DerivedData/Revolt-dharrjsambcimaaziudpvzjdcigm/SourcePackages/checkouts/Highlightr/Pod/Assets/styles/atelier-heath-dark.min.css /Users/harishvishwakarma/Library/Developer/Xcode/DerivedData/Revolt-dharrjsambcimaaziudpvzjdcigm/Build/Products/Debug-iphoneos/Highlightr_Highlightr.bundle

CpResource /Users/harishvishwakarma/Library/Developer/Xcode/DerivedData/Revolt-dharrjsambcimaaziudpvzjdcigm/Build/Products/Debug-iphoneos/Highlightr_Highlightr.bundle/atelier-forest-light.min.css /Users/harishvishwakarma/Library/Developer/Xcode/DerivedData/Revolt-dharrjsambcimaaziudpvzjdcigm/SourcePackages/checkouts/Highlightr/Pod/Assets/styles/atelier-forest-light.min.css (in target 'Highlightr_Highlightr' from project 'Highlightr')
    cd /Users/harishvishwakarma/Library/Developer/Xcode/DerivedData/Revolt-dharrjsambcimaaziudpvzjdcigm/SourcePackages/checkouts/Highlightr
    builtin-copy -exclude .DS_Store -exclude CVS -exclude .svn -exclude .git -exclude .hg -resolve-src-symlinks /Users/harishvishwakarma/Library/Developer/Xcode/DerivedData/Revolt-dharrjsambcimaaziudpvzjdcigm/SourcePackages/checkouts/Highlightr/Pod/Assets/styles/atelier-forest-light.min.css /Users/harishvishwakarma/Library/Developer/Xcode/DerivedData/Revolt-dharrjsambcimaaziudpvzjdcigm/Build/Products/Debug-iphoneos/Highlightr_Highlightr.bundle

CpResource /Users/harishvishwakarma/Library/Developer/Xcode/DerivedData/Revolt-dharrjsambcimaaziudpvzjdcigm/Build/Products/Debug-iphoneos/Highlightr_Highlightr.bundle/atelier-forest-dark.min.css /Users/harishvishwakarma/Library/Developer/Xcode/DerivedData/Revolt-dharrjsambcimaaziudpvzjdcigm/SourcePackages/checkouts/Highlightr/Pod/Assets/styles/atelier-forest-dark.min.css (in target 'Highlightr_Highlightr' from project 'Highlightr')
    cd /Users/harishvishwakarma/Library/Developer/Xcode/DerivedData/Revolt-dharrjsambcimaaziudpvzjdcigm/SourcePackages/checkouts/Highlightr
    builtin-copy -exclude .DS_Store -exclude CVS -exclude .svn -exclude .git -exclude .hg -resolve-src-symlinks /Users/harishvishwakarma/Library/Developer/Xcode/DerivedData/Revolt-dharrjsambcimaaziudpvzjdcigm/SourcePackages/checkouts/Highlightr/Pod/Assets/styles/atelier-forest-dark.min.css /Users/harishvishwakarma/Library/Developer/Xcode/DerivedData/Revolt-dharrjsambcimaaziudpvzjdcigm/Build/Products/Debug-iphoneos/Highlightr_Highlightr.bundle

CpResource /Users/harishvishwakarma/Library/Developer/Xcode/DerivedData/Revolt-dharrjsambcimaaziudpvzjdcigm/Build/Products/Debug-iphoneos/Highlightr_Highlightr.bundle/atelier-estuary-light.min.css /Users/harishvishwakarma/Library/Developer/Xcode/DerivedData/Revolt-dharrjsambcimaaziudpvzjdcigm/SourcePackages/checkouts/Highlightr/Pod/Assets/styles/atelier-estuary-light.min.css (in target 'Highlightr_Highlightr' from project 'Highlightr')
    cd /Users/harishvishwakarma/Library/Developer/Xcode/DerivedData/Revolt-dharrjsambcimaaziudpvzjdcigm/SourcePackages/checkouts/Highlightr
    builtin-copy -exclude .DS_Store -exclude CVS -exclude .svn -exclude .git -exclude .hg -resolve-src-symlinks /Users/harishvishwakarma/Library/Developer/Xcode/DerivedData/Revolt-dharrjsambcimaaziudpvzjdcigm/SourcePackages/checkouts/Highlightr/Pod/Assets/styles/atelier-estuary-light.min.css /Users/harishvishwakarma/Library/Developer/Xcode/DerivedData/Revolt-dharrjsambcimaaziudpvzjdcigm/Build/Products/Debug-iphoneos/Highlightr_Highlightr.bundle

CpResource /Users/harishvishwakarma/Library/Developer/Xcode/DerivedData/Revolt-dharrjsambcimaaziudpvzjdcigm/Build/Products/Debug-iphoneos/Highlightr_Highlightr.bundle/atelier-estuary-dark.min.css /Users/harishvishwakarma/Library/Developer/Xcode/DerivedData/Revolt-dharrjsambcimaaziudpvzjdcigm/SourcePackages/checkouts/Highlightr/Pod/Assets/styles/atelier-estuary-dark.min.css (in target 'Highlightr_Highlightr' from project 'Highlightr')
    cd /Users/harishvishwakarma/Library/Developer/Xcode/DerivedData/Revolt-dharrjsambcimaaziudpvzjdcigm/SourcePackages/checkouts/Highlightr
    builtin-copy -exclude .DS_Store -exclude CVS -exclude .svn -exclude .git -exclude .hg -resolve-src-symlinks /Users/harishvishwakarma/Library/Developer/Xcode/DerivedData/Revolt-dharrjsambcimaaziudpvzjdcigm/SourcePackages/checkouts/Highlightr/Pod/Assets/styles/atelier-estuary-dark.min.css /Users/harishvishwakarma/Library/Developer/Xcode/DerivedData/Revolt-dharrjsambcimaaziudpvzjdcigm/Build/Products/Debug-iphoneos/Highlightr_Highlightr.bundle

CpResource /Users/harishvishwakarma/Library/Developer/Xcode/DerivedData/Revolt-dharrjsambcimaaziudpvzjdcigm/Build/Products/Debug-iphoneos/Highlightr_Highlightr.bundle/atelier-dune-light.min.css /Users/harishvishwakarma/Library/Developer/Xcode/DerivedData/Revolt-dharrjsambcimaaziudpvzjdcigm/SourcePackages/checkouts/Highlightr/Pod/Assets/styles/atelier-dune-light.min.css (in target 'Highlightr_Highlightr' from project 'Highlightr')
    cd /Users/harishvishwakarma/Library/Developer/Xcode/DerivedData/Revolt-dharrjsambcimaaziudpvzjdcigm/SourcePackages/checkouts/Highlightr
    builtin-copy -exclude .DS_Store -exclude CVS -exclude .svn -exclude .git -exclude .hg -resolve-src-symlinks /Users/harishvishwakarma/Library/Developer/Xcode/DerivedData/Revolt-dharrjsambcimaaziudpvzjdcigm/SourcePackages/checkouts/Highlightr/Pod/Assets/styles/atelier-dune-light.min.css /Users/harishvishwakarma/Library/Developer/Xcode/DerivedData/Revolt-dharrjsambcimaaziudpvzjdcigm/Build/Products/Debug-iphoneos/Highlightr_Highlightr.bundle

CpResource /Users/harishvishwakarma/Library/Developer/Xcode/DerivedData/Revolt-dharrjsambcimaaziudpvzjdcigm/Build/Products/Debug-iphoneos/Highlightr_Highlightr.bundle/atelier-dune-dark.min.css /Users/harishvishwakarma/Library/Developer/Xcode/DerivedData/Revolt-dharrjsambcimaaziudpvzjdcigm/SourcePackages/checkouts/Highlightr/Pod/Assets/styles/atelier-dune-dark.min.css (in target 'Highlightr_Highlightr' from project 'Highlightr')
    cd /Users/harishvishwakarma/Library/Developer/Xcode/DerivedData/Revolt-dharrjsambcimaaziudpvzjdcigm/SourcePackages/checkouts/Highlightr
    builtin-copy -exclude .DS_Store -exclude CVS -exclude .svn -exclude .git -exclude .hg -resolve-src-symlinks /Users/harishvishwakarma/Library/Developer/Xcode/DerivedData/Revolt-dharrjsambcimaaziudpvzjdcigm/SourcePackages/checkouts/Highlightr/Pod/Assets/styles/atelier-dune-dark.min.css /Users/harishvishwakarma/Library/Developer/Xcode/DerivedData/Revolt-dharrjsambcimaaziudpvzjdcigm/Build/Products/Debug-iphoneos/Highlightr_Highlightr.bundle

CpResource /Users/harishvishwakarma/Library/Developer/Xcode/DerivedData/Revolt-dharrjsambcimaaziudpvzjdcigm/Build/Products/Debug-iphoneos/Highlightr_Highlightr.bundle/atelier-cave-light.min.css /Users/harishvishwakarma/Library/Developer/Xcode/DerivedData/Revolt-dharrjsambcimaaziudpvzjdcigm/SourcePackages/checkouts/Highlightr/Pod/Assets/styles/atelier-cave-light.min.css (in target 'Highlightr_Highlightr' from project 'Highlightr')
    cd /Users/harishvishwakarma/Library/Developer/Xcode/DerivedData/Revolt-dharrjsambcimaaziudpvzjdcigm/SourcePackages/checkouts/Highlightr
    builtin-copy -exclude .DS_Store -exclude CVS -exclude .svn -exclude .git -exclude .hg -resolve-src-symlinks /Users/harishvishwakarma/Library/Developer/Xcode/DerivedData/Revolt-dharrjsambcimaaziudpvzjdcigm/SourcePackages/checkouts/Highlightr/Pod/Assets/styles/atelier-cave-light.min.css /Users/harishvishwakarma/Library/Developer/Xcode/DerivedData/Revolt-dharrjsambcimaaziudpvzjdcigm/Build/Products/Debug-iphoneos/Highlightr_Highlightr.bundle

CpResource /Users/harishvishwakarma/Library/Developer/Xcode/DerivedData/Revolt-dharrjsambcimaaziudpvzjdcigm/Build/Products/Debug-iphoneos/Highlightr_Highlightr.bundle/atelier-cave-dark.min.css /Users/harishvishwakarma/Library/Developer/Xcode/DerivedData/Revolt-dharrjsambcimaaziudpvzjdcigm/SourcePackages/checkouts/Highlightr/Pod/Assets/styles/atelier-cave-dark.min.css (in target 'Highlightr_Highlightr' from project 'Highlightr')
    cd /Users/harishvishwakarma/Library/Developer/Xcode/DerivedData/Revolt-dharrjsambcimaaziudpvzjdcigm/SourcePackages/checkouts/Highlightr
    builtin-copy -exclude .DS_Store -exclude CVS -exclude .svn -exclude .git -exclude .hg -resolve-src-symlinks /Users/harishvishwakarma/Library/Developer/Xcode/DerivedData/Revolt-dharrjsambcimaaziudpvzjdcigm/SourcePackages/checkouts/Highlightr/Pod/Assets/styles/atelier-cave-dark.min.css /Users/harishvishwakarma/Library/Developer/Xcode/DerivedData/Revolt-dharrjsambcimaaziudpvzjdcigm/Build/Products/Debug-iphoneos/Highlightr_Highlightr.bundle

CpResource /Users/harishvishwakarma/Library/Developer/Xcode/DerivedData/Revolt-dharrjsambcimaaziudpvzjdcigm/Build/Products/Debug-iphoneos/Highlightr_Highlightr.bundle/ascetic.min.css /Users/harishvishwakarma/Library/Developer/Xcode/DerivedData/Revolt-dharrjsambcimaaziudpvzjdcigm/SourcePackages/checkouts/Highlightr/Pod/Assets/styles/ascetic.min.css (in target 'Highlightr_Highlightr' from project 'Highlightr')
    cd /Users/harishvishwakarma/Library/Developer/Xcode/DerivedData/Revolt-dharrjsambcimaaziudpvzjdcigm/SourcePackages/checkouts/Highlightr
    builtin-copy -exclude .DS_Store -exclude CVS -exclude .svn -exclude .git -exclude .hg -resolve-src-symlinks /Users/harishvishwakarma/Library/Developer/Xcode/DerivedData/Revolt-dharrjsambcimaaziudpvzjdcigm/SourcePackages/checkouts/Highlightr/Pod/Assets/styles/ascetic.min.css /Users/harishvishwakarma/Library/Developer/Xcode/DerivedData/Revolt-dharrjsambcimaaziudpvzjdcigm/Build/Products/Debug-iphoneos/Highlightr_Highlightr.bundle

CopyStringsFile /Users/harishvishwakarma/Library/Developer/Xcode/DerivedData/Revolt-dharrjsambcimaaziudpvzjdcigm/Build/Products/Debug-iphoneos/SwiftyCrop_SwiftyCrop.bundle/uk.lproj/Localizable.strings /Users/harishvishwakarma/Library/Developer/Xcode/DerivedData/Revolt-dharrjsambcimaaziudpvzjdcigm/Build/Intermediates.noindex/SwiftyCrop.build/Debug-iphoneos/SwiftyCrop_SwiftyCrop.build/uk.lproj/Localizable.strings (in target 'SwiftyCrop_SwiftyCrop' from project 'SwiftyCrop')
    cd /Users/harishvishwakarma/Library/Developer/Xcode/DerivedData/Revolt-dharrjsambcimaaziudpvzjdcigm/SourcePackages/checkouts/SwiftyCrop
    builtin-copyStrings --validate --outputencoding binary --outfilename Localizable.strings --outdir /Users/harishvishwakarma/Library/Developer/Xcode/DerivedData/Revolt-dharrjsambcimaaziudpvzjdcigm/Build/Products/Debug-iphoneos/SwiftyCrop_SwiftyCrop.bundle/uk.lproj -- /Users/harishvishwakarma/Library/Developer/Xcode/DerivedData/Revolt-dharrjsambcimaaziudpvzjdcigm/Build/Intermediates.noindex/SwiftyCrop.build/Debug-iphoneos/SwiftyCrop_SwiftyCrop.build/uk.lproj/Localizable.strings
/Users/harishvishwakarma/Library/Developer/Xcode/DerivedData/Revolt-dharrjsambcimaaziudpvzjdcigm/Build/Intermediates.noindex/SwiftyCrop.build/Debug-iphoneos/SwiftyCrop_SwiftyCrop.build/uk.lproj/Localizable.strings:1:1: note: detected encoding of input file as Unicode (UTF-8) (in target 'SwiftyCrop_SwiftyCrop' from project 'SwiftyCrop')

CopyStringsFile /Users/harishvishwakarma/Library/Developer/Xcode/DerivedData/Revolt-dharrjsambcimaaziudpvzjdcigm/Build/Products/Debug-iphoneos/SwiftyCrop_SwiftyCrop.bundle/tr.lproj/Localizable.strings /Users/harishvishwakarma/Library/Developer/Xcode/DerivedData/Revolt-dharrjsambcimaaziudpvzjdcigm/Build/Intermediates.noindex/SwiftyCrop.build/Debug-iphoneos/SwiftyCrop_SwiftyCrop.build/tr.lproj/Localizable.strings (in target 'SwiftyCrop_SwiftyCrop' from project 'SwiftyCrop')
    cd /Users/harishvishwakarma/Library/Developer/Xcode/DerivedData/Revolt-dharrjsambcimaaziudpvzjdcigm/SourcePackages/checkouts/SwiftyCrop
    builtin-copyStrings --validate --outputencoding binary --outfilename Localizable.strings --outdir /Users/harishvishwakarma/Library/Developer/Xcode/DerivedData/Revolt-dharrjsambcimaaziudpvzjdcigm/Build/Products/Debug-iphoneos/SwiftyCrop_SwiftyCrop.bundle/tr.lproj -- /Users/harishvishwakarma/Library/Developer/Xcode/DerivedData/Revolt-dharrjsambcimaaziudpvzjdcigm/Build/Intermediates.noindex/SwiftyCrop.build/Debug-iphoneos/SwiftyCrop_SwiftyCrop.build/tr.lproj/Localizable.strings
/Users/harishvishwakarma/Library/Developer/Xcode/DerivedData/Revolt-dharrjsambcimaaziudpvzjdcigm/Build/Intermediates.noindex/SwiftyCrop.build/Debug-iphoneos/SwiftyCrop_SwiftyCrop.build/tr.lproj/Localizable.strings:1:1: note: detected encoding of input file as Unicode (UTF-8) (in target 'SwiftyCrop_SwiftyCrop' from project 'SwiftyCrop')

CopyStringsFile /Users/harishvishwakarma/Library/Developer/Xcode/DerivedData/Revolt-dharrjsambcimaaziudpvzjdcigm/Build/Products/Debug-iphoneos/SwiftyCrop_SwiftyCrop.bundle/ru.lproj/Localizable.strings /Users/harishvishwakarma/Library/Developer/Xcode/DerivedData/Revolt-dharrjsambcimaaziudpvzjdcigm/Build/Intermediates.noindex/SwiftyCrop.build/Debug-iphoneos/SwiftyCrop_SwiftyCrop.build/ru.lproj/Localizable.strings (in target 'SwiftyCrop_SwiftyCrop' from project 'SwiftyCrop')
    cd /Users/harishvishwakarma/Library/Developer/Xcode/DerivedData/Revolt-dharrjsambcimaaziudpvzjdcigm/SourcePackages/checkouts/SwiftyCrop
    builtin-copyStrings --validate --outputencoding binary --outfilename Localizable.strings --outdir /Users/harishvishwakarma/Library/Developer/Xcode/DerivedData/Revolt-dharrjsambcimaaziudpvzjdcigm/Build/Products/Debug-iphoneos/SwiftyCrop_SwiftyCrop.bundle/ru.lproj -- /Users/harishvishwakarma/Library/Developer/Xcode/DerivedData/Revolt-dharrjsambcimaaziudpvzjdcigm/Build/Intermediates.noindex/SwiftyCrop.build/Debug-iphoneos/SwiftyCrop_SwiftyCrop.build/ru.lproj/Localizable.strings
/Users/harishvishwakarma/Library/Developer/Xcode/DerivedData/Revolt-dharrjsambcimaaziudpvzjdcigm/Build/Intermediates.noindex/SwiftyCrop.build/Debug-iphoneos/SwiftyCrop_SwiftyCrop.build/ru.lproj/Localizable.strings:1:1: note: detected encoding of input file as Unicode (UTF-8) (in target 'SwiftyCrop_SwiftyCrop' from project 'SwiftyCrop')

CopyStringsFile /Users/harishvishwakarma/Library/Developer/Xcode/DerivedData/Revolt-dharrjsambcimaaziudpvzjdcigm/Build/Products/Debug-iphoneos/SwiftyCrop_SwiftyCrop.bundle/pt-BR.lproj/Localizable.strings /Users/harishvishwakarma/Library/Developer/Xcode/DerivedData/Revolt-dharrjsambcimaaziudpvzjdcigm/Build/Intermediates.noindex/SwiftyCrop.build/Debug-iphoneos/SwiftyCrop_SwiftyCrop.build/pt-BR.lproj/Localizable.strings (in target 'SwiftyCrop_SwiftyCrop' from project 'SwiftyCrop')
    cd /Users/harishvishwakarma/Library/Developer/Xcode/DerivedData/Revolt-dharrjsambcimaaziudpvzjdcigm/SourcePackages/checkouts/SwiftyCrop
    builtin-copyStrings --validate --outputencoding binary --outfilename Localizable.strings --outdir /Users/harishvishwakarma/Library/Developer/Xcode/DerivedData/Revolt-dharrjsambcimaaziudpvzjdcigm/Build/Products/Debug-iphoneos/SwiftyCrop_SwiftyCrop.bundle/pt-BR.lproj -- /Users/harishvishwakarma/Library/Developer/Xcode/DerivedData/Revolt-dharrjsambcimaaziudpvzjdcigm/Build/Intermediates.noindex/SwiftyCrop.build/Debug-iphoneos/SwiftyCrop_SwiftyCrop.build/pt-BR.lproj/Localizable.strings
/Users/harishvishwakarma/Library/Developer/Xcode/DerivedData/Revolt-dharrjsambcimaaziudpvzjdcigm/Build/Intermediates.noindex/SwiftyCrop.build/Debug-iphoneos/SwiftyCrop_SwiftyCrop.build/pt-BR.lproj/Localizable.strings:1:1: note: detected encoding of input file as Unicode (UTF-8) (in target 'SwiftyCrop_SwiftyCrop' from project 'SwiftyCrop')

CopyStringsFile /Users/harishvishwakarma/Library/Developer/Xcode/DerivedData/Revolt-dharrjsambcimaaziudpvzjdcigm/Build/Products/Debug-iphoneos/SwiftyCrop_SwiftyCrop.bundle/it.lproj/Localizable.strings /Users/harishvishwakarma/Library/Developer/Xcode/DerivedData/Revolt-dharrjsambcimaaziudpvzjdcigm/Build/Intermediates.noindex/SwiftyCrop.build/Debug-iphoneos/SwiftyCrop_SwiftyCrop.build/it.lproj/Localizable.strings (in target 'SwiftyCrop_SwiftyCrop' from project 'SwiftyCrop')
    cd /Users/harishvishwakarma/Library/Developer/Xcode/DerivedData/Revolt-dharrjsambcimaaziudpvzjdcigm/SourcePackages/checkouts/SwiftyCrop
    builtin-copyStrings --validate --outputencoding binary --outfilename Localizable.strings --outdir /Users/harishvishwakarma/Library/Developer/Xcode/DerivedData/Revolt-dharrjsambcimaaziudpvzjdcigm/Build/Products/Debug-iphoneos/SwiftyCrop_SwiftyCrop.bundle/it.lproj -- /Users/harishvishwakarma/Library/Developer/Xcode/DerivedData/Revolt-dharrjsambcimaaziudpvzjdcigm/Build/Intermediates.noindex/SwiftyCrop.build/Debug-iphoneos/SwiftyCrop_SwiftyCrop.build/it.lproj/Localizable.strings
/Users/harishvishwakarma/Library/Developer/Xcode/DerivedData/Revolt-dharrjsambcimaaziudpvzjdcigm/Build/Intermediates.noindex/SwiftyCrop.build/Debug-iphoneos/SwiftyCrop_SwiftyCrop.build/it.lproj/Localizable.strings:1:1: note: detected encoding of input file as Unicode (UTF-8) (in target 'SwiftyCrop_SwiftyCrop' from project 'SwiftyCrop')

CopyStringsFile /Users/harishvishwakarma/Library/Developer/Xcode/DerivedData/Revolt-dharrjsambcimaaziudpvzjdcigm/Build/Products/Debug-iphoneos/SwiftyCrop_SwiftyCrop.bundle/ko.lproj/Localizable.strings /Users/harishvishwakarma/Library/Developer/Xcode/DerivedData/Revolt-dharrjsambcimaaziudpvzjdcigm/Build/Intermediates.noindex/SwiftyCrop.build/Debug-iphoneos/SwiftyCrop_SwiftyCrop.build/ko.lproj/Localizable.strings (in target 'SwiftyCrop_SwiftyCrop' from project 'SwiftyCrop')
    cd /Users/harishvishwakarma/Library/Developer/Xcode/DerivedData/Revolt-dharrjsambcimaaziudpvzjdcigm/SourcePackages/checkouts/SwiftyCrop
    builtin-copyStrings --validate --outputencoding binary --outfilename Localizable.strings --outdir /Users/harishvishwakarma/Library/Developer/Xcode/DerivedData/Revolt-dharrjsambcimaaziudpvzjdcigm/Build/Products/Debug-iphoneos/SwiftyCrop_SwiftyCrop.bundle/ko.lproj -- /Users/harishvishwakarma/Library/Developer/Xcode/DerivedData/Revolt-dharrjsambcimaaziudpvzjdcigm/Build/Intermediates.noindex/SwiftyCrop.build/Debug-iphoneos/SwiftyCrop_SwiftyCrop.build/ko.lproj/Localizable.strings
/Users/harishvishwakarma/Library/Developer/Xcode/DerivedData/Revolt-dharrjsambcimaaziudpvzjdcigm/Build/Intermediates.noindex/SwiftyCrop.build/Debug-iphoneos/SwiftyCrop_SwiftyCrop.build/ko.lproj/Localizable.strings:1:1: note: detected encoding of input file as Unicode (UTF-8) (in target 'SwiftyCrop_SwiftyCrop' from project 'SwiftyCrop')

CopyStringsFile /Users/harishvishwakarma/Library/Developer/Xcode/DerivedData/Revolt-dharrjsambcimaaziudpvzjdcigm/Build/Products/Debug-iphoneos/SwiftyCrop_SwiftyCrop.bundle/hu.lproj/Localizable.strings /Users/harishvishwakarma/Library/Developer/Xcode/DerivedData/Revolt-dharrjsambcimaaziudpvzjdcigm/Build/Intermediates.noindex/SwiftyCrop.build/Debug-iphoneos/SwiftyCrop_SwiftyCrop.build/hu.lproj/Localizable.strings (in target 'SwiftyCrop_SwiftyCrop' from project 'SwiftyCrop')
    cd /Users/harishvishwakarma/Library/Developer/Xcode/DerivedData/Revolt-dharrjsambcimaaziudpvzjdcigm/SourcePackages/checkouts/SwiftyCrop
    builtin-copyStrings --validate --outputencoding binary --outfilename Localizable.strings --outdir /Users/harishvishwakarma/Library/Developer/Xcode/DerivedData/Revolt-dharrjsambcimaaziudpvzjdcigm/Build/Products/Debug-iphoneos/SwiftyCrop_SwiftyCrop.bundle/hu.lproj -- /Users/harishvishwakarma/Library/Developer/Xcode/DerivedData/Revolt-dharrjsambcimaaziudpvzjdcigm/Build/Intermediates.noindex/SwiftyCrop.build/Debug-iphoneos/SwiftyCrop_SwiftyCrop.build/hu.lproj/Localizable.strings
/Users/harishvishwakarma/Library/Developer/Xcode/DerivedData/Revolt-dharrjsambcimaaziudpvzjdcigm/Build/Intermediates.noindex/SwiftyCrop.build/Debug-iphoneos/SwiftyCrop_SwiftyCrop.build/hu.lproj/Localizable.strings:1:1: note: detected encoding of input file as Unicode (UTF-8) (in target 'SwiftyCrop_SwiftyCrop' from project 'SwiftyCrop')

CopyStringsFile /Users/harishvishwakarma/Library/Developer/Xcode/DerivedData/Revolt-dharrjsambcimaaziudpvzjdcigm/Build/Products/Debug-iphoneos/SwiftyCrop_SwiftyCrop.bundle/es.lproj/Localizable.strings /Users/harishvishwakarma/Library/Developer/Xcode/DerivedData/Revolt-dharrjsambcimaaziudpvzjdcigm/Build/Intermediates.noindex/SwiftyCrop.build/Debug-iphoneos/SwiftyCrop_SwiftyCrop.build/es.lproj/Localizable.strings (in target 'SwiftyCrop_SwiftyCrop' from project 'SwiftyCrop')
    cd /Users/harishvishwakarma/Library/Developer/Xcode/DerivedData/Revolt-dharrjsambcimaaziudpvzjdcigm/SourcePackages/checkouts/SwiftyCrop
    builtin-copyStrings --validate --outputencoding binary --outfilename Localizable.strings --outdir /Users/harishvishwakarma/Library/Developer/Xcode/DerivedData/Revolt-dharrjsambcimaaziudpvzjdcigm/Build/Products/Debug-iphoneos/SwiftyCrop_SwiftyCrop.bundle/es.lproj -- /Users/harishvishwakarma/Library/Developer/Xcode/DerivedData/Revolt-dharrjsambcimaaziudpvzjdcigm/Build/Intermediates.noindex/SwiftyCrop.build/Debug-iphoneos/SwiftyCrop_SwiftyCrop.build/es.lproj/Localizable.strings
/Users/harishvishwakarma/Library/Developer/Xcode/DerivedData/Revolt-dharrjsambcimaaziudpvzjdcigm/Build/Intermediates.noindex/SwiftyCrop.build/Debug-iphoneos/SwiftyCrop_SwiftyCrop.build/es.lproj/Localizable.strings:1:1: note: detected encoding of input file as Unicode (UTF-8) (in target 'SwiftyCrop_SwiftyCrop' from project 'SwiftyCrop')

CopyStringsFile /Users/harishvishwakarma/Library/Developer/Xcode/DerivedData/Revolt-dharrjsambcimaaziudpvzjdcigm/Build/Products/Debug-iphoneos/SwiftyCrop_SwiftyCrop.bundle/fr.lproj/Localizable.strings /Users/harishvishwakarma/Library/Developer/Xcode/DerivedData/Revolt-dharrjsambcimaaziudpvzjdcigm/Build/Intermediates.noindex/SwiftyCrop.build/Debug-iphoneos/SwiftyCrop_SwiftyCrop.build/fr.lproj/Localizable.strings (in target 'SwiftyCrop_SwiftyCrop' from project 'SwiftyCrop')
    cd /Users/harishvishwakarma/Library/Developer/Xcode/DerivedData/Revolt-dharrjsambcimaaziudpvzjdcigm/SourcePackages/checkouts/SwiftyCrop
    builtin-copyStrings --validate --outputencoding binary --outfilename Localizable.strings --outdir /Users/harishvishwakarma/Library/Developer/Xcode/DerivedData/Revolt-dharrjsambcimaaziudpvzjdcigm/Build/Products/Debug-iphoneos/SwiftyCrop_SwiftyCrop.bundle/fr.lproj -- /Users/harishvishwakarma/Library/Developer/Xcode/DerivedData/Revolt-dharrjsambcimaaziudpvzjdcigm/Build/Intermediates.noindex/SwiftyCrop.build/Debug-iphoneos/SwiftyCrop_SwiftyCrop.build/fr.lproj/Localizable.strings
/Users/harishvishwakarma/Library/Developer/Xcode/DerivedData/Revolt-dharrjsambcimaaziudpvzjdcigm/Build/Intermediates.noindex/SwiftyCrop.build/Debug-iphoneos/SwiftyCrop_SwiftyCrop.build/fr.lproj/Localizable.strings:1:1: note: detected encoding of input file as Unicode (UTF-8) (in target 'SwiftyCrop_SwiftyCrop' from project 'SwiftyCrop')

CopyStringsFile /Users/harishvishwakarma/Library/Developer/Xcode/DerivedData/Revolt-dharrjsambcimaaziudpvzjdcigm/Build/Products/Debug-iphoneos/SwiftyCrop_SwiftyCrop.bundle/en.lproj/Localizable.strings /Users/harishvishwakarma/Library/Developer/Xcode/DerivedData/Revolt-dharrjsambcimaaziudpvzjdcigm/Build/Intermediates.noindex/SwiftyCrop.build/Debug-iphoneos/SwiftyCrop_SwiftyCrop.build/en.lproj/Localizable.strings (in target 'SwiftyCrop_SwiftyCrop' from project 'SwiftyCrop')
    cd /Users/harishvishwakarma/Library/Developer/Xcode/DerivedData/Revolt-dharrjsambcimaaziudpvzjdcigm/SourcePackages/checkouts/SwiftyCrop
    builtin-copyStrings --validate --outputencoding binary --outfilename Localizable.strings --outdir /Users/harishvishwakarma/Library/Developer/Xcode/DerivedData/Revolt-dharrjsambcimaaziudpvzjdcigm/Build/Products/Debug-iphoneos/SwiftyCrop_SwiftyCrop.bundle/en.lproj -- /Users/harishvishwakarma/Library/Developer/Xcode/DerivedData/Revolt-dharrjsambcimaaziudpvzjdcigm/Build/Intermediates.noindex/SwiftyCrop.build/Debug-iphoneos/SwiftyCrop_SwiftyCrop.build/en.lproj/Localizable.strings
/Users/harishvishwakarma/Library/Developer/Xcode/DerivedData/Revolt-dharrjsambcimaaziudpvzjdcigm/Build/Intermediates.noindex/SwiftyCrop.build/Debug-iphoneos/SwiftyCrop_SwiftyCrop.build/en.lproj/Localizable.strings:1:1: note: detected encoding of input file as Unicode (UTF-8) (in target 'SwiftyCrop_SwiftyCrop' from project 'SwiftyCrop')

CopyStringsFile /Users/harishvishwakarma/Library/Developer/Xcode/DerivedData/Revolt-dharrjsambcimaaziudpvzjdcigm/Build/Products/Debug-iphoneos/SwiftyCrop_SwiftyCrop.bundle/de.lproj/Localizable.strings /Users/harishvishwakarma/Library/Developer/Xcode/DerivedData/Revolt-dharrjsambcimaaziudpvzjdcigm/Build/Intermediates.noindex/SwiftyCrop.build/Debug-iphoneos/SwiftyCrop_SwiftyCrop.build/de.lproj/Localizable.strings (in target 'SwiftyCrop_SwiftyCrop' from project 'SwiftyCrop')
    cd /Users/harishvishwakarma/Library/Developer/Xcode/DerivedData/Revolt-dharrjsambcimaaziudpvzjdcigm/SourcePackages/checkouts/SwiftyCrop
    builtin-copyStrings --validate --outputencoding binary --outfilename Localizable.strings --outdir /Users/harishvishwakarma/Library/Developer/Xcode/DerivedData/Revolt-dharrjsambcimaaziudpvzjdcigm/Build/Products/Debug-iphoneos/SwiftyCrop_SwiftyCrop.bundle/de.lproj -- /Users/harishvishwakarma/Library/Developer/Xcode/DerivedData/Revolt-dharrjsambcimaaziudpvzjdcigm/Build/Intermediates.noindex/SwiftyCrop.build/Debug-iphoneos/SwiftyCrop_SwiftyCrop.build/de.lproj/Localizable.strings
/Users/harishvishwakarma/Library/Developer/Xcode/DerivedData/Revolt-dharrjsambcimaaziudpvzjdcigm/Build/Intermediates.noindex/SwiftyCrop.build/Debug-iphoneos/SwiftyCrop_SwiftyCrop.build/de.lproj/Localizable.strings:1:1: note: detected encoding of input file as Unicode (UTF-8) (in target 'SwiftyCrop_SwiftyCrop' from project 'SwiftyCrop')

CpResource /Users/harishvishwakarma/Library/Developer/Xcode/DerivedData/Revolt-dharrjsambcimaaziudpvzjdcigm/Build/Products/Debug-iphoneos/Highlightr_Highlightr.bundle/arta.min.css /Users/harishvishwakarma/Library/Developer/Xcode/DerivedData/Revolt-dharrjsambcimaaziudpvzjdcigm/SourcePackages/checkouts/Highlightr/Pod/Assets/styles/arta.min.css (in target 'Highlightr_Highlightr' from project 'Highlightr')
    cd /Users/harishvishwakarma/Library/Developer/Xcode/DerivedData/Revolt-dharrjsambcimaaziudpvzjdcigm/SourcePackages/checkouts/Highlightr
    builtin-copy -exclude .DS_Store -exclude CVS -exclude .svn -exclude .git -exclude .hg -resolve-src-symlinks /Users/harishvishwakarma/Library/Developer/Xcode/DerivedData/Revolt-dharrjsambcimaaziudpvzjdcigm/SourcePackages/checkouts/Highlightr/Pod/Assets/styles/arta.min.css /Users/harishvishwakarma/Library/Developer/Xcode/DerivedData/Revolt-dharrjsambcimaaziudpvzjdcigm/Build/Products/Debug-iphoneos/Highlightr_Highlightr.bundle

CpResource /Users/harishvishwakarma/Library/Developer/Xcode/DerivedData/Revolt-dharrjsambcimaaziudpvzjdcigm/Build/Products/Debug-iphoneos/Highlightr_Highlightr.bundle/arduino-light.min.css /Users/harishvishwakarma/Library/Developer/Xcode/DerivedData/Revolt-dharrjsambcimaaziudpvzjdcigm/SourcePackages/checkouts/Highlightr/Pod/Assets/styles/arduino-light.min.css (in target 'Highlightr_Highlightr' from project 'Highlightr')
    cd /Users/harishvishwakarma/Library/Developer/Xcode/DerivedData/Revolt-dharrjsambcimaaziudpvzjdcigm/SourcePackages/checkouts/Highlightr
    builtin-copy -exclude .DS_Store -exclude CVS -exclude .svn -exclude .git -exclude .hg -resolve-src-symlinks /Users/harishvishwakarma/Library/Developer/Xcode/DerivedData/Revolt-dharrjsambcimaaziudpvzjdcigm/SourcePackages/checkouts/Highlightr/Pod/Assets/styles/arduino-light.min.css /Users/harishvishwakarma/Library/Developer/Xcode/DerivedData/Revolt-dharrjsambcimaaziudpvzjdcigm/Build/Products/Debug-iphoneos/Highlightr_Highlightr.bundle

CpResource /Users/harishvishwakarma/Library/Developer/Xcode/DerivedData/Revolt-dharrjsambcimaaziudpvzjdcigm/Build/Products/Debug-iphoneos/Highlightr_Highlightr.bundle/androidstudio.min.css /Users/harishvishwakarma/Library/Developer/Xcode/DerivedData/Revolt-dharrjsambcimaaziudpvzjdcigm/SourcePackages/checkouts/Highlightr/Pod/Assets/styles/androidstudio.min.css (in target 'Highlightr_Highlightr' from project 'Highlightr')
    cd /Users/harishvishwakarma/Library/Developer/Xcode/DerivedData/Revolt-dharrjsambcimaaziudpvzjdcigm/SourcePackages/checkouts/Highlightr
    builtin-copy -exclude .DS_Store -exclude CVS -exclude .svn -exclude .git -exclude .hg -resolve-src-symlinks /Users/harishvishwakarma/Library/Developer/Xcode/DerivedData/Revolt-dharrjsambcimaaziudpvzjdcigm/SourcePackages/checkouts/Highlightr/Pod/Assets/styles/androidstudio.min.css /Users/harishvishwakarma/Library/Developer/Xcode/DerivedData/Revolt-dharrjsambcimaaziudpvzjdcigm/Build/Products/Debug-iphoneos/Highlightr_Highlightr.bundle

CpResource /Users/harishvishwakarma/Library/Developer/Xcode/DerivedData/Revolt-dharrjsambcimaaziudpvzjdcigm/Build/Products/Debug-iphoneos/Highlightr_Highlightr.bundle/an-old-hope.min.css /Users/harishvishwakarma/Library/Developer/Xcode/DerivedData/Revolt-dharrjsambcimaaziudpvzjdcigm/SourcePackages/checkouts/Highlightr/Pod/Assets/styles/an-old-hope.min.css (in target 'Highlightr_Highlightr' from project 'Highlightr')
    cd /Users/harishvishwakarma/Library/Developer/Xcode/DerivedData/Revolt-dharrjsambcimaaziudpvzjdcigm/SourcePackages/checkouts/Highlightr
    builtin-copy -exclude .DS_Store -exclude CVS -exclude .svn -exclude .git -exclude .hg -resolve-src-symlinks /Users/harishvishwakarma/Library/Developer/Xcode/DerivedData/Revolt-dharrjsambcimaaziudpvzjdcigm/SourcePackages/checkouts/Highlightr/Pod/Assets/styles/an-old-hope.min.css /Users/harishvishwakarma/Library/Developer/Xcode/DerivedData/Revolt-dharrjsambcimaaziudpvzjdcigm/Build/Products/Debug-iphoneos/Highlightr_Highlightr.bundle

CpResource /Users/harishvishwakarma/Library/Developer/Xcode/DerivedData/Revolt-dharrjsambcimaaziudpvzjdcigm/Build/Products/Debug-iphoneos/Highlightr_Highlightr.bundle/agate.min.css /Users/harishvishwakarma/Library/Developer/Xcode/DerivedData/Revolt-dharrjsambcimaaziudpvzjdcigm/SourcePackages/checkouts/Highlightr/Pod/Assets/styles/agate.min.css (in target 'Highlightr_Highlightr' from project 'Highlightr')
    cd /Users/harishvishwakarma/Library/Developer/Xcode/DerivedData/Revolt-dharrjsambcimaaziudpvzjdcigm/SourcePackages/checkouts/Highlightr
    builtin-copy -exclude .DS_Store -exclude CVS -exclude .svn -exclude .git -exclude .hg -resolve-src-symlinks /Users/harishvishwakarma/Library/Developer/Xcode/DerivedData/Revolt-dharrjsambcimaaziudpvzjdcigm/SourcePackages/checkouts/Highlightr/Pod/Assets/styles/agate.min.css /Users/harishvishwakarma/Library/Developer/Xcode/DerivedData/Revolt-dharrjsambcimaaziudpvzjdcigm/Build/Products/Debug-iphoneos/Highlightr_Highlightr.bundle

CpResource /Users/harishvishwakarma/Library/Developer/Xcode/DerivedData/Revolt-dharrjsambcimaaziudpvzjdcigm/Build/Products/Debug-iphoneos/Highlightr_Highlightr.bundle/a11y-light.min.css /Users/harishvishwakarma/Library/Developer/Xcode/DerivedData/Revolt-dharrjsambcimaaziudpvzjdcigm/SourcePackages/checkouts/Highlightr/Pod/Assets/styles/a11y-light.min.css (in target 'Highlightr_Highlightr' from project 'Highlightr')
    cd /Users/harishvishwakarma/Library/Developer/Xcode/DerivedData/Revolt-dharrjsambcimaaziudpvzjdcigm/SourcePackages/checkouts/Highlightr
    builtin-copy -exclude .DS_Store -exclude CVS -exclude .svn -exclude .git -exclude .hg -resolve-src-symlinks /Users/harishvishwakarma/Library/Developer/Xcode/DerivedData/Revolt-dharrjsambcimaaziudpvzjdcigm/SourcePackages/checkouts/Highlightr/Pod/Assets/styles/a11y-light.min.css /Users/harishvishwakarma/Library/Developer/Xcode/DerivedData/Revolt-dharrjsambcimaaziudpvzjdcigm/Build/Products/Debug-iphoneos/Highlightr_Highlightr.bundle

CpResource /Users/harishvishwakarma/Library/Developer/Xcode/DerivedData/Revolt-dharrjsambcimaaziudpvzjdcigm/Build/Products/Debug-iphoneos/Highlightr_Highlightr.bundle/a11y-dark.min.css /Users/harishvishwakarma/Library/Developer/Xcode/DerivedData/Revolt-dharrjsambcimaaziudpvzjdcigm/SourcePackages/checkouts/Highlightr/Pod/Assets/styles/a11y-dark.min.css (in target 'Highlightr_Highlightr' from project 'Highlightr')
    cd /Users/harishvishwakarma/Library/Developer/Xcode/DerivedData/Revolt-dharrjsambcimaaziudpvzjdcigm/SourcePackages/checkouts/Highlightr
    builtin-copy -exclude .DS_Store -exclude CVS -exclude .svn -exclude .git -exclude .hg -resolve-src-symlinks /Users/harishvishwakarma/Library/Developer/Xcode/DerivedData/Revolt-dharrjsambcimaaziudpvzjdcigm/SourcePackages/checkouts/Highlightr/Pod/Assets/styles/a11y-dark.min.css /Users/harishvishwakarma/Library/Developer/Xcode/DerivedData/Revolt-dharrjsambcimaaziudpvzjdcigm/Build/Products/Debug-iphoneos/Highlightr_Highlightr.bundle

ProcessInfoPlistFile /Users/harishvishwakarma/Library/Developer/Xcode/DerivedData/Revolt-dharrjsambcimaaziudpvzjdcigm/Build/Products/Debug-iphoneos/HCaptcha_HCaptcha.bundle/Info.plist /Users/harishvishwakarma/Library/Developer/Xcode/DerivedData/Revolt-dharrjsambcimaaziudpvzjdcigm/Build/Intermediates.noindex/HCaptcha.build/Debug-iphoneos/HCaptcha_HCaptcha.build/empty-HCaptcha_HCaptcha.plist (in target 'HCaptcha_HCaptcha' from project 'HCaptcha')
    cd /Users/harishvishwakarma/Library/Developer/Xcode/DerivedData/Revolt-dharrjsambcimaaziudpvzjdcigm/SourcePackages/checkouts/HCaptcha-ios-sdk
    builtin-infoPlistUtility /Users/harishvishwakarma/Library/Developer/Xcode/DerivedData/Revolt-dharrjsambcimaaziudpvzjdcigm/Build/Intermediates.noindex/HCaptcha.build/Debug-iphoneos/HCaptcha_HCaptcha.build/empty-HCaptcha_HCaptcha.plist -producttype com.apple.product-type.bundle -expandbuildsettings -format binary -platform iphoneos -requiredArchitecture arm64 -o /Users/harishvishwakarma/Library/Developer/Xcode/DerivedData/Revolt-dharrjsambcimaaziudpvzjdcigm/Build/Products/Debug-iphoneos/HCaptcha_HCaptcha.bundle/Info.plist

CpResource /Users/harishvishwakarma/Library/Developer/Xcode/DerivedData/Revolt-dharrjsambcimaaziudpvzjdcigm/Build/Products/Debug-iphoneos/HCaptcha_HCaptcha.bundle/PrivacyInfo.xcprivacy /Users/harishvishwakarma/Library/Developer/Xcode/DerivedData/Revolt-dharrjsambcimaaziudpvzjdcigm/SourcePackages/checkouts/HCaptcha-ios-sdk/HCaptcha/Resources/PrivacyInfo.xcprivacy (in target 'HCaptcha_HCaptcha' from project 'HCaptcha')
    cd /Users/harishvishwakarma/Library/Developer/Xcode/DerivedData/Revolt-dharrjsambcimaaziudpvzjdcigm/SourcePackages/checkouts/HCaptcha-ios-sdk
    builtin-copy -exclude .DS_Store -exclude CVS -exclude .svn -exclude .git -exclude .hg -resolve-src-symlinks /Users/harishvishwakarma/Library/Developer/Xcode/DerivedData/Revolt-dharrjsambcimaaziudpvzjdcigm/SourcePackages/checkouts/HCaptcha-ios-sdk/HCaptcha/Resources/PrivacyInfo.xcprivacy /Users/harishvishwakarma/Library/Developer/Xcode/DerivedData/Revolt-dharrjsambcimaaziudpvzjdcigm/Build/Products/Debug-iphoneos/HCaptcha_HCaptcha.bundle

ProcessInfoPlistFile /Users/harishvishwakarma/Library/Developer/Xcode/DerivedData/Revolt-dharrjsambcimaaziudpvzjdcigm/Build/Products/Debug-iphoneos/Down_Down.bundle/Info.plist /Users/harishvishwakarma/Library/Developer/Xcode/DerivedData/Revolt-dharrjsambcimaaziudpvzjdcigm/Build/Intermediates.noindex/Down.build/Debug-iphoneos/Down_Down.build/empty-Down_Down.plist (in target 'Down_Down' from project 'Down')
    cd /Users/harishvishwakarma/Library/Developer/Xcode/DerivedData/Revolt-dharrjsambcimaaziudpvzjdcigm/SourcePackages/checkouts/Down
    builtin-infoPlistUtility /Users/harishvishwakarma/Library/Developer/Xcode/DerivedData/Revolt-dharrjsambcimaaziudpvzjdcigm/Build/Intermediates.noindex/Down.build/Debug-iphoneos/Down_Down.build/empty-Down_Down.plist -producttype com.apple.product-type.bundle -expandbuildsettings -format binary -platform iphoneos -requiredArchitecture arm64 -o /Users/harishvishwakarma/Library/Developer/Xcode/DerivedData/Revolt-dharrjsambcimaaziudpvzjdcigm/Build/Products/Debug-iphoneos/Down_Down.bundle/Info.plist

CpResource /Users/harishvishwakarma/Library/Developer/Xcode/DerivedData/Revolt-dharrjsambcimaaziudpvzjdcigm/Build/Products/Debug-iphoneos/Down_Down.bundle/DownView.bundle /Users/harishvishwakarma/Library/Developer/Xcode/DerivedData/Revolt-dharrjsambcimaaziudpvzjdcigm/SourcePackages/checkouts/Down/Sources/Down/Resources/DownView.bundle (in target 'Down_Down' from project 'Down')
    cd /Users/harishvishwakarma/Library/Developer/Xcode/DerivedData/Revolt-dharrjsambcimaaziudpvzjdcigm/SourcePackages/checkouts/Down
    builtin-copy -exclude .DS_Store -exclude CVS -exclude .svn -exclude .git -exclude .hg -resolve-src-symlinks /Users/harishvishwakarma/Library/Developer/Xcode/DerivedData/Revolt-dharrjsambcimaaziudpvzjdcigm/SourcePackages/checkouts/Down/Sources/Down/Resources/DownView.bundle /Users/harishvishwakarma/Library/Developer/Xcode/DerivedData/Revolt-dharrjsambcimaaziudpvzjdcigm/Build/Products/Debug-iphoneos/Down_Down.bundle

CpResource /Users/harishvishwakarma/Library/Developer/Xcode/DerivedData/Revolt-dharrjsambcimaaziudpvzjdcigm/Build/Products/Debug-iphoneos/Down_Down.bundle/DownView\ (macOS).bundle /Users/harishvishwakarma/Library/Developer/Xcode/DerivedData/Revolt-dharrjsambcimaaziudpvzjdcigm/SourcePackages/checkouts/Down/Sources/Down/Resources/DownView\ (macOS).bundle (in target 'Down_Down' from project 'Down')
    cd /Users/harishvishwakarma/Library/Developer/Xcode/DerivedData/Revolt-dharrjsambcimaaziudpvzjdcigm/SourcePackages/checkouts/Down
    builtin-copy -exclude .DS_Store -exclude CVS -exclude .svn -exclude .git -exclude .hg -resolve-src-symlinks /Users/harishvishwakarma/Library/Developer/Xcode/DerivedData/Revolt-dharrjsambcimaaziudpvzjdcigm/SourcePackages/checkouts/Down/Sources/Down/Resources/DownView\ \(macOS\).bundle /Users/harishvishwakarma/Library/Developer/Xcode/DerivedData/Revolt-dharrjsambcimaaziudpvzjdcigm/Build/Products/Debug-iphoneos/Down_Down.bundle

ProcessInfoPlistFile /Users/harishvishwakarma/Library/Developer/Xcode/DerivedData/Revolt-dharrjsambcimaaziudpvzjdcigm/Build/Products/Debug-iphoneos/Alamofire_Alamofire.bundle/Info.plist /Users/harishvishwakarma/Library/Developer/Xcode/DerivedData/Revolt-dharrjsambcimaaziudpvzjdcigm/Build/Intermediates.noindex/Alamofire.build/Debug-iphoneos/Alamofire_Alamofire.build/empty-Alamofire_Alamofire.plist (in target 'Alamofire_Alamofire' from project 'Alamofire')
    cd /Users/harishvishwakarma/Library/Developer/Xcode/DerivedData/Revolt-dharrjsambcimaaziudpvzjdcigm/SourcePackages/checkouts/Alamofire
    builtin-infoPlistUtility /Users/harishvishwakarma/Library/Developer/Xcode/DerivedData/Revolt-dharrjsambcimaaziudpvzjdcigm/Build/Intermediates.noindex/Alamofire.build/Debug-iphoneos/Alamofire_Alamofire.build/empty-Alamofire_Alamofire.plist -producttype com.apple.product-type.bundle -expandbuildsettings -format binary -platform iphoneos -requiredArchitecture arm64 -o /Users/harishvishwakarma/Library/Developer/Xcode/DerivedData/Revolt-dharrjsambcimaaziudpvzjdcigm/Build/Products/Debug-iphoneos/Alamofire_Alamofire.bundle/Info.plist

CpResource /Users/harishvishwakarma/Library/Developer/Xcode/DerivedData/Revolt-dharrjsambcimaaziudpvzjdcigm/Build/Products/Debug-iphoneos/Alamofire_Alamofire.bundle/PrivacyInfo.xcprivacy /Users/harishvishwakarma/Library/Developer/Xcode/DerivedData/Revolt-dharrjsambcimaaziudpvzjdcigm/SourcePackages/checkouts/Alamofire/Source/PrivacyInfo.xcprivacy (in target 'Alamofire_Alamofire' from project 'Alamofire')
    cd /Users/harishvishwakarma/Library/Developer/Xcode/DerivedData/Revolt-dharrjsambcimaaziudpvzjdcigm/SourcePackages/checkouts/Alamofire
    builtin-copy -exclude .DS_Store -exclude CVS -exclude .svn -exclude .git -exclude .hg -resolve-src-symlinks /Users/harishvishwakarma/Library/Developer/Xcode/DerivedData/Revolt-dharrjsambcimaaziudpvzjdcigm/SourcePackages/checkouts/Alamofire/Source/PrivacyInfo.xcprivacy /Users/harishvishwakarma/Library/Developer/Xcode/DerivedData/Revolt-dharrjsambcimaaziudpvzjdcigm/Build/Products/Debug-iphoneos/Alamofire_Alamofire.bundle

RegisterExecutionPolicyException /Users/harishvishwakarma/Library/Developer/Xcode/DerivedData/Revolt-dharrjsambcimaaziudpvzjdcigm/Build/Products/Debug-iphoneos/SwiftyCrop_SwiftyCrop.bundle (in target 'SwiftyCrop_SwiftyCrop' from project 'SwiftyCrop')
    cd /Users/harishvishwakarma/Library/Developer/Xcode/DerivedData/Revolt-dharrjsambcimaaziudpvzjdcigm/SourcePackages/checkouts/SwiftyCrop
    builtin-RegisterExecutionPolicyException /Users/harishvishwakarma/Library/Developer/Xcode/DerivedData/Revolt-dharrjsambcimaaziudpvzjdcigm/Build/Products/Debug-iphoneos/SwiftyCrop_SwiftyCrop.bundle

RegisterExecutionPolicyException /Users/harishvishwakarma/Library/Developer/Xcode/DerivedData/Revolt-dharrjsambcimaaziudpvzjdcigm/Build/Products/Debug-iphoneos/Starscream_Starscream.bundle (in target 'Starscream_Starscream' from project 'Starscream')
    cd /Users/harishvishwakarma/Library/Developer/Xcode/DerivedData/Revolt-dharrjsambcimaaziudpvzjdcigm/SourcePackages/checkouts/Starscream
    builtin-RegisterExecutionPolicyException /Users/harishvishwakarma/Library/Developer/Xcode/DerivedData/Revolt-dharrjsambcimaaziudpvzjdcigm/Build/Products/Debug-iphoneos/Starscream_Starscream.bundle

RegisterExecutionPolicyException /Users/harishvishwakarma/Library/Developer/Xcode/DerivedData/Revolt-dharrjsambcimaaziudpvzjdcigm/Build/Products/Debug-iphoneos/SwiftCSV_SwiftCSV.bundle (in target 'SwiftCSV_SwiftCSV' from project 'SwiftCSV')
    cd /Users/harishvishwakarma/Library/Developer/Xcode/DerivedData/Revolt-dharrjsambcimaaziudpvzjdcigm/SourcePackages/checkouts/SwiftCSV
    builtin-RegisterExecutionPolicyException /Users/harishvishwakarma/Library/Developer/Xcode/DerivedData/Revolt-dharrjsambcimaaziudpvzjdcigm/Build/Products/Debug-iphoneos/SwiftCSV_SwiftCSV.bundle

RegisterExecutionPolicyException /Users/harishvishwakarma/Library/Developer/Xcode/DerivedData/Revolt-dharrjsambcimaaziudpvzjdcigm/Build/Products/Debug-iphoneos/SnapKit_SnapKit.bundle (in target 'SnapKit_SnapKit' from project 'SnapKit')
    cd /Users/harishvishwakarma/Library/Developer/Xcode/DerivedData/Revolt-dharrjsambcimaaziudpvzjdcigm/SourcePackages/checkouts/SnapKit
    builtin-RegisterExecutionPolicyException /Users/harishvishwakarma/Library/Developer/Xcode/DerivedData/Revolt-dharrjsambcimaaziudpvzjdcigm/Build/Products/Debug-iphoneos/SnapKit_SnapKit.bundle

RegisterExecutionPolicyException /Users/harishvishwakarma/Library/Developer/Xcode/DerivedData/Revolt-dharrjsambcimaaziudpvzjdcigm/Build/Products/Debug-iphoneos/Kingfisher_Kingfisher.bundle (in target 'Kingfisher_Kingfisher' from project 'Kingfisher')
    cd /Users/harishvishwakarma/Library/Developer/Xcode/DerivedData/Revolt-dharrjsambcimaaziudpvzjdcigm/SourcePackages/checkouts/Kingfisher
    builtin-RegisterExecutionPolicyException /Users/harishvishwakarma/Library/Developer/Xcode/DerivedData/Revolt-dharrjsambcimaaziudpvzjdcigm/Build/Products/Debug-iphoneos/Kingfisher_Kingfisher.bundle

RegisterExecutionPolicyException /Users/harishvishwakarma/Library/Developer/Xcode/DerivedData/Revolt-dharrjsambcimaaziudpvzjdcigm/Build/Products/Debug-iphoneos/Highlightr_Highlightr.bundle (in target 'Highlightr_Highlightr' from project 'Highlightr')
    cd /Users/harishvishwakarma/Library/Developer/Xcode/DerivedData/Revolt-dharrjsambcimaaziudpvzjdcigm/SourcePackages/checkouts/Highlightr
    builtin-RegisterExecutionPolicyException /Users/harishvishwakarma/Library/Developer/Xcode/DerivedData/Revolt-dharrjsambcimaaziudpvzjdcigm/Build/Products/Debug-iphoneos/Highlightr_Highlightr.bundle

RegisterExecutionPolicyException /Users/harishvishwakarma/Library/Developer/Xcode/DerivedData/Revolt-dharrjsambcimaaziudpvzjdcigm/Build/Products/Debug-iphoneos/HCaptcha_HCaptcha.bundle (in target 'HCaptcha_HCaptcha' from project 'HCaptcha')
    cd /Users/harishvishwakarma/Library/Developer/Xcode/DerivedData/Revolt-dharrjsambcimaaziudpvzjdcigm/SourcePackages/checkouts/HCaptcha-ios-sdk
    builtin-RegisterExecutionPolicyException /Users/harishvishwakarma/Library/Developer/Xcode/DerivedData/Revolt-dharrjsambcimaaziudpvzjdcigm/Build/Products/Debug-iphoneos/HCaptcha_HCaptcha.bundle

RegisterExecutionPolicyException /Users/harishvishwakarma/Library/Developer/Xcode/DerivedData/Revolt-dharrjsambcimaaziudpvzjdcigm/Build/Products/Debug-iphoneos/Down_Down.bundle (in target 'Down_Down' from project 'Down')
    cd /Users/harishvishwakarma/Library/Developer/Xcode/DerivedData/Revolt-dharrjsambcimaaziudpvzjdcigm/SourcePackages/checkouts/Down
    builtin-RegisterExecutionPolicyException /Users/harishvishwakarma/Library/Developer/Xcode/DerivedData/Revolt-dharrjsambcimaaziudpvzjdcigm/Build/Products/Debug-iphoneos/Down_Down.bundle

RegisterExecutionPolicyException /Users/harishvishwakarma/Library/Developer/Xcode/DerivedData/Revolt-dharrjsambcimaaziudpvzjdcigm/Build/Products/Debug-iphoneos/Alamofire_Alamofire.bundle (in target 'Alamofire_Alamofire' from project 'Alamofire')
    cd /Users/harishvishwakarma/Library/Developer/Xcode/DerivedData/Revolt-dharrjsambcimaaziudpvzjdcigm/SourcePackages/checkouts/Alamofire
    builtin-RegisterExecutionPolicyException /Users/harishvishwakarma/Library/Developer/Xcode/DerivedData/Revolt-dharrjsambcimaaziudpvzjdcigm/Build/Products/Debug-iphoneos/Alamofire_Alamofire.bundle

Touch /Users/harishvishwakarma/Library/Developer/Xcode/DerivedData/Revolt-dharrjsambcimaaziudpvzjdcigm/Build/Products/Debug-iphoneos/SwiftyCrop_SwiftyCrop.bundle (in target 'SwiftyCrop_SwiftyCrop' from project 'SwiftyCrop')
    cd /Users/harishvishwakarma/Library/Developer/Xcode/DerivedData/Revolt-dharrjsambcimaaziudpvzjdcigm/SourcePackages/checkouts/SwiftyCrop
    /usr/bin/touch -c /Users/harishvishwakarma/Library/Developer/Xcode/DerivedData/Revolt-dharrjsambcimaaziudpvzjdcigm/Build/Products/Debug-iphoneos/SwiftyCrop_SwiftyCrop.bundle

Touch /Users/harishvishwakarma/Library/Developer/Xcode/DerivedData/Revolt-dharrjsambcimaaziudpvzjdcigm/Build/Products/Debug-iphoneos/SwiftCSV_SwiftCSV.bundle (in target 'SwiftCSV_SwiftCSV' from project 'SwiftCSV')
    cd /Users/harishvishwakarma/Library/Developer/Xcode/DerivedData/Revolt-dharrjsambcimaaziudpvzjdcigm/SourcePackages/checkouts/SwiftCSV
    /usr/bin/touch -c /Users/harishvishwakarma/Library/Developer/Xcode/DerivedData/Revolt-dharrjsambcimaaziudpvzjdcigm/Build/Products/Debug-iphoneos/SwiftCSV_SwiftCSV.bundle

WriteAuxiliaryFile /Users/harishvishwakarma/Library/Developer/Xcode/DerivedData/Revolt-dharrjsambcimaaziudpvzjdcigm/Build/Intermediates.noindex/OggDecoder.build/Debug-iphoneos/OggDecoder.build/OggDecoder.modulemap (in target 'OggDecoder' from project 'OggDecoder')
    cd /Users/harishvishwakarma/Library/Developer/Xcode/DerivedData/Revolt-dharrjsambcimaaziudpvzjdcigm/SourcePackages/checkouts/OggDecoder
    write-file /Users/harishvishwakarma/Library/Developer/Xcode/DerivedData/Revolt-dharrjsambcimaaziudpvzjdcigm/Build/Intermediates.noindex/OggDecoder.build/Debug-iphoneos/OggDecoder.build/OggDecoder.modulemap

WriteAuxiliaryFile /Users/harishvishwakarma/Library/Developer/Xcode/DerivedData/Revolt-dharrjsambcimaaziudpvzjdcigm/Build/Intermediates.noindex/OggDecoder.build/Debug-iphoneos/OggDecoder.build/OggDecoder.DependencyStaticMetadataFileList (in target 'OggDecoder' from project 'OggDecoder')
    cd /Users/harishvishwakarma/Library/Developer/Xcode/DerivedData/Revolt-dharrjsambcimaaziudpvzjdcigm/SourcePackages/checkouts/OggDecoder
    write-file /Users/harishvishwakarma/Library/Developer/Xcode/DerivedData/Revolt-dharrjsambcimaaziudpvzjdcigm/Build/Intermediates.noindex/OggDecoder.build/Debug-iphoneos/OggDecoder.build/OggDecoder.DependencyStaticMetadataFileList

WriteAuxiliaryFile /Users/harishvishwakarma/Library/Developer/Xcode/DerivedData/Revolt-dharrjsambcimaaziudpvzjdcigm/Build/Intermediates.noindex/OggDecoder.build/Debug-iphoneos/OggDecoder.build/OggDecoder.DependencyMetadataFileList (in target 'OggDecoder' from project 'OggDecoder')
    cd /Users/harishvishwakarma/Library/Developer/Xcode/DerivedData/Revolt-dharrjsambcimaaziudpvzjdcigm/SourcePackages/checkouts/OggDecoder
    write-file /Users/harishvishwakarma/Library/Developer/Xcode/DerivedData/Revolt-dharrjsambcimaaziudpvzjdcigm/Build/Intermediates.noindex/OggDecoder.build/Debug-iphoneos/OggDecoder.build/OggDecoder.DependencyMetadataFileList

WriteAuxiliaryFile /Users/harishvishwakarma/Library/Developer/Xcode/DerivedData/Revolt-dharrjsambcimaaziudpvzjdcigm/Build/Intermediates.noindex/OggDecoder.build/Debug-iphoneos/OggDecoder.build/Objects-normal/arm64/af3fcb34312c57c0f52879cdce924b91-common-args.resp (in target 'OggDecoder' from project 'OggDecoder')
    cd /Users/harishvishwakarma/Library/Developer/Xcode/DerivedData/Revolt-dharrjsambcimaaziudpvzjdcigm/SourcePackages/checkouts/OggDecoder
    write-file /Users/harishvishwakarma/Library/Developer/Xcode/DerivedData/Revolt-dharrjsambcimaaziudpvzjdcigm/Build/Intermediates.noindex/OggDecoder.build/Debug-iphoneos/OggDecoder.build/Objects-normal/arm64/af3fcb34312c57c0f52879cdce924b91-common-args.resp
-target arm64-apple-ios12.0 -fobjc-arc -fmodules -fno-cxx-modules -gmodules '-fmodules-cache-path=/Users/harishvishwakarma/Library/Developer/Xcode/DerivedData/ModuleCache.noindex' '-fmodule-name=OggDecoder' '-D_LIBCPP_HARDENING_MODE=_LIBCPP_HARDENING_MODE_DEBUG' -fpascal-strings -O0 -DSWIFT_PACKAGE '-DDEBUG=1' '-DOBJC_OLD_DISPATCH_PROTOTYPES=1' -isysroot /Applications/Xcode.app/Contents/Developer/Platforms/iPhoneOS.platform/Developer/SDKs/iPhoneOS18.5.sdk -g -fvisibility-inlines-hidden -I/Users/harishvishwakarma/Library/Developer/Xcode/DerivedData/Revolt-dharrjsambcimaaziudpvzjdcigm/Build/Products/Debug-iphoneos/include -I/Users/harishvishwakarma/Library/Developer/Xcode/DerivedData/Revolt-dharrjsambcimaaziudpvzjdcigm/SourcePackages/checkouts/OggDecoder/Sources/OggDecoderObjC/include -I/Users/harishvishwakarma/Library/Developer/Xcode/DerivedData/Revolt-dharrjsambcimaaziudpvzjdcigm/Build/Intermediates.noindex/OggDecoder.build/Debug-iphoneos/OggDecoder.build/DerivedSources-normal/arm64 -I/Users/harishvishwakarma/Library/Developer/Xcode/DerivedData/Revolt-dharrjsambcimaaziudpvzjdcigm/Build/Intermediates.noindex/OggDecoder.build/Debug-iphoneos/OggDecoder.build/DerivedSources/arm64 -I/Users/harishvishwakarma/Library/Developer/Xcode/DerivedData/Revolt-dharrjsambcimaaziudpvzjdcigm/Build/Intermediates.noindex/OggDecoder.build/Debug-iphoneos/OggDecoder.build/DerivedSources -F/Users/harishvishwakarma/Library/Developer/Xcode/DerivedData/Revolt-dharrjsambcimaaziudpvzjdcigm/Build/Products/Debug-iphoneos -iframework /Applications/Xcode.app/Contents/Developer/Platforms/iPhoneOS.platform/Developer/Library/Frameworks -iframework /Applications/Xcode.app/Contents/Developer/Platforms/iPhoneOS.platform/Developer/SDKs/iPhoneOS18.5.sdk/Developer/Library/Frameworks -DXcode

WriteAuxiliaryFile /Users/harishvishwakarma/Library/Developer/Xcode/DerivedData/Revolt-dharrjsambcimaaziudpvzjdcigm/Build/Intermediates.noindex/OggDecoder.build/Debug-iphoneos/OggDecoder.build/Objects-normal/arm64/OggDecoder.LinkFileList (in target 'OggDecoder' from project 'OggDecoder')
    cd /Users/harishvishwakarma/Library/Developer/Xcode/DerivedData/Revolt-dharrjsambcimaaziudpvzjdcigm/SourcePackages/checkouts/OggDecoder
    write-file /Users/harishvishwakarma/Library/Developer/Xcode/DerivedData/Revolt-dharrjsambcimaaziudpvzjdcigm/Build/Intermediates.noindex/OggDecoder.build/Debug-iphoneos/OggDecoder.build/Objects-normal/arm64/OggDecoder.LinkFileList

WriteAuxiliaryFile /Users/harishvishwakarma/Library/Developer/Xcode/DerivedData/Revolt-dharrjsambcimaaziudpvzjdcigm/Build/Intermediates.noindex/OggDecoder.build/Debug-iphoneos/OggDecoder.build/Objects-normal/arm64/82b82416624d2658e5098eb0a28c15c5-common-args.resp (in target 'OggDecoder' from project 'OggDecoder')
    cd /Users/harishvishwakarma/Library/Developer/Xcode/DerivedData/Revolt-dharrjsambcimaaziudpvzjdcigm/SourcePackages/checkouts/OggDecoder
    write-file /Users/harishvishwakarma/Library/Developer/Xcode/DerivedData/Revolt-dharrjsambcimaaziudpvzjdcigm/Build/Intermediates.noindex/OggDecoder.build/Debug-iphoneos/OggDecoder.build/Objects-normal/arm64/82b82416624d2658e5098eb0a28c15c5-common-args.resp
-target arm64-apple-ios12.0 -fmodules -fno-cxx-modules -gmodules '-fmodules-cache-path=/Users/harishvishwakarma/Library/Developer/Xcode/DerivedData/ModuleCache.noindex' '-fmodule-name=OggDecoder' '-D_LIBCPP_HARDENING_MODE=_LIBCPP_HARDENING_MODE_DEBUG' -fpascal-strings -O0 -DSWIFT_PACKAGE '-DDEBUG=1' -isysroot /Applications/Xcode.app/Contents/Developer/Platforms/iPhoneOS.platform/Developer/SDKs/iPhoneOS18.5.sdk -g -fvisibility-inlines-hidden -I/Users/harishvishwakarma/Library/Developer/Xcode/DerivedData/Revolt-dharrjsambcimaaziudpvzjdcigm/Build/Products/Debug-iphoneos/include -I/Users/harishvishwakarma/Library/Developer/Xcode/DerivedData/Revolt-dharrjsambcimaaziudpvzjdcigm/SourcePackages/checkouts/OggDecoder/Sources/OggDecoderObjC/include -I/Users/harishvishwakarma/Library/Developer/Xcode/DerivedData/Revolt-dharrjsambcimaaziudpvzjdcigm/Build/Intermediates.noindex/OggDecoder.build/Debug-iphoneos/OggDecoder.build/DerivedSources-normal/arm64 -I/Users/harishvishwakarma/Library/Developer/Xcode/DerivedData/Revolt-dharrjsambcimaaziudpvzjdcigm/Build/Intermediates.noindex/OggDecoder.build/Debug-iphoneos/OggDecoder.build/DerivedSources/arm64 -I/Users/harishvishwakarma/Library/Developer/Xcode/DerivedData/Revolt-dharrjsambcimaaziudpvzjdcigm/Build/Intermediates.noindex/OggDecoder.build/Debug-iphoneos/OggDecoder.build/DerivedSources -F/Users/harishvishwakarma/Library/Developer/Xcode/DerivedData/Revolt-dharrjsambcimaaziudpvzjdcigm/Build/Products/Debug-iphoneos -iframework /Applications/Xcode.app/Contents/Developer/Platforms/iPhoneOS.platform/Developer/Library/Frameworks -iframework /Applications/Xcode.app/Contents/Developer/Platforms/iPhoneOS.platform/Developer/SDKs/iPhoneOS18.5.sdk/Developer/Library/Frameworks -DXcode

Copy /Users/harishvishwakarma/Library/Developer/Xcode/DerivedData/Revolt-dharrjsambcimaaziudpvzjdcigm/Build/Intermediates.noindex/GeneratedModuleMaps-iphoneos/OggDecoder.modulemap /Users/harishvishwakarma/Library/Developer/Xcode/DerivedData/Revolt-dharrjsambcimaaziudpvzjdcigm/Build/Intermediates.noindex/OggDecoder.build/Debug-iphoneos/OggDecoder.build/OggDecoder.modulemap (in target 'OggDecoder' from project 'OggDecoder')
    cd /Users/harishvishwakarma/Library/Developer/Xcode/DerivedData/Revolt-dharrjsambcimaaziudpvzjdcigm/SourcePackages/checkouts/OggDecoder
    builtin-copy -exclude .DS_Store -exclude CVS -exclude .svn -exclude .git -exclude .hg -resolve-src-symlinks /Users/harishvishwakarma/Library/Developer/Xcode/DerivedData/Revolt-dharrjsambcimaaziudpvzjdcigm/Build/Intermediates.noindex/OggDecoder.build/Debug-iphoneos/OggDecoder.build/OggDecoder.modulemap /Users/harishvishwakarma/Library/Developer/Xcode/DerivedData/Revolt-dharrjsambcimaaziudpvzjdcigm/Build/Intermediates.noindex/GeneratedModuleMaps-iphoneos

WriteAuxiliaryFile /Users/harishvishwakarma/Library/Developer/Xcode/DerivedData/Revolt-dharrjsambcimaaziudpvzjdcigm/Build/Intermediates.noindex/Revolt.build/Debug-iphoneos/NotificationService.build/Objects-normal/arm64/NotificationService_const_extract_protocols.json (in target 'NotificationService' from project 'Revolt')
    cd /Users/harishvishwakarma/Handy/Archem/pepchat-ios
    write-file /Users/harishvishwakarma/Library/Developer/Xcode/DerivedData/Revolt-dharrjsambcimaaziudpvzjdcigm/Build/Intermediates.noindex/Revolt.build/Debug-iphoneos/NotificationService.build/Objects-normal/arm64/NotificationService_const_extract_protocols.json

WriteAuxiliaryFile /Users/harishvishwakarma/Library/Developer/Xcode/DerivedData/Revolt-dharrjsambcimaaziudpvzjdcigm/Build/Intermediates.noindex/Revolt.build/Debug-iphoneos/NotificationService.build/Objects-normal/arm64/NotificationService.SwiftFileList (in target 'NotificationService' from project 'Revolt')
    cd /Users/harishvishwakarma/Handy/Archem/pepchat-ios
    write-file /Users/harishvishwakarma/Library/Developer/Xcode/DerivedData/Revolt-dharrjsambcimaaziudpvzjdcigm/Build/Intermediates.noindex/Revolt.build/Debug-iphoneos/NotificationService.build/Objects-normal/arm64/NotificationService.SwiftFileList

WriteAuxiliaryFile /Users/harishvishwakarma/Library/Developer/Xcode/DerivedData/Revolt-dharrjsambcimaaziudpvzjdcigm/Build/Intermediates.noindex/Revolt.build/Debug-iphoneos/NotificationService.build/Objects-normal/arm64/NotificationService.SwiftConstValuesFileList (in target 'NotificationService' from project 'Revolt')
    cd /Users/harishvishwakarma/Handy/Archem/pepchat-ios
    write-file /Users/harishvishwakarma/Library/Developer/Xcode/DerivedData/Revolt-dharrjsambcimaaziudpvzjdcigm/Build/Intermediates.noindex/Revolt.build/Debug-iphoneos/NotificationService.build/Objects-normal/arm64/NotificationService.SwiftConstValuesFileList

WriteAuxiliaryFile /Users/harishvishwakarma/Library/Developer/Xcode/DerivedData/Revolt-dharrjsambcimaaziudpvzjdcigm/Build/Intermediates.noindex/Revolt.build/Debug-iphoneos/NotificationService.build/Objects-normal/arm64/NotificationService.LinkFileList (in target 'NotificationService' from project 'Revolt')
    cd /Users/harishvishwakarma/Handy/Archem/pepchat-ios
    write-file /Users/harishvishwakarma/Library/Developer/Xcode/DerivedData/Revolt-dharrjsambcimaaziudpvzjdcigm/Build/Intermediates.noindex/Revolt.build/Debug-iphoneos/NotificationService.build/Objects-normal/arm64/NotificationService.LinkFileList

WriteAuxiliaryFile /Users/harishvishwakarma/Library/Developer/Xcode/DerivedData/Revolt-dharrjsambcimaaziudpvzjdcigm/Build/Intermediates.noindex/Revolt.build/Debug-iphoneos/NotificationService.build/Objects-normal/arm64/NotificationService-OutputFileMap.json (in target 'NotificationService' from project 'Revolt')
    cd /Users/harishvishwakarma/Handy/Archem/pepchat-ios
    write-file /Users/harishvishwakarma/Library/Developer/Xcode/DerivedData/Revolt-dharrjsambcimaaziudpvzjdcigm/Build/Intermediates.noindex/Revolt.build/Debug-iphoneos/NotificationService.build/Objects-normal/arm64/NotificationService-OutputFileMap.json

WriteAuxiliaryFile /Users/harishvishwakarma/Library/Developer/Xcode/DerivedData/Revolt-dharrjsambcimaaziudpvzjdcigm/Build/Intermediates.noindex/Revolt.build/Debug-iphoneos/NotificationService.build/NotificationService.hmap (in target 'NotificationService' from project 'Revolt')
    cd /Users/harishvishwakarma/Handy/Archem/pepchat-ios
    write-file /Users/harishvishwakarma/Library/Developer/Xcode/DerivedData/Revolt-dharrjsambcimaaziudpvzjdcigm/Build/Intermediates.noindex/Revolt.build/Debug-iphoneos/NotificationService.build/NotificationService.hmap

WriteAuxiliaryFile /Users/harishvishwakarma/Library/Developer/Xcode/DerivedData/Revolt-dharrjsambcimaaziudpvzjdcigm/Build/Intermediates.noindex/Revolt.build/Debug-iphoneos/NotificationService.build/NotificationService.DependencyStaticMetadataFileList (in target 'NotificationService' from project 'Revolt')
    cd /Users/harishvishwakarma/Handy/Archem/pepchat-ios
    write-file /Users/harishvishwakarma/Library/Developer/Xcode/DerivedData/Revolt-dharrjsambcimaaziudpvzjdcigm/Build/Intermediates.noindex/Revolt.build/Debug-iphoneos/NotificationService.build/NotificationService.DependencyStaticMetadataFileList

WriteAuxiliaryFile /Users/harishvishwakarma/Library/Developer/Xcode/DerivedData/Revolt-dharrjsambcimaaziudpvzjdcigm/Build/Intermediates.noindex/Revolt.build/Debug-iphoneos/NotificationService.build/NotificationService.DependencyMetadataFileList (in target 'NotificationService' from project 'Revolt')
    cd /Users/harishvishwakarma/Handy/Archem/pepchat-ios
    write-file /Users/harishvishwakarma/Library/Developer/Xcode/DerivedData/Revolt-dharrjsambcimaaziudpvzjdcigm/Build/Intermediates.noindex/Revolt.build/Debug-iphoneos/NotificationService.build/NotificationService.DependencyMetadataFileList

WriteAuxiliaryFile /Users/harishvishwakarma/Library/Developer/Xcode/DerivedData/Revolt-dharrjsambcimaaziudpvzjdcigm/Build/Intermediates.noindex/Revolt.build/Debug-iphoneos/NotificationService.build/NotificationService-project-headers.hmap (in target 'NotificationService' from project 'Revolt')
    cd /Users/harishvishwakarma/Handy/Archem/pepchat-ios
    write-file /Users/harishvishwakarma/Library/Developer/Xcode/DerivedData/Revolt-dharrjsambcimaaziudpvzjdcigm/Build/Intermediates.noindex/Revolt.build/Debug-iphoneos/NotificationService.build/NotificationService-project-headers.hmap

WriteAuxiliaryFile /Users/harishvishwakarma/Library/Developer/Xcode/DerivedData/Revolt-dharrjsambcimaaziudpvzjdcigm/Build/Intermediates.noindex/Revolt.build/Debug-iphoneos/NotificationService.build/NotificationService-own-target-headers.hmap (in target 'NotificationService' from project 'Revolt')
    cd /Users/harishvishwakarma/Handy/Archem/pepchat-ios
    write-file /Users/harishvishwakarma/Library/Developer/Xcode/DerivedData/Revolt-dharrjsambcimaaziudpvzjdcigm/Build/Intermediates.noindex/Revolt.build/Debug-iphoneos/NotificationService.build/NotificationService-own-target-headers.hmap

WriteAuxiliaryFile /Users/harishvishwakarma/Library/Developer/Xcode/DerivedData/Revolt-dharrjsambcimaaziudpvzjdcigm/Build/Intermediates.noindex/Revolt.build/Debug-iphoneos/NotificationService.build/NotificationService-generated-files.hmap (in target 'NotificationService' from project 'Revolt')
    cd /Users/harishvishwakarma/Handy/Archem/pepchat-ios
    write-file /Users/harishvishwakarma/Library/Developer/Xcode/DerivedData/Revolt-dharrjsambcimaaziudpvzjdcigm/Build/Intermediates.noindex/Revolt.build/Debug-iphoneos/NotificationService.build/NotificationService-generated-files.hmap

WriteAuxiliaryFile /Users/harishvishwakarma/Library/Developer/Xcode/DerivedData/Revolt-dharrjsambcimaaziudpvzjdcigm/Build/Intermediates.noindex/Revolt.build/Debug-iphoneos/NotificationService.build/NotificationService-all-target-headers.hmap (in target 'NotificationService' from project 'Revolt')
    cd /Users/harishvishwakarma/Handy/Archem/pepchat-ios
    write-file /Users/harishvishwakarma/Library/Developer/Xcode/DerivedData/Revolt-dharrjsambcimaaziudpvzjdcigm/Build/Intermediates.noindex/Revolt.build/Debug-iphoneos/NotificationService.build/NotificationService-all-target-headers.hmap

WriteAuxiliaryFile /Users/harishvishwakarma/Library/Developer/Xcode/DerivedData/Revolt-dharrjsambcimaaziudpvzjdcigm/Build/Intermediates.noindex/Revolt.build/Debug-iphoneos/NotificationService.build/NotificationService-all-non-framework-target-headers.hmap (in target 'NotificationService' from project 'Revolt')
    cd /Users/harishvishwakarma/Handy/Archem/pepchat-ios
    write-file /Users/harishvishwakarma/Library/Developer/Xcode/DerivedData/Revolt-dharrjsambcimaaziudpvzjdcigm/Build/Intermediates.noindex/Revolt.build/Debug-iphoneos/NotificationService.build/NotificationService-all-non-framework-target-headers.hmap

WriteAuxiliaryFile /Users/harishvishwakarma/Library/Developer/Xcode/DerivedData/Revolt-dharrjsambcimaaziudpvzjdcigm/Build/Intermediates.noindex/Revolt.build/Debug-iphoneos/NotificationService.build/DerivedSources/Entitlements.plist (in target 'NotificationService' from project 'Revolt')
    cd /Users/harishvishwakarma/Handy/Archem/pepchat-ios
    write-file /Users/harishvishwakarma/Library/Developer/Xcode/DerivedData/Revolt-dharrjsambcimaaziudpvzjdcigm/Build/Intermediates.noindex/Revolt.build/Debug-iphoneos/NotificationService.build/DerivedSources/Entitlements.plist

MkDir /Users/harishvishwakarma/Library/Developer/Xcode/DerivedData/Revolt-dharrjsambcimaaziudpvzjdcigm/Build/Products/Debug-iphoneos/NotificationService.appex (in target 'NotificationService' from project 'Revolt')
    cd /Users/harishvishwakarma/Handy/Archem/pepchat-ios
    /bin/mkdir -p /Users/harishvishwakarma/Library/Developer/Xcode/DerivedData/Revolt-dharrjsambcimaaziudpvzjdcigm/Build/Products/Debug-iphoneos/NotificationService.appex

Touch /Users/harishvishwakarma/Library/Developer/Xcode/DerivedData/Revolt-dharrjsambcimaaziudpvzjdcigm/Build/Products/Debug-iphoneos/Starscream_Starscream.bundle (in target 'Starscream_Starscream' from project 'Starscream')
    cd /Users/harishvishwakarma/Library/Developer/Xcode/DerivedData/Revolt-dharrjsambcimaaziudpvzjdcigm/SourcePackages/checkouts/Starscream
    /usr/bin/touch -c /Users/harishvishwakarma/Library/Developer/Xcode/DerivedData/Revolt-dharrjsambcimaaziudpvzjdcigm/Build/Products/Debug-iphoneos/Starscream_Starscream.bundle

Touch /Users/harishvishwakarma/Library/Developer/Xcode/DerivedData/Revolt-dharrjsambcimaaziudpvzjdcigm/Build/Products/Debug-iphoneos/SnapKit_SnapKit.bundle (in target 'SnapKit_SnapKit' from project 'SnapKit')
    cd /Users/harishvishwakarma/Library/Developer/Xcode/DerivedData/Revolt-dharrjsambcimaaziudpvzjdcigm/SourcePackages/checkouts/SnapKit
    /usr/bin/touch -c /Users/harishvishwakarma/Library/Developer/Xcode/DerivedData/Revolt-dharrjsambcimaaziudpvzjdcigm/Build/Products/Debug-iphoneos/SnapKit_SnapKit.bundle

WriteAuxiliaryFile /Users/harishvishwakarma/Library/Developer/Xcode/DerivedData/Revolt-dharrjsambcimaaziudpvzjdcigm/Build/Intermediates.noindex/Revolt.build/Debug-iphoneos/Revolt.build/Revolt.hmap (in target 'Revolt' from project 'Revolt')
    cd /Users/harishvishwakarma/Handy/Archem/pepchat-ios
    write-file /Users/harishvishwakarma/Library/Developer/Xcode/DerivedData/Revolt-dharrjsambcimaaziudpvzjdcigm/Build/Intermediates.noindex/Revolt.build/Debug-iphoneos/Revolt.build/Revolt.hmap

WriteAuxiliaryFile /Users/harishvishwakarma/Library/Developer/Xcode/DerivedData/Revolt-dharrjsambcimaaziudpvzjdcigm/Build/Intermediates.noindex/Revolt.build/Debug-iphoneos/Revolt.build/Revolt.DependencyStaticMetadataFileList (in target 'Revolt' from project 'Revolt')
    cd /Users/harishvishwakarma/Handy/Archem/pepchat-ios
    write-file /Users/harishvishwakarma/Library/Developer/Xcode/DerivedData/Revolt-dharrjsambcimaaziudpvzjdcigm/Build/Intermediates.noindex/Revolt.build/Debug-iphoneos/Revolt.build/Revolt.DependencyStaticMetadataFileList

WriteAuxiliaryFile /Users/harishvishwakarma/Library/Developer/Xcode/DerivedData/Revolt-dharrjsambcimaaziudpvzjdcigm/Build/Intermediates.noindex/Revolt.build/Debug-iphoneos/Revolt.build/Revolt.DependencyMetadataFileList (in target 'Revolt' from project 'Revolt')
    cd /Users/harishvishwakarma/Handy/Archem/pepchat-ios
    write-file /Users/harishvishwakarma/Library/Developer/Xcode/DerivedData/Revolt-dharrjsambcimaaziudpvzjdcigm/Build/Intermediates.noindex/Revolt.build/Debug-iphoneos/Revolt.build/Revolt.DependencyMetadataFileList

WriteAuxiliaryFile /Users/harishvishwakarma/Library/Developer/Xcode/DerivedData/Revolt-dharrjsambcimaaziudpvzjdcigm/Build/Intermediates.noindex/Revolt.build/Debug-iphoneos/Revolt.build/Revolt-project-headers.hmap (in target 'Revolt' from project 'Revolt')
    cd /Users/harishvishwakarma/Handy/Archem/pepchat-ios
    write-file /Users/harishvishwakarma/Library/Developer/Xcode/DerivedData/Revolt-dharrjsambcimaaziudpvzjdcigm/Build/Intermediates.noindex/Revolt.build/Debug-iphoneos/Revolt.build/Revolt-project-headers.hmap

WriteAuxiliaryFile /Users/harishvishwakarma/Library/Developer/Xcode/DerivedData/Revolt-dharrjsambcimaaziudpvzjdcigm/Build/Intermediates.noindex/Revolt.build/Debug-iphoneos/Revolt.build/Revolt-own-target-headers.hmap (in target 'Revolt' from project 'Revolt')
    cd /Users/harishvishwakarma/Handy/Archem/pepchat-ios
    write-file /Users/harishvishwakarma/Library/Developer/Xcode/DerivedData/Revolt-dharrjsambcimaaziudpvzjdcigm/Build/Intermediates.noindex/Revolt.build/Debug-iphoneos/Revolt.build/Revolt-own-target-headers.hmap

WriteAuxiliaryFile /Users/harishvishwakarma/Library/Developer/Xcode/DerivedData/Revolt-dharrjsambcimaaziudpvzjdcigm/Build/Intermediates.noindex/Revolt.build/Debug-iphoneos/Revolt.build/Revolt-generated-files.hmap (in target 'Revolt' from project 'Revolt')
    cd /Users/harishvishwakarma/Handy/Archem/pepchat-ios
    write-file /Users/harishvishwakarma/Library/Developer/Xcode/DerivedData/Revolt-dharrjsambcimaaziudpvzjdcigm/Build/Intermediates.noindex/Revolt.build/Debug-iphoneos/Revolt.build/Revolt-generated-files.hmap

WriteAuxiliaryFile /Users/harishvishwakarma/Library/Developer/Xcode/DerivedData/Revolt-dharrjsambcimaaziudpvzjdcigm/Build/Intermediates.noindex/Revolt.build/Debug-iphoneos/Revolt.build/Revolt-all-target-headers.hmap (in target 'Revolt' from project 'Revolt')
    cd /Users/harishvishwakarma/Handy/Archem/pepchat-ios
    write-file /Users/harishvishwakarma/Library/Developer/Xcode/DerivedData/Revolt-dharrjsambcimaaziudpvzjdcigm/Build/Intermediates.noindex/Revolt.build/Debug-iphoneos/Revolt.build/Revolt-all-target-headers.hmap

WriteAuxiliaryFile /Users/harishvishwakarma/Library/Developer/Xcode/DerivedData/Revolt-dharrjsambcimaaziudpvzjdcigm/Build/Intermediates.noindex/Revolt.build/Debug-iphoneos/Revolt.build/Revolt-all-non-framework-target-headers.hmap (in target 'Revolt' from project 'Revolt')
    cd /Users/harishvishwakarma/Handy/Archem/pepchat-ios
    write-file /Users/harishvishwakarma/Library/Developer/Xcode/DerivedData/Revolt-dharrjsambcimaaziudpvzjdcigm/Build/Intermediates.noindex/Revolt.build/Debug-iphoneos/Revolt.build/Revolt-all-non-framework-target-headers.hmap

WriteAuxiliaryFile /Users/harishvishwakarma/Library/Developer/Xcode/DerivedData/Revolt-dharrjsambcimaaziudpvzjdcigm/Build/Intermediates.noindex/Revolt.build/Debug-iphoneos/Revolt.build/Revolt-DebugDylibPath-normal-arm64.txt (in target 'Revolt' from project 'Revolt')
    cd /Users/harishvishwakarma/Handy/Archem/pepchat-ios
    write-file /Users/harishvishwakarma/Library/Developer/Xcode/DerivedData/Revolt-dharrjsambcimaaziudpvzjdcigm/Build/Intermediates.noindex/Revolt.build/Debug-iphoneos/Revolt.build/Revolt-DebugDylibPath-normal-arm64.txt

WriteAuxiliaryFile /Users/harishvishwakarma/Library/Developer/Xcode/DerivedData/Revolt-dharrjsambcimaaziudpvzjdcigm/Build/Intermediates.noindex/Revolt.build/Debug-iphoneos/Revolt.build/Revolt-DebugDylibInstallName-normal-arm64.txt (in target 'Revolt' from project 'Revolt')
    cd /Users/harishvishwakarma/Handy/Archem/pepchat-ios
    write-file /Users/harishvishwakarma/Library/Developer/Xcode/DerivedData/Revolt-dharrjsambcimaaziudpvzjdcigm/Build/Intermediates.noindex/Revolt.build/Debug-iphoneos/Revolt.build/Revolt-DebugDylibInstallName-normal-arm64.txt

WriteAuxiliaryFile /Users/harishvishwakarma/Library/Developer/Xcode/DerivedData/Revolt-dharrjsambcimaaziudpvzjdcigm/Build/Intermediates.noindex/Revolt.build/Debug-iphoneos/Revolt.build/Objects-normal/arm64/Revolt_const_extract_protocols.json (in target 'Revolt' from project 'Revolt')
    cd /Users/harishvishwakarma/Handy/Archem/pepchat-ios
    write-file /Users/harishvishwakarma/Library/Developer/Xcode/DerivedData/Revolt-dharrjsambcimaaziudpvzjdcigm/Build/Intermediates.noindex/Revolt.build/Debug-iphoneos/Revolt.build/Objects-normal/arm64/Revolt_const_extract_protocols.json

WriteAuxiliaryFile /Users/harishvishwakarma/Library/Developer/Xcode/DerivedData/Revolt-dharrjsambcimaaziudpvzjdcigm/Build/Intermediates.noindex/Revolt.build/Debug-iphoneos/Revolt.build/Objects-normal/arm64/Revolt.SwiftFileList (in target 'Revolt' from project 'Revolt')
    cd /Users/harishvishwakarma/Handy/Archem/pepchat-ios
    write-file /Users/harishvishwakarma/Library/Developer/Xcode/DerivedData/Revolt-dharrjsambcimaaziudpvzjdcigm/Build/Intermediates.noindex/Revolt.build/Debug-iphoneos/Revolt.build/Objects-normal/arm64/Revolt.SwiftFileList

WriteAuxiliaryFile /Users/harishvishwakarma/Library/Developer/Xcode/DerivedData/Revolt-dharrjsambcimaaziudpvzjdcigm/Build/Intermediates.noindex/Revolt.build/Debug-iphoneos/Revolt.build/Objects-normal/arm64/Revolt.SwiftConstValuesFileList (in target 'Revolt' from project 'Revolt')
    cd /Users/harishvishwakarma/Handy/Archem/pepchat-ios
    write-file /Users/harishvishwakarma/Library/Developer/Xcode/DerivedData/Revolt-dharrjsambcimaaziudpvzjdcigm/Build/Intermediates.noindex/Revolt.build/Debug-iphoneos/Revolt.build/Objects-normal/arm64/Revolt.SwiftConstValuesFileList

WriteAuxiliaryFile /Users/harishvishwakarma/Library/Developer/Xcode/DerivedData/Revolt-dharrjsambcimaaziudpvzjdcigm/Build/Intermediates.noindex/Revolt.build/Debug-iphoneos/Revolt.build/Objects-normal/arm64/Revolt.LinkFileList (in target 'Revolt' from project 'Revolt')
    cd /Users/harishvishwakarma/Handy/Archem/pepchat-ios
    write-file /Users/harishvishwakarma/Library/Developer/Xcode/DerivedData/Revolt-dharrjsambcimaaziudpvzjdcigm/Build/Intermediates.noindex/Revolt.build/Debug-iphoneos/Revolt.build/Objects-normal/arm64/Revolt.LinkFileList

WriteAuxiliaryFile /Users/harishvishwakarma/Library/Developer/Xcode/DerivedData/Revolt-dharrjsambcimaaziudpvzjdcigm/Build/Intermediates.noindex/Revolt.build/Debug-iphoneos/Revolt.build/Objects-normal/arm64/Revolt-OutputFileMap.json (in target 'Revolt' from project 'Revolt')
    cd /Users/harishvishwakarma/Handy/Archem/pepchat-ios
    write-file /Users/harishvishwakarma/Library/Developer/Xcode/DerivedData/Revolt-dharrjsambcimaaziudpvzjdcigm/Build/Intermediates.noindex/Revolt.build/Debug-iphoneos/Revolt.build/Objects-normal/arm64/Revolt-OutputFileMap.json

WriteAuxiliaryFile /Users/harishvishwakarma/Library/Developer/Xcode/DerivedData/Revolt-dharrjsambcimaaziudpvzjdcigm/Build/Intermediates.noindex/Revolt.build/Debug-iphoneos/Revolt.build/DerivedSources/Entitlements.plist (in target 'Revolt' from project 'Revolt')
    cd /Users/harishvishwakarma/Handy/Archem/pepchat-ios
    write-file /Users/harishvishwakarma/Library/Developer/Xcode/DerivedData/Revolt-dharrjsambcimaaziudpvzjdcigm/Build/Intermediates.noindex/Revolt.build/Debug-iphoneos/Revolt.build/DerivedSources/Entitlements.plist

MkDir /Users/harishvishwakarma/Library/Developer/Xcode/DerivedData/Revolt-dharrjsambcimaaziudpvzjdcigm/Build/Products/Debug-iphoneos/Revolt.app (in target 'Revolt' from project 'Revolt')
    cd /Users/harishvishwakarma/Handy/Archem/pepchat-ios
    /bin/mkdir -p /Users/harishvishwakarma/Library/Developer/Xcode/DerivedData/Revolt-dharrjsambcimaaziudpvzjdcigm/Build/Products/Debug-iphoneos/Revolt.app

MkDir /Users/harishvishwakarma/Library/Developer/Xcode/DerivedData/Revolt-dharrjsambcimaaziudpvzjdcigm/Build/Products/Debug-iphoneos/Revolt.app/Frameworks (in target 'Revolt' from project 'Revolt')
    cd /Users/harishvishwakarma/Handy/Archem/pepchat-ios
    /bin/mkdir -p /Users/harishvishwakarma/Library/Developer/Xcode/DerivedData/Revolt-dharrjsambcimaaziudpvzjdcigm/Build/Products/Debug-iphoneos/Revolt.app/Frameworks

Touch /Users/harishvishwakarma/Library/Developer/Xcode/DerivedData/Revolt-dharrjsambcimaaziudpvzjdcigm/Build/Products/Debug-iphoneos/Kingfisher_Kingfisher.bundle (in target 'Kingfisher_Kingfisher' from project 'Kingfisher')
    cd /Users/harishvishwakarma/Library/Developer/Xcode/DerivedData/Revolt-dharrjsambcimaaziudpvzjdcigm/SourcePackages/checkouts/Kingfisher
    /usr/bin/touch -c /Users/harishvishwakarma/Library/Developer/Xcode/DerivedData/Revolt-dharrjsambcimaaziudpvzjdcigm/Build/Products/Debug-iphoneos/Kingfisher_Kingfisher.bundle

Touch /Users/harishvishwakarma/Library/Developer/Xcode/DerivedData/Revolt-dharrjsambcimaaziudpvzjdcigm/Build/Products/Debug-iphoneos/Highlightr_Highlightr.bundle (in target 'Highlightr_Highlightr' from project 'Highlightr')
    cd /Users/harishvishwakarma/Library/Developer/Xcode/DerivedData/Revolt-dharrjsambcimaaziudpvzjdcigm/SourcePackages/checkouts/Highlightr
    /usr/bin/touch -c /Users/harishvishwakarma/Library/Developer/Xcode/DerivedData/Revolt-dharrjsambcimaaziudpvzjdcigm/Build/Products/Debug-iphoneos/Highlightr_Highlightr.bundle

Touch /Users/harishvishwakarma/Library/Developer/Xcode/DerivedData/Revolt-dharrjsambcimaaziudpvzjdcigm/Build/Products/Debug-iphoneos/HCaptcha_HCaptcha.bundle (in target 'HCaptcha_HCaptcha' from project 'HCaptcha')
    cd /Users/harishvishwakarma/Library/Developer/Xcode/DerivedData/Revolt-dharrjsambcimaaziudpvzjdcigm/SourcePackages/checkouts/HCaptcha-ios-sdk
    /usr/bin/touch -c /Users/harishvishwakarma/Library/Developer/Xcode/DerivedData/Revolt-dharrjsambcimaaziudpvzjdcigm/Build/Products/Debug-iphoneos/HCaptcha_HCaptcha.bundle

Touch /Users/harishvishwakarma/Library/Developer/Xcode/DerivedData/Revolt-dharrjsambcimaaziudpvzjdcigm/Build/Products/Debug-iphoneos/Down_Down.bundle (in target 'Down_Down' from project 'Down')
    cd /Users/harishvishwakarma/Library/Developer/Xcode/DerivedData/Revolt-dharrjsambcimaaziudpvzjdcigm/SourcePackages/checkouts/Down
    /usr/bin/touch -c /Users/harishvishwakarma/Library/Developer/Xcode/DerivedData/Revolt-dharrjsambcimaaziudpvzjdcigm/Build/Products/Debug-iphoneos/Down_Down.bundle

Touch /Users/harishvishwakarma/Library/Developer/Xcode/DerivedData/Revolt-dharrjsambcimaaziudpvzjdcigm/Build/Products/Debug-iphoneos/Alamofire_Alamofire.bundle (in target 'Alamofire_Alamofire' from project 'Alamofire')
    cd /Users/harishvishwakarma/Library/Developer/Xcode/DerivedData/Revolt-dharrjsambcimaaziudpvzjdcigm/SourcePackages/checkouts/Alamofire
    /usr/bin/touch -c /Users/harishvishwakarma/Library/Developer/Xcode/DerivedData/Revolt-dharrjsambcimaaziudpvzjdcigm/Build/Products/Debug-iphoneos/Alamofire_Alamofire.bundle

ScanDependencies /Users/harishvishwakarma/Library/Developer/Xcode/DerivedData/Revolt-dharrjsambcimaaziudpvzjdcigm/Build/Intermediates.noindex/Down.build/Debug-iphoneos/libcmark.build/Objects-normal/arm64/scanners.o /Users/harishvishwakarma/Library/Developer/Xcode/DerivedData/Revolt-dharrjsambcimaaziudpvzjdcigm/SourcePackages/checkouts/Down/Sources/cmark/scanners.c normal arm64 c com.apple.compilers.llvm.clang.1_0.compiler (in target 'libcmark' from project 'Down')
    cd /Users/harishvishwakarma/Handy/Archem/pepchat-ios/Revolt.xcodeproj
    
    Using response file: /Users/harishvishwakarma/Library/Developer/Xcode/DerivedData/Revolt-dharrjsambcimaaziudpvzjdcigm/Build/Intermediates.noindex/Down.build/Debug-iphoneos/libcmark.build/Objects-normal/arm64/7187679823f38a2a940e0043cdf9d637-common-args.resp
    
    builtin-ScanDependencies -o /Users/harishvishwakarma/Library/Developer/Xcode/DerivedData/Revolt-dharrjsambcimaaziudpvzjdcigm/Build/Intermediates.noindex/Down.build/Debug-iphoneos/libcmark.build/Objects-normal/arm64/scanners.o.scan -- /Applications/Xcode.app/Contents/Developer/Toolchains/XcodeDefault.xctoolchain/usr/bin/clang -x c -ivfsstatcache /Users/harishvishwakarma/Library/Developer/Xcode/DerivedData/SDKStatCaches.noindex/iphoneos18.5-22F76-7fa4eea80a99bbfdc046826b63ec4baf.sdkstatcache -fmessage-length\=0 -fdiagnostics-show-note-include-stack -fmacro-backtrace-limit\=0 -fno-color-diagnostics -fmodules-prune-interval\=86400 -fmodules-prune-after\=345600 -fbuild-session-file\=/Users/harishvishwakarma/Library/Developer/Xcode/DerivedData/ModuleCache.noindex/Session.modulevalidation -fmodules-validate-once-per-build-session -Wnon-modular-include-in-framework-module -Werror\=non-modular-include-in-framework-module -Wno-trigraphs -Wno-missing-field-initializers -Wno-missing-prototypes -Wno-return-type -Wno-missing-braces -Wparentheses -Wswitch -Wno-unused-function -Wno-unused-label -Wno-unused-parameter -Wno-unused-variable -Wunused-value -Wno-empty-body -Wno-uninitialized -Wno-unknown-pragmas -w -Wno-shadow -Wno-four-char-constants -Wno-conversion -Wno-constant-conversion -Wno-int-conversion -Wno-bool-conversion -Wno-enum-conversion -Wno-float-conversion -Wno-non-literal-null-conversion -Wno-objc-literal-conversion -Wshorten-64-to-32 -Wpointer-sign -Wno-newline-eof -Wno-implicit-fallthrough -fstrict-aliasing -Wdeprecated-declarations -Wno-sign-conversion -Wno-infinite-recursion -Wno-comma -Wno-block-capture-autoreleasing -Wno-strict-prototypes -Wno-semicolon-before-method-body -index-store-path /Users/harishvishwakarma/Library/Developer/Xcode/DerivedData/Revolt-dharrjsambcimaaziudpvzjdcigm/Index.noindex/DataStore @/Users/harishvishwakarma/Library/Developer/Xcode/DerivedData/Revolt-dharrjsambcimaaziudpvzjdcigm/Build/Intermediates.noindex/Down.build/Debug-iphoneos/libcmark.build/Objects-normal/arm64/7187679823f38a2a940e0043cdf9d637-common-args.resp -MMD -MT dependencies -MF /Users/harishvishwakarma/Library/Developer/Xcode/DerivedData/Revolt-dharrjsambcimaaziudpvzjdcigm/Build/Intermediates.noindex/Down.build/Debug-iphoneos/libcmark.build/Objects-normal/arm64/scanners.d --serialize-diagnostics /Users/harishvishwakarma/Library/Developer/Xcode/DerivedData/Revolt-dharrjsambcimaaziudpvzjdcigm/Build/Intermediates.noindex/Down.build/Debug-iphoneos/libcmark.build/Objects-normal/arm64/scanners.dia -c /Users/harishvishwakarma/Library/Developer/Xcode/DerivedData/Revolt-dharrjsambcimaaziudpvzjdcigm/SourcePackages/checkouts/Down/Sources/cmark/scanners.c -o /Users/harishvishwakarma/Library/Developer/Xcode/DerivedData/Revolt-dharrjsambcimaaziudpvzjdcigm/Build/Intermediates.noindex/Down.build/Debug-iphoneos/libcmark.build/Objects-normal/arm64/scanners.o -index-unit-output-path /Down.build/Debug-iphoneos/libcmark.build/Objects-normal/arm64/scanners.o

ScanDependencies /Users/harishvishwakarma/Library/Developer/Xcode/DerivedData/Revolt-dharrjsambcimaaziudpvzjdcigm/Build/Intermediates.noindex/Down.build/Debug-iphoneos/libcmark.build/Objects-normal/arm64/render.o /Users/harishvishwakarma/Library/Developer/Xcode/DerivedData/Revolt-dharrjsambcimaaziudpvzjdcigm/SourcePackages/checkouts/Down/Sources/cmark/render.c normal arm64 c com.apple.compilers.llvm.clang.1_0.compiler (in target 'libcmark' from project 'Down')
    cd /Users/harishvishwakarma/Handy/Archem/pepchat-ios/Revolt.xcodeproj
    
    Using response file: /Users/harishvishwakarma/Library/Developer/Xcode/DerivedData/Revolt-dharrjsambcimaaziudpvzjdcigm/Build/Intermediates.noindex/Down.build/Debug-iphoneos/libcmark.build/Objects-normal/arm64/7187679823f38a2a940e0043cdf9d637-common-args.resp
    
    builtin-ScanDependencies -o /Users/harishvishwakarma/Library/Developer/Xcode/DerivedData/Revolt-dharrjsambcimaaziudpvzjdcigm/Build/Intermediates.noindex/Down.build/Debug-iphoneos/libcmark.build/Objects-normal/arm64/render.o.scan -- /Applications/Xcode.app/Contents/Developer/Toolchains/XcodeDefault.xctoolchain/usr/bin/clang -x c -ivfsstatcache /Users/harishvishwakarma/Library/Developer/Xcode/DerivedData/SDKStatCaches.noindex/iphoneos18.5-22F76-7fa4eea80a99bbfdc046826b63ec4baf.sdkstatcache -fmessage-length\=0 -fdiagnostics-show-note-include-stack -fmacro-backtrace-limit\=0 -fno-color-diagnostics -fmodules-prune-interval\=86400 -fmodules-prune-after\=345600 -fbuild-session-file\=/Users/harishvishwakarma/Library/Developer/Xcode/DerivedData/ModuleCache.noindex/Session.modulevalidation -fmodules-validate-once-per-build-session -Wnon-modular-include-in-framework-module -Werror\=non-modular-include-in-framework-module -Wno-trigraphs -Wno-missing-field-initializers -Wno-missing-prototypes -Wno-return-type -Wno-missing-braces -Wparentheses -Wswitch -Wno-unused-function -Wno-unused-label -Wno-unused-parameter -Wno-unused-variable -Wunused-value -Wno-empty-body -Wno-uninitialized -Wno-unknown-pragmas -w -Wno-shadow -Wno-four-char-constants -Wno-conversion -Wno-constant-conversion -Wno-int-conversion -Wno-bool-conversion -Wno-enum-conversion -Wno-float-conversion -Wno-non-literal-null-conversion -Wno-objc-literal-conversion -Wshorten-64-to-32 -Wpointer-sign -Wno-newline-eof -Wno-implicit-fallthrough -fstrict-aliasing -Wdeprecated-declarations -Wno-sign-conversion -Wno-infinite-recursion -Wno-comma -Wno-block-capture-autoreleasing -Wno-strict-prototypes -Wno-semicolon-before-method-body -index-store-path /Users/harishvishwakarma/Library/Developer/Xcode/DerivedData/Revolt-dharrjsambcimaaziudpvzjdcigm/Index.noindex/DataStore @/Users/harishvishwakarma/Library/Developer/Xcode/DerivedData/Revolt-dharrjsambcimaaziudpvzjdcigm/Build/Intermediates.noindex/Down.build/Debug-iphoneos/libcmark.build/Objects-normal/arm64/7187679823f38a2a940e0043cdf9d637-common-args.resp -MMD -MT dependencies -MF /Users/harishvishwakarma/Library/Developer/Xcode/DerivedData/Revolt-dharrjsambcimaaziudpvzjdcigm/Build/Intermediates.noindex/Down.build/Debug-iphoneos/libcmark.build/Objects-normal/arm64/render.d --serialize-diagnostics /Users/harishvishwakarma/Library/Developer/Xcode/DerivedData/Revolt-dharrjsambcimaaziudpvzjdcigm/Build/Intermediates.noindex/Down.build/Debug-iphoneos/libcmark.build/Objects-normal/arm64/render.dia -c /Users/harishvishwakarma/Library/Developer/Xcode/DerivedData/Revolt-dharrjsambcimaaziudpvzjdcigm/SourcePackages/checkouts/Down/Sources/cmark/render.c -o /Users/harishvishwakarma/Library/Developer/Xcode/DerivedData/Revolt-dharrjsambcimaaziudpvzjdcigm/Build/Intermediates.noindex/Down.build/Debug-iphoneos/libcmark.build/Objects-normal/arm64/render.o -index-unit-output-path /Down.build/Debug-iphoneos/libcmark.build/Objects-normal/arm64/render.o

ScanDependencies /Users/harishvishwakarma/Library/Developer/Xcode/DerivedData/Revolt-dharrjsambcimaaziudpvzjdcigm/Build/Intermediates.noindex/Down.build/Debug-iphoneos/libcmark.build/Objects-normal/arm64/xml.o /Users/harishvishwakarma/Library/Developer/Xcode/DerivedData/Revolt-dharrjsambcimaaziudpvzjdcigm/SourcePackages/checkouts/Down/Sources/cmark/xml.c normal arm64 c com.apple.compilers.llvm.clang.1_0.compiler (in target 'libcmark' from project 'Down')
    cd /Users/harishvishwakarma/Handy/Archem/pepchat-ios/Revolt.xcodeproj
    
    Using response file: /Users/harishvishwakarma/Library/Developer/Xcode/DerivedData/Revolt-dharrjsambcimaaziudpvzjdcigm/Build/Intermediates.noindex/Down.build/Debug-iphoneos/libcmark.build/Objects-normal/arm64/7187679823f38a2a940e0043cdf9d637-common-args.resp
    
    builtin-ScanDependencies -o /Users/harishvishwakarma/Library/Developer/Xcode/DerivedData/Revolt-dharrjsambcimaaziudpvzjdcigm/Build/Intermediates.noindex/Down.build/Debug-iphoneos/libcmark.build/Objects-normal/arm64/xml.o.scan -- /Applications/Xcode.app/Contents/Developer/Toolchains/XcodeDefault.xctoolchain/usr/bin/clang -x c -ivfsstatcache /Users/harishvishwakarma/Library/Developer/Xcode/DerivedData/SDKStatCaches.noindex/iphoneos18.5-22F76-7fa4eea80a99bbfdc046826b63ec4baf.sdkstatcache -fmessage-length\=0 -fdiagnostics-show-note-include-stack -fmacro-backtrace-limit\=0 -fno-color-diagnostics -fmodules-prune-interval\=86400 -fmodules-prune-after\=345600 -fbuild-session-file\=/Users/harishvishwakarma/Library/Developer/Xcode/DerivedData/ModuleCache.noindex/Session.modulevalidation -fmodules-validate-once-per-build-session -Wnon-modular-include-in-framework-module -Werror\=non-modular-include-in-framework-module -Wno-trigraphs -Wno-missing-field-initializers -Wno-missing-prototypes -Wno-return-type -Wno-missing-braces -Wparentheses -Wswitch -Wno-unused-function -Wno-unused-label -Wno-unused-parameter -Wno-unused-variable -Wunused-value -Wno-empty-body -Wno-uninitialized -Wno-unknown-pragmas -w -Wno-shadow -Wno-four-char-constants -Wno-conversion -Wno-constant-conversion -Wno-int-conversion -Wno-bool-conversion -Wno-enum-conversion -Wno-float-conversion -Wno-non-literal-null-conversion -Wno-objc-literal-conversion -Wshorten-64-to-32 -Wpointer-sign -Wno-newline-eof -Wno-implicit-fallthrough -fstrict-aliasing -Wdeprecated-declarations -Wno-sign-conversion -Wno-infinite-recursion -Wno-comma -Wno-block-capture-autoreleasing -Wno-strict-prototypes -Wno-semicolon-before-method-body -index-store-path /Users/harishvishwakarma/Library/Developer/Xcode/DerivedData/Revolt-dharrjsambcimaaziudpvzjdcigm/Index.noindex/DataStore @/Users/harishvishwakarma/Library/Developer/Xcode/DerivedData/Revolt-dharrjsambcimaaziudpvzjdcigm/Build/Intermediates.noindex/Down.build/Debug-iphoneos/libcmark.build/Objects-normal/arm64/7187679823f38a2a940e0043cdf9d637-common-args.resp -MMD -MT dependencies -MF /Users/harishvishwakarma/Library/Developer/Xcode/DerivedData/Revolt-dharrjsambcimaaziudpvzjdcigm/Build/Intermediates.noindex/Down.build/Debug-iphoneos/libcmark.build/Objects-normal/arm64/xml.d --serialize-diagnostics /Users/harishvishwakarma/Library/Developer/Xcode/DerivedData/Revolt-dharrjsambcimaaziudpvzjdcigm/Build/Intermediates.noindex/Down.build/Debug-iphoneos/libcmark.build/Objects-normal/arm64/xml.dia -c /Users/harishvishwakarma/Library/Developer/Xcode/DerivedData/Revolt-dharrjsambcimaaziudpvzjdcigm/SourcePackages/checkouts/Down/Sources/cmark/xml.c -o /Users/harishvishwakarma/Library/Developer/Xcode/DerivedData/Revolt-dharrjsambcimaaziudpvzjdcigm/Build/Intermediates.noindex/Down.build/Debug-iphoneos/libcmark.build/Objects-normal/arm64/xml.o -index-unit-output-path /Down.build/Debug-iphoneos/libcmark.build/Objects-normal/arm64/xml.o

ScanDependencies /Users/harishvishwakarma/Library/Developer/Xcode/DerivedData/Revolt-dharrjsambcimaaziudpvzjdcigm/Build/Intermediates.noindex/Down.build/Debug-iphoneos/libcmark.build/Objects-normal/arm64/node.o /Users/harishvishwakarma/Library/Developer/Xcode/DerivedData/Revolt-dharrjsambcimaaziudpvzjdcigm/SourcePackages/checkouts/Down/Sources/cmark/node.c normal arm64 c com.apple.compilers.llvm.clang.1_0.compiler (in target 'libcmark' from project 'Down')
    cd /Users/harishvishwakarma/Handy/Archem/pepchat-ios/Revolt.xcodeproj
    
    Using response file: /Users/harishvishwakarma/Library/Developer/Xcode/DerivedData/Revolt-dharrjsambcimaaziudpvzjdcigm/Build/Intermediates.noindex/Down.build/Debug-iphoneos/libcmark.build/Objects-normal/arm64/7187679823f38a2a940e0043cdf9d637-common-args.resp
    
    builtin-ScanDependencies -o /Users/harishvishwakarma/Library/Developer/Xcode/DerivedData/Revolt-dharrjsambcimaaziudpvzjdcigm/Build/Intermediates.noindex/Down.build/Debug-iphoneos/libcmark.build/Objects-normal/arm64/node.o.scan -- /Applications/Xcode.app/Contents/Developer/Toolchains/XcodeDefault.xctoolchain/usr/bin/clang -x c -ivfsstatcache /Users/harishvishwakarma/Library/Developer/Xcode/DerivedData/SDKStatCaches.noindex/iphoneos18.5-22F76-7fa4eea80a99bbfdc046826b63ec4baf.sdkstatcache -fmessage-length\=0 -fdiagnostics-show-note-include-stack -fmacro-backtrace-limit\=0 -fno-color-diagnostics -fmodules-prune-interval\=86400 -fmodules-prune-after\=345600 -fbuild-session-file\=/Users/harishvishwakarma/Library/Developer/Xcode/DerivedData/ModuleCache.noindex/Session.modulevalidation -fmodules-validate-once-per-build-session -Wnon-modular-include-in-framework-module -Werror\=non-modular-include-in-framework-module -Wno-trigraphs -Wno-missing-field-initializers -Wno-missing-prototypes -Wno-return-type -Wno-missing-braces -Wparentheses -Wswitch -Wno-unused-function -Wno-unused-label -Wno-unused-parameter -Wno-unused-variable -Wunused-value -Wno-empty-body -Wno-uninitialized -Wno-unknown-pragmas -w -Wno-shadow -Wno-four-char-constants -Wno-conversion -Wno-constant-conversion -Wno-int-conversion -Wno-bool-conversion -Wno-enum-conversion -Wno-float-conversion -Wno-non-literal-null-conversion -Wno-objc-literal-conversion -Wshorten-64-to-32 -Wpointer-sign -Wno-newline-eof -Wno-implicit-fallthrough -fstrict-aliasing -Wdeprecated-declarations -Wno-sign-conversion -Wno-infinite-recursion -Wno-comma -Wno-block-capture-autoreleasing -Wno-strict-prototypes -Wno-semicolon-before-method-body -index-store-path /Users/harishvishwakarma/Library/Developer/Xcode/DerivedData/Revolt-dharrjsambcimaaziudpvzjdcigm/Index.noindex/DataStore @/Users/harishvishwakarma/Library/Developer/Xcode/DerivedData/Revolt-dharrjsambcimaaziudpvzjdcigm/Build/Intermediates.noindex/Down.build/Debug-iphoneos/libcmark.build/Objects-normal/arm64/7187679823f38a2a940e0043cdf9d637-common-args.resp -MMD -MT dependencies -MF /Users/harishvishwakarma/Library/Developer/Xcode/DerivedData/Revolt-dharrjsambcimaaziudpvzjdcigm/Build/Intermediates.noindex/Down.build/Debug-iphoneos/libcmark.build/Objects-normal/arm64/node.d --serialize-diagnostics /Users/harishvishwakarma/Library/Developer/Xcode/DerivedData/Revolt-dharrjsambcimaaziudpvzjdcigm/Build/Intermediates.noindex/Down.build/Debug-iphoneos/libcmark.build/Objects-normal/arm64/node.dia -c /Users/harishvishwakarma/Library/Developer/Xcode/DerivedData/Revolt-dharrjsambcimaaziudpvzjdcigm/SourcePackages/checkouts/Down/Sources/cmark/node.c -o /Users/harishvishwakarma/Library/Developer/Xcode/DerivedData/Revolt-dharrjsambcimaaziudpvzjdcigm/Build/Intermediates.noindex/Down.build/Debug-iphoneos/libcmark.build/Objects-normal/arm64/node.o -index-unit-output-path /Down.build/Debug-iphoneos/libcmark.build/Objects-normal/arm64/node.o

ScanDependencies /Users/harishvishwakarma/Library/Developer/Xcode/DerivedData/Revolt-dharrjsambcimaaziudpvzjdcigm/Build/Intermediates.noindex/Down.build/Debug-iphoneos/libcmark.build/Objects-normal/arm64/references.o /Users/harishvishwakarma/Library/Developer/Xcode/DerivedData/Revolt-dharrjsambcimaaziudpvzjdcigm/SourcePackages/checkouts/Down/Sources/cmark/references.c normal arm64 c com.apple.compilers.llvm.clang.1_0.compiler (in target 'libcmark' from project 'Down')
    cd /Users/harishvishwakarma/Handy/Archem/pepchat-ios/Revolt.xcodeproj
    
    Using response file: /Users/harishvishwakarma/Library/Developer/Xcode/DerivedData/Revolt-dharrjsambcimaaziudpvzjdcigm/Build/Intermediates.noindex/Down.build/Debug-iphoneos/libcmark.build/Objects-normal/arm64/7187679823f38a2a940e0043cdf9d637-common-args.resp
    
    builtin-ScanDependencies -o /Users/harishvishwakarma/Library/Developer/Xcode/DerivedData/Revolt-dharrjsambcimaaziudpvzjdcigm/Build/Intermediates.noindex/Down.build/Debug-iphoneos/libcmark.build/Objects-normal/arm64/references.o.scan -- /Applications/Xcode.app/Contents/Developer/Toolchains/XcodeDefault.xctoolchain/usr/bin/clang -x c -ivfsstatcache /Users/harishvishwakarma/Library/Developer/Xcode/DerivedData/SDKStatCaches.noindex/iphoneos18.5-22F76-7fa4eea80a99bbfdc046826b63ec4baf.sdkstatcache -fmessage-length\=0 -fdiagnostics-show-note-include-stack -fmacro-backtrace-limit\=0 -fno-color-diagnostics -fmodules-prune-interval\=86400 -fmodules-prune-after\=345600 -fbuild-session-file\=/Users/harishvishwakarma/Library/Developer/Xcode/DerivedData/ModuleCache.noindex/Session.modulevalidation -fmodules-validate-once-per-build-session -Wnon-modular-include-in-framework-module -Werror\=non-modular-include-in-framework-module -Wno-trigraphs -Wno-missing-field-initializers -Wno-missing-prototypes -Wno-return-type -Wno-missing-braces -Wparentheses -Wswitch -Wno-unused-function -Wno-unused-label -Wno-unused-parameter -Wno-unused-variable -Wunused-value -Wno-empty-body -Wno-uninitialized -Wno-unknown-pragmas -w -Wno-shadow -Wno-four-char-constants -Wno-conversion -Wno-constant-conversion -Wno-int-conversion -Wno-bool-conversion -Wno-enum-conversion -Wno-float-conversion -Wno-non-literal-null-conversion -Wno-objc-literal-conversion -Wshorten-64-to-32 -Wpointer-sign -Wno-newline-eof -Wno-implicit-fallthrough -fstrict-aliasing -Wdeprecated-declarations -Wno-sign-conversion -Wno-infinite-recursion -Wno-comma -Wno-block-capture-autoreleasing -Wno-strict-prototypes -Wno-semicolon-before-method-body -index-store-path /Users/harishvishwakarma/Library/Developer/Xcode/DerivedData/Revolt-dharrjsambcimaaziudpvzjdcigm/Index.noindex/DataStore @/Users/harishvishwakarma/Library/Developer/Xcode/DerivedData/Revolt-dharrjsambcimaaziudpvzjdcigm/Build/Intermediates.noindex/Down.build/Debug-iphoneos/libcmark.build/Objects-normal/arm64/7187679823f38a2a940e0043cdf9d637-common-args.resp -MMD -MT dependencies -MF /Users/harishvishwakarma/Library/Developer/Xcode/DerivedData/Revolt-dharrjsambcimaaziudpvzjdcigm/Build/Intermediates.noindex/Down.build/Debug-iphoneos/libcmark.build/Objects-normal/arm64/references.d --serialize-diagnostics /Users/harishvishwakarma/Library/Developer/Xcode/DerivedData/Revolt-dharrjsambcimaaziudpvzjdcigm/Build/Intermediates.noindex/Down.build/Debug-iphoneos/libcmark.build/Objects-normal/arm64/references.dia -c /Users/harishvishwakarma/Library/Developer/Xcode/DerivedData/Revolt-dharrjsambcimaaziudpvzjdcigm/SourcePackages/checkouts/Down/Sources/cmark/references.c -o /Users/harishvishwakarma/Library/Developer/Xcode/DerivedData/Revolt-dharrjsambcimaaziudpvzjdcigm/Build/Intermediates.noindex/Down.build/Debug-iphoneos/libcmark.build/Objects-normal/arm64/references.o -index-unit-output-path /Down.build/Debug-iphoneos/libcmark.build/Objects-normal/arm64/references.o

ScanDependencies /Users/harishvishwakarma/Library/Developer/Xcode/DerivedData/Revolt-dharrjsambcimaaziudpvzjdcigm/Build/Intermediates.noindex/Down.build/Debug-iphoneos/libcmark.build/Objects-normal/arm64/man.o /Users/harishvishwakarma/Library/Developer/Xcode/DerivedData/Revolt-dharrjsambcimaaziudpvzjdcigm/SourcePackages/checkouts/Down/Sources/cmark/man.c normal arm64 c com.apple.compilers.llvm.clang.1_0.compiler (in target 'libcmark' from project 'Down')
    cd /Users/harishvishwakarma/Handy/Archem/pepchat-ios/Revolt.xcodeproj
    
    Using response file: /Users/harishvishwakarma/Library/Developer/Xcode/DerivedData/Revolt-dharrjsambcimaaziudpvzjdcigm/Build/Intermediates.noindex/Down.build/Debug-iphoneos/libcmark.build/Objects-normal/arm64/7187679823f38a2a940e0043cdf9d637-common-args.resp
    
    builtin-ScanDependencies -o /Users/harishvishwakarma/Library/Developer/Xcode/DerivedData/Revolt-dharrjsambcimaaziudpvzjdcigm/Build/Intermediates.noindex/Down.build/Debug-iphoneos/libcmark.build/Objects-normal/arm64/man.o.scan -- /Applications/Xcode.app/Contents/Developer/Toolchains/XcodeDefault.xctoolchain/usr/bin/clang -x c -ivfsstatcache /Users/harishvishwakarma/Library/Developer/Xcode/DerivedData/SDKStatCaches.noindex/iphoneos18.5-22F76-7fa4eea80a99bbfdc046826b63ec4baf.sdkstatcache -fmessage-length\=0 -fdiagnostics-show-note-include-stack -fmacro-backtrace-limit\=0 -fno-color-diagnostics -fmodules-prune-interval\=86400 -fmodules-prune-after\=345600 -fbuild-session-file\=/Users/harishvishwakarma/Library/Developer/Xcode/DerivedData/ModuleCache.noindex/Session.modulevalidation -fmodules-validate-once-per-build-session -Wnon-modular-include-in-framework-module -Werror\=non-modular-include-in-framework-module -Wno-trigraphs -Wno-missing-field-initializers -Wno-missing-prototypes -Wno-return-type -Wno-missing-braces -Wparentheses -Wswitch -Wno-unused-function -Wno-unused-label -Wno-unused-parameter -Wno-unused-variable -Wunused-value -Wno-empty-body -Wno-uninitialized -Wno-unknown-pragmas -w -Wno-shadow -Wno-four-char-constants -Wno-conversion -Wno-constant-conversion -Wno-int-conversion -Wno-bool-conversion -Wno-enum-conversion -Wno-float-conversion -Wno-non-literal-null-conversion -Wno-objc-literal-conversion -Wshorten-64-to-32 -Wpointer-sign -Wno-newline-eof -Wno-implicit-fallthrough -fstrict-aliasing -Wdeprecated-declarations -Wno-sign-conversion -Wno-infinite-recursion -Wno-comma -Wno-block-capture-autoreleasing -Wno-strict-prototypes -Wno-semicolon-before-method-body -index-store-path /Users/harishvishwakarma/Library/Developer/Xcode/DerivedData/Revolt-dharrjsambcimaaziudpvzjdcigm/Index.noindex/DataStore @/Users/harishvishwakarma/Library/Developer/Xcode/DerivedData/Revolt-dharrjsambcimaaziudpvzjdcigm/Build/Intermediates.noindex/Down.build/Debug-iphoneos/libcmark.build/Objects-normal/arm64/7187679823f38a2a940e0043cdf9d637-common-args.resp -MMD -MT dependencies -MF /Users/harishvishwakarma/Library/Developer/Xcode/DerivedData/Revolt-dharrjsambcimaaziudpvzjdcigm/Build/Intermediates.noindex/Down.build/Debug-iphoneos/libcmark.build/Objects-normal/arm64/man.d --serialize-diagnostics /Users/harishvishwakarma/Library/Developer/Xcode/DerivedData/Revolt-dharrjsambcimaaziudpvzjdcigm/Build/Intermediates.noindex/Down.build/Debug-iphoneos/libcmark.build/Objects-normal/arm64/man.dia -c /Users/harishvishwakarma/Library/Developer/Xcode/DerivedData/Revolt-dharrjsambcimaaziudpvzjdcigm/SourcePackages/checkouts/Down/Sources/cmark/man.c -o /Users/harishvishwakarma/Library/Developer/Xcode/DerivedData/Revolt-dharrjsambcimaaziudpvzjdcigm/Build/Intermediates.noindex/Down.build/Debug-iphoneos/libcmark.build/Objects-normal/arm64/man.o -index-unit-output-path /Down.build/Debug-iphoneos/libcmark.build/Objects-normal/arm64/man.o

ScanDependencies /Users/harishvishwakarma/Library/Developer/Xcode/DerivedData/Revolt-dharrjsambcimaaziudpvzjdcigm/Build/Intermediates.noindex/Down.build/Debug-iphoneos/libcmark.build/Objects-normal/arm64/latex.o /Users/harishvishwakarma/Library/Developer/Xcode/DerivedData/Revolt-dharrjsambcimaaziudpvzjdcigm/SourcePackages/checkouts/Down/Sources/cmark/latex.c normal arm64 c com.apple.compilers.llvm.clang.1_0.compiler (in target 'libcmark' from project 'Down')
    cd /Users/harishvishwakarma/Handy/Archem/pepchat-ios/Revolt.xcodeproj
    
    Using response file: /Users/harishvishwakarma/Library/Developer/Xcode/DerivedData/Revolt-dharrjsambcimaaziudpvzjdcigm/Build/Intermediates.noindex/Down.build/Debug-iphoneos/libcmark.build/Objects-normal/arm64/7187679823f38a2a940e0043cdf9d637-common-args.resp
    
    builtin-ScanDependencies -o /Users/harishvishwakarma/Library/Developer/Xcode/DerivedData/Revolt-dharrjsambcimaaziudpvzjdcigm/Build/Intermediates.noindex/Down.build/Debug-iphoneos/libcmark.build/Objects-normal/arm64/latex.o.scan -- /Applications/Xcode.app/Contents/Developer/Toolchains/XcodeDefault.xctoolchain/usr/bin/clang -x c -ivfsstatcache /Users/harishvishwakarma/Library/Developer/Xcode/DerivedData/SDKStatCaches.noindex/iphoneos18.5-22F76-7fa4eea80a99bbfdc046826b63ec4baf.sdkstatcache -fmessage-length\=0 -fdiagnostics-show-note-include-stack -fmacro-backtrace-limit\=0 -fno-color-diagnostics -fmodules-prune-interval\=86400 -fmodules-prune-after\=345600 -fbuild-session-file\=/Users/harishvishwakarma/Library/Developer/Xcode/DerivedData/ModuleCache.noindex/Session.modulevalidation -fmodules-validate-once-per-build-session -Wnon-modular-include-in-framework-module -Werror\=non-modular-include-in-framework-module -Wno-trigraphs -Wno-missing-field-initializers -Wno-missing-prototypes -Wno-return-type -Wno-missing-braces -Wparentheses -Wswitch -Wno-unused-function -Wno-unused-label -Wno-unused-parameter -Wno-unused-variable -Wunused-value -Wno-empty-body -Wno-uninitialized -Wno-unknown-pragmas -w -Wno-shadow -Wno-four-char-constants -Wno-conversion -Wno-constant-conversion -Wno-int-conversion -Wno-bool-conversion -Wno-enum-conversion -Wno-float-conversion -Wno-non-literal-null-conversion -Wno-objc-literal-conversion -Wshorten-64-to-32 -Wpointer-sign -Wno-newline-eof -Wno-implicit-fallthrough -fstrict-aliasing -Wdeprecated-declarations -Wno-sign-conversion -Wno-infinite-recursion -Wno-comma -Wno-block-capture-autoreleasing -Wno-strict-prototypes -Wno-semicolon-before-method-body -index-store-path /Users/harishvishwakarma/Library/Developer/Xcode/DerivedData/Revolt-dharrjsambcimaaziudpvzjdcigm/Index.noindex/DataStore @/Users/harishvishwakarma/Library/Developer/Xcode/DerivedData/Revolt-dharrjsambcimaaziudpvzjdcigm/Build/Intermediates.noindex/Down.build/Debug-iphoneos/libcmark.build/Objects-normal/arm64/7187679823f38a2a940e0043cdf9d637-common-args.resp -MMD -MT dependencies -MF /Users/harishvishwakarma/Library/Developer/Xcode/DerivedData/Revolt-dharrjsambcimaaziudpvzjdcigm/Build/Intermediates.noindex/Down.build/Debug-iphoneos/libcmark.build/Objects-normal/arm64/latex.d --serialize-diagnostics /Users/harishvishwakarma/Library/Developer/Xcode/DerivedData/Revolt-dharrjsambcimaaziudpvzjdcigm/Build/Intermediates.noindex/Down.build/Debug-iphoneos/libcmark.build/Objects-normal/arm64/latex.dia -c /Users/harishvishwakarma/Library/Developer/Xcode/DerivedData/Revolt-dharrjsambcimaaziudpvzjdcigm/SourcePackages/checkouts/Down/Sources/cmark/latex.c -o /Users/harishvishwakarma/Library/Developer/Xcode/DerivedData/Revolt-dharrjsambcimaaziudpvzjdcigm/Build/Intermediates.noindex/Down.build/Debug-iphoneos/libcmark.build/Objects-normal/arm64/latex.o -index-unit-output-path /Down.build/Debug-iphoneos/libcmark.build/Objects-normal/arm64/latex.o

ScanDependencies /Users/harishvishwakarma/Library/Developer/Xcode/DerivedData/Revolt-dharrjsambcimaaziudpvzjdcigm/Build/Intermediates.noindex/Down.build/Debug-iphoneos/libcmark.build/Objects-normal/arm64/iterator.o /Users/harishvishwakarma/Library/Developer/Xcode/DerivedData/Revolt-dharrjsambcimaaziudpvzjdcigm/SourcePackages/checkouts/Down/Sources/cmark/iterator.c normal arm64 c com.apple.compilers.llvm.clang.1_0.compiler (in target 'libcmark' from project 'Down')
    cd /Users/harishvishwakarma/Handy/Archem/pepchat-ios/Revolt.xcodeproj
    
    Using response file: /Users/harishvishwakarma/Library/Developer/Xcode/DerivedData/Revolt-dharrjsambcimaaziudpvzjdcigm/Build/Intermediates.noindex/Down.build/Debug-iphoneos/libcmark.build/Objects-normal/arm64/7187679823f38a2a940e0043cdf9d637-common-args.resp
    
    builtin-ScanDependencies -o /Users/harishvishwakarma/Library/Developer/Xcode/DerivedData/Revolt-dharrjsambcimaaziudpvzjdcigm/Build/Intermediates.noindex/Down.build/Debug-iphoneos/libcmark.build/Objects-normal/arm64/iterator.o.scan -- /Applications/Xcode.app/Contents/Developer/Toolchains/XcodeDefault.xctoolchain/usr/bin/clang -x c -ivfsstatcache /Users/harishvishwakarma/Library/Developer/Xcode/DerivedData/SDKStatCaches.noindex/iphoneos18.5-22F76-7fa4eea80a99bbfdc046826b63ec4baf.sdkstatcache -fmessage-length\=0 -fdiagnostics-show-note-include-stack -fmacro-backtrace-limit\=0 -fno-color-diagnostics -fmodules-prune-interval\=86400 -fmodules-prune-after\=345600 -fbuild-session-file\=/Users/harishvishwakarma/Library/Developer/Xcode/DerivedData/ModuleCache.noindex/Session.modulevalidation -fmodules-validate-once-per-build-session -Wnon-modular-include-in-framework-module -Werror\=non-modular-include-in-framework-module -Wno-trigraphs -Wno-missing-field-initializers -Wno-missing-prototypes -Wno-return-type -Wno-missing-braces -Wparentheses -Wswitch -Wno-unused-function -Wno-unused-label -Wno-unused-parameter -Wno-unused-variable -Wunused-value -Wno-empty-body -Wno-uninitialized -Wno-unknown-pragmas -w -Wno-shadow -Wno-four-char-constants -Wno-conversion -Wno-constant-conversion -Wno-int-conversion -Wno-bool-conversion -Wno-enum-conversion -Wno-float-conversion -Wno-non-literal-null-conversion -Wno-objc-literal-conversion -Wshorten-64-to-32 -Wpointer-sign -Wno-newline-eof -Wno-implicit-fallthrough -fstrict-aliasing -Wdeprecated-declarations -Wno-sign-conversion -Wno-infinite-recursion -Wno-comma -Wno-block-capture-autoreleasing -Wno-strict-prototypes -Wno-semicolon-before-method-body -index-store-path /Users/harishvishwakarma/Library/Developer/Xcode/DerivedData/Revolt-dharrjsambcimaaziudpvzjdcigm/Index.noindex/DataStore @/Users/harishvishwakarma/Library/Developer/Xcode/DerivedData/Revolt-dharrjsambcimaaziudpvzjdcigm/Build/Intermediates.noindex/Down.build/Debug-iphoneos/libcmark.build/Objects-normal/arm64/7187679823f38a2a940e0043cdf9d637-common-args.resp -MMD -MT dependencies -MF /Users/harishvishwakarma/Library/Developer/Xcode/DerivedData/Revolt-dharrjsambcimaaziudpvzjdcigm/Build/Intermediates.noindex/Down.build/Debug-iphoneos/libcmark.build/Objects-normal/arm64/iterator.d --serialize-diagnostics /Users/harishvishwakarma/Library/Developer/Xcode/DerivedData/Revolt-dharrjsambcimaaziudpvzjdcigm/Build/Intermediates.noindex/Down.build/Debug-iphoneos/libcmark.build/Objects-normal/arm64/iterator.dia -c /Users/harishvishwakarma/Library/Developer/Xcode/DerivedData/Revolt-dharrjsambcimaaziudpvzjdcigm/SourcePackages/checkouts/Down/Sources/cmark/iterator.c -o /Users/harishvishwakarma/Library/Developer/Xcode/DerivedData/Revolt-dharrjsambcimaaziudpvzjdcigm/Build/Intermediates.noindex/Down.build/Debug-iphoneos/libcmark.build/Objects-normal/arm64/iterator.o -index-unit-output-path /Down.build/Debug-iphoneos/libcmark.build/Objects-normal/arm64/iterator.o

ScanDependencies /Users/harishvishwakarma/Library/Developer/Xcode/DerivedData/Revolt-dharrjsambcimaaziudpvzjdcigm/Build/Intermediates.noindex/Down.build/Debug-iphoneos/libcmark.build/Objects-normal/arm64/utf8.o /Users/harishvishwakarma/Library/Developer/Xcode/DerivedData/Revolt-dharrjsambcimaaziudpvzjdcigm/SourcePackages/checkouts/Down/Sources/cmark/utf8.c normal arm64 c com.apple.compilers.llvm.clang.1_0.compiler (in target 'libcmark' from project 'Down')
    cd /Users/harishvishwakarma/Handy/Archem/pepchat-ios/Revolt.xcodeproj
    
    Using response file: /Users/harishvishwakarma/Library/Developer/Xcode/DerivedData/Revolt-dharrjsambcimaaziudpvzjdcigm/Build/Intermediates.noindex/Down.build/Debug-iphoneos/libcmark.build/Objects-normal/arm64/7187679823f38a2a940e0043cdf9d637-common-args.resp
    
    builtin-ScanDependencies -o /Users/harishvishwakarma/Library/Developer/Xcode/DerivedData/Revolt-dharrjsambcimaaziudpvzjdcigm/Build/Intermediates.noindex/Down.build/Debug-iphoneos/libcmark.build/Objects-normal/arm64/utf8.o.scan -- /Applications/Xcode.app/Contents/Developer/Toolchains/XcodeDefault.xctoolchain/usr/bin/clang -x c -ivfsstatcache /Users/harishvishwakarma/Library/Developer/Xcode/DerivedData/SDKStatCaches.noindex/iphoneos18.5-22F76-7fa4eea80a99bbfdc046826b63ec4baf.sdkstatcache -fmessage-length\=0 -fdiagnostics-show-note-include-stack -fmacro-backtrace-limit\=0 -fno-color-diagnostics -fmodules-prune-interval\=86400 -fmodules-prune-after\=345600 -fbuild-session-file\=/Users/harishvishwakarma/Library/Developer/Xcode/DerivedData/ModuleCache.noindex/Session.modulevalidation -fmodules-validate-once-per-build-session -Wnon-modular-include-in-framework-module -Werror\=non-modular-include-in-framework-module -Wno-trigraphs -Wno-missing-field-initializers -Wno-missing-prototypes -Wno-return-type -Wno-missing-braces -Wparentheses -Wswitch -Wno-unused-function -Wno-unused-label -Wno-unused-parameter -Wno-unused-variable -Wunused-value -Wno-empty-body -Wno-uninitialized -Wno-unknown-pragmas -w -Wno-shadow -Wno-four-char-constants -Wno-conversion -Wno-constant-conversion -Wno-int-conversion -Wno-bool-conversion -Wno-enum-conversion -Wno-float-conversion -Wno-non-literal-null-conversion -Wno-objc-literal-conversion -Wshorten-64-to-32 -Wpointer-sign -Wno-newline-eof -Wno-implicit-fallthrough -fstrict-aliasing -Wdeprecated-declarations -Wno-sign-conversion -Wno-infinite-recursion -Wno-comma -Wno-block-capture-autoreleasing -Wno-strict-prototypes -Wno-semicolon-before-method-body -index-store-path /Users/harishvishwakarma/Library/Developer/Xcode/DerivedData/Revolt-dharrjsambcimaaziudpvzjdcigm/Index.noindex/DataStore @/Users/harishvishwakarma/Library/Developer/Xcode/DerivedData/Revolt-dharrjsambcimaaziudpvzjdcigm/Build/Intermediates.noindex/Down.build/Debug-iphoneos/libcmark.build/Objects-normal/arm64/7187679823f38a2a940e0043cdf9d637-common-args.resp -MMD -MT dependencies -MF /Users/harishvishwakarma/Library/Developer/Xcode/DerivedData/Revolt-dharrjsambcimaaziudpvzjdcigm/Build/Intermediates.noindex/Down.build/Debug-iphoneos/libcmark.build/Objects-normal/arm64/utf8.d --serialize-diagnostics /Users/harishvishwakarma/Library/Developer/Xcode/DerivedData/Revolt-dharrjsambcimaaziudpvzjdcigm/Build/Intermediates.noindex/Down.build/Debug-iphoneos/libcmark.build/Objects-normal/arm64/utf8.dia -c /Users/harishvishwakarma/Library/Developer/Xcode/DerivedData/Revolt-dharrjsambcimaaziudpvzjdcigm/SourcePackages/checkouts/Down/Sources/cmark/utf8.c -o /Users/harishvishwakarma/Library/Developer/Xcode/DerivedData/Revolt-dharrjsambcimaaziudpvzjdcigm/Build/Intermediates.noindex/Down.build/Debug-iphoneos/libcmark.build/Objects-normal/arm64/utf8.o -index-unit-output-path /Down.build/Debug-iphoneos/libcmark.build/Objects-normal/arm64/utf8.o

CompileC /Users/harishvishwakarma/Library/Developer/Xcode/DerivedData/Revolt-dharrjsambcimaaziudpvzjdcigm/Build/Intermediates.noindex/OggDecoder.build/Debug-iphoneos/OggDecoder.build/Objects-normal/arm64/oggHelper.o /Users/harishvishwakarma/Library/Developer/Xcode/DerivedData/Revolt-dharrjsambcimaaziudpvzjdcigm/SourcePackages/checkouts/OggDecoder/Sources/OggDecoderObjC/oggHelper.cpp normal arm64 c++ com.apple.compilers.llvm.clang.1_0.compiler (in target 'OggDecoder' from project 'OggDecoder')
    cd /Users/harishvishwakarma/Handy/Archem/pepchat-ios/Revolt.xcodeproj
    
    Using response file: /Users/harishvishwakarma/Library/Developer/Xcode/DerivedData/Revolt-dharrjsambcimaaziudpvzjdcigm/Build/Intermediates.noindex/OggDecoder.build/Debug-iphoneos/OggDecoder.build/Objects-normal/arm64/82b82416624d2658e5098eb0a28c15c5-common-args.resp
    
    /Applications/Xcode.app/Contents/Developer/Toolchains/XcodeDefault.xctoolchain/usr/bin/clang -x c++ -ivfsstatcache /Users/harishvishwakarma/Library/Developer/Xcode/DerivedData/SDKStatCaches.noindex/iphoneos18.5-22F76-7fa4eea80a99bbfdc046826b63ec4baf.sdkstatcache -fmessage-length\=0 -fdiagnostics-show-note-include-stack -fmacro-backtrace-limit\=0 -fno-color-diagnostics -fmodules-prune-interval\=86400 -fmodules-prune-after\=345600 -fbuild-session-file\=/Users/harishvishwakarma/Library/Developer/Xcode/DerivedData/ModuleCache.noindex/Session.modulevalidation -fmodules-validate-once-per-build-session -Wnon-modular-include-in-framework-module -Werror\=non-modular-include-in-framework-module -Wno-trigraphs -Wno-missing-field-initializers -Wno-missing-prototypes -Wno-return-type -Wno-non-virtual-dtor -Wno-overloaded-virtual -Wno-exit-time-destructors -Wno-missing-braces -Wparentheses -Wswitch -Wno-unused-function -Wno-unused-label -Wno-unused-parameter -Wno-unused-variable -Wunused-value -Wno-empty-body -Wno-uninitialized -Wno-unknown-pragmas -w -Wno-shadow -Wno-four-char-constants -Wno-conversion -Wno-constant-conversion -Wno-int-conversion -Wno-bool-conversion -Wno-enum-conversion -Wno-float-conversion -Wno-non-literal-null-conversion -Wno-objc-literal-conversion -Wshorten-64-to-32 -Wno-newline-eof -Wno-c++11-extensions -Wno-implicit-fallthrough -fstrict-aliasing -Wdeprecated-declarations -Winvalid-offsetof -Wno-sign-conversion -Wno-infinite-recursion -Wno-move -Wno-comma -Wno-block-capture-autoreleasing -Wno-strict-prototypes -Wno-range-loop-analysis -Wno-semicolon-before-method-body -index-store-path /Users/harishvishwakarma/Library/Developer/Xcode/DerivedData/Revolt-dharrjsambcimaaziudpvzjdcigm/Index.noindex/DataStore @/Users/harishvishwakarma/Library/Developer/Xcode/DerivedData/Revolt-dharrjsambcimaaziudpvzjdcigm/Build/Intermediates.noindex/OggDecoder.build/Debug-iphoneos/OggDecoder.build/Objects-normal/arm64/82b82416624d2658e5098eb0a28c15c5-common-args.resp -MMD -MT dependencies -MF /Users/harishvishwakarma/Library/Developer/Xcode/DerivedData/Revolt-dharrjsambcimaaziudpvzjdcigm/Build/Intermediates.noindex/OggDecoder.build/Debug-iphoneos/OggDecoder.build/Objects-normal/arm64/oggHelper.d --serialize-diagnostics /Users/harishvishwakarma/Library/Developer/Xcode/DerivedData/Revolt-dharrjsambcimaaziudpvzjdcigm/Build/Intermediates.noindex/OggDecoder.build/Debug-iphoneos/OggDecoder.build/Objects-normal/arm64/oggHelper.dia -c /Users/harishvishwakarma/Library/Developer/Xcode/DerivedData/Revolt-dharrjsambcimaaziudpvzjdcigm/SourcePackages/checkouts/OggDecoder/Sources/OggDecoderObjC/oggHelper.cpp -o /Users/harishvishwakarma/Library/Developer/Xcode/DerivedData/Revolt-dharrjsambcimaaziudpvzjdcigm/Build/Intermediates.noindex/OggDecoder.build/Debug-iphoneos/OggDecoder.build/Objects-normal/arm64/oggHelper.o -index-unit-output-path /OggDecoder.build/Debug-iphoneos/OggDecoder.build/Objects-normal/arm64/oggHelper.o

CompileC /Users/harishvishwakarma/Library/Developer/Xcode/DerivedData/Revolt-dharrjsambcimaaziudpvzjdcigm/Build/Intermediates.noindex/OggDecoder.build/Debug-iphoneos/OggDecoder.build/Objects-normal/arm64/wavHeader.o /Users/harishvishwakarma/Library/Developer/Xcode/DerivedData/Revolt-dharrjsambcimaaziudpvzjdcigm/SourcePackages/checkouts/OggDecoder/Sources/OggDecoderObjC/wavHeader.cpp normal arm64 c++ com.apple.compilers.llvm.clang.1_0.compiler (in target 'OggDecoder' from project 'OggDecoder')
    cd /Users/harishvishwakarma/Handy/Archem/pepchat-ios/Revolt.xcodeproj
    
    Using response file: /Users/harishvishwakarma/Library/Developer/Xcode/DerivedData/Revolt-dharrjsambcimaaziudpvzjdcigm/Build/Intermediates.noindex/OggDecoder.build/Debug-iphoneos/OggDecoder.build/Objects-normal/arm64/82b82416624d2658e5098eb0a28c15c5-common-args.resp
    
    /Applications/Xcode.app/Contents/Developer/Toolchains/XcodeDefault.xctoolchain/usr/bin/clang -x c++ -ivfsstatcache /Users/harishvishwakarma/Library/Developer/Xcode/DerivedData/SDKStatCaches.noindex/iphoneos18.5-22F76-7fa4eea80a99bbfdc046826b63ec4baf.sdkstatcache -fmessage-length\=0 -fdiagnostics-show-note-include-stack -fmacro-backtrace-limit\=0 -fno-color-diagnostics -fmodules-prune-interval\=86400 -fmodules-prune-after\=345600 -fbuild-session-file\=/Users/harishvishwakarma/Library/Developer/Xcode/DerivedData/ModuleCache.noindex/Session.modulevalidation -fmodules-validate-once-per-build-session -Wnon-modular-include-in-framework-module -Werror\=non-modular-include-in-framework-module -Wno-trigraphs -Wno-missing-field-initializers -Wno-missing-prototypes -Wno-return-type -Wno-non-virtual-dtor -Wno-overloaded-virtual -Wno-exit-time-destructors -Wno-missing-braces -Wparentheses -Wswitch -Wno-unused-function -Wno-unused-label -Wno-unused-parameter -Wno-unused-variable -Wunused-value -Wno-empty-body -Wno-uninitialized -Wno-unknown-pragmas -w -Wno-shadow -Wno-four-char-constants -Wno-conversion -Wno-constant-conversion -Wno-int-conversion -Wno-bool-conversion -Wno-enum-conversion -Wno-float-conversion -Wno-non-literal-null-conversion -Wno-objc-literal-conversion -Wshorten-64-to-32 -Wno-newline-eof -Wno-c++11-extensions -Wno-implicit-fallthrough -fstrict-aliasing -Wdeprecated-declarations -Winvalid-offsetof -Wno-sign-conversion -Wno-infinite-recursion -Wno-move -Wno-comma -Wno-block-capture-autoreleasing -Wno-strict-prototypes -Wno-range-loop-analysis -Wno-semicolon-before-method-body -index-store-path /Users/harishvishwakarma/Library/Developer/Xcode/DerivedData/Revolt-dharrjsambcimaaziudpvzjdcigm/Index.noindex/DataStore @/Users/harishvishwakarma/Library/Developer/Xcode/DerivedData/Revolt-dharrjsambcimaaziudpvzjdcigm/Build/Intermediates.noindex/OggDecoder.build/Debug-iphoneos/OggDecoder.build/Objects-normal/arm64/82b82416624d2658e5098eb0a28c15c5-common-args.resp -MMD -MT dependencies -MF /Users/harishvishwakarma/Library/Developer/Xcode/DerivedData/Revolt-dharrjsambcimaaziudpvzjdcigm/Build/Intermediates.noindex/OggDecoder.build/Debug-iphoneos/OggDecoder.build/Objects-normal/arm64/wavHeader.d --serialize-diagnostics /Users/harishvishwakarma/Library/Developer/Xcode/DerivedData/Revolt-dharrjsambcimaaziudpvzjdcigm/Build/Intermediates.noindex/OggDecoder.build/Debug-iphoneos/OggDecoder.build/Objects-normal/arm64/wavHeader.dia -c /Users/harishvishwakarma/Library/Developer/Xcode/DerivedData/Revolt-dharrjsambcimaaziudpvzjdcigm/SourcePackages/checkouts/OggDecoder/Sources/OggDecoderObjC/wavHeader.cpp -o /Users/harishvishwakarma/Library/Developer/Xcode/DerivedData/Revolt-dharrjsambcimaaziudpvzjdcigm/Build/Intermediates.noindex/OggDecoder.build/Debug-iphoneos/OggDecoder.build/Objects-normal/arm64/wavHeader.o -index-unit-output-path /OggDecoder.build/Debug-iphoneos/OggDecoder.build/Objects-normal/arm64/wavHeader.o

CompileC /Users/harishvishwakarma/Library/Developer/Xcode/DerivedData/Revolt-dharrjsambcimaaziudpvzjdcigm/Build/Intermediates.noindex/OggDecoder.build/Debug-iphoneos/OggDecoder.build/Objects-normal/arm64/vorbisSettings.o /Users/harishvishwakarma/Library/Developer/Xcode/DerivedData/Revolt-dharrjsambcimaaziudpvzjdcigm/SourcePackages/checkouts/OggDecoder/Sources/OggDecoderObjC/vorbisSettings.cpp normal arm64 c++ com.apple.compilers.llvm.clang.1_0.compiler (in target 'OggDecoder' from project 'OggDecoder')
    cd /Users/harishvishwakarma/Handy/Archem/pepchat-ios/Revolt.xcodeproj
    
    Using response file: /Users/harishvishwakarma/Library/Developer/Xcode/DerivedData/Revolt-dharrjsambcimaaziudpvzjdcigm/Build/Intermediates.noindex/OggDecoder.build/Debug-iphoneos/OggDecoder.build/Objects-normal/arm64/82b82416624d2658e5098eb0a28c15c5-common-args.resp
    
    /Applications/Xcode.app/Contents/Developer/Toolchains/XcodeDefault.xctoolchain/usr/bin/clang -x c++ -ivfsstatcache /Users/harishvishwakarma/Library/Developer/Xcode/DerivedData/SDKStatCaches.noindex/iphoneos18.5-22F76-7fa4eea80a99bbfdc046826b63ec4baf.sdkstatcache -fmessage-length\=0 -fdiagnostics-show-note-include-stack -fmacro-backtrace-limit\=0 -fno-color-diagnostics -fmodules-prune-interval\=86400 -fmodules-prune-after\=345600 -fbuild-session-file\=/Users/harishvishwakarma/Library/Developer/Xcode/DerivedData/ModuleCache.noindex/Session.modulevalidation -fmodules-validate-once-per-build-session -Wnon-modular-include-in-framework-module -Werror\=non-modular-include-in-framework-module -Wno-trigraphs -Wno-missing-field-initializers -Wno-missing-prototypes -Wno-return-type -Wno-non-virtual-dtor -Wno-overloaded-virtual -Wno-exit-time-destructors -Wno-missing-braces -Wparentheses -Wswitch -Wno-unused-function -Wno-unused-label -Wno-unused-parameter -Wno-unused-variable -Wunused-value -Wno-empty-body -Wno-uninitialized -Wno-unknown-pragmas -w -Wno-shadow -Wno-four-char-constants -Wno-conversion -Wno-constant-conversion -Wno-int-conversion -Wno-bool-conversion -Wno-enum-conversion -Wno-float-conversion -Wno-non-literal-null-conversion -Wno-objc-literal-conversion -Wshorten-64-to-32 -Wno-newline-eof -Wno-c++11-extensions -Wno-implicit-fallthrough -fstrict-aliasing -Wdeprecated-declarations -Winvalid-offsetof -Wno-sign-conversion -Wno-infinite-recursion -Wno-move -Wno-comma -Wno-block-capture-autoreleasing -Wno-strict-prototypes -Wno-range-loop-analysis -Wno-semicolon-before-method-body -index-store-path /Users/harishvishwakarma/Library/Developer/Xcode/DerivedData/Revolt-dharrjsambcimaaziudpvzjdcigm/Index.noindex/DataStore @/Users/harishvishwakarma/Library/Developer/Xcode/DerivedData/Revolt-dharrjsambcimaaziudpvzjdcigm/Build/Intermediates.noindex/OggDecoder.build/Debug-iphoneos/OggDecoder.build/Objects-normal/arm64/82b82416624d2658e5098eb0a28c15c5-common-args.resp -MMD -MT dependencies -MF /Users/harishvishwakarma/Library/Developer/Xcode/DerivedData/Revolt-dharrjsambcimaaziudpvzjdcigm/Build/Intermediates.noindex/OggDecoder.build/Debug-iphoneos/OggDecoder.build/Objects-normal/arm64/vorbisSettings.d --serialize-diagnostics /Users/harishvishwakarma/Library/Developer/Xcode/DerivedData/Revolt-dharrjsambcimaaziudpvzjdcigm/Build/Intermediates.noindex/OggDecoder.build/Debug-iphoneos/OggDecoder.build/Objects-normal/arm64/vorbisSettings.dia -c /Users/harishvishwakarma/Library/Developer/Xcode/DerivedData/Revolt-dharrjsambcimaaziudpvzjdcigm/SourcePackages/checkouts/OggDecoder/Sources/OggDecoderObjC/vorbisSettings.cpp -o /Users/harishvishwakarma/Library/Developer/Xcode/DerivedData/Revolt-dharrjsambcimaaziudpvzjdcigm/Build/Intermediates.noindex/OggDecoder.build/Debug-iphoneos/OggDecoder.build/Objects-normal/arm64/vorbisSettings.o -index-unit-output-path /OggDecoder.build/Debug-iphoneos/OggDecoder.build/Objects-normal/arm64/vorbisSettings.o

SwiftDriver ULID normal arm64 com.apple.xcode.tools.swift.compiler (in target 'ULID' from project 'ULID.swift')
    cd /Users/harishvishwakarma/Handy/Archem/pepchat-ios/Revolt.xcodeproj
    builtin-SwiftDriver -- /Applications/Xcode.app/Contents/Developer/Toolchains/XcodeDefault.xctoolchain/usr/bin/swiftc -module-name ULID -Onone -enforce-exclusivity\=checked @/Users/harishvishwakarma/Library/Developer/Xcode/DerivedData/Revolt-dharrjsambcimaaziudpvzjdcigm/Build/Intermediates.noindex/ULID.swift.build/Debug-iphoneos/ULID.build/Objects-normal/arm64/ULID.SwiftFileList -DSWIFT_PACKAGE -DDEBUG -DXcode -plugin-path /Applications/Xcode.app/Contents/Developer/Toolchains/XcodeDefault.xctoolchain/usr/lib/swift/host/plugins/testing -enable-experimental-feature DebugDescriptionMacro -sdk /Applications/Xcode.app/Contents/Developer/Platforms/iPhoneOS.platform/Developer/SDKs/iPhoneOS18.5.sdk -target arm64-apple-ios12.0 -g -module-cache-path /Users/harishvishwakarma/Library/Developer/Xcode/DerivedData/ModuleCache.noindex -Xfrontend -serialize-debugging-options -enable-testing -suppress-warnings -index-store-path /Users/harishvishwakarma/Library/Developer/Xcode/DerivedData/Revolt-dharrjsambcimaaziudpvzjdcigm/Index.noindex/DataStore -swift-version 5 -I /Users/harishvishwakarma/Library/Developer/Xcode/DerivedData/Revolt-dharrjsambcimaaziudpvzjdcigm/Build/Products/Debug-iphoneos -I /Applications/Xcode.app/Contents/Developer/Platforms/iPhoneOS.platform/Developer/usr/lib -F /Users/harishvishwakarma/Library/Developer/Xcode/DerivedData/Revolt-dharrjsambcimaaziudpvzjdcigm/Build/Products/Debug-iphoneos -F /Applications/Xcode.app/Contents/Developer/Platforms/iPhoneOS.platform/Developer/Library/Frameworks -F /Applications/Xcode.app/Contents/Developer/Platforms/iPhoneOS.platform/Developer/SDKs/iPhoneOS18.5.sdk/Developer/Library/Frameworks -c -j12 -enable-batch-mode -incremental -Xcc -ivfsstatcache -Xcc /Users/harishvishwakarma/Library/Developer/Xcode/DerivedData/SDKStatCaches.noindex/iphoneos18.5-22F76-7fa4eea80a99bbfdc046826b63ec4baf.sdkstatcache -output-file-map /Users/harishvishwakarma/Library/Developer/Xcode/DerivedData/Revolt-dharrjsambcimaaziudpvzjdcigm/Build/Intermediates.noindex/ULID.swift.build/Debug-iphoneos/ULID.build/Objects-normal/arm64/ULID-OutputFileMap.json -use-frontend-parseable-output -save-temps -no-color-diagnostics -serialize-diagnostics -emit-dependencies -emit-module -emit-module-path /Users/harishvishwakarma/Library/Developer/Xcode/DerivedData/Revolt-dharrjsambcimaaziudpvzjdcigm/Build/Intermediates.noindex/ULID.swift.build/Debug-iphoneos/ULID.build/Objects-normal/arm64/ULID.swiftmodule -validate-clang-modules-once -clang-build-session-file /Users/harishvishwakarma/Library/Developer/Xcode/DerivedData/ModuleCache.noindex/Session.modulevalidation -Xcc -I/Users/harishvishwakarma/Library/Developer/Xcode/DerivedData/Revolt-dharrjsambcimaaziudpvzjdcigm/Build/Intermediates.noindex/ULID.swift.build/Debug-iphoneos/ULID.build/swift-overrides.hmap -emit-const-values -Xfrontend -const-gather-protocols-file -Xfrontend /Users/harishvishwakarma/Library/Developer/Xcode/DerivedData/Revolt-dharrjsambcimaaziudpvzjdcigm/Build/Intermediates.noindex/ULID.swift.build/Debug-iphoneos/ULID.build/Objects-normal/arm64/ULID_const_extract_protocols.json -Xcc -I/Users/harishvishwakarma/Library/Developer/Xcode/DerivedData/Revolt-dharrjsambcimaaziudpvzjdcigm/Build/Products/Debug-iphoneos/include -Xcc -I/Users/harishvishwakarma/Library/Developer/Xcode/DerivedData/Revolt-dharrjsambcimaaziudpvzjdcigm/Build/Intermediates.noindex/ULID.swift.build/Debug-iphoneos/ULID.build/DerivedSources-normal/arm64 -Xcc -I/Users/harishvishwakarma/Library/Developer/Xcode/DerivedData/Revolt-dharrjsambcimaaziudpvzjdcigm/Build/Intermediates.noindex/ULID.swift.build/Debug-iphoneos/ULID.build/DerivedSources/arm64 -Xcc -I/Users/harishvishwakarma/Library/Developer/Xcode/DerivedData/Revolt-dharrjsambcimaaziudpvzjdcigm/Build/Intermediates.noindex/ULID.swift.build/Debug-iphoneos/ULID.build/DerivedSources -Xcc -DSWIFT_PACKAGE -Xcc -DDEBUG\=1 -emit-objc-header -emit-objc-header-path /Users/harishvishwakarma/Library/Developer/Xcode/DerivedData/Revolt-dharrjsambcimaaziudpvzjdcigm/Build/Intermediates.noindex/ULID.swift.build/Debug-iphoneos/ULID.build/Objects-normal/arm64/ULID-Swift.h -working-directory /Users/harishvishwakarma/Handy/Archem/pepchat-ios/Revolt.xcodeproj -experimental-emit-module-separately -disable-cmo

SwiftDriver Types normal arm64 com.apple.xcode.tools.swift.compiler (in target 'Types' from project 'Revolt')
    cd /Users/harishvishwakarma/Handy/Archem/pepchat-ios
    builtin-SwiftDriver -- /Applications/Xcode.app/Contents/Developer/Toolchains/XcodeDefault.xctoolchain/usr/bin/swiftc -module-name Types -Onone -enforce-exclusivity\=checked @/Users/harishvishwakarma/Library/Developer/Xcode/DerivedData/Revolt-dharrjsambcimaaziudpvzjdcigm/Build/Intermediates.noindex/Revolt.build/Debug-iphoneos/Types.build/Objects-normal/arm64/Types.SwiftFileList -DDEBUG -DDEBUG -enable-bare-slash-regex -enable-experimental-feature DebugDescriptionMacro -sdk /Applications/Xcode.app/Contents/Developer/Platforms/iPhoneOS.platform/Developer/SDKs/iPhoneOS18.5.sdk -target arm64-apple-ios18.0 -g -module-cache-path /Users/harishvishwakarma/Library/Developer/Xcode/DerivedData/ModuleCache.noindex -Xfrontend -serialize-debugging-options -enable-testing -index-store-path /Users/harishvishwakarma/Library/Developer/Xcode/DerivedData/Revolt-dharrjsambcimaaziudpvzjdcigm/Index.noindex/DataStore -enable-library-evolution -swift-version 5 -I /Users/harishvishwakarma/Library/Developer/Xcode/DerivedData/Revolt-dharrjsambcimaaziudpvzjdcigm/Build/Products/Debug-iphoneos -F /Users/harishvishwakarma/Library/Developer/Xcode/DerivedData/Revolt-dharrjsambcimaaziudpvzjdcigm/Build/Products/Debug-iphoneos -emit-localized-strings -emit-localized-strings-path /Users/harishvishwakarma/Library/Developer/Xcode/DerivedData/Revolt-dharrjsambcimaaziudpvzjdcigm/Build/Intermediates.noindex/Revolt.build/Debug-iphoneos/Types.build/Objects-normal/arm64 -c -j12 -enable-batch-mode -incremental -Xcc -ivfsstatcache -Xcc /Users/harishvishwakarma/Library/Developer/Xcode/DerivedData/SDKStatCaches.noindex/iphoneos18.5-22F76-7fa4eea80a99bbfdc046826b63ec4baf.sdkstatcache -output-file-map /Users/harishvishwakarma/Library/Developer/Xcode/DerivedData/Revolt-dharrjsambcimaaziudpvzjdcigm/Build/Intermediates.noindex/Revolt.build/Debug-iphoneos/Types.build/Objects-normal/arm64/Types-OutputFileMap.json -use-frontend-parseable-output -save-temps -no-color-diagnostics -serialize-diagnostics -emit-dependencies -emit-module -emit-module-path /Users/harishvishwakarma/Library/Developer/Xcode/DerivedData/Revolt-dharrjsambcimaaziudpvzjdcigm/Build/Intermediates.noindex/Revolt.build/Debug-iphoneos/Types.build/Objects-normal/arm64/Types.swiftmodule -emit-module-interface-path /Users/harishvishwakarma/Library/Developer/Xcode/DerivedData/Revolt-dharrjsambcimaaziudpvzjdcigm/Build/Intermediates.noindex/Revolt.build/Debug-iphoneos/Types.build/Objects-normal/arm64/Types.swiftinterface -emit-private-module-interface-path /Users/harishvishwakarma/Library/Developer/Xcode/DerivedData/Revolt-dharrjsambcimaaziudpvzjdcigm/Build/Intermediates.noindex/Revolt.build/Debug-iphoneos/Types.build/Objects-normal/arm64/Types.private.swiftinterface -validate-clang-modules-once -clang-build-session-file /Users/harishvishwakarma/Library/Developer/Xcode/DerivedData/ModuleCache.noindex/Session.modulevalidation -Xcc -I/Users/harishvishwakarma/Library/Developer/Xcode/DerivedData/Revolt-dharrjsambcimaaziudpvzjdcigm/Build/Intermediates.noindex/Revolt.build/Debug-iphoneos/Types.build/swift-overrides.hmap -emit-const-values -Xfrontend -const-gather-protocols-file -Xfrontend /Users/harishvishwakarma/Library/Developer/Xcode/DerivedData/Revolt-dharrjsambcimaaziudpvzjdcigm/Build/Intermediates.noindex/Revolt.build/Debug-iphoneos/Types.build/Objects-normal/arm64/Types_const_extract_protocols.json -Xcc -iquote -Xcc /Users/harishvishwakarma/Library/Developer/Xcode/DerivedData/Revolt-dharrjsambcimaaziudpvzjdcigm/Build/Intermediates.noindex/Revolt.build/Debug-iphoneos/Types.build/Types-generated-files.hmap -Xcc -I/Users/harishvishwakarma/Library/Developer/Xcode/DerivedData/Revolt-dharrjsambcimaaziudpvzjdcigm/Build/Intermediates.noindex/Revolt.build/Debug-iphoneos/Types.build/Types-own-target-headers.hmap -Xcc -I/Users/harishvishwakarma/Library/Developer/Xcode/DerivedData/Revolt-dharrjsambcimaaziudpvzjdcigm/Build/Intermediates.noindex/Revolt.build/Debug-iphoneos/Types.build/Types-all-non-framework-target-headers.hmap -Xcc -ivfsoverlay -Xcc /Users/harishvishwakarma/Library/Developer/Xcode/DerivedData/Revolt-dharrjsambcimaaziudpvzjdcigm/Build/Intermediates.noindex/Revolt.build/Debug-iphoneos/Revolt-964562c4cdd9c16033e74e924d17ebc5-VFS-iphoneos/all-product-headers.yaml -Xcc -iquote -Xcc /Users/harishvishwakarma/Library/Developer/Xcode/DerivedData/Revolt-dharrjsambcimaaziudpvzjdcigm/Build/Intermediates.noindex/Revolt.build/Debug-iphoneos/Types.build/Types-project-headers.hmap -Xcc -I/Users/harishvishwakarma/Library/Developer/Xcode/DerivedData/Revolt-dharrjsambcimaaziudpvzjdcigm/Build/Products/Debug-iphoneos/include -Xcc -I/Users/harishvishwakarma/Library/Developer/Xcode/DerivedData/Revolt-dharrjsambcimaaziudpvzjdcigm/Build/Intermediates.noindex/Revolt.build/Debug-iphoneos/Types.build/DerivedSources-normal/arm64 -Xcc -I/Users/harishvishwakarma/Library/Developer/Xcode/DerivedData/Revolt-dharrjsambcimaaziudpvzjdcigm/Build/Intermediates.noindex/Revolt.build/Debug-iphoneos/Types.build/DerivedSources/arm64 -Xcc -I/Users/harishvishwakarma/Library/Developer/Xcode/DerivedData/Revolt-dharrjsambcimaaziudpvzjdcigm/Build/Intermediates.noindex/Revolt.build/Debug-iphoneos/Types.build/DerivedSources -Xcc -DDEBUG\=1 -emit-objc-header -emit-objc-header-path /Users/harishvishwakarma/Library/Developer/Xcode/DerivedData/Revolt-dharrjsambcimaaziudpvzjdcigm/Build/Intermediates.noindex/Revolt.build/Debug-iphoneos/Types.build/Objects-normal/arm64/Types-Swift.h -working-directory /Users/harishvishwakarma/Handy/Archem/pepchat-ios -experimental-emit-module-separately -disable-cmo

SwiftDriver SwiftyCrop normal arm64 com.apple.xcode.tools.swift.compiler (in target 'SwiftyCrop' from project 'SwiftyCrop')
    cd /Users/harishvishwakarma/Handy/Archem/pepchat-ios/Revolt.xcodeproj
    builtin-SwiftDriver -- /Applications/Xcode.app/Contents/Developer/Toolchains/XcodeDefault.xctoolchain/usr/bin/swiftc -module-name SwiftyCrop -Onone -enforce-exclusivity\=checked @/Users/harishvishwakarma/Library/Developer/Xcode/DerivedData/Revolt-dharrjsambcimaaziudpvzjdcigm/Build/Intermediates.noindex/SwiftyCrop.build/Debug-iphoneos/SwiftyCrop.build/Objects-normal/arm64/SwiftyCrop.SwiftFileList -DSWIFT_PACKAGE -DDEBUG -DXcode -plugin-path /Applications/Xcode.app/Contents/Developer/Toolchains/XcodeDefault.xctoolchain/usr/lib/swift/host/plugins/testing -enable-experimental-feature DebugDescriptionMacro -sdk /Applications/Xcode.app/Contents/Developer/Platforms/iPhoneOS.platform/Developer/SDKs/iPhoneOS18.5.sdk -target arm64-apple-ios16.0 -g -module-cache-path /Users/harishvishwakarma/Library/Developer/Xcode/DerivedData/ModuleCache.noindex -Xfrontend -serialize-debugging-options -enable-testing -suppress-warnings -index-store-path /Users/harishvishwakarma/Library/Developer/Xcode/DerivedData/Revolt-dharrjsambcimaaziudpvzjdcigm/Index.noindex/DataStore -swift-version 5 -I /Users/harishvishwakarma/Library/Developer/Xcode/DerivedData/Revolt-dharrjsambcimaaziudpvzjdcigm/Build/Products/Debug-iphoneos -I /Applications/Xcode.app/Contents/Developer/Platforms/iPhoneOS.platform/Developer/usr/lib -F /Users/harishvishwakarma/Library/Developer/Xcode/DerivedData/Revolt-dharrjsambcimaaziudpvzjdcigm/Build/Products/Debug-iphoneos -F /Applications/Xcode.app/Contents/Developer/Platforms/iPhoneOS.platform/Developer/Library/Frameworks -F /Applications/Xcode.app/Contents/Developer/Platforms/iPhoneOS.platform/Developer/SDKs/iPhoneOS18.5.sdk/Developer/Library/Frameworks -emit-localized-strings -emit-localized-strings-path /Users/harishvishwakarma/Library/Developer/Xcode/DerivedData/Revolt-dharrjsambcimaaziudpvzjdcigm/Build/Intermediates.noindex/SwiftyCrop.build/Debug-iphoneos/SwiftyCrop.build/Objects-normal/arm64 -c -j12 -enable-batch-mode -incremental -Xcc -ivfsstatcache -Xcc /Users/harishvishwakarma/Library/Developer/Xcode/DerivedData/SDKStatCaches.noindex/iphoneos18.5-22F76-7fa4eea80a99bbfdc046826b63ec4baf.sdkstatcache -output-file-map /Users/harishvishwakarma/Library/Developer/Xcode/DerivedData/Revolt-dharrjsambcimaaziudpvzjdcigm/Build/Intermediates.noindex/SwiftyCrop.build/Debug-iphoneos/SwiftyCrop.build/Objects-normal/arm64/SwiftyCrop-OutputFileMap.json -use-frontend-parseable-output -save-temps -no-color-diagnostics -serialize-diagnostics -emit-dependencies -emit-module -emit-module-path /Users/harishvishwakarma/Library/Developer/Xcode/DerivedData/Revolt-dharrjsambcimaaziudpvzjdcigm/Build/Intermediates.noindex/SwiftyCrop.build/Debug-iphoneos/SwiftyCrop.build/Objects-normal/arm64/SwiftyCrop.swiftmodule -validate-clang-modules-once -clang-build-session-file /Users/harishvishwakarma/Library/Developer/Xcode/DerivedData/ModuleCache.noindex/Session.modulevalidation -package-name swiftycrop -Xcc -I/Users/harishvishwakarma/Library/Developer/Xcode/DerivedData/Revolt-dharrjsambcimaaziudpvzjdcigm/Build/Intermediates.noindex/SwiftyCrop.build/Debug-iphoneos/SwiftyCrop.build/swift-overrides.hmap -emit-const-values -Xfrontend -const-gather-protocols-file -Xfrontend /Users/harishvishwakarma/Library/Developer/Xcode/DerivedData/Revolt-dharrjsambcimaaziudpvzjdcigm/Build/Intermediates.noindex/SwiftyCrop.build/Debug-iphoneos/SwiftyCrop.build/Objects-normal/arm64/SwiftyCrop_const_extract_protocols.json -Xcc -I/Users/harishvishwakarma/Library/Developer/Xcode/DerivedData/Revolt-dharrjsambcimaaziudpvzjdcigm/Build/Products/Debug-iphoneos/include -Xcc -I/Users/harishvishwakarma/Library/Developer/Xcode/DerivedData/Revolt-dharrjsambcimaaziudpvzjdcigm/Build/Intermediates.noindex/SwiftyCrop.build/Debug-iphoneos/SwiftyCrop.build/DerivedSources-normal/arm64 -Xcc -I/Users/harishvishwakarma/Library/Developer/Xcode/DerivedData/Revolt-dharrjsambcimaaziudpvzjdcigm/Build/Intermediates.noindex/SwiftyCrop.build/Debug-iphoneos/SwiftyCrop.build/DerivedSources/arm64 -Xcc -I/Users/harishvishwakarma/Library/Developer/Xcode/DerivedData/Revolt-dharrjsambcimaaziudpvzjdcigm/Build/Intermediates.noindex/SwiftyCrop.build/Debug-iphoneos/SwiftyCrop.build/DerivedSources -Xcc -DSWIFT_PACKAGE -Xcc -DDEBUG\=1 -emit-objc-header -emit-objc-header-path /Users/harishvishwakarma/Library/Developer/Xcode/DerivedData/Revolt-dharrjsambcimaaziudpvzjdcigm/Build/Intermediates.noindex/SwiftyCrop.build/Debug-iphoneos/SwiftyCrop.build/Objects-normal/arm64/SwiftyCrop-Swift.h -working-directory /Users/harishvishwakarma/Handy/Archem/pepchat-ios/Revolt.xcodeproj -experimental-emit-module-separately -disable-cmo

SwiftDriver SwiftUITooltip normal arm64 com.apple.xcode.tools.swift.compiler (in target 'SwiftUITooltip' from project 'SwiftUITooltip')
    cd /Users/harishvishwakarma/Handy/Archem/pepchat-ios/Revolt.xcodeproj
    builtin-SwiftDriver -- /Applications/Xcode.app/Contents/Developer/Toolchains/XcodeDefault.xctoolchain/usr/bin/swiftc -module-name SwiftUITooltip -Onone -enforce-exclusivity\=checked @/Users/harishvishwakarma/Library/Developer/Xcode/DerivedData/Revolt-dharrjsambcimaaziudpvzjdcigm/Build/Intermediates.noindex/SwiftUITooltip.build/Debug-iphoneos/SwiftUITooltip.build/Objects-normal/arm64/SwiftUITooltip.SwiftFileList -DSWIFT_PACKAGE -DDEBUG -DXcode -plugin-path /Applications/Xcode.app/Contents/Developer/Toolchains/XcodeDefault.xctoolchain/usr/lib/swift/host/plugins/testing -enable-experimental-feature DebugDescriptionMacro -sdk /Applications/Xcode.app/Contents/Developer/Platforms/iPhoneOS.platform/Developer/SDKs/iPhoneOS18.5.sdk -target arm64-apple-ios13.0 -g -module-cache-path /Users/harishvishwakarma/Library/Developer/Xcode/DerivedData/ModuleCache.noindex -Xfrontend -serialize-debugging-options -enable-testing -suppress-warnings -index-store-path /Users/harishvishwakarma/Library/Developer/Xcode/DerivedData/Revolt-dharrjsambcimaaziudpvzjdcigm/Index.noindex/DataStore -swift-version 5 -I /Users/harishvishwakarma/Library/Developer/Xcode/DerivedData/Revolt-dharrjsambcimaaziudpvzjdcigm/Build/Products/Debug-iphoneos -I /Applications/Xcode.app/Contents/Developer/Platforms/iPhoneOS.platform/Developer/usr/lib -F /Users/harishvishwakarma/Library/Developer/Xcode/DerivedData/Revolt-dharrjsambcimaaziudpvzjdcigm/Build/Products/Debug-iphoneos -F /Applications/Xcode.app/Contents/Developer/Platforms/iPhoneOS.platform/Developer/Library/Frameworks -F /Applications/Xcode.app/Contents/Developer/Platforms/iPhoneOS.platform/Developer/SDKs/iPhoneOS18.5.sdk/Developer/Library/Frameworks -c -j12 -enable-batch-mode -incremental -Xcc -ivfsstatcache -Xcc /Users/harishvishwakarma/Library/Developer/Xcode/DerivedData/SDKStatCaches.noindex/iphoneos18.5-22F76-7fa4eea80a99bbfdc046826b63ec4baf.sdkstatcache -output-file-map /Users/harishvishwakarma/Library/Developer/Xcode/DerivedData/Revolt-dharrjsambcimaaziudpvzjdcigm/Build/Intermediates.noindex/SwiftUITooltip.build/Debug-iphoneos/SwiftUITooltip.build/Objects-normal/arm64/SwiftUITooltip-OutputFileMap.json -use-frontend-parseable-output -save-temps -no-color-diagnostics -serialize-diagnostics -emit-dependencies -emit-module -emit-module-path /Users/harishvishwakarma/Library/Developer/Xcode/DerivedData/Revolt-dharrjsambcimaaziudpvzjdcigm/Build/Intermediates.noindex/SwiftUITooltip.build/Debug-iphoneos/SwiftUITooltip.build/Objects-normal/arm64/SwiftUITooltip.swiftmodule -validate-clang-modules-once -clang-build-session-file /Users/harishvishwakarma/Library/Developer/Xcode/DerivedData/ModuleCache.noindex/Session.modulevalidation -Xcc -I/Users/harishvishwakarma/Library/Developer/Xcode/DerivedData/Revolt-dharrjsambcimaaziudpvzjdcigm/Build/Intermediates.noindex/SwiftUITooltip.build/Debug-iphoneos/SwiftUITooltip.build/swift-overrides.hmap -emit-const-values -Xfrontend -const-gather-protocols-file -Xfrontend /Users/harishvishwakarma/Library/Developer/Xcode/DerivedData/Revolt-dharrjsambcimaaziudpvzjdcigm/Build/Intermediates.noindex/SwiftUITooltip.build/Debug-iphoneos/SwiftUITooltip.build/Objects-normal/arm64/SwiftUITooltip_const_extract_protocols.json -Xcc -I/Users/harishvishwakarma/Library/Developer/Xcode/DerivedData/Revolt-dharrjsambcimaaziudpvzjdcigm/Build/Products/Debug-iphoneos/include -Xcc -I/Users/harishvishwakarma/Library/Developer/Xcode/DerivedData/Revolt-dharrjsambcimaaziudpvzjdcigm/Build/Intermediates.noindex/SwiftUITooltip.build/Debug-iphoneos/SwiftUITooltip.build/DerivedSources-normal/arm64 -Xcc -I/Users/harishvishwakarma/Library/Developer/Xcode/DerivedData/Revolt-dharrjsambcimaaziudpvzjdcigm/Build/Intermediates.noindex/SwiftUITooltip.build/Debug-iphoneos/SwiftUITooltip.build/DerivedSources/arm64 -Xcc -I/Users/harishvishwakarma/Library/Developer/Xcode/DerivedData/Revolt-dharrjsambcimaaziudpvzjdcigm/Build/Intermediates.noindex/SwiftUITooltip.build/Debug-iphoneos/SwiftUITooltip.build/DerivedSources -Xcc -DSWIFT_PACKAGE -Xcc -DDEBUG\=1 -emit-objc-header -emit-objc-header-path /Users/harishvishwakarma/Library/Developer/Xcode/DerivedData/Revolt-dharrjsambcimaaziudpvzjdcigm/Build/Intermediates.noindex/SwiftUITooltip.build/Debug-iphoneos/SwiftUITooltip.build/Objects-normal/arm64/SwiftUITooltip-Swift.h -working-directory /Users/harishvishwakarma/Handy/Archem/pepchat-ios/Revolt.xcodeproj -experimental-emit-module-separately -disable-cmo

SwiftDriver SwiftUIMasonry normal arm64 com.apple.xcode.tools.swift.compiler (in target 'SwiftUIMasonry' from project 'SwiftUIMasonry')
    cd /Users/harishvishwakarma/Handy/Archem/pepchat-ios/Revolt.xcodeproj
    builtin-SwiftDriver -- /Applications/Xcode.app/Contents/Developer/Toolchains/XcodeDefault.xctoolchain/usr/bin/swiftc -module-name SwiftUIMasonry -Onone -enforce-exclusivity\=checked @/Users/harishvishwakarma/Library/Developer/Xcode/DerivedData/Revolt-dharrjsambcimaaziudpvzjdcigm/Build/Intermediates.noindex/SwiftUIMasonry.build/Debug-iphoneos/SwiftUIMasonry.build/Objects-normal/arm64/SwiftUIMasonry.SwiftFileList -DSWIFT_PACKAGE -DDEBUG -DXcode -plugin-path /Applications/Xcode.app/Contents/Developer/Toolchains/XcodeDefault.xctoolchain/usr/lib/swift/host/plugins/testing -enable-experimental-feature DebugDescriptionMacro -sdk /Applications/Xcode.app/Contents/Developer/Platforms/iPhoneOS.platform/Developer/SDKs/iPhoneOS18.5.sdk -target arm64-apple-ios14.0 -g -module-cache-path /Users/harishvishwakarma/Library/Developer/Xcode/DerivedData/ModuleCache.noindex -Xfrontend -serialize-debugging-options -enable-testing -suppress-warnings -index-store-path /Users/harishvishwakarma/Library/Developer/Xcode/DerivedData/Revolt-dharrjsambcimaaziudpvzjdcigm/Index.noindex/DataStore -swift-version 5 -I /Users/harishvishwakarma/Library/Developer/Xcode/DerivedData/Revolt-dharrjsambcimaaziudpvzjdcigm/Build/Products/Debug-iphoneos -I /Applications/Xcode.app/Contents/Developer/Platforms/iPhoneOS.platform/Developer/usr/lib -F /Users/harishvishwakarma/Library/Developer/Xcode/DerivedData/Revolt-dharrjsambcimaaziudpvzjdcigm/Build/Products/Debug-iphoneos -F /Applications/Xcode.app/Contents/Developer/Platforms/iPhoneOS.platform/Developer/Library/Frameworks -F /Applications/Xcode.app/Contents/Developer/Platforms/iPhoneOS.platform/Developer/SDKs/iPhoneOS18.5.sdk/Developer/Library/Frameworks -c -j12 -enable-batch-mode -incremental -Xcc -ivfsstatcache -Xcc /Users/harishvishwakarma/Library/Developer/Xcode/DerivedData/SDKStatCaches.noindex/iphoneos18.5-22F76-7fa4eea80a99bbfdc046826b63ec4baf.sdkstatcache -output-file-map /Users/harishvishwakarma/Library/Developer/Xcode/DerivedData/Revolt-dharrjsambcimaaziudpvzjdcigm/Build/Intermediates.noindex/SwiftUIMasonry.build/Debug-iphoneos/SwiftUIMasonry.build/Objects-normal/arm64/SwiftUIMasonry-OutputFileMap.json -use-frontend-parseable-output -save-temps -no-color-diagnostics -serialize-diagnostics -emit-dependencies -emit-module -emit-module-path /Users/harishvishwakarma/Library/Developer/Xcode/DerivedData/Revolt-dharrjsambcimaaziudpvzjdcigm/Build/Intermediates.noindex/SwiftUIMasonry.build/Debug-iphoneos/SwiftUIMasonry.build/Objects-normal/arm64/SwiftUIMasonry.swiftmodule -validate-clang-modules-once -clang-build-session-file /Users/harishvishwakarma/Library/Developer/Xcode/DerivedData/ModuleCache.noindex/Session.modulevalidation -Xcc -I/Users/harishvishwakarma/Library/Developer/Xcode/DerivedData/Revolt-dharrjsambcimaaziudpvzjdcigm/Build/Intermediates.noindex/SwiftUIMasonry.build/Debug-iphoneos/SwiftUIMasonry.build/swift-overrides.hmap -emit-const-values -Xfrontend -const-gather-protocols-file -Xfrontend /Users/harishvishwakarma/Library/Developer/Xcode/DerivedData/Revolt-dharrjsambcimaaziudpvzjdcigm/Build/Intermediates.noindex/SwiftUIMasonry.build/Debug-iphoneos/SwiftUIMasonry.build/Objects-normal/arm64/SwiftUIMasonry_const_extract_protocols.json -Xcc -I/Users/harishvishwakarma/Library/Developer/Xcode/DerivedData/Revolt-dharrjsambcimaaziudpvzjdcigm/Build/Products/Debug-iphoneos/include -Xcc -I/Users/harishvishwakarma/Library/Developer/Xcode/DerivedData/Revolt-dharrjsambcimaaziudpvzjdcigm/Build/Intermediates.noindex/SwiftUIMasonry.build/Debug-iphoneos/SwiftUIMasonry.build/DerivedSources-normal/arm64 -Xcc -I/Users/harishvishwakarma/Library/Developer/Xcode/DerivedData/Revolt-dharrjsambcimaaziudpvzjdcigm/Build/Intermediates.noindex/SwiftUIMasonry.build/Debug-iphoneos/SwiftUIMasonry.build/DerivedSources/arm64 -Xcc -I/Users/harishvishwakarma/Library/Developer/Xcode/DerivedData/Revolt-dharrjsambcimaaziudpvzjdcigm/Build/Intermediates.noindex/SwiftUIMasonry.build/Debug-iphoneos/SwiftUIMasonry.build/DerivedSources -Xcc -DSWIFT_PACKAGE -Xcc -DDEBUG\=1 -emit-objc-header -emit-objc-header-path /Users/harishvishwakarma/Library/Developer/Xcode/DerivedData/Revolt-dharrjsambcimaaziudpvzjdcigm/Build/Intermediates.noindex/SwiftUIMasonry.build/Debug-iphoneos/SwiftUIMasonry.build/Objects-normal/arm64/SwiftUIMasonry-Swift.h -working-directory /Users/harishvishwakarma/Handy/Archem/pepchat-ios/Revolt.xcodeproj -experimental-emit-module-separately -disable-cmo

SwiftDriver SwiftUIFlow normal arm64 com.apple.xcode.tools.swift.compiler (in target 'SwiftUIFlow' from project 'SwiftUIFlow')
    cd /Users/harishvishwakarma/Handy/Archem/pepchat-ios/Revolt.xcodeproj
    builtin-SwiftDriver -- /Applications/Xcode.app/Contents/Developer/Toolchains/XcodeDefault.xctoolchain/usr/bin/swiftc -module-name SwiftUIFlow -Onone -enforce-exclusivity\=checked @/Users/harishvishwakarma/Library/Developer/Xcode/DerivedData/Revolt-dharrjsambcimaaziudpvzjdcigm/Build/Intermediates.noindex/SwiftUIFlow.build/Debug-iphoneos/SwiftUIFlow.build/Objects-normal/arm64/SwiftUIFlow.SwiftFileList -DSWIFT_PACKAGE -DDEBUG -DXcode -plugin-path /Applications/Xcode.app/Contents/Developer/Toolchains/XcodeDefault.xctoolchain/usr/lib/swift/host/plugins/testing -enable-experimental-feature DebugDescriptionMacro -sdk /Applications/Xcode.app/Contents/Developer/Platforms/iPhoneOS.platform/Developer/SDKs/iPhoneOS18.5.sdk -target arm64-apple-ios14.0 -g -module-cache-path /Users/harishvishwakarma/Library/Developer/Xcode/DerivedData/ModuleCache.noindex -Xfrontend -serialize-debugging-options -enable-testing -suppress-warnings -index-store-path /Users/harishvishwakarma/Library/Developer/Xcode/DerivedData/Revolt-dharrjsambcimaaziudpvzjdcigm/Index.noindex/DataStore -swift-version 5 -I /Users/harishvishwakarma/Library/Developer/Xcode/DerivedData/Revolt-dharrjsambcimaaziudpvzjdcigm/Build/Products/Debug-iphoneos -I /Applications/Xcode.app/Contents/Developer/Platforms/iPhoneOS.platform/Developer/usr/lib -F /Users/harishvishwakarma/Library/Developer/Xcode/DerivedData/Revolt-dharrjsambcimaaziudpvzjdcigm/Build/Products/Debug-iphoneos -F /Applications/Xcode.app/Contents/Developer/Platforms/iPhoneOS.platform/Developer/Library/Frameworks -F /Applications/Xcode.app/Contents/Developer/Platforms/iPhoneOS.platform/Developer/SDKs/iPhoneOS18.5.sdk/Developer/Library/Frameworks -c -j12 -enable-batch-mode -incremental -Xcc -ivfsstatcache -Xcc /Users/harishvishwakarma/Library/Developer/Xcode/DerivedData/SDKStatCaches.noindex/iphoneos18.5-22F76-7fa4eea80a99bbfdc046826b63ec4baf.sdkstatcache -output-file-map /Users/harishvishwakarma/Library/Developer/Xcode/DerivedData/Revolt-dharrjsambcimaaziudpvzjdcigm/Build/Intermediates.noindex/SwiftUIFlow.build/Debug-iphoneos/SwiftUIFlow.build/Objects-normal/arm64/SwiftUIFlow-OutputFileMap.json -use-frontend-parseable-output -save-temps -no-color-diagnostics -serialize-diagnostics -emit-dependencies -emit-module -emit-module-path /Users/harishvishwakarma/Library/Developer/Xcode/DerivedData/Revolt-dharrjsambcimaaziudpvzjdcigm/Build/Intermediates.noindex/SwiftUIFlow.build/Debug-iphoneos/SwiftUIFlow.build/Objects-normal/arm64/SwiftUIFlow.swiftmodule -validate-clang-modules-once -clang-build-session-file /Users/harishvishwakarma/Library/Developer/Xcode/DerivedData/ModuleCache.noindex/Session.modulevalidation -Xcc -I/Users/harishvishwakarma/Library/Developer/Xcode/DerivedData/Revolt-dharrjsambcimaaziudpvzjdcigm/Build/Intermediates.noindex/SwiftUIFlow.build/Debug-iphoneos/SwiftUIFlow.build/swift-overrides.hmap -emit-const-values -Xfrontend -const-gather-protocols-file -Xfrontend /Users/harishvishwakarma/Library/Developer/Xcode/DerivedData/Revolt-dharrjsambcimaaziudpvzjdcigm/Build/Intermediates.noindex/SwiftUIFlow.build/Debug-iphoneos/SwiftUIFlow.build/Objects-normal/arm64/SwiftUIFlow_const_extract_protocols.json -Xcc -I/Users/harishvishwakarma/Library/Developer/Xcode/DerivedData/Revolt-dharrjsambcimaaziudpvzjdcigm/Build/Products/Debug-iphoneos/include -Xcc -I/Users/harishvishwakarma/Library/Developer/Xcode/DerivedData/Revolt-dharrjsambcimaaziudpvzjdcigm/Build/Intermediates.noindex/SwiftUIFlow.build/Debug-iphoneos/SwiftUIFlow.build/DerivedSources-normal/arm64 -Xcc -I/Users/harishvishwakarma/Library/Developer/Xcode/DerivedData/Revolt-dharrjsambcimaaziudpvzjdcigm/Build/Intermediates.noindex/SwiftUIFlow.build/Debug-iphoneos/SwiftUIFlow.build/DerivedSources/arm64 -Xcc -I/Users/harishvishwakarma/Library/Developer/Xcode/DerivedData/Revolt-dharrjsambcimaaziudpvzjdcigm/Build/Intermediates.noindex/SwiftUIFlow.build/Debug-iphoneos/SwiftUIFlow.build/DerivedSources -Xcc -DSWIFT_PACKAGE -Xcc -DDEBUG\=1 -emit-objc-header -emit-objc-header-path /Users/harishvishwakarma/Library/Developer/Xcode/DerivedData/Revolt-dharrjsambcimaaziudpvzjdcigm/Build/Intermediates.noindex/SwiftUIFlow.build/Debug-iphoneos/SwiftUIFlow.build/Objects-normal/arm64/SwiftUIFlow-Swift.h -working-directory /Users/harishvishwakarma/Handy/Archem/pepchat-ios/Revolt.xcodeproj -experimental-emit-module-separately -disable-cmo

SwiftDriver SwiftUIIntrospect normal arm64 com.apple.xcode.tools.swift.compiler (in target 'SwiftUIIntrospect' from project 'swiftui-introspect')
    cd /Users/harishvishwakarma/Handy/Archem/pepchat-ios/Revolt.xcodeproj
    builtin-SwiftDriver -- /Applications/Xcode.app/Contents/Developer/Toolchains/XcodeDefault.xctoolchain/usr/bin/swiftc -module-name SwiftUIIntrospect -Onone -enforce-exclusivity\=checked @/Users/harishvishwakarma/Library/Developer/Xcode/DerivedData/Revolt-dharrjsambcimaaziudpvzjdcigm/Build/Intermediates.noindex/swiftui-introspect.build/Debug-iphoneos/SwiftUIIntrospect.build/Objects-normal/arm64/SwiftUIIntrospect.SwiftFileList -DSWIFT_PACKAGE -DDEBUG -DXcode -plugin-path /Applications/Xcode.app/Contents/Developer/Toolchains/XcodeDefault.xctoolchain/usr/lib/swift/host/plugins/testing -enable-experimental-feature DebugDescriptionMacro -sdk /Applications/Xcode.app/Contents/Developer/Platforms/iPhoneOS.platform/Developer/SDKs/iPhoneOS18.5.sdk -target arm64-apple-ios13.0 -g -module-cache-path /Users/harishvishwakarma/Library/Developer/Xcode/DerivedData/ModuleCache.noindex -Xfrontend -serialize-debugging-options -enable-testing -suppress-warnings -index-store-path /Users/harishvishwakarma/Library/Developer/Xcode/DerivedData/Revolt-dharrjsambcimaaziudpvzjdcigm/Index.noindex/DataStore -swift-version 6 -I /Users/harishvishwakarma/Library/Developer/Xcode/DerivedData/Revolt-dharrjsambcimaaziudpvzjdcigm/Build/Products/Debug-iphoneos -I /Applications/Xcode.app/Contents/Developer/Platforms/iPhoneOS.platform/Developer/usr/lib -F /Users/harishvishwakarma/Library/Developer/Xcode/DerivedData/Revolt-dharrjsambcimaaziudpvzjdcigm/Build/Products/Debug-iphoneos -F /Applications/Xcode.app/Contents/Developer/Platforms/iPhoneOS.platform/Developer/Library/Frameworks -F /Applications/Xcode.app/Contents/Developer/Platforms/iPhoneOS.platform/Developer/SDKs/iPhoneOS18.5.sdk/Developer/Library/Frameworks -c -j12 -enable-batch-mode -incremental -Xcc -ivfsstatcache -Xcc /Users/harishvishwakarma/Library/Developer/Xcode/DerivedData/SDKStatCaches.noindex/iphoneos18.5-22F76-7fa4eea80a99bbfdc046826b63ec4baf.sdkstatcache -output-file-map /Users/harishvishwakarma/Library/Developer/Xcode/DerivedData/Revolt-dharrjsambcimaaziudpvzjdcigm/Build/Intermediates.noindex/swiftui-introspect.build/Debug-iphoneos/SwiftUIIntrospect.build/Objects-normal/arm64/SwiftUIIntrospect-OutputFileMap.json -use-frontend-parseable-output -save-temps -no-color-diagnostics -serialize-diagnostics -emit-dependencies -emit-module -emit-module-path /Users/harishvishwakarma/Library/Developer/Xcode/DerivedData/Revolt-dharrjsambcimaaziudpvzjdcigm/Build/Intermediates.noindex/swiftui-introspect.build/Debug-iphoneos/SwiftUIIntrospect.build/Objects-normal/arm64/SwiftUIIntrospect.swiftmodule -user-module-version 1.3.0 -validate-clang-modules-once -clang-build-session-file /Users/harishvishwakarma/Library/Developer/Xcode/DerivedData/ModuleCache.noindex/Session.modulevalidation -package-name swiftui_introspect -Xcc -I/Users/harishvishwakarma/Library/Developer/Xcode/DerivedData/Revolt-dharrjsambcimaaziudpvzjdcigm/Build/Intermediates.noindex/swiftui-introspect.build/Debug-iphoneos/SwiftUIIntrospect.build/swift-overrides.hmap -emit-const-values -Xfrontend -const-gather-protocols-file -Xfrontend /Users/harishvishwakarma/Library/Developer/Xcode/DerivedData/Revolt-dharrjsambcimaaziudpvzjdcigm/Build/Intermediates.noindex/swiftui-introspect.build/Debug-iphoneos/SwiftUIIntrospect.build/Objects-normal/arm64/SwiftUIIntrospect_const_extract_protocols.json -Xcc -I/Users/harishvishwakarma/Library/Developer/Xcode/DerivedData/Revolt-dharrjsambcimaaziudpvzjdcigm/Build/Products/Debug-iphoneos/include -Xcc -I/Users/harishvishwakarma/Library/Developer/Xcode/DerivedData/Revolt-dharrjsambcimaaziudpvzjdcigm/Build/Intermediates.noindex/swiftui-introspect.build/Debug-iphoneos/SwiftUIIntrospect.build/DerivedSources-normal/arm64 -Xcc -I/Users/harishvishwakarma/Library/Developer/Xcode/DerivedData/Revolt-dharrjsambcimaaziudpvzjdcigm/Build/Intermediates.noindex/swiftui-introspect.build/Debug-iphoneos/SwiftUIIntrospect.build/DerivedSources/arm64 -Xcc -I/Users/harishvishwakarma/Library/Developer/Xcode/DerivedData/Revolt-dharrjsambcimaaziudpvzjdcigm/Build/Intermediates.noindex/swiftui-introspect.build/Debug-iphoneos/SwiftUIIntrospect.build/DerivedSources -Xcc -DSWIFT_PACKAGE -Xcc -DDEBUG\=1 -emit-objc-header -emit-objc-header-path /Users/harishvishwakarma/Library/Developer/Xcode/DerivedData/Revolt-dharrjsambcimaaziudpvzjdcigm/Build/Intermediates.noindex/swiftui-introspect.build/Debug-iphoneos/SwiftUIIntrospect.build/Objects-normal/arm64/SwiftUIIntrospect-Swift.h -working-directory /Users/harishvishwakarma/Handy/Archem/pepchat-ios/Revolt.xcodeproj -experimental-emit-module-separately -disable-cmo

SwiftDriver SwiftSyntax509 normal arm64 com.apple.xcode.tools.swift.compiler (in target 'SwiftSyntax509' from project 'swift-syntax')
    cd /Users/harishvishwakarma/Handy/Archem/pepchat-ios/Revolt.xcodeproj
    builtin-SwiftDriver -- /Applications/Xcode.app/Contents/Developer/Toolchains/XcodeDefault.xctoolchain/usr/bin/swiftc -module-name SwiftSyntax509 -Onone -enforce-exclusivity\=checked @/Users/harishvishwakarma/Library/Developer/Xcode/DerivedData/Revolt-dharrjsambcimaaziudpvzjdcigm/Build/Intermediates.noindex/swift-syntax.build/Debug/SwiftSyntax509.build/Objects-normal/arm64/SwiftSyntax509.SwiftFileList -DSWIFT_PACKAGE -DDEBUG -DXcode -plugin-path /Applications/Xcode.app/Contents/Developer/Toolchains/XcodeDefault.xctoolchain/usr/lib/swift/host/plugins/testing -enable-experimental-feature DebugDescriptionMacro -sdk /Applications/Xcode.app/Contents/Developer/Platforms/MacOSX.platform/Developer/SDKs/MacOSX15.5.sdk -target arm64-apple-macos10.15 -g -module-cache-path /Users/harishvishwakarma/Library/Developer/Xcode/DerivedData/ModuleCache.noindex -Xfrontend -serialize-debugging-options -enable-testing -suppress-warnings -index-store-path /Users/harishvishwakarma/Library/Developer/Xcode/DerivedData/Revolt-dharrjsambcimaaziudpvzjdcigm/Index.noindex/DataStore -swift-version 5 -I /Users/harishvishwakarma/Library/Developer/Xcode/DerivedData/Revolt-dharrjsambcimaaziudpvzjdcigm/Build/Products/Debug -I /Applications/Xcode.app/Contents/Developer/Platforms/MacOSX.platform/Developer/usr/lib -F /Users/harishvishwakarma/Library/Developer/Xcode/DerivedData/Revolt-dharrjsambcimaaziudpvzjdcigm/Build/Products/Debug -F /Applications/Xcode.app/Contents/Developer/Platforms/MacOSX.platform/Developer/Library/Frameworks -parse-as-library -c -j12 -enable-batch-mode -incremental -Xcc -ivfsstatcache -Xcc /Users/harishvishwakarma/Library/Developer/Xcode/DerivedData/SDKStatCaches.noindex/macosx15.5-24F74-8254517eb8b97d462ccbc072ba9094c9.sdkstatcache -output-file-map /Users/harishvishwakarma/Library/Developer/Xcode/DerivedData/Revolt-dharrjsambcimaaziudpvzjdcigm/Build/Intermediates.noindex/swift-syntax.build/Debug/SwiftSyntax509.build/Objects-normal/arm64/SwiftSyntax509-OutputFileMap.json -use-frontend-parseable-output -save-temps -no-color-diagnostics -serialize-diagnostics -emit-dependencies -emit-module -emit-module-path /Users/harishvishwakarma/Library/Developer/Xcode/DerivedData/Revolt-dharrjsambcimaaziudpvzjdcigm/Build/Intermediates.noindex/swift-syntax.build/Debug/SwiftSyntax509.build/Objects-normal/arm64/SwiftSyntax509.swiftmodule -validate-clang-modules-once -clang-build-session-file /Users/harishvishwakarma/Library/Developer/Xcode/DerivedData/ModuleCache.noindex/Session.modulevalidation -Xcc -I/Users/harishvishwakarma/Library/Developer/Xcode/DerivedData/Revolt-dharrjsambcimaaziudpvzjdcigm/Build/Intermediates.noindex/swift-syntax.build/Debug/SwiftSyntax509.build/swift-overrides.hmap -emit-const-values -Xfrontend -const-gather-protocols-file -Xfrontend /Users/harishvishwakarma/Library/Developer/Xcode/DerivedData/Revolt-dharrjsambcimaaziudpvzjdcigm/Build/Intermediates.noindex/swift-syntax.build/Debug/SwiftSyntax509.build/Objects-normal/arm64/SwiftSyntax509_const_extract_protocols.json -Xcc -I/Users/harishvishwakarma/Library/Developer/Xcode/DerivedData/Revolt-dharrjsambcimaaziudpvzjdcigm/Build/Products/Debug/include -Xcc -I/Users/harishvishwakarma/Library/Developer/Xcode/DerivedData/Revolt-dharrjsambcimaaziudpvzjdcigm/Build/Intermediates.noindex/swift-syntax.build/Debug/SwiftSyntax509.build/DerivedSources-normal/arm64 -Xcc -I/Users/harishvishwakarma/Library/Developer/Xcode/DerivedData/Revolt-dharrjsambcimaaziudpvzjdcigm/Build/Intermediates.noindex/swift-syntax.build/Debug/SwiftSyntax509.build/DerivedSources/arm64 -Xcc -I/Users/harishvishwakarma/Library/Developer/Xcode/DerivedData/Revolt-dharrjsambcimaaziudpvzjdcigm/Build/Intermediates.noindex/swift-syntax.build/Debug/SwiftSyntax509.build/DerivedSources -Xcc -DSWIFT_PACKAGE -Xcc -DDEBUG\=1 -emit-objc-header -emit-objc-header-path /Users/harishvishwakarma/Library/Developer/Xcode/DerivedData/Revolt-dharrjsambcimaaziudpvzjdcigm/Build/Intermediates.noindex/swift-syntax.build/Debug/SwiftSyntax509.build/Objects-normal/arm64/SwiftSyntax509-Swift.h -working-directory /Users/harishvishwakarma/Handy/Archem/pepchat-ios/Revolt.xcodeproj -experimental-emit-module-separately -disable-cmo

SwiftDriver SwiftSyntax509 normal x86_64 com.apple.xcode.tools.swift.compiler (in target 'SwiftSyntax509' from project 'swift-syntax')
    cd /Users/harishvishwakarma/Handy/Archem/pepchat-ios/Revolt.xcodeproj
    builtin-SwiftDriver -- /Applications/Xcode.app/Contents/Developer/Toolchains/XcodeDefault.xctoolchain/usr/bin/swiftc -module-name SwiftSyntax509 -Onone -enforce-exclusivity\=checked @/Users/harishvishwakarma/Library/Developer/Xcode/DerivedData/Revolt-dharrjsambcimaaziudpvzjdcigm/Build/Intermediates.noindex/swift-syntax.build/Debug/SwiftSyntax509.build/Objects-normal/x86_64/SwiftSyntax509.SwiftFileList -DSWIFT_PACKAGE -DDEBUG -DXcode -plugin-path /Applications/Xcode.app/Contents/Developer/Toolchains/XcodeDefault.xctoolchain/usr/lib/swift/host/plugins/testing -enable-experimental-feature DebugDescriptionMacro -sdk /Applications/Xcode.app/Contents/Developer/Platforms/MacOSX.platform/Developer/SDKs/MacOSX15.5.sdk -target x86_64-apple-macos10.15 -g -module-cache-path /Users/harishvishwakarma/Library/Developer/Xcode/DerivedData/ModuleCache.noindex -Xfrontend -serialize-debugging-options -enable-testing -suppress-warnings -index-store-path /Users/harishvishwakarma/Library/Developer/Xcode/DerivedData/Revolt-dharrjsambcimaaziudpvzjdcigm/Index.noindex/DataStore -swift-version 5 -I /Users/harishvishwakarma/Library/Developer/Xcode/DerivedData/Revolt-dharrjsambcimaaziudpvzjdcigm/Build/Products/Debug -I /Applications/Xcode.app/Contents/Developer/Platforms/MacOSX.platform/Developer/usr/lib -F /Users/harishvishwakarma/Library/Developer/Xcode/DerivedData/Revolt-dharrjsambcimaaziudpvzjdcigm/Build/Products/Debug -F /Applications/Xcode.app/Contents/Developer/Platforms/MacOSX.platform/Developer/Library/Frameworks -parse-as-library -c -j12 -enable-batch-mode -incremental -Xcc -ivfsstatcache -Xcc /Users/harishvishwakarma/Library/Developer/Xcode/DerivedData/SDKStatCaches.noindex/macosx15.5-24F74-8254517eb8b97d462ccbc072ba9094c9.sdkstatcache -output-file-map /Users/harishvishwakarma/Library/Developer/Xcode/DerivedData/Revolt-dharrjsambcimaaziudpvzjdcigm/Build/Intermediates.noindex/swift-syntax.build/Debug/SwiftSyntax509.build/Objects-normal/x86_64/SwiftSyntax509-OutputFileMap.json -use-frontend-parseable-output -save-temps -no-color-diagnostics -serialize-diagnostics -emit-dependencies -emit-module -emit-module-path /Users/harishvishwakarma/Library/Developer/Xcode/DerivedData/Revolt-dharrjsambcimaaziudpvzjdcigm/Build/Intermediates.noindex/swift-syntax.build/Debug/SwiftSyntax509.build/Objects-normal/x86_64/SwiftSyntax509.swiftmodule -validate-clang-modules-once -clang-build-session-file /Users/harishvishwakarma/Library/Developer/Xcode/DerivedData/ModuleCache.noindex/Session.modulevalidation -Xcc -I/Users/harishvishwakarma/Library/Developer/Xcode/DerivedData/Revolt-dharrjsambcimaaziudpvzjdcigm/Build/Intermediates.noindex/swift-syntax.build/Debug/SwiftSyntax509.build/swift-overrides.hmap -emit-const-values -Xfrontend -const-gather-protocols-file -Xfrontend /Users/harishvishwakarma/Library/Developer/Xcode/DerivedData/Revolt-dharrjsambcimaaziudpvzjdcigm/Build/Intermediates.noindex/swift-syntax.build/Debug/SwiftSyntax509.build/Objects-normal/x86_64/SwiftSyntax509_const_extract_protocols.json -Xcc -I/Users/harishvishwakarma/Library/Developer/Xcode/DerivedData/Revolt-dharrjsambcimaaziudpvzjdcigm/Build/Products/Debug/include -Xcc -I/Users/harishvishwakarma/Library/Developer/Xcode/DerivedData/Revolt-dharrjsambcimaaziudpvzjdcigm/Build/Intermediates.noindex/swift-syntax.build/Debug/SwiftSyntax509.build/DerivedSources-normal/x86_64 -Xcc -I/Users/harishvishwakarma/Library/Developer/Xcode/DerivedData/Revolt-dharrjsambcimaaziudpvzjdcigm/Build/Intermediates.noindex/swift-syntax.build/Debug/SwiftSyntax509.build/DerivedSources/x86_64 -Xcc -I/Users/harishvishwakarma/Library/Developer/Xcode/DerivedData/Revolt-dharrjsambcimaaziudpvzjdcigm/Build/Intermediates.noindex/swift-syntax.build/Debug/SwiftSyntax509.build/DerivedSources -Xcc -DSWIFT_PACKAGE -Xcc -DDEBUG\=1 -emit-objc-header -emit-objc-header-path /Users/harishvishwakarma/Library/Developer/Xcode/DerivedData/Revolt-dharrjsambcimaaziudpvzjdcigm/Build/Intermediates.noindex/swift-syntax.build/Debug/SwiftSyntax509.build/Objects-normal/x86_64/SwiftSyntax509-Swift.h -working-directory /Users/harishvishwakarma/Handy/Archem/pepchat-ios/Revolt.xcodeproj -experimental-emit-module-separately -disable-cmo

SwiftDriver SwiftParsec normal arm64 com.apple.xcode.tools.swift.compiler (in target 'SwiftParsec' from project 'SwiftParsec')
    cd /Users/harishvishwakarma/Handy/Archem/pepchat-ios/Revolt.xcodeproj
    builtin-SwiftDriver -- /Applications/Xcode.app/Contents/Developer/Toolchains/XcodeDefault.xctoolchain/usr/bin/swiftc -module-name SwiftParsec -Onone -enforce-exclusivity\=checked @/Users/harishvishwakarma/Library/Developer/Xcode/DerivedData/Revolt-dharrjsambcimaaziudpvzjdcigm/Build/Intermediates.noindex/SwiftParsec.build/Debug-iphoneos/SwiftParsec.build/Objects-normal/arm64/SwiftParsec.SwiftFileList -DSWIFT_PACKAGE -DDEBUG -DXcode -plugin-path /Applications/Xcode.app/Contents/Developer/Toolchains/XcodeDefault.xctoolchain/usr/lib/swift/host/plugins/testing -enable-experimental-feature DebugDescriptionMacro -sdk /Applications/Xcode.app/Contents/Developer/Platforms/iPhoneOS.platform/Developer/SDKs/iPhoneOS18.5.sdk -target arm64-apple-ios12.0 -g -module-cache-path /Users/harishvishwakarma/Library/Developer/Xcode/DerivedData/ModuleCache.noindex -Xfrontend -serialize-debugging-options -enable-testing -suppress-warnings -index-store-path /Users/harishvishwakarma/Library/Developer/Xcode/DerivedData/Revolt-dharrjsambcimaaziudpvzjdcigm/Index.noindex/DataStore -swift-version 4.2 -I /Users/harishvishwakarma/Library/Developer/Xcode/DerivedData/Revolt-dharrjsambcimaaziudpvzjdcigm/Build/Products/Debug-iphoneos -I /Applications/Xcode.app/Contents/Developer/Platforms/iPhoneOS.platform/Developer/usr/lib -F /Users/harishvishwakarma/Library/Developer/Xcode/DerivedData/Revolt-dharrjsambcimaaziudpvzjdcigm/Build/Products/Debug-iphoneos -F /Applications/Xcode.app/Contents/Developer/Platforms/iPhoneOS.platform/Developer/Library/Frameworks -F /Applications/Xcode.app/Contents/Developer/Platforms/iPhoneOS.platform/Developer/SDKs/iPhoneOS18.5.sdk/Developer/Library/Frameworks -c -j12 -enable-batch-mode -incremental -Xcc -ivfsstatcache -Xcc /Users/harishvishwakarma/Library/Developer/Xcode/DerivedData/SDKStatCaches.noindex/iphoneos18.5-22F76-7fa4eea80a99bbfdc046826b63ec4baf.sdkstatcache -output-file-map /Users/harishvishwakarma/Library/Developer/Xcode/DerivedData/Revolt-dharrjsambcimaaziudpvzjdcigm/Build/Intermediates.noindex/SwiftParsec.build/Debug-iphoneos/SwiftParsec.build/Objects-normal/arm64/SwiftParsec-OutputFileMap.json -use-frontend-parseable-output -save-temps -no-color-diagnostics -serialize-diagnostics -emit-dependencies -emit-module -emit-module-path /Users/harishvishwakarma/Library/Developer/Xcode/DerivedData/Revolt-dharrjsambcimaaziudpvzjdcigm/Build/Intermediates.noindex/SwiftParsec.build/Debug-iphoneos/SwiftParsec.build/Objects-normal/arm64/SwiftParsec.swiftmodule -validate-clang-modules-once -clang-build-session-file /Users/harishvishwakarma/Library/Developer/Xcode/DerivedData/ModuleCache.noindex/Session.modulevalidation -Xcc -I/Users/harishvishwakarma/Library/Developer/Xcode/DerivedData/Revolt-dharrjsambcimaaziudpvzjdcigm/Build/Intermediates.noindex/SwiftParsec.build/Debug-iphoneos/SwiftParsec.build/swift-overrides.hmap -emit-const-values -Xfrontend -const-gather-protocols-file -Xfrontend /Users/harishvishwakarma/Library/Developer/Xcode/DerivedData/Revolt-dharrjsambcimaaziudpvzjdcigm/Build/Intermediates.noindex/SwiftParsec.build/Debug-iphoneos/SwiftParsec.build/Objects-normal/arm64/SwiftParsec_const_extract_protocols.json -Xcc -I/Users/harishvishwakarma/Library/Developer/Xcode/DerivedData/Revolt-dharrjsambcimaaziudpvzjdcigm/Build/Products/Debug-iphoneos/include -Xcc -I/Users/harishvishwakarma/Library/Developer/Xcode/DerivedData/Revolt-dharrjsambcimaaziudpvzjdcigm/Build/Intermediates.noindex/SwiftParsec.build/Debug-iphoneos/SwiftParsec.build/DerivedSources-normal/arm64 -Xcc -I/Users/harishvishwakarma/Library/Developer/Xcode/DerivedData/Revolt-dharrjsambcimaaziudpvzjdcigm/Build/Intermediates.noindex/SwiftParsec.build/Debug-iphoneos/SwiftParsec.build/DerivedSources/arm64 -Xcc -I/Users/harishvishwakarma/Library/Developer/Xcode/DerivedData/Revolt-dharrjsambcimaaziudpvzjdcigm/Build/Intermediates.noindex/SwiftParsec.build/Debug-iphoneos/SwiftParsec.build/DerivedSources -Xcc -DSWIFT_PACKAGE -Xcc -DDEBUG\=1 -emit-objc-header -emit-objc-header-path /Users/harishvishwakarma/Library/Developer/Xcode/DerivedData/Revolt-dharrjsambcimaaziudpvzjdcigm/Build/Intermediates.noindex/SwiftParsec.build/Debug-iphoneos/SwiftParsec.build/Objects-normal/arm64/SwiftParsec-Swift.h -working-directory /Users/harishvishwakarma/Handy/Archem/pepchat-ios/Revolt.xcodeproj -experimental-emit-module-separately -disable-cmo

SwiftDriver SwiftCSV normal arm64 com.apple.xcode.tools.swift.compiler (in target 'SwiftCSV' from project 'SwiftCSV')
    cd /Users/harishvishwakarma/Handy/Archem/pepchat-ios/Revolt.xcodeproj
    builtin-SwiftDriver -- /Applications/Xcode.app/Contents/Developer/Toolchains/XcodeDefault.xctoolchain/usr/bin/swiftc -module-name SwiftCSV -Onone -enforce-exclusivity\=checked @/Users/harishvishwakarma/Library/Developer/Xcode/DerivedData/Revolt-dharrjsambcimaaziudpvzjdcigm/Build/Intermediates.noindex/SwiftCSV.build/Debug-iphoneos/SwiftCSV.build/Objects-normal/arm64/SwiftCSV.SwiftFileList -DSWIFT_PACKAGE -DDEBUG -DXcode -plugin-path /Applications/Xcode.app/Contents/Developer/Toolchains/XcodeDefault.xctoolchain/usr/lib/swift/host/plugins/testing -enable-experimental-feature DebugDescriptionMacro -sdk /Applications/Xcode.app/Contents/Developer/Platforms/iPhoneOS.platform/Developer/SDKs/iPhoneOS18.5.sdk -target arm64-apple-ios12.0 -g -module-cache-path /Users/harishvishwakarma/Library/Developer/Xcode/DerivedData/ModuleCache.noindex -Xfrontend -serialize-debugging-options -enable-testing -suppress-warnings -index-store-path /Users/harishvishwakarma/Library/Developer/Xcode/DerivedData/Revolt-dharrjsambcimaaziudpvzjdcigm/Index.noindex/DataStore -swift-version 5 -I /Users/harishvishwakarma/Library/Developer/Xcode/DerivedData/Revolt-dharrjsambcimaaziudpvzjdcigm/Build/Products/Debug-iphoneos -I /Applications/Xcode.app/Contents/Developer/Platforms/iPhoneOS.platform/Developer/usr/lib -F /Users/harishvishwakarma/Library/Developer/Xcode/DerivedData/Revolt-dharrjsambcimaaziudpvzjdcigm/Build/Products/Debug-iphoneos -F /Applications/Xcode.app/Contents/Developer/Platforms/iPhoneOS.platform/Developer/Library/Frameworks -F /Applications/Xcode.app/Contents/Developer/Platforms/iPhoneOS.platform/Developer/SDKs/iPhoneOS18.5.sdk/Developer/Library/Frameworks -c -j12 -enable-batch-mode -incremental -Xcc -ivfsstatcache -Xcc /Users/harishvishwakarma/Library/Developer/Xcode/DerivedData/SDKStatCaches.noindex/iphoneos18.5-22F76-7fa4eea80a99bbfdc046826b63ec4baf.sdkstatcache -output-file-map /Users/harishvishwakarma/Library/Developer/Xcode/DerivedData/Revolt-dharrjsambcimaaziudpvzjdcigm/Build/Intermediates.noindex/SwiftCSV.build/Debug-iphoneos/SwiftCSV.build/Objects-normal/arm64/SwiftCSV-OutputFileMap.json -use-frontend-parseable-output -save-temps -no-color-diagnostics -serialize-diagnostics -emit-dependencies -emit-module -emit-module-path /Users/harishvishwakarma/Library/Developer/Xcode/DerivedData/Revolt-dharrjsambcimaaziudpvzjdcigm/Build/Intermediates.noindex/SwiftCSV.build/Debug-iphoneos/SwiftCSV.build/Objects-normal/arm64/SwiftCSV.swiftmodule -validate-clang-modules-once -clang-build-session-file /Users/harishvishwakarma/Library/Developer/Xcode/DerivedData/ModuleCache.noindex/Session.modulevalidation -Xcc -I/Users/harishvishwakarma/Library/Developer/Xcode/DerivedData/Revolt-dharrjsambcimaaziudpvzjdcigm/Build/Intermediates.noindex/SwiftCSV.build/Debug-iphoneos/SwiftCSV.build/swift-overrides.hmap -emit-const-values -Xfrontend -const-gather-protocols-file -Xfrontend /Users/harishvishwakarma/Library/Developer/Xcode/DerivedData/Revolt-dharrjsambcimaaziudpvzjdcigm/Build/Intermediates.noindex/SwiftCSV.build/Debug-iphoneos/SwiftCSV.build/Objects-normal/arm64/SwiftCSV_const_extract_protocols.json -Xcc -I/Users/harishvishwakarma/Library/Developer/Xcode/DerivedData/Revolt-dharrjsambcimaaziudpvzjdcigm/Build/Products/Debug-iphoneos/include -Xcc -I/Users/harishvishwakarma/Library/Developer/Xcode/DerivedData/Revolt-dharrjsambcimaaziudpvzjdcigm/Build/Intermediates.noindex/SwiftCSV.build/Debug-iphoneos/SwiftCSV.build/DerivedSources-normal/arm64 -Xcc -I/Users/harishvishwakarma/Library/Developer/Xcode/DerivedData/Revolt-dharrjsambcimaaziudpvzjdcigm/Build/Intermediates.noindex/SwiftCSV.build/Debug-iphoneos/SwiftCSV.build/DerivedSources/arm64 -Xcc -I/Users/harishvishwakarma/Library/Developer/Xcode/DerivedData/Revolt-dharrjsambcimaaziudpvzjdcigm/Build/Intermediates.noindex/SwiftCSV.build/Debug-iphoneos/SwiftCSV.build/DerivedSources -Xcc -DSWIFT_PACKAGE -Xcc -DDEBUG\=1 -emit-objc-header -emit-objc-header-path /Users/harishvishwakarma/Library/Developer/Xcode/DerivedData/Revolt-dharrjsambcimaaziudpvzjdcigm/Build/Intermediates.noindex/SwiftCSV.build/Debug-iphoneos/SwiftCSV.build/Objects-normal/arm64/SwiftCSV-Swift.h -working-directory /Users/harishvishwakarma/Handy/Archem/pepchat-ios/Revolt.xcodeproj -experimental-emit-module-separately -disable-cmo

SwiftDriver SubviewAttachingTextView normal arm64 com.apple.xcode.tools.swift.compiler (in target 'SubviewAttachingTextView' from project 'SubviewAttachingTextView')
    cd /Users/harishvishwakarma/Handy/Archem/pepchat-ios/Revolt.xcodeproj
    builtin-SwiftDriver -- /Applications/Xcode.app/Contents/Developer/Toolchains/XcodeDefault.xctoolchain/usr/bin/swiftc -module-name SubviewAttachingTextView -Onone -enforce-exclusivity\=checked @/Users/harishvishwakarma/Library/Developer/Xcode/DerivedData/Revolt-dharrjsambcimaaziudpvzjdcigm/Build/Intermediates.noindex/SubviewAttachingTextView.build/Debug-iphoneos/SubviewAttachingTextView.build/Objects-normal/arm64/SubviewAttachingTextView.SwiftFileList -DSWIFT_PACKAGE -DDEBUG -DXcode -plugin-path /Applications/Xcode.app/Contents/Developer/Toolchains/XcodeDefault.xctoolchain/usr/lib/swift/host/plugins/testing -enable-experimental-feature DebugDescriptionMacro -sdk /Applications/Xcode.app/Contents/Developer/Platforms/iPhoneOS.platform/Developer/SDKs/iPhoneOS18.5.sdk -target arm64-apple-ios12.0 -g -module-cache-path /Users/harishvishwakarma/Library/Developer/Xcode/DerivedData/ModuleCache.noindex -Xfrontend -serialize-debugging-options -enable-testing -suppress-warnings -index-store-path /Users/harishvishwakarma/Library/Developer/Xcode/DerivedData/Revolt-dharrjsambcimaaziudpvzjdcigm/Index.noindex/DataStore -swift-version 5 -I /Users/harishvishwakarma/Library/Developer/Xcode/DerivedData/Revolt-dharrjsambcimaaziudpvzjdcigm/Build/Products/Debug-iphoneos -I /Applications/Xcode.app/Contents/Developer/Platforms/iPhoneOS.platform/Developer/usr/lib -F /Users/harishvishwakarma/Library/Developer/Xcode/DerivedData/Revolt-dharrjsambcimaaziudpvzjdcigm/Build/Products/Debug-iphoneos -F /Applications/Xcode.app/Contents/Developer/Platforms/iPhoneOS.platform/Developer/Library/Frameworks -F /Applications/Xcode.app/Contents/Developer/Platforms/iPhoneOS.platform/Developer/SDKs/iPhoneOS18.5.sdk/Developer/Library/Frameworks -c -j12 -enable-batch-mode -incremental -Xcc -ivfsstatcache -Xcc /Users/harishvishwakarma/Library/Developer/Xcode/DerivedData/SDKStatCaches.noindex/iphoneos18.5-22F76-7fa4eea80a99bbfdc046826b63ec4baf.sdkstatcache -output-file-map /Users/harishvishwakarma/Library/Developer/Xcode/DerivedData/Revolt-dharrjsambcimaaziudpvzjdcigm/Build/Intermediates.noindex/SubviewAttachingTextView.build/Debug-iphoneos/SubviewAttachingTextView.build/Objects-normal/arm64/SubviewAttachingTextView-OutputFileMap.json -use-frontend-parseable-output -save-temps -no-color-diagnostics -serialize-diagnostics -emit-dependencies -emit-module -emit-module-path /Users/harishvishwakarma/Library/Developer/Xcode/DerivedData/Revolt-dharrjsambcimaaziudpvzjdcigm/Build/Intermediates.noindex/SubviewAttachingTextView.build/Debug-iphoneos/SubviewAttachingTextView.build/Objects-normal/arm64/SubviewAttachingTextView.swiftmodule -validate-clang-modules-once -clang-build-session-file /Users/harishvishwakarma/Library/Developer/Xcode/DerivedData/ModuleCache.noindex/Session.modulevalidation -Xcc -I/Users/harishvishwakarma/Library/Developer/Xcode/DerivedData/Revolt-dharrjsambcimaaziudpvzjdcigm/Build/Intermediates.noindex/SubviewAttachingTextView.build/Debug-iphoneos/SubviewAttachingTextView.build/swift-overrides.hmap -emit-const-values -Xfrontend -const-gather-protocols-file -Xfrontend /Users/harishvishwakarma/Library/Developer/Xcode/DerivedData/Revolt-dharrjsambcimaaziudpvzjdcigm/Build/Intermediates.noindex/SubviewAttachingTextView.build/Debug-iphoneos/SubviewAttachingTextView.build/Objects-normal/arm64/SubviewAttachingTextView_const_extract_protocols.json -Xcc -I/Users/harishvishwakarma/Library/Developer/Xcode/DerivedData/Revolt-dharrjsambcimaaziudpvzjdcigm/Build/Products/Debug-iphoneos/include -Xcc -I/Users/harishvishwakarma/Library/Developer/Xcode/DerivedData/Revolt-dharrjsambcimaaziudpvzjdcigm/Build/Intermediates.noindex/SubviewAttachingTextView.build/Debug-iphoneos/SubviewAttachingTextView.build/DerivedSources-normal/arm64 -Xcc -I/Users/harishvishwakarma/Library/Developer/Xcode/DerivedData/Revolt-dharrjsambcimaaziudpvzjdcigm/Build/Intermediates.noindex/SubviewAttachingTextView.build/Debug-iphoneos/SubviewAttachingTextView.build/DerivedSources/arm64 -Xcc -I/Users/harishvishwakarma/Library/Developer/Xcode/DerivedData/Revolt-dharrjsambcimaaziudpvzjdcigm/Build/Intermediates.noindex/SubviewAttachingTextView.build/Debug-iphoneos/SubviewAttachingTextView.build/DerivedSources -Xcc -DSWIFT_PACKAGE -Xcc -DDEBUG\=1 -emit-objc-header -emit-objc-header-path /Users/harishvishwakarma/Library/Developer/Xcode/DerivedData/Revolt-dharrjsambcimaaziudpvzjdcigm/Build/Intermediates.noindex/SubviewAttachingTextView.build/Debug-iphoneos/SubviewAttachingTextView.build/Objects-normal/arm64/SubviewAttachingTextView-Swift.h -working-directory /Users/harishvishwakarma/Handy/Archem/pepchat-ios/Revolt.xcodeproj -experimental-emit-module-separately -disable-cmo

SwiftDriver Starscream normal arm64 com.apple.xcode.tools.swift.compiler (in target 'Starscream' from project 'Starscream')
    cd /Users/harishvishwakarma/Handy/Archem/pepchat-ios/Revolt.xcodeproj
    builtin-SwiftDriver -- /Applications/Xcode.app/Contents/Developer/Toolchains/XcodeDefault.xctoolchain/usr/bin/swiftc -module-name Starscream -Onone -enforce-exclusivity\=checked @/Users/harishvishwakarma/Library/Developer/Xcode/DerivedData/Revolt-dharrjsambcimaaziudpvzjdcigm/Build/Intermediates.noindex/Starscream.build/Debug-iphoneos/Starscream.build/Objects-normal/arm64/Starscream.SwiftFileList -DSWIFT_PACKAGE -DDEBUG -DXcode -plugin-path /Applications/Xcode.app/Contents/Developer/Toolchains/XcodeDefault.xctoolchain/usr/lib/swift/host/plugins/testing -enable-experimental-feature DebugDescriptionMacro -sdk /Applications/Xcode.app/Contents/Developer/Platforms/iPhoneOS.platform/Developer/SDKs/iPhoneOS18.5.sdk -target arm64-apple-ios12.0 -g -module-cache-path /Users/harishvishwakarma/Library/Developer/Xcode/DerivedData/ModuleCache.noindex -Xfrontend -serialize-debugging-options -enable-testing -suppress-warnings -index-store-path /Users/harishvishwakarma/Library/Developer/Xcode/DerivedData/Revolt-dharrjsambcimaaziudpvzjdcigm/Index.noindex/DataStore -swift-version 5 -I /Users/harishvishwakarma/Library/Developer/Xcode/DerivedData/Revolt-dharrjsambcimaaziudpvzjdcigm/Build/Products/Debug-iphoneos -I /Applications/Xcode.app/Contents/Developer/Platforms/iPhoneOS.platform/Developer/usr/lib -F /Users/harishvishwakarma/Library/Developer/Xcode/DerivedData/Revolt-dharrjsambcimaaziudpvzjdcigm/Build/Products/Debug-iphoneos -F /Applications/Xcode.app/Contents/Developer/Platforms/iPhoneOS.platform/Developer/Library/Frameworks -F /Applications/Xcode.app/Contents/Developer/Platforms/iPhoneOS.platform/Developer/SDKs/iPhoneOS18.5.sdk/Developer/Library/Frameworks -c -j12 -enable-batch-mode -incremental -Xcc -ivfsstatcache -Xcc /Users/harishvishwakarma/Library/Developer/Xcode/DerivedData/SDKStatCaches.noindex/iphoneos18.5-22F76-7fa4eea80a99bbfdc046826b63ec4baf.sdkstatcache -output-file-map /Users/harishvishwakarma/Library/Developer/Xcode/DerivedData/Revolt-dharrjsambcimaaziudpvzjdcigm/Build/Intermediates.noindex/Starscream.build/Debug-iphoneos/Starscream.build/Objects-normal/arm64/Starscream-OutputFileMap.json -use-frontend-parseable-output -save-temps -no-color-diagnostics -serialize-diagnostics -emit-dependencies -emit-module -emit-module-path /Users/harishvishwakarma/Library/Developer/Xcode/DerivedData/Revolt-dharrjsambcimaaziudpvzjdcigm/Build/Intermediates.noindex/Starscream.build/Debug-iphoneos/Starscream.build/Objects-normal/arm64/Starscream.swiftmodule -validate-clang-modules-once -clang-build-session-file /Users/harishvishwakarma/Library/Developer/Xcode/DerivedData/ModuleCache.noindex/Session.modulevalidation -Xcc -I/Users/harishvishwakarma/Library/Developer/Xcode/DerivedData/Revolt-dharrjsambcimaaziudpvzjdcigm/Build/Intermediates.noindex/Starscream.build/Debug-iphoneos/Starscream.build/swift-overrides.hmap -emit-const-values -Xfrontend -const-gather-protocols-file -Xfrontend /Users/harishvishwakarma/Library/Developer/Xcode/DerivedData/Revolt-dharrjsambcimaaziudpvzjdcigm/Build/Intermediates.noindex/Starscream.build/Debug-iphoneos/Starscream.build/Objects-normal/arm64/Starscream_const_extract_protocols.json -Xcc -I/Users/harishvishwakarma/Library/Developer/Xcode/DerivedData/Revolt-dharrjsambcimaaziudpvzjdcigm/Build/Products/Debug-iphoneos/include -Xcc -I/Users/harishvishwakarma/Library/Developer/Xcode/DerivedData/Revolt-dharrjsambcimaaziudpvzjdcigm/Build/Intermediates.noindex/Starscream.build/Debug-iphoneos/Starscream.build/DerivedSources-normal/arm64 -Xcc -I/Users/harishvishwakarma/Library/Developer/Xcode/DerivedData/Revolt-dharrjsambcimaaziudpvzjdcigm/Build/Intermediates.noindex/Starscream.build/Debug-iphoneos/Starscream.build/DerivedSources/arm64 -Xcc -I/Users/harishvishwakarma/Library/Developer/Xcode/DerivedData/Revolt-dharrjsambcimaaziudpvzjdcigm/Build/Intermediates.noindex/Starscream.build/Debug-iphoneos/Starscream.build/DerivedSources -Xcc -DSWIFT_PACKAGE -Xcc -DDEBUG\=1 -emit-objc-header -emit-objc-header-path /Users/harishvishwakarma/Library/Developer/Xcode/DerivedData/Revolt-dharrjsambcimaaziudpvzjdcigm/Build/Intermediates.noindex/Starscream.build/Debug-iphoneos/Starscream.build/Objects-normal/arm64/Starscream-Swift.h -working-directory /Users/harishvishwakarma/Handy/Archem/pepchat-ios/Revolt.xcodeproj -experimental-emit-module-separately -disable-cmo

SwiftDriver SnapKit normal arm64 com.apple.xcode.tools.swift.compiler (in target 'SnapKit' from project 'SnapKit')
    cd /Users/harishvishwakarma/Handy/Archem/pepchat-ios/Revolt.xcodeproj
    builtin-SwiftDriver -- /Applications/Xcode.app/Contents/Developer/Toolchains/XcodeDefault.xctoolchain/usr/bin/swiftc -module-name SnapKit -Onone -enforce-exclusivity\=checked @/Users/harishvishwakarma/Library/Developer/Xcode/DerivedData/Revolt-dharrjsambcimaaziudpvzjdcigm/Build/Intermediates.noindex/SnapKit.build/Debug-iphoneos/SnapKit.build/Objects-normal/arm64/SnapKit.SwiftFileList -DSWIFT_PACKAGE -DDEBUG -DXcode -plugin-path /Applications/Xcode.app/Contents/Developer/Toolchains/XcodeDefault.xctoolchain/usr/lib/swift/host/plugins/testing -enable-experimental-feature DebugDescriptionMacro -sdk /Applications/Xcode.app/Contents/Developer/Platforms/iPhoneOS.platform/Developer/SDKs/iPhoneOS18.5.sdk -target arm64-apple-ios12.0 -g -module-cache-path /Users/harishvishwakarma/Library/Developer/Xcode/DerivedData/ModuleCache.noindex -Xfrontend -serialize-debugging-options -enable-testing -suppress-warnings -index-store-path /Users/harishvishwakarma/Library/Developer/Xcode/DerivedData/Revolt-dharrjsambcimaaziudpvzjdcigm/Index.noindex/DataStore -swift-version 5 -I /Users/harishvishwakarma/Library/Developer/Xcode/DerivedData/Revolt-dharrjsambcimaaziudpvzjdcigm/Build/Products/Debug-iphoneos -I /Applications/Xcode.app/Contents/Developer/Platforms/iPhoneOS.platform/Developer/usr/lib -F /Users/harishvishwakarma/Library/Developer/Xcode/DerivedData/Revolt-dharrjsambcimaaziudpvzjdcigm/Build/Products/Debug-iphoneos -F /Applications/Xcode.app/Contents/Developer/Platforms/iPhoneOS.platform/Developer/Library/Frameworks -F /Applications/Xcode.app/Contents/Developer/Platforms/iPhoneOS.platform/Developer/SDKs/iPhoneOS18.5.sdk/Developer/Library/Frameworks -c -j12 -enable-batch-mode -incremental -Xcc -ivfsstatcache -Xcc /Users/harishvishwakarma/Library/Developer/Xcode/DerivedData/SDKStatCaches.noindex/iphoneos18.5-22F76-7fa4eea80a99bbfdc046826b63ec4baf.sdkstatcache -output-file-map /Users/harishvishwakarma/Library/Developer/Xcode/DerivedData/Revolt-dharrjsambcimaaziudpvzjdcigm/Build/Intermediates.noindex/SnapKit.build/Debug-iphoneos/SnapKit.build/Objects-normal/arm64/SnapKit-OutputFileMap.json -use-frontend-parseable-output -save-temps -no-color-diagnostics -serialize-diagnostics -emit-dependencies -emit-module -emit-module-path /Users/harishvishwakarma/Library/Developer/Xcode/DerivedData/Revolt-dharrjsambcimaaziudpvzjdcigm/Build/Intermediates.noindex/SnapKit.build/Debug-iphoneos/SnapKit.build/Objects-normal/arm64/SnapKit.swiftmodule -validate-clang-modules-once -clang-build-session-file /Users/harishvishwakarma/Library/Developer/Xcode/DerivedData/ModuleCache.noindex/Session.modulevalidation -Xcc -I/Users/harishvishwakarma/Library/Developer/Xcode/DerivedData/Revolt-dharrjsambcimaaziudpvzjdcigm/Build/Intermediates.noindex/SnapKit.build/Debug-iphoneos/SnapKit.build/swift-overrides.hmap -emit-const-values -Xfrontend -const-gather-protocols-file -Xfrontend /Users/harishvishwakarma/Library/Developer/Xcode/DerivedData/Revolt-dharrjsambcimaaziudpvzjdcigm/Build/Intermediates.noindex/SnapKit.build/Debug-iphoneos/SnapKit.build/Objects-normal/arm64/SnapKit_const_extract_protocols.json -Xcc -I/Users/harishvishwakarma/Library/Developer/Xcode/DerivedData/Revolt-dharrjsambcimaaziudpvzjdcigm/Build/Products/Debug-iphoneos/include -Xcc -I/Users/harishvishwakarma/Library/Developer/Xcode/DerivedData/Revolt-dharrjsambcimaaziudpvzjdcigm/Build/Intermediates.noindex/SnapKit.build/Debug-iphoneos/SnapKit.build/DerivedSources-normal/arm64 -Xcc -I/Users/harishvishwakarma/Library/Developer/Xcode/DerivedData/Revolt-dharrjsambcimaaziudpvzjdcigm/Build/Intermediates.noindex/SnapKit.build/Debug-iphoneos/SnapKit.build/DerivedSources/arm64 -Xcc -I/Users/harishvishwakarma/Library/Developer/Xcode/DerivedData/Revolt-dharrjsambcimaaziudpvzjdcigm/Build/Intermediates.noindex/SnapKit.build/Debug-iphoneos/SnapKit.build/DerivedSources -Xcc -DSWIFT_PACKAGE -Xcc -DDEBUG\=1 -emit-objc-header -emit-objc-header-path /Users/harishvishwakarma/Library/Developer/Xcode/DerivedData/Revolt-dharrjsambcimaaziudpvzjdcigm/Build/Intermediates.noindex/SnapKit.build/Debug-iphoneos/SnapKit.build/Objects-normal/arm64/SnapKit-Swift.h -working-directory /Users/harishvishwakarma/Handy/Archem/pepchat-ios/Revolt.xcodeproj -experimental-emit-module-separately -disable-cmo

SwiftEmitModule normal arm64 Emitting\ module\ for\ ULID (in target 'ULID' from project 'ULID.swift')

EmitSwiftModule normal arm64 (in target 'ULID' from project 'ULID.swift')
    cd /Users/harishvishwakarma/Handy/Archem/pepchat-ios/Revolt.xcodeproj
    

SwiftEmitModule normal arm64 Emitting\ module\ for\ SwiftUIFlow (in target 'SwiftUIFlow' from project 'SwiftUIFlow')
EmitSwiftModule normal arm64 (in target 'SwiftUIFlow' from project 'SwiftUIFlow')
    cd /Users/harishvishwakarma/Handy/Archem/pepchat-ios/Revolt.xcodeproj
    

SwiftEmitModule normal arm64 Emitting\ module\ for\ SwiftyCrop (in target 'SwiftyCrop' from project 'SwiftyCrop')
EmitSwiftModule normal arm64 (in target 'SwiftyCrop' from project 'SwiftyCrop')
    cd /Users/harishvishwakarma/Handy/Archem/pepchat-ios/Revolt.xcodeproj
    

SwiftEmitModule normal arm64 Emitting\ module\ for\ SwiftSyntax509 (in target 'SwiftSyntax509' from project 'swift-syntax')

SwiftCompile normal arm64 /Users/harishvishwakarma/Library/Developer/Xcode/DerivedData/Revolt-dharrjsambcimaaziudpvzjdcigm/SourcePackages/checkouts/swift-syntax/Sources/SwiftSyntax509/Empty.swift (in target 'SwiftSyntax509' from project 'swift-syntax')
    cd /Users/harishvishwakarma/Handy/Archem/pepchat-ios/Revolt.xcodeproj
    

SwiftEmitModule normal x86_64 Emitting\ module\ for\ SwiftSyntax509 (in target 'SwiftSyntax509' from project 'swift-syntax')

SwiftCompile normal x86_64 /Users/harishvishwakarma/Library/Developer/Xcode/DerivedData/Revolt-dharrjsambcimaaziudpvzjdcigm/SourcePackages/checkouts/swift-syntax/Sources/SwiftSyntax509/Empty.swift (in target 'SwiftSyntax509' from project 'swift-syntax')
    cd /Users/harishvishwakarma/Handy/Archem/pepchat-ios/Revolt.xcodeproj
    

SwiftEmitModule normal arm64 Emitting\ module\ for\ SwiftUITooltip (in target 'SwiftUITooltip' from project 'SwiftUITooltip')

EmitSwiftModule normal arm64 (in target 'SwiftUITooltip' from project 'SwiftUITooltip')
    cd /Users/harishvishwakarma/Handy/Archem/pepchat-ios/Revolt.xcodeproj
    

SwiftEmitModule normal arm64 Emitting\ module\ for\ SwiftUIMasonry (in target 'SwiftUIMasonry' from project 'SwiftUIMasonry')

EmitSwiftModule normal arm64 (in target 'SwiftUIMasonry' from project 'SwiftUIMasonry')
    cd /Users/harishvishwakarma/Handy/Archem/pepchat-ios/Revolt.xcodeproj
    

SwiftEmitModule normal arm64 Emitting\ module\ for\ Types (in target 'Types' from project 'Revolt')
EmitSwiftModule normal arm64 (in target 'Types' from project 'Revolt')
    cd /Users/harishvishwakarma/Handy/Archem/pepchat-ios
    

SwiftEmitModule normal arm64 Emitting\ module\ for\ SwiftCSV (in target 'SwiftCSV' from project 'SwiftCSV')

EmitSwiftModule normal arm64 (in target 'SwiftCSV' from project 'SwiftCSV')
    cd /Users/harishvishwakarma/Handy/Archem/pepchat-ios/Revolt.xcodeproj
    

SwiftEmitModule normal arm64 Emitting\ module\ for\ SwiftParsec (in target 'SwiftParsec' from project 'SwiftParsec')

EmitSwiftModule normal arm64 (in target 'SwiftParsec' from project 'SwiftParsec')
    cd /Users/harishvishwakarma/Handy/Archem/pepchat-ios/Revolt.xcodeproj
    

SwiftEmitModule normal arm64 Emitting\ module\ for\ SubviewAttachingTextView (in target 'SubviewAttachingTextView' from project 'SubviewAttachingTextView')

EmitSwiftModule normal arm64 (in target 'SubviewAttachingTextView' from project 'SubviewAttachingTextView')
    cd /Users/harishvishwakarma/Handy/Archem/pepchat-ios/Revolt.xcodeproj
    

SwiftEmitModule normal arm64 Emitting\ module\ for\ Starscream (in target 'Starscream' from project 'Starscream')

EmitSwiftModule normal arm64 (in target 'Starscream' from project 'Starscream')
    cd /Users/harishvishwakarma/Handy/Archem/pepchat-ios/Revolt.xcodeproj
    

SwiftEmitModule normal arm64 Emitting\ module\ for\ SwiftUIIntrospect (in target 'SwiftUIIntrospect' from project 'swiftui-introspect')
EmitSwiftModule normal arm64 (in target 'SwiftUIIntrospect' from project 'swiftui-introspect')
    cd /Users/harishvishwakarma/Handy/Archem/pepchat-ios/Revolt.xcodeproj
    

SwiftDriverJobDiscovery normal x86_64 Emitting module for SwiftSyntax509 (in target 'SwiftSyntax509' from project 'swift-syntax')

SwiftDriver\ Compilation\ Requirements SwiftSyntax509 normal x86_64 com.apple.xcode.tools.swift.compiler (in target 'SwiftSyntax509' from project 'swift-syntax')
    cd /Users/harishvishwakarma/Handy/Archem/pepchat-ios/Revolt.xcodeproj
    builtin-Swift-Compilation-Requirements -- /Applications/Xcode.app/Contents/Developer/Toolchains/XcodeDefault.xctoolchain/usr/bin/swiftc -module-name SwiftSyntax509 -Onone -enforce-exclusivity\=checked @/Users/harishvishwakarma/Library/Developer/Xcode/DerivedData/Revolt-dharrjsambcimaaziudpvzjdcigm/Build/Intermediates.noindex/swift-syntax.build/Debug/SwiftSyntax509.build/Objects-normal/x86_64/SwiftSyntax509.SwiftFileList -DSWIFT_PACKAGE -DDEBUG -DXcode -plugin-path /Applications/Xcode.app/Contents/Developer/Toolchains/XcodeDefault.xctoolchain/usr/lib/swift/host/plugins/testing -enable-experimental-feature DebugDescriptionMacro -sdk /Applications/Xcode.app/Contents/Developer/Platforms/MacOSX.platform/Developer/SDKs/MacOSX15.5.sdk -target x86_64-apple-macos10.15 -g -module-cache-path /Users/harishvishwakarma/Library/Developer/Xcode/DerivedData/ModuleCache.noindex -Xfrontend -serialize-debugging-options -enable-testing -suppress-warnings -index-store-path /Users/harishvishwakarma/Library/Developer/Xcode/DerivedData/Revolt-dharrjsambcimaaziudpvzjdcigm/Index.noindex/DataStore -swift-version 5 -I /Users/harishvishwakarma/Library/Developer/Xcode/DerivedData/Revolt-dharrjsambcimaaziudpvzjdcigm/Build/Products/Debug -I /Applications/Xcode.app/Contents/Developer/Platforms/MacOSX.platform/Developer/usr/lib -F /Users/harishvishwakarma/Library/Developer/Xcode/DerivedData/Revolt-dharrjsambcimaaziudpvzjdcigm/Build/Products/Debug -F /Applications/Xcode.app/Contents/Developer/Platforms/MacOSX.platform/Developer/Library/Frameworks -parse-as-library -c -j12 -enable-batch-mode -incremental -Xcc -ivfsstatcache -Xcc /Users/harishvishwakarma/Library/Developer/Xcode/DerivedData/SDKStatCaches.noindex/macosx15.5-24F74-8254517eb8b97d462ccbc072ba9094c9.sdkstatcache -output-file-map /Users/harishvishwakarma/Library/Developer/Xcode/DerivedData/Revolt-dharrjsambcimaaziudpvzjdcigm/Build/Intermediates.noindex/swift-syntax.build/Debug/SwiftSyntax509.build/Objects-normal/x86_64/SwiftSyntax509-OutputFileMap.json -use-frontend-parseable-output -save-temps -no-color-diagnostics -serialize-diagnostics -emit-dependencies -emit-module -emit-module-path /Users/harishvishwakarma/Library/Developer/Xcode/DerivedData/Revolt-dharrjsambcimaaziudpvzjdcigm/Build/Intermediates.noindex/swift-syntax.build/Debug/SwiftSyntax509.build/Objects-normal/x86_64/SwiftSyntax509.swiftmodule -validate-clang-modules-once -clang-build-session-file /Users/harishvishwakarma/Library/Developer/Xcode/DerivedData/ModuleCache.noindex/Session.modulevalidation -Xcc -I/Users/harishvishwakarma/Library/Developer/Xcode/DerivedData/Revolt-dharrjsambcimaaziudpvzjdcigm/Build/Intermediates.noindex/swift-syntax.build/Debug/SwiftSyntax509.build/swift-overrides.hmap -emit-const-values -Xfrontend -const-gather-protocols-file -Xfrontend /Users/harishvishwakarma/Library/Developer/Xcode/DerivedData/Revolt-dharrjsambcimaaziudpvzjdcigm/Build/Intermediates.noindex/swift-syntax.build/Debug/SwiftSyntax509.build/Objects-normal/x86_64/SwiftSyntax509_const_extract_protocols.json -Xcc -I/Users/harishvishwakarma/Library/Developer/Xcode/DerivedData/Revolt-dharrjsambcimaaziudpvzjdcigm/Build/Products/Debug/include -Xcc -I/Users/harishvishwakarma/Library/Developer/Xcode/DerivedData/Revolt-dharrjsambcimaaziudpvzjdcigm/Build/Intermediates.noindex/swift-syntax.build/Debug/SwiftSyntax509.build/DerivedSources-normal/x86_64 -Xcc -I/Users/harishvishwakarma/Library/Developer/Xcode/DerivedData/Revolt-dharrjsambcimaaziudpvzjdcigm/Build/Intermediates.noindex/swift-syntax.build/Debug/SwiftSyntax509.build/DerivedSources/x86_64 -Xcc -I/Users/harishvishwakarma/Library/Developer/Xcode/DerivedData/Revolt-dharrjsambcimaaziudpvzjdcigm/Build/Intermediates.noindex/swift-syntax.build/Debug/SwiftSyntax509.build/DerivedSources -Xcc -DSWIFT_PACKAGE -Xcc -DDEBUG\=1 -emit-objc-header -emit-objc-header-path /Users/harishvishwakarma/Library/Developer/Xcode/DerivedData/Revolt-dharrjsambcimaaziudpvzjdcigm/Build/Intermediates.noindex/swift-syntax.build/Debug/SwiftSyntax509.build/Objects-normal/x86_64/SwiftSyntax509-Swift.h -working-directory /Users/harishvishwakarma/Handy/Archem/pepchat-ios/Revolt.xcodeproj -experimental-emit-module-separately -disable-cmo

SwiftDriverJobDiscovery normal arm64 Emitting module for SwiftSyntax509 (in target 'SwiftSyntax509' from project 'swift-syntax')

SwiftDriver\ Compilation\ Requirements SwiftSyntax509 normal arm64 com.apple.xcode.tools.swift.compiler (in target 'SwiftSyntax509' from project 'swift-syntax')
    cd /Users/harishvishwakarma/Handy/Archem/pepchat-ios/Revolt.xcodeproj
    builtin-Swift-Compilation-Requirements -- /Applications/Xcode.app/Contents/Developer/Toolchains/XcodeDefault.xctoolchain/usr/bin/swiftc -module-name SwiftSyntax509 -Onone -enforce-exclusivity\=checked @/Users/harishvishwakarma/Library/Developer/Xcode/DerivedData/Revolt-dharrjsambcimaaziudpvzjdcigm/Build/Intermediates.noindex/swift-syntax.build/Debug/SwiftSyntax509.build/Objects-normal/arm64/SwiftSyntax509.SwiftFileList -DSWIFT_PACKAGE -DDEBUG -DXcode -plugin-path /Applications/Xcode.app/Contents/Developer/Toolchains/XcodeDefault.xctoolchain/usr/lib/swift/host/plugins/testing -enable-experimental-feature DebugDescriptionMacro -sdk /Applications/Xcode.app/Contents/Developer/Platforms/MacOSX.platform/Developer/SDKs/MacOSX15.5.sdk -target arm64-apple-macos10.15 -g -module-cache-path /Users/harishvishwakarma/Library/Developer/Xcode/DerivedData/ModuleCache.noindex -Xfrontend -serialize-debugging-options -enable-testing -suppress-warnings -index-store-path /Users/harishvishwakarma/Library/Developer/Xcode/DerivedData/Revolt-dharrjsambcimaaziudpvzjdcigm/Index.noindex/DataStore -swift-version 5 -I /Users/harishvishwakarma/Library/Developer/Xcode/DerivedData/Revolt-dharrjsambcimaaziudpvzjdcigm/Build/Products/Debug -I /Applications/Xcode.app/Contents/Developer/Platforms/MacOSX.platform/Developer/usr/lib -F /Users/harishvishwakarma/Library/Developer/Xcode/DerivedData/Revolt-dharrjsambcimaaziudpvzjdcigm/Build/Products/Debug -F /Applications/Xcode.app/Contents/Developer/Platforms/MacOSX.platform/Developer/Library/Frameworks -parse-as-library -c -j12 -enable-batch-mode -incremental -Xcc -ivfsstatcache -Xcc /Users/harishvishwakarma/Library/Developer/Xcode/DerivedData/SDKStatCaches.noindex/macosx15.5-24F74-8254517eb8b97d462ccbc072ba9094c9.sdkstatcache -output-file-map /Users/harishvishwakarma/Library/Developer/Xcode/DerivedData/Revolt-dharrjsambcimaaziudpvzjdcigm/Build/Intermediates.noindex/swift-syntax.build/Debug/SwiftSyntax509.build/Objects-normal/arm64/SwiftSyntax509-OutputFileMap.json -use-frontend-parseable-output -save-temps -no-color-diagnostics -serialize-diagnostics -emit-dependencies -emit-module -emit-module-path /Users/harishvishwakarma/Library/Developer/Xcode/DerivedData/Revolt-dharrjsambcimaaziudpvzjdcigm/Build/Intermediates.noindex/swift-syntax.build/Debug/SwiftSyntax509.build/Objects-normal/arm64/SwiftSyntax509.swiftmodule -validate-clang-modules-once -clang-build-session-file /Users/harishvishwakarma/Library/Developer/Xcode/DerivedData/ModuleCache.noindex/Session.modulevalidation -Xcc -I/Users/harishvishwakarma/Library/Developer/Xcode/DerivedData/Revolt-dharrjsambcimaaziudpvzjdcigm/Build/Intermediates.noindex/swift-syntax.build/Debug/SwiftSyntax509.build/swift-overrides.hmap -emit-const-values -Xfrontend -const-gather-protocols-file -Xfrontend /Users/harishvishwakarma/Library/Developer/Xcode/DerivedData/Revolt-dharrjsambcimaaziudpvzjdcigm/Build/Intermediates.noindex/swift-syntax.build/Debug/SwiftSyntax509.build/Objects-normal/arm64/SwiftSyntax509_const_extract_protocols.json -Xcc -I/Users/harishvishwakarma/Library/Developer/Xcode/DerivedData/Revolt-dharrjsambcimaaziudpvzjdcigm/Build/Products/Debug/include -Xcc -I/Users/harishvishwakarma/Library/Developer/Xcode/DerivedData/Revolt-dharrjsambcimaaziudpvzjdcigm/Build/Intermediates.noindex/swift-syntax.build/Debug/SwiftSyntax509.build/DerivedSources-normal/arm64 -Xcc -I/Users/harishvishwakarma/Library/Developer/Xcode/DerivedData/Revolt-dharrjsambcimaaziudpvzjdcigm/Build/Intermediates.noindex/swift-syntax.build/Debug/SwiftSyntax509.build/DerivedSources/arm64 -Xcc -I/Users/harishvishwakarma/Library/Developer/Xcode/DerivedData/Revolt-dharrjsambcimaaziudpvzjdcigm/Build/Intermediates.noindex/swift-syntax.build/Debug/SwiftSyntax509.build/DerivedSources -Xcc -DSWIFT_PACKAGE -Xcc -DDEBUG\=1 -emit-objc-header -emit-objc-header-path /Users/harishvishwakarma/Library/Developer/Xcode/DerivedData/Revolt-dharrjsambcimaaziudpvzjdcigm/Build/Intermediates.noindex/swift-syntax.build/Debug/SwiftSyntax509.build/Objects-normal/arm64/SwiftSyntax509-Swift.h -working-directory /Users/harishvishwakarma/Handy/Archem/pepchat-ios/Revolt.xcodeproj -experimental-emit-module-separately -disable-cmo

Copy /Users/harishvishwakarma/Library/Developer/Xcode/DerivedData/Revolt-dharrjsambcimaaziudpvzjdcigm/Build/Products/Debug/SwiftSyntax509.swiftmodule/x86_64-apple-macos.swiftmodule /Users/harishvishwakarma/Library/Developer/Xcode/DerivedData/Revolt-dharrjsambcimaaziudpvzjdcigm/Build/Intermediates.noindex/swift-syntax.build/Debug/SwiftSyntax509.build/Objects-normal/x86_64/SwiftSyntax509.swiftmodule (in target 'SwiftSyntax509' from project 'swift-syntax')
    cd /Users/harishvishwakarma/Library/Developer/Xcode/DerivedData/Revolt-dharrjsambcimaaziudpvzjdcigm/SourcePackages/checkouts/swift-syntax
    builtin-copy -exclude .DS_Store -exclude CVS -exclude .svn -exclude .git -exclude .hg -resolve-src-symlinks -rename /Users/harishvishwakarma/Library/Developer/Xcode/DerivedData/Revolt-dharrjsambcimaaziudpvzjdcigm/Build/Intermediates.noindex/swift-syntax.build/Debug/SwiftSyntax509.build/Objects-normal/x86_64/SwiftSyntax509.swiftmodule /Users/harishvishwakarma/Library/Developer/Xcode/DerivedData/Revolt-dharrjsambcimaaziudpvzjdcigm/Build/Products/Debug/SwiftSyntax509.swiftmodule/x86_64-apple-macos.swiftmodule

SwiftMergeGeneratedHeaders /Users/harishvishwakarma/Library/Developer/Xcode/DerivedData/Revolt-dharrjsambcimaaziudpvzjdcigm/Build/Intermediates.noindex/GeneratedModuleMaps/SwiftSyntax509-Swift.h /Users/harishvishwakarma/Library/Developer/Xcode/DerivedData/Revolt-dharrjsambcimaaziudpvzjdcigm/Build/Intermediates.noindex/swift-syntax.build/Debug/SwiftSyntax509.build/Objects-normal/arm64/SwiftSyntax509-Swift.h /Users/harishvishwakarma/Library/Developer/Xcode/DerivedData/Revolt-dharrjsambcimaaziudpvzjdcigm/Build/Intermediates.noindex/swift-syntax.build/Debug/SwiftSyntax509.build/Objects-normal/x86_64/SwiftSyntax509-Swift.h (in target 'SwiftSyntax509' from project 'swift-syntax')
    cd /Users/harishvishwakarma/Library/Developer/Xcode/DerivedData/Revolt-dharrjsambcimaaziudpvzjdcigm/SourcePackages/checkouts/swift-syntax
    builtin-swiftHeaderTool -arch arm64 /Users/harishvishwakarma/Library/Developer/Xcode/DerivedData/Revolt-dharrjsambcimaaziudpvzjdcigm/Build/Intermediates.noindex/swift-syntax.build/Debug/SwiftSyntax509.build/Objects-normal/arm64/SwiftSyntax509-Swift.h -arch x86_64 /Users/harishvishwakarma/Library/Developer/Xcode/DerivedData/Revolt-dharrjsambcimaaziudpvzjdcigm/Build/Intermediates.noindex/swift-syntax.build/Debug/SwiftSyntax509.build/Objects-normal/x86_64/SwiftSyntax509-Swift.h -o /Users/harishvishwakarma/Library/Developer/Xcode/DerivedData/Revolt-dharrjsambcimaaziudpvzjdcigm/Build/Intermediates.noindex/GeneratedModuleMaps/SwiftSyntax509-Swift.h

Copy /Users/harishvishwakarma/Library/Developer/Xcode/DerivedData/Revolt-dharrjsambcimaaziudpvzjdcigm/Build/Products/Debug/SwiftSyntax509.swiftmodule/x86_64-apple-macos.swiftdoc /Users/harishvishwakarma/Library/Developer/Xcode/DerivedData/Revolt-dharrjsambcimaaziudpvzjdcigm/Build/Intermediates.noindex/swift-syntax.build/Debug/SwiftSyntax509.build/Objects-normal/x86_64/SwiftSyntax509.swiftdoc (in target 'SwiftSyntax509' from project 'swift-syntax')
    cd /Users/harishvishwakarma/Library/Developer/Xcode/DerivedData/Revolt-dharrjsambcimaaziudpvzjdcigm/SourcePackages/checkouts/swift-syntax
    builtin-copy -exclude .DS_Store -exclude CVS -exclude .svn -exclude .git -exclude .hg -resolve-src-symlinks -rename /Users/harishvishwakarma/Library/Developer/Xcode/DerivedData/Revolt-dharrjsambcimaaziudpvzjdcigm/Build/Intermediates.noindex/swift-syntax.build/Debug/SwiftSyntax509.build/Objects-normal/x86_64/SwiftSyntax509.swiftdoc /Users/harishvishwakarma/Library/Developer/Xcode/DerivedData/Revolt-dharrjsambcimaaziudpvzjdcigm/Build/Products/Debug/SwiftSyntax509.swiftmodule/x86_64-apple-macos.swiftdoc

Copy /Users/harishvishwakarma/Library/Developer/Xcode/DerivedData/Revolt-dharrjsambcimaaziudpvzjdcigm/Build/Products/Debug/SwiftSyntax509.swiftmodule/x86_64-apple-macos.abi.json /Users/harishvishwakarma/Library/Developer/Xcode/DerivedData/Revolt-dharrjsambcimaaziudpvzjdcigm/Build/Intermediates.noindex/swift-syntax.build/Debug/SwiftSyntax509.build/Objects-normal/x86_64/SwiftSyntax509.abi.json (in target 'SwiftSyntax509' from project 'swift-syntax')
    cd /Users/harishvishwakarma/Library/Developer/Xcode/DerivedData/Revolt-dharrjsambcimaaziudpvzjdcigm/SourcePackages/checkouts/swift-syntax
    builtin-copy -exclude .DS_Store -exclude CVS -exclude .svn -exclude .git -exclude .hg -resolve-src-symlinks -rename /Users/harishvishwakarma/Library/Developer/Xcode/DerivedData/Revolt-dharrjsambcimaaziudpvzjdcigm/Build/Intermediates.noindex/swift-syntax.build/Debug/SwiftSyntax509.build/Objects-normal/x86_64/SwiftSyntax509.abi.json /Users/harishvishwakarma/Library/Developer/Xcode/DerivedData/Revolt-dharrjsambcimaaziudpvzjdcigm/Build/Products/Debug/SwiftSyntax509.swiftmodule/x86_64-apple-macos.abi.json

Copy /Users/harishvishwakarma/Library/Developer/Xcode/DerivedData/Revolt-dharrjsambcimaaziudpvzjdcigm/Build/Products/Debug/SwiftSyntax509.swiftmodule/arm64-apple-macos.swiftmodule /Users/harishvishwakarma/Library/Developer/Xcode/DerivedData/Revolt-dharrjsambcimaaziudpvzjdcigm/Build/Intermediates.noindex/swift-syntax.build/Debug/SwiftSyntax509.build/Objects-normal/arm64/SwiftSyntax509.swiftmodule (in target 'SwiftSyntax509' from project 'swift-syntax')
    cd /Users/harishvishwakarma/Library/Developer/Xcode/DerivedData/Revolt-dharrjsambcimaaziudpvzjdcigm/SourcePackages/checkouts/swift-syntax
    builtin-copy -exclude .DS_Store -exclude CVS -exclude .svn -exclude .git -exclude .hg -resolve-src-symlinks -rename /Users/harishvishwakarma/Library/Developer/Xcode/DerivedData/Revolt-dharrjsambcimaaziudpvzjdcigm/Build/Intermediates.noindex/swift-syntax.build/Debug/SwiftSyntax509.build/Objects-normal/arm64/SwiftSyntax509.swiftmodule /Users/harishvishwakarma/Library/Developer/Xcode/DerivedData/Revolt-dharrjsambcimaaziudpvzjdcigm/Build/Products/Debug/SwiftSyntax509.swiftmodule/arm64-apple-macos.swiftmodule

Copy /Users/harishvishwakarma/Library/Developer/Xcode/DerivedData/Revolt-dharrjsambcimaaziudpvzjdcigm/Build/Products/Debug/SwiftSyntax509.swiftmodule/arm64-apple-macos.swiftdoc /Users/harishvishwakarma/Library/Developer/Xcode/DerivedData/Revolt-dharrjsambcimaaziudpvzjdcigm/Build/Intermediates.noindex/swift-syntax.build/Debug/SwiftSyntax509.build/Objects-normal/arm64/SwiftSyntax509.swiftdoc (in target 'SwiftSyntax509' from project 'swift-syntax')
    cd /Users/harishvishwakarma/Library/Developer/Xcode/DerivedData/Revolt-dharrjsambcimaaziudpvzjdcigm/SourcePackages/checkouts/swift-syntax
    builtin-copy -exclude .DS_Store -exclude CVS -exclude .svn -exclude .git -exclude .hg -resolve-src-symlinks -rename /Users/harishvishwakarma/Library/Developer/Xcode/DerivedData/Revolt-dharrjsambcimaaziudpvzjdcigm/Build/Intermediates.noindex/swift-syntax.build/Debug/SwiftSyntax509.build/Objects-normal/arm64/SwiftSyntax509.swiftdoc /Users/harishvishwakarma/Library/Developer/Xcode/DerivedData/Revolt-dharrjsambcimaaziudpvzjdcigm/Build/Products/Debug/SwiftSyntax509.swiftmodule/arm64-apple-macos.swiftdoc

Copy /Users/harishvishwakarma/Library/Developer/Xcode/DerivedData/Revolt-dharrjsambcimaaziudpvzjdcigm/Build/Products/Debug/SwiftSyntax509.swiftmodule/arm64-apple-macos.abi.json /Users/harishvishwakarma/Library/Developer/Xcode/DerivedData/Revolt-dharrjsambcimaaziudpvzjdcigm/Build/Intermediates.noindex/swift-syntax.build/Debug/SwiftSyntax509.build/Objects-normal/arm64/SwiftSyntax509.abi.json (in target 'SwiftSyntax509' from project 'swift-syntax')
    cd /Users/harishvishwakarma/Library/Developer/Xcode/DerivedData/Revolt-dharrjsambcimaaziudpvzjdcigm/SourcePackages/checkouts/swift-syntax
    builtin-copy -exclude .DS_Store -exclude CVS -exclude .svn -exclude .git -exclude .hg -resolve-src-symlinks -rename /Users/harishvishwakarma/Library/Developer/Xcode/DerivedData/Revolt-dharrjsambcimaaziudpvzjdcigm/Build/Intermediates.noindex/swift-syntax.build/Debug/SwiftSyntax509.build/Objects-normal/arm64/SwiftSyntax509.abi.json /Users/harishvishwakarma/Library/Developer/Xcode/DerivedData/Revolt-dharrjsambcimaaziudpvzjdcigm/Build/Products/Debug/SwiftSyntax509.swiftmodule/arm64-apple-macos.abi.json

Copy /Users/harishvishwakarma/Library/Developer/Xcode/DerivedData/Revolt-dharrjsambcimaaziudpvzjdcigm/Build/Products/Debug/SwiftSyntax509.swiftmodule/Project/x86_64-apple-macos.swiftsourceinfo /Users/harishvishwakarma/Library/Developer/Xcode/DerivedData/Revolt-dharrjsambcimaaziudpvzjdcigm/Build/Intermediates.noindex/swift-syntax.build/Debug/SwiftSyntax509.build/Objects-normal/x86_64/SwiftSyntax509.swiftsourceinfo (in target 'SwiftSyntax509' from project 'swift-syntax')
    cd /Users/harishvishwakarma/Library/Developer/Xcode/DerivedData/Revolt-dharrjsambcimaaziudpvzjdcigm/SourcePackages/checkouts/swift-syntax
    builtin-copy -exclude .DS_Store -exclude CVS -exclude .svn -exclude .git -exclude .hg -resolve-src-symlinks -rename /Users/harishvishwakarma/Library/Developer/Xcode/DerivedData/Revolt-dharrjsambcimaaziudpvzjdcigm/Build/Intermediates.noindex/swift-syntax.build/Debug/SwiftSyntax509.build/Objects-normal/x86_64/SwiftSyntax509.swiftsourceinfo /Users/harishvishwakarma/Library/Developer/Xcode/DerivedData/Revolt-dharrjsambcimaaziudpvzjdcigm/Build/Products/Debug/SwiftSyntax509.swiftmodule/Project/x86_64-apple-macos.swiftsourceinfo

Copy /Users/harishvishwakarma/Library/Developer/Xcode/DerivedData/Revolt-dharrjsambcimaaziudpvzjdcigm/Build/Products/Debug/SwiftSyntax509.swiftmodule/Project/arm64-apple-macos.swiftsourceinfo /Users/harishvishwakarma/Library/Developer/Xcode/DerivedData/Revolt-dharrjsambcimaaziudpvzjdcigm/Build/Intermediates.noindex/swift-syntax.build/Debug/SwiftSyntax509.build/Objects-normal/arm64/SwiftSyntax509.swiftsourceinfo (in target 'SwiftSyntax509' from project 'swift-syntax')
    cd /Users/harishvishwakarma/Library/Developer/Xcode/DerivedData/Revolt-dharrjsambcimaaziudpvzjdcigm/SourcePackages/checkouts/swift-syntax
    builtin-copy -exclude .DS_Store -exclude CVS -exclude .svn -exclude .git -exclude .hg -resolve-src-symlinks -rename /Users/harishvishwakarma/Library/Developer/Xcode/DerivedData/Revolt-dharrjsambcimaaziudpvzjdcigm/Build/Intermediates.noindex/swift-syntax.build/Debug/SwiftSyntax509.build/Objects-normal/arm64/SwiftSyntax509.swiftsourceinfo /Users/harishvishwakarma/Library/Developer/Xcode/DerivedData/Revolt-dharrjsambcimaaziudpvzjdcigm/Build/Products/Debug/SwiftSyntax509.swiftmodule/Project/arm64-apple-macos.swiftsourceinfo

SwiftEmitModule normal arm64 Emitting\ module\ for\ SnapKit (in target 'SnapKit' from project 'SnapKit')

EmitSwiftModule normal arm64 (in target 'SnapKit' from project 'SnapKit')
    cd /Users/harishvishwakarma/Handy/Archem/pepchat-ios/Revolt.xcodeproj
    

SwiftDriver RxSwift normal arm64 com.apple.xcode.tools.swift.compiler (in target 'RxSwift' from project 'RxSwift')
    cd /Users/harishvishwakarma/Handy/Archem/pepchat-ios/Revolt.xcodeproj
    builtin-SwiftDriver -- /Applications/Xcode.app/Contents/Developer/Toolchains/XcodeDefault.xctoolchain/usr/bin/swiftc -module-name RxSwift -Onone -enforce-exclusivity\=checked @/Users/harishvishwakarma/Library/Developer/Xcode/DerivedData/Revolt-dharrjsambcimaaziudpvzjdcigm/Build/Intermediates.noindex/RxSwift.build/Debug-iphoneos/RxSwift.build/Objects-normal/arm64/RxSwift.SwiftFileList -DSWIFT_PACKAGE -DDEBUG -DXcode -plugin-path /Applications/Xcode.app/Contents/Developer/Toolchains/XcodeDefault.xctoolchain/usr/lib/swift/host/plugins/testing -enable-experimental-feature DebugDescriptionMacro -sdk /Applications/Xcode.app/Contents/Developer/Platforms/iPhoneOS.platform/Developer/SDKs/iPhoneOS18.5.sdk -target arm64-apple-ios12.0 -g -module-cache-path /Users/harishvishwakarma/Library/Developer/Xcode/DerivedData/ModuleCache.noindex -Xfrontend -serialize-debugging-options -enable-testing -suppress-warnings -index-store-path /Users/harishvishwakarma/Library/Developer/Xcode/DerivedData/Revolt-dharrjsambcimaaziudpvzjdcigm/Index.noindex/DataStore -swift-version 5 -I /Users/harishvishwakarma/Library/Developer/Xcode/DerivedData/Revolt-dharrjsambcimaaziudpvzjdcigm/Build/Products/Debug-iphoneos -I /Applications/Xcode.app/Contents/Developer/Platforms/iPhoneOS.platform/Developer/usr/lib -F /Users/harishvishwakarma/Library/Developer/Xcode/DerivedData/Revolt-dharrjsambcimaaziudpvzjdcigm/Build/Products/Debug-iphoneos -F /Applications/Xcode.app/Contents/Developer/Platforms/iPhoneOS.platform/Developer/Library/Frameworks -F /Applications/Xcode.app/Contents/Developer/Platforms/iPhoneOS.platform/Developer/SDKs/iPhoneOS18.5.sdk/Developer/Library/Frameworks -c -j12 -enable-batch-mode -incremental -Xcc -ivfsstatcache -Xcc /Users/harishvishwakarma/Library/Developer/Xcode/DerivedData/SDKStatCaches.noindex/iphoneos18.5-22F76-7fa4eea80a99bbfdc046826b63ec4baf.sdkstatcache -output-file-map /Users/harishvishwakarma/Library/Developer/Xcode/DerivedData/Revolt-dharrjsambcimaaziudpvzjdcigm/Build/Intermediates.noindex/RxSwift.build/Debug-iphoneos/RxSwift.build/Objects-normal/arm64/RxSwift-OutputFileMap.json -use-frontend-parseable-output -save-temps -no-color-diagnostics -serialize-diagnostics -emit-dependencies -emit-module -emit-module-path /Users/harishvishwakarma/Library/Developer/Xcode/DerivedData/Revolt-dharrjsambcimaaziudpvzjdcigm/Build/Intermediates.noindex/RxSwift.build/Debug-iphoneos/RxSwift.build/Objects-normal/arm64/RxSwift.swiftmodule -validate-clang-modules-once -clang-build-session-file /Users/harishvishwakarma/Library/Developer/Xcode/DerivedData/ModuleCache.noindex/Session.modulevalidation -Xcc -I/Users/harishvishwakarma/Library/Developer/Xcode/DerivedData/Revolt-dharrjsambcimaaziudpvzjdcigm/Build/Intermediates.noindex/RxSwift.build/Debug-iphoneos/RxSwift.build/swift-overrides.hmap -emit-const-values -Xfrontend -const-gather-protocols-file -Xfrontend /Users/harishvishwakarma/Library/Developer/Xcode/DerivedData/Revolt-dharrjsambcimaaziudpvzjdcigm/Build/Intermediates.noindex/RxSwift.build/Debug-iphoneos/RxSwift.build/Objects-normal/arm64/RxSwift_const_extract_protocols.json -Xcc -I/Users/harishvishwakarma/Library/Developer/Xcode/DerivedData/Revolt-dharrjsambcimaaziudpvzjdcigm/Build/Products/Debug-iphoneos/include -Xcc -I/Users/harishvishwakarma/Library/Developer/Xcode/DerivedData/Revolt-dharrjsambcimaaziudpvzjdcigm/Build/Intermediates.noindex/RxSwift.build/Debug-iphoneos/RxSwift.build/DerivedSources-normal/arm64 -Xcc -I/Users/harishvishwakarma/Library/Developer/Xcode/DerivedData/Revolt-dharrjsambcimaaziudpvzjdcigm/Build/Intermediates.noindex/RxSwift.build/Debug-iphoneos/RxSwift.build/DerivedSources/arm64 -Xcc -I/Users/harishvishwakarma/Library/Developer/Xcode/DerivedData/Revolt-dharrjsambcimaaziudpvzjdcigm/Build/Intermediates.noindex/RxSwift.build/Debug-iphoneos/RxSwift.build/DerivedSources -Xcc -DSWIFT_PACKAGE -Xcc -DDEBUG\=1 -emit-objc-header -emit-objc-header-path /Users/harishvishwakarma/Library/Developer/Xcode/DerivedData/Revolt-dharrjsambcimaaziudpvzjdcigm/Build/Intermediates.noindex/RxSwift.build/Debug-iphoneos/RxSwift.build/Objects-normal/arm64/RxSwift-Swift.h -working-directory /Users/harishvishwakarma/Handy/Archem/pepchat-ios/Revolt.xcodeproj -experimental-emit-module-separately -disable-cmo

SwiftDriverJobDiscovery normal arm64 Emitting module for ULID (in target 'ULID' from project 'ULID.swift')

SwiftDriver\ Compilation\ Requirements ULID normal arm64 com.apple.xcode.tools.swift.compiler (in target 'ULID' from project 'ULID.swift')
    cd /Users/harishvishwakarma/Handy/Archem/pepchat-ios/Revolt.xcodeproj
    builtin-Swift-Compilation-Requirements -- /Applications/Xcode.app/Contents/Developer/Toolchains/XcodeDefault.xctoolchain/usr/bin/swiftc -module-name ULID -Onone -enforce-exclusivity\=checked @/Users/harishvishwakarma/Library/Developer/Xcode/DerivedData/Revolt-dharrjsambcimaaziudpvzjdcigm/Build/Intermediates.noindex/ULID.swift.build/Debug-iphoneos/ULID.build/Objects-normal/arm64/ULID.SwiftFileList -DSWIFT_PACKAGE -DDEBUG -DXcode -plugin-path /Applications/Xcode.app/Contents/Developer/Toolchains/XcodeDefault.xctoolchain/usr/lib/swift/host/plugins/testing -enable-experimental-feature DebugDescriptionMacro -sdk /Applications/Xcode.app/Contents/Developer/Platforms/iPhoneOS.platform/Developer/SDKs/iPhoneOS18.5.sdk -target arm64-apple-ios12.0 -g -module-cache-path /Users/harishvishwakarma/Library/Developer/Xcode/DerivedData/ModuleCache.noindex -Xfrontend -serialize-debugging-options -enable-testing -suppress-warnings -index-store-path /Users/harishvishwakarma/Library/Developer/Xcode/DerivedData/Revolt-dharrjsambcimaaziudpvzjdcigm/Index.noindex/DataStore -swift-version 5 -I /Users/harishvishwakarma/Library/Developer/Xcode/DerivedData/Revolt-dharrjsambcimaaziudpvzjdcigm/Build/Products/Debug-iphoneos -I /Applications/Xcode.app/Contents/Developer/Platforms/iPhoneOS.platform/Developer/usr/lib -F /Users/harishvishwakarma/Library/Developer/Xcode/DerivedData/Revolt-dharrjsambcimaaziudpvzjdcigm/Build/Products/Debug-iphoneos -F /Applications/Xcode.app/Contents/Developer/Platforms/iPhoneOS.platform/Developer/Library/Frameworks -F /Applications/Xcode.app/Contents/Developer/Platforms/iPhoneOS.platform/Developer/SDKs/iPhoneOS18.5.sdk/Developer/Library/Frameworks -c -j12 -enable-batch-mode -incremental -Xcc -ivfsstatcache -Xcc /Users/harishvishwakarma/Library/Developer/Xcode/DerivedData/SDKStatCaches.noindex/iphoneos18.5-22F76-7fa4eea80a99bbfdc046826b63ec4baf.sdkstatcache -output-file-map /Users/harishvishwakarma/Library/Developer/Xcode/DerivedData/Revolt-dharrjsambcimaaziudpvzjdcigm/Build/Intermediates.noindex/ULID.swift.build/Debug-iphoneos/ULID.build/Objects-normal/arm64/ULID-OutputFileMap.json -use-frontend-parseable-output -save-temps -no-color-diagnostics -serialize-diagnostics -emit-dependencies -emit-module -emit-module-path /Users/harishvishwakarma/Library/Developer/Xcode/DerivedData/Revolt-dharrjsambcimaaziudpvzjdcigm/Build/Intermediates.noindex/ULID.swift.build/Debug-iphoneos/ULID.build/Objects-normal/arm64/ULID.swiftmodule -validate-clang-modules-once -clang-build-session-file /Users/harishvishwakarma/Library/Developer/Xcode/DerivedData/ModuleCache.noindex/Session.modulevalidation -Xcc -I/Users/harishvishwakarma/Library/Developer/Xcode/DerivedData/Revolt-dharrjsambcimaaziudpvzjdcigm/Build/Intermediates.noindex/ULID.swift.build/Debug-iphoneos/ULID.build/swift-overrides.hmap -emit-const-values -Xfrontend -const-gather-protocols-file -Xfrontend /Users/harishvishwakarma/Library/Developer/Xcode/DerivedData/Revolt-dharrjsambcimaaziudpvzjdcigm/Build/Intermediates.noindex/ULID.swift.build/Debug-iphoneos/ULID.build/Objects-normal/arm64/ULID_const_extract_protocols.json -Xcc -I/Users/harishvishwakarma/Library/Developer/Xcode/DerivedData/Revolt-dharrjsambcimaaziudpvzjdcigm/Build/Products/Debug-iphoneos/include -Xcc -I/Users/harishvishwakarma/Library/Developer/Xcode/DerivedData/Revolt-dharrjsambcimaaziudpvzjdcigm/Build/Intermediates.noindex/ULID.swift.build/Debug-iphoneos/ULID.build/DerivedSources-normal/arm64 -Xcc -I/Users/harishvishwakarma/Library/Developer/Xcode/DerivedData/Revolt-dharrjsambcimaaziudpvzjdcigm/Build/Intermediates.noindex/ULID.swift.build/Debug-iphoneos/ULID.build/DerivedSources/arm64 -Xcc -I/Users/harishvishwakarma/Library/Developer/Xcode/DerivedData/Revolt-dharrjsambcimaaziudpvzjdcigm/Build/Intermediates.noindex/ULID.swift.build/Debug-iphoneos/ULID.build/DerivedSources -Xcc -DSWIFT_PACKAGE -Xcc -DDEBUG\=1 -emit-objc-header -emit-objc-header-path /Users/harishvishwakarma/Library/Developer/Xcode/DerivedData/Revolt-dharrjsambcimaaziudpvzjdcigm/Build/Intermediates.noindex/ULID.swift.build/Debug-iphoneos/ULID.build/Objects-normal/arm64/ULID-Swift.h -working-directory /Users/harishvishwakarma/Handy/Archem/pepchat-ios/Revolt.xcodeproj -experimental-emit-module-separately -disable-cmo

SwiftDriverJobDiscovery normal arm64 Emitting module for SwiftUIFlow (in target 'SwiftUIFlow' from project 'SwiftUIFlow')

SwiftDriver\ Compilation\ Requirements SwiftUIFlow normal arm64 com.apple.xcode.tools.swift.compiler (in target 'SwiftUIFlow' from project 'SwiftUIFlow')
    cd /Users/harishvishwakarma/Handy/Archem/pepchat-ios/Revolt.xcodeproj
    builtin-Swift-Compilation-Requirements -- /Applications/Xcode.app/Contents/Developer/Toolchains/XcodeDefault.xctoolchain/usr/bin/swiftc -module-name SwiftUIFlow -Onone -enforce-exclusivity\=checked @/Users/harishvishwakarma/Library/Developer/Xcode/DerivedData/Revolt-dharrjsambcimaaziudpvzjdcigm/Build/Intermediates.noindex/SwiftUIFlow.build/Debug-iphoneos/SwiftUIFlow.build/Objects-normal/arm64/SwiftUIFlow.SwiftFileList -DSWIFT_PACKAGE -DDEBUG -DXcode -plugin-path /Applications/Xcode.app/Contents/Developer/Toolchains/XcodeDefault.xctoolchain/usr/lib/swift/host/plugins/testing -enable-experimental-feature DebugDescriptionMacro -sdk /Applications/Xcode.app/Contents/Developer/Platforms/iPhoneOS.platform/Developer/SDKs/iPhoneOS18.5.sdk -target arm64-apple-ios14.0 -g -module-cache-path /Users/harishvishwakarma/Library/Developer/Xcode/DerivedData/ModuleCache.noindex -Xfrontend -serialize-debugging-options -enable-testing -suppress-warnings -index-store-path /Users/harishvishwakarma/Library/Developer/Xcode/DerivedData/Revolt-dharrjsambcimaaziudpvzjdcigm/Index.noindex/DataStore -swift-version 5 -I /Users/harishvishwakarma/Library/Developer/Xcode/DerivedData/Revolt-dharrjsambcimaaziudpvzjdcigm/Build/Products/Debug-iphoneos -I /Applications/Xcode.app/Contents/Developer/Platforms/iPhoneOS.platform/Developer/usr/lib -F /Users/harishvishwakarma/Library/Developer/Xcode/DerivedData/Revolt-dharrjsambcimaaziudpvzjdcigm/Build/Products/Debug-iphoneos -F /Applications/Xcode.app/Contents/Developer/Platforms/iPhoneOS.platform/Developer/Library/Frameworks -F /Applications/Xcode.app/Contents/Developer/Platforms/iPhoneOS.platform/Developer/SDKs/iPhoneOS18.5.sdk/Developer/Library/Frameworks -c -j12 -enable-batch-mode -incremental -Xcc -ivfsstatcache -Xcc /Users/harishvishwakarma/Library/Developer/Xcode/DerivedData/SDKStatCaches.noindex/iphoneos18.5-22F76-7fa4eea80a99bbfdc046826b63ec4baf.sdkstatcache -output-file-map /Users/harishvishwakarma/Library/Developer/Xcode/DerivedData/Revolt-dharrjsambcimaaziudpvzjdcigm/Build/Intermediates.noindex/SwiftUIFlow.build/Debug-iphoneos/SwiftUIFlow.build/Objects-normal/arm64/SwiftUIFlow-OutputFileMap.json -use-frontend-parseable-output -save-temps -no-color-diagnostics -serialize-diagnostics -emit-dependencies -emit-module -emit-module-path /Users/harishvishwakarma/Library/Developer/Xcode/DerivedData/Revolt-dharrjsambcimaaziudpvzjdcigm/Build/Intermediates.noindex/SwiftUIFlow.build/Debug-iphoneos/SwiftUIFlow.build/Objects-normal/arm64/SwiftUIFlow.swiftmodule -validate-clang-modules-once -clang-build-session-file /Users/harishvishwakarma/Library/Developer/Xcode/DerivedData/ModuleCache.noindex/Session.modulevalidation -Xcc -I/Users/harishvishwakarma/Library/Developer/Xcode/DerivedData/Revolt-dharrjsambcimaaziudpvzjdcigm/Build/Intermediates.noindex/SwiftUIFlow.build/Debug-iphoneos/SwiftUIFlow.build/swift-overrides.hmap -emit-const-values -Xfrontend -const-gather-protocols-file -Xfrontend /Users/harishvishwakarma/Library/Developer/Xcode/DerivedData/Revolt-dharrjsambcimaaziudpvzjdcigm/Build/Intermediates.noindex/SwiftUIFlow.build/Debug-iphoneos/SwiftUIFlow.build/Objects-normal/arm64/SwiftUIFlow_const_extract_protocols.json -Xcc -I/Users/harishvishwakarma/Library/Developer/Xcode/DerivedData/Revolt-dharrjsambcimaaziudpvzjdcigm/Build/Products/Debug-iphoneos/include -Xcc -I/Users/harishvishwakarma/Library/Developer/Xcode/DerivedData/Revolt-dharrjsambcimaaziudpvzjdcigm/Build/Intermediates.noindex/SwiftUIFlow.build/Debug-iphoneos/SwiftUIFlow.build/DerivedSources-normal/arm64 -Xcc -I/Users/harishvishwakarma/Library/Developer/Xcode/DerivedData/Revolt-dharrjsambcimaaziudpvzjdcigm/Build/Intermediates.noindex/SwiftUIFlow.build/Debug-iphoneos/SwiftUIFlow.build/DerivedSources/arm64 -Xcc -I/Users/harishvishwakarma/Library/Developer/Xcode/DerivedData/Revolt-dharrjsambcimaaziudpvzjdcigm/Build/Intermediates.noindex/SwiftUIFlow.build/Debug-iphoneos/SwiftUIFlow.build/DerivedSources -Xcc -DSWIFT_PACKAGE -Xcc -DDEBUG\=1 -emit-objc-header -emit-objc-header-path /Users/harishvishwakarma/Library/Developer/Xcode/DerivedData/Revolt-dharrjsambcimaaziudpvzjdcigm/Build/Intermediates.noindex/SwiftUIFlow.build/Debug-iphoneos/SwiftUIFlow.build/Objects-normal/arm64/SwiftUIFlow-Swift.h -working-directory /Users/harishvishwakarma/Handy/Archem/pepchat-ios/Revolt.xcodeproj -experimental-emit-module-separately -disable-cmo

SwiftMergeGeneratedHeaders /Users/harishvishwakarma/Library/Developer/Xcode/DerivedData/Revolt-dharrjsambcimaaziudpvzjdcigm/Build/Intermediates.noindex/GeneratedModuleMaps-iphoneos/ULID-Swift.h /Users/harishvishwakarma/Library/Developer/Xcode/DerivedData/Revolt-dharrjsambcimaaziudpvzjdcigm/Build/Intermediates.noindex/ULID.swift.build/Debug-iphoneos/ULID.build/Objects-normal/arm64/ULID-Swift.h (in target 'ULID' from project 'ULID.swift')
    cd /Users/harishvishwakarma/Library/Developer/Xcode/DerivedData/Revolt-dharrjsambcimaaziudpvzjdcigm/SourcePackages/checkouts/ULID.swift
    builtin-swiftHeaderTool -arch arm64 /Users/harishvishwakarma/Library/Developer/Xcode/DerivedData/Revolt-dharrjsambcimaaziudpvzjdcigm/Build/Intermediates.noindex/ULID.swift.build/Debug-iphoneos/ULID.build/Objects-normal/arm64/ULID-Swift.h -o /Users/harishvishwakarma/Library/Developer/Xcode/DerivedData/Revolt-dharrjsambcimaaziudpvzjdcigm/Build/Intermediates.noindex/GeneratedModuleMaps-iphoneos/ULID-Swift.h

Copy /Users/harishvishwakarma/Library/Developer/Xcode/DerivedData/Revolt-dharrjsambcimaaziudpvzjdcigm/Build/Products/Debug-iphoneos/ULID.swiftmodule/arm64-apple-ios.swiftmodule /Users/harishvishwakarma/Library/Developer/Xcode/DerivedData/Revolt-dharrjsambcimaaziudpvzjdcigm/Build/Intermediates.noindex/ULID.swift.build/Debug-iphoneos/ULID.build/Objects-normal/arm64/ULID.swiftmodule (in target 'ULID' from project 'ULID.swift')
    cd /Users/harishvishwakarma/Library/Developer/Xcode/DerivedData/Revolt-dharrjsambcimaaziudpvzjdcigm/SourcePackages/checkouts/ULID.swift
    builtin-copy -exclude .DS_Store -exclude CVS -exclude .svn -exclude .git -exclude .hg -resolve-src-symlinks -rename /Users/harishvishwakarma/Library/Developer/Xcode/DerivedData/Revolt-dharrjsambcimaaziudpvzjdcigm/Build/Intermediates.noindex/ULID.swift.build/Debug-iphoneos/ULID.build/Objects-normal/arm64/ULID.swiftmodule /Users/harishvishwakarma/Library/Developer/Xcode/DerivedData/Revolt-dharrjsambcimaaziudpvzjdcigm/Build/Products/Debug-iphoneos/ULID.swiftmodule/arm64-apple-ios.swiftmodule

Copy /Users/harishvishwakarma/Library/Developer/Xcode/DerivedData/Revolt-dharrjsambcimaaziudpvzjdcigm/Build/Products/Debug-iphoneos/ULID.swiftmodule/arm64-apple-ios.swiftdoc /Users/harishvishwakarma/Library/Developer/Xcode/DerivedData/Revolt-dharrjsambcimaaziudpvzjdcigm/Build/Intermediates.noindex/ULID.swift.build/Debug-iphoneos/ULID.build/Objects-normal/arm64/ULID.swiftdoc (in target 'ULID' from project 'ULID.swift')
    cd /Users/harishvishwakarma/Library/Developer/Xcode/DerivedData/Revolt-dharrjsambcimaaziudpvzjdcigm/SourcePackages/checkouts/ULID.swift
    builtin-copy -exclude .DS_Store -exclude CVS -exclude .svn -exclude .git -exclude .hg -resolve-src-symlinks -rename /Users/harishvishwakarma/Library/Developer/Xcode/DerivedData/Revolt-dharrjsambcimaaziudpvzjdcigm/Build/Intermediates.noindex/ULID.swift.build/Debug-iphoneos/ULID.build/Objects-normal/arm64/ULID.swiftdoc /Users/harishvishwakarma/Library/Developer/Xcode/DerivedData/Revolt-dharrjsambcimaaziudpvzjdcigm/Build/Products/Debug-iphoneos/ULID.swiftmodule/arm64-apple-ios.swiftdoc

Copy /Users/harishvishwakarma/Library/Developer/Xcode/DerivedData/Revolt-dharrjsambcimaaziudpvzjdcigm/Build/Products/Debug-iphoneos/ULID.swiftmodule/arm64-apple-ios.abi.json /Users/harishvishwakarma/Library/Developer/Xcode/DerivedData/Revolt-dharrjsambcimaaziudpvzjdcigm/Build/Intermediates.noindex/ULID.swift.build/Debug-iphoneos/ULID.build/Objects-normal/arm64/ULID.abi.json (in target 'ULID' from project 'ULID.swift')
    cd /Users/harishvishwakarma/Library/Developer/Xcode/DerivedData/Revolt-dharrjsambcimaaziudpvzjdcigm/SourcePackages/checkouts/ULID.swift
    builtin-copy -exclude .DS_Store -exclude CVS -exclude .svn -exclude .git -exclude .hg -resolve-src-symlinks -rename /Users/harishvishwakarma/Library/Developer/Xcode/DerivedData/Revolt-dharrjsambcimaaziudpvzjdcigm/Build/Intermediates.noindex/ULID.swift.build/Debug-iphoneos/ULID.build/Objects-normal/arm64/ULID.abi.json /Users/harishvishwakarma/Library/Developer/Xcode/DerivedData/Revolt-dharrjsambcimaaziudpvzjdcigm/Build/Products/Debug-iphoneos/ULID.swiftmodule/arm64-apple-ios.abi.json

Copy /Users/harishvishwakarma/Library/Developer/Xcode/DerivedData/Revolt-dharrjsambcimaaziudpvzjdcigm/Build/Products/Debug-iphoneos/ULID.swiftmodule/Project/arm64-apple-ios.swiftsourceinfo /Users/harishvishwakarma/Library/Developer/Xcode/DerivedData/Revolt-dharrjsambcimaaziudpvzjdcigm/Build/Intermediates.noindex/ULID.swift.build/Debug-iphoneos/ULID.build/Objects-normal/arm64/ULID.swiftsourceinfo (in target 'ULID' from project 'ULID.swift')
    cd /Users/harishvishwakarma/Library/Developer/Xcode/DerivedData/Revolt-dharrjsambcimaaziudpvzjdcigm/SourcePackages/checkouts/ULID.swift
    builtin-copy -exclude .DS_Store -exclude CVS -exclude .svn -exclude .git -exclude .hg -resolve-src-symlinks -rename /Users/harishvishwakarma/Library/Developer/Xcode/DerivedData/Revolt-dharrjsambcimaaziudpvzjdcigm/Build/Intermediates.noindex/ULID.swift.build/Debug-iphoneos/ULID.build/Objects-normal/arm64/ULID.swiftsourceinfo /Users/harishvishwakarma/Library/Developer/Xcode/DerivedData/Revolt-dharrjsambcimaaziudpvzjdcigm/Build/Products/Debug-iphoneos/ULID.swiftmodule/Project/arm64-apple-ios.swiftsourceinfo

SwiftMergeGeneratedHeaders /Users/harishvishwakarma/Library/Developer/Xcode/DerivedData/Revolt-dharrjsambcimaaziudpvzjdcigm/Build/Intermediates.noindex/GeneratedModuleMaps-iphoneos/SwiftUIFlow-Swift.h /Users/harishvishwakarma/Library/Developer/Xcode/DerivedData/Revolt-dharrjsambcimaaziudpvzjdcigm/Build/Intermediates.noindex/SwiftUIFlow.build/Debug-iphoneos/SwiftUIFlow.build/Objects-normal/arm64/SwiftUIFlow-Swift.h (in target 'SwiftUIFlow' from project 'SwiftUIFlow')
    cd /Users/harishvishwakarma/Library/Developer/Xcode/DerivedData/Revolt-dharrjsambcimaaziudpvzjdcigm/SourcePackages/checkouts/SwiftUIFlow
    builtin-swiftHeaderTool -arch arm64 /Users/harishvishwakarma/Library/Developer/Xcode/DerivedData/Revolt-dharrjsambcimaaziudpvzjdcigm/Build/Intermediates.noindex/SwiftUIFlow.build/Debug-iphoneos/SwiftUIFlow.build/Objects-normal/arm64/SwiftUIFlow-Swift.h -o /Users/harishvishwakarma/Library/Developer/Xcode/DerivedData/Revolt-dharrjsambcimaaziudpvzjdcigm/Build/Intermediates.noindex/GeneratedModuleMaps-iphoneos/SwiftUIFlow-Swift.h

Copy /Users/harishvishwakarma/Library/Developer/Xcode/DerivedData/Revolt-dharrjsambcimaaziudpvzjdcigm/Build/Products/Debug-iphoneos/SwiftUIFlow.swiftmodule/arm64-apple-ios.swiftmodule /Users/harishvishwakarma/Library/Developer/Xcode/DerivedData/Revolt-dharrjsambcimaaziudpvzjdcigm/Build/Intermediates.noindex/SwiftUIFlow.build/Debug-iphoneos/SwiftUIFlow.build/Objects-normal/arm64/SwiftUIFlow.swiftmodule (in target 'SwiftUIFlow' from project 'SwiftUIFlow')
    cd /Users/harishvishwakarma/Library/Developer/Xcode/DerivedData/Revolt-dharrjsambcimaaziudpvzjdcigm/SourcePackages/checkouts/SwiftUIFlow
    builtin-copy -exclude .DS_Store -exclude CVS -exclude .svn -exclude .git -exclude .hg -resolve-src-symlinks -rename /Users/harishvishwakarma/Library/Developer/Xcode/DerivedData/Revolt-dharrjsambcimaaziudpvzjdcigm/Build/Intermediates.noindex/SwiftUIFlow.build/Debug-iphoneos/SwiftUIFlow.build/Objects-normal/arm64/SwiftUIFlow.swiftmodule /Users/harishvishwakarma/Library/Developer/Xcode/DerivedData/Revolt-dharrjsambcimaaziudpvzjdcigm/Build/Products/Debug-iphoneos/SwiftUIFlow.swiftmodule/arm64-apple-ios.swiftmodule

Copy /Users/harishvishwakarma/Library/Developer/Xcode/DerivedData/Revolt-dharrjsambcimaaziudpvzjdcigm/Build/Products/Debug-iphoneos/SwiftUIFlow.swiftmodule/arm64-apple-ios.swiftdoc /Users/harishvishwakarma/Library/Developer/Xcode/DerivedData/Revolt-dharrjsambcimaaziudpvzjdcigm/Build/Intermediates.noindex/SwiftUIFlow.build/Debug-iphoneos/SwiftUIFlow.build/Objects-normal/arm64/SwiftUIFlow.swiftdoc (in target 'SwiftUIFlow' from project 'SwiftUIFlow')
    cd /Users/harishvishwakarma/Library/Developer/Xcode/DerivedData/Revolt-dharrjsambcimaaziudpvzjdcigm/SourcePackages/checkouts/SwiftUIFlow
    builtin-copy -exclude .DS_Store -exclude CVS -exclude .svn -exclude .git -exclude .hg -resolve-src-symlinks -rename /Users/harishvishwakarma/Library/Developer/Xcode/DerivedData/Revolt-dharrjsambcimaaziudpvzjdcigm/Build/Intermediates.noindex/SwiftUIFlow.build/Debug-iphoneos/SwiftUIFlow.build/Objects-normal/arm64/SwiftUIFlow.swiftdoc /Users/harishvishwakarma/Library/Developer/Xcode/DerivedData/Revolt-dharrjsambcimaaziudpvzjdcigm/Build/Products/Debug-iphoneos/SwiftUIFlow.swiftmodule/arm64-apple-ios.swiftdoc

Copy /Users/harishvishwakarma/Library/Developer/Xcode/DerivedData/Revolt-dharrjsambcimaaziudpvzjdcigm/Build/Products/Debug-iphoneos/SwiftUIFlow.swiftmodule/arm64-apple-ios.abi.json /Users/harishvishwakarma/Library/Developer/Xcode/DerivedData/Revolt-dharrjsambcimaaziudpvzjdcigm/Build/Intermediates.noindex/SwiftUIFlow.build/Debug-iphoneos/SwiftUIFlow.build/Objects-normal/arm64/SwiftUIFlow.abi.json (in target 'SwiftUIFlow' from project 'SwiftUIFlow')
    cd /Users/harishvishwakarma/Library/Developer/Xcode/DerivedData/Revolt-dharrjsambcimaaziudpvzjdcigm/SourcePackages/checkouts/SwiftUIFlow
    builtin-copy -exclude .DS_Store -exclude CVS -exclude .svn -exclude .git -exclude .hg -resolve-src-symlinks -rename /Users/harishvishwakarma/Library/Developer/Xcode/DerivedData/Revolt-dharrjsambcimaaziudpvzjdcigm/Build/Intermediates.noindex/SwiftUIFlow.build/Debug-iphoneos/SwiftUIFlow.build/Objects-normal/arm64/SwiftUIFlow.abi.json /Users/harishvishwakarma/Library/Developer/Xcode/DerivedData/Revolt-dharrjsambcimaaziudpvzjdcigm/Build/Products/Debug-iphoneos/SwiftUIFlow.swiftmodule/arm64-apple-ios.abi.json

Copy /Users/harishvishwakarma/Library/Developer/Xcode/DerivedData/Revolt-dharrjsambcimaaziudpvzjdcigm/Build/Products/Debug-iphoneos/SwiftUIFlow.swiftmodule/Project/arm64-apple-ios.swiftsourceinfo /Users/harishvishwakarma/Library/Developer/Xcode/DerivedData/Revolt-dharrjsambcimaaziudpvzjdcigm/Build/Intermediates.noindex/SwiftUIFlow.build/Debug-iphoneos/SwiftUIFlow.build/Objects-normal/arm64/SwiftUIFlow.swiftsourceinfo (in target 'SwiftUIFlow' from project 'SwiftUIFlow')
    cd /Users/harishvishwakarma/Library/Developer/Xcode/DerivedData/Revolt-dharrjsambcimaaziudpvzjdcigm/SourcePackages/checkouts/SwiftUIFlow
    builtin-copy -exclude .DS_Store -exclude CVS -exclude .svn -exclude .git -exclude .hg -resolve-src-symlinks -rename /Users/harishvishwakarma/Library/Developer/Xcode/DerivedData/Revolt-dharrjsambcimaaziudpvzjdcigm/Build/Intermediates.noindex/SwiftUIFlow.build/Debug-iphoneos/SwiftUIFlow.build/Objects-normal/arm64/SwiftUIFlow.swiftsourceinfo /Users/harishvishwakarma/Library/Developer/Xcode/DerivedData/Revolt-dharrjsambcimaaziudpvzjdcigm/Build/Products/Debug-iphoneos/SwiftUIFlow.swiftmodule/Project/arm64-apple-ios.swiftsourceinfo

SwiftDriver RuntimeSwizzling normal arm64 com.apple.xcode.tools.swift.compiler (in target 'RuntimeSwizzling' from project 'swiftui-navigation-transitions')
    cd /Users/harishvishwakarma/Handy/Archem/pepchat-ios/Revolt.xcodeproj
    builtin-SwiftDriver -- /Applications/Xcode.app/Contents/Developer/Toolchains/XcodeDefault.xctoolchain/usr/bin/swiftc -module-name RuntimeSwizzling -Onone -enforce-exclusivity\=checked @/Users/harishvishwakarma/Library/Developer/Xcode/DerivedData/Revolt-dharrjsambcimaaziudpvzjdcigm/Build/Intermediates.noindex/swiftui-navigation-transitions.build/Debug-iphoneos/RuntimeSwizzling.build/Objects-normal/arm64/RuntimeSwizzling.SwiftFileList -DSWIFT_PACKAGE -DDEBUG -DXcode -plugin-path /Applications/Xcode.app/Contents/Developer/Toolchains/XcodeDefault.xctoolchain/usr/lib/swift/host/plugins/testing -enable-experimental-feature DebugDescriptionMacro -sdk /Applications/Xcode.app/Contents/Developer/Platforms/iPhoneOS.platform/Developer/SDKs/iPhoneOS18.5.sdk -target arm64-apple-ios13.0 -g -module-cache-path /Users/harishvishwakarma/Library/Developer/Xcode/DerivedData/ModuleCache.noindex -Xfrontend -serialize-debugging-options -enable-testing -suppress-warnings -index-store-path /Users/harishvishwakarma/Library/Developer/Xcode/DerivedData/Revolt-dharrjsambcimaaziudpvzjdcigm/Index.noindex/DataStore -swift-version 5 -I /Users/harishvishwakarma/Library/Developer/Xcode/DerivedData/Revolt-dharrjsambcimaaziudpvzjdcigm/Build/Products/Debug-iphoneos -I /Applications/Xcode.app/Contents/Developer/Platforms/iPhoneOS.platform/Developer/usr/lib -F /Users/harishvishwakarma/Library/Developer/Xcode/DerivedData/Revolt-dharrjsambcimaaziudpvzjdcigm/Build/Products/Debug-iphoneos -F /Applications/Xcode.app/Contents/Developer/Platforms/iPhoneOS.platform/Developer/Library/Frameworks -F /Applications/Xcode.app/Contents/Developer/Platforms/iPhoneOS.platform/Developer/SDKs/iPhoneOS18.5.sdk/Developer/Library/Frameworks -parse-as-library -c -j12 -enable-batch-mode -incremental -Xcc -ivfsstatcache -Xcc /Users/harishvishwakarma/Library/Developer/Xcode/DerivedData/SDKStatCaches.noindex/iphoneos18.5-22F76-7fa4eea80a99bbfdc046826b63ec4baf.sdkstatcache -output-file-map /Users/harishvishwakarma/Library/Developer/Xcode/DerivedData/Revolt-dharrjsambcimaaziudpvzjdcigm/Build/Intermediates.noindex/swiftui-navigation-transitions.build/Debug-iphoneos/RuntimeSwizzling.build/Objects-normal/arm64/RuntimeSwizzling-OutputFileMap.json -use-frontend-parseable-output -save-temps -no-color-diagnostics -serialize-diagnostics -emit-dependencies -emit-module -emit-module-path /Users/harishvishwakarma/Library/Developer/Xcode/DerivedData/Revolt-dharrjsambcimaaziudpvzjdcigm/Build/Intermediates.noindex/swiftui-navigation-transitions.build/Debug-iphoneos/RuntimeSwizzling.build/Objects-normal/arm64/RuntimeSwizzling.swiftmodule -validate-clang-modules-once -clang-build-session-file /Users/harishvishwakarma/Library/Developer/Xcode/DerivedData/ModuleCache.noindex/Session.modulevalidation -package-name swiftui_navigation_transitions -Xcc -I/Users/harishvishwakarma/Library/Developer/Xcode/DerivedData/Revolt-dharrjsambcimaaziudpvzjdcigm/Build/Intermediates.noindex/swiftui-navigation-transitions.build/Debug-iphoneos/RuntimeSwizzling.build/swift-overrides.hmap -emit-const-values -Xfrontend -const-gather-protocols-file -Xfrontend /Users/harishvishwakarma/Library/Developer/Xcode/DerivedData/Revolt-dharrjsambcimaaziudpvzjdcigm/Build/Intermediates.noindex/swiftui-navigation-transitions.build/Debug-iphoneos/RuntimeSwizzling.build/Objects-normal/arm64/RuntimeSwizzling_const_extract_protocols.json -Xcc -I/Users/harishvishwakarma/Library/Developer/Xcode/DerivedData/Revolt-dharrjsambcimaaziudpvzjdcigm/Build/Products/Debug-iphoneos/include -Xcc -I/Users/harishvishwakarma/Library/Developer/Xcode/DerivedData/Revolt-dharrjsambcimaaziudpvzjdcigm/Build/Intermediates.noindex/swiftui-navigation-transitions.build/Debug-iphoneos/RuntimeSwizzling.build/DerivedSources-normal/arm64 -Xcc -I/Users/harishvishwakarma/Library/Developer/Xcode/DerivedData/Revolt-dharrjsambcimaaziudpvzjdcigm/Build/Intermediates.noindex/swiftui-navigation-transitions.build/Debug-iphoneos/RuntimeSwizzling.build/DerivedSources/arm64 -Xcc -I/Users/harishvishwakarma/Library/Developer/Xcode/DerivedData/Revolt-dharrjsambcimaaziudpvzjdcigm/Build/Intermediates.noindex/swiftui-navigation-transitions.build/Debug-iphoneos/RuntimeSwizzling.build/DerivedSources -Xcc -DSWIFT_PACKAGE -Xcc -DDEBUG\=1 -emit-objc-header -emit-objc-header-path /Users/harishvishwakarma/Library/Developer/Xcode/DerivedData/Revolt-dharrjsambcimaaziudpvzjdcigm/Build/Intermediates.noindex/swiftui-navigation-transitions.build/Debug-iphoneos/RuntimeSwizzling.build/Objects-normal/arm64/RuntimeSwizzling-Swift.h -working-directory /Users/harishvishwakarma/Handy/Archem/pepchat-ios/Revolt.xcodeproj -experimental-emit-module-separately -disable-cmo

SwiftDriver RuntimeAssociation normal arm64 com.apple.xcode.tools.swift.compiler (in target 'RuntimeAssociation' from project 'swiftui-navigation-transitions')
    cd /Users/harishvishwakarma/Handy/Archem/pepchat-ios/Revolt.xcodeproj
    builtin-SwiftDriver -- /Applications/Xcode.app/Contents/Developer/Toolchains/XcodeDefault.xctoolchain/usr/bin/swiftc -module-name RuntimeAssociation -Onone -enforce-exclusivity\=checked @/Users/harishvishwakarma/Library/Developer/Xcode/DerivedData/Revolt-dharrjsambcimaaziudpvzjdcigm/Build/Intermediates.noindex/swiftui-navigation-transitions.build/Debug-iphoneos/RuntimeAssociation.build/Objects-normal/arm64/RuntimeAssociation.SwiftFileList -DSWIFT_PACKAGE -DDEBUG -DXcode -plugin-path /Applications/Xcode.app/Contents/Developer/Toolchains/XcodeDefault.xctoolchain/usr/lib/swift/host/plugins/testing -enable-experimental-feature DebugDescriptionMacro -sdk /Applications/Xcode.app/Contents/Developer/Platforms/iPhoneOS.platform/Developer/SDKs/iPhoneOS18.5.sdk -target arm64-apple-ios13.0 -g -module-cache-path /Users/harishvishwakarma/Library/Developer/Xcode/DerivedData/ModuleCache.noindex -Xfrontend -serialize-debugging-options -enable-testing -suppress-warnings -index-store-path /Users/harishvishwakarma/Library/Developer/Xcode/DerivedData/Revolt-dharrjsambcimaaziudpvzjdcigm/Index.noindex/DataStore -swift-version 5 -I /Users/harishvishwakarma/Library/Developer/Xcode/DerivedData/Revolt-dharrjsambcimaaziudpvzjdcigm/Build/Products/Debug-iphoneos -I /Applications/Xcode.app/Contents/Developer/Platforms/iPhoneOS.platform/Developer/usr/lib -F /Users/harishvishwakarma/Library/Developer/Xcode/DerivedData/Revolt-dharrjsambcimaaziudpvzjdcigm/Build/Products/Debug-iphoneos -F /Applications/Xcode.app/Contents/Developer/Platforms/iPhoneOS.platform/Developer/Library/Frameworks -F /Applications/Xcode.app/Contents/Developer/Platforms/iPhoneOS.platform/Developer/SDKs/iPhoneOS18.5.sdk/Developer/Library/Frameworks -c -j12 -enable-batch-mode -incremental -Xcc -ivfsstatcache -Xcc /Users/harishvishwakarma/Library/Developer/Xcode/DerivedData/SDKStatCaches.noindex/iphoneos18.5-22F76-7fa4eea80a99bbfdc046826b63ec4baf.sdkstatcache -output-file-map /Users/harishvishwakarma/Library/Developer/Xcode/DerivedData/Revolt-dharrjsambcimaaziudpvzjdcigm/Build/Intermediates.noindex/swiftui-navigation-transitions.build/Debug-iphoneos/RuntimeAssociation.build/Objects-normal/arm64/RuntimeAssociation-OutputFileMap.json -use-frontend-parseable-output -save-temps -no-color-diagnostics -serialize-diagnostics -emit-dependencies -emit-module -emit-module-path /Users/harishvishwakarma/Library/Developer/Xcode/DerivedData/Revolt-dharrjsambcimaaziudpvzjdcigm/Build/Intermediates.noindex/swiftui-navigation-transitions.build/Debug-iphoneos/RuntimeAssociation.build/Objects-normal/arm64/RuntimeAssociation.swiftmodule -validate-clang-modules-once -clang-build-session-file /Users/harishvishwakarma/Library/Developer/Xcode/DerivedData/ModuleCache.noindex/Session.modulevalidation -package-name swiftui_navigation_transitions -Xcc -I/Users/harishvishwakarma/Library/Developer/Xcode/DerivedData/Revolt-dharrjsambcimaaziudpvzjdcigm/Build/Intermediates.noindex/swiftui-navigation-transitions.build/Debug-iphoneos/RuntimeAssociation.build/swift-overrides.hmap -emit-const-values -Xfrontend -const-gather-protocols-file -Xfrontend /Users/harishvishwakarma/Library/Developer/Xcode/DerivedData/Revolt-dharrjsambcimaaziudpvzjdcigm/Build/Intermediates.noindex/swiftui-navigation-transitions.build/Debug-iphoneos/RuntimeAssociation.build/Objects-normal/arm64/RuntimeAssociation_const_extract_protocols.json -Xcc -I/Users/harishvishwakarma/Library/Developer/Xcode/DerivedData/Revolt-dharrjsambcimaaziudpvzjdcigm/Build/Products/Debug-iphoneos/include -Xcc -I/Users/harishvishwakarma/Library/Developer/Xcode/DerivedData/Revolt-dharrjsambcimaaziudpvzjdcigm/Build/Intermediates.noindex/swiftui-navigation-transitions.build/Debug-iphoneos/RuntimeAssociation.build/DerivedSources-normal/arm64 -Xcc -I/Users/harishvishwakarma/Library/Developer/Xcode/DerivedData/Revolt-dharrjsambcimaaziudpvzjdcigm/Build/Intermediates.noindex/swiftui-navigation-transitions.build/Debug-iphoneos/RuntimeAssociation.build/DerivedSources/arm64 -Xcc -I/Users/harishvishwakarma/Library/Developer/Xcode/DerivedData/Revolt-dharrjsambcimaaziudpvzjdcigm/Build/Intermediates.noindex/swiftui-navigation-transitions.build/Debug-iphoneos/RuntimeAssociation.build/DerivedSources -Xcc -DSWIFT_PACKAGE -Xcc -DDEBUG\=1 -emit-objc-header -emit-objc-header-path /Users/harishvishwakarma/Library/Developer/Xcode/DerivedData/Revolt-dharrjsambcimaaziudpvzjdcigm/Build/Intermediates.noindex/swiftui-navigation-transitions.build/Debug-iphoneos/RuntimeAssociation.build/Objects-normal/arm64/RuntimeAssociation-Swift.h -working-directory /Users/harishvishwakarma/Handy/Archem/pepchat-ios/Revolt.xcodeproj -experimental-emit-module-separately -disable-cmo

SwiftEmitModule normal arm64 Emitting\ module\ for\ RuntimeSwizzling (in target 'RuntimeSwizzling' from project 'swiftui-navigation-transitions')

SwiftCompile normal arm64 /Users/harishvishwakarma/Library/Developer/Xcode/DerivedData/Revolt-dharrjsambcimaaziudpvzjdcigm/SourcePackages/checkouts/swiftui-navigation-transitions/Sources/RuntimeSwizzling/Swizzle.swift (in target 'RuntimeSwizzling' from project 'swiftui-navigation-transitions')
    cd /Users/harishvishwakarma/Handy/Archem/pepchat-ios/Revolt.xcodeproj
    

SwiftEmitModule normal arm64 Emitting\ module\ for\ RuntimeAssociation (in target 'RuntimeAssociation' from project 'swiftui-navigation-transitions')

EmitSwiftModule normal arm64 (in target 'RuntimeAssociation' from project 'swiftui-navigation-transitions')
    cd /Users/harishvishwakarma/Handy/Archem/pepchat-ios/Revolt.xcodeproj
    

SwiftEmitModule normal arm64 Emitting\ module\ for\ RxSwift (in target 'RxSwift' from project 'RxSwift')
EmitSwiftModule normal arm64 (in target 'RxSwift' from project 'RxSwift')
    cd /Users/harishvishwakarma/Handy/Archem/pepchat-ios/Revolt.xcodeproj
    

SwiftDriverJobDiscovery normal arm64 Emitting module for SwiftCSV (in target 'SwiftCSV' from project 'SwiftCSV')

SwiftDriver\ Compilation\ Requirements SwiftCSV normal arm64 com.apple.xcode.tools.swift.compiler (in target 'SwiftCSV' from project 'SwiftCSV')
    cd /Users/harishvishwakarma/Handy/Archem/pepchat-ios/Revolt.xcodeproj
    builtin-Swift-Compilation-Requirements -- /Applications/Xcode.app/Contents/Developer/Toolchains/XcodeDefault.xctoolchain/usr/bin/swiftc -module-name SwiftCSV -Onone -enforce-exclusivity\=checked @/Users/harishvishwakarma/Library/Developer/Xcode/DerivedData/Revolt-dharrjsambcimaaziudpvzjdcigm/Build/Intermediates.noindex/SwiftCSV.build/Debug-iphoneos/SwiftCSV.build/Objects-normal/arm64/SwiftCSV.SwiftFileList -DSWIFT_PACKAGE -DDEBUG -DXcode -plugin-path /Applications/Xcode.app/Contents/Developer/Toolchains/XcodeDefault.xctoolchain/usr/lib/swift/host/plugins/testing -enable-experimental-feature DebugDescriptionMacro -sdk /Applications/Xcode.app/Contents/Developer/Platforms/iPhoneOS.platform/Developer/SDKs/iPhoneOS18.5.sdk -target arm64-apple-ios12.0 -g -module-cache-path /Users/harishvishwakarma/Library/Developer/Xcode/DerivedData/ModuleCache.noindex -Xfrontend -serialize-debugging-options -enable-testing -suppress-warnings -index-store-path /Users/harishvishwakarma/Library/Developer/Xcode/DerivedData/Revolt-dharrjsambcimaaziudpvzjdcigm/Index.noindex/DataStore -swift-version 5 -I /Users/harishvishwakarma/Library/Developer/Xcode/DerivedData/Revolt-dharrjsambcimaaziudpvzjdcigm/Build/Products/Debug-iphoneos -I /Applications/Xcode.app/Contents/Developer/Platforms/iPhoneOS.platform/Developer/usr/lib -F /Users/harishvishwakarma/Library/Developer/Xcode/DerivedData/Revolt-dharrjsambcimaaziudpvzjdcigm/Build/Products/Debug-iphoneos -F /Applications/Xcode.app/Contents/Developer/Platforms/iPhoneOS.platform/Developer/Library/Frameworks -F /Applications/Xcode.app/Contents/Developer/Platforms/iPhoneOS.platform/Developer/SDKs/iPhoneOS18.5.sdk/Developer/Library/Frameworks -c -j12 -enable-batch-mode -incremental -Xcc -ivfsstatcache -Xcc /Users/harishvishwakarma/Library/Developer/Xcode/DerivedData/SDKStatCaches.noindex/iphoneos18.5-22F76-7fa4eea80a99bbfdc046826b63ec4baf.sdkstatcache -output-file-map /Users/harishvishwakarma/Library/Developer/Xcode/DerivedData/Revolt-dharrjsambcimaaziudpvzjdcigm/Build/Intermediates.noindex/SwiftCSV.build/Debug-iphoneos/SwiftCSV.build/Objects-normal/arm64/SwiftCSV-OutputFileMap.json -use-frontend-parseable-output -save-temps -no-color-diagnostics -serialize-diagnostics -emit-dependencies -emit-module -emit-module-path /Users/harishvishwakarma/Library/Developer/Xcode/DerivedData/Revolt-dharrjsambcimaaziudpvzjdcigm/Build/Intermediates.noindex/SwiftCSV.build/Debug-iphoneos/SwiftCSV.build/Objects-normal/arm64/SwiftCSV.swiftmodule -validate-clang-modules-once -clang-build-session-file /Users/harishvishwakarma/Library/Developer/Xcode/DerivedData/ModuleCache.noindex/Session.modulevalidation -Xcc -I/Users/harishvishwakarma/Library/Developer/Xcode/DerivedData/Revolt-dharrjsambcimaaziudpvzjdcigm/Build/Intermediates.noindex/SwiftCSV.build/Debug-iphoneos/SwiftCSV.build/swift-overrides.hmap -emit-const-values -Xfrontend -const-gather-protocols-file -Xfrontend /Users/harishvishwakarma/Library/Developer/Xcode/DerivedData/Revolt-dharrjsambcimaaziudpvzjdcigm/Build/Intermediates.noindex/SwiftCSV.build/Debug-iphoneos/SwiftCSV.build/Objects-normal/arm64/SwiftCSV_const_extract_protocols.json -Xcc -I/Users/harishvishwakarma/Library/Developer/Xcode/DerivedData/Revolt-dharrjsambcimaaziudpvzjdcigm/Build/Products/Debug-iphoneos/include -Xcc -I/Users/harishvishwakarma/Library/Developer/Xcode/DerivedData/Revolt-dharrjsambcimaaziudpvzjdcigm/Build/Intermediates.noindex/SwiftCSV.build/Debug-iphoneos/SwiftCSV.build/DerivedSources-normal/arm64 -Xcc -I/Users/harishvishwakarma/Library/Developer/Xcode/DerivedData/Revolt-dharrjsambcimaaziudpvzjdcigm/Build/Intermediates.noindex/SwiftCSV.build/Debug-iphoneos/SwiftCSV.build/DerivedSources/arm64 -Xcc -I/Users/harishvishwakarma/Library/Developer/Xcode/DerivedData/Revolt-dharrjsambcimaaziudpvzjdcigm/Build/Intermediates.noindex/SwiftCSV.build/Debug-iphoneos/SwiftCSV.build/DerivedSources -Xcc -DSWIFT_PACKAGE -Xcc -DDEBUG\=1 -emit-objc-header -emit-objc-header-path /Users/harishvishwakarma/Library/Developer/Xcode/DerivedData/Revolt-dharrjsambcimaaziudpvzjdcigm/Build/Intermediates.noindex/SwiftCSV.build/Debug-iphoneos/SwiftCSV.build/Objects-normal/arm64/SwiftCSV-Swift.h -working-directory /Users/harishvishwakarma/Handy/Archem/pepchat-ios/Revolt.xcodeproj -experimental-emit-module-separately -disable-cmo

SwiftDriverJobDiscovery normal arm64 Emitting module for SwiftUIMasonry (in target 'SwiftUIMasonry' from project 'SwiftUIMasonry')

SwiftDriver MarkdownKit normal arm64 com.apple.xcode.tools.swift.compiler (in target 'MarkdownKit' from project 'MarkdownKit')
    cd /Users/harishvishwakarma/Handy/Archem/pepchat-ios/Revolt.xcodeproj
    builtin-SwiftDriver -- /Applications/Xcode.app/Contents/Developer/Toolchains/XcodeDefault.xctoolchain/usr/bin/swiftc -module-name MarkdownKit -Onone -enforce-exclusivity\=checked @/Users/harishvishwakarma/Library/Developer/Xcode/DerivedData/Revolt-dharrjsambcimaaziudpvzjdcigm/Build/Intermediates.noindex/MarkdownKit.build/Debug-iphoneos/MarkdownKit.build/Objects-normal/arm64/MarkdownKit.SwiftFileList -DSWIFT_PACKAGE -DDEBUG -DXcode -plugin-path /Applications/Xcode.app/Contents/Developer/Toolchains/XcodeDefault.xctoolchain/usr/lib/swift/host/plugins/testing -enable-experimental-feature DebugDescriptionMacro -sdk /Applications/Xcode.app/Contents/Developer/Platforms/iPhoneOS.platform/Developer/SDKs/iPhoneOS18.5.sdk -target arm64-apple-ios12.0 -g -module-cache-path /Users/harishvishwakarma/Library/Developer/Xcode/DerivedData/ModuleCache.noindex -Xfrontend -serialize-debugging-options -enable-testing -suppress-warnings -index-store-path /Users/harishvishwakarma/Library/Developer/Xcode/DerivedData/Revolt-dharrjsambcimaaziudpvzjdcigm/Index.noindex/DataStore -swift-version 5 -I /Users/harishvishwakarma/Library/Developer/Xcode/DerivedData/Revolt-dharrjsambcimaaziudpvzjdcigm/Build/Products/Debug-iphoneos -I /Applications/Xcode.app/Contents/Developer/Platforms/iPhoneOS.platform/Developer/usr/lib -F /Users/harishvishwakarma/Library/Developer/Xcode/DerivedData/Revolt-dharrjsambcimaaziudpvzjdcigm/Build/Products/Debug-iphoneos -F /Applications/Xcode.app/Contents/Developer/Platforms/iPhoneOS.platform/Developer/Library/Frameworks -F /Applications/Xcode.app/Contents/Developer/Platforms/iPhoneOS.platform/Developer/SDKs/iPhoneOS18.5.sdk/Developer/Library/Frameworks -c -j12 -enable-batch-mode -incremental -Xcc -ivfsstatcache -Xcc /Users/harishvishwakarma/Library/Developer/Xcode/DerivedData/SDKStatCaches.noindex/iphoneos18.5-22F76-7fa4eea80a99bbfdc046826b63ec4baf.sdkstatcache -output-file-map /Users/harishvishwakarma/Library/Developer/Xcode/DerivedData/Revolt-dharrjsambcimaaziudpvzjdcigm/Build/Intermediates.noindex/MarkdownKit.build/Debug-iphoneos/MarkdownKit.build/Objects-normal/arm64/MarkdownKit-OutputFileMap.json -use-frontend-parseable-output -save-temps -no-color-diagnostics -serialize-diagnostics -emit-dependencies -emit-module -emit-module-path /Users/harishvishwakarma/Library/Developer/Xcode/DerivedData/Revolt-dharrjsambcimaaziudpvzjdcigm/Build/Intermediates.noindex/MarkdownKit.build/Debug-iphoneos/MarkdownKit.build/Objects-normal/arm64/MarkdownKit.swiftmodule -validate-clang-modules-once -clang-build-session-file /Users/harishvishwakarma/Library/Developer/Xcode/DerivedData/ModuleCache.noindex/Session.modulevalidation -Xcc -I/Users/harishvishwakarma/Library/Developer/Xcode/DerivedData/Revolt-dharrjsambcimaaziudpvzjdcigm/Build/Intermediates.noindex/MarkdownKit.build/Debug-iphoneos/MarkdownKit.build/swift-overrides.hmap -emit-const-values -Xfrontend -const-gather-protocols-file -Xfrontend /Users/harishvishwakarma/Library/Developer/Xcode/DerivedData/Revolt-dharrjsambcimaaziudpvzjdcigm/Build/Intermediates.noindex/MarkdownKit.build/Debug-iphoneos/MarkdownKit.build/Objects-normal/arm64/MarkdownKit_const_extract_protocols.json -Xcc -I/Users/harishvishwakarma/Library/Developer/Xcode/DerivedData/Revolt-dharrjsambcimaaziudpvzjdcigm/Build/Products/Debug-iphoneos/include -Xcc -I/Users/harishvishwakarma/Library/Developer/Xcode/DerivedData/Revolt-dharrjsambcimaaziudpvzjdcigm/Build/Intermediates.noindex/MarkdownKit.build/Debug-iphoneos/MarkdownKit.build/DerivedSources-normal/arm64 -Xcc -I/Users/harishvishwakarma/Library/Developer/Xcode/DerivedData/Revolt-dharrjsambcimaaziudpvzjdcigm/Build/Intermediates.noindex/MarkdownKit.build/Debug-iphoneos/MarkdownKit.build/DerivedSources/arm64 -Xcc -I/Users/harishvishwakarma/Library/Developer/Xcode/DerivedData/Revolt-dharrjsambcimaaziudpvzjdcigm/Build/Intermediates.noindex/MarkdownKit.build/Debug-iphoneos/MarkdownKit.build/DerivedSources -Xcc -DSWIFT_PACKAGE -Xcc -DDEBUG\=1 -emit-objc-header -emit-objc-header-path /Users/harishvishwakarma/Library/Developer/Xcode/DerivedData/Revolt-dharrjsambcimaaziudpvzjdcigm/Build/Intermediates.noindex/MarkdownKit.build/Debug-iphoneos/MarkdownKit.build/Objects-normal/arm64/MarkdownKit-Swift.h -working-directory /Users/harishvishwakarma/Handy/Archem/pepchat-ios/Revolt.xcodeproj -experimental-emit-module-separately -disable-cmo

SwiftDriver Kingfisher normal arm64 com.apple.xcode.tools.swift.compiler (in target 'Kingfisher' from project 'Kingfisher')
    cd /Users/harishvishwakarma/Handy/Archem/pepchat-ios/Revolt.xcodeproj
    builtin-SwiftDriver -- /Applications/Xcode.app/Contents/Developer/Toolchains/XcodeDefault.xctoolchain/usr/bin/swiftc -module-name Kingfisher -Onone -enforce-exclusivity\=checked @/Users/harishvishwakarma/Library/Developer/Xcode/DerivedData/Revolt-dharrjsambcimaaziudpvzjdcigm/Build/Intermediates.noindex/Kingfisher.build/Debug-iphoneos/Kingfisher.build/Objects-normal/arm64/Kingfisher.SwiftFileList -DSWIFT_PACKAGE -DDEBUG -DXcode -plugin-path /Applications/Xcode.app/Contents/Developer/Toolchains/XcodeDefault.xctoolchain/usr/lib/swift/host/plugins/testing -enable-experimental-feature DebugDescriptionMacro -sdk /Applications/Xcode.app/Contents/Developer/Platforms/iPhoneOS.platform/Developer/SDKs/iPhoneOS18.5.sdk -target arm64-apple-ios13.0 -g -module-cache-path /Users/harishvishwakarma/Library/Developer/Xcode/DerivedData/ModuleCache.noindex -Xfrontend -serialize-debugging-options -enable-testing -suppress-warnings -index-store-path /Users/harishvishwakarma/Library/Developer/Xcode/DerivedData/Revolt-dharrjsambcimaaziudpvzjdcigm/Index.noindex/DataStore -swift-version 5 -I /Users/harishvishwakarma/Library/Developer/Xcode/DerivedData/Revolt-dharrjsambcimaaziudpvzjdcigm/Build/Products/Debug-iphoneos -I /Applications/Xcode.app/Contents/Developer/Platforms/iPhoneOS.platform/Developer/usr/lib -F /Users/harishvishwakarma/Library/Developer/Xcode/DerivedData/Revolt-dharrjsambcimaaziudpvzjdcigm/Build/Products/Debug-iphoneos -F /Applications/Xcode.app/Contents/Developer/Platforms/iPhoneOS.platform/Developer/Library/Frameworks -F /Applications/Xcode.app/Contents/Developer/Platforms/iPhoneOS.platform/Developer/SDKs/iPhoneOS18.5.sdk/Developer/Library/Frameworks -c -j12 -enable-batch-mode -incremental -Xcc -ivfsstatcache -Xcc /Users/harishvishwakarma/Library/Developer/Xcode/DerivedData/SDKStatCaches.noindex/iphoneos18.5-22F76-7fa4eea80a99bbfdc046826b63ec4baf.sdkstatcache -output-file-map /Users/harishvishwakarma/Library/Developer/Xcode/DerivedData/Revolt-dharrjsambcimaaziudpvzjdcigm/Build/Intermediates.noindex/Kingfisher.build/Debug-iphoneos/Kingfisher.build/Objects-normal/arm64/Kingfisher-OutputFileMap.json -use-frontend-parseable-output -save-temps -no-color-diagnostics -serialize-diagnostics -emit-dependencies -emit-module -emit-module-path /Users/harishvishwakarma/Library/Developer/Xcode/DerivedData/Revolt-dharrjsambcimaaziudpvzjdcigm/Build/Intermediates.noindex/Kingfisher.build/Debug-iphoneos/Kingfisher.build/Objects-normal/arm64/Kingfisher.swiftmodule -validate-clang-modules-once -clang-build-session-file /Users/harishvishwakarma/Library/Developer/Xcode/DerivedData/ModuleCache.noindex/Session.modulevalidation -package-name kingfisher -Xcc -I/Users/harishvishwakarma/Library/Developer/Xcode/DerivedData/Revolt-dharrjsambcimaaziudpvzjdcigm/Build/Intermediates.noindex/Kingfisher.build/Debug-iphoneos/Kingfisher.build/swift-overrides.hmap -emit-const-values -Xfrontend -const-gather-protocols-file -Xfrontend /Users/harishvishwakarma/Library/Developer/Xcode/DerivedData/Revolt-dharrjsambcimaaziudpvzjdcigm/Build/Intermediates.noindex/Kingfisher.build/Debug-iphoneos/Kingfisher.build/Objects-normal/arm64/Kingfisher_const_extract_protocols.json -Xcc -I/Users/harishvishwakarma/Library/Developer/Xcode/DerivedData/Revolt-dharrjsambcimaaziudpvzjdcigm/Build/Products/Debug-iphoneos/include -Xcc -I/Users/harishvishwakarma/Library/Developer/Xcode/DerivedData/Revolt-dharrjsambcimaaziudpvzjdcigm/Build/Intermediates.noindex/Kingfisher.build/Debug-iphoneos/Kingfisher.build/DerivedSources-normal/arm64 -Xcc -I/Users/harishvishwakarma/Library/Developer/Xcode/DerivedData/Revolt-dharrjsambcimaaziudpvzjdcigm/Build/Intermediates.noindex/Kingfisher.build/Debug-iphoneos/Kingfisher.build/DerivedSources/arm64 -Xcc -I/Users/harishvishwakarma/Library/Developer/Xcode/DerivedData/Revolt-dharrjsambcimaaziudpvzjdcigm/Build/Intermediates.noindex/Kingfisher.build/Debug-iphoneos/Kingfisher.build/DerivedSources -Xcc -DSWIFT_PACKAGE -Xcc -DDEBUG\=1 -emit-objc-header -emit-objc-header-path /Users/harishvishwakarma/Library/Developer/Xcode/DerivedData/Revolt-dharrjsambcimaaziudpvzjdcigm/Build/Intermediates.noindex/Kingfisher.build/Debug-iphoneos/Kingfisher.build/Objects-normal/arm64/Kingfisher-Swift.h -working-directory /Users/harishvishwakarma/Handy/Archem/pepchat-ios/Revolt.xcodeproj -experimental-emit-module-separately -disable-cmo

SwiftDriverJobDiscovery normal arm64 Emitting module for SubviewAttachingTextView (in target 'SubviewAttachingTextView' from project 'SubviewAttachingTextView')

SwiftDriver\ Compilation\ Requirements SwiftUIMasonry normal arm64 com.apple.xcode.tools.swift.compiler (in target 'SwiftUIMasonry' from project 'SwiftUIMasonry')
    cd /Users/harishvishwakarma/Handy/Archem/pepchat-ios/Revolt.xcodeproj
    builtin-Swift-Compilation-Requirements -- /Applications/Xcode.app/Contents/Developer/Toolchains/XcodeDefault.xctoolchain/usr/bin/swiftc -module-name SwiftUIMasonry -Onone -enforce-exclusivity\=checked @/Users/harishvishwakarma/Library/Developer/Xcode/DerivedData/Revolt-dharrjsambcimaaziudpvzjdcigm/Build/Intermediates.noindex/SwiftUIMasonry.build/Debug-iphoneos/SwiftUIMasonry.build/Objects-normal/arm64/SwiftUIMasonry.SwiftFileList -DSWIFT_PACKAGE -DDEBUG -DXcode -plugin-path /Applications/Xcode.app/Contents/Developer/Toolchains/XcodeDefault.xctoolchain/usr/lib/swift/host/plugins/testing -enable-experimental-feature DebugDescriptionMacro -sdk /Applications/Xcode.app/Contents/Developer/Platforms/iPhoneOS.platform/Developer/SDKs/iPhoneOS18.5.sdk -target arm64-apple-ios14.0 -g -module-cache-path /Users/harishvishwakarma/Library/Developer/Xcode/DerivedData/ModuleCache.noindex -Xfrontend -serialize-debugging-options -enable-testing -suppress-warnings -index-store-path /Users/harishvishwakarma/Library/Developer/Xcode/DerivedData/Revolt-dharrjsambcimaaziudpvzjdcigm/Index.noindex/DataStore -swift-version 5 -I /Users/harishvishwakarma/Library/Developer/Xcode/DerivedData/Revolt-dharrjsambcimaaziudpvzjdcigm/Build/Products/Debug-iphoneos -I /Applications/Xcode.app/Contents/Developer/Platforms/iPhoneOS.platform/Developer/usr/lib -F /Users/harishvishwakarma/Library/Developer/Xcode/DerivedData/Revolt-dharrjsambcimaaziudpvzjdcigm/Build/Products/Debug-iphoneos -F /Applications/Xcode.app/Contents/Developer/Platforms/iPhoneOS.platform/Developer/Library/Frameworks -F /Applications/Xcode.app/Contents/Developer/Platforms/iPhoneOS.platform/Developer/SDKs/iPhoneOS18.5.sdk/Developer/Library/Frameworks -c -j12 -enable-batch-mode -incremental -Xcc -ivfsstatcache -Xcc /Users/harishvishwakarma/Library/Developer/Xcode/DerivedData/SDKStatCaches.noindex/iphoneos18.5-22F76-7fa4eea80a99bbfdc046826b63ec4baf.sdkstatcache -output-file-map /Users/harishvishwakarma/Library/Developer/Xcode/DerivedData/Revolt-dharrjsambcimaaziudpvzjdcigm/Build/Intermediates.noindex/SwiftUIMasonry.build/Debug-iphoneos/SwiftUIMasonry.build/Objects-normal/arm64/SwiftUIMasonry-OutputFileMap.json -use-frontend-parseable-output -save-temps -no-color-diagnostics -serialize-diagnostics -emit-dependencies -emit-module -emit-module-path /Users/harishvishwakarma/Library/Developer/Xcode/DerivedData/Revolt-dharrjsambcimaaziudpvzjdcigm/Build/Intermediates.noindex/SwiftUIMasonry.build/Debug-iphoneos/SwiftUIMasonry.build/Objects-normal/arm64/SwiftUIMasonry.swiftmodule -validate-clang-modules-once -clang-build-session-file /Users/harishvishwakarma/Library/Developer/Xcode/DerivedData/ModuleCache.noindex/Session.modulevalidation -Xcc -I/Users/harishvishwakarma/Library/Developer/Xcode/DerivedData/Revolt-dharrjsambcimaaziudpvzjdcigm/Build/Intermediates.noindex/SwiftUIMasonry.build/Debug-iphoneos/SwiftUIMasonry.build/swift-overrides.hmap -emit-const-values -Xfrontend -const-gather-protocols-file -Xfrontend /Users/harishvishwakarma/Library/Developer/Xcode/DerivedData/Revolt-dharrjsambcimaaziudpvzjdcigm/Build/Intermediates.noindex/SwiftUIMasonry.build/Debug-iphoneos/SwiftUIMasonry.build/Objects-normal/arm64/SwiftUIMasonry_const_extract_protocols.json -Xcc -I/Users/harishvishwakarma/Library/Developer/Xcode/DerivedData/Revolt-dharrjsambcimaaziudpvzjdcigm/Build/Products/Debug-iphoneos/include -Xcc -I/Users/harishvishwakarma/Library/Developer/Xcode/DerivedData/Revolt-dharrjsambcimaaziudpvzjdcigm/Build/Intermediates.noindex/SwiftUIMasonry.build/Debug-iphoneos/SwiftUIMasonry.build/DerivedSources-normal/arm64 -Xcc -I/Users/harishvishwakarma/Library/Developer/Xcode/DerivedData/Revolt-dharrjsambcimaaziudpvzjdcigm/Build/Intermediates.noindex/SwiftUIMasonry.build/Debug-iphoneos/SwiftUIMasonry.build/DerivedSources/arm64 -Xcc -I/Users/harishvishwakarma/Library/Developer/Xcode/DerivedData/Revolt-dharrjsambcimaaziudpvzjdcigm/Build/Intermediates.noindex/SwiftUIMasonry.build/Debug-iphoneos/SwiftUIMasonry.build/DerivedSources -Xcc -DSWIFT_PACKAGE -Xcc -DDEBUG\=1 -emit-objc-header -emit-objc-header-path /Users/harishvishwakarma/Library/Developer/Xcode/DerivedData/Revolt-dharrjsambcimaaziudpvzjdcigm/Build/Intermediates.noindex/SwiftUIMasonry.build/Debug-iphoneos/SwiftUIMasonry.build/Objects-normal/arm64/SwiftUIMasonry-Swift.h -working-directory /Users/harishvishwakarma/Handy/Archem/pepchat-ios/Revolt.xcodeproj -experimental-emit-module-separately -disable-cmo

SwiftDriverJobDiscovery normal arm64 Emitting module for SwiftUITooltip (in target 'SwiftUITooltip' from project 'SwiftUITooltip')

SwiftDriver\ Compilation\ Requirements SwiftUITooltip normal arm64 com.apple.xcode.tools.swift.compiler (in target 'SwiftUITooltip' from project 'SwiftUITooltip')
    cd /Users/harishvishwakarma/Handy/Archem/pepchat-ios/Revolt.xcodeproj
    builtin-Swift-Compilation-Requirements -- /Applications/Xcode.app/Contents/Developer/Toolchains/XcodeDefault.xctoolchain/usr/bin/swiftc -module-name SwiftUITooltip -Onone -enforce-exclusivity\=checked @/Users/harishvishwakarma/Library/Developer/Xcode/DerivedData/Revolt-dharrjsambcimaaziudpvzjdcigm/Build/Intermediates.noindex/SwiftUITooltip.build/Debug-iphoneos/SwiftUITooltip.build/Objects-normal/arm64/SwiftUITooltip.SwiftFileList -DSWIFT_PACKAGE -DDEBUG -DXcode -plugin-path /Applications/Xcode.app/Contents/Developer/Toolchains/XcodeDefault.xctoolchain/usr/lib/swift/host/plugins/testing -enable-experimental-feature DebugDescriptionMacro -sdk /Applications/Xcode.app/Contents/Developer/Platforms/iPhoneOS.platform/Developer/SDKs/iPhoneOS18.5.sdk -target arm64-apple-ios13.0 -g -module-cache-path /Users/harishvishwakarma/Library/Developer/Xcode/DerivedData/ModuleCache.noindex -Xfrontend -serialize-debugging-options -enable-testing -suppress-warnings -index-store-path /Users/harishvishwakarma/Library/Developer/Xcode/DerivedData/Revolt-dharrjsambcimaaziudpvzjdcigm/Index.noindex/DataStore -swift-version 5 -I /Users/harishvishwakarma/Library/Developer/Xcode/DerivedData/Revolt-dharrjsambcimaaziudpvzjdcigm/Build/Products/Debug-iphoneos -I /Applications/Xcode.app/Contents/Developer/Platforms/iPhoneOS.platform/Developer/usr/lib -F /Users/harishvishwakarma/Library/Developer/Xcode/DerivedData/Revolt-dharrjsambcimaaziudpvzjdcigm/Build/Products/Debug-iphoneos -F /Applications/Xcode.app/Contents/Developer/Platforms/iPhoneOS.platform/Developer/Library/Frameworks -F /Applications/Xcode.app/Contents/Developer/Platforms/iPhoneOS.platform/Developer/SDKs/iPhoneOS18.5.sdk/Developer/Library/Frameworks -c -j12 -enable-batch-mode -incremental -Xcc -ivfsstatcache -Xcc /Users/harishvishwakarma/Library/Developer/Xcode/DerivedData/SDKStatCaches.noindex/iphoneos18.5-22F76-7fa4eea80a99bbfdc046826b63ec4baf.sdkstatcache -output-file-map /Users/harishvishwakarma/Library/Developer/Xcode/DerivedData/Revolt-dharrjsambcimaaziudpvzjdcigm/Build/Intermediates.noindex/SwiftUITooltip.build/Debug-iphoneos/SwiftUITooltip.build/Objects-normal/arm64/SwiftUITooltip-OutputFileMap.json -use-frontend-parseable-output -save-temps -no-color-diagnostics -serialize-diagnostics -emit-dependencies -emit-module -emit-module-path /Users/harishvishwakarma/Library/Developer/Xcode/DerivedData/Revolt-dharrjsambcimaaziudpvzjdcigm/Build/Intermediates.noindex/SwiftUITooltip.build/Debug-iphoneos/SwiftUITooltip.build/Objects-normal/arm64/SwiftUITooltip.swiftmodule -validate-clang-modules-once -clang-build-session-file /Users/harishvishwakarma/Library/Developer/Xcode/DerivedData/ModuleCache.noindex/Session.modulevalidation -Xcc -I/Users/harishvishwakarma/Library/Developer/Xcode/DerivedData/Revolt-dharrjsambcimaaziudpvzjdcigm/Build/Intermediates.noindex/SwiftUITooltip.build/Debug-iphoneos/SwiftUITooltip.build/swift-overrides.hmap -emit-const-values -Xfrontend -const-gather-protocols-file -Xfrontend /Users/harishvishwakarma/Library/Developer/Xcode/DerivedData/Revolt-dharrjsambcimaaziudpvzjdcigm/Build/Intermediates.noindex/SwiftUITooltip.build/Debug-iphoneos/SwiftUITooltip.build/Objects-normal/arm64/SwiftUITooltip_const_extract_protocols.json -Xcc -I/Users/harishvishwakarma/Library/Developer/Xcode/DerivedData/Revolt-dharrjsambcimaaziudpvzjdcigm/Build/Products/Debug-iphoneos/include -Xcc -I/Users/harishvishwakarma/Library/Developer/Xcode/DerivedData/Revolt-dharrjsambcimaaziudpvzjdcigm/Build/Intermediates.noindex/SwiftUITooltip.build/Debug-iphoneos/SwiftUITooltip.build/DerivedSources-normal/arm64 -Xcc -I/Users/harishvishwakarma/Library/Developer/Xcode/DerivedData/Revolt-dharrjsambcimaaziudpvzjdcigm/Build/Intermediates.noindex/SwiftUITooltip.build/Debug-iphoneos/SwiftUITooltip.build/DerivedSources/arm64 -Xcc -I/Users/harishvishwakarma/Library/Developer/Xcode/DerivedData/Revolt-dharrjsambcimaaziudpvzjdcigm/Build/Intermediates.noindex/SwiftUITooltip.build/Debug-iphoneos/SwiftUITooltip.build/DerivedSources -Xcc -DSWIFT_PACKAGE -Xcc -DDEBUG\=1 -emit-objc-header -emit-objc-header-path /Users/harishvishwakarma/Library/Developer/Xcode/DerivedData/Revolt-dharrjsambcimaaziudpvzjdcigm/Build/Intermediates.noindex/SwiftUITooltip.build/Debug-iphoneos/SwiftUITooltip.build/Objects-normal/arm64/SwiftUITooltip-Swift.h -working-directory /Users/harishvishwakarma/Handy/Archem/pepchat-ios/Revolt.xcodeproj -experimental-emit-module-separately -disable-cmo

SwiftMergeGeneratedHeaders /Users/harishvishwakarma/Library/Developer/Xcode/DerivedData/Revolt-dharrjsambcimaaziudpvzjdcigm/Build/Intermediates.noindex/GeneratedModuleMaps-iphoneos/SwiftUIMasonry-Swift.h /Users/harishvishwakarma/Library/Developer/Xcode/DerivedData/Revolt-dharrjsambcimaaziudpvzjdcigm/Build/Intermediates.noindex/SwiftUIMasonry.build/Debug-iphoneos/SwiftUIMasonry.build/Objects-normal/arm64/SwiftUIMasonry-Swift.h (in target 'SwiftUIMasonry' from project 'SwiftUIMasonry')
    cd /Users/harishvishwakarma/Library/Developer/Xcode/DerivedData/Revolt-dharrjsambcimaaziudpvzjdcigm/SourcePackages/checkouts/SwiftUIMasonry
    builtin-swiftHeaderTool -arch arm64 /Users/harishvishwakarma/Library/Developer/Xcode/DerivedData/Revolt-dharrjsambcimaaziudpvzjdcigm/Build/Intermediates.noindex/SwiftUIMasonry.build/Debug-iphoneos/SwiftUIMasonry.build/Objects-normal/arm64/SwiftUIMasonry-Swift.h -o /Users/harishvishwakarma/Library/Developer/Xcode/DerivedData/Revolt-dharrjsambcimaaziudpvzjdcigm/Build/Intermediates.noindex/GeneratedModuleMaps-iphoneos/SwiftUIMasonry-Swift.h

SwiftMergeGeneratedHeaders /Users/harishvishwakarma/Library/Developer/Xcode/DerivedData/Revolt-dharrjsambcimaaziudpvzjdcigm/Build/Intermediates.noindex/GeneratedModuleMaps-iphoneos/SwiftUITooltip-Swift.h /Users/harishvishwakarma/Library/Developer/Xcode/DerivedData/Revolt-dharrjsambcimaaziudpvzjdcigm/Build/Intermediates.noindex/SwiftUITooltip.build/Debug-iphoneos/SwiftUITooltip.build/Objects-normal/arm64/SwiftUITooltip-Swift.h (in target 'SwiftUITooltip' from project 'SwiftUITooltip')
    cd /Users/harishvishwakarma/Library/Developer/Xcode/DerivedData/Revolt-dharrjsambcimaaziudpvzjdcigm/SourcePackages/checkouts/SwiftUI-Tooltip
    builtin-swiftHeaderTool -arch arm64 /Users/harishvishwakarma/Library/Developer/Xcode/DerivedData/Revolt-dharrjsambcimaaziudpvzjdcigm/Build/Intermediates.noindex/SwiftUITooltip.build/Debug-iphoneos/SwiftUITooltip.build/Objects-normal/arm64/SwiftUITooltip-Swift.h -o /Users/harishvishwakarma/Library/Developer/Xcode/DerivedData/Revolt-dharrjsambcimaaziudpvzjdcigm/Build/Intermediates.noindex/GeneratedModuleMaps-iphoneos/SwiftUITooltip-Swift.h

Copy /Users/harishvishwakarma/Library/Developer/Xcode/DerivedData/Revolt-dharrjsambcimaaziudpvzjdcigm/Build/Products/Debug-iphoneos/SwiftUITooltip.swiftmodule/arm64-apple-ios.swiftmodule /Users/harishvishwakarma/Library/Developer/Xcode/DerivedData/Revolt-dharrjsambcimaaziudpvzjdcigm/Build/Intermediates.noindex/SwiftUITooltip.build/Debug-iphoneos/SwiftUITooltip.build/Objects-normal/arm64/SwiftUITooltip.swiftmodule (in target 'SwiftUITooltip' from project 'SwiftUITooltip')
    cd /Users/harishvishwakarma/Library/Developer/Xcode/DerivedData/Revolt-dharrjsambcimaaziudpvzjdcigm/SourcePackages/checkouts/SwiftUI-Tooltip
    builtin-copy -exclude .DS_Store -exclude CVS -exclude .svn -exclude .git -exclude .hg -resolve-src-symlinks -rename /Users/harishvishwakarma/Library/Developer/Xcode/DerivedData/Revolt-dharrjsambcimaaziudpvzjdcigm/Build/Intermediates.noindex/SwiftUITooltip.build/Debug-iphoneos/SwiftUITooltip.build/Objects-normal/arm64/SwiftUITooltip.swiftmodule /Users/harishvishwakarma/Library/Developer/Xcode/DerivedData/Revolt-dharrjsambcimaaziudpvzjdcigm/Build/Products/Debug-iphoneos/SwiftUITooltip.swiftmodule/arm64-apple-ios.swiftmodule

Copy /Users/harishvishwakarma/Library/Developer/Xcode/DerivedData/Revolt-dharrjsambcimaaziudpvzjdcigm/Build/Products/Debug-iphoneos/SwiftUITooltip.swiftmodule/arm64-apple-ios.swiftdoc /Users/harishvishwakarma/Library/Developer/Xcode/DerivedData/Revolt-dharrjsambcimaaziudpvzjdcigm/Build/Intermediates.noindex/SwiftUITooltip.build/Debug-iphoneos/SwiftUITooltip.build/Objects-normal/arm64/SwiftUITooltip.swiftdoc (in target 'SwiftUITooltip' from project 'SwiftUITooltip')
    cd /Users/harishvishwakarma/Library/Developer/Xcode/DerivedData/Revolt-dharrjsambcimaaziudpvzjdcigm/SourcePackages/checkouts/SwiftUI-Tooltip
    builtin-copy -exclude .DS_Store -exclude CVS -exclude .svn -exclude .git -exclude .hg -resolve-src-symlinks -rename /Users/harishvishwakarma/Library/Developer/Xcode/DerivedData/Revolt-dharrjsambcimaaziudpvzjdcigm/Build/Intermediates.noindex/SwiftUITooltip.build/Debug-iphoneos/SwiftUITooltip.build/Objects-normal/arm64/SwiftUITooltip.swiftdoc /Users/harishvishwakarma/Library/Developer/Xcode/DerivedData/Revolt-dharrjsambcimaaziudpvzjdcigm/Build/Products/Debug-iphoneos/SwiftUITooltip.swiftmodule/arm64-apple-ios.swiftdoc

Copy /Users/harishvishwakarma/Library/Developer/Xcode/DerivedData/Revolt-dharrjsambcimaaziudpvzjdcigm/Build/Products/Debug-iphoneos/SwiftUITooltip.swiftmodule/arm64-apple-ios.abi.json /Users/harishvishwakarma/Library/Developer/Xcode/DerivedData/Revolt-dharrjsambcimaaziudpvzjdcigm/Build/Intermediates.noindex/SwiftUITooltip.build/Debug-iphoneos/SwiftUITooltip.build/Objects-normal/arm64/SwiftUITooltip.abi.json (in target 'SwiftUITooltip' from project 'SwiftUITooltip')
    cd /Users/harishvishwakarma/Library/Developer/Xcode/DerivedData/Revolt-dharrjsambcimaaziudpvzjdcigm/SourcePackages/checkouts/SwiftUI-Tooltip
    builtin-copy -exclude .DS_Store -exclude CVS -exclude .svn -exclude .git -exclude .hg -resolve-src-symlinks -rename /Users/harishvishwakarma/Library/Developer/Xcode/DerivedData/Revolt-dharrjsambcimaaziudpvzjdcigm/Build/Intermediates.noindex/SwiftUITooltip.build/Debug-iphoneos/SwiftUITooltip.build/Objects-normal/arm64/SwiftUITooltip.abi.json /Users/harishvishwakarma/Library/Developer/Xcode/DerivedData/Revolt-dharrjsambcimaaziudpvzjdcigm/Build/Products/Debug-iphoneos/SwiftUITooltip.swiftmodule/arm64-apple-ios.abi.json

Copy /Users/harishvishwakarma/Library/Developer/Xcode/DerivedData/Revolt-dharrjsambcimaaziudpvzjdcigm/Build/Products/Debug-iphoneos/SwiftUITooltip.swiftmodule/Project/arm64-apple-ios.swiftsourceinfo /Users/harishvishwakarma/Library/Developer/Xcode/DerivedData/Revolt-dharrjsambcimaaziudpvzjdcigm/Build/Intermediates.noindex/SwiftUITooltip.build/Debug-iphoneos/SwiftUITooltip.build/Objects-normal/arm64/SwiftUITooltip.swiftsourceinfo (in target 'SwiftUITooltip' from project 'SwiftUITooltip')
    cd /Users/harishvishwakarma/Library/Developer/Xcode/DerivedData/Revolt-dharrjsambcimaaziudpvzjdcigm/SourcePackages/checkouts/SwiftUI-Tooltip
    builtin-copy -exclude .DS_Store -exclude CVS -exclude .svn -exclude .git -exclude .hg -resolve-src-symlinks -rename /Users/harishvishwakarma/Library/Developer/Xcode/DerivedData/Revolt-dharrjsambcimaaziudpvzjdcigm/Build/Intermediates.noindex/SwiftUITooltip.build/Debug-iphoneos/SwiftUITooltip.build/Objects-normal/arm64/SwiftUITooltip.swiftsourceinfo /Users/harishvishwakarma/Library/Developer/Xcode/DerivedData/Revolt-dharrjsambcimaaziudpvzjdcigm/Build/Products/Debug-iphoneos/SwiftUITooltip.swiftmodule/Project/arm64-apple-ios.swiftsourceinfo

Copy /Users/harishvishwakarma/Library/Developer/Xcode/DerivedData/Revolt-dharrjsambcimaaziudpvzjdcigm/Build/Products/Debug-iphoneos/SwiftUIMasonry.swiftmodule/arm64-apple-ios.swiftmodule /Users/harishvishwakarma/Library/Developer/Xcode/DerivedData/Revolt-dharrjsambcimaaziudpvzjdcigm/Build/Intermediates.noindex/SwiftUIMasonry.build/Debug-iphoneos/SwiftUIMasonry.build/Objects-normal/arm64/SwiftUIMasonry.swiftmodule (in target 'SwiftUIMasonry' from project 'SwiftUIMasonry')
    cd /Users/harishvishwakarma/Library/Developer/Xcode/DerivedData/Revolt-dharrjsambcimaaziudpvzjdcigm/SourcePackages/checkouts/SwiftUIMasonry
    builtin-copy -exclude .DS_Store -exclude CVS -exclude .svn -exclude .git -exclude .hg -resolve-src-symlinks -rename /Users/harishvishwakarma/Library/Developer/Xcode/DerivedData/Revolt-dharrjsambcimaaziudpvzjdcigm/Build/Intermediates.noindex/SwiftUIMasonry.build/Debug-iphoneos/SwiftUIMasonry.build/Objects-normal/arm64/SwiftUIMasonry.swiftmodule /Users/harishvishwakarma/Library/Developer/Xcode/DerivedData/Revolt-dharrjsambcimaaziudpvzjdcigm/Build/Products/Debug-iphoneos/SwiftUIMasonry.swiftmodule/arm64-apple-ios.swiftmodule

Copy /Users/harishvishwakarma/Library/Developer/Xcode/DerivedData/Revolt-dharrjsambcimaaziudpvzjdcigm/Build/Products/Debug-iphoneos/SwiftUIMasonry.swiftmodule/arm64-apple-ios.swiftdoc /Users/harishvishwakarma/Library/Developer/Xcode/DerivedData/Revolt-dharrjsambcimaaziudpvzjdcigm/Build/Intermediates.noindex/SwiftUIMasonry.build/Debug-iphoneos/SwiftUIMasonry.build/Objects-normal/arm64/SwiftUIMasonry.swiftdoc (in target 'SwiftUIMasonry' from project 'SwiftUIMasonry')
    cd /Users/harishvishwakarma/Library/Developer/Xcode/DerivedData/Revolt-dharrjsambcimaaziudpvzjdcigm/SourcePackages/checkouts/SwiftUIMasonry
    builtin-copy -exclude .DS_Store -exclude CVS -exclude .svn -exclude .git -exclude .hg -resolve-src-symlinks -rename /Users/harishvishwakarma/Library/Developer/Xcode/DerivedData/Revolt-dharrjsambcimaaziudpvzjdcigm/Build/Intermediates.noindex/SwiftUIMasonry.build/Debug-iphoneos/SwiftUIMasonry.build/Objects-normal/arm64/SwiftUIMasonry.swiftdoc /Users/harishvishwakarma/Library/Developer/Xcode/DerivedData/Revolt-dharrjsambcimaaziudpvzjdcigm/Build/Products/Debug-iphoneos/SwiftUIMasonry.swiftmodule/arm64-apple-ios.swiftdoc

Copy /Users/harishvishwakarma/Library/Developer/Xcode/DerivedData/Revolt-dharrjsambcimaaziudpvzjdcigm/Build/Products/Debug-iphoneos/SwiftUIMasonry.swiftmodule/arm64-apple-ios.abi.json /Users/harishvishwakarma/Library/Developer/Xcode/DerivedData/Revolt-dharrjsambcimaaziudpvzjdcigm/Build/Intermediates.noindex/SwiftUIMasonry.build/Debug-iphoneos/SwiftUIMasonry.build/Objects-normal/arm64/SwiftUIMasonry.abi.json (in target 'SwiftUIMasonry' from project 'SwiftUIMasonry')
    cd /Users/harishvishwakarma/Library/Developer/Xcode/DerivedData/Revolt-dharrjsambcimaaziudpvzjdcigm/SourcePackages/checkouts/SwiftUIMasonry
    builtin-copy -exclude .DS_Store -exclude CVS -exclude .svn -exclude .git -exclude .hg -resolve-src-symlinks -rename /Users/harishvishwakarma/Library/Developer/Xcode/DerivedData/Revolt-dharrjsambcimaaziudpvzjdcigm/Build/Intermediates.noindex/SwiftUIMasonry.build/Debug-iphoneos/SwiftUIMasonry.build/Objects-normal/arm64/SwiftUIMasonry.abi.json /Users/harishvishwakarma/Library/Developer/Xcode/DerivedData/Revolt-dharrjsambcimaaziudpvzjdcigm/Build/Products/Debug-iphoneos/SwiftUIMasonry.swiftmodule/arm64-apple-ios.abi.json

Copy /Users/harishvishwakarma/Library/Developer/Xcode/DerivedData/Revolt-dharrjsambcimaaziudpvzjdcigm/Build/Products/Debug-iphoneos/SwiftUIMasonry.swiftmodule/Project/arm64-apple-ios.swiftsourceinfo /Users/harishvishwakarma/Library/Developer/Xcode/DerivedData/Revolt-dharrjsambcimaaziudpvzjdcigm/Build/Intermediates.noindex/SwiftUIMasonry.build/Debug-iphoneos/SwiftUIMasonry.build/Objects-normal/arm64/SwiftUIMasonry.swiftsourceinfo (in target 'SwiftUIMasonry' from project 'SwiftUIMasonry')
    cd /Users/harishvishwakarma/Library/Developer/Xcode/DerivedData/Revolt-dharrjsambcimaaziudpvzjdcigm/SourcePackages/checkouts/SwiftUIMasonry
    builtin-copy -exclude .DS_Store -exclude CVS -exclude .svn -exclude .git -exclude .hg -resolve-src-symlinks -rename /Users/harishvishwakarma/Library/Developer/Xcode/DerivedData/Revolt-dharrjsambcimaaziudpvzjdcigm/Build/Intermediates.noindex/SwiftUIMasonry.build/Debug-iphoneos/SwiftUIMasonry.build/Objects-normal/arm64/SwiftUIMasonry.swiftsourceinfo /Users/harishvishwakarma/Library/Developer/Xcode/DerivedData/Revolt-dharrjsambcimaaziudpvzjdcigm/Build/Products/Debug-iphoneos/SwiftUIMasonry.swiftmodule/Project/arm64-apple-ios.swiftsourceinfo

SwiftMergeGeneratedHeaders /Users/harishvishwakarma/Library/Developer/Xcode/DerivedData/Revolt-dharrjsambcimaaziudpvzjdcigm/Build/Intermediates.noindex/GeneratedModuleMaps-iphoneos/SwiftCSV-Swift.h /Users/harishvishwakarma/Library/Developer/Xcode/DerivedData/Revolt-dharrjsambcimaaziudpvzjdcigm/Build/Intermediates.noindex/SwiftCSV.build/Debug-iphoneos/SwiftCSV.build/Objects-normal/arm64/SwiftCSV-Swift.h (in target 'SwiftCSV' from project 'SwiftCSV')
    cd /Users/harishvishwakarma/Library/Developer/Xcode/DerivedData/Revolt-dharrjsambcimaaziudpvzjdcigm/SourcePackages/checkouts/SwiftCSV
    builtin-swiftHeaderTool -arch arm64 /Users/harishvishwakarma/Library/Developer/Xcode/DerivedData/Revolt-dharrjsambcimaaziudpvzjdcigm/Build/Intermediates.noindex/SwiftCSV.build/Debug-iphoneos/SwiftCSV.build/Objects-normal/arm64/SwiftCSV-Swift.h -o /Users/harishvishwakarma/Library/Developer/Xcode/DerivedData/Revolt-dharrjsambcimaaziudpvzjdcigm/Build/Intermediates.noindex/GeneratedModuleMaps-iphoneos/SwiftCSV-Swift.h

SwiftDriverJobDiscovery normal arm64 Emitting module for SwiftParsec (in target 'SwiftParsec' from project 'SwiftParsec')

Copy /Users/harishvishwakarma/Library/Developer/Xcode/DerivedData/Revolt-dharrjsambcimaaziudpvzjdcigm/Build/Products/Debug-iphoneos/SwiftCSV.swiftmodule/arm64-apple-ios.swiftmodule /Users/harishvishwakarma/Library/Developer/Xcode/DerivedData/Revolt-dharrjsambcimaaziudpvzjdcigm/Build/Intermediates.noindex/SwiftCSV.build/Debug-iphoneos/SwiftCSV.build/Objects-normal/arm64/SwiftCSV.swiftmodule (in target 'SwiftCSV' from project 'SwiftCSV')
    cd /Users/harishvishwakarma/Library/Developer/Xcode/DerivedData/Revolt-dharrjsambcimaaziudpvzjdcigm/SourcePackages/checkouts/SwiftCSV
    builtin-copy -exclude .DS_Store -exclude CVS -exclude .svn -exclude .git -exclude .hg -resolve-src-symlinks -rename /Users/harishvishwakarma/Library/Developer/Xcode/DerivedData/Revolt-dharrjsambcimaaziudpvzjdcigm/Build/Intermediates.noindex/SwiftCSV.build/Debug-iphoneos/SwiftCSV.build/Objects-normal/arm64/SwiftCSV.swiftmodule /Users/harishvishwakarma/Library/Developer/Xcode/DerivedData/Revolt-dharrjsambcimaaziudpvzjdcigm/Build/Products/Debug-iphoneos/SwiftCSV.swiftmodule/arm64-apple-ios.swiftmodule

Copy /Users/harishvishwakarma/Library/Developer/Xcode/DerivedData/Revolt-dharrjsambcimaaziudpvzjdcigm/Build/Products/Debug-iphoneos/SwiftCSV.swiftmodule/arm64-apple-ios.swiftdoc /Users/harishvishwakarma/Library/Developer/Xcode/DerivedData/Revolt-dharrjsambcimaaziudpvzjdcigm/Build/Intermediates.noindex/SwiftCSV.build/Debug-iphoneos/SwiftCSV.build/Objects-normal/arm64/SwiftCSV.swiftdoc (in target 'SwiftCSV' from project 'SwiftCSV')
    cd /Users/harishvishwakarma/Library/Developer/Xcode/DerivedData/Revolt-dharrjsambcimaaziudpvzjdcigm/SourcePackages/checkouts/SwiftCSV
    builtin-copy -exclude .DS_Store -exclude CVS -exclude .svn -exclude .git -exclude .hg -resolve-src-symlinks -rename /Users/harishvishwakarma/Library/Developer/Xcode/DerivedData/Revolt-dharrjsambcimaaziudpvzjdcigm/Build/Intermediates.noindex/SwiftCSV.build/Debug-iphoneos/SwiftCSV.build/Objects-normal/arm64/SwiftCSV.swiftdoc /Users/harishvishwakarma/Library/Developer/Xcode/DerivedData/Revolt-dharrjsambcimaaziudpvzjdcigm/Build/Products/Debug-iphoneos/SwiftCSV.swiftmodule/arm64-apple-ios.swiftdoc

Copy /Users/harishvishwakarma/Library/Developer/Xcode/DerivedData/Revolt-dharrjsambcimaaziudpvzjdcigm/Build/Products/Debug-iphoneos/SwiftCSV.swiftmodule/arm64-apple-ios.abi.json /Users/harishvishwakarma/Library/Developer/Xcode/DerivedData/Revolt-dharrjsambcimaaziudpvzjdcigm/Build/Intermediates.noindex/SwiftCSV.build/Debug-iphoneos/SwiftCSV.build/Objects-normal/arm64/SwiftCSV.abi.json (in target 'SwiftCSV' from project 'SwiftCSV')
    cd /Users/harishvishwakarma/Library/Developer/Xcode/DerivedData/Revolt-dharrjsambcimaaziudpvzjdcigm/SourcePackages/checkouts/SwiftCSV
    builtin-copy -exclude .DS_Store -exclude CVS -exclude .svn -exclude .git -exclude .hg -resolve-src-symlinks -rename /Users/harishvishwakarma/Library/Developer/Xcode/DerivedData/Revolt-dharrjsambcimaaziudpvzjdcigm/Build/Intermediates.noindex/SwiftCSV.build/Debug-iphoneos/SwiftCSV.build/Objects-normal/arm64/SwiftCSV.abi.json /Users/harishvishwakarma/Library/Developer/Xcode/DerivedData/Revolt-dharrjsambcimaaziudpvzjdcigm/Build/Products/Debug-iphoneos/SwiftCSV.swiftmodule/arm64-apple-ios.abi.json

SwiftDriver\ Compilation\ Requirements SwiftParsec normal arm64 com.apple.xcode.tools.swift.compiler (in target 'SwiftParsec' from project 'SwiftParsec')
    cd /Users/harishvishwakarma/Handy/Archem/pepchat-ios/Revolt.xcodeproj
    builtin-Swift-Compilation-Requirements -- /Applications/Xcode.app/Contents/Developer/Toolchains/XcodeDefault.xctoolchain/usr/bin/swiftc -module-name SwiftParsec -Onone -enforce-exclusivity\=checked @/Users/harishvishwakarma/Library/Developer/Xcode/DerivedData/Revolt-dharrjsambcimaaziudpvzjdcigm/Build/Intermediates.noindex/SwiftParsec.build/Debug-iphoneos/SwiftParsec.build/Objects-normal/arm64/SwiftParsec.SwiftFileList -DSWIFT_PACKAGE -DDEBUG -DXcode -plugin-path /Applications/Xcode.app/Contents/Developer/Toolchains/XcodeDefault.xctoolchain/usr/lib/swift/host/plugins/testing -enable-experimental-feature DebugDescriptionMacro -sdk /Applications/Xcode.app/Contents/Developer/Platforms/iPhoneOS.platform/Developer/SDKs/iPhoneOS18.5.sdk -target arm64-apple-ios12.0 -g -module-cache-path /Users/harishvishwakarma/Library/Developer/Xcode/DerivedData/ModuleCache.noindex -Xfrontend -serialize-debugging-options -enable-testing -suppress-warnings -index-store-path /Users/harishvishwakarma/Library/Developer/Xcode/DerivedData/Revolt-dharrjsambcimaaziudpvzjdcigm/Index.noindex/DataStore -swift-version 4.2 -I /Users/harishvishwakarma/Library/Developer/Xcode/DerivedData/Revolt-dharrjsambcimaaziudpvzjdcigm/Build/Products/Debug-iphoneos -I /Applications/Xcode.app/Contents/Developer/Platforms/iPhoneOS.platform/Developer/usr/lib -F /Users/harishvishwakarma/Library/Developer/Xcode/DerivedData/Revolt-dharrjsambcimaaziudpvzjdcigm/Build/Products/Debug-iphoneos -F /Applications/Xcode.app/Contents/Developer/Platforms/iPhoneOS.platform/Developer/Library/Frameworks -F /Applications/Xcode.app/Contents/Developer/Platforms/iPhoneOS.platform/Developer/SDKs/iPhoneOS18.5.sdk/Developer/Library/Frameworks -c -j12 -enable-batch-mode -incremental -Xcc -ivfsstatcache -Xcc /Users/harishvishwakarma/Library/Developer/Xcode/DerivedData/SDKStatCaches.noindex/iphoneos18.5-22F76-7fa4eea80a99bbfdc046826b63ec4baf.sdkstatcache -output-file-map /Users/harishvishwakarma/Library/Developer/Xcode/DerivedData/Revolt-dharrjsambcimaaziudpvzjdcigm/Build/Intermediates.noindex/SwiftParsec.build/Debug-iphoneos/SwiftParsec.build/Objects-normal/arm64/SwiftParsec-OutputFileMap.json -use-frontend-parseable-output -save-temps -no-color-diagnostics -serialize-diagnostics -emit-dependencies -emit-module -emit-module-path /Users/harishvishwakarma/Library/Developer/Xcode/DerivedData/Revolt-dharrjsambcimaaziudpvzjdcigm/Build/Intermediates.noindex/SwiftParsec.build/Debug-iphoneos/SwiftParsec.build/Objects-normal/arm64/SwiftParsec.swiftmodule -validate-clang-modules-once -clang-build-session-file /Users/harishvishwakarma/Library/Developer/Xcode/DerivedData/ModuleCache.noindex/Session.modulevalidation -Xcc -I/Users/harishvishwakarma/Library/Developer/Xcode/DerivedData/Revolt-dharrjsambcimaaziudpvzjdcigm/Build/Intermediates.noindex/SwiftParsec.build/Debug-iphoneos/SwiftParsec.build/swift-overrides.hmap -emit-const-values -Xfrontend -const-gather-protocols-file -Xfrontend /Users/harishvishwakarma/Library/Developer/Xcode/DerivedData/Revolt-dharrjsambcimaaziudpvzjdcigm/Build/Intermediates.noindex/SwiftParsec.build/Debug-iphoneos/SwiftParsec.build/Objects-normal/arm64/SwiftParsec_const_extract_protocols.json -Xcc -I/Users/harishvishwakarma/Library/Developer/Xcode/DerivedData/Revolt-dharrjsambcimaaziudpvzjdcigm/Build/Products/Debug-iphoneos/include -Xcc -I/Users/harishvishwakarma/Library/Developer/Xcode/DerivedData/Revolt-dharrjsambcimaaziudpvzjdcigm/Build/Intermediates.noindex/SwiftParsec.build/Debug-iphoneos/SwiftParsec.build/DerivedSources-normal/arm64 -Xcc -I/Users/harishvishwakarma/Library/Developer/Xcode/DerivedData/Revolt-dharrjsambcimaaziudpvzjdcigm/Build/Intermediates.noindex/SwiftParsec.build/Debug-iphoneos/SwiftParsec.build/DerivedSources/arm64 -Xcc -I/Users/harishvishwakarma/Library/Developer/Xcode/DerivedData/Revolt-dharrjsambcimaaziudpvzjdcigm/Build/Intermediates.noindex/SwiftParsec.build/Debug-iphoneos/SwiftParsec.build/DerivedSources -Xcc -DSWIFT_PACKAGE -Xcc -DDEBUG\=1 -emit-objc-header -emit-objc-header-path /Users/harishvishwakarma/Library/Developer/Xcode/DerivedData/Revolt-dharrjsambcimaaziudpvzjdcigm/Build/Intermediates.noindex/SwiftParsec.build/Debug-iphoneos/SwiftParsec.build/Objects-normal/arm64/SwiftParsec-Swift.h -working-directory /Users/harishvishwakarma/Handy/Archem/pepchat-ios/Revolt.xcodeproj -experimental-emit-module-separately -disable-cmo

Copy /Users/harishvishwakarma/Library/Developer/Xcode/DerivedData/Revolt-dharrjsambcimaaziudpvzjdcigm/Build/Products/Debug-iphoneos/SwiftCSV.swiftmodule/Project/arm64-apple-ios.swiftsourceinfo /Users/harishvishwakarma/Library/Developer/Xcode/DerivedData/Revolt-dharrjsambcimaaziudpvzjdcigm/Build/Intermediates.noindex/SwiftCSV.build/Debug-iphoneos/SwiftCSV.build/Objects-normal/arm64/SwiftCSV.swiftsourceinfo (in target 'SwiftCSV' from project 'SwiftCSV')
    cd /Users/harishvishwakarma/Library/Developer/Xcode/DerivedData/Revolt-dharrjsambcimaaziudpvzjdcigm/SourcePackages/checkouts/SwiftCSV
    builtin-copy -exclude .DS_Store -exclude CVS -exclude .svn -exclude .git -exclude .hg -resolve-src-symlinks -rename /Users/harishvishwakarma/Library/Developer/Xcode/DerivedData/Revolt-dharrjsambcimaaziudpvzjdcigm/Build/Intermediates.noindex/SwiftCSV.build/Debug-iphoneos/SwiftCSV.build/Objects-normal/arm64/SwiftCSV.swiftsourceinfo /Users/harishvishwakarma/Library/Developer/Xcode/DerivedData/Revolt-dharrjsambcimaaziudpvzjdcigm/Build/Products/Debug-iphoneos/SwiftCSV.swiftmodule/Project/arm64-apple-ios.swiftsourceinfo

SwiftDriver\ Compilation\ Requirements SubviewAttachingTextView normal arm64 com.apple.xcode.tools.swift.compiler (in target 'SubviewAttachingTextView' from project 'SubviewAttachingTextView')
    cd /Users/harishvishwakarma/Handy/Archem/pepchat-ios/Revolt.xcodeproj
    builtin-Swift-Compilation-Requirements -- /Applications/Xcode.app/Contents/Developer/Toolchains/XcodeDefault.xctoolchain/usr/bin/swiftc -module-name SubviewAttachingTextView -Onone -enforce-exclusivity\=checked @/Users/harishvishwakarma/Library/Developer/Xcode/DerivedData/Revolt-dharrjsambcimaaziudpvzjdcigm/Build/Intermediates.noindex/SubviewAttachingTextView.build/Debug-iphoneos/SubviewAttachingTextView.build/Objects-normal/arm64/SubviewAttachingTextView.SwiftFileList -DSWIFT_PACKAGE -DDEBUG -DXcode -plugin-path /Applications/Xcode.app/Contents/Developer/Toolchains/XcodeDefault.xctoolchain/usr/lib/swift/host/plugins/testing -enable-experimental-feature DebugDescriptionMacro -sdk /Applications/Xcode.app/Contents/Developer/Platforms/iPhoneOS.platform/Developer/SDKs/iPhoneOS18.5.sdk -target arm64-apple-ios12.0 -g -module-cache-path /Users/harishvishwakarma/Library/Developer/Xcode/DerivedData/ModuleCache.noindex -Xfrontend -serialize-debugging-options -enable-testing -suppress-warnings -index-store-path /Users/harishvishwakarma/Library/Developer/Xcode/DerivedData/Revolt-dharrjsambcimaaziudpvzjdcigm/Index.noindex/DataStore -swift-version 5 -I /Users/harishvishwakarma/Library/Developer/Xcode/DerivedData/Revolt-dharrjsambcimaaziudpvzjdcigm/Build/Products/Debug-iphoneos -I /Applications/Xcode.app/Contents/Developer/Platforms/iPhoneOS.platform/Developer/usr/lib -F /Users/harishvishwakarma/Library/Developer/Xcode/DerivedData/Revolt-dharrjsambcimaaziudpvzjdcigm/Build/Products/Debug-iphoneos -F /Applications/Xcode.app/Contents/Developer/Platforms/iPhoneOS.platform/Developer/Library/Frameworks -F /Applications/Xcode.app/Contents/Developer/Platforms/iPhoneOS.platform/Developer/SDKs/iPhoneOS18.5.sdk/Developer/Library/Frameworks -c -j12 -enable-batch-mode -incremental -Xcc -ivfsstatcache -Xcc /Users/harishvishwakarma/Library/Developer/Xcode/DerivedData/SDKStatCaches.noindex/iphoneos18.5-22F76-7fa4eea80a99bbfdc046826b63ec4baf.sdkstatcache -output-file-map /Users/harishvishwakarma/Library/Developer/Xcode/DerivedData/Revolt-dharrjsambcimaaziudpvzjdcigm/Build/Intermediates.noindex/SubviewAttachingTextView.build/Debug-iphoneos/SubviewAttachingTextView.build/Objects-normal/arm64/SubviewAttachingTextView-OutputFileMap.json -use-frontend-parseable-output -save-temps -no-color-diagnostics -serialize-diagnostics -emit-dependencies -emit-module -emit-module-path /Users/harishvishwakarma/Library/Developer/Xcode/DerivedData/Revolt-dharrjsambcimaaziudpvzjdcigm/Build/Intermediates.noindex/SubviewAttachingTextView.build/Debug-iphoneos/SubviewAttachingTextView.build/Objects-normal/arm64/SubviewAttachingTextView.swiftmodule -validate-clang-modules-once -clang-build-session-file /Users/harishvishwakarma/Library/Developer/Xcode/DerivedData/ModuleCache.noindex/Session.modulevalidation -Xcc -I/Users/harishvishwakarma/Library/Developer/Xcode/DerivedData/Revolt-dharrjsambcimaaziudpvzjdcigm/Build/Intermediates.noindex/SubviewAttachingTextView.build/Debug-iphoneos/SubviewAttachingTextView.build/swift-overrides.hmap -emit-const-values -Xfrontend -const-gather-protocols-file -Xfrontend /Users/harishvishwakarma/Library/Developer/Xcode/DerivedData/Revolt-dharrjsambcimaaziudpvzjdcigm/Build/Intermediates.noindex/SubviewAttachingTextView.build/Debug-iphoneos/SubviewAttachingTextView.build/Objects-normal/arm64/SubviewAttachingTextView_const_extract_protocols.json -Xcc -I/Users/harishvishwakarma/Library/Developer/Xcode/DerivedData/Revolt-dharrjsambcimaaziudpvzjdcigm/Build/Products/Debug-iphoneos/include -Xcc -I/Users/harishvishwakarma/Library/Developer/Xcode/DerivedData/Revolt-dharrjsambcimaaziudpvzjdcigm/Build/Intermediates.noindex/SubviewAttachingTextView.build/Debug-iphoneos/SubviewAttachingTextView.build/DerivedSources-normal/arm64 -Xcc -I/Users/harishvishwakarma/Library/Developer/Xcode/DerivedData/Revolt-dharrjsambcimaaziudpvzjdcigm/Build/Intermediates.noindex/SubviewAttachingTextView.build/Debug-iphoneos/SubviewAttachingTextView.build/DerivedSources/arm64 -Xcc -I/Users/harishvishwakarma/Library/Developer/Xcode/DerivedData/Revolt-dharrjsambcimaaziudpvzjdcigm/Build/Intermediates.noindex/SubviewAttachingTextView.build/Debug-iphoneos/SubviewAttachingTextView.build/DerivedSources -Xcc -DSWIFT_PACKAGE -Xcc -DDEBUG\=1 -emit-objc-header -emit-objc-header-path /Users/harishvishwakarma/Library/Developer/Xcode/DerivedData/Revolt-dharrjsambcimaaziudpvzjdcigm/Build/Intermediates.noindex/SubviewAttachingTextView.build/Debug-iphoneos/SubviewAttachingTextView.build/Objects-normal/arm64/SubviewAttachingTextView-Swift.h -working-directory /Users/harishvishwakarma/Handy/Archem/pepchat-ios/Revolt.xcodeproj -experimental-emit-module-separately -disable-cmo

SwiftDriver KeychainAccess normal arm64 com.apple.xcode.tools.swift.compiler (in target 'KeychainAccess' from project 'KeychainAccess')
    cd /Users/harishvishwakarma/Handy/Archem/pepchat-ios/Revolt.xcodeproj
    builtin-SwiftDriver -- /Applications/Xcode.app/Contents/Developer/Toolchains/XcodeDefault.xctoolchain/usr/bin/swiftc -module-name KeychainAccess -Onone -enforce-exclusivity\=checked @/Users/harishvishwakarma/Library/Developer/Xcode/DerivedData/Revolt-dharrjsambcimaaziudpvzjdcigm/Build/Intermediates.noindex/KeychainAccess.build/Debug-iphoneos/KeychainAccess.build/Objects-normal/arm64/KeychainAccess.SwiftFileList -DSWIFT_PACKAGE -DDEBUG -DXcode -plugin-path /Applications/Xcode.app/Contents/Developer/Toolchains/XcodeDefault.xctoolchain/usr/lib/swift/host/plugins/testing -enable-experimental-feature DebugDescriptionMacro -sdk /Applications/Xcode.app/Contents/Developer/Platforms/iPhoneOS.platform/Developer/SDKs/iPhoneOS18.5.sdk -target arm64-apple-ios12.0 -g -module-cache-path /Users/harishvishwakarma/Library/Developer/Xcode/DerivedData/ModuleCache.noindex -Xfrontend -serialize-debugging-options -enable-testing -suppress-warnings -index-store-path /Users/harishvishwakarma/Library/Developer/Xcode/DerivedData/Revolt-dharrjsambcimaaziudpvzjdcigm/Index.noindex/DataStore -swift-version 5 -I /Users/harishvishwakarma/Library/Developer/Xcode/DerivedData/Revolt-dharrjsambcimaaziudpvzjdcigm/Build/Products/Debug-iphoneos -I /Applications/Xcode.app/Contents/Developer/Platforms/iPhoneOS.platform/Developer/usr/lib -F /Users/harishvishwakarma/Library/Developer/Xcode/DerivedData/Revolt-dharrjsambcimaaziudpvzjdcigm/Build/Products/Debug-iphoneos -F /Applications/Xcode.app/Contents/Developer/Platforms/iPhoneOS.platform/Developer/Library/Frameworks -F /Applications/Xcode.app/Contents/Developer/Platforms/iPhoneOS.platform/Developer/SDKs/iPhoneOS18.5.sdk/Developer/Library/Frameworks -parse-as-library -c -j12 -enable-batch-mode -incremental -Xcc -ivfsstatcache -Xcc /Users/harishvishwakarma/Library/Developer/Xcode/DerivedData/SDKStatCaches.noindex/iphoneos18.5-22F76-7fa4eea80a99bbfdc046826b63ec4baf.sdkstatcache -output-file-map /Users/harishvishwakarma/Library/Developer/Xcode/DerivedData/Revolt-dharrjsambcimaaziudpvzjdcigm/Build/Intermediates.noindex/KeychainAccess.build/Debug-iphoneos/KeychainAccess.build/Objects-normal/arm64/KeychainAccess-OutputFileMap.json -use-frontend-parseable-output -save-temps -no-color-diagnostics -serialize-diagnostics -emit-dependencies -emit-module -emit-module-path /Users/harishvishwakarma/Library/Developer/Xcode/DerivedData/Revolt-dharrjsambcimaaziudpvzjdcigm/Build/Intermediates.noindex/KeychainAccess.build/Debug-iphoneos/KeychainAccess.build/Objects-normal/arm64/KeychainAccess.swiftmodule -validate-clang-modules-once -clang-build-session-file /Users/harishvishwakarma/Library/Developer/Xcode/DerivedData/ModuleCache.noindex/Session.modulevalidation -Xcc -I/Users/harishvishwakarma/Library/Developer/Xcode/DerivedData/Revolt-dharrjsambcimaaziudpvzjdcigm/Build/Intermediates.noindex/KeychainAccess.build/Debug-iphoneos/KeychainAccess.build/swift-overrides.hmap -emit-const-values -Xfrontend -const-gather-protocols-file -Xfrontend /Users/harishvishwakarma/Library/Developer/Xcode/DerivedData/Revolt-dharrjsambcimaaziudpvzjdcigm/Build/Intermediates.noindex/KeychainAccess.build/Debug-iphoneos/KeychainAccess.build/Objects-normal/arm64/KeychainAccess_const_extract_protocols.json -Xcc -I/Users/harishvishwakarma/Library/Developer/Xcode/DerivedData/Revolt-dharrjsambcimaaziudpvzjdcigm/Build/Products/Debug-iphoneos/include -Xcc -I/Users/harishvishwakarma/Library/Developer/Xcode/DerivedData/Revolt-dharrjsambcimaaziudpvzjdcigm/Build/Intermediates.noindex/KeychainAccess.build/Debug-iphoneos/KeychainAccess.build/DerivedSources-normal/arm64 -Xcc -I/Users/harishvishwakarma/Library/Developer/Xcode/DerivedData/Revolt-dharrjsambcimaaziudpvzjdcigm/Build/Intermediates.noindex/KeychainAccess.build/Debug-iphoneos/KeychainAccess.build/DerivedSources/arm64 -Xcc -I/Users/harishvishwakarma/Library/Developer/Xcode/DerivedData/Revolt-dharrjsambcimaaziudpvzjdcigm/Build/Intermediates.noindex/KeychainAccess.build/Debug-iphoneos/KeychainAccess.build/DerivedSources -Xcc -DSWIFT_PACKAGE -Xcc -DDEBUG\=1 -emit-objc-header -emit-objc-header-path /Users/harishvishwakarma/Library/Developer/Xcode/DerivedData/Revolt-dharrjsambcimaaziudpvzjdcigm/Build/Intermediates.noindex/KeychainAccess.build/Debug-iphoneos/KeychainAccess.build/Objects-normal/arm64/KeychainAccess-Swift.h -working-directory /Users/harishvishwakarma/Handy/Archem/pepchat-ios/Revolt.xcodeproj -experimental-emit-module-separately -disable-cmo

SwiftEmitModule normal arm64 Emitting\ module\ for\ MarkdownKit (in target 'MarkdownKit' from project 'MarkdownKit')

EmitSwiftModule normal arm64 (in target 'MarkdownKit' from project 'MarkdownKit')
    cd /Users/harishvishwakarma/Handy/Archem/pepchat-ios/Revolt.xcodeproj
    

SwiftMergeGeneratedHeaders /Users/harishvishwakarma/Library/Developer/Xcode/DerivedData/Revolt-dharrjsambcimaaziudpvzjdcigm/Build/Intermediates.noindex/GeneratedModuleMaps-iphoneos/SwiftParsec-Swift.h /Users/harishvishwakarma/Library/Developer/Xcode/DerivedData/Revolt-dharrjsambcimaaziudpvzjdcigm/Build/Intermediates.noindex/SwiftParsec.build/Debug-iphoneos/SwiftParsec.build/Objects-normal/arm64/SwiftParsec-Swift.h (in target 'SwiftParsec' from project 'SwiftParsec')
    cd /Users/harishvishwakarma/Library/Developer/Xcode/DerivedData/Revolt-dharrjsambcimaaziudpvzjdcigm/SourcePackages/checkouts/SwiftParsec
    builtin-swiftHeaderTool -arch arm64 /Users/harishvishwakarma/Library/Developer/Xcode/DerivedData/Revolt-dharrjsambcimaaziudpvzjdcigm/Build/Intermediates.noindex/SwiftParsec.build/Debug-iphoneos/SwiftParsec.build/Objects-normal/arm64/SwiftParsec-Swift.h -o /Users/harishvishwakarma/Library/Developer/Xcode/DerivedData/Revolt-dharrjsambcimaaziudpvzjdcigm/Build/Intermediates.noindex/GeneratedModuleMaps-iphoneos/SwiftParsec-Swift.h

Copy /Users/harishvishwakarma/Library/Developer/Xcode/DerivedData/Revolt-dharrjsambcimaaziudpvzjdcigm/Build/Products/Debug-iphoneos/SwiftParsec.swiftmodule/arm64-apple-ios.swiftmodule /Users/harishvishwakarma/Library/Developer/Xcode/DerivedData/Revolt-dharrjsambcimaaziudpvzjdcigm/Build/Intermediates.noindex/SwiftParsec.build/Debug-iphoneos/SwiftParsec.build/Objects-normal/arm64/SwiftParsec.swiftmodule (in target 'SwiftParsec' from project 'SwiftParsec')
    cd /Users/harishvishwakarma/Library/Developer/Xcode/DerivedData/Revolt-dharrjsambcimaaziudpvzjdcigm/SourcePackages/checkouts/SwiftParsec
    builtin-copy -exclude .DS_Store -exclude CVS -exclude .svn -exclude .git -exclude .hg -resolve-src-symlinks -rename /Users/harishvishwakarma/Library/Developer/Xcode/DerivedData/Revolt-dharrjsambcimaaziudpvzjdcigm/Build/Intermediates.noindex/SwiftParsec.build/Debug-iphoneos/SwiftParsec.build/Objects-normal/arm64/SwiftParsec.swiftmodule /Users/harishvishwakarma/Library/Developer/Xcode/DerivedData/Revolt-dharrjsambcimaaziudpvzjdcigm/Build/Products/Debug-iphoneos/SwiftParsec.swiftmodule/arm64-apple-ios.swiftmodule

Copy /Users/harishvishwakarma/Library/Developer/Xcode/DerivedData/Revolt-dharrjsambcimaaziudpvzjdcigm/Build/Products/Debug-iphoneos/SwiftParsec.swiftmodule/arm64-apple-ios.swiftdoc /Users/harishvishwakarma/Library/Developer/Xcode/DerivedData/Revolt-dharrjsambcimaaziudpvzjdcigm/Build/Intermediates.noindex/SwiftParsec.build/Debug-iphoneos/SwiftParsec.build/Objects-normal/arm64/SwiftParsec.swiftdoc (in target 'SwiftParsec' from project 'SwiftParsec')
    cd /Users/harishvishwakarma/Library/Developer/Xcode/DerivedData/Revolt-dharrjsambcimaaziudpvzjdcigm/SourcePackages/checkouts/SwiftParsec
    builtin-copy -exclude .DS_Store -exclude CVS -exclude .svn -exclude .git -exclude .hg -resolve-src-symlinks -rename /Users/harishvishwakarma/Library/Developer/Xcode/DerivedData/Revolt-dharrjsambcimaaziudpvzjdcigm/Build/Intermediates.noindex/SwiftParsec.build/Debug-iphoneos/SwiftParsec.build/Objects-normal/arm64/SwiftParsec.swiftdoc /Users/harishvishwakarma/Library/Developer/Xcode/DerivedData/Revolt-dharrjsambcimaaziudpvzjdcigm/Build/Products/Debug-iphoneos/SwiftParsec.swiftmodule/arm64-apple-ios.swiftdoc

Copy /Users/harishvishwakarma/Library/Developer/Xcode/DerivedData/Revolt-dharrjsambcimaaziudpvzjdcigm/Build/Products/Debug-iphoneos/SwiftParsec.swiftmodule/arm64-apple-ios.abi.json /Users/harishvishwakarma/Library/Developer/Xcode/DerivedData/Revolt-dharrjsambcimaaziudpvzjdcigm/Build/Intermediates.noindex/SwiftParsec.build/Debug-iphoneos/SwiftParsec.build/Objects-normal/arm64/SwiftParsec.abi.json (in target 'SwiftParsec' from project 'SwiftParsec')
    cd /Users/harishvishwakarma/Library/Developer/Xcode/DerivedData/Revolt-dharrjsambcimaaziudpvzjdcigm/SourcePackages/checkouts/SwiftParsec
    builtin-copy -exclude .DS_Store -exclude CVS -exclude .svn -exclude .git -exclude .hg -resolve-src-symlinks -rename /Users/harishvishwakarma/Library/Developer/Xcode/DerivedData/Revolt-dharrjsambcimaaziudpvzjdcigm/Build/Intermediates.noindex/SwiftParsec.build/Debug-iphoneos/SwiftParsec.build/Objects-normal/arm64/SwiftParsec.abi.json /Users/harishvishwakarma/Library/Developer/Xcode/DerivedData/Revolt-dharrjsambcimaaziudpvzjdcigm/Build/Products/Debug-iphoneos/SwiftParsec.swiftmodule/arm64-apple-ios.abi.json

Copy /Users/harishvishwakarma/Library/Developer/Xcode/DerivedData/Revolt-dharrjsambcimaaziudpvzjdcigm/Build/Products/Debug-iphoneos/SwiftParsec.swiftmodule/Project/arm64-apple-ios.swiftsourceinfo /Users/harishvishwakarma/Library/Developer/Xcode/DerivedData/Revolt-dharrjsambcimaaziudpvzjdcigm/Build/Intermediates.noindex/SwiftParsec.build/Debug-iphoneos/SwiftParsec.build/Objects-normal/arm64/SwiftParsec.swiftsourceinfo (in target 'SwiftParsec' from project 'SwiftParsec')
    cd /Users/harishvishwakarma/Library/Developer/Xcode/DerivedData/Revolt-dharrjsambcimaaziudpvzjdcigm/SourcePackages/checkouts/SwiftParsec
    builtin-copy -exclude .DS_Store -exclude CVS -exclude .svn -exclude .git -exclude .hg -resolve-src-symlinks -rename /Users/harishvishwakarma/Library/Developer/Xcode/DerivedData/Revolt-dharrjsambcimaaziudpvzjdcigm/Build/Intermediates.noindex/SwiftParsec.build/Debug-iphoneos/SwiftParsec.build/Objects-normal/arm64/SwiftParsec.swiftsourceinfo /Users/harishvishwakarma/Library/Developer/Xcode/DerivedData/Revolt-dharrjsambcimaaziudpvzjdcigm/Build/Products/Debug-iphoneos/SwiftParsec.swiftmodule/Project/arm64-apple-ios.swiftsourceinfo

SwiftMergeGeneratedHeaders /Users/harishvishwakarma/Library/Developer/Xcode/DerivedData/Revolt-dharrjsambcimaaziudpvzjdcigm/Build/Intermediates.noindex/GeneratedModuleMaps-iphoneos/SubviewAttachingTextView-Swift.h /Users/harishvishwakarma/Library/Developer/Xcode/DerivedData/Revolt-dharrjsambcimaaziudpvzjdcigm/Build/Intermediates.noindex/SubviewAttachingTextView.build/Debug-iphoneos/SubviewAttachingTextView.build/Objects-normal/arm64/SubviewAttachingTextView-Swift.h (in target 'SubviewAttachingTextView' from project 'SubviewAttachingTextView')
    cd /Users/harishvishwakarma/Library/Developer/Xcode/DerivedData/Revolt-dharrjsambcimaaziudpvzjdcigm/SourcePackages/checkouts/SubviewAttachingTextView
    builtin-swiftHeaderTool -arch arm64 /Users/harishvishwakarma/Library/Developer/Xcode/DerivedData/Revolt-dharrjsambcimaaziudpvzjdcigm/Build/Intermediates.noindex/SubviewAttachingTextView.build/Debug-iphoneos/SubviewAttachingTextView.build/Objects-normal/arm64/SubviewAttachingTextView-Swift.h -o /Users/harishvishwakarma/Library/Developer/Xcode/DerivedData/Revolt-dharrjsambcimaaziudpvzjdcigm/Build/Intermediates.noindex/GeneratedModuleMaps-iphoneos/SubviewAttachingTextView-Swift.h

Copy /Users/harishvishwakarma/Library/Developer/Xcode/DerivedData/Revolt-dharrjsambcimaaziudpvzjdcigm/Build/Products/Debug-iphoneos/SubviewAttachingTextView.swiftmodule/arm64-apple-ios.swiftmodule /Users/harishvishwakarma/Library/Developer/Xcode/DerivedData/Revolt-dharrjsambcimaaziudpvzjdcigm/Build/Intermediates.noindex/SubviewAttachingTextView.build/Debug-iphoneos/SubviewAttachingTextView.build/Objects-normal/arm64/SubviewAttachingTextView.swiftmodule (in target 'SubviewAttachingTextView' from project 'SubviewAttachingTextView')
    cd /Users/harishvishwakarma/Library/Developer/Xcode/DerivedData/Revolt-dharrjsambcimaaziudpvzjdcigm/SourcePackages/checkouts/SubviewAttachingTextView
    builtin-copy -exclude .DS_Store -exclude CVS -exclude .svn -exclude .git -exclude .hg -resolve-src-symlinks -rename /Users/harishvishwakarma/Library/Developer/Xcode/DerivedData/Revolt-dharrjsambcimaaziudpvzjdcigm/Build/Intermediates.noindex/SubviewAttachingTextView.build/Debug-iphoneos/SubviewAttachingTextView.build/Objects-normal/arm64/SubviewAttachingTextView.swiftmodule /Users/harishvishwakarma/Library/Developer/Xcode/DerivedData/Revolt-dharrjsambcimaaziudpvzjdcigm/Build/Products/Debug-iphoneos/SubviewAttachingTextView.swiftmodule/arm64-apple-ios.swiftmodule

Copy /Users/harishvishwakarma/Library/Developer/Xcode/DerivedData/Revolt-dharrjsambcimaaziudpvzjdcigm/Build/Products/Debug-iphoneos/SubviewAttachingTextView.swiftmodule/arm64-apple-ios.swiftdoc /Users/harishvishwakarma/Library/Developer/Xcode/DerivedData/Revolt-dharrjsambcimaaziudpvzjdcigm/Build/Intermediates.noindex/SubviewAttachingTextView.build/Debug-iphoneos/SubviewAttachingTextView.build/Objects-normal/arm64/SubviewAttachingTextView.swiftdoc (in target 'SubviewAttachingTextView' from project 'SubviewAttachingTextView')
    cd /Users/harishvishwakarma/Library/Developer/Xcode/DerivedData/Revolt-dharrjsambcimaaziudpvzjdcigm/SourcePackages/checkouts/SubviewAttachingTextView
    builtin-copy -exclude .DS_Store -exclude CVS -exclude .svn -exclude .git -exclude .hg -resolve-src-symlinks -rename /Users/harishvishwakarma/Library/Developer/Xcode/DerivedData/Revolt-dharrjsambcimaaziudpvzjdcigm/Build/Intermediates.noindex/SubviewAttachingTextView.build/Debug-iphoneos/SubviewAttachingTextView.build/Objects-normal/arm64/SubviewAttachingTextView.swiftdoc /Users/harishvishwakarma/Library/Developer/Xcode/DerivedData/Revolt-dharrjsambcimaaziudpvzjdcigm/Build/Products/Debug-iphoneos/SubviewAttachingTextView.swiftmodule/arm64-apple-ios.swiftdoc

Copy /Users/harishvishwakarma/Library/Developer/Xcode/DerivedData/Revolt-dharrjsambcimaaziudpvzjdcigm/Build/Products/Debug-iphoneos/SubviewAttachingTextView.swiftmodule/arm64-apple-ios.abi.json /Users/harishvishwakarma/Library/Developer/Xcode/DerivedData/Revolt-dharrjsambcimaaziudpvzjdcigm/Build/Intermediates.noindex/SubviewAttachingTextView.build/Debug-iphoneos/SubviewAttachingTextView.build/Objects-normal/arm64/SubviewAttachingTextView.abi.json (in target 'SubviewAttachingTextView' from project 'SubviewAttachingTextView')
    cd /Users/harishvishwakarma/Library/Developer/Xcode/DerivedData/Revolt-dharrjsambcimaaziudpvzjdcigm/SourcePackages/checkouts/SubviewAttachingTextView
    builtin-copy -exclude .DS_Store -exclude CVS -exclude .svn -exclude .git -exclude .hg -resolve-src-symlinks -rename /Users/harishvishwakarma/Library/Developer/Xcode/DerivedData/Revolt-dharrjsambcimaaziudpvzjdcigm/Build/Intermediates.noindex/SubviewAttachingTextView.build/Debug-iphoneos/SubviewAttachingTextView.build/Objects-normal/arm64/SubviewAttachingTextView.abi.json /Users/harishvishwakarma/Library/Developer/Xcode/DerivedData/Revolt-dharrjsambcimaaziudpvzjdcigm/Build/Products/Debug-iphoneos/SubviewAttachingTextView.swiftmodule/arm64-apple-ios.abi.json

Copy /Users/harishvishwakarma/Library/Developer/Xcode/DerivedData/Revolt-dharrjsambcimaaziudpvzjdcigm/Build/Products/Debug-iphoneos/SubviewAttachingTextView.swiftmodule/Project/arm64-apple-ios.swiftsourceinfo /Users/harishvishwakarma/Library/Developer/Xcode/DerivedData/Revolt-dharrjsambcimaaziudpvzjdcigm/Build/Intermediates.noindex/SubviewAttachingTextView.build/Debug-iphoneos/SubviewAttachingTextView.build/Objects-normal/arm64/SubviewAttachingTextView.swiftsourceinfo (in target 'SubviewAttachingTextView' from project 'SubviewAttachingTextView')
    cd /Users/harishvishwakarma/Library/Developer/Xcode/DerivedData/Revolt-dharrjsambcimaaziudpvzjdcigm/SourcePackages/checkouts/SubviewAttachingTextView
    builtin-copy -exclude .DS_Store -exclude CVS -exclude .svn -exclude .git -exclude .hg -resolve-src-symlinks -rename /Users/harishvishwakarma/Library/Developer/Xcode/DerivedData/Revolt-dharrjsambcimaaziudpvzjdcigm/Build/Intermediates.noindex/SubviewAttachingTextView.build/Debug-iphoneos/SubviewAttachingTextView.build/Objects-normal/arm64/SubviewAttachingTextView.swiftsourceinfo /Users/harishvishwakarma/Library/Developer/Xcode/DerivedData/Revolt-dharrjsambcimaaziudpvzjdcigm/Build/Products/Debug-iphoneos/SubviewAttachingTextView.swiftmodule/Project/arm64-apple-ios.swiftsourceinfo

SwiftDriverJobDiscovery normal arm64 Emitting module for Starscream (in target 'Starscream' from project 'Starscream')

SwiftEmitModule normal arm64 Emitting\ module\ for\ KeychainAccess (in target 'KeychainAccess' from project 'KeychainAccess')

SwiftCompile normal arm64 /Users/harishvishwakarma/Library/Developer/Xcode/DerivedData/Revolt-dharrjsambcimaaziudpvzjdcigm/SourcePackages/checkouts/KeychainAccess/Lib/KeychainAccess/Keychain.swift (in target 'KeychainAccess' from project 'KeychainAccess')
    cd /Users/harishvishwakarma/Handy/Archem/pepchat-ios/Revolt.xcodeproj
    

SwiftDriver IssueReporting normal arm64 com.apple.xcode.tools.swift.compiler (in target 'IssueReporting' from project 'xctest-dynamic-overlay')
    cd /Users/harishvishwakarma/Handy/Archem/pepchat-ios/Revolt.xcodeproj
    builtin-SwiftDriver -- /Applications/Xcode.app/Contents/Developer/Toolchains/XcodeDefault.xctoolchain/usr/bin/swiftc -module-name IssueReporting -Onone -enforce-exclusivity\=checked @/Users/harishvishwakarma/Library/Developer/Xcode/DerivedData/Revolt-dharrjsambcimaaziudpvzjdcigm/Build/Intermediates.noindex/xctest-dynamic-overlay.build/Debug-iphoneos/IssueReporting.build/Objects-normal/arm64/IssueReporting.SwiftFileList -DSWIFT_PACKAGE -DDEBUG -DXcode -plugin-path /Applications/Xcode.app/Contents/Developer/Toolchains/XcodeDefault.xctoolchain/usr/lib/swift/host/plugins/testing -enable-experimental-feature DebugDescriptionMacro -sdk /Applications/Xcode.app/Contents/Developer/Platforms/iPhoneOS.platform/Developer/SDKs/iPhoneOS18.5.sdk -target arm64-apple-ios13.0 -g -module-cache-path /Users/harishvishwakarma/Library/Developer/Xcode/DerivedData/ModuleCache.noindex -Xfrontend -serialize-debugging-options -enable-testing -suppress-warnings -index-store-path /Users/harishvishwakarma/Library/Developer/Xcode/DerivedData/Revolt-dharrjsambcimaaziudpvzjdcigm/Index.noindex/DataStore -swift-version 6 -I /Users/harishvishwakarma/Library/Developer/Xcode/DerivedData/Revolt-dharrjsambcimaaziudpvzjdcigm/Build/Products/Debug-iphoneos -I /Applications/Xcode.app/Contents/Developer/Platforms/iPhoneOS.platform/Developer/usr/lib -F /Users/harishvishwakarma/Library/Developer/Xcode/DerivedData/Revolt-dharrjsambcimaaziudpvzjdcigm/Build/Products/Debug-iphoneos -F /Applications/Xcode.app/Contents/Developer/Platforms/iPhoneOS.platform/Developer/Library/Frameworks -F /Applications/Xcode.app/Contents/Developer/Platforms/iPhoneOS.platform/Developer/SDKs/iPhoneOS18.5.sdk/Developer/Library/Frameworks -c -j12 -enable-batch-mode -incremental -Xcc -ivfsstatcache -Xcc /Users/harishvishwakarma/Library/Developer/Xcode/DerivedData/SDKStatCaches.noindex/iphoneos18.5-22F76-7fa4eea80a99bbfdc046826b63ec4baf.sdkstatcache -output-file-map /Users/harishvishwakarma/Library/Developer/Xcode/DerivedData/Revolt-dharrjsambcimaaziudpvzjdcigm/Build/Intermediates.noindex/xctest-dynamic-overlay.build/Debug-iphoneos/IssueReporting.build/Objects-normal/arm64/IssueReporting-OutputFileMap.json -use-frontend-parseable-output -save-temps -no-color-diagnostics -serialize-diagnostics -emit-dependencies -emit-module -emit-module-path /Users/harishvishwakarma/Library/Developer/Xcode/DerivedData/Revolt-dharrjsambcimaaziudpvzjdcigm/Build/Intermediates.noindex/xctest-dynamic-overlay.build/Debug-iphoneos/IssueReporting.build/Objects-normal/arm64/IssueReporting.swiftmodule -user-module-version 1.4.1 -validate-clang-modules-once -clang-build-session-file /Users/harishvishwakarma/Library/Developer/Xcode/DerivedData/ModuleCache.noindex/Session.modulevalidation -package-name xctest_dynamic_overlay -Xcc -I/Users/harishvishwakarma/Library/Developer/Xcode/DerivedData/Revolt-dharrjsambcimaaziudpvzjdcigm/Build/Intermediates.noindex/xctest-dynamic-overlay.build/Debug-iphoneos/IssueReporting.build/swift-overrides.hmap -emit-const-values -Xfrontend -const-gather-protocols-file -Xfrontend /Users/harishvishwakarma/Library/Developer/Xcode/DerivedData/Revolt-dharrjsambcimaaziudpvzjdcigm/Build/Intermediates.noindex/xctest-dynamic-overlay.build/Debug-iphoneos/IssueReporting.build/Objects-normal/arm64/IssueReporting_const_extract_protocols.json -Xcc -I/Users/harishvishwakarma/Library/Developer/Xcode/DerivedData/Revolt-dharrjsambcimaaziudpvzjdcigm/Build/Products/Debug-iphoneos/include -Xcc -I/Users/harishvishwakarma/Library/Developer/Xcode/DerivedData/Revolt-dharrjsambcimaaziudpvzjdcigm/Build/Intermediates.noindex/xctest-dynamic-overlay.build/Debug-iphoneos/IssueReporting.build/DerivedSources-normal/arm64 -Xcc -I/Users/harishvishwakarma/Library/Developer/Xcode/DerivedData/Revolt-dharrjsambcimaaziudpvzjdcigm/Build/Intermediates.noindex/xctest-dynamic-overlay.build/Debug-iphoneos/IssueReporting.build/DerivedSources/arm64 -Xcc -I/Users/harishvishwakarma/Library/Developer/Xcode/DerivedData/Revolt-dharrjsambcimaaziudpvzjdcigm/Build/Intermediates.noindex/xctest-dynamic-overlay.build/Debug-iphoneos/IssueReporting.build/DerivedSources -Xcc -DSWIFT_PACKAGE -Xcc -DDEBUG\=1 -emit-objc-header -emit-objc-header-path /Users/harishvishwakarma/Library/Developer/Xcode/DerivedData/Revolt-dharrjsambcimaaziudpvzjdcigm/Build/Intermediates.noindex/xctest-dynamic-overlay.build/Debug-iphoneos/IssueReporting.build/Objects-normal/arm64/IssueReporting-Swift.h -working-directory /Users/harishvishwakarma/Handy/Archem/pepchat-ios/Revolt.xcodeproj -experimental-emit-module-separately -disable-cmo

SwiftDriver InternalCollectionsUtilities normal arm64 com.apple.xcode.tools.swift.compiler (in target 'InternalCollectionsUtilities' from project 'swift-collections')
    cd /Users/harishvishwakarma/Handy/Archem/pepchat-ios/Revolt.xcodeproj
    builtin-SwiftDriver -- /Applications/Xcode.app/Contents/Developer/Toolchains/XcodeDefault.xctoolchain/usr/bin/swiftc -module-name InternalCollectionsUtilities -Onone -enforce-exclusivity\=checked @/Users/harishvishwakarma/Library/Developer/Xcode/DerivedData/Revolt-dharrjsambcimaaziudpvzjdcigm/Build/Intermediates.noindex/swift-collections.build/Debug-iphoneos/InternalCollectionsUtilities.build/Objects-normal/arm64/InternalCollectionsUtilities.SwiftFileList -DSWIFT_PACKAGE -DDEBUG -DCOLLECTIONS_RANDOMIZED_TESTING -DXcode -plugin-path /Applications/Xcode.app/Contents/Developer/Toolchains/XcodeDefault.xctoolchain/usr/lib/swift/host/plugins/testing -enable-experimental-feature DebugDescriptionMacro -sdk /Applications/Xcode.app/Contents/Developer/Platforms/iPhoneOS.platform/Developer/SDKs/iPhoneOS18.5.sdk -target arm64-apple-ios12.0 -g -module-cache-path /Users/harishvishwakarma/Library/Developer/Xcode/DerivedData/ModuleCache.noindex -Xfrontend -serialize-debugging-options -enable-testing -suppress-warnings -index-store-path /Users/harishvishwakarma/Library/Developer/Xcode/DerivedData/Revolt-dharrjsambcimaaziudpvzjdcigm/Index.noindex/DataStore -swift-version 5 -I /Users/harishvishwakarma/Library/Developer/Xcode/DerivedData/Revolt-dharrjsambcimaaziudpvzjdcigm/Build/Products/Debug-iphoneos -I /Applications/Xcode.app/Contents/Developer/Platforms/iPhoneOS.platform/Developer/usr/lib -F /Users/harishvishwakarma/Library/Developer/Xcode/DerivedData/Revolt-dharrjsambcimaaziudpvzjdcigm/Build/Products/Debug-iphoneos -F /Applications/Xcode.app/Contents/Developer/Platforms/iPhoneOS.platform/Developer/Library/Frameworks -F /Applications/Xcode.app/Contents/Developer/Platforms/iPhoneOS.platform/Developer/SDKs/iPhoneOS18.5.sdk/Developer/Library/Frameworks -c -j12 -enable-batch-mode -incremental -Xcc -ivfsstatcache -Xcc /Users/harishvishwakarma/Library/Developer/Xcode/DerivedData/SDKStatCaches.noindex/iphoneos18.5-22F76-7fa4eea80a99bbfdc046826b63ec4baf.sdkstatcache -output-file-map /Users/harishvishwakarma/Library/Developer/Xcode/DerivedData/Revolt-dharrjsambcimaaziudpvzjdcigm/Build/Intermediates.noindex/swift-collections.build/Debug-iphoneos/InternalCollectionsUtilities.build/Objects-normal/arm64/InternalCollectionsUtilities-OutputFileMap.json -use-frontend-parseable-output -save-temps -no-color-diagnostics -serialize-diagnostics -emit-dependencies -emit-module -emit-module-path /Users/harishvishwakarma/Library/Developer/Xcode/DerivedData/Revolt-dharrjsambcimaaziudpvzjdcigm/Build/Intermediates.noindex/swift-collections.build/Debug-iphoneos/InternalCollectionsUtilities.build/Objects-normal/arm64/InternalCollectionsUtilities.swiftmodule -validate-clang-modules-once -clang-build-session-file /Users/harishvishwakarma/Library/Developer/Xcode/DerivedData/ModuleCache.noindex/Session.modulevalidation -Xcc -I/Users/harishvishwakarma/Library/Developer/Xcode/DerivedData/Revolt-dharrjsambcimaaziudpvzjdcigm/Build/Intermediates.noindex/swift-collections.build/Debug-iphoneos/InternalCollectionsUtilities.build/swift-overrides.hmap -emit-const-values -Xfrontend -const-gather-protocols-file -Xfrontend /Users/harishvishwakarma/Library/Developer/Xcode/DerivedData/Revolt-dharrjsambcimaaziudpvzjdcigm/Build/Intermediates.noindex/swift-collections.build/Debug-iphoneos/InternalCollectionsUtilities.build/Objects-normal/arm64/InternalCollectionsUtilities_const_extract_protocols.json -Xcc -I/Users/harishvishwakarma/Library/Developer/Xcode/DerivedData/Revolt-dharrjsambcimaaziudpvzjdcigm/Build/Products/Debug-iphoneos/include -Xcc -I/Users/harishvishwakarma/Library/Developer/Xcode/DerivedData/Revolt-dharrjsambcimaaziudpvzjdcigm/Build/Intermediates.noindex/swift-collections.build/Debug-iphoneos/InternalCollectionsUtilities.build/DerivedSources-normal/arm64 -Xcc -I/Users/harishvishwakarma/Library/Developer/Xcode/DerivedData/Revolt-dharrjsambcimaaziudpvzjdcigm/Build/Intermediates.noindex/swift-collections.build/Debug-iphoneos/InternalCollectionsUtilities.build/DerivedSources/arm64 -Xcc -I/Users/harishvishwakarma/Library/Developer/Xcode/DerivedData/Revolt-dharrjsambcimaaziudpvzjdcigm/Build/Intermediates.noindex/swift-collections.build/Debug-iphoneos/InternalCollectionsUtilities.build/DerivedSources -Xcc -DSWIFT_PACKAGE -Xcc -DDEBUG\=1 -emit-objc-header -emit-objc-header-path /Users/harishvishwakarma/Library/Developer/Xcode/DerivedData/Revolt-dharrjsambcimaaziudpvzjdcigm/Build/Intermediates.noindex/swift-collections.build/Debug-iphoneos/InternalCollectionsUtilities.build/Objects-normal/arm64/InternalCollectionsUtilities-Swift.h -working-directory /Users/harishvishwakarma/Handy/Archem/pepchat-ios/Revolt.xcodeproj -experimental-emit-module-separately -disable-cmo

SwiftDriver\ Compilation\ Requirements Starscream normal arm64 com.apple.xcode.tools.swift.compiler (in target 'Starscream' from project 'Starscream')
    cd /Users/harishvishwakarma/Handy/Archem/pepchat-ios/Revolt.xcodeproj
    builtin-Swift-Compilation-Requirements -- /Applications/Xcode.app/Contents/Developer/Toolchains/XcodeDefault.xctoolchain/usr/bin/swiftc -module-name Starscream -Onone -enforce-exclusivity\=checked @/Users/harishvishwakarma/Library/Developer/Xcode/DerivedData/Revolt-dharrjsambcimaaziudpvzjdcigm/Build/Intermediates.noindex/Starscream.build/Debug-iphoneos/Starscream.build/Objects-normal/arm64/Starscream.SwiftFileList -DSWIFT_PACKAGE -DDEBUG -DXcode -plugin-path /Applications/Xcode.app/Contents/Developer/Toolchains/XcodeDefault.xctoolchain/usr/lib/swift/host/plugins/testing -enable-experimental-feature DebugDescriptionMacro -sdk /Applications/Xcode.app/Contents/Developer/Platforms/iPhoneOS.platform/Developer/SDKs/iPhoneOS18.5.sdk -target arm64-apple-ios12.0 -g -module-cache-path /Users/harishvishwakarma/Library/Developer/Xcode/DerivedData/ModuleCache.noindex -Xfrontend -serialize-debugging-options -enable-testing -suppress-warnings -index-store-path /Users/harishvishwakarma/Library/Developer/Xcode/DerivedData/Revolt-dharrjsambcimaaziudpvzjdcigm/Index.noindex/DataStore -swift-version 5 -I /Users/harishvishwakarma/Library/Developer/Xcode/DerivedData/Revolt-dharrjsambcimaaziudpvzjdcigm/Build/Products/Debug-iphoneos -I /Applications/Xcode.app/Contents/Developer/Platforms/iPhoneOS.platform/Developer/usr/lib -F /Users/harishvishwakarma/Library/Developer/Xcode/DerivedData/Revolt-dharrjsambcimaaziudpvzjdcigm/Build/Products/Debug-iphoneos -F /Applications/Xcode.app/Contents/Developer/Platforms/iPhoneOS.platform/Developer/Library/Frameworks -F /Applications/Xcode.app/Contents/Developer/Platforms/iPhoneOS.platform/Developer/SDKs/iPhoneOS18.5.sdk/Developer/Library/Frameworks -c -j12 -enable-batch-mode -incremental -Xcc -ivfsstatcache -Xcc /Users/harishvishwakarma/Library/Developer/Xcode/DerivedData/SDKStatCaches.noindex/iphoneos18.5-22F76-7fa4eea80a99bbfdc046826b63ec4baf.sdkstatcache -output-file-map /Users/harishvishwakarma/Library/Developer/Xcode/DerivedData/Revolt-dharrjsambcimaaziudpvzjdcigm/Build/Intermediates.noindex/Starscream.build/Debug-iphoneos/Starscream.build/Objects-normal/arm64/Starscream-OutputFileMap.json -use-frontend-parseable-output -save-temps -no-color-diagnostics -serialize-diagnostics -emit-dependencies -emit-module -emit-module-path /Users/harishvishwakarma/Library/Developer/Xcode/DerivedData/Revolt-dharrjsambcimaaziudpvzjdcigm/Build/Intermediates.noindex/Starscream.build/Debug-iphoneos/Starscream.build/Objects-normal/arm64/Starscream.swiftmodule -validate-clang-modules-once -clang-build-session-file /Users/harishvishwakarma/Library/Developer/Xcode/DerivedData/ModuleCache.noindex/Session.modulevalidation -Xcc -I/Users/harishvishwakarma/Library/Developer/Xcode/DerivedData/Revolt-dharrjsambcimaaziudpvzjdcigm/Build/Intermediates.noindex/Starscream.build/Debug-iphoneos/Starscream.build/swift-overrides.hmap -emit-const-values -Xfrontend -const-gather-protocols-file -Xfrontend /Users/harishvishwakarma/Library/Developer/Xcode/DerivedData/Revolt-dharrjsambcimaaziudpvzjdcigm/Build/Intermediates.noindex/Starscream.build/Debug-iphoneos/Starscream.build/Objects-normal/arm64/Starscream_const_extract_protocols.json -Xcc -I/Users/harishvishwakarma/Library/Developer/Xcode/DerivedData/Revolt-dharrjsambcimaaziudpvzjdcigm/Build/Products/Debug-iphoneos/include -Xcc -I/Users/harishvishwakarma/Library/Developer/Xcode/DerivedData/Revolt-dharrjsambcimaaziudpvzjdcigm/Build/Intermediates.noindex/Starscream.build/Debug-iphoneos/Starscream.build/DerivedSources-normal/arm64 -Xcc -I/Users/harishvishwakarma/Library/Developer/Xcode/DerivedData/Revolt-dharrjsambcimaaziudpvzjdcigm/Build/Intermediates.noindex/Starscream.build/Debug-iphoneos/Starscream.build/DerivedSources/arm64 -Xcc -I/Users/harishvishwakarma/Library/Developer/Xcode/DerivedData/Revolt-dharrjsambcimaaziudpvzjdcigm/Build/Intermediates.noindex/Starscream.build/Debug-iphoneos/Starscream.build/DerivedSources -Xcc -DSWIFT_PACKAGE -Xcc -DDEBUG\=1 -emit-objc-header -emit-objc-header-path /Users/harishvishwakarma/Library/Developer/Xcode/DerivedData/Revolt-dharrjsambcimaaziudpvzjdcigm/Build/Intermediates.noindex/Starscream.build/Debug-iphoneos/Starscream.build/Objects-normal/arm64/Starscream-Swift.h -working-directory /Users/harishvishwakarma/Handy/Archem/pepchat-ios/Revolt.xcodeproj -experimental-emit-module-separately -disable-cmo

SwiftEmitModule normal arm64 Emitting\ module\ for\ Kingfisher (in target 'Kingfisher' from project 'Kingfisher')
EmitSwiftModule normal arm64 (in target 'Kingfisher' from project 'Kingfisher')
    cd /Users/harishvishwakarma/Handy/Archem/pepchat-ios/Revolt.xcodeproj
    

SwiftMergeGeneratedHeaders /Users/harishvishwakarma/Library/Developer/Xcode/DerivedData/Revolt-dharrjsambcimaaziudpvzjdcigm/Build/Intermediates.noindex/GeneratedModuleMaps-iphoneos/Starscream-Swift.h /Users/harishvishwakarma/Library/Developer/Xcode/DerivedData/Revolt-dharrjsambcimaaziudpvzjdcigm/Build/Intermediates.noindex/Starscream.build/Debug-iphoneos/Starscream.build/Objects-normal/arm64/Starscream-Swift.h (in target 'Starscream' from project 'Starscream')
    cd /Users/harishvishwakarma/Library/Developer/Xcode/DerivedData/Revolt-dharrjsambcimaaziudpvzjdcigm/SourcePackages/checkouts/Starscream
    builtin-swiftHeaderTool -arch arm64 /Users/harishvishwakarma/Library/Developer/Xcode/DerivedData/Revolt-dharrjsambcimaaziudpvzjdcigm/Build/Intermediates.noindex/Starscream.build/Debug-iphoneos/Starscream.build/Objects-normal/arm64/Starscream-Swift.h -o /Users/harishvishwakarma/Library/Developer/Xcode/DerivedData/Revolt-dharrjsambcimaaziudpvzjdcigm/Build/Intermediates.noindex/GeneratedModuleMaps-iphoneos/Starscream-Swift.h

SwiftDriverJobDiscovery normal arm64 Emitting module for SwiftyCrop (in target 'SwiftyCrop' from project 'SwiftyCrop')

SwiftDriver\ Compilation\ Requirements SwiftyCrop normal arm64 com.apple.xcode.tools.swift.compiler (in target 'SwiftyCrop' from project 'SwiftyCrop')
    cd /Users/harishvishwakarma/Handy/Archem/pepchat-ios/Revolt.xcodeproj
    builtin-Swift-Compilation-Requirements -- /Applications/Xcode.app/Contents/Developer/Toolchains/XcodeDefault.xctoolchain/usr/bin/swiftc -module-name SwiftyCrop -Onone -enforce-exclusivity\=checked @/Users/harishvishwakarma/Library/Developer/Xcode/DerivedData/Revolt-dharrjsambcimaaziudpvzjdcigm/Build/Intermediates.noindex/SwiftyCrop.build/Debug-iphoneos/SwiftyCrop.build/Objects-normal/arm64/SwiftyCrop.SwiftFileList -DSWIFT_PACKAGE -DDEBUG -DXcode -plugin-path /Applications/Xcode.app/Contents/Developer/Toolchains/XcodeDefault.xctoolchain/usr/lib/swift/host/plugins/testing -enable-experimental-feature DebugDescriptionMacro -sdk /Applications/Xcode.app/Contents/Developer/Platforms/iPhoneOS.platform/Developer/SDKs/iPhoneOS18.5.sdk -target arm64-apple-ios16.0 -g -module-cache-path /Users/harishvishwakarma/Library/Developer/Xcode/DerivedData/ModuleCache.noindex -Xfrontend -serialize-debugging-options -enable-testing -suppress-warnings -index-store-path /Users/harishvishwakarma/Library/Developer/Xcode/DerivedData/Revolt-dharrjsambcimaaziudpvzjdcigm/Index.noindex/DataStore -swift-version 5 -I /Users/harishvishwakarma/Library/Developer/Xcode/DerivedData/Revolt-dharrjsambcimaaziudpvzjdcigm/Build/Products/Debug-iphoneos -I /Applications/Xcode.app/Contents/Developer/Platforms/iPhoneOS.platform/Developer/usr/lib -F /Users/harishvishwakarma/Library/Developer/Xcode/DerivedData/Revolt-dharrjsambcimaaziudpvzjdcigm/Build/Products/Debug-iphoneos -F /Applications/Xcode.app/Contents/Developer/Platforms/iPhoneOS.platform/Developer/Library/Frameworks -F /Applications/Xcode.app/Contents/Developer/Platforms/iPhoneOS.platform/Developer/SDKs/iPhoneOS18.5.sdk/Developer/Library/Frameworks -emit-localized-strings -emit-localized-strings-path /Users/harishvishwakarma/Library/Developer/Xcode/DerivedData/Revolt-dharrjsambcimaaziudpvzjdcigm/Build/Intermediates.noindex/SwiftyCrop.build/Debug-iphoneos/SwiftyCrop.build/Objects-normal/arm64 -c -j12 -enable-batch-mode -incremental -Xcc -ivfsstatcache -Xcc /Users/harishvishwakarma/Library/Developer/Xcode/DerivedData/SDKStatCaches.noindex/iphoneos18.5-22F76-7fa4eea80a99bbfdc046826b63ec4baf.sdkstatcache -output-file-map /Users/harishvishwakarma/Library/Developer/Xcode/DerivedData/Revolt-dharrjsambcimaaziudpvzjdcigm/Build/Intermediates.noindex/SwiftyCrop.build/Debug-iphoneos/SwiftyCrop.build/Objects-normal/arm64/SwiftyCrop-OutputFileMap.json -use-frontend-parseable-output -save-temps -no-color-diagnostics -serialize-diagnostics -emit-dependencies -emit-module -emit-module-path /Users/harishvishwakarma/Library/Developer/Xcode/DerivedData/Revolt-dharrjsambcimaaziudpvzjdcigm/Build/Intermediates.noindex/SwiftyCrop.build/Debug-iphoneos/SwiftyCrop.build/Objects-normal/arm64/SwiftyCrop.swiftmodule -validate-clang-modules-once -clang-build-session-file /Users/harishvishwakarma/Library/Developer/Xcode/DerivedData/ModuleCache.noindex/Session.modulevalidation -package-name swiftycrop -Xcc -I/Users/harishvishwakarma/Library/Developer/Xcode/DerivedData/Revolt-dharrjsambcimaaziudpvzjdcigm/Build/Intermediates.noindex/SwiftyCrop.build/Debug-iphoneos/SwiftyCrop.build/swift-overrides.hmap -emit-const-values -Xfrontend -const-gather-protocols-file -Xfrontend /Users/harishvishwakarma/Library/Developer/Xcode/DerivedData/Revolt-dharrjsambcimaaziudpvzjdcigm/Build/Intermediates.noindex/SwiftyCrop.build/Debug-iphoneos/SwiftyCrop.build/Objects-normal/arm64/SwiftyCrop_const_extract_protocols.json -Xcc -I/Users/harishvishwakarma/Library/Developer/Xcode/DerivedData/Revolt-dharrjsambcimaaziudpvzjdcigm/Build/Products/Debug-iphoneos/include -Xcc -I/Users/harishvishwakarma/Library/Developer/Xcode/DerivedData/Revolt-dharrjsambcimaaziudpvzjdcigm/Build/Intermediates.noindex/SwiftyCrop.build/Debug-iphoneos/SwiftyCrop.build/DerivedSources-normal/arm64 -Xcc -I/Users/harishvishwakarma/Library/Developer/Xcode/DerivedData/Revolt-dharrjsambcimaaziudpvzjdcigm/Build/Intermediates.noindex/SwiftyCrop.build/Debug-iphoneos/SwiftyCrop.build/DerivedSources/arm64 -Xcc -I/Users/harishvishwakarma/Library/Developer/Xcode/DerivedData/Revolt-dharrjsambcimaaziudpvzjdcigm/Build/Intermediates.noindex/SwiftyCrop.build/Debug-iphoneos/SwiftyCrop.build/DerivedSources -Xcc -DSWIFT_PACKAGE -Xcc -DDEBUG\=1 -emit-objc-header -emit-objc-header-path /Users/harishvishwakarma/Library/Developer/Xcode/DerivedData/Revolt-dharrjsambcimaaziudpvzjdcigm/Build/Intermediates.noindex/SwiftyCrop.build/Debug-iphoneos/SwiftyCrop.build/Objects-normal/arm64/SwiftyCrop-Swift.h -working-directory /Users/harishvishwakarma/Handy/Archem/pepchat-ios/Revolt.xcodeproj -experimental-emit-module-separately -disable-cmo

Copy /Users/harishvishwakarma/Library/Developer/Xcode/DerivedData/Revolt-dharrjsambcimaaziudpvzjdcigm/Build/Products/Debug-iphoneos/Starscream.swiftmodule/arm64-apple-ios.swiftmodule /Users/harishvishwakarma/Library/Developer/Xcode/DerivedData/Revolt-dharrjsambcimaaziudpvzjdcigm/Build/Intermediates.noindex/Starscream.build/Debug-iphoneos/Starscream.build/Objects-normal/arm64/Starscream.swiftmodule (in target 'Starscream' from project 'Starscream')
    cd /Users/harishvishwakarma/Library/Developer/Xcode/DerivedData/Revolt-dharrjsambcimaaziudpvzjdcigm/SourcePackages/checkouts/Starscream
    builtin-copy -exclude .DS_Store -exclude CVS -exclude .svn -exclude .git -exclude .hg -resolve-src-symlinks -rename /Users/harishvishwakarma/Library/Developer/Xcode/DerivedData/Revolt-dharrjsambcimaaziudpvzjdcigm/Build/Intermediates.noindex/Starscream.build/Debug-iphoneos/Starscream.build/Objects-normal/arm64/Starscream.swiftmodule /Users/harishvishwakarma/Library/Developer/Xcode/DerivedData/Revolt-dharrjsambcimaaziudpvzjdcigm/Build/Products/Debug-iphoneos/Starscream.swiftmodule/arm64-apple-ios.swiftmodule

SwiftMergeGeneratedHeaders /Users/harishvishwakarma/Library/Developer/Xcode/DerivedData/Revolt-dharrjsambcimaaziudpvzjdcigm/Build/Intermediates.noindex/GeneratedModuleMaps-iphoneos/SwiftyCrop-Swift.h /Users/harishvishwakarma/Library/Developer/Xcode/DerivedData/Revolt-dharrjsambcimaaziudpvzjdcigm/Build/Intermediates.noindex/SwiftyCrop.build/Debug-iphoneos/SwiftyCrop.build/Objects-normal/arm64/SwiftyCrop-Swift.h (in target 'SwiftyCrop' from project 'SwiftyCrop')
    cd /Users/harishvishwakarma/Library/Developer/Xcode/DerivedData/Revolt-dharrjsambcimaaziudpvzjdcigm/SourcePackages/checkouts/SwiftyCrop
    builtin-swiftHeaderTool -arch arm64 /Users/harishvishwakarma/Library/Developer/Xcode/DerivedData/Revolt-dharrjsambcimaaziudpvzjdcigm/Build/Intermediates.noindex/SwiftyCrop.build/Debug-iphoneos/SwiftyCrop.build/Objects-normal/arm64/SwiftyCrop-Swift.h -o /Users/harishvishwakarma/Library/Developer/Xcode/DerivedData/Revolt-dharrjsambcimaaziudpvzjdcigm/Build/Intermediates.noindex/GeneratedModuleMaps-iphoneos/SwiftyCrop-Swift.h

Copy /Users/harishvishwakarma/Library/Developer/Xcode/DerivedData/Revolt-dharrjsambcimaaziudpvzjdcigm/Build/Products/Debug-iphoneos/SwiftyCrop.swiftmodule/arm64-apple-ios.swiftmodule /Users/harishvishwakarma/Library/Developer/Xcode/DerivedData/Revolt-dharrjsambcimaaziudpvzjdcigm/Build/Intermediates.noindex/SwiftyCrop.build/Debug-iphoneos/SwiftyCrop.build/Objects-normal/arm64/SwiftyCrop.swiftmodule (in target 'SwiftyCrop' from project 'SwiftyCrop')
    cd /Users/harishvishwakarma/Library/Developer/Xcode/DerivedData/Revolt-dharrjsambcimaaziudpvzjdcigm/SourcePackages/checkouts/SwiftyCrop
    builtin-copy -exclude .DS_Store -exclude CVS -exclude .svn -exclude .git -exclude .hg -resolve-src-symlinks -rename /Users/harishvishwakarma/Library/Developer/Xcode/DerivedData/Revolt-dharrjsambcimaaziudpvzjdcigm/Build/Intermediates.noindex/SwiftyCrop.build/Debug-iphoneos/SwiftyCrop.build/Objects-normal/arm64/SwiftyCrop.swiftmodule /Users/harishvishwakarma/Library/Developer/Xcode/DerivedData/Revolt-dharrjsambcimaaziudpvzjdcigm/Build/Products/Debug-iphoneos/SwiftyCrop.swiftmodule/arm64-apple-ios.swiftmodule

Copy /Users/harishvishwakarma/Library/Developer/Xcode/DerivedData/Revolt-dharrjsambcimaaziudpvzjdcigm/Build/Products/Debug-iphoneos/SwiftyCrop.swiftmodule/arm64-apple-ios.swiftdoc /Users/harishvishwakarma/Library/Developer/Xcode/DerivedData/Revolt-dharrjsambcimaaziudpvzjdcigm/Build/Intermediates.noindex/SwiftyCrop.build/Debug-iphoneos/SwiftyCrop.build/Objects-normal/arm64/SwiftyCrop.swiftdoc (in target 'SwiftyCrop' from project 'SwiftyCrop')
    cd /Users/harishvishwakarma/Library/Developer/Xcode/DerivedData/Revolt-dharrjsambcimaaziudpvzjdcigm/SourcePackages/checkouts/SwiftyCrop
    builtin-copy -exclude .DS_Store -exclude CVS -exclude .svn -exclude .git -exclude .hg -resolve-src-symlinks -rename /Users/harishvishwakarma/Library/Developer/Xcode/DerivedData/Revolt-dharrjsambcimaaziudpvzjdcigm/Build/Intermediates.noindex/SwiftyCrop.build/Debug-iphoneos/SwiftyCrop.build/Objects-normal/arm64/SwiftyCrop.swiftdoc /Users/harishvishwakarma/Library/Developer/Xcode/DerivedData/Revolt-dharrjsambcimaaziudpvzjdcigm/Build/Products/Debug-iphoneos/SwiftyCrop.swiftmodule/arm64-apple-ios.swiftdoc

Copy /Users/harishvishwakarma/Library/Developer/Xcode/DerivedData/Revolt-dharrjsambcimaaziudpvzjdcigm/Build/Products/Debug-iphoneos/SwiftyCrop.swiftmodule/arm64-apple-ios.abi.json /Users/harishvishwakarma/Library/Developer/Xcode/DerivedData/Revolt-dharrjsambcimaaziudpvzjdcigm/Build/Intermediates.noindex/SwiftyCrop.build/Debug-iphoneos/SwiftyCrop.build/Objects-normal/arm64/SwiftyCrop.abi.json (in target 'SwiftyCrop' from project 'SwiftyCrop')
    cd /Users/harishvishwakarma/Library/Developer/Xcode/DerivedData/Revolt-dharrjsambcimaaziudpvzjdcigm/SourcePackages/checkouts/SwiftyCrop
    builtin-copy -exclude .DS_Store -exclude CVS -exclude .svn -exclude .git -exclude .hg -resolve-src-symlinks -rename /Users/harishvishwakarma/Library/Developer/Xcode/DerivedData/Revolt-dharrjsambcimaaziudpvzjdcigm/Build/Intermediates.noindex/SwiftyCrop.build/Debug-iphoneos/SwiftyCrop.build/Objects-normal/arm64/SwiftyCrop.abi.json /Users/harishvishwakarma/Library/Developer/Xcode/DerivedData/Revolt-dharrjsambcimaaziudpvzjdcigm/Build/Products/Debug-iphoneos/SwiftyCrop.swiftmodule/arm64-apple-ios.abi.json

Copy /Users/harishvishwakarma/Library/Developer/Xcode/DerivedData/Revolt-dharrjsambcimaaziudpvzjdcigm/Build/Products/Debug-iphoneos/SwiftyCrop.swiftmodule/Project/arm64-apple-ios.swiftsourceinfo /Users/harishvishwakarma/Library/Developer/Xcode/DerivedData/Revolt-dharrjsambcimaaziudpvzjdcigm/Build/Intermediates.noindex/SwiftyCrop.build/Debug-iphoneos/SwiftyCrop.build/Objects-normal/arm64/SwiftyCrop.swiftsourceinfo (in target 'SwiftyCrop' from project 'SwiftyCrop')
    cd /Users/harishvishwakarma/Library/Developer/Xcode/DerivedData/Revolt-dharrjsambcimaaziudpvzjdcigm/SourcePackages/checkouts/SwiftyCrop
    builtin-copy -exclude .DS_Store -exclude CVS -exclude .svn -exclude .git -exclude .hg -resolve-src-symlinks -rename /Users/harishvishwakarma/Library/Developer/Xcode/DerivedData/Revolt-dharrjsambcimaaziudpvzjdcigm/Build/Intermediates.noindex/SwiftyCrop.build/Debug-iphoneos/SwiftyCrop.build/Objects-normal/arm64/SwiftyCrop.swiftsourceinfo /Users/harishvishwakarma/Library/Developer/Xcode/DerivedData/Revolt-dharrjsambcimaaziudpvzjdcigm/Build/Products/Debug-iphoneos/SwiftyCrop.swiftmodule/Project/arm64-apple-ios.swiftsourceinfo

Copy /Users/harishvishwakarma/Library/Developer/Xcode/DerivedData/Revolt-dharrjsambcimaaziudpvzjdcigm/Build/Products/Debug-iphoneos/Starscream.swiftmodule/arm64-apple-ios.swiftdoc /Users/harishvishwakarma/Library/Developer/Xcode/DerivedData/Revolt-dharrjsambcimaaziudpvzjdcigm/Build/Intermediates.noindex/Starscream.build/Debug-iphoneos/Starscream.build/Objects-normal/arm64/Starscream.swiftdoc (in target 'Starscream' from project 'Starscream')
    cd /Users/harishvishwakarma/Library/Developer/Xcode/DerivedData/Revolt-dharrjsambcimaaziudpvzjdcigm/SourcePackages/checkouts/Starscream
    builtin-copy -exclude .DS_Store -exclude CVS -exclude .svn -exclude .git -exclude .hg -resolve-src-symlinks -rename /Users/harishvishwakarma/Library/Developer/Xcode/DerivedData/Revolt-dharrjsambcimaaziudpvzjdcigm/Build/Intermediates.noindex/Starscream.build/Debug-iphoneos/Starscream.build/Objects-normal/arm64/Starscream.swiftdoc /Users/harishvishwakarma/Library/Developer/Xcode/DerivedData/Revolt-dharrjsambcimaaziudpvzjdcigm/Build/Products/Debug-iphoneos/Starscream.swiftmodule/arm64-apple-ios.swiftdoc

Copy /Users/harishvishwakarma/Library/Developer/Xcode/DerivedData/Revolt-dharrjsambcimaaziudpvzjdcigm/Build/Products/Debug-iphoneos/Starscream.swiftmodule/arm64-apple-ios.abi.json /Users/harishvishwakarma/Library/Developer/Xcode/DerivedData/Revolt-dharrjsambcimaaziudpvzjdcigm/Build/Intermediates.noindex/Starscream.build/Debug-iphoneos/Starscream.build/Objects-normal/arm64/Starscream.abi.json (in target 'Starscream' from project 'Starscream')
    cd /Users/harishvishwakarma/Library/Developer/Xcode/DerivedData/Revolt-dharrjsambcimaaziudpvzjdcigm/SourcePackages/checkouts/Starscream
    builtin-copy -exclude .DS_Store -exclude CVS -exclude .svn -exclude .git -exclude .hg -resolve-src-symlinks -rename /Users/harishvishwakarma/Library/Developer/Xcode/DerivedData/Revolt-dharrjsambcimaaziudpvzjdcigm/Build/Intermediates.noindex/Starscream.build/Debug-iphoneos/Starscream.build/Objects-normal/arm64/Starscream.abi.json /Users/harishvishwakarma/Library/Developer/Xcode/DerivedData/Revolt-dharrjsambcimaaziudpvzjdcigm/Build/Products/Debug-iphoneos/Starscream.swiftmodule/arm64-apple-ios.abi.json

Copy /Users/harishvishwakarma/Library/Developer/Xcode/DerivedData/Revolt-dharrjsambcimaaziudpvzjdcigm/Build/Products/Debug-iphoneos/Starscream.swiftmodule/Project/arm64-apple-ios.swiftsourceinfo /Users/harishvishwakarma/Library/Developer/Xcode/DerivedData/Revolt-dharrjsambcimaaziudpvzjdcigm/Build/Intermediates.noindex/Starscream.build/Debug-iphoneos/Starscream.build/Objects-normal/arm64/Starscream.swiftsourceinfo (in target 'Starscream' from project 'Starscream')
    cd /Users/harishvishwakarma/Library/Developer/Xcode/DerivedData/Revolt-dharrjsambcimaaziudpvzjdcigm/SourcePackages/checkouts/Starscream
    builtin-copy -exclude .DS_Store -exclude CVS -exclude .svn -exclude .git -exclude .hg -resolve-src-symlinks -rename /Users/harishvishwakarma/Library/Developer/Xcode/DerivedData/Revolt-dharrjsambcimaaziudpvzjdcigm/Build/Intermediates.noindex/Starscream.build/Debug-iphoneos/Starscream.build/Objects-normal/arm64/Starscream.swiftsourceinfo /Users/harishvishwakarma/Library/Developer/Xcode/DerivedData/Revolt-dharrjsambcimaaziudpvzjdcigm/Build/Products/Debug-iphoneos/Starscream.swiftmodule/Project/arm64-apple-ios.swiftsourceinfo

SwiftDriver Highlightr normal arm64 com.apple.xcode.tools.swift.compiler (in target 'Highlightr' from project 'Highlightr')
    cd /Users/harishvishwakarma/Handy/Archem/pepchat-ios/Revolt.xcodeproj
    builtin-SwiftDriver -- /Applications/Xcode.app/Contents/Developer/Toolchains/XcodeDefault.xctoolchain/usr/bin/swiftc -module-name Highlightr -Onone -enforce-exclusivity\=checked @/Users/harishvishwakarma/Library/Developer/Xcode/DerivedData/Revolt-dharrjsambcimaaziudpvzjdcigm/Build/Intermediates.noindex/Highlightr.build/Debug-iphoneos/Highlightr.build/Objects-normal/arm64/Highlightr.SwiftFileList -DSWIFT_PACKAGE -DDEBUG -DXcode -plugin-path /Applications/Xcode.app/Contents/Developer/Toolchains/XcodeDefault.xctoolchain/usr/lib/swift/host/plugins/testing -enable-experimental-feature DebugDescriptionMacro -sdk /Applications/Xcode.app/Contents/Developer/Platforms/iPhoneOS.platform/Developer/SDKs/iPhoneOS18.5.sdk -target arm64-apple-ios13.0 -g -module-cache-path /Users/harishvishwakarma/Library/Developer/Xcode/DerivedData/ModuleCache.noindex -Xfrontend -serialize-debugging-options -enable-testing -suppress-warnings -index-store-path /Users/harishvishwakarma/Library/Developer/Xcode/DerivedData/Revolt-dharrjsambcimaaziudpvzjdcigm/Index.noindex/DataStore -swift-version 5 -I /Users/harishvishwakarma/Library/Developer/Xcode/DerivedData/Revolt-dharrjsambcimaaziudpvzjdcigm/Build/Products/Debug-iphoneos -I /Applications/Xcode.app/Contents/Developer/Platforms/iPhoneOS.platform/Developer/usr/lib -F /Users/harishvishwakarma/Library/Developer/Xcode/DerivedData/Revolt-dharrjsambcimaaziudpvzjdcigm/Build/Products/Debug-iphoneos -F /Applications/Xcode.app/Contents/Developer/Platforms/iPhoneOS.platform/Developer/Library/Frameworks -F /Applications/Xcode.app/Contents/Developer/Platforms/iPhoneOS.platform/Developer/SDKs/iPhoneOS18.5.sdk/Developer/Library/Frameworks -c -j12 -enable-batch-mode -incremental -Xcc -ivfsstatcache -Xcc /Users/harishvishwakarma/Library/Developer/Xcode/DerivedData/SDKStatCaches.noindex/iphoneos18.5-22F76-7fa4eea80a99bbfdc046826b63ec4baf.sdkstatcache -output-file-map /Users/harishvishwakarma/Library/Developer/Xcode/DerivedData/Revolt-dharrjsambcimaaziudpvzjdcigm/Build/Intermediates.noindex/Highlightr.build/Debug-iphoneos/Highlightr.build/Objects-normal/arm64/Highlightr-OutputFileMap.json -use-frontend-parseable-output -save-temps -no-color-diagnostics -serialize-diagnostics -emit-dependencies -emit-module -emit-module-path /Users/harishvishwakarma/Library/Developer/Xcode/DerivedData/Revolt-dharrjsambcimaaziudpvzjdcigm/Build/Intermediates.noindex/Highlightr.build/Debug-iphoneos/Highlightr.build/Objects-normal/arm64/Highlightr.swiftmodule -validate-clang-modules-once -clang-build-session-file /Users/harishvishwakarma/Library/Developer/Xcode/DerivedData/ModuleCache.noindex/Session.modulevalidation -package-name highlightr -Xcc -I/Users/harishvishwakarma/Library/Developer/Xcode/DerivedData/Revolt-dharrjsambcimaaziudpvzjdcigm/Build/Intermediates.noindex/Highlightr.build/Debug-iphoneos/Highlightr.build/swift-overrides.hmap -emit-const-values -Xfrontend -const-gather-protocols-file -Xfrontend /Users/harishvishwakarma/Library/Developer/Xcode/DerivedData/Revolt-dharrjsambcimaaziudpvzjdcigm/Build/Intermediates.noindex/Highlightr.build/Debug-iphoneos/Highlightr.build/Objects-normal/arm64/Highlightr_const_extract_protocols.json -Xcc -I/Users/harishvishwakarma/Library/Developer/Xcode/DerivedData/Revolt-dharrjsambcimaaziudpvzjdcigm/Build/Products/Debug-iphoneos/include -Xcc -I/Users/harishvishwakarma/Library/Developer/Xcode/DerivedData/Revolt-dharrjsambcimaaziudpvzjdcigm/Build/Intermediates.noindex/Highlightr.build/Debug-iphoneos/Highlightr.build/DerivedSources-normal/arm64 -Xcc -I/Users/harishvishwakarma/Library/Developer/Xcode/DerivedData/Revolt-dharrjsambcimaaziudpvzjdcigm/Build/Intermediates.noindex/Highlightr.build/Debug-iphoneos/Highlightr.build/DerivedSources/arm64 -Xcc -I/Users/harishvishwakarma/Library/Developer/Xcode/DerivedData/Revolt-dharrjsambcimaaziudpvzjdcigm/Build/Intermediates.noindex/Highlightr.build/Debug-iphoneos/Highlightr.build/DerivedSources -Xcc -DSWIFT_PACKAGE -Xcc -DDEBUG\=1 -emit-objc-header -emit-objc-header-path /Users/harishvishwakarma/Library/Developer/Xcode/DerivedData/Revolt-dharrjsambcimaaziudpvzjdcigm/Build/Intermediates.noindex/Highlightr.build/Debug-iphoneos/Highlightr.build/Objects-normal/arm64/Highlightr-Swift.h -working-directory /Users/harishvishwakarma/Handy/Archem/pepchat-ios/Revolt.xcodeproj -experimental-emit-module-separately -disable-cmo

SwiftDriver HCaptcha normal arm64 com.apple.xcode.tools.swift.compiler (in target 'HCaptcha' from project 'HCaptcha')
    cd /Users/harishvishwakarma/Handy/Archem/pepchat-ios/Revolt.xcodeproj
    builtin-SwiftDriver -- /Applications/Xcode.app/Contents/Developer/Toolchains/XcodeDefault.xctoolchain/usr/bin/swiftc -module-name HCaptcha -Onone -enforce-exclusivity\=checked @/Users/harishvishwakarma/Library/Developer/Xcode/DerivedData/Revolt-dharrjsambcimaaziudpvzjdcigm/Build/Intermediates.noindex/HCaptcha.build/Debug-iphoneos/HCaptcha.build/Objects-normal/arm64/HCaptcha.SwiftFileList -DSWIFT_PACKAGE -DDEBUG -DXcode -plugin-path /Applications/Xcode.app/Contents/Developer/Toolchains/XcodeDefault.xctoolchain/usr/lib/swift/host/plugins/testing -enable-experimental-feature DebugDescriptionMacro -sdk /Applications/Xcode.app/Contents/Developer/Platforms/iPhoneOS.platform/Developer/SDKs/iPhoneOS18.5.sdk -target arm64-apple-ios12.0 -g -module-cache-path /Users/harishvishwakarma/Library/Developer/Xcode/DerivedData/ModuleCache.noindex -Xfrontend -serialize-debugging-options -enable-testing -suppress-warnings -index-store-path /Users/harishvishwakarma/Library/Developer/Xcode/DerivedData/Revolt-dharrjsambcimaaziudpvzjdcigm/Index.noindex/DataStore -swift-version 5 -I /Users/harishvishwakarma/Library/Developer/Xcode/DerivedData/Revolt-dharrjsambcimaaziudpvzjdcigm/Build/Products/Debug-iphoneos -I /Applications/Xcode.app/Contents/Developer/Platforms/iPhoneOS.platform/Developer/usr/lib -F /Users/harishvishwakarma/Library/Developer/Xcode/DerivedData/Revolt-dharrjsambcimaaziudpvzjdcigm/Build/Products/Debug-iphoneos -F /Applications/Xcode.app/Contents/Developer/Platforms/iPhoneOS.platform/Developer/Library/Frameworks -F /Applications/Xcode.app/Contents/Developer/Platforms/iPhoneOS.platform/Developer/SDKs/iPhoneOS18.5.sdk/Developer/Library/Frameworks -c -j12 -enable-batch-mode -incremental -Xcc -ivfsstatcache -Xcc /Users/harishvishwakarma/Library/Developer/Xcode/DerivedData/SDKStatCaches.noindex/iphoneos18.5-22F76-7fa4eea80a99bbfdc046826b63ec4baf.sdkstatcache -output-file-map /Users/harishvishwakarma/Library/Developer/Xcode/DerivedData/Revolt-dharrjsambcimaaziudpvzjdcigm/Build/Intermediates.noindex/HCaptcha.build/Debug-iphoneos/HCaptcha.build/Objects-normal/arm64/HCaptcha-OutputFileMap.json -use-frontend-parseable-output -save-temps -no-color-diagnostics -serialize-diagnostics -emit-dependencies -emit-module -emit-module-path /Users/harishvishwakarma/Library/Developer/Xcode/DerivedData/Revolt-dharrjsambcimaaziudpvzjdcigm/Build/Intermediates.noindex/HCaptcha.build/Debug-iphoneos/HCaptcha.build/Objects-normal/arm64/HCaptcha.swiftmodule -validate-clang-modules-once -clang-build-session-file /Users/harishvishwakarma/Library/Developer/Xcode/DerivedData/ModuleCache.noindex/Session.modulevalidation -Xcc -I/Users/harishvishwakarma/Library/Developer/Xcode/DerivedData/Revolt-dharrjsambcimaaziudpvzjdcigm/Build/Intermediates.noindex/HCaptcha.build/Debug-iphoneos/HCaptcha.build/swift-overrides.hmap -emit-const-values -Xfrontend -const-gather-protocols-file -Xfrontend /Users/harishvishwakarma/Library/Developer/Xcode/DerivedData/Revolt-dharrjsambcimaaziudpvzjdcigm/Build/Intermediates.noindex/HCaptcha.build/Debug-iphoneos/HCaptcha.build/Objects-normal/arm64/HCaptcha_const_extract_protocols.json -Xcc -I/Users/harishvishwakarma/Library/Developer/Xcode/DerivedData/Revolt-dharrjsambcimaaziudpvzjdcigm/Build/Products/Debug-iphoneos/include -Xcc -I/Users/harishvishwakarma/Library/Developer/Xcode/DerivedData/Revolt-dharrjsambcimaaziudpvzjdcigm/Build/Intermediates.noindex/HCaptcha.build/Debug-iphoneos/HCaptcha.build/DerivedSources-normal/arm64 -Xcc -I/Users/harishvishwakarma/Library/Developer/Xcode/DerivedData/Revolt-dharrjsambcimaaziudpvzjdcigm/Build/Intermediates.noindex/HCaptcha.build/Debug-iphoneos/HCaptcha.build/DerivedSources/arm64 -Xcc -I/Users/harishvishwakarma/Library/Developer/Xcode/DerivedData/Revolt-dharrjsambcimaaziudpvzjdcigm/Build/Intermediates.noindex/HCaptcha.build/Debug-iphoneos/HCaptcha.build/DerivedSources -Xcc -DSWIFT_PACKAGE -Xcc -DDEBUG\=1 -emit-objc-header -emit-objc-header-path /Users/harishvishwakarma/Library/Developer/Xcode/DerivedData/Revolt-dharrjsambcimaaziudpvzjdcigm/Build/Intermediates.noindex/HCaptcha.build/Debug-iphoneos/HCaptcha.build/Objects-normal/arm64/HCaptcha-Swift.h -working-directory /Users/harishvishwakarma/Handy/Archem/pepchat-ios/Revolt.xcodeproj -experimental-emit-module-separately -disable-cmo

SwiftDriver Flow normal arm64 com.apple.xcode.tools.swift.compiler (in target 'Flow' from project 'Flow')
    cd /Users/harishvishwakarma/Handy/Archem/pepchat-ios/Revolt.xcodeproj
    builtin-SwiftDriver -- /Applications/Xcode.app/Contents/Developer/Toolchains/XcodeDefault.xctoolchain/usr/bin/swiftc -module-name Flow -Onone -enforce-exclusivity\=checked @/Users/harishvishwakarma/Library/Developer/Xcode/DerivedData/Revolt-dharrjsambcimaaziudpvzjdcigm/Build/Intermediates.noindex/Flow.build/Debug-iphoneos/Flow.build/Objects-normal/arm64/Flow.SwiftFileList -DSWIFT_PACKAGE -DDEBUG -DXcode -enable-upcoming-feature ExistentialAny -plugin-path /Applications/Xcode.app/Contents/Developer/Toolchains/XcodeDefault.xctoolchain/usr/lib/swift/host/plugins/testing -enable-experimental-feature DebugDescriptionMacro -sdk /Applications/Xcode.app/Contents/Developer/Platforms/iPhoneOS.platform/Developer/SDKs/iPhoneOS18.5.sdk -target arm64-apple-ios16.0 -g -module-cache-path /Users/harishvishwakarma/Library/Developer/Xcode/DerivedData/ModuleCache.noindex -Xfrontend -serialize-debugging-options -enable-testing -suppress-warnings -index-store-path /Users/harishvishwakarma/Library/Developer/Xcode/DerivedData/Revolt-dharrjsambcimaaziudpvzjdcigm/Index.noindex/DataStore -swift-version 6 -I /Users/harishvishwakarma/Library/Developer/Xcode/DerivedData/Revolt-dharrjsambcimaaziudpvzjdcigm/Build/Products/Debug-iphoneos -I /Applications/Xcode.app/Contents/Developer/Platforms/iPhoneOS.platform/Developer/usr/lib -F /Users/harishvishwakarma/Library/Developer/Xcode/DerivedData/Revolt-dharrjsambcimaaziudpvzjdcigm/Build/Products/Debug-iphoneos -F /Applications/Xcode.app/Contents/Developer/Platforms/iPhoneOS.platform/Developer/Library/Frameworks -F /Applications/Xcode.app/Contents/Developer/Platforms/iPhoneOS.platform/Developer/SDKs/iPhoneOS18.5.sdk/Developer/Library/Frameworks -c -j12 -enable-batch-mode -incremental -Xcc -ivfsstatcache -Xcc /Users/harishvishwakarma/Library/Developer/Xcode/DerivedData/SDKStatCaches.noindex/iphoneos18.5-22F76-7fa4eea80a99bbfdc046826b63ec4baf.sdkstatcache -output-file-map /Users/harishvishwakarma/Library/Developer/Xcode/DerivedData/Revolt-dharrjsambcimaaziudpvzjdcigm/Build/Intermediates.noindex/Flow.build/Debug-iphoneos/Flow.build/Objects-normal/arm64/Flow-OutputFileMap.json -use-frontend-parseable-output -save-temps -no-color-diagnostics -serialize-diagnostics -emit-dependencies -emit-module -emit-module-path /Users/harishvishwakarma/Library/Developer/Xcode/DerivedData/Revolt-dharrjsambcimaaziudpvzjdcigm/Build/Intermediates.noindex/Flow.build/Debug-iphoneos/Flow.build/Objects-normal/arm64/Flow.swiftmodule -user-module-version 2.5.0 -validate-clang-modules-once -clang-build-session-file /Users/harishvishwakarma/Library/Developer/Xcode/DerivedData/ModuleCache.noindex/Session.modulevalidation -package-name swiftui_flow -Xcc -I/Users/harishvishwakarma/Library/Developer/Xcode/DerivedData/Revolt-dharrjsambcimaaziudpvzjdcigm/Build/Intermediates.noindex/Flow.build/Debug-iphoneos/Flow.build/swift-overrides.hmap -emit-const-values -Xfrontend -const-gather-protocols-file -Xfrontend /Users/harishvishwakarma/Library/Developer/Xcode/DerivedData/Revolt-dharrjsambcimaaziudpvzjdcigm/Build/Intermediates.noindex/Flow.build/Debug-iphoneos/Flow.build/Objects-normal/arm64/Flow_const_extract_protocols.json -Xcc -I/Users/harishvishwakarma/Library/Developer/Xcode/DerivedData/Revolt-dharrjsambcimaaziudpvzjdcigm/Build/Products/Debug-iphoneos/include -Xcc -I/Users/harishvishwakarma/Library/Developer/Xcode/DerivedData/Revolt-dharrjsambcimaaziudpvzjdcigm/Build/Intermediates.noindex/Flow.build/Debug-iphoneos/Flow.build/DerivedSources-normal/arm64 -Xcc -I/Users/harishvishwakarma/Library/Developer/Xcode/DerivedData/Revolt-dharrjsambcimaaziudpvzjdcigm/Build/Intermediates.noindex/Flow.build/Debug-iphoneos/Flow.build/DerivedSources/arm64 -Xcc -I/Users/harishvishwakarma/Library/Developer/Xcode/DerivedData/Revolt-dharrjsambcimaaziudpvzjdcigm/Build/Intermediates.noindex/Flow.build/Debug-iphoneos/Flow.build/DerivedSources -Xcc -DSWIFT_PACKAGE -Xcc -DDEBUG\=1 -emit-objc-header -emit-objc-header-path /Users/harishvishwakarma/Library/Developer/Xcode/DerivedData/Revolt-dharrjsambcimaaziudpvzjdcigm/Build/Intermediates.noindex/Flow.build/Debug-iphoneos/Flow.build/Objects-normal/arm64/Flow-Swift.h -working-directory /Users/harishvishwakarma/Handy/Archem/pepchat-ios/Revolt.xcodeproj -experimental-emit-module-separately -disable-cmo

SwiftDriver ExyteGrid normal arm64 com.apple.xcode.tools.swift.compiler (in target 'ExyteGrid' from project 'ExyteGrid')
    cd /Users/harishvishwakarma/Handy/Archem/pepchat-ios/Revolt.xcodeproj
    builtin-SwiftDriver -- /Applications/Xcode.app/Contents/Developer/Toolchains/XcodeDefault.xctoolchain/usr/bin/swiftc -module-name ExyteGrid -Onone -enforce-exclusivity\=checked @/Users/harishvishwakarma/Library/Developer/Xcode/DerivedData/Revolt-dharrjsambcimaaziudpvzjdcigm/Build/Intermediates.noindex/ExyteGrid.build/Debug-iphoneos/ExyteGrid.build/Objects-normal/arm64/ExyteGrid.SwiftFileList -DSWIFT_PACKAGE -DDEBUG -DXcode -plugin-path /Applications/Xcode.app/Contents/Developer/Toolchains/XcodeDefault.xctoolchain/usr/lib/swift/host/plugins/testing -enable-experimental-feature DebugDescriptionMacro -sdk /Applications/Xcode.app/Contents/Developer/Platforms/iPhoneOS.platform/Developer/SDKs/iPhoneOS18.5.sdk -target arm64-apple-ios14.0 -g -module-cache-path /Users/harishvishwakarma/Library/Developer/Xcode/DerivedData/ModuleCache.noindex -Xfrontend -serialize-debugging-options -enable-testing -suppress-warnings -index-store-path /Users/harishvishwakarma/Library/Developer/Xcode/DerivedData/Revolt-dharrjsambcimaaziudpvzjdcigm/Index.noindex/DataStore -swift-version 5 -I /Users/harishvishwakarma/Library/Developer/Xcode/DerivedData/Revolt-dharrjsambcimaaziudpvzjdcigm/Build/Products/Debug-iphoneos -I /Applications/Xcode.app/Contents/Developer/Platforms/iPhoneOS.platform/Developer/usr/lib -F /Users/harishvishwakarma/Library/Developer/Xcode/DerivedData/Revolt-dharrjsambcimaaziudpvzjdcigm/Build/Products/Debug-iphoneos -F /Applications/Xcode.app/Contents/Developer/Platforms/iPhoneOS.platform/Developer/Library/Frameworks -F /Applications/Xcode.app/Contents/Developer/Platforms/iPhoneOS.platform/Developer/SDKs/iPhoneOS18.5.sdk/Developer/Library/Frameworks -c -j12 -enable-batch-mode -incremental -Xcc -ivfsstatcache -Xcc /Users/harishvishwakarma/Library/Developer/Xcode/DerivedData/SDKStatCaches.noindex/iphoneos18.5-22F76-7fa4eea80a99bbfdc046826b63ec4baf.sdkstatcache -output-file-map /Users/harishvishwakarma/Library/Developer/Xcode/DerivedData/Revolt-dharrjsambcimaaziudpvzjdcigm/Build/Intermediates.noindex/ExyteGrid.build/Debug-iphoneos/ExyteGrid.build/Objects-normal/arm64/ExyteGrid-OutputFileMap.json -use-frontend-parseable-output -save-temps -no-color-diagnostics -serialize-diagnostics -emit-dependencies -emit-module -emit-module-path /Users/harishvishwakarma/Library/Developer/Xcode/DerivedData/Revolt-dharrjsambcimaaziudpvzjdcigm/Build/Intermediates.noindex/ExyteGrid.build/Debug-iphoneos/ExyteGrid.build/Objects-normal/arm64/ExyteGrid.swiftmodule -validate-clang-modules-once -clang-build-session-file /Users/harishvishwakarma/Library/Developer/Xcode/DerivedData/ModuleCache.noindex/Session.modulevalidation -Xcc -I/Users/harishvishwakarma/Library/Developer/Xcode/DerivedData/Revolt-dharrjsambcimaaziudpvzjdcigm/Build/Intermediates.noindex/ExyteGrid.build/Debug-iphoneos/ExyteGrid.build/swift-overrides.hmap -emit-const-values -Xfrontend -const-gather-protocols-file -Xfrontend /Users/harishvishwakarma/Library/Developer/Xcode/DerivedData/Revolt-dharrjsambcimaaziudpvzjdcigm/Build/Intermediates.noindex/ExyteGrid.build/Debug-iphoneos/ExyteGrid.build/Objects-normal/arm64/ExyteGrid_const_extract_protocols.json -Xcc -I/Users/harishvishwakarma/Library/Developer/Xcode/DerivedData/Revolt-dharrjsambcimaaziudpvzjdcigm/Build/Products/Debug-iphoneos/include -Xcc -I/Users/harishvishwakarma/Library/Developer/Xcode/DerivedData/Revolt-dharrjsambcimaaziudpvzjdcigm/Build/Intermediates.noindex/ExyteGrid.build/Debug-iphoneos/ExyteGrid.build/DerivedSources-normal/arm64 -Xcc -I/Users/harishvishwakarma/Library/Developer/Xcode/DerivedData/Revolt-dharrjsambcimaaziudpvzjdcigm/Build/Intermediates.noindex/ExyteGrid.build/Debug-iphoneos/ExyteGrid.build/DerivedSources/arm64 -Xcc -I/Users/harishvishwakarma/Library/Developer/Xcode/DerivedData/Revolt-dharrjsambcimaaziudpvzjdcigm/Build/Intermediates.noindex/ExyteGrid.build/Debug-iphoneos/ExyteGrid.build/DerivedSources -Xcc -DSWIFT_PACKAGE -Xcc -DDEBUG\=1 -emit-objc-header -emit-objc-header-path /Users/harishvishwakarma/Library/Developer/Xcode/DerivedData/Revolt-dharrjsambcimaaziudpvzjdcigm/Build/Intermediates.noindex/ExyteGrid.build/Debug-iphoneos/ExyteGrid.build/Objects-normal/arm64/ExyteGrid-Swift.h -working-directory /Users/harishvishwakarma/Handy/Archem/pepchat-ios/Revolt.xcodeproj -experimental-emit-module-separately -disable-cmo

SwiftEmitModule normal arm64 Emitting\ module\ for\ IssueReporting (in target 'IssueReporting' from project 'xctest-dynamic-overlay')

EmitSwiftModule normal arm64 (in target 'IssueReporting' from project 'xctest-dynamic-overlay')
    cd /Users/harishvishwakarma/Handy/Archem/pepchat-ios/Revolt.xcodeproj
    

SwiftEmitModule normal arm64 Emitting\ module\ for\ InternalCollectionsUtilities (in target 'InternalCollectionsUtilities' from project 'swift-collections')

EmitSwiftModule normal arm64 (in target 'InternalCollectionsUtilities' from project 'swift-collections')
    cd /Users/harishvishwakarma/Handy/Archem/pepchat-ios/Revolt.xcodeproj
    

SwiftEmitModule normal arm64 Emitting\ module\ for\ Highlightr (in target 'Highlightr' from project 'Highlightr')

EmitSwiftModule normal arm64 (in target 'Highlightr' from project 'Highlightr')
    cd /Users/harishvishwakarma/Handy/Archem/pepchat-ios/Revolt.xcodeproj
    

SwiftEmitModule normal arm64 Emitting\ module\ for\ HCaptcha (in target 'HCaptcha' from project 'HCaptcha')

EmitSwiftModule normal arm64 (in target 'HCaptcha' from project 'HCaptcha')
    cd /Users/harishvishwakarma/Handy/Archem/pepchat-ios/Revolt.xcodeproj
    

SwiftDriverJobDiscovery normal arm64 Emitting module for Types (in target 'Types' from project 'Revolt')

SwiftDriver\ Compilation\ Requirements Types normal arm64 com.apple.xcode.tools.swift.compiler (in target 'Types' from project 'Revolt')
    cd /Users/harishvishwakarma/Handy/Archem/pepchat-ios
    builtin-Swift-Compilation-Requirements -- /Applications/Xcode.app/Contents/Developer/Toolchains/XcodeDefault.xctoolchain/usr/bin/swiftc -module-name Types -Onone -enforce-exclusivity\=checked @/Users/harishvishwakarma/Library/Developer/Xcode/DerivedData/Revolt-dharrjsambcimaaziudpvzjdcigm/Build/Intermediates.noindex/Revolt.build/Debug-iphoneos/Types.build/Objects-normal/arm64/Types.SwiftFileList -DDEBUG -DDEBUG -enable-bare-slash-regex -enable-experimental-feature DebugDescriptionMacro -sdk /Applications/Xcode.app/Contents/Developer/Platforms/iPhoneOS.platform/Developer/SDKs/iPhoneOS18.5.sdk -target arm64-apple-ios18.0 -g -module-cache-path /Users/harishvishwakarma/Library/Developer/Xcode/DerivedData/ModuleCache.noindex -Xfrontend -serialize-debugging-options -enable-testing -index-store-path /Users/harishvishwakarma/Library/Developer/Xcode/DerivedData/Revolt-dharrjsambcimaaziudpvzjdcigm/Index.noindex/DataStore -enable-library-evolution -swift-version 5 -I /Users/harishvishwakarma/Library/Developer/Xcode/DerivedData/Revolt-dharrjsambcimaaziudpvzjdcigm/Build/Products/Debug-iphoneos -F /Users/harishvishwakarma/Library/Developer/Xcode/DerivedData/Revolt-dharrjsambcimaaziudpvzjdcigm/Build/Products/Debug-iphoneos -emit-localized-strings -emit-localized-strings-path /Users/harishvishwakarma/Library/Developer/Xcode/DerivedData/Revolt-dharrjsambcimaaziudpvzjdcigm/Build/Intermediates.noindex/Revolt.build/Debug-iphoneos/Types.build/Objects-normal/arm64 -c -j12 -enable-batch-mode -incremental -Xcc -ivfsstatcache -Xcc /Users/harishvishwakarma/Library/Developer/Xcode/DerivedData/SDKStatCaches.noindex/iphoneos18.5-22F76-7fa4eea80a99bbfdc046826b63ec4baf.sdkstatcache -output-file-map /Users/harishvishwakarma/Library/Developer/Xcode/DerivedData/Revolt-dharrjsambcimaaziudpvzjdcigm/Build/Intermediates.noindex/Revolt.build/Debug-iphoneos/Types.build/Objects-normal/arm64/Types-OutputFileMap.json -use-frontend-parseable-output -save-temps -no-color-diagnostics -serialize-diagnostics -emit-dependencies -emit-module -emit-module-path /Users/harishvishwakarma/Library/Developer/Xcode/DerivedData/Revolt-dharrjsambcimaaziudpvzjdcigm/Build/Intermediates.noindex/Revolt.build/Debug-iphoneos/Types.build/Objects-normal/arm64/Types.swiftmodule -emit-module-interface-path /Users/harishvishwakarma/Library/Developer/Xcode/DerivedData/Revolt-dharrjsambcimaaziudpvzjdcigm/Build/Intermediates.noindex/Revolt.build/Debug-iphoneos/Types.build/Objects-normal/arm64/Types.swiftinterface -emit-private-module-interface-path /Users/harishvishwakarma/Library/Developer/Xcode/DerivedData/Revolt-dharrjsambcimaaziudpvzjdcigm/Build/Intermediates.noindex/Revolt.build/Debug-iphoneos/Types.build/Objects-normal/arm64/Types.private.swiftinterface -validate-clang-modules-once -clang-build-session-file /Users/harishvishwakarma/Library/Developer/Xcode/DerivedData/ModuleCache.noindex/Session.modulevalidation -Xcc -I/Users/harishvishwakarma/Library/Developer/Xcode/DerivedData/Revolt-dharrjsambcimaaziudpvzjdcigm/Build/Intermediates.noindex/Revolt.build/Debug-iphoneos/Types.build/swift-overrides.hmap -emit-const-values -Xfrontend -const-gather-protocols-file -Xfrontend /Users/harishvishwakarma/Library/Developer/Xcode/DerivedData/Revolt-dharrjsambcimaaziudpvzjdcigm/Build/Intermediates.noindex/Revolt.build/Debug-iphoneos/Types.build/Objects-normal/arm64/Types_const_extract_protocols.json -Xcc -iquote -Xcc /Users/harishvishwakarma/Library/Developer/Xcode/DerivedData/Revolt-dharrjsambcimaaziudpvzjdcigm/Build/Intermediates.noindex/Revolt.build/Debug-iphoneos/Types.build/Types-generated-files.hmap -Xcc -I/Users/harishvishwakarma/Library/Developer/Xcode/DerivedData/Revolt-dharrjsambcimaaziudpvzjdcigm/Build/Intermediates.noindex/Revolt.build/Debug-iphoneos/Types.build/Types-own-target-headers.hmap -Xcc -I/Users/harishvishwakarma/Library/Developer/Xcode/DerivedData/Revolt-dharrjsambcimaaziudpvzjdcigm/Build/Intermediates.noindex/Revolt.build/Debug-iphoneos/Types.build/Types-all-non-framework-target-headers.hmap -Xcc -ivfsoverlay -Xcc /Users/harishvishwakarma/Library/Developer/Xcode/DerivedData/Revolt-dharrjsambcimaaziudpvzjdcigm/Build/Intermediates.noindex/Revolt.build/Debug-iphoneos/Revolt-964562c4cdd9c16033e74e924d17ebc5-VFS-iphoneos/all-product-headers.yaml -Xcc -iquote -Xcc /Users/harishvishwakarma/Library/Developer/Xcode/DerivedData/Revolt-dharrjsambcimaaziudpvzjdcigm/Build/Intermediates.noindex/Revolt.build/Debug-iphoneos/Types.build/Types-project-headers.hmap -Xcc -I/Users/harishvishwakarma/Library/Developer/Xcode/DerivedData/Revolt-dharrjsambcimaaziudpvzjdcigm/Build/Products/Debug-iphoneos/include -Xcc -I/Users/harishvishwakarma/Library/Developer/Xcode/DerivedData/Revolt-dharrjsambcimaaziudpvzjdcigm/Build/Intermediates.noindex/Revolt.build/Debug-iphoneos/Types.build/DerivedSources-normal/arm64 -Xcc -I/Users/harishvishwakarma/Library/Developer/Xcode/DerivedData/Revolt-dharrjsambcimaaziudpvzjdcigm/Build/Intermediates.noindex/Revolt.build/Debug-iphoneos/Types.build/DerivedSources/arm64 -Xcc -I/Users/harishvishwakarma/Library/Developer/Xcode/DerivedData/Revolt-dharrjsambcimaaziudpvzjdcigm/Build/Intermediates.noindex/Revolt.build/Debug-iphoneos/Types.build/DerivedSources -Xcc -DDEBUG\=1 -emit-objc-header -emit-objc-header-path /Users/harishvishwakarma/Library/Developer/Xcode/DerivedData/Revolt-dharrjsambcimaaziudpvzjdcigm/Build/Intermediates.noindex/Revolt.build/Debug-iphoneos/Types.build/Objects-normal/arm64/Types-Swift.h -working-directory /Users/harishvishwakarma/Handy/Archem/pepchat-ios -experimental-emit-module-separately -disable-cmo

SwiftDriverJobDiscovery normal arm64 Emitting module for RuntimeSwizzling (in target 'RuntimeSwizzling' from project 'swiftui-navigation-transitions')

SwiftEmitModule normal arm64 Emitting\ module\ for\ Flow (in target 'Flow' from project 'Flow')

EmitSwiftModule normal arm64 (in target 'Flow' from project 'Flow')
    cd /Users/harishvishwakarma/Handy/Archem/pepchat-ios/Revolt.xcodeproj
    

SwiftMergeGeneratedHeaders /Users/harishvishwakarma/Library/Developer/Xcode/DerivedData/Revolt-dharrjsambcimaaziudpvzjdcigm/Build/Intermediates.noindex/Revolt.build/Debug-iphoneos/Types.build/DerivedSources/Types-Swift.h /Users/harishvishwakarma/Library/Developer/Xcode/DerivedData/Revolt-dharrjsambcimaaziudpvzjdcigm/Build/Intermediates.noindex/Revolt.build/Debug-iphoneos/Types.build/Objects-normal/arm64/Types-Swift.h (in target 'Types' from project 'Revolt')
    cd /Users/harishvishwakarma/Handy/Archem/pepchat-ios
    builtin-swiftHeaderTool -arch arm64 /Users/harishvishwakarma/Library/Developer/Xcode/DerivedData/Revolt-dharrjsambcimaaziudpvzjdcigm/Build/Intermediates.noindex/Revolt.build/Debug-iphoneos/Types.build/Objects-normal/arm64/Types-Swift.h -o /Users/harishvishwakarma/Library/Developer/Xcode/DerivedData/Revolt-dharrjsambcimaaziudpvzjdcigm/Build/Intermediates.noindex/Revolt.build/Debug-iphoneos/Types.build/DerivedSources/Types-Swift.h

SwiftDriverJobDiscovery normal arm64 Emitting module for SnapKit (in target 'SnapKit' from project 'SnapKit')

Copy /Users/harishvishwakarma/Library/Developer/Xcode/DerivedData/Revolt-dharrjsambcimaaziudpvzjdcigm/Build/Products/Debug-iphoneos/Types.framework/Modules/Types.swiftmodule/arm64-apple-ios.swiftmodule /Users/harishvishwakarma/Library/Developer/Xcode/DerivedData/Revolt-dharrjsambcimaaziudpvzjdcigm/Build/Intermediates.noindex/Revolt.build/Debug-iphoneos/Types.build/Objects-normal/arm64/Types.swiftmodule (in target 'Types' from project 'Revolt')
    cd /Users/harishvishwakarma/Handy/Archem/pepchat-ios
    builtin-copy -exclude .DS_Store -exclude CVS -exclude .svn -exclude .git -exclude .hg -resolve-src-symlinks -rename /Users/harishvishwakarma/Library/Developer/Xcode/DerivedData/Revolt-dharrjsambcimaaziudpvzjdcigm/Build/Intermediates.noindex/Revolt.build/Debug-iphoneos/Types.build/Objects-normal/arm64/Types.swiftmodule /Users/harishvishwakarma/Library/Developer/Xcode/DerivedData/Revolt-dharrjsambcimaaziudpvzjdcigm/Build/Products/Debug-iphoneos/Types.framework/Modules/Types.swiftmodule/arm64-apple-ios.swiftmodule

Copy /Users/harishvishwakarma/Library/Developer/Xcode/DerivedData/Revolt-dharrjsambcimaaziudpvzjdcigm/Build/Products/Debug-iphoneos/Types.framework/Modules/Types.swiftmodule/arm64-apple-ios.swiftinterface /Users/harishvishwakarma/Library/Developer/Xcode/DerivedData/Revolt-dharrjsambcimaaziudpvzjdcigm/Build/Intermediates.noindex/Revolt.build/Debug-iphoneos/Types.build/Objects-normal/arm64/Types.swiftinterface (in target 'Types' from project 'Revolt')
    cd /Users/harishvishwakarma/Handy/Archem/pepchat-ios
    builtin-copy -exclude .DS_Store -exclude CVS -exclude .svn -exclude .git -exclude .hg -resolve-src-symlinks -rename /Users/harishvishwakarma/Library/Developer/Xcode/DerivedData/Revolt-dharrjsambcimaaziudpvzjdcigm/Build/Intermediates.noindex/Revolt.build/Debug-iphoneos/Types.build/Objects-normal/arm64/Types.swiftinterface /Users/harishvishwakarma/Library/Developer/Xcode/DerivedData/Revolt-dharrjsambcimaaziudpvzjdcigm/Build/Products/Debug-iphoneos/Types.framework/Modules/Types.swiftmodule/arm64-apple-ios.swiftinterface

Copy /Users/harishvishwakarma/Library/Developer/Xcode/DerivedData/Revolt-dharrjsambcimaaziudpvzjdcigm/Build/Products/Debug-iphoneos/Types.framework/Modules/Types.swiftmodule/arm64-apple-ios.swiftdoc /Users/harishvishwakarma/Library/Developer/Xcode/DerivedData/Revolt-dharrjsambcimaaziudpvzjdcigm/Build/Intermediates.noindex/Revolt.build/Debug-iphoneos/Types.build/Objects-normal/arm64/Types.swiftdoc (in target 'Types' from project 'Revolt')
    cd /Users/harishvishwakarma/Handy/Archem/pepchat-ios
    builtin-copy -exclude .DS_Store -exclude CVS -exclude .svn -exclude .git -exclude .hg -resolve-src-symlinks -rename /Users/harishvishwakarma/Library/Developer/Xcode/DerivedData/Revolt-dharrjsambcimaaziudpvzjdcigm/Build/Intermediates.noindex/Revolt.build/Debug-iphoneos/Types.build/Objects-normal/arm64/Types.swiftdoc /Users/harishvishwakarma/Library/Developer/Xcode/DerivedData/Revolt-dharrjsambcimaaziudpvzjdcigm/Build/Products/Debug-iphoneos/Types.framework/Modules/Types.swiftmodule/arm64-apple-ios.swiftdoc

Copy /Users/harishvishwakarma/Library/Developer/Xcode/DerivedData/Revolt-dharrjsambcimaaziudpvzjdcigm/Build/Products/Debug-iphoneos/Types.framework/Modules/Types.swiftmodule/arm64-apple-ios.private.swiftinterface /Users/harishvishwakarma/Library/Developer/Xcode/DerivedData/Revolt-dharrjsambcimaaziudpvzjdcigm/Build/Intermediates.noindex/Revolt.build/Debug-iphoneos/Types.build/Objects-normal/arm64/Types.private.swiftinterface (in target 'Types' from project 'Revolt')
    cd /Users/harishvishwakarma/Handy/Archem/pepchat-ios
    builtin-copy -exclude .DS_Store -exclude CVS -exclude .svn -exclude .git -exclude .hg -resolve-src-symlinks -rename /Users/harishvishwakarma/Library/Developer/Xcode/DerivedData/Revolt-dharrjsambcimaaziudpvzjdcigm/Build/Intermediates.noindex/Revolt.build/Debug-iphoneos/Types.build/Objects-normal/arm64/Types.private.swiftinterface /Users/harishvishwakarma/Library/Developer/Xcode/DerivedData/Revolt-dharrjsambcimaaziudpvzjdcigm/Build/Products/Debug-iphoneos/Types.framework/Modules/Types.swiftmodule/arm64-apple-ios.private.swiftinterface

Copy /Users/harishvishwakarma/Library/Developer/Xcode/DerivedData/Revolt-dharrjsambcimaaziudpvzjdcigm/Build/Products/Debug-iphoneos/Types.framework/Modules/Types.swiftmodule/arm64-apple-ios.abi.json /Users/harishvishwakarma/Library/Developer/Xcode/DerivedData/Revolt-dharrjsambcimaaziudpvzjdcigm/Build/Intermediates.noindex/Revolt.build/Debug-iphoneos/Types.build/Objects-normal/arm64/Types.abi.json (in target 'Types' from project 'Revolt')
    cd /Users/harishvishwakarma/Handy/Archem/pepchat-ios
    builtin-copy -exclude .DS_Store -exclude CVS -exclude .svn -exclude .git -exclude .hg -resolve-src-symlinks -rename /Users/harishvishwakarma/Library/Developer/Xcode/DerivedData/Revolt-dharrjsambcimaaziudpvzjdcigm/Build/Intermediates.noindex/Revolt.build/Debug-iphoneos/Types.build/Objects-normal/arm64/Types.abi.json /Users/harishvishwakarma/Library/Developer/Xcode/DerivedData/Revolt-dharrjsambcimaaziudpvzjdcigm/Build/Products/Debug-iphoneos/Types.framework/Modules/Types.swiftmodule/arm64-apple-ios.abi.json

Copy /Users/harishvishwakarma/Library/Developer/Xcode/DerivedData/Revolt-dharrjsambcimaaziudpvzjdcigm/Build/Products/Debug-iphoneos/Types.framework/Modules/Types.swiftmodule/Project/arm64-apple-ios.swiftsourceinfo /Users/harishvishwakarma/Library/Developer/Xcode/DerivedData/Revolt-dharrjsambcimaaziudpvzjdcigm/Build/Intermediates.noindex/Revolt.build/Debug-iphoneos/Types.build/Objects-normal/arm64/Types.swiftsourceinfo (in target 'Types' from project 'Revolt')
    cd /Users/harishvishwakarma/Handy/Archem/pepchat-ios
    builtin-copy -exclude .DS_Store -exclude CVS -exclude .svn -exclude .git -exclude .hg -resolve-src-symlinks -rename /Users/harishvishwakarma/Library/Developer/Xcode/DerivedData/Revolt-dharrjsambcimaaziudpvzjdcigm/Build/Intermediates.noindex/Revolt.build/Debug-iphoneos/Types.build/Objects-normal/arm64/Types.swiftsourceinfo /Users/harishvishwakarma/Library/Developer/Xcode/DerivedData/Revolt-dharrjsambcimaaziudpvzjdcigm/Build/Products/Debug-iphoneos/Types.framework/Modules/Types.swiftmodule/Project/arm64-apple-ios.swiftsourceinfo

SwiftDriver\ Compilation\ Requirements SnapKit normal arm64 com.apple.xcode.tools.swift.compiler (in target 'SnapKit' from project 'SnapKit')
    cd /Users/harishvishwakarma/Handy/Archem/pepchat-ios/Revolt.xcodeproj
    builtin-Swift-Compilation-Requirements -- /Applications/Xcode.app/Contents/Developer/Toolchains/XcodeDefault.xctoolchain/usr/bin/swiftc -module-name SnapKit -Onone -enforce-exclusivity\=checked @/Users/harishvishwakarma/Library/Developer/Xcode/DerivedData/Revolt-dharrjsambcimaaziudpvzjdcigm/Build/Intermediates.noindex/SnapKit.build/Debug-iphoneos/SnapKit.build/Objects-normal/arm64/SnapKit.SwiftFileList -DSWIFT_PACKAGE -DDEBUG -DXcode -plugin-path /Applications/Xcode.app/Contents/Developer/Toolchains/XcodeDefault.xctoolchain/usr/lib/swift/host/plugins/testing -enable-experimental-feature DebugDescriptionMacro -sdk /Applications/Xcode.app/Contents/Developer/Platforms/iPhoneOS.platform/Developer/SDKs/iPhoneOS18.5.sdk -target arm64-apple-ios12.0 -g -module-cache-path /Users/harishvishwakarma/Library/Developer/Xcode/DerivedData/ModuleCache.noindex -Xfrontend -serialize-debugging-options -enable-testing -suppress-warnings -index-store-path /Users/harishvishwakarma/Library/Developer/Xcode/DerivedData/Revolt-dharrjsambcimaaziudpvzjdcigm/Index.noindex/DataStore -swift-version 5 -I /Users/harishvishwakarma/Library/Developer/Xcode/DerivedData/Revolt-dharrjsambcimaaziudpvzjdcigm/Build/Products/Debug-iphoneos -I /Applications/Xcode.app/Contents/Developer/Platforms/iPhoneOS.platform/Developer/usr/lib -F /Users/harishvishwakarma/Library/Developer/Xcode/DerivedData/Revolt-dharrjsambcimaaziudpvzjdcigm/Build/Products/Debug-iphoneos -F /Applications/Xcode.app/Contents/Developer/Platforms/iPhoneOS.platform/Developer/Library/Frameworks -F /Applications/Xcode.app/Contents/Developer/Platforms/iPhoneOS.platform/Developer/SDKs/iPhoneOS18.5.sdk/Developer/Library/Frameworks -c -j12 -enable-batch-mode -incremental -Xcc -ivfsstatcache -Xcc /Users/harishvishwakarma/Library/Developer/Xcode/DerivedData/SDKStatCaches.noindex/iphoneos18.5-22F76-7fa4eea80a99bbfdc046826b63ec4baf.sdkstatcache -output-file-map /Users/harishvishwakarma/Library/Developer/Xcode/DerivedData/Revolt-dharrjsambcimaaziudpvzjdcigm/Build/Intermediates.noindex/SnapKit.build/Debug-iphoneos/SnapKit.build/Objects-normal/arm64/SnapKit-OutputFileMap.json -use-frontend-parseable-output -save-temps -no-color-diagnostics -serialize-diagnostics -emit-dependencies -emit-module -emit-module-path /Users/harishvishwakarma/Library/Developer/Xcode/DerivedData/Revolt-dharrjsambcimaaziudpvzjdcigm/Build/Intermediates.noindex/SnapKit.build/Debug-iphoneos/SnapKit.build/Objects-normal/arm64/SnapKit.swiftmodule -validate-clang-modules-once -clang-build-session-file /Users/harishvishwakarma/Library/Developer/Xcode/DerivedData/ModuleCache.noindex/Session.modulevalidation -Xcc -I/Users/harishvishwakarma/Library/Developer/Xcode/DerivedData/Revolt-dharrjsambcimaaziudpvzjdcigm/Build/Intermediates.noindex/SnapKit.build/Debug-iphoneos/SnapKit.build/swift-overrides.hmap -emit-const-values -Xfrontend -const-gather-protocols-file -Xfrontend /Users/harishvishwakarma/Library/Developer/Xcode/DerivedData/Revolt-dharrjsambcimaaziudpvzjdcigm/Build/Intermediates.noindex/SnapKit.build/Debug-iphoneos/SnapKit.build/Objects-normal/arm64/SnapKit_const_extract_protocols.json -Xcc -I/Users/harishvishwakarma/Library/Developer/Xcode/DerivedData/Revolt-dharrjsambcimaaziudpvzjdcigm/Build/Products/Debug-iphoneos/include -Xcc -I/Users/harishvishwakarma/Library/Developer/Xcode/DerivedData/Revolt-dharrjsambcimaaziudpvzjdcigm/Build/Intermediates.noindex/SnapKit.build/Debug-iphoneos/SnapKit.build/DerivedSources-normal/arm64 -Xcc -I/Users/harishvishwakarma/Library/Developer/Xcode/DerivedData/Revolt-dharrjsambcimaaziudpvzjdcigm/Build/Intermediates.noindex/SnapKit.build/Debug-iphoneos/SnapKit.build/DerivedSources/arm64 -Xcc -I/Users/harishvishwakarma/Library/Developer/Xcode/DerivedData/Revolt-dharrjsambcimaaziudpvzjdcigm/Build/Intermediates.noindex/SnapKit.build/Debug-iphoneos/SnapKit.build/DerivedSources -Xcc -DSWIFT_PACKAGE -Xcc -DDEBUG\=1 -emit-objc-header -emit-objc-header-path /Users/harishvishwakarma/Library/Developer/Xcode/DerivedData/Revolt-dharrjsambcimaaziudpvzjdcigm/Build/Intermediates.noindex/SnapKit.build/Debug-iphoneos/SnapKit.build/Objects-normal/arm64/SnapKit-Swift.h -working-directory /Users/harishvishwakarma/Handy/Archem/pepchat-ios/Revolt.xcodeproj -experimental-emit-module-separately -disable-cmo

SwiftDriver\ Compilation\ Requirements RuntimeSwizzling normal arm64 com.apple.xcode.tools.swift.compiler (in target 'RuntimeSwizzling' from project 'swiftui-navigation-transitions')
    cd /Users/harishvishwakarma/Handy/Archem/pepchat-ios/Revolt.xcodeproj
    builtin-Swift-Compilation-Requirements -- /Applications/Xcode.app/Contents/Developer/Toolchains/XcodeDefault.xctoolchain/usr/bin/swiftc -module-name RuntimeSwizzling -Onone -enforce-exclusivity\=checked @/Users/harishvishwakarma/Library/Developer/Xcode/DerivedData/Revolt-dharrjsambcimaaziudpvzjdcigm/Build/Intermediates.noindex/swiftui-navigation-transitions.build/Debug-iphoneos/RuntimeSwizzling.build/Objects-normal/arm64/RuntimeSwizzling.SwiftFileList -DSWIFT_PACKAGE -DDEBUG -DXcode -plugin-path /Applications/Xcode.app/Contents/Developer/Toolchains/XcodeDefault.xctoolchain/usr/lib/swift/host/plugins/testing -enable-experimental-feature DebugDescriptionMacro -sdk /Applications/Xcode.app/Contents/Developer/Platforms/iPhoneOS.platform/Developer/SDKs/iPhoneOS18.5.sdk -target arm64-apple-ios13.0 -g -module-cache-path /Users/harishvishwakarma/Library/Developer/Xcode/DerivedData/ModuleCache.noindex -Xfrontend -serialize-debugging-options -enable-testing -suppress-warnings -index-store-path /Users/harishvishwakarma/Library/Developer/Xcode/DerivedData/Revolt-dharrjsambcimaaziudpvzjdcigm/Index.noindex/DataStore -swift-version 5 -I /Users/harishvishwakarma/Library/Developer/Xcode/DerivedData/Revolt-dharrjsambcimaaziudpvzjdcigm/Build/Products/Debug-iphoneos -I /Applications/Xcode.app/Contents/Developer/Platforms/iPhoneOS.platform/Developer/usr/lib -F /Users/harishvishwakarma/Library/Developer/Xcode/DerivedData/Revolt-dharrjsambcimaaziudpvzjdcigm/Build/Products/Debug-iphoneos -F /Applications/Xcode.app/Contents/Developer/Platforms/iPhoneOS.platform/Developer/Library/Frameworks -F /Applications/Xcode.app/Contents/Developer/Platforms/iPhoneOS.platform/Developer/SDKs/iPhoneOS18.5.sdk/Developer/Library/Frameworks -parse-as-library -c -j12 -enable-batch-mode -incremental -Xcc -ivfsstatcache -Xcc /Users/harishvishwakarma/Library/Developer/Xcode/DerivedData/SDKStatCaches.noindex/iphoneos18.5-22F76-7fa4eea80a99bbfdc046826b63ec4baf.sdkstatcache -output-file-map /Users/harishvishwakarma/Library/Developer/Xcode/DerivedData/Revolt-dharrjsambcimaaziudpvzjdcigm/Build/Intermediates.noindex/swiftui-navigation-transitions.build/Debug-iphoneos/RuntimeSwizzling.build/Objects-normal/arm64/RuntimeSwizzling-OutputFileMap.json -use-frontend-parseable-output -save-temps -no-color-diagnostics -serialize-diagnostics -emit-dependencies -emit-module -emit-module-path /Users/harishvishwakarma/Library/Developer/Xcode/DerivedData/Revolt-dharrjsambcimaaziudpvzjdcigm/Build/Intermediates.noindex/swiftui-navigation-transitions.build/Debug-iphoneos/RuntimeSwizzling.build/Objects-normal/arm64/RuntimeSwizzling.swiftmodule -validate-clang-modules-once -clang-build-session-file /Users/harishvishwakarma/Library/Developer/Xcode/DerivedData/ModuleCache.noindex/Session.modulevalidation -package-name swiftui_navigation_transitions -Xcc -I/Users/harishvishwakarma/Library/Developer/Xcode/DerivedData/Revolt-dharrjsambcimaaziudpvzjdcigm/Build/Intermediates.noindex/swiftui-navigation-transitions.build/Debug-iphoneos/RuntimeSwizzling.build/swift-overrides.hmap -emit-const-values -Xfrontend -const-gather-protocols-file -Xfrontend /Users/harishvishwakarma/Library/Developer/Xcode/DerivedData/Revolt-dharrjsambcimaaziudpvzjdcigm/Build/Intermediates.noindex/swiftui-navigation-transitions.build/Debug-iphoneos/RuntimeSwizzling.build/Objects-normal/arm64/RuntimeSwizzling_const_extract_protocols.json -Xcc -I/Users/harishvishwakarma/Library/Developer/Xcode/DerivedData/Revolt-dharrjsambcimaaziudpvzjdcigm/Build/Products/Debug-iphoneos/include -Xcc -I/Users/harishvishwakarma/Library/Developer/Xcode/DerivedData/Revolt-dharrjsambcimaaziudpvzjdcigm/Build/Intermediates.noindex/swiftui-navigation-transitions.build/Debug-iphoneos/RuntimeSwizzling.build/DerivedSources-normal/arm64 -Xcc -I/Users/harishvishwakarma/Library/Developer/Xcode/DerivedData/Revolt-dharrjsambcimaaziudpvzjdcigm/Build/Intermediates.noindex/swiftui-navigation-transitions.build/Debug-iphoneos/RuntimeSwizzling.build/DerivedSources/arm64 -Xcc -I/Users/harishvishwakarma/Library/Developer/Xcode/DerivedData/Revolt-dharrjsambcimaaziudpvzjdcigm/Build/Intermediates.noindex/swiftui-navigation-transitions.build/Debug-iphoneos/RuntimeSwizzling.build/DerivedSources -Xcc -DSWIFT_PACKAGE -Xcc -DDEBUG\=1 -emit-objc-header -emit-objc-header-path /Users/harishvishwakarma/Library/Developer/Xcode/DerivedData/Revolt-dharrjsambcimaaziudpvzjdcigm/Build/Intermediates.noindex/swiftui-navigation-transitions.build/Debug-iphoneos/RuntimeSwizzling.build/Objects-normal/arm64/RuntimeSwizzling-Swift.h -working-directory /Users/harishvishwakarma/Handy/Archem/pepchat-ios/Revolt.xcodeproj -experimental-emit-module-separately -disable-cmo

SwiftDriverJobDiscovery normal arm64 Emitting module for RuntimeAssociation (in target 'RuntimeAssociation' from project 'swiftui-navigation-transitions')

SwiftEmitModule normal arm64 Emitting\ module\ for\ ExyteGrid (in target 'ExyteGrid' from project 'ExyteGrid')

EmitSwiftModule normal arm64 (in target 'ExyteGrid' from project 'ExyteGrid')
    cd /Users/harishvishwakarma/Handy/Archem/pepchat-ios/Revolt.xcodeproj
    

SwiftDriver Down normal arm64 com.apple.xcode.tools.swift.compiler (in target 'Down' from project 'Down')
    cd /Users/harishvishwakarma/Handy/Archem/pepchat-ios/Revolt.xcodeproj
    builtin-SwiftDriver -- /Applications/Xcode.app/Contents/Developer/Toolchains/XcodeDefault.xctoolchain/usr/bin/swiftc -module-name Down -Onone -enforce-exclusivity\=checked @/Users/harishvishwakarma/Library/Developer/Xcode/DerivedData/Revolt-dharrjsambcimaaziudpvzjdcigm/Build/Intermediates.noindex/Down.build/Debug-iphoneos/Down.build/Objects-normal/arm64/Down.SwiftFileList -DSWIFT_PACKAGE -DDEBUG -Xcc -fmodule-map-file\=/Users/harishvishwakarma/Library/Developer/Xcode/DerivedData/Revolt-dharrjsambcimaaziudpvzjdcigm/Build/Intermediates.noindex/GeneratedModuleMaps-iphoneos/libcmark.modulemap -DXcode -plugin-path /Applications/Xcode.app/Contents/Developer/Toolchains/XcodeDefault.xctoolchain/usr/lib/swift/host/plugins/testing -enable-experimental-feature DebugDescriptionMacro -sdk /Applications/Xcode.app/Contents/Developer/Platforms/iPhoneOS.platform/Developer/SDKs/iPhoneOS18.5.sdk -target arm64-apple-ios12.0 -g -module-cache-path /Users/harishvishwakarma/Library/Developer/Xcode/DerivedData/ModuleCache.noindex -Xfrontend -serialize-debugging-options -enable-testing -suppress-warnings -index-store-path /Users/harishvishwakarma/Library/Developer/Xcode/DerivedData/Revolt-dharrjsambcimaaziudpvzjdcigm/Index.noindex/DataStore -swift-version 5 -I /Users/harishvishwakarma/Library/Developer/Xcode/DerivedData/Revolt-dharrjsambcimaaziudpvzjdcigm/Build/Products/Debug-iphoneos -I /Applications/Xcode.app/Contents/Developer/Platforms/iPhoneOS.platform/Developer/usr/lib -F /Users/harishvishwakarma/Library/Developer/Xcode/DerivedData/Revolt-dharrjsambcimaaziudpvzjdcigm/Build/Products/Debug-iphoneos/PackageFrameworks -F /Users/harishvishwakarma/Library/Developer/Xcode/DerivedData/Revolt-dharrjsambcimaaziudpvzjdcigm/Build/Products/Debug-iphoneos -F /Applications/Xcode.app/Contents/Developer/Platforms/iPhoneOS.platform/Developer/Library/Frameworks -F /Applications/Xcode.app/Contents/Developer/Platforms/iPhoneOS.platform/Developer/SDKs/iPhoneOS18.5.sdk/Developer/Library/Frameworks -c -j12 -enable-batch-mode -incremental -Xcc -ivfsstatcache -Xcc /Users/harishvishwakarma/Library/Developer/Xcode/DerivedData/SDKStatCaches.noindex/iphoneos18.5-22F76-7fa4eea80a99bbfdc046826b63ec4baf.sdkstatcache -output-file-map /Users/harishvishwakarma/Library/Developer/Xcode/DerivedData/Revolt-dharrjsambcimaaziudpvzjdcigm/Build/Intermediates.noindex/Down.build/Debug-iphoneos/Down.build/Objects-normal/arm64/Down-OutputFileMap.json -use-frontend-parseable-output -save-temps -no-color-diagnostics -serialize-diagnostics -emit-dependencies -emit-module -emit-module-path /Users/harishvishwakarma/Library/Developer/Xcode/DerivedData/Revolt-dharrjsambcimaaziudpvzjdcigm/Build/Intermediates.noindex/Down.build/Debug-iphoneos/Down.build/Objects-normal/arm64/Down.swiftmodule -validate-clang-modules-once -clang-build-session-file /Users/harishvishwakarma/Library/Developer/Xcode/DerivedData/ModuleCache.noindex/Session.modulevalidation -Xcc -I/Users/harishvishwakarma/Library/Developer/Xcode/DerivedData/Revolt-dharrjsambcimaaziudpvzjdcigm/Build/Intermediates.noindex/Down.build/Debug-iphoneos/Down.build/swift-overrides.hmap -emit-const-values -Xfrontend -const-gather-protocols-file -Xfrontend /Users/harishvishwakarma/Library/Developer/Xcode/DerivedData/Revolt-dharrjsambcimaaziudpvzjdcigm/Build/Intermediates.noindex/Down.build/Debug-iphoneos/Down.build/Objects-normal/arm64/Down_const_extract_protocols.json -Xcc -I/Users/harishvishwakarma/Library/Developer/Xcode/DerivedData/Revolt-dharrjsambcimaaziudpvzjdcigm/SourcePackages/checkouts/Down/Sources/cmark -Xcc -I/Users/harishvishwakarma/Library/Developer/Xcode/DerivedData/Revolt-dharrjsambcimaaziudpvzjdcigm/Build/Products/Debug-iphoneos/include -Xcc -I/Users/harishvishwakarma/Library/Developer/Xcode/DerivedData/Revolt-dharrjsambcimaaziudpvzjdcigm/Build/Intermediates.noindex/Down.build/Debug-iphoneos/Down.build/DerivedSources-normal/arm64 -Xcc -I/Users/harishvishwakarma/Library/Developer/Xcode/DerivedData/Revolt-dharrjsambcimaaziudpvzjdcigm/Build/Intermediates.noindex/Down.build/Debug-iphoneos/Down.build/DerivedSources/arm64 -Xcc -I/Users/harishvishwakarma/Library/Developer/Xcode/DerivedData/Revolt-dharrjsambcimaaziudpvzjdcigm/Build/Intermediates.noindex/Down.build/Debug-iphoneos/Down.build/DerivedSources -Xcc -DSWIFT_PACKAGE -Xcc -DDEBUG\=1 -emit-objc-header -emit-objc-header-path /Users/harishvishwakarma/Library/Developer/Xcode/DerivedData/Revolt-dharrjsambcimaaziudpvzjdcigm/Build/Intermediates.noindex/Down.build/Debug-iphoneos/Down.build/Objects-normal/arm64/Down-Swift.h -working-directory /Users/harishvishwakarma/Handy/Archem/pepchat-ios/Revolt.xcodeproj -experimental-emit-module-separately -disable-cmo

SwiftMergeGeneratedHeaders /Users/harishvishwakarma/Library/Developer/Xcode/DerivedData/Revolt-dharrjsambcimaaziudpvzjdcigm/Build/Intermediates.noindex/GeneratedModuleMaps-iphoneos/SnapKit-Swift.h /Users/harishvishwakarma/Library/Developer/Xcode/DerivedData/Revolt-dharrjsambcimaaziudpvzjdcigm/Build/Intermediates.noindex/SnapKit.build/Debug-iphoneos/SnapKit.build/Objects-normal/arm64/SnapKit-Swift.h (in target 'SnapKit' from project 'SnapKit')
    cd /Users/harishvishwakarma/Library/Developer/Xcode/DerivedData/Revolt-dharrjsambcimaaziudpvzjdcigm/SourcePackages/checkouts/SnapKit
    builtin-swiftHeaderTool -arch arm64 /Users/harishvishwakarma/Library/Developer/Xcode/DerivedData/Revolt-dharrjsambcimaaziudpvzjdcigm/Build/Intermediates.noindex/SnapKit.build/Debug-iphoneos/SnapKit.build/Objects-normal/arm64/SnapKit-Swift.h -o /Users/harishvishwakarma/Library/Developer/Xcode/DerivedData/Revolt-dharrjsambcimaaziudpvzjdcigm/Build/Intermediates.noindex/GeneratedModuleMaps-iphoneos/SnapKit-Swift.h

Copy /Users/harishvishwakarma/Library/Developer/Xcode/DerivedData/Revolt-dharrjsambcimaaziudpvzjdcigm/Build/Products/Debug-iphoneos/SnapKit.swiftmodule/arm64-apple-ios.swiftmodule /Users/harishvishwakarma/Library/Developer/Xcode/DerivedData/Revolt-dharrjsambcimaaziudpvzjdcigm/Build/Intermediates.noindex/SnapKit.build/Debug-iphoneos/SnapKit.build/Objects-normal/arm64/SnapKit.swiftmodule (in target 'SnapKit' from project 'SnapKit')
    cd /Users/harishvishwakarma/Library/Developer/Xcode/DerivedData/Revolt-dharrjsambcimaaziudpvzjdcigm/SourcePackages/checkouts/SnapKit
    builtin-copy -exclude .DS_Store -exclude CVS -exclude .svn -exclude .git -exclude .hg -resolve-src-symlinks -rename /Users/harishvishwakarma/Library/Developer/Xcode/DerivedData/Revolt-dharrjsambcimaaziudpvzjdcigm/Build/Intermediates.noindex/SnapKit.build/Debug-iphoneos/SnapKit.build/Objects-normal/arm64/SnapKit.swiftmodule /Users/harishvishwakarma/Library/Developer/Xcode/DerivedData/Revolt-dharrjsambcimaaziudpvzjdcigm/Build/Products/Debug-iphoneos/SnapKit.swiftmodule/arm64-apple-ios.swiftmodule

Copy /Users/harishvishwakarma/Library/Developer/Xcode/DerivedData/Revolt-dharrjsambcimaaziudpvzjdcigm/Build/Products/Debug-iphoneos/SnapKit.swiftmodule/arm64-apple-ios.swiftdoc /Users/harishvishwakarma/Library/Developer/Xcode/DerivedData/Revolt-dharrjsambcimaaziudpvzjdcigm/Build/Intermediates.noindex/SnapKit.build/Debug-iphoneos/SnapKit.build/Objects-normal/arm64/SnapKit.swiftdoc (in target 'SnapKit' from project 'SnapKit')
    cd /Users/harishvishwakarma/Library/Developer/Xcode/DerivedData/Revolt-dharrjsambcimaaziudpvzjdcigm/SourcePackages/checkouts/SnapKit
    builtin-copy -exclude .DS_Store -exclude CVS -exclude .svn -exclude .git -exclude .hg -resolve-src-symlinks -rename /Users/harishvishwakarma/Library/Developer/Xcode/DerivedData/Revolt-dharrjsambcimaaziudpvzjdcigm/Build/Intermediates.noindex/SnapKit.build/Debug-iphoneos/SnapKit.build/Objects-normal/arm64/SnapKit.swiftdoc /Users/harishvishwakarma/Library/Developer/Xcode/DerivedData/Revolt-dharrjsambcimaaziudpvzjdcigm/Build/Products/Debug-iphoneos/SnapKit.swiftmodule/arm64-apple-ios.swiftdoc

Copy /Users/harishvishwakarma/Library/Developer/Xcode/DerivedData/Revolt-dharrjsambcimaaziudpvzjdcigm/Build/Products/Debug-iphoneos/SnapKit.swiftmodule/arm64-apple-ios.abi.json /Users/harishvishwakarma/Library/Developer/Xcode/DerivedData/Revolt-dharrjsambcimaaziudpvzjdcigm/Build/Intermediates.noindex/SnapKit.build/Debug-iphoneos/SnapKit.build/Objects-normal/arm64/SnapKit.abi.json (in target 'SnapKit' from project 'SnapKit')
    cd /Users/harishvishwakarma/Library/Developer/Xcode/DerivedData/Revolt-dharrjsambcimaaziudpvzjdcigm/SourcePackages/checkouts/SnapKit
    builtin-copy -exclude .DS_Store -exclude CVS -exclude .svn -exclude .git -exclude .hg -resolve-src-symlinks -rename /Users/harishvishwakarma/Library/Developer/Xcode/DerivedData/Revolt-dharrjsambcimaaziudpvzjdcigm/Build/Intermediates.noindex/SnapKit.build/Debug-iphoneos/SnapKit.build/Objects-normal/arm64/SnapKit.abi.json /Users/harishvishwakarma/Library/Developer/Xcode/DerivedData/Revolt-dharrjsambcimaaziudpvzjdcigm/Build/Products/Debug-iphoneos/SnapKit.swiftmodule/arm64-apple-ios.abi.json

Copy /Users/harishvishwakarma/Library/Developer/Xcode/DerivedData/Revolt-dharrjsambcimaaziudpvzjdcigm/Build/Products/Debug-iphoneos/SnapKit.swiftmodule/Project/arm64-apple-ios.swiftsourceinfo /Users/harishvishwakarma/Library/Developer/Xcode/DerivedData/Revolt-dharrjsambcimaaziudpvzjdcigm/Build/Intermediates.noindex/SnapKit.build/Debug-iphoneos/SnapKit.build/Objects-normal/arm64/SnapKit.swiftsourceinfo (in target 'SnapKit' from project 'SnapKit')
    cd /Users/harishvishwakarma/Library/Developer/Xcode/DerivedData/Revolt-dharrjsambcimaaziudpvzjdcigm/SourcePackages/checkouts/SnapKit
    builtin-copy -exclude .DS_Store -exclude CVS -exclude .svn -exclude .git -exclude .hg -resolve-src-symlinks -rename /Users/harishvishwakarma/Library/Developer/Xcode/DerivedData/Revolt-dharrjsambcimaaziudpvzjdcigm/Build/Intermediates.noindex/SnapKit.build/Debug-iphoneos/SnapKit.build/Objects-normal/arm64/SnapKit.swiftsourceinfo /Users/harishvishwakarma/Library/Developer/Xcode/DerivedData/Revolt-dharrjsambcimaaziudpvzjdcigm/Build/Products/Debug-iphoneos/SnapKit.swiftmodule/Project/arm64-apple-ios.swiftsourceinfo

SwiftMergeGeneratedHeaders /Users/harishvishwakarma/Library/Developer/Xcode/DerivedData/Revolt-dharrjsambcimaaziudpvzjdcigm/Build/Intermediates.noindex/GeneratedModuleMaps-iphoneos/RuntimeSwizzling-Swift.h /Users/harishvishwakarma/Library/Developer/Xcode/DerivedData/Revolt-dharrjsambcimaaziudpvzjdcigm/Build/Intermediates.noindex/swiftui-navigation-transitions.build/Debug-iphoneos/RuntimeSwizzling.build/Objects-normal/arm64/RuntimeSwizzling-Swift.h (in target 'RuntimeSwizzling' from project 'swiftui-navigation-transitions')
    cd /Users/harishvishwakarma/Library/Developer/Xcode/DerivedData/Revolt-dharrjsambcimaaziudpvzjdcigm/SourcePackages/checkouts/swiftui-navigation-transitions
    builtin-swiftHeaderTool -arch arm64 /Users/harishvishwakarma/Library/Developer/Xcode/DerivedData/Revolt-dharrjsambcimaaziudpvzjdcigm/Build/Intermediates.noindex/swiftui-navigation-transitions.build/Debug-iphoneos/RuntimeSwizzling.build/Objects-normal/arm64/RuntimeSwizzling-Swift.h -o /Users/harishvishwakarma/Library/Developer/Xcode/DerivedData/Revolt-dharrjsambcimaaziudpvzjdcigm/Build/Intermediates.noindex/GeneratedModuleMaps-iphoneos/RuntimeSwizzling-Swift.h

Copy /Users/harishvishwakarma/Library/Developer/Xcode/DerivedData/Revolt-dharrjsambcimaaziudpvzjdcigm/Build/Products/Debug-iphoneos/RuntimeSwizzling.swiftmodule/arm64-apple-ios.swiftmodule /Users/harishvishwakarma/Library/Developer/Xcode/DerivedData/Revolt-dharrjsambcimaaziudpvzjdcigm/Build/Intermediates.noindex/swiftui-navigation-transitions.build/Debug-iphoneos/RuntimeSwizzling.build/Objects-normal/arm64/RuntimeSwizzling.swiftmodule (in target 'RuntimeSwizzling' from project 'swiftui-navigation-transitions')
    cd /Users/harishvishwakarma/Library/Developer/Xcode/DerivedData/Revolt-dharrjsambcimaaziudpvzjdcigm/SourcePackages/checkouts/swiftui-navigation-transitions
    builtin-copy -exclude .DS_Store -exclude CVS -exclude .svn -exclude .git -exclude .hg -resolve-src-symlinks -rename /Users/harishvishwakarma/Library/Developer/Xcode/DerivedData/Revolt-dharrjsambcimaaziudpvzjdcigm/Build/Intermediates.noindex/swiftui-navigation-transitions.build/Debug-iphoneos/RuntimeSwizzling.build/Objects-normal/arm64/RuntimeSwizzling.swiftmodule /Users/harishvishwakarma/Library/Developer/Xcode/DerivedData/Revolt-dharrjsambcimaaziudpvzjdcigm/Build/Products/Debug-iphoneos/RuntimeSwizzling.swiftmodule/arm64-apple-ios.swiftmodule

Copy /Users/harishvishwakarma/Library/Developer/Xcode/DerivedData/Revolt-dharrjsambcimaaziudpvzjdcigm/Build/Products/Debug-iphoneos/RuntimeSwizzling.swiftmodule/arm64-apple-ios.swiftdoc /Users/harishvishwakarma/Library/Developer/Xcode/DerivedData/Revolt-dharrjsambcimaaziudpvzjdcigm/Build/Intermediates.noindex/swiftui-navigation-transitions.build/Debug-iphoneos/RuntimeSwizzling.build/Objects-normal/arm64/RuntimeSwizzling.swiftdoc (in target 'RuntimeSwizzling' from project 'swiftui-navigation-transitions')
    cd /Users/harishvishwakarma/Library/Developer/Xcode/DerivedData/Revolt-dharrjsambcimaaziudpvzjdcigm/SourcePackages/checkouts/swiftui-navigation-transitions
    builtin-copy -exclude .DS_Store -exclude CVS -exclude .svn -exclude .git -exclude .hg -resolve-src-symlinks -rename /Users/harishvishwakarma/Library/Developer/Xcode/DerivedData/Revolt-dharrjsambcimaaziudpvzjdcigm/Build/Intermediates.noindex/swiftui-navigation-transitions.build/Debug-iphoneos/RuntimeSwizzling.build/Objects-normal/arm64/RuntimeSwizzling.swiftdoc /Users/harishvishwakarma/Library/Developer/Xcode/DerivedData/Revolt-dharrjsambcimaaziudpvzjdcigm/Build/Products/Debug-iphoneos/RuntimeSwizzling.swiftmodule/arm64-apple-ios.swiftdoc

Copy /Users/harishvishwakarma/Library/Developer/Xcode/DerivedData/Revolt-dharrjsambcimaaziudpvzjdcigm/Build/Products/Debug-iphoneos/RuntimeSwizzling.swiftmodule/arm64-apple-ios.abi.json /Users/harishvishwakarma/Library/Developer/Xcode/DerivedData/Revolt-dharrjsambcimaaziudpvzjdcigm/Build/Intermediates.noindex/swiftui-navigation-transitions.build/Debug-iphoneos/RuntimeSwizzling.build/Objects-normal/arm64/RuntimeSwizzling.abi.json (in target 'RuntimeSwizzling' from project 'swiftui-navigation-transitions')
    cd /Users/harishvishwakarma/Library/Developer/Xcode/DerivedData/Revolt-dharrjsambcimaaziudpvzjdcigm/SourcePackages/checkouts/swiftui-navigation-transitions
    builtin-copy -exclude .DS_Store -exclude CVS -exclude .svn -exclude .git -exclude .hg -resolve-src-symlinks -rename /Users/harishvishwakarma/Library/Developer/Xcode/DerivedData/Revolt-dharrjsambcimaaziudpvzjdcigm/Build/Intermediates.noindex/swiftui-navigation-transitions.build/Debug-iphoneos/RuntimeSwizzling.build/Objects-normal/arm64/RuntimeSwizzling.abi.json /Users/harishvishwakarma/Library/Developer/Xcode/DerivedData/Revolt-dharrjsambcimaaziudpvzjdcigm/Build/Products/Debug-iphoneos/RuntimeSwizzling.swiftmodule/arm64-apple-ios.abi.json

Copy /Users/harishvishwakarma/Library/Developer/Xcode/DerivedData/Revolt-dharrjsambcimaaziudpvzjdcigm/Build/Products/Debug-iphoneos/RuntimeSwizzling.swiftmodule/Project/arm64-apple-ios.swiftsourceinfo /Users/harishvishwakarma/Library/Developer/Xcode/DerivedData/Revolt-dharrjsambcimaaziudpvzjdcigm/Build/Intermediates.noindex/swiftui-navigation-transitions.build/Debug-iphoneos/RuntimeSwizzling.build/Objects-normal/arm64/RuntimeSwizzling.swiftsourceinfo (in target 'RuntimeSwizzling' from project 'swiftui-navigation-transitions')
    cd /Users/harishvishwakarma/Library/Developer/Xcode/DerivedData/Revolt-dharrjsambcimaaziudpvzjdcigm/SourcePackages/checkouts/swiftui-navigation-transitions
    builtin-copy -exclude .DS_Store -exclude CVS -exclude .svn -exclude .git -exclude .hg -resolve-src-symlinks -rename /Users/harishvishwakarma/Library/Developer/Xcode/DerivedData/Revolt-dharrjsambcimaaziudpvzjdcigm/Build/Intermediates.noindex/swiftui-navigation-transitions.build/Debug-iphoneos/RuntimeSwizzling.build/Objects-normal/arm64/RuntimeSwizzling.swiftsourceinfo /Users/harishvishwakarma/Library/Developer/Xcode/DerivedData/Revolt-dharrjsambcimaaziudpvzjdcigm/Build/Products/Debug-iphoneos/RuntimeSwizzling.swiftmodule/Project/arm64-apple-ios.swiftsourceinfo

SwiftDriver\ Compilation\ Requirements RuntimeAssociation normal arm64 com.apple.xcode.tools.swift.compiler (in target 'RuntimeAssociation' from project 'swiftui-navigation-transitions')
    cd /Users/harishvishwakarma/Handy/Archem/pepchat-ios/Revolt.xcodeproj
    builtin-Swift-Compilation-Requirements -- /Applications/Xcode.app/Contents/Developer/Toolchains/XcodeDefault.xctoolchain/usr/bin/swiftc -module-name RuntimeAssociation -Onone -enforce-exclusivity\=checked @/Users/harishvishwakarma/Library/Developer/Xcode/DerivedData/Revolt-dharrjsambcimaaziudpvzjdcigm/Build/Intermediates.noindex/swiftui-navigation-transitions.build/Debug-iphoneos/RuntimeAssociation.build/Objects-normal/arm64/RuntimeAssociation.SwiftFileList -DSWIFT_PACKAGE -DDEBUG -DXcode -plugin-path /Applications/Xcode.app/Contents/Developer/Toolchains/XcodeDefault.xctoolchain/usr/lib/swift/host/plugins/testing -enable-experimental-feature DebugDescriptionMacro -sdk /Applications/Xcode.app/Contents/Developer/Platforms/iPhoneOS.platform/Developer/SDKs/iPhoneOS18.5.sdk -target arm64-apple-ios13.0 -g -module-cache-path /Users/harishvishwakarma/Library/Developer/Xcode/DerivedData/ModuleCache.noindex -Xfrontend -serialize-debugging-options -enable-testing -suppress-warnings -index-store-path /Users/harishvishwakarma/Library/Developer/Xcode/DerivedData/Revolt-dharrjsambcimaaziudpvzjdcigm/Index.noindex/DataStore -swift-version 5 -I /Users/harishvishwakarma/Library/Developer/Xcode/DerivedData/Revolt-dharrjsambcimaaziudpvzjdcigm/Build/Products/Debug-iphoneos -I /Applications/Xcode.app/Contents/Developer/Platforms/iPhoneOS.platform/Developer/usr/lib -F /Users/harishvishwakarma/Library/Developer/Xcode/DerivedData/Revolt-dharrjsambcimaaziudpvzjdcigm/Build/Products/Debug-iphoneos -F /Applications/Xcode.app/Contents/Developer/Platforms/iPhoneOS.platform/Developer/Library/Frameworks -F /Applications/Xcode.app/Contents/Developer/Platforms/iPhoneOS.platform/Developer/SDKs/iPhoneOS18.5.sdk/Developer/Library/Frameworks -c -j12 -enable-batch-mode -incremental -Xcc -ivfsstatcache -Xcc /Users/harishvishwakarma/Library/Developer/Xcode/DerivedData/SDKStatCaches.noindex/iphoneos18.5-22F76-7fa4eea80a99bbfdc046826b63ec4baf.sdkstatcache -output-file-map /Users/harishvishwakarma/Library/Developer/Xcode/DerivedData/Revolt-dharrjsambcimaaziudpvzjdcigm/Build/Intermediates.noindex/swiftui-navigation-transitions.build/Debug-iphoneos/RuntimeAssociation.build/Objects-normal/arm64/RuntimeAssociation-OutputFileMap.json -use-frontend-parseable-output -save-temps -no-color-diagnostics -serialize-diagnostics -emit-dependencies -emit-module -emit-module-path /Users/harishvishwakarma/Library/Developer/Xcode/DerivedData/Revolt-dharrjsambcimaaziudpvzjdcigm/Build/Intermediates.noindex/swiftui-navigation-transitions.build/Debug-iphoneos/RuntimeAssociation.build/Objects-normal/arm64/RuntimeAssociation.swiftmodule -validate-clang-modules-once -clang-build-session-file /Users/harishvishwakarma/Library/Developer/Xcode/DerivedData/ModuleCache.noindex/Session.modulevalidation -package-name swiftui_navigation_transitions -Xcc -I/Users/harishvishwakarma/Library/Developer/Xcode/DerivedData/Revolt-dharrjsambcimaaziudpvzjdcigm/Build/Intermediates.noindex/swiftui-navigation-transitions.build/Debug-iphoneos/RuntimeAssociation.build/swift-overrides.hmap -emit-const-values -Xfrontend -const-gather-protocols-file -Xfrontend /Users/harishvishwakarma/Library/Developer/Xcode/DerivedData/Revolt-dharrjsambcimaaziudpvzjdcigm/Build/Intermediates.noindex/swiftui-navigation-transitions.build/Debug-iphoneos/RuntimeAssociation.build/Objects-normal/arm64/RuntimeAssociation_const_extract_protocols.json -Xcc -I/Users/harishvishwakarma/Library/Developer/Xcode/DerivedData/Revolt-dharrjsambcimaaziudpvzjdcigm/Build/Products/Debug-iphoneos/include -Xcc -I/Users/harishvishwakarma/Library/Developer/Xcode/DerivedData/Revolt-dharrjsambcimaaziudpvzjdcigm/Build/Intermediates.noindex/swiftui-navigation-transitions.build/Debug-iphoneos/RuntimeAssociation.build/DerivedSources-normal/arm64 -Xcc -I/Users/harishvishwakarma/Library/Developer/Xcode/DerivedData/Revolt-dharrjsambcimaaziudpvzjdcigm/Build/Intermediates.noindex/swiftui-navigation-transitions.build/Debug-iphoneos/RuntimeAssociation.build/DerivedSources/arm64 -Xcc -I/Users/harishvishwakarma/Library/Developer/Xcode/DerivedData/Revolt-dharrjsambcimaaziudpvzjdcigm/Build/Intermediates.noindex/swiftui-navigation-transitions.build/Debug-iphoneos/RuntimeAssociation.build/DerivedSources -Xcc -DSWIFT_PACKAGE -Xcc -DDEBUG\=1 -emit-objc-header -emit-objc-header-path /Users/harishvishwakarma/Library/Developer/Xcode/DerivedData/Revolt-dharrjsambcimaaziudpvzjdcigm/Build/Intermediates.noindex/swiftui-navigation-transitions.build/Debug-iphoneos/RuntimeAssociation.build/Objects-normal/arm64/RuntimeAssociation-Swift.h -working-directory /Users/harishvishwakarma/Handy/Archem/pepchat-ios/Revolt.xcodeproj -experimental-emit-module-separately -disable-cmo

SwiftEmitModule normal arm64 Emitting\ module\ for\ Down (in target 'Down' from project 'Down')
EmitSwiftModule normal arm64 (in target 'Down' from project 'Down')
    cd /Users/harishvishwakarma/Handy/Archem/pepchat-ios/Revolt.xcodeproj
    

SwiftMergeGeneratedHeaders /Users/harishvishwakarma/Library/Developer/Xcode/DerivedData/Revolt-dharrjsambcimaaziudpvzjdcigm/Build/Intermediates.noindex/GeneratedModuleMaps-iphoneos/RuntimeAssociation-Swift.h /Users/harishvishwakarma/Library/Developer/Xcode/DerivedData/Revolt-dharrjsambcimaaziudpvzjdcigm/Build/Intermediates.noindex/swiftui-navigation-transitions.build/Debug-iphoneos/RuntimeAssociation.build/Objects-normal/arm64/RuntimeAssociation-Swift.h (in target 'RuntimeAssociation' from project 'swiftui-navigation-transitions')
    cd /Users/harishvishwakarma/Library/Developer/Xcode/DerivedData/Revolt-dharrjsambcimaaziudpvzjdcigm/SourcePackages/checkouts/swiftui-navigation-transitions
    builtin-swiftHeaderTool -arch arm64 /Users/harishvishwakarma/Library/Developer/Xcode/DerivedData/Revolt-dharrjsambcimaaziudpvzjdcigm/Build/Intermediates.noindex/swiftui-navigation-transitions.build/Debug-iphoneos/RuntimeAssociation.build/Objects-normal/arm64/RuntimeAssociation-Swift.h -o /Users/harishvishwakarma/Library/Developer/Xcode/DerivedData/Revolt-dharrjsambcimaaziudpvzjdcigm/Build/Intermediates.noindex/GeneratedModuleMaps-iphoneos/RuntimeAssociation-Swift.h

SwiftDriverJobDiscovery normal arm64 Emitting module for SwiftUIIntrospect (in target 'SwiftUIIntrospect' from project 'swiftui-introspect')

Copy /Users/harishvishwakarma/Library/Developer/Xcode/DerivedData/Revolt-dharrjsambcimaaziudpvzjdcigm/Build/Products/Debug-iphoneos/RuntimeAssociation.swiftmodule/arm64-apple-ios.swiftmodule /Users/harishvishwakarma/Library/Developer/Xcode/DerivedData/Revolt-dharrjsambcimaaziudpvzjdcigm/Build/Intermediates.noindex/swiftui-navigation-transitions.build/Debug-iphoneos/RuntimeAssociation.build/Objects-normal/arm64/RuntimeAssociation.swiftmodule (in target 'RuntimeAssociation' from project 'swiftui-navigation-transitions')
    cd /Users/harishvishwakarma/Library/Developer/Xcode/DerivedData/Revolt-dharrjsambcimaaziudpvzjdcigm/SourcePackages/checkouts/swiftui-navigation-transitions
    builtin-copy -exclude .DS_Store -exclude CVS -exclude .svn -exclude .git -exclude .hg -resolve-src-symlinks -rename /Users/harishvishwakarma/Library/Developer/Xcode/DerivedData/Revolt-dharrjsambcimaaziudpvzjdcigm/Build/Intermediates.noindex/swiftui-navigation-transitions.build/Debug-iphoneos/RuntimeAssociation.build/Objects-normal/arm64/RuntimeAssociation.swiftmodule /Users/harishvishwakarma/Library/Developer/Xcode/DerivedData/Revolt-dharrjsambcimaaziudpvzjdcigm/Build/Products/Debug-iphoneos/RuntimeAssociation.swiftmodule/arm64-apple-ios.swiftmodule

SwiftDriver\ Compilation\ Requirements SwiftUIIntrospect normal arm64 com.apple.xcode.tools.swift.compiler (in target 'SwiftUIIntrospect' from project 'swiftui-introspect')
    cd /Users/harishvishwakarma/Handy/Archem/pepchat-ios/Revolt.xcodeproj
    builtin-Swift-Compilation-Requirements -- /Applications/Xcode.app/Contents/Developer/Toolchains/XcodeDefault.xctoolchain/usr/bin/swiftc -module-name SwiftUIIntrospect -Onone -enforce-exclusivity\=checked @/Users/harishvishwakarma/Library/Developer/Xcode/DerivedData/Revolt-dharrjsambcimaaziudpvzjdcigm/Build/Intermediates.noindex/swiftui-introspect.build/Debug-iphoneos/SwiftUIIntrospect.build/Objects-normal/arm64/SwiftUIIntrospect.SwiftFileList -DSWIFT_PACKAGE -DDEBUG -DXcode -plugin-path /Applications/Xcode.app/Contents/Developer/Toolchains/XcodeDefault.xctoolchain/usr/lib/swift/host/plugins/testing -enable-experimental-feature DebugDescriptionMacro -sdk /Applications/Xcode.app/Contents/Developer/Platforms/iPhoneOS.platform/Developer/SDKs/iPhoneOS18.5.sdk -target arm64-apple-ios13.0 -g -module-cache-path /Users/harishvishwakarma/Library/Developer/Xcode/DerivedData/ModuleCache.noindex -Xfrontend -serialize-debugging-options -enable-testing -suppress-warnings -index-store-path /Users/harishvishwakarma/Library/Developer/Xcode/DerivedData/Revolt-dharrjsambcimaaziudpvzjdcigm/Index.noindex/DataStore -swift-version 6 -I /Users/harishvishwakarma/Library/Developer/Xcode/DerivedData/Revolt-dharrjsambcimaaziudpvzjdcigm/Build/Products/Debug-iphoneos -I /Applications/Xcode.app/Contents/Developer/Platforms/iPhoneOS.platform/Developer/usr/lib -F /Users/harishvishwakarma/Library/Developer/Xcode/DerivedData/Revolt-dharrjsambcimaaziudpvzjdcigm/Build/Products/Debug-iphoneos -F /Applications/Xcode.app/Contents/Developer/Platforms/iPhoneOS.platform/Developer/Library/Frameworks -F /Applications/Xcode.app/Contents/Developer/Platforms/iPhoneOS.platform/Developer/SDKs/iPhoneOS18.5.sdk/Developer/Library/Frameworks -c -j12 -enable-batch-mode -incremental -Xcc -ivfsstatcache -Xcc /Users/harishvishwakarma/Library/Developer/Xcode/DerivedData/SDKStatCaches.noindex/iphoneos18.5-22F76-7fa4eea80a99bbfdc046826b63ec4baf.sdkstatcache -output-file-map /Users/harishvishwakarma/Library/Developer/Xcode/DerivedData/Revolt-dharrjsambcimaaziudpvzjdcigm/Build/Intermediates.noindex/swiftui-introspect.build/Debug-iphoneos/SwiftUIIntrospect.build/Objects-normal/arm64/SwiftUIIntrospect-OutputFileMap.json -use-frontend-parseable-output -save-temps -no-color-diagnostics -serialize-diagnostics -emit-dependencies -emit-module -emit-module-path /Users/harishvishwakarma/Library/Developer/Xcode/DerivedData/Revolt-dharrjsambcimaaziudpvzjdcigm/Build/Intermediates.noindex/swiftui-introspect.build/Debug-iphoneos/SwiftUIIntrospect.build/Objects-normal/arm64/SwiftUIIntrospect.swiftmodule -user-module-version 1.3.0 -validate-clang-modules-once -clang-build-session-file /Users/harishvishwakarma/Library/Developer/Xcode/DerivedData/ModuleCache.noindex/Session.modulevalidation -package-name swiftui_introspect -Xcc -I/Users/harishvishwakarma/Library/Developer/Xcode/DerivedData/Revolt-dharrjsambcimaaziudpvzjdcigm/Build/Intermediates.noindex/swiftui-introspect.build/Debug-iphoneos/SwiftUIIntrospect.build/swift-overrides.hmap -emit-const-values -Xfrontend -const-gather-protocols-file -Xfrontend /Users/harishvishwakarma/Library/Developer/Xcode/DerivedData/Revolt-dharrjsambcimaaziudpvzjdcigm/Build/Intermediates.noindex/swiftui-introspect.build/Debug-iphoneos/SwiftUIIntrospect.build/Objects-normal/arm64/SwiftUIIntrospect_const_extract_protocols.json -Xcc -I/Users/harishvishwakarma/Library/Developer/Xcode/DerivedData/Revolt-dharrjsambcimaaziudpvzjdcigm/Build/Products/Debug-iphoneos/include -Xcc -I/Users/harishvishwakarma/Library/Developer/Xcode/DerivedData/Revolt-dharrjsambcimaaziudpvzjdcigm/Build/Intermediates.noindex/swiftui-introspect.build/Debug-iphoneos/SwiftUIIntrospect.build/DerivedSources-normal/arm64 -Xcc -I/Users/harishvishwakarma/Library/Developer/Xcode/DerivedData/Revolt-dharrjsambcimaaziudpvzjdcigm/Build/Intermediates.noindex/swiftui-introspect.build/Debug-iphoneos/SwiftUIIntrospect.build/DerivedSources/arm64 -Xcc -I/Users/harishvishwakarma/Library/Developer/Xcode/DerivedData/Revolt-dharrjsambcimaaziudpvzjdcigm/Build/Intermediates.noindex/swiftui-introspect.build/Debug-iphoneos/SwiftUIIntrospect.build/DerivedSources -Xcc -DSWIFT_PACKAGE -Xcc -DDEBUG\=1 -emit-objc-header -emit-objc-header-path /Users/harishvishwakarma/Library/Developer/Xcode/DerivedData/Revolt-dharrjsambcimaaziudpvzjdcigm/Build/Intermediates.noindex/swiftui-introspect.build/Debug-iphoneos/SwiftUIIntrospect.build/Objects-normal/arm64/SwiftUIIntrospect-Swift.h -working-directory /Users/harishvishwakarma/Handy/Archem/pepchat-ios/Revolt.xcodeproj -experimental-emit-module-separately -disable-cmo

Copy /Users/harishvishwakarma/Library/Developer/Xcode/DerivedData/Revolt-dharrjsambcimaaziudpvzjdcigm/Build/Products/Debug-iphoneos/RuntimeAssociation.swiftmodule/arm64-apple-ios.swiftdoc /Users/harishvishwakarma/Library/Developer/Xcode/DerivedData/Revolt-dharrjsambcimaaziudpvzjdcigm/Build/Intermediates.noindex/swiftui-navigation-transitions.build/Debug-iphoneos/RuntimeAssociation.build/Objects-normal/arm64/RuntimeAssociation.swiftdoc (in target 'RuntimeAssociation' from project 'swiftui-navigation-transitions')
    cd /Users/harishvishwakarma/Library/Developer/Xcode/DerivedData/Revolt-dharrjsambcimaaziudpvzjdcigm/SourcePackages/checkouts/swiftui-navigation-transitions
    builtin-copy -exclude .DS_Store -exclude CVS -exclude .svn -exclude .git -exclude .hg -resolve-src-symlinks -rename /Users/harishvishwakarma/Library/Developer/Xcode/DerivedData/Revolt-dharrjsambcimaaziudpvzjdcigm/Build/Intermediates.noindex/swiftui-navigation-transitions.build/Debug-iphoneos/RuntimeAssociation.build/Objects-normal/arm64/RuntimeAssociation.swiftdoc /Users/harishvishwakarma/Library/Developer/Xcode/DerivedData/Revolt-dharrjsambcimaaziudpvzjdcigm/Build/Products/Debug-iphoneos/RuntimeAssociation.swiftmodule/arm64-apple-ios.swiftdoc

SwiftMergeGeneratedHeaders /Users/harishvishwakarma/Library/Developer/Xcode/DerivedData/Revolt-dharrjsambcimaaziudpvzjdcigm/Build/Intermediates.noindex/GeneratedModuleMaps-iphoneos/SwiftUIIntrospect-Swift.h /Users/harishvishwakarma/Library/Developer/Xcode/DerivedData/Revolt-dharrjsambcimaaziudpvzjdcigm/Build/Intermediates.noindex/swiftui-introspect.build/Debug-iphoneos/SwiftUIIntrospect.build/Objects-normal/arm64/SwiftUIIntrospect-Swift.h (in target 'SwiftUIIntrospect' from project 'swiftui-introspect')
    cd /Users/harishvishwakarma/Library/Developer/Xcode/DerivedData/Revolt-dharrjsambcimaaziudpvzjdcigm/SourcePackages/checkouts/swiftui-introspect
    builtin-swiftHeaderTool -arch arm64 /Users/harishvishwakarma/Library/Developer/Xcode/DerivedData/Revolt-dharrjsambcimaaziudpvzjdcigm/Build/Intermediates.noindex/swiftui-introspect.build/Debug-iphoneos/SwiftUIIntrospect.build/Objects-normal/arm64/SwiftUIIntrospect-Swift.h -o /Users/harishvishwakarma/Library/Developer/Xcode/DerivedData/Revolt-dharrjsambcimaaziudpvzjdcigm/Build/Intermediates.noindex/GeneratedModuleMaps-iphoneos/SwiftUIIntrospect-Swift.h

Copy /Users/harishvishwakarma/Library/Developer/Xcode/DerivedData/Revolt-dharrjsambcimaaziudpvzjdcigm/Build/Products/Debug-iphoneos/SwiftUIIntrospect.swiftmodule/arm64-apple-ios.swiftmodule /Users/harishvishwakarma/Library/Developer/Xcode/DerivedData/Revolt-dharrjsambcimaaziudpvzjdcigm/Build/Intermediates.noindex/swiftui-introspect.build/Debug-iphoneos/SwiftUIIntrospect.build/Objects-normal/arm64/SwiftUIIntrospect.swiftmodule (in target 'SwiftUIIntrospect' from project 'swiftui-introspect')
    cd /Users/harishvishwakarma/Library/Developer/Xcode/DerivedData/Revolt-dharrjsambcimaaziudpvzjdcigm/SourcePackages/checkouts/swiftui-introspect
    builtin-copy -exclude .DS_Store -exclude CVS -exclude .svn -exclude .git -exclude .hg -resolve-src-symlinks -rename /Users/harishvishwakarma/Library/Developer/Xcode/DerivedData/Revolt-dharrjsambcimaaziudpvzjdcigm/Build/Intermediates.noindex/swiftui-introspect.build/Debug-iphoneos/SwiftUIIntrospect.build/Objects-normal/arm64/SwiftUIIntrospect.swiftmodule /Users/harishvishwakarma/Library/Developer/Xcode/DerivedData/Revolt-dharrjsambcimaaziudpvzjdcigm/Build/Products/Debug-iphoneos/SwiftUIIntrospect.swiftmodule/arm64-apple-ios.swiftmodule

Copy /Users/harishvishwakarma/Library/Developer/Xcode/DerivedData/Revolt-dharrjsambcimaaziudpvzjdcigm/Build/Products/Debug-iphoneos/SwiftUIIntrospect.swiftmodule/arm64-apple-ios.swiftdoc /Users/harishvishwakarma/Library/Developer/Xcode/DerivedData/Revolt-dharrjsambcimaaziudpvzjdcigm/Build/Intermediates.noindex/swiftui-introspect.build/Debug-iphoneos/SwiftUIIntrospect.build/Objects-normal/arm64/SwiftUIIntrospect.swiftdoc (in target 'SwiftUIIntrospect' from project 'swiftui-introspect')
    cd /Users/harishvishwakarma/Library/Developer/Xcode/DerivedData/Revolt-dharrjsambcimaaziudpvzjdcigm/SourcePackages/checkouts/swiftui-introspect
    builtin-copy -exclude .DS_Store -exclude CVS -exclude .svn -exclude .git -exclude .hg -resolve-src-symlinks -rename /Users/harishvishwakarma/Library/Developer/Xcode/DerivedData/Revolt-dharrjsambcimaaziudpvzjdcigm/Build/Intermediates.noindex/swiftui-introspect.build/Debug-iphoneos/SwiftUIIntrospect.build/Objects-normal/arm64/SwiftUIIntrospect.swiftdoc /Users/harishvishwakarma/Library/Developer/Xcode/DerivedData/Revolt-dharrjsambcimaaziudpvzjdcigm/Build/Products/Debug-iphoneos/SwiftUIIntrospect.swiftmodule/arm64-apple-ios.swiftdoc

Copy /Users/harishvishwakarma/Library/Developer/Xcode/DerivedData/Revolt-dharrjsambcimaaziudpvzjdcigm/Build/Products/Debug-iphoneos/SwiftUIIntrospect.swiftmodule/arm64-apple-ios.abi.json /Users/harishvishwakarma/Library/Developer/Xcode/DerivedData/Revolt-dharrjsambcimaaziudpvzjdcigm/Build/Intermediates.noindex/swiftui-introspect.build/Debug-iphoneos/SwiftUIIntrospect.build/Objects-normal/arm64/SwiftUIIntrospect.abi.json (in target 'SwiftUIIntrospect' from project 'swiftui-introspect')
    cd /Users/harishvishwakarma/Library/Developer/Xcode/DerivedData/Revolt-dharrjsambcimaaziudpvzjdcigm/SourcePackages/checkouts/swiftui-introspect
    builtin-copy -exclude .DS_Store -exclude CVS -exclude .svn -exclude .git -exclude .hg -resolve-src-symlinks -rename /Users/harishvishwakarma/Library/Developer/Xcode/DerivedData/Revolt-dharrjsambcimaaziudpvzjdcigm/Build/Intermediates.noindex/swiftui-introspect.build/Debug-iphoneos/SwiftUIIntrospect.build/Objects-normal/arm64/SwiftUIIntrospect.abi.json /Users/harishvishwakarma/Library/Developer/Xcode/DerivedData/Revolt-dharrjsambcimaaziudpvzjdcigm/Build/Products/Debug-iphoneos/SwiftUIIntrospect.swiftmodule/arm64-apple-ios.abi.json

Copy /Users/harishvishwakarma/Library/Developer/Xcode/DerivedData/Revolt-dharrjsambcimaaziudpvzjdcigm/Build/Products/Debug-iphoneos/SwiftUIIntrospect.swiftmodule/Project/arm64-apple-ios.swiftsourceinfo /Users/harishvishwakarma/Library/Developer/Xcode/DerivedData/Revolt-dharrjsambcimaaziudpvzjdcigm/Build/Intermediates.noindex/swiftui-introspect.build/Debug-iphoneos/SwiftUIIntrospect.build/Objects-normal/arm64/SwiftUIIntrospect.swiftsourceinfo (in target 'SwiftUIIntrospect' from project 'swiftui-introspect')
    cd /Users/harishvishwakarma/Library/Developer/Xcode/DerivedData/Revolt-dharrjsambcimaaziudpvzjdcigm/SourcePackages/checkouts/swiftui-introspect
    builtin-copy -exclude .DS_Store -exclude CVS -exclude .svn -exclude .git -exclude .hg -resolve-src-symlinks -rename /Users/harishvishwakarma/Library/Developer/Xcode/DerivedData/Revolt-dharrjsambcimaaziudpvzjdcigm/Build/Intermediates.noindex/swiftui-introspect.build/Debug-iphoneos/SwiftUIIntrospect.build/Objects-normal/arm64/SwiftUIIntrospect.swiftsourceinfo /Users/harishvishwakarma/Library/Developer/Xcode/DerivedData/Revolt-dharrjsambcimaaziudpvzjdcigm/Build/Products/Debug-iphoneos/SwiftUIIntrospect.swiftmodule/Project/arm64-apple-ios.swiftsourceinfo

Copy /Users/harishvishwakarma/Library/Developer/Xcode/DerivedData/Revolt-dharrjsambcimaaziudpvzjdcigm/Build/Products/Debug-iphoneos/RuntimeAssociation.swiftmodule/arm64-apple-ios.abi.json /Users/harishvishwakarma/Library/Developer/Xcode/DerivedData/Revolt-dharrjsambcimaaziudpvzjdcigm/Build/Intermediates.noindex/swiftui-navigation-transitions.build/Debug-iphoneos/RuntimeAssociation.build/Objects-normal/arm64/RuntimeAssociation.abi.json (in target 'RuntimeAssociation' from project 'swiftui-navigation-transitions')
    cd /Users/harishvishwakarma/Library/Developer/Xcode/DerivedData/Revolt-dharrjsambcimaaziudpvzjdcigm/SourcePackages/checkouts/swiftui-navigation-transitions
    builtin-copy -exclude .DS_Store -exclude CVS -exclude .svn -exclude .git -exclude .hg -resolve-src-symlinks -rename /Users/harishvishwakarma/Library/Developer/Xcode/DerivedData/Revolt-dharrjsambcimaaziudpvzjdcigm/Build/Intermediates.noindex/swiftui-navigation-transitions.build/Debug-iphoneos/RuntimeAssociation.build/Objects-normal/arm64/RuntimeAssociation.abi.json /Users/harishvishwakarma/Library/Developer/Xcode/DerivedData/Revolt-dharrjsambcimaaziudpvzjdcigm/Build/Products/Debug-iphoneos/RuntimeAssociation.swiftmodule/arm64-apple-ios.abi.json

Copy /Users/harishvishwakarma/Library/Developer/Xcode/DerivedData/Revolt-dharrjsambcimaaziudpvzjdcigm/Build/Products/Debug-iphoneos/RuntimeAssociation.swiftmodule/Project/arm64-apple-ios.swiftsourceinfo /Users/harishvishwakarma/Library/Developer/Xcode/DerivedData/Revolt-dharrjsambcimaaziudpvzjdcigm/Build/Intermediates.noindex/swiftui-navigation-transitions.build/Debug-iphoneos/RuntimeAssociation.build/Objects-normal/arm64/RuntimeAssociation.swiftsourceinfo (in target 'RuntimeAssociation' from project 'swiftui-navigation-transitions')
    cd /Users/harishvishwakarma/Library/Developer/Xcode/DerivedData/Revolt-dharrjsambcimaaziudpvzjdcigm/SourcePackages/checkouts/swiftui-navigation-transitions
    builtin-copy -exclude .DS_Store -exclude CVS -exclude .svn -exclude .git -exclude .hg -resolve-src-symlinks -rename /Users/harishvishwakarma/Library/Developer/Xcode/DerivedData/Revolt-dharrjsambcimaaziudpvzjdcigm/Build/Intermediates.noindex/swiftui-navigation-transitions.build/Debug-iphoneos/RuntimeAssociation.build/Objects-normal/arm64/RuntimeAssociation.swiftsourceinfo /Users/harishvishwakarma/Library/Developer/Xcode/DerivedData/Revolt-dharrjsambcimaaziudpvzjdcigm/Build/Products/Debug-iphoneos/RuntimeAssociation.swiftmodule/Project/arm64-apple-ios.swiftsourceinfo

SwiftDriver AnyCodable normal arm64 com.apple.xcode.tools.swift.compiler (in target 'AnyCodable' from project 'AnyCodable')
    cd /Users/harishvishwakarma/Handy/Archem/pepchat-ios/Revolt.xcodeproj
    builtin-SwiftDriver -- /Applications/Xcode.app/Contents/Developer/Toolchains/XcodeDefault.xctoolchain/usr/bin/swiftc -module-name AnyCodable -Onone -enforce-exclusivity\=checked @/Users/harishvishwakarma/Library/Developer/Xcode/DerivedData/Revolt-dharrjsambcimaaziudpvzjdcigm/Build/Intermediates.noindex/AnyCodable.build/Debug-iphoneos/AnyCodable.build/Objects-normal/arm64/AnyCodable.SwiftFileList -DSWIFT_PACKAGE -DDEBUG -DXcode -plugin-path /Applications/Xcode.app/Contents/Developer/Toolchains/XcodeDefault.xctoolchain/usr/lib/swift/host/plugins/testing -enable-experimental-feature DebugDescriptionMacro -sdk /Applications/Xcode.app/Contents/Developer/Platforms/iPhoneOS.platform/Developer/SDKs/iPhoneOS18.5.sdk -target arm64-apple-ios12.0 -g -module-cache-path /Users/harishvishwakarma/Library/Developer/Xcode/DerivedData/ModuleCache.noindex -Xfrontend -serialize-debugging-options -enable-testing -suppress-warnings -index-store-path /Users/harishvishwakarma/Library/Developer/Xcode/DerivedData/Revolt-dharrjsambcimaaziudpvzjdcigm/Index.noindex/DataStore -swift-version 5 -I /Users/harishvishwakarma/Library/Developer/Xcode/DerivedData/Revolt-dharrjsambcimaaziudpvzjdcigm/Build/Products/Debug-iphoneos -I /Applications/Xcode.app/Contents/Developer/Platforms/iPhoneOS.platform/Developer/usr/lib -F /Users/harishvishwakarma/Library/Developer/Xcode/DerivedData/Revolt-dharrjsambcimaaziudpvzjdcigm/Build/Products/Debug-iphoneos -F /Applications/Xcode.app/Contents/Developer/Platforms/iPhoneOS.platform/Developer/Library/Frameworks -F /Applications/Xcode.app/Contents/Developer/Platforms/iPhoneOS.platform/Developer/SDKs/iPhoneOS18.5.sdk/Developer/Library/Frameworks -c -j12 -enable-batch-mode -incremental -Xcc -ivfsstatcache -Xcc /Users/harishvishwakarma/Library/Developer/Xcode/DerivedData/SDKStatCaches.noindex/iphoneos18.5-22F76-7fa4eea80a99bbfdc046826b63ec4baf.sdkstatcache -output-file-map /Users/harishvishwakarma/Library/Developer/Xcode/DerivedData/Revolt-dharrjsambcimaaziudpvzjdcigm/Build/Intermediates.noindex/AnyCodable.build/Debug-iphoneos/AnyCodable.build/Objects-normal/arm64/AnyCodable-OutputFileMap.json -use-frontend-parseable-output -save-temps -no-color-diagnostics -serialize-diagnostics -emit-dependencies -emit-module -emit-module-path /Users/harishvishwakarma/Library/Developer/Xcode/DerivedData/Revolt-dharrjsambcimaaziudpvzjdcigm/Build/Intermediates.noindex/AnyCodable.build/Debug-iphoneos/AnyCodable.build/Objects-normal/arm64/AnyCodable.swiftmodule -validate-clang-modules-once -clang-build-session-file /Users/harishvishwakarma/Library/Developer/Xcode/DerivedData/ModuleCache.noindex/Session.modulevalidation -Xcc -I/Users/harishvishwakarma/Library/Developer/Xcode/DerivedData/Revolt-dharrjsambcimaaziudpvzjdcigm/Build/Intermediates.noindex/AnyCodable.build/Debug-iphoneos/AnyCodable.build/swift-overrides.hmap -emit-const-values -Xfrontend -const-gather-protocols-file -Xfrontend /Users/harishvishwakarma/Library/Developer/Xcode/DerivedData/Revolt-dharrjsambcimaaziudpvzjdcigm/Build/Intermediates.noindex/AnyCodable.build/Debug-iphoneos/AnyCodable.build/Objects-normal/arm64/AnyCodable_const_extract_protocols.json -Xcc -I/Users/harishvishwakarma/Library/Developer/Xcode/DerivedData/Revolt-dharrjsambcimaaziudpvzjdcigm/Build/Products/Debug-iphoneos/include -Xcc -I/Users/harishvishwakarma/Library/Developer/Xcode/DerivedData/Revolt-dharrjsambcimaaziudpvzjdcigm/Build/Intermediates.noindex/AnyCodable.build/Debug-iphoneos/AnyCodable.build/DerivedSources-normal/arm64 -Xcc -I/Users/harishvishwakarma/Library/Developer/Xcode/DerivedData/Revolt-dharrjsambcimaaziudpvzjdcigm/Build/Intermediates.noindex/AnyCodable.build/Debug-iphoneos/AnyCodable.build/DerivedSources/arm64 -Xcc -I/Users/harishvishwakarma/Library/Developer/Xcode/DerivedData/Revolt-dharrjsambcimaaziudpvzjdcigm/Build/Intermediates.noindex/AnyCodable.build/Debug-iphoneos/AnyCodable.build/DerivedSources -Xcc -DSWIFT_PACKAGE -Xcc -DDEBUG\=1 -emit-objc-header -emit-objc-header-path /Users/harishvishwakarma/Library/Developer/Xcode/DerivedData/Revolt-dharrjsambcimaaziudpvzjdcigm/Build/Intermediates.noindex/AnyCodable.build/Debug-iphoneos/AnyCodable.build/Objects-normal/arm64/AnyCodable-Swift.h -working-directory /Users/harishvishwakarma/Handy/Archem/pepchat-ios/Revolt.xcodeproj -experimental-emit-module-separately -disable-cmo

SwiftDriver Animator normal arm64 com.apple.xcode.tools.swift.compiler (in target 'Animator' from project 'swiftui-navigation-transitions')
    cd /Users/harishvishwakarma/Handy/Archem/pepchat-ios/Revolt.xcodeproj
    builtin-SwiftDriver -- /Applications/Xcode.app/Contents/Developer/Toolchains/XcodeDefault.xctoolchain/usr/bin/swiftc -module-name Animator -Onone -enforce-exclusivity\=checked @/Users/harishvishwakarma/Library/Developer/Xcode/DerivedData/Revolt-dharrjsambcimaaziudpvzjdcigm/Build/Intermediates.noindex/swiftui-navigation-transitions.build/Debug-iphoneos/Animator.build/Objects-normal/arm64/Animator.SwiftFileList -DSWIFT_PACKAGE -DDEBUG -DXcode -plugin-path /Applications/Xcode.app/Contents/Developer/Toolchains/XcodeDefault.xctoolchain/usr/lib/swift/host/plugins/testing -enable-experimental-feature DebugDescriptionMacro -sdk /Applications/Xcode.app/Contents/Developer/Platforms/iPhoneOS.platform/Developer/SDKs/iPhoneOS18.5.sdk -target arm64-apple-ios13.0 -g -module-cache-path /Users/harishvishwakarma/Library/Developer/Xcode/DerivedData/ModuleCache.noindex -Xfrontend -serialize-debugging-options -enable-testing -suppress-warnings -index-store-path /Users/harishvishwakarma/Library/Developer/Xcode/DerivedData/Revolt-dharrjsambcimaaziudpvzjdcigm/Index.noindex/DataStore -swift-version 5 -I /Users/harishvishwakarma/Library/Developer/Xcode/DerivedData/Revolt-dharrjsambcimaaziudpvzjdcigm/Build/Products/Debug-iphoneos -I /Applications/Xcode.app/Contents/Developer/Platforms/iPhoneOS.platform/Developer/usr/lib -F /Users/harishvishwakarma/Library/Developer/Xcode/DerivedData/Revolt-dharrjsambcimaaziudpvzjdcigm/Build/Products/Debug-iphoneos -F /Applications/Xcode.app/Contents/Developer/Platforms/iPhoneOS.platform/Developer/Library/Frameworks -F /Applications/Xcode.app/Contents/Developer/Platforms/iPhoneOS.platform/Developer/SDKs/iPhoneOS18.5.sdk/Developer/Library/Frameworks -c -j12 -enable-batch-mode -incremental -Xcc -ivfsstatcache -Xcc /Users/harishvishwakarma/Library/Developer/Xcode/DerivedData/SDKStatCaches.noindex/iphoneos18.5-22F76-7fa4eea80a99bbfdc046826b63ec4baf.sdkstatcache -output-file-map /Users/harishvishwakarma/Library/Developer/Xcode/DerivedData/Revolt-dharrjsambcimaaziudpvzjdcigm/Build/Intermediates.noindex/swiftui-navigation-transitions.build/Debug-iphoneos/Animator.build/Objects-normal/arm64/Animator-OutputFileMap.json -use-frontend-parseable-output -save-temps -no-color-diagnostics -serialize-diagnostics -emit-dependencies -emit-module -emit-module-path /Users/harishvishwakarma/Library/Developer/Xcode/DerivedData/Revolt-dharrjsambcimaaziudpvzjdcigm/Build/Intermediates.noindex/swiftui-navigation-transitions.build/Debug-iphoneos/Animator.build/Objects-normal/arm64/Animator.swiftmodule -validate-clang-modules-once -clang-build-session-file /Users/harishvishwakarma/Library/Developer/Xcode/DerivedData/ModuleCache.noindex/Session.modulevalidation -package-name swiftui_navigation_transitions -Xcc -I/Users/harishvishwakarma/Library/Developer/Xcode/DerivedData/Revolt-dharrjsambcimaaziudpvzjdcigm/Build/Intermediates.noindex/swiftui-navigation-transitions.build/Debug-iphoneos/Animator.build/swift-overrides.hmap -emit-const-values -Xfrontend -const-gather-protocols-file -Xfrontend /Users/harishvishwakarma/Library/Developer/Xcode/DerivedData/Revolt-dharrjsambcimaaziudpvzjdcigm/Build/Intermediates.noindex/swiftui-navigation-transitions.build/Debug-iphoneos/Animator.build/Objects-normal/arm64/Animator_const_extract_protocols.json -Xcc -I/Users/harishvishwakarma/Library/Developer/Xcode/DerivedData/Revolt-dharrjsambcimaaziudpvzjdcigm/Build/Products/Debug-iphoneos/include -Xcc -I/Users/harishvishwakarma/Library/Developer/Xcode/DerivedData/Revolt-dharrjsambcimaaziudpvzjdcigm/Build/Intermediates.noindex/swiftui-navigation-transitions.build/Debug-iphoneos/Animator.build/DerivedSources-normal/arm64 -Xcc -I/Users/harishvishwakarma/Library/Developer/Xcode/DerivedData/Revolt-dharrjsambcimaaziudpvzjdcigm/Build/Intermediates.noindex/swiftui-navigation-transitions.build/Debug-iphoneos/Animator.build/DerivedSources/arm64 -Xcc -I/Users/harishvishwakarma/Library/Developer/Xcode/DerivedData/Revolt-dharrjsambcimaaziudpvzjdcigm/Build/Intermediates.noindex/swiftui-navigation-transitions.build/Debug-iphoneos/Animator.build/DerivedSources -Xcc -DSWIFT_PACKAGE -Xcc -DDEBUG\=1 -emit-objc-header -emit-objc-header-path /Users/harishvishwakarma/Library/Developer/Xcode/DerivedData/Revolt-dharrjsambcimaaziudpvzjdcigm/Build/Intermediates.noindex/swiftui-navigation-transitions.build/Debug-iphoneos/Animator.build/Objects-normal/arm64/Animator-Swift.h -working-directory /Users/harishvishwakarma/Handy/Archem/pepchat-ios/Revolt.xcodeproj -experimental-emit-module-separately -disable-cmo

SwiftEmitModule normal arm64 Emitting\ module\ for\ AnyCodable (in target 'AnyCodable' from project 'AnyCodable')

EmitSwiftModule normal arm64 (in target 'AnyCodable' from project 'AnyCodable')
    cd /Users/harishvishwakarma/Handy/Archem/pepchat-ios/Revolt.xcodeproj
    

SwiftEmitModule normal arm64 Emitting\ module\ for\ Animator (in target 'Animator' from project 'swiftui-navigation-transitions')

EmitSwiftModule normal arm64 (in target 'Animator' from project 'swiftui-navigation-transitions')
    cd /Users/harishvishwakarma/Handy/Archem/pepchat-ios/Revolt.xcodeproj
    

SwiftDriverJobDiscovery normal arm64 Emitting module for MarkdownKit (in target 'MarkdownKit' from project 'MarkdownKit')

SwiftDriver\ Compilation\ Requirements MarkdownKit normal arm64 com.apple.xcode.tools.swift.compiler (in target 'MarkdownKit' from project 'MarkdownKit')
    cd /Users/harishvishwakarma/Handy/Archem/pepchat-ios/Revolt.xcodeproj
    builtin-Swift-Compilation-Requirements -- /Applications/Xcode.app/Contents/Developer/Toolchains/XcodeDefault.xctoolchain/usr/bin/swiftc -module-name MarkdownKit -Onone -enforce-exclusivity\=checked @/Users/harishvishwakarma/Library/Developer/Xcode/DerivedData/Revolt-dharrjsambcimaaziudpvzjdcigm/Build/Intermediates.noindex/MarkdownKit.build/Debug-iphoneos/MarkdownKit.build/Objects-normal/arm64/MarkdownKit.SwiftFileList -DSWIFT_PACKAGE -DDEBUG -DXcode -plugin-path /Applications/Xcode.app/Contents/Developer/Toolchains/XcodeDefault.xctoolchain/usr/lib/swift/host/plugins/testing -enable-experimental-feature DebugDescriptionMacro -sdk /Applications/Xcode.app/Contents/Developer/Platforms/iPhoneOS.platform/Developer/SDKs/iPhoneOS18.5.sdk -target arm64-apple-ios12.0 -g -module-cache-path /Users/harishvishwakarma/Library/Developer/Xcode/DerivedData/ModuleCache.noindex -Xfrontend -serialize-debugging-options -enable-testing -suppress-warnings -index-store-path /Users/harishvishwakarma/Library/Developer/Xcode/DerivedData/Revolt-dharrjsambcimaaziudpvzjdcigm/Index.noindex/DataStore -swift-version 5 -I /Users/harishvishwakarma/Library/Developer/Xcode/DerivedData/Revolt-dharrjsambcimaaziudpvzjdcigm/Build/Products/Debug-iphoneos -I /Applications/Xcode.app/Contents/Developer/Platforms/iPhoneOS.platform/Developer/usr/lib -F /Users/harishvishwakarma/Library/Developer/Xcode/DerivedData/Revolt-dharrjsambcimaaziudpvzjdcigm/Build/Products/Debug-iphoneos -F /Applications/Xcode.app/Contents/Developer/Platforms/iPhoneOS.platform/Developer/Library/Frameworks -F /Applications/Xcode.app/Contents/Developer/Platforms/iPhoneOS.platform/Developer/SDKs/iPhoneOS18.5.sdk/Developer/Library/Frameworks -c -j12 -enable-batch-mode -incremental -Xcc -ivfsstatcache -Xcc /Users/harishvishwakarma/Library/Developer/Xcode/DerivedData/SDKStatCaches.noindex/iphoneos18.5-22F76-7fa4eea80a99bbfdc046826b63ec4baf.sdkstatcache -output-file-map /Users/harishvishwakarma/Library/Developer/Xcode/DerivedData/Revolt-dharrjsambcimaaziudpvzjdcigm/Build/Intermediates.noindex/MarkdownKit.build/Debug-iphoneos/MarkdownKit.build/Objects-normal/arm64/MarkdownKit-OutputFileMap.json -use-frontend-parseable-output -save-temps -no-color-diagnostics -serialize-diagnostics -emit-dependencies -emit-module -emit-module-path /Users/harishvishwakarma/Library/Developer/Xcode/DerivedData/Revolt-dharrjsambcimaaziudpvzjdcigm/Build/Intermediates.noindex/MarkdownKit.build/Debug-iphoneos/MarkdownKit.build/Objects-normal/arm64/MarkdownKit.swiftmodule -validate-clang-modules-once -clang-build-session-file /Users/harishvishwakarma/Library/Developer/Xcode/DerivedData/ModuleCache.noindex/Session.modulevalidation -Xcc -I/Users/harishvishwakarma/Library/Developer/Xcode/DerivedData/Revolt-dharrjsambcimaaziudpvzjdcigm/Build/Intermediates.noindex/MarkdownKit.build/Debug-iphoneos/MarkdownKit.build/swift-overrides.hmap -emit-const-values -Xfrontend -const-gather-protocols-file -Xfrontend /Users/harishvishwakarma/Library/Developer/Xcode/DerivedData/Revolt-dharrjsambcimaaziudpvzjdcigm/Build/Intermediates.noindex/MarkdownKit.build/Debug-iphoneos/MarkdownKit.build/Objects-normal/arm64/MarkdownKit_const_extract_protocols.json -Xcc -I/Users/harishvishwakarma/Library/Developer/Xcode/DerivedData/Revolt-dharrjsambcimaaziudpvzjdcigm/Build/Products/Debug-iphoneos/include -Xcc -I/Users/harishvishwakarma/Library/Developer/Xcode/DerivedData/Revolt-dharrjsambcimaaziudpvzjdcigm/Build/Intermediates.noindex/MarkdownKit.build/Debug-iphoneos/MarkdownKit.build/DerivedSources-normal/arm64 -Xcc -I/Users/harishvishwakarma/Library/Developer/Xcode/DerivedData/Revolt-dharrjsambcimaaziudpvzjdcigm/Build/Intermediates.noindex/MarkdownKit.build/Debug-iphoneos/MarkdownKit.build/DerivedSources/arm64 -Xcc -I/Users/harishvishwakarma/Library/Developer/Xcode/DerivedData/Revolt-dharrjsambcimaaziudpvzjdcigm/Build/Intermediates.noindex/MarkdownKit.build/Debug-iphoneos/MarkdownKit.build/DerivedSources -Xcc -DSWIFT_PACKAGE -Xcc -DDEBUG\=1 -emit-objc-header -emit-objc-header-path /Users/harishvishwakarma/Library/Developer/Xcode/DerivedData/Revolt-dharrjsambcimaaziudpvzjdcigm/Build/Intermediates.noindex/MarkdownKit.build/Debug-iphoneos/MarkdownKit.build/Objects-normal/arm64/MarkdownKit-Swift.h -working-directory /Users/harishvishwakarma/Handy/Archem/pepchat-ios/Revolt.xcodeproj -experimental-emit-module-separately -disable-cmo

SwiftDriverJobDiscovery normal arm64 Emitting module for KeychainAccess (in target 'KeychainAccess' from project 'KeychainAccess')

SwiftDriver Animation normal arm64 com.apple.xcode.tools.swift.compiler (in target 'Animation' from project 'swiftui-navigation-transitions')
    cd /Users/harishvishwakarma/Handy/Archem/pepchat-ios/Revolt.xcodeproj
    builtin-SwiftDriver -- /Applications/Xcode.app/Contents/Developer/Toolchains/XcodeDefault.xctoolchain/usr/bin/swiftc -module-name Animation -Onone -enforce-exclusivity\=checked @/Users/harishvishwakarma/Library/Developer/Xcode/DerivedData/Revolt-dharrjsambcimaaziudpvzjdcigm/Build/Intermediates.noindex/swiftui-navigation-transitions.build/Debug-iphoneos/Animation.build/Objects-normal/arm64/Animation.SwiftFileList -DSWIFT_PACKAGE -DDEBUG -DXcode -plugin-path /Applications/Xcode.app/Contents/Developer/Toolchains/XcodeDefault.xctoolchain/usr/lib/swift/host/plugins/testing -enable-experimental-feature DebugDescriptionMacro -sdk /Applications/Xcode.app/Contents/Developer/Platforms/iPhoneOS.platform/Developer/SDKs/iPhoneOS18.5.sdk -target arm64-apple-ios13.0 -g -module-cache-path /Users/harishvishwakarma/Library/Developer/Xcode/DerivedData/ModuleCache.noindex -Xfrontend -serialize-debugging-options -enable-testing -suppress-warnings -index-store-path /Users/harishvishwakarma/Library/Developer/Xcode/DerivedData/Revolt-dharrjsambcimaaziudpvzjdcigm/Index.noindex/DataStore -swift-version 5 -I /Users/harishvishwakarma/Library/Developer/Xcode/DerivedData/Revolt-dharrjsambcimaaziudpvzjdcigm/Build/Products/Debug-iphoneos -I /Applications/Xcode.app/Contents/Developer/Platforms/iPhoneOS.platform/Developer/usr/lib -F /Users/harishvishwakarma/Library/Developer/Xcode/DerivedData/Revolt-dharrjsambcimaaziudpvzjdcigm/Build/Products/Debug-iphoneos -F /Applications/Xcode.app/Contents/Developer/Platforms/iPhoneOS.platform/Developer/Library/Frameworks -F /Applications/Xcode.app/Contents/Developer/Platforms/iPhoneOS.platform/Developer/SDKs/iPhoneOS18.5.sdk/Developer/Library/Frameworks -c -j12 -enable-batch-mode -incremental -Xcc -ivfsstatcache -Xcc /Users/harishvishwakarma/Library/Developer/Xcode/DerivedData/SDKStatCaches.noindex/iphoneos18.5-22F76-7fa4eea80a99bbfdc046826b63ec4baf.sdkstatcache -output-file-map /Users/harishvishwakarma/Library/Developer/Xcode/DerivedData/Revolt-dharrjsambcimaaziudpvzjdcigm/Build/Intermediates.noindex/swiftui-navigation-transitions.build/Debug-iphoneos/Animation.build/Objects-normal/arm64/Animation-OutputFileMap.json -use-frontend-parseable-output -save-temps -no-color-diagnostics -serialize-diagnostics -emit-dependencies -emit-module -emit-module-path /Users/harishvishwakarma/Library/Developer/Xcode/DerivedData/Revolt-dharrjsambcimaaziudpvzjdcigm/Build/Intermediates.noindex/swiftui-navigation-transitions.build/Debug-iphoneos/Animation.build/Objects-normal/arm64/Animation.swiftmodule -validate-clang-modules-once -clang-build-session-file /Users/harishvishwakarma/Library/Developer/Xcode/DerivedData/ModuleCache.noindex/Session.modulevalidation -package-name swiftui_navigation_transitions -Xcc -I/Users/harishvishwakarma/Library/Developer/Xcode/DerivedData/Revolt-dharrjsambcimaaziudpvzjdcigm/Build/Intermediates.noindex/swiftui-navigation-transitions.build/Debug-iphoneos/Animation.build/swift-overrides.hmap -emit-const-values -Xfrontend -const-gather-protocols-file -Xfrontend /Users/harishvishwakarma/Library/Developer/Xcode/DerivedData/Revolt-dharrjsambcimaaziudpvzjdcigm/Build/Intermediates.noindex/swiftui-navigation-transitions.build/Debug-iphoneos/Animation.build/Objects-normal/arm64/Animation_const_extract_protocols.json -Xcc -I/Users/harishvishwakarma/Library/Developer/Xcode/DerivedData/Revolt-dharrjsambcimaaziudpvzjdcigm/Build/Products/Debug-iphoneos/include -Xcc -I/Users/harishvishwakarma/Library/Developer/Xcode/DerivedData/Revolt-dharrjsambcimaaziudpvzjdcigm/Build/Intermediates.noindex/swiftui-navigation-transitions.build/Debug-iphoneos/Animation.build/DerivedSources-normal/arm64 -Xcc -I/Users/harishvishwakarma/Library/Developer/Xcode/DerivedData/Revolt-dharrjsambcimaaziudpvzjdcigm/Build/Intermediates.noindex/swiftui-navigation-transitions.build/Debug-iphoneos/Animation.build/DerivedSources/arm64 -Xcc -I/Users/harishvishwakarma/Library/Developer/Xcode/DerivedData/Revolt-dharrjsambcimaaziudpvzjdcigm/Build/Intermediates.noindex/swiftui-navigation-transitions.build/Debug-iphoneos/Animation.build/DerivedSources -Xcc -DSWIFT_PACKAGE -Xcc -DDEBUG\=1 -emit-objc-header -emit-objc-header-path /Users/harishvishwakarma/Library/Developer/Xcode/DerivedData/Revolt-dharrjsambcimaaziudpvzjdcigm/Build/Intermediates.noindex/swiftui-navigation-transitions.build/Debug-iphoneos/Animation.build/Objects-normal/arm64/Animation-Swift.h -working-directory /Users/harishvishwakarma/Handy/Archem/pepchat-ios/Revolt.xcodeproj -experimental-emit-module-separately -disable-cmo

SwiftMergeGeneratedHeaders /Users/harishvishwakarma/Library/Developer/Xcode/DerivedData/Revolt-dharrjsambcimaaziudpvzjdcigm/Build/Intermediates.noindex/GeneratedModuleMaps-iphoneos/MarkdownKit-Swift.h /Users/harishvishwakarma/Library/Developer/Xcode/DerivedData/Revolt-dharrjsambcimaaziudpvzjdcigm/Build/Intermediates.noindex/MarkdownKit.build/Debug-iphoneos/MarkdownKit.build/Objects-normal/arm64/MarkdownKit-Swift.h (in target 'MarkdownKit' from project 'MarkdownKit')
    cd /Users/harishvishwakarma/Library/Developer/Xcode/DerivedData/Revolt-dharrjsambcimaaziudpvzjdcigm/SourcePackages/checkouts/MarkdownKit
    builtin-swiftHeaderTool -arch arm64 /Users/harishvishwakarma/Library/Developer/Xcode/DerivedData/Revolt-dharrjsambcimaaziudpvzjdcigm/Build/Intermediates.noindex/MarkdownKit.build/Debug-iphoneos/MarkdownKit.build/Objects-normal/arm64/MarkdownKit-Swift.h -o /Users/harishvishwakarma/Library/Developer/Xcode/DerivedData/Revolt-dharrjsambcimaaziudpvzjdcigm/Build/Intermediates.noindex/GeneratedModuleMaps-iphoneos/MarkdownKit-Swift.h

Copy /Users/harishvishwakarma/Library/Developer/Xcode/DerivedData/Revolt-dharrjsambcimaaziudpvzjdcigm/Build/Products/Debug-iphoneos/MarkdownKit.swiftmodule/arm64-apple-ios.swiftmodule /Users/harishvishwakarma/Library/Developer/Xcode/DerivedData/Revolt-dharrjsambcimaaziudpvzjdcigm/Build/Intermediates.noindex/MarkdownKit.build/Debug-iphoneos/MarkdownKit.build/Objects-normal/arm64/MarkdownKit.swiftmodule (in target 'MarkdownKit' from project 'MarkdownKit')
    cd /Users/harishvishwakarma/Library/Developer/Xcode/DerivedData/Revolt-dharrjsambcimaaziudpvzjdcigm/SourcePackages/checkouts/MarkdownKit
    builtin-copy -exclude .DS_Store -exclude CVS -exclude .svn -exclude .git -exclude .hg -resolve-src-symlinks -rename /Users/harishvishwakarma/Library/Developer/Xcode/DerivedData/Revolt-dharrjsambcimaaziudpvzjdcigm/Build/Intermediates.noindex/MarkdownKit.build/Debug-iphoneos/MarkdownKit.build/Objects-normal/arm64/MarkdownKit.swiftmodule /Users/harishvishwakarma/Library/Developer/Xcode/DerivedData/Revolt-dharrjsambcimaaziudpvzjdcigm/Build/Products/Debug-iphoneos/MarkdownKit.swiftmodule/arm64-apple-ios.swiftmodule

Copy /Users/harishvishwakarma/Library/Developer/Xcode/DerivedData/Revolt-dharrjsambcimaaziudpvzjdcigm/Build/Products/Debug-iphoneos/MarkdownKit.swiftmodule/arm64-apple-ios.swiftdoc /Users/harishvishwakarma/Library/Developer/Xcode/DerivedData/Revolt-dharrjsambcimaaziudpvzjdcigm/Build/Intermediates.noindex/MarkdownKit.build/Debug-iphoneos/MarkdownKit.build/Objects-normal/arm64/MarkdownKit.swiftdoc (in target 'MarkdownKit' from project 'MarkdownKit')
    cd /Users/harishvishwakarma/Library/Developer/Xcode/DerivedData/Revolt-dharrjsambcimaaziudpvzjdcigm/SourcePackages/checkouts/MarkdownKit
    builtin-copy -exclude .DS_Store -exclude CVS -exclude .svn -exclude .git -exclude .hg -resolve-src-symlinks -rename /Users/harishvishwakarma/Library/Developer/Xcode/DerivedData/Revolt-dharrjsambcimaaziudpvzjdcigm/Build/Intermediates.noindex/MarkdownKit.build/Debug-iphoneos/MarkdownKit.build/Objects-normal/arm64/MarkdownKit.swiftdoc /Users/harishvishwakarma/Library/Developer/Xcode/DerivedData/Revolt-dharrjsambcimaaziudpvzjdcigm/Build/Products/Debug-iphoneos/MarkdownKit.swiftmodule/arm64-apple-ios.swiftdoc

Copy /Users/harishvishwakarma/Library/Developer/Xcode/DerivedData/Revolt-dharrjsambcimaaziudpvzjdcigm/Build/Products/Debug-iphoneos/MarkdownKit.swiftmodule/arm64-apple-ios.abi.json /Users/harishvishwakarma/Library/Developer/Xcode/DerivedData/Revolt-dharrjsambcimaaziudpvzjdcigm/Build/Intermediates.noindex/MarkdownKit.build/Debug-iphoneos/MarkdownKit.build/Objects-normal/arm64/MarkdownKit.abi.json (in target 'MarkdownKit' from project 'MarkdownKit')
    cd /Users/harishvishwakarma/Library/Developer/Xcode/DerivedData/Revolt-dharrjsambcimaaziudpvzjdcigm/SourcePackages/checkouts/MarkdownKit
    builtin-copy -exclude .DS_Store -exclude CVS -exclude .svn -exclude .git -exclude .hg -resolve-src-symlinks -rename /Users/harishvishwakarma/Library/Developer/Xcode/DerivedData/Revolt-dharrjsambcimaaziudpvzjdcigm/Build/Intermediates.noindex/MarkdownKit.build/Debug-iphoneos/MarkdownKit.build/Objects-normal/arm64/MarkdownKit.abi.json /Users/harishvishwakarma/Library/Developer/Xcode/DerivedData/Revolt-dharrjsambcimaaziudpvzjdcigm/Build/Products/Debug-iphoneos/MarkdownKit.swiftmodule/arm64-apple-ios.abi.json

Copy /Users/harishvishwakarma/Library/Developer/Xcode/DerivedData/Revolt-dharrjsambcimaaziudpvzjdcigm/Build/Products/Debug-iphoneos/MarkdownKit.swiftmodule/Project/arm64-apple-ios.swiftsourceinfo /Users/harishvishwakarma/Library/Developer/Xcode/DerivedData/Revolt-dharrjsambcimaaziudpvzjdcigm/Build/Intermediates.noindex/MarkdownKit.build/Debug-iphoneos/MarkdownKit.build/Objects-normal/arm64/MarkdownKit.swiftsourceinfo (in target 'MarkdownKit' from project 'MarkdownKit')
    cd /Users/harishvishwakarma/Library/Developer/Xcode/DerivedData/Revolt-dharrjsambcimaaziudpvzjdcigm/SourcePackages/checkouts/MarkdownKit
    builtin-copy -exclude .DS_Store -exclude CVS -exclude .svn -exclude .git -exclude .hg -resolve-src-symlinks -rename /Users/harishvishwakarma/Library/Developer/Xcode/DerivedData/Revolt-dharrjsambcimaaziudpvzjdcigm/Build/Intermediates.noindex/MarkdownKit.build/Debug-iphoneos/MarkdownKit.build/Objects-normal/arm64/MarkdownKit.swiftsourceinfo /Users/harishvishwakarma/Library/Developer/Xcode/DerivedData/Revolt-dharrjsambcimaaziudpvzjdcigm/Build/Products/Debug-iphoneos/MarkdownKit.swiftmodule/Project/arm64-apple-ios.swiftsourceinfo

SwiftDriver\ Compilation\ Requirements KeychainAccess normal arm64 com.apple.xcode.tools.swift.compiler (in target 'KeychainAccess' from project 'KeychainAccess')
    cd /Users/harishvishwakarma/Handy/Archem/pepchat-ios/Revolt.xcodeproj
    builtin-Swift-Compilation-Requirements -- /Applications/Xcode.app/Contents/Developer/Toolchains/XcodeDefault.xctoolchain/usr/bin/swiftc -module-name KeychainAccess -Onone -enforce-exclusivity\=checked @/Users/harishvishwakarma/Library/Developer/Xcode/DerivedData/Revolt-dharrjsambcimaaziudpvzjdcigm/Build/Intermediates.noindex/KeychainAccess.build/Debug-iphoneos/KeychainAccess.build/Objects-normal/arm64/KeychainAccess.SwiftFileList -DSWIFT_PACKAGE -DDEBUG -DXcode -plugin-path /Applications/Xcode.app/Contents/Developer/Toolchains/XcodeDefault.xctoolchain/usr/lib/swift/host/plugins/testing -enable-experimental-feature DebugDescriptionMacro -sdk /Applications/Xcode.app/Contents/Developer/Platforms/iPhoneOS.platform/Developer/SDKs/iPhoneOS18.5.sdk -target arm64-apple-ios12.0 -g -module-cache-path /Users/harishvishwakarma/Library/Developer/Xcode/DerivedData/ModuleCache.noindex -Xfrontend -serialize-debugging-options -enable-testing -suppress-warnings -index-store-path /Users/harishvishwakarma/Library/Developer/Xcode/DerivedData/Revolt-dharrjsambcimaaziudpvzjdcigm/Index.noindex/DataStore -swift-version 5 -I /Users/harishvishwakarma/Library/Developer/Xcode/DerivedData/Revolt-dharrjsambcimaaziudpvzjdcigm/Build/Products/Debug-iphoneos -I /Applications/Xcode.app/Contents/Developer/Platforms/iPhoneOS.platform/Developer/usr/lib -F /Users/harishvishwakarma/Library/Developer/Xcode/DerivedData/Revolt-dharrjsambcimaaziudpvzjdcigm/Build/Products/Debug-iphoneos -F /Applications/Xcode.app/Contents/Developer/Platforms/iPhoneOS.platform/Developer/Library/Frameworks -F /Applications/Xcode.app/Contents/Developer/Platforms/iPhoneOS.platform/Developer/SDKs/iPhoneOS18.5.sdk/Developer/Library/Frameworks -parse-as-library -c -j12 -enable-batch-mode -incremental -Xcc -ivfsstatcache -Xcc /Users/harishvishwakarma/Library/Developer/Xcode/DerivedData/SDKStatCaches.noindex/iphoneos18.5-22F76-7fa4eea80a99bbfdc046826b63ec4baf.sdkstatcache -output-file-map /Users/harishvishwakarma/Library/Developer/Xcode/DerivedData/Revolt-dharrjsambcimaaziudpvzjdcigm/Build/Intermediates.noindex/KeychainAccess.build/Debug-iphoneos/KeychainAccess.build/Objects-normal/arm64/KeychainAccess-OutputFileMap.json -use-frontend-parseable-output -save-temps -no-color-diagnostics -serialize-diagnostics -emit-dependencies -emit-module -emit-module-path /Users/harishvishwakarma/Library/Developer/Xcode/DerivedData/Revolt-dharrjsambcimaaziudpvzjdcigm/Build/Intermediates.noindex/KeychainAccess.build/Debug-iphoneos/KeychainAccess.build/Objects-normal/arm64/KeychainAccess.swiftmodule -validate-clang-modules-once -clang-build-session-file /Users/harishvishwakarma/Library/Developer/Xcode/DerivedData/ModuleCache.noindex/Session.modulevalidation -Xcc -I/Users/harishvishwakarma/Library/Developer/Xcode/DerivedData/Revolt-dharrjsambcimaaziudpvzjdcigm/Build/Intermediates.noindex/KeychainAccess.build/Debug-iphoneos/KeychainAccess.build/swift-overrides.hmap -emit-const-values -Xfrontend -const-gather-protocols-file -Xfrontend /Users/harishvishwakarma/Library/Developer/Xcode/DerivedData/Revolt-dharrjsambcimaaziudpvzjdcigm/Build/Intermediates.noindex/KeychainAccess.build/Debug-iphoneos/KeychainAccess.build/Objects-normal/arm64/KeychainAccess_const_extract_protocols.json -Xcc -I/Users/harishvishwakarma/Library/Developer/Xcode/DerivedData/Revolt-dharrjsambcimaaziudpvzjdcigm/Build/Products/Debug-iphoneos/include -Xcc -I/Users/harishvishwakarma/Library/Developer/Xcode/DerivedData/Revolt-dharrjsambcimaaziudpvzjdcigm/Build/Intermediates.noindex/KeychainAccess.build/Debug-iphoneos/KeychainAccess.build/DerivedSources-normal/arm64 -Xcc -I/Users/harishvishwakarma/Library/Developer/Xcode/DerivedData/Revolt-dharrjsambcimaaziudpvzjdcigm/Build/Intermediates.noindex/KeychainAccess.build/Debug-iphoneos/KeychainAccess.build/DerivedSources/arm64 -Xcc -I/Users/harishvishwakarma/Library/Developer/Xcode/DerivedData/Revolt-dharrjsambcimaaziudpvzjdcigm/Build/Intermediates.noindex/KeychainAccess.build/Debug-iphoneos/KeychainAccess.build/DerivedSources -Xcc -DSWIFT_PACKAGE -Xcc -DDEBUG\=1 -emit-objc-header -emit-objc-header-path /Users/harishvishwakarma/Library/Developer/Xcode/DerivedData/Revolt-dharrjsambcimaaziudpvzjdcigm/Build/Intermediates.noindex/KeychainAccess.build/Debug-iphoneos/KeychainAccess.build/Objects-normal/arm64/KeychainAccess-Swift.h -working-directory /Users/harishvishwakarma/Handy/Archem/pepchat-ios/Revolt.xcodeproj -experimental-emit-module-separately -disable-cmo

SwiftEmitModule normal arm64 Emitting\ module\ for\ Animation (in target 'Animation' from project 'swiftui-navigation-transitions')

EmitSwiftModule normal arm64 (in target 'Animation' from project 'swiftui-navigation-transitions')
    cd /Users/harishvishwakarma/Handy/Archem/pepchat-ios/Revolt.xcodeproj
    

SwiftMergeGeneratedHeaders /Users/harishvishwakarma/Library/Developer/Xcode/DerivedData/Revolt-dharrjsambcimaaziudpvzjdcigm/Build/Intermediates.noindex/GeneratedModuleMaps-iphoneos/KeychainAccess-Swift.h /Users/harishvishwakarma/Library/Developer/Xcode/DerivedData/Revolt-dharrjsambcimaaziudpvzjdcigm/Build/Intermediates.noindex/KeychainAccess.build/Debug-iphoneos/KeychainAccess.build/Objects-normal/arm64/KeychainAccess-Swift.h (in target 'KeychainAccess' from project 'KeychainAccess')
    cd /Users/harishvishwakarma/Library/Developer/Xcode/DerivedData/Revolt-dharrjsambcimaaziudpvzjdcigm/SourcePackages/checkouts/KeychainAccess
    builtin-swiftHeaderTool -arch arm64 /Users/harishvishwakarma/Library/Developer/Xcode/DerivedData/Revolt-dharrjsambcimaaziudpvzjdcigm/Build/Intermediates.noindex/KeychainAccess.build/Debug-iphoneos/KeychainAccess.build/Objects-normal/arm64/KeychainAccess-Swift.h -o /Users/harishvishwakarma/Library/Developer/Xcode/DerivedData/Revolt-dharrjsambcimaaziudpvzjdcigm/Build/Intermediates.noindex/GeneratedModuleMaps-iphoneos/KeychainAccess-Swift.h

Copy /Users/harishvishwakarma/Library/Developer/Xcode/DerivedData/Revolt-dharrjsambcimaaziudpvzjdcigm/Build/Products/Debug-iphoneos/KeychainAccess.swiftmodule/arm64-apple-ios.swiftmodule /Users/harishvishwakarma/Library/Developer/Xcode/DerivedData/Revolt-dharrjsambcimaaziudpvzjdcigm/Build/Intermediates.noindex/KeychainAccess.build/Debug-iphoneos/KeychainAccess.build/Objects-normal/arm64/KeychainAccess.swiftmodule (in target 'KeychainAccess' from project 'KeychainAccess')
    cd /Users/harishvishwakarma/Library/Developer/Xcode/DerivedData/Revolt-dharrjsambcimaaziudpvzjdcigm/SourcePackages/checkouts/KeychainAccess
    builtin-copy -exclude .DS_Store -exclude CVS -exclude .svn -exclude .git -exclude .hg -resolve-src-symlinks -rename /Users/harishvishwakarma/Library/Developer/Xcode/DerivedData/Revolt-dharrjsambcimaaziudpvzjdcigm/Build/Intermediates.noindex/KeychainAccess.build/Debug-iphoneos/KeychainAccess.build/Objects-normal/arm64/KeychainAccess.swiftmodule /Users/harishvishwakarma/Library/Developer/Xcode/DerivedData/Revolt-dharrjsambcimaaziudpvzjdcigm/Build/Products/Debug-iphoneos/KeychainAccess.swiftmodule/arm64-apple-ios.swiftmodule

SwiftDriverJobDiscovery normal arm64 Emitting module for Highlightr (in target 'Highlightr' from project 'Highlightr')

SwiftDriverJobDiscovery normal arm64 Emitting module for InternalCollectionsUtilities (in target 'InternalCollectionsUtilities' from project 'swift-collections')

Copy /Users/harishvishwakarma/Library/Developer/Xcode/DerivedData/Revolt-dharrjsambcimaaziudpvzjdcigm/Build/Products/Debug-iphoneos/KeychainAccess.swiftmodule/arm64-apple-ios.swiftdoc /Users/harishvishwakarma/Library/Developer/Xcode/DerivedData/Revolt-dharrjsambcimaaziudpvzjdcigm/Build/Intermediates.noindex/KeychainAccess.build/Debug-iphoneos/KeychainAccess.build/Objects-normal/arm64/KeychainAccess.swiftdoc (in target 'KeychainAccess' from project 'KeychainAccess')
    cd /Users/harishvishwakarma/Library/Developer/Xcode/DerivedData/Revolt-dharrjsambcimaaziudpvzjdcigm/SourcePackages/checkouts/KeychainAccess
    builtin-copy -exclude .DS_Store -exclude CVS -exclude .svn -exclude .git -exclude .hg -resolve-src-symlinks -rename /Users/harishvishwakarma/Library/Developer/Xcode/DerivedData/Revolt-dharrjsambcimaaziudpvzjdcigm/Build/Intermediates.noindex/KeychainAccess.build/Debug-iphoneos/KeychainAccess.build/Objects-normal/arm64/KeychainAccess.swiftdoc /Users/harishvishwakarma/Library/Developer/Xcode/DerivedData/Revolt-dharrjsambcimaaziudpvzjdcigm/Build/Products/Debug-iphoneos/KeychainAccess.swiftmodule/arm64-apple-ios.swiftdoc

Copy /Users/harishvishwakarma/Library/Developer/Xcode/DerivedData/Revolt-dharrjsambcimaaziudpvzjdcigm/Build/Products/Debug-iphoneos/KeychainAccess.swiftmodule/arm64-apple-ios.abi.json /Users/harishvishwakarma/Library/Developer/Xcode/DerivedData/Revolt-dharrjsambcimaaziudpvzjdcigm/Build/Intermediates.noindex/KeychainAccess.build/Debug-iphoneos/KeychainAccess.build/Objects-normal/arm64/KeychainAccess.abi.json (in target 'KeychainAccess' from project 'KeychainAccess')
    cd /Users/harishvishwakarma/Library/Developer/Xcode/DerivedData/Revolt-dharrjsambcimaaziudpvzjdcigm/SourcePackages/checkouts/KeychainAccess
    builtin-copy -exclude .DS_Store -exclude CVS -exclude .svn -exclude .git -exclude .hg -resolve-src-symlinks -rename /Users/harishvishwakarma/Library/Developer/Xcode/DerivedData/Revolt-dharrjsambcimaaziudpvzjdcigm/Build/Intermediates.noindex/KeychainAccess.build/Debug-iphoneos/KeychainAccess.build/Objects-normal/arm64/KeychainAccess.abi.json /Users/harishvishwakarma/Library/Developer/Xcode/DerivedData/Revolt-dharrjsambcimaaziudpvzjdcigm/Build/Products/Debug-iphoneos/KeychainAccess.swiftmodule/arm64-apple-ios.abi.json

Copy /Users/harishvishwakarma/Library/Developer/Xcode/DerivedData/Revolt-dharrjsambcimaaziudpvzjdcigm/Build/Products/Debug-iphoneos/KeychainAccess.swiftmodule/Project/arm64-apple-ios.swiftsourceinfo /Users/harishvishwakarma/Library/Developer/Xcode/DerivedData/Revolt-dharrjsambcimaaziudpvzjdcigm/Build/Intermediates.noindex/KeychainAccess.build/Debug-iphoneos/KeychainAccess.build/Objects-normal/arm64/KeychainAccess.swiftsourceinfo (in target 'KeychainAccess' from project 'KeychainAccess')
    cd /Users/harishvishwakarma/Library/Developer/Xcode/DerivedData/Revolt-dharrjsambcimaaziudpvzjdcigm/SourcePackages/checkouts/KeychainAccess
    builtin-copy -exclude .DS_Store -exclude CVS -exclude .svn -exclude .git -exclude .hg -resolve-src-symlinks -rename /Users/harishvishwakarma/Library/Developer/Xcode/DerivedData/Revolt-dharrjsambcimaaziudpvzjdcigm/Build/Intermediates.noindex/KeychainAccess.build/Debug-iphoneos/KeychainAccess.build/Objects-normal/arm64/KeychainAccess.swiftsourceinfo /Users/harishvishwakarma/Library/Developer/Xcode/DerivedData/Revolt-dharrjsambcimaaziudpvzjdcigm/Build/Products/Debug-iphoneos/KeychainAccess.swiftmodule/Project/arm64-apple-ios.swiftsourceinfo

SwiftDriver\ Compilation\ Requirements InternalCollectionsUtilities normal arm64 com.apple.xcode.tools.swift.compiler (in target 'InternalCollectionsUtilities' from project 'swift-collections')
    cd /Users/harishvishwakarma/Handy/Archem/pepchat-ios/Revolt.xcodeproj
    builtin-Swift-Compilation-Requirements -- /Applications/Xcode.app/Contents/Developer/Toolchains/XcodeDefault.xctoolchain/usr/bin/swiftc -module-name InternalCollectionsUtilities -Onone -enforce-exclusivity\=checked @/Users/harishvishwakarma/Library/Developer/Xcode/DerivedData/Revolt-dharrjsambcimaaziudpvzjdcigm/Build/Intermediates.noindex/swift-collections.build/Debug-iphoneos/InternalCollectionsUtilities.build/Objects-normal/arm64/InternalCollectionsUtilities.SwiftFileList -DSWIFT_PACKAGE -DDEBUG -DCOLLECTIONS_RANDOMIZED_TESTING -DXcode -plugin-path /Applications/Xcode.app/Contents/Developer/Toolchains/XcodeDefault.xctoolchain/usr/lib/swift/host/plugins/testing -enable-experimental-feature DebugDescriptionMacro -sdk /Applications/Xcode.app/Contents/Developer/Platforms/iPhoneOS.platform/Developer/SDKs/iPhoneOS18.5.sdk -target arm64-apple-ios12.0 -g -module-cache-path /Users/harishvishwakarma/Library/Developer/Xcode/DerivedData/ModuleCache.noindex -Xfrontend -serialize-debugging-options -enable-testing -suppress-warnings -index-store-path /Users/harishvishwakarma/Library/Developer/Xcode/DerivedData/Revolt-dharrjsambcimaaziudpvzjdcigm/Index.noindex/DataStore -swift-version 5 -I /Users/harishvishwakarma/Library/Developer/Xcode/DerivedData/Revolt-dharrjsambcimaaziudpvzjdcigm/Build/Products/Debug-iphoneos -I /Applications/Xcode.app/Contents/Developer/Platforms/iPhoneOS.platform/Developer/usr/lib -F /Users/harishvishwakarma/Library/Developer/Xcode/DerivedData/Revolt-dharrjsambcimaaziudpvzjdcigm/Build/Products/Debug-iphoneos -F /Applications/Xcode.app/Contents/Developer/Platforms/iPhoneOS.platform/Developer/Library/Frameworks -F /Applications/Xcode.app/Contents/Developer/Platforms/iPhoneOS.platform/Developer/SDKs/iPhoneOS18.5.sdk/Developer/Library/Frameworks -c -j12 -enable-batch-mode -incremental -Xcc -ivfsstatcache -Xcc /Users/harishvishwakarma/Library/Developer/Xcode/DerivedData/SDKStatCaches.noindex/iphoneos18.5-22F76-7fa4eea80a99bbfdc046826b63ec4baf.sdkstatcache -output-file-map /Users/harishvishwakarma/Library/Developer/Xcode/DerivedData/Revolt-dharrjsambcimaaziudpvzjdcigm/Build/Intermediates.noindex/swift-collections.build/Debug-iphoneos/InternalCollectionsUtilities.build/Objects-normal/arm64/InternalCollectionsUtilities-OutputFileMap.json -use-frontend-parseable-output -save-temps -no-color-diagnostics -serialize-diagnostics -emit-dependencies -emit-module -emit-module-path /Users/harishvishwakarma/Library/Developer/Xcode/DerivedData/Revolt-dharrjsambcimaaziudpvzjdcigm/Build/Intermediates.noindex/swift-collections.build/Debug-iphoneos/InternalCollectionsUtilities.build/Objects-normal/arm64/InternalCollectionsUtilities.swiftmodule -validate-clang-modules-once -clang-build-session-file /Users/harishvishwakarma/Library/Developer/Xcode/DerivedData/ModuleCache.noindex/Session.modulevalidation -Xcc -I/Users/harishvishwakarma/Library/Developer/Xcode/DerivedData/Revolt-dharrjsambcimaaziudpvzjdcigm/Build/Intermediates.noindex/swift-collections.build/Debug-iphoneos/InternalCollectionsUtilities.build/swift-overrides.hmap -emit-const-values -Xfrontend -const-gather-protocols-file -Xfrontend /Users/harishvishwakarma/Library/Developer/Xcode/DerivedData/Revolt-dharrjsambcimaaziudpvzjdcigm/Build/Intermediates.noindex/swift-collections.build/Debug-iphoneos/InternalCollectionsUtilities.build/Objects-normal/arm64/InternalCollectionsUtilities_const_extract_protocols.json -Xcc -I/Users/harishvishwakarma/Library/Developer/Xcode/DerivedData/Revolt-dharrjsambcimaaziudpvzjdcigm/Build/Products/Debug-iphoneos/include -Xcc -I/Users/harishvishwakarma/Library/Developer/Xcode/DerivedData/Revolt-dharrjsambcimaaziudpvzjdcigm/Build/Intermediates.noindex/swift-collections.build/Debug-iphoneos/InternalCollectionsUtilities.build/DerivedSources-normal/arm64 -Xcc -I/Users/harishvishwakarma/Library/Developer/Xcode/DerivedData/Revolt-dharrjsambcimaaziudpvzjdcigm/Build/Intermediates.noindex/swift-collections.build/Debug-iphoneos/InternalCollectionsUtilities.build/DerivedSources/arm64 -Xcc -I/Users/harishvishwakarma/Library/Developer/Xcode/DerivedData/Revolt-dharrjsambcimaaziudpvzjdcigm/Build/Intermediates.noindex/swift-collections.build/Debug-iphoneos/InternalCollectionsUtilities.build/DerivedSources -Xcc -DSWIFT_PACKAGE -Xcc -DDEBUG\=1 -emit-objc-header -emit-objc-header-path /Users/harishvishwakarma/Library/Developer/Xcode/DerivedData/Revolt-dharrjsambcimaaziudpvzjdcigm/Build/Intermediates.noindex/swift-collections.build/Debug-iphoneos/InternalCollectionsUtilities.build/Objects-normal/arm64/InternalCollectionsUtilities-Swift.h -working-directory /Users/harishvishwakarma/Handy/Archem/pepchat-ios/Revolt.xcodeproj -experimental-emit-module-separately -disable-cmo

SwiftDriver\ Compilation\ Requirements Highlightr normal arm64 com.apple.xcode.tools.swift.compiler (in target 'Highlightr' from project 'Highlightr')
    cd /Users/harishvishwakarma/Handy/Archem/pepchat-ios/Revolt.xcodeproj
    builtin-Swift-Compilation-Requirements -- /Applications/Xcode.app/Contents/Developer/Toolchains/XcodeDefault.xctoolchain/usr/bin/swiftc -module-name Highlightr -Onone -enforce-exclusivity\=checked @/Users/harishvishwakarma/Library/Developer/Xcode/DerivedData/Revolt-dharrjsambcimaaziudpvzjdcigm/Build/Intermediates.noindex/Highlightr.build/Debug-iphoneos/Highlightr.build/Objects-normal/arm64/Highlightr.SwiftFileList -DSWIFT_PACKAGE -DDEBUG -DXcode -plugin-path /Applications/Xcode.app/Contents/Developer/Toolchains/XcodeDefault.xctoolchain/usr/lib/swift/host/plugins/testing -enable-experimental-feature DebugDescriptionMacro -sdk /Applications/Xcode.app/Contents/Developer/Platforms/iPhoneOS.platform/Developer/SDKs/iPhoneOS18.5.sdk -target arm64-apple-ios13.0 -g -module-cache-path /Users/harishvishwakarma/Library/Developer/Xcode/DerivedData/ModuleCache.noindex -Xfrontend -serialize-debugging-options -enable-testing -suppress-warnings -index-store-path /Users/harishvishwakarma/Library/Developer/Xcode/DerivedData/Revolt-dharrjsambcimaaziudpvzjdcigm/Index.noindex/DataStore -swift-version 5 -I /Users/harishvishwakarma/Library/Developer/Xcode/DerivedData/Revolt-dharrjsambcimaaziudpvzjdcigm/Build/Products/Debug-iphoneos -I /Applications/Xcode.app/Contents/Developer/Platforms/iPhoneOS.platform/Developer/usr/lib -F /Users/harishvishwakarma/Library/Developer/Xcode/DerivedData/Revolt-dharrjsambcimaaziudpvzjdcigm/Build/Products/Debug-iphoneos -F /Applications/Xcode.app/Contents/Developer/Platforms/iPhoneOS.platform/Developer/Library/Frameworks -F /Applications/Xcode.app/Contents/Developer/Platforms/iPhoneOS.platform/Developer/SDKs/iPhoneOS18.5.sdk/Developer/Library/Frameworks -c -j12 -enable-batch-mode -incremental -Xcc -ivfsstatcache -Xcc /Users/harishvishwakarma/Library/Developer/Xcode/DerivedData/SDKStatCaches.noindex/iphoneos18.5-22F76-7fa4eea80a99bbfdc046826b63ec4baf.sdkstatcache -output-file-map /Users/harishvishwakarma/Library/Developer/Xcode/DerivedData/Revolt-dharrjsambcimaaziudpvzjdcigm/Build/Intermediates.noindex/Highlightr.build/Debug-iphoneos/Highlightr.build/Objects-normal/arm64/Highlightr-OutputFileMap.json -use-frontend-parseable-output -save-temps -no-color-diagnostics -serialize-diagnostics -emit-dependencies -emit-module -emit-module-path /Users/harishvishwakarma/Library/Developer/Xcode/DerivedData/Revolt-dharrjsambcimaaziudpvzjdcigm/Build/Intermediates.noindex/Highlightr.build/Debug-iphoneos/Highlightr.build/Objects-normal/arm64/Highlightr.swiftmodule -validate-clang-modules-once -clang-build-session-file /Users/harishvishwakarma/Library/Developer/Xcode/DerivedData/ModuleCache.noindex/Session.modulevalidation -package-name highlightr -Xcc -I/Users/harishvishwakarma/Library/Developer/Xcode/DerivedData/Revolt-dharrjsambcimaaziudpvzjdcigm/Build/Intermediates.noindex/Highlightr.build/Debug-iphoneos/Highlightr.build/swift-overrides.hmap -emit-const-values -Xfrontend -const-gather-protocols-file -Xfrontend /Users/harishvishwakarma/Library/Developer/Xcode/DerivedData/Revolt-dharrjsambcimaaziudpvzjdcigm/Build/Intermediates.noindex/Highlightr.build/Debug-iphoneos/Highlightr.build/Objects-normal/arm64/Highlightr_const_extract_protocols.json -Xcc -I/Users/harishvishwakarma/Library/Developer/Xcode/DerivedData/Revolt-dharrjsambcimaaziudpvzjdcigm/Build/Products/Debug-iphoneos/include -Xcc -I/Users/harishvishwakarma/Library/Developer/Xcode/DerivedData/Revolt-dharrjsambcimaaziudpvzjdcigm/Build/Intermediates.noindex/Highlightr.build/Debug-iphoneos/Highlightr.build/DerivedSources-normal/arm64 -Xcc -I/Users/harishvishwakarma/Library/Developer/Xcode/DerivedData/Revolt-dharrjsambcimaaziudpvzjdcigm/Build/Intermediates.noindex/Highlightr.build/Debug-iphoneos/Highlightr.build/DerivedSources/arm64 -Xcc -I/Users/harishvishwakarma/Library/Developer/Xcode/DerivedData/Revolt-dharrjsambcimaaziudpvzjdcigm/Build/Intermediates.noindex/Highlightr.build/Debug-iphoneos/Highlightr.build/DerivedSources -Xcc -DSWIFT_PACKAGE -Xcc -DDEBUG\=1 -emit-objc-header -emit-objc-header-path /Users/harishvishwakarma/Library/Developer/Xcode/DerivedData/Revolt-dharrjsambcimaaziudpvzjdcigm/Build/Intermediates.noindex/Highlightr.build/Debug-iphoneos/Highlightr.build/Objects-normal/arm64/Highlightr-Swift.h -working-directory /Users/harishvishwakarma/Handy/Archem/pepchat-ios/Revolt.xcodeproj -experimental-emit-module-separately -disable-cmo

SwiftDriver Alamofire normal arm64 com.apple.xcode.tools.swift.compiler (in target 'Alamofire' from project 'Alamofire')
    cd /Users/harishvishwakarma/Handy/Archem/pepchat-ios/Revolt.xcodeproj
    builtin-SwiftDriver -- /Applications/Xcode.app/Contents/Developer/Toolchains/XcodeDefault.xctoolchain/usr/bin/swiftc -module-name Alamofire -Onone -enforce-exclusivity\=checked @/Users/harishvishwakarma/Library/Developer/Xcode/DerivedData/Revolt-dharrjsambcimaaziudpvzjdcigm/Build/Intermediates.noindex/Alamofire.build/Debug-iphoneos/Alamofire.build/Objects-normal/arm64/Alamofire.SwiftFileList -DSWIFT_PACKAGE -DDEBUG -DXcode -plugin-path /Applications/Xcode.app/Contents/Developer/Toolchains/XcodeDefault.xctoolchain/usr/lib/swift/host/plugins/testing -enable-experimental-feature DebugDescriptionMacro -sdk /Applications/Xcode.app/Contents/Developer/Platforms/iPhoneOS.platform/Developer/SDKs/iPhoneOS18.5.sdk -target arm64-apple-ios12.0 -g -module-cache-path /Users/harishvishwakarma/Library/Developer/Xcode/DerivedData/ModuleCache.noindex -Xfrontend -serialize-debugging-options -enable-testing -suppress-warnings -index-store-path /Users/harishvishwakarma/Library/Developer/Xcode/DerivedData/Revolt-dharrjsambcimaaziudpvzjdcigm/Index.noindex/DataStore -swift-version 5 -I /Users/harishvishwakarma/Library/Developer/Xcode/DerivedData/Revolt-dharrjsambcimaaziudpvzjdcigm/Build/Products/Debug-iphoneos -I /Applications/Xcode.app/Contents/Developer/Platforms/iPhoneOS.platform/Developer/usr/lib -F /Users/harishvishwakarma/Library/Developer/Xcode/DerivedData/Revolt-dharrjsambcimaaziudpvzjdcigm/Build/Products/Debug-iphoneos -F /Applications/Xcode.app/Contents/Developer/Platforms/iPhoneOS.platform/Developer/Library/Frameworks -F /Applications/Xcode.app/Contents/Developer/Platforms/iPhoneOS.platform/Developer/SDKs/iPhoneOS18.5.sdk/Developer/Library/Frameworks -c -j12 -enable-batch-mode -incremental -Xcc -ivfsstatcache -Xcc /Users/harishvishwakarma/Library/Developer/Xcode/DerivedData/SDKStatCaches.noindex/iphoneos18.5-22F76-7fa4eea80a99bbfdc046826b63ec4baf.sdkstatcache -output-file-map /Users/harishvishwakarma/Library/Developer/Xcode/DerivedData/Revolt-dharrjsambcimaaziudpvzjdcigm/Build/Intermediates.noindex/Alamofire.build/Debug-iphoneos/Alamofire.build/Objects-normal/arm64/Alamofire-OutputFileMap.json -use-frontend-parseable-output -save-temps -no-color-diagnostics -serialize-diagnostics -emit-dependencies -emit-module -emit-module-path /Users/harishvishwakarma/Library/Developer/Xcode/DerivedData/Revolt-dharrjsambcimaaziudpvzjdcigm/Build/Intermediates.noindex/Alamofire.build/Debug-iphoneos/Alamofire.build/Objects-normal/arm64/Alamofire.swiftmodule -validate-clang-modules-once -clang-build-session-file /Users/harishvishwakarma/Library/Developer/Xcode/DerivedData/ModuleCache.noindex/Session.modulevalidation -package-name alamofire -Xcc -I/Users/harishvishwakarma/Library/Developer/Xcode/DerivedData/Revolt-dharrjsambcimaaziudpvzjdcigm/Build/Intermediates.noindex/Alamofire.build/Debug-iphoneos/Alamofire.build/swift-overrides.hmap -emit-const-values -Xfrontend -const-gather-protocols-file -Xfrontend /Users/harishvishwakarma/Library/Developer/Xcode/DerivedData/Revolt-dharrjsambcimaaziudpvzjdcigm/Build/Intermediates.noindex/Alamofire.build/Debug-iphoneos/Alamofire.build/Objects-normal/arm64/Alamofire_const_extract_protocols.json -Xcc -I/Users/harishvishwakarma/Library/Developer/Xcode/DerivedData/Revolt-dharrjsambcimaaziudpvzjdcigm/Build/Products/Debug-iphoneos/include -Xcc -I/Users/harishvishwakarma/Library/Developer/Xcode/DerivedData/Revolt-dharrjsambcimaaziudpvzjdcigm/Build/Intermediates.noindex/Alamofire.build/Debug-iphoneos/Alamofire.build/DerivedSources-normal/arm64 -Xcc -I/Users/harishvishwakarma/Library/Developer/Xcode/DerivedData/Revolt-dharrjsambcimaaziudpvzjdcigm/Build/Intermediates.noindex/Alamofire.build/Debug-iphoneos/Alamofire.build/DerivedSources/arm64 -Xcc -I/Users/harishvishwakarma/Library/Developer/Xcode/DerivedData/Revolt-dharrjsambcimaaziudpvzjdcigm/Build/Intermediates.noindex/Alamofire.build/Debug-iphoneos/Alamofire.build/DerivedSources -Xcc -DSWIFT_PACKAGE -Xcc -DDEBUG\=1 -emit-objc-header -emit-objc-header-path /Users/harishvishwakarma/Library/Developer/Xcode/DerivedData/Revolt-dharrjsambcimaaziudpvzjdcigm/Build/Intermediates.noindex/Alamofire.build/Debug-iphoneos/Alamofire.build/Objects-normal/arm64/Alamofire-Swift.h -working-directory /Users/harishvishwakarma/Handy/Archem/pepchat-ios/Revolt.xcodeproj -experimental-emit-module-separately -disable-cmo

SwiftMergeGeneratedHeaders /Users/harishvishwakarma/Library/Developer/Xcode/DerivedData/Revolt-dharrjsambcimaaziudpvzjdcigm/Build/Intermediates.noindex/GeneratedModuleMaps-iphoneos/InternalCollectionsUtilities-Swift.h /Users/harishvishwakarma/Library/Developer/Xcode/DerivedData/Revolt-dharrjsambcimaaziudpvzjdcigm/Build/Intermediates.noindex/swift-collections.build/Debug-iphoneos/InternalCollectionsUtilities.build/Objects-normal/arm64/InternalCollectionsUtilities-Swift.h (in target 'InternalCollectionsUtilities' from project 'swift-collections')
    cd /Users/harishvishwakarma/Library/Developer/Xcode/DerivedData/Revolt-dharrjsambcimaaziudpvzjdcigm/SourcePackages/checkouts/swift-collections
    builtin-swiftHeaderTool -arch arm64 /Users/harishvishwakarma/Library/Developer/Xcode/DerivedData/Revolt-dharrjsambcimaaziudpvzjdcigm/Build/Intermediates.noindex/swift-collections.build/Debug-iphoneos/InternalCollectionsUtilities.build/Objects-normal/arm64/InternalCollectionsUtilities-Swift.h -o /Users/harishvishwakarma/Library/Developer/Xcode/DerivedData/Revolt-dharrjsambcimaaziudpvzjdcigm/Build/Intermediates.noindex/GeneratedModuleMaps-iphoneos/InternalCollectionsUtilities-Swift.h

Copy /Users/harishvishwakarma/Library/Developer/Xcode/DerivedData/Revolt-dharrjsambcimaaziudpvzjdcigm/Build/Products/Debug-iphoneos/InternalCollectionsUtilities.swiftmodule/arm64-apple-ios.swiftmodule /Users/harishvishwakarma/Library/Developer/Xcode/DerivedData/Revolt-dharrjsambcimaaziudpvzjdcigm/Build/Intermediates.noindex/swift-collections.build/Debug-iphoneos/InternalCollectionsUtilities.build/Objects-normal/arm64/InternalCollectionsUtilities.swiftmodule (in target 'InternalCollectionsUtilities' from project 'swift-collections')
    cd /Users/harishvishwakarma/Library/Developer/Xcode/DerivedData/Revolt-dharrjsambcimaaziudpvzjdcigm/SourcePackages/checkouts/swift-collections
    builtin-copy -exclude .DS_Store -exclude CVS -exclude .svn -exclude .git -exclude .hg -resolve-src-symlinks -rename /Users/harishvishwakarma/Library/Developer/Xcode/DerivedData/Revolt-dharrjsambcimaaziudpvzjdcigm/Build/Intermediates.noindex/swift-collections.build/Debug-iphoneos/InternalCollectionsUtilities.build/Objects-normal/arm64/InternalCollectionsUtilities.swiftmodule /Users/harishvishwakarma/Library/Developer/Xcode/DerivedData/Revolt-dharrjsambcimaaziudpvzjdcigm/Build/Products/Debug-iphoneos/InternalCollectionsUtilities.swiftmodule/arm64-apple-ios.swiftmodule

Copy /Users/harishvishwakarma/Library/Developer/Xcode/DerivedData/Revolt-dharrjsambcimaaziudpvzjdcigm/Build/Products/Debug-iphoneos/InternalCollectionsUtilities.swiftmodule/arm64-apple-ios.swiftdoc /Users/harishvishwakarma/Library/Developer/Xcode/DerivedData/Revolt-dharrjsambcimaaziudpvzjdcigm/Build/Intermediates.noindex/swift-collections.build/Debug-iphoneos/InternalCollectionsUtilities.build/Objects-normal/arm64/InternalCollectionsUtilities.swiftdoc (in target 'InternalCollectionsUtilities' from project 'swift-collections')
    cd /Users/harishvishwakarma/Library/Developer/Xcode/DerivedData/Revolt-dharrjsambcimaaziudpvzjdcigm/SourcePackages/checkouts/swift-collections
    builtin-copy -exclude .DS_Store -exclude CVS -exclude .svn -exclude .git -exclude .hg -resolve-src-symlinks -rename /Users/harishvishwakarma/Library/Developer/Xcode/DerivedData/Revolt-dharrjsambcimaaziudpvzjdcigm/Build/Intermediates.noindex/swift-collections.build/Debug-iphoneos/InternalCollectionsUtilities.build/Objects-normal/arm64/InternalCollectionsUtilities.swiftdoc /Users/harishvishwakarma/Library/Developer/Xcode/DerivedData/Revolt-dharrjsambcimaaziudpvzjdcigm/Build/Products/Debug-iphoneos/InternalCollectionsUtilities.swiftmodule/arm64-apple-ios.swiftdoc

Copy /Users/harishvishwakarma/Library/Developer/Xcode/DerivedData/Revolt-dharrjsambcimaaziudpvzjdcigm/Build/Products/Debug-iphoneos/InternalCollectionsUtilities.swiftmodule/arm64-apple-ios.abi.json /Users/harishvishwakarma/Library/Developer/Xcode/DerivedData/Revolt-dharrjsambcimaaziudpvzjdcigm/Build/Intermediates.noindex/swift-collections.build/Debug-iphoneos/InternalCollectionsUtilities.build/Objects-normal/arm64/InternalCollectionsUtilities.abi.json (in target 'InternalCollectionsUtilities' from project 'swift-collections')
    cd /Users/harishvishwakarma/Library/Developer/Xcode/DerivedData/Revolt-dharrjsambcimaaziudpvzjdcigm/SourcePackages/checkouts/swift-collections
    builtin-copy -exclude .DS_Store -exclude CVS -exclude .svn -exclude .git -exclude .hg -resolve-src-symlinks -rename /Users/harishvishwakarma/Library/Developer/Xcode/DerivedData/Revolt-dharrjsambcimaaziudpvzjdcigm/Build/Intermediates.noindex/swift-collections.build/Debug-iphoneos/InternalCollectionsUtilities.build/Objects-normal/arm64/InternalCollectionsUtilities.abi.json /Users/harishvishwakarma/Library/Developer/Xcode/DerivedData/Revolt-dharrjsambcimaaziudpvzjdcigm/Build/Products/Debug-iphoneos/InternalCollectionsUtilities.swiftmodule/arm64-apple-ios.abi.json

Copy /Users/harishvishwakarma/Library/Developer/Xcode/DerivedData/Revolt-dharrjsambcimaaziudpvzjdcigm/Build/Products/Debug-iphoneos/InternalCollectionsUtilities.swiftmodule/Project/arm64-apple-ios.swiftsourceinfo /Users/harishvishwakarma/Library/Developer/Xcode/DerivedData/Revolt-dharrjsambcimaaziudpvzjdcigm/Build/Intermediates.noindex/swift-collections.build/Debug-iphoneos/InternalCollectionsUtilities.build/Objects-normal/arm64/InternalCollectionsUtilities.swiftsourceinfo (in target 'InternalCollectionsUtilities' from project 'swift-collections')
    cd /Users/harishvishwakarma/Library/Developer/Xcode/DerivedData/Revolt-dharrjsambcimaaziudpvzjdcigm/SourcePackages/checkouts/swift-collections
    builtin-copy -exclude .DS_Store -exclude CVS -exclude .svn -exclude .git -exclude .hg -resolve-src-symlinks -rename /Users/harishvishwakarma/Library/Developer/Xcode/DerivedData/Revolt-dharrjsambcimaaziudpvzjdcigm/Build/Intermediates.noindex/swift-collections.build/Debug-iphoneos/InternalCollectionsUtilities.build/Objects-normal/arm64/InternalCollectionsUtilities.swiftsourceinfo /Users/harishvishwakarma/Library/Developer/Xcode/DerivedData/Revolt-dharrjsambcimaaziudpvzjdcigm/Build/Products/Debug-iphoneos/InternalCollectionsUtilities.swiftmodule/Project/arm64-apple-ios.swiftsourceinfo

SwiftMergeGeneratedHeaders /Users/harishvishwakarma/Library/Developer/Xcode/DerivedData/Revolt-dharrjsambcimaaziudpvzjdcigm/Build/Intermediates.noindex/GeneratedModuleMaps-iphoneos/Highlightr-Swift.h /Users/harishvishwakarma/Library/Developer/Xcode/DerivedData/Revolt-dharrjsambcimaaziudpvzjdcigm/Build/Intermediates.noindex/Highlightr.build/Debug-iphoneos/Highlightr.build/Objects-normal/arm64/Highlightr-Swift.h (in target 'Highlightr' from project 'Highlightr')
    cd /Users/harishvishwakarma/Library/Developer/Xcode/DerivedData/Revolt-dharrjsambcimaaziudpvzjdcigm/SourcePackages/checkouts/Highlightr
    builtin-swiftHeaderTool -arch arm64 /Users/harishvishwakarma/Library/Developer/Xcode/DerivedData/Revolt-dharrjsambcimaaziudpvzjdcigm/Build/Intermediates.noindex/Highlightr.build/Debug-iphoneos/Highlightr.build/Objects-normal/arm64/Highlightr-Swift.h -o /Users/harishvishwakarma/Library/Developer/Xcode/DerivedData/Revolt-dharrjsambcimaaziudpvzjdcigm/Build/Intermediates.noindex/GeneratedModuleMaps-iphoneos/Highlightr-Swift.h

Copy /Users/harishvishwakarma/Library/Developer/Xcode/DerivedData/Revolt-dharrjsambcimaaziudpvzjdcigm/Build/Products/Debug-iphoneos/Highlightr.swiftmodule/arm64-apple-ios.swiftmodule /Users/harishvishwakarma/Library/Developer/Xcode/DerivedData/Revolt-dharrjsambcimaaziudpvzjdcigm/Build/Intermediates.noindex/Highlightr.build/Debug-iphoneos/Highlightr.build/Objects-normal/arm64/Highlightr.swiftmodule (in target 'Highlightr' from project 'Highlightr')
    cd /Users/harishvishwakarma/Library/Developer/Xcode/DerivedData/Revolt-dharrjsambcimaaziudpvzjdcigm/SourcePackages/checkouts/Highlightr
    builtin-copy -exclude .DS_Store -exclude CVS -exclude .svn -exclude .git -exclude .hg -resolve-src-symlinks -rename /Users/harishvishwakarma/Library/Developer/Xcode/DerivedData/Revolt-dharrjsambcimaaziudpvzjdcigm/Build/Intermediates.noindex/Highlightr.build/Debug-iphoneos/Highlightr.build/Objects-normal/arm64/Highlightr.swiftmodule /Users/harishvishwakarma/Library/Developer/Xcode/DerivedData/Revolt-dharrjsambcimaaziudpvzjdcigm/Build/Products/Debug-iphoneos/Highlightr.swiftmodule/arm64-apple-ios.swiftmodule

Copy /Users/harishvishwakarma/Library/Developer/Xcode/DerivedData/Revolt-dharrjsambcimaaziudpvzjdcigm/Build/Products/Debug-iphoneos/Highlightr.swiftmodule/arm64-apple-ios.swiftdoc /Users/harishvishwakarma/Library/Developer/Xcode/DerivedData/Revolt-dharrjsambcimaaziudpvzjdcigm/Build/Intermediates.noindex/Highlightr.build/Debug-iphoneos/Highlightr.build/Objects-normal/arm64/Highlightr.swiftdoc (in target 'Highlightr' from project 'Highlightr')
    cd /Users/harishvishwakarma/Library/Developer/Xcode/DerivedData/Revolt-dharrjsambcimaaziudpvzjdcigm/SourcePackages/checkouts/Highlightr
    builtin-copy -exclude .DS_Store -exclude CVS -exclude .svn -exclude .git -exclude .hg -resolve-src-symlinks -rename /Users/harishvishwakarma/Library/Developer/Xcode/DerivedData/Revolt-dharrjsambcimaaziudpvzjdcigm/Build/Intermediates.noindex/Highlightr.build/Debug-iphoneos/Highlightr.build/Objects-normal/arm64/Highlightr.swiftdoc /Users/harishvishwakarma/Library/Developer/Xcode/DerivedData/Revolt-dharrjsambcimaaziudpvzjdcigm/Build/Products/Debug-iphoneos/Highlightr.swiftmodule/arm64-apple-ios.swiftdoc

Copy /Users/harishvishwakarma/Library/Developer/Xcode/DerivedData/Revolt-dharrjsambcimaaziudpvzjdcigm/Build/Products/Debug-iphoneos/Highlightr.swiftmodule/arm64-apple-ios.abi.json /Users/harishvishwakarma/Library/Developer/Xcode/DerivedData/Revolt-dharrjsambcimaaziudpvzjdcigm/Build/Intermediates.noindex/Highlightr.build/Debug-iphoneos/Highlightr.build/Objects-normal/arm64/Highlightr.abi.json (in target 'Highlightr' from project 'Highlightr')
    cd /Users/harishvishwakarma/Library/Developer/Xcode/DerivedData/Revolt-dharrjsambcimaaziudpvzjdcigm/SourcePackages/checkouts/Highlightr
    builtin-copy -exclude .DS_Store -exclude CVS -exclude .svn -exclude .git -exclude .hg -resolve-src-symlinks -rename /Users/harishvishwakarma/Library/Developer/Xcode/DerivedData/Revolt-dharrjsambcimaaziudpvzjdcigm/Build/Intermediates.noindex/Highlightr.build/Debug-iphoneos/Highlightr.build/Objects-normal/arm64/Highlightr.abi.json /Users/harishvishwakarma/Library/Developer/Xcode/DerivedData/Revolt-dharrjsambcimaaziudpvzjdcigm/Build/Products/Debug-iphoneos/Highlightr.swiftmodule/arm64-apple-ios.abi.json

Copy /Users/harishvishwakarma/Library/Developer/Xcode/DerivedData/Revolt-dharrjsambcimaaziudpvzjdcigm/Build/Products/Debug-iphoneos/Highlightr.swiftmodule/Project/arm64-apple-ios.swiftsourceinfo /Users/harishvishwakarma/Library/Developer/Xcode/DerivedData/Revolt-dharrjsambcimaaziudpvzjdcigm/Build/Intermediates.noindex/Highlightr.build/Debug-iphoneos/Highlightr.build/Objects-normal/arm64/Highlightr.swiftsourceinfo (in target 'Highlightr' from project 'Highlightr')
    cd /Users/harishvishwakarma/Library/Developer/Xcode/DerivedData/Revolt-dharrjsambcimaaziudpvzjdcigm/SourcePackages/checkouts/Highlightr
    builtin-copy -exclude .DS_Store -exclude CVS -exclude .svn -exclude .git -exclude .hg -resolve-src-symlinks -rename /Users/harishvishwakarma/Library/Developer/Xcode/DerivedData/Revolt-dharrjsambcimaaziudpvzjdcigm/Build/Intermediates.noindex/Highlightr.build/Debug-iphoneos/Highlightr.build/Objects-normal/arm64/Highlightr.swiftsourceinfo /Users/harishvishwakarma/Library/Developer/Xcode/DerivedData/Revolt-dharrjsambcimaaziudpvzjdcigm/Build/Products/Debug-iphoneos/Highlightr.swiftmodule/Project/arm64-apple-ios.swiftsourceinfo

CompileC /Users/harishvishwakarma/Library/Developer/Xcode/DerivedData/Revolt-dharrjsambcimaaziudpvzjdcigm/Build/Intermediates.noindex/OggDecoder.build/Debug-iphoneos/OggDecoder.build/Objects-normal/arm64/OGGDecoder.o /Users/harishvishwakarma/Library/Developer/Xcode/DerivedData/Revolt-dharrjsambcimaaziudpvzjdcigm/SourcePackages/checkouts/OggDecoder/Sources/OggDecoderObjC/OGGDecoder.mm normal arm64 objective-c++ com.apple.compilers.llvm.clang.1_0.compiler (in target 'OggDecoder' from project 'OggDecoder')
    cd /Users/harishvishwakarma/Handy/Archem/pepchat-ios/Revolt.xcodeproj
    
    Using response file: /Users/harishvishwakarma/Library/Developer/Xcode/DerivedData/Revolt-dharrjsambcimaaziudpvzjdcigm/Build/Intermediates.noindex/OggDecoder.build/Debug-iphoneos/OggDecoder.build/Objects-normal/arm64/af3fcb34312c57c0f52879cdce924b91-common-args.resp
    
    /Applications/Xcode.app/Contents/Developer/Toolchains/XcodeDefault.xctoolchain/usr/bin/clang -x objective-c++ -ivfsstatcache /Users/harishvishwakarma/Library/Developer/Xcode/DerivedData/SDKStatCaches.noindex/iphoneos18.5-22F76-7fa4eea80a99bbfdc046826b63ec4baf.sdkstatcache -fmessage-length\=0 -fdiagnostics-show-note-include-stack -fmacro-backtrace-limit\=0 -fno-color-diagnostics -fmodules-prune-interval\=86400 -fmodules-prune-after\=345600 -fbuild-session-file\=/Users/harishvishwakarma/Library/Developer/Xcode/DerivedData/ModuleCache.noindex/Session.modulevalidation -fmodules-validate-once-per-build-session -Wnon-modular-include-in-framework-module -Werror\=non-modular-include-in-framework-module -Wno-trigraphs -Wno-missing-field-initializers -Wno-missing-prototypes -Wno-return-type -Wno-implicit-atomic-properties -Wno-objc-interface-ivars -Wno-arc-repeated-use-of-weak -Wno-non-virtual-dtor -Wno-overloaded-virtual -Wno-exit-time-destructors -Wno-missing-braces -Wparentheses -Wswitch -Wno-unused-function -Wno-unused-label -Wno-unused-parameter -Wno-unused-variable -Wunused-value -Wno-empty-body -Wno-uninitialized -Wno-unknown-pragmas -w -Wno-shadow -Wno-four-char-constants -Wno-conversion -Wno-constant-conversion -Wno-int-conversion -Wno-bool-conversion -Wno-enum-conversion -Wno-float-conversion -Wno-non-literal-null-conversion -Wno-objc-literal-conversion -Wshorten-64-to-32 -Wno-newline-eof -Wno-selector -Wno-strict-selector-match -Wno-undeclared-selector -Wno-deprecated-implementations -Wno-c++11-extensions -Wno-implicit-fallthrough -fstrict-aliasing -Wprotocol -Wdeprecated-declarations -Winvalid-offsetof -Wno-sign-conversion -Wno-infinite-recursion -Wno-move -Wno-comma -Wno-block-capture-autoreleasing -Wno-strict-prototypes -Wno-range-loop-analysis -Wno-semicolon-before-method-body -index-store-path /Users/harishvishwakarma/Library/Developer/Xcode/DerivedData/Revolt-dharrjsambcimaaziudpvzjdcigm/Index.noindex/DataStore @/Users/harishvishwakarma/Library/Developer/Xcode/DerivedData/Revolt-dharrjsambcimaaziudpvzjdcigm/Build/Intermediates.noindex/OggDecoder.build/Debug-iphoneos/OggDecoder.build/Objects-normal/arm64/af3fcb34312c57c0f52879cdce924b91-common-args.resp -MMD -MT dependencies -MF /Users/harishvishwakarma/Library/Developer/Xcode/DerivedData/Revolt-dharrjsambcimaaziudpvzjdcigm/Build/Intermediates.noindex/OggDecoder.build/Debug-iphoneos/OggDecoder.build/Objects-normal/arm64/OGGDecoder.d --serialize-diagnostics /Users/harishvishwakarma/Library/Developer/Xcode/DerivedData/Revolt-dharrjsambcimaaziudpvzjdcigm/Build/Intermediates.noindex/OggDecoder.build/Debug-iphoneos/OggDecoder.build/Objects-normal/arm64/OGGDecoder.dia -c /Users/harishvishwakarma/Library/Developer/Xcode/DerivedData/Revolt-dharrjsambcimaaziudpvzjdcigm/SourcePackages/checkouts/OggDecoder/Sources/OggDecoderObjC/OGGDecoder.mm -o /Users/harishvishwakarma/Library/Developer/Xcode/DerivedData/Revolt-dharrjsambcimaaziudpvzjdcigm/Build/Intermediates.noindex/OggDecoder.build/Debug-iphoneos/OggDecoder.build/Objects-normal/arm64/OGGDecoder.o -index-unit-output-path /OggDecoder.build/Debug-iphoneos/OggDecoder.build/Objects-normal/arm64/OGGDecoder.o

PrecompileModule /Users/harishvishwakarma/Library/Developer/Xcode/DerivedData/Revolt-dharrjsambcimaaziudpvzjdcigm/Build/Intermediates.noindex/ExplicitPrecompiledModules/_Builtin_stdarg-1ETYSGW59ZUTEISXRMZZKOX17.scan
    cd /Users/harishvishwakarma/Handy/Archem/pepchat-ios/Revolt.xcodeproj
    builtin-precompileModule /Users/harishvishwakarma/Library/Developer/Xcode/DerivedData/Revolt-dharrjsambcimaaziudpvzjdcigm/Build/Intermediates.noindex/ExplicitPrecompiledModules/_Builtin_stdarg-1ETYSGW59ZUTEISXRMZZKOX17.scan

SwiftEmitModule normal arm64 Emitting\ module\ for\ Alamofire (in target 'Alamofire' from project 'Alamofire')
EmitSwiftModule normal arm64 (in target 'Alamofire' from project 'Alamofire')
    cd /Users/harishvishwakarma/Handy/Archem/pepchat-ios/Revolt.xcodeproj
    

PrecompileModule /Users/harishvishwakarma/Library/Developer/Xcode/DerivedData/Revolt-dharrjsambcimaaziudpvzjdcigm/Build/Intermediates.noindex/ExplicitPrecompiledModules/_Builtin_stdbool-4MPEFDMN9B4OQA4HO3S4VJNGV.scan
    cd /Users/harishvishwakarma/Handy/Archem/pepchat-ios/Revolt.xcodeproj
    builtin-precompileModule /Users/harishvishwakarma/Library/Developer/Xcode/DerivedData/Revolt-dharrjsambcimaaziudpvzjdcigm/Build/Intermediates.noindex/ExplicitPrecompiledModules/_Builtin_stdbool-4MPEFDMN9B4OQA4HO3S4VJNGV.scan

SwiftDriverJobDiscovery normal arm64 Emitting module for HCaptcha (in target 'HCaptcha' from project 'HCaptcha')

SwiftDriver\ Compilation\ Requirements HCaptcha normal arm64 com.apple.xcode.tools.swift.compiler (in target 'HCaptcha' from project 'HCaptcha')
    cd /Users/harishvishwakarma/Handy/Archem/pepchat-ios/Revolt.xcodeproj
    builtin-Swift-Compilation-Requirements -- /Applications/Xcode.app/Contents/Developer/Toolchains/XcodeDefault.xctoolchain/usr/bin/swiftc -module-name HCaptcha -Onone -enforce-exclusivity\=checked @/Users/harishvishwakarma/Library/Developer/Xcode/DerivedData/Revolt-dharrjsambcimaaziudpvzjdcigm/Build/Intermediates.noindex/HCaptcha.build/Debug-iphoneos/HCaptcha.build/Objects-normal/arm64/HCaptcha.SwiftFileList -DSWIFT_PACKAGE -DDEBUG -DXcode -plugin-path /Applications/Xcode.app/Contents/Developer/Toolchains/XcodeDefault.xctoolchain/usr/lib/swift/host/plugins/testing -enable-experimental-feature DebugDescriptionMacro -sdk /Applications/Xcode.app/Contents/Developer/Platforms/iPhoneOS.platform/Developer/SDKs/iPhoneOS18.5.sdk -target arm64-apple-ios12.0 -g -module-cache-path /Users/harishvishwakarma/Library/Developer/Xcode/DerivedData/ModuleCache.noindex -Xfrontend -serialize-debugging-options -enable-testing -suppress-warnings -index-store-path /Users/harishvishwakarma/Library/Developer/Xcode/DerivedData/Revolt-dharrjsambcimaaziudpvzjdcigm/Index.noindex/DataStore -swift-version 5 -I /Users/harishvishwakarma/Library/Developer/Xcode/DerivedData/Revolt-dharrjsambcimaaziudpvzjdcigm/Build/Products/Debug-iphoneos -I /Applications/Xcode.app/Contents/Developer/Platforms/iPhoneOS.platform/Developer/usr/lib -F /Users/harishvishwakarma/Library/Developer/Xcode/DerivedData/Revolt-dharrjsambcimaaziudpvzjdcigm/Build/Products/Debug-iphoneos -F /Applications/Xcode.app/Contents/Developer/Platforms/iPhoneOS.platform/Developer/Library/Frameworks -F /Applications/Xcode.app/Contents/Developer/Platforms/iPhoneOS.platform/Developer/SDKs/iPhoneOS18.5.sdk/Developer/Library/Frameworks -c -j12 -enable-batch-mode -incremental -Xcc -ivfsstatcache -Xcc /Users/harishvishwakarma/Library/Developer/Xcode/DerivedData/SDKStatCaches.noindex/iphoneos18.5-22F76-7fa4eea80a99bbfdc046826b63ec4baf.sdkstatcache -output-file-map /Users/harishvishwakarma/Library/Developer/Xcode/DerivedData/Revolt-dharrjsambcimaaziudpvzjdcigm/Build/Intermediates.noindex/HCaptcha.build/Debug-iphoneos/HCaptcha.build/Objects-normal/arm64/HCaptcha-OutputFileMap.json -use-frontend-parseable-output -save-temps -no-color-diagnostics -serialize-diagnostics -emit-dependencies -emit-module -emit-module-path /Users/harishvishwakarma/Library/Developer/Xcode/DerivedData/Revolt-dharrjsambcimaaziudpvzjdcigm/Build/Intermediates.noindex/HCaptcha.build/Debug-iphoneos/HCaptcha.build/Objects-normal/arm64/HCaptcha.swiftmodule -validate-clang-modules-once -clang-build-session-file /Users/harishvishwakarma/Library/Developer/Xcode/DerivedData/ModuleCache.noindex/Session.modulevalidation -Xcc -I/Users/harishvishwakarma/Library/Developer/Xcode/DerivedData/Revolt-dharrjsambcimaaziudpvzjdcigm/Build/Intermediates.noindex/HCaptcha.build/Debug-iphoneos/HCaptcha.build/swift-overrides.hmap -emit-const-values -Xfrontend -const-gather-protocols-file -Xfrontend /Users/harishvishwakarma/Library/Developer/Xcode/DerivedData/Revolt-dharrjsambcimaaziudpvzjdcigm/Build/Intermediates.noindex/HCaptcha.build/Debug-iphoneos/HCaptcha.build/Objects-normal/arm64/HCaptcha_const_extract_protocols.json -Xcc -I/Users/harishvishwakarma/Library/Developer/Xcode/DerivedData/Revolt-dharrjsambcimaaziudpvzjdcigm/Build/Products/Debug-iphoneos/include -Xcc -I/Users/harishvishwakarma/Library/Developer/Xcode/DerivedData/Revolt-dharrjsambcimaaziudpvzjdcigm/Build/Intermediates.noindex/HCaptcha.build/Debug-iphoneos/HCaptcha.build/DerivedSources-normal/arm64 -Xcc -I/Users/harishvishwakarma/Library/Developer/Xcode/DerivedData/Revolt-dharrjsambcimaaziudpvzjdcigm/Build/Intermediates.noindex/HCaptcha.build/Debug-iphoneos/HCaptcha.build/DerivedSources/arm64 -Xcc -I/Users/harishvishwakarma/Library/Developer/Xcode/DerivedData/Revolt-dharrjsambcimaaziudpvzjdcigm/Build/Intermediates.noindex/HCaptcha.build/Debug-iphoneos/HCaptcha.build/DerivedSources -Xcc -DSWIFT_PACKAGE -Xcc -DDEBUG\=1 -emit-objc-header -emit-objc-header-path /Users/harishvishwakarma/Library/Developer/Xcode/DerivedData/Revolt-dharrjsambcimaaziudpvzjdcigm/Build/Intermediates.noindex/HCaptcha.build/Debug-iphoneos/HCaptcha.build/Objects-normal/arm64/HCaptcha-Swift.h -working-directory /Users/harishvishwakarma/Handy/Archem/pepchat-ios/Revolt.xcodeproj -experimental-emit-module-separately -disable-cmo

PrecompileModule /Users/harishvishwakarma/Library/Developer/Xcode/DerivedData/Revolt-dharrjsambcimaaziudpvzjdcigm/Build/Intermediates.noindex/ExplicitPrecompiledModules/_Builtin_stddef-4DVTHX2X5YYYDE1OMZUQ3PSDS.scan
    cd /Users/harishvishwakarma/Handy/Archem/pepchat-ios/Revolt.xcodeproj
    builtin-precompileModule /Users/harishvishwakarma/Library/Developer/Xcode/DerivedData/Revolt-dharrjsambcimaaziudpvzjdcigm/Build/Intermediates.noindex/ExplicitPrecompiledModules/_Builtin_stddef-4DVTHX2X5YYYDE1OMZUQ3PSDS.scan

SwiftMergeGeneratedHeaders /Users/harishvishwakarma/Library/Developer/Xcode/DerivedData/Revolt-dharrjsambcimaaziudpvzjdcigm/Build/Intermediates.noindex/GeneratedModuleMaps-iphoneos/HCaptcha-Swift.h /Users/harishvishwakarma/Library/Developer/Xcode/DerivedData/Revolt-dharrjsambcimaaziudpvzjdcigm/Build/Intermediates.noindex/HCaptcha.build/Debug-iphoneos/HCaptcha.build/Objects-normal/arm64/HCaptcha-Swift.h (in target 'HCaptcha' from project 'HCaptcha')
    cd /Users/harishvishwakarma/Library/Developer/Xcode/DerivedData/Revolt-dharrjsambcimaaziudpvzjdcigm/SourcePackages/checkouts/HCaptcha-ios-sdk
    builtin-swiftHeaderTool -arch arm64 /Users/harishvishwakarma/Library/Developer/Xcode/DerivedData/Revolt-dharrjsambcimaaziudpvzjdcigm/Build/Intermediates.noindex/HCaptcha.build/Debug-iphoneos/HCaptcha.build/Objects-normal/arm64/HCaptcha-Swift.h -o /Users/harishvishwakarma/Library/Developer/Xcode/DerivedData/Revolt-dharrjsambcimaaziudpvzjdcigm/Build/Intermediates.noindex/GeneratedModuleMaps-iphoneos/HCaptcha-Swift.h

SwiftDriverJobDiscovery normal arm64 Emitting module for RxSwift (in target 'RxSwift' from project 'RxSwift')

Copy /Users/harishvishwakarma/Library/Developer/Xcode/DerivedData/Revolt-dharrjsambcimaaziudpvzjdcigm/Build/Products/Debug-iphoneos/HCaptcha.swiftmodule/arm64-apple-ios.swiftmodule /Users/harishvishwakarma/Library/Developer/Xcode/DerivedData/Revolt-dharrjsambcimaaziudpvzjdcigm/Build/Intermediates.noindex/HCaptcha.build/Debug-iphoneos/HCaptcha.build/Objects-normal/arm64/HCaptcha.swiftmodule (in target 'HCaptcha' from project 'HCaptcha')
    cd /Users/harishvishwakarma/Library/Developer/Xcode/DerivedData/Revolt-dharrjsambcimaaziudpvzjdcigm/SourcePackages/checkouts/HCaptcha-ios-sdk
    builtin-copy -exclude .DS_Store -exclude CVS -exclude .svn -exclude .git -exclude .hg -resolve-src-symlinks -rename /Users/harishvishwakarma/Library/Developer/Xcode/DerivedData/Revolt-dharrjsambcimaaziudpvzjdcigm/Build/Intermediates.noindex/HCaptcha.build/Debug-iphoneos/HCaptcha.build/Objects-normal/arm64/HCaptcha.swiftmodule /Users/harishvishwakarma/Library/Developer/Xcode/DerivedData/Revolt-dharrjsambcimaaziudpvzjdcigm/Build/Products/Debug-iphoneos/HCaptcha.swiftmodule/arm64-apple-ios.swiftmodule

SwiftDriver\ Compilation\ Requirements RxSwift normal arm64 com.apple.xcode.tools.swift.compiler (in target 'RxSwift' from project 'RxSwift')
    cd /Users/harishvishwakarma/Handy/Archem/pepchat-ios/Revolt.xcodeproj
    builtin-Swift-Compilation-Requirements -- /Applications/Xcode.app/Contents/Developer/Toolchains/XcodeDefault.xctoolchain/usr/bin/swiftc -module-name RxSwift -Onone -enforce-exclusivity\=checked @/Users/harishvishwakarma/Library/Developer/Xcode/DerivedData/Revolt-dharrjsambcimaaziudpvzjdcigm/Build/Intermediates.noindex/RxSwift.build/Debug-iphoneos/RxSwift.build/Objects-normal/arm64/RxSwift.SwiftFileList -DSWIFT_PACKAGE -DDEBUG -DXcode -plugin-path /Applications/Xcode.app/Contents/Developer/Toolchains/XcodeDefault.xctoolchain/usr/lib/swift/host/plugins/testing -enable-experimental-feature DebugDescriptionMacro -sdk /Applications/Xcode.app/Contents/Developer/Platforms/iPhoneOS.platform/Developer/SDKs/iPhoneOS18.5.sdk -target arm64-apple-ios12.0 -g -module-cache-path /Users/harishvishwakarma/Library/Developer/Xcode/DerivedData/ModuleCache.noindex -Xfrontend -serialize-debugging-options -enable-testing -suppress-warnings -index-store-path /Users/harishvishwakarma/Library/Developer/Xcode/DerivedData/Revolt-dharrjsambcimaaziudpvzjdcigm/Index.noindex/DataStore -swift-version 5 -I /Users/harishvishwakarma/Library/Developer/Xcode/DerivedData/Revolt-dharrjsambcimaaziudpvzjdcigm/Build/Products/Debug-iphoneos -I /Applications/Xcode.app/Contents/Developer/Platforms/iPhoneOS.platform/Developer/usr/lib -F /Users/harishvishwakarma/Library/Developer/Xcode/DerivedData/Revolt-dharrjsambcimaaziudpvzjdcigm/Build/Products/Debug-iphoneos -F /Applications/Xcode.app/Contents/Developer/Platforms/iPhoneOS.platform/Developer/Library/Frameworks -F /Applications/Xcode.app/Contents/Developer/Platforms/iPhoneOS.platform/Developer/SDKs/iPhoneOS18.5.sdk/Developer/Library/Frameworks -c -j12 -enable-batch-mode -incremental -Xcc -ivfsstatcache -Xcc /Users/harishvishwakarma/Library/Developer/Xcode/DerivedData/SDKStatCaches.noindex/iphoneos18.5-22F76-7fa4eea80a99bbfdc046826b63ec4baf.sdkstatcache -output-file-map /Users/harishvishwakarma/Library/Developer/Xcode/DerivedData/Revolt-dharrjsambcimaaziudpvzjdcigm/Build/Intermediates.noindex/RxSwift.build/Debug-iphoneos/RxSwift.build/Objects-normal/arm64/RxSwift-OutputFileMap.json -use-frontend-parseable-output -save-temps -no-color-diagnostics -serialize-diagnostics -emit-dependencies -emit-module -emit-module-path /Users/harishvishwakarma/Library/Developer/Xcode/DerivedData/Revolt-dharrjsambcimaaziudpvzjdcigm/Build/Intermediates.noindex/RxSwift.build/Debug-iphoneos/RxSwift.build/Objects-normal/arm64/RxSwift.swiftmodule -validate-clang-modules-once -clang-build-session-file /Users/harishvishwakarma/Library/Developer/Xcode/DerivedData/ModuleCache.noindex/Session.modulevalidation -Xcc -I/Users/harishvishwakarma/Library/Developer/Xcode/DerivedData/Revolt-dharrjsambcimaaziudpvzjdcigm/Build/Intermediates.noindex/RxSwift.build/Debug-iphoneos/RxSwift.build/swift-overrides.hmap -emit-const-values -Xfrontend -const-gather-protocols-file -Xfrontend /Users/harishvishwakarma/Library/Developer/Xcode/DerivedData/Revolt-dharrjsambcimaaziudpvzjdcigm/Build/Intermediates.noindex/RxSwift.build/Debug-iphoneos/RxSwift.build/Objects-normal/arm64/RxSwift_const_extract_protocols.json -Xcc -I/Users/harishvishwakarma/Library/Developer/Xcode/DerivedData/Revolt-dharrjsambcimaaziudpvzjdcigm/Build/Products/Debug-iphoneos/include -Xcc -I/Users/harishvishwakarma/Library/Developer/Xcode/DerivedData/Revolt-dharrjsambcimaaziudpvzjdcigm/Build/Intermediates.noindex/RxSwift.build/Debug-iphoneos/RxSwift.build/DerivedSources-normal/arm64 -Xcc -I/Users/harishvishwakarma/Library/Developer/Xcode/DerivedData/Revolt-dharrjsambcimaaziudpvzjdcigm/Build/Intermediates.noindex/RxSwift.build/Debug-iphoneos/RxSwift.build/DerivedSources/arm64 -Xcc -I/Users/harishvishwakarma/Library/Developer/Xcode/DerivedData/Revolt-dharrjsambcimaaziudpvzjdcigm/Build/Intermediates.noindex/RxSwift.build/Debug-iphoneos/RxSwift.build/DerivedSources -Xcc -DSWIFT_PACKAGE -Xcc -DDEBUG\=1 -emit-objc-header -emit-objc-header-path /Users/harishvishwakarma/Library/Developer/Xcode/DerivedData/Revolt-dharrjsambcimaaziudpvzjdcigm/Build/Intermediates.noindex/RxSwift.build/Debug-iphoneos/RxSwift.build/Objects-normal/arm64/RxSwift-Swift.h -working-directory /Users/harishvishwakarma/Handy/Archem/pepchat-ios/Revolt.xcodeproj -experimental-emit-module-separately -disable-cmo

Copy /Users/harishvishwakarma/Library/Developer/Xcode/DerivedData/Revolt-dharrjsambcimaaziudpvzjdcigm/Build/Products/Debug-iphoneos/HCaptcha.swiftmodule/arm64-apple-ios.swiftdoc /Users/harishvishwakarma/Library/Developer/Xcode/DerivedData/Revolt-dharrjsambcimaaziudpvzjdcigm/Build/Intermediates.noindex/HCaptcha.build/Debug-iphoneos/HCaptcha.build/Objects-normal/arm64/HCaptcha.swiftdoc (in target 'HCaptcha' from project 'HCaptcha')
    cd /Users/harishvishwakarma/Library/Developer/Xcode/DerivedData/Revolt-dharrjsambcimaaziudpvzjdcigm/SourcePackages/checkouts/HCaptcha-ios-sdk
    builtin-copy -exclude .DS_Store -exclude CVS -exclude .svn -exclude .git -exclude .hg -resolve-src-symlinks -rename /Users/harishvishwakarma/Library/Developer/Xcode/DerivedData/Revolt-dharrjsambcimaaziudpvzjdcigm/Build/Intermediates.noindex/HCaptcha.build/Debug-iphoneos/HCaptcha.build/Objects-normal/arm64/HCaptcha.swiftdoc /Users/harishvishwakarma/Library/Developer/Xcode/DerivedData/Revolt-dharrjsambcimaaziudpvzjdcigm/Build/Products/Debug-iphoneos/HCaptcha.swiftmodule/arm64-apple-ios.swiftdoc

SwiftMergeGeneratedHeaders /Users/harishvishwakarma/Library/Developer/Xcode/DerivedData/Revolt-dharrjsambcimaaziudpvzjdcigm/Build/Intermediates.noindex/GeneratedModuleMaps-iphoneos/RxSwift-Swift.h /Users/harishvishwakarma/Library/Developer/Xcode/DerivedData/Revolt-dharrjsambcimaaziudpvzjdcigm/Build/Intermediates.noindex/RxSwift.build/Debug-iphoneos/RxSwift.build/Objects-normal/arm64/RxSwift-Swift.h (in target 'RxSwift' from project 'RxSwift')
    cd /Users/harishvishwakarma/Library/Developer/Xcode/DerivedData/Revolt-dharrjsambcimaaziudpvzjdcigm/SourcePackages/checkouts/RxSwift
    builtin-swiftHeaderTool -arch arm64 /Users/harishvishwakarma/Library/Developer/Xcode/DerivedData/Revolt-dharrjsambcimaaziudpvzjdcigm/Build/Intermediates.noindex/RxSwift.build/Debug-iphoneos/RxSwift.build/Objects-normal/arm64/RxSwift-Swift.h -o /Users/harishvishwakarma/Library/Developer/Xcode/DerivedData/Revolt-dharrjsambcimaaziudpvzjdcigm/Build/Intermediates.noindex/GeneratedModuleMaps-iphoneos/RxSwift-Swift.h

Copy /Users/harishvishwakarma/Library/Developer/Xcode/DerivedData/Revolt-dharrjsambcimaaziudpvzjdcigm/Build/Products/Debug-iphoneos/RxSwift.swiftmodule/arm64-apple-ios.swiftmodule /Users/harishvishwakarma/Library/Developer/Xcode/DerivedData/Revolt-dharrjsambcimaaziudpvzjdcigm/Build/Intermediates.noindex/RxSwift.build/Debug-iphoneos/RxSwift.build/Objects-normal/arm64/RxSwift.swiftmodule (in target 'RxSwift' from project 'RxSwift')
    cd /Users/harishvishwakarma/Library/Developer/Xcode/DerivedData/Revolt-dharrjsambcimaaziudpvzjdcigm/SourcePackages/checkouts/RxSwift
    builtin-copy -exclude .DS_Store -exclude CVS -exclude .svn -exclude .git -exclude .hg -resolve-src-symlinks -rename /Users/harishvishwakarma/Library/Developer/Xcode/DerivedData/Revolt-dharrjsambcimaaziudpvzjdcigm/Build/Intermediates.noindex/RxSwift.build/Debug-iphoneos/RxSwift.build/Objects-normal/arm64/RxSwift.swiftmodule /Users/harishvishwakarma/Library/Developer/Xcode/DerivedData/Revolt-dharrjsambcimaaziudpvzjdcigm/Build/Products/Debug-iphoneos/RxSwift.swiftmodule/arm64-apple-ios.swiftmodule

Copy /Users/harishvishwakarma/Library/Developer/Xcode/DerivedData/Revolt-dharrjsambcimaaziudpvzjdcigm/Build/Products/Debug-iphoneos/RxSwift.swiftmodule/arm64-apple-ios.swiftdoc /Users/harishvishwakarma/Library/Developer/Xcode/DerivedData/Revolt-dharrjsambcimaaziudpvzjdcigm/Build/Intermediates.noindex/RxSwift.build/Debug-iphoneos/RxSwift.build/Objects-normal/arm64/RxSwift.swiftdoc (in target 'RxSwift' from project 'RxSwift')
    cd /Users/harishvishwakarma/Library/Developer/Xcode/DerivedData/Revolt-dharrjsambcimaaziudpvzjdcigm/SourcePackages/checkouts/RxSwift
    builtin-copy -exclude .DS_Store -exclude CVS -exclude .svn -exclude .git -exclude .hg -resolve-src-symlinks -rename /Users/harishvishwakarma/Library/Developer/Xcode/DerivedData/Revolt-dharrjsambcimaaziudpvzjdcigm/Build/Intermediates.noindex/RxSwift.build/Debug-iphoneos/RxSwift.build/Objects-normal/arm64/RxSwift.swiftdoc /Users/harishvishwakarma/Library/Developer/Xcode/DerivedData/Revolt-dharrjsambcimaaziudpvzjdcigm/Build/Products/Debug-iphoneos/RxSwift.swiftmodule/arm64-apple-ios.swiftdoc

Copy /Users/harishvishwakarma/Library/Developer/Xcode/DerivedData/Revolt-dharrjsambcimaaziudpvzjdcigm/Build/Products/Debug-iphoneos/RxSwift.swiftmodule/arm64-apple-ios.abi.json /Users/harishvishwakarma/Library/Developer/Xcode/DerivedData/Revolt-dharrjsambcimaaziudpvzjdcigm/Build/Intermediates.noindex/RxSwift.build/Debug-iphoneos/RxSwift.build/Objects-normal/arm64/RxSwift.abi.json (in target 'RxSwift' from project 'RxSwift')
    cd /Users/harishvishwakarma/Library/Developer/Xcode/DerivedData/Revolt-dharrjsambcimaaziudpvzjdcigm/SourcePackages/checkouts/RxSwift
    builtin-copy -exclude .DS_Store -exclude CVS -exclude .svn -exclude .git -exclude .hg -resolve-src-symlinks -rename /Users/harishvishwakarma/Library/Developer/Xcode/DerivedData/Revolt-dharrjsambcimaaziudpvzjdcigm/Build/Intermediates.noindex/RxSwift.build/Debug-iphoneos/RxSwift.build/Objects-normal/arm64/RxSwift.abi.json /Users/harishvishwakarma/Library/Developer/Xcode/DerivedData/Revolt-dharrjsambcimaaziudpvzjdcigm/Build/Products/Debug-iphoneos/RxSwift.swiftmodule/arm64-apple-ios.abi.json

Copy /Users/harishvishwakarma/Library/Developer/Xcode/DerivedData/Revolt-dharrjsambcimaaziudpvzjdcigm/Build/Products/Debug-iphoneos/RxSwift.swiftmodule/Project/arm64-apple-ios.swiftsourceinfo /Users/harishvishwakarma/Library/Developer/Xcode/DerivedData/Revolt-dharrjsambcimaaziudpvzjdcigm/Build/Intermediates.noindex/RxSwift.build/Debug-iphoneos/RxSwift.build/Objects-normal/arm64/RxSwift.swiftsourceinfo (in target 'RxSwift' from project 'RxSwift')
    cd /Users/harishvishwakarma/Library/Developer/Xcode/DerivedData/Revolt-dharrjsambcimaaziudpvzjdcigm/SourcePackages/checkouts/RxSwift
    builtin-copy -exclude .DS_Store -exclude CVS -exclude .svn -exclude .git -exclude .hg -resolve-src-symlinks -rename /Users/harishvishwakarma/Library/Developer/Xcode/DerivedData/Revolt-dharrjsambcimaaziudpvzjdcigm/Build/Intermediates.noindex/RxSwift.build/Debug-iphoneos/RxSwift.build/Objects-normal/arm64/RxSwift.swiftsourceinfo /Users/harishvishwakarma/Library/Developer/Xcode/DerivedData/Revolt-dharrjsambcimaaziudpvzjdcigm/Build/Products/Debug-iphoneos/RxSwift.swiftmodule/Project/arm64-apple-ios.swiftsourceinfo

Copy /Users/harishvishwakarma/Library/Developer/Xcode/DerivedData/Revolt-dharrjsambcimaaziudpvzjdcigm/Build/Products/Debug-iphoneos/HCaptcha.swiftmodule/arm64-apple-ios.abi.json /Users/harishvishwakarma/Library/Developer/Xcode/DerivedData/Revolt-dharrjsambcimaaziudpvzjdcigm/Build/Intermediates.noindex/HCaptcha.build/Debug-iphoneos/HCaptcha.build/Objects-normal/arm64/HCaptcha.abi.json (in target 'HCaptcha' from project 'HCaptcha')
    cd /Users/harishvishwakarma/Library/Developer/Xcode/DerivedData/Revolt-dharrjsambcimaaziudpvzjdcigm/SourcePackages/checkouts/HCaptcha-ios-sdk
    builtin-copy -exclude .DS_Store -exclude CVS -exclude .svn -exclude .git -exclude .hg -resolve-src-symlinks -rename /Users/harishvishwakarma/Library/Developer/Xcode/DerivedData/Revolt-dharrjsambcimaaziudpvzjdcigm/Build/Intermediates.noindex/HCaptcha.build/Debug-iphoneos/HCaptcha.build/Objects-normal/arm64/HCaptcha.abi.json /Users/harishvishwakarma/Library/Developer/Xcode/DerivedData/Revolt-dharrjsambcimaaziudpvzjdcigm/Build/Products/Debug-iphoneos/HCaptcha.swiftmodule/arm64-apple-ios.abi.json

Copy /Users/harishvishwakarma/Library/Developer/Xcode/DerivedData/Revolt-dharrjsambcimaaziudpvzjdcigm/Build/Products/Debug-iphoneos/HCaptcha.swiftmodule/Project/arm64-apple-ios.swiftsourceinfo /Users/harishvishwakarma/Library/Developer/Xcode/DerivedData/Revolt-dharrjsambcimaaziudpvzjdcigm/Build/Intermediates.noindex/HCaptcha.build/Debug-iphoneos/HCaptcha.build/Objects-normal/arm64/HCaptcha.swiftsourceinfo (in target 'HCaptcha' from project 'HCaptcha')
    cd /Users/harishvishwakarma/Library/Developer/Xcode/DerivedData/Revolt-dharrjsambcimaaziudpvzjdcigm/SourcePackages/checkouts/HCaptcha-ios-sdk
    builtin-copy -exclude .DS_Store -exclude CVS -exclude .svn -exclude .git -exclude .hg -resolve-src-symlinks -rename /Users/harishvishwakarma/Library/Developer/Xcode/DerivedData/Revolt-dharrjsambcimaaziudpvzjdcigm/Build/Intermediates.noindex/HCaptcha.build/Debug-iphoneos/HCaptcha.build/Objects-normal/arm64/HCaptcha.swiftsourceinfo /Users/harishvishwakarma/Library/Developer/Xcode/DerivedData/Revolt-dharrjsambcimaaziudpvzjdcigm/Build/Products/Debug-iphoneos/HCaptcha.swiftmodule/Project/arm64-apple-ios.swiftsourceinfo

PrecompileModule /Users/harishvishwakarma/Library/Developer/Xcode/DerivedData/Revolt-dharrjsambcimaaziudpvzjdcigm/Build/Intermediates.noindex/ExplicitPrecompiledModules/os_availability_internal-2BISJJZMIUPEFJJJ1RK6FIK2I.scan
    cd /Users/harishvishwakarma/Handy/Archem/pepchat-ios/Revolt.xcodeproj
    builtin-precompileModule /Users/harishvishwakarma/Library/Developer/Xcode/DerivedData/Revolt-dharrjsambcimaaziudpvzjdcigm/Build/Intermediates.noindex/ExplicitPrecompiledModules/os_availability_internal-2BISJJZMIUPEFJJJ1RK6FIK2I.scan

PrecompileModule /Users/harishvishwakarma/Library/Developer/Xcode/DerivedData/Revolt-dharrjsambcimaaziudpvzjdcigm/Build/Intermediates.noindex/ExplicitPrecompiledModules/ptrcheck-CWI2ZIUX8DHOATROE1FGI4RQJ.scan
    cd /Users/harishvishwakarma/Handy/Archem/pepchat-ios/Revolt.xcodeproj
    builtin-precompileModule /Users/harishvishwakarma/Library/Developer/Xcode/DerivedData/Revolt-dharrjsambcimaaziudpvzjdcigm/Build/Intermediates.noindex/ExplicitPrecompiledModules/ptrcheck-CWI2ZIUX8DHOATROE1FGI4RQJ.scan

ScanDependencies /Users/harishvishwakarma/Library/Developer/Xcode/DerivedData/Revolt-dharrjsambcimaaziudpvzjdcigm/Build/Intermediates.noindex/Down.build/Debug-iphoneos/libcmark.build/Objects-normal/arm64/inlines.o /Users/harishvishwakarma/Library/Developer/Xcode/DerivedData/Revolt-dharrjsambcimaaziudpvzjdcigm/SourcePackages/checkouts/Down/Sources/cmark/inlines.c normal arm64 c com.apple.compilers.llvm.clang.1_0.compiler (in target 'libcmark' from project 'Down')
    cd /Users/harishvishwakarma/Handy/Archem/pepchat-ios/Revolt.xcodeproj
    
    Using response file: /Users/harishvishwakarma/Library/Developer/Xcode/DerivedData/Revolt-dharrjsambcimaaziudpvzjdcigm/Build/Intermediates.noindex/Down.build/Debug-iphoneos/libcmark.build/Objects-normal/arm64/7187679823f38a2a940e0043cdf9d637-common-args.resp
    
    builtin-ScanDependencies -o /Users/harishvishwakarma/Library/Developer/Xcode/DerivedData/Revolt-dharrjsambcimaaziudpvzjdcigm/Build/Intermediates.noindex/Down.build/Debug-iphoneos/libcmark.build/Objects-normal/arm64/inlines.o.scan -- /Applications/Xcode.app/Contents/Developer/Toolchains/XcodeDefault.xctoolchain/usr/bin/clang -x c -ivfsstatcache /Users/harishvishwakarma/Library/Developer/Xcode/DerivedData/SDKStatCaches.noindex/iphoneos18.5-22F76-7fa4eea80a99bbfdc046826b63ec4baf.sdkstatcache -fmessage-length\=0 -fdiagnostics-show-note-include-stack -fmacro-backtrace-limit\=0 -fno-color-diagnostics -fmodules-prune-interval\=86400 -fmodules-prune-after\=345600 -fbuild-session-file\=/Users/harishvishwakarma/Library/Developer/Xcode/DerivedData/ModuleCache.noindex/Session.modulevalidation -fmodules-validate-once-per-build-session -Wnon-modular-include-in-framework-module -Werror\=non-modular-include-in-framework-module -Wno-trigraphs -Wno-missing-field-initializers -Wno-missing-prototypes -Wno-return-type -Wno-missing-braces -Wparentheses -Wswitch -Wno-unused-function -Wno-unused-label -Wno-unused-parameter -Wno-unused-variable -Wunused-value -Wno-empty-body -Wno-uninitialized -Wno-unknown-pragmas -w -Wno-shadow -Wno-four-char-constants -Wno-conversion -Wno-constant-conversion -Wno-int-conversion -Wno-bool-conversion -Wno-enum-conversion -Wno-float-conversion -Wno-non-literal-null-conversion -Wno-objc-literal-conversion -Wshorten-64-to-32 -Wpointer-sign -Wno-newline-eof -Wno-implicit-fallthrough -fstrict-aliasing -Wdeprecated-declarations -Wno-sign-conversion -Wno-infinite-recursion -Wno-comma -Wno-block-capture-autoreleasing -Wno-strict-prototypes -Wno-semicolon-before-method-body -index-store-path /Users/harishvishwakarma/Library/Developer/Xcode/DerivedData/Revolt-dharrjsambcimaaziudpvzjdcigm/Index.noindex/DataStore @/Users/harishvishwakarma/Library/Developer/Xcode/DerivedData/Revolt-dharrjsambcimaaziudpvzjdcigm/Build/Intermediates.noindex/Down.build/Debug-iphoneos/libcmark.build/Objects-normal/arm64/7187679823f38a2a940e0043cdf9d637-common-args.resp -MMD -MT dependencies -MF /Users/harishvishwakarma/Library/Developer/Xcode/DerivedData/Revolt-dharrjsambcimaaziudpvzjdcigm/Build/Intermediates.noindex/Down.build/Debug-iphoneos/libcmark.build/Objects-normal/arm64/inlines.d --serialize-diagnostics /Users/harishvishwakarma/Library/Developer/Xcode/DerivedData/Revolt-dharrjsambcimaaziudpvzjdcigm/Build/Intermediates.noindex/Down.build/Debug-iphoneos/libcmark.build/Objects-normal/arm64/inlines.dia -c /Users/harishvishwakarma/Library/Developer/Xcode/DerivedData/Revolt-dharrjsambcimaaziudpvzjdcigm/SourcePackages/checkouts/Down/Sources/cmark/inlines.c -o /Users/harishvishwakarma/Library/Developer/Xcode/DerivedData/Revolt-dharrjsambcimaaziudpvzjdcigm/Build/Intermediates.noindex/Down.build/Debug-iphoneos/libcmark.build/Objects-normal/arm64/inlines.o -index-unit-output-path /Down.build/Debug-iphoneos/libcmark.build/Objects-normal/arm64/inlines.o

SwiftDriverJobDiscovery normal arm64 Emitting module for IssueReporting (in target 'IssueReporting' from project 'xctest-dynamic-overlay')

SwiftDriver\ Compilation\ Requirements IssueReporting normal arm64 com.apple.xcode.tools.swift.compiler (in target 'IssueReporting' from project 'xctest-dynamic-overlay')
    cd /Users/harishvishwakarma/Handy/Archem/pepchat-ios/Revolt.xcodeproj
    builtin-Swift-Compilation-Requirements -- /Applications/Xcode.app/Contents/Developer/Toolchains/XcodeDefault.xctoolchain/usr/bin/swiftc -module-name IssueReporting -Onone -enforce-exclusivity\=checked @/Users/harishvishwakarma/Library/Developer/Xcode/DerivedData/Revolt-dharrjsambcimaaziudpvzjdcigm/Build/Intermediates.noindex/xctest-dynamic-overlay.build/Debug-iphoneos/IssueReporting.build/Objects-normal/arm64/IssueReporting.SwiftFileList -DSWIFT_PACKAGE -DDEBUG -DXcode -plugin-path /Applications/Xcode.app/Contents/Developer/Toolchains/XcodeDefault.xctoolchain/usr/lib/swift/host/plugins/testing -enable-experimental-feature DebugDescriptionMacro -sdk /Applications/Xcode.app/Contents/Developer/Platforms/iPhoneOS.platform/Developer/SDKs/iPhoneOS18.5.sdk -target arm64-apple-ios13.0 -g -module-cache-path /Users/harishvishwakarma/Library/Developer/Xcode/DerivedData/ModuleCache.noindex -Xfrontend -serialize-debugging-options -enable-testing -suppress-warnings -index-store-path /Users/harishvishwakarma/Library/Developer/Xcode/DerivedData/Revolt-dharrjsambcimaaziudpvzjdcigm/Index.noindex/DataStore -swift-version 6 -I /Users/harishvishwakarma/Library/Developer/Xcode/DerivedData/Revolt-dharrjsambcimaaziudpvzjdcigm/Build/Products/Debug-iphoneos -I /Applications/Xcode.app/Contents/Developer/Platforms/iPhoneOS.platform/Developer/usr/lib -F /Users/harishvishwakarma/Library/Developer/Xcode/DerivedData/Revolt-dharrjsambcimaaziudpvzjdcigm/Build/Products/Debug-iphoneos -F /Applications/Xcode.app/Contents/Developer/Platforms/iPhoneOS.platform/Developer/Library/Frameworks -F /Applications/Xcode.app/Contents/Developer/Platforms/iPhoneOS.platform/Developer/SDKs/iPhoneOS18.5.sdk/Developer/Library/Frameworks -c -j12 -enable-batch-mode -incremental -Xcc -ivfsstatcache -Xcc /Users/harishvishwakarma/Library/Developer/Xcode/DerivedData/SDKStatCaches.noindex/iphoneos18.5-22F76-7fa4eea80a99bbfdc046826b63ec4baf.sdkstatcache -output-file-map /Users/harishvishwakarma/Library/Developer/Xcode/DerivedData/Revolt-dharrjsambcimaaziudpvzjdcigm/Build/Intermediates.noindex/xctest-dynamic-overlay.build/Debug-iphoneos/IssueReporting.build/Objects-normal/arm64/IssueReporting-OutputFileMap.json -use-frontend-parseable-output -save-temps -no-color-diagnostics -serialize-diagnostics -emit-dependencies -emit-module -emit-module-path /Users/harishvishwakarma/Library/Developer/Xcode/DerivedData/Revolt-dharrjsambcimaaziudpvzjdcigm/Build/Intermediates.noindex/xctest-dynamic-overlay.build/Debug-iphoneos/IssueReporting.build/Objects-normal/arm64/IssueReporting.swiftmodule -user-module-version 1.4.1 -validate-clang-modules-once -clang-build-session-file /Users/harishvishwakarma/Library/Developer/Xcode/DerivedData/ModuleCache.noindex/Session.modulevalidation -package-name xctest_dynamic_overlay -Xcc -I/Users/harishvishwakarma/Library/Developer/Xcode/DerivedData/Revolt-dharrjsambcimaaziudpvzjdcigm/Build/Intermediates.noindex/xctest-dynamic-overlay.build/Debug-iphoneos/IssueReporting.build/swift-overrides.hmap -emit-const-values -Xfrontend -const-gather-protocols-file -Xfrontend /Users/harishvishwakarma/Library/Developer/Xcode/DerivedData/Revolt-dharrjsambcimaaziudpvzjdcigm/Build/Intermediates.noindex/xctest-dynamic-overlay.build/Debug-iphoneos/IssueReporting.build/Objects-normal/arm64/IssueReporting_const_extract_protocols.json -Xcc -I/Users/harishvishwakarma/Library/Developer/Xcode/DerivedData/Revolt-dharrjsambcimaaziudpvzjdcigm/Build/Products/Debug-iphoneos/include -Xcc -I/Users/harishvishwakarma/Library/Developer/Xcode/DerivedData/Revolt-dharrjsambcimaaziudpvzjdcigm/Build/Intermediates.noindex/xctest-dynamic-overlay.build/Debug-iphoneos/IssueReporting.build/DerivedSources-normal/arm64 -Xcc -I/Users/harishvishwakarma/Library/Developer/Xcode/DerivedData/Revolt-dharrjsambcimaaziudpvzjdcigm/Build/Intermediates.noindex/xctest-dynamic-overlay.build/Debug-iphoneos/IssueReporting.build/DerivedSources/arm64 -Xcc -I/Users/harishvishwakarma/Library/Developer/Xcode/DerivedData/Revolt-dharrjsambcimaaziudpvzjdcigm/Build/Intermediates.noindex/xctest-dynamic-overlay.build/Debug-iphoneos/IssueReporting.build/DerivedSources -Xcc -DSWIFT_PACKAGE -Xcc -DDEBUG\=1 -emit-objc-header -emit-objc-header-path /Users/harishvishwakarma/Library/Developer/Xcode/DerivedData/Revolt-dharrjsambcimaaziudpvzjdcigm/Build/Intermediates.noindex/xctest-dynamic-overlay.build/Debug-iphoneos/IssueReporting.build/Objects-normal/arm64/IssueReporting-Swift.h -working-directory /Users/harishvishwakarma/Handy/Archem/pepchat-ios/Revolt.xcodeproj -experimental-emit-module-separately -disable-cmo

SwiftDriverJobDiscovery normal arm64 Emitting module for ExyteGrid (in target 'ExyteGrid' from project 'ExyteGrid')

ScanDependencies /Users/harishvishwakarma/Library/Developer/Xcode/DerivedData/Revolt-dharrjsambcimaaziudpvzjdcigm/Build/Intermediates.noindex/Down.build/Debug-iphoneos/libcmark.build/Objects-normal/arm64/html.o /Users/harishvishwakarma/Library/Developer/Xcode/DerivedData/Revolt-dharrjsambcimaaziudpvzjdcigm/SourcePackages/checkouts/Down/Sources/cmark/html.c normal arm64 c com.apple.compilers.llvm.clang.1_0.compiler (in target 'libcmark' from project 'Down')
    cd /Users/harishvishwakarma/Handy/Archem/pepchat-ios/Revolt.xcodeproj
    
    Using response file: /Users/harishvishwakarma/Library/Developer/Xcode/DerivedData/Revolt-dharrjsambcimaaziudpvzjdcigm/Build/Intermediates.noindex/Down.build/Debug-iphoneos/libcmark.build/Objects-normal/arm64/7187679823f38a2a940e0043cdf9d637-common-args.resp
    
    builtin-ScanDependencies -o /Users/harishvishwakarma/Library/Developer/Xcode/DerivedData/Revolt-dharrjsambcimaaziudpvzjdcigm/Build/Intermediates.noindex/Down.build/Debug-iphoneos/libcmark.build/Objects-normal/arm64/html.o.scan -- /Applications/Xcode.app/Contents/Developer/Toolchains/XcodeDefault.xctoolchain/usr/bin/clang -x c -ivfsstatcache /Users/harishvishwakarma/Library/Developer/Xcode/DerivedData/SDKStatCaches.noindex/iphoneos18.5-22F76-7fa4eea80a99bbfdc046826b63ec4baf.sdkstatcache -fmessage-length\=0 -fdiagnostics-show-note-include-stack -fmacro-backtrace-limit\=0 -fno-color-diagnostics -fmodules-prune-interval\=86400 -fmodules-prune-after\=345600 -fbuild-session-file\=/Users/harishvishwakarma/Library/Developer/Xcode/DerivedData/ModuleCache.noindex/Session.modulevalidation -fmodules-validate-once-per-build-session -Wnon-modular-include-in-framework-module -Werror\=non-modular-include-in-framework-module -Wno-trigraphs -Wno-missing-field-initializers -Wno-missing-prototypes -Wno-return-type -Wno-missing-braces -Wparentheses -Wswitch -Wno-unused-function -Wno-unused-label -Wno-unused-parameter -Wno-unused-variable -Wunused-value -Wno-empty-body -Wno-uninitialized -Wno-unknown-pragmas -w -Wno-shadow -Wno-four-char-constants -Wno-conversion -Wno-constant-conversion -Wno-int-conversion -Wno-bool-conversion -Wno-enum-conversion -Wno-float-conversion -Wno-non-literal-null-conversion -Wno-objc-literal-conversion -Wshorten-64-to-32 -Wpointer-sign -Wno-newline-eof -Wno-implicit-fallthrough -fstrict-aliasing -Wdeprecated-declarations -Wno-sign-conversion -Wno-infinite-recursion -Wno-comma -Wno-block-capture-autoreleasing -Wno-strict-prototypes -Wno-semicolon-before-method-body -index-store-path /Users/harishvishwakarma/Library/Developer/Xcode/DerivedData/Revolt-dharrjsambcimaaziudpvzjdcigm/Index.noindex/DataStore @/Users/harishvishwakarma/Library/Developer/Xcode/DerivedData/Revolt-dharrjsambcimaaziudpvzjdcigm/Build/Intermediates.noindex/Down.build/Debug-iphoneos/libcmark.build/Objects-normal/arm64/7187679823f38a2a940e0043cdf9d637-common-args.resp -MMD -MT dependencies -MF /Users/harishvishwakarma/Library/Developer/Xcode/DerivedData/Revolt-dharrjsambcimaaziudpvzjdcigm/Build/Intermediates.noindex/Down.build/Debug-iphoneos/libcmark.build/Objects-normal/arm64/html.d --serialize-diagnostics /Users/harishvishwakarma/Library/Developer/Xcode/DerivedData/Revolt-dharrjsambcimaaziudpvzjdcigm/Build/Intermediates.noindex/Down.build/Debug-iphoneos/libcmark.build/Objects-normal/arm64/html.dia -c /Users/harishvishwakarma/Library/Developer/Xcode/DerivedData/Revolt-dharrjsambcimaaziudpvzjdcigm/SourcePackages/checkouts/Down/Sources/cmark/html.c -o /Users/harishvishwakarma/Library/Developer/Xcode/DerivedData/Revolt-dharrjsambcimaaziudpvzjdcigm/Build/Intermediates.noindex/Down.build/Debug-iphoneos/libcmark.build/Objects-normal/arm64/html.o -index-unit-output-path /Down.build/Debug-iphoneos/libcmark.build/Objects-normal/arm64/html.o

ScanDependencies /Users/harishvishwakarma/Library/Developer/Xcode/DerivedData/Revolt-dharrjsambcimaaziudpvzjdcigm/Build/Intermediates.noindex/Down.build/Debug-iphoneos/libcmark.build/Objects-normal/arm64/houdini_html_u.o /Users/harishvishwakarma/Library/Developer/Xcode/DerivedData/Revolt-dharrjsambcimaaziudpvzjdcigm/SourcePackages/checkouts/Down/Sources/cmark/houdini_html_u.c normal arm64 c com.apple.compilers.llvm.clang.1_0.compiler (in target 'libcmark' from project 'Down')
    cd /Users/harishvishwakarma/Handy/Archem/pepchat-ios/Revolt.xcodeproj
    
    Using response file: /Users/harishvishwakarma/Library/Developer/Xcode/DerivedData/Revolt-dharrjsambcimaaziudpvzjdcigm/Build/Intermediates.noindex/Down.build/Debug-iphoneos/libcmark.build/Objects-normal/arm64/7187679823f38a2a940e0043cdf9d637-common-args.resp
    
    builtin-ScanDependencies -o /Users/harishvishwakarma/Library/Developer/Xcode/DerivedData/Revolt-dharrjsambcimaaziudpvzjdcigm/Build/Intermediates.noindex/Down.build/Debug-iphoneos/libcmark.build/Objects-normal/arm64/houdini_html_u.o.scan -- /Applications/Xcode.app/Contents/Developer/Toolchains/XcodeDefault.xctoolchain/usr/bin/clang -x c -ivfsstatcache /Users/harishvishwakarma/Library/Developer/Xcode/DerivedData/SDKStatCaches.noindex/iphoneos18.5-22F76-7fa4eea80a99bbfdc046826b63ec4baf.sdkstatcache -fmessage-length\=0 -fdiagnostics-show-note-include-stack -fmacro-backtrace-limit\=0 -fno-color-diagnostics -fmodules-prune-interval\=86400 -fmodules-prune-after\=345600 -fbuild-session-file\=/Users/harishvishwakarma/Library/Developer/Xcode/DerivedData/ModuleCache.noindex/Session.modulevalidation -fmodules-validate-once-per-build-session -Wnon-modular-include-in-framework-module -Werror\=non-modular-include-in-framework-module -Wno-trigraphs -Wno-missing-field-initializers -Wno-missing-prototypes -Wno-return-type -Wno-missing-braces -Wparentheses -Wswitch -Wno-unused-function -Wno-unused-label -Wno-unused-parameter -Wno-unused-variable -Wunused-value -Wno-empty-body -Wno-uninitialized -Wno-unknown-pragmas -w -Wno-shadow -Wno-four-char-constants -Wno-conversion -Wno-constant-conversion -Wno-int-conversion -Wno-bool-conversion -Wno-enum-conversion -Wno-float-conversion -Wno-non-literal-null-conversion -Wno-objc-literal-conversion -Wshorten-64-to-32 -Wpointer-sign -Wno-newline-eof -Wno-implicit-fallthrough -fstrict-aliasing -Wdeprecated-declarations -Wno-sign-conversion -Wno-infinite-recursion -Wno-comma -Wno-block-capture-autoreleasing -Wno-strict-prototypes -Wno-semicolon-before-method-body -index-store-path /Users/harishvishwakarma/Library/Developer/Xcode/DerivedData/Revolt-dharrjsambcimaaziudpvzjdcigm/Index.noindex/DataStore @/Users/harishvishwakarma/Library/Developer/Xcode/DerivedData/Revolt-dharrjsambcimaaziudpvzjdcigm/Build/Intermediates.noindex/Down.build/Debug-iphoneos/libcmark.build/Objects-normal/arm64/7187679823f38a2a940e0043cdf9d637-common-args.resp -MMD -MT dependencies -MF /Users/harishvishwakarma/Library/Developer/Xcode/DerivedData/Revolt-dharrjsambcimaaziudpvzjdcigm/Build/Intermediates.noindex/Down.build/Debug-iphoneos/libcmark.build/Objects-normal/arm64/houdini_html_u.d --serialize-diagnostics /Users/harishvishwakarma/Library/Developer/Xcode/DerivedData/Revolt-dharrjsambcimaaziudpvzjdcigm/Build/Intermediates.noindex/Down.build/Debug-iphoneos/libcmark.build/Objects-normal/arm64/houdini_html_u.dia -c /Users/harishvishwakarma/Library/Developer/Xcode/DerivedData/Revolt-dharrjsambcimaaziudpvzjdcigm/SourcePackages/checkouts/Down/Sources/cmark/houdini_html_u.c -o /Users/harishvishwakarma/Library/Developer/Xcode/DerivedData/Revolt-dharrjsambcimaaziudpvzjdcigm/Build/Intermediates.noindex/Down.build/Debug-iphoneos/libcmark.build/Objects-normal/arm64/houdini_html_u.o -index-unit-output-path /Down.build/Debug-iphoneos/libcmark.build/Objects-normal/arm64/houdini_html_u.o

SwiftMergeGeneratedHeaders /Users/harishvishwakarma/Library/Developer/Xcode/DerivedData/Revolt-dharrjsambcimaaziudpvzjdcigm/Build/Intermediates.noindex/GeneratedModuleMaps-iphoneos/IssueReporting-Swift.h /Users/harishvishwakarma/Library/Developer/Xcode/DerivedData/Revolt-dharrjsambcimaaziudpvzjdcigm/Build/Intermediates.noindex/xctest-dynamic-overlay.build/Debug-iphoneos/IssueReporting.build/Objects-normal/arm64/IssueReporting-Swift.h (in target 'IssueReporting' from project 'xctest-dynamic-overlay')
    cd /Users/harishvishwakarma/Library/Developer/Xcode/DerivedData/Revolt-dharrjsambcimaaziudpvzjdcigm/SourcePackages/checkouts/xctest-dynamic-overlay
    builtin-swiftHeaderTool -arch arm64 /Users/harishvishwakarma/Library/Developer/Xcode/DerivedData/Revolt-dharrjsambcimaaziudpvzjdcigm/Build/Intermediates.noindex/xctest-dynamic-overlay.build/Debug-iphoneos/IssueReporting.build/Objects-normal/arm64/IssueReporting-Swift.h -o /Users/harishvishwakarma/Library/Developer/Xcode/DerivedData/Revolt-dharrjsambcimaaziudpvzjdcigm/Build/Intermediates.noindex/GeneratedModuleMaps-iphoneos/IssueReporting-Swift.h

Copy /Users/harishvishwakarma/Library/Developer/Xcode/DerivedData/Revolt-dharrjsambcimaaziudpvzjdcigm/Build/Products/Debug-iphoneos/IssueReporting.swiftmodule/arm64-apple-ios.swiftmodule /Users/harishvishwakarma/Library/Developer/Xcode/DerivedData/Revolt-dharrjsambcimaaziudpvzjdcigm/Build/Intermediates.noindex/xctest-dynamic-overlay.build/Debug-iphoneos/IssueReporting.build/Objects-normal/arm64/IssueReporting.swiftmodule (in target 'IssueReporting' from project 'xctest-dynamic-overlay')
    cd /Users/harishvishwakarma/Library/Developer/Xcode/DerivedData/Revolt-dharrjsambcimaaziudpvzjdcigm/SourcePackages/checkouts/xctest-dynamic-overlay
    builtin-copy -exclude .DS_Store -exclude CVS -exclude .svn -exclude .git -exclude .hg -resolve-src-symlinks -rename /Users/harishvishwakarma/Library/Developer/Xcode/DerivedData/Revolt-dharrjsambcimaaziudpvzjdcigm/Build/Intermediates.noindex/xctest-dynamic-overlay.build/Debug-iphoneos/IssueReporting.build/Objects-normal/arm64/IssueReporting.swiftmodule /Users/harishvishwakarma/Library/Developer/Xcode/DerivedData/Revolt-dharrjsambcimaaziudpvzjdcigm/Build/Products/Debug-iphoneos/IssueReporting.swiftmodule/arm64-apple-ios.swiftmodule

Copy /Users/harishvishwakarma/Library/Developer/Xcode/DerivedData/Revolt-dharrjsambcimaaziudpvzjdcigm/Build/Products/Debug-iphoneos/IssueReporting.swiftmodule/arm64-apple-ios.swiftdoc /Users/harishvishwakarma/Library/Developer/Xcode/DerivedData/Revolt-dharrjsambcimaaziudpvzjdcigm/Build/Intermediates.noindex/xctest-dynamic-overlay.build/Debug-iphoneos/IssueReporting.build/Objects-normal/arm64/IssueReporting.swiftdoc (in target 'IssueReporting' from project 'xctest-dynamic-overlay')
    cd /Users/harishvishwakarma/Library/Developer/Xcode/DerivedData/Revolt-dharrjsambcimaaziudpvzjdcigm/SourcePackages/checkouts/xctest-dynamic-overlay
    builtin-copy -exclude .DS_Store -exclude CVS -exclude .svn -exclude .git -exclude .hg -resolve-src-symlinks -rename /Users/harishvishwakarma/Library/Developer/Xcode/DerivedData/Revolt-dharrjsambcimaaziudpvzjdcigm/Build/Intermediates.noindex/xctest-dynamic-overlay.build/Debug-iphoneos/IssueReporting.build/Objects-normal/arm64/IssueReporting.swiftdoc /Users/harishvishwakarma/Library/Developer/Xcode/DerivedData/Revolt-dharrjsambcimaaziudpvzjdcigm/Build/Products/Debug-iphoneos/IssueReporting.swiftmodule/arm64-apple-ios.swiftdoc

Copy /Users/harishvishwakarma/Library/Developer/Xcode/DerivedData/Revolt-dharrjsambcimaaziudpvzjdcigm/Build/Products/Debug-iphoneos/IssueReporting.swiftmodule/arm64-apple-ios.abi.json /Users/harishvishwakarma/Library/Developer/Xcode/DerivedData/Revolt-dharrjsambcimaaziudpvzjdcigm/Build/Intermediates.noindex/xctest-dynamic-overlay.build/Debug-iphoneos/IssueReporting.build/Objects-normal/arm64/IssueReporting.abi.json (in target 'IssueReporting' from project 'xctest-dynamic-overlay')
    cd /Users/harishvishwakarma/Library/Developer/Xcode/DerivedData/Revolt-dharrjsambcimaaziudpvzjdcigm/SourcePackages/checkouts/xctest-dynamic-overlay
    builtin-copy -exclude .DS_Store -exclude CVS -exclude .svn -exclude .git -exclude .hg -resolve-src-symlinks -rename /Users/harishvishwakarma/Library/Developer/Xcode/DerivedData/Revolt-dharrjsambcimaaziudpvzjdcigm/Build/Intermediates.noindex/xctest-dynamic-overlay.build/Debug-iphoneos/IssueReporting.build/Objects-normal/arm64/IssueReporting.abi.json /Users/harishvishwakarma/Library/Developer/Xcode/DerivedData/Revolt-dharrjsambcimaaziudpvzjdcigm/Build/Products/Debug-iphoneos/IssueReporting.swiftmodule/arm64-apple-ios.abi.json

Copy /Users/harishvishwakarma/Library/Developer/Xcode/DerivedData/Revolt-dharrjsambcimaaziudpvzjdcigm/Build/Products/Debug-iphoneos/IssueReporting.swiftmodule/Project/arm64-apple-ios.swiftsourceinfo /Users/harishvishwakarma/Library/Developer/Xcode/DerivedData/Revolt-dharrjsambcimaaziudpvzjdcigm/Build/Intermediates.noindex/xctest-dynamic-overlay.build/Debug-iphoneos/IssueReporting.build/Objects-normal/arm64/IssueReporting.swiftsourceinfo (in target 'IssueReporting' from project 'xctest-dynamic-overlay')
    cd /Users/harishvishwakarma/Library/Developer/Xcode/DerivedData/Revolt-dharrjsambcimaaziudpvzjdcigm/SourcePackages/checkouts/xctest-dynamic-overlay
    builtin-copy -exclude .DS_Store -exclude CVS -exclude .svn -exclude .git -exclude .hg -resolve-src-symlinks -rename /Users/harishvishwakarma/Library/Developer/Xcode/DerivedData/Revolt-dharrjsambcimaaziudpvzjdcigm/Build/Intermediates.noindex/xctest-dynamic-overlay.build/Debug-iphoneos/IssueReporting.build/Objects-normal/arm64/IssueReporting.swiftsourceinfo /Users/harishvishwakarma/Library/Developer/Xcode/DerivedData/Revolt-dharrjsambcimaaziudpvzjdcigm/Build/Products/Debug-iphoneos/IssueReporting.swiftmodule/Project/arm64-apple-ios.swiftsourceinfo

SwiftDriver\ Compilation\ Requirements ExyteGrid normal arm64 com.apple.xcode.tools.swift.compiler (in target 'ExyteGrid' from project 'ExyteGrid')
    cd /Users/harishvishwakarma/Handy/Archem/pepchat-ios/Revolt.xcodeproj
    builtin-Swift-Compilation-Requirements -- /Applications/Xcode.app/Contents/Developer/Toolchains/XcodeDefault.xctoolchain/usr/bin/swiftc -module-name ExyteGrid -Onone -enforce-exclusivity\=checked @/Users/harishvishwakarma/Library/Developer/Xcode/DerivedData/Revolt-dharrjsambcimaaziudpvzjdcigm/Build/Intermediates.noindex/ExyteGrid.build/Debug-iphoneos/ExyteGrid.build/Objects-normal/arm64/ExyteGrid.SwiftFileList -DSWIFT_PACKAGE -DDEBUG -DXcode -plugin-path /Applications/Xcode.app/Contents/Developer/Toolchains/XcodeDefault.xctoolchain/usr/lib/swift/host/plugins/testing -enable-experimental-feature DebugDescriptionMacro -sdk /Applications/Xcode.app/Contents/Developer/Platforms/iPhoneOS.platform/Developer/SDKs/iPhoneOS18.5.sdk -target arm64-apple-ios14.0 -g -module-cache-path /Users/harishvishwakarma/Library/Developer/Xcode/DerivedData/ModuleCache.noindex -Xfrontend -serialize-debugging-options -enable-testing -suppress-warnings -index-store-path /Users/harishvishwakarma/Library/Developer/Xcode/DerivedData/Revolt-dharrjsambcimaaziudpvzjdcigm/Index.noindex/DataStore -swift-version 5 -I /Users/harishvishwakarma/Library/Developer/Xcode/DerivedData/Revolt-dharrjsambcimaaziudpvzjdcigm/Build/Products/Debug-iphoneos -I /Applications/Xcode.app/Contents/Developer/Platforms/iPhoneOS.platform/Developer/usr/lib -F /Users/harishvishwakarma/Library/Developer/Xcode/DerivedData/Revolt-dharrjsambcimaaziudpvzjdcigm/Build/Products/Debug-iphoneos -F /Applications/Xcode.app/Contents/Developer/Platforms/iPhoneOS.platform/Developer/Library/Frameworks -F /Applications/Xcode.app/Contents/Developer/Platforms/iPhoneOS.platform/Developer/SDKs/iPhoneOS18.5.sdk/Developer/Library/Frameworks -c -j12 -enable-batch-mode -incremental -Xcc -ivfsstatcache -Xcc /Users/harishvishwakarma/Library/Developer/Xcode/DerivedData/SDKStatCaches.noindex/iphoneos18.5-22F76-7fa4eea80a99bbfdc046826b63ec4baf.sdkstatcache -output-file-map /Users/harishvishwakarma/Library/Developer/Xcode/DerivedData/Revolt-dharrjsambcimaaziudpvzjdcigm/Build/Intermediates.noindex/ExyteGrid.build/Debug-iphoneos/ExyteGrid.build/Objects-normal/arm64/ExyteGrid-OutputFileMap.json -use-frontend-parseable-output -save-temps -no-color-diagnostics -serialize-diagnostics -emit-dependencies -emit-module -emit-module-path /Users/harishvishwakarma/Library/Developer/Xcode/DerivedData/Revolt-dharrjsambcimaaziudpvzjdcigm/Build/Intermediates.noindex/ExyteGrid.build/Debug-iphoneos/ExyteGrid.build/Objects-normal/arm64/ExyteGrid.swiftmodule -validate-clang-modules-once -clang-build-session-file /Users/harishvishwakarma/Library/Developer/Xcode/DerivedData/ModuleCache.noindex/Session.modulevalidation -Xcc -I/Users/harishvishwakarma/Library/Developer/Xcode/DerivedData/Revolt-dharrjsambcimaaziudpvzjdcigm/Build/Intermediates.noindex/ExyteGrid.build/Debug-iphoneos/ExyteGrid.build/swift-overrides.hmap -emit-const-values -Xfrontend -const-gather-protocols-file -Xfrontend /Users/harishvishwakarma/Library/Developer/Xcode/DerivedData/Revolt-dharrjsambcimaaziudpvzjdcigm/Build/Intermediates.noindex/ExyteGrid.build/Debug-iphoneos/ExyteGrid.build/Objects-normal/arm64/ExyteGrid_const_extract_protocols.json -Xcc -I/Users/harishvishwakarma/Library/Developer/Xcode/DerivedData/Revolt-dharrjsambcimaaziudpvzjdcigm/Build/Products/Debug-iphoneos/include -Xcc -I/Users/harishvishwakarma/Library/Developer/Xcode/DerivedData/Revolt-dharrjsambcimaaziudpvzjdcigm/Build/Intermediates.noindex/ExyteGrid.build/Debug-iphoneos/ExyteGrid.build/DerivedSources-normal/arm64 -Xcc -I/Users/harishvishwakarma/Library/Developer/Xcode/DerivedData/Revolt-dharrjsambcimaaziudpvzjdcigm/Build/Intermediates.noindex/ExyteGrid.build/Debug-iphoneos/ExyteGrid.build/DerivedSources/arm64 -Xcc -I/Users/harishvishwakarma/Library/Developer/Xcode/DerivedData/Revolt-dharrjsambcimaaziudpvzjdcigm/Build/Intermediates.noindex/ExyteGrid.build/Debug-iphoneos/ExyteGrid.build/DerivedSources -Xcc -DSWIFT_PACKAGE -Xcc -DDEBUG\=1 -emit-objc-header -emit-objc-header-path /Users/harishvishwakarma/Library/Developer/Xcode/DerivedData/Revolt-dharrjsambcimaaziudpvzjdcigm/Build/Intermediates.noindex/ExyteGrid.build/Debug-iphoneos/ExyteGrid.build/Objects-normal/arm64/ExyteGrid-Swift.h -working-directory /Users/harishvishwakarma/Handy/Archem/pepchat-ios/Revolt.xcodeproj -experimental-emit-module-separately -disable-cmo

ScanDependencies /Users/harishvishwakarma/Library/Developer/Xcode/DerivedData/Revolt-dharrjsambcimaaziudpvzjdcigm/Build/Intermediates.noindex/Down.build/Debug-iphoneos/libcmark.build/Objects-normal/arm64/houdini_html_e.o /Users/harishvishwakarma/Library/Developer/Xcode/DerivedData/Revolt-dharrjsambcimaaziudpvzjdcigm/SourcePackages/checkouts/Down/Sources/cmark/houdini_html_e.c normal arm64 c com.apple.compilers.llvm.clang.1_0.compiler (in target 'libcmark' from project 'Down')
    cd /Users/harishvishwakarma/Handy/Archem/pepchat-ios/Revolt.xcodeproj
    
    Using response file: /Users/harishvishwakarma/Library/Developer/Xcode/DerivedData/Revolt-dharrjsambcimaaziudpvzjdcigm/Build/Intermediates.noindex/Down.build/Debug-iphoneos/libcmark.build/Objects-normal/arm64/7187679823f38a2a940e0043cdf9d637-common-args.resp
    
    builtin-ScanDependencies -o /Users/harishvishwakarma/Library/Developer/Xcode/DerivedData/Revolt-dharrjsambcimaaziudpvzjdcigm/Build/Intermediates.noindex/Down.build/Debug-iphoneos/libcmark.build/Objects-normal/arm64/houdini_html_e.o.scan -- /Applications/Xcode.app/Contents/Developer/Toolchains/XcodeDefault.xctoolchain/usr/bin/clang -x c -ivfsstatcache /Users/harishvishwakarma/Library/Developer/Xcode/DerivedData/SDKStatCaches.noindex/iphoneos18.5-22F76-7fa4eea80a99bbfdc046826b63ec4baf.sdkstatcache -fmessage-length\=0 -fdiagnostics-show-note-include-stack -fmacro-backtrace-limit\=0 -fno-color-diagnostics -fmodules-prune-interval\=86400 -fmodules-prune-after\=345600 -fbuild-session-file\=/Users/harishvishwakarma/Library/Developer/Xcode/DerivedData/ModuleCache.noindex/Session.modulevalidation -fmodules-validate-once-per-build-session -Wnon-modular-include-in-framework-module -Werror\=non-modular-include-in-framework-module -Wno-trigraphs -Wno-missing-field-initializers -Wno-missing-prototypes -Wno-return-type -Wno-missing-braces -Wparentheses -Wswitch -Wno-unused-function -Wno-unused-label -Wno-unused-parameter -Wno-unused-variable -Wunused-value -Wno-empty-body -Wno-uninitialized -Wno-unknown-pragmas -w -Wno-shadow -Wno-four-char-constants -Wno-conversion -Wno-constant-conversion -Wno-int-conversion -Wno-bool-conversion -Wno-enum-conversion -Wno-float-conversion -Wno-non-literal-null-conversion -Wno-objc-literal-conversion -Wshorten-64-to-32 -Wpointer-sign -Wno-newline-eof -Wno-implicit-fallthrough -fstrict-aliasing -Wdeprecated-declarations -Wno-sign-conversion -Wno-infinite-recursion -Wno-comma -Wno-block-capture-autoreleasing -Wno-strict-prototypes -Wno-semicolon-before-method-body -index-store-path /Users/harishvishwakarma/Library/Developer/Xcode/DerivedData/Revolt-dharrjsambcimaaziudpvzjdcigm/Index.noindex/DataStore @/Users/harishvishwakarma/Library/Developer/Xcode/DerivedData/Revolt-dharrjsambcimaaziudpvzjdcigm/Build/Intermediates.noindex/Down.build/Debug-iphoneos/libcmark.build/Objects-normal/arm64/7187679823f38a2a940e0043cdf9d637-common-args.resp -MMD -MT dependencies -MF /Users/harishvishwakarma/Library/Developer/Xcode/DerivedData/Revolt-dharrjsambcimaaziudpvzjdcigm/Build/Intermediates.noindex/Down.build/Debug-iphoneos/libcmark.build/Objects-normal/arm64/houdini_html_e.d --serialize-diagnostics /Users/harishvishwakarma/Library/Developer/Xcode/DerivedData/Revolt-dharrjsambcimaaziudpvzjdcigm/Build/Intermediates.noindex/Down.build/Debug-iphoneos/libcmark.build/Objects-normal/arm64/houdini_html_e.dia -c /Users/harishvishwakarma/Library/Developer/Xcode/DerivedData/Revolt-dharrjsambcimaaziudpvzjdcigm/SourcePackages/checkouts/Down/Sources/cmark/houdini_html_e.c -o /Users/harishvishwakarma/Library/Developer/Xcode/DerivedData/Revolt-dharrjsambcimaaziudpvzjdcigm/Build/Intermediates.noindex/Down.build/Debug-iphoneos/libcmark.build/Objects-normal/arm64/houdini_html_e.o -index-unit-output-path /Down.build/Debug-iphoneos/libcmark.build/Objects-normal/arm64/houdini_html_e.o

ScanDependencies /Users/harishvishwakarma/Library/Developer/Xcode/DerivedData/Revolt-dharrjsambcimaaziudpvzjdcigm/Build/Intermediates.noindex/Down.build/Debug-iphoneos/libcmark.build/Objects-normal/arm64/houdini_href_e.o /Users/harishvishwakarma/Library/Developer/Xcode/DerivedData/Revolt-dharrjsambcimaaziudpvzjdcigm/SourcePackages/checkouts/Down/Sources/cmark/houdini_href_e.c normal arm64 c com.apple.compilers.llvm.clang.1_0.compiler (in target 'libcmark' from project 'Down')
    cd /Users/harishvishwakarma/Handy/Archem/pepchat-ios/Revolt.xcodeproj
    
    Using response file: /Users/harishvishwakarma/Library/Developer/Xcode/DerivedData/Revolt-dharrjsambcimaaziudpvzjdcigm/Build/Intermediates.noindex/Down.build/Debug-iphoneos/libcmark.build/Objects-normal/arm64/7187679823f38a2a940e0043cdf9d637-common-args.resp
    
    builtin-ScanDependencies -o /Users/harishvishwakarma/Library/Developer/Xcode/DerivedData/Revolt-dharrjsambcimaaziudpvzjdcigm/Build/Intermediates.noindex/Down.build/Debug-iphoneos/libcmark.build/Objects-normal/arm64/houdini_href_e.o.scan -- /Applications/Xcode.app/Contents/Developer/Toolchains/XcodeDefault.xctoolchain/usr/bin/clang -x c -ivfsstatcache /Users/harishvishwakarma/Library/Developer/Xcode/DerivedData/SDKStatCaches.noindex/iphoneos18.5-22F76-7fa4eea80a99bbfdc046826b63ec4baf.sdkstatcache -fmessage-length\=0 -fdiagnostics-show-note-include-stack -fmacro-backtrace-limit\=0 -fno-color-diagnostics -fmodules-prune-interval\=86400 -fmodules-prune-after\=345600 -fbuild-session-file\=/Users/harishvishwakarma/Library/Developer/Xcode/DerivedData/ModuleCache.noindex/Session.modulevalidation -fmodules-validate-once-per-build-session -Wnon-modular-include-in-framework-module -Werror\=non-modular-include-in-framework-module -Wno-trigraphs -Wno-missing-field-initializers -Wno-missing-prototypes -Wno-return-type -Wno-missing-braces -Wparentheses -Wswitch -Wno-unused-function -Wno-unused-label -Wno-unused-parameter -Wno-unused-variable -Wunused-value -Wno-empty-body -Wno-uninitialized -Wno-unknown-pragmas -w -Wno-shadow -Wno-four-char-constants -Wno-conversion -Wno-constant-conversion -Wno-int-conversion -Wno-bool-conversion -Wno-enum-conversion -Wno-float-conversion -Wno-non-literal-null-conversion -Wno-objc-literal-conversion -Wshorten-64-to-32 -Wpointer-sign -Wno-newline-eof -Wno-implicit-fallthrough -fstrict-aliasing -Wdeprecated-declarations -Wno-sign-conversion -Wno-infinite-recursion -Wno-comma -Wno-block-capture-autoreleasing -Wno-strict-prototypes -Wno-semicolon-before-method-body -index-store-path /Users/harishvishwakarma/Library/Developer/Xcode/DerivedData/Revolt-dharrjsambcimaaziudpvzjdcigm/Index.noindex/DataStore @/Users/harishvishwakarma/Library/Developer/Xcode/DerivedData/Revolt-dharrjsambcimaaziudpvzjdcigm/Build/Intermediates.noindex/Down.build/Debug-iphoneos/libcmark.build/Objects-normal/arm64/7187679823f38a2a940e0043cdf9d637-common-args.resp -MMD -MT dependencies -MF /Users/harishvishwakarma/Library/Developer/Xcode/DerivedData/Revolt-dharrjsambcimaaziudpvzjdcigm/Build/Intermediates.noindex/Down.build/Debug-iphoneos/libcmark.build/Objects-normal/arm64/houdini_href_e.d --serialize-diagnostics /Users/harishvishwakarma/Library/Developer/Xcode/DerivedData/Revolt-dharrjsambcimaaziudpvzjdcigm/Build/Intermediates.noindex/Down.build/Debug-iphoneos/libcmark.build/Objects-normal/arm64/houdini_href_e.dia -c /Users/harishvishwakarma/Library/Developer/Xcode/DerivedData/Revolt-dharrjsambcimaaziudpvzjdcigm/SourcePackages/checkouts/Down/Sources/cmark/houdini_href_e.c -o /Users/harishvishwakarma/Library/Developer/Xcode/DerivedData/Revolt-dharrjsambcimaaziudpvzjdcigm/Build/Intermediates.noindex/Down.build/Debug-iphoneos/libcmark.build/Objects-normal/arm64/houdini_href_e.o -index-unit-output-path /Down.build/Debug-iphoneos/libcmark.build/Objects-normal/arm64/houdini_href_e.o

ScanDependencies /Users/harishvishwakarma/Library/Developer/Xcode/DerivedData/Revolt-dharrjsambcimaaziudpvzjdcigm/Build/Intermediates.noindex/Down.build/Debug-iphoneos/libcmark.build/Objects-normal/arm64/commonmark.o /Users/harishvishwakarma/Library/Developer/Xcode/DerivedData/Revolt-dharrjsambcimaaziudpvzjdcigm/SourcePackages/checkouts/Down/Sources/cmark/commonmark.c normal arm64 c com.apple.compilers.llvm.clang.1_0.compiler (in target 'libcmark' from project 'Down')
    cd /Users/harishvishwakarma/Handy/Archem/pepchat-ios/Revolt.xcodeproj
    
    Using response file: /Users/harishvishwakarma/Library/Developer/Xcode/DerivedData/Revolt-dharrjsambcimaaziudpvzjdcigm/Build/Intermediates.noindex/Down.build/Debug-iphoneos/libcmark.build/Objects-normal/arm64/7187679823f38a2a940e0043cdf9d637-common-args.resp
    
    builtin-ScanDependencies -o /Users/harishvishwakarma/Library/Developer/Xcode/DerivedData/Revolt-dharrjsambcimaaziudpvzjdcigm/Build/Intermediates.noindex/Down.build/Debug-iphoneos/libcmark.build/Objects-normal/arm64/commonmark.o.scan -- /Applications/Xcode.app/Contents/Developer/Toolchains/XcodeDefault.xctoolchain/usr/bin/clang -x c -ivfsstatcache /Users/harishvishwakarma/Library/Developer/Xcode/DerivedData/SDKStatCaches.noindex/iphoneos18.5-22F76-7fa4eea80a99bbfdc046826b63ec4baf.sdkstatcache -fmessage-length\=0 -fdiagnostics-show-note-include-stack -fmacro-backtrace-limit\=0 -fno-color-diagnostics -fmodules-prune-interval\=86400 -fmodules-prune-after\=345600 -fbuild-session-file\=/Users/harishvishwakarma/Library/Developer/Xcode/DerivedData/ModuleCache.noindex/Session.modulevalidation -fmodules-validate-once-per-build-session -Wnon-modular-include-in-framework-module -Werror\=non-modular-include-in-framework-module -Wno-trigraphs -Wno-missing-field-initializers -Wno-missing-prototypes -Wno-return-type -Wno-missing-braces -Wparentheses -Wswitch -Wno-unused-function -Wno-unused-label -Wno-unused-parameter -Wno-unused-variable -Wunused-value -Wno-empty-body -Wno-uninitialized -Wno-unknown-pragmas -w -Wno-shadow -Wno-four-char-constants -Wno-conversion -Wno-constant-conversion -Wno-int-conversion -Wno-bool-conversion -Wno-enum-conversion -Wno-float-conversion -Wno-non-literal-null-conversion -Wno-objc-literal-conversion -Wshorten-64-to-32 -Wpointer-sign -Wno-newline-eof -Wno-implicit-fallthrough -fstrict-aliasing -Wdeprecated-declarations -Wno-sign-conversion -Wno-infinite-recursion -Wno-comma -Wno-block-capture-autoreleasing -Wno-strict-prototypes -Wno-semicolon-before-method-body -index-store-path /Users/harishvishwakarma/Library/Developer/Xcode/DerivedData/Revolt-dharrjsambcimaaziudpvzjdcigm/Index.noindex/DataStore @/Users/harishvishwakarma/Library/Developer/Xcode/DerivedData/Revolt-dharrjsambcimaaziudpvzjdcigm/Build/Intermediates.noindex/Down.build/Debug-iphoneos/libcmark.build/Objects-normal/arm64/7187679823f38a2a940e0043cdf9d637-common-args.resp -MMD -MT dependencies -MF /Users/harishvishwakarma/Library/Developer/Xcode/DerivedData/Revolt-dharrjsambcimaaziudpvzjdcigm/Build/Intermediates.noindex/Down.build/Debug-iphoneos/libcmark.build/Objects-normal/arm64/commonmark.d --serialize-diagnostics /Users/harishvishwakarma/Library/Developer/Xcode/DerivedData/Revolt-dharrjsambcimaaziudpvzjdcigm/Build/Intermediates.noindex/Down.build/Debug-iphoneos/libcmark.build/Objects-normal/arm64/commonmark.dia -c /Users/harishvishwakarma/Library/Developer/Xcode/DerivedData/Revolt-dharrjsambcimaaziudpvzjdcigm/SourcePackages/checkouts/Down/Sources/cmark/commonmark.c -o /Users/harishvishwakarma/Library/Developer/Xcode/DerivedData/Revolt-dharrjsambcimaaziudpvzjdcigm/Build/Intermediates.noindex/Down.build/Debug-iphoneos/libcmark.build/Objects-normal/arm64/commonmark.o -index-unit-output-path /Down.build/Debug-iphoneos/libcmark.build/Objects-normal/arm64/commonmark.o

SwiftMergeGeneratedHeaders /Users/harishvishwakarma/Library/Developer/Xcode/DerivedData/Revolt-dharrjsambcimaaziudpvzjdcigm/Build/Intermediates.noindex/GeneratedModuleMaps-iphoneos/ExyteGrid-Swift.h /Users/harishvishwakarma/Library/Developer/Xcode/DerivedData/Revolt-dharrjsambcimaaziudpvzjdcigm/Build/Intermediates.noindex/ExyteGrid.build/Debug-iphoneos/ExyteGrid.build/Objects-normal/arm64/ExyteGrid-Swift.h (in target 'ExyteGrid' from project 'ExyteGrid')
    cd /Users/harishvishwakarma/Library/Developer/Xcode/DerivedData/Revolt-dharrjsambcimaaziudpvzjdcigm/SourcePackages/checkouts/Grid
    builtin-swiftHeaderTool -arch arm64 /Users/harishvishwakarma/Library/Developer/Xcode/DerivedData/Revolt-dharrjsambcimaaziudpvzjdcigm/Build/Intermediates.noindex/ExyteGrid.build/Debug-iphoneos/ExyteGrid.build/Objects-normal/arm64/ExyteGrid-Swift.h -o /Users/harishvishwakarma/Library/Developer/Xcode/DerivedData/Revolt-dharrjsambcimaaziudpvzjdcigm/Build/Intermediates.noindex/GeneratedModuleMaps-iphoneos/ExyteGrid-Swift.h

Copy /Users/harishvishwakarma/Library/Developer/Xcode/DerivedData/Revolt-dharrjsambcimaaziudpvzjdcigm/Build/Products/Debug-iphoneos/ExyteGrid.swiftmodule/arm64-apple-ios.swiftmodule /Users/harishvishwakarma/Library/Developer/Xcode/DerivedData/Revolt-dharrjsambcimaaziudpvzjdcigm/Build/Intermediates.noindex/ExyteGrid.build/Debug-iphoneos/ExyteGrid.build/Objects-normal/arm64/ExyteGrid.swiftmodule (in target 'ExyteGrid' from project 'ExyteGrid')
    cd /Users/harishvishwakarma/Library/Developer/Xcode/DerivedData/Revolt-dharrjsambcimaaziudpvzjdcigm/SourcePackages/checkouts/Grid
    builtin-copy -exclude .DS_Store -exclude CVS -exclude .svn -exclude .git -exclude .hg -resolve-src-symlinks -rename /Users/harishvishwakarma/Library/Developer/Xcode/DerivedData/Revolt-dharrjsambcimaaziudpvzjdcigm/Build/Intermediates.noindex/ExyteGrid.build/Debug-iphoneos/ExyteGrid.build/Objects-normal/arm64/ExyteGrid.swiftmodule /Users/harishvishwakarma/Library/Developer/Xcode/DerivedData/Revolt-dharrjsambcimaaziudpvzjdcigm/Build/Products/Debug-iphoneos/ExyteGrid.swiftmodule/arm64-apple-ios.swiftmodule

SwiftDriverJobDiscovery normal arm64 Emitting module for Flow (in target 'Flow' from project 'Flow')

SwiftDriver\ Compilation\ Requirements Flow normal arm64 com.apple.xcode.tools.swift.compiler (in target 'Flow' from project 'Flow')
    cd /Users/harishvishwakarma/Handy/Archem/pepchat-ios/Revolt.xcodeproj
    builtin-Swift-Compilation-Requirements -- /Applications/Xcode.app/Contents/Developer/Toolchains/XcodeDefault.xctoolchain/usr/bin/swiftc -module-name Flow -Onone -enforce-exclusivity\=checked @/Users/harishvishwakarma/Library/Developer/Xcode/DerivedData/Revolt-dharrjsambcimaaziudpvzjdcigm/Build/Intermediates.noindex/Flow.build/Debug-iphoneos/Flow.build/Objects-normal/arm64/Flow.SwiftFileList -DSWIFT_PACKAGE -DDEBUG -DXcode -enable-upcoming-feature ExistentialAny -plugin-path /Applications/Xcode.app/Contents/Developer/Toolchains/XcodeDefault.xctoolchain/usr/lib/swift/host/plugins/testing -enable-experimental-feature DebugDescriptionMacro -sdk /Applications/Xcode.app/Contents/Developer/Platforms/iPhoneOS.platform/Developer/SDKs/iPhoneOS18.5.sdk -target arm64-apple-ios16.0 -g -module-cache-path /Users/harishvishwakarma/Library/Developer/Xcode/DerivedData/ModuleCache.noindex -Xfrontend -serialize-debugging-options -enable-testing -suppress-warnings -index-store-path /Users/harishvishwakarma/Library/Developer/Xcode/DerivedData/Revolt-dharrjsambcimaaziudpvzjdcigm/Index.noindex/DataStore -swift-version 6 -I /Users/harishvishwakarma/Library/Developer/Xcode/DerivedData/Revolt-dharrjsambcimaaziudpvzjdcigm/Build/Products/Debug-iphoneos -I /Applications/Xcode.app/Contents/Developer/Platforms/iPhoneOS.platform/Developer/usr/lib -F /Users/harishvishwakarma/Library/Developer/Xcode/DerivedData/Revolt-dharrjsambcimaaziudpvzjdcigm/Build/Products/Debug-iphoneos -F /Applications/Xcode.app/Contents/Developer/Platforms/iPhoneOS.platform/Developer/Library/Frameworks -F /Applications/Xcode.app/Contents/Developer/Platforms/iPhoneOS.platform/Developer/SDKs/iPhoneOS18.5.sdk/Developer/Library/Frameworks -c -j12 -enable-batch-mode -incremental -Xcc -ivfsstatcache -Xcc /Users/harishvishwakarma/Library/Developer/Xcode/DerivedData/SDKStatCaches.noindex/iphoneos18.5-22F76-7fa4eea80a99bbfdc046826b63ec4baf.sdkstatcache -output-file-map /Users/harishvishwakarma/Library/Developer/Xcode/DerivedData/Revolt-dharrjsambcimaaziudpvzjdcigm/Build/Intermediates.noindex/Flow.build/Debug-iphoneos/Flow.build/Objects-normal/arm64/Flow-OutputFileMap.json -use-frontend-parseable-output -save-temps -no-color-diagnostics -serialize-diagnostics -emit-dependencies -emit-module -emit-module-path /Users/harishvishwakarma/Library/Developer/Xcode/DerivedData/Revolt-dharrjsambcimaaziudpvzjdcigm/Build/Intermediates.noindex/Flow.build/Debug-iphoneos/Flow.build/Objects-normal/arm64/Flow.swiftmodule -user-module-version 2.5.0 -validate-clang-modules-once -clang-build-session-file /Users/harishvishwakarma/Library/Developer/Xcode/DerivedData/ModuleCache.noindex/Session.modulevalidation -package-name swiftui_flow -Xcc -I/Users/harishvishwakarma/Library/Developer/Xcode/DerivedData/Revolt-dharrjsambcimaaziudpvzjdcigm/Build/Intermediates.noindex/Flow.build/Debug-iphoneos/Flow.build/swift-overrides.hmap -emit-const-values -Xfrontend -const-gather-protocols-file -Xfrontend /Users/harishvishwakarma/Library/Developer/Xcode/DerivedData/Revolt-dharrjsambcimaaziudpvzjdcigm/Build/Intermediates.noindex/Flow.build/Debug-iphoneos/Flow.build/Objects-normal/arm64/Flow_const_extract_protocols.json -Xcc -I/Users/harishvishwakarma/Library/Developer/Xcode/DerivedData/Revolt-dharrjsambcimaaziudpvzjdcigm/Build/Products/Debug-iphoneos/include -Xcc -I/Users/harishvishwakarma/Library/Developer/Xcode/DerivedData/Revolt-dharrjsambcimaaziudpvzjdcigm/Build/Intermediates.noindex/Flow.build/Debug-iphoneos/Flow.build/DerivedSources-normal/arm64 -Xcc -I/Users/harishvishwakarma/Library/Developer/Xcode/DerivedData/Revolt-dharrjsambcimaaziudpvzjdcigm/Build/Intermediates.noindex/Flow.build/Debug-iphoneos/Flow.build/DerivedSources/arm64 -Xcc -I/Users/harishvishwakarma/Library/Developer/Xcode/DerivedData/Revolt-dharrjsambcimaaziudpvzjdcigm/Build/Intermediates.noindex/Flow.build/Debug-iphoneos/Flow.build/DerivedSources -Xcc -DSWIFT_PACKAGE -Xcc -DDEBUG\=1 -emit-objc-header -emit-objc-header-path /Users/harishvishwakarma/Library/Developer/Xcode/DerivedData/Revolt-dharrjsambcimaaziudpvzjdcigm/Build/Intermediates.noindex/Flow.build/Debug-iphoneos/Flow.build/Objects-normal/arm64/Flow-Swift.h -working-directory /Users/harishvishwakarma/Handy/Archem/pepchat-ios/Revolt.xcodeproj -experimental-emit-module-separately -disable-cmo

Copy /Users/harishvishwakarma/Library/Developer/Xcode/DerivedData/Revolt-dharrjsambcimaaziudpvzjdcigm/Build/Products/Debug-iphoneos/ExyteGrid.swiftmodule/arm64-apple-ios.swiftdoc /Users/harishvishwakarma/Library/Developer/Xcode/DerivedData/Revolt-dharrjsambcimaaziudpvzjdcigm/Build/Intermediates.noindex/ExyteGrid.build/Debug-iphoneos/ExyteGrid.build/Objects-normal/arm64/ExyteGrid.swiftdoc (in target 'ExyteGrid' from project 'ExyteGrid')
    cd /Users/harishvishwakarma/Library/Developer/Xcode/DerivedData/Revolt-dharrjsambcimaaziudpvzjdcigm/SourcePackages/checkouts/Grid
    builtin-copy -exclude .DS_Store -exclude CVS -exclude .svn -exclude .git -exclude .hg -resolve-src-symlinks -rename /Users/harishvishwakarma/Library/Developer/Xcode/DerivedData/Revolt-dharrjsambcimaaziudpvzjdcigm/Build/Intermediates.noindex/ExyteGrid.build/Debug-iphoneos/ExyteGrid.build/Objects-normal/arm64/ExyteGrid.swiftdoc /Users/harishvishwakarma/Library/Developer/Xcode/DerivedData/Revolt-dharrjsambcimaaziudpvzjdcigm/Build/Products/Debug-iphoneos/ExyteGrid.swiftmodule/arm64-apple-ios.swiftdoc

Copy /Users/harishvishwakarma/Library/Developer/Xcode/DerivedData/Revolt-dharrjsambcimaaziudpvzjdcigm/Build/Products/Debug-iphoneos/ExyteGrid.swiftmodule/arm64-apple-ios.abi.json /Users/harishvishwakarma/Library/Developer/Xcode/DerivedData/Revolt-dharrjsambcimaaziudpvzjdcigm/Build/Intermediates.noindex/ExyteGrid.build/Debug-iphoneos/ExyteGrid.build/Objects-normal/arm64/ExyteGrid.abi.json (in target 'ExyteGrid' from project 'ExyteGrid')
    cd /Users/harishvishwakarma/Library/Developer/Xcode/DerivedData/Revolt-dharrjsambcimaaziudpvzjdcigm/SourcePackages/checkouts/Grid
    builtin-copy -exclude .DS_Store -exclude CVS -exclude .svn -exclude .git -exclude .hg -resolve-src-symlinks -rename /Users/harishvishwakarma/Library/Developer/Xcode/DerivedData/Revolt-dharrjsambcimaaziudpvzjdcigm/Build/Intermediates.noindex/ExyteGrid.build/Debug-iphoneos/ExyteGrid.build/Objects-normal/arm64/ExyteGrid.abi.json /Users/harishvishwakarma/Library/Developer/Xcode/DerivedData/Revolt-dharrjsambcimaaziudpvzjdcigm/Build/Products/Debug-iphoneos/ExyteGrid.swiftmodule/arm64-apple-ios.abi.json

SwiftMergeGeneratedHeaders /Users/harishvishwakarma/Library/Developer/Xcode/DerivedData/Revolt-dharrjsambcimaaziudpvzjdcigm/Build/Intermediates.noindex/GeneratedModuleMaps-iphoneos/Flow-Swift.h /Users/harishvishwakarma/Library/Developer/Xcode/DerivedData/Revolt-dharrjsambcimaaziudpvzjdcigm/Build/Intermediates.noindex/Flow.build/Debug-iphoneos/Flow.build/Objects-normal/arm64/Flow-Swift.h (in target 'Flow' from project 'Flow')
    cd /Users/harishvishwakarma/Library/Developer/Xcode/DerivedData/Revolt-dharrjsambcimaaziudpvzjdcigm/SourcePackages/checkouts/SwiftUI-Flow
    builtin-swiftHeaderTool -arch arm64 /Users/harishvishwakarma/Library/Developer/Xcode/DerivedData/Revolt-dharrjsambcimaaziudpvzjdcigm/Build/Intermediates.noindex/Flow.build/Debug-iphoneos/Flow.build/Objects-normal/arm64/Flow-Swift.h -o /Users/harishvishwakarma/Library/Developer/Xcode/DerivedData/Revolt-dharrjsambcimaaziudpvzjdcigm/Build/Intermediates.noindex/GeneratedModuleMaps-iphoneos/Flow-Swift.h

Copy /Users/harishvishwakarma/Library/Developer/Xcode/DerivedData/Revolt-dharrjsambcimaaziudpvzjdcigm/Build/Products/Debug-iphoneos/Flow.swiftmodule/arm64-apple-ios.swiftmodule /Users/harishvishwakarma/Library/Developer/Xcode/DerivedData/Revolt-dharrjsambcimaaziudpvzjdcigm/Build/Intermediates.noindex/Flow.build/Debug-iphoneos/Flow.build/Objects-normal/arm64/Flow.swiftmodule (in target 'Flow' from project 'Flow')
    cd /Users/harishvishwakarma/Library/Developer/Xcode/DerivedData/Revolt-dharrjsambcimaaziudpvzjdcigm/SourcePackages/checkouts/SwiftUI-Flow
    builtin-copy -exclude .DS_Store -exclude CVS -exclude .svn -exclude .git -exclude .hg -resolve-src-symlinks -rename /Users/harishvishwakarma/Library/Developer/Xcode/DerivedData/Revolt-dharrjsambcimaaziudpvzjdcigm/Build/Intermediates.noindex/Flow.build/Debug-iphoneos/Flow.build/Objects-normal/arm64/Flow.swiftmodule /Users/harishvishwakarma/Library/Developer/Xcode/DerivedData/Revolt-dharrjsambcimaaziudpvzjdcigm/Build/Products/Debug-iphoneos/Flow.swiftmodule/arm64-apple-ios.swiftmodule

Copy /Users/harishvishwakarma/Library/Developer/Xcode/DerivedData/Revolt-dharrjsambcimaaziudpvzjdcigm/Build/Products/Debug-iphoneos/Flow.swiftmodule/arm64-apple-ios.swiftdoc /Users/harishvishwakarma/Library/Developer/Xcode/DerivedData/Revolt-dharrjsambcimaaziudpvzjdcigm/Build/Intermediates.noindex/Flow.build/Debug-iphoneos/Flow.build/Objects-normal/arm64/Flow.swiftdoc (in target 'Flow' from project 'Flow')
    cd /Users/harishvishwakarma/Library/Developer/Xcode/DerivedData/Revolt-dharrjsambcimaaziudpvzjdcigm/SourcePackages/checkouts/SwiftUI-Flow
    builtin-copy -exclude .DS_Store -exclude CVS -exclude .svn -exclude .git -exclude .hg -resolve-src-symlinks -rename /Users/harishvishwakarma/Library/Developer/Xcode/DerivedData/Revolt-dharrjsambcimaaziudpvzjdcigm/Build/Intermediates.noindex/Flow.build/Debug-iphoneos/Flow.build/Objects-normal/arm64/Flow.swiftdoc /Users/harishvishwakarma/Library/Developer/Xcode/DerivedData/Revolt-dharrjsambcimaaziudpvzjdcigm/Build/Products/Debug-iphoneos/Flow.swiftmodule/arm64-apple-ios.swiftdoc

Copy /Users/harishvishwakarma/Library/Developer/Xcode/DerivedData/Revolt-dharrjsambcimaaziudpvzjdcigm/Build/Products/Debug-iphoneos/Flow.swiftmodule/arm64-apple-ios.abi.json /Users/harishvishwakarma/Library/Developer/Xcode/DerivedData/Revolt-dharrjsambcimaaziudpvzjdcigm/Build/Intermediates.noindex/Flow.build/Debug-iphoneos/Flow.build/Objects-normal/arm64/Flow.abi.json (in target 'Flow' from project 'Flow')
    cd /Users/harishvishwakarma/Library/Developer/Xcode/DerivedData/Revolt-dharrjsambcimaaziudpvzjdcigm/SourcePackages/checkouts/SwiftUI-Flow
    builtin-copy -exclude .DS_Store -exclude CVS -exclude .svn -exclude .git -exclude .hg -resolve-src-symlinks -rename /Users/harishvishwakarma/Library/Developer/Xcode/DerivedData/Revolt-dharrjsambcimaaziudpvzjdcigm/Build/Intermediates.noindex/Flow.build/Debug-iphoneos/Flow.build/Objects-normal/arm64/Flow.abi.json /Users/harishvishwakarma/Library/Developer/Xcode/DerivedData/Revolt-dharrjsambcimaaziudpvzjdcigm/Build/Products/Debug-iphoneos/Flow.swiftmodule/arm64-apple-ios.abi.json

Copy /Users/harishvishwakarma/Library/Developer/Xcode/DerivedData/Revolt-dharrjsambcimaaziudpvzjdcigm/Build/Products/Debug-iphoneos/Flow.swiftmodule/Project/arm64-apple-ios.swiftsourceinfo /Users/harishvishwakarma/Library/Developer/Xcode/DerivedData/Revolt-dharrjsambcimaaziudpvzjdcigm/Build/Intermediates.noindex/Flow.build/Debug-iphoneos/Flow.build/Objects-normal/arm64/Flow.swiftsourceinfo (in target 'Flow' from project 'Flow')
    cd /Users/harishvishwakarma/Library/Developer/Xcode/DerivedData/Revolt-dharrjsambcimaaziudpvzjdcigm/SourcePackages/checkouts/SwiftUI-Flow
    builtin-copy -exclude .DS_Store -exclude CVS -exclude .svn -exclude .git -exclude .hg -resolve-src-symlinks -rename /Users/harishvishwakarma/Library/Developer/Xcode/DerivedData/Revolt-dharrjsambcimaaziudpvzjdcigm/Build/Intermediates.noindex/Flow.build/Debug-iphoneos/Flow.build/Objects-normal/arm64/Flow.swiftsourceinfo /Users/harishvishwakarma/Library/Developer/Xcode/DerivedData/Revolt-dharrjsambcimaaziudpvzjdcigm/Build/Products/Debug-iphoneos/Flow.swiftmodule/Project/arm64-apple-ios.swiftsourceinfo

Copy /Users/harishvishwakarma/Library/Developer/Xcode/DerivedData/Revolt-dharrjsambcimaaziudpvzjdcigm/Build/Products/Debug-iphoneos/ExyteGrid.swiftmodule/Project/arm64-apple-ios.swiftsourceinfo /Users/harishvishwakarma/Library/Developer/Xcode/DerivedData/Revolt-dharrjsambcimaaziudpvzjdcigm/Build/Intermediates.noindex/ExyteGrid.build/Debug-iphoneos/ExyteGrid.build/Objects-normal/arm64/ExyteGrid.swiftsourceinfo (in target 'ExyteGrid' from project 'ExyteGrid')
    cd /Users/harishvishwakarma/Library/Developer/Xcode/DerivedData/Revolt-dharrjsambcimaaziudpvzjdcigm/SourcePackages/checkouts/Grid
    builtin-copy -exclude .DS_Store -exclude CVS -exclude .svn -exclude .git -exclude .hg -resolve-src-symlinks -rename /Users/harishvishwakarma/Library/Developer/Xcode/DerivedData/Revolt-dharrjsambcimaaziudpvzjdcigm/Build/Intermediates.noindex/ExyteGrid.build/Debug-iphoneos/ExyteGrid.build/Objects-normal/arm64/ExyteGrid.swiftsourceinfo /Users/harishvishwakarma/Library/Developer/Xcode/DerivedData/Revolt-dharrjsambcimaaziudpvzjdcigm/Build/Products/Debug-iphoneos/ExyteGrid.swiftmodule/Project/arm64-apple-ios.swiftsourceinfo

PrecompileModule /Users/harishvishwakarma/Library/Developer/Xcode/DerivedData/Revolt-dharrjsambcimaaziudpvzjdcigm/Build/Intermediates.noindex/ExplicitPrecompiledModules/os_availability-AYS8JRXME1JLDFPD236SSKLK0.scan
    cd /Users/harishvishwakarma/Handy/Archem/pepchat-ios/Revolt.xcodeproj
    builtin-precompileModule /Users/harishvishwakarma/Library/Developer/Xcode/DerivedData/Revolt-dharrjsambcimaaziudpvzjdcigm/Build/Intermediates.noindex/ExplicitPrecompiledModules/os_availability-AYS8JRXME1JLDFPD236SSKLK0.scan

ScanDependencies /Users/harishvishwakarma/Library/Developer/Xcode/DerivedData/Revolt-dharrjsambcimaaziudpvzjdcigm/Build/Intermediates.noindex/Down.build/Debug-iphoneos/libcmark.build/Objects-normal/arm64/cmark_ctype.o /Users/harishvishwakarma/Library/Developer/Xcode/DerivedData/Revolt-dharrjsambcimaaziudpvzjdcigm/SourcePackages/checkouts/Down/Sources/cmark/cmark_ctype.c normal arm64 c com.apple.compilers.llvm.clang.1_0.compiler (in target 'libcmark' from project 'Down')
    cd /Users/harishvishwakarma/Handy/Archem/pepchat-ios/Revolt.xcodeproj
    
    Using response file: /Users/harishvishwakarma/Library/Developer/Xcode/DerivedData/Revolt-dharrjsambcimaaziudpvzjdcigm/Build/Intermediates.noindex/Down.build/Debug-iphoneos/libcmark.build/Objects-normal/arm64/7187679823f38a2a940e0043cdf9d637-common-args.resp
    
    builtin-ScanDependencies -o /Users/harishvishwakarma/Library/Developer/Xcode/DerivedData/Revolt-dharrjsambcimaaziudpvzjdcigm/Build/Intermediates.noindex/Down.build/Debug-iphoneos/libcmark.build/Objects-normal/arm64/cmark_ctype.o.scan -- /Applications/Xcode.app/Contents/Developer/Toolchains/XcodeDefault.xctoolchain/usr/bin/clang -x c -ivfsstatcache /Users/harishvishwakarma/Library/Developer/Xcode/DerivedData/SDKStatCaches.noindex/iphoneos18.5-22F76-7fa4eea80a99bbfdc046826b63ec4baf.sdkstatcache -fmessage-length\=0 -fdiagnostics-show-note-include-stack -fmacro-backtrace-limit\=0 -fno-color-diagnostics -fmodules-prune-interval\=86400 -fmodules-prune-after\=345600 -fbuild-session-file\=/Users/harishvishwakarma/Library/Developer/Xcode/DerivedData/ModuleCache.noindex/Session.modulevalidation -fmodules-validate-once-per-build-session -Wnon-modular-include-in-framework-module -Werror\=non-modular-include-in-framework-module -Wno-trigraphs -Wno-missing-field-initializers -Wno-missing-prototypes -Wno-return-type -Wno-missing-braces -Wparentheses -Wswitch -Wno-unused-function -Wno-unused-label -Wno-unused-parameter -Wno-unused-variable -Wunused-value -Wno-empty-body -Wno-uninitialized -Wno-unknown-pragmas -w -Wno-shadow -Wno-four-char-constants -Wno-conversion -Wno-constant-conversion -Wno-int-conversion -Wno-bool-conversion -Wno-enum-conversion -Wno-float-conversion -Wno-non-literal-null-conversion -Wno-objc-literal-conversion -Wshorten-64-to-32 -Wpointer-sign -Wno-newline-eof -Wno-implicit-fallthrough -fstrict-aliasing -Wdeprecated-declarations -Wno-sign-conversion -Wno-infinite-recursion -Wno-comma -Wno-block-capture-autoreleasing -Wno-strict-prototypes -Wno-semicolon-before-method-body -index-store-path /Users/harishvishwakarma/Library/Developer/Xcode/DerivedData/Revolt-dharrjsambcimaaziudpvzjdcigm/Index.noindex/DataStore @/Users/harishvishwakarma/Library/Developer/Xcode/DerivedData/Revolt-dharrjsambcimaaziudpvzjdcigm/Build/Intermediates.noindex/Down.build/Debug-iphoneos/libcmark.build/Objects-normal/arm64/7187679823f38a2a940e0043cdf9d637-common-args.resp -MMD -MT dependencies -MF /Users/harishvishwakarma/Library/Developer/Xcode/DerivedData/Revolt-dharrjsambcimaaziudpvzjdcigm/Build/Intermediates.noindex/Down.build/Debug-iphoneos/libcmark.build/Objects-normal/arm64/cmark_ctype.d --serialize-diagnostics /Users/harishvishwakarma/Library/Developer/Xcode/DerivedData/Revolt-dharrjsambcimaaziudpvzjdcigm/Build/Intermediates.noindex/Down.build/Debug-iphoneos/libcmark.build/Objects-normal/arm64/cmark_ctype.dia -c /Users/harishvishwakarma/Library/Developer/Xcode/DerivedData/Revolt-dharrjsambcimaaziudpvzjdcigm/SourcePackages/checkouts/Down/Sources/cmark/cmark_ctype.c -o /Users/harishvishwakarma/Library/Developer/Xcode/DerivedData/Revolt-dharrjsambcimaaziudpvzjdcigm/Build/Intermediates.noindex/Down.build/Debug-iphoneos/libcmark.build/Objects-normal/arm64/cmark_ctype.o -index-unit-output-path /Down.build/Debug-iphoneos/libcmark.build/Objects-normal/arm64/cmark_ctype.o

ScanDependencies /Users/harishvishwakarma/Library/Developer/Xcode/DerivedData/Revolt-dharrjsambcimaaziudpvzjdcigm/Build/Intermediates.noindex/Down.build/Debug-iphoneos/libcmark.build/Objects-normal/arm64/cmark.o /Users/harishvishwakarma/Library/Developer/Xcode/DerivedData/Revolt-dharrjsambcimaaziudpvzjdcigm/SourcePackages/checkouts/Down/Sources/cmark/cmark.c normal arm64 c com.apple.compilers.llvm.clang.1_0.compiler (in target 'libcmark' from project 'Down')
    cd /Users/harishvishwakarma/Handy/Archem/pepchat-ios/Revolt.xcodeproj
    
    Using response file: /Users/harishvishwakarma/Library/Developer/Xcode/DerivedData/Revolt-dharrjsambcimaaziudpvzjdcigm/Build/Intermediates.noindex/Down.build/Debug-iphoneos/libcmark.build/Objects-normal/arm64/7187679823f38a2a940e0043cdf9d637-common-args.resp
    
    builtin-ScanDependencies -o /Users/harishvishwakarma/Library/Developer/Xcode/DerivedData/Revolt-dharrjsambcimaaziudpvzjdcigm/Build/Intermediates.noindex/Down.build/Debug-iphoneos/libcmark.build/Objects-normal/arm64/cmark.o.scan -- /Applications/Xcode.app/Contents/Developer/Toolchains/XcodeDefault.xctoolchain/usr/bin/clang -x c -ivfsstatcache /Users/harishvishwakarma/Library/Developer/Xcode/DerivedData/SDKStatCaches.noindex/iphoneos18.5-22F76-7fa4eea80a99bbfdc046826b63ec4baf.sdkstatcache -fmessage-length\=0 -fdiagnostics-show-note-include-stack -fmacro-backtrace-limit\=0 -fno-color-diagnostics -fmodules-prune-interval\=86400 -fmodules-prune-after\=345600 -fbuild-session-file\=/Users/harishvishwakarma/Library/Developer/Xcode/DerivedData/ModuleCache.noindex/Session.modulevalidation -fmodules-validate-once-per-build-session -Wnon-modular-include-in-framework-module -Werror\=non-modular-include-in-framework-module -Wno-trigraphs -Wno-missing-field-initializers -Wno-missing-prototypes -Wno-return-type -Wno-missing-braces -Wparentheses -Wswitch -Wno-unused-function -Wno-unused-label -Wno-unused-parameter -Wno-unused-variable -Wunused-value -Wno-empty-body -Wno-uninitialized -Wno-unknown-pragmas -w -Wno-shadow -Wno-four-char-constants -Wno-conversion -Wno-constant-conversion -Wno-int-conversion -Wno-bool-conversion -Wno-enum-conversion -Wno-float-conversion -Wno-non-literal-null-conversion -Wno-objc-literal-conversion -Wshorten-64-to-32 -Wpointer-sign -Wno-newline-eof -Wno-implicit-fallthrough -fstrict-aliasing -Wdeprecated-declarations -Wno-sign-conversion -Wno-infinite-recursion -Wno-comma -Wno-block-capture-autoreleasing -Wno-strict-prototypes -Wno-semicolon-before-method-body -index-store-path /Users/harishvishwakarma/Library/Developer/Xcode/DerivedData/Revolt-dharrjsambcimaaziudpvzjdcigm/Index.noindex/DataStore @/Users/harishvishwakarma/Library/Developer/Xcode/DerivedData/Revolt-dharrjsambcimaaziudpvzjdcigm/Build/Intermediates.noindex/Down.build/Debug-iphoneos/libcmark.build/Objects-normal/arm64/7187679823f38a2a940e0043cdf9d637-common-args.resp -MMD -MT dependencies -MF /Users/harishvishwakarma/Library/Developer/Xcode/DerivedData/Revolt-dharrjsambcimaaziudpvzjdcigm/Build/Intermediates.noindex/Down.build/Debug-iphoneos/libcmark.build/Objects-normal/arm64/cmark.d --serialize-diagnostics /Users/harishvishwakarma/Library/Developer/Xcode/DerivedData/Revolt-dharrjsambcimaaziudpvzjdcigm/Build/Intermediates.noindex/Down.build/Debug-iphoneos/libcmark.build/Objects-normal/arm64/cmark.dia -c /Users/harishvishwakarma/Library/Developer/Xcode/DerivedData/Revolt-dharrjsambcimaaziudpvzjdcigm/SourcePackages/checkouts/Down/Sources/cmark/cmark.c -o /Users/harishvishwakarma/Library/Developer/Xcode/DerivedData/Revolt-dharrjsambcimaaziudpvzjdcigm/Build/Intermediates.noindex/Down.build/Debug-iphoneos/libcmark.build/Objects-normal/arm64/cmark.o -index-unit-output-path /Down.build/Debug-iphoneos/libcmark.build/Objects-normal/arm64/cmark.o

ScanDependencies /Users/harishvishwakarma/Library/Developer/Xcode/DerivedData/Revolt-dharrjsambcimaaziudpvzjdcigm/Build/Intermediates.noindex/Down.build/Debug-iphoneos/libcmark.build/Objects-normal/arm64/buffer.o /Users/harishvishwakarma/Library/Developer/Xcode/DerivedData/Revolt-dharrjsambcimaaziudpvzjdcigm/SourcePackages/checkouts/Down/Sources/cmark/buffer.c normal arm64 c com.apple.compilers.llvm.clang.1_0.compiler (in target 'libcmark' from project 'Down')
    cd /Users/harishvishwakarma/Handy/Archem/pepchat-ios/Revolt.xcodeproj
    
    Using response file: /Users/harishvishwakarma/Library/Developer/Xcode/DerivedData/Revolt-dharrjsambcimaaziudpvzjdcigm/Build/Intermediates.noindex/Down.build/Debug-iphoneos/libcmark.build/Objects-normal/arm64/7187679823f38a2a940e0043cdf9d637-common-args.resp
    
    builtin-ScanDependencies -o /Users/harishvishwakarma/Library/Developer/Xcode/DerivedData/Revolt-dharrjsambcimaaziudpvzjdcigm/Build/Intermediates.noindex/Down.build/Debug-iphoneos/libcmark.build/Objects-normal/arm64/buffer.o.scan -- /Applications/Xcode.app/Contents/Developer/Toolchains/XcodeDefault.xctoolchain/usr/bin/clang -x c -ivfsstatcache /Users/harishvishwakarma/Library/Developer/Xcode/DerivedData/SDKStatCaches.noindex/iphoneos18.5-22F76-7fa4eea80a99bbfdc046826b63ec4baf.sdkstatcache -fmessage-length\=0 -fdiagnostics-show-note-include-stack -fmacro-backtrace-limit\=0 -fno-color-diagnostics -fmodules-prune-interval\=86400 -fmodules-prune-after\=345600 -fbuild-session-file\=/Users/harishvishwakarma/Library/Developer/Xcode/DerivedData/ModuleCache.noindex/Session.modulevalidation -fmodules-validate-once-per-build-session -Wnon-modular-include-in-framework-module -Werror\=non-modular-include-in-framework-module -Wno-trigraphs -Wno-missing-field-initializers -Wno-missing-prototypes -Wno-return-type -Wno-missing-braces -Wparentheses -Wswitch -Wno-unused-function -Wno-unused-label -Wno-unused-parameter -Wno-unused-variable -Wunused-value -Wno-empty-body -Wno-uninitialized -Wno-unknown-pragmas -w -Wno-shadow -Wno-four-char-constants -Wno-conversion -Wno-constant-conversion -Wno-int-conversion -Wno-bool-conversion -Wno-enum-conversion -Wno-float-conversion -Wno-non-literal-null-conversion -Wno-objc-literal-conversion -Wshorten-64-to-32 -Wpointer-sign -Wno-newline-eof -Wno-implicit-fallthrough -fstrict-aliasing -Wdeprecated-declarations -Wno-sign-conversion -Wno-infinite-recursion -Wno-comma -Wno-block-capture-autoreleasing -Wno-strict-prototypes -Wno-semicolon-before-method-body -index-store-path /Users/harishvishwakarma/Library/Developer/Xcode/DerivedData/Revolt-dharrjsambcimaaziudpvzjdcigm/Index.noindex/DataStore @/Users/harishvishwakarma/Library/Developer/Xcode/DerivedData/Revolt-dharrjsambcimaaziudpvzjdcigm/Build/Intermediates.noindex/Down.build/Debug-iphoneos/libcmark.build/Objects-normal/arm64/7187679823f38a2a940e0043cdf9d637-common-args.resp -MMD -MT dependencies -MF /Users/harishvishwakarma/Library/Developer/Xcode/DerivedData/Revolt-dharrjsambcimaaziudpvzjdcigm/Build/Intermediates.noindex/Down.build/Debug-iphoneos/libcmark.build/Objects-normal/arm64/buffer.d --serialize-diagnostics /Users/harishvishwakarma/Library/Developer/Xcode/DerivedData/Revolt-dharrjsambcimaaziudpvzjdcigm/Build/Intermediates.noindex/Down.build/Debug-iphoneos/libcmark.build/Objects-normal/arm64/buffer.dia -c /Users/harishvishwakarma/Library/Developer/Xcode/DerivedData/Revolt-dharrjsambcimaaziudpvzjdcigm/SourcePackages/checkouts/Down/Sources/cmark/buffer.c -o /Users/harishvishwakarma/Library/Developer/Xcode/DerivedData/Revolt-dharrjsambcimaaziudpvzjdcigm/Build/Intermediates.noindex/Down.build/Debug-iphoneos/libcmark.build/Objects-normal/arm64/buffer.o -index-unit-output-path /Down.build/Debug-iphoneos/libcmark.build/Objects-normal/arm64/buffer.o

ScanDependencies /Users/harishvishwakarma/Library/Developer/Xcode/DerivedData/Revolt-dharrjsambcimaaziudpvzjdcigm/Build/Intermediates.noindex/Down.build/Debug-iphoneos/libcmark.build/Objects-normal/arm64/blocks.o /Users/harishvishwakarma/Library/Developer/Xcode/DerivedData/Revolt-dharrjsambcimaaziudpvzjdcigm/SourcePackages/checkouts/Down/Sources/cmark/blocks.c normal arm64 c com.apple.compilers.llvm.clang.1_0.compiler (in target 'libcmark' from project 'Down')
    cd /Users/harishvishwakarma/Handy/Archem/pepchat-ios/Revolt.xcodeproj
    
    Using response file: /Users/harishvishwakarma/Library/Developer/Xcode/DerivedData/Revolt-dharrjsambcimaaziudpvzjdcigm/Build/Intermediates.noindex/Down.build/Debug-iphoneos/libcmark.build/Objects-normal/arm64/7187679823f38a2a940e0043cdf9d637-common-args.resp
    
    builtin-ScanDependencies -o /Users/harishvishwakarma/Library/Developer/Xcode/DerivedData/Revolt-dharrjsambcimaaziudpvzjdcigm/Build/Intermediates.noindex/Down.build/Debug-iphoneos/libcmark.build/Objects-normal/arm64/blocks.o.scan -- /Applications/Xcode.app/Contents/Developer/Toolchains/XcodeDefault.xctoolchain/usr/bin/clang -x c -ivfsstatcache /Users/harishvishwakarma/Library/Developer/Xcode/DerivedData/SDKStatCaches.noindex/iphoneos18.5-22F76-7fa4eea80a99bbfdc046826b63ec4baf.sdkstatcache -fmessage-length\=0 -fdiagnostics-show-note-include-stack -fmacro-backtrace-limit\=0 -fno-color-diagnostics -fmodules-prune-interval\=86400 -fmodules-prune-after\=345600 -fbuild-session-file\=/Users/harishvishwakarma/Library/Developer/Xcode/DerivedData/ModuleCache.noindex/Session.modulevalidation -fmodules-validate-once-per-build-session -Wnon-modular-include-in-framework-module -Werror\=non-modular-include-in-framework-module -Wno-trigraphs -Wno-missing-field-initializers -Wno-missing-prototypes -Wno-return-type -Wno-missing-braces -Wparentheses -Wswitch -Wno-unused-function -Wno-unused-label -Wno-unused-parameter -Wno-unused-variable -Wunused-value -Wno-empty-body -Wno-uninitialized -Wno-unknown-pragmas -w -Wno-shadow -Wno-four-char-constants -Wno-conversion -Wno-constant-conversion -Wno-int-conversion -Wno-bool-conversion -Wno-enum-conversion -Wno-float-conversion -Wno-non-literal-null-conversion -Wno-objc-literal-conversion -Wshorten-64-to-32 -Wpointer-sign -Wno-newline-eof -Wno-implicit-fallthrough -fstrict-aliasing -Wdeprecated-declarations -Wno-sign-conversion -Wno-infinite-recursion -Wno-comma -Wno-block-capture-autoreleasing -Wno-strict-prototypes -Wno-semicolon-before-method-body -index-store-path /Users/harishvishwakarma/Library/Developer/Xcode/DerivedData/Revolt-dharrjsambcimaaziudpvzjdcigm/Index.noindex/DataStore @/Users/harishvishwakarma/Library/Developer/Xcode/DerivedData/Revolt-dharrjsambcimaaziudpvzjdcigm/Build/Intermediates.noindex/Down.build/Debug-iphoneos/libcmark.build/Objects-normal/arm64/7187679823f38a2a940e0043cdf9d637-common-args.resp -MMD -MT dependencies -MF /Users/harishvishwakarma/Library/Developer/Xcode/DerivedData/Revolt-dharrjsambcimaaziudpvzjdcigm/Build/Intermediates.noindex/Down.build/Debug-iphoneos/libcmark.build/Objects-normal/arm64/blocks.d --serialize-diagnostics /Users/harishvishwakarma/Library/Developer/Xcode/DerivedData/Revolt-dharrjsambcimaaziudpvzjdcigm/Build/Intermediates.noindex/Down.build/Debug-iphoneos/libcmark.build/Objects-normal/arm64/blocks.dia -c /Users/harishvishwakarma/Library/Developer/Xcode/DerivedData/Revolt-dharrjsambcimaaziudpvzjdcigm/SourcePackages/checkouts/Down/Sources/cmark/blocks.c -o /Users/harishvishwakarma/Library/Developer/Xcode/DerivedData/Revolt-dharrjsambcimaaziudpvzjdcigm/Build/Intermediates.noindex/Down.build/Debug-iphoneos/libcmark.build/Objects-normal/arm64/blocks.o -index-unit-output-path /Down.build/Debug-iphoneos/libcmark.build/Objects-normal/arm64/blocks.o

SwiftCompile normal arm64 Compiling\ ULID.swift /Users/harishvishwakarma/Library/Developer/Xcode/DerivedData/Revolt-dharrjsambcimaaziudpvzjdcigm/SourcePackages/checkouts/ULID.swift/Sources/ULID/ULID.swift (in target 'ULID' from project 'ULID.swift')

SwiftCompile normal arm64 /Users/harishvishwakarma/Library/Developer/Xcode/DerivedData/Revolt-dharrjsambcimaaziudpvzjdcigm/SourcePackages/checkouts/ULID.swift/Sources/ULID/ULID.swift (in target 'ULID' from project 'ULID.swift')
    cd /Users/harishvishwakarma/Handy/Archem/pepchat-ios/Revolt.xcodeproj
    

SwiftCompile normal arm64 Compiling\ Data+Base32.swift /Users/harishvishwakarma/Library/Developer/Xcode/DerivedData/Revolt-dharrjsambcimaaziudpvzjdcigm/SourcePackages/checkouts/ULID.swift/Sources/ULID/Data+Base32.swift (in target 'ULID' from project 'ULID.swift')

SwiftCompile normal arm64 /Users/harishvishwakarma/Library/Developer/Xcode/DerivedData/Revolt-dharrjsambcimaaziudpvzjdcigm/SourcePackages/checkouts/ULID.swift/Sources/ULID/Data+Base32.swift (in target 'ULID' from project 'ULID.swift')
    cd /Users/harishvishwakarma/Handy/Archem/pepchat-ios/Revolt.xcodeproj
    

SwiftCompile normal arm64 Compiling\ Message.swift /Users/harishvishwakarma/Handy/Archem/pepchat-ios/Types/Message.swift (in target 'Types' from project 'Revolt')
SwiftCompile normal arm64 /Users/harishvishwakarma/Handy/Archem/pepchat-ios/Types/Message.swift (in target 'Types' from project 'Revolt')
    cd /Users/harishvishwakarma/Handy/Archem/pepchat-ios
    

SwiftCompile normal arm64 Compiling\ Bot.swift /Users/harishvishwakarma/Handy/Archem/pepchat-ios/Types/Bot.swift (in target 'Types' from project 'Revolt')

SwiftCompile normal arm64 /Users/harishvishwakarma/Handy/Archem/pepchat-ios/Types/Bot.swift (in target 'Types' from project 'Revolt')
    cd /Users/harishvishwakarma/Handy/Archem/pepchat-ios
    

SwiftCompile normal arm64 Compiling\ Emoji.swift,\ Invite.swift /Users/harishvishwakarma/Handy/Archem/pepchat-ios/Types/Emoji.swift /Users/harishvishwakarma/Handy/Archem/pepchat-ios/Types/Invite.swift (in target 'Types' from project 'Revolt')

SwiftCompile normal arm64 /Users/harishvishwakarma/Handy/Archem/pepchat-ios/Types/Emoji.swift (in target 'Types' from project 'Revolt')
    cd /Users/harishvishwakarma/Handy/Archem/pepchat-ios
    

SwiftCompile normal arm64 /Users/harishvishwakarma/Handy/Archem/pepchat-ios/Types/Invite.swift (in target 'Types' from project 'Revolt')
    cd /Users/harishvishwakarma/Handy/Archem/pepchat-ios
    

SwiftDriverJobDiscovery normal arm64 Emitting module for AnyCodable (in target 'AnyCodable' from project 'AnyCodable')

SwiftDriver\ Compilation\ Requirements AnyCodable normal arm64 com.apple.xcode.tools.swift.compiler (in target 'AnyCodable' from project 'AnyCodable')
    cd /Users/harishvishwakarma/Handy/Archem/pepchat-ios/Revolt.xcodeproj
    builtin-Swift-Compilation-Requirements -- /Applications/Xcode.app/Contents/Developer/Toolchains/XcodeDefault.xctoolchain/usr/bin/swiftc -module-name AnyCodable -Onone -enforce-exclusivity\=checked @/Users/harishvishwakarma/Library/Developer/Xcode/DerivedData/Revolt-dharrjsambcimaaziudpvzjdcigm/Build/Intermediates.noindex/AnyCodable.build/Debug-iphoneos/AnyCodable.build/Objects-normal/arm64/AnyCodable.SwiftFileList -DSWIFT_PACKAGE -DDEBUG -DXcode -plugin-path /Applications/Xcode.app/Contents/Developer/Toolchains/XcodeDefault.xctoolchain/usr/lib/swift/host/plugins/testing -enable-experimental-feature DebugDescriptionMacro -sdk /Applications/Xcode.app/Contents/Developer/Platforms/iPhoneOS.platform/Developer/SDKs/iPhoneOS18.5.sdk -target arm64-apple-ios12.0 -g -module-cache-path /Users/harishvishwakarma/Library/Developer/Xcode/DerivedData/ModuleCache.noindex -Xfrontend -serialize-debugging-options -enable-testing -suppress-warnings -index-store-path /Users/harishvishwakarma/Library/Developer/Xcode/DerivedData/Revolt-dharrjsambcimaaziudpvzjdcigm/Index.noindex/DataStore -swift-version 5 -I /Users/harishvishwakarma/Library/Developer/Xcode/DerivedData/Revolt-dharrjsambcimaaziudpvzjdcigm/Build/Products/Debug-iphoneos -I /Applications/Xcode.app/Contents/Developer/Platforms/iPhoneOS.platform/Developer/usr/lib -F /Users/harishvishwakarma/Library/Developer/Xcode/DerivedData/Revolt-dharrjsambcimaaziudpvzjdcigm/Build/Products/Debug-iphoneos -F /Applications/Xcode.app/Contents/Developer/Platforms/iPhoneOS.platform/Developer/Library/Frameworks -F /Applications/Xcode.app/Contents/Developer/Platforms/iPhoneOS.platform/Developer/SDKs/iPhoneOS18.5.sdk/Developer/Library/Frameworks -c -j12 -enable-batch-mode -incremental -Xcc -ivfsstatcache -Xcc /Users/harishvishwakarma/Library/Developer/Xcode/DerivedData/SDKStatCaches.noindex/iphoneos18.5-22F76-7fa4eea80a99bbfdc046826b63ec4baf.sdkstatcache -output-file-map /Users/harishvishwakarma/Library/Developer/Xcode/DerivedData/Revolt-dharrjsambcimaaziudpvzjdcigm/Build/Intermediates.noindex/AnyCodable.build/Debug-iphoneos/AnyCodable.build/Objects-normal/arm64/AnyCodable-OutputFileMap.json -use-frontend-parseable-output -save-temps -no-color-diagnostics -serialize-diagnostics -emit-dependencies -emit-module -emit-module-path /Users/harishvishwakarma/Library/Developer/Xcode/DerivedData/Revolt-dharrjsambcimaaziudpvzjdcigm/Build/Intermediates.noindex/AnyCodable.build/Debug-iphoneos/AnyCodable.build/Objects-normal/arm64/AnyCodable.swiftmodule -validate-clang-modules-once -clang-build-session-file /Users/harishvishwakarma/Library/Developer/Xcode/DerivedData/ModuleCache.noindex/Session.modulevalidation -Xcc -I/Users/harishvishwakarma/Library/Developer/Xcode/DerivedData/Revolt-dharrjsambcimaaziudpvzjdcigm/Build/Intermediates.noindex/AnyCodable.build/Debug-iphoneos/AnyCodable.build/swift-overrides.hmap -emit-const-values -Xfrontend -const-gather-protocols-file -Xfrontend /Users/harishvishwakarma/Library/Developer/Xcode/DerivedData/Revolt-dharrjsambcimaaziudpvzjdcigm/Build/Intermediates.noindex/AnyCodable.build/Debug-iphoneos/AnyCodable.build/Objects-normal/arm64/AnyCodable_const_extract_protocols.json -Xcc -I/Users/harishvishwakarma/Library/Developer/Xcode/DerivedData/Revolt-dharrjsambcimaaziudpvzjdcigm/Build/Products/Debug-iphoneos/include -Xcc -I/Users/harishvishwakarma/Library/Developer/Xcode/DerivedData/Revolt-dharrjsambcimaaziudpvzjdcigm/Build/Intermediates.noindex/AnyCodable.build/Debug-iphoneos/AnyCodable.build/DerivedSources-normal/arm64 -Xcc -I/Users/harishvishwakarma/Library/Developer/Xcode/DerivedData/Revolt-dharrjsambcimaaziudpvzjdcigm/Build/Intermediates.noindex/AnyCodable.build/Debug-iphoneos/AnyCodable.build/DerivedSources/arm64 -Xcc -I/Users/harishvishwakarma/Library/Developer/Xcode/DerivedData/Revolt-dharrjsambcimaaziudpvzjdcigm/Build/Intermediates.noindex/AnyCodable.build/Debug-iphoneos/AnyCodable.build/DerivedSources -Xcc -DSWIFT_PACKAGE -Xcc -DDEBUG\=1 -emit-objc-header -emit-objc-header-path /Users/harishvishwakarma/Library/Developer/Xcode/DerivedData/Revolt-dharrjsambcimaaziudpvzjdcigm/Build/Intermediates.noindex/AnyCodable.build/Debug-iphoneos/AnyCodable.build/Objects-normal/arm64/AnyCodable-Swift.h -working-directory /Users/harishvishwakarma/Handy/Archem/pepchat-ios/Revolt.xcodeproj -experimental-emit-module-separately -disable-cmo

PrecompileModule /Users/harishvishwakarma/Library/Developer/Xcode/DerivedData/Revolt-dharrjsambcimaaziudpvzjdcigm/Build/Intermediates.noindex/ExplicitPrecompiledModules/DarwinFoundation-2KXELXS9A5AZO6SZG95T3MSBO.scan
    cd /Users/harishvishwakarma/Handy/Archem/pepchat-ios/Revolt.xcodeproj
    builtin-precompileModule /Users/harishvishwakarma/Library/Developer/Xcode/DerivedData/Revolt-dharrjsambcimaaziudpvzjdcigm/Build/Intermediates.noindex/ExplicitPrecompiledModules/DarwinFoundation-2KXELXS9A5AZO6SZG95T3MSBO.scan

SwiftMergeGeneratedHeaders /Users/harishvishwakarma/Library/Developer/Xcode/DerivedData/Revolt-dharrjsambcimaaziudpvzjdcigm/Build/Intermediates.noindex/GeneratedModuleMaps-iphoneos/AnyCodable-Swift.h /Users/harishvishwakarma/Library/Developer/Xcode/DerivedData/Revolt-dharrjsambcimaaziudpvzjdcigm/Build/Intermediates.noindex/AnyCodable.build/Debug-iphoneos/AnyCodable.build/Objects-normal/arm64/AnyCodable-Swift.h (in target 'AnyCodable' from project 'AnyCodable')
    cd /Users/harishvishwakarma/Library/Developer/Xcode/DerivedData/Revolt-dharrjsambcimaaziudpvzjdcigm/SourcePackages/checkouts/AnyCodable
    builtin-swiftHeaderTool -arch arm64 /Users/harishvishwakarma/Library/Developer/Xcode/DerivedData/Revolt-dharrjsambcimaaziudpvzjdcigm/Build/Intermediates.noindex/AnyCodable.build/Debug-iphoneos/AnyCodable.build/Objects-normal/arm64/AnyCodable-Swift.h -o /Users/harishvishwakarma/Library/Developer/Xcode/DerivedData/Revolt-dharrjsambcimaaziudpvzjdcigm/Build/Intermediates.noindex/GeneratedModuleMaps-iphoneos/AnyCodable-Swift.h

Copy /Users/harishvishwakarma/Library/Developer/Xcode/DerivedData/Revolt-dharrjsambcimaaziudpvzjdcigm/Build/Products/Debug-iphoneos/AnyCodable.swiftmodule/arm64-apple-ios.swiftmodule /Users/harishvishwakarma/Library/Developer/Xcode/DerivedData/Revolt-dharrjsambcimaaziudpvzjdcigm/Build/Intermediates.noindex/AnyCodable.build/Debug-iphoneos/AnyCodable.build/Objects-normal/arm64/AnyCodable.swiftmodule (in target 'AnyCodable' from project 'AnyCodable')
    cd /Users/harishvishwakarma/Library/Developer/Xcode/DerivedData/Revolt-dharrjsambcimaaziudpvzjdcigm/SourcePackages/checkouts/AnyCodable
    builtin-copy -exclude .DS_Store -exclude CVS -exclude .svn -exclude .git -exclude .hg -resolve-src-symlinks -rename /Users/harishvishwakarma/Library/Developer/Xcode/DerivedData/Revolt-dharrjsambcimaaziudpvzjdcigm/Build/Intermediates.noindex/AnyCodable.build/Debug-iphoneos/AnyCodable.build/Objects-normal/arm64/AnyCodable.swiftmodule /Users/harishvishwakarma/Library/Developer/Xcode/DerivedData/Revolt-dharrjsambcimaaziudpvzjdcigm/Build/Products/Debug-iphoneos/AnyCodable.swiftmodule/arm64-apple-ios.swiftmodule

Copy /Users/harishvishwakarma/Library/Developer/Xcode/DerivedData/Revolt-dharrjsambcimaaziudpvzjdcigm/Build/Products/Debug-iphoneos/AnyCodable.swiftmodule/arm64-apple-ios.swiftdoc /Users/harishvishwakarma/Library/Developer/Xcode/DerivedData/Revolt-dharrjsambcimaaziudpvzjdcigm/Build/Intermediates.noindex/AnyCodable.build/Debug-iphoneos/AnyCodable.build/Objects-normal/arm64/AnyCodable.swiftdoc (in target 'AnyCodable' from project 'AnyCodable')
    cd /Users/harishvishwakarma/Library/Developer/Xcode/DerivedData/Revolt-dharrjsambcimaaziudpvzjdcigm/SourcePackages/checkouts/AnyCodable
    builtin-copy -exclude .DS_Store -exclude CVS -exclude .svn -exclude .git -exclude .hg -resolve-src-symlinks -rename /Users/harishvishwakarma/Library/Developer/Xcode/DerivedData/Revolt-dharrjsambcimaaziudpvzjdcigm/Build/Intermediates.noindex/AnyCodable.build/Debug-iphoneos/AnyCodable.build/Objects-normal/arm64/AnyCodable.swiftdoc /Users/harishvishwakarma/Library/Developer/Xcode/DerivedData/Revolt-dharrjsambcimaaziudpvzjdcigm/Build/Products/Debug-iphoneos/AnyCodable.swiftmodule/arm64-apple-ios.swiftdoc

Copy /Users/harishvishwakarma/Library/Developer/Xcode/DerivedData/Revolt-dharrjsambcimaaziudpvzjdcigm/Build/Products/Debug-iphoneos/AnyCodable.swiftmodule/arm64-apple-ios.abi.json /Users/harishvishwakarma/Library/Developer/Xcode/DerivedData/Revolt-dharrjsambcimaaziudpvzjdcigm/Build/Intermediates.noindex/AnyCodable.build/Debug-iphoneos/AnyCodable.build/Objects-normal/arm64/AnyCodable.abi.json (in target 'AnyCodable' from project 'AnyCodable')
    cd /Users/harishvishwakarma/Library/Developer/Xcode/DerivedData/Revolt-dharrjsambcimaaziudpvzjdcigm/SourcePackages/checkouts/AnyCodable
    builtin-copy -exclude .DS_Store -exclude CVS -exclude .svn -exclude .git -exclude .hg -resolve-src-symlinks -rename /Users/harishvishwakarma/Library/Developer/Xcode/DerivedData/Revolt-dharrjsambcimaaziudpvzjdcigm/Build/Intermediates.noindex/AnyCodable.build/Debug-iphoneos/AnyCodable.build/Objects-normal/arm64/AnyCodable.abi.json /Users/harishvishwakarma/Library/Developer/Xcode/DerivedData/Revolt-dharrjsambcimaaziudpvzjdcigm/Build/Products/Debug-iphoneos/AnyCodable.swiftmodule/arm64-apple-ios.abi.json

Copy /Users/harishvishwakarma/Library/Developer/Xcode/DerivedData/Revolt-dharrjsambcimaaziudpvzjdcigm/Build/Products/Debug-iphoneos/AnyCodable.swiftmodule/Project/arm64-apple-ios.swiftsourceinfo /Users/harishvishwakarma/Library/Developer/Xcode/DerivedData/Revolt-dharrjsambcimaaziudpvzjdcigm/Build/Intermediates.noindex/AnyCodable.build/Debug-iphoneos/AnyCodable.build/Objects-normal/arm64/AnyCodable.swiftsourceinfo (in target 'AnyCodable' from project 'AnyCodable')
    cd /Users/harishvishwakarma/Library/Developer/Xcode/DerivedData/Revolt-dharrjsambcimaaziudpvzjdcigm/SourcePackages/checkouts/AnyCodable
    builtin-copy -exclude .DS_Store -exclude CVS -exclude .svn -exclude .git -exclude .hg -resolve-src-symlinks -rename /Users/harishvishwakarma/Library/Developer/Xcode/DerivedData/Revolt-dharrjsambcimaaziudpvzjdcigm/Build/Intermediates.noindex/AnyCodable.build/Debug-iphoneos/AnyCodable.build/Objects-normal/arm64/AnyCodable.swiftsourceinfo /Users/harishvishwakarma/Library/Developer/Xcode/DerivedData/Revolt-dharrjsambcimaaziudpvzjdcigm/Build/Products/Debug-iphoneos/AnyCodable.swiftmodule/Project/arm64-apple-ios.swiftsourceinfo

PrecompileModule /Users/harishvishwakarma/Library/Developer/Xcode/DerivedData/Revolt-dharrjsambcimaaziudpvzjdcigm/Build/Intermediates.noindex/ExplicitPrecompiledModules/mach-84I10JWIJE2P9VQBDE07OQNC9.scan
    cd /Users/harishvishwakarma/Handy/Archem/pepchat-ios/Revolt.xcodeproj
    builtin-precompileModule /Users/harishvishwakarma/Library/Developer/Xcode/DerivedData/Revolt-dharrjsambcimaaziudpvzjdcigm/Build/Intermediates.noindex/ExplicitPrecompiledModules/mach-84I10JWIJE2P9VQBDE07OQNC9.scan

PrecompileModule /Users/harishvishwakarma/Library/Developer/Xcode/DerivedData/Revolt-dharrjsambcimaaziudpvzjdcigm/Build/Intermediates.noindex/ExplicitPrecompiledModules/_sys_select-TVMF0K4LGEX90G55B5HNI0ER.scan
    cd /Users/harishvishwakarma/Handy/Archem/pepchat-ios/Revolt.xcodeproj
    builtin-precompileModule /Users/harishvishwakarma/Library/Developer/Xcode/DerivedData/Revolt-dharrjsambcimaaziudpvzjdcigm/Build/Intermediates.noindex/ExplicitPrecompiledModules/_sys_select-TVMF0K4LGEX90G55B5HNI0ER.scan

SwiftDriverJobDiscovery normal arm64 Emitting module for Animation (in target 'Animation' from project 'swiftui-navigation-transitions')

SwiftDriver\ Compilation\ Requirements Animation normal arm64 com.apple.xcode.tools.swift.compiler (in target 'Animation' from project 'swiftui-navigation-transitions')
    cd /Users/harishvishwakarma/Handy/Archem/pepchat-ios/Revolt.xcodeproj
    builtin-Swift-Compilation-Requirements -- /Applications/Xcode.app/Contents/Developer/Toolchains/XcodeDefault.xctoolchain/usr/bin/swiftc -module-name Animation -Onone -enforce-exclusivity\=checked @/Users/harishvishwakarma/Library/Developer/Xcode/DerivedData/Revolt-dharrjsambcimaaziudpvzjdcigm/Build/Intermediates.noindex/swiftui-navigation-transitions.build/Debug-iphoneos/Animation.build/Objects-normal/arm64/Animation.SwiftFileList -DSWIFT_PACKAGE -DDEBUG -DXcode -plugin-path /Applications/Xcode.app/Contents/Developer/Toolchains/XcodeDefault.xctoolchain/usr/lib/swift/host/plugins/testing -enable-experimental-feature DebugDescriptionMacro -sdk /Applications/Xcode.app/Contents/Developer/Platforms/iPhoneOS.platform/Developer/SDKs/iPhoneOS18.5.sdk -target arm64-apple-ios13.0 -g -module-cache-path /Users/harishvishwakarma/Library/Developer/Xcode/DerivedData/ModuleCache.noindex -Xfrontend -serialize-debugging-options -enable-testing -suppress-warnings -index-store-path /Users/harishvishwakarma/Library/Developer/Xcode/DerivedData/Revolt-dharrjsambcimaaziudpvzjdcigm/Index.noindex/DataStore -swift-version 5 -I /Users/harishvishwakarma/Library/Developer/Xcode/DerivedData/Revolt-dharrjsambcimaaziudpvzjdcigm/Build/Products/Debug-iphoneos -I /Applications/Xcode.app/Contents/Developer/Platforms/iPhoneOS.platform/Developer/usr/lib -F /Users/harishvishwakarma/Library/Developer/Xcode/DerivedData/Revolt-dharrjsambcimaaziudpvzjdcigm/Build/Products/Debug-iphoneos -F /Applications/Xcode.app/Contents/Developer/Platforms/iPhoneOS.platform/Developer/Library/Frameworks -F /Applications/Xcode.app/Contents/Developer/Platforms/iPhoneOS.platform/Developer/SDKs/iPhoneOS18.5.sdk/Developer/Library/Frameworks -c -j12 -enable-batch-mode -incremental -Xcc -ivfsstatcache -Xcc /Users/harishvishwakarma/Library/Developer/Xcode/DerivedData/SDKStatCaches.noindex/iphoneos18.5-22F76-7fa4eea80a99bbfdc046826b63ec4baf.sdkstatcache -output-file-map /Users/harishvishwakarma/Library/Developer/Xcode/DerivedData/Revolt-dharrjsambcimaaziudpvzjdcigm/Build/Intermediates.noindex/swiftui-navigation-transitions.build/Debug-iphoneos/Animation.build/Objects-normal/arm64/Animation-OutputFileMap.json -use-frontend-parseable-output -save-temps -no-color-diagnostics -serialize-diagnostics -emit-dependencies -emit-module -emit-module-path /Users/harishvishwakarma/Library/Developer/Xcode/DerivedData/Revolt-dharrjsambcimaaziudpvzjdcigm/Build/Intermediates.noindex/swiftui-navigation-transitions.build/Debug-iphoneos/Animation.build/Objects-normal/arm64/Animation.swiftmodule -validate-clang-modules-once -clang-build-session-file /Users/harishvishwakarma/Library/Developer/Xcode/DerivedData/ModuleCache.noindex/Session.modulevalidation -package-name swiftui_navigation_transitions -Xcc -I/Users/harishvishwakarma/Library/Developer/Xcode/DerivedData/Revolt-dharrjsambcimaaziudpvzjdcigm/Build/Intermediates.noindex/swiftui-navigation-transitions.build/Debug-iphoneos/Animation.build/swift-overrides.hmap -emit-const-values -Xfrontend -const-gather-protocols-file -Xfrontend /Users/harishvishwakarma/Library/Developer/Xcode/DerivedData/Revolt-dharrjsambcimaaziudpvzjdcigm/Build/Intermediates.noindex/swiftui-navigation-transitions.build/Debug-iphoneos/Animation.build/Objects-normal/arm64/Animation_const_extract_protocols.json -Xcc -I/Users/harishvishwakarma/Library/Developer/Xcode/DerivedData/Revolt-dharrjsambcimaaziudpvzjdcigm/Build/Products/Debug-iphoneos/include -Xcc -I/Users/harishvishwakarma/Library/Developer/Xcode/DerivedData/Revolt-dharrjsambcimaaziudpvzjdcigm/Build/Intermediates.noindex/swiftui-navigation-transitions.build/Debug-iphoneos/Animation.build/DerivedSources-normal/arm64 -Xcc -I/Users/harishvishwakarma/Library/Developer/Xcode/DerivedData/Revolt-dharrjsambcimaaziudpvzjdcigm/Build/Intermediates.noindex/swiftui-navigation-transitions.build/Debug-iphoneos/Animation.build/DerivedSources/arm64 -Xcc -I/Users/harishvishwakarma/Library/Developer/Xcode/DerivedData/Revolt-dharrjsambcimaaziudpvzjdcigm/Build/Intermediates.noindex/swiftui-navigation-transitions.build/Debug-iphoneos/Animation.build/DerivedSources -Xcc -DSWIFT_PACKAGE -Xcc -DDEBUG\=1 -emit-objc-header -emit-objc-header-path /Users/harishvishwakarma/Library/Developer/Xcode/DerivedData/Revolt-dharrjsambcimaaziudpvzjdcigm/Build/Intermediates.noindex/swiftui-navigation-transitions.build/Debug-iphoneos/Animation.build/Objects-normal/arm64/Animation-Swift.h -working-directory /Users/harishvishwakarma/Handy/Archem/pepchat-ios/Revolt.xcodeproj -experimental-emit-module-separately -disable-cmo

SwiftDriverJobDiscovery normal arm64 Emitting module for Kingfisher (in target 'Kingfisher' from project 'Kingfisher')

SwiftDriver\ Compilation\ Requirements Kingfisher normal arm64 com.apple.xcode.tools.swift.compiler (in target 'Kingfisher' from project 'Kingfisher')
    cd /Users/harishvishwakarma/Handy/Archem/pepchat-ios/Revolt.xcodeproj
    builtin-Swift-Compilation-Requirements -- /Applications/Xcode.app/Contents/Developer/Toolchains/XcodeDefault.xctoolchain/usr/bin/swiftc -module-name Kingfisher -Onone -enforce-exclusivity\=checked @/Users/harishvishwakarma/Library/Developer/Xcode/DerivedData/Revolt-dharrjsambcimaaziudpvzjdcigm/Build/Intermediates.noindex/Kingfisher.build/Debug-iphoneos/Kingfisher.build/Objects-normal/arm64/Kingfisher.SwiftFileList -DSWIFT_PACKAGE -DDEBUG -DXcode -plugin-path /Applications/Xcode.app/Contents/Developer/Toolchains/XcodeDefault.xctoolchain/usr/lib/swift/host/plugins/testing -enable-experimental-feature DebugDescriptionMacro -sdk /Applications/Xcode.app/Contents/Developer/Platforms/iPhoneOS.platform/Developer/SDKs/iPhoneOS18.5.sdk -target arm64-apple-ios13.0 -g -module-cache-path /Users/harishvishwakarma/Library/Developer/Xcode/DerivedData/ModuleCache.noindex -Xfrontend -serialize-debugging-options -enable-testing -suppress-warnings -index-store-path /Users/harishvishwakarma/Library/Developer/Xcode/DerivedData/Revolt-dharrjsambcimaaziudpvzjdcigm/Index.noindex/DataStore -swift-version 5 -I /Users/harishvishwakarma/Library/Developer/Xcode/DerivedData/Revolt-dharrjsambcimaaziudpvzjdcigm/Build/Products/Debug-iphoneos -I /Applications/Xcode.app/Contents/Developer/Platforms/iPhoneOS.platform/Developer/usr/lib -F /Users/harishvishwakarma/Library/Developer/Xcode/DerivedData/Revolt-dharrjsambcimaaziudpvzjdcigm/Build/Products/Debug-iphoneos -F /Applications/Xcode.app/Contents/Developer/Platforms/iPhoneOS.platform/Developer/Library/Frameworks -F /Applications/Xcode.app/Contents/Developer/Platforms/iPhoneOS.platform/Developer/SDKs/iPhoneOS18.5.sdk/Developer/Library/Frameworks -c -j12 -enable-batch-mode -incremental -Xcc -ivfsstatcache -Xcc /Users/harishvishwakarma/Library/Developer/Xcode/DerivedData/SDKStatCaches.noindex/iphoneos18.5-22F76-7fa4eea80a99bbfdc046826b63ec4baf.sdkstatcache -output-file-map /Users/harishvishwakarma/Library/Developer/Xcode/DerivedData/Revolt-dharrjsambcimaaziudpvzjdcigm/Build/Intermediates.noindex/Kingfisher.build/Debug-iphoneos/Kingfisher.build/Objects-normal/arm64/Kingfisher-OutputFileMap.json -use-frontend-parseable-output -save-temps -no-color-diagnostics -serialize-diagnostics -emit-dependencies -emit-module -emit-module-path /Users/harishvishwakarma/Library/Developer/Xcode/DerivedData/Revolt-dharrjsambcimaaziudpvzjdcigm/Build/Intermediates.noindex/Kingfisher.build/Debug-iphoneos/Kingfisher.build/Objects-normal/arm64/Kingfisher.swiftmodule -validate-clang-modules-once -clang-build-session-file /Users/harishvishwakarma/Library/Developer/Xcode/DerivedData/ModuleCache.noindex/Session.modulevalidation -package-name kingfisher -Xcc -I/Users/harishvishwakarma/Library/Developer/Xcode/DerivedData/Revolt-dharrjsambcimaaziudpvzjdcigm/Build/Intermediates.noindex/Kingfisher.build/Debug-iphoneos/Kingfisher.build/swift-overrides.hmap -emit-const-values -Xfrontend -const-gather-protocols-file -Xfrontend /Users/harishvishwakarma/Library/Developer/Xcode/DerivedData/Revolt-dharrjsambcimaaziudpvzjdcigm/Build/Intermediates.noindex/Kingfisher.build/Debug-iphoneos/Kingfisher.build/Objects-normal/arm64/Kingfisher_const_extract_protocols.json -Xcc -I/Users/harishvishwakarma/Library/Developer/Xcode/DerivedData/Revolt-dharrjsambcimaaziudpvzjdcigm/Build/Products/Debug-iphoneos/include -Xcc -I/Users/harishvishwakarma/Library/Developer/Xcode/DerivedData/Revolt-dharrjsambcimaaziudpvzjdcigm/Build/Intermediates.noindex/Kingfisher.build/Debug-iphoneos/Kingfisher.build/DerivedSources-normal/arm64 -Xcc -I/Users/harishvishwakarma/Library/Developer/Xcode/DerivedData/Revolt-dharrjsambcimaaziudpvzjdcigm/Build/Intermediates.noindex/Kingfisher.build/Debug-iphoneos/Kingfisher.build/DerivedSources/arm64 -Xcc -I/Users/harishvishwakarma/Library/Developer/Xcode/DerivedData/Revolt-dharrjsambcimaaziudpvzjdcigm/Build/Intermediates.noindex/Kingfisher.build/Debug-iphoneos/Kingfisher.build/DerivedSources -Xcc -DSWIFT_PACKAGE -Xcc -DDEBUG\=1 -emit-objc-header -emit-objc-header-path /Users/harishvishwakarma/Library/Developer/Xcode/DerivedData/Revolt-dharrjsambcimaaziudpvzjdcigm/Build/Intermediates.noindex/Kingfisher.build/Debug-iphoneos/Kingfisher.build/Objects-normal/arm64/Kingfisher-Swift.h -working-directory /Users/harishvishwakarma/Handy/Archem/pepchat-ios/Revolt.xcodeproj -experimental-emit-module-separately -disable-cmo

SwiftMergeGeneratedHeaders /Users/harishvishwakarma/Library/Developer/Xcode/DerivedData/Revolt-dharrjsambcimaaziudpvzjdcigm/Build/Intermediates.noindex/GeneratedModuleMaps-iphoneos/Animation-Swift.h /Users/harishvishwakarma/Library/Developer/Xcode/DerivedData/Revolt-dharrjsambcimaaziudpvzjdcigm/Build/Intermediates.noindex/swiftui-navigation-transitions.build/Debug-iphoneos/Animation.build/Objects-normal/arm64/Animation-Swift.h (in target 'Animation' from project 'swiftui-navigation-transitions')
    cd /Users/harishvishwakarma/Library/Developer/Xcode/DerivedData/Revolt-dharrjsambcimaaziudpvzjdcigm/SourcePackages/checkouts/swiftui-navigation-transitions
    builtin-swiftHeaderTool -arch arm64 /Users/harishvishwakarma/Library/Developer/Xcode/DerivedData/Revolt-dharrjsambcimaaziudpvzjdcigm/Build/Intermediates.noindex/swiftui-navigation-transitions.build/Debug-iphoneos/Animation.build/Objects-normal/arm64/Animation-Swift.h -o /Users/harishvishwakarma/Library/Developer/Xcode/DerivedData/Revolt-dharrjsambcimaaziudpvzjdcigm/Build/Intermediates.noindex/GeneratedModuleMaps-iphoneos/Animation-Swift.h

SwiftMergeGeneratedHeaders /Users/harishvishwakarma/Library/Developer/Xcode/DerivedData/Revolt-dharrjsambcimaaziudpvzjdcigm/Build/Intermediates.noindex/GeneratedModuleMaps-iphoneos/Kingfisher-Swift.h /Users/harishvishwakarma/Library/Developer/Xcode/DerivedData/Revolt-dharrjsambcimaaziudpvzjdcigm/Build/Intermediates.noindex/Kingfisher.build/Debug-iphoneos/Kingfisher.build/Objects-normal/arm64/Kingfisher-Swift.h (in target 'Kingfisher' from project 'Kingfisher')
    cd /Users/harishvishwakarma/Library/Developer/Xcode/DerivedData/Revolt-dharrjsambcimaaziudpvzjdcigm/SourcePackages/checkouts/Kingfisher
    builtin-swiftHeaderTool -arch arm64 /Users/harishvishwakarma/Library/Developer/Xcode/DerivedData/Revolt-dharrjsambcimaaziudpvzjdcigm/Build/Intermediates.noindex/Kingfisher.build/Debug-iphoneos/Kingfisher.build/Objects-normal/arm64/Kingfisher-Swift.h -o /Users/harishvishwakarma/Library/Developer/Xcode/DerivedData/Revolt-dharrjsambcimaaziudpvzjdcigm/Build/Intermediates.noindex/GeneratedModuleMaps-iphoneos/Kingfisher-Swift.h

Copy /Users/harishvishwakarma/Library/Developer/Xcode/DerivedData/Revolt-dharrjsambcimaaziudpvzjdcigm/Build/Products/Debug-iphoneos/Kingfisher.swiftmodule/arm64-apple-ios.swiftmodule /Users/harishvishwakarma/Library/Developer/Xcode/DerivedData/Revolt-dharrjsambcimaaziudpvzjdcigm/Build/Intermediates.noindex/Kingfisher.build/Debug-iphoneos/Kingfisher.build/Objects-normal/arm64/Kingfisher.swiftmodule (in target 'Kingfisher' from project 'Kingfisher')
    cd /Users/harishvishwakarma/Library/Developer/Xcode/DerivedData/Revolt-dharrjsambcimaaziudpvzjdcigm/SourcePackages/checkouts/Kingfisher
    builtin-copy -exclude .DS_Store -exclude CVS -exclude .svn -exclude .git -exclude .hg -resolve-src-symlinks -rename /Users/harishvishwakarma/Library/Developer/Xcode/DerivedData/Revolt-dharrjsambcimaaziudpvzjdcigm/Build/Intermediates.noindex/Kingfisher.build/Debug-iphoneos/Kingfisher.build/Objects-normal/arm64/Kingfisher.swiftmodule /Users/harishvishwakarma/Library/Developer/Xcode/DerivedData/Revolt-dharrjsambcimaaziudpvzjdcigm/Build/Products/Debug-iphoneos/Kingfisher.swiftmodule/arm64-apple-ios.swiftmodule

Copy /Users/harishvishwakarma/Library/Developer/Xcode/DerivedData/Revolt-dharrjsambcimaaziudpvzjdcigm/Build/Products/Debug-iphoneos/Kingfisher.swiftmodule/arm64-apple-ios.swiftdoc /Users/harishvishwakarma/Library/Developer/Xcode/DerivedData/Revolt-dharrjsambcimaaziudpvzjdcigm/Build/Intermediates.noindex/Kingfisher.build/Debug-iphoneos/Kingfisher.build/Objects-normal/arm64/Kingfisher.swiftdoc (in target 'Kingfisher' from project 'Kingfisher')
    cd /Users/harishvishwakarma/Library/Developer/Xcode/DerivedData/Revolt-dharrjsambcimaaziudpvzjdcigm/SourcePackages/checkouts/Kingfisher
    builtin-copy -exclude .DS_Store -exclude CVS -exclude .svn -exclude .git -exclude .hg -resolve-src-symlinks -rename /Users/harishvishwakarma/Library/Developer/Xcode/DerivedData/Revolt-dharrjsambcimaaziudpvzjdcigm/Build/Intermediates.noindex/Kingfisher.build/Debug-iphoneos/Kingfisher.build/Objects-normal/arm64/Kingfisher.swiftdoc /Users/harishvishwakarma/Library/Developer/Xcode/DerivedData/Revolt-dharrjsambcimaaziudpvzjdcigm/Build/Products/Debug-iphoneos/Kingfisher.swiftmodule/arm64-apple-ios.swiftdoc

Copy /Users/harishvishwakarma/Library/Developer/Xcode/DerivedData/Revolt-dharrjsambcimaaziudpvzjdcigm/Build/Products/Debug-iphoneos/Kingfisher.swiftmodule/arm64-apple-ios.abi.json /Users/harishvishwakarma/Library/Developer/Xcode/DerivedData/Revolt-dharrjsambcimaaziudpvzjdcigm/Build/Intermediates.noindex/Kingfisher.build/Debug-iphoneos/Kingfisher.build/Objects-normal/arm64/Kingfisher.abi.json (in target 'Kingfisher' from project 'Kingfisher')
    cd /Users/harishvishwakarma/Library/Developer/Xcode/DerivedData/Revolt-dharrjsambcimaaziudpvzjdcigm/SourcePackages/checkouts/Kingfisher
    builtin-copy -exclude .DS_Store -exclude CVS -exclude .svn -exclude .git -exclude .hg -resolve-src-symlinks -rename /Users/harishvishwakarma/Library/Developer/Xcode/DerivedData/Revolt-dharrjsambcimaaziudpvzjdcigm/Build/Intermediates.noindex/Kingfisher.build/Debug-iphoneos/Kingfisher.build/Objects-normal/arm64/Kingfisher.abi.json /Users/harishvishwakarma/Library/Developer/Xcode/DerivedData/Revolt-dharrjsambcimaaziudpvzjdcigm/Build/Products/Debug-iphoneos/Kingfisher.swiftmodule/arm64-apple-ios.abi.json

Copy /Users/harishvishwakarma/Library/Developer/Xcode/DerivedData/Revolt-dharrjsambcimaaziudpvzjdcigm/Build/Products/Debug-iphoneos/Kingfisher.swiftmodule/Project/arm64-apple-ios.swiftsourceinfo /Users/harishvishwakarma/Library/Developer/Xcode/DerivedData/Revolt-dharrjsambcimaaziudpvzjdcigm/Build/Intermediates.noindex/Kingfisher.build/Debug-iphoneos/Kingfisher.build/Objects-normal/arm64/Kingfisher.swiftsourceinfo (in target 'Kingfisher' from project 'Kingfisher')
    cd /Users/harishvishwakarma/Library/Developer/Xcode/DerivedData/Revolt-dharrjsambcimaaziudpvzjdcigm/SourcePackages/checkouts/Kingfisher
    builtin-copy -exclude .DS_Store -exclude CVS -exclude .svn -exclude .git -exclude .hg -resolve-src-symlinks -rename /Users/harishvishwakarma/Library/Developer/Xcode/DerivedData/Revolt-dharrjsambcimaaziudpvzjdcigm/Build/Intermediates.noindex/Kingfisher.build/Debug-iphoneos/Kingfisher.build/Objects-normal/arm64/Kingfisher.swiftsourceinfo /Users/harishvishwakarma/Library/Developer/Xcode/DerivedData/Revolt-dharrjsambcimaaziudpvzjdcigm/Build/Products/Debug-iphoneos/Kingfisher.swiftmodule/Project/arm64-apple-ios.swiftsourceinfo

Copy /Users/harishvishwakarma/Library/Developer/Xcode/DerivedData/Revolt-dharrjsambcimaaziudpvzjdcigm/Build/Products/Debug-iphoneos/Animation.swiftmodule/arm64-apple-ios.swiftmodule /Users/harishvishwakarma/Library/Developer/Xcode/DerivedData/Revolt-dharrjsambcimaaziudpvzjdcigm/Build/Intermediates.noindex/swiftui-navigation-transitions.build/Debug-iphoneos/Animation.build/Objects-normal/arm64/Animation.swiftmodule (in target 'Animation' from project 'swiftui-navigation-transitions')
    cd /Users/harishvishwakarma/Library/Developer/Xcode/DerivedData/Revolt-dharrjsambcimaaziudpvzjdcigm/SourcePackages/checkouts/swiftui-navigation-transitions
    builtin-copy -exclude .DS_Store -exclude CVS -exclude .svn -exclude .git -exclude .hg -resolve-src-symlinks -rename /Users/harishvishwakarma/Library/Developer/Xcode/DerivedData/Revolt-dharrjsambcimaaziudpvzjdcigm/Build/Intermediates.noindex/swiftui-navigation-transitions.build/Debug-iphoneos/Animation.build/Objects-normal/arm64/Animation.swiftmodule /Users/harishvishwakarma/Library/Developer/Xcode/DerivedData/Revolt-dharrjsambcimaaziudpvzjdcigm/Build/Products/Debug-iphoneos/Animation.swiftmodule/arm64-apple-ios.swiftmodule

Copy /Users/harishvishwakarma/Library/Developer/Xcode/DerivedData/Revolt-dharrjsambcimaaziudpvzjdcigm/Build/Products/Debug-iphoneos/Animation.swiftmodule/arm64-apple-ios.swiftdoc /Users/harishvishwakarma/Library/Developer/Xcode/DerivedData/Revolt-dharrjsambcimaaziudpvzjdcigm/Build/Intermediates.noindex/swiftui-navigation-transitions.build/Debug-iphoneos/Animation.build/Objects-normal/arm64/Animation.swiftdoc (in target 'Animation' from project 'swiftui-navigation-transitions')
    cd /Users/harishvishwakarma/Library/Developer/Xcode/DerivedData/Revolt-dharrjsambcimaaziudpvzjdcigm/SourcePackages/checkouts/swiftui-navigation-transitions
    builtin-copy -exclude .DS_Store -exclude CVS -exclude .svn -exclude .git -exclude .hg -resolve-src-symlinks -rename /Users/harishvishwakarma/Library/Developer/Xcode/DerivedData/Revolt-dharrjsambcimaaziudpvzjdcigm/Build/Intermediates.noindex/swiftui-navigation-transitions.build/Debug-iphoneos/Animation.build/Objects-normal/arm64/Animation.swiftdoc /Users/harishvishwakarma/Library/Developer/Xcode/DerivedData/Revolt-dharrjsambcimaaziudpvzjdcigm/Build/Products/Debug-iphoneos/Animation.swiftmodule/arm64-apple-ios.swiftdoc

Copy /Users/harishvishwakarma/Library/Developer/Xcode/DerivedData/Revolt-dharrjsambcimaaziudpvzjdcigm/Build/Products/Debug-iphoneos/Animation.swiftmodule/arm64-apple-ios.abi.json /Users/harishvishwakarma/Library/Developer/Xcode/DerivedData/Revolt-dharrjsambcimaaziudpvzjdcigm/Build/Intermediates.noindex/swiftui-navigation-transitions.build/Debug-iphoneos/Animation.build/Objects-normal/arm64/Animation.abi.json (in target 'Animation' from project 'swiftui-navigation-transitions')
    cd /Users/harishvishwakarma/Library/Developer/Xcode/DerivedData/Revolt-dharrjsambcimaaziudpvzjdcigm/SourcePackages/checkouts/swiftui-navigation-transitions
    builtin-copy -exclude .DS_Store -exclude CVS -exclude .svn -exclude .git -exclude .hg -resolve-src-symlinks -rename /Users/harishvishwakarma/Library/Developer/Xcode/DerivedData/Revolt-dharrjsambcimaaziudpvzjdcigm/Build/Intermediates.noindex/swiftui-navigation-transitions.build/Debug-iphoneos/Animation.build/Objects-normal/arm64/Animation.abi.json /Users/harishvishwakarma/Library/Developer/Xcode/DerivedData/Revolt-dharrjsambcimaaziudpvzjdcigm/Build/Products/Debug-iphoneos/Animation.swiftmodule/arm64-apple-ios.abi.json

Copy /Users/harishvishwakarma/Library/Developer/Xcode/DerivedData/Revolt-dharrjsambcimaaziudpvzjdcigm/Build/Products/Debug-iphoneos/Animation.swiftmodule/Project/arm64-apple-ios.swiftsourceinfo /Users/harishvishwakarma/Library/Developer/Xcode/DerivedData/Revolt-dharrjsambcimaaziudpvzjdcigm/Build/Intermediates.noindex/swiftui-navigation-transitions.build/Debug-iphoneos/Animation.build/Objects-normal/arm64/Animation.swiftsourceinfo (in target 'Animation' from project 'swiftui-navigation-transitions')
    cd /Users/harishvishwakarma/Library/Developer/Xcode/DerivedData/Revolt-dharrjsambcimaaziudpvzjdcigm/SourcePackages/checkouts/swiftui-navigation-transitions
    builtin-copy -exclude .DS_Store -exclude CVS -exclude .svn -exclude .git -exclude .hg -resolve-src-symlinks -rename /Users/harishvishwakarma/Library/Developer/Xcode/DerivedData/Revolt-dharrjsambcimaaziudpvzjdcigm/Build/Intermediates.noindex/swiftui-navigation-transitions.build/Debug-iphoneos/Animation.build/Objects-normal/arm64/Animation.swiftsourceinfo /Users/harishvishwakarma/Library/Developer/Xcode/DerivedData/Revolt-dharrjsambcimaaziudpvzjdcigm/Build/Products/Debug-iphoneos/Animation.swiftmodule/Project/arm64-apple-ios.swiftsourceinfo

PrecompileModule /Users/harishvishwakarma/Library/Developer/Xcode/DerivedData/Revolt-dharrjsambcimaaziudpvzjdcigm/Build/Intermediates.noindex/ExplicitPrecompiledModules/_limits-1CFGE3CMZJST9EVB0N26R8MQE.scan
    cd /Users/harishvishwakarma/Handy/Archem/pepchat-ios/Revolt.xcodeproj
    builtin-precompileModule /Users/harishvishwakarma/Library/Developer/Xcode/DerivedData/Revolt-dharrjsambcimaaziudpvzjdcigm/Build/Intermediates.noindex/ExplicitPrecompiledModules/_limits-1CFGE3CMZJST9EVB0N26R8MQE.scan

PrecompileModule /Users/harishvishwakarma/Library/Developer/Xcode/DerivedData/Revolt-dharrjsambcimaaziudpvzjdcigm/Build/Intermediates.noindex/ExplicitPrecompiledModules/sys_time-6DITSGZ86OTKFE3ZTVK7ELVWM.scan
    cd /Users/harishvishwakarma/Handy/Archem/pepchat-ios/Revolt.xcodeproj
    builtin-precompileModule /Users/harishvishwakarma/Library/Developer/Xcode/DerivedData/Revolt-dharrjsambcimaaziudpvzjdcigm/Build/Intermediates.noindex/ExplicitPrecompiledModules/sys_time-6DITSGZ86OTKFE3ZTVK7ELVWM.scan

PrecompileModule /Users/harishvishwakarma/Library/Developer/Xcode/DerivedData/Revolt-dharrjsambcimaaziudpvzjdcigm/Build/Intermediates.noindex/ExplicitPrecompiledModules/_useconds_t-TUJ5ZOZT704GCV2A4Q5EDXM3.scan
    cd /Users/harishvishwakarma/Handy/Archem/pepchat-ios/Revolt.xcodeproj
    builtin-precompileModule /Users/harishvishwakarma/Library/Developer/Xcode/DerivedData/Revolt-dharrjsambcimaaziudpvzjdcigm/Build/Intermediates.noindex/ExplicitPrecompiledModules/_useconds_t-TUJ5ZOZT704GCV2A4Q5EDXM3.scan

Ld /Users/harishvishwakarma/Library/Developer/Xcode/DerivedData/Revolt-dharrjsambcimaaziudpvzjdcigm/Build/Products/Debug-iphoneos/OggDecoder.o normal (in target 'OggDecoder' from project 'OggDecoder')
    cd /Users/harishvishwakarma/Library/Developer/Xcode/DerivedData/Revolt-dharrjsambcimaaziudpvzjdcigm/SourcePackages/checkouts/OggDecoder
    /Applications/Xcode.app/Contents/Developer/Toolchains/XcodeDefault.xctoolchain/usr/bin/clang++ -Xlinker -reproducible -target arm64-apple-ios12.0 -r -isysroot /Applications/Xcode.app/Contents/Developer/Platforms/iPhoneOS.platform/Developer/SDKs/iPhoneOS18.5.sdk -O0 -w -L/Users/harishvishwakarma/Library/Developer/Xcode/DerivedData/Revolt-dharrjsambcimaaziudpvzjdcigm/Build/Intermediates.noindex/EagerLinkingTBDs/Debug-iphoneos -L/Users/harishvishwakarma/Library/Developer/Xcode/DerivedData/Revolt-dharrjsambcimaaziudpvzjdcigm/Build/Products/Debug-iphoneos -L/Applications/Xcode.app/Contents/Developer/Platforms/iPhoneOS.platform/Developer/usr/lib -F/Users/harishvishwakarma/Library/Developer/Xcode/DerivedData/Revolt-dharrjsambcimaaziudpvzjdcigm/Build/Intermediates.noindex/EagerLinkingTBDs/Debug-iphoneos -F/Users/harishvishwakarma/Library/Developer/Xcode/DerivedData/Revolt-dharrjsambcimaaziudpvzjdcigm/Build/Products/Debug-iphoneos -iframework /Applications/Xcode.app/Contents/Developer/Platforms/iPhoneOS.platform/Developer/Library/Frameworks -iframework /Applications/Xcode.app/Contents/Developer/Platforms/iPhoneOS.platform/Developer/SDKs/iPhoneOS18.5.sdk/Developer/Library/Frameworks -filelist /Users/harishvishwakarma/Library/Developer/Xcode/DerivedData/Revolt-dharrjsambcimaaziudpvzjdcigm/Build/Intermediates.noindex/OggDecoder.build/Debug-iphoneos/OggDecoder.build/Objects-normal/arm64/OggDecoder.LinkFileList -nostdlib -Xlinker -object_path_lto -Xlinker /Users/harishvishwakarma/Library/Developer/Xcode/DerivedData/Revolt-dharrjsambcimaaziudpvzjdcigm/Build/Intermediates.noindex/OggDecoder.build/Debug-iphoneos/OggDecoder.build/Objects-normal/arm64/OggDecoder_lto.o -rdynamic -Xlinker -no_deduplicate -Xlinker -dependency_info -Xlinker /Users/harishvishwakarma/Library/Developer/Xcode/DerivedData/Revolt-dharrjsambcimaaziudpvzjdcigm/Build/Intermediates.noindex/OggDecoder.build/Debug-iphoneos/OggDecoder.build/Objects-normal/arm64/OggDecoder_dependency_info.dat -fobjc-arc -fobjc-link-runtime -o /Users/harishvishwakarma/Library/Developer/Xcode/DerivedData/Revolt-dharrjsambcimaaziudpvzjdcigm/Build/Products/Debug-iphoneos/OggDecoder.o

PrecompileModule /Users/harishvishwakarma/Library/Developer/Xcode/DerivedData/Revolt-dharrjsambcimaaziudpvzjdcigm/Build/Intermediates.noindex/ExplicitPrecompiledModules/_Builtin_limits-AXM9W2VTAXETSKT7528GYRMCN.scan
    cd /Users/harishvishwakarma/Handy/Archem/pepchat-ios/Revolt.xcodeproj
    builtin-precompileModule /Users/harishvishwakarma/Library/Developer/Xcode/DerivedData/Revolt-dharrjsambcimaaziudpvzjdcigm/Build/Intermediates.noindex/ExplicitPrecompiledModules/_Builtin_limits-AXM9W2VTAXETSKT7528GYRMCN.scan

PrecompileModule /Users/harishvishwakarma/Library/Developer/Xcode/DerivedData/Revolt-dharrjsambcimaaziudpvzjdcigm/Build/Intermediates.noindex/ExplicitPrecompiledModules/_stdint-5K5IX1X614P3FE7EU4C9L6GUJ.scan
    cd /Users/harishvishwakarma/Handy/Archem/pepchat-ios/Revolt.xcodeproj
    builtin-precompileModule /Users/harishvishwakarma/Library/Developer/Xcode/DerivedData/Revolt-dharrjsambcimaaziudpvzjdcigm/Build/Intermediates.noindex/ExplicitPrecompiledModules/_stdint-5K5IX1X614P3FE7EU4C9L6GUJ.scan

PrecompileModule /Users/harishvishwakarma/Library/Developer/Xcode/DerivedData/Revolt-dharrjsambcimaaziudpvzjdcigm/Build/Intermediates.noindex/ExplicitPrecompiledModules/_errno-AMW1MP1X1EBO8EP7ZP8ZXABMM.scan
    cd /Users/harishvishwakarma/Handy/Archem/pepchat-ios/Revolt.xcodeproj
    builtin-precompileModule /Users/harishvishwakarma/Library/Developer/Xcode/DerivedData/Revolt-dharrjsambcimaaziudpvzjdcigm/Build/Intermediates.noindex/ExplicitPrecompiledModules/_errno-AMW1MP1X1EBO8EP7ZP8ZXABMM.scan

PrecompileModule /Users/harishvishwakarma/Library/Developer/Xcode/DerivedData/Revolt-dharrjsambcimaaziudpvzjdcigm/Build/Intermediates.noindex/ExplicitPrecompiledModules/runetype-3DL1762EEQ88BHHMH8AQ6T4KS.scan
    cd /Users/harishvishwakarma/Handy/Archem/pepchat-ios/Revolt.xcodeproj
    builtin-precompileModule /Users/harishvishwakarma/Library/Developer/Xcode/DerivedData/Revolt-dharrjsambcimaaziudpvzjdcigm/Build/Intermediates.noindex/ExplicitPrecompiledModules/runetype-3DL1762EEQ88BHHMH8AQ6T4KS.scan

PrecompileModule /Users/harishvishwakarma/Library/Developer/Xcode/DerivedData/Revolt-dharrjsambcimaaziudpvzjdcigm/Build/Intermediates.noindex/ExplicitPrecompiledModules/_strings-PL2Z8XIVRO7XLSGDAV383CA.scan
    cd /Users/harishvishwakarma/Handy/Archem/pepchat-ios/Revolt.xcodeproj
    builtin-precompileModule /Users/harishvishwakarma/Library/Developer/Xcode/DerivedData/Revolt-dharrjsambcimaaziudpvzjdcigm/Build/Intermediates.noindex/ExplicitPrecompiledModules/_strings-PL2Z8XIVRO7XLSGDAV383CA.scan

SwiftDriverJobDiscovery normal arm64 Emitting module for Animator (in target 'Animator' from project 'swiftui-navigation-transitions')

SwiftDriver\ Compilation\ Requirements Animator normal arm64 com.apple.xcode.tools.swift.compiler (in target 'Animator' from project 'swiftui-navigation-transitions')
    cd /Users/harishvishwakarma/Handy/Archem/pepchat-ios/Revolt.xcodeproj
    builtin-Swift-Compilation-Requirements -- /Applications/Xcode.app/Contents/Developer/Toolchains/XcodeDefault.xctoolchain/usr/bin/swiftc -module-name Animator -Onone -enforce-exclusivity\=checked @/Users/harishvishwakarma/Library/Developer/Xcode/DerivedData/Revolt-dharrjsambcimaaziudpvzjdcigm/Build/Intermediates.noindex/swiftui-navigation-transitions.build/Debug-iphoneos/Animator.build/Objects-normal/arm64/Animator.SwiftFileList -DSWIFT_PACKAGE -DDEBUG -DXcode -plugin-path /Applications/Xcode.app/Contents/Developer/Toolchains/XcodeDefault.xctoolchain/usr/lib/swift/host/plugins/testing -enable-experimental-feature DebugDescriptionMacro -sdk /Applications/Xcode.app/Contents/Developer/Platforms/iPhoneOS.platform/Developer/SDKs/iPhoneOS18.5.sdk -target arm64-apple-ios13.0 -g -module-cache-path /Users/harishvishwakarma/Library/Developer/Xcode/DerivedData/ModuleCache.noindex -Xfrontend -serialize-debugging-options -enable-testing -suppress-warnings -index-store-path /Users/harishvishwakarma/Library/Developer/Xcode/DerivedData/Revolt-dharrjsambcimaaziudpvzjdcigm/Index.noindex/DataStore -swift-version 5 -I /Users/harishvishwakarma/Library/Developer/Xcode/DerivedData/Revolt-dharrjsambcimaaziudpvzjdcigm/Build/Products/Debug-iphoneos -I /Applications/Xcode.app/Contents/Developer/Platforms/iPhoneOS.platform/Developer/usr/lib -F /Users/harishvishwakarma/Library/Developer/Xcode/DerivedData/Revolt-dharrjsambcimaaziudpvzjdcigm/Build/Products/Debug-iphoneos -F /Applications/Xcode.app/Contents/Developer/Platforms/iPhoneOS.platform/Developer/Library/Frameworks -F /Applications/Xcode.app/Contents/Developer/Platforms/iPhoneOS.platform/Developer/SDKs/iPhoneOS18.5.sdk/Developer/Library/Frameworks -c -j12 -enable-batch-mode -incremental -Xcc -ivfsstatcache -Xcc /Users/harishvishwakarma/Library/Developer/Xcode/DerivedData/SDKStatCaches.noindex/iphoneos18.5-22F76-7fa4eea80a99bbfdc046826b63ec4baf.sdkstatcache -output-file-map /Users/harishvishwakarma/Library/Developer/Xcode/DerivedData/Revolt-dharrjsambcimaaziudpvzjdcigm/Build/Intermediates.noindex/swiftui-navigation-transitions.build/Debug-iphoneos/Animator.build/Objects-normal/arm64/Animator-OutputFileMap.json -use-frontend-parseable-output -save-temps -no-color-diagnostics -serialize-diagnostics -emit-dependencies -emit-module -emit-module-path /Users/harishvishwakarma/Library/Developer/Xcode/DerivedData/Revolt-dharrjsambcimaaziudpvzjdcigm/Build/Intermediates.noindex/swiftui-navigation-transitions.build/Debug-iphoneos/Animator.build/Objects-normal/arm64/Animator.swiftmodule -validate-clang-modules-once -clang-build-session-file /Users/harishvishwakarma/Library/Developer/Xcode/DerivedData/ModuleCache.noindex/Session.modulevalidation -package-name swiftui_navigation_transitions -Xcc -I/Users/harishvishwakarma/Library/Developer/Xcode/DerivedData/Revolt-dharrjsambcimaaziudpvzjdcigm/Build/Intermediates.noindex/swiftui-navigation-transitions.build/Debug-iphoneos/Animator.build/swift-overrides.hmap -emit-const-values -Xfrontend -const-gather-protocols-file -Xfrontend /Users/harishvishwakarma/Library/Developer/Xcode/DerivedData/Revolt-dharrjsambcimaaziudpvzjdcigm/Build/Intermediates.noindex/swiftui-navigation-transitions.build/Debug-iphoneos/Animator.build/Objects-normal/arm64/Animator_const_extract_protocols.json -Xcc -I/Users/harishvishwakarma/Library/Developer/Xcode/DerivedData/Revolt-dharrjsambcimaaziudpvzjdcigm/Build/Products/Debug-iphoneos/include -Xcc -I/Users/harishvishwakarma/Library/Developer/Xcode/DerivedData/Revolt-dharrjsambcimaaziudpvzjdcigm/Build/Intermediates.noindex/swiftui-navigation-transitions.build/Debug-iphoneos/Animator.build/DerivedSources-normal/arm64 -Xcc -I/Users/harishvishwakarma/Library/Developer/Xcode/DerivedData/Revolt-dharrjsambcimaaziudpvzjdcigm/Build/Intermediates.noindex/swiftui-navigation-transitions.build/Debug-iphoneos/Animator.build/DerivedSources/arm64 -Xcc -I/Users/harishvishwakarma/Library/Developer/Xcode/DerivedData/Revolt-dharrjsambcimaaziudpvzjdcigm/Build/Intermediates.noindex/swiftui-navigation-transitions.build/Debug-iphoneos/Animator.build/DerivedSources -Xcc -DSWIFT_PACKAGE -Xcc -DDEBUG\=1 -emit-objc-header -emit-objc-header-path /Users/harishvishwakarma/Library/Developer/Xcode/DerivedData/Revolt-dharrjsambcimaaziudpvzjdcigm/Build/Intermediates.noindex/swiftui-navigation-transitions.build/Debug-iphoneos/Animator.build/Objects-normal/arm64/Animator-Swift.h -working-directory /Users/harishvishwakarma/Handy/Archem/pepchat-ios/Revolt.xcodeproj -experimental-emit-module-separately -disable-cmo

PrecompileModule /Users/harishvishwakarma/Library/Developer/Xcode/DerivedData/Revolt-dharrjsambcimaaziudpvzjdcigm/Build/Intermediates.noindex/ExplicitPrecompiledModules/_Builtin_stdint-5FZ3UFJ0B7BFK5WHLKBP1WJK3.scan
    cd /Users/harishvishwakarma/Handy/Archem/pepchat-ios/Revolt.xcodeproj
    builtin-precompileModule /Users/harishvishwakarma/Library/Developer/Xcode/DerivedData/Revolt-dharrjsambcimaaziudpvzjdcigm/Build/Intermediates.noindex/ExplicitPrecompiledModules/_Builtin_stdint-5FZ3UFJ0B7BFK5WHLKBP1WJK3.scan

SwiftMergeGeneratedHeaders /Users/harishvishwakarma/Library/Developer/Xcode/DerivedData/Revolt-dharrjsambcimaaziudpvzjdcigm/Build/Intermediates.noindex/GeneratedModuleMaps-iphoneos/Animator-Swift.h /Users/harishvishwakarma/Library/Developer/Xcode/DerivedData/Revolt-dharrjsambcimaaziudpvzjdcigm/Build/Intermediates.noindex/swiftui-navigation-transitions.build/Debug-iphoneos/Animator.build/Objects-normal/arm64/Animator-Swift.h (in target 'Animator' from project 'swiftui-navigation-transitions')
    cd /Users/harishvishwakarma/Library/Developer/Xcode/DerivedData/Revolt-dharrjsambcimaaziudpvzjdcigm/SourcePackages/checkouts/swiftui-navigation-transitions
    builtin-swiftHeaderTool -arch arm64 /Users/harishvishwakarma/Library/Developer/Xcode/DerivedData/Revolt-dharrjsambcimaaziudpvzjdcigm/Build/Intermediates.noindex/swiftui-navigation-transitions.build/Debug-iphoneos/Animator.build/Objects-normal/arm64/Animator-Swift.h -o /Users/harishvishwakarma/Library/Developer/Xcode/DerivedData/Revolt-dharrjsambcimaaziudpvzjdcigm/Build/Intermediates.noindex/GeneratedModuleMaps-iphoneos/Animator-Swift.h

SwiftDriverJobDiscovery normal arm64 Emitting module for Down (in target 'Down' from project 'Down')

Copy /Users/harishvishwakarma/Library/Developer/Xcode/DerivedData/Revolt-dharrjsambcimaaziudpvzjdcigm/Build/Products/Debug-iphoneos/Animator.swiftmodule/arm64-apple-ios.swiftmodule /Users/harishvishwakarma/Library/Developer/Xcode/DerivedData/Revolt-dharrjsambcimaaziudpvzjdcigm/Build/Intermediates.noindex/swiftui-navigation-transitions.build/Debug-iphoneos/Animator.build/Objects-normal/arm64/Animator.swiftmodule (in target 'Animator' from project 'swiftui-navigation-transitions')
    cd /Users/harishvishwakarma/Library/Developer/Xcode/DerivedData/Revolt-dharrjsambcimaaziudpvzjdcigm/SourcePackages/checkouts/swiftui-navigation-transitions
    builtin-copy -exclude .DS_Store -exclude CVS -exclude .svn -exclude .git -exclude .hg -resolve-src-symlinks -rename /Users/harishvishwakarma/Library/Developer/Xcode/DerivedData/Revolt-dharrjsambcimaaziudpvzjdcigm/Build/Intermediates.noindex/swiftui-navigation-transitions.build/Debug-iphoneos/Animator.build/Objects-normal/arm64/Animator.swiftmodule /Users/harishvishwakarma/Library/Developer/Xcode/DerivedData/Revolt-dharrjsambcimaaziudpvzjdcigm/Build/Products/Debug-iphoneos/Animator.swiftmodule/arm64-apple-ios.swiftmodule

SwiftDriver\ Compilation\ Requirements Down normal arm64 com.apple.xcode.tools.swift.compiler (in target 'Down' from project 'Down')
    cd /Users/harishvishwakarma/Handy/Archem/pepchat-ios/Revolt.xcodeproj
    builtin-Swift-Compilation-Requirements -- /Applications/Xcode.app/Contents/Developer/Toolchains/XcodeDefault.xctoolchain/usr/bin/swiftc -module-name Down -Onone -enforce-exclusivity\=checked @/Users/harishvishwakarma/Library/Developer/Xcode/DerivedData/Revolt-dharrjsambcimaaziudpvzjdcigm/Build/Intermediates.noindex/Down.build/Debug-iphoneos/Down.build/Objects-normal/arm64/Down.SwiftFileList -DSWIFT_PACKAGE -DDEBUG -Xcc -fmodule-map-file\=/Users/harishvishwakarma/Library/Developer/Xcode/DerivedData/Revolt-dharrjsambcimaaziudpvzjdcigm/Build/Intermediates.noindex/GeneratedModuleMaps-iphoneos/libcmark.modulemap -DXcode -plugin-path /Applications/Xcode.app/Contents/Developer/Toolchains/XcodeDefault.xctoolchain/usr/lib/swift/host/plugins/testing -enable-experimental-feature DebugDescriptionMacro -sdk /Applications/Xcode.app/Contents/Developer/Platforms/iPhoneOS.platform/Developer/SDKs/iPhoneOS18.5.sdk -target arm64-apple-ios12.0 -g -module-cache-path /Users/harishvishwakarma/Library/Developer/Xcode/DerivedData/ModuleCache.noindex -Xfrontend -serialize-debugging-options -enable-testing -suppress-warnings -index-store-path /Users/harishvishwakarma/Library/Developer/Xcode/DerivedData/Revolt-dharrjsambcimaaziudpvzjdcigm/Index.noindex/DataStore -swift-version 5 -I /Users/harishvishwakarma/Library/Developer/Xcode/DerivedData/Revolt-dharrjsambcimaaziudpvzjdcigm/Build/Products/Debug-iphoneos -I /Applications/Xcode.app/Contents/Developer/Platforms/iPhoneOS.platform/Developer/usr/lib -F /Users/harishvishwakarma/Library/Developer/Xcode/DerivedData/Revolt-dharrjsambcimaaziudpvzjdcigm/Build/Products/Debug-iphoneos/PackageFrameworks -F /Users/harishvishwakarma/Library/Developer/Xcode/DerivedData/Revolt-dharrjsambcimaaziudpvzjdcigm/Build/Products/Debug-iphoneos -F /Applications/Xcode.app/Contents/Developer/Platforms/iPhoneOS.platform/Developer/Library/Frameworks -F /Applications/Xcode.app/Contents/Developer/Platforms/iPhoneOS.platform/Developer/SDKs/iPhoneOS18.5.sdk/Developer/Library/Frameworks -c -j12 -enable-batch-mode -incremental -Xcc -ivfsstatcache -Xcc /Users/harishvishwakarma/Library/Developer/Xcode/DerivedData/SDKStatCaches.noindex/iphoneos18.5-22F76-7fa4eea80a99bbfdc046826b63ec4baf.sdkstatcache -output-file-map /Users/harishvishwakarma/Library/Developer/Xcode/DerivedData/Revolt-dharrjsambcimaaziudpvzjdcigm/Build/Intermediates.noindex/Down.build/Debug-iphoneos/Down.build/Objects-normal/arm64/Down-OutputFileMap.json -use-frontend-parseable-output -save-temps -no-color-diagnostics -serialize-diagnostics -emit-dependencies -emit-module -emit-module-path /Users/harishvishwakarma/Library/Developer/Xcode/DerivedData/Revolt-dharrjsambcimaaziudpvzjdcigm/Build/Intermediates.noindex/Down.build/Debug-iphoneos/Down.build/Objects-normal/arm64/Down.swiftmodule -validate-clang-modules-once -clang-build-session-file /Users/harishvishwakarma/Library/Developer/Xcode/DerivedData/ModuleCache.noindex/Session.modulevalidation -Xcc -I/Users/harishvishwakarma/Library/Developer/Xcode/DerivedData/Revolt-dharrjsambcimaaziudpvzjdcigm/Build/Intermediates.noindex/Down.build/Debug-iphoneos/Down.build/swift-overrides.hmap -emit-const-values -Xfrontend -const-gather-protocols-file -Xfrontend /Users/harishvishwakarma/Library/Developer/Xcode/DerivedData/Revolt-dharrjsambcimaaziudpvzjdcigm/Build/Intermediates.noindex/Down.build/Debug-iphoneos/Down.build/Objects-normal/arm64/Down_const_extract_protocols.json -Xcc -I/Users/harishvishwakarma/Library/Developer/Xcode/DerivedData/Revolt-dharrjsambcimaaziudpvzjdcigm/SourcePackages/checkouts/Down/Sources/cmark -Xcc -I/Users/harishvishwakarma/Library/Developer/Xcode/DerivedData/Revolt-dharrjsambcimaaziudpvzjdcigm/Build/Products/Debug-iphoneos/include -Xcc -I/Users/harishvishwakarma/Library/Developer/Xcode/DerivedData/Revolt-dharrjsambcimaaziudpvzjdcigm/Build/Intermediates.noindex/Down.build/Debug-iphoneos/Down.build/DerivedSources-normal/arm64 -Xcc -I/Users/harishvishwakarma/Library/Developer/Xcode/DerivedData/Revolt-dharrjsambcimaaziudpvzjdcigm/Build/Intermediates.noindex/Down.build/Debug-iphoneos/Down.build/DerivedSources/arm64 -Xcc -I/Users/harishvishwakarma/Library/Developer/Xcode/DerivedData/Revolt-dharrjsambcimaaziudpvzjdcigm/Build/Intermediates.noindex/Down.build/Debug-iphoneos/Down.build/DerivedSources -Xcc -DSWIFT_PACKAGE -Xcc -DDEBUG\=1 -emit-objc-header -emit-objc-header-path /Users/harishvishwakarma/Library/Developer/Xcode/DerivedData/Revolt-dharrjsambcimaaziudpvzjdcigm/Build/Intermediates.noindex/Down.build/Debug-iphoneos/Down.build/Objects-normal/arm64/Down-Swift.h -working-directory /Users/harishvishwakarma/Handy/Archem/pepchat-ios/Revolt.xcodeproj -experimental-emit-module-separately -disable-cmo

Copy /Users/harishvishwakarma/Library/Developer/Xcode/DerivedData/Revolt-dharrjsambcimaaziudpvzjdcigm/Build/Products/Debug-iphoneos/Animator.swiftmodule/arm64-apple-ios.swiftdoc /Users/harishvishwakarma/Library/Developer/Xcode/DerivedData/Revolt-dharrjsambcimaaziudpvzjdcigm/Build/Intermediates.noindex/swiftui-navigation-transitions.build/Debug-iphoneos/Animator.build/Objects-normal/arm64/Animator.swiftdoc (in target 'Animator' from project 'swiftui-navigation-transitions')
    cd /Users/harishvishwakarma/Library/Developer/Xcode/DerivedData/Revolt-dharrjsambcimaaziudpvzjdcigm/SourcePackages/checkouts/swiftui-navigation-transitions
    builtin-copy -exclude .DS_Store -exclude CVS -exclude .svn -exclude .git -exclude .hg -resolve-src-symlinks -rename /Users/harishvishwakarma/Library/Developer/Xcode/DerivedData/Revolt-dharrjsambcimaaziudpvzjdcigm/Build/Intermediates.noindex/swiftui-navigation-transitions.build/Debug-iphoneos/Animator.build/Objects-normal/arm64/Animator.swiftdoc /Users/harishvishwakarma/Library/Developer/Xcode/DerivedData/Revolt-dharrjsambcimaaziudpvzjdcigm/Build/Products/Debug-iphoneos/Animator.swiftmodule/arm64-apple-ios.swiftdoc

SwiftMergeGeneratedHeaders /Users/harishvishwakarma/Library/Developer/Xcode/DerivedData/Revolt-dharrjsambcimaaziudpvzjdcigm/Build/Intermediates.noindex/GeneratedModuleMaps-iphoneos/Down-Swift.h /Users/harishvishwakarma/Library/Developer/Xcode/DerivedData/Revolt-dharrjsambcimaaziudpvzjdcigm/Build/Intermediates.noindex/Down.build/Debug-iphoneos/Down.build/Objects-normal/arm64/Down-Swift.h (in target 'Down' from project 'Down')
    cd /Users/harishvishwakarma/Library/Developer/Xcode/DerivedData/Revolt-dharrjsambcimaaziudpvzjdcigm/SourcePackages/checkouts/Down
    builtin-swiftHeaderTool -arch arm64 /Users/harishvishwakarma/Library/Developer/Xcode/DerivedData/Revolt-dharrjsambcimaaziudpvzjdcigm/Build/Intermediates.noindex/Down.build/Debug-iphoneos/Down.build/Objects-normal/arm64/Down-Swift.h -o /Users/harishvishwakarma/Library/Developer/Xcode/DerivedData/Revolt-dharrjsambcimaaziudpvzjdcigm/Build/Intermediates.noindex/GeneratedModuleMaps-iphoneos/Down-Swift.h

Copy /Users/harishvishwakarma/Library/Developer/Xcode/DerivedData/Revolt-dharrjsambcimaaziudpvzjdcigm/Build/Products/Debug-iphoneos/Down.swiftmodule/arm64-apple-ios.swiftmodule /Users/harishvishwakarma/Library/Developer/Xcode/DerivedData/Revolt-dharrjsambcimaaziudpvzjdcigm/Build/Intermediates.noindex/Down.build/Debug-iphoneos/Down.build/Objects-normal/arm64/Down.swiftmodule (in target 'Down' from project 'Down')
    cd /Users/harishvishwakarma/Library/Developer/Xcode/DerivedData/Revolt-dharrjsambcimaaziudpvzjdcigm/SourcePackages/checkouts/Down
    builtin-copy -exclude .DS_Store -exclude CVS -exclude .svn -exclude .git -exclude .hg -resolve-src-symlinks -rename /Users/harishvishwakarma/Library/Developer/Xcode/DerivedData/Revolt-dharrjsambcimaaziudpvzjdcigm/Build/Intermediates.noindex/Down.build/Debug-iphoneos/Down.build/Objects-normal/arm64/Down.swiftmodule /Users/harishvishwakarma/Library/Developer/Xcode/DerivedData/Revolt-dharrjsambcimaaziudpvzjdcigm/Build/Products/Debug-iphoneos/Down.swiftmodule/arm64-apple-ios.swiftmodule

Copy /Users/harishvishwakarma/Library/Developer/Xcode/DerivedData/Revolt-dharrjsambcimaaziudpvzjdcigm/Build/Products/Debug-iphoneos/Down.swiftmodule/arm64-apple-ios.swiftdoc /Users/harishvishwakarma/Library/Developer/Xcode/DerivedData/Revolt-dharrjsambcimaaziudpvzjdcigm/Build/Intermediates.noindex/Down.build/Debug-iphoneos/Down.build/Objects-normal/arm64/Down.swiftdoc (in target 'Down' from project 'Down')
    cd /Users/harishvishwakarma/Library/Developer/Xcode/DerivedData/Revolt-dharrjsambcimaaziudpvzjdcigm/SourcePackages/checkouts/Down
    builtin-copy -exclude .DS_Store -exclude CVS -exclude .svn -exclude .git -exclude .hg -resolve-src-symlinks -rename /Users/harishvishwakarma/Library/Developer/Xcode/DerivedData/Revolt-dharrjsambcimaaziudpvzjdcigm/Build/Intermediates.noindex/Down.build/Debug-iphoneos/Down.build/Objects-normal/arm64/Down.swiftdoc /Users/harishvishwakarma/Library/Developer/Xcode/DerivedData/Revolt-dharrjsambcimaaziudpvzjdcigm/Build/Products/Debug-iphoneos/Down.swiftmodule/arm64-apple-ios.swiftdoc

Copy /Users/harishvishwakarma/Library/Developer/Xcode/DerivedData/Revolt-dharrjsambcimaaziudpvzjdcigm/Build/Products/Debug-iphoneos/Down.swiftmodule/arm64-apple-ios.abi.json /Users/harishvishwakarma/Library/Developer/Xcode/DerivedData/Revolt-dharrjsambcimaaziudpvzjdcigm/Build/Intermediates.noindex/Down.build/Debug-iphoneos/Down.build/Objects-normal/arm64/Down.abi.json (in target 'Down' from project 'Down')
    cd /Users/harishvishwakarma/Library/Developer/Xcode/DerivedData/Revolt-dharrjsambcimaaziudpvzjdcigm/SourcePackages/checkouts/Down
    builtin-copy -exclude .DS_Store -exclude CVS -exclude .svn -exclude .git -exclude .hg -resolve-src-symlinks -rename /Users/harishvishwakarma/Library/Developer/Xcode/DerivedData/Revolt-dharrjsambcimaaziudpvzjdcigm/Build/Intermediates.noindex/Down.build/Debug-iphoneos/Down.build/Objects-normal/arm64/Down.abi.json /Users/harishvishwakarma/Library/Developer/Xcode/DerivedData/Revolt-dharrjsambcimaaziudpvzjdcigm/Build/Products/Debug-iphoneos/Down.swiftmodule/arm64-apple-ios.abi.json

Copy /Users/harishvishwakarma/Library/Developer/Xcode/DerivedData/Revolt-dharrjsambcimaaziudpvzjdcigm/Build/Products/Debug-iphoneos/Down.swiftmodule/Project/arm64-apple-ios.swiftsourceinfo /Users/harishvishwakarma/Library/Developer/Xcode/DerivedData/Revolt-dharrjsambcimaaziudpvzjdcigm/Build/Intermediates.noindex/Down.build/Debug-iphoneos/Down.build/Objects-normal/arm64/Down.swiftsourceinfo (in target 'Down' from project 'Down')
    cd /Users/harishvishwakarma/Library/Developer/Xcode/DerivedData/Revolt-dharrjsambcimaaziudpvzjdcigm/SourcePackages/checkouts/Down
    builtin-copy -exclude .DS_Store -exclude CVS -exclude .svn -exclude .git -exclude .hg -resolve-src-symlinks -rename /Users/harishvishwakarma/Library/Developer/Xcode/DerivedData/Revolt-dharrjsambcimaaziudpvzjdcigm/Build/Intermediates.noindex/Down.build/Debug-iphoneos/Down.build/Objects-normal/arm64/Down.swiftsourceinfo /Users/harishvishwakarma/Library/Developer/Xcode/DerivedData/Revolt-dharrjsambcimaaziudpvzjdcigm/Build/Products/Debug-iphoneos/Down.swiftmodule/Project/arm64-apple-ios.swiftsourceinfo

Copy /Users/harishvishwakarma/Library/Developer/Xcode/DerivedData/Revolt-dharrjsambcimaaziudpvzjdcigm/Build/Products/Debug-iphoneos/Animator.swiftmodule/arm64-apple-ios.abi.json /Users/harishvishwakarma/Library/Developer/Xcode/DerivedData/Revolt-dharrjsambcimaaziudpvzjdcigm/Build/Intermediates.noindex/swiftui-navigation-transitions.build/Debug-iphoneos/Animator.build/Objects-normal/arm64/Animator.abi.json (in target 'Animator' from project 'swiftui-navigation-transitions')
    cd /Users/harishvishwakarma/Library/Developer/Xcode/DerivedData/Revolt-dharrjsambcimaaziudpvzjdcigm/SourcePackages/checkouts/swiftui-navigation-transitions
    builtin-copy -exclude .DS_Store -exclude CVS -exclude .svn -exclude .git -exclude .hg -resolve-src-symlinks -rename /Users/harishvishwakarma/Library/Developer/Xcode/DerivedData/Revolt-dharrjsambcimaaziudpvzjdcigm/Build/Intermediates.noindex/swiftui-navigation-transitions.build/Debug-iphoneos/Animator.build/Objects-normal/arm64/Animator.abi.json /Users/harishvishwakarma/Library/Developer/Xcode/DerivedData/Revolt-dharrjsambcimaaziudpvzjdcigm/Build/Products/Debug-iphoneos/Animator.swiftmodule/arm64-apple-ios.abi.json

Copy /Users/harishvishwakarma/Library/Developer/Xcode/DerivedData/Revolt-dharrjsambcimaaziudpvzjdcigm/Build/Products/Debug-iphoneos/Animator.swiftmodule/Project/arm64-apple-ios.swiftsourceinfo /Users/harishvishwakarma/Library/Developer/Xcode/DerivedData/Revolt-dharrjsambcimaaziudpvzjdcigm/Build/Intermediates.noindex/swiftui-navigation-transitions.build/Debug-iphoneos/Animator.build/Objects-normal/arm64/Animator.swiftsourceinfo (in target 'Animator' from project 'swiftui-navigation-transitions')
    cd /Users/harishvishwakarma/Library/Developer/Xcode/DerivedData/Revolt-dharrjsambcimaaziudpvzjdcigm/SourcePackages/checkouts/swiftui-navigation-transitions
    builtin-copy -exclude .DS_Store -exclude CVS -exclude .svn -exclude .git -exclude .hg -resolve-src-symlinks -rename /Users/harishvishwakarma/Library/Developer/Xcode/DerivedData/Revolt-dharrjsambcimaaziudpvzjdcigm/Build/Intermediates.noindex/swiftui-navigation-transitions.build/Debug-iphoneos/Animator.build/Objects-normal/arm64/Animator.swiftsourceinfo /Users/harishvishwakarma/Library/Developer/Xcode/DerivedData/Revolt-dharrjsambcimaaziudpvzjdcigm/Build/Products/Debug-iphoneos/Animator.swiftmodule/Project/arm64-apple-ios.swiftsourceinfo

PrecompileModule /Users/harishvishwakarma/Library/Developer/Xcode/DerivedData/Revolt-dharrjsambcimaaziudpvzjdcigm/Build/Intermediates.noindex/ExplicitPrecompiledModules/alloca-8F55L6QD0UDHWKQZZ6GNLRPWN.scan
    cd /Users/harishvishwakarma/Handy/Archem/pepchat-ios/Revolt.xcodeproj
    builtin-precompileModule /Users/harishvishwakarma/Library/Developer/Xcode/DerivedData/Revolt-dharrjsambcimaaziudpvzjdcigm/Build/Intermediates.noindex/ExplicitPrecompiledModules/alloca-8F55L6QD0UDHWKQZZ6GNLRPWN.scan

PrecompileModule /Users/harishvishwakarma/Library/Developer/Xcode/DerivedData/Revolt-dharrjsambcimaaziudpvzjdcigm/Build/Intermediates.noindex/ExplicitPrecompiledModules/_assert-C6B2HFHSXIC89ZVN5TW3EPIM2.scan
    cd /Users/harishvishwakarma/Handy/Archem/pepchat-ios/Revolt.xcodeproj
    builtin-precompileModule /Users/harishvishwakarma/Library/Developer/Xcode/DerivedData/Revolt-dharrjsambcimaaziudpvzjdcigm/Build/Intermediates.noindex/ExplicitPrecompiledModules/_assert-C6B2HFHSXIC89ZVN5TW3EPIM2.scan

PrecompileModule /Users/harishvishwakarma/Library/Developer/Xcode/DerivedData/Revolt-dharrjsambcimaaziudpvzjdcigm/Build/Intermediates.noindex/ExplicitPrecompiledModules/netinet_in-3TSK9TAAFXMQ932IAWP6WZWL3.scan
    cd /Users/harishvishwakarma/Handy/Archem/pepchat-ios/Revolt.xcodeproj
    builtin-precompileModule /Users/harishvishwakarma/Library/Developer/Xcode/DerivedData/Revolt-dharrjsambcimaaziudpvzjdcigm/Build/Intermediates.noindex/ExplicitPrecompiledModules/netinet_in-3TSK9TAAFXMQ932IAWP6WZWL3.scan

SwiftCompile normal arm64 Compiling\ File.swift /Users/harishvishwakarma/Handy/Archem/pepchat-ios/Types/File.swift (in target 'Types' from project 'Revolt')

SwiftCompile normal arm64 /Users/harishvishwakarma/Handy/Archem/pepchat-ios/Types/File.swift (in target 'Types' from project 'Revolt')
    cd /Users/harishvishwakarma/Handy/Archem/pepchat-ios
    

SwiftCompile normal arm64 Compiling\ Api.swift,\ Channel.swift /Users/harishvishwakarma/Handy/Archem/pepchat-ios/Types/Api.swift /Users/harishvishwakarma/Handy/Archem/pepchat-ios/Types/Channel.swift (in target 'Types' from project 'Revolt')
SwiftCompile normal arm64 /Users/harishvishwakarma/Handy/Archem/pepchat-ios/Types/Api.swift (in target 'Types' from project 'Revolt')
    cd /Users/harishvishwakarma/Handy/Archem/pepchat-ios
    

SwiftCompile normal arm64 /Users/harishvishwakarma/Handy/Archem/pepchat-ios/Types/Channel.swift (in target 'Types' from project 'Revolt')
    cd /Users/harishvishwakarma/Handy/Archem/pepchat-ios
    
/Users/harishvishwakarma/Handy/Archem/pepchat-ios/Types/Channel.swift:231:30: warning: immutable value 'c' was never used; consider replacing with '_' or removing it
        case .dm_channel(let c):
                         ~~~~^
                         _
/Users/harishvishwakarma/Handy/Archem/pepchat-ios/Types/Channel.swift:240:32: warning: immutable value 'c' was never used; consider replacing with '_' or removing it
        case .text_channel(let c):
                           ~~~~^
                           _
/Users/harishvishwakarma/Handy/Archem/pepchat-ios/Types/Channel.swift:357:38: warning: immutable value 'savedMessages' was never used; consider replacing with '_' or removing it
            case .saved_messages(let savedMessages):
                                 ~~~~^~~~~~~~~~~~~
                                 _
/Users/harishvishwakarma/Handy/Archem/pepchat-ios/Types/Channel.swift:359:34: warning: immutable value 'dMChannel' was never used; consider replacing with '_' or removing it
            case .dm_channel(let dMChannel):
                             ~~~~^~~~~~~~~
                             _
/Users/harishvishwakarma/Handy/Archem/pepchat-ios/Types/Channel.swift:361:40: warning: immutable value 'groupDMChannel' was never used; consider replacing with '_' or removing it
            case .group_dm_channel(let groupDMChannel):
                                   ~~~~^~~~~~~~~~~~~~
                                   _
/Users/harishvishwakarma/Handy/Archem/pepchat-ios/Types/Channel.swift:373:38: warning: immutable value 'savedMessages' was never used; consider replacing with '_' or removing it
            case .saved_messages(let savedMessages):
                                 ~~~~^~~~~~~~~~~~~
                                 _
/Users/harishvishwakarma/Handy/Archem/pepchat-ios/Types/Channel.swift:375:34: warning: immutable value 'dMChannel' was never used; consider replacing with '_' or removing it
            case .dm_channel(let dMChannel):
                             ~~~~^~~~~~~~~
                             _
/Users/harishvishwakarma/Handy/Archem/pepchat-ios/Types/Channel.swift:377:40: warning: immutable value 'groupDMChannel' was never used; consider replacing with '_' or removing it
            case .group_dm_channel(let groupDMChannel):
                                   ~~~~^~~~~~~~~~~~~~
                                   _

CompileC /Users/harishvishwakarma/Library/Developer/Xcode/DerivedData/Revolt-dharrjsambcimaaziudpvzjdcigm/Build/Intermediates.noindex/Down.build/Debug-iphoneos/libcmark.build/Objects-normal/arm64/cmark_ctype.o /Users/harishvishwakarma/Library/Developer/Xcode/DerivedData/Revolt-dharrjsambcimaaziudpvzjdcigm/SourcePackages/checkouts/Down/Sources/cmark/cmark_ctype.c normal arm64 c com.apple.compilers.llvm.clang.1_0.compiler (in target 'libcmark' from project 'Down')
    cd /Users/harishvishwakarma/Handy/Archem/pepchat-ios/Revolt.xcodeproj
    
    Using response file: /Users/harishvishwakarma/Library/Developer/Xcode/DerivedData/Revolt-dharrjsambcimaaziudpvzjdcigm/Build/Intermediates.noindex/Down.build/Debug-iphoneos/libcmark.build/Objects-normal/arm64/7187679823f38a2a940e0043cdf9d637-common-args.resp
    
    /Applications/Xcode.app/Contents/Developer/Toolchains/XcodeDefault.xctoolchain/usr/bin/clang -x c -ivfsstatcache /Users/harishvishwakarma/Library/Developer/Xcode/DerivedData/SDKStatCaches.noindex/iphoneos18.5-22F76-7fa4eea80a99bbfdc046826b63ec4baf.sdkstatcache -fmessage-length\=0 -fdiagnostics-show-note-include-stack -fmacro-backtrace-limit\=0 -fno-color-diagnostics -fmodules-prune-interval\=86400 -fmodules-prune-after\=345600 -fbuild-session-file\=/Users/harishvishwakarma/Library/Developer/Xcode/DerivedData/ModuleCache.noindex/Session.modulevalidation -fmodules-validate-once-per-build-session -Wnon-modular-include-in-framework-module -Werror\=non-modular-include-in-framework-module -Wno-trigraphs -Wno-missing-field-initializers -Wno-missing-prototypes -Wno-return-type -Wno-missing-braces -Wparentheses -Wswitch -Wno-unused-function -Wno-unused-label -Wno-unused-parameter -Wno-unused-variable -Wunused-value -Wno-empty-body -Wno-uninitialized -Wno-unknown-pragmas -w -Wno-shadow -Wno-four-char-constants -Wno-conversion -Wno-constant-conversion -Wno-int-conversion -Wno-bool-conversion -Wno-enum-conversion -Wno-float-conversion -Wno-non-literal-null-conversion -Wno-objc-literal-conversion -Wshorten-64-to-32 -Wpointer-sign -Wno-newline-eof -Wno-implicit-fallthrough -fstrict-aliasing -Wdeprecated-declarations -Wno-sign-conversion -Wno-infinite-recursion -Wno-comma -Wno-block-capture-autoreleasing -Wno-strict-prototypes -Wno-semicolon-before-method-body -index-store-path /Users/harishvishwakarma/Library/Developer/Xcode/DerivedData/Revolt-dharrjsambcimaaziudpvzjdcigm/Index.noindex/DataStore @/Users/harishvishwakarma/Library/Developer/Xcode/DerivedData/Revolt-dharrjsambcimaaziudpvzjdcigm/Build/Intermediates.noindex/Down.build/Debug-iphoneos/libcmark.build/Objects-normal/arm64/7187679823f38a2a940e0043cdf9d637-common-args.resp -MMD -MT dependencies -MF /Users/harishvishwakarma/Library/Developer/Xcode/DerivedData/Revolt-dharrjsambcimaaziudpvzjdcigm/Build/Intermediates.noindex/Down.build/Debug-iphoneos/libcmark.build/Objects-normal/arm64/cmark_ctype.d --serialize-diagnostics /Users/harishvishwakarma/Library/Developer/Xcode/DerivedData/Revolt-dharrjsambcimaaziudpvzjdcigm/Build/Intermediates.noindex/Down.build/Debug-iphoneos/libcmark.build/Objects-normal/arm64/cmark_ctype.dia -c /Users/harishvishwakarma/Library/Developer/Xcode/DerivedData/Revolt-dharrjsambcimaaziudpvzjdcigm/SourcePackages/checkouts/Down/Sources/cmark/cmark_ctype.c -o /Users/harishvishwakarma/Library/Developer/Xcode/DerivedData/Revolt-dharrjsambcimaaziudpvzjdcigm/Build/Intermediates.noindex/Down.build/Debug-iphoneos/libcmark.build/Objects-normal/arm64/cmark_ctype.o -index-unit-output-path /Down.build/Debug-iphoneos/libcmark.build/Objects-normal/arm64/cmark_ctype.o

SwiftCompile normal arm64 Compiling\ ServerChannel.swift,\ Types.swift /Users/harishvishwakarma/Handy/Archem/pepchat-ios/Types/ServerChannel.swift /Users/harishvishwakarma/Handy/Archem/pepchat-ios/Types/Types.swift (in target 'Types' from project 'Revolt')

SwiftCompile normal arm64 /Users/harishvishwakarma/Handy/Archem/pepchat-ios/Types/ServerChannel.swift (in target 'Types' from project 'Revolt')
    cd /Users/harishvishwakarma/Handy/Archem/pepchat-ios
    

SwiftCompile normal arm64 /Users/harishvishwakarma/Handy/Archem/pepchat-ios/Types/Types.swift (in target 'Types' from project 'Revolt')
    cd /Users/harishvishwakarma/Handy/Archem/pepchat-ios
    

PrecompileModule /Users/harishvishwakarma/Library/Developer/Xcode/DerivedData/Revolt-dharrjsambcimaaziudpvzjdcigm/Build/Intermediates.noindex/ExplicitPrecompiledModules/sys_types-3T4491NNIWCW8M4R9YZ0C5USB.scan
    cd /Users/harishvishwakarma/Handy/Archem/pepchat-ios/Revolt.xcodeproj
    builtin-precompileModule /Users/harishvishwakarma/Library/Developer/Xcode/DerivedData/Revolt-dharrjsambcimaaziudpvzjdcigm/Build/Intermediates.noindex/ExplicitPrecompiledModules/sys_types-3T4491NNIWCW8M4R9YZ0C5USB.scan

SwiftCompile normal arm64 Compiling\ Badges.swift /Users/harishvishwakarma/Handy/Archem/pepchat-ios/Types/Badges.swift (in target 'Types' from project 'Revolt')

SwiftCompile normal arm64 /Users/harishvishwakarma/Handy/Archem/pepchat-ios/Types/Badges.swift (in target 'Types' from project 'Revolt')
    cd /Users/harishvishwakarma/Handy/Archem/pepchat-ios
    

SwiftCompile normal arm64 Compiling\ Role.swift /Users/harishvishwakarma/Handy/Archem/pepchat-ios/Types/Role.swift (in target 'Types' from project 'Revolt')

SwiftCompile normal arm64 /Users/harishvishwakarma/Handy/Archem/pepchat-ios/Types/Role.swift (in target 'Types' from project 'Revolt')
    cd /Users/harishvishwakarma/Handy/Archem/pepchat-ios
    

SwiftCompile normal arm64 Compiling\ Permissions.swift /Users/harishvishwakarma/Handy/Archem/pepchat-ios/Types/Permissions.swift (in target 'Types' from project 'Revolt')

SwiftCompile normal arm64 /Users/harishvishwakarma/Handy/Archem/pepchat-ios/Types/Permissions.swift (in target 'Types' from project 'Revolt')
    cd /Users/harishvishwakarma/Handy/Archem/pepchat-ios
    

PrecompileModule /Users/harishvishwakarma/Library/Developer/Xcode/DerivedData/Revolt-dharrjsambcimaaziudpvzjdcigm/Build/Intermediates.noindex/ExplicitPrecompiledModules/sys_resource-D0FEB4CRAPYIPR8RH64I04980.scan
    cd /Users/harishvishwakarma/Handy/Archem/pepchat-ios/Revolt.xcodeproj
    builtin-precompileModule /Users/harishvishwakarma/Library/Developer/Xcode/DerivedData/Revolt-dharrjsambcimaaziudpvzjdcigm/Build/Intermediates.noindex/ExplicitPrecompiledModules/sys_resource-D0FEB4CRAPYIPR8RH64I04980.scan

SwiftDriverJobDiscovery normal arm64 Compiling Bot.swift (in target 'Types' from project 'Revolt')

PrecompileModule /Users/harishvishwakarma/Library/Developer/Xcode/DerivedData/Revolt-dharrjsambcimaaziudpvzjdcigm/Build/Intermediates.noindex/ExplicitPrecompiledModules/_stdio-6BKKR3KMG0IH9JVILZMYGZCLL.scan
    cd /Users/harishvishwakarma/Handy/Archem/pepchat-ios/Revolt.xcodeproj
    builtin-precompileModule /Users/harishvishwakarma/Library/Developer/Xcode/DerivedData/Revolt-dharrjsambcimaaziudpvzjdcigm/Build/Intermediates.noindex/ExplicitPrecompiledModules/_stdio-6BKKR3KMG0IH9JVILZMYGZCLL.scan

SwiftDriverJobDiscovery normal arm64 Compiling ULID.swift (in target 'ULID' from project 'ULID.swift')

PrecompileModule /Users/harishvishwakarma/Library/Developer/Xcode/DerivedData/Revolt-dharrjsambcimaaziudpvzjdcigm/Build/Intermediates.noindex/ExplicitPrecompiledModules/_signal-C51DCTRSITUGLVEXAAUAHAH30.scan
    cd /Users/harishvishwakarma/Handy/Archem/pepchat-ios/Revolt.xcodeproj
    builtin-precompileModule /Users/harishvishwakarma/Library/Developer/Xcode/DerivedData/Revolt-dharrjsambcimaaziudpvzjdcigm/Build/Intermediates.noindex/ExplicitPrecompiledModules/_signal-C51DCTRSITUGLVEXAAUAHAH30.scan

SwiftDriverJobDiscovery normal arm64 Compiling Data+Base32.swift (in target 'ULID' from project 'ULID.swift')

PrecompileModule /Users/harishvishwakarma/Library/Developer/Xcode/DerivedData/Revolt-dharrjsambcimaaziudpvzjdcigm/Build/Intermediates.noindex/ExplicitPrecompiledModules/_string-6I1BD3ORS00Z3KNEEAEGCCVGN.scan
    cd /Users/harishvishwakarma/Handy/Archem/pepchat-ios/Revolt.xcodeproj
    builtin-precompileModule /Users/harishvishwakarma/Library/Developer/Xcode/DerivedData/Revolt-dharrjsambcimaaziudpvzjdcigm/Build/Intermediates.noindex/ExplicitPrecompiledModules/_string-6I1BD3ORS00Z3KNEEAEGCCVGN.scan

SwiftDriver\ Compilation ULID normal arm64 com.apple.xcode.tools.swift.compiler (in target 'ULID' from project 'ULID.swift')
    cd /Users/harishvishwakarma/Handy/Archem/pepchat-ios/Revolt.xcodeproj
    builtin-Swift-Compilation -- /Applications/Xcode.app/Contents/Developer/Toolchains/XcodeDefault.xctoolchain/usr/bin/swiftc -module-name ULID -Onone -enforce-exclusivity\=checked @/Users/harishvishwakarma/Library/Developer/Xcode/DerivedData/Revolt-dharrjsambcimaaziudpvzjdcigm/Build/Intermediates.noindex/ULID.swift.build/Debug-iphoneos/ULID.build/Objects-normal/arm64/ULID.SwiftFileList -DSWIFT_PACKAGE -DDEBUG -DXcode -plugin-path /Applications/Xcode.app/Contents/Developer/Toolchains/XcodeDefault.xctoolchain/usr/lib/swift/host/plugins/testing -enable-experimental-feature DebugDescriptionMacro -sdk /Applications/Xcode.app/Contents/Developer/Platforms/iPhoneOS.platform/Developer/SDKs/iPhoneOS18.5.sdk -target arm64-apple-ios12.0 -g -module-cache-path /Users/harishvishwakarma/Library/Developer/Xcode/DerivedData/ModuleCache.noindex -Xfrontend -serialize-debugging-options -enable-testing -suppress-warnings -index-store-path /Users/harishvishwakarma/Library/Developer/Xcode/DerivedData/Revolt-dharrjsambcimaaziudpvzjdcigm/Index.noindex/DataStore -swift-version 5 -I /Users/harishvishwakarma/Library/Developer/Xcode/DerivedData/Revolt-dharrjsambcimaaziudpvzjdcigm/Build/Products/Debug-iphoneos -I /Applications/Xcode.app/Contents/Developer/Platforms/iPhoneOS.platform/Developer/usr/lib -F /Users/harishvishwakarma/Library/Developer/Xcode/DerivedData/Revolt-dharrjsambcimaaziudpvzjdcigm/Build/Products/Debug-iphoneos -F /Applications/Xcode.app/Contents/Developer/Platforms/iPhoneOS.platform/Developer/Library/Frameworks -F /Applications/Xcode.app/Contents/Developer/Platforms/iPhoneOS.platform/Developer/SDKs/iPhoneOS18.5.sdk/Developer/Library/Frameworks -c -j12 -enable-batch-mode -incremental -Xcc -ivfsstatcache -Xcc /Users/harishvishwakarma/Library/Developer/Xcode/DerivedData/SDKStatCaches.noindex/iphoneos18.5-22F76-7fa4eea80a99bbfdc046826b63ec4baf.sdkstatcache -output-file-map /Users/harishvishwakarma/Library/Developer/Xcode/DerivedData/Revolt-dharrjsambcimaaziudpvzjdcigm/Build/Intermediates.noindex/ULID.swift.build/Debug-iphoneos/ULID.build/Objects-normal/arm64/ULID-OutputFileMap.json -use-frontend-parseable-output -save-temps -no-color-diagnostics -serialize-diagnostics -emit-dependencies -emit-module -emit-module-path /Users/harishvishwakarma/Library/Developer/Xcode/DerivedData/Revolt-dharrjsambcimaaziudpvzjdcigm/Build/Intermediates.noindex/ULID.swift.build/Debug-iphoneos/ULID.build/Objects-normal/arm64/ULID.swiftmodule -validate-clang-modules-once -clang-build-session-file /Users/harishvishwakarma/Library/Developer/Xcode/DerivedData/ModuleCache.noindex/Session.modulevalidation -Xcc -I/Users/harishvishwakarma/Library/Developer/Xcode/DerivedData/Revolt-dharrjsambcimaaziudpvzjdcigm/Build/Intermediates.noindex/ULID.swift.build/Debug-iphoneos/ULID.build/swift-overrides.hmap -emit-const-values -Xfrontend -const-gather-protocols-file -Xfrontend /Users/harishvishwakarma/Library/Developer/Xcode/DerivedData/Revolt-dharrjsambcimaaziudpvzjdcigm/Build/Intermediates.noindex/ULID.swift.build/Debug-iphoneos/ULID.build/Objects-normal/arm64/ULID_const_extract_protocols.json -Xcc -I/Users/harishvishwakarma/Library/Developer/Xcode/DerivedData/Revolt-dharrjsambcimaaziudpvzjdcigm/Build/Products/Debug-iphoneos/include -Xcc -I/Users/harishvishwakarma/Library/Developer/Xcode/DerivedData/Revolt-dharrjsambcimaaziudpvzjdcigm/Build/Intermediates.noindex/ULID.swift.build/Debug-iphoneos/ULID.build/DerivedSources-normal/arm64 -Xcc -I/Users/harishvishwakarma/Library/Developer/Xcode/DerivedData/Revolt-dharrjsambcimaaziudpvzjdcigm/Build/Intermediates.noindex/ULID.swift.build/Debug-iphoneos/ULID.build/DerivedSources/arm64 -Xcc -I/Users/harishvishwakarma/Library/Developer/Xcode/DerivedData/Revolt-dharrjsambcimaaziudpvzjdcigm/Build/Intermediates.noindex/ULID.swift.build/Debug-iphoneos/ULID.build/DerivedSources -Xcc -DSWIFT_PACKAGE -Xcc -DDEBUG\=1 -emit-objc-header -emit-objc-header-path /Users/harishvishwakarma/Library/Developer/Xcode/DerivedData/Revolt-dharrjsambcimaaziudpvzjdcigm/Build/Intermediates.noindex/ULID.swift.build/Debug-iphoneos/ULID.build/Objects-normal/arm64/ULID-Swift.h -working-directory /Users/harishvishwakarma/Handy/Archem/pepchat-ios/Revolt.xcodeproj -experimental-emit-module-separately -disable-cmo

SwiftCompile normal arm64 Compiling\ Server.swift /Users/harishvishwakarma/Handy/Archem/pepchat-ios/Types/Server.swift (in target 'Types' from project 'Revolt')
SwiftCompile normal arm64 /Users/harishvishwakarma/Handy/Archem/pepchat-ios/Types/Server.swift (in target 'Types' from project 'Revolt')
    cd /Users/harishvishwakarma/Handy/Archem/pepchat-ios
    

SwiftCompile normal arm64 Compiling\ User.swift /Users/harishvishwakarma/Handy/Archem/pepchat-ios/Types/User.swift (in target 'Types' from project 'Revolt')
SwiftCompile normal arm64 /Users/harishvishwakarma/Handy/Archem/pepchat-ios/Types/User.swift (in target 'Types' from project 'Revolt')
    cd /Users/harishvishwakarma/Handy/Archem/pepchat-ios
    

SwiftDriverJobDiscovery normal arm64 Compiling Emoji.swift, Invite.swift (in target 'Types' from project 'Revolt')

SwiftCompile normal arm64 Compiling\ Embed.swift,\ Member.swift /Users/harishvishwakarma/Handy/Archem/pepchat-ios/Types/Embed.swift /Users/harishvishwakarma/Handy/Archem/pepchat-ios/Types/Member.swift (in target 'Types' from project 'Revolt')
SwiftCompile normal arm64 /Users/harishvishwakarma/Handy/Archem/pepchat-ios/Types/Embed.swift (in target 'Types' from project 'Revolt')
    cd /Users/harishvishwakarma/Handy/Archem/pepchat-ios
    

SwiftCompile normal arm64 /Users/harishvishwakarma/Handy/Archem/pepchat-ios/Types/Member.swift (in target 'Types' from project 'Revolt')
    cd /Users/harishvishwakarma/Handy/Archem/pepchat-ios
    

PrecompileModule /Users/harishvishwakarma/Library/Developer/Xcode/DerivedData/Revolt-dharrjsambcimaaziudpvzjdcigm/Build/Intermediates.noindex/ExplicitPrecompiledModules/sys_wait-4JCBNSQSPME9G4EUSV873S6SC.scan
    cd /Users/harishvishwakarma/Handy/Archem/pepchat-ios/Revolt.xcodeproj
    builtin-precompileModule /Users/harishvishwakarma/Library/Developer/Xcode/DerivedData/Revolt-dharrjsambcimaaziudpvzjdcigm/Build/Intermediates.noindex/ExplicitPrecompiledModules/sys_wait-4JCBNSQSPME9G4EUSV873S6SC.scan

CompileC /Users/harishvishwakarma/Library/Developer/Xcode/DerivedData/Revolt-dharrjsambcimaaziudpvzjdcigm/Build/Intermediates.noindex/Down.build/Debug-iphoneos/libcmark.build/Objects-normal/arm64/houdini_html_u.o /Users/harishvishwakarma/Library/Developer/Xcode/DerivedData/Revolt-dharrjsambcimaaziudpvzjdcigm/SourcePackages/checkouts/Down/Sources/cmark/houdini_html_u.c normal arm64 c com.apple.compilers.llvm.clang.1_0.compiler (in target 'libcmark' from project 'Down')
    cd /Users/harishvishwakarma/Handy/Archem/pepchat-ios/Revolt.xcodeproj
    
    Using response file: /Users/harishvishwakarma/Library/Developer/Xcode/DerivedData/Revolt-dharrjsambcimaaziudpvzjdcigm/Build/Intermediates.noindex/Down.build/Debug-iphoneos/libcmark.build/Objects-normal/arm64/7187679823f38a2a940e0043cdf9d637-common-args.resp
    
    /Applications/Xcode.app/Contents/Developer/Toolchains/XcodeDefault.xctoolchain/usr/bin/clang -x c -ivfsstatcache /Users/harishvishwakarma/Library/Developer/Xcode/DerivedData/SDKStatCaches.noindex/iphoneos18.5-22F76-7fa4eea80a99bbfdc046826b63ec4baf.sdkstatcache -fmessage-length\=0 -fdiagnostics-show-note-include-stack -fmacro-backtrace-limit\=0 -fno-color-diagnostics -fmodules-prune-interval\=86400 -fmodules-prune-after\=345600 -fbuild-session-file\=/Users/harishvishwakarma/Library/Developer/Xcode/DerivedData/ModuleCache.noindex/Session.modulevalidation -fmodules-validate-once-per-build-session -Wnon-modular-include-in-framework-module -Werror\=non-modular-include-in-framework-module -Wno-trigraphs -Wno-missing-field-initializers -Wno-missing-prototypes -Wno-return-type -Wno-missing-braces -Wparentheses -Wswitch -Wno-unused-function -Wno-unused-label -Wno-unused-parameter -Wno-unused-variable -Wunused-value -Wno-empty-body -Wno-uninitialized -Wno-unknown-pragmas -w -Wno-shadow -Wno-four-char-constants -Wno-conversion -Wno-constant-conversion -Wno-int-conversion -Wno-bool-conversion -Wno-enum-conversion -Wno-float-conversion -Wno-non-literal-null-conversion -Wno-objc-literal-conversion -Wshorten-64-to-32 -Wpointer-sign -Wno-newline-eof -Wno-implicit-fallthrough -fstrict-aliasing -Wdeprecated-declarations -Wno-sign-conversion -Wno-infinite-recursion -Wno-comma -Wno-block-capture-autoreleasing -Wno-strict-prototypes -Wno-semicolon-before-method-body -index-store-path /Users/harishvishwakarma/Library/Developer/Xcode/DerivedData/Revolt-dharrjsambcimaaziudpvzjdcigm/Index.noindex/DataStore @/Users/harishvishwakarma/Library/Developer/Xcode/DerivedData/Revolt-dharrjsambcimaaziudpvzjdcigm/Build/Intermediates.noindex/Down.build/Debug-iphoneos/libcmark.build/Objects-normal/arm64/7187679823f38a2a940e0043cdf9d637-common-args.resp -MMD -MT dependencies -MF /Users/harishvishwakarma/Library/Developer/Xcode/DerivedData/Revolt-dharrjsambcimaaziudpvzjdcigm/Build/Intermediates.noindex/Down.build/Debug-iphoneos/libcmark.build/Objects-normal/arm64/houdini_html_u.d --serialize-diagnostics /Users/harishvishwakarma/Library/Developer/Xcode/DerivedData/Revolt-dharrjsambcimaaziudpvzjdcigm/Build/Intermediates.noindex/Down.build/Debug-iphoneos/libcmark.build/Objects-normal/arm64/houdini_html_u.dia -c /Users/harishvishwakarma/Library/Developer/Xcode/DerivedData/Revolt-dharrjsambcimaaziudpvzjdcigm/SourcePackages/checkouts/Down/Sources/cmark/houdini_html_u.c -o /Users/harishvishwakarma/Library/Developer/Xcode/DerivedData/Revolt-dharrjsambcimaaziudpvzjdcigm/Build/Intermediates.noindex/Down.build/Debug-iphoneos/libcmark.build/Objects-normal/arm64/houdini_html_u.o -index-unit-output-path /Down.build/Debug-iphoneos/libcmark.build/Objects-normal/arm64/houdini_html_u.o

SwiftDriverJobDiscovery normal arm64 Emitting module for Alamofire (in target 'Alamofire' from project 'Alamofire')

SwiftDriver\ Compilation\ Requirements Alamofire normal arm64 com.apple.xcode.tools.swift.compiler (in target 'Alamofire' from project 'Alamofire')
    cd /Users/harishvishwakarma/Handy/Archem/pepchat-ios/Revolt.xcodeproj
    builtin-Swift-Compilation-Requirements -- /Applications/Xcode.app/Contents/Developer/Toolchains/XcodeDefault.xctoolchain/usr/bin/swiftc -module-name Alamofire -Onone -enforce-exclusivity\=checked @/Users/harishvishwakarma/Library/Developer/Xcode/DerivedData/Revolt-dharrjsambcimaaziudpvzjdcigm/Build/Intermediates.noindex/Alamofire.build/Debug-iphoneos/Alamofire.build/Objects-normal/arm64/Alamofire.SwiftFileList -DSWIFT_PACKAGE -DDEBUG -DXcode -plugin-path /Applications/Xcode.app/Contents/Developer/Toolchains/XcodeDefault.xctoolchain/usr/lib/swift/host/plugins/testing -enable-experimental-feature DebugDescriptionMacro -sdk /Applications/Xcode.app/Contents/Developer/Platforms/iPhoneOS.platform/Developer/SDKs/iPhoneOS18.5.sdk -target arm64-apple-ios12.0 -g -module-cache-path /Users/harishvishwakarma/Library/Developer/Xcode/DerivedData/ModuleCache.noindex -Xfrontend -serialize-debugging-options -enable-testing -suppress-warnings -index-store-path /Users/harishvishwakarma/Library/Developer/Xcode/DerivedData/Revolt-dharrjsambcimaaziudpvzjdcigm/Index.noindex/DataStore -swift-version 5 -I /Users/harishvishwakarma/Library/Developer/Xcode/DerivedData/Revolt-dharrjsambcimaaziudpvzjdcigm/Build/Products/Debug-iphoneos -I /Applications/Xcode.app/Contents/Developer/Platforms/iPhoneOS.platform/Developer/usr/lib -F /Users/harishvishwakarma/Library/Developer/Xcode/DerivedData/Revolt-dharrjsambcimaaziudpvzjdcigm/Build/Products/Debug-iphoneos -F /Applications/Xcode.app/Contents/Developer/Platforms/iPhoneOS.platform/Developer/Library/Frameworks -F /Applications/Xcode.app/Contents/Developer/Platforms/iPhoneOS.platform/Developer/SDKs/iPhoneOS18.5.sdk/Developer/Library/Frameworks -c -j12 -enable-batch-mode -incremental -Xcc -ivfsstatcache -Xcc /Users/harishvishwakarma/Library/Developer/Xcode/DerivedData/SDKStatCaches.noindex/iphoneos18.5-22F76-7fa4eea80a99bbfdc046826b63ec4baf.sdkstatcache -output-file-map /Users/harishvishwakarma/Library/Developer/Xcode/DerivedData/Revolt-dharrjsambcimaaziudpvzjdcigm/Build/Intermediates.noindex/Alamofire.build/Debug-iphoneos/Alamofire.build/Objects-normal/arm64/Alamofire-OutputFileMap.json -use-frontend-parseable-output -save-temps -no-color-diagnostics -serialize-diagnostics -emit-dependencies -emit-module -emit-module-path /Users/harishvishwakarma/Library/Developer/Xcode/DerivedData/Revolt-dharrjsambcimaaziudpvzjdcigm/Build/Intermediates.noindex/Alamofire.build/Debug-iphoneos/Alamofire.build/Objects-normal/arm64/Alamofire.swiftmodule -validate-clang-modules-once -clang-build-session-file /Users/harishvishwakarma/Library/Developer/Xcode/DerivedData/ModuleCache.noindex/Session.modulevalidation -package-name alamofire -Xcc -I/Users/harishvishwakarma/Library/Developer/Xcode/DerivedData/Revolt-dharrjsambcimaaziudpvzjdcigm/Build/Intermediates.noindex/Alamofire.build/Debug-iphoneos/Alamofire.build/swift-overrides.hmap -emit-const-values -Xfrontend -const-gather-protocols-file -Xfrontend /Users/harishvishwakarma/Library/Developer/Xcode/DerivedData/Revolt-dharrjsambcimaaziudpvzjdcigm/Build/Intermediates.noindex/Alamofire.build/Debug-iphoneos/Alamofire.build/Objects-normal/arm64/Alamofire_const_extract_protocols.json -Xcc -I/Users/harishvishwakarma/Library/Developer/Xcode/DerivedData/Revolt-dharrjsambcimaaziudpvzjdcigm/Build/Products/Debug-iphoneos/include -Xcc -I/Users/harishvishwakarma/Library/Developer/Xcode/DerivedData/Revolt-dharrjsambcimaaziudpvzjdcigm/Build/Intermediates.noindex/Alamofire.build/Debug-iphoneos/Alamofire.build/DerivedSources-normal/arm64 -Xcc -I/Users/harishvishwakarma/Library/Developer/Xcode/DerivedData/Revolt-dharrjsambcimaaziudpvzjdcigm/Build/Intermediates.noindex/Alamofire.build/Debug-iphoneos/Alamofire.build/DerivedSources/arm64 -Xcc -I/Users/harishvishwakarma/Library/Developer/Xcode/DerivedData/Revolt-dharrjsambcimaaziudpvzjdcigm/Build/Intermediates.noindex/Alamofire.build/Debug-iphoneos/Alamofire.build/DerivedSources -Xcc -DSWIFT_PACKAGE -Xcc -DDEBUG\=1 -emit-objc-header -emit-objc-header-path /Users/harishvishwakarma/Library/Developer/Xcode/DerivedData/Revolt-dharrjsambcimaaziudpvzjdcigm/Build/Intermediates.noindex/Alamofire.build/Debug-iphoneos/Alamofire.build/Objects-normal/arm64/Alamofire-Swift.h -working-directory /Users/harishvishwakarma/Handy/Archem/pepchat-ios/Revolt.xcodeproj -experimental-emit-module-separately -disable-cmo

SwiftDriverJobDiscovery normal arm64 Compiling ServerChannel.swift, Types.swift (in target 'Types' from project 'Revolt')

CompileC /Users/harishvishwakarma/Library/Developer/Xcode/DerivedData/Revolt-dharrjsambcimaaziudpvzjdcigm/Build/Intermediates.noindex/Down.build/Debug-iphoneos/libcmark.build/Objects-normal/arm64/houdini_html_e.o /Users/harishvishwakarma/Library/Developer/Xcode/DerivedData/Revolt-dharrjsambcimaaziudpvzjdcigm/SourcePackages/checkouts/Down/Sources/cmark/houdini_html_e.c normal arm64 c com.apple.compilers.llvm.clang.1_0.compiler (in target 'libcmark' from project 'Down')
    cd /Users/harishvishwakarma/Handy/Archem/pepchat-ios/Revolt.xcodeproj
    
    Using response file: /Users/harishvishwakarma/Library/Developer/Xcode/DerivedData/Revolt-dharrjsambcimaaziudpvzjdcigm/Build/Intermediates.noindex/Down.build/Debug-iphoneos/libcmark.build/Objects-normal/arm64/7187679823f38a2a940e0043cdf9d637-common-args.resp
    
    /Applications/Xcode.app/Contents/Developer/Toolchains/XcodeDefault.xctoolchain/usr/bin/clang -x c -ivfsstatcache /Users/harishvishwakarma/Library/Developer/Xcode/DerivedData/SDKStatCaches.noindex/iphoneos18.5-22F76-7fa4eea80a99bbfdc046826b63ec4baf.sdkstatcache -fmessage-length\=0 -fdiagnostics-show-note-include-stack -fmacro-backtrace-limit\=0 -fno-color-diagnostics -fmodules-prune-interval\=86400 -fmodules-prune-after\=345600 -fbuild-session-file\=/Users/harishvishwakarma/Library/Developer/Xcode/DerivedData/ModuleCache.noindex/Session.modulevalidation -fmodules-validate-once-per-build-session -Wnon-modular-include-in-framework-module -Werror\=non-modular-include-in-framework-module -Wno-trigraphs -Wno-missing-field-initializers -Wno-missing-prototypes -Wno-return-type -Wno-missing-braces -Wparentheses -Wswitch -Wno-unused-function -Wno-unused-label -Wno-unused-parameter -Wno-unused-variable -Wunused-value -Wno-empty-body -Wno-uninitialized -Wno-unknown-pragmas -w -Wno-shadow -Wno-four-char-constants -Wno-conversion -Wno-constant-conversion -Wno-int-conversion -Wno-bool-conversion -Wno-enum-conversion -Wno-float-conversion -Wno-non-literal-null-conversion -Wno-objc-literal-conversion -Wshorten-64-to-32 -Wpointer-sign -Wno-newline-eof -Wno-implicit-fallthrough -fstrict-aliasing -Wdeprecated-declarations -Wno-sign-conversion -Wno-infinite-recursion -Wno-comma -Wno-block-capture-autoreleasing -Wno-strict-prototypes -Wno-semicolon-before-method-body -index-store-path /Users/harishvishwakarma/Library/Developer/Xcode/DerivedData/Revolt-dharrjsambcimaaziudpvzjdcigm/Index.noindex/DataStore @/Users/harishvishwakarma/Library/Developer/Xcode/DerivedData/Revolt-dharrjsambcimaaziudpvzjdcigm/Build/Intermediates.noindex/Down.build/Debug-iphoneos/libcmark.build/Objects-normal/arm64/7187679823f38a2a940e0043cdf9d637-common-args.resp -MMD -MT dependencies -MF /Users/harishvishwakarma/Library/Developer/Xcode/DerivedData/Revolt-dharrjsambcimaaziudpvzjdcigm/Build/Intermediates.noindex/Down.build/Debug-iphoneos/libcmark.build/Objects-normal/arm64/houdini_html_e.d --serialize-diagnostics /Users/harishvishwakarma/Library/Developer/Xcode/DerivedData/Revolt-dharrjsambcimaaziudpvzjdcigm/Build/Intermediates.noindex/Down.build/Debug-iphoneos/libcmark.build/Objects-normal/arm64/houdini_html_e.dia -c /Users/harishvishwakarma/Library/Developer/Xcode/DerivedData/Revolt-dharrjsambcimaaziudpvzjdcigm/SourcePackages/checkouts/Down/Sources/cmark/houdini_html_e.c -o /Users/harishvishwakarma/Library/Developer/Xcode/DerivedData/Revolt-dharrjsambcimaaziudpvzjdcigm/Build/Intermediates.noindex/Down.build/Debug-iphoneos/libcmark.build/Objects-normal/arm64/houdini_html_e.o -index-unit-output-path /Down.build/Debug-iphoneos/libcmark.build/Objects-normal/arm64/houdini_html_e.o

SwiftMergeGeneratedHeaders /Users/harishvishwakarma/Library/Developer/Xcode/DerivedData/Revolt-dharrjsambcimaaziudpvzjdcigm/Build/Intermediates.noindex/GeneratedModuleMaps-iphoneos/Alamofire-Swift.h /Users/harishvishwakarma/Library/Developer/Xcode/DerivedData/Revolt-dharrjsambcimaaziudpvzjdcigm/Build/Intermediates.noindex/Alamofire.build/Debug-iphoneos/Alamofire.build/Objects-normal/arm64/Alamofire-Swift.h (in target 'Alamofire' from project 'Alamofire')
    cd /Users/harishvishwakarma/Library/Developer/Xcode/DerivedData/Revolt-dharrjsambcimaaziudpvzjdcigm/SourcePackages/checkouts/Alamofire
    builtin-swiftHeaderTool -arch arm64 /Users/harishvishwakarma/Library/Developer/Xcode/DerivedData/Revolt-dharrjsambcimaaziudpvzjdcigm/Build/Intermediates.noindex/Alamofire.build/Debug-iphoneos/Alamofire.build/Objects-normal/arm64/Alamofire-Swift.h -o /Users/harishvishwakarma/Library/Developer/Xcode/DerivedData/Revolt-dharrjsambcimaaziudpvzjdcigm/Build/Intermediates.noindex/GeneratedModuleMaps-iphoneos/Alamofire-Swift.h

SwiftDriverJobDiscovery normal arm64 Compiling Badges.swift (in target 'Types' from project 'Revolt')

Copy /Users/harishvishwakarma/Library/Developer/Xcode/DerivedData/Revolt-dharrjsambcimaaziudpvzjdcigm/Build/Products/Debug-iphoneos/Alamofire.swiftmodule/arm64-apple-ios.swiftmodule /Users/harishvishwakarma/Library/Developer/Xcode/DerivedData/Revolt-dharrjsambcimaaziudpvzjdcigm/Build/Intermediates.noindex/Alamofire.build/Debug-iphoneos/Alamofire.build/Objects-normal/arm64/Alamofire.swiftmodule (in target 'Alamofire' from project 'Alamofire')
    cd /Users/harishvishwakarma/Library/Developer/Xcode/DerivedData/Revolt-dharrjsambcimaaziudpvzjdcigm/SourcePackages/checkouts/Alamofire
    builtin-copy -exclude .DS_Store -exclude CVS -exclude .svn -exclude .git -exclude .hg -resolve-src-symlinks -rename /Users/harishvishwakarma/Library/Developer/Xcode/DerivedData/Revolt-dharrjsambcimaaziudpvzjdcigm/Build/Intermediates.noindex/Alamofire.build/Debug-iphoneos/Alamofire.build/Objects-normal/arm64/Alamofire.swiftmodule /Users/harishvishwakarma/Library/Developer/Xcode/DerivedData/Revolt-dharrjsambcimaaziudpvzjdcigm/Build/Products/Debug-iphoneos/Alamofire.swiftmodule/arm64-apple-ios.swiftmodule

Copy /Users/harishvishwakarma/Library/Developer/Xcode/DerivedData/Revolt-dharrjsambcimaaziudpvzjdcigm/Build/Products/Debug-iphoneos/Alamofire.swiftmodule/arm64-apple-ios.swiftdoc /Users/harishvishwakarma/Library/Developer/Xcode/DerivedData/Revolt-dharrjsambcimaaziudpvzjdcigm/Build/Intermediates.noindex/Alamofire.build/Debug-iphoneos/Alamofire.build/Objects-normal/arm64/Alamofire.swiftdoc (in target 'Alamofire' from project 'Alamofire')
    cd /Users/harishvishwakarma/Library/Developer/Xcode/DerivedData/Revolt-dharrjsambcimaaziudpvzjdcigm/SourcePackages/checkouts/Alamofire
    builtin-copy -exclude .DS_Store -exclude CVS -exclude .svn -exclude .git -exclude .hg -resolve-src-symlinks -rename /Users/harishvishwakarma/Library/Developer/Xcode/DerivedData/Revolt-dharrjsambcimaaziudpvzjdcigm/Build/Intermediates.noindex/Alamofire.build/Debug-iphoneos/Alamofire.build/Objects-normal/arm64/Alamofire.swiftdoc /Users/harishvishwakarma/Library/Developer/Xcode/DerivedData/Revolt-dharrjsambcimaaziudpvzjdcigm/Build/Products/Debug-iphoneos/Alamofire.swiftmodule/arm64-apple-ios.swiftdoc

Copy /Users/harishvishwakarma/Library/Developer/Xcode/DerivedData/Revolt-dharrjsambcimaaziudpvzjdcigm/Build/Products/Debug-iphoneos/Alamofire.swiftmodule/arm64-apple-ios.abi.json /Users/harishvishwakarma/Library/Developer/Xcode/DerivedData/Revolt-dharrjsambcimaaziudpvzjdcigm/Build/Intermediates.noindex/Alamofire.build/Debug-iphoneos/Alamofire.build/Objects-normal/arm64/Alamofire.abi.json (in target 'Alamofire' from project 'Alamofire')
    cd /Users/harishvishwakarma/Library/Developer/Xcode/DerivedData/Revolt-dharrjsambcimaaziudpvzjdcigm/SourcePackages/checkouts/Alamofire
    builtin-copy -exclude .DS_Store -exclude CVS -exclude .svn -exclude .git -exclude .hg -resolve-src-symlinks -rename /Users/harishvishwakarma/Library/Developer/Xcode/DerivedData/Revolt-dharrjsambcimaaziudpvzjdcigm/Build/Intermediates.noindex/Alamofire.build/Debug-iphoneos/Alamofire.build/Objects-normal/arm64/Alamofire.abi.json /Users/harishvishwakarma/Library/Developer/Xcode/DerivedData/Revolt-dharrjsambcimaaziudpvzjdcigm/Build/Products/Debug-iphoneos/Alamofire.swiftmodule/arm64-apple-ios.abi.json

Copy /Users/harishvishwakarma/Library/Developer/Xcode/DerivedData/Revolt-dharrjsambcimaaziudpvzjdcigm/Build/Products/Debug-iphoneos/Alamofire.swiftmodule/Project/arm64-apple-ios.swiftsourceinfo /Users/harishvishwakarma/Library/Developer/Xcode/DerivedData/Revolt-dharrjsambcimaaziudpvzjdcigm/Build/Intermediates.noindex/Alamofire.build/Debug-iphoneos/Alamofire.build/Objects-normal/arm64/Alamofire.swiftsourceinfo (in target 'Alamofire' from project 'Alamofire')
    cd /Users/harishvishwakarma/Library/Developer/Xcode/DerivedData/Revolt-dharrjsambcimaaziudpvzjdcigm/SourcePackages/checkouts/Alamofire
    builtin-copy -exclude .DS_Store -exclude CVS -exclude .svn -exclude .git -exclude .hg -resolve-src-symlinks -rename /Users/harishvishwakarma/Library/Developer/Xcode/DerivedData/Revolt-dharrjsambcimaaziudpvzjdcigm/Build/Intermediates.noindex/Alamofire.build/Debug-iphoneos/Alamofire.build/Objects-normal/arm64/Alamofire.swiftsourceinfo /Users/harishvishwakarma/Library/Developer/Xcode/DerivedData/Revolt-dharrjsambcimaaziudpvzjdcigm/Build/Products/Debug-iphoneos/Alamofire.swiftmodule/Project/arm64-apple-ios.swiftsourceinfo

CompileC /Users/harishvishwakarma/Library/Developer/Xcode/DerivedData/Revolt-dharrjsambcimaaziudpvzjdcigm/Build/Intermediates.noindex/Down.build/Debug-iphoneos/libcmark.build/Objects-normal/arm64/houdini_href_e.o /Users/harishvishwakarma/Library/Developer/Xcode/DerivedData/Revolt-dharrjsambcimaaziudpvzjdcigm/SourcePackages/checkouts/Down/Sources/cmark/houdini_href_e.c normal arm64 c com.apple.compilers.llvm.clang.1_0.compiler (in target 'libcmark' from project 'Down')
    cd /Users/harishvishwakarma/Handy/Archem/pepchat-ios/Revolt.xcodeproj
    
    Using response file: /Users/harishvishwakarma/Library/Developer/Xcode/DerivedData/Revolt-dharrjsambcimaaziudpvzjdcigm/Build/Intermediates.noindex/Down.build/Debug-iphoneos/libcmark.build/Objects-normal/arm64/7187679823f38a2a940e0043cdf9d637-common-args.resp
    
    /Applications/Xcode.app/Contents/Developer/Toolchains/XcodeDefault.xctoolchain/usr/bin/clang -x c -ivfsstatcache /Users/harishvishwakarma/Library/Developer/Xcode/DerivedData/SDKStatCaches.noindex/iphoneos18.5-22F76-7fa4eea80a99bbfdc046826b63ec4baf.sdkstatcache -fmessage-length\=0 -fdiagnostics-show-note-include-stack -fmacro-backtrace-limit\=0 -fno-color-diagnostics -fmodules-prune-interval\=86400 -fmodules-prune-after\=345600 -fbuild-session-file\=/Users/harishvishwakarma/Library/Developer/Xcode/DerivedData/ModuleCache.noindex/Session.modulevalidation -fmodules-validate-once-per-build-session -Wnon-modular-include-in-framework-module -Werror\=non-modular-include-in-framework-module -Wno-trigraphs -Wno-missing-field-initializers -Wno-missing-prototypes -Wno-return-type -Wno-missing-braces -Wparentheses -Wswitch -Wno-unused-function -Wno-unused-label -Wno-unused-parameter -Wno-unused-variable -Wunused-value -Wno-empty-body -Wno-uninitialized -Wno-unknown-pragmas -w -Wno-shadow -Wno-four-char-constants -Wno-conversion -Wno-constant-conversion -Wno-int-conversion -Wno-bool-conversion -Wno-enum-conversion -Wno-float-conversion -Wno-non-literal-null-conversion -Wno-objc-literal-conversion -Wshorten-64-to-32 -Wpointer-sign -Wno-newline-eof -Wno-implicit-fallthrough -fstrict-aliasing -Wdeprecated-declarations -Wno-sign-conversion -Wno-infinite-recursion -Wno-comma -Wno-block-capture-autoreleasing -Wno-strict-prototypes -Wno-semicolon-before-method-body -index-store-path /Users/harishvishwakarma/Library/Developer/Xcode/DerivedData/Revolt-dharrjsambcimaaziudpvzjdcigm/Index.noindex/DataStore @/Users/harishvishwakarma/Library/Developer/Xcode/DerivedData/Revolt-dharrjsambcimaaziudpvzjdcigm/Build/Intermediates.noindex/Down.build/Debug-iphoneos/libcmark.build/Objects-normal/arm64/7187679823f38a2a940e0043cdf9d637-common-args.resp -MMD -MT dependencies -MF /Users/harishvishwakarma/Library/Developer/Xcode/DerivedData/Revolt-dharrjsambcimaaziudpvzjdcigm/Build/Intermediates.noindex/Down.build/Debug-iphoneos/libcmark.build/Objects-normal/arm64/houdini_href_e.d --serialize-diagnostics /Users/harishvishwakarma/Library/Developer/Xcode/DerivedData/Revolt-dharrjsambcimaaziudpvzjdcigm/Build/Intermediates.noindex/Down.build/Debug-iphoneos/libcmark.build/Objects-normal/arm64/houdini_href_e.dia -c /Users/harishvishwakarma/Library/Developer/Xcode/DerivedData/Revolt-dharrjsambcimaaziudpvzjdcigm/SourcePackages/checkouts/Down/Sources/cmark/houdini_href_e.c -o /Users/harishvishwakarma/Library/Developer/Xcode/DerivedData/Revolt-dharrjsambcimaaziudpvzjdcigm/Build/Intermediates.noindex/Down.build/Debug-iphoneos/libcmark.build/Objects-normal/arm64/houdini_href_e.o -index-unit-output-path /Down.build/Debug-iphoneos/libcmark.build/Objects-normal/arm64/houdini_href_e.o

PrecompileModule /Users/harishvishwakarma/Library/Developer/Xcode/DerivedData/Revolt-dharrjsambcimaaziudpvzjdcigm/Build/Intermediates.noindex/ExplicitPrecompiledModules/_stdlib-2OG2F4J591LC6315F22D6SR47.scan
    cd /Users/harishvishwakarma/Handy/Archem/pepchat-ios/Revolt.xcodeproj
    builtin-precompileModule /Users/harishvishwakarma/Library/Developer/Xcode/DerivedData/Revolt-dharrjsambcimaaziudpvzjdcigm/Build/Intermediates.noindex/ExplicitPrecompiledModules/_stdlib-2OG2F4J591LC6315F22D6SR47.scan

SwiftCompile normal arm64 Compiling\ SwiftyCropConfiguration.swift /Users/harishvishwakarma/Library/Developer/Xcode/DerivedData/Revolt-dharrjsambcimaaziudpvzjdcigm/SourcePackages/checkouts/SwiftyCrop/Sources/SwiftyCrop/Models/SwiftyCropConfiguration.swift (in target 'SwiftyCrop' from project 'SwiftyCrop')

SwiftCompile normal arm64 /Users/harishvishwakarma/Library/Developer/Xcode/DerivedData/Revolt-dharrjsambcimaaziudpvzjdcigm/SourcePackages/checkouts/SwiftyCrop/Sources/SwiftyCrop/Models/SwiftyCropConfiguration.swift (in target 'SwiftyCrop' from project 'SwiftyCrop')
    cd /Users/harishvishwakarma/Handy/Archem/pepchat-ios/Revolt.xcodeproj
    

SwiftCompile normal arm64 Compiling\ resource_bundle_accessor.swift /Users/harishvishwakarma/Library/Developer/Xcode/DerivedData/Revolt-dharrjsambcimaaziudpvzjdcigm/Build/Intermediates.noindex/SwiftyCrop.build/Debug-iphoneos/SwiftyCrop.build/DerivedSources/resource_bundle_accessor.swift (in target 'SwiftyCrop' from project 'SwiftyCrop')

SwiftCompile normal arm64 /Users/harishvishwakarma/Library/Developer/Xcode/DerivedData/Revolt-dharrjsambcimaaziudpvzjdcigm/Build/Intermediates.noindex/SwiftyCrop.build/Debug-iphoneos/SwiftyCrop.build/DerivedSources/resource_bundle_accessor.swift (in target 'SwiftyCrop' from project 'SwiftyCrop')
    cd /Users/harishvishwakarma/Handy/Archem/pepchat-ios/Revolt.xcodeproj
    

SwiftDriverJobDiscovery normal arm64 Compiling File.swift (in target 'Types' from project 'Revolt')

SwiftCompile normal arm64 Compiling\ MaskShape.swift /Users/harishvishwakarma/Library/Developer/Xcode/DerivedData/Revolt-dharrjsambcimaaziudpvzjdcigm/SourcePackages/checkouts/SwiftyCrop/Sources/SwiftyCrop/Models/MaskShape.swift (in target 'SwiftyCrop' from project 'SwiftyCrop')

SwiftCompile normal arm64 /Users/harishvishwakarma/Library/Developer/Xcode/DerivedData/Revolt-dharrjsambcimaaziudpvzjdcigm/SourcePackages/checkouts/SwiftyCrop/Sources/SwiftyCrop/Models/MaskShape.swift (in target 'SwiftyCrop' from project 'SwiftyCrop')
    cd /Users/harishvishwakarma/Handy/Archem/pepchat-ios/Revolt.xcodeproj
    

CompileC /Users/harishvishwakarma/Library/Developer/Xcode/DerivedData/Revolt-dharrjsambcimaaziudpvzjdcigm/Build/Intermediates.noindex/Down.build/Debug-iphoneos/libcmark.build/Objects-normal/arm64/xml.o /Users/harishvishwakarma/Library/Developer/Xcode/DerivedData/Revolt-dharrjsambcimaaziudpvzjdcigm/SourcePackages/checkouts/Down/Sources/cmark/xml.c normal arm64 c com.apple.compilers.llvm.clang.1_0.compiler (in target 'libcmark' from project 'Down')
    cd /Users/harishvishwakarma/Handy/Archem/pepchat-ios/Revolt.xcodeproj
    
    Using response file: /Users/harishvishwakarma/Library/Developer/Xcode/DerivedData/Revolt-dharrjsambcimaaziudpvzjdcigm/Build/Intermediates.noindex/Down.build/Debug-iphoneos/libcmark.build/Objects-normal/arm64/7187679823f38a2a940e0043cdf9d637-common-args.resp
    
    /Applications/Xcode.app/Contents/Developer/Toolchains/XcodeDefault.xctoolchain/usr/bin/clang -x c -ivfsstatcache /Users/harishvishwakarma/Library/Developer/Xcode/DerivedData/SDKStatCaches.noindex/iphoneos18.5-22F76-7fa4eea80a99bbfdc046826b63ec4baf.sdkstatcache -fmessage-length\=0 -fdiagnostics-show-note-include-stack -fmacro-backtrace-limit\=0 -fno-color-diagnostics -fmodules-prune-interval\=86400 -fmodules-prune-after\=345600 -fbuild-session-file\=/Users/harishvishwakarma/Library/Developer/Xcode/DerivedData/ModuleCache.noindex/Session.modulevalidation -fmodules-validate-once-per-build-session -Wnon-modular-include-in-framework-module -Werror\=non-modular-include-in-framework-module -Wno-trigraphs -Wno-missing-field-initializers -Wno-missing-prototypes -Wno-return-type -Wno-missing-braces -Wparentheses -Wswitch -Wno-unused-function -Wno-unused-label -Wno-unused-parameter -Wno-unused-variable -Wunused-value -Wno-empty-body -Wno-uninitialized -Wno-unknown-pragmas -w -Wno-shadow -Wno-four-char-constants -Wno-conversion -Wno-constant-conversion -Wno-int-conversion -Wno-bool-conversion -Wno-enum-conversion -Wno-float-conversion -Wno-non-literal-null-conversion -Wno-objc-literal-conversion -Wshorten-64-to-32 -Wpointer-sign -Wno-newline-eof -Wno-implicit-fallthrough -fstrict-aliasing -Wdeprecated-declarations -Wno-sign-conversion -Wno-infinite-recursion -Wno-comma -Wno-block-capture-autoreleasing -Wno-strict-prototypes -Wno-semicolon-before-method-body -index-store-path /Users/harishvishwakarma/Library/Developer/Xcode/DerivedData/Revolt-dharrjsambcimaaziudpvzjdcigm/Index.noindex/DataStore @/Users/harishvishwakarma/Library/Developer/Xcode/DerivedData/Revolt-dharrjsambcimaaziudpvzjdcigm/Build/Intermediates.noindex/Down.build/Debug-iphoneos/libcmark.build/Objects-normal/arm64/7187679823f38a2a940e0043cdf9d637-common-args.resp -MMD -MT dependencies -MF /Users/harishvishwakarma/Library/Developer/Xcode/DerivedData/Revolt-dharrjsambcimaaziudpvzjdcigm/Build/Intermediates.noindex/Down.build/Debug-iphoneos/libcmark.build/Objects-normal/arm64/xml.d --serialize-diagnostics /Users/harishvishwakarma/Library/Developer/Xcode/DerivedData/Revolt-dharrjsambcimaaziudpvzjdcigm/Build/Intermediates.noindex/Down.build/Debug-iphoneos/libcmark.build/Objects-normal/arm64/xml.dia -c /Users/harishvishwakarma/Library/Developer/Xcode/DerivedData/Revolt-dharrjsambcimaaziudpvzjdcigm/SourcePackages/checkouts/Down/Sources/cmark/xml.c -o /Users/harishvishwakarma/Library/Developer/Xcode/DerivedData/Revolt-dharrjsambcimaaziudpvzjdcigm/Build/Intermediates.noindex/Down.build/Debug-iphoneos/libcmark.build/Objects-normal/arm64/xml.o -index-unit-output-path /Down.build/Debug-iphoneos/libcmark.build/Objects-normal/arm64/xml.o

CompileC /Users/harishvishwakarma/Library/Developer/Xcode/DerivedData/Revolt-dharrjsambcimaaziudpvzjdcigm/Build/Intermediates.noindex/Down.build/Debug-iphoneos/libcmark.build/Objects-normal/arm64/utf8.o /Users/harishvishwakarma/Library/Developer/Xcode/DerivedData/Revolt-dharrjsambcimaaziudpvzjdcigm/SourcePackages/checkouts/Down/Sources/cmark/utf8.c normal arm64 c com.apple.compilers.llvm.clang.1_0.compiler (in target 'libcmark' from project 'Down')
    cd /Users/harishvishwakarma/Handy/Archem/pepchat-ios/Revolt.xcodeproj
    
    Using response file: /Users/harishvishwakarma/Library/Developer/Xcode/DerivedData/Revolt-dharrjsambcimaaziudpvzjdcigm/Build/Intermediates.noindex/Down.build/Debug-iphoneos/libcmark.build/Objects-normal/arm64/7187679823f38a2a940e0043cdf9d637-common-args.resp
    
    /Applications/Xcode.app/Contents/Developer/Toolchains/XcodeDefault.xctoolchain/usr/bin/clang -x c -ivfsstatcache /Users/harishvishwakarma/Library/Developer/Xcode/DerivedData/SDKStatCaches.noindex/iphoneos18.5-22F76-7fa4eea80a99bbfdc046826b63ec4baf.sdkstatcache -fmessage-length\=0 -fdiagnostics-show-note-include-stack -fmacro-backtrace-limit\=0 -fno-color-diagnostics -fmodules-prune-interval\=86400 -fmodules-prune-after\=345600 -fbuild-session-file\=/Users/harishvishwakarma/Library/Developer/Xcode/DerivedData/ModuleCache.noindex/Session.modulevalidation -fmodules-validate-once-per-build-session -Wnon-modular-include-in-framework-module -Werror\=non-modular-include-in-framework-module -Wno-trigraphs -Wno-missing-field-initializers -Wno-missing-prototypes -Wno-return-type -Wno-missing-braces -Wparentheses -Wswitch -Wno-unused-function -Wno-unused-label -Wno-unused-parameter -Wno-unused-variable -Wunused-value -Wno-empty-body -Wno-uninitialized -Wno-unknown-pragmas -w -Wno-shadow -Wno-four-char-constants -Wno-conversion -Wno-constant-conversion -Wno-int-conversion -Wno-bool-conversion -Wno-enum-conversion -Wno-float-conversion -Wno-non-literal-null-conversion -Wno-objc-literal-conversion -Wshorten-64-to-32 -Wpointer-sign -Wno-newline-eof -Wno-implicit-fallthrough -fstrict-aliasing -Wdeprecated-declarations -Wno-sign-conversion -Wno-infinite-recursion -Wno-comma -Wno-block-capture-autoreleasing -Wno-strict-prototypes -Wno-semicolon-before-method-body -index-store-path /Users/harishvishwakarma/Library/Developer/Xcode/DerivedData/Revolt-dharrjsambcimaaziudpvzjdcigm/Index.noindex/DataStore @/Users/harishvishwakarma/Library/Developer/Xcode/DerivedData/Revolt-dharrjsambcimaaziudpvzjdcigm/Build/Intermediates.noindex/Down.build/Debug-iphoneos/libcmark.build/Objects-normal/arm64/7187679823f38a2a940e0043cdf9d637-common-args.resp -MMD -MT dependencies -MF /Users/harishvishwakarma/Library/Developer/Xcode/DerivedData/Revolt-dharrjsambcimaaziudpvzjdcigm/Build/Intermediates.noindex/Down.build/Debug-iphoneos/libcmark.build/Objects-normal/arm64/utf8.d --serialize-diagnostics /Users/harishvishwakarma/Library/Developer/Xcode/DerivedData/Revolt-dharrjsambcimaaziudpvzjdcigm/Build/Intermediates.noindex/Down.build/Debug-iphoneos/libcmark.build/Objects-normal/arm64/utf8.dia -c /Users/harishvishwakarma/Library/Developer/Xcode/DerivedData/Revolt-dharrjsambcimaaziudpvzjdcigm/SourcePackages/checkouts/Down/Sources/cmark/utf8.c -o /Users/harishvishwakarma/Library/Developer/Xcode/DerivedData/Revolt-dharrjsambcimaaziudpvzjdcigm/Build/Intermediates.noindex/Down.build/Debug-iphoneos/libcmark.build/Objects-normal/arm64/utf8.o -index-unit-output-path /Down.build/Debug-iphoneos/libcmark.build/Objects-normal/arm64/utf8.o

CompileC /Users/harishvishwakarma/Library/Developer/Xcode/DerivedData/Revolt-dharrjsambcimaaziudpvzjdcigm/Build/Intermediates.noindex/Down.build/Debug-iphoneos/libcmark.build/Objects-normal/arm64/scanners.o /Users/harishvishwakarma/Library/Developer/Xcode/DerivedData/Revolt-dharrjsambcimaaziudpvzjdcigm/SourcePackages/checkouts/Down/Sources/cmark/scanners.c normal arm64 c com.apple.compilers.llvm.clang.1_0.compiler (in target 'libcmark' from project 'Down')
    cd /Users/harishvishwakarma/Handy/Archem/pepchat-ios/Revolt.xcodeproj
    
    Using response file: /Users/harishvishwakarma/Library/Developer/Xcode/DerivedData/Revolt-dharrjsambcimaaziudpvzjdcigm/Build/Intermediates.noindex/Down.build/Debug-iphoneos/libcmark.build/Objects-normal/arm64/7187679823f38a2a940e0043cdf9d637-common-args.resp
    
    /Applications/Xcode.app/Contents/Developer/Toolchains/XcodeDefault.xctoolchain/usr/bin/clang -x c -ivfsstatcache /Users/harishvishwakarma/Library/Developer/Xcode/DerivedData/SDKStatCaches.noindex/iphoneos18.5-22F76-7fa4eea80a99bbfdc046826b63ec4baf.sdkstatcache -fmessage-length\=0 -fdiagnostics-show-note-include-stack -fmacro-backtrace-limit\=0 -fno-color-diagnostics -fmodules-prune-interval\=86400 -fmodules-prune-after\=345600 -fbuild-session-file\=/Users/harishvishwakarma/Library/Developer/Xcode/DerivedData/ModuleCache.noindex/Session.modulevalidation -fmodules-validate-once-per-build-session -Wnon-modular-include-in-framework-module -Werror\=non-modular-include-in-framework-module -Wno-trigraphs -Wno-missing-field-initializers -Wno-missing-prototypes -Wno-return-type -Wno-missing-braces -Wparentheses -Wswitch -Wno-unused-function -Wno-unused-label -Wno-unused-parameter -Wno-unused-variable -Wunused-value -Wno-empty-body -Wno-uninitialized -Wno-unknown-pragmas -w -Wno-shadow -Wno-four-char-constants -Wno-conversion -Wno-constant-conversion -Wno-int-conversion -Wno-bool-conversion -Wno-enum-conversion -Wno-float-conversion -Wno-non-literal-null-conversion -Wno-objc-literal-conversion -Wshorten-64-to-32 -Wpointer-sign -Wno-newline-eof -Wno-implicit-fallthrough -fstrict-aliasing -Wdeprecated-declarations -Wno-sign-conversion -Wno-infinite-recursion -Wno-comma -Wno-block-capture-autoreleasing -Wno-strict-prototypes -Wno-semicolon-before-method-body -index-store-path /Users/harishvishwakarma/Library/Developer/Xcode/DerivedData/Revolt-dharrjsambcimaaziudpvzjdcigm/Index.noindex/DataStore @/Users/harishvishwakarma/Library/Developer/Xcode/DerivedData/Revolt-dharrjsambcimaaziudpvzjdcigm/Build/Intermediates.noindex/Down.build/Debug-iphoneos/libcmark.build/Objects-normal/arm64/7187679823f38a2a940e0043cdf9d637-common-args.resp -MMD -MT dependencies -MF /Users/harishvishwakarma/Library/Developer/Xcode/DerivedData/Revolt-dharrjsambcimaaziudpvzjdcigm/Build/Intermediates.noindex/Down.build/Debug-iphoneos/libcmark.build/Objects-normal/arm64/scanners.d --serialize-diagnostics /Users/harishvishwakarma/Library/Developer/Xcode/DerivedData/Revolt-dharrjsambcimaaziudpvzjdcigm/Build/Intermediates.noindex/Down.build/Debug-iphoneos/libcmark.build/Objects-normal/arm64/scanners.dia -c /Users/harishvishwakarma/Library/Developer/Xcode/DerivedData/Revolt-dharrjsambcimaaziudpvzjdcigm/SourcePackages/checkouts/Down/Sources/cmark/scanners.c -o /Users/harishvishwakarma/Library/Developer/Xcode/DerivedData/Revolt-dharrjsambcimaaziudpvzjdcigm/Build/Intermediates.noindex/Down.build/Debug-iphoneos/libcmark.build/Objects-normal/arm64/scanners.o -index-unit-output-path /Down.build/Debug-iphoneos/libcmark.build/Objects-normal/arm64/scanners.o

SwiftDriverJobDiscovery normal arm64 Compiling Role.swift (in target 'Types' from project 'Revolt')

CompileC /Users/harishvishwakarma/Library/Developer/Xcode/DerivedData/Revolt-dharrjsambcimaaziudpvzjdcigm/Build/Intermediates.noindex/Down.build/Debug-iphoneos/libcmark.build/Objects-normal/arm64/render.o /Users/harishvishwakarma/Library/Developer/Xcode/DerivedData/Revolt-dharrjsambcimaaziudpvzjdcigm/SourcePackages/checkouts/Down/Sources/cmark/render.c normal arm64 c com.apple.compilers.llvm.clang.1_0.compiler (in target 'libcmark' from project 'Down')
    cd /Users/harishvishwakarma/Handy/Archem/pepchat-ios/Revolt.xcodeproj
    
    Using response file: /Users/harishvishwakarma/Library/Developer/Xcode/DerivedData/Revolt-dharrjsambcimaaziudpvzjdcigm/Build/Intermediates.noindex/Down.build/Debug-iphoneos/libcmark.build/Objects-normal/arm64/7187679823f38a2a940e0043cdf9d637-common-args.resp
    
    /Applications/Xcode.app/Contents/Developer/Toolchains/XcodeDefault.xctoolchain/usr/bin/clang -x c -ivfsstatcache /Users/harishvishwakarma/Library/Developer/Xcode/DerivedData/SDKStatCaches.noindex/iphoneos18.5-22F76-7fa4eea80a99bbfdc046826b63ec4baf.sdkstatcache -fmessage-length\=0 -fdiagnostics-show-note-include-stack -fmacro-backtrace-limit\=0 -fno-color-diagnostics -fmodules-prune-interval\=86400 -fmodules-prune-after\=345600 -fbuild-session-file\=/Users/harishvishwakarma/Library/Developer/Xcode/DerivedData/ModuleCache.noindex/Session.modulevalidation -fmodules-validate-once-per-build-session -Wnon-modular-include-in-framework-module -Werror\=non-modular-include-in-framework-module -Wno-trigraphs -Wno-missing-field-initializers -Wno-missing-prototypes -Wno-return-type -Wno-missing-braces -Wparentheses -Wswitch -Wno-unused-function -Wno-unused-label -Wno-unused-parameter -Wno-unused-variable -Wunused-value -Wno-empty-body -Wno-uninitialized -Wno-unknown-pragmas -w -Wno-shadow -Wno-four-char-constants -Wno-conversion -Wno-constant-conversion -Wno-int-conversion -Wno-bool-conversion -Wno-enum-conversion -Wno-float-conversion -Wno-non-literal-null-conversion -Wno-objc-literal-conversion -Wshorten-64-to-32 -Wpointer-sign -Wno-newline-eof -Wno-implicit-fallthrough -fstrict-aliasing -Wdeprecated-declarations -Wno-sign-conversion -Wno-infinite-recursion -Wno-comma -Wno-block-capture-autoreleasing -Wno-strict-prototypes -Wno-semicolon-before-method-body -index-store-path /Users/harishvishwakarma/Library/Developer/Xcode/DerivedData/Revolt-dharrjsambcimaaziudpvzjdcigm/Index.noindex/DataStore @/Users/harishvishwakarma/Library/Developer/Xcode/DerivedData/Revolt-dharrjsambcimaaziudpvzjdcigm/Build/Intermediates.noindex/Down.build/Debug-iphoneos/libcmark.build/Objects-normal/arm64/7187679823f38a2a940e0043cdf9d637-common-args.resp -MMD -MT dependencies -MF /Users/harishvishwakarma/Library/Developer/Xcode/DerivedData/Revolt-dharrjsambcimaaziudpvzjdcigm/Build/Intermediates.noindex/Down.build/Debug-iphoneos/libcmark.build/Objects-normal/arm64/render.d --serialize-diagnostics /Users/harishvishwakarma/Library/Developer/Xcode/DerivedData/Revolt-dharrjsambcimaaziudpvzjdcigm/Build/Intermediates.noindex/Down.build/Debug-iphoneos/libcmark.build/Objects-normal/arm64/render.dia -c /Users/harishvishwakarma/Library/Developer/Xcode/DerivedData/Revolt-dharrjsambcimaaziudpvzjdcigm/SourcePackages/checkouts/Down/Sources/cmark/render.c -o /Users/harishvishwakarma/Library/Developer/Xcode/DerivedData/Revolt-dharrjsambcimaaziudpvzjdcigm/Build/Intermediates.noindex/Down.build/Debug-iphoneos/libcmark.build/Objects-normal/arm64/render.o -index-unit-output-path /Down.build/Debug-iphoneos/libcmark.build/Objects-normal/arm64/render.o

CompileC /Users/harishvishwakarma/Library/Developer/Xcode/DerivedData/Revolt-dharrjsambcimaaziudpvzjdcigm/Build/Intermediates.noindex/Down.build/Debug-iphoneos/libcmark.build/Objects-normal/arm64/references.o /Users/harishvishwakarma/Library/Developer/Xcode/DerivedData/Revolt-dharrjsambcimaaziudpvzjdcigm/SourcePackages/checkouts/Down/Sources/cmark/references.c normal arm64 c com.apple.compilers.llvm.clang.1_0.compiler (in target 'libcmark' from project 'Down')
    cd /Users/harishvishwakarma/Handy/Archem/pepchat-ios/Revolt.xcodeproj
    
    Using response file: /Users/harishvishwakarma/Library/Developer/Xcode/DerivedData/Revolt-dharrjsambcimaaziudpvzjdcigm/Build/Intermediates.noindex/Down.build/Debug-iphoneos/libcmark.build/Objects-normal/arm64/7187679823f38a2a940e0043cdf9d637-common-args.resp
    
    /Applications/Xcode.app/Contents/Developer/Toolchains/XcodeDefault.xctoolchain/usr/bin/clang -x c -ivfsstatcache /Users/harishvishwakarma/Library/Developer/Xcode/DerivedData/SDKStatCaches.noindex/iphoneos18.5-22F76-7fa4eea80a99bbfdc046826b63ec4baf.sdkstatcache -fmessage-length\=0 -fdiagnostics-show-note-include-stack -fmacro-backtrace-limit\=0 -fno-color-diagnostics -fmodules-prune-interval\=86400 -fmodules-prune-after\=345600 -fbuild-session-file\=/Users/harishvishwakarma/Library/Developer/Xcode/DerivedData/ModuleCache.noindex/Session.modulevalidation -fmodules-validate-once-per-build-session -Wnon-modular-include-in-framework-module -Werror\=non-modular-include-in-framework-module -Wno-trigraphs -Wno-missing-field-initializers -Wno-missing-prototypes -Wno-return-type -Wno-missing-braces -Wparentheses -Wswitch -Wno-unused-function -Wno-unused-label -Wno-unused-parameter -Wno-unused-variable -Wunused-value -Wno-empty-body -Wno-uninitialized -Wno-unknown-pragmas -w -Wno-shadow -Wno-four-char-constants -Wno-conversion -Wno-constant-conversion -Wno-int-conversion -Wno-bool-conversion -Wno-enum-conversion -Wno-float-conversion -Wno-non-literal-null-conversion -Wno-objc-literal-conversion -Wshorten-64-to-32 -Wpointer-sign -Wno-newline-eof -Wno-implicit-fallthrough -fstrict-aliasing -Wdeprecated-declarations -Wno-sign-conversion -Wno-infinite-recursion -Wno-comma -Wno-block-capture-autoreleasing -Wno-strict-prototypes -Wno-semicolon-before-method-body -index-store-path /Users/harishvishwakarma/Library/Developer/Xcode/DerivedData/Revolt-dharrjsambcimaaziudpvzjdcigm/Index.noindex/DataStore @/Users/harishvishwakarma/Library/Developer/Xcode/DerivedData/Revolt-dharrjsambcimaaziudpvzjdcigm/Build/Intermediates.noindex/Down.build/Debug-iphoneos/libcmark.build/Objects-normal/arm64/7187679823f38a2a940e0043cdf9d637-common-args.resp -MMD -MT dependencies -MF /Users/harishvishwakarma/Library/Developer/Xcode/DerivedData/Revolt-dharrjsambcimaaziudpvzjdcigm/Build/Intermediates.noindex/Down.build/Debug-iphoneos/libcmark.build/Objects-normal/arm64/references.d --serialize-diagnostics /Users/harishvishwakarma/Library/Developer/Xcode/DerivedData/Revolt-dharrjsambcimaaziudpvzjdcigm/Build/Intermediates.noindex/Down.build/Debug-iphoneos/libcmark.build/Objects-normal/arm64/references.dia -c /Users/harishvishwakarma/Library/Developer/Xcode/DerivedData/Revolt-dharrjsambcimaaziudpvzjdcigm/SourcePackages/checkouts/Down/Sources/cmark/references.c -o /Users/harishvishwakarma/Library/Developer/Xcode/DerivedData/Revolt-dharrjsambcimaaziudpvzjdcigm/Build/Intermediates.noindex/Down.build/Debug-iphoneos/libcmark.build/Objects-normal/arm64/references.o -index-unit-output-path /Down.build/Debug-iphoneos/libcmark.build/Objects-normal/arm64/references.o

CompileC /Users/harishvishwakarma/Library/Developer/Xcode/DerivedData/Revolt-dharrjsambcimaaziudpvzjdcigm/Build/Intermediates.noindex/Down.build/Debug-iphoneos/libcmark.build/Objects-normal/arm64/node.o /Users/harishvishwakarma/Library/Developer/Xcode/DerivedData/Revolt-dharrjsambcimaaziudpvzjdcigm/SourcePackages/checkouts/Down/Sources/cmark/node.c normal arm64 c com.apple.compilers.llvm.clang.1_0.compiler (in target 'libcmark' from project 'Down')
    cd /Users/harishvishwakarma/Handy/Archem/pepchat-ios/Revolt.xcodeproj
    
    Using response file: /Users/harishvishwakarma/Library/Developer/Xcode/DerivedData/Revolt-dharrjsambcimaaziudpvzjdcigm/Build/Intermediates.noindex/Down.build/Debug-iphoneos/libcmark.build/Objects-normal/arm64/7187679823f38a2a940e0043cdf9d637-common-args.resp
    
    /Applications/Xcode.app/Contents/Developer/Toolchains/XcodeDefault.xctoolchain/usr/bin/clang -x c -ivfsstatcache /Users/harishvishwakarma/Library/Developer/Xcode/DerivedData/SDKStatCaches.noindex/iphoneos18.5-22F76-7fa4eea80a99bbfdc046826b63ec4baf.sdkstatcache -fmessage-length\=0 -fdiagnostics-show-note-include-stack -fmacro-backtrace-limit\=0 -fno-color-diagnostics -fmodules-prune-interval\=86400 -fmodules-prune-after\=345600 -fbuild-session-file\=/Users/harishvishwakarma/Library/Developer/Xcode/DerivedData/ModuleCache.noindex/Session.modulevalidation -fmodules-validate-once-per-build-session -Wnon-modular-include-in-framework-module -Werror\=non-modular-include-in-framework-module -Wno-trigraphs -Wno-missing-field-initializers -Wno-missing-prototypes -Wno-return-type -Wno-missing-braces -Wparentheses -Wswitch -Wno-unused-function -Wno-unused-label -Wno-unused-parameter -Wno-unused-variable -Wunused-value -Wno-empty-body -Wno-uninitialized -Wno-unknown-pragmas -w -Wno-shadow -Wno-four-char-constants -Wno-conversion -Wno-constant-conversion -Wno-int-conversion -Wno-bool-conversion -Wno-enum-conversion -Wno-float-conversion -Wno-non-literal-null-conversion -Wno-objc-literal-conversion -Wshorten-64-to-32 -Wpointer-sign -Wno-newline-eof -Wno-implicit-fallthrough -fstrict-aliasing -Wdeprecated-declarations -Wno-sign-conversion -Wno-infinite-recursion -Wno-comma -Wno-block-capture-autoreleasing -Wno-strict-prototypes -Wno-semicolon-before-method-body -index-store-path /Users/harishvishwakarma/Library/Developer/Xcode/DerivedData/Revolt-dharrjsambcimaaziudpvzjdcigm/Index.noindex/DataStore @/Users/harishvishwakarma/Library/Developer/Xcode/DerivedData/Revolt-dharrjsambcimaaziudpvzjdcigm/Build/Intermediates.noindex/Down.build/Debug-iphoneos/libcmark.build/Objects-normal/arm64/7187679823f38a2a940e0043cdf9d637-common-args.resp -MMD -MT dependencies -MF /Users/harishvishwakarma/Library/Developer/Xcode/DerivedData/Revolt-dharrjsambcimaaziudpvzjdcigm/Build/Intermediates.noindex/Down.build/Debug-iphoneos/libcmark.build/Objects-normal/arm64/node.d --serialize-diagnostics /Users/harishvishwakarma/Library/Developer/Xcode/DerivedData/Revolt-dharrjsambcimaaziudpvzjdcigm/Build/Intermediates.noindex/Down.build/Debug-iphoneos/libcmark.build/Objects-normal/arm64/node.dia -c /Users/harishvishwakarma/Library/Developer/Xcode/DerivedData/Revolt-dharrjsambcimaaziudpvzjdcigm/SourcePackages/checkouts/Down/Sources/cmark/node.c -o /Users/harishvishwakarma/Library/Developer/Xcode/DerivedData/Revolt-dharrjsambcimaaziudpvzjdcigm/Build/Intermediates.noindex/Down.build/Debug-iphoneos/libcmark.build/Objects-normal/arm64/node.o -index-unit-output-path /Down.build/Debug-iphoneos/libcmark.build/Objects-normal/arm64/node.o

SwiftDriverJobDiscovery normal arm64 Compiling Message.swift (in target 'Types' from project 'Revolt')

CompileC /Users/harishvishwakarma/Library/Developer/Xcode/DerivedData/Revolt-dharrjsambcimaaziudpvzjdcigm/Build/Intermediates.noindex/Down.build/Debug-iphoneos/libcmark.build/Objects-normal/arm64/man.o /Users/harishvishwakarma/Library/Developer/Xcode/DerivedData/Revolt-dharrjsambcimaaziudpvzjdcigm/SourcePackages/checkouts/Down/Sources/cmark/man.c normal arm64 c com.apple.compilers.llvm.clang.1_0.compiler (in target 'libcmark' from project 'Down')
    cd /Users/harishvishwakarma/Handy/Archem/pepchat-ios/Revolt.xcodeproj
    
    Using response file: /Users/harishvishwakarma/Library/Developer/Xcode/DerivedData/Revolt-dharrjsambcimaaziudpvzjdcigm/Build/Intermediates.noindex/Down.build/Debug-iphoneos/libcmark.build/Objects-normal/arm64/7187679823f38a2a940e0043cdf9d637-common-args.resp
    
    /Applications/Xcode.app/Contents/Developer/Toolchains/XcodeDefault.xctoolchain/usr/bin/clang -x c -ivfsstatcache /Users/harishvishwakarma/Library/Developer/Xcode/DerivedData/SDKStatCaches.noindex/iphoneos18.5-22F76-7fa4eea80a99bbfdc046826b63ec4baf.sdkstatcache -fmessage-length\=0 -fdiagnostics-show-note-include-stack -fmacro-backtrace-limit\=0 -fno-color-diagnostics -fmodules-prune-interval\=86400 -fmodules-prune-after\=345600 -fbuild-session-file\=/Users/harishvishwakarma/Library/Developer/Xcode/DerivedData/ModuleCache.noindex/Session.modulevalidation -fmodules-validate-once-per-build-session -Wnon-modular-include-in-framework-module -Werror\=non-modular-include-in-framework-module -Wno-trigraphs -Wno-missing-field-initializers -Wno-missing-prototypes -Wno-return-type -Wno-missing-braces -Wparentheses -Wswitch -Wno-unused-function -Wno-unused-label -Wno-unused-parameter -Wno-unused-variable -Wunused-value -Wno-empty-body -Wno-uninitialized -Wno-unknown-pragmas -w -Wno-shadow -Wno-four-char-constants -Wno-conversion -Wno-constant-conversion -Wno-int-conversion -Wno-bool-conversion -Wno-enum-conversion -Wno-float-conversion -Wno-non-literal-null-conversion -Wno-objc-literal-conversion -Wshorten-64-to-32 -Wpointer-sign -Wno-newline-eof -Wno-implicit-fallthrough -fstrict-aliasing -Wdeprecated-declarations -Wno-sign-conversion -Wno-infinite-recursion -Wno-comma -Wno-block-capture-autoreleasing -Wno-strict-prototypes -Wno-semicolon-before-method-body -index-store-path /Users/harishvishwakarma/Library/Developer/Xcode/DerivedData/Revolt-dharrjsambcimaaziudpvzjdcigm/Index.noindex/DataStore @/Users/harishvishwakarma/Library/Developer/Xcode/DerivedData/Revolt-dharrjsambcimaaziudpvzjdcigm/Build/Intermediates.noindex/Down.build/Debug-iphoneos/libcmark.build/Objects-normal/arm64/7187679823f38a2a940e0043cdf9d637-common-args.resp -MMD -MT dependencies -MF /Users/harishvishwakarma/Library/Developer/Xcode/DerivedData/Revolt-dharrjsambcimaaziudpvzjdcigm/Build/Intermediates.noindex/Down.build/Debug-iphoneos/libcmark.build/Objects-normal/arm64/man.d --serialize-diagnostics /Users/harishvishwakarma/Library/Developer/Xcode/DerivedData/Revolt-dharrjsambcimaaziudpvzjdcigm/Build/Intermediates.noindex/Down.build/Debug-iphoneos/libcmark.build/Objects-normal/arm64/man.dia -c /Users/harishvishwakarma/Library/Developer/Xcode/DerivedData/Revolt-dharrjsambcimaaziudpvzjdcigm/SourcePackages/checkouts/Down/Sources/cmark/man.c -o /Users/harishvishwakarma/Library/Developer/Xcode/DerivedData/Revolt-dharrjsambcimaaziudpvzjdcigm/Build/Intermediates.noindex/Down.build/Debug-iphoneos/libcmark.build/Objects-normal/arm64/man.o -index-unit-output-path /Down.build/Debug-iphoneos/libcmark.build/Objects-normal/arm64/man.o

CompileC /Users/harishvishwakarma/Library/Developer/Xcode/DerivedData/Revolt-dharrjsambcimaaziudpvzjdcigm/Build/Intermediates.noindex/Down.build/Debug-iphoneos/libcmark.build/Objects-normal/arm64/latex.o /Users/harishvishwakarma/Library/Developer/Xcode/DerivedData/Revolt-dharrjsambcimaaziudpvzjdcigm/SourcePackages/checkouts/Down/Sources/cmark/latex.c normal arm64 c com.apple.compilers.llvm.clang.1_0.compiler (in target 'libcmark' from project 'Down')
    cd /Users/harishvishwakarma/Handy/Archem/pepchat-ios/Revolt.xcodeproj
    
    Using response file: /Users/harishvishwakarma/Library/Developer/Xcode/DerivedData/Revolt-dharrjsambcimaaziudpvzjdcigm/Build/Intermediates.noindex/Down.build/Debug-iphoneos/libcmark.build/Objects-normal/arm64/7187679823f38a2a940e0043cdf9d637-common-args.resp
    
    /Applications/Xcode.app/Contents/Developer/Toolchains/XcodeDefault.xctoolchain/usr/bin/clang -x c -ivfsstatcache /Users/harishvishwakarma/Library/Developer/Xcode/DerivedData/SDKStatCaches.noindex/iphoneos18.5-22F76-7fa4eea80a99bbfdc046826b63ec4baf.sdkstatcache -fmessage-length\=0 -fdiagnostics-show-note-include-stack -fmacro-backtrace-limit\=0 -fno-color-diagnostics -fmodules-prune-interval\=86400 -fmodules-prune-after\=345600 -fbuild-session-file\=/Users/harishvishwakarma/Library/Developer/Xcode/DerivedData/ModuleCache.noindex/Session.modulevalidation -fmodules-validate-once-per-build-session -Wnon-modular-include-in-framework-module -Werror\=non-modular-include-in-framework-module -Wno-trigraphs -Wno-missing-field-initializers -Wno-missing-prototypes -Wno-return-type -Wno-missing-braces -Wparentheses -Wswitch -Wno-unused-function -Wno-unused-label -Wno-unused-parameter -Wno-unused-variable -Wunused-value -Wno-empty-body -Wno-uninitialized -Wno-unknown-pragmas -w -Wno-shadow -Wno-four-char-constants -Wno-conversion -Wno-constant-conversion -Wno-int-conversion -Wno-bool-conversion -Wno-enum-conversion -Wno-float-conversion -Wno-non-literal-null-conversion -Wno-objc-literal-conversion -Wshorten-64-to-32 -Wpointer-sign -Wno-newline-eof -Wno-implicit-fallthrough -fstrict-aliasing -Wdeprecated-declarations -Wno-sign-conversion -Wno-infinite-recursion -Wno-comma -Wno-block-capture-autoreleasing -Wno-strict-prototypes -Wno-semicolon-before-method-body -index-store-path /Users/harishvishwakarma/Library/Developer/Xcode/DerivedData/Revolt-dharrjsambcimaaziudpvzjdcigm/Index.noindex/DataStore @/Users/harishvishwakarma/Library/Developer/Xcode/DerivedData/Revolt-dharrjsambcimaaziudpvzjdcigm/Build/Intermediates.noindex/Down.build/Debug-iphoneos/libcmark.build/Objects-normal/arm64/7187679823f38a2a940e0043cdf9d637-common-args.resp -MMD -MT dependencies -MF /Users/harishvishwakarma/Library/Developer/Xcode/DerivedData/Revolt-dharrjsambcimaaziudpvzjdcigm/Build/Intermediates.noindex/Down.build/Debug-iphoneos/libcmark.build/Objects-normal/arm64/latex.d --serialize-diagnostics /Users/harishvishwakarma/Library/Developer/Xcode/DerivedData/Revolt-dharrjsambcimaaziudpvzjdcigm/Build/Intermediates.noindex/Down.build/Debug-iphoneos/libcmark.build/Objects-normal/arm64/latex.dia -c /Users/harishvishwakarma/Library/Developer/Xcode/DerivedData/Revolt-dharrjsambcimaaziudpvzjdcigm/SourcePackages/checkouts/Down/Sources/cmark/latex.c -o /Users/harishvishwakarma/Library/Developer/Xcode/DerivedData/Revolt-dharrjsambcimaaziudpvzjdcigm/Build/Intermediates.noindex/Down.build/Debug-iphoneos/libcmark.build/Objects-normal/arm64/latex.o -index-unit-output-path /Down.build/Debug-iphoneos/libcmark.build/Objects-normal/arm64/latex.o

SwiftDriverJobDiscovery normal arm64 Compiling Permissions.swift (in target 'Types' from project 'Revolt')

CompileC /Users/harishvishwakarma/Library/Developer/Xcode/DerivedData/Revolt-dharrjsambcimaaziudpvzjdcigm/Build/Intermediates.noindex/Down.build/Debug-iphoneos/libcmark.build/Objects-normal/arm64/iterator.o /Users/harishvishwakarma/Library/Developer/Xcode/DerivedData/Revolt-dharrjsambcimaaziudpvzjdcigm/SourcePackages/checkouts/Down/Sources/cmark/iterator.c normal arm64 c com.apple.compilers.llvm.clang.1_0.compiler (in target 'libcmark' from project 'Down')
    cd /Users/harishvishwakarma/Handy/Archem/pepchat-ios/Revolt.xcodeproj
    
    Using response file: /Users/harishvishwakarma/Library/Developer/Xcode/DerivedData/Revolt-dharrjsambcimaaziudpvzjdcigm/Build/Intermediates.noindex/Down.build/Debug-iphoneos/libcmark.build/Objects-normal/arm64/7187679823f38a2a940e0043cdf9d637-common-args.resp
    
    /Applications/Xcode.app/Contents/Developer/Toolchains/XcodeDefault.xctoolchain/usr/bin/clang -x c -ivfsstatcache /Users/harishvishwakarma/Library/Developer/Xcode/DerivedData/SDKStatCaches.noindex/iphoneos18.5-22F76-7fa4eea80a99bbfdc046826b63ec4baf.sdkstatcache -fmessage-length\=0 -fdiagnostics-show-note-include-stack -fmacro-backtrace-limit\=0 -fno-color-diagnostics -fmodules-prune-interval\=86400 -fmodules-prune-after\=345600 -fbuild-session-file\=/Users/harishvishwakarma/Library/Developer/Xcode/DerivedData/ModuleCache.noindex/Session.modulevalidation -fmodules-validate-once-per-build-session -Wnon-modular-include-in-framework-module -Werror\=non-modular-include-in-framework-module -Wno-trigraphs -Wno-missing-field-initializers -Wno-missing-prototypes -Wno-return-type -Wno-missing-braces -Wparentheses -Wswitch -Wno-unused-function -Wno-unused-label -Wno-unused-parameter -Wno-unused-variable -Wunused-value -Wno-empty-body -Wno-uninitialized -Wno-unknown-pragmas -w -Wno-shadow -Wno-four-char-constants -Wno-conversion -Wno-constant-conversion -Wno-int-conversion -Wno-bool-conversion -Wno-enum-conversion -Wno-float-conversion -Wno-non-literal-null-conversion -Wno-objc-literal-conversion -Wshorten-64-to-32 -Wpointer-sign -Wno-newline-eof -Wno-implicit-fallthrough -fstrict-aliasing -Wdeprecated-declarations -Wno-sign-conversion -Wno-infinite-recursion -Wno-comma -Wno-block-capture-autoreleasing -Wno-strict-prototypes -Wno-semicolon-before-method-body -index-store-path /Users/harishvishwakarma/Library/Developer/Xcode/DerivedData/Revolt-dharrjsambcimaaziudpvzjdcigm/Index.noindex/DataStore @/Users/harishvishwakarma/Library/Developer/Xcode/DerivedData/Revolt-dharrjsambcimaaziudpvzjdcigm/Build/Intermediates.noindex/Down.build/Debug-iphoneos/libcmark.build/Objects-normal/arm64/7187679823f38a2a940e0043cdf9d637-common-args.resp -MMD -MT dependencies -MF /Users/harishvishwakarma/Library/Developer/Xcode/DerivedData/Revolt-dharrjsambcimaaziudpvzjdcigm/Build/Intermediates.noindex/Down.build/Debug-iphoneos/libcmark.build/Objects-normal/arm64/iterator.d --serialize-diagnostics /Users/harishvishwakarma/Library/Developer/Xcode/DerivedData/Revolt-dharrjsambcimaaziudpvzjdcigm/Build/Intermediates.noindex/Down.build/Debug-iphoneos/libcmark.build/Objects-normal/arm64/iterator.dia -c /Users/harishvishwakarma/Library/Developer/Xcode/DerivedData/Revolt-dharrjsambcimaaziudpvzjdcigm/SourcePackages/checkouts/Down/Sources/cmark/iterator.c -o /Users/harishvishwakarma/Library/Developer/Xcode/DerivedData/Revolt-dharrjsambcimaaziudpvzjdcigm/Build/Intermediates.noindex/Down.build/Debug-iphoneos/libcmark.build/Objects-normal/arm64/iterator.o -index-unit-output-path /Down.build/Debug-iphoneos/libcmark.build/Objects-normal/arm64/iterator.o

CompileC /Users/harishvishwakarma/Library/Developer/Xcode/DerivedData/Revolt-dharrjsambcimaaziudpvzjdcigm/Build/Intermediates.noindex/Down.build/Debug-iphoneos/libcmark.build/Objects-normal/arm64/inlines.o /Users/harishvishwakarma/Library/Developer/Xcode/DerivedData/Revolt-dharrjsambcimaaziudpvzjdcigm/SourcePackages/checkouts/Down/Sources/cmark/inlines.c normal arm64 c com.apple.compilers.llvm.clang.1_0.compiler (in target 'libcmark' from project 'Down')
    cd /Users/harishvishwakarma/Handy/Archem/pepchat-ios/Revolt.xcodeproj
    
    Using response file: /Users/harishvishwakarma/Library/Developer/Xcode/DerivedData/Revolt-dharrjsambcimaaziudpvzjdcigm/Build/Intermediates.noindex/Down.build/Debug-iphoneos/libcmark.build/Objects-normal/arm64/7187679823f38a2a940e0043cdf9d637-common-args.resp
    
    /Applications/Xcode.app/Contents/Developer/Toolchains/XcodeDefault.xctoolchain/usr/bin/clang -x c -ivfsstatcache /Users/harishvishwakarma/Library/Developer/Xcode/DerivedData/SDKStatCaches.noindex/iphoneos18.5-22F76-7fa4eea80a99bbfdc046826b63ec4baf.sdkstatcache -fmessage-length\=0 -fdiagnostics-show-note-include-stack -fmacro-backtrace-limit\=0 -fno-color-diagnostics -fmodules-prune-interval\=86400 -fmodules-prune-after\=345600 -fbuild-session-file\=/Users/harishvishwakarma/Library/Developer/Xcode/DerivedData/ModuleCache.noindex/Session.modulevalidation -fmodules-validate-once-per-build-session -Wnon-modular-include-in-framework-module -Werror\=non-modular-include-in-framework-module -Wno-trigraphs -Wno-missing-field-initializers -Wno-missing-prototypes -Wno-return-type -Wno-missing-braces -Wparentheses -Wswitch -Wno-unused-function -Wno-unused-label -Wno-unused-parameter -Wno-unused-variable -Wunused-value -Wno-empty-body -Wno-uninitialized -Wno-unknown-pragmas -w -Wno-shadow -Wno-four-char-constants -Wno-conversion -Wno-constant-conversion -Wno-int-conversion -Wno-bool-conversion -Wno-enum-conversion -Wno-float-conversion -Wno-non-literal-null-conversion -Wno-objc-literal-conversion -Wshorten-64-to-32 -Wpointer-sign -Wno-newline-eof -Wno-implicit-fallthrough -fstrict-aliasing -Wdeprecated-declarations -Wno-sign-conversion -Wno-infinite-recursion -Wno-comma -Wno-block-capture-autoreleasing -Wno-strict-prototypes -Wno-semicolon-before-method-body -index-store-path /Users/harishvishwakarma/Library/Developer/Xcode/DerivedData/Revolt-dharrjsambcimaaziudpvzjdcigm/Index.noindex/DataStore @/Users/harishvishwakarma/Library/Developer/Xcode/DerivedData/Revolt-dharrjsambcimaaziudpvzjdcigm/Build/Intermediates.noindex/Down.build/Debug-iphoneos/libcmark.build/Objects-normal/arm64/7187679823f38a2a940e0043cdf9d637-common-args.resp -MMD -MT dependencies -MF /Users/harishvishwakarma/Library/Developer/Xcode/DerivedData/Revolt-dharrjsambcimaaziudpvzjdcigm/Build/Intermediates.noindex/Down.build/Debug-iphoneos/libcmark.build/Objects-normal/arm64/inlines.d --serialize-diagnostics /Users/harishvishwakarma/Library/Developer/Xcode/DerivedData/Revolt-dharrjsambcimaaziudpvzjdcigm/Build/Intermediates.noindex/Down.build/Debug-iphoneos/libcmark.build/Objects-normal/arm64/inlines.dia -c /Users/harishvishwakarma/Library/Developer/Xcode/DerivedData/Revolt-dharrjsambcimaaziudpvzjdcigm/SourcePackages/checkouts/Down/Sources/cmark/inlines.c -o /Users/harishvishwakarma/Library/Developer/Xcode/DerivedData/Revolt-dharrjsambcimaaziudpvzjdcigm/Build/Intermediates.noindex/Down.build/Debug-iphoneos/libcmark.build/Objects-normal/arm64/inlines.o -index-unit-output-path /Down.build/Debug-iphoneos/libcmark.build/Objects-normal/arm64/inlines.o

CompileC /Users/harishvishwakarma/Library/Developer/Xcode/DerivedData/Revolt-dharrjsambcimaaziudpvzjdcigm/Build/Intermediates.noindex/Down.build/Debug-iphoneos/libcmark.build/Objects-normal/arm64/html.o /Users/harishvishwakarma/Library/Developer/Xcode/DerivedData/Revolt-dharrjsambcimaaziudpvzjdcigm/SourcePackages/checkouts/Down/Sources/cmark/html.c normal arm64 c com.apple.compilers.llvm.clang.1_0.compiler (in target 'libcmark' from project 'Down')
    cd /Users/harishvishwakarma/Handy/Archem/pepchat-ios/Revolt.xcodeproj
    
    Using response file: /Users/harishvishwakarma/Library/Developer/Xcode/DerivedData/Revolt-dharrjsambcimaaziudpvzjdcigm/Build/Intermediates.noindex/Down.build/Debug-iphoneos/libcmark.build/Objects-normal/arm64/7187679823f38a2a940e0043cdf9d637-common-args.resp
    
    /Applications/Xcode.app/Contents/Developer/Toolchains/XcodeDefault.xctoolchain/usr/bin/clang -x c -ivfsstatcache /Users/harishvishwakarma/Library/Developer/Xcode/DerivedData/SDKStatCaches.noindex/iphoneos18.5-22F76-7fa4eea80a99bbfdc046826b63ec4baf.sdkstatcache -fmessage-length\=0 -fdiagnostics-show-note-include-stack -fmacro-backtrace-limit\=0 -fno-color-diagnostics -fmodules-prune-interval\=86400 -fmodules-prune-after\=345600 -fbuild-session-file\=/Users/harishvishwakarma/Library/Developer/Xcode/DerivedData/ModuleCache.noindex/Session.modulevalidation -fmodules-validate-once-per-build-session -Wnon-modular-include-in-framework-module -Werror\=non-modular-include-in-framework-module -Wno-trigraphs -Wno-missing-field-initializers -Wno-missing-prototypes -Wno-return-type -Wno-missing-braces -Wparentheses -Wswitch -Wno-unused-function -Wno-unused-label -Wno-unused-parameter -Wno-unused-variable -Wunused-value -Wno-empty-body -Wno-uninitialized -Wno-unknown-pragmas -w -Wno-shadow -Wno-four-char-constants -Wno-conversion -Wno-constant-conversion -Wno-int-conversion -Wno-bool-conversion -Wno-enum-conversion -Wno-float-conversion -Wno-non-literal-null-conversion -Wno-objc-literal-conversion -Wshorten-64-to-32 -Wpointer-sign -Wno-newline-eof -Wno-implicit-fallthrough -fstrict-aliasing -Wdeprecated-declarations -Wno-sign-conversion -Wno-infinite-recursion -Wno-comma -Wno-block-capture-autoreleasing -Wno-strict-prototypes -Wno-semicolon-before-method-body -index-store-path /Users/harishvishwakarma/Library/Developer/Xcode/DerivedData/Revolt-dharrjsambcimaaziudpvzjdcigm/Index.noindex/DataStore @/Users/harishvishwakarma/Library/Developer/Xcode/DerivedData/Revolt-dharrjsambcimaaziudpvzjdcigm/Build/Intermediates.noindex/Down.build/Debug-iphoneos/libcmark.build/Objects-normal/arm64/7187679823f38a2a940e0043cdf9d637-common-args.resp -MMD -MT dependencies -MF /Users/harishvishwakarma/Library/Developer/Xcode/DerivedData/Revolt-dharrjsambcimaaziudpvzjdcigm/Build/Intermediates.noindex/Down.build/Debug-iphoneos/libcmark.build/Objects-normal/arm64/html.d --serialize-diagnostics /Users/harishvishwakarma/Library/Developer/Xcode/DerivedData/Revolt-dharrjsambcimaaziudpvzjdcigm/Build/Intermediates.noindex/Down.build/Debug-iphoneos/libcmark.build/Objects-normal/arm64/html.dia -c /Users/harishvishwakarma/Library/Developer/Xcode/DerivedData/Revolt-dharrjsambcimaaziudpvzjdcigm/SourcePackages/checkouts/Down/Sources/cmark/html.c -o /Users/harishvishwakarma/Library/Developer/Xcode/DerivedData/Revolt-dharrjsambcimaaziudpvzjdcigm/Build/Intermediates.noindex/Down.build/Debug-iphoneos/libcmark.build/Objects-normal/arm64/html.o -index-unit-output-path /Down.build/Debug-iphoneos/libcmark.build/Objects-normal/arm64/html.o

CompileC /Users/harishvishwakarma/Library/Developer/Xcode/DerivedData/Revolt-dharrjsambcimaaziudpvzjdcigm/Build/Intermediates.noindex/Down.build/Debug-iphoneos/libcmark.build/Objects-normal/arm64/commonmark.o /Users/harishvishwakarma/Library/Developer/Xcode/DerivedData/Revolt-dharrjsambcimaaziudpvzjdcigm/SourcePackages/checkouts/Down/Sources/cmark/commonmark.c normal arm64 c com.apple.compilers.llvm.clang.1_0.compiler (in target 'libcmark' from project 'Down')
    cd /Users/harishvishwakarma/Handy/Archem/pepchat-ios/Revolt.xcodeproj
    
    Using response file: /Users/harishvishwakarma/Library/Developer/Xcode/DerivedData/Revolt-dharrjsambcimaaziudpvzjdcigm/Build/Intermediates.noindex/Down.build/Debug-iphoneos/libcmark.build/Objects-normal/arm64/7187679823f38a2a940e0043cdf9d637-common-args.resp
    
    /Applications/Xcode.app/Contents/Developer/Toolchains/XcodeDefault.xctoolchain/usr/bin/clang -x c -ivfsstatcache /Users/harishvishwakarma/Library/Developer/Xcode/DerivedData/SDKStatCaches.noindex/iphoneos18.5-22F76-7fa4eea80a99bbfdc046826b63ec4baf.sdkstatcache -fmessage-length\=0 -fdiagnostics-show-note-include-stack -fmacro-backtrace-limit\=0 -fno-color-diagnostics -fmodules-prune-interval\=86400 -fmodules-prune-after\=345600 -fbuild-session-file\=/Users/harishvishwakarma/Library/Developer/Xcode/DerivedData/ModuleCache.noindex/Session.modulevalidation -fmodules-validate-once-per-build-session -Wnon-modular-include-in-framework-module -Werror\=non-modular-include-in-framework-module -Wno-trigraphs -Wno-missing-field-initializers -Wno-missing-prototypes -Wno-return-type -Wno-missing-braces -Wparentheses -Wswitch -Wno-unused-function -Wno-unused-label -Wno-unused-parameter -Wno-unused-variable -Wunused-value -Wno-empty-body -Wno-uninitialized -Wno-unknown-pragmas -w -Wno-shadow -Wno-four-char-constants -Wno-conversion -Wno-constant-conversion -Wno-int-conversion -Wno-bool-conversion -Wno-enum-conversion -Wno-float-conversion -Wno-non-literal-null-conversion -Wno-objc-literal-conversion -Wshorten-64-to-32 -Wpointer-sign -Wno-newline-eof -Wno-implicit-fallthrough -fstrict-aliasing -Wdeprecated-declarations -Wno-sign-conversion -Wno-infinite-recursion -Wno-comma -Wno-block-capture-autoreleasing -Wno-strict-prototypes -Wno-semicolon-before-method-body -index-store-path /Users/harishvishwakarma/Library/Developer/Xcode/DerivedData/Revolt-dharrjsambcimaaziudpvzjdcigm/Index.noindex/DataStore @/Users/harishvishwakarma/Library/Developer/Xcode/DerivedData/Revolt-dharrjsambcimaaziudpvzjdcigm/Build/Intermediates.noindex/Down.build/Debug-iphoneos/libcmark.build/Objects-normal/arm64/7187679823f38a2a940e0043cdf9d637-common-args.resp -MMD -MT dependencies -MF /Users/harishvishwakarma/Library/Developer/Xcode/DerivedData/Revolt-dharrjsambcimaaziudpvzjdcigm/Build/Intermediates.noindex/Down.build/Debug-iphoneos/libcmark.build/Objects-normal/arm64/commonmark.d --serialize-diagnostics /Users/harishvishwakarma/Library/Developer/Xcode/DerivedData/Revolt-dharrjsambcimaaziudpvzjdcigm/Build/Intermediates.noindex/Down.build/Debug-iphoneos/libcmark.build/Objects-normal/arm64/commonmark.dia -c /Users/harishvishwakarma/Library/Developer/Xcode/DerivedData/Revolt-dharrjsambcimaaziudpvzjdcigm/SourcePackages/checkouts/Down/Sources/cmark/commonmark.c -o /Users/harishvishwakarma/Library/Developer/Xcode/DerivedData/Revolt-dharrjsambcimaaziudpvzjdcigm/Build/Intermediates.noindex/Down.build/Debug-iphoneos/libcmark.build/Objects-normal/arm64/commonmark.o -index-unit-output-path /Down.build/Debug-iphoneos/libcmark.build/Objects-normal/arm64/commonmark.o

CompileC /Users/harishvishwakarma/Library/Developer/Xcode/DerivedData/Revolt-dharrjsambcimaaziudpvzjdcigm/Build/Intermediates.noindex/Down.build/Debug-iphoneos/libcmark.build/Objects-normal/arm64/cmark.o /Users/harishvishwakarma/Library/Developer/Xcode/DerivedData/Revolt-dharrjsambcimaaziudpvzjdcigm/SourcePackages/checkouts/Down/Sources/cmark/cmark.c normal arm64 c com.apple.compilers.llvm.clang.1_0.compiler (in target 'libcmark' from project 'Down')
    cd /Users/harishvishwakarma/Handy/Archem/pepchat-ios/Revolt.xcodeproj
    
    Using response file: /Users/harishvishwakarma/Library/Developer/Xcode/DerivedData/Revolt-dharrjsambcimaaziudpvzjdcigm/Build/Intermediates.noindex/Down.build/Debug-iphoneos/libcmark.build/Objects-normal/arm64/7187679823f38a2a940e0043cdf9d637-common-args.resp
    
    /Applications/Xcode.app/Contents/Developer/Toolchains/XcodeDefault.xctoolchain/usr/bin/clang -x c -ivfsstatcache /Users/harishvishwakarma/Library/Developer/Xcode/DerivedData/SDKStatCaches.noindex/iphoneos18.5-22F76-7fa4eea80a99bbfdc046826b63ec4baf.sdkstatcache -fmessage-length\=0 -fdiagnostics-show-note-include-stack -fmacro-backtrace-limit\=0 -fno-color-diagnostics -fmodules-prune-interval\=86400 -fmodules-prune-after\=345600 -fbuild-session-file\=/Users/harishvishwakarma/Library/Developer/Xcode/DerivedData/ModuleCache.noindex/Session.modulevalidation -fmodules-validate-once-per-build-session -Wnon-modular-include-in-framework-module -Werror\=non-modular-include-in-framework-module -Wno-trigraphs -Wno-missing-field-initializers -Wno-missing-prototypes -Wno-return-type -Wno-missing-braces -Wparentheses -Wswitch -Wno-unused-function -Wno-unused-label -Wno-unused-parameter -Wno-unused-variable -Wunused-value -Wno-empty-body -Wno-uninitialized -Wno-unknown-pragmas -w -Wno-shadow -Wno-four-char-constants -Wno-conversion -Wno-constant-conversion -Wno-int-conversion -Wno-bool-conversion -Wno-enum-conversion -Wno-float-conversion -Wno-non-literal-null-conversion -Wno-objc-literal-conversion -Wshorten-64-to-32 -Wpointer-sign -Wno-newline-eof -Wno-implicit-fallthrough -fstrict-aliasing -Wdeprecated-declarations -Wno-sign-conversion -Wno-infinite-recursion -Wno-comma -Wno-block-capture-autoreleasing -Wno-strict-prototypes -Wno-semicolon-before-method-body -index-store-path /Users/harishvishwakarma/Library/Developer/Xcode/DerivedData/Revolt-dharrjsambcimaaziudpvzjdcigm/Index.noindex/DataStore @/Users/harishvishwakarma/Library/Developer/Xcode/DerivedData/Revolt-dharrjsambcimaaziudpvzjdcigm/Build/Intermediates.noindex/Down.build/Debug-iphoneos/libcmark.build/Objects-normal/arm64/7187679823f38a2a940e0043cdf9d637-common-args.resp -MMD -MT dependencies -MF /Users/harishvishwakarma/Library/Developer/Xcode/DerivedData/Revolt-dharrjsambcimaaziudpvzjdcigm/Build/Intermediates.noindex/Down.build/Debug-iphoneos/libcmark.build/Objects-normal/arm64/cmark.d --serialize-diagnostics /Users/harishvishwakarma/Library/Developer/Xcode/DerivedData/Revolt-dharrjsambcimaaziudpvzjdcigm/Build/Intermediates.noindex/Down.build/Debug-iphoneos/libcmark.build/Objects-normal/arm64/cmark.dia -c /Users/harishvishwakarma/Library/Developer/Xcode/DerivedData/Revolt-dharrjsambcimaaziudpvzjdcigm/SourcePackages/checkouts/Down/Sources/cmark/cmark.c -o /Users/harishvishwakarma/Library/Developer/Xcode/DerivedData/Revolt-dharrjsambcimaaziudpvzjdcigm/Build/Intermediates.noindex/Down.build/Debug-iphoneos/libcmark.build/Objects-normal/arm64/cmark.o -index-unit-output-path /Down.build/Debug-iphoneos/libcmark.build/Objects-normal/arm64/cmark.o

CompileC /Users/harishvishwakarma/Library/Developer/Xcode/DerivedData/Revolt-dharrjsambcimaaziudpvzjdcigm/Build/Intermediates.noindex/Down.build/Debug-iphoneos/libcmark.build/Objects-normal/arm64/buffer.o /Users/harishvishwakarma/Library/Developer/Xcode/DerivedData/Revolt-dharrjsambcimaaziudpvzjdcigm/SourcePackages/checkouts/Down/Sources/cmark/buffer.c normal arm64 c com.apple.compilers.llvm.clang.1_0.compiler (in target 'libcmark' from project 'Down')
    cd /Users/harishvishwakarma/Handy/Archem/pepchat-ios/Revolt.xcodeproj
    
    Using response file: /Users/harishvishwakarma/Library/Developer/Xcode/DerivedData/Revolt-dharrjsambcimaaziudpvzjdcigm/Build/Intermediates.noindex/Down.build/Debug-iphoneos/libcmark.build/Objects-normal/arm64/7187679823f38a2a940e0043cdf9d637-common-args.resp
    
    /Applications/Xcode.app/Contents/Developer/Toolchains/XcodeDefault.xctoolchain/usr/bin/clang -x c -ivfsstatcache /Users/harishvishwakarma/Library/Developer/Xcode/DerivedData/SDKStatCaches.noindex/iphoneos18.5-22F76-7fa4eea80a99bbfdc046826b63ec4baf.sdkstatcache -fmessage-length\=0 -fdiagnostics-show-note-include-stack -fmacro-backtrace-limit\=0 -fno-color-diagnostics -fmodules-prune-interval\=86400 -fmodules-prune-after\=345600 -fbuild-session-file\=/Users/harishvishwakarma/Library/Developer/Xcode/DerivedData/ModuleCache.noindex/Session.modulevalidation -fmodules-validate-once-per-build-session -Wnon-modular-include-in-framework-module -Werror\=non-modular-include-in-framework-module -Wno-trigraphs -Wno-missing-field-initializers -Wno-missing-prototypes -Wno-return-type -Wno-missing-braces -Wparentheses -Wswitch -Wno-unused-function -Wno-unused-label -Wno-unused-parameter -Wno-unused-variable -Wunused-value -Wno-empty-body -Wno-uninitialized -Wno-unknown-pragmas -w -Wno-shadow -Wno-four-char-constants -Wno-conversion -Wno-constant-conversion -Wno-int-conversion -Wno-bool-conversion -Wno-enum-conversion -Wno-float-conversion -Wno-non-literal-null-conversion -Wno-objc-literal-conversion -Wshorten-64-to-32 -Wpointer-sign -Wno-newline-eof -Wno-implicit-fallthrough -fstrict-aliasing -Wdeprecated-declarations -Wno-sign-conversion -Wno-infinite-recursion -Wno-comma -Wno-block-capture-autoreleasing -Wno-strict-prototypes -Wno-semicolon-before-method-body -index-store-path /Users/harishvishwakarma/Library/Developer/Xcode/DerivedData/Revolt-dharrjsambcimaaziudpvzjdcigm/Index.noindex/DataStore @/Users/harishvishwakarma/Library/Developer/Xcode/DerivedData/Revolt-dharrjsambcimaaziudpvzjdcigm/Build/Intermediates.noindex/Down.build/Debug-iphoneos/libcmark.build/Objects-normal/arm64/7187679823f38a2a940e0043cdf9d637-common-args.resp -MMD -MT dependencies -MF /Users/harishvishwakarma/Library/Developer/Xcode/DerivedData/Revolt-dharrjsambcimaaziudpvzjdcigm/Build/Intermediates.noindex/Down.build/Debug-iphoneos/libcmark.build/Objects-normal/arm64/buffer.d --serialize-diagnostics /Users/harishvishwakarma/Library/Developer/Xcode/DerivedData/Revolt-dharrjsambcimaaziudpvzjdcigm/Build/Intermediates.noindex/Down.build/Debug-iphoneos/libcmark.build/Objects-normal/arm64/buffer.dia -c /Users/harishvishwakarma/Library/Developer/Xcode/DerivedData/Revolt-dharrjsambcimaaziudpvzjdcigm/SourcePackages/checkouts/Down/Sources/cmark/buffer.c -o /Users/harishvishwakarma/Library/Developer/Xcode/DerivedData/Revolt-dharrjsambcimaaziudpvzjdcigm/Build/Intermediates.noindex/Down.build/Debug-iphoneos/libcmark.build/Objects-normal/arm64/buffer.o -index-unit-output-path /Down.build/Debug-iphoneos/libcmark.build/Objects-normal/arm64/buffer.o

CompileC /Users/harishvishwakarma/Library/Developer/Xcode/DerivedData/Revolt-dharrjsambcimaaziudpvzjdcigm/Build/Intermediates.noindex/Down.build/Debug-iphoneos/libcmark.build/Objects-normal/arm64/blocks.o /Users/harishvishwakarma/Library/Developer/Xcode/DerivedData/Revolt-dharrjsambcimaaziudpvzjdcigm/SourcePackages/checkouts/Down/Sources/cmark/blocks.c normal arm64 c com.apple.compilers.llvm.clang.1_0.compiler (in target 'libcmark' from project 'Down')
    cd /Users/harishvishwakarma/Handy/Archem/pepchat-ios/Revolt.xcodeproj
    
    Using response file: /Users/harishvishwakarma/Library/Developer/Xcode/DerivedData/Revolt-dharrjsambcimaaziudpvzjdcigm/Build/Intermediates.noindex/Down.build/Debug-iphoneos/libcmark.build/Objects-normal/arm64/7187679823f38a2a940e0043cdf9d637-common-args.resp
    
    /Applications/Xcode.app/Contents/Developer/Toolchains/XcodeDefault.xctoolchain/usr/bin/clang -x c -ivfsstatcache /Users/harishvishwakarma/Library/Developer/Xcode/DerivedData/SDKStatCaches.noindex/iphoneos18.5-22F76-7fa4eea80a99bbfdc046826b63ec4baf.sdkstatcache -fmessage-length\=0 -fdiagnostics-show-note-include-stack -fmacro-backtrace-limit\=0 -fno-color-diagnostics -fmodules-prune-interval\=86400 -fmodules-prune-after\=345600 -fbuild-session-file\=/Users/harishvishwakarma/Library/Developer/Xcode/DerivedData/ModuleCache.noindex/Session.modulevalidation -fmodules-validate-once-per-build-session -Wnon-modular-include-in-framework-module -Werror\=non-modular-include-in-framework-module -Wno-trigraphs -Wno-missing-field-initializers -Wno-missing-prototypes -Wno-return-type -Wno-missing-braces -Wparentheses -Wswitch -Wno-unused-function -Wno-unused-label -Wno-unused-parameter -Wno-unused-variable -Wunused-value -Wno-empty-body -Wno-uninitialized -Wno-unknown-pragmas -w -Wno-shadow -Wno-four-char-constants -Wno-conversion -Wno-constant-conversion -Wno-int-conversion -Wno-bool-conversion -Wno-enum-conversion -Wno-float-conversion -Wno-non-literal-null-conversion -Wno-objc-literal-conversion -Wshorten-64-to-32 -Wpointer-sign -Wno-newline-eof -Wno-implicit-fallthrough -fstrict-aliasing -Wdeprecated-declarations -Wno-sign-conversion -Wno-infinite-recursion -Wno-comma -Wno-block-capture-autoreleasing -Wno-strict-prototypes -Wno-semicolon-before-method-body -index-store-path /Users/harishvishwakarma/Library/Developer/Xcode/DerivedData/Revolt-dharrjsambcimaaziudpvzjdcigm/Index.noindex/DataStore @/Users/harishvishwakarma/Library/Developer/Xcode/DerivedData/Revolt-dharrjsambcimaaziudpvzjdcigm/Build/Intermediates.noindex/Down.build/Debug-iphoneos/libcmark.build/Objects-normal/arm64/7187679823f38a2a940e0043cdf9d637-common-args.resp -MMD -MT dependencies -MF /Users/harishvishwakarma/Library/Developer/Xcode/DerivedData/Revolt-dharrjsambcimaaziudpvzjdcigm/Build/Intermediates.noindex/Down.build/Debug-iphoneos/libcmark.build/Objects-normal/arm64/blocks.d --serialize-diagnostics /Users/harishvishwakarma/Library/Developer/Xcode/DerivedData/Revolt-dharrjsambcimaaziudpvzjdcigm/Build/Intermediates.noindex/Down.build/Debug-iphoneos/libcmark.build/Objects-normal/arm64/blocks.dia -c /Users/harishvishwakarma/Library/Developer/Xcode/DerivedData/Revolt-dharrjsambcimaaziudpvzjdcigm/SourcePackages/checkouts/Down/Sources/cmark/blocks.c -o /Users/harishvishwakarma/Library/Developer/Xcode/DerivedData/Revolt-dharrjsambcimaaziudpvzjdcigm/Build/Intermediates.noindex/Down.build/Debug-iphoneos/libcmark.build/Objects-normal/arm64/blocks.o -index-unit-output-path /Down.build/Debug-iphoneos/libcmark.build/Objects-normal/arm64/blocks.o

SwiftCompile normal arm64 Compiling\ CropViewModel.swift /Users/harishvishwakarma/Library/Developer/Xcode/DerivedData/Revolt-dharrjsambcimaaziudpvzjdcigm/SourcePackages/checkouts/SwiftyCrop/Sources/SwiftyCrop/Models/CropViewModel.swift (in target 'SwiftyCrop' from project 'SwiftyCrop')
SwiftCompile normal arm64 /Users/harishvishwakarma/Library/Developer/Xcode/DerivedData/Revolt-dharrjsambcimaaziudpvzjdcigm/SourcePackages/checkouts/SwiftyCrop/Sources/SwiftyCrop/Models/CropViewModel.swift (in target 'SwiftyCrop' from project 'SwiftyCrop')
    cd /Users/harishvishwakarma/Handy/Archem/pepchat-ios/Revolt.xcodeproj
    

SwiftDriverJobDiscovery normal arm64 Compiling Api.swift, Channel.swift (in target 'Types' from project 'Revolt')

SwiftCompile normal arm64 Compiling\ SwiftyCrop.swift /Users/harishvishwakarma/Library/Developer/Xcode/DerivedData/Revolt-dharrjsambcimaaziudpvzjdcigm/SourcePackages/checkouts/SwiftyCrop/Sources/SwiftyCrop/SwiftyCrop.swift (in target 'SwiftyCrop' from project 'SwiftyCrop')

SwiftCompile normal arm64 /Users/harishvishwakarma/Library/Developer/Xcode/DerivedData/Revolt-dharrjsambcimaaziudpvzjdcigm/SourcePackages/checkouts/SwiftyCrop/Sources/SwiftyCrop/SwiftyCrop.swift (in target 'SwiftyCrop' from project 'SwiftyCrop')
    cd /Users/harishvishwakarma/Handy/Archem/pepchat-ios/Revolt.xcodeproj
    

SwiftCompile normal arm64 Compiling\ CropView.swift /Users/harishvishwakarma/Library/Developer/Xcode/DerivedData/Revolt-dharrjsambcimaaziudpvzjdcigm/SourcePackages/checkouts/SwiftyCrop/Sources/SwiftyCrop/View/CropView.swift (in target 'SwiftyCrop' from project 'SwiftyCrop')
SwiftCompile normal arm64 /Users/harishvishwakarma/Library/Developer/Xcode/DerivedData/Revolt-dharrjsambcimaaziudpvzjdcigm/SourcePackages/checkouts/SwiftyCrop/Sources/SwiftyCrop/View/CropView.swift (in target 'SwiftyCrop' from project 'SwiftyCrop')
    cd /Users/harishvishwakarma/Handy/Archem/pepchat-ios/Revolt.xcodeproj
    

SwiftCompile normal arm64 Compiling\ TooltipModifier.swift /Users/harishvishwakarma/Library/Developer/Xcode/DerivedData/Revolt-dharrjsambcimaaziudpvzjdcigm/SourcePackages/checkouts/SwiftUI-Tooltip/Sources/SwiftUITooltip/TooltipModifier.swift (in target 'SwiftUITooltip' from project 'SwiftUITooltip')
SwiftCompile normal arm64 /Users/harishvishwakarma/Library/Developer/Xcode/DerivedData/Revolt-dharrjsambcimaaziudpvzjdcigm/SourcePackages/checkouts/SwiftUI-Tooltip/Sources/SwiftUITooltip/TooltipModifier.swift (in target 'SwiftUITooltip' from project 'SwiftUITooltip')
    cd /Users/harishvishwakarma/Handy/Archem/pepchat-ios/Revolt.xcodeproj
    

SwiftCompile normal arm64 Compiling\ ArrowShape.swift /Users/harishvishwakarma/Library/Developer/Xcode/DerivedData/Revolt-dharrjsambcimaaziudpvzjdcigm/SourcePackages/checkouts/SwiftUI-Tooltip/Sources/SwiftUITooltip/shapes/ArrowShape.swift (in target 'SwiftUITooltip' from project 'SwiftUITooltip')

SwiftCompile normal arm64 /Users/harishvishwakarma/Library/Developer/Xcode/DerivedData/Revolt-dharrjsambcimaaziudpvzjdcigm/SourcePackages/checkouts/SwiftUI-Tooltip/Sources/SwiftUITooltip/shapes/ArrowShape.swift (in target 'SwiftUITooltip' from project 'SwiftUITooltip')
    cd /Users/harishvishwakarma/Handy/Archem/pepchat-ios/Revolt.xcodeproj
    

SwiftCompile normal arm64 Compiling\ TooltipConfig.swift /Users/harishvishwakarma/Library/Developer/Xcode/DerivedData/Revolt-dharrjsambcimaaziudpvzjdcigm/SourcePackages/checkouts/SwiftUI-Tooltip/Sources/SwiftUITooltip/config/TooltipConfig.swift (in target 'SwiftUITooltip' from project 'SwiftUITooltip')

SwiftCompile normal arm64 /Users/harishvishwakarma/Library/Developer/Xcode/DerivedData/Revolt-dharrjsambcimaaziudpvzjdcigm/SourcePackages/checkouts/SwiftUI-Tooltip/Sources/SwiftUITooltip/config/TooltipConfig.swift (in target 'SwiftUITooltip' from project 'SwiftUITooltip')
    cd /Users/harishvishwakarma/Handy/Archem/pepchat-ios/Revolt.xcodeproj
    

Ld /Users/harishvishwakarma/Library/Developer/Xcode/DerivedData/Revolt-dharrjsambcimaaziudpvzjdcigm/Build/Products/Debug-iphoneos/libcmark.o normal (in target 'libcmark' from project 'Down')
    cd /Users/harishvishwakarma/Library/Developer/Xcode/DerivedData/Revolt-dharrjsambcimaaziudpvzjdcigm/SourcePackages/checkouts/Down
    /Applications/Xcode.app/Contents/Developer/Toolchains/XcodeDefault.xctoolchain/usr/bin/clang -Xlinker -reproducible -target arm64-apple-ios12.0 -r -isysroot /Applications/Xcode.app/Contents/Developer/Platforms/iPhoneOS.platform/Developer/SDKs/iPhoneOS18.5.sdk -O0 -w -L/Users/harishvishwakarma/Library/Developer/Xcode/DerivedData/Revolt-dharrjsambcimaaziudpvzjdcigm/Build/Intermediates.noindex/EagerLinkingTBDs/Debug-iphoneos -L/Users/harishvishwakarma/Library/Developer/Xcode/DerivedData/Revolt-dharrjsambcimaaziudpvzjdcigm/Build/Products/Debug-iphoneos -L/Applications/Xcode.app/Contents/Developer/Platforms/iPhoneOS.platform/Developer/usr/lib -F/Users/harishvishwakarma/Library/Developer/Xcode/DerivedData/Revolt-dharrjsambcimaaziudpvzjdcigm/Build/Intermediates.noindex/EagerLinkingTBDs/Debug-iphoneos -F/Users/harishvishwakarma/Library/Developer/Xcode/DerivedData/Revolt-dharrjsambcimaaziudpvzjdcigm/Build/Products/Debug-iphoneos -iframework /Applications/Xcode.app/Contents/Developer/Platforms/iPhoneOS.platform/Developer/Library/Frameworks -iframework /Applications/Xcode.app/Contents/Developer/Platforms/iPhoneOS.platform/Developer/SDKs/iPhoneOS18.5.sdk/Developer/Library/Frameworks -filelist /Users/harishvishwakarma/Library/Developer/Xcode/DerivedData/Revolt-dharrjsambcimaaziudpvzjdcigm/Build/Intermediates.noindex/Down.build/Debug-iphoneos/libcmark.build/Objects-normal/arm64/libcmark.LinkFileList -nostdlib -Xlinker -object_path_lto -Xlinker /Users/harishvishwakarma/Library/Developer/Xcode/DerivedData/Revolt-dharrjsambcimaaziudpvzjdcigm/Build/Intermediates.noindex/Down.build/Debug-iphoneos/libcmark.build/Objects-normal/arm64/libcmark_lto.o -rdynamic -Xlinker -no_deduplicate -Xlinker -dependency_info -Xlinker /Users/harishvishwakarma/Library/Developer/Xcode/DerivedData/Revolt-dharrjsambcimaaziudpvzjdcigm/Build/Intermediates.noindex/Down.build/Debug-iphoneos/libcmark.build/Objects-normal/arm64/libcmark_dependency_info.dat -o /Users/harishvishwakarma/Library/Developer/Xcode/DerivedData/Revolt-dharrjsambcimaaziudpvzjdcigm/Build/Products/Debug-iphoneos/libcmark.o

SwiftDriverJobDiscovery normal arm64 Compiling SwiftyCropConfiguration.swift (in target 'SwiftyCrop' from project 'SwiftyCrop')

SwiftCompile normal arm64 Compiling\ CurveInArrowShape.swift /Users/harishvishwakarma/Library/Developer/Xcode/DerivedData/Revolt-dharrjsambcimaaziudpvzjdcigm/SourcePackages/checkouts/SwiftUI-Tooltip/Sources/SwiftUITooltip/shapes/CurveInArrowShape.swift (in target 'SwiftUITooltip' from project 'SwiftUITooltip')

SwiftCompile normal arm64 /Users/harishvishwakarma/Library/Developer/Xcode/DerivedData/Revolt-dharrjsambcimaaziudpvzjdcigm/SourcePackages/checkouts/SwiftUI-Tooltip/Sources/SwiftUITooltip/shapes/CurveInArrowShape.swift (in target 'SwiftUITooltip' from project 'SwiftUITooltip')
    cd /Users/harishvishwakarma/Handy/Archem/pepchat-ios/Revolt.xcodeproj
    

SwiftDriverJobDiscovery normal arm64 Compiling MaskShape.swift (in target 'SwiftyCrop' from project 'SwiftyCrop')

SwiftCompile normal arm64 Compiling\ DefaultTooltipConfig.swift /Users/harishvishwakarma/Library/Developer/Xcode/DerivedData/Revolt-dharrjsambcimaaziudpvzjdcigm/SourcePackages/checkouts/SwiftUI-Tooltip/Sources/SwiftUITooltip/config/DefaultTooltipConfig.swift (in target 'SwiftUITooltip' from project 'SwiftUITooltip')

SwiftCompile normal arm64 /Users/harishvishwakarma/Library/Developer/Xcode/DerivedData/Revolt-dharrjsambcimaaziudpvzjdcigm/SourcePackages/checkouts/SwiftUI-Tooltip/Sources/SwiftUITooltip/config/DefaultTooltipConfig.swift (in target 'SwiftUITooltip' from project 'SwiftUITooltip')
    cd /Users/harishvishwakarma/Handy/Archem/pepchat-ios/Revolt.xcodeproj
    

SwiftCompile normal arm64 Compiling\ TooltipSide.swift /Users/harishvishwakarma/Library/Developer/Xcode/DerivedData/Revolt-dharrjsambcimaaziudpvzjdcigm/SourcePackages/checkouts/SwiftUI-Tooltip/Sources/SwiftUITooltip/lib/TooltipSide.swift (in target 'SwiftUITooltip' from project 'SwiftUITooltip')

SwiftCompile normal arm64 /Users/harishvishwakarma/Library/Developer/Xcode/DerivedData/Revolt-dharrjsambcimaaziudpvzjdcigm/SourcePackages/checkouts/SwiftUI-Tooltip/Sources/SwiftUITooltip/lib/TooltipSide.swift (in target 'SwiftUITooltip' from project 'SwiftUITooltip')
    cd /Users/harishvishwakarma/Handy/Archem/pepchat-ios/Revolt.xcodeproj
    

SwiftDriverJobDiscovery normal arm64 Compiling resource_bundle_accessor.swift (in target 'SwiftyCrop' from project 'SwiftyCrop')

SwiftCompile normal arm64 Compiling\ TooltipViewExtension.swift /Users/harishvishwakarma/Library/Developer/Xcode/DerivedData/Revolt-dharrjsambcimaaziudpvzjdcigm/SourcePackages/checkouts/SwiftUI-Tooltip/Sources/SwiftUITooltip/TooltipViewExtension.swift (in target 'SwiftUITooltip' from project 'SwiftUITooltip')

SwiftCompile normal arm64 /Users/harishvishwakarma/Library/Developer/Xcode/DerivedData/Revolt-dharrjsambcimaaziudpvzjdcigm/SourcePackages/checkouts/SwiftUI-Tooltip/Sources/SwiftUITooltip/TooltipViewExtension.swift (in target 'SwiftUITooltip' from project 'SwiftUITooltip')
    cd /Users/harishvishwakarma/Handy/Archem/pepchat-ios/Revolt.xcodeproj
    

SwiftDriverJobDiscovery normal arm64 Compiling Server.swift (in target 'Types' from project 'Revolt')

SwiftCompile normal arm64 Compiling\ ArrowOnlyTooltipConfig.swift /Users/harishvishwakarma/Library/Developer/Xcode/DerivedData/Revolt-dharrjsambcimaaziudpvzjdcigm/SourcePackages/checkouts/SwiftUI-Tooltip/Sources/SwiftUITooltip/config/ArrowOnlyTooltipConfig.swift (in target 'SwiftUITooltip' from project 'SwiftUITooltip')

SwiftCompile normal arm64 /Users/harishvishwakarma/Library/Developer/Xcode/DerivedData/Revolt-dharrjsambcimaaziudpvzjdcigm/SourcePackages/checkouts/SwiftUI-Tooltip/Sources/SwiftUITooltip/config/ArrowOnlyTooltipConfig.swift (in target 'SwiftUITooltip' from project 'SwiftUITooltip')
    cd /Users/harishvishwakarma/Handy/Archem/pepchat-ios/Revolt.xcodeproj
    

SwiftDriverJobDiscovery normal arm64 Compiling User.swift (in target 'Types' from project 'Revolt')

SwiftCompile normal arm64 Compiling\ Masonry.swift /Users/harishvishwakarma/Library/Developer/Xcode/DerivedData/Revolt-dharrjsambcimaaziudpvzjdcigm/SourcePackages/checkouts/SwiftUIMasonry/Sources/SwiftUIMasonry/API/Masonry.swift (in target 'SwiftUIMasonry' from project 'SwiftUIMasonry')
SwiftCompile normal arm64 /Users/harishvishwakarma/Library/Developer/Xcode/DerivedData/Revolt-dharrjsambcimaaziudpvzjdcigm/SourcePackages/checkouts/SwiftUIMasonry/Sources/SwiftUIMasonry/API/Masonry.swift (in target 'SwiftUIMasonry' from project 'SwiftUIMasonry')
    cd /Users/harishvishwakarma/Handy/Archem/pepchat-ios/Revolt.xcodeproj
    

SwiftDriverJobDiscovery normal arm64 Compiling Embed.swift, Member.swift (in target 'Types' from project 'Revolt')

SwiftVerifyEmittedModuleInterface normal arm64 Verifying\ emitted\ module\ interface\ Types.swiftinterface /Users/harishvishwakarma/Library/Developer/Xcode/DerivedData/Revolt-dharrjsambcimaaziudpvzjdcigm/Build/Intermediates.noindex/Revolt.build/Debug-iphoneos/Types.build/Objects-normal/arm64/Types.swiftinterface (in target 'Types' from project 'Revolt')

SwiftDriverJobDiscovery normal arm64 Compiling SwiftyCrop.swift (in target 'SwiftyCrop' from project 'SwiftyCrop')

SwiftVerifyEmittedModuleInterface normal arm64 Verifying\ emitted\ module\ interface\ Types.private.swiftinterface /Users/harishvishwakarma/Library/Developer/Xcode/DerivedData/Revolt-dharrjsambcimaaziudpvzjdcigm/Build/Intermediates.noindex/Revolt.build/Debug-iphoneos/Types.build/Objects-normal/arm64/Types.private.swiftinterface (in target 'Types' from project 'Revolt')

SwiftDriverJobDiscovery normal arm64 Compiling TooltipConfig.swift (in target 'SwiftUITooltip' from project 'SwiftUITooltip')

SwiftCompile normal arm64 Compiling\ MasonryPlacementMode.swift /Users/harishvishwakarma/Library/Developer/Xcode/DerivedData/Revolt-dharrjsambcimaaziudpvzjdcigm/SourcePackages/checkouts/SwiftUIMasonry/Sources/SwiftUIMasonry/API/MasonryPlacementMode.swift (in target 'SwiftUIMasonry' from project 'SwiftUIMasonry')

SwiftCompile normal arm64 /Users/harishvishwakarma/Library/Developer/Xcode/DerivedData/Revolt-dharrjsambcimaaziudpvzjdcigm/SourcePackages/checkouts/SwiftUIMasonry/Sources/SwiftUIMasonry/API/MasonryPlacementMode.swift (in target 'SwiftUIMasonry' from project 'SwiftUIMasonry')
    cd /Users/harishvishwakarma/Handy/Archem/pepchat-ios/Revolt.xcodeproj
    

SwiftDriverJobDiscovery normal arm64 Compiling ArrowShape.swift (in target 'SwiftUITooltip' from project 'SwiftUITooltip')

SwiftCompile normal arm64 Compiling\ MasonryDynamicViewBuilder.swift /Users/harishvishwakarma/Library/Developer/Xcode/DerivedData/Revolt-dharrjsambcimaaziudpvzjdcigm/SourcePackages/checkouts/SwiftUIMasonry/Sources/SwiftUIMasonry/Internal/MasonryDynamicViewBuilder.swift (in target 'SwiftUIMasonry' from project 'SwiftUIMasonry')
SwiftCompile normal arm64 /Users/harishvishwakarma/Library/Developer/Xcode/DerivedData/Revolt-dharrjsambcimaaziudpvzjdcigm/SourcePackages/checkouts/SwiftUIMasonry/Sources/SwiftUIMasonry/Internal/MasonryDynamicViewBuilder.swift (in target 'SwiftUIMasonry' from project 'SwiftUIMasonry')
    cd /Users/harishvishwakarma/Handy/Archem/pepchat-ios/Revolt.xcodeproj
    

SwiftDriverJobDiscovery normal arm64 Compiling CurveInArrowShape.swift (in target 'SwiftUITooltip' from project 'SwiftUITooltip')

SwiftCompile normal arm64 Compiling\ MasonryLines.swift /Users/harishvishwakarma/Library/Developer/Xcode/DerivedData/Revolt-dharrjsambcimaaziudpvzjdcigm/SourcePackages/checkouts/SwiftUIMasonry/Sources/SwiftUIMasonry/API/MasonryLines.swift (in target 'SwiftUIMasonry' from project 'SwiftUIMasonry')

SwiftCompile normal arm64 /Users/harishvishwakarma/Library/Developer/Xcode/DerivedData/Revolt-dharrjsambcimaaziudpvzjdcigm/SourcePackages/checkouts/SwiftUIMasonry/Sources/SwiftUIMasonry/API/MasonryLines.swift (in target 'SwiftUIMasonry' from project 'SwiftUIMasonry')
    cd /Users/harishvishwakarma/Handy/Archem/pepchat-ios/Revolt.xcodeproj
    

SwiftDriverJobDiscovery normal arm64 Compiling CropViewModel.swift (in target 'SwiftyCrop' from project 'SwiftyCrop')

SwiftCompile normal arm64 Compiling\ HMasonry.swift /Users/harishvishwakarma/Library/Developer/Xcode/DerivedData/Revolt-dharrjsambcimaaziudpvzjdcigm/SourcePackages/checkouts/SwiftUIMasonry/Sources/SwiftUIMasonry/API/HMasonry.swift (in target 'SwiftUIMasonry' from project 'SwiftUIMasonry')

SwiftCompile normal arm64 /Users/harishvishwakarma/Library/Developer/Xcode/DerivedData/Revolt-dharrjsambcimaaziudpvzjdcigm/SourcePackages/checkouts/SwiftUIMasonry/Sources/SwiftUIMasonry/API/HMasonry.swift (in target 'SwiftUIMasonry' from project 'SwiftUIMasonry')
    cd /Users/harishvishwakarma/Handy/Archem/pepchat-ios/Revolt.xcodeproj
    

SwiftDriverJobDiscovery normal arm64 Compiling CropView.swift (in target 'SwiftyCrop' from project 'SwiftyCrop')

SwiftCompile normal arm64 Compiling\ EnvironmentValues+.swift /Users/harishvishwakarma/Library/Developer/Xcode/DerivedData/Revolt-dharrjsambcimaaziudpvzjdcigm/SourcePackages/checkouts/SwiftUIMasonry/Sources/SwiftUIMasonry/Internal/EnvironmentValues+.swift (in target 'SwiftUIMasonry' from project 'SwiftUIMasonry')

SwiftCompile normal arm64 /Users/harishvishwakarma/Library/Developer/Xcode/DerivedData/Revolt-dharrjsambcimaaziudpvzjdcigm/SourcePackages/checkouts/SwiftUIMasonry/Sources/SwiftUIMasonry/Internal/EnvironmentValues+.swift (in target 'SwiftUIMasonry' from project 'SwiftUIMasonry')
    cd /Users/harishvishwakarma/Handy/Archem/pepchat-ios/Revolt.xcodeproj
    

SwiftDriverJobDiscovery normal arm64 Compiling DefaultTooltipConfig.swift (in target 'SwiftUITooltip' from project 'SwiftUITooltip')

SwiftDriver\ Compilation SwiftyCrop normal arm64 com.apple.xcode.tools.swift.compiler (in target 'SwiftyCrop' from project 'SwiftyCrop')
    cd /Users/harishvishwakarma/Handy/Archem/pepchat-ios/Revolt.xcodeproj
    builtin-Swift-Compilation -- /Applications/Xcode.app/Contents/Developer/Toolchains/XcodeDefault.xctoolchain/usr/bin/swiftc -module-name SwiftyCrop -Onone -enforce-exclusivity\=checked @/Users/harishvishwakarma/Library/Developer/Xcode/DerivedData/Revolt-dharrjsambcimaaziudpvzjdcigm/Build/Intermediates.noindex/SwiftyCrop.build/Debug-iphoneos/SwiftyCrop.build/Objects-normal/arm64/SwiftyCrop.SwiftFileList -DSWIFT_PACKAGE -DDEBUG -DXcode -plugin-path /Applications/Xcode.app/Contents/Developer/Toolchains/XcodeDefault.xctoolchain/usr/lib/swift/host/plugins/testing -enable-experimental-feature DebugDescriptionMacro -sdk /Applications/Xcode.app/Contents/Developer/Platforms/iPhoneOS.platform/Developer/SDKs/iPhoneOS18.5.sdk -target arm64-apple-ios16.0 -g -module-cache-path /Users/harishvishwakarma/Library/Developer/Xcode/DerivedData/ModuleCache.noindex -Xfrontend -serialize-debugging-options -enable-testing -suppress-warnings -index-store-path /Users/harishvishwakarma/Library/Developer/Xcode/DerivedData/Revolt-dharrjsambcimaaziudpvzjdcigm/Index.noindex/DataStore -swift-version 5 -I /Users/harishvishwakarma/Library/Developer/Xcode/DerivedData/Revolt-dharrjsambcimaaziudpvzjdcigm/Build/Products/Debug-iphoneos -I /Applications/Xcode.app/Contents/Developer/Platforms/iPhoneOS.platform/Developer/usr/lib -F /Users/harishvishwakarma/Library/Developer/Xcode/DerivedData/Revolt-dharrjsambcimaaziudpvzjdcigm/Build/Products/Debug-iphoneos -F /Applications/Xcode.app/Contents/Developer/Platforms/iPhoneOS.platform/Developer/Library/Frameworks -F /Applications/Xcode.app/Contents/Developer/Platforms/iPhoneOS.platform/Developer/SDKs/iPhoneOS18.5.sdk/Developer/Library/Frameworks -emit-localized-strings -emit-localized-strings-path /Users/harishvishwakarma/Library/Developer/Xcode/DerivedData/Revolt-dharrjsambcimaaziudpvzjdcigm/Build/Intermediates.noindex/SwiftyCrop.build/Debug-iphoneos/SwiftyCrop.build/Objects-normal/arm64 -c -j12 -enable-batch-mode -incremental -Xcc -ivfsstatcache -Xcc /Users/harishvishwakarma/Library/Developer/Xcode/DerivedData/SDKStatCaches.noindex/iphoneos18.5-22F76-7fa4eea80a99bbfdc046826b63ec4baf.sdkstatcache -output-file-map /Users/harishvishwakarma/Library/Developer/Xcode/DerivedData/Revolt-dharrjsambcimaaziudpvzjdcigm/Build/Intermediates.noindex/SwiftyCrop.build/Debug-iphoneos/SwiftyCrop.build/Objects-normal/arm64/SwiftyCrop-OutputFileMap.json -use-frontend-parseable-output -save-temps -no-color-diagnostics -serialize-diagnostics -emit-dependencies -emit-module -emit-module-path /Users/harishvishwakarma/Library/Developer/Xcode/DerivedData/Revolt-dharrjsambcimaaziudpvzjdcigm/Build/Intermediates.noindex/SwiftyCrop.build/Debug-iphoneos/SwiftyCrop.build/Objects-normal/arm64/SwiftyCrop.swiftmodule -validate-clang-modules-once -clang-build-session-file /Users/harishvishwakarma/Library/Developer/Xcode/DerivedData/ModuleCache.noindex/Session.modulevalidation -package-name swiftycrop -Xcc -I/Users/harishvishwakarma/Library/Developer/Xcode/DerivedData/Revolt-dharrjsambcimaaziudpvzjdcigm/Build/Intermediates.noindex/SwiftyCrop.build/Debug-iphoneos/SwiftyCrop.build/swift-overrides.hmap -emit-const-values -Xfrontend -const-gather-protocols-file -Xfrontend /Users/harishvishwakarma/Library/Developer/Xcode/DerivedData/Revolt-dharrjsambcimaaziudpvzjdcigm/Build/Intermediates.noindex/SwiftyCrop.build/Debug-iphoneos/SwiftyCrop.build/Objects-normal/arm64/SwiftyCrop_const_extract_protocols.json -Xcc -I/Users/harishvishwakarma/Library/Developer/Xcode/DerivedData/Revolt-dharrjsambcimaaziudpvzjdcigm/Build/Products/Debug-iphoneos/include -Xcc -I/Users/harishvishwakarma/Library/Developer/Xcode/DerivedData/Revolt-dharrjsambcimaaziudpvzjdcigm/Build/Intermediates.noindex/SwiftyCrop.build/Debug-iphoneos/SwiftyCrop.build/DerivedSources-normal/arm64 -Xcc -I/Users/harishvishwakarma/Library/Developer/Xcode/DerivedData/Revolt-dharrjsambcimaaziudpvzjdcigm/Build/Intermediates.noindex/SwiftyCrop.build/Debug-iphoneos/SwiftyCrop.build/DerivedSources/arm64 -Xcc -I/Users/harishvishwakarma/Library/Developer/Xcode/DerivedData/Revolt-dharrjsambcimaaziudpvzjdcigm/Build/Intermediates.noindex/SwiftyCrop.build/Debug-iphoneos/SwiftyCrop.build/DerivedSources -Xcc -DSWIFT_PACKAGE -Xcc -DDEBUG\=1 -emit-objc-header -emit-objc-header-path /Users/harishvishwakarma/Library/Developer/Xcode/DerivedData/Revolt-dharrjsambcimaaziudpvzjdcigm/Build/Intermediates.noindex/SwiftyCrop.build/Debug-iphoneos/SwiftyCrop.build/Objects-normal/arm64/SwiftyCrop-Swift.h -working-directory /Users/harishvishwakarma/Handy/Archem/pepchat-ios/Revolt.xcodeproj -experimental-emit-module-separately -disable-cmo

SwiftDriverJobDiscovery normal arm64 Compiling TooltipSide.swift (in target 'SwiftUITooltip' from project 'SwiftUITooltip')

SwiftCompile normal arm64 Compiling\ VMasonry.swift /Users/harishvishwakarma/Library/Developer/Xcode/DerivedData/Revolt-dharrjsambcimaaziudpvzjdcigm/SourcePackages/checkouts/SwiftUIMasonry/Sources/SwiftUIMasonry/API/VMasonry.swift (in target 'SwiftUIMasonry' from project 'SwiftUIMasonry')

SwiftCompile normal arm64 /Users/harishvishwakarma/Library/Developer/Xcode/DerivedData/Revolt-dharrjsambcimaaziudpvzjdcigm/SourcePackages/checkouts/SwiftUIMasonry/Sources/SwiftUIMasonry/API/VMasonry.swift (in target 'SwiftUIMasonry' from project 'SwiftUIMasonry')
    cd /Users/harishvishwakarma/Handy/Archem/pepchat-ios/Revolt.xcodeproj
    

SwiftCompile normal arm64 Compiling\ MasonryLayout.swift /Users/harishvishwakarma/Library/Developer/Xcode/DerivedData/Revolt-dharrjsambcimaaziudpvzjdcigm/SourcePackages/checkouts/SwiftUIMasonry/Sources/SwiftUIMasonry/Internal/MasonryLayout.swift (in target 'SwiftUIMasonry' from project 'SwiftUIMasonry')
SwiftCompile normal arm64 /Users/harishvishwakarma/Library/Developer/Xcode/DerivedData/Revolt-dharrjsambcimaaziudpvzjdcigm/SourcePackages/checkouts/SwiftUIMasonry/Sources/SwiftUIMasonry/Internal/MasonryLayout.swift (in target 'SwiftUIMasonry' from project 'SwiftUIMasonry')
    cd /Users/harishvishwakarma/Handy/Archem/pepchat-ios/Revolt.xcodeproj
    

SwiftDriverJobDiscovery normal arm64 Compiling TooltipViewExtension.swift (in target 'SwiftUITooltip' from project 'SwiftUITooltip')

SwiftCompile normal arm64 Compiling\ TabView.swift,\ TabViewWithPageStyle.swift,\ Table.swift,\ TextEditor.swift,\ TextField.swift /Users/harishvishwakarma/Library/Developer/Xcode/DerivedData/Revolt-dharrjsambcimaaziudpvzjdcigm/SourcePackages/checkouts/swiftui-introspect/Sources/ViewTypes/TabView.swift /Users/harishvishwakarma/Library/Developer/Xcode/DerivedData/Revolt-dharrjsambcimaaziudpvzjdcigm/SourcePackages/checkouts/swiftui-introspect/Sources/ViewTypes/TabViewWithPageStyle.swift /Users/harishvishwakarma/Library/Developer/Xcode/DerivedData/Revolt-dharrjsambcimaaziudpvzjdcigm/SourcePackages/checkouts/swiftui-introspect/Sources/ViewTypes/Table.swift /Users/harishvishwakarma/Library/Developer/Xcode/DerivedData/Revolt-dharrjsambcimaaziudpvzjdcigm/SourcePackages/checkouts/swiftui-introspect/Sources/ViewTypes/TextEditor.swift /Users/harishvishwakarma/Library/Developer/Xcode/DerivedData/Revolt-dharrjsambcimaaziudpvzjdcigm/SourcePackages/checkouts/swiftui-introspect/Sources/ViewTypes/TextField.swift (in target 'SwiftUIIntrospect' from project 'swiftui-introspect')
SwiftCompile normal arm64 /Users/harishvishwakarma/Library/Developer/Xcode/DerivedData/Revolt-dharrjsambcimaaziudpvzjdcigm/SourcePackages/checkouts/swiftui-introspect/Sources/ViewTypes/TabView.swift (in target 'SwiftUIIntrospect' from project 'swiftui-introspect')
    cd /Users/harishvishwakarma/Handy/Archem/pepchat-ios/Revolt.xcodeproj
    

SwiftCompile normal arm64 /Users/harishvishwakarma/Library/Developer/Xcode/DerivedData/Revolt-dharrjsambcimaaziudpvzjdcigm/SourcePackages/checkouts/swiftui-introspect/Sources/ViewTypes/TabViewWithPageStyle.swift (in target 'SwiftUIIntrospect' from project 'swiftui-introspect')
    cd /Users/harishvishwakarma/Handy/Archem/pepchat-ios/Revolt.xcodeproj
    

SwiftCompile normal arm64 /Users/harishvishwakarma/Library/Developer/Xcode/DerivedData/Revolt-dharrjsambcimaaziudpvzjdcigm/SourcePackages/checkouts/swiftui-introspect/Sources/ViewTypes/Table.swift (in target 'SwiftUIIntrospect' from project 'swiftui-introspect')
    cd /Users/harishvishwakarma/Handy/Archem/pepchat-ios/Revolt.xcodeproj
    

SwiftCompile normal arm64 /Users/harishvishwakarma/Library/Developer/Xcode/DerivedData/Revolt-dharrjsambcimaaziudpvzjdcigm/SourcePackages/checkouts/swiftui-introspect/Sources/ViewTypes/TextEditor.swift (in target 'SwiftUIIntrospect' from project 'swiftui-introspect')
    cd /Users/harishvishwakarma/Handy/Archem/pepchat-ios/Revolt.xcodeproj
    

SwiftCompile normal arm64 /Users/harishvishwakarma/Library/Developer/Xcode/DerivedData/Revolt-dharrjsambcimaaziudpvzjdcigm/SourcePackages/checkouts/swiftui-introspect/Sources/ViewTypes/TextField.swift (in target 'SwiftUIIntrospect' from project 'swiftui-introspect')
    cd /Users/harishvishwakarma/Handy/Archem/pepchat-ios/Revolt.xcodeproj
    

SwiftDriverJobDiscovery normal arm64 Verifying emitted module interface Types.swiftinterface (in target 'Types' from project 'Revolt')

SwiftCompile normal arm64 Compiling\ DatePicker.swift,\ DatePickerWithCompactStyle.swift,\ DatePickerWithFieldStyle.swift,\ DatePickerWithGraphicalStyle.swift,\ DatePickerWithStepperFieldStyle.swift /Users/harishvishwakarma/Library/Developer/Xcode/DerivedData/Revolt-dharrjsambcimaaziudpvzjdcigm/SourcePackages/checkouts/swiftui-introspect/Sources/ViewTypes/DatePicker.swift /Users/harishvishwakarma/Library/Developer/Xcode/DerivedData/Revolt-dharrjsambcimaaziudpvzjdcigm/SourcePackages/checkouts/swiftui-introspect/Sources/ViewTypes/DatePickerWithCompactStyle.swift /Users/harishvishwakarma/Library/Developer/Xcode/DerivedData/Revolt-dharrjsambcimaaziudpvzjdcigm/SourcePackages/checkouts/swiftui-introspect/Sources/ViewTypes/DatePickerWithFieldStyle.swift /Users/harishvishwakarma/Library/Developer/Xcode/DerivedData/Revolt-dharrjsambcimaaziudpvzjdcigm/SourcePackages/checkouts/swiftui-introspect/Sources/ViewTypes/DatePickerWithGraphicalStyle.swift /Users/harishvishwakarma/Library/Developer/Xcode/DerivedData/Revolt-dharrjsambcimaaziudpvzjdcigm/SourcePackages/checkouts/swiftui-introspect/Sources/ViewTypes/DatePickerWithStepperFieldStyle.swift (in target 'SwiftUIIntrospect' from project 'swiftui-introspect')

SwiftCompile normal arm64 /Users/harishvishwakarma/Library/Developer/Xcode/DerivedData/Revolt-dharrjsambcimaaziudpvzjdcigm/SourcePackages/checkouts/swiftui-introspect/Sources/ViewTypes/DatePicker.swift (in target 'SwiftUIIntrospect' from project 'swiftui-introspect')
    cd /Users/harishvishwakarma/Handy/Archem/pepchat-ios/Revolt.xcodeproj
    

SwiftCompile normal arm64 /Users/harishvishwakarma/Library/Developer/Xcode/DerivedData/Revolt-dharrjsambcimaaziudpvzjdcigm/SourcePackages/checkouts/swiftui-introspect/Sources/ViewTypes/DatePickerWithCompactStyle.swift (in target 'SwiftUIIntrospect' from project 'swiftui-introspect')
    cd /Users/harishvishwakarma/Handy/Archem/pepchat-ios/Revolt.xcodeproj
    

SwiftCompile normal arm64 /Users/harishvishwakarma/Library/Developer/Xcode/DerivedData/Revolt-dharrjsambcimaaziudpvzjdcigm/SourcePackages/checkouts/swiftui-introspect/Sources/ViewTypes/DatePickerWithFieldStyle.swift (in target 'SwiftUIIntrospect' from project 'swiftui-introspect')
    cd /Users/harishvishwakarma/Handy/Archem/pepchat-ios/Revolt.xcodeproj
    

SwiftCompile normal arm64 /Users/harishvishwakarma/Library/Developer/Xcode/DerivedData/Revolt-dharrjsambcimaaziudpvzjdcigm/SourcePackages/checkouts/swiftui-introspect/Sources/ViewTypes/DatePickerWithGraphicalStyle.swift (in target 'SwiftUIIntrospect' from project 'swiftui-introspect')
    cd /Users/harishvishwakarma/Handy/Archem/pepchat-ios/Revolt.xcodeproj
    

SwiftCompile normal arm64 /Users/harishvishwakarma/Library/Developer/Xcode/DerivedData/Revolt-dharrjsambcimaaziudpvzjdcigm/SourcePackages/checkouts/swiftui-introspect/Sources/ViewTypes/DatePickerWithStepperFieldStyle.swift (in target 'SwiftUIIntrospect' from project 'swiftui-introspect')
    cd /Users/harishvishwakarma/Handy/Archem/pepchat-ios/Revolt.xcodeproj
    

SwiftDriverJobDiscovery normal arm64 Verifying emitted module interface Types.private.swiftinterface (in target 'Types' from project 'Revolt')

SwiftDriver\ Compilation Types normal arm64 com.apple.xcode.tools.swift.compiler (in target 'Types' from project 'Revolt')
    cd /Users/harishvishwakarma/Handy/Archem/pepchat-ios
    builtin-Swift-Compilation -- /Applications/Xcode.app/Contents/Developer/Toolchains/XcodeDefault.xctoolchain/usr/bin/swiftc -module-name Types -Onone -enforce-exclusivity\=checked @/Users/harishvishwakarma/Library/Developer/Xcode/DerivedData/Revolt-dharrjsambcimaaziudpvzjdcigm/Build/Intermediates.noindex/Revolt.build/Debug-iphoneos/Types.build/Objects-normal/arm64/Types.SwiftFileList -DDEBUG -DDEBUG -enable-bare-slash-regex -enable-experimental-feature DebugDescriptionMacro -sdk /Applications/Xcode.app/Contents/Developer/Platforms/iPhoneOS.platform/Developer/SDKs/iPhoneOS18.5.sdk -target arm64-apple-ios18.0 -g -module-cache-path /Users/harishvishwakarma/Library/Developer/Xcode/DerivedData/ModuleCache.noindex -Xfrontend -serialize-debugging-options -enable-testing -index-store-path /Users/harishvishwakarma/Library/Developer/Xcode/DerivedData/Revolt-dharrjsambcimaaziudpvzjdcigm/Index.noindex/DataStore -enable-library-evolution -swift-version 5 -I /Users/harishvishwakarma/Library/Developer/Xcode/DerivedData/Revolt-dharrjsambcimaaziudpvzjdcigm/Build/Products/Debug-iphoneos -F /Users/harishvishwakarma/Library/Developer/Xcode/DerivedData/Revolt-dharrjsambcimaaziudpvzjdcigm/Build/Products/Debug-iphoneos -emit-localized-strings -emit-localized-strings-path /Users/harishvishwakarma/Library/Developer/Xcode/DerivedData/Revolt-dharrjsambcimaaziudpvzjdcigm/Build/Intermediates.noindex/Revolt.build/Debug-iphoneos/Types.build/Objects-normal/arm64 -c -j12 -enable-batch-mode -incremental -Xcc -ivfsstatcache -Xcc /Users/harishvishwakarma/Library/Developer/Xcode/DerivedData/SDKStatCaches.noindex/iphoneos18.5-22F76-7fa4eea80a99bbfdc046826b63ec4baf.sdkstatcache -output-file-map /Users/harishvishwakarma/Library/Developer/Xcode/DerivedData/Revolt-dharrjsambcimaaziudpvzjdcigm/Build/Intermediates.noindex/Revolt.build/Debug-iphoneos/Types.build/Objects-normal/arm64/Types-OutputFileMap.json -use-frontend-parseable-output -save-temps -no-color-diagnostics -serialize-diagnostics -emit-dependencies -emit-module -emit-module-path /Users/harishvishwakarma/Library/Developer/Xcode/DerivedData/Revolt-dharrjsambcimaaziudpvzjdcigm/Build/Intermediates.noindex/Revolt.build/Debug-iphoneos/Types.build/Objects-normal/arm64/Types.swiftmodule -emit-module-interface-path /Users/harishvishwakarma/Library/Developer/Xcode/DerivedData/Revolt-dharrjsambcimaaziudpvzjdcigm/Build/Intermediates.noindex/Revolt.build/Debug-iphoneos/Types.build/Objects-normal/arm64/Types.swiftinterface -emit-private-module-interface-path /Users/harishvishwakarma/Library/Developer/Xcode/DerivedData/Revolt-dharrjsambcimaaziudpvzjdcigm/Build/Intermediates.noindex/Revolt.build/Debug-iphoneos/Types.build/Objects-normal/arm64/Types.private.swiftinterface -validate-clang-modules-once -clang-build-session-file /Users/harishvishwakarma/Library/Developer/Xcode/DerivedData/ModuleCache.noindex/Session.modulevalidation -Xcc -I/Users/harishvishwakarma/Library/Developer/Xcode/DerivedData/Revolt-dharrjsambcimaaziudpvzjdcigm/Build/Intermediates.noindex/Revolt.build/Debug-iphoneos/Types.build/swift-overrides.hmap -emit-const-values -Xfrontend -const-gather-protocols-file -Xfrontend /Users/harishvishwakarma/Library/Developer/Xcode/DerivedData/Revolt-dharrjsambcimaaziudpvzjdcigm/Build/Intermediates.noindex/Revolt.build/Debug-iphoneos/Types.build/Objects-normal/arm64/Types_const_extract_protocols.json -Xcc -iquote -Xcc /Users/harishvishwakarma/Library/Developer/Xcode/DerivedData/Revolt-dharrjsambcimaaziudpvzjdcigm/Build/Intermediates.noindex/Revolt.build/Debug-iphoneos/Types.build/Types-generated-files.hmap -Xcc -I/Users/harishvishwakarma/Library/Developer/Xcode/DerivedData/Revolt-dharrjsambcimaaziudpvzjdcigm/Build/Intermediates.noindex/Revolt.build/Debug-iphoneos/Types.build/Types-own-target-headers.hmap -Xcc -I/Users/harishvishwakarma/Library/Developer/Xcode/DerivedData/Revolt-dharrjsambcimaaziudpvzjdcigm/Build/Intermediates.noindex/Revolt.build/Debug-iphoneos/Types.build/Types-all-non-framework-target-headers.hmap -Xcc -ivfsoverlay -Xcc /Users/harishvishwakarma/Library/Developer/Xcode/DerivedData/Revolt-dharrjsambcimaaziudpvzjdcigm/Build/Intermediates.noindex/Revolt.build/Debug-iphoneos/Revolt-964562c4cdd9c16033e74e924d17ebc5-VFS-iphoneos/all-product-headers.yaml -Xcc -iquote -Xcc /Users/harishvishwakarma/Library/Developer/Xcode/DerivedData/Revolt-dharrjsambcimaaziudpvzjdcigm/Build/Intermediates.noindex/Revolt.build/Debug-iphoneos/Types.build/Types-project-headers.hmap -Xcc -I/Users/harishvishwakarma/Library/Developer/Xcode/DerivedData/Revolt-dharrjsambcimaaziudpvzjdcigm/Build/Products/Debug-iphoneos/include -Xcc -I/Users/harishvishwakarma/Library/Developer/Xcode/DerivedData/Revolt-dharrjsambcimaaziudpvzjdcigm/Build/Intermediates.noindex/Revolt.build/Debug-iphoneos/Types.build/DerivedSources-normal/arm64 -Xcc -I/Users/harishvishwakarma/Library/Developer/Xcode/DerivedData/Revolt-dharrjsambcimaaziudpvzjdcigm/Build/Intermediates.noindex/Revolt.build/Debug-iphoneos/Types.build/DerivedSources/arm64 -Xcc -I/Users/harishvishwakarma/Library/Developer/Xcode/DerivedData/Revolt-dharrjsambcimaaziudpvzjdcigm/Build/Intermediates.noindex/Revolt.build/Debug-iphoneos/Types.build/DerivedSources -Xcc -DDEBUG\=1 -emit-objc-header -emit-objc-header-path /Users/harishvishwakarma/Library/Developer/Xcode/DerivedData/Revolt-dharrjsambcimaaziudpvzjdcigm/Build/Intermediates.noindex/Revolt.build/Debug-iphoneos/Types.build/Objects-normal/arm64/Types-Swift.h -working-directory /Users/harishvishwakarma/Handy/Archem/pepchat-ios -experimental-emit-module-separately -disable-cmo

SwiftDriverJobDiscovery normal arm64 Compiling ArrowOnlyTooltipConfig.swift (in target 'SwiftUITooltip' from project 'SwiftUITooltip')

SwiftCompile normal arm64 Compiling\ DatePickerWithWheelStyle.swift,\ Form.swift,\ FormWithGroupedStyle.swift,\ FullScreenCover.swift,\ List.swift /Users/harishvishwakarma/Library/Developer/Xcode/DerivedData/Revolt-dharrjsambcimaaziudpvzjdcigm/SourcePackages/checkouts/swiftui-introspect/Sources/ViewTypes/DatePickerWithWheelStyle.swift /Users/harishvishwakarma/Library/Developer/Xcode/DerivedData/Revolt-dharrjsambcimaaziudpvzjdcigm/SourcePackages/checkouts/swiftui-introspect/Sources/ViewTypes/Form.swift /Users/harishvishwakarma/Library/Developer/Xcode/DerivedData/Revolt-dharrjsambcimaaziudpvzjdcigm/SourcePackages/checkouts/swiftui-introspect/Sources/ViewTypes/FormWithGroupedStyle.swift /Users/harishvishwakarma/Library/Developer/Xcode/DerivedData/Revolt-dharrjsambcimaaziudpvzjdcigm/SourcePackages/checkouts/swiftui-introspect/Sources/ViewTypes/FullScreenCover.swift /Users/harishvishwakarma/Library/Developer/Xcode/DerivedData/Revolt-dharrjsambcimaaziudpvzjdcigm/SourcePackages/checkouts/swiftui-introspect/Sources/ViewTypes/List.swift (in target 'SwiftUIIntrospect' from project 'swiftui-introspect')
SwiftCompile normal arm64 /Users/harishvishwakarma/Library/Developer/Xcode/DerivedData/Revolt-dharrjsambcimaaziudpvzjdcigm/SourcePackages/checkouts/swiftui-introspect/Sources/ViewTypes/DatePickerWithWheelStyle.swift (in target 'SwiftUIIntrospect' from project 'swiftui-introspect')
    cd /Users/harishvishwakarma/Handy/Archem/pepchat-ios/Revolt.xcodeproj
    

SwiftCompile normal arm64 /Users/harishvishwakarma/Library/Developer/Xcode/DerivedData/Revolt-dharrjsambcimaaziudpvzjdcigm/SourcePackages/checkouts/swiftui-introspect/Sources/ViewTypes/Form.swift (in target 'SwiftUIIntrospect' from project 'swiftui-introspect')
    cd /Users/harishvishwakarma/Handy/Archem/pepchat-ios/Revolt.xcodeproj
    

SwiftCompile normal arm64 /Users/harishvishwakarma/Library/Developer/Xcode/DerivedData/Revolt-dharrjsambcimaaziudpvzjdcigm/SourcePackages/checkouts/swiftui-introspect/Sources/ViewTypes/FormWithGroupedStyle.swift (in target 'SwiftUIIntrospect' from project 'swiftui-introspect')
    cd /Users/harishvishwakarma/Handy/Archem/pepchat-ios/Revolt.xcodeproj
    

SwiftCompile normal arm64 /Users/harishvishwakarma/Library/Developer/Xcode/DerivedData/Revolt-dharrjsambcimaaziudpvzjdcigm/SourcePackages/checkouts/swiftui-introspect/Sources/ViewTypes/FullScreenCover.swift (in target 'SwiftUIIntrospect' from project 'swiftui-introspect')
    cd /Users/harishvishwakarma/Handy/Archem/pepchat-ios/Revolt.xcodeproj
    

SwiftCompile normal arm64 /Users/harishvishwakarma/Library/Developer/Xcode/DerivedData/Revolt-dharrjsambcimaaziudpvzjdcigm/SourcePackages/checkouts/swiftui-introspect/Sources/ViewTypes/List.swift (in target 'SwiftUIIntrospect' from project 'swiftui-introspect')
    cd /Users/harishvishwakarma/Handy/Archem/pepchat-ios/Revolt.xcodeproj
    

SwiftCompile normal arm64 Compiling\ SecureField.swift,\ Sheet.swift,\ SignInWithAppleButton.swift,\ Slider.swift,\ Stepper.swift /Users/harishvishwakarma/Library/Developer/Xcode/DerivedData/Revolt-dharrjsambcimaaziudpvzjdcigm/SourcePackages/checkouts/swiftui-introspect/Sources/ViewTypes/SecureField.swift /Users/harishvishwakarma/Library/Developer/Xcode/DerivedData/Revolt-dharrjsambcimaaziudpvzjdcigm/SourcePackages/checkouts/swiftui-introspect/Sources/ViewTypes/Sheet.swift /Users/harishvishwakarma/Library/Developer/Xcode/DerivedData/Revolt-dharrjsambcimaaziudpvzjdcigm/SourcePackages/checkouts/swiftui-introspect/Sources/ViewTypes/SignInWithAppleButton.swift /Users/harishvishwakarma/Library/Developer/Xcode/DerivedData/Revolt-dharrjsambcimaaziudpvzjdcigm/SourcePackages/checkouts/swiftui-introspect/Sources/ViewTypes/Slider.swift /Users/harishvishwakarma/Library/Developer/Xcode/DerivedData/Revolt-dharrjsambcimaaziudpvzjdcigm/SourcePackages/checkouts/swiftui-introspect/Sources/ViewTypes/Stepper.swift (in target 'SwiftUIIntrospect' from project 'swiftui-introspect')

SwiftCompile normal arm64 /Users/harishvishwakarma/Library/Developer/Xcode/DerivedData/Revolt-dharrjsambcimaaziudpvzjdcigm/SourcePackages/checkouts/swiftui-introspect/Sources/ViewTypes/SecureField.swift (in target 'SwiftUIIntrospect' from project 'swiftui-introspect')
    cd /Users/harishvishwakarma/Handy/Archem/pepchat-ios/Revolt.xcodeproj
    

SwiftCompile normal arm64 /Users/harishvishwakarma/Library/Developer/Xcode/DerivedData/Revolt-dharrjsambcimaaziudpvzjdcigm/SourcePackages/checkouts/swiftui-introspect/Sources/ViewTypes/Sheet.swift (in target 'SwiftUIIntrospect' from project 'swiftui-introspect')
    cd /Users/harishvishwakarma/Handy/Archem/pepchat-ios/Revolt.xcodeproj
    

SwiftCompile normal arm64 /Users/harishvishwakarma/Library/Developer/Xcode/DerivedData/Revolt-dharrjsambcimaaziudpvzjdcigm/SourcePackages/checkouts/swiftui-introspect/Sources/ViewTypes/SignInWithAppleButton.swift (in target 'SwiftUIIntrospect' from project 'swiftui-introspect')
    cd /Users/harishvishwakarma/Handy/Archem/pepchat-ios/Revolt.xcodeproj
    

SwiftCompile normal arm64 /Users/harishvishwakarma/Library/Developer/Xcode/DerivedData/Revolt-dharrjsambcimaaziudpvzjdcigm/SourcePackages/checkouts/swiftui-introspect/Sources/ViewTypes/Slider.swift (in target 'SwiftUIIntrospect' from project 'swiftui-introspect')
    cd /Users/harishvishwakarma/Handy/Archem/pepchat-ios/Revolt.xcodeproj
    

SwiftCompile normal arm64 /Users/harishvishwakarma/Library/Developer/Xcode/DerivedData/Revolt-dharrjsambcimaaziudpvzjdcigm/SourcePackages/checkouts/swiftui-introspect/Sources/ViewTypes/Stepper.swift (in target 'SwiftUIIntrospect' from project 'swiftui-introspect')
    cd /Users/harishvishwakarma/Handy/Archem/pepchat-ios/Revolt.xcodeproj
    

SwiftDriverJobDiscovery normal arm64 Compiling TooltipModifier.swift (in target 'SwiftUITooltip' from project 'SwiftUITooltip')

SwiftDriver\ Compilation SwiftUITooltip normal arm64 com.apple.xcode.tools.swift.compiler (in target 'SwiftUITooltip' from project 'SwiftUITooltip')
    cd /Users/harishvishwakarma/Handy/Archem/pepchat-ios/Revolt.xcodeproj
    builtin-Swift-Compilation -- /Applications/Xcode.app/Contents/Developer/Toolchains/XcodeDefault.xctoolchain/usr/bin/swiftc -module-name SwiftUITooltip -Onone -enforce-exclusivity\=checked @/Users/harishvishwakarma/Library/Developer/Xcode/DerivedData/Revolt-dharrjsambcimaaziudpvzjdcigm/Build/Intermediates.noindex/SwiftUITooltip.build/Debug-iphoneos/SwiftUITooltip.build/Objects-normal/arm64/SwiftUITooltip.SwiftFileList -DSWIFT_PACKAGE -DDEBUG -DXcode -plugin-path /Applications/Xcode.app/Contents/Developer/Toolchains/XcodeDefault.xctoolchain/usr/lib/swift/host/plugins/testing -enable-experimental-feature DebugDescriptionMacro -sdk /Applications/Xcode.app/Contents/Developer/Platforms/iPhoneOS.platform/Developer/SDKs/iPhoneOS18.5.sdk -target arm64-apple-ios13.0 -g -module-cache-path /Users/harishvishwakarma/Library/Developer/Xcode/DerivedData/ModuleCache.noindex -Xfrontend -serialize-debugging-options -enable-testing -suppress-warnings -index-store-path /Users/harishvishwakarma/Library/Developer/Xcode/DerivedData/Revolt-dharrjsambcimaaziudpvzjdcigm/Index.noindex/DataStore -swift-version 5 -I /Users/harishvishwakarma/Library/Developer/Xcode/DerivedData/Revolt-dharrjsambcimaaziudpvzjdcigm/Build/Products/Debug-iphoneos -I /Applications/Xcode.app/Contents/Developer/Platforms/iPhoneOS.platform/Developer/usr/lib -F /Users/harishvishwakarma/Library/Developer/Xcode/DerivedData/Revolt-dharrjsambcimaaziudpvzjdcigm/Build/Products/Debug-iphoneos -F /Applications/Xcode.app/Contents/Developer/Platforms/iPhoneOS.platform/Developer/Library/Frameworks -F /Applications/Xcode.app/Contents/Developer/Platforms/iPhoneOS.platform/Developer/SDKs/iPhoneOS18.5.sdk/Developer/Library/Frameworks -c -j12 -enable-batch-mode -incremental -Xcc -ivfsstatcache -Xcc /Users/harishvishwakarma/Library/Developer/Xcode/DerivedData/SDKStatCaches.noindex/iphoneos18.5-22F76-7fa4eea80a99bbfdc046826b63ec4baf.sdkstatcache -output-file-map /Users/harishvishwakarma/Library/Developer/Xcode/DerivedData/Revolt-dharrjsambcimaaziudpvzjdcigm/Build/Intermediates.noindex/SwiftUITooltip.build/Debug-iphoneos/SwiftUITooltip.build/Objects-normal/arm64/SwiftUITooltip-OutputFileMap.json -use-frontend-parseable-output -save-temps -no-color-diagnostics -serialize-diagnostics -emit-dependencies -emit-module -emit-module-path /Users/harishvishwakarma/Library/Developer/Xcode/DerivedData/Revolt-dharrjsambcimaaziudpvzjdcigm/Build/Intermediates.noindex/SwiftUITooltip.build/Debug-iphoneos/SwiftUITooltip.build/Objects-normal/arm64/SwiftUITooltip.swiftmodule -validate-clang-modules-once -clang-build-session-file /Users/harishvishwakarma/Library/Developer/Xcode/DerivedData/ModuleCache.noindex/Session.modulevalidation -Xcc -I/Users/harishvishwakarma/Library/Developer/Xcode/DerivedData/Revolt-dharrjsambcimaaziudpvzjdcigm/Build/Intermediates.noindex/SwiftUITooltip.build/Debug-iphoneos/SwiftUITooltip.build/swift-overrides.hmap -emit-const-values -Xfrontend -const-gather-protocols-file -Xfrontend /Users/harishvishwakarma/Library/Developer/Xcode/DerivedData/Revolt-dharrjsambcimaaziudpvzjdcigm/Build/Intermediates.noindex/SwiftUITooltip.build/Debug-iphoneos/SwiftUITooltip.build/Objects-normal/arm64/SwiftUITooltip_const_extract_protocols.json -Xcc -I/Users/harishvishwakarma/Library/Developer/Xcode/DerivedData/Revolt-dharrjsambcimaaziudpvzjdcigm/Build/Products/Debug-iphoneos/include -Xcc -I/Users/harishvishwakarma/Library/Developer/Xcode/DerivedData/Revolt-dharrjsambcimaaziudpvzjdcigm/Build/Intermediates.noindex/SwiftUITooltip.build/Debug-iphoneos/SwiftUITooltip.build/DerivedSources-normal/arm64 -Xcc -I/Users/harishvishwakarma/Library/Developer/Xcode/DerivedData/Revolt-dharrjsambcimaaziudpvzjdcigm/Build/Intermediates.noindex/SwiftUITooltip.build/Debug-iphoneos/SwiftUITooltip.build/DerivedSources/arm64 -Xcc -I/Users/harishvishwakarma/Library/Developer/Xcode/DerivedData/Revolt-dharrjsambcimaaziudpvzjdcigm/Build/Intermediates.noindex/SwiftUITooltip.build/Debug-iphoneos/SwiftUITooltip.build/DerivedSources -Xcc -DSWIFT_PACKAGE -Xcc -DDEBUG\=1 -emit-objc-header -emit-objc-header-path /Users/harishvishwakarma/Library/Developer/Xcode/DerivedData/Revolt-dharrjsambcimaaziudpvzjdcigm/Build/Intermediates.noindex/SwiftUITooltip.build/Debug-iphoneos/SwiftUITooltip.build/Objects-normal/arm64/SwiftUITooltip-Swift.h -working-directory /Users/harishvishwakarma/Handy/Archem/pepchat-ios/Revolt.xcodeproj -experimental-emit-module-separately -disable-cmo

SwiftDriverJobDiscovery normal arm64 Compiling MasonryPlacementMode.swift (in target 'SwiftUIMasonry' from project 'SwiftUIMasonry')

SwiftCompile normal arm64 Compiling\ PlatformView.swift,\ PlatformViewVersion.swift,\ Utils.swift,\ Button.swift,\ ColorPicker.swift /Users/harishvishwakarma/Library/Developer/Xcode/DerivedData/Revolt-dharrjsambcimaaziudpvzjdcigm/SourcePackages/checkouts/swiftui-introspect/Sources/PlatformView.swift /Users/harishvishwakarma/Library/Developer/Xcode/DerivedData/Revolt-dharrjsambcimaaziudpvzjdcigm/SourcePackages/checkouts/swiftui-introspect/Sources/PlatformViewVersion.swift /Users/harishvishwakarma/Library/Developer/Xcode/DerivedData/Revolt-dharrjsambcimaaziudpvzjdcigm/SourcePackages/checkouts/swiftui-introspect/Sources/Utils.swift /Users/harishvishwakarma/Library/Developer/Xcode/DerivedData/Revolt-dharrjsambcimaaziudpvzjdcigm/SourcePackages/checkouts/swiftui-introspect/Sources/ViewTypes/Button.swift /Users/harishvishwakarma/Library/Developer/Xcode/DerivedData/Revolt-dharrjsambcimaaziudpvzjdcigm/SourcePackages/checkouts/swiftui-introspect/Sources/ViewTypes/ColorPicker.swift (in target 'SwiftUIIntrospect' from project 'swiftui-introspect')
SwiftCompile normal arm64 /Users/harishvishwakarma/Library/Developer/Xcode/DerivedData/Revolt-dharrjsambcimaaziudpvzjdcigm/SourcePackages/checkouts/swiftui-introspect/Sources/PlatformView.swift (in target 'SwiftUIIntrospect' from project 'swiftui-introspect')
    cd /Users/harishvishwakarma/Handy/Archem/pepchat-ios/Revolt.xcodeproj
    

SwiftCompile normal arm64 /Users/harishvishwakarma/Library/Developer/Xcode/DerivedData/Revolt-dharrjsambcimaaziudpvzjdcigm/SourcePackages/checkouts/swiftui-introspect/Sources/PlatformViewVersion.swift (in target 'SwiftUIIntrospect' from project 'swiftui-introspect')
    cd /Users/harishvishwakarma/Handy/Archem/pepchat-ios/Revolt.xcodeproj
    

SwiftCompile normal arm64 /Users/harishvishwakarma/Library/Developer/Xcode/DerivedData/Revolt-dharrjsambcimaaziudpvzjdcigm/SourcePackages/checkouts/swiftui-introspect/Sources/Utils.swift (in target 'SwiftUIIntrospect' from project 'swiftui-introspect')
    cd /Users/harishvishwakarma/Handy/Archem/pepchat-ios/Revolt.xcodeproj
    

SwiftCompile normal arm64 /Users/harishvishwakarma/Library/Developer/Xcode/DerivedData/Revolt-dharrjsambcimaaziudpvzjdcigm/SourcePackages/checkouts/swiftui-introspect/Sources/ViewTypes/Button.swift (in target 'SwiftUIIntrospect' from project 'swiftui-introspect')
    cd /Users/harishvishwakarma/Handy/Archem/pepchat-ios/Revolt.xcodeproj
    

SwiftCompile normal arm64 /Users/harishvishwakarma/Library/Developer/Xcode/DerivedData/Revolt-dharrjsambcimaaziudpvzjdcigm/SourcePackages/checkouts/swiftui-introspect/Sources/ViewTypes/ColorPicker.swift (in target 'SwiftUIIntrospect' from project 'swiftui-introspect')
    cd /Users/harishvishwakarma/Handy/Archem/pepchat-ios/Revolt.xcodeproj
    

SwiftCompile normal arm64 Compiling\ ListWithSidebarStyle.swift,\ Map.swift,\ NavigationSplitView.swift,\ NavigationStack.swift,\ NavigationViewWithColumnsStyle.swift /Users/harishvishwakarma/Library/Developer/Xcode/DerivedData/Revolt-dharrjsambcimaaziudpvzjdcigm/SourcePackages/checkouts/swiftui-introspect/Sources/ViewTypes/ListWithSidebarStyle.swift /Users/harishvishwakarma/Library/Developer/Xcode/DerivedData/Revolt-dharrjsambcimaaziudpvzjdcigm/SourcePackages/checkouts/swiftui-introspect/Sources/ViewTypes/Map.swift /Users/harishvishwakarma/Library/Developer/Xcode/DerivedData/Revolt-dharrjsambcimaaziudpvzjdcigm/SourcePackages/checkouts/swiftui-introspect/Sources/ViewTypes/NavigationSplitView.swift /Users/harishvishwakarma/Library/Developer/Xcode/DerivedData/Revolt-dharrjsambcimaaziudpvzjdcigm/SourcePackages/checkouts/swiftui-introspect/Sources/ViewTypes/NavigationStack.swift /Users/harishvishwakarma/Library/Developer/Xcode/DerivedData/Revolt-dharrjsambcimaaziudpvzjdcigm/SourcePackages/checkouts/swiftui-introspect/Sources/ViewTypes/NavigationViewWithColumnsStyle.swift (in target 'SwiftUIIntrospect' from project 'swiftui-introspect')
SwiftCompile normal arm64 /Users/harishvishwakarma/Library/Developer/Xcode/DerivedData/Revolt-dharrjsambcimaaziudpvzjdcigm/SourcePackages/checkouts/swiftui-introspect/Sources/ViewTypes/ListWithSidebarStyle.swift (in target 'SwiftUIIntrospect' from project 'swiftui-introspect')
    cd /Users/harishvishwakarma/Handy/Archem/pepchat-ios/Revolt.xcodeproj
    

SwiftCompile normal arm64 /Users/harishvishwakarma/Library/Developer/Xcode/DerivedData/Revolt-dharrjsambcimaaziudpvzjdcigm/SourcePackages/checkouts/swiftui-introspect/Sources/ViewTypes/Map.swift (in target 'SwiftUIIntrospect' from project 'swiftui-introspect')
    cd /Users/harishvishwakarma/Handy/Archem/pepchat-ios/Revolt.xcodeproj
    

SwiftCompile normal arm64 /Users/harishvishwakarma/Library/Developer/Xcode/DerivedData/Revolt-dharrjsambcimaaziudpvzjdcigm/SourcePackages/checkouts/swiftui-introspect/Sources/ViewTypes/NavigationSplitView.swift (in target 'SwiftUIIntrospect' from project 'swiftui-introspect')
    cd /Users/harishvishwakarma/Handy/Archem/pepchat-ios/Revolt.xcodeproj
    

SwiftCompile normal arm64 /Users/harishvishwakarma/Library/Developer/Xcode/DerivedData/Revolt-dharrjsambcimaaziudpvzjdcigm/SourcePackages/checkouts/swiftui-introspect/Sources/ViewTypes/NavigationStack.swift (in target 'SwiftUIIntrospect' from project 'swiftui-introspect')
    cd /Users/harishvishwakarma/Handy/Archem/pepchat-ios/Revolt.xcodeproj
    

SwiftCompile normal arm64 /Users/harishvishwakarma/Library/Developer/Xcode/DerivedData/Revolt-dharrjsambcimaaziudpvzjdcigm/SourcePackages/checkouts/swiftui-introspect/Sources/ViewTypes/NavigationViewWithColumnsStyle.swift (in target 'SwiftUIIntrospect' from project 'swiftui-introspect')
    cd /Users/harishvishwakarma/Handy/Archem/pepchat-ios/Revolt.xcodeproj
    

SwiftDriverJobDiscovery normal arm64 Compiling EnvironmentValues+.swift (in target 'SwiftUIMasonry' from project 'SwiftUIMasonry')

SwiftCompile normal arm64 Compiling\ Popover.swift,\ ProgressViewWithCircularStyle.swift,\ ProgressViewWithLinearStyle.swift,\ ScrollView.swift,\ SearchField.swift /Users/harishvishwakarma/Library/Developer/Xcode/DerivedData/Revolt-dharrjsambcimaaziudpvzjdcigm/SourcePackages/checkouts/swiftui-introspect/Sources/ViewTypes/Popover.swift /Users/harishvishwakarma/Library/Developer/Xcode/DerivedData/Revolt-dharrjsambcimaaziudpvzjdcigm/SourcePackages/checkouts/swiftui-introspect/Sources/ViewTypes/ProgressViewWithCircularStyle.swift /Users/harishvishwakarma/Library/Developer/Xcode/DerivedData/Revolt-dharrjsambcimaaziudpvzjdcigm/SourcePackages/checkouts/swiftui-introspect/Sources/ViewTypes/ProgressViewWithLinearStyle.swift /Users/harishvishwakarma/Library/Developer/Xcode/DerivedData/Revolt-dharrjsambcimaaziudpvzjdcigm/SourcePackages/checkouts/swiftui-introspect/Sources/ViewTypes/ScrollView.swift /Users/harishvishwakarma/Library/Developer/Xcode/DerivedData/Revolt-dharrjsambcimaaziudpvzjdcigm/SourcePackages/checkouts/swiftui-introspect/Sources/ViewTypes/SearchField.swift (in target 'SwiftUIIntrospect' from project 'swiftui-introspect')
SwiftCompile normal arm64 /Users/harishvishwakarma/Library/Developer/Xcode/DerivedData/Revolt-dharrjsambcimaaziudpvzjdcigm/SourcePackages/checkouts/swiftui-introspect/Sources/ViewTypes/Popover.swift (in target 'SwiftUIIntrospect' from project 'swiftui-introspect')
    cd /Users/harishvishwakarma/Handy/Archem/pepchat-ios/Revolt.xcodeproj
    

SwiftCompile normal arm64 /Users/harishvishwakarma/Library/Developer/Xcode/DerivedData/Revolt-dharrjsambcimaaziudpvzjdcigm/SourcePackages/checkouts/swiftui-introspect/Sources/ViewTypes/ProgressViewWithCircularStyle.swift (in target 'SwiftUIIntrospect' from project 'swiftui-introspect')
    cd /Users/harishvishwakarma/Handy/Archem/pepchat-ios/Revolt.xcodeproj
    

SwiftCompile normal arm64 /Users/harishvishwakarma/Library/Developer/Xcode/DerivedData/Revolt-dharrjsambcimaaziudpvzjdcigm/SourcePackages/checkouts/swiftui-introspect/Sources/ViewTypes/ProgressViewWithLinearStyle.swift (in target 'SwiftUIIntrospect' from project 'swiftui-introspect')
    cd /Users/harishvishwakarma/Handy/Archem/pepchat-ios/Revolt.xcodeproj
    

SwiftCompile normal arm64 /Users/harishvishwakarma/Library/Developer/Xcode/DerivedData/Revolt-dharrjsambcimaaziudpvzjdcigm/SourcePackages/checkouts/swiftui-introspect/Sources/ViewTypes/ScrollView.swift (in target 'SwiftUIIntrospect' from project 'swiftui-introspect')
    cd /Users/harishvishwakarma/Handy/Archem/pepchat-ios/Revolt.xcodeproj
    

SwiftCompile normal arm64 /Users/harishvishwakarma/Library/Developer/Xcode/DerivedData/Revolt-dharrjsambcimaaziudpvzjdcigm/SourcePackages/checkouts/swiftui-introspect/Sources/ViewTypes/SearchField.swift (in target 'SwiftUIIntrospect' from project 'swiftui-introspect')
    cd /Users/harishvishwakarma/Handy/Archem/pepchat-ios/Revolt.xcodeproj
    

SwiftDriverJobDiscovery normal arm64 Compiling Masonry.swift (in target 'SwiftUIMasonry' from project 'SwiftUIMasonry')

SwiftCompile normal arm64 Compiling\ ListCell.swift,\ ListWithBorderedStyle.swift,\ ListWithGroupedStyle.swift,\ ListWithInsetGroupedStyle.swift,\ ListWithInsetStyle.swift /Users/harishvishwakarma/Library/Developer/Xcode/DerivedData/Revolt-dharrjsambcimaaziudpvzjdcigm/SourcePackages/checkouts/swiftui-introspect/Sources/ViewTypes/ListCell.swift /Users/harishvishwakarma/Library/Developer/Xcode/DerivedData/Revolt-dharrjsambcimaaziudpvzjdcigm/SourcePackages/checkouts/swiftui-introspect/Sources/ViewTypes/ListWithBorderedStyle.swift /Users/harishvishwakarma/Library/Developer/Xcode/DerivedData/Revolt-dharrjsambcimaaziudpvzjdcigm/SourcePackages/checkouts/swiftui-introspect/Sources/ViewTypes/ListWithGroupedStyle.swift /Users/harishvishwakarma/Library/Developer/Xcode/DerivedData/Revolt-dharrjsambcimaaziudpvzjdcigm/SourcePackages/checkouts/swiftui-introspect/Sources/ViewTypes/ListWithInsetGroupedStyle.swift /Users/harishvishwakarma/Library/Developer/Xcode/DerivedData/Revolt-dharrjsambcimaaziudpvzjdcigm/SourcePackages/checkouts/swiftui-introspect/Sources/ViewTypes/ListWithInsetStyle.swift (in target 'SwiftUIIntrospect' from project 'swiftui-introspect')

SwiftCompile normal arm64 /Users/harishvishwakarma/Library/Developer/Xcode/DerivedData/Revolt-dharrjsambcimaaziudpvzjdcigm/SourcePackages/checkouts/swiftui-introspect/Sources/ViewTypes/ListCell.swift (in target 'SwiftUIIntrospect' from project 'swiftui-introspect')
    cd /Users/harishvishwakarma/Handy/Archem/pepchat-ios/Revolt.xcodeproj
    

SwiftCompile normal arm64 /Users/harishvishwakarma/Library/Developer/Xcode/DerivedData/Revolt-dharrjsambcimaaziudpvzjdcigm/SourcePackages/checkouts/swiftui-introspect/Sources/ViewTypes/ListWithBorderedStyle.swift (in target 'SwiftUIIntrospect' from project 'swiftui-introspect')
    cd /Users/harishvishwakarma/Handy/Archem/pepchat-ios/Revolt.xcodeproj
    

SwiftCompile normal arm64 /Users/harishvishwakarma/Library/Developer/Xcode/DerivedData/Revolt-dharrjsambcimaaziudpvzjdcigm/SourcePackages/checkouts/swiftui-introspect/Sources/ViewTypes/ListWithGroupedStyle.swift (in target 'SwiftUIIntrospect' from project 'swiftui-introspect')
    cd /Users/harishvishwakarma/Handy/Archem/pepchat-ios/Revolt.xcodeproj
    

SwiftCompile normal arm64 /Users/harishvishwakarma/Library/Developer/Xcode/DerivedData/Revolt-dharrjsambcimaaziudpvzjdcigm/SourcePackages/checkouts/swiftui-introspect/Sources/ViewTypes/ListWithInsetGroupedStyle.swift (in target 'SwiftUIIntrospect' from project 'swiftui-introspect')
    cd /Users/harishvishwakarma/Handy/Archem/pepchat-ios/Revolt.xcodeproj
    

SwiftCompile normal arm64 /Users/harishvishwakarma/Library/Developer/Xcode/DerivedData/Revolt-dharrjsambcimaaziudpvzjdcigm/SourcePackages/checkouts/swiftui-introspect/Sources/ViewTypes/ListWithInsetStyle.swift (in target 'SwiftUIIntrospect' from project 'swiftui-introspect')
    cd /Users/harishvishwakarma/Handy/Archem/pepchat-ios/Revolt.xcodeproj
    

SwiftDriverJobDiscovery normal arm64 Compiling MasonryLines.swift (in target 'SwiftUIMasonry' from project 'SwiftUIMasonry')

SwiftCompile normal arm64 Compiling\ VideoPlayer.swift,\ View.swift,\ ViewController.swift,\ Window.swift,\ Weak.swift /Users/harishvishwakarma/Library/Developer/Xcode/DerivedData/Revolt-dharrjsambcimaaziudpvzjdcigm/SourcePackages/checkouts/swiftui-introspect/Sources/ViewTypes/VideoPlayer.swift /Users/harishvishwakarma/Library/Developer/Xcode/DerivedData/Revolt-dharrjsambcimaaziudpvzjdcigm/SourcePackages/checkouts/swiftui-introspect/Sources/ViewTypes/View.swift /Users/harishvishwakarma/Library/Developer/Xcode/DerivedData/Revolt-dharrjsambcimaaziudpvzjdcigm/SourcePackages/checkouts/swiftui-introspect/Sources/ViewTypes/ViewController.swift /Users/harishvishwakarma/Library/Developer/Xcode/DerivedData/Revolt-dharrjsambcimaaziudpvzjdcigm/SourcePackages/checkouts/swiftui-introspect/Sources/ViewTypes/Window.swift /Users/harishvishwakarma/Library/Developer/Xcode/DerivedData/Revolt-dharrjsambcimaaziudpvzjdcigm/SourcePackages/checkouts/swiftui-introspect/Sources/Weak.swift (in target 'SwiftUIIntrospect' from project 'swiftui-introspect')

SwiftCompile normal arm64 /Users/harishvishwakarma/Library/Developer/Xcode/DerivedData/Revolt-dharrjsambcimaaziudpvzjdcigm/SourcePackages/checkouts/swiftui-introspect/Sources/ViewTypes/VideoPlayer.swift (in target 'SwiftUIIntrospect' from project 'swiftui-introspect')
    cd /Users/harishvishwakarma/Handy/Archem/pepchat-ios/Revolt.xcodeproj
    

SwiftCompile normal arm64 /Users/harishvishwakarma/Library/Developer/Xcode/DerivedData/Revolt-dharrjsambcimaaziudpvzjdcigm/SourcePackages/checkouts/swiftui-introspect/Sources/ViewTypes/View.swift (in target 'SwiftUIIntrospect' from project 'swiftui-introspect')
    cd /Users/harishvishwakarma/Handy/Archem/pepchat-ios/Revolt.xcodeproj
    

SwiftCompile normal arm64 /Users/harishvishwakarma/Library/Developer/Xcode/DerivedData/Revolt-dharrjsambcimaaziudpvzjdcigm/SourcePackages/checkouts/swiftui-introspect/Sources/ViewTypes/ViewController.swift (in target 'SwiftUIIntrospect' from project 'swiftui-introspect')
    cd /Users/harishvishwakarma/Handy/Archem/pepchat-ios/Revolt.xcodeproj
    

SwiftCompile normal arm64 /Users/harishvishwakarma/Library/Developer/Xcode/DerivedData/Revolt-dharrjsambcimaaziudpvzjdcigm/SourcePackages/checkouts/swiftui-introspect/Sources/ViewTypes/Window.swift (in target 'SwiftUIIntrospect' from project 'swiftui-introspect')
    cd /Users/harishvishwakarma/Handy/Archem/pepchat-ios/Revolt.xcodeproj
    

SwiftCompile normal arm64 /Users/harishvishwakarma/Library/Developer/Xcode/DerivedData/Revolt-dharrjsambcimaaziudpvzjdcigm/SourcePackages/checkouts/swiftui-introspect/Sources/Weak.swift (in target 'SwiftUIIntrospect' from project 'swiftui-introspect')
    cd /Users/harishvishwakarma/Handy/Archem/pepchat-ios/Revolt.xcodeproj
    

SwiftDriverJobDiscovery normal arm64 Compiling VMasonry.swift (in target 'SwiftUIMasonry' from project 'SwiftUIMasonry')

SwiftCompile normal arm64 Compiling\ NavigationViewWithStackStyle.swift,\ PageControl.swift,\ PickerWithMenuStyle.swift,\ PickerWithSegmentedStyle.swift,\ PickerWithWheelStyle.swift /Users/harishvishwakarma/Library/Developer/Xcode/DerivedData/Revolt-dharrjsambcimaaziudpvzjdcigm/SourcePackages/checkouts/swiftui-introspect/Sources/ViewTypes/NavigationViewWithStackStyle.swift /Users/harishvishwakarma/Library/Developer/Xcode/DerivedData/Revolt-dharrjsambcimaaziudpvzjdcigm/SourcePackages/checkouts/swiftui-introspect/Sources/ViewTypes/PageControl.swift /Users/harishvishwakarma/Library/Developer/Xcode/DerivedData/Revolt-dharrjsambcimaaziudpvzjdcigm/SourcePackages/checkouts/swiftui-introspect/Sources/ViewTypes/PickerWithMenuStyle.swift /Users/harishvishwakarma/Library/Developer/Xcode/DerivedData/Revolt-dharrjsambcimaaziudpvzjdcigm/SourcePackages/checkouts/swiftui-introspect/Sources/ViewTypes/PickerWithSegmentedStyle.swift /Users/harishvishwakarma/Library/Developer/Xcode/DerivedData/Revolt-dharrjsambcimaaziudpvzjdcigm/SourcePackages/checkouts/swiftui-introspect/Sources/ViewTypes/PickerWithWheelStyle.swift (in target 'SwiftUIIntrospect' from project 'swiftui-introspect')
SwiftCompile normal arm64 /Users/harishvishwakarma/Library/Developer/Xcode/DerivedData/Revolt-dharrjsambcimaaziudpvzjdcigm/SourcePackages/checkouts/swiftui-introspect/Sources/ViewTypes/NavigationViewWithStackStyle.swift (in target 'SwiftUIIntrospect' from project 'swiftui-introspect')
    cd /Users/harishvishwakarma/Handy/Archem/pepchat-ios/Revolt.xcodeproj
    

SwiftCompile normal arm64 /Users/harishvishwakarma/Library/Developer/Xcode/DerivedData/Revolt-dharrjsambcimaaziudpvzjdcigm/SourcePackages/checkouts/swiftui-introspect/Sources/ViewTypes/PageControl.swift (in target 'SwiftUIIntrospect' from project 'swiftui-introspect')
    cd /Users/harishvishwakarma/Handy/Archem/pepchat-ios/Revolt.xcodeproj
    

SwiftCompile normal arm64 /Users/harishvishwakarma/Library/Developer/Xcode/DerivedData/Revolt-dharrjsambcimaaziudpvzjdcigm/SourcePackages/checkouts/swiftui-introspect/Sources/ViewTypes/PickerWithMenuStyle.swift (in target 'SwiftUIIntrospect' from project 'swiftui-introspect')
    cd /Users/harishvishwakarma/Handy/Archem/pepchat-ios/Revolt.xcodeproj
    

SwiftCompile normal arm64 /Users/harishvishwakarma/Library/Developer/Xcode/DerivedData/Revolt-dharrjsambcimaaziudpvzjdcigm/SourcePackages/checkouts/swiftui-introspect/Sources/ViewTypes/PickerWithSegmentedStyle.swift (in target 'SwiftUIIntrospect' from project 'swiftui-introspect')
    cd /Users/harishvishwakarma/Handy/Archem/pepchat-ios/Revolt.xcodeproj
    

SwiftCompile normal arm64 /Users/harishvishwakarma/Library/Developer/Xcode/DerivedData/Revolt-dharrjsambcimaaziudpvzjdcigm/SourcePackages/checkouts/swiftui-introspect/Sources/ViewTypes/PickerWithWheelStyle.swift (in target 'SwiftUIIntrospect' from project 'swiftui-introspect')
    cd /Users/harishvishwakarma/Handy/Archem/pepchat-ios/Revolt.xcodeproj
    

SwiftDriverJobDiscovery normal arm64 Compiling HMasonry.swift (in target 'SwiftUIMasonry' from project 'SwiftUIMasonry')

SwiftCompile normal arm64 Compiling\ TextFieldWithVerticalAxis.swift,\ Toggle.swift,\ ToggleWithButtonStyle.swift,\ ToggleWithCheckboxStyle.swift,\ ToggleWithSwitchStyle.swift /Users/harishvishwakarma/Library/Developer/Xcode/DerivedData/Revolt-dharrjsambcimaaziudpvzjdcigm/SourcePackages/checkouts/swiftui-introspect/Sources/ViewTypes/TextFieldWithVerticalAxis.swift /Users/harishvishwakarma/Library/Developer/Xcode/DerivedData/Revolt-dharrjsambcimaaziudpvzjdcigm/SourcePackages/checkouts/swiftui-introspect/Sources/ViewTypes/Toggle.swift /Users/harishvishwakarma/Library/Developer/Xcode/DerivedData/Revolt-dharrjsambcimaaziudpvzjdcigm/SourcePackages/checkouts/swiftui-introspect/Sources/ViewTypes/ToggleWithButtonStyle.swift /Users/harishvishwakarma/Library/Developer/Xcode/DerivedData/Revolt-dharrjsambcimaaziudpvzjdcigm/SourcePackages/checkouts/swiftui-introspect/Sources/ViewTypes/ToggleWithCheckboxStyle.swift /Users/harishvishwakarma/Library/Developer/Xcode/DerivedData/Revolt-dharrjsambcimaaziudpvzjdcigm/SourcePackages/checkouts/swiftui-introspect/Sources/ViewTypes/ToggleWithSwitchStyle.swift (in target 'SwiftUIIntrospect' from project 'swiftui-introspect')

SwiftCompile normal arm64 /Users/harishvishwakarma/Library/Developer/Xcode/DerivedData/Revolt-dharrjsambcimaaziudpvzjdcigm/SourcePackages/checkouts/swiftui-introspect/Sources/ViewTypes/TextFieldWithVerticalAxis.swift (in target 'SwiftUIIntrospect' from project 'swiftui-introspect')
    cd /Users/harishvishwakarma/Handy/Archem/pepchat-ios/Revolt.xcodeproj
    

SwiftCompile normal arm64 /Users/harishvishwakarma/Library/Developer/Xcode/DerivedData/Revolt-dharrjsambcimaaziudpvzjdcigm/SourcePackages/checkouts/swiftui-introspect/Sources/ViewTypes/Toggle.swift (in target 'SwiftUIIntrospect' from project 'swiftui-introspect')
    cd /Users/harishvishwakarma/Handy/Archem/pepchat-ios/Revolt.xcodeproj
    

SwiftCompile normal arm64 /Users/harishvishwakarma/Library/Developer/Xcode/DerivedData/Revolt-dharrjsambcimaaziudpvzjdcigm/SourcePackages/checkouts/swiftui-introspect/Sources/ViewTypes/ToggleWithButtonStyle.swift (in target 'SwiftUIIntrospect' from project 'swiftui-introspect')
    cd /Users/harishvishwakarma/Handy/Archem/pepchat-ios/Revolt.xcodeproj
    

SwiftCompile normal arm64 /Users/harishvishwakarma/Library/Developer/Xcode/DerivedData/Revolt-dharrjsambcimaaziudpvzjdcigm/SourcePackages/checkouts/swiftui-introspect/Sources/ViewTypes/ToggleWithCheckboxStyle.swift (in target 'SwiftUIIntrospect' from project 'swiftui-introspect')
    cd /Users/harishvishwakarma/Handy/Archem/pepchat-ios/Revolt.xcodeproj
    

SwiftCompile normal arm64 /Users/harishvishwakarma/Library/Developer/Xcode/DerivedData/Revolt-dharrjsambcimaaziudpvzjdcigm/SourcePackages/checkouts/swiftui-introspect/Sources/ViewTypes/ToggleWithSwitchStyle.swift (in target 'SwiftUIIntrospect' from project 'swiftui-introspect')
    cd /Users/harishvishwakarma/Handy/Archem/pepchat-ios/Revolt.xcodeproj
    

SwiftDriverJobDiscovery normal arm64 Compiling MasonryDynamicViewBuilder.swift (in target 'SwiftUIMasonry' from project 'SwiftUIMasonry')

SwiftCompile normal arm64 Compiling\ Introspect.swift,\ IntrospectableViewType.swift,\ IntrospectionSelector.swift,\ IntrospectionView.swift,\ PlatformVersion.swift /Users/harishvishwakarma/Library/Developer/Xcode/DerivedData/Revolt-dharrjsambcimaaziudpvzjdcigm/SourcePackages/checkouts/swiftui-introspect/Sources/Introspect.swift /Users/harishvishwakarma/Library/Developer/Xcode/DerivedData/Revolt-dharrjsambcimaaziudpvzjdcigm/SourcePackages/checkouts/swiftui-introspect/Sources/IntrospectableViewType.swift /Users/harishvishwakarma/Library/Developer/Xcode/DerivedData/Revolt-dharrjsambcimaaziudpvzjdcigm/SourcePackages/checkouts/swiftui-introspect/Sources/IntrospectionSelector.swift /Users/harishvishwakarma/Library/Developer/Xcode/DerivedData/Revolt-dharrjsambcimaaziudpvzjdcigm/SourcePackages/checkouts/swiftui-introspect/Sources/IntrospectionView.swift /Users/harishvishwakarma/Library/Developer/Xcode/DerivedData/Revolt-dharrjsambcimaaziudpvzjdcigm/SourcePackages/checkouts/swiftui-introspect/Sources/PlatformVersion.swift (in target 'SwiftUIIntrospect' from project 'swiftui-introspect')
SwiftCompile normal arm64 /Users/harishvishwakarma/Library/Developer/Xcode/DerivedData/Revolt-dharrjsambcimaaziudpvzjdcigm/SourcePackages/checkouts/swiftui-introspect/Sources/Introspect.swift (in target 'SwiftUIIntrospect' from project 'swiftui-introspect')
    cd /Users/harishvishwakarma/Handy/Archem/pepchat-ios/Revolt.xcodeproj
    

SwiftCompile normal arm64 /Users/harishvishwakarma/Library/Developer/Xcode/DerivedData/Revolt-dharrjsambcimaaziudpvzjdcigm/SourcePackages/checkouts/swiftui-introspect/Sources/IntrospectableViewType.swift (in target 'SwiftUIIntrospect' from project 'swiftui-introspect')
    cd /Users/harishvishwakarma/Handy/Archem/pepchat-ios/Revolt.xcodeproj
    

SwiftCompile normal arm64 /Users/harishvishwakarma/Library/Developer/Xcode/DerivedData/Revolt-dharrjsambcimaaziudpvzjdcigm/SourcePackages/checkouts/swiftui-introspect/Sources/IntrospectionSelector.swift (in target 'SwiftUIIntrospect' from project 'swiftui-introspect')
    cd /Users/harishvishwakarma/Handy/Archem/pepchat-ios/Revolt.xcodeproj
    

SwiftCompile normal arm64 /Users/harishvishwakarma/Library/Developer/Xcode/DerivedData/Revolt-dharrjsambcimaaziudpvzjdcigm/SourcePackages/checkouts/swiftui-introspect/Sources/IntrospectionView.swift (in target 'SwiftUIIntrospect' from project 'swiftui-introspect')
    cd /Users/harishvishwakarma/Handy/Archem/pepchat-ios/Revolt.xcodeproj
    

SwiftCompile normal arm64 /Users/harishvishwakarma/Library/Developer/Xcode/DerivedData/Revolt-dharrjsambcimaaziudpvzjdcigm/SourcePackages/checkouts/swiftui-introspect/Sources/PlatformVersion.swift (in target 'SwiftUIIntrospect' from project 'swiftui-introspect')
    cd /Users/harishvishwakarma/Handy/Archem/pepchat-ios/Revolt.xcodeproj
    

SwiftDriverJobDiscovery normal arm64 Compiling MasonryLayout.swift (in target 'SwiftUIMasonry' from project 'SwiftUIMasonry')

SwiftDriver\ Compilation SwiftUIMasonry normal arm64 com.apple.xcode.tools.swift.compiler (in target 'SwiftUIMasonry' from project 'SwiftUIMasonry')
    cd /Users/harishvishwakarma/Handy/Archem/pepchat-ios/Revolt.xcodeproj
    builtin-Swift-Compilation -- /Applications/Xcode.app/Contents/Developer/Toolchains/XcodeDefault.xctoolchain/usr/bin/swiftc -module-name SwiftUIMasonry -Onone -enforce-exclusivity\=checked @/Users/harishvishwakarma/Library/Developer/Xcode/DerivedData/Revolt-dharrjsambcimaaziudpvzjdcigm/Build/Intermediates.noindex/SwiftUIMasonry.build/Debug-iphoneos/SwiftUIMasonry.build/Objects-normal/arm64/SwiftUIMasonry.SwiftFileList -DSWIFT_PACKAGE -DDEBUG -DXcode -plugin-path /Applications/Xcode.app/Contents/Developer/Toolchains/XcodeDefault.xctoolchain/usr/lib/swift/host/plugins/testing -enable-experimental-feature DebugDescriptionMacro -sdk /Applications/Xcode.app/Contents/Developer/Platforms/iPhoneOS.platform/Developer/SDKs/iPhoneOS18.5.sdk -target arm64-apple-ios14.0 -g -module-cache-path /Users/harishvishwakarma/Library/Developer/Xcode/DerivedData/ModuleCache.noindex -Xfrontend -serialize-debugging-options -enable-testing -suppress-warnings -index-store-path /Users/harishvishwakarma/Library/Developer/Xcode/DerivedData/Revolt-dharrjsambcimaaziudpvzjdcigm/Index.noindex/DataStore -swift-version 5 -I /Users/harishvishwakarma/Library/Developer/Xcode/DerivedData/Revolt-dharrjsambcimaaziudpvzjdcigm/Build/Products/Debug-iphoneos -I /Applications/Xcode.app/Contents/Developer/Platforms/iPhoneOS.platform/Developer/usr/lib -F /Users/harishvishwakarma/Library/Developer/Xcode/DerivedData/Revolt-dharrjsambcimaaziudpvzjdcigm/Build/Products/Debug-iphoneos -F /Applications/Xcode.app/Contents/Developer/Platforms/iPhoneOS.platform/Developer/Library/Frameworks -F /Applications/Xcode.app/Contents/Developer/Platforms/iPhoneOS.platform/Developer/SDKs/iPhoneOS18.5.sdk/Developer/Library/Frameworks -c -j12 -enable-batch-mode -incremental -Xcc -ivfsstatcache -Xcc /Users/harishvishwakarma/Library/Developer/Xcode/DerivedData/SDKStatCaches.noindex/iphoneos18.5-22F76-7fa4eea80a99bbfdc046826b63ec4baf.sdkstatcache -output-file-map /Users/harishvishwakarma/Library/Developer/Xcode/DerivedData/Revolt-dharrjsambcimaaziudpvzjdcigm/Build/Intermediates.noindex/SwiftUIMasonry.build/Debug-iphoneos/SwiftUIMasonry.build/Objects-normal/arm64/SwiftUIMasonry-OutputFileMap.json -use-frontend-parseable-output -save-temps -no-color-diagnostics -serialize-diagnostics -emit-dependencies -emit-module -emit-module-path /Users/harishvishwakarma/Library/Developer/Xcode/DerivedData/Revolt-dharrjsambcimaaziudpvzjdcigm/Build/Intermediates.noindex/SwiftUIMasonry.build/Debug-iphoneos/SwiftUIMasonry.build/Objects-normal/arm64/SwiftUIMasonry.swiftmodule -validate-clang-modules-once -clang-build-session-file /Users/harishvishwakarma/Library/Developer/Xcode/DerivedData/ModuleCache.noindex/Session.modulevalidation -Xcc -I/Users/harishvishwakarma/Library/Developer/Xcode/DerivedData/Revolt-dharrjsambcimaaziudpvzjdcigm/Build/Intermediates.noindex/SwiftUIMasonry.build/Debug-iphoneos/SwiftUIMasonry.build/swift-overrides.hmap -emit-const-values -Xfrontend -const-gather-protocols-file -Xfrontend /Users/harishvishwakarma/Library/Developer/Xcode/DerivedData/Revolt-dharrjsambcimaaziudpvzjdcigm/Build/Intermediates.noindex/SwiftUIMasonry.build/Debug-iphoneos/SwiftUIMasonry.build/Objects-normal/arm64/SwiftUIMasonry_const_extract_protocols.json -Xcc -I/Users/harishvishwakarma/Library/Developer/Xcode/DerivedData/Revolt-dharrjsambcimaaziudpvzjdcigm/Build/Products/Debug-iphoneos/include -Xcc -I/Users/harishvishwakarma/Library/Developer/Xcode/DerivedData/Revolt-dharrjsambcimaaziudpvzjdcigm/Build/Intermediates.noindex/SwiftUIMasonry.build/Debug-iphoneos/SwiftUIMasonry.build/DerivedSources-normal/arm64 -Xcc -I/Users/harishvishwakarma/Library/Developer/Xcode/DerivedData/Revolt-dharrjsambcimaaziudpvzjdcigm/Build/Intermediates.noindex/SwiftUIMasonry.build/Debug-iphoneos/SwiftUIMasonry.build/DerivedSources/arm64 -Xcc -I/Users/harishvishwakarma/Library/Developer/Xcode/DerivedData/Revolt-dharrjsambcimaaziudpvzjdcigm/Build/Intermediates.noindex/SwiftUIMasonry.build/Debug-iphoneos/SwiftUIMasonry.build/DerivedSources -Xcc -DSWIFT_PACKAGE -Xcc -DDEBUG\=1 -emit-objc-header -emit-objc-header-path /Users/harishvishwakarma/Library/Developer/Xcode/DerivedData/Revolt-dharrjsambcimaaziudpvzjdcigm/Build/Intermediates.noindex/SwiftUIMasonry.build/Debug-iphoneos/SwiftUIMasonry.build/Objects-normal/arm64/SwiftUIMasonry-Swift.h -working-directory /Users/harishvishwakarma/Handy/Archem/pepchat-ios/Revolt.xcodeproj -experimental-emit-module-separately -disable-cmo

SwiftDriverJobDiscovery normal arm64 Compiling DatePicker.swift, DatePickerWithCompactStyle.swift, DatePickerWithFieldStyle.swift, DatePickerWithGraphicalStyle.swift, DatePickerWithStepperFieldStyle.swift (in target 'SwiftUIIntrospect' from project 'swiftui-introspect')

SwiftCompile normal arm64 Compiling\ HFlow.swift /Users/harishvishwakarma/Library/Developer/Xcode/DerivedData/Revolt-dharrjsambcimaaziudpvzjdcigm/SourcePackages/checkouts/SwiftUIFlow/Sources/SwiftUIFlow/API/HFlow.swift (in target 'SwiftUIFlow' from project 'SwiftUIFlow')

SwiftCompile normal arm64 /Users/harishvishwakarma/Library/Developer/Xcode/DerivedData/Revolt-dharrjsambcimaaziudpvzjdcigm/SourcePackages/checkouts/SwiftUIFlow/Sources/SwiftUIFlow/API/HFlow.swift (in target 'SwiftUIFlow' from project 'SwiftUIFlow')
    cd /Users/harishvishwakarma/Handy/Archem/pepchat-ios/Revolt.xcodeproj
    

SwiftCompile normal arm64 Compiling\ VFlow.swift /Users/harishvishwakarma/Library/Developer/Xcode/DerivedData/Revolt-dharrjsambcimaaziudpvzjdcigm/SourcePackages/checkouts/SwiftUIFlow/Sources/SwiftUIFlow/API/VFlow.swift (in target 'SwiftUIFlow' from project 'SwiftUIFlow')

SwiftCompile normal arm64 /Users/harishvishwakarma/Library/Developer/Xcode/DerivedData/Revolt-dharrjsambcimaaziudpvzjdcigm/SourcePackages/checkouts/SwiftUIFlow/Sources/SwiftUIFlow/API/VFlow.swift (in target 'SwiftUIFlow' from project 'SwiftUIFlow')
    cd /Users/harishvishwakarma/Handy/Archem/pepchat-ios/Revolt.xcodeproj
    

SwiftDriverJobDiscovery normal arm64 Compiling SecureField.swift, Sheet.swift, SignInWithAppleButton.swift, Slider.swift, Stepper.swift (in target 'SwiftUIIntrospect' from project 'swiftui-introspect')

SwiftCompile normal arm64 Compiling\ Flow.swift /Users/harishvishwakarma/Library/Developer/Xcode/DerivedData/Revolt-dharrjsambcimaaziudpvzjdcigm/SourcePackages/checkouts/SwiftUIFlow/Sources/SwiftUIFlow/API/Flow.swift (in target 'SwiftUIFlow' from project 'SwiftUIFlow')

SwiftCompile normal arm64 /Users/harishvishwakarma/Library/Developer/Xcode/DerivedData/Revolt-dharrjsambcimaaziudpvzjdcigm/SourcePackages/checkouts/SwiftUIFlow/Sources/SwiftUIFlow/API/Flow.swift (in target 'SwiftUIFlow' from project 'SwiftUIFlow')
    cd /Users/harishvishwakarma/Handy/Archem/pepchat-ios/Revolt.xcodeproj
    

SwiftDriverJobDiscovery normal arm64 Compiling TabView.swift, TabViewWithPageStyle.swift, Table.swift, TextEditor.swift, TextField.swift (in target 'SwiftUIIntrospect' from project 'swiftui-introspect')

SwiftCompile normal arm64 Compiling\ FlowLayout.swift /Users/harishvishwakarma/Library/Developer/Xcode/DerivedData/Revolt-dharrjsambcimaaziudpvzjdcigm/SourcePackages/checkouts/SwiftUIFlow/Sources/SwiftUIFlow/Internal/FlowLayout.swift (in target 'SwiftUIFlow' from project 'SwiftUIFlow')

SwiftCompile normal arm64 /Users/harishvishwakarma/Library/Developer/Xcode/DerivedData/Revolt-dharrjsambcimaaziudpvzjdcigm/SourcePackages/checkouts/SwiftUIFlow/Sources/SwiftUIFlow/Internal/FlowLayout.swift (in target 'SwiftUIFlow' from project 'SwiftUIFlow')
    cd /Users/harishvishwakarma/Handy/Archem/pepchat-ios/Revolt.xcodeproj
    

SwiftDriverJobDiscovery normal arm64 Compiling DatePickerWithWheelStyle.swift, Form.swift, FormWithGroupedStyle.swift, FullScreenCover.swift, List.swift (in target 'SwiftUIIntrospect' from project 'swiftui-introspect')

SwiftCompile normal arm64 Compiling\ Empty.swift /Users/harishvishwakarma/Library/Developer/Xcode/DerivedData/Revolt-dharrjsambcimaaziudpvzjdcigm/SourcePackages/checkouts/swift-syntax/Sources/SwiftSyntax509/Empty.swift (in target 'SwiftSyntax509' from project 'swift-syntax')

SwiftCompile normal arm64 /Users/harishvishwakarma/Library/Developer/Xcode/DerivedData/Revolt-dharrjsambcimaaziudpvzjdcigm/SourcePackages/checkouts/swift-syntax/Sources/SwiftSyntax509/Empty.swift (in target 'SwiftSyntax509' from project 'swift-syntax')
    cd /Users/harishvishwakarma/Handy/Archem/pepchat-ios/Revolt.xcodeproj
    

SwiftDriverJobDiscovery normal arm64 Compiling PlatformView.swift, PlatformViewVersion.swift, Utils.swift, Button.swift, ColorPicker.swift (in target 'SwiftUIIntrospect' from project 'swiftui-introspect')

SwiftCompile normal x86_64 Compiling\ Empty.swift /Users/harishvishwakarma/Library/Developer/Xcode/DerivedData/Revolt-dharrjsambcimaaziudpvzjdcigm/SourcePackages/checkouts/swift-syntax/Sources/SwiftSyntax509/Empty.swift (in target 'SwiftSyntax509' from project 'swift-syntax')

SwiftCompile normal x86_64 /Users/harishvishwakarma/Library/Developer/Xcode/DerivedData/Revolt-dharrjsambcimaaziudpvzjdcigm/SourcePackages/checkouts/swift-syntax/Sources/SwiftSyntax509/Empty.swift (in target 'SwiftSyntax509' from project 'swift-syntax')
    cd /Users/harishvishwakarma/Handy/Archem/pepchat-ios/Revolt.xcodeproj
    

SwiftDriverJobDiscovery normal arm64 Compiling ListWithSidebarStyle.swift, Map.swift, NavigationSplitView.swift, NavigationStack.swift, NavigationViewWithColumnsStyle.swift (in target 'SwiftUIIntrospect' from project 'swiftui-introspect')

SwiftCompile normal arm64 Compiling\ String.swift,\ TokenParser.swift /Users/harishvishwakarma/Library/Developer/Xcode/DerivedData/Revolt-dharrjsambcimaaziudpvzjdcigm/SourcePackages/checkouts/SwiftParsec/Sources/SwiftParsec/String.swift /Users/harishvishwakarma/Library/Developer/Xcode/DerivedData/Revolt-dharrjsambcimaaziudpvzjdcigm/SourcePackages/checkouts/SwiftParsec/Sources/SwiftParsec/TokenParser.swift (in target 'SwiftParsec' from project 'SwiftParsec')
SwiftCompile normal arm64 /Users/harishvishwakarma/Library/Developer/Xcode/DerivedData/Revolt-dharrjsambcimaaziudpvzjdcigm/SourcePackages/checkouts/SwiftParsec/Sources/SwiftParsec/String.swift (in target 'SwiftParsec' from project 'SwiftParsec')
    cd /Users/harishvishwakarma/Handy/Archem/pepchat-ios/Revolt.xcodeproj
    

SwiftCompile normal arm64 /Users/harishvishwakarma/Library/Developer/Xcode/DerivedData/Revolt-dharrjsambcimaaziudpvzjdcigm/SourcePackages/checkouts/SwiftParsec/Sources/SwiftParsec/TokenParser.swift (in target 'SwiftParsec' from project 'SwiftParsec')
    cd /Users/harishvishwakarma/Handy/Archem/pepchat-ios/Revolt.xcodeproj
    

SwiftDriverJobDiscovery normal arm64 Compiling ListCell.swift, ListWithBorderedStyle.swift, ListWithGroupedStyle.swift, ListWithInsetGroupedStyle.swift, ListWithInsetStyle.swift (in target 'SwiftUIIntrospect' from project 'swiftui-introspect')

SwiftCompile normal arm64 Compiling\ CharacterParsers.swift,\ CharacterSet.swift /Users/harishvishwakarma/Library/Developer/Xcode/DerivedData/Revolt-dharrjsambcimaaziudpvzjdcigm/SourcePackages/checkouts/SwiftParsec/Sources/SwiftParsec/CharacterParsers.swift /Users/harishvishwakarma/Library/Developer/Xcode/DerivedData/Revolt-dharrjsambcimaaziudpvzjdcigm/SourcePackages/checkouts/SwiftParsec/Sources/SwiftParsec/CharacterSet.swift (in target 'SwiftParsec' from project 'SwiftParsec')

SwiftCompile normal arm64 /Users/harishvishwakarma/Library/Developer/Xcode/DerivedData/Revolt-dharrjsambcimaaziudpvzjdcigm/SourcePackages/checkouts/SwiftParsec/Sources/SwiftParsec/CharacterParsers.swift (in target 'SwiftParsec' from project 'SwiftParsec')
    cd /Users/harishvishwakarma/Handy/Archem/pepchat-ios/Revolt.xcodeproj
    

SwiftCompile normal arm64 /Users/harishvishwakarma/Library/Developer/Xcode/DerivedData/Revolt-dharrjsambcimaaziudpvzjdcigm/SourcePackages/checkouts/SwiftParsec/Sources/SwiftParsec/CharacterSet.swift (in target 'SwiftParsec' from project 'SwiftParsec')
    cd /Users/harishvishwakarma/Handy/Archem/pepchat-ios/Revolt.xcodeproj
    

SwiftDriverJobDiscovery normal arm64 Compiling VideoPlayer.swift, View.swift, ViewController.swift, Window.swift, Weak.swift (in target 'SwiftUIIntrospect' from project 'swiftui-introspect')

SwiftCompile normal arm64 Compiling\ SequenceConversion.swift,\ SetAggregation.swift /Users/harishvishwakarma/Library/Developer/Xcode/DerivedData/Revolt-dharrjsambcimaaziudpvzjdcigm/SourcePackages/checkouts/SwiftParsec/Sources/SwiftParsec/SequenceConversion.swift /Users/harishvishwakarma/Library/Developer/Xcode/DerivedData/Revolt-dharrjsambcimaaziudpvzjdcigm/SourcePackages/checkouts/SwiftParsec/Sources/SwiftParsec/SetAggregation.swift (in target 'SwiftParsec' from project 'SwiftParsec')

SwiftCompile normal arm64 /Users/harishvishwakarma/Library/Developer/Xcode/DerivedData/Revolt-dharrjsambcimaaziudpvzjdcigm/SourcePackages/checkouts/SwiftParsec/Sources/SwiftParsec/SequenceConversion.swift (in target 'SwiftParsec' from project 'SwiftParsec')
    cd /Users/harishvishwakarma/Handy/Archem/pepchat-ios/Revolt.xcodeproj
    

SwiftCompile normal arm64 /Users/harishvishwakarma/Library/Developer/Xcode/DerivedData/Revolt-dharrjsambcimaaziudpvzjdcigm/SourcePackages/checkouts/SwiftParsec/Sources/SwiftParsec/SetAggregation.swift (in target 'SwiftParsec' from project 'SwiftParsec')
    cd /Users/harishvishwakarma/Handy/Archem/pepchat-ios/Revolt.xcodeproj
    

SwiftDriverJobDiscovery normal arm64 Compiling Popover.swift, ProgressViewWithCircularStyle.swift, ProgressViewWithLinearStyle.swift, ScrollView.swift, SearchField.swift (in target 'SwiftUIIntrospect' from project 'swiftui-introspect')

SwiftCompile normal arm64 Compiling\ GenericTokenParser.swift,\ LanguageDefinition.swift /Users/harishvishwakarma/Library/Developer/Xcode/DerivedData/Revolt-dharrjsambcimaaziudpvzjdcigm/SourcePackages/checkouts/SwiftParsec/Sources/SwiftParsec/GenericTokenParser.swift /Users/harishvishwakarma/Library/Developer/Xcode/DerivedData/Revolt-dharrjsambcimaaziudpvzjdcigm/SourcePackages/checkouts/SwiftParsec/Sources/SwiftParsec/LanguageDefinition.swift (in target 'SwiftParsec' from project 'SwiftParsec')

SwiftCompile normal arm64 /Users/harishvishwakarma/Library/Developer/Xcode/DerivedData/Revolt-dharrjsambcimaaziudpvzjdcigm/SourcePackages/checkouts/SwiftParsec/Sources/SwiftParsec/GenericTokenParser.swift (in target 'SwiftParsec' from project 'SwiftParsec')
    cd /Users/harishvishwakarma/Handy/Archem/pepchat-ios/Revolt.xcodeproj
    

SwiftCompile normal arm64 /Users/harishvishwakarma/Library/Developer/Xcode/DerivedData/Revolt-dharrjsambcimaaziudpvzjdcigm/SourcePackages/checkouts/SwiftParsec/Sources/SwiftParsec/LanguageDefinition.swift (in target 'SwiftParsec' from project 'SwiftParsec')
    cd /Users/harishvishwakarma/Handy/Archem/pepchat-ios/Revolt.xcodeproj
    

SwiftDriverJobDiscovery normal arm64 Compiling TextFieldWithVerticalAxis.swift, Toggle.swift, ToggleWithButtonStyle.swift, ToggleWithCheckboxStyle.swift, ToggleWithSwitchStyle.swift (in target 'SwiftUIIntrospect' from project 'swiftui-introspect')

SwiftCompile normal arm64 Compiling\ UInt16.swift,\ UnicodeScalar.swift /Users/harishvishwakarma/Library/Developer/Xcode/DerivedData/Revolt-dharrjsambcimaaziudpvzjdcigm/SourcePackages/checkouts/SwiftParsec/Sources/SwiftParsec/UInt16.swift /Users/harishvishwakarma/Library/Developer/Xcode/DerivedData/Revolt-dharrjsambcimaaziudpvzjdcigm/SourcePackages/checkouts/SwiftParsec/Sources/SwiftParsec/UnicodeScalar.swift (in target 'SwiftParsec' from project 'SwiftParsec')

SwiftCompile normal arm64 /Users/harishvishwakarma/Library/Developer/Xcode/DerivedData/Revolt-dharrjsambcimaaziudpvzjdcigm/SourcePackages/checkouts/SwiftParsec/Sources/SwiftParsec/UInt16.swift (in target 'SwiftParsec' from project 'SwiftParsec')
    cd /Users/harishvishwakarma/Handy/Archem/pepchat-ios/Revolt.xcodeproj
    

SwiftCompile normal arm64 /Users/harishvishwakarma/Library/Developer/Xcode/DerivedData/Revolt-dharrjsambcimaaziudpvzjdcigm/SourcePackages/checkouts/SwiftParsec/Sources/SwiftParsec/UnicodeScalar.swift (in target 'SwiftParsec' from project 'SwiftParsec')
    cd /Users/harishvishwakarma/Handy/Archem/pepchat-ios/Revolt.xcodeproj
    

SwiftDriverJobDiscovery normal arm64 Compiling NavigationViewWithStackStyle.swift, PageControl.swift, PickerWithMenuStyle.swift, PickerWithSegmentedStyle.swift, PickerWithWheelStyle.swift (in target 'SwiftUIIntrospect' from project 'swiftui-introspect')

SwiftCompile normal arm64 Compiling\ Permutation.swift,\ Position.swift /Users/harishvishwakarma/Library/Developer/Xcode/DerivedData/Revolt-dharrjsambcimaaziudpvzjdcigm/SourcePackages/checkouts/SwiftParsec/Sources/SwiftParsec/Permutation.swift /Users/harishvishwakarma/Library/Developer/Xcode/DerivedData/Revolt-dharrjsambcimaaziudpvzjdcigm/SourcePackages/checkouts/SwiftParsec/Sources/SwiftParsec/Position.swift (in target 'SwiftParsec' from project 'SwiftParsec')
SwiftCompile normal arm64 /Users/harishvishwakarma/Library/Developer/Xcode/DerivedData/Revolt-dharrjsambcimaaziudpvzjdcigm/SourcePackages/checkouts/SwiftParsec/Sources/SwiftParsec/Permutation.swift (in target 'SwiftParsec' from project 'SwiftParsec')
    cd /Users/harishvishwakarma/Handy/Archem/pepchat-ios/Revolt.xcodeproj
    

SwiftCompile normal arm64 /Users/harishvishwakarma/Library/Developer/Xcode/DerivedData/Revolt-dharrjsambcimaaziudpvzjdcigm/SourcePackages/checkouts/SwiftParsec/Sources/SwiftParsec/Position.swift (in target 'SwiftParsec' from project 'SwiftParsec')
    cd /Users/harishvishwakarma/Handy/Archem/pepchat-ios/Revolt.xcodeproj
    

SwiftDriverJobDiscovery normal arm64 Compiling VFlow.swift (in target 'SwiftUIFlow' from project 'SwiftUIFlow')

SwiftCompile normal arm64 Compiling\ ExpressionParser.swift,\ GenericParser.swift /Users/harishvishwakarma/Library/Developer/Xcode/DerivedData/Revolt-dharrjsambcimaaziudpvzjdcigm/SourcePackages/checkouts/SwiftParsec/Sources/SwiftParsec/ExpressionParser.swift /Users/harishvishwakarma/Library/Developer/Xcode/DerivedData/Revolt-dharrjsambcimaaziudpvzjdcigm/SourcePackages/checkouts/SwiftParsec/Sources/SwiftParsec/GenericParser.swift (in target 'SwiftParsec' from project 'SwiftParsec')
SwiftCompile normal arm64 /Users/harishvishwakarma/Library/Developer/Xcode/DerivedData/Revolt-dharrjsambcimaaziudpvzjdcigm/SourcePackages/checkouts/SwiftParsec/Sources/SwiftParsec/ExpressionParser.swift (in target 'SwiftParsec' from project 'SwiftParsec')
    cd /Users/harishvishwakarma/Handy/Archem/pepchat-ios/Revolt.xcodeproj
    

SwiftCompile normal arm64 /Users/harishvishwakarma/Library/Developer/Xcode/DerivedData/Revolt-dharrjsambcimaaziudpvzjdcigm/SourcePackages/checkouts/SwiftParsec/Sources/SwiftParsec/GenericParser.swift (in target 'SwiftParsec' from project 'SwiftParsec')
    cd /Users/harishvishwakarma/Handy/Archem/pepchat-ios/Revolt.xcodeproj
    

SwiftDriverJobDiscovery normal arm64 Compiling HFlow.swift (in target 'SwiftUIFlow' from project 'SwiftUIFlow')

SwiftCompile normal arm64 Compiling\ Configuration.swift,\ Either.swift /Users/harishvishwakarma/Library/Developer/Xcode/DerivedData/Revolt-dharrjsambcimaaziudpvzjdcigm/SourcePackages/checkouts/SwiftParsec/Sources/SwiftParsec/Configuration.swift /Users/harishvishwakarma/Library/Developer/Xcode/DerivedData/Revolt-dharrjsambcimaaziudpvzjdcigm/SourcePackages/checkouts/SwiftParsec/Sources/SwiftParsec/Either.swift (in target 'SwiftParsec' from project 'SwiftParsec')

SwiftCompile normal arm64 /Users/harishvishwakarma/Library/Developer/Xcode/DerivedData/Revolt-dharrjsambcimaaziudpvzjdcigm/SourcePackages/checkouts/SwiftParsec/Sources/SwiftParsec/Configuration.swift (in target 'SwiftParsec' from project 'SwiftParsec')
    cd /Users/harishvishwakarma/Handy/Archem/pepchat-ios/Revolt.xcodeproj
    

SwiftCompile normal arm64 /Users/harishvishwakarma/Library/Developer/Xcode/DerivedData/Revolt-dharrjsambcimaaziudpvzjdcigm/SourcePackages/checkouts/SwiftParsec/Sources/SwiftParsec/Either.swift (in target 'SwiftParsec' from project 'SwiftParsec')
    cd /Users/harishvishwakarma/Handy/Archem/pepchat-ios/Revolt.xcodeproj
    

SwiftDriverJobDiscovery normal x86_64 Compiling Empty.swift (in target 'SwiftSyntax509' from project 'swift-syntax')

SwiftDriver\ Compilation SwiftSyntax509 normal x86_64 com.apple.xcode.tools.swift.compiler (in target 'SwiftSyntax509' from project 'swift-syntax')
    cd /Users/harishvishwakarma/Handy/Archem/pepchat-ios/Revolt.xcodeproj
    builtin-Swift-Compilation -- /Applications/Xcode.app/Contents/Developer/Toolchains/XcodeDefault.xctoolchain/usr/bin/swiftc -module-name SwiftSyntax509 -Onone -enforce-exclusivity\=checked @/Users/harishvishwakarma/Library/Developer/Xcode/DerivedData/Revolt-dharrjsambcimaaziudpvzjdcigm/Build/Intermediates.noindex/swift-syntax.build/Debug/SwiftSyntax509.build/Objects-normal/x86_64/SwiftSyntax509.SwiftFileList -DSWIFT_PACKAGE -DDEBUG -DXcode -plugin-path /Applications/Xcode.app/Contents/Developer/Toolchains/XcodeDefault.xctoolchain/usr/lib/swift/host/plugins/testing -enable-experimental-feature DebugDescriptionMacro -sdk /Applications/Xcode.app/Contents/Developer/Platforms/MacOSX.platform/Developer/SDKs/MacOSX15.5.sdk -target x86_64-apple-macos10.15 -g -module-cache-path /Users/harishvishwakarma/Library/Developer/Xcode/DerivedData/ModuleCache.noindex -Xfrontend -serialize-debugging-options -enable-testing -suppress-warnings -index-store-path /Users/harishvishwakarma/Library/Developer/Xcode/DerivedData/Revolt-dharrjsambcimaaziudpvzjdcigm/Index.noindex/DataStore -swift-version 5 -I /Users/harishvishwakarma/Library/Developer/Xcode/DerivedData/Revolt-dharrjsambcimaaziudpvzjdcigm/Build/Products/Debug -I /Applications/Xcode.app/Contents/Developer/Platforms/MacOSX.platform/Developer/usr/lib -F /Users/harishvishwakarma/Library/Developer/Xcode/DerivedData/Revolt-dharrjsambcimaaziudpvzjdcigm/Build/Products/Debug -F /Applications/Xcode.app/Contents/Developer/Platforms/MacOSX.platform/Developer/Library/Frameworks -parse-as-library -c -j12 -enable-batch-mode -incremental -Xcc -ivfsstatcache -Xcc /Users/harishvishwakarma/Library/Developer/Xcode/DerivedData/SDKStatCaches.noindex/macosx15.5-24F74-8254517eb8b97d462ccbc072ba9094c9.sdkstatcache -output-file-map /Users/harishvishwakarma/Library/Developer/Xcode/DerivedData/Revolt-dharrjsambcimaaziudpvzjdcigm/Build/Intermediates.noindex/swift-syntax.build/Debug/SwiftSyntax509.build/Objects-normal/x86_64/SwiftSyntax509-OutputFileMap.json -use-frontend-parseable-output -save-temps -no-color-diagnostics -serialize-diagnostics -emit-dependencies -emit-module -emit-module-path /Users/harishvishwakarma/Library/Developer/Xcode/DerivedData/Revolt-dharrjsambcimaaziudpvzjdcigm/Build/Intermediates.noindex/swift-syntax.build/Debug/SwiftSyntax509.build/Objects-normal/x86_64/SwiftSyntax509.swiftmodule -validate-clang-modules-once -clang-build-session-file /Users/harishvishwakarma/Library/Developer/Xcode/DerivedData/ModuleCache.noindex/Session.modulevalidation -Xcc -I/Users/harishvishwakarma/Library/Developer/Xcode/DerivedData/Revolt-dharrjsambcimaaziudpvzjdcigm/Build/Intermediates.noindex/swift-syntax.build/Debug/SwiftSyntax509.build/swift-overrides.hmap -emit-const-values -Xfrontend -const-gather-protocols-file -Xfrontend /Users/harishvishwakarma/Library/Developer/Xcode/DerivedData/Revolt-dharrjsambcimaaziudpvzjdcigm/Build/Intermediates.noindex/swift-syntax.build/Debug/SwiftSyntax509.build/Objects-normal/x86_64/SwiftSyntax509_const_extract_protocols.json -Xcc -I/Users/harishvishwakarma/Library/Developer/Xcode/DerivedData/Revolt-dharrjsambcimaaziudpvzjdcigm/Build/Products/Debug/include -Xcc -I/Users/harishvishwakarma/Library/Developer/Xcode/DerivedData/Revolt-dharrjsambcimaaziudpvzjdcigm/Build/Intermediates.noindex/swift-syntax.build/Debug/SwiftSyntax509.build/DerivedSources-normal/x86_64 -Xcc -I/Users/harishvishwakarma/Library/Developer/Xcode/DerivedData/Revolt-dharrjsambcimaaziudpvzjdcigm/Build/Intermediates.noindex/swift-syntax.build/Debug/SwiftSyntax509.build/DerivedSources/x86_64 -Xcc -I/Users/harishvishwakarma/Library/Developer/Xcode/DerivedData/Revolt-dharrjsambcimaaziudpvzjdcigm/Build/Intermediates.noindex/swift-syntax.build/Debug/SwiftSyntax509.build/DerivedSources -Xcc -DSWIFT_PACKAGE -Xcc -DDEBUG\=1 -emit-objc-header -emit-objc-header-path /Users/harishvishwakarma/Library/Developer/Xcode/DerivedData/Revolt-dharrjsambcimaaziudpvzjdcigm/Build/Intermediates.noindex/swift-syntax.build/Debug/SwiftSyntax509.build/Objects-normal/x86_64/SwiftSyntax509-Swift.h -working-directory /Users/harishvishwakarma/Handy/Archem/pepchat-ios/Revolt.xcodeproj -experimental-emit-module-separately -disable-cmo

SwiftDriverJobDiscovery normal arm64 Compiling Empty.swift (in target 'SwiftSyntax509' from project 'swift-syntax')

SwiftCompile normal arm64 Compiling\ RangeReplaceableCollectionInsertion.swift,\ SequenceAggregation.swift /Users/harishvishwakarma/Library/Developer/Xcode/DerivedData/Revolt-dharrjsambcimaaziudpvzjdcigm/SourcePackages/checkouts/SwiftParsec/Sources/SwiftParsec/RangeReplaceableCollectionInsertion.swift /Users/harishvishwakarma/Library/Developer/Xcode/DerivedData/Revolt-dharrjsambcimaaziudpvzjdcigm/SourcePackages/checkouts/SwiftParsec/Sources/SwiftParsec/SequenceAggregation.swift (in target 'SwiftParsec' from project 'SwiftParsec')

SwiftCompile normal arm64 /Users/harishvishwakarma/Library/Developer/Xcode/DerivedData/Revolt-dharrjsambcimaaziudpvzjdcigm/SourcePackages/checkouts/SwiftParsec/Sources/SwiftParsec/RangeReplaceableCollectionInsertion.swift (in target 'SwiftParsec' from project 'SwiftParsec')
    cd /Users/harishvishwakarma/Handy/Archem/pepchat-ios/Revolt.xcodeproj
    

SwiftCompile normal arm64 /Users/harishvishwakarma/Library/Developer/Xcode/DerivedData/Revolt-dharrjsambcimaaziudpvzjdcigm/SourcePackages/checkouts/SwiftParsec/Sources/SwiftParsec/SequenceAggregation.swift (in target 'SwiftParsec' from project 'SwiftParsec')
    cd /Users/harishvishwakarma/Handy/Archem/pepchat-ios/Revolt.xcodeproj
    

SwiftDriver\ Compilation SwiftSyntax509 normal arm64 com.apple.xcode.tools.swift.compiler (in target 'SwiftSyntax509' from project 'swift-syntax')
    cd /Users/harishvishwakarma/Handy/Archem/pepchat-ios/Revolt.xcodeproj
    builtin-Swift-Compilation -- /Applications/Xcode.app/Contents/Developer/Toolchains/XcodeDefault.xctoolchain/usr/bin/swiftc -module-name SwiftSyntax509 -Onone -enforce-exclusivity\=checked @/Users/harishvishwakarma/Library/Developer/Xcode/DerivedData/Revolt-dharrjsambcimaaziudpvzjdcigm/Build/Intermediates.noindex/swift-syntax.build/Debug/SwiftSyntax509.build/Objects-normal/arm64/SwiftSyntax509.SwiftFileList -DSWIFT_PACKAGE -DDEBUG -DXcode -plugin-path /Applications/Xcode.app/Contents/Developer/Toolchains/XcodeDefault.xctoolchain/usr/lib/swift/host/plugins/testing -enable-experimental-feature DebugDescriptionMacro -sdk /Applications/Xcode.app/Contents/Developer/Platforms/MacOSX.platform/Developer/SDKs/MacOSX15.5.sdk -target arm64-apple-macos10.15 -g -module-cache-path /Users/harishvishwakarma/Library/Developer/Xcode/DerivedData/ModuleCache.noindex -Xfrontend -serialize-debugging-options -enable-testing -suppress-warnings -index-store-path /Users/harishvishwakarma/Library/Developer/Xcode/DerivedData/Revolt-dharrjsambcimaaziudpvzjdcigm/Index.noindex/DataStore -swift-version 5 -I /Users/harishvishwakarma/Library/Developer/Xcode/DerivedData/Revolt-dharrjsambcimaaziudpvzjdcigm/Build/Products/Debug -I /Applications/Xcode.app/Contents/Developer/Platforms/MacOSX.platform/Developer/usr/lib -F /Users/harishvishwakarma/Library/Developer/Xcode/DerivedData/Revolt-dharrjsambcimaaziudpvzjdcigm/Build/Products/Debug -F /Applications/Xcode.app/Contents/Developer/Platforms/MacOSX.platform/Developer/Library/Frameworks -parse-as-library -c -j12 -enable-batch-mode -incremental -Xcc -ivfsstatcache -Xcc /Users/harishvishwakarma/Library/Developer/Xcode/DerivedData/SDKStatCaches.noindex/macosx15.5-24F74-8254517eb8b97d462ccbc072ba9094c9.sdkstatcache -output-file-map /Users/harishvishwakarma/Library/Developer/Xcode/DerivedData/Revolt-dharrjsambcimaaziudpvzjdcigm/Build/Intermediates.noindex/swift-syntax.build/Debug/SwiftSyntax509.build/Objects-normal/arm64/SwiftSyntax509-OutputFileMap.json -use-frontend-parseable-output -save-temps -no-color-diagnostics -serialize-diagnostics -emit-dependencies -emit-module -emit-module-path /Users/harishvishwakarma/Library/Developer/Xcode/DerivedData/Revolt-dharrjsambcimaaziudpvzjdcigm/Build/Intermediates.noindex/swift-syntax.build/Debug/SwiftSyntax509.build/Objects-normal/arm64/SwiftSyntax509.swiftmodule -validate-clang-modules-once -clang-build-session-file /Users/harishvishwakarma/Library/Developer/Xcode/DerivedData/ModuleCache.noindex/Session.modulevalidation -Xcc -I/Users/harishvishwakarma/Library/Developer/Xcode/DerivedData/Revolt-dharrjsambcimaaziudpvzjdcigm/Build/Intermediates.noindex/swift-syntax.build/Debug/SwiftSyntax509.build/swift-overrides.hmap -emit-const-values -Xfrontend -const-gather-protocols-file -Xfrontend /Users/harishvishwakarma/Library/Developer/Xcode/DerivedData/Revolt-dharrjsambcimaaziudpvzjdcigm/Build/Intermediates.noindex/swift-syntax.build/Debug/SwiftSyntax509.build/Objects-normal/arm64/SwiftSyntax509_const_extract_protocols.json -Xcc -I/Users/harishvishwakarma/Library/Developer/Xcode/DerivedData/Revolt-dharrjsambcimaaziudpvzjdcigm/Build/Products/Debug/include -Xcc -I/Users/harishvishwakarma/Library/Developer/Xcode/DerivedData/Revolt-dharrjsambcimaaziudpvzjdcigm/Build/Intermediates.noindex/swift-syntax.build/Debug/SwiftSyntax509.build/DerivedSources-normal/arm64 -Xcc -I/Users/harishvishwakarma/Library/Developer/Xcode/DerivedData/Revolt-dharrjsambcimaaziudpvzjdcigm/Build/Intermediates.noindex/swift-syntax.build/Debug/SwiftSyntax509.build/DerivedSources/arm64 -Xcc -I/Users/harishvishwakarma/Library/Developer/Xcode/DerivedData/Revolt-dharrjsambcimaaziudpvzjdcigm/Build/Intermediates.noindex/swift-syntax.build/Debug/SwiftSyntax509.build/DerivedSources -Xcc -DSWIFT_PACKAGE -Xcc -DDEBUG\=1 -emit-objc-header -emit-objc-header-path /Users/harishvishwakarma/Library/Developer/Xcode/DerivedData/Revolt-dharrjsambcimaaziudpvzjdcigm/Build/Intermediates.noindex/swift-syntax.build/Debug/SwiftSyntax509.build/Objects-normal/arm64/SwiftSyntax509-Swift.h -working-directory /Users/harishvishwakarma/Handy/Archem/pepchat-ios/Revolt.xcodeproj -experimental-emit-module-separately -disable-cmo

SwiftDriverJobDiscovery normal arm64 Compiling Flow.swift (in target 'SwiftUIFlow' from project 'SwiftUIFlow')

SwiftCompile normal arm64 Compiling\ ParseError.swift,\ Parsec.swift /Users/harishvishwakarma/Library/Developer/Xcode/DerivedData/Revolt-dharrjsambcimaaziudpvzjdcigm/SourcePackages/checkouts/SwiftParsec/Sources/SwiftParsec/ParseError.swift /Users/harishvishwakarma/Library/Developer/Xcode/DerivedData/Revolt-dharrjsambcimaaziudpvzjdcigm/SourcePackages/checkouts/SwiftParsec/Sources/SwiftParsec/Parsec.swift (in target 'SwiftParsec' from project 'SwiftParsec')
SwiftCompile normal arm64 /Users/harishvishwakarma/Library/Developer/Xcode/DerivedData/Revolt-dharrjsambcimaaziudpvzjdcigm/SourcePackages/checkouts/SwiftParsec/Sources/SwiftParsec/ParseError.swift (in target 'SwiftParsec' from project 'SwiftParsec')
    cd /Users/harishvishwakarma/Handy/Archem/pepchat-ios/Revolt.xcodeproj
    

SwiftCompile normal arm64 /Users/harishvishwakarma/Library/Developer/Xcode/DerivedData/Revolt-dharrjsambcimaaziudpvzjdcigm/SourcePackages/checkouts/SwiftParsec/Sources/SwiftParsec/Parsec.swift (in target 'SwiftParsec' from project 'SwiftParsec')
    cd /Users/harishvishwakarma/Handy/Archem/pepchat-ios/Revolt.xcodeproj
    

SwiftCompile normal arm64 Compiling\ CollectionAggregation.swift,\ CombinatorParsers.swift /Users/harishvishwakarma/Library/Developer/Xcode/DerivedData/Revolt-dharrjsambcimaaziudpvzjdcigm/SourcePackages/checkouts/SwiftParsec/Sources/SwiftParsec/CollectionAggregation.swift /Users/harishvishwakarma/Library/Developer/Xcode/DerivedData/Revolt-dharrjsambcimaaziudpvzjdcigm/SourcePackages/checkouts/SwiftParsec/Sources/SwiftParsec/CombinatorParsers.swift (in target 'SwiftParsec' from project 'SwiftParsec')

SwiftCompile normal arm64 /Users/harishvishwakarma/Library/Developer/Xcode/DerivedData/Revolt-dharrjsambcimaaziudpvzjdcigm/SourcePackages/checkouts/SwiftParsec/Sources/SwiftParsec/CollectionAggregation.swift (in target 'SwiftParsec' from project 'SwiftParsec')
    cd /Users/harishvishwakarma/Handy/Archem/pepchat-ios/Revolt.xcodeproj
    

SwiftCompile normal arm64 /Users/harishvishwakarma/Library/Developer/Xcode/DerivedData/Revolt-dharrjsambcimaaziudpvzjdcigm/SourcePackages/checkouts/SwiftParsec/Sources/SwiftParsec/CombinatorParsers.swift (in target 'SwiftParsec' from project 'SwiftParsec')
    cd /Users/harishvishwakarma/Handy/Archem/pepchat-ios/Revolt.xcodeproj
    

SwiftDriverJobDiscovery normal arm64 Compiling FlowLayout.swift (in target 'SwiftUIFlow' from project 'SwiftUIFlow')

SwiftDriver\ Compilation SwiftUIFlow normal arm64 com.apple.xcode.tools.swift.compiler (in target 'SwiftUIFlow' from project 'SwiftUIFlow')
    cd /Users/harishvishwakarma/Handy/Archem/pepchat-ios/Revolt.xcodeproj
    builtin-Swift-Compilation -- /Applications/Xcode.app/Contents/Developer/Toolchains/XcodeDefault.xctoolchain/usr/bin/swiftc -module-name SwiftUIFlow -Onone -enforce-exclusivity\=checked @/Users/harishvishwakarma/Library/Developer/Xcode/DerivedData/Revolt-dharrjsambcimaaziudpvzjdcigm/Build/Intermediates.noindex/SwiftUIFlow.build/Debug-iphoneos/SwiftUIFlow.build/Objects-normal/arm64/SwiftUIFlow.SwiftFileList -DSWIFT_PACKAGE -DDEBUG -DXcode -plugin-path /Applications/Xcode.app/Contents/Developer/Toolchains/XcodeDefault.xctoolchain/usr/lib/swift/host/plugins/testing -enable-experimental-feature DebugDescriptionMacro -sdk /Applications/Xcode.app/Contents/Developer/Platforms/iPhoneOS.platform/Developer/SDKs/iPhoneOS18.5.sdk -target arm64-apple-ios14.0 -g -module-cache-path /Users/harishvishwakarma/Library/Developer/Xcode/DerivedData/ModuleCache.noindex -Xfrontend -serialize-debugging-options -enable-testing -suppress-warnings -index-store-path /Users/harishvishwakarma/Library/Developer/Xcode/DerivedData/Revolt-dharrjsambcimaaziudpvzjdcigm/Index.noindex/DataStore -swift-version 5 -I /Users/harishvishwakarma/Library/Developer/Xcode/DerivedData/Revolt-dharrjsambcimaaziudpvzjdcigm/Build/Products/Debug-iphoneos -I /Applications/Xcode.app/Contents/Developer/Platforms/iPhoneOS.platform/Developer/usr/lib -F /Users/harishvishwakarma/Library/Developer/Xcode/DerivedData/Revolt-dharrjsambcimaaziudpvzjdcigm/Build/Products/Debug-iphoneos -F /Applications/Xcode.app/Contents/Developer/Platforms/iPhoneOS.platform/Developer/Library/Frameworks -F /Applications/Xcode.app/Contents/Developer/Platforms/iPhoneOS.platform/Developer/SDKs/iPhoneOS18.5.sdk/Developer/Library/Frameworks -c -j12 -enable-batch-mode -incremental -Xcc -ivfsstatcache -Xcc /Users/harishvishwakarma/Library/Developer/Xcode/DerivedData/SDKStatCaches.noindex/iphoneos18.5-22F76-7fa4eea80a99bbfdc046826b63ec4baf.sdkstatcache -output-file-map /Users/harishvishwakarma/Library/Developer/Xcode/DerivedData/Revolt-dharrjsambcimaaziudpvzjdcigm/Build/Intermediates.noindex/SwiftUIFlow.build/Debug-iphoneos/SwiftUIFlow.build/Objects-normal/arm64/SwiftUIFlow-OutputFileMap.json -use-frontend-parseable-output -save-temps -no-color-diagnostics -serialize-diagnostics -emit-dependencies -emit-module -emit-module-path /Users/harishvishwakarma/Library/Developer/Xcode/DerivedData/Revolt-dharrjsambcimaaziudpvzjdcigm/Build/Intermediates.noindex/SwiftUIFlow.build/Debug-iphoneos/SwiftUIFlow.build/Objects-normal/arm64/SwiftUIFlow.swiftmodule -validate-clang-modules-once -clang-build-session-file /Users/harishvishwakarma/Library/Developer/Xcode/DerivedData/ModuleCache.noindex/Session.modulevalidation -Xcc -I/Users/harishvishwakarma/Library/Developer/Xcode/DerivedData/Revolt-dharrjsambcimaaziudpvzjdcigm/Build/Intermediates.noindex/SwiftUIFlow.build/Debug-iphoneos/SwiftUIFlow.build/swift-overrides.hmap -emit-const-values -Xfrontend -const-gather-protocols-file -Xfrontend /Users/harishvishwakarma/Library/Developer/Xcode/DerivedData/Revolt-dharrjsambcimaaziudpvzjdcigm/Build/Intermediates.noindex/SwiftUIFlow.build/Debug-iphoneos/SwiftUIFlow.build/Objects-normal/arm64/SwiftUIFlow_const_extract_protocols.json -Xcc -I/Users/harishvishwakarma/Library/Developer/Xcode/DerivedData/Revolt-dharrjsambcimaaziudpvzjdcigm/Build/Products/Debug-iphoneos/include -Xcc -I/Users/harishvishwakarma/Library/Developer/Xcode/DerivedData/Revolt-dharrjsambcimaaziudpvzjdcigm/Build/Intermediates.noindex/SwiftUIFlow.build/Debug-iphoneos/SwiftUIFlow.build/DerivedSources-normal/arm64 -Xcc -I/Users/harishvishwakarma/Library/Developer/Xcode/DerivedData/Revolt-dharrjsambcimaaziudpvzjdcigm/Build/Intermediates.noindex/SwiftUIFlow.build/Debug-iphoneos/SwiftUIFlow.build/DerivedSources/arm64 -Xcc -I/Users/harishvishwakarma/Library/Developer/Xcode/DerivedData/Revolt-dharrjsambcimaaziudpvzjdcigm/Build/Intermediates.noindex/SwiftUIFlow.build/Debug-iphoneos/SwiftUIFlow.build/DerivedSources -Xcc -DSWIFT_PACKAGE -Xcc -DDEBUG\=1 -emit-objc-header -emit-objc-header-path /Users/harishvishwakarma/Library/Developer/Xcode/DerivedData/Revolt-dharrjsambcimaaziudpvzjdcigm/Build/Intermediates.noindex/SwiftUIFlow.build/Debug-iphoneos/SwiftUIFlow.build/Objects-normal/arm64/SwiftUIFlow-Swift.h -working-directory /Users/harishvishwakarma/Handy/Archem/pepchat-ios/Revolt.xcodeproj -experimental-emit-module-separately -disable-cmo

SwiftDriverJobDiscovery normal arm64 Compiling SequenceConversion.swift, SetAggregation.swift (in target 'SwiftParsec' from project 'SwiftParsec')

SwiftCompile normal arm64 Compiling\ CharacterConversion.swift,\ CharacterMembership.swift /Users/harishvishwakarma/Library/Developer/Xcode/DerivedData/Revolt-dharrjsambcimaaziudpvzjdcigm/SourcePackages/checkouts/SwiftParsec/Sources/SwiftParsec/CharacterConversion.swift /Users/harishvishwakarma/Library/Developer/Xcode/DerivedData/Revolt-dharrjsambcimaaziudpvzjdcigm/SourcePackages/checkouts/SwiftParsec/Sources/SwiftParsec/CharacterMembership.swift (in target 'SwiftParsec' from project 'SwiftParsec')
SwiftCompile normal arm64 /Users/harishvishwakarma/Library/Developer/Xcode/DerivedData/Revolt-dharrjsambcimaaziudpvzjdcigm/SourcePackages/checkouts/SwiftParsec/Sources/SwiftParsec/CharacterConversion.swift (in target 'SwiftParsec' from project 'SwiftParsec')
    cd /Users/harishvishwakarma/Handy/Archem/pepchat-ios/Revolt.xcodeproj
    

SwiftCompile normal arm64 /Users/harishvishwakarma/Library/Developer/Xcode/DerivedData/Revolt-dharrjsambcimaaziudpvzjdcigm/SourcePackages/checkouts/SwiftParsec/Sources/SwiftParsec/CharacterMembership.swift (in target 'SwiftParsec' from project 'SwiftParsec')
    cd /Users/harishvishwakarma/Handy/Archem/pepchat-ios/Revolt.xcodeproj
    

SwiftCompile normal arm64 Compiling\ EnumeratedCSVView.swift /Users/harishvishwakarma/Library/Developer/Xcode/DerivedData/Revolt-dharrjsambcimaaziudpvzjdcigm/SourcePackages/checkouts/SwiftCSV/SwiftCSV/EnumeratedCSVView.swift (in target 'SwiftCSV' from project 'SwiftCSV')
SwiftCompile normal arm64 /Users/harishvishwakarma/Library/Developer/Xcode/DerivedData/Revolt-dharrjsambcimaaziudpvzjdcigm/SourcePackages/checkouts/SwiftCSV/SwiftCSV/EnumeratedCSVView.swift (in target 'SwiftCSV' from project 'SwiftCSV')
    cd /Users/harishvishwakarma/Handy/Archem/pepchat-ios/Revolt.xcodeproj
    

SwiftDriverJobDiscovery normal arm64 Compiling UInt16.swift, UnicodeScalar.swift (in target 'SwiftParsec' from project 'SwiftParsec')

SwiftCompile normal arm64 Compiling\ Parser.swift /Users/harishvishwakarma/Library/Developer/Xcode/DerivedData/Revolt-dharrjsambcimaaziudpvzjdcigm/SourcePackages/checkouts/SwiftCSV/SwiftCSV/Parser.swift (in target 'SwiftCSV' from project 'SwiftCSV')

SwiftCompile normal arm64 /Users/harishvishwakarma/Library/Developer/Xcode/DerivedData/Revolt-dharrjsambcimaaziudpvzjdcigm/SourcePackages/checkouts/SwiftCSV/SwiftCSV/Parser.swift (in target 'SwiftCSV' from project 'SwiftCSV')
    cd /Users/harishvishwakarma/Handy/Archem/pepchat-ios/Revolt.xcodeproj
    

SwiftDriverJobDiscovery normal arm64 Compiling Configuration.swift, Either.swift (in target 'SwiftParsec' from project 'SwiftParsec')

SwiftCompile normal arm64 Compiling\ CSV.swift /Users/harishvishwakarma/Library/Developer/Xcode/DerivedData/Revolt-dharrjsambcimaaziudpvzjdcigm/SourcePackages/checkouts/SwiftCSV/SwiftCSV/CSV.swift (in target 'SwiftCSV' from project 'SwiftCSV')
SwiftCompile normal arm64 /Users/harishvishwakarma/Library/Developer/Xcode/DerivedData/Revolt-dharrjsambcimaaziudpvzjdcigm/SourcePackages/checkouts/SwiftCSV/SwiftCSV/CSV.swift (in target 'SwiftCSV' from project 'SwiftCSV')
    cd /Users/harishvishwakarma/Handy/Archem/pepchat-ios/Revolt.xcodeproj
    

SwiftDriverJobDiscovery normal arm64 Compiling CharacterParsers.swift, CharacterSet.swift (in target 'SwiftParsec' from project 'SwiftParsec')

SwiftCompile normal arm64 Compiling\ Serializer.swift /Users/harishvishwakarma/Library/Developer/Xcode/DerivedData/Revolt-dharrjsambcimaaziudpvzjdcigm/SourcePackages/checkouts/SwiftCSV/SwiftCSV/Serializer.swift (in target 'SwiftCSV' from project 'SwiftCSV')

SwiftCompile normal arm64 /Users/harishvishwakarma/Library/Developer/Xcode/DerivedData/Revolt-dharrjsambcimaaziudpvzjdcigm/SourcePackages/checkouts/SwiftCSV/SwiftCSV/Serializer.swift (in target 'SwiftCSV' from project 'SwiftCSV')
    cd /Users/harishvishwakarma/Handy/Archem/pepchat-ios/Revolt.xcodeproj
    

SwiftDriverJobDiscovery normal arm64 Compiling RangeReplaceableCollectionInsertion.swift, SequenceAggregation.swift (in target 'SwiftParsec' from project 'SwiftParsec')

SwiftCompile normal arm64 Compiling\ CSVDelimiter.swift /Users/harishvishwakarma/Library/Developer/Xcode/DerivedData/Revolt-dharrjsambcimaaziudpvzjdcigm/SourcePackages/checkouts/SwiftCSV/SwiftCSV/CSVDelimiter.swift (in target 'SwiftCSV' from project 'SwiftCSV')

SwiftCompile normal arm64 /Users/harishvishwakarma/Library/Developer/Xcode/DerivedData/Revolt-dharrjsambcimaaziudpvzjdcigm/SourcePackages/checkouts/SwiftCSV/SwiftCSV/CSVDelimiter.swift (in target 'SwiftCSV' from project 'SwiftCSV')
    cd /Users/harishvishwakarma/Handy/Archem/pepchat-ios/Revolt.xcodeproj
    

SwiftDriverJobDiscovery normal arm64 Compiling Introspect.swift, IntrospectableViewType.swift, IntrospectionSelector.swift, IntrospectionView.swift, PlatformVersion.swift (in target 'SwiftUIIntrospect' from project 'swiftui-introspect')

SwiftDriver\ Compilation SwiftUIIntrospect normal arm64 com.apple.xcode.tools.swift.compiler (in target 'SwiftUIIntrospect' from project 'swiftui-introspect')
    cd /Users/harishvishwakarma/Handy/Archem/pepchat-ios/Revolt.xcodeproj
    builtin-Swift-Compilation -- /Applications/Xcode.app/Contents/Developer/Toolchains/XcodeDefault.xctoolchain/usr/bin/swiftc -module-name SwiftUIIntrospect -Onone -enforce-exclusivity\=checked @/Users/harishvishwakarma/Library/Developer/Xcode/DerivedData/Revolt-dharrjsambcimaaziudpvzjdcigm/Build/Intermediates.noindex/swiftui-introspect.build/Debug-iphoneos/SwiftUIIntrospect.build/Objects-normal/arm64/SwiftUIIntrospect.SwiftFileList -DSWIFT_PACKAGE -DDEBUG -DXcode -plugin-path /Applications/Xcode.app/Contents/Developer/Toolchains/XcodeDefault.xctoolchain/usr/lib/swift/host/plugins/testing -enable-experimental-feature DebugDescriptionMacro -sdk /Applications/Xcode.app/Contents/Developer/Platforms/iPhoneOS.platform/Developer/SDKs/iPhoneOS18.5.sdk -target arm64-apple-ios13.0 -g -module-cache-path /Users/harishvishwakarma/Library/Developer/Xcode/DerivedData/ModuleCache.noindex -Xfrontend -serialize-debugging-options -enable-testing -suppress-warnings -index-store-path /Users/harishvishwakarma/Library/Developer/Xcode/DerivedData/Revolt-dharrjsambcimaaziudpvzjdcigm/Index.noindex/DataStore -swift-version 6 -I /Users/harishvishwakarma/Library/Developer/Xcode/DerivedData/Revolt-dharrjsambcimaaziudpvzjdcigm/Build/Products/Debug-iphoneos -I /Applications/Xcode.app/Contents/Developer/Platforms/iPhoneOS.platform/Developer/usr/lib -F /Users/harishvishwakarma/Library/Developer/Xcode/DerivedData/Revolt-dharrjsambcimaaziudpvzjdcigm/Build/Products/Debug-iphoneos -F /Applications/Xcode.app/Contents/Developer/Platforms/iPhoneOS.platform/Developer/Library/Frameworks -F /Applications/Xcode.app/Contents/Developer/Platforms/iPhoneOS.platform/Developer/SDKs/iPhoneOS18.5.sdk/Developer/Library/Frameworks -c -j12 -enable-batch-mode -incremental -Xcc -ivfsstatcache -Xcc /Users/harishvishwakarma/Library/Developer/Xcode/DerivedData/SDKStatCaches.noindex/iphoneos18.5-22F76-7fa4eea80a99bbfdc046826b63ec4baf.sdkstatcache -output-file-map /Users/harishvishwakarma/Library/Developer/Xcode/DerivedData/Revolt-dharrjsambcimaaziudpvzjdcigm/Build/Intermediates.noindex/swiftui-introspect.build/Debug-iphoneos/SwiftUIIntrospect.build/Objects-normal/arm64/SwiftUIIntrospect-OutputFileMap.json -use-frontend-parseable-output -save-temps -no-color-diagnostics -serialize-diagnostics -emit-dependencies -emit-module -emit-module-path /Users/harishvishwakarma/Library/Developer/Xcode/DerivedData/Revolt-dharrjsambcimaaziudpvzjdcigm/Build/Intermediates.noindex/swiftui-introspect.build/Debug-iphoneos/SwiftUIIntrospect.build/Objects-normal/arm64/SwiftUIIntrospect.swiftmodule -user-module-version 1.3.0 -validate-clang-modules-once -clang-build-session-file /Users/harishvishwakarma/Library/Developer/Xcode/DerivedData/ModuleCache.noindex/Session.modulevalidation -package-name swiftui_introspect -Xcc -I/Users/harishvishwakarma/Library/Developer/Xcode/DerivedData/Revolt-dharrjsambcimaaziudpvzjdcigm/Build/Intermediates.noindex/swiftui-introspect.build/Debug-iphoneos/SwiftUIIntrospect.build/swift-overrides.hmap -emit-const-values -Xfrontend -const-gather-protocols-file -Xfrontend /Users/harishvishwakarma/Library/Developer/Xcode/DerivedData/Revolt-dharrjsambcimaaziudpvzjdcigm/Build/Intermediates.noindex/swiftui-introspect.build/Debug-iphoneos/SwiftUIIntrospect.build/Objects-normal/arm64/SwiftUIIntrospect_const_extract_protocols.json -Xcc -I/Users/harishvishwakarma/Library/Developer/Xcode/DerivedData/Revolt-dharrjsambcimaaziudpvzjdcigm/Build/Products/Debug-iphoneos/include -Xcc -I/Users/harishvishwakarma/Library/Developer/Xcode/DerivedData/Revolt-dharrjsambcimaaziudpvzjdcigm/Build/Intermediates.noindex/swiftui-introspect.build/Debug-iphoneos/SwiftUIIntrospect.build/DerivedSources-normal/arm64 -Xcc -I/Users/harishvishwakarma/Library/Developer/Xcode/DerivedData/Revolt-dharrjsambcimaaziudpvzjdcigm/Build/Intermediates.noindex/swiftui-introspect.build/Debug-iphoneos/SwiftUIIntrospect.build/DerivedSources/arm64 -Xcc -I/Users/harishvishwakarma/Library/Developer/Xcode/DerivedData/Revolt-dharrjsambcimaaziudpvzjdcigm/Build/Intermediates.noindex/swiftui-introspect.build/Debug-iphoneos/SwiftUIIntrospect.build/DerivedSources -Xcc -DSWIFT_PACKAGE -Xcc -DDEBUG\=1 -emit-objc-header -emit-objc-header-path /Users/harishvishwakarma/Library/Developer/Xcode/DerivedData/Revolt-dharrjsambcimaaziudpvzjdcigm/Build/Intermediates.noindex/swiftui-introspect.build/Debug-iphoneos/SwiftUIIntrospect.build/Objects-normal/arm64/SwiftUIIntrospect-Swift.h -working-directory /Users/harishvishwakarma/Handy/Archem/pepchat-ios/Revolt.xcodeproj -experimental-emit-module-separately -disable-cmo

SwiftDriverJobDiscovery normal arm64 Compiling GenericTokenParser.swift, LanguageDefinition.swift (in target 'SwiftParsec' from project 'SwiftParsec')

SwiftCompile normal arm64 Compiling\ resource_bundle_accessor.swift /Users/harishvishwakarma/Library/Developer/Xcode/DerivedData/Revolt-dharrjsambcimaaziudpvzjdcigm/Build/Intermediates.noindex/SwiftCSV.build/Debug-iphoneos/SwiftCSV.build/DerivedSources/resource_bundle_accessor.swift (in target 'SwiftCSV' from project 'SwiftCSV')
SwiftCompile normal arm64 /Users/harishvishwakarma/Library/Developer/Xcode/DerivedData/Revolt-dharrjsambcimaaziudpvzjdcigm/Build/Intermediates.noindex/SwiftCSV.build/Debug-iphoneos/SwiftCSV.build/DerivedSources/resource_bundle_accessor.swift (in target 'SwiftCSV' from project 'SwiftCSV')
    cd /Users/harishvishwakarma/Handy/Archem/pepchat-ios/Revolt.xcodeproj
    

SwiftCompile normal arm64 Compiling\ String+Lines.swift /Users/harishvishwakarma/Library/Developer/Xcode/DerivedData/Revolt-dharrjsambcimaaziudpvzjdcigm/SourcePackages/checkouts/SwiftCSV/SwiftCSV/String+Lines.swift (in target 'SwiftCSV' from project 'SwiftCSV')

SwiftCompile normal arm64 /Users/harishvishwakarma/Library/Developer/Xcode/DerivedData/Revolt-dharrjsambcimaaziudpvzjdcigm/SourcePackages/checkouts/SwiftCSV/SwiftCSV/String+Lines.swift (in target 'SwiftCSV' from project 'SwiftCSV')
    cd /Users/harishvishwakarma/Handy/Archem/pepchat-ios/Revolt.xcodeproj
    

SwiftDriverJobDiscovery normal arm64 Compiling String.swift, TokenParser.swift (in target 'SwiftParsec' from project 'SwiftParsec')

SwiftCompile normal arm64 Compiling\ NamedCSVView.swift /Users/harishvishwakarma/Library/Developer/Xcode/DerivedData/Revolt-dharrjsambcimaaziudpvzjdcigm/SourcePackages/checkouts/SwiftCSV/SwiftCSV/NamedCSVView.swift (in target 'SwiftCSV' from project 'SwiftCSV')
SwiftCompile normal arm64 /Users/harishvishwakarma/Library/Developer/Xcode/DerivedData/Revolt-dharrjsambcimaaziudpvzjdcigm/SourcePackages/checkouts/SwiftCSV/SwiftCSV/NamedCSVView.swift (in target 'SwiftCSV' from project 'SwiftCSV')
    cd /Users/harishvishwakarma/Handy/Archem/pepchat-ios/Revolt.xcodeproj
    

SwiftDriverJobDiscovery normal arm64 Compiling Permutation.swift, Position.swift (in target 'SwiftParsec' from project 'SwiftParsec')

SwiftCompile normal arm64 Compiling\ CSV+DelimiterGuessing.swift /Users/harishvishwakarma/Library/Developer/Xcode/DerivedData/Revolt-dharrjsambcimaaziudpvzjdcigm/SourcePackages/checkouts/SwiftCSV/SwiftCSV/CSV+DelimiterGuessing.swift (in target 'SwiftCSV' from project 'SwiftCSV')
SwiftCompile normal arm64 /Users/harishvishwakarma/Library/Developer/Xcode/DerivedData/Revolt-dharrjsambcimaaziudpvzjdcigm/SourcePackages/checkouts/SwiftCSV/SwiftCSV/CSV+DelimiterGuessing.swift (in target 'SwiftCSV' from project 'SwiftCSV')
    cd /Users/harishvishwakarma/Handy/Archem/pepchat-ios/Revolt.xcodeproj
    

SwiftDriverJobDiscovery normal arm64 Compiling CollectionAggregation.swift, CombinatorParsers.swift (in target 'SwiftParsec' from project 'SwiftParsec')

SwiftCompile normal arm64 Compiling\ ParsingState.swift /Users/harishvishwakarma/Library/Developer/Xcode/DerivedData/Revolt-dharrjsambcimaaziudpvzjdcigm/SourcePackages/checkouts/SwiftCSV/SwiftCSV/ParsingState.swift (in target 'SwiftCSV' from project 'SwiftCSV')
SwiftCompile normal arm64 /Users/harishvishwakarma/Library/Developer/Xcode/DerivedData/Revolt-dharrjsambcimaaziudpvzjdcigm/SourcePackages/checkouts/SwiftCSV/SwiftCSV/ParsingState.swift (in target 'SwiftCSV' from project 'SwiftCSV')
    cd /Users/harishvishwakarma/Handy/Archem/pepchat-ios/Revolt.xcodeproj
    

SwiftDriverJobDiscovery normal arm64 Compiling ExpressionParser.swift, GenericParser.swift (in target 'SwiftParsec' from project 'SwiftParsec')

SwiftCompile normal arm64 Compiling\ SubviewAttachingTextViewBehavior.swift /Users/harishvishwakarma/Library/Developer/Xcode/DerivedData/Revolt-dharrjsambcimaaziudpvzjdcigm/SourcePackages/checkouts/SubviewAttachingTextView/SubviewAttachingTextView/SubviewAttachingTextViewBehavior.swift (in target 'SubviewAttachingTextView' from project 'SubviewAttachingTextView')
SwiftCompile normal arm64 /Users/harishvishwakarma/Library/Developer/Xcode/DerivedData/Revolt-dharrjsambcimaaziudpvzjdcigm/SourcePackages/checkouts/SubviewAttachingTextView/SubviewAttachingTextView/SubviewAttachingTextViewBehavior.swift (in target 'SubviewAttachingTextView' from project 'SubviewAttachingTextView')
    cd /Users/harishvishwakarma/Handy/Archem/pepchat-ios/Revolt.xcodeproj
    

SwiftDriverJobDiscovery normal arm64 Compiling ParseError.swift, Parsec.swift (in target 'SwiftParsec' from project 'SwiftParsec')

SwiftCompile normal arm64 Compiling\ TextAttachedViewProvider.swift /Users/harishvishwakarma/Library/Developer/Xcode/DerivedData/Revolt-dharrjsambcimaaziudpvzjdcigm/SourcePackages/checkouts/SubviewAttachingTextView/SubviewAttachingTextView/TextAttachedViewProvider.swift (in target 'SubviewAttachingTextView' from project 'SubviewAttachingTextView')

SwiftCompile normal arm64 /Users/harishvishwakarma/Library/Developer/Xcode/DerivedData/Revolt-dharrjsambcimaaziudpvzjdcigm/SourcePackages/checkouts/SubviewAttachingTextView/SubviewAttachingTextView/TextAttachedViewProvider.swift (in target 'SubviewAttachingTextView' from project 'SubviewAttachingTextView')
    cd /Users/harishvishwakarma/Handy/Archem/pepchat-ios/Revolt.xcodeproj
    

SwiftDriverJobDiscovery normal arm64 Compiling CharacterConversion.swift, CharacterMembership.swift (in target 'SwiftParsec' from project 'SwiftParsec')

SwiftDriverJobDiscovery normal arm64 Compiling CSVDelimiter.swift (in target 'SwiftCSV' from project 'SwiftCSV')

SwiftDriver\ Compilation SwiftParsec normal arm64 com.apple.xcode.tools.swift.compiler (in target 'SwiftParsec' from project 'SwiftParsec')
    cd /Users/harishvishwakarma/Handy/Archem/pepchat-ios/Revolt.xcodeproj
    builtin-Swift-Compilation -- /Applications/Xcode.app/Contents/Developer/Toolchains/XcodeDefault.xctoolchain/usr/bin/swiftc -module-name SwiftParsec -Onone -enforce-exclusivity\=checked @/Users/harishvishwakarma/Library/Developer/Xcode/DerivedData/Revolt-dharrjsambcimaaziudpvzjdcigm/Build/Intermediates.noindex/SwiftParsec.build/Debug-iphoneos/SwiftParsec.build/Objects-normal/arm64/SwiftParsec.SwiftFileList -DSWIFT_PACKAGE -DDEBUG -DXcode -plugin-path /Applications/Xcode.app/Contents/Developer/Toolchains/XcodeDefault.xctoolchain/usr/lib/swift/host/plugins/testing -enable-experimental-feature DebugDescriptionMacro -sdk /Applications/Xcode.app/Contents/Developer/Platforms/iPhoneOS.platform/Developer/SDKs/iPhoneOS18.5.sdk -target arm64-apple-ios12.0 -g -module-cache-path /Users/harishvishwakarma/Library/Developer/Xcode/DerivedData/ModuleCache.noindex -Xfrontend -serialize-debugging-options -enable-testing -suppress-warnings -index-store-path /Users/harishvishwakarma/Library/Developer/Xcode/DerivedData/Revolt-dharrjsambcimaaziudpvzjdcigm/Index.noindex/DataStore -swift-version 4.2 -I /Users/harishvishwakarma/Library/Developer/Xcode/DerivedData/Revolt-dharrjsambcimaaziudpvzjdcigm/Build/Products/Debug-iphoneos -I /Applications/Xcode.app/Contents/Developer/Platforms/iPhoneOS.platform/Developer/usr/lib -F /Users/harishvishwakarma/Library/Developer/Xcode/DerivedData/Revolt-dharrjsambcimaaziudpvzjdcigm/Build/Products/Debug-iphoneos -F /Applications/Xcode.app/Contents/Developer/Platforms/iPhoneOS.platform/Developer/Library/Frameworks -F /Applications/Xcode.app/Contents/Developer/Platforms/iPhoneOS.platform/Developer/SDKs/iPhoneOS18.5.sdk/Developer/Library/Frameworks -c -j12 -enable-batch-mode -incremental -Xcc -ivfsstatcache -Xcc /Users/harishvishwakarma/Library/Developer/Xcode/DerivedData/SDKStatCaches.noindex/iphoneos18.5-22F76-7fa4eea80a99bbfdc046826b63ec4baf.sdkstatcache -output-file-map /Users/harishvishwakarma/Library/Developer/Xcode/DerivedData/Revolt-dharrjsambcimaaziudpvzjdcigm/Build/Intermediates.noindex/SwiftParsec.build/Debug-iphoneos/SwiftParsec.build/Objects-normal/arm64/SwiftParsec-OutputFileMap.json -use-frontend-parseable-output -save-temps -no-color-diagnostics -serialize-diagnostics -emit-dependencies -emit-module -emit-module-path /Users/harishvishwakarma/Library/Developer/Xcode/DerivedData/Revolt-dharrjsambcimaaziudpvzjdcigm/Build/Intermediates.noindex/SwiftParsec.build/Debug-iphoneos/SwiftParsec.build/Objects-normal/arm64/SwiftParsec.swiftmodule -validate-clang-modules-once -clang-build-session-file /Users/harishvishwakarma/Library/Developer/Xcode/DerivedData/ModuleCache.noindex/Session.modulevalidation -Xcc -I/Users/harishvishwakarma/Library/Developer/Xcode/DerivedData/Revolt-dharrjsambcimaaziudpvzjdcigm/Build/Intermediates.noindex/SwiftParsec.build/Debug-iphoneos/SwiftParsec.build/swift-overrides.hmap -emit-const-values -Xfrontend -const-gather-protocols-file -Xfrontend /Users/harishvishwakarma/Library/Developer/Xcode/DerivedData/Revolt-dharrjsambcimaaziudpvzjdcigm/Build/Intermediates.noindex/SwiftParsec.build/Debug-iphoneos/SwiftParsec.build/Objects-normal/arm64/SwiftParsec_const_extract_protocols.json -Xcc -I/Users/harishvishwakarma/Library/Developer/Xcode/DerivedData/Revolt-dharrjsambcimaaziudpvzjdcigm/Build/Products/Debug-iphoneos/include -Xcc -I/Users/harishvishwakarma/Library/Developer/Xcode/DerivedData/Revolt-dharrjsambcimaaziudpvzjdcigm/Build/Intermediates.noindex/SwiftParsec.build/Debug-iphoneos/SwiftParsec.build/DerivedSources-normal/arm64 -Xcc -I/Users/harishvishwakarma/Library/Developer/Xcode/DerivedData/Revolt-dharrjsambcimaaziudpvzjdcigm/Build/Intermediates.noindex/SwiftParsec.build/Debug-iphoneos/SwiftParsec.build/DerivedSources/arm64 -Xcc -I/Users/harishvishwakarma/Library/Developer/Xcode/DerivedData/Revolt-dharrjsambcimaaziudpvzjdcigm/Build/Intermediates.noindex/SwiftParsec.build/Debug-iphoneos/SwiftParsec.build/DerivedSources -Xcc -DSWIFT_PACKAGE -Xcc -DDEBUG\=1 -emit-objc-header -emit-objc-header-path /Users/harishvishwakarma/Library/Developer/Xcode/DerivedData/Revolt-dharrjsambcimaaziudpvzjdcigm/Build/Intermediates.noindex/SwiftParsec.build/Debug-iphoneos/SwiftParsec.build/Objects-normal/arm64/SwiftParsec-Swift.h -working-directory /Users/harishvishwakarma/Handy/Archem/pepchat-ios/Revolt.xcodeproj -experimental-emit-module-separately -disable-cmo

SwiftCompile normal arm64 Compiling\ SubviewAttachingTextView.swift /Users/harishvishwakarma/Library/Developer/Xcode/DerivedData/Revolt-dharrjsambcimaaziudpvzjdcigm/SourcePackages/checkouts/SubviewAttachingTextView/SubviewAttachingTextView/SubviewAttachingTextView.swift (in target 'SubviewAttachingTextView' from project 'SubviewAttachingTextView')

SwiftCompile normal arm64 /Users/harishvishwakarma/Library/Developer/Xcode/DerivedData/Revolt-dharrjsambcimaaziudpvzjdcigm/SourcePackages/checkouts/SubviewAttachingTextView/SubviewAttachingTextView/SubviewAttachingTextView.swift (in target 'SubviewAttachingTextView' from project 'SubviewAttachingTextView')
    cd /Users/harishvishwakarma/Handy/Archem/pepchat-ios/Revolt.xcodeproj
    

SwiftCompile normal arm64 Compiling\ SubviewTextAttachment.swift /Users/harishvishwakarma/Library/Developer/Xcode/DerivedData/Revolt-dharrjsambcimaaziudpvzjdcigm/SourcePackages/checkouts/SubviewAttachingTextView/SubviewAttachingTextView/SubviewTextAttachment.swift (in target 'SubviewAttachingTextView' from project 'SubviewAttachingTextView')

SwiftCompile normal arm64 /Users/harishvishwakarma/Library/Developer/Xcode/DerivedData/Revolt-dharrjsambcimaaziudpvzjdcigm/SourcePackages/checkouts/SubviewAttachingTextView/SubviewAttachingTextView/SubviewTextAttachment.swift (in target 'SubviewAttachingTextView' from project 'SubviewAttachingTextView')
    cd /Users/harishvishwakarma/Handy/Archem/pepchat-ios/Revolt.xcodeproj
    

SwiftDriverJobDiscovery normal arm64 Compiling Serializer.swift (in target 'SwiftCSV' from project 'SwiftCSV')

SwiftCompile normal arm64 Compiling\ WebSocketServer.swift,\ WebSocket.swift /Users/harishvishwakarma/Library/Developer/Xcode/DerivedData/Revolt-dharrjsambcimaaziudpvzjdcigm/SourcePackages/checkouts/Starscream/Sources/Server/WebSocketServer.swift /Users/harishvishwakarma/Library/Developer/Xcode/DerivedData/Revolt-dharrjsambcimaaziudpvzjdcigm/SourcePackages/checkouts/Starscream/Sources/Starscream/WebSocket.swift (in target 'Starscream' from project 'Starscream')
SwiftCompile normal arm64 /Users/harishvishwakarma/Library/Developer/Xcode/DerivedData/Revolt-dharrjsambcimaaziudpvzjdcigm/SourcePackages/checkouts/Starscream/Sources/Server/WebSocketServer.swift (in target 'Starscream' from project 'Starscream')
    cd /Users/harishvishwakarma/Handy/Archem/pepchat-ios/Revolt.xcodeproj
    

SwiftCompile normal arm64 /Users/harishvishwakarma/Library/Developer/Xcode/DerivedData/Revolt-dharrjsambcimaaziudpvzjdcigm/SourcePackages/checkouts/Starscream/Sources/Starscream/WebSocket.swift (in target 'Starscream' from project 'Starscream')
    cd /Users/harishvishwakarma/Handy/Archem/pepchat-ios/Revolt.xcodeproj
    

SwiftDriverJobDiscovery normal arm64 Compiling Parser.swift (in target 'SwiftCSV' from project 'SwiftCSV')

SwiftCompile normal arm64 Compiling\ WSCompression.swift,\ Data+Extensions.swift /Users/harishvishwakarma/Library/Developer/Xcode/DerivedData/Revolt-dharrjsambcimaaziudpvzjdcigm/SourcePackages/checkouts/Starscream/Sources/Compression/WSCompression.swift /Users/harishvishwakarma/Library/Developer/Xcode/DerivedData/Revolt-dharrjsambcimaaziudpvzjdcigm/SourcePackages/checkouts/Starscream/Sources/DataBytes/Data+Extensions.swift (in target 'Starscream' from project 'Starscream')
SwiftCompile normal arm64 /Users/harishvishwakarma/Library/Developer/Xcode/DerivedData/Revolt-dharrjsambcimaaziudpvzjdcigm/SourcePackages/checkouts/Starscream/Sources/Compression/WSCompression.swift (in target 'Starscream' from project 'Starscream')
    cd /Users/harishvishwakarma/Handy/Archem/pepchat-ios/Revolt.xcodeproj
    

SwiftCompile normal arm64 /Users/harishvishwakarma/Library/Developer/Xcode/DerivedData/Revolt-dharrjsambcimaaziudpvzjdcigm/SourcePackages/checkouts/Starscream/Sources/DataBytes/Data+Extensions.swift (in target 'Starscream' from project 'Starscream')
    cd /Users/harishvishwakarma/Handy/Archem/pepchat-ios/Revolt.xcodeproj
    

SwiftDriverJobDiscovery normal arm64 Compiling EnumeratedCSVView.swift (in target 'SwiftCSV' from project 'SwiftCSV')

SwiftCompile normal arm64 Compiling\ Framer.swift,\ HTTPHandler.swift /Users/harishvishwakarma/Library/Developer/Xcode/DerivedData/Revolt-dharrjsambcimaaziudpvzjdcigm/SourcePackages/checkouts/Starscream/Sources/Framer/Framer.swift /Users/harishvishwakarma/Library/Developer/Xcode/DerivedData/Revolt-dharrjsambcimaaziudpvzjdcigm/SourcePackages/checkouts/Starscream/Sources/Framer/HTTPHandler.swift (in target 'Starscream' from project 'Starscream')
SwiftCompile normal arm64 /Users/harishvishwakarma/Library/Developer/Xcode/DerivedData/Revolt-dharrjsambcimaaziudpvzjdcigm/SourcePackages/checkouts/Starscream/Sources/Framer/Framer.swift (in target 'Starscream' from project 'Starscream')
    cd /Users/harishvishwakarma/Handy/Archem/pepchat-ios/Revolt.xcodeproj
    

SwiftCompile normal arm64 /Users/harishvishwakarma/Library/Developer/Xcode/DerivedData/Revolt-dharrjsambcimaaziudpvzjdcigm/SourcePackages/checkouts/Starscream/Sources/Framer/HTTPHandler.swift (in target 'Starscream' from project 'Starscream')
    cd /Users/harishvishwakarma/Handy/Archem/pepchat-ios/Revolt.xcodeproj
    

SwiftDriverJobDiscovery normal arm64 Compiling CSV.swift (in target 'SwiftCSV' from project 'SwiftCSV')

SwiftCompile normal arm64 Compiling\ WSEngine.swift,\ FoundationHTTPHandler.swift /Users/harishvishwakarma/Library/Developer/Xcode/DerivedData/Revolt-dharrjsambcimaaziudpvzjdcigm/SourcePackages/checkouts/Starscream/Sources/Engine/WSEngine.swift /Users/harishvishwakarma/Library/Developer/Xcode/DerivedData/Revolt-dharrjsambcimaaziudpvzjdcigm/SourcePackages/checkouts/Starscream/Sources/Framer/FoundationHTTPHandler.swift (in target 'Starscream' from project 'Starscream')

SwiftCompile normal arm64 /Users/harishvishwakarma/Library/Developer/Xcode/DerivedData/Revolt-dharrjsambcimaaziudpvzjdcigm/SourcePackages/checkouts/Starscream/Sources/Engine/WSEngine.swift (in target 'Starscream' from project 'Starscream')
    cd /Users/harishvishwakarma/Handy/Archem/pepchat-ios/Revolt.xcodeproj
    

SwiftCompile normal arm64 /Users/harishvishwakarma/Library/Developer/Xcode/DerivedData/Revolt-dharrjsambcimaaziudpvzjdcigm/SourcePackages/checkouts/Starscream/Sources/Framer/FoundationHTTPHandler.swift (in target 'Starscream' from project 'Starscream')
    cd /Users/harishvishwakarma/Handy/Archem/pepchat-ios/Revolt.xcodeproj
    

SwiftDriverJobDiscovery normal arm64 Compiling String+Lines.swift (in target 'SwiftCSV' from project 'SwiftCSV')

SwiftCompile normal arm64 Compiling\ resource_bundle_accessor.swift,\ Compression.swift /Users/harishvishwakarma/Library/Developer/Xcode/DerivedData/Revolt-dharrjsambcimaaziudpvzjdcigm/Build/Intermediates.noindex/Starscream.build/Debug-iphoneos/Starscream.build/DerivedSources/resource_bundle_accessor.swift /Users/harishvishwakarma/Library/Developer/Xcode/DerivedData/Revolt-dharrjsambcimaaziudpvzjdcigm/SourcePackages/checkouts/Starscream/Sources/Compression/Compression.swift (in target 'Starscream' from project 'Starscream')

SwiftCompile normal arm64 /Users/harishvishwakarma/Library/Developer/Xcode/DerivedData/Revolt-dharrjsambcimaaziudpvzjdcigm/Build/Intermediates.noindex/Starscream.build/Debug-iphoneos/Starscream.build/DerivedSources/resource_bundle_accessor.swift (in target 'Starscream' from project 'Starscream')
    cd /Users/harishvishwakarma/Handy/Archem/pepchat-ios/Revolt.xcodeproj
    

SwiftCompile normal arm64 /Users/harishvishwakarma/Library/Developer/Xcode/DerivedData/Revolt-dharrjsambcimaaziudpvzjdcigm/SourcePackages/checkouts/Starscream/Sources/Compression/Compression.swift (in target 'Starscream' from project 'Starscream')
    cd /Users/harishvishwakarma/Handy/Archem/pepchat-ios/Revolt.xcodeproj
    

SwiftDriverJobDiscovery normal arm64 Compiling resource_bundle_accessor.swift (in target 'SwiftCSV' from project 'SwiftCSV')

SwiftCompile normal arm64 Compiling\ Transport.swift /Users/harishvishwakarma/Library/Developer/Xcode/DerivedData/Revolt-dharrjsambcimaaziudpvzjdcigm/SourcePackages/checkouts/Starscream/Sources/Transport/Transport.swift (in target 'Starscream' from project 'Starscream')

SwiftCompile normal arm64 /Users/harishvishwakarma/Library/Developer/Xcode/DerivedData/Revolt-dharrjsambcimaaziudpvzjdcigm/SourcePackages/checkouts/Starscream/Sources/Transport/Transport.swift (in target 'Starscream' from project 'Starscream')
    cd /Users/harishvishwakarma/Handy/Archem/pepchat-ios/Revolt.xcodeproj
    

SwiftDriverJobDiscovery normal arm64 Compiling TextAttachedViewProvider.swift (in target 'SubviewAttachingTextView' from project 'SubviewAttachingTextView')

SwiftCompile normal arm64 Compiling\ TCPTransport.swift /Users/harishvishwakarma/Library/Developer/Xcode/DerivedData/Revolt-dharrjsambcimaaziudpvzjdcigm/SourcePackages/checkouts/Starscream/Sources/Transport/TCPTransport.swift (in target 'Starscream' from project 'Starscream')

SwiftCompile normal arm64 /Users/harishvishwakarma/Library/Developer/Xcode/DerivedData/Revolt-dharrjsambcimaaziudpvzjdcigm/SourcePackages/checkouts/Starscream/Sources/Transport/TCPTransport.swift (in target 'Starscream' from project 'Starscream')
    cd /Users/harishvishwakarma/Handy/Archem/pepchat-ios/Revolt.xcodeproj
    

SwiftDriverJobDiscovery normal arm64 Compiling NamedCSVView.swift (in target 'SwiftCSV' from project 'SwiftCSV')

SwiftCompile normal arm64 Compiling\ Security.swift,\ Server.swift /Users/harishvishwakarma/Library/Developer/Xcode/DerivedData/Revolt-dharrjsambcimaaziudpvzjdcigm/SourcePackages/checkouts/Starscream/Sources/Security/Security.swift /Users/harishvishwakarma/Library/Developer/Xcode/DerivedData/Revolt-dharrjsambcimaaziudpvzjdcigm/SourcePackages/checkouts/Starscream/Sources/Server/Server.swift (in target 'Starscream' from project 'Starscream')

SwiftCompile normal arm64 /Users/harishvishwakarma/Library/Developer/Xcode/DerivedData/Revolt-dharrjsambcimaaziudpvzjdcigm/SourcePackages/checkouts/Starscream/Sources/Security/Security.swift (in target 'Starscream' from project 'Starscream')
    cd /Users/harishvishwakarma/Handy/Archem/pepchat-ios/Revolt.xcodeproj
    

SwiftCompile normal arm64 /Users/harishvishwakarma/Library/Developer/Xcode/DerivedData/Revolt-dharrjsambcimaaziudpvzjdcigm/SourcePackages/checkouts/Starscream/Sources/Server/Server.swift (in target 'Starscream' from project 'Starscream')
    cd /Users/harishvishwakarma/Handy/Archem/pepchat-ios/Revolt.xcodeproj
    

SwiftDriverJobDiscovery normal arm64 Compiling CSV+DelimiterGuessing.swift (in target 'SwiftCSV' from project 'SwiftCSV')

SwiftCompile normal arm64 Compiling\ Engine.swift,\ NativeEngine.swift /Users/harishvishwakarma/Library/Developer/Xcode/DerivedData/Revolt-dharrjsambcimaaziudpvzjdcigm/SourcePackages/checkouts/Starscream/Sources/Engine/Engine.swift /Users/harishvishwakarma/Library/Developer/Xcode/DerivedData/Revolt-dharrjsambcimaaziudpvzjdcigm/SourcePackages/checkouts/Starscream/Sources/Engine/NativeEngine.swift (in target 'Starscream' from project 'Starscream')
SwiftCompile normal arm64 /Users/harishvishwakarma/Library/Developer/Xcode/DerivedData/Revolt-dharrjsambcimaaziudpvzjdcigm/SourcePackages/checkouts/Starscream/Sources/Engine/Engine.swift (in target 'Starscream' from project 'Starscream')
    cd /Users/harishvishwakarma/Handy/Archem/pepchat-ios/Revolt.xcodeproj
    

SwiftCompile normal arm64 /Users/harishvishwakarma/Library/Developer/Xcode/DerivedData/Revolt-dharrjsambcimaaziudpvzjdcigm/SourcePackages/checkouts/Starscream/Sources/Engine/NativeEngine.swift (in target 'Starscream' from project 'Starscream')
    cd /Users/harishvishwakarma/Handy/Archem/pepchat-ios/Revolt.xcodeproj
    

SwiftDriverJobDiscovery normal arm64 Compiling ParsingState.swift (in target 'SwiftCSV' from project 'SwiftCSV')

SwiftDriver\ Compilation SwiftCSV normal arm64 com.apple.xcode.tools.swift.compiler (in target 'SwiftCSV' from project 'SwiftCSV')
    cd /Users/harishvishwakarma/Handy/Archem/pepchat-ios/Revolt.xcodeproj
    builtin-Swift-Compilation -- /Applications/Xcode.app/Contents/Developer/Toolchains/XcodeDefault.xctoolchain/usr/bin/swiftc -module-name SwiftCSV -Onone -enforce-exclusivity\=checked @/Users/harishvishwakarma/Library/Developer/Xcode/DerivedData/Revolt-dharrjsambcimaaziudpvzjdcigm/Build/Intermediates.noindex/SwiftCSV.build/Debug-iphoneos/SwiftCSV.build/Objects-normal/arm64/SwiftCSV.SwiftFileList -DSWIFT_PACKAGE -DDEBUG -DXcode -plugin-path /Applications/Xcode.app/Contents/Developer/Toolchains/XcodeDefault.xctoolchain/usr/lib/swift/host/plugins/testing -enable-experimental-feature DebugDescriptionMacro -sdk /Applications/Xcode.app/Contents/Developer/Platforms/iPhoneOS.platform/Developer/SDKs/iPhoneOS18.5.sdk -target arm64-apple-ios12.0 -g -module-cache-path /Users/harishvishwakarma/Library/Developer/Xcode/DerivedData/ModuleCache.noindex -Xfrontend -serialize-debugging-options -enable-testing -suppress-warnings -index-store-path /Users/harishvishwakarma/Library/Developer/Xcode/DerivedData/Revolt-dharrjsambcimaaziudpvzjdcigm/Index.noindex/DataStore -swift-version 5 -I /Users/harishvishwakarma/Library/Developer/Xcode/DerivedData/Revolt-dharrjsambcimaaziudpvzjdcigm/Build/Products/Debug-iphoneos -I /Applications/Xcode.app/Contents/Developer/Platforms/iPhoneOS.platform/Developer/usr/lib -F /Users/harishvishwakarma/Library/Developer/Xcode/DerivedData/Revolt-dharrjsambcimaaziudpvzjdcigm/Build/Products/Debug-iphoneos -F /Applications/Xcode.app/Contents/Developer/Platforms/iPhoneOS.platform/Developer/Library/Frameworks -F /Applications/Xcode.app/Contents/Developer/Platforms/iPhoneOS.platform/Developer/SDKs/iPhoneOS18.5.sdk/Developer/Library/Frameworks -c -j12 -enable-batch-mode -incremental -Xcc -ivfsstatcache -Xcc /Users/harishvishwakarma/Library/Developer/Xcode/DerivedData/SDKStatCaches.noindex/iphoneos18.5-22F76-7fa4eea80a99bbfdc046826b63ec4baf.sdkstatcache -output-file-map /Users/harishvishwakarma/Library/Developer/Xcode/DerivedData/Revolt-dharrjsambcimaaziudpvzjdcigm/Build/Intermediates.noindex/SwiftCSV.build/Debug-iphoneos/SwiftCSV.build/Objects-normal/arm64/SwiftCSV-OutputFileMap.json -use-frontend-parseable-output -save-temps -no-color-diagnostics -serialize-diagnostics -emit-dependencies -emit-module -emit-module-path /Users/harishvishwakarma/Library/Developer/Xcode/DerivedData/Revolt-dharrjsambcimaaziudpvzjdcigm/Build/Intermediates.noindex/SwiftCSV.build/Debug-iphoneos/SwiftCSV.build/Objects-normal/arm64/SwiftCSV.swiftmodule -validate-clang-modules-once -clang-build-session-file /Users/harishvishwakarma/Library/Developer/Xcode/DerivedData/ModuleCache.noindex/Session.modulevalidation -Xcc -I/Users/harishvishwakarma/Library/Developer/Xcode/DerivedData/Revolt-dharrjsambcimaaziudpvzjdcigm/Build/Intermediates.noindex/SwiftCSV.build/Debug-iphoneos/SwiftCSV.build/swift-overrides.hmap -emit-const-values -Xfrontend -const-gather-protocols-file -Xfrontend /Users/harishvishwakarma/Library/Developer/Xcode/DerivedData/Revolt-dharrjsambcimaaziudpvzjdcigm/Build/Intermediates.noindex/SwiftCSV.build/Debug-iphoneos/SwiftCSV.build/Objects-normal/arm64/SwiftCSV_const_extract_protocols.json -Xcc -I/Users/harishvishwakarma/Library/Developer/Xcode/DerivedData/Revolt-dharrjsambcimaaziudpvzjdcigm/Build/Products/Debug-iphoneos/include -Xcc -I/Users/harishvishwakarma/Library/Developer/Xcode/DerivedData/Revolt-dharrjsambcimaaziudpvzjdcigm/Build/Intermediates.noindex/SwiftCSV.build/Debug-iphoneos/SwiftCSV.build/DerivedSources-normal/arm64 -Xcc -I/Users/harishvishwakarma/Library/Developer/Xcode/DerivedData/Revolt-dharrjsambcimaaziudpvzjdcigm/Build/Intermediates.noindex/SwiftCSV.build/Debug-iphoneos/SwiftCSV.build/DerivedSources/arm64 -Xcc -I/Users/harishvishwakarma/Library/Developer/Xcode/DerivedData/Revolt-dharrjsambcimaaziudpvzjdcigm/Build/Intermediates.noindex/SwiftCSV.build/Debug-iphoneos/SwiftCSV.build/DerivedSources -Xcc -DSWIFT_PACKAGE -Xcc -DDEBUG\=1 -emit-objc-header -emit-objc-header-path /Users/harishvishwakarma/Library/Developer/Xcode/DerivedData/Revolt-dharrjsambcimaaziudpvzjdcigm/Build/Intermediates.noindex/SwiftCSV.build/Debug-iphoneos/SwiftCSV.build/Objects-normal/arm64/SwiftCSV-Swift.h -working-directory /Users/harishvishwakarma/Handy/Archem/pepchat-ios/Revolt.xcodeproj -experimental-emit-module-separately -disable-cmo

SwiftDriverJobDiscovery normal arm64 Compiling SubviewAttachingTextView.swift (in target 'SubviewAttachingTextView' from project 'SubviewAttachingTextView')

SwiftCompile normal arm64 Compiling\ FoundationTransport.swift /Users/harishvishwakarma/Library/Developer/Xcode/DerivedData/Revolt-dharrjsambcimaaziudpvzjdcigm/SourcePackages/checkouts/Starscream/Sources/Transport/FoundationTransport.swift (in target 'Starscream' from project 'Starscream')
SwiftCompile normal arm64 /Users/harishvishwakarma/Library/Developer/Xcode/DerivedData/Revolt-dharrjsambcimaaziudpvzjdcigm/SourcePackages/checkouts/Starscream/Sources/Transport/FoundationTransport.swift (in target 'Starscream' from project 'Starscream')
    cd /Users/harishvishwakarma/Handy/Archem/pepchat-ios/Revolt.xcodeproj
    

SwiftCompile normal arm64 Compiling\ FoundationHTTPServerHandler.swift,\ FrameCollector.swift /Users/harishvishwakarma/Library/Developer/Xcode/DerivedData/Revolt-dharrjsambcimaaziudpvzjdcigm/SourcePackages/checkouts/Starscream/Sources/Framer/FoundationHTTPServerHandler.swift /Users/harishvishwakarma/Library/Developer/Xcode/DerivedData/Revolt-dharrjsambcimaaziudpvzjdcigm/SourcePackages/checkouts/Starscream/Sources/Framer/FrameCollector.swift (in target 'Starscream' from project 'Starscream')
SwiftCompile normal arm64 /Users/harishvishwakarma/Library/Developer/Xcode/DerivedData/Revolt-dharrjsambcimaaziudpvzjdcigm/SourcePackages/checkouts/Starscream/Sources/Framer/FoundationHTTPServerHandler.swift (in target 'Starscream' from project 'Starscream')
    cd /Users/harishvishwakarma/Handy/Archem/pepchat-ios/Revolt.xcodeproj
    

SwiftCompile normal arm64 /Users/harishvishwakarma/Library/Developer/Xcode/DerivedData/Revolt-dharrjsambcimaaziudpvzjdcigm/SourcePackages/checkouts/Starscream/Sources/Framer/FrameCollector.swift (in target 'Starscream' from project 'Starscream')
    cd /Users/harishvishwakarma/Handy/Archem/pepchat-ios/Revolt.xcodeproj
    

SwiftDriverJobDiscovery normal arm64 Compiling SubviewTextAttachment.swift (in target 'SubviewAttachingTextView' from project 'SubviewAttachingTextView')

SwiftCompile normal arm64 Compiling\ StringHTTPHandler.swift,\ FoundationSecurity.swift /Users/harishvishwakarma/Library/Developer/Xcode/DerivedData/Revolt-dharrjsambcimaaziudpvzjdcigm/SourcePackages/checkouts/Starscream/Sources/Framer/StringHTTPHandler.swift /Users/harishvishwakarma/Library/Developer/Xcode/DerivedData/Revolt-dharrjsambcimaaziudpvzjdcigm/SourcePackages/checkouts/Starscream/Sources/Security/FoundationSecurity.swift (in target 'Starscream' from project 'Starscream')
SwiftCompile normal arm64 /Users/harishvishwakarma/Library/Developer/Xcode/DerivedData/Revolt-dharrjsambcimaaziudpvzjdcigm/SourcePackages/checkouts/Starscream/Sources/Framer/StringHTTPHandler.swift (in target 'Starscream' from project 'Starscream')
    cd /Users/harishvishwakarma/Handy/Archem/pepchat-ios/Revolt.xcodeproj
    

SwiftCompile normal arm64 /Users/harishvishwakarma/Library/Developer/Xcode/DerivedData/Revolt-dharrjsambcimaaziudpvzjdcigm/SourcePackages/checkouts/Starscream/Sources/Security/FoundationSecurity.swift (in target 'Starscream' from project 'Starscream')
    cd /Users/harishvishwakarma/Handy/Archem/pepchat-ios/Revolt.xcodeproj
    

SwiftDriverJobDiscovery normal arm64 Compiling Transport.swift (in target 'Starscream' from project 'Starscream')

SwiftCompile normal arm64 Compiling\ ConstraintMaker.swift,\ ConstraintMakerEditable.swift,\ ConstraintMakerExtendable.swift /Users/harishvishwakarma/Library/Developer/Xcode/DerivedData/Revolt-dharrjsambcimaaziudpvzjdcigm/SourcePackages/checkouts/SnapKit/Sources/ConstraintMaker.swift /Users/harishvishwakarma/Library/Developer/Xcode/DerivedData/Revolt-dharrjsambcimaaziudpvzjdcigm/SourcePackages/checkouts/SnapKit/Sources/ConstraintMakerEditable.swift /Users/harishvishwakarma/Library/Developer/Xcode/DerivedData/Revolt-dharrjsambcimaaziudpvzjdcigm/SourcePackages/checkouts/SnapKit/Sources/ConstraintMakerExtendable.swift (in target 'SnapKit' from project 'SnapKit')

SwiftCompile normal arm64 /Users/harishvishwakarma/Library/Developer/Xcode/DerivedData/Revolt-dharrjsambcimaaziudpvzjdcigm/SourcePackages/checkouts/SnapKit/Sources/ConstraintMaker.swift (in target 'SnapKit' from project 'SnapKit')
    cd /Users/harishvishwakarma/Handy/Archem/pepchat-ios/Revolt.xcodeproj
    

SwiftCompile normal arm64 /Users/harishvishwakarma/Library/Developer/Xcode/DerivedData/Revolt-dharrjsambcimaaziudpvzjdcigm/SourcePackages/checkouts/SnapKit/Sources/ConstraintMakerEditable.swift (in target 'SnapKit' from project 'SnapKit')
    cd /Users/harishvishwakarma/Handy/Archem/pepchat-ios/Revolt.xcodeproj
    

SwiftCompile normal arm64 /Users/harishvishwakarma/Library/Developer/Xcode/DerivedData/Revolt-dharrjsambcimaaziudpvzjdcigm/SourcePackages/checkouts/SnapKit/Sources/ConstraintMakerExtendable.swift (in target 'SnapKit' from project 'SnapKit')
    cd /Users/harishvishwakarma/Handy/Archem/pepchat-ios/Revolt.xcodeproj
    

SwiftDriverJobDiscovery normal arm64 Compiling SubviewAttachingTextViewBehavior.swift (in target 'SubviewAttachingTextView' from project 'SubviewAttachingTextView')

SwiftDriverJobDiscovery normal arm64 Compiling WebSocketServer.swift, WebSocket.swift (in target 'Starscream' from project 'Starscream')

SwiftDriver\ Compilation SubviewAttachingTextView normal arm64 com.apple.xcode.tools.swift.compiler (in target 'SubviewAttachingTextView' from project 'SubviewAttachingTextView')
    cd /Users/harishvishwakarma/Handy/Archem/pepchat-ios/Revolt.xcodeproj
    builtin-Swift-Compilation -- /Applications/Xcode.app/Contents/Developer/Toolchains/XcodeDefault.xctoolchain/usr/bin/swiftc -module-name SubviewAttachingTextView -Onone -enforce-exclusivity\=checked @/Users/harishvishwakarma/Library/Developer/Xcode/DerivedData/Revolt-dharrjsambcimaaziudpvzjdcigm/Build/Intermediates.noindex/SubviewAttachingTextView.build/Debug-iphoneos/SubviewAttachingTextView.build/Objects-normal/arm64/SubviewAttachingTextView.SwiftFileList -DSWIFT_PACKAGE -DDEBUG -DXcode -plugin-path /Applications/Xcode.app/Contents/Developer/Toolchains/XcodeDefault.xctoolchain/usr/lib/swift/host/plugins/testing -enable-experimental-feature DebugDescriptionMacro -sdk /Applications/Xcode.app/Contents/Developer/Platforms/iPhoneOS.platform/Developer/SDKs/iPhoneOS18.5.sdk -target arm64-apple-ios12.0 -g -module-cache-path /Users/harishvishwakarma/Library/Developer/Xcode/DerivedData/ModuleCache.noindex -Xfrontend -serialize-debugging-options -enable-testing -suppress-warnings -index-store-path /Users/harishvishwakarma/Library/Developer/Xcode/DerivedData/Revolt-dharrjsambcimaaziudpvzjdcigm/Index.noindex/DataStore -swift-version 5 -I /Users/harishvishwakarma/Library/Developer/Xcode/DerivedData/Revolt-dharrjsambcimaaziudpvzjdcigm/Build/Products/Debug-iphoneos -I /Applications/Xcode.app/Contents/Developer/Platforms/iPhoneOS.platform/Developer/usr/lib -F /Users/harishvishwakarma/Library/Developer/Xcode/DerivedData/Revolt-dharrjsambcimaaziudpvzjdcigm/Build/Products/Debug-iphoneos -F /Applications/Xcode.app/Contents/Developer/Platforms/iPhoneOS.platform/Developer/Library/Frameworks -F /Applications/Xcode.app/Contents/Developer/Platforms/iPhoneOS.platform/Developer/SDKs/iPhoneOS18.5.sdk/Developer/Library/Frameworks -c -j12 -enable-batch-mode -incremental -Xcc -ivfsstatcache -Xcc /Users/harishvishwakarma/Library/Developer/Xcode/DerivedData/SDKStatCaches.noindex/iphoneos18.5-22F76-7fa4eea80a99bbfdc046826b63ec4baf.sdkstatcache -output-file-map /Users/harishvishwakarma/Library/Developer/Xcode/DerivedData/Revolt-dharrjsambcimaaziudpvzjdcigm/Build/Intermediates.noindex/SubviewAttachingTextView.build/Debug-iphoneos/SubviewAttachingTextView.build/Objects-normal/arm64/SubviewAttachingTextView-OutputFileMap.json -use-frontend-parseable-output -save-temps -no-color-diagnostics -serialize-diagnostics -emit-dependencies -emit-module -emit-module-path /Users/harishvishwakarma/Library/Developer/Xcode/DerivedData/Revolt-dharrjsambcimaaziudpvzjdcigm/Build/Intermediates.noindex/SubviewAttachingTextView.build/Debug-iphoneos/SubviewAttachingTextView.build/Objects-normal/arm64/SubviewAttachingTextView.swiftmodule -validate-clang-modules-once -clang-build-session-file /Users/harishvishwakarma/Library/Developer/Xcode/DerivedData/ModuleCache.noindex/Session.modulevalidation -Xcc -I/Users/harishvishwakarma/Library/Developer/Xcode/DerivedData/Revolt-dharrjsambcimaaziudpvzjdcigm/Build/Intermediates.noindex/SubviewAttachingTextView.build/Debug-iphoneos/SubviewAttachingTextView.build/swift-overrides.hmap -emit-const-values -Xfrontend -const-gather-protocols-file -Xfrontend /Users/harishvishwakarma/Library/Developer/Xcode/DerivedData/Revolt-dharrjsambcimaaziudpvzjdcigm/Build/Intermediates.noindex/SubviewAttachingTextView.build/Debug-iphoneos/SubviewAttachingTextView.build/Objects-normal/arm64/SubviewAttachingTextView_const_extract_protocols.json -Xcc -I/Users/harishvishwakarma/Library/Developer/Xcode/DerivedData/Revolt-dharrjsambcimaaziudpvzjdcigm/Build/Products/Debug-iphoneos/include -Xcc -I/Users/harishvishwakarma/Library/Developer/Xcode/DerivedData/Revolt-dharrjsambcimaaziudpvzjdcigm/Build/Intermediates.noindex/SubviewAttachingTextView.build/Debug-iphoneos/SubviewAttachingTextView.build/DerivedSources-normal/arm64 -Xcc -I/Users/harishvishwakarma/Library/Developer/Xcode/DerivedData/Revolt-dharrjsambcimaaziudpvzjdcigm/Build/Intermediates.noindex/SubviewAttachingTextView.build/Debug-iphoneos/SubviewAttachingTextView.build/DerivedSources/arm64 -Xcc -I/Users/harishvishwakarma/Library/Developer/Xcode/DerivedData/Revolt-dharrjsambcimaaziudpvzjdcigm/Build/Intermediates.noindex/SubviewAttachingTextView.build/Debug-iphoneos/SubviewAttachingTextView.build/DerivedSources -Xcc -DSWIFT_PACKAGE -Xcc -DDEBUG\=1 -emit-objc-header -emit-objc-header-path /Users/harishvishwakarma/Library/Developer/Xcode/DerivedData/Revolt-dharrjsambcimaaziudpvzjdcigm/Build/Intermediates.noindex/SubviewAttachingTextView.build/Debug-iphoneos/SubviewAttachingTextView.build/Objects-normal/arm64/SubviewAttachingTextView-Swift.h -working-directory /Users/harishvishwakarma/Handy/Archem/pepchat-ios/Revolt.xcodeproj -experimental-emit-module-separately -disable-cmo

SwiftCompile normal arm64 Compiling\ ConstraintRelation.swift,\ ConstraintView+Extensions.swift,\ ConstraintView.swift /Users/harishvishwakarma/Library/Developer/Xcode/DerivedData/Revolt-dharrjsambcimaaziudpvzjdcigm/SourcePackages/checkouts/SnapKit/Sources/ConstraintRelation.swift /Users/harishvishwakarma/Library/Developer/Xcode/DerivedData/Revolt-dharrjsambcimaaziudpvzjdcigm/SourcePackages/checkouts/SnapKit/Sources/ConstraintView+Extensions.swift /Users/harishvishwakarma/Library/Developer/Xcode/DerivedData/Revolt-dharrjsambcimaaziudpvzjdcigm/SourcePackages/checkouts/SnapKit/Sources/ConstraintView.swift (in target 'SnapKit' from project 'SnapKit')

SwiftCompile normal arm64 /Users/harishvishwakarma/Library/Developer/Xcode/DerivedData/Revolt-dharrjsambcimaaziudpvzjdcigm/SourcePackages/checkouts/SnapKit/Sources/ConstraintRelation.swift (in target 'SnapKit' from project 'SnapKit')
    cd /Users/harishvishwakarma/Handy/Archem/pepchat-ios/Revolt.xcodeproj
    

SwiftCompile normal arm64 /Users/harishvishwakarma/Library/Developer/Xcode/DerivedData/Revolt-dharrjsambcimaaziudpvzjdcigm/SourcePackages/checkouts/SnapKit/Sources/ConstraintView+Extensions.swift (in target 'SnapKit' from project 'SnapKit')
    cd /Users/harishvishwakarma/Handy/Archem/pepchat-ios/Revolt.xcodeproj
    

SwiftCompile normal arm64 /Users/harishvishwakarma/Library/Developer/Xcode/DerivedData/Revolt-dharrjsambcimaaziudpvzjdcigm/SourcePackages/checkouts/SnapKit/Sources/ConstraintView.swift (in target 'SnapKit' from project 'SnapKit')
    cd /Users/harishvishwakarma/Handy/Archem/pepchat-ios/Revolt.xcodeproj
    

SwiftCompile normal arm64 Compiling\ ConstraintConstantTarget.swift,\ ConstraintDSL.swift,\ ConstraintDescription.swift,\ ConstraintDirectionalInsetTarget.swift /Users/harishvishwakarma/Library/Developer/Xcode/DerivedData/Revolt-dharrjsambcimaaziudpvzjdcigm/SourcePackages/checkouts/SnapKit/Sources/ConstraintConstantTarget.swift /Users/harishvishwakarma/Library/Developer/Xcode/DerivedData/Revolt-dharrjsambcimaaziudpvzjdcigm/SourcePackages/checkouts/SnapKit/Sources/ConstraintDSL.swift /Users/harishvishwakarma/Library/Developer/Xcode/DerivedData/Revolt-dharrjsambcimaaziudpvzjdcigm/SourcePackages/checkouts/SnapKit/Sources/ConstraintDescription.swift /Users/harishvishwakarma/Library/Developer/Xcode/DerivedData/Revolt-dharrjsambcimaaziudpvzjdcigm/SourcePackages/checkouts/SnapKit/Sources/ConstraintDirectionalInsetTarget.swift (in target 'SnapKit' from project 'SnapKit')
SwiftCompile normal arm64 /Users/harishvishwakarma/Library/Developer/Xcode/DerivedData/Revolt-dharrjsambcimaaziudpvzjdcigm/SourcePackages/checkouts/SnapKit/Sources/ConstraintConstantTarget.swift (in target 'SnapKit' from project 'SnapKit')
    cd /Users/harishvishwakarma/Handy/Archem/pepchat-ios/Revolt.xcodeproj
    

SwiftCompile normal arm64 /Users/harishvishwakarma/Library/Developer/Xcode/DerivedData/Revolt-dharrjsambcimaaziudpvzjdcigm/SourcePackages/checkouts/SnapKit/Sources/ConstraintDSL.swift (in target 'SnapKit' from project 'SnapKit')
    cd /Users/harishvishwakarma/Handy/Archem/pepchat-ios/Revolt.xcodeproj
    

SwiftCompile normal arm64 /Users/harishvishwakarma/Library/Developer/Xcode/DerivedData/Revolt-dharrjsambcimaaziudpvzjdcigm/SourcePackages/checkouts/SnapKit/Sources/ConstraintDescription.swift (in target 'SnapKit' from project 'SnapKit')
    cd /Users/harishvishwakarma/Handy/Archem/pepchat-ios/Revolt.xcodeproj
    

SwiftCompile normal arm64 /Users/harishvishwakarma/Library/Developer/Xcode/DerivedData/Revolt-dharrjsambcimaaziudpvzjdcigm/SourcePackages/checkouts/SnapKit/Sources/ConstraintDirectionalInsetTarget.swift (in target 'SnapKit' from project 'SnapKit')
    cd /Users/harishvishwakarma/Handy/Archem/pepchat-ios/Revolt.xcodeproj
    

SwiftDriverJobDiscovery normal arm64 Compiling resource_bundle_accessor.swift, Compression.swift (in target 'Starscream' from project 'Starscream')

SwiftCompile normal arm64 Compiling\ ConstraintPriority.swift,\ ConstraintPriorityTarget.swift,\ ConstraintRelatableTarget.swift /Users/harishvishwakarma/Library/Developer/Xcode/DerivedData/Revolt-dharrjsambcimaaziudpvzjdcigm/SourcePackages/checkouts/SnapKit/Sources/ConstraintPriority.swift /Users/harishvishwakarma/Library/Developer/Xcode/DerivedData/Revolt-dharrjsambcimaaziudpvzjdcigm/SourcePackages/checkouts/SnapKit/Sources/ConstraintPriorityTarget.swift /Users/harishvishwakarma/Library/Developer/Xcode/DerivedData/Revolt-dharrjsambcimaaziudpvzjdcigm/SourcePackages/checkouts/SnapKit/Sources/ConstraintRelatableTarget.swift (in target 'SnapKit' from project 'SnapKit')

SwiftCompile normal arm64 /Users/harishvishwakarma/Library/Developer/Xcode/DerivedData/Revolt-dharrjsambcimaaziudpvzjdcigm/SourcePackages/checkouts/SnapKit/Sources/ConstraintPriority.swift (in target 'SnapKit' from project 'SnapKit')
    cd /Users/harishvishwakarma/Handy/Archem/pepchat-ios/Revolt.xcodeproj
    

SwiftCompile normal arm64 /Users/harishvishwakarma/Library/Developer/Xcode/DerivedData/Revolt-dharrjsambcimaaziudpvzjdcigm/SourcePackages/checkouts/SnapKit/Sources/ConstraintPriorityTarget.swift (in target 'SnapKit' from project 'SnapKit')
    cd /Users/harishvishwakarma/Handy/Archem/pepchat-ios/Revolt.xcodeproj
    

SwiftCompile normal arm64 /Users/harishvishwakarma/Library/Developer/Xcode/DerivedData/Revolt-dharrjsambcimaaziudpvzjdcigm/SourcePackages/checkouts/SnapKit/Sources/ConstraintRelatableTarget.swift (in target 'SnapKit' from project 'SnapKit')
    cd /Users/harishvishwakarma/Handy/Archem/pepchat-ios/Revolt.xcodeproj
    

SwiftDriverJobDiscovery normal arm64 Compiling WSCompression.swift, Data+Extensions.swift (in target 'Starscream' from project 'Starscream')

SwiftCompile normal arm64 Compiling\ ConstraintViewDSL.swift,\ Debugging.swift,\ LayoutConstraint.swift /Users/harishvishwakarma/Library/Developer/Xcode/DerivedData/Revolt-dharrjsambcimaaziudpvzjdcigm/SourcePackages/checkouts/SnapKit/Sources/ConstraintViewDSL.swift /Users/harishvishwakarma/Library/Developer/Xcode/DerivedData/Revolt-dharrjsambcimaaziudpvzjdcigm/SourcePackages/checkouts/SnapKit/Sources/Debugging.swift /Users/harishvishwakarma/Library/Developer/Xcode/DerivedData/Revolt-dharrjsambcimaaziudpvzjdcigm/SourcePackages/checkouts/SnapKit/Sources/LayoutConstraint.swift (in target 'SnapKit' from project 'SnapKit')
SwiftCompile normal arm64 /Users/harishvishwakarma/Library/Developer/Xcode/DerivedData/Revolt-dharrjsambcimaaziudpvzjdcigm/SourcePackages/checkouts/SnapKit/Sources/ConstraintViewDSL.swift (in target 'SnapKit' from project 'SnapKit')
    cd /Users/harishvishwakarma/Handy/Archem/pepchat-ios/Revolt.xcodeproj
    

SwiftCompile normal arm64 /Users/harishvishwakarma/Library/Developer/Xcode/DerivedData/Revolt-dharrjsambcimaaziudpvzjdcigm/SourcePackages/checkouts/SnapKit/Sources/Debugging.swift (in target 'SnapKit' from project 'SnapKit')
    cd /Users/harishvishwakarma/Handy/Archem/pepchat-ios/Revolt.xcodeproj
    

SwiftCompile normal arm64 /Users/harishvishwakarma/Library/Developer/Xcode/DerivedData/Revolt-dharrjsambcimaaziudpvzjdcigm/SourcePackages/checkouts/SnapKit/Sources/LayoutConstraint.swift (in target 'SnapKit' from project 'SnapKit')
    cd /Users/harishvishwakarma/Handy/Archem/pepchat-ios/Revolt.xcodeproj
    

SwiftDriverJobDiscovery normal arm64 Compiling WSEngine.swift, FoundationHTTPHandler.swift (in target 'Starscream' from project 'Starscream')

SwiftCompile normal arm64 Compiling\ ConstraintMakerFinalizable.swift,\ ConstraintMakerPrioritizable.swift,\ ConstraintMakerRelatable+Extensions.swift /Users/harishvishwakarma/Library/Developer/Xcode/DerivedData/Revolt-dharrjsambcimaaziudpvzjdcigm/SourcePackages/checkouts/SnapKit/Sources/ConstraintMakerFinalizable.swift /Users/harishvishwakarma/Library/Developer/Xcode/DerivedData/Revolt-dharrjsambcimaaziudpvzjdcigm/SourcePackages/checkouts/SnapKit/Sources/ConstraintMakerPrioritizable.swift /Users/harishvishwakarma/Library/Developer/Xcode/DerivedData/Revolt-dharrjsambcimaaziudpvzjdcigm/SourcePackages/checkouts/SnapKit/Sources/ConstraintMakerRelatable+Extensions.swift (in target 'SnapKit' from project 'SnapKit')

SwiftCompile normal arm64 /Users/harishvishwakarma/Library/Developer/Xcode/DerivedData/Revolt-dharrjsambcimaaziudpvzjdcigm/SourcePackages/checkouts/SnapKit/Sources/ConstraintMakerFinalizable.swift (in target 'SnapKit' from project 'SnapKit')
    cd /Users/harishvishwakarma/Handy/Archem/pepchat-ios/Revolt.xcodeproj
    

SwiftCompile normal arm64 /Users/harishvishwakarma/Library/Developer/Xcode/DerivedData/Revolt-dharrjsambcimaaziudpvzjdcigm/SourcePackages/checkouts/SnapKit/Sources/ConstraintMakerPrioritizable.swift (in target 'SnapKit' from project 'SnapKit')
    cd /Users/harishvishwakarma/Handy/Archem/pepchat-ios/Revolt.xcodeproj
    

SwiftCompile normal arm64 /Users/harishvishwakarma/Library/Developer/Xcode/DerivedData/Revolt-dharrjsambcimaaziudpvzjdcigm/SourcePackages/checkouts/SnapKit/Sources/ConstraintMakerRelatable+Extensions.swift (in target 'SnapKit' from project 'SnapKit')
    cd /Users/harishvishwakarma/Handy/Archem/pepchat-ios/Revolt.xcodeproj
    

SwiftDriverJobDiscovery normal arm64 Compiling Security.swift, Server.swift (in target 'Starscream' from project 'Starscream')

SwiftCompile normal arm64 Compiling\ ConstraintDirectionalInsets.swift,\ ConstraintInsetTarget.swift,\ ConstraintInsets.swift /Users/harishvishwakarma/Library/Developer/Xcode/DerivedData/Revolt-dharrjsambcimaaziudpvzjdcigm/SourcePackages/checkouts/SnapKit/Sources/ConstraintDirectionalInsets.swift /Users/harishvishwakarma/Library/Developer/Xcode/DerivedData/Revolt-dharrjsambcimaaziudpvzjdcigm/SourcePackages/checkouts/SnapKit/Sources/ConstraintInsetTarget.swift /Users/harishvishwakarma/Library/Developer/Xcode/DerivedData/Revolt-dharrjsambcimaaziudpvzjdcigm/SourcePackages/checkouts/SnapKit/Sources/ConstraintInsets.swift (in target 'SnapKit' from project 'SnapKit')

SwiftCompile normal arm64 /Users/harishvishwakarma/Library/Developer/Xcode/DerivedData/Revolt-dharrjsambcimaaziudpvzjdcigm/SourcePackages/checkouts/SnapKit/Sources/ConstraintDirectionalInsets.swift (in target 'SnapKit' from project 'SnapKit')
    cd /Users/harishvishwakarma/Handy/Archem/pepchat-ios/Revolt.xcodeproj
    

SwiftCompile normal arm64 /Users/harishvishwakarma/Library/Developer/Xcode/DerivedData/Revolt-dharrjsambcimaaziudpvzjdcigm/SourcePackages/checkouts/SnapKit/Sources/ConstraintInsetTarget.swift (in target 'SnapKit' from project 'SnapKit')
    cd /Users/harishvishwakarma/Handy/Archem/pepchat-ios/Revolt.xcodeproj
    

SwiftCompile normal arm64 /Users/harishvishwakarma/Library/Developer/Xcode/DerivedData/Revolt-dharrjsambcimaaziudpvzjdcigm/SourcePackages/checkouts/SnapKit/Sources/ConstraintInsets.swift (in target 'SnapKit' from project 'SnapKit')
    cd /Users/harishvishwakarma/Handy/Archem/pepchat-ios/Revolt.xcodeproj
    

SwiftDriverJobDiscovery normal arm64 Compiling TCPTransport.swift (in target 'Starscream' from project 'Starscream')

SwiftCompile normal arm64 Compiling\ ConstraintMakerRelatable.swift,\ ConstraintMultiplierTarget.swift,\ ConstraintOffsetTarget.swift /Users/harishvishwakarma/Library/Developer/Xcode/DerivedData/Revolt-dharrjsambcimaaziudpvzjdcigm/SourcePackages/checkouts/SnapKit/Sources/ConstraintMakerRelatable.swift /Users/harishvishwakarma/Library/Developer/Xcode/DerivedData/Revolt-dharrjsambcimaaziudpvzjdcigm/SourcePackages/checkouts/SnapKit/Sources/ConstraintMultiplierTarget.swift /Users/harishvishwakarma/Library/Developer/Xcode/DerivedData/Revolt-dharrjsambcimaaziudpvzjdcigm/SourcePackages/checkouts/SnapKit/Sources/ConstraintOffsetTarget.swift (in target 'SnapKit' from project 'SnapKit')

SwiftCompile normal arm64 /Users/harishvishwakarma/Library/Developer/Xcode/DerivedData/Revolt-dharrjsambcimaaziudpvzjdcigm/SourcePackages/checkouts/SnapKit/Sources/ConstraintMakerRelatable.swift (in target 'SnapKit' from project 'SnapKit')
    cd /Users/harishvishwakarma/Handy/Archem/pepchat-ios/Revolt.xcodeproj
    

SwiftCompile normal arm64 /Users/harishvishwakarma/Library/Developer/Xcode/DerivedData/Revolt-dharrjsambcimaaziudpvzjdcigm/SourcePackages/checkouts/SnapKit/Sources/ConstraintMultiplierTarget.swift (in target 'SnapKit' from project 'SnapKit')
    cd /Users/harishvishwakarma/Handy/Archem/pepchat-ios/Revolt.xcodeproj
    

SwiftCompile normal arm64 /Users/harishvishwakarma/Library/Developer/Xcode/DerivedData/Revolt-dharrjsambcimaaziudpvzjdcigm/SourcePackages/checkouts/SnapKit/Sources/ConstraintOffsetTarget.swift (in target 'SnapKit' from project 'SnapKit')
    cd /Users/harishvishwakarma/Handy/Archem/pepchat-ios/Revolt.xcodeproj
    

SwiftDriverJobDiscovery normal arm64 Compiling Framer.swift, HTTPHandler.swift (in target 'Starscream' from project 'Starscream')

SwiftCompile normal arm64 Compiling\ ConstraintLayoutGuideDSL.swift,\ ConstraintLayoutSupport.swift,\ ConstraintLayoutSupportDSL.swift /Users/harishvishwakarma/Library/Developer/Xcode/DerivedData/Revolt-dharrjsambcimaaziudpvzjdcigm/SourcePackages/checkouts/SnapKit/Sources/ConstraintLayoutGuideDSL.swift /Users/harishvishwakarma/Library/Developer/Xcode/DerivedData/Revolt-dharrjsambcimaaziudpvzjdcigm/SourcePackages/checkouts/SnapKit/Sources/ConstraintLayoutSupport.swift /Users/harishvishwakarma/Library/Developer/Xcode/DerivedData/Revolt-dharrjsambcimaaziudpvzjdcigm/SourcePackages/checkouts/SnapKit/Sources/ConstraintLayoutSupportDSL.swift (in target 'SnapKit' from project 'SnapKit')

SwiftCompile normal arm64 /Users/harishvishwakarma/Library/Developer/Xcode/DerivedData/Revolt-dharrjsambcimaaziudpvzjdcigm/SourcePackages/checkouts/SnapKit/Sources/ConstraintLayoutGuideDSL.swift (in target 'SnapKit' from project 'SnapKit')
    cd /Users/harishvishwakarma/Handy/Archem/pepchat-ios/Revolt.xcodeproj
    

SwiftCompile normal arm64 /Users/harishvishwakarma/Library/Developer/Xcode/DerivedData/Revolt-dharrjsambcimaaziudpvzjdcigm/SourcePackages/checkouts/SnapKit/Sources/ConstraintLayoutSupport.swift (in target 'SnapKit' from project 'SnapKit')
    cd /Users/harishvishwakarma/Handy/Archem/pepchat-ios/Revolt.xcodeproj
    

SwiftCompile normal arm64 /Users/harishvishwakarma/Library/Developer/Xcode/DerivedData/Revolt-dharrjsambcimaaziudpvzjdcigm/SourcePackages/checkouts/SnapKit/Sources/ConstraintLayoutSupportDSL.swift (in target 'SnapKit' from project 'SnapKit')
    cd /Users/harishvishwakarma/Handy/Archem/pepchat-ios/Revolt.xcodeproj
    

SwiftDriverJobDiscovery normal arm64 Compiling Engine.swift, NativeEngine.swift (in target 'Starscream' from project 'Starscream')

SwiftCompile normal arm64 Compiling\ ConstraintItem.swift,\ ConstraintLayoutGuide+Extensions.swift,\ ConstraintLayoutGuide.swift /Users/harishvishwakarma/Library/Developer/Xcode/DerivedData/Revolt-dharrjsambcimaaziudpvzjdcigm/SourcePackages/checkouts/SnapKit/Sources/ConstraintItem.swift /Users/harishvishwakarma/Library/Developer/Xcode/DerivedData/Revolt-dharrjsambcimaaziudpvzjdcigm/SourcePackages/checkouts/SnapKit/Sources/ConstraintLayoutGuide+Extensions.swift /Users/harishvishwakarma/Library/Developer/Xcode/DerivedData/Revolt-dharrjsambcimaaziudpvzjdcigm/SourcePackages/checkouts/SnapKit/Sources/ConstraintLayoutGuide.swift (in target 'SnapKit' from project 'SnapKit')
SwiftCompile normal arm64 /Users/harishvishwakarma/Library/Developer/Xcode/DerivedData/Revolt-dharrjsambcimaaziudpvzjdcigm/SourcePackages/checkouts/SnapKit/Sources/ConstraintItem.swift (in target 'SnapKit' from project 'SnapKit')
    cd /Users/harishvishwakarma/Handy/Archem/pepchat-ios/Revolt.xcodeproj
    

SwiftCompile normal arm64 /Users/harishvishwakarma/Library/Developer/Xcode/DerivedData/Revolt-dharrjsambcimaaziudpvzjdcigm/SourcePackages/checkouts/SnapKit/Sources/ConstraintLayoutGuide+Extensions.swift (in target 'SnapKit' from project 'SnapKit')
    cd /Users/harishvishwakarma/Handy/Archem/pepchat-ios/Revolt.xcodeproj
    

SwiftCompile normal arm64 /Users/harishvishwakarma/Library/Developer/Xcode/DerivedData/Revolt-dharrjsambcimaaziudpvzjdcigm/SourcePackages/checkouts/SnapKit/Sources/ConstraintLayoutGuide.swift (in target 'SnapKit' from project 'SnapKit')
    cd /Users/harishvishwakarma/Handy/Archem/pepchat-ios/Revolt.xcodeproj
    

SwiftDriverJobDiscovery normal arm64 Compiling FoundationTransport.swift (in target 'Starscream' from project 'Starscream')

SwiftCompile normal arm64 Compiling\ LayoutConstraintItem.swift,\ Typealiases.swift,\ UILayoutSupport+Extensions.swift /Users/harishvishwakarma/Library/Developer/Xcode/DerivedData/Revolt-dharrjsambcimaaziudpvzjdcigm/SourcePackages/checkouts/SnapKit/Sources/LayoutConstraintItem.swift /Users/harishvishwakarma/Library/Developer/Xcode/DerivedData/Revolt-dharrjsambcimaaziudpvzjdcigm/SourcePackages/checkouts/SnapKit/Sources/Typealiases.swift /Users/harishvishwakarma/Library/Developer/Xcode/DerivedData/Revolt-dharrjsambcimaaziudpvzjdcigm/SourcePackages/checkouts/SnapKit/Sources/UILayoutSupport+Extensions.swift (in target 'SnapKit' from project 'SnapKit')
SwiftCompile normal arm64 /Users/harishvishwakarma/Library/Developer/Xcode/DerivedData/Revolt-dharrjsambcimaaziudpvzjdcigm/SourcePackages/checkouts/SnapKit/Sources/LayoutConstraintItem.swift (in target 'SnapKit' from project 'SnapKit')
    cd /Users/harishvishwakarma/Handy/Archem/pepchat-ios/Revolt.xcodeproj
    

SwiftCompile normal arm64 /Users/harishvishwakarma/Library/Developer/Xcode/DerivedData/Revolt-dharrjsambcimaaziudpvzjdcigm/SourcePackages/checkouts/SnapKit/Sources/Typealiases.swift (in target 'SnapKit' from project 'SnapKit')
    cd /Users/harishvishwakarma/Handy/Archem/pepchat-ios/Revolt.xcodeproj
    

SwiftCompile normal arm64 /Users/harishvishwakarma/Library/Developer/Xcode/DerivedData/Revolt-dharrjsambcimaaziudpvzjdcigm/SourcePackages/checkouts/SnapKit/Sources/UILayoutSupport+Extensions.swift (in target 'SnapKit' from project 'SnapKit')
    cd /Users/harishvishwakarma/Handy/Archem/pepchat-ios/Revolt.xcodeproj
    

SwiftDriverJobDiscovery normal arm64 Compiling ConstraintRelation.swift, ConstraintView+Extensions.swift, ConstraintView.swift (in target 'SnapKit' from project 'SnapKit')

SwiftCompile normal arm64 Compiling\ resource_bundle_accessor.swift,\ Constraint.swift,\ ConstraintAttributes.swift,\ ConstraintConfig.swift /Users/harishvishwakarma/Library/Developer/Xcode/DerivedData/Revolt-dharrjsambcimaaziudpvzjdcigm/Build/Intermediates.noindex/SnapKit.build/Debug-iphoneos/SnapKit.build/DerivedSources/resource_bundle_accessor.swift /Users/harishvishwakarma/Library/Developer/Xcode/DerivedData/Revolt-dharrjsambcimaaziudpvzjdcigm/SourcePackages/checkouts/SnapKit/Sources/Constraint.swift /Users/harishvishwakarma/Library/Developer/Xcode/DerivedData/Revolt-dharrjsambcimaaziudpvzjdcigm/SourcePackages/checkouts/SnapKit/Sources/ConstraintAttributes.swift /Users/harishvishwakarma/Library/Developer/Xcode/DerivedData/Revolt-dharrjsambcimaaziudpvzjdcigm/SourcePackages/checkouts/SnapKit/Sources/ConstraintConfig.swift (in target 'SnapKit' from project 'SnapKit')
SwiftCompile normal arm64 /Users/harishvishwakarma/Library/Developer/Xcode/DerivedData/Revolt-dharrjsambcimaaziudpvzjdcigm/Build/Intermediates.noindex/SnapKit.build/Debug-iphoneos/SnapKit.build/DerivedSources/resource_bundle_accessor.swift (in target 'SnapKit' from project 'SnapKit')
    cd /Users/harishvishwakarma/Handy/Archem/pepchat-ios/Revolt.xcodeproj
    

SwiftCompile normal arm64 /Users/harishvishwakarma/Library/Developer/Xcode/DerivedData/Revolt-dharrjsambcimaaziudpvzjdcigm/SourcePackages/checkouts/SnapKit/Sources/Constraint.swift (in target 'SnapKit' from project 'SnapKit')
    cd /Users/harishvishwakarma/Handy/Archem/pepchat-ios/Revolt.xcodeproj
    

SwiftCompile normal arm64 /Users/harishvishwakarma/Library/Developer/Xcode/DerivedData/Revolt-dharrjsambcimaaziudpvzjdcigm/SourcePackages/checkouts/SnapKit/Sources/ConstraintAttributes.swift (in target 'SnapKit' from project 'SnapKit')
    cd /Users/harishvishwakarma/Handy/Archem/pepchat-ios/Revolt.xcodeproj
    

SwiftCompile normal arm64 /Users/harishvishwakarma/Library/Developer/Xcode/DerivedData/Revolt-dharrjsambcimaaziudpvzjdcigm/SourcePackages/checkouts/SnapKit/Sources/ConstraintConfig.swift (in target 'SnapKit' from project 'SnapKit')
    cd /Users/harishvishwakarma/Handy/Archem/pepchat-ios/Revolt.xcodeproj
    

SwiftDriverJobDiscovery normal arm64 Compiling FoundationHTTPServerHandler.swift, FrameCollector.swift (in target 'Starscream' from project 'Starscream')

SwiftCompile normal arm64 Compiling\ SchedulerType.swift,\ Sequence.swift,\ SerialDispatchQueueScheduler.swift,\ SerialDisposable.swift,\ ShareReplayScope.swift,\ Single.swift,\ SingleAssignmentDisposable.swift,\ SingleAsync.swift,\ Sink.swift,\ Skip.swift,\ SkipUntil.swift,\ SkipWhile.swift,\ StartWith.swift /Users/harishvishwakarma/Library/Developer/Xcode/DerivedData/Revolt-dharrjsambcimaaziudpvzjdcigm/SourcePackages/checkouts/RxSwift/Sources/RxSwift/SchedulerType.swift /Users/harishvishwakarma/Library/Developer/Xcode/DerivedData/Revolt-dharrjsambcimaaziudpvzjdcigm/SourcePackages/checkouts/RxSwift/Sources/RxSwift/Sequence.swift /Users/harishvishwakarma/Library/Developer/Xcode/DerivedData/Revolt-dharrjsambcimaaziudpvzjdcigm/SourcePackages/checkouts/RxSwift/Sources/RxSwift/SerialDispatchQueueScheduler.swift /Users/harishvishwakarma/Library/Developer/Xcode/DerivedData/Revolt-dharrjsambcimaaziudpvzjdcigm/SourcePackages/checkouts/RxSwift/Sources/RxSwift/SerialDisposable.swift /Users/harishvishwakarma/Library/Developer/Xcode/DerivedData/Revolt-dharrjsambcimaaziudpvzjdcigm/SourcePackages/checkouts/RxSwift/Sources/RxSwift/ShareReplayScope.swift /Users/harishvishwakarma/Library/Developer/Xcode/DerivedData/Revolt-dharrjsambcimaaziudpvzjdcigm/SourcePackages/checkouts/RxSwift/Sources/RxSwift/Single.swift /Users/harishvishwakarma/Library/Developer/Xcode/DerivedData/Revolt-dharrjsambcimaaziudpvzjdcigm/SourcePackages/checkouts/RxSwift/Sources/RxSwift/SingleAssignmentDisposable.swift /Users/harishvishwakarma/Library/Developer/Xcode/DerivedData/Revolt-dharrjsambcimaaziudpvzjdcigm/SourcePackages/checkouts/RxSwift/Sources/RxSwift/SingleAsync.swift /Users/harishvishwakarma/Library/Developer/Xcode/DerivedData/Revolt-dharrjsambcimaaziudpvzjdcigm/SourcePackages/checkouts/RxSwift/Sources/RxSwift/Sink.swift /Users/harishvishwakarma/Library/Developer/Xcode/DerivedData/Revolt-dharrjsambcimaaziudpvzjdcigm/SourcePackages/checkouts/RxSwift/Sources/RxSwift/Skip.swift /Users/harishvishwakarma/Library/Developer/Xcode/DerivedData/Revolt-dharrjsambcimaaziudpvzjdcigm/SourcePackages/checkouts/RxSwift/Sources/RxSwift/SkipUntil.swift /Users/harishvishwakarma/Library/Developer/Xcode/DerivedData/Revolt-dharrjsambcimaaziudpvzjdcigm/SourcePackages/checkouts/RxSwift/Sources/RxSwift/SkipWhile.swift /Users/harishvishwakarma/Library/Developer/Xcode/DerivedData/Revolt-dharrjsambcimaaziudpvzjdcigm/SourcePackages/checkouts/RxSwift/Sources/RxSwift/StartWith.swift (in target 'RxSwift' from project 'RxSwift')
SwiftCompile normal arm64 /Users/harishvishwakarma/Library/Developer/Xcode/DerivedData/Revolt-dharrjsambcimaaziudpvzjdcigm/SourcePackages/checkouts/RxSwift/Sources/RxSwift/SchedulerType.swift (in target 'RxSwift' from project 'RxSwift')
    cd /Users/harishvishwakarma/Handy/Archem/pepchat-ios/Revolt.xcodeproj
    

SwiftCompile normal arm64 /Users/harishvishwakarma/Library/Developer/Xcode/DerivedData/Revolt-dharrjsambcimaaziudpvzjdcigm/SourcePackages/checkouts/RxSwift/Sources/RxSwift/Sequence.swift (in target 'RxSwift' from project 'RxSwift')
    cd /Users/harishvishwakarma/Handy/Archem/pepchat-ios/Revolt.xcodeproj
    

SwiftCompile normal arm64 /Users/harishvishwakarma/Library/Developer/Xcode/DerivedData/Revolt-dharrjsambcimaaziudpvzjdcigm/SourcePackages/checkouts/RxSwift/Sources/RxSwift/SerialDispatchQueueScheduler.swift (in target 'RxSwift' from project 'RxSwift')
    cd /Users/harishvishwakarma/Handy/Archem/pepchat-ios/Revolt.xcodeproj
    

SwiftCompile normal arm64 /Users/harishvishwakarma/Library/Developer/Xcode/DerivedData/Revolt-dharrjsambcimaaziudpvzjdcigm/SourcePackages/checkouts/RxSwift/Sources/RxSwift/SerialDisposable.swift (in target 'RxSwift' from project 'RxSwift')
    cd /Users/harishvishwakarma/Handy/Archem/pepchat-ios/Revolt.xcodeproj
    

SwiftCompile normal arm64 /Users/harishvishwakarma/Library/Developer/Xcode/DerivedData/Revolt-dharrjsambcimaaziudpvzjdcigm/SourcePackages/checkouts/RxSwift/Sources/RxSwift/ShareReplayScope.swift (in target 'RxSwift' from project 'RxSwift')
    cd /Users/harishvishwakarma/Handy/Archem/pepchat-ios/Revolt.xcodeproj
    

SwiftCompile normal arm64 /Users/harishvishwakarma/Library/Developer/Xcode/DerivedData/Revolt-dharrjsambcimaaziudpvzjdcigm/SourcePackages/checkouts/RxSwift/Sources/RxSwift/Single.swift (in target 'RxSwift' from project 'RxSwift')
    cd /Users/harishvishwakarma/Handy/Archem/pepchat-ios/Revolt.xcodeproj
    

SwiftCompile normal arm64 /Users/harishvishwakarma/Library/Developer/Xcode/DerivedData/Revolt-dharrjsambcimaaziudpvzjdcigm/SourcePackages/checkouts/RxSwift/Sources/RxSwift/SingleAssignmentDisposable.swift (in target 'RxSwift' from project 'RxSwift')
    cd /Users/harishvishwakarma/Handy/Archem/pepchat-ios/Revolt.xcodeproj
    

SwiftCompile normal arm64 /Users/harishvishwakarma/Library/Developer/Xcode/DerivedData/Revolt-dharrjsambcimaaziudpvzjdcigm/SourcePackages/checkouts/RxSwift/Sources/RxSwift/SingleAsync.swift (in target 'RxSwift' from project 'RxSwift')
    cd /Users/harishvishwakarma/Handy/Archem/pepchat-ios/Revolt.xcodeproj
    

SwiftCompile normal arm64 /Users/harishvishwakarma/Library/Developer/Xcode/DerivedData/Revolt-dharrjsambcimaaziudpvzjdcigm/SourcePackages/checkouts/RxSwift/Sources/RxSwift/Sink.swift (in target 'RxSwift' from project 'RxSwift')
    cd /Users/harishvishwakarma/Handy/Archem/pepchat-ios/Revolt.xcodeproj
    

SwiftCompile normal arm64 /Users/harishvishwakarma/Library/Developer/Xcode/DerivedData/Revolt-dharrjsambcimaaziudpvzjdcigm/SourcePackages/checkouts/RxSwift/Sources/RxSwift/Skip.swift (in target 'RxSwift' from project 'RxSwift')
    cd /Users/harishvishwakarma/Handy/Archem/pepchat-ios/Revolt.xcodeproj
    

SwiftCompile normal arm64 /Users/harishvishwakarma/Library/Developer/Xcode/DerivedData/Revolt-dharrjsambcimaaziudpvzjdcigm/SourcePackages/checkouts/RxSwift/Sources/RxSwift/SkipUntil.swift (in target 'RxSwift' from project 'RxSwift')
    cd /Users/harishvishwakarma/Handy/Archem/pepchat-ios/Revolt.xcodeproj
    

SwiftCompile normal arm64 /Users/harishvishwakarma/Library/Developer/Xcode/DerivedData/Revolt-dharrjsambcimaaziudpvzjdcigm/SourcePackages/checkouts/RxSwift/Sources/RxSwift/SkipWhile.swift (in target 'RxSwift' from project 'RxSwift')
    cd /Users/harishvishwakarma/Handy/Archem/pepchat-ios/Revolt.xcodeproj
    

SwiftCompile normal arm64 /Users/harishvishwakarma/Library/Developer/Xcode/DerivedData/Revolt-dharrjsambcimaaziudpvzjdcigm/SourcePackages/checkouts/RxSwift/Sources/RxSwift/StartWith.swift (in target 'RxSwift' from project 'RxSwift')
    cd /Users/harishvishwakarma/Handy/Archem/pepchat-ios/Revolt.xcodeproj
    

SwiftDriverJobDiscovery normal arm64 Compiling ConstraintMaker.swift, ConstraintMakerEditable.swift, ConstraintMakerExtendable.swift (in target 'SnapKit' from project 'SnapKit')

SwiftCompile normal arm64 Compiling\ ConcurrentMainScheduler.swift,\ ConnectableObservableType.swift,\ Create.swift,\ CurrentThreadScheduler.swift,\ Date+Dispatch.swift,\ Debounce.swift,\ Debug.swift,\ Decode.swift,\ DefaultIfEmpty.swift,\ Deferred.swift,\ Delay.swift,\ DelaySubscription.swift,\ Dematerialize.swift,\ DispatchQueue+Extensions.swift /Users/harishvishwakarma/Library/Developer/Xcode/DerivedData/Revolt-dharrjsambcimaaziudpvzjdcigm/SourcePackages/checkouts/RxSwift/Sources/RxSwift/ConcurrentMainScheduler.swift /Users/harishvishwakarma/Library/Developer/Xcode/DerivedData/Revolt-dharrjsambcimaaziudpvzjdcigm/SourcePackages/checkouts/RxSwift/Sources/RxSwift/ConnectableObservableType.swift /Users/harishvishwakarma/Library/Developer/Xcode/DerivedData/Revolt-dharrjsambcimaaziudpvzjdcigm/SourcePackages/checkouts/RxSwift/Sources/RxSwift/Create.swift /Users/harishvishwakarma/Library/Developer/Xcode/DerivedData/Revolt-dharrjsambcimaaziudpvzjdcigm/SourcePackages/checkouts/RxSwift/Sources/RxSwift/CurrentThreadScheduler.swift /Users/harishvishwakarma/Library/Developer/Xcode/DerivedData/Revolt-dharrjsambcimaaziudpvzjdcigm/SourcePackages/checkouts/RxSwift/Sources/RxSwift/Date+Dispatch.swift /Users/harishvishwakarma/Library/Developer/Xcode/DerivedData/Revolt-dharrjsambcimaaziudpvzjdcigm/SourcePackages/checkouts/RxSwift/Sources/RxSwift/Debounce.swift /Users/harishvishwakarma/Library/Developer/Xcode/DerivedData/Revolt-dharrjsambcimaaziudpvzjdcigm/SourcePackages/checkouts/RxSwift/Sources/RxSwift/Debug.swift /Users/harishvishwakarma/Library/Developer/Xcode/DerivedData/Revolt-dharrjsambcimaaziudpvzjdcigm/SourcePackages/checkouts/RxSwift/Sources/RxSwift/Decode.swift /Users/harishvishwakarma/Library/Developer/Xcode/DerivedData/Revolt-dharrjsambcimaaziudpvzjdcigm/SourcePackages/checkouts/RxSwift/Sources/RxSwift/DefaultIfEmpty.swift /Users/harishvishwakarma/Library/Developer/Xcode/DerivedData/Revolt-dharrjsambcimaaziudpvzjdcigm/SourcePackages/checkouts/RxSwift/Sources/RxSwift/Deferred.swift /Users/harishvishwakarma/Library/Developer/Xcode/DerivedData/Revolt-dharrjsambcimaaziudpvzjdcigm/SourcePackages/checkouts/RxSwift/Sources/RxSwift/Delay.swift /Users/harishvishwakarma/Library/Developer/Xcode/DerivedData/Revolt-dharrjsambcimaaziudpvzjdcigm/SourcePackages/checkouts/RxSwift/Sources/RxSwift/DelaySubscription.swift /Users/harishvishwakarma/Library/Developer/Xcode/DerivedData/Revolt-dharrjsambcimaaziudpvzjdcigm/SourcePackages/checkouts/RxSwift/Sources/RxSwift/Dematerialize.swift /Users/harishvishwakarma/Library/Developer/Xcode/DerivedData/Revolt-dharrjsambcimaaziudpvzjdcigm/SourcePackages/checkouts/RxSwift/Sources/RxSwift/DispatchQueue+Extensions.swift (in target 'RxSwift' from project 'RxSwift')
SwiftCompile normal arm64 /Users/harishvishwakarma/Library/Developer/Xcode/DerivedData/Revolt-dharrjsambcimaaziudpvzjdcigm/SourcePackages/checkouts/RxSwift/Sources/RxSwift/ConcurrentMainScheduler.swift (in target 'RxSwift' from project 'RxSwift')
    cd /Users/harishvishwakarma/Handy/Archem/pepchat-ios/Revolt.xcodeproj
    

SwiftCompile normal arm64 /Users/harishvishwakarma/Library/Developer/Xcode/DerivedData/Revolt-dharrjsambcimaaziudpvzjdcigm/SourcePackages/checkouts/RxSwift/Sources/RxSwift/ConnectableObservableType.swift (in target 'RxSwift' from project 'RxSwift')
    cd /Users/harishvishwakarma/Handy/Archem/pepchat-ios/Revolt.xcodeproj
    

SwiftCompile normal arm64 /Users/harishvishwakarma/Library/Developer/Xcode/DerivedData/Revolt-dharrjsambcimaaziudpvzjdcigm/SourcePackages/checkouts/RxSwift/Sources/RxSwift/Create.swift (in target 'RxSwift' from project 'RxSwift')
    cd /Users/harishvishwakarma/Handy/Archem/pepchat-ios/Revolt.xcodeproj
    

SwiftCompile normal arm64 /Users/harishvishwakarma/Library/Developer/Xcode/DerivedData/Revolt-dharrjsambcimaaziudpvzjdcigm/SourcePackages/checkouts/RxSwift/Sources/RxSwift/CurrentThreadScheduler.swift (in target 'RxSwift' from project 'RxSwift')
    cd /Users/harishvishwakarma/Handy/Archem/pepchat-ios/Revolt.xcodeproj
    

SwiftCompile normal arm64 /Users/harishvishwakarma/Library/Developer/Xcode/DerivedData/Revolt-dharrjsambcimaaziudpvzjdcigm/SourcePackages/checkouts/RxSwift/Sources/RxSwift/Date+Dispatch.swift (in target 'RxSwift' from project 'RxSwift')
    cd /Users/harishvishwakarma/Handy/Archem/pepchat-ios/Revolt.xcodeproj
    

SwiftCompile normal arm64 /Users/harishvishwakarma/Library/Developer/Xcode/DerivedData/Revolt-dharrjsambcimaaziudpvzjdcigm/SourcePackages/checkouts/RxSwift/Sources/RxSwift/Debounce.swift (in target 'RxSwift' from project 'RxSwift')
    cd /Users/harishvishwakarma/Handy/Archem/pepchat-ios/Revolt.xcodeproj
    

SwiftCompile normal arm64 /Users/harishvishwakarma/Library/Developer/Xcode/DerivedData/Revolt-dharrjsambcimaaziudpvzjdcigm/SourcePackages/checkouts/RxSwift/Sources/RxSwift/Debug.swift (in target 'RxSwift' from project 'RxSwift')
    cd /Users/harishvishwakarma/Handy/Archem/pepchat-ios/Revolt.xcodeproj
    

SwiftCompile normal arm64 /Users/harishvishwakarma/Library/Developer/Xcode/DerivedData/Revolt-dharrjsambcimaaziudpvzjdcigm/SourcePackages/checkouts/RxSwift/Sources/RxSwift/Decode.swift (in target 'RxSwift' from project 'RxSwift')
    cd /Users/harishvishwakarma/Handy/Archem/pepchat-ios/Revolt.xcodeproj
    

SwiftCompile normal arm64 /Users/harishvishwakarma/Library/Developer/Xcode/DerivedData/Revolt-dharrjsambcimaaziudpvzjdcigm/SourcePackages/checkouts/RxSwift/Sources/RxSwift/DefaultIfEmpty.swift (in target 'RxSwift' from project 'RxSwift')
    cd /Users/harishvishwakarma/Handy/Archem/pepchat-ios/Revolt.xcodeproj
    

SwiftCompile normal arm64 /Users/harishvishwakarma/Library/Developer/Xcode/DerivedData/Revolt-dharrjsambcimaaziudpvzjdcigm/SourcePackages/checkouts/RxSwift/Sources/RxSwift/Deferred.swift (in target 'RxSwift' from project 'RxSwift')
    cd /Users/harishvishwakarma/Handy/Archem/pepchat-ios/Revolt.xcodeproj
    

SwiftCompile normal arm64 /Users/harishvishwakarma/Library/Developer/Xcode/DerivedData/Revolt-dharrjsambcimaaziudpvzjdcigm/SourcePackages/checkouts/RxSwift/Sources/RxSwift/Delay.swift (in target 'RxSwift' from project 'RxSwift')
    cd /Users/harishvishwakarma/Handy/Archem/pepchat-ios/Revolt.xcodeproj
    

SwiftCompile normal arm64 /Users/harishvishwakarma/Library/Developer/Xcode/DerivedData/Revolt-dharrjsambcimaaziudpvzjdcigm/SourcePackages/checkouts/RxSwift/Sources/RxSwift/DelaySubscription.swift (in target 'RxSwift' from project 'RxSwift')
    cd /Users/harishvishwakarma/Handy/Archem/pepchat-ios/Revolt.xcodeproj
    

SwiftCompile normal arm64 /Users/harishvishwakarma/Library/Developer/Xcode/DerivedData/Revolt-dharrjsambcimaaziudpvzjdcigm/SourcePackages/checkouts/RxSwift/Sources/RxSwift/Dematerialize.swift (in target 'RxSwift' from project 'RxSwift')
    cd /Users/harishvishwakarma/Handy/Archem/pepchat-ios/Revolt.xcodeproj
    

SwiftCompile normal arm64 /Users/harishvishwakarma/Library/Developer/Xcode/DerivedData/Revolt-dharrjsambcimaaziudpvzjdcigm/SourcePackages/checkouts/RxSwift/Sources/RxSwift/DispatchQueue+Extensions.swift (in target 'RxSwift' from project 'RxSwift')
    cd /Users/harishvishwakarma/Handy/Archem/pepchat-ios/Revolt.xcodeproj
    

SwiftDriverJobDiscovery normal arm64 Compiling ConstraintPriority.swift, ConstraintPriorityTarget.swift, ConstraintRelatableTarget.swift (in target 'SnapKit' from project 'SnapKit')

SwiftCompile normal arm64 Compiling\ Throttle.swift,\ Timeout.swift,\ Timer.swift,\ ToArray.swift,\ Using.swift,\ VirtualTimeConverterType.swift,\ VirtualTimeScheduler.swift,\ Window.swift,\ WithLatestFrom.swift,\ WithUnretained.swift,\ Zip+Collection.swift,\ Zip+arity.swift,\ Zip.swift /Users/harishvishwakarma/Library/Developer/Xcode/DerivedData/Revolt-dharrjsambcimaaziudpvzjdcigm/SourcePackages/checkouts/RxSwift/Sources/RxSwift/Throttle.swift /Users/harishvishwakarma/Library/Developer/Xcode/DerivedData/Revolt-dharrjsambcimaaziudpvzjdcigm/SourcePackages/checkouts/RxSwift/Sources/RxSwift/Timeout.swift /Users/harishvishwakarma/Library/Developer/Xcode/DerivedData/Revolt-dharrjsambcimaaziudpvzjdcigm/SourcePackages/checkouts/RxSwift/Sources/RxSwift/Timer.swift /Users/harishvishwakarma/Library/Developer/Xcode/DerivedData/Revolt-dharrjsambcimaaziudpvzjdcigm/SourcePackages/checkouts/RxSwift/Sources/RxSwift/ToArray.swift /Users/harishvishwakarma/Library/Developer/Xcode/DerivedData/Revolt-dharrjsambcimaaziudpvzjdcigm/SourcePackages/checkouts/RxSwift/Sources/RxSwift/Using.swift /Users/harishvishwakarma/Library/Developer/Xcode/DerivedData/Revolt-dharrjsambcimaaziudpvzjdcigm/SourcePackages/checkouts/RxSwift/Sources/RxSwift/VirtualTimeConverterType.swift /Users/harishvishwakarma/Library/Developer/Xcode/DerivedData/Revolt-dharrjsambcimaaziudpvzjdcigm/SourcePackages/checkouts/RxSwift/Sources/RxSwift/VirtualTimeScheduler.swift /Users/harishvishwakarma/Library/Developer/Xcode/DerivedData/Revolt-dharrjsambcimaaziudpvzjdcigm/SourcePackages/checkouts/RxSwift/Sources/RxSwift/Window.swift /Users/harishvishwakarma/Library/Developer/Xcode/DerivedData/Revolt-dharrjsambcimaaziudpvzjdcigm/SourcePackages/checkouts/RxSwift/Sources/RxSwift/WithLatestFrom.swift /Users/harishvishwakarma/Library/Developer/Xcode/DerivedData/Revolt-dharrjsambcimaaziudpvzjdcigm/SourcePackages/checkouts/RxSwift/Sources/RxSwift/WithUnretained.swift /Users/harishvishwakarma/Library/Developer/Xcode/DerivedData/Revolt-dharrjsambcimaaziudpvzjdcigm/SourcePackages/checkouts/RxSwift/Sources/RxSwift/Zip+Collection.swift /Users/harishvishwakarma/Library/Developer/Xcode/DerivedData/Revolt-dharrjsambcimaaziudpvzjdcigm/SourcePackages/checkouts/RxSwift/Sources/RxSwift/Zip+arity.swift /Users/harishvishwakarma/Library/Developer/Xcode/DerivedData/Revolt-dharrjsambcimaaziudpvzjdcigm/SourcePackages/checkouts/RxSwift/Sources/RxSwift/Zip.swift (in target 'RxSwift' from project 'RxSwift')
SwiftCompile normal arm64 /Users/harishvishwakarma/Library/Developer/Xcode/DerivedData/Revolt-dharrjsambcimaaziudpvzjdcigm/SourcePackages/checkouts/RxSwift/Sources/RxSwift/Throttle.swift (in target 'RxSwift' from project 'RxSwift')
    cd /Users/harishvishwakarma/Handy/Archem/pepchat-ios/Revolt.xcodeproj
    

SwiftCompile normal arm64 /Users/harishvishwakarma/Library/Developer/Xcode/DerivedData/Revolt-dharrjsambcimaaziudpvzjdcigm/SourcePackages/checkouts/RxSwift/Sources/RxSwift/Timeout.swift (in target 'RxSwift' from project 'RxSwift')
    cd /Users/harishvishwakarma/Handy/Archem/pepchat-ios/Revolt.xcodeproj
    

SwiftCompile normal arm64 /Users/harishvishwakarma/Library/Developer/Xcode/DerivedData/Revolt-dharrjsambcimaaziudpvzjdcigm/SourcePackages/checkouts/RxSwift/Sources/RxSwift/Timer.swift (in target 'RxSwift' from project 'RxSwift')
    cd /Users/harishvishwakarma/Handy/Archem/pepchat-ios/Revolt.xcodeproj
    

SwiftCompile normal arm64 /Users/harishvishwakarma/Library/Developer/Xcode/DerivedData/Revolt-dharrjsambcimaaziudpvzjdcigm/SourcePackages/checkouts/RxSwift/Sources/RxSwift/ToArray.swift (in target 'RxSwift' from project 'RxSwift')
    cd /Users/harishvishwakarma/Handy/Archem/pepchat-ios/Revolt.xcodeproj
    

SwiftCompile normal arm64 /Users/harishvishwakarma/Library/Developer/Xcode/DerivedData/Revolt-dharrjsambcimaaziudpvzjdcigm/SourcePackages/checkouts/RxSwift/Sources/RxSwift/Using.swift (in target 'RxSwift' from project 'RxSwift')
    cd /Users/harishvishwakarma/Handy/Archem/pepchat-ios/Revolt.xcodeproj
    

SwiftCompile normal arm64 /Users/harishvishwakarma/Library/Developer/Xcode/DerivedData/Revolt-dharrjsambcimaaziudpvzjdcigm/SourcePackages/checkouts/RxSwift/Sources/RxSwift/VirtualTimeConverterType.swift (in target 'RxSwift' from project 'RxSwift')
    cd /Users/harishvishwakarma/Handy/Archem/pepchat-ios/Revolt.xcodeproj
    

SwiftCompile normal arm64 /Users/harishvishwakarma/Library/Developer/Xcode/DerivedData/Revolt-dharrjsambcimaaziudpvzjdcigm/SourcePackages/checkouts/RxSwift/Sources/RxSwift/VirtualTimeScheduler.swift (in target 'RxSwift' from project 'RxSwift')
    cd /Users/harishvishwakarma/Handy/Archem/pepchat-ios/Revolt.xcodeproj
    

SwiftCompile normal arm64 /Users/harishvishwakarma/Library/Developer/Xcode/DerivedData/Revolt-dharrjsambcimaaziudpvzjdcigm/SourcePackages/checkouts/RxSwift/Sources/RxSwift/Window.swift (in target 'RxSwift' from project 'RxSwift')
    cd /Users/harishvishwakarma/Handy/Archem/pepchat-ios/Revolt.xcodeproj
    

SwiftCompile normal arm64 /Users/harishvishwakarma/Library/Developer/Xcode/DerivedData/Revolt-dharrjsambcimaaziudpvzjdcigm/SourcePackages/checkouts/RxSwift/Sources/RxSwift/WithLatestFrom.swift (in target 'RxSwift' from project 'RxSwift')
    cd /Users/harishvishwakarma/Handy/Archem/pepchat-ios/Revolt.xcodeproj
    

SwiftCompile normal arm64 /Users/harishvishwakarma/Library/Developer/Xcode/DerivedData/Revolt-dharrjsambcimaaziudpvzjdcigm/SourcePackages/checkouts/RxSwift/Sources/RxSwift/WithUnretained.swift (in target 'RxSwift' from project 'RxSwift')
    cd /Users/harishvishwakarma/Handy/Archem/pepchat-ios/Revolt.xcodeproj
    

SwiftCompile normal arm64 /Users/harishvishwakarma/Library/Developer/Xcode/DerivedData/Revolt-dharrjsambcimaaziudpvzjdcigm/SourcePackages/checkouts/RxSwift/Sources/RxSwift/Zip+Collection.swift (in target 'RxSwift' from project 'RxSwift')
    cd /Users/harishvishwakarma/Handy/Archem/pepchat-ios/Revolt.xcodeproj
    

SwiftCompile normal arm64 /Users/harishvishwakarma/Library/Developer/Xcode/DerivedData/Revolt-dharrjsambcimaaziudpvzjdcigm/SourcePackages/checkouts/RxSwift/Sources/RxSwift/Zip+arity.swift (in target 'RxSwift' from project 'RxSwift')
    cd /Users/harishvishwakarma/Handy/Archem/pepchat-ios/Revolt.xcodeproj
    

SwiftCompile normal arm64 /Users/harishvishwakarma/Library/Developer/Xcode/DerivedData/Revolt-dharrjsambcimaaziudpvzjdcigm/SourcePackages/checkouts/RxSwift/Sources/RxSwift/Zip.swift (in target 'RxSwift' from project 'RxSwift')
    cd /Users/harishvishwakarma/Handy/Archem/pepchat-ios/Revolt.xcodeproj
    

SwiftDriverJobDiscovery normal arm64 Compiling StringHTTPHandler.swift, FoundationSecurity.swift (in target 'Starscream' from project 'Starscream')

SwiftDriver\ Compilation Starscream normal arm64 com.apple.xcode.tools.swift.compiler (in target 'Starscream' from project 'Starscream')
    cd /Users/harishvishwakarma/Handy/Archem/pepchat-ios/Revolt.xcodeproj
    builtin-Swift-Compilation -- /Applications/Xcode.app/Contents/Developer/Toolchains/XcodeDefault.xctoolchain/usr/bin/swiftc -module-name Starscream -Onone -enforce-exclusivity\=checked @/Users/harishvishwakarma/Library/Developer/Xcode/DerivedData/Revolt-dharrjsambcimaaziudpvzjdcigm/Build/Intermediates.noindex/Starscream.build/Debug-iphoneos/Starscream.build/Objects-normal/arm64/Starscream.SwiftFileList -DSWIFT_PACKAGE -DDEBUG -DXcode -plugin-path /Applications/Xcode.app/Contents/Developer/Toolchains/XcodeDefault.xctoolchain/usr/lib/swift/host/plugins/testing -enable-experimental-feature DebugDescriptionMacro -sdk /Applications/Xcode.app/Contents/Developer/Platforms/iPhoneOS.platform/Developer/SDKs/iPhoneOS18.5.sdk -target arm64-apple-ios12.0 -g -module-cache-path /Users/harishvishwakarma/Library/Developer/Xcode/DerivedData/ModuleCache.noindex -Xfrontend -serialize-debugging-options -enable-testing -suppress-warnings -index-store-path /Users/harishvishwakarma/Library/Developer/Xcode/DerivedData/Revolt-dharrjsambcimaaziudpvzjdcigm/Index.noindex/DataStore -swift-version 5 -I /Users/harishvishwakarma/Library/Developer/Xcode/DerivedData/Revolt-dharrjsambcimaaziudpvzjdcigm/Build/Products/Debug-iphoneos -I /Applications/Xcode.app/Contents/Developer/Platforms/iPhoneOS.platform/Developer/usr/lib -F /Users/harishvishwakarma/Library/Developer/Xcode/DerivedData/Revolt-dharrjsambcimaaziudpvzjdcigm/Build/Products/Debug-iphoneos -F /Applications/Xcode.app/Contents/Developer/Platforms/iPhoneOS.platform/Developer/Library/Frameworks -F /Applications/Xcode.app/Contents/Developer/Platforms/iPhoneOS.platform/Developer/SDKs/iPhoneOS18.5.sdk/Developer/Library/Frameworks -c -j12 -enable-batch-mode -incremental -Xcc -ivfsstatcache -Xcc /Users/harishvishwakarma/Library/Developer/Xcode/DerivedData/SDKStatCaches.noindex/iphoneos18.5-22F76-7fa4eea80a99bbfdc046826b63ec4baf.sdkstatcache -output-file-map /Users/harishvishwakarma/Library/Developer/Xcode/DerivedData/Revolt-dharrjsambcimaaziudpvzjdcigm/Build/Intermediates.noindex/Starscream.build/Debug-iphoneos/Starscream.build/Objects-normal/arm64/Starscream-OutputFileMap.json -use-frontend-parseable-output -save-temps -no-color-diagnostics -serialize-diagnostics -emit-dependencies -emit-module -emit-module-path /Users/harishvishwakarma/Library/Developer/Xcode/DerivedData/Revolt-dharrjsambcimaaziudpvzjdcigm/Build/Intermediates.noindex/Starscream.build/Debug-iphoneos/Starscream.build/Objects-normal/arm64/Starscream.swiftmodule -validate-clang-modules-once -clang-build-session-file /Users/harishvishwakarma/Library/Developer/Xcode/DerivedData/ModuleCache.noindex/Session.modulevalidation -Xcc -I/Users/harishvishwakarma/Library/Developer/Xcode/DerivedData/Revolt-dharrjsambcimaaziudpvzjdcigm/Build/Intermediates.noindex/Starscream.build/Debug-iphoneos/Starscream.build/swift-overrides.hmap -emit-const-values -Xfrontend -const-gather-protocols-file -Xfrontend /Users/harishvishwakarma/Library/Developer/Xcode/DerivedData/Revolt-dharrjsambcimaaziudpvzjdcigm/Build/Intermediates.noindex/Starscream.build/Debug-iphoneos/Starscream.build/Objects-normal/arm64/Starscream_const_extract_protocols.json -Xcc -I/Users/harishvishwakarma/Library/Developer/Xcode/DerivedData/Revolt-dharrjsambcimaaziudpvzjdcigm/Build/Products/Debug-iphoneos/include -Xcc -I/Users/harishvishwakarma/Library/Developer/Xcode/DerivedData/Revolt-dharrjsambcimaaziudpvzjdcigm/Build/Intermediates.noindex/Starscream.build/Debug-iphoneos/Starscream.build/DerivedSources-normal/arm64 -Xcc -I/Users/harishvishwakarma/Library/Developer/Xcode/DerivedData/Revolt-dharrjsambcimaaziudpvzjdcigm/Build/Intermediates.noindex/Starscream.build/Debug-iphoneos/Starscream.build/DerivedSources/arm64 -Xcc -I/Users/harishvishwakarma/Library/Developer/Xcode/DerivedData/Revolt-dharrjsambcimaaziudpvzjdcigm/Build/Intermediates.noindex/Starscream.build/Debug-iphoneos/Starscream.build/DerivedSources -Xcc -DSWIFT_PACKAGE -Xcc -DDEBUG\=1 -emit-objc-header -emit-objc-header-path /Users/harishvishwakarma/Library/Developer/Xcode/DerivedData/Revolt-dharrjsambcimaaziudpvzjdcigm/Build/Intermediates.noindex/Starscream.build/Debug-iphoneos/Starscream.build/Objects-normal/arm64/Starscream-Swift.h -working-directory /Users/harishvishwakarma/Handy/Archem/pepchat-ios/Revolt.xcodeproj -experimental-emit-module-separately -disable-cmo

SwiftDriverJobDiscovery normal arm64 Compiling ConstraintDirectionalInsets.swift, ConstraintInsetTarget.swift, ConstraintInsets.swift (in target 'SnapKit' from project 'SnapKit')

SwiftCompile normal arm64 Compiling\ Platform.Darwin.swift,\ Platform.Linux.swift,\ PrimitiveSequence+Concurrency.swift,\ PrimitiveSequence+Zip+arity.swift,\ PrimitiveSequence.swift,\ PriorityQueue.swift,\ Producer.swift,\ PublishSubject.swift,\ Queue.swift,\ Range.swift,\ Reactive.swift,\ RecursiveLock.swift,\ RecursiveScheduler.swift /Users/harishvishwakarma/Library/Developer/Xcode/DerivedData/Revolt-dharrjsambcimaaziudpvzjdcigm/SourcePackages/checkouts/RxSwift/Sources/RxSwift/Platform.Darwin.swift /Users/harishvishwakarma/Library/Developer/Xcode/DerivedData/Revolt-dharrjsambcimaaziudpvzjdcigm/SourcePackages/checkouts/RxSwift/Sources/RxSwift/Platform.Linux.swift /Users/harishvishwakarma/Library/Developer/Xcode/DerivedData/Revolt-dharrjsambcimaaziudpvzjdcigm/SourcePackages/checkouts/RxSwift/Sources/RxSwift/PrimitiveSequence+Concurrency.swift /Users/harishvishwakarma/Library/Developer/Xcode/DerivedData/Revolt-dharrjsambcimaaziudpvzjdcigm/SourcePackages/checkouts/RxSwift/Sources/RxSwift/PrimitiveSequence+Zip+arity.swift /Users/harishvishwakarma/Library/Developer/Xcode/DerivedData/Revolt-dharrjsambcimaaziudpvzjdcigm/SourcePackages/checkouts/RxSwift/Sources/RxSwift/PrimitiveSequence.swift /Users/harishvishwakarma/Library/Developer/Xcode/DerivedData/Revolt-dharrjsambcimaaziudpvzjdcigm/SourcePackages/checkouts/RxSwift/Sources/RxSwift/PriorityQueue.swift /Users/harishvishwakarma/Library/Developer/Xcode/DerivedData/Revolt-dharrjsambcimaaziudpvzjdcigm/SourcePackages/checkouts/RxSwift/Sources/RxSwift/Producer.swift /Users/harishvishwakarma/Library/Developer/Xcode/DerivedData/Revolt-dharrjsambcimaaziudpvzjdcigm/SourcePackages/checkouts/RxSwift/Sources/RxSwift/PublishSubject.swift /Users/harishvishwakarma/Library/Developer/Xcode/DerivedData/Revolt-dharrjsambcimaaziudpvzjdcigm/SourcePackages/checkouts/RxSwift/Sources/RxSwift/Queue.swift /Users/harishvishwakarma/Library/Developer/Xcode/DerivedData/Revolt-dharrjsambcimaaziudpvzjdcigm/SourcePackages/checkouts/RxSwift/Sources/RxSwift/Range.swift /Users/harishvishwakarma/Library/Developer/Xcode/DerivedData/Revolt-dharrjsambcimaaziudpvzjdcigm/SourcePackages/checkouts/RxSwift/Sources/RxSwift/Reactive.swift /Users/harishvishwakarma/Library/Developer/Xcode/DerivedData/Revolt-dharrjsambcimaaziudpvzjdcigm/SourcePackages/checkouts/RxSwift/Sources/RxSwift/RecursiveLock.swift /Users/harishvishwakarma/Library/Developer/Xcode/DerivedData/Revolt-dharrjsambcimaaziudpvzjdcigm/SourcePackages/checkouts/RxSwift/Sources/RxSwift/RecursiveScheduler.swift (in target 'RxSwift' from project 'RxSwift')

SwiftCompile normal arm64 /Users/harishvishwakarma/Library/Developer/Xcode/DerivedData/Revolt-dharrjsambcimaaziudpvzjdcigm/SourcePackages/checkouts/RxSwift/Sources/RxSwift/Platform.Darwin.swift (in target 'RxSwift' from project 'RxSwift')
    cd /Users/harishvishwakarma/Handy/Archem/pepchat-ios/Revolt.xcodeproj
    

SwiftCompile normal arm64 /Users/harishvishwakarma/Library/Developer/Xcode/DerivedData/Revolt-dharrjsambcimaaziudpvzjdcigm/SourcePackages/checkouts/RxSwift/Sources/RxSwift/Platform.Linux.swift (in target 'RxSwift' from project 'RxSwift')
    cd /Users/harishvishwakarma/Handy/Archem/pepchat-ios/Revolt.xcodeproj
    

SwiftCompile normal arm64 /Users/harishvishwakarma/Library/Developer/Xcode/DerivedData/Revolt-dharrjsambcimaaziudpvzjdcigm/SourcePackages/checkouts/RxSwift/Sources/RxSwift/PrimitiveSequence+Concurrency.swift (in target 'RxSwift' from project 'RxSwift')
    cd /Users/harishvishwakarma/Handy/Archem/pepchat-ios/Revolt.xcodeproj
    

SwiftCompile normal arm64 /Users/harishvishwakarma/Library/Developer/Xcode/DerivedData/Revolt-dharrjsambcimaaziudpvzjdcigm/SourcePackages/checkouts/RxSwift/Sources/RxSwift/PrimitiveSequence+Zip+arity.swift (in target 'RxSwift' from project 'RxSwift')
    cd /Users/harishvishwakarma/Handy/Archem/pepchat-ios/Revolt.xcodeproj
    

SwiftCompile normal arm64 /Users/harishvishwakarma/Library/Developer/Xcode/DerivedData/Revolt-dharrjsambcimaaziudpvzjdcigm/SourcePackages/checkouts/RxSwift/Sources/RxSwift/PrimitiveSequence.swift (in target 'RxSwift' from project 'RxSwift')
    cd /Users/harishvishwakarma/Handy/Archem/pepchat-ios/Revolt.xcodeproj
    

SwiftCompile normal arm64 /Users/harishvishwakarma/Library/Developer/Xcode/DerivedData/Revolt-dharrjsambcimaaziudpvzjdcigm/SourcePackages/checkouts/RxSwift/Sources/RxSwift/PriorityQueue.swift (in target 'RxSwift' from project 'RxSwift')
    cd /Users/harishvishwakarma/Handy/Archem/pepchat-ios/Revolt.xcodeproj
    

SwiftCompile normal arm64 /Users/harishvishwakarma/Library/Developer/Xcode/DerivedData/Revolt-dharrjsambcimaaziudpvzjdcigm/SourcePackages/checkouts/RxSwift/Sources/RxSwift/Producer.swift (in target 'RxSwift' from project 'RxSwift')
    cd /Users/harishvishwakarma/Handy/Archem/pepchat-ios/Revolt.xcodeproj
    

SwiftCompile normal arm64 /Users/harishvishwakarma/Library/Developer/Xcode/DerivedData/Revolt-dharrjsambcimaaziudpvzjdcigm/SourcePackages/checkouts/RxSwift/Sources/RxSwift/PublishSubject.swift (in target 'RxSwift' from project 'RxSwift')
    cd /Users/harishvishwakarma/Handy/Archem/pepchat-ios/Revolt.xcodeproj
    

SwiftCompile normal arm64 /Users/harishvishwakarma/Library/Developer/Xcode/DerivedData/Revolt-dharrjsambcimaaziudpvzjdcigm/SourcePackages/checkouts/RxSwift/Sources/RxSwift/Queue.swift (in target 'RxSwift' from project 'RxSwift')
    cd /Users/harishvishwakarma/Handy/Archem/pepchat-ios/Revolt.xcodeproj
    

SwiftCompile normal arm64 /Users/harishvishwakarma/Library/Developer/Xcode/DerivedData/Revolt-dharrjsambcimaaziudpvzjdcigm/SourcePackages/checkouts/RxSwift/Sources/RxSwift/Range.swift (in target 'RxSwift' from project 'RxSwift')
    cd /Users/harishvishwakarma/Handy/Archem/pepchat-ios/Revolt.xcodeproj
    

SwiftCompile normal arm64 /Users/harishvishwakarma/Library/Developer/Xcode/DerivedData/Revolt-dharrjsambcimaaziudpvzjdcigm/SourcePackages/checkouts/RxSwift/Sources/RxSwift/Reactive.swift (in target 'RxSwift' from project 'RxSwift')
    cd /Users/harishvishwakarma/Handy/Archem/pepchat-ios/Revolt.xcodeproj
    

SwiftCompile normal arm64 /Users/harishvishwakarma/Library/Developer/Xcode/DerivedData/Revolt-dharrjsambcimaaziudpvzjdcigm/SourcePackages/checkouts/RxSwift/Sources/RxSwift/RecursiveLock.swift (in target 'RxSwift' from project 'RxSwift')
    cd /Users/harishvishwakarma/Handy/Archem/pepchat-ios/Revolt.xcodeproj
    

SwiftCompile normal arm64 /Users/harishvishwakarma/Library/Developer/Xcode/DerivedData/Revolt-dharrjsambcimaaziudpvzjdcigm/SourcePackages/checkouts/RxSwift/Sources/RxSwift/RecursiveScheduler.swift (in target 'RxSwift' from project 'RxSwift')
    cd /Users/harishvishwakarma/Handy/Archem/pepchat-ios/Revolt.xcodeproj
    

SwiftCompile normal arm64 Compiling\ DispatchQueueConfiguration.swift,\ Disposable.swift,\ Disposables.swift,\ DisposeBag.swift,\ DisposeBase.swift,\ DistinctUntilChanged.swift,\ Do.swift,\ ElementAt.swift,\ Empty.swift,\ Enumerated.swift,\ Error.swift,\ Errors.swift,\ Event.swift,\ Filter.swift /Users/harishvishwakarma/Library/Developer/Xcode/DerivedData/Revolt-dharrjsambcimaaziudpvzjdcigm/SourcePackages/checkouts/RxSwift/Sources/RxSwift/DispatchQueueConfiguration.swift /Users/harishvishwakarma/Library/Developer/Xcode/DerivedData/Revolt-dharrjsambcimaaziudpvzjdcigm/SourcePackages/checkouts/RxSwift/Sources/RxSwift/Disposable.swift /Users/harishvishwakarma/Library/Developer/Xcode/DerivedData/Revolt-dharrjsambcimaaziudpvzjdcigm/SourcePackages/checkouts/RxSwift/Sources/RxSwift/Disposables.swift /Users/harishvishwakarma/Library/Developer/Xcode/DerivedData/Revolt-dharrjsambcimaaziudpvzjdcigm/SourcePackages/checkouts/RxSwift/Sources/RxSwift/DisposeBag.swift /Users/harishvishwakarma/Library/Developer/Xcode/DerivedData/Revolt-dharrjsambcimaaziudpvzjdcigm/SourcePackages/checkouts/RxSwift/Sources/RxSwift/DisposeBase.swift /Users/harishvishwakarma/Library/Developer/Xcode/DerivedData/Revolt-dharrjsambcimaaziudpvzjdcigm/SourcePackages/checkouts/RxSwift/Sources/RxSwift/DistinctUntilChanged.swift /Users/harishvishwakarma/Library/Developer/Xcode/DerivedData/Revolt-dharrjsambcimaaziudpvzjdcigm/SourcePackages/checkouts/RxSwift/Sources/RxSwift/Do.swift /Users/harishvishwakarma/Library/Developer/Xcode/DerivedData/Revolt-dharrjsambcimaaziudpvzjdcigm/SourcePackages/checkouts/RxSwift/Sources/RxSwift/ElementAt.swift /Users/harishvishwakarma/Library/Developer/Xcode/DerivedData/Revolt-dharrjsambcimaaziudpvzjdcigm/SourcePackages/checkouts/RxSwift/Sources/RxSwift/Empty.swift /Users/harishvishwakarma/Library/Developer/Xcode/DerivedData/Revolt-dharrjsambcimaaziudpvzjdcigm/SourcePackages/checkouts/RxSwift/Sources/RxSwift/Enumerated.swift /Users/harishvishwakarma/Library/Developer/Xcode/DerivedData/Revolt-dharrjsambcimaaziudpvzjdcigm/SourcePackages/checkouts/RxSwift/Sources/RxSwift/Error.swift /Users/harishvishwakarma/Library/Developer/Xcode/DerivedData/Revolt-dharrjsambcimaaziudpvzjdcigm/SourcePackages/checkouts/RxSwift/Sources/RxSwift/Errors.swift /Users/harishvishwakarma/Library/Developer/Xcode/DerivedData/Revolt-dharrjsambcimaaziudpvzjdcigm/SourcePackages/checkouts/RxSwift/Sources/RxSwift/Event.swift /Users/harishvishwakarma/Library/Developer/Xcode/DerivedData/Revolt-dharrjsambcimaaziudpvzjdcigm/SourcePackages/checkouts/RxSwift/Sources/RxSwift/Filter.swift (in target 'RxSwift' from project 'RxSwift')

SwiftCompile normal arm64 /Users/harishvishwakarma/Library/Developer/Xcode/DerivedData/Revolt-dharrjsambcimaaziudpvzjdcigm/SourcePackages/checkouts/RxSwift/Sources/RxSwift/DispatchQueueConfiguration.swift (in target 'RxSwift' from project 'RxSwift')
    cd /Users/harishvishwakarma/Handy/Archem/pepchat-ios/Revolt.xcodeproj
    

SwiftCompile normal arm64 /Users/harishvishwakarma/Library/Developer/Xcode/DerivedData/Revolt-dharrjsambcimaaziudpvzjdcigm/SourcePackages/checkouts/RxSwift/Sources/RxSwift/Disposable.swift (in target 'RxSwift' from project 'RxSwift')
    cd /Users/harishvishwakarma/Handy/Archem/pepchat-ios/Revolt.xcodeproj
    

SwiftCompile normal arm64 /Users/harishvishwakarma/Library/Developer/Xcode/DerivedData/Revolt-dharrjsambcimaaziudpvzjdcigm/SourcePackages/checkouts/RxSwift/Sources/RxSwift/Disposables.swift (in target 'RxSwift' from project 'RxSwift')
    cd /Users/harishvishwakarma/Handy/Archem/pepchat-ios/Revolt.xcodeproj
    

SwiftCompile normal arm64 /Users/harishvishwakarma/Library/Developer/Xcode/DerivedData/Revolt-dharrjsambcimaaziudpvzjdcigm/SourcePackages/checkouts/RxSwift/Sources/RxSwift/DisposeBag.swift (in target 'RxSwift' from project 'RxSwift')
    cd /Users/harishvishwakarma/Handy/Archem/pepchat-ios/Revolt.xcodeproj
    

SwiftCompile normal arm64 /Users/harishvishwakarma/Library/Developer/Xcode/DerivedData/Revolt-dharrjsambcimaaziudpvzjdcigm/SourcePackages/checkouts/RxSwift/Sources/RxSwift/DisposeBase.swift (in target 'RxSwift' from project 'RxSwift')
    cd /Users/harishvishwakarma/Handy/Archem/pepchat-ios/Revolt.xcodeproj
    

SwiftCompile normal arm64 /Users/harishvishwakarma/Library/Developer/Xcode/DerivedData/Revolt-dharrjsambcimaaziudpvzjdcigm/SourcePackages/checkouts/RxSwift/Sources/RxSwift/DistinctUntilChanged.swift (in target 'RxSwift' from project 'RxSwift')
    cd /Users/harishvishwakarma/Handy/Archem/pepchat-ios/Revolt.xcodeproj
    

SwiftCompile normal arm64 /Users/harishvishwakarma/Library/Developer/Xcode/DerivedData/Revolt-dharrjsambcimaaziudpvzjdcigm/SourcePackages/checkouts/RxSwift/Sources/RxSwift/Do.swift (in target 'RxSwift' from project 'RxSwift')
    cd /Users/harishvishwakarma/Handy/Archem/pepchat-ios/Revolt.xcodeproj
    

SwiftCompile normal arm64 /Users/harishvishwakarma/Library/Developer/Xcode/DerivedData/Revolt-dharrjsambcimaaziudpvzjdcigm/SourcePackages/checkouts/RxSwift/Sources/RxSwift/ElementAt.swift (in target 'RxSwift' from project 'RxSwift')
    cd /Users/harishvishwakarma/Handy/Archem/pepchat-ios/Revolt.xcodeproj
    

SwiftCompile normal arm64 /Users/harishvishwakarma/Library/Developer/Xcode/DerivedData/Revolt-dharrjsambcimaaziudpvzjdcigm/SourcePackages/checkouts/RxSwift/Sources/RxSwift/Empty.swift (in target 'RxSwift' from project 'RxSwift')
    cd /Users/harishvishwakarma/Handy/Archem/pepchat-ios/Revolt.xcodeproj
    

SwiftCompile normal arm64 /Users/harishvishwakarma/Library/Developer/Xcode/DerivedData/Revolt-dharrjsambcimaaziudpvzjdcigm/SourcePackages/checkouts/RxSwift/Sources/RxSwift/Enumerated.swift (in target 'RxSwift' from project 'RxSwift')
    cd /Users/harishvishwakarma/Handy/Archem/pepchat-ios/Revolt.xcodeproj
    

SwiftCompile normal arm64 /Users/harishvishwakarma/Library/Developer/Xcode/DerivedData/Revolt-dharrjsambcimaaziudpvzjdcigm/SourcePackages/checkouts/RxSwift/Sources/RxSwift/Error.swift (in target 'RxSwift' from project 'RxSwift')
    cd /Users/harishvishwakarma/Handy/Archem/pepchat-ios/Revolt.xcodeproj
    

SwiftCompile normal arm64 /Users/harishvishwakarma/Library/Developer/Xcode/DerivedData/Revolt-dharrjsambcimaaziudpvzjdcigm/SourcePackages/checkouts/RxSwift/Sources/RxSwift/Errors.swift (in target 'RxSwift' from project 'RxSwift')
    cd /Users/harishvishwakarma/Handy/Archem/pepchat-ios/Revolt.xcodeproj
    

SwiftCompile normal arm64 /Users/harishvishwakarma/Library/Developer/Xcode/DerivedData/Revolt-dharrjsambcimaaziudpvzjdcigm/SourcePackages/checkouts/RxSwift/Sources/RxSwift/Event.swift (in target 'RxSwift' from project 'RxSwift')
    cd /Users/harishvishwakarma/Handy/Archem/pepchat-ios/Revolt.xcodeproj
    

SwiftCompile normal arm64 /Users/harishvishwakarma/Library/Developer/Xcode/DerivedData/Revolt-dharrjsambcimaaziudpvzjdcigm/SourcePackages/checkouts/RxSwift/Sources/RxSwift/Filter.swift (in target 'RxSwift' from project 'RxSwift')
    cd /Users/harishvishwakarma/Handy/Archem/pepchat-ios/Revolt.xcodeproj
    

SwiftDriverJobDiscovery normal arm64 Compiling ConstraintMakerFinalizable.swift, ConstraintMakerPrioritizable.swift, ConstraintMakerRelatable+Extensions.swift (in target 'SnapKit' from project 'SnapKit')

SwiftCompile normal arm64 Compiling\ NopDisposable.swift,\ Observable+Concurrency.swift,\ Observable.swift,\ ObservableConvertibleType+Infallible.swift,\ ObservableConvertibleType.swift,\ ObservableType+Extensions.swift,\ ObservableType+PrimitiveSequence.swift,\ ObservableType.swift,\ ObserveOn.swift,\ ObserverBase.swift,\ ObserverType.swift,\ OperationQueueScheduler.swift,\ Optional.swift /Users/harishvishwakarma/Library/Developer/Xcode/DerivedData/Revolt-dharrjsambcimaaziudpvzjdcigm/SourcePackages/checkouts/RxSwift/Sources/RxSwift/NopDisposable.swift /Users/harishvishwakarma/Library/Developer/Xcode/DerivedData/Revolt-dharrjsambcimaaziudpvzjdcigm/SourcePackages/checkouts/RxSwift/Sources/RxSwift/Observable+Concurrency.swift /Users/harishvishwakarma/Library/Developer/Xcode/DerivedData/Revolt-dharrjsambcimaaziudpvzjdcigm/SourcePackages/checkouts/RxSwift/Sources/RxSwift/Observable.swift /Users/harishvishwakarma/Library/Developer/Xcode/DerivedData/Revolt-dharrjsambcimaaziudpvzjdcigm/SourcePackages/checkouts/RxSwift/Sources/RxSwift/ObservableConvertibleType+Infallible.swift /Users/harishvishwakarma/Library/Developer/Xcode/DerivedData/Revolt-dharrjsambcimaaziudpvzjdcigm/SourcePackages/checkouts/RxSwift/Sources/RxSwift/ObservableConvertibleType.swift /Users/harishvishwakarma/Library/Developer/Xcode/DerivedData/Revolt-dharrjsambcimaaziudpvzjdcigm/SourcePackages/checkouts/RxSwift/Sources/RxSwift/ObservableType+Extensions.swift /Users/harishvishwakarma/Library/Developer/Xcode/DerivedData/Revolt-dharrjsambcimaaziudpvzjdcigm/SourcePackages/checkouts/RxSwift/Sources/RxSwift/ObservableType+PrimitiveSequence.swift /Users/harishvishwakarma/Library/Developer/Xcode/DerivedData/Revolt-dharrjsambcimaaziudpvzjdcigm/SourcePackages/checkouts/RxSwift/Sources/RxSwift/ObservableType.swift /Users/harishvishwakarma/Library/Developer/Xcode/DerivedData/Revolt-dharrjsambcimaaziudpvzjdcigm/SourcePackages/checkouts/RxSwift/Sources/RxSwift/ObserveOn.swift /Users/harishvishwakarma/Library/Developer/Xcode/DerivedData/Revolt-dharrjsambcimaaziudpvzjdcigm/SourcePackages/checkouts/RxSwift/Sources/RxSwift/ObserverBase.swift /Users/harishvishwakarma/Library/Developer/Xcode/DerivedData/Revolt-dharrjsambcimaaziudpvzjdcigm/SourcePackages/checkouts/RxSwift/Sources/RxSwift/ObserverType.swift /Users/harishvishwakarma/Library/Developer/Xcode/DerivedData/Revolt-dharrjsambcimaaziudpvzjdcigm/SourcePackages/checkouts/RxSwift/Sources/RxSwift/OperationQueueScheduler.swift /Users/harishvishwakarma/Library/Developer/Xcode/DerivedData/Revolt-dharrjsambcimaaziudpvzjdcigm/SourcePackages/checkouts/RxSwift/Sources/RxSwift/Optional.swift (in target 'RxSwift' from project 'RxSwift')

SwiftCompile normal arm64 /Users/harishvishwakarma/Library/Developer/Xcode/DerivedData/Revolt-dharrjsambcimaaziudpvzjdcigm/SourcePackages/checkouts/RxSwift/Sources/RxSwift/NopDisposable.swift (in target 'RxSwift' from project 'RxSwift')
    cd /Users/harishvishwakarma/Handy/Archem/pepchat-ios/Revolt.xcodeproj
    

SwiftCompile normal arm64 /Users/harishvishwakarma/Library/Developer/Xcode/DerivedData/Revolt-dharrjsambcimaaziudpvzjdcigm/SourcePackages/checkouts/RxSwift/Sources/RxSwift/Observable+Concurrency.swift (in target 'RxSwift' from project 'RxSwift')
    cd /Users/harishvishwakarma/Handy/Archem/pepchat-ios/Revolt.xcodeproj
    

SwiftCompile normal arm64 /Users/harishvishwakarma/Library/Developer/Xcode/DerivedData/Revolt-dharrjsambcimaaziudpvzjdcigm/SourcePackages/checkouts/RxSwift/Sources/RxSwift/Observable.swift (in target 'RxSwift' from project 'RxSwift')
    cd /Users/harishvishwakarma/Handy/Archem/pepchat-ios/Revolt.xcodeproj
    

SwiftCompile normal arm64 /Users/harishvishwakarma/Library/Developer/Xcode/DerivedData/Revolt-dharrjsambcimaaziudpvzjdcigm/SourcePackages/checkouts/RxSwift/Sources/RxSwift/ObservableConvertibleType+Infallible.swift (in target 'RxSwift' from project 'RxSwift')
    cd /Users/harishvishwakarma/Handy/Archem/pepchat-ios/Revolt.xcodeproj
    

SwiftCompile normal arm64 /Users/harishvishwakarma/Library/Developer/Xcode/DerivedData/Revolt-dharrjsambcimaaziudpvzjdcigm/SourcePackages/checkouts/RxSwift/Sources/RxSwift/ObservableConvertibleType.swift (in target 'RxSwift' from project 'RxSwift')
    cd /Users/harishvishwakarma/Handy/Archem/pepchat-ios/Revolt.xcodeproj
    

SwiftCompile normal arm64 /Users/harishvishwakarma/Library/Developer/Xcode/DerivedData/Revolt-dharrjsambcimaaziudpvzjdcigm/SourcePackages/checkouts/RxSwift/Sources/RxSwift/ObservableType+Extensions.swift (in target 'RxSwift' from project 'RxSwift')
    cd /Users/harishvishwakarma/Handy/Archem/pepchat-ios/Revolt.xcodeproj
    

SwiftCompile normal arm64 /Users/harishvishwakarma/Library/Developer/Xcode/DerivedData/Revolt-dharrjsambcimaaziudpvzjdcigm/SourcePackages/checkouts/RxSwift/Sources/RxSwift/ObservableType+PrimitiveSequence.swift (in target 'RxSwift' from project 'RxSwift')
    cd /Users/harishvishwakarma/Handy/Archem/pepchat-ios/Revolt.xcodeproj
    

SwiftCompile normal arm64 /Users/harishvishwakarma/Library/Developer/Xcode/DerivedData/Revolt-dharrjsambcimaaziudpvzjdcigm/SourcePackages/checkouts/RxSwift/Sources/RxSwift/ObservableType.swift (in target 'RxSwift' from project 'RxSwift')
    cd /Users/harishvishwakarma/Handy/Archem/pepchat-ios/Revolt.xcodeproj
    

SwiftCompile normal arm64 /Users/harishvishwakarma/Library/Developer/Xcode/DerivedData/Revolt-dharrjsambcimaaziudpvzjdcigm/SourcePackages/checkouts/RxSwift/Sources/RxSwift/ObserveOn.swift (in target 'RxSwift' from project 'RxSwift')
    cd /Users/harishvishwakarma/Handy/Archem/pepchat-ios/Revolt.xcodeproj
    

SwiftCompile normal arm64 /Users/harishvishwakarma/Library/Developer/Xcode/DerivedData/Revolt-dharrjsambcimaaziudpvzjdcigm/SourcePackages/checkouts/RxSwift/Sources/RxSwift/ObserverBase.swift (in target 'RxSwift' from project 'RxSwift')
    cd /Users/harishvishwakarma/Handy/Archem/pepchat-ios/Revolt.xcodeproj
    

SwiftCompile normal arm64 /Users/harishvishwakarma/Library/Developer/Xcode/DerivedData/Revolt-dharrjsambcimaaziudpvzjdcigm/SourcePackages/checkouts/RxSwift/Sources/RxSwift/ObserverType.swift (in target 'RxSwift' from project 'RxSwift')
    cd /Users/harishvishwakarma/Handy/Archem/pepchat-ios/Revolt.xcodeproj
    

SwiftCompile normal arm64 /Users/harishvishwakarma/Library/Developer/Xcode/DerivedData/Revolt-dharrjsambcimaaziudpvzjdcigm/SourcePackages/checkouts/RxSwift/Sources/RxSwift/OperationQueueScheduler.swift (in target 'RxSwift' from project 'RxSwift')
    cd /Users/harishvishwakarma/Handy/Archem/pepchat-ios/Revolt.xcodeproj
    

SwiftCompile normal arm64 /Users/harishvishwakarma/Library/Developer/Xcode/DerivedData/Revolt-dharrjsambcimaaziudpvzjdcigm/SourcePackages/checkouts/RxSwift/Sources/RxSwift/Optional.swift (in target 'RxSwift' from project 'RxSwift')
    cd /Users/harishvishwakarma/Handy/Archem/pepchat-ios/Revolt.xcodeproj
    

SwiftDriverJobDiscovery normal arm64 Compiling ConstraintConstantTarget.swift, ConstraintDSL.swift, ConstraintDescription.swift, ConstraintDirectionalInsetTarget.swift (in target 'SnapKit' from project 'SnapKit')

SwiftCompile normal arm64 Compiling\ AddRef.swift,\ Amb.swift,\ AnonymousDisposable.swift,\ AnonymousObserver.swift,\ AnyObserver.swift,\ AsMaybe.swift,\ AsSingle.swift,\ AsyncLock.swift,\ AsyncSubject.swift,\ AtomicInt.swift,\ Bag+Rx.swift,\ Bag.swift,\ BehaviorSubject.swift,\ BinaryDisposable.swift /Users/harishvishwakarma/Library/Developer/Xcode/DerivedData/Revolt-dharrjsambcimaaziudpvzjdcigm/SourcePackages/checkouts/RxSwift/Sources/RxSwift/AddRef.swift /Users/harishvishwakarma/Library/Developer/Xcode/DerivedData/Revolt-dharrjsambcimaaziudpvzjdcigm/SourcePackages/checkouts/RxSwift/Sources/RxSwift/Amb.swift /Users/harishvishwakarma/Library/Developer/Xcode/DerivedData/Revolt-dharrjsambcimaaziudpvzjdcigm/SourcePackages/checkouts/RxSwift/Sources/RxSwift/AnonymousDisposable.swift /Users/harishvishwakarma/Library/Developer/Xcode/DerivedData/Revolt-dharrjsambcimaaziudpvzjdcigm/SourcePackages/checkouts/RxSwift/Sources/RxSwift/AnonymousObserver.swift /Users/harishvishwakarma/Library/Developer/Xcode/DerivedData/Revolt-dharrjsambcimaaziudpvzjdcigm/SourcePackages/checkouts/RxSwift/Sources/RxSwift/AnyObserver.swift /Users/harishvishwakarma/Library/Developer/Xcode/DerivedData/Revolt-dharrjsambcimaaziudpvzjdcigm/SourcePackages/checkouts/RxSwift/Sources/RxSwift/AsMaybe.swift /Users/harishvishwakarma/Library/Developer/Xcode/DerivedData/Revolt-dharrjsambcimaaziudpvzjdcigm/SourcePackages/checkouts/RxSwift/Sources/RxSwift/AsSingle.swift /Users/harishvishwakarma/Library/Developer/Xcode/DerivedData/Revolt-dharrjsambcimaaziudpvzjdcigm/SourcePackages/checkouts/RxSwift/Sources/RxSwift/AsyncLock.swift /Users/harishvishwakarma/Library/Developer/Xcode/DerivedData/Revolt-dharrjsambcimaaziudpvzjdcigm/SourcePackages/checkouts/RxSwift/Sources/RxSwift/AsyncSubject.swift /Users/harishvishwakarma/Library/Developer/Xcode/DerivedData/Revolt-dharrjsambcimaaziudpvzjdcigm/SourcePackages/checkouts/RxSwift/Sources/RxSwift/AtomicInt.swift /Users/harishvishwakarma/Library/Developer/Xcode/DerivedData/Revolt-dharrjsambcimaaziudpvzjdcigm/SourcePackages/checkouts/RxSwift/Sources/RxSwift/Bag+Rx.swift /Users/harishvishwakarma/Library/Developer/Xcode/DerivedData/Revolt-dharrjsambcimaaziudpvzjdcigm/SourcePackages/checkouts/RxSwift/Sources/RxSwift/Bag.swift /Users/harishvishwakarma/Library/Developer/Xcode/DerivedData/Revolt-dharrjsambcimaaziudpvzjdcigm/SourcePackages/checkouts/RxSwift/Sources/RxSwift/BehaviorSubject.swift /Users/harishvishwakarma/Library/Developer/Xcode/DerivedData/Revolt-dharrjsambcimaaziudpvzjdcigm/SourcePackages/checkouts/RxSwift/Sources/RxSwift/BinaryDisposable.swift (in target 'RxSwift' from project 'RxSwift')

SwiftCompile normal arm64 /Users/harishvishwakarma/Library/Developer/Xcode/DerivedData/Revolt-dharrjsambcimaaziudpvzjdcigm/SourcePackages/checkouts/RxSwift/Sources/RxSwift/AddRef.swift (in target 'RxSwift' from project 'RxSwift')
    cd /Users/harishvishwakarma/Handy/Archem/pepchat-ios/Revolt.xcodeproj
    

SwiftCompile normal arm64 /Users/harishvishwakarma/Library/Developer/Xcode/DerivedData/Revolt-dharrjsambcimaaziudpvzjdcigm/SourcePackages/checkouts/RxSwift/Sources/RxSwift/Amb.swift (in target 'RxSwift' from project 'RxSwift')
    cd /Users/harishvishwakarma/Handy/Archem/pepchat-ios/Revolt.xcodeproj
    

SwiftCompile normal arm64 /Users/harishvishwakarma/Library/Developer/Xcode/DerivedData/Revolt-dharrjsambcimaaziudpvzjdcigm/SourcePackages/checkouts/RxSwift/Sources/RxSwift/AnonymousDisposable.swift (in target 'RxSwift' from project 'RxSwift')
    cd /Users/harishvishwakarma/Handy/Archem/pepchat-ios/Revolt.xcodeproj
    

SwiftCompile normal arm64 /Users/harishvishwakarma/Library/Developer/Xcode/DerivedData/Revolt-dharrjsambcimaaziudpvzjdcigm/SourcePackages/checkouts/RxSwift/Sources/RxSwift/AnonymousObserver.swift (in target 'RxSwift' from project 'RxSwift')
    cd /Users/harishvishwakarma/Handy/Archem/pepchat-ios/Revolt.xcodeproj
    

SwiftCompile normal arm64 /Users/harishvishwakarma/Library/Developer/Xcode/DerivedData/Revolt-dharrjsambcimaaziudpvzjdcigm/SourcePackages/checkouts/RxSwift/Sources/RxSwift/AnyObserver.swift (in target 'RxSwift' from project 'RxSwift')
    cd /Users/harishvishwakarma/Handy/Archem/pepchat-ios/Revolt.xcodeproj
    

SwiftCompile normal arm64 /Users/harishvishwakarma/Library/Developer/Xcode/DerivedData/Revolt-dharrjsambcimaaziudpvzjdcigm/SourcePackages/checkouts/RxSwift/Sources/RxSwift/AsMaybe.swift (in target 'RxSwift' from project 'RxSwift')
    cd /Users/harishvishwakarma/Handy/Archem/pepchat-ios/Revolt.xcodeproj
    

SwiftCompile normal arm64 /Users/harishvishwakarma/Library/Developer/Xcode/DerivedData/Revolt-dharrjsambcimaaziudpvzjdcigm/SourcePackages/checkouts/RxSwift/Sources/RxSwift/AsSingle.swift (in target 'RxSwift' from project 'RxSwift')
    cd /Users/harishvishwakarma/Handy/Archem/pepchat-ios/Revolt.xcodeproj
    

SwiftCompile normal arm64 /Users/harishvishwakarma/Library/Developer/Xcode/DerivedData/Revolt-dharrjsambcimaaziudpvzjdcigm/SourcePackages/checkouts/RxSwift/Sources/RxSwift/AsyncLock.swift (in target 'RxSwift' from project 'RxSwift')
    cd /Users/harishvishwakarma/Handy/Archem/pepchat-ios/Revolt.xcodeproj
    

SwiftCompile normal arm64 /Users/harishvishwakarma/Library/Developer/Xcode/DerivedData/Revolt-dharrjsambcimaaziudpvzjdcigm/SourcePackages/checkouts/RxSwift/Sources/RxSwift/AsyncSubject.swift (in target 'RxSwift' from project 'RxSwift')
    cd /Users/harishvishwakarma/Handy/Archem/pepchat-ios/Revolt.xcodeproj
    

SwiftCompile normal arm64 /Users/harishvishwakarma/Library/Developer/Xcode/DerivedData/Revolt-dharrjsambcimaaziudpvzjdcigm/SourcePackages/checkouts/RxSwift/Sources/RxSwift/AtomicInt.swift (in target 'RxSwift' from project 'RxSwift')
    cd /Users/harishvishwakarma/Handy/Archem/pepchat-ios/Revolt.xcodeproj
    

SwiftCompile normal arm64 /Users/harishvishwakarma/Library/Developer/Xcode/DerivedData/Revolt-dharrjsambcimaaziudpvzjdcigm/SourcePackages/checkouts/RxSwift/Sources/RxSwift/Bag+Rx.swift (in target 'RxSwift' from project 'RxSwift')
    cd /Users/harishvishwakarma/Handy/Archem/pepchat-ios/Revolt.xcodeproj
    

SwiftCompile normal arm64 /Users/harishvishwakarma/Library/Developer/Xcode/DerivedData/Revolt-dharrjsambcimaaziudpvzjdcigm/SourcePackages/checkouts/RxSwift/Sources/RxSwift/Bag.swift (in target 'RxSwift' from project 'RxSwift')
    cd /Users/harishvishwakarma/Handy/Archem/pepchat-ios/Revolt.xcodeproj
    

SwiftCompile normal arm64 /Users/harishvishwakarma/Library/Developer/Xcode/DerivedData/Revolt-dharrjsambcimaaziudpvzjdcigm/SourcePackages/checkouts/RxSwift/Sources/RxSwift/BehaviorSubject.swift (in target 'RxSwift' from project 'RxSwift')
    cd /Users/harishvishwakarma/Handy/Archem/pepchat-ios/Revolt.xcodeproj
    

SwiftCompile normal arm64 /Users/harishvishwakarma/Library/Developer/Xcode/DerivedData/Revolt-dharrjsambcimaaziudpvzjdcigm/SourcePackages/checkouts/RxSwift/Sources/RxSwift/BinaryDisposable.swift (in target 'RxSwift' from project 'RxSwift')
    cd /Users/harishvishwakarma/Handy/Archem/pepchat-ios/Revolt.xcodeproj
    

SwiftDriverJobDiscovery normal arm64 Compiling ConstraintLayoutGuideDSL.swift, ConstraintLayoutSupport.swift, ConstraintLayoutSupportDSL.swift (in target 'SnapKit' from project 'SnapKit')

SwiftCompile normal arm64 Compiling\ First.swift,\ Generate.swift,\ GroupBy.swift,\ GroupedObservable.swift,\ HistoricalScheduler.swift,\ HistoricalSchedulerTimeConverter.swift,\ ImmediateSchedulerType.swift,\ Infallible+CombineLatest+Collection.swift,\ Infallible+CombineLatest+arity.swift,\ Infallible+Concurrency.swift,\ Infallible+Create.swift,\ Infallible+Debug.swift,\ Infallible+Operators.swift,\ Infallible+Zip+arity.swift /Users/harishvishwakarma/Library/Developer/Xcode/DerivedData/Revolt-dharrjsambcimaaziudpvzjdcigm/SourcePackages/checkouts/RxSwift/Sources/RxSwift/First.swift /Users/harishvishwakarma/Library/Developer/Xcode/DerivedData/Revolt-dharrjsambcimaaziudpvzjdcigm/SourcePackages/checkouts/RxSwift/Sources/RxSwift/Generate.swift /Users/harishvishwakarma/Library/Developer/Xcode/DerivedData/Revolt-dharrjsambcimaaziudpvzjdcigm/SourcePackages/checkouts/RxSwift/Sources/RxSwift/GroupBy.swift /Users/harishvishwakarma/Library/Developer/Xcode/DerivedData/Revolt-dharrjsambcimaaziudpvzjdcigm/SourcePackages/checkouts/RxSwift/Sources/RxSwift/GroupedObservable.swift /Users/harishvishwakarma/Library/Developer/Xcode/DerivedData/Revolt-dharrjsambcimaaziudpvzjdcigm/SourcePackages/checkouts/RxSwift/Sources/RxSwift/HistoricalScheduler.swift /Users/harishvishwakarma/Library/Developer/Xcode/DerivedData/Revolt-dharrjsambcimaaziudpvzjdcigm/SourcePackages/checkouts/RxSwift/Sources/RxSwift/HistoricalSchedulerTimeConverter.swift /Users/harishvishwakarma/Library/Developer/Xcode/DerivedData/Revolt-dharrjsambcimaaziudpvzjdcigm/SourcePackages/checkouts/RxSwift/Sources/RxSwift/ImmediateSchedulerType.swift /Users/harishvishwakarma/Library/Developer/Xcode/DerivedData/Revolt-dharrjsambcimaaziudpvzjdcigm/SourcePackages/checkouts/RxSwift/Sources/RxSwift/Infallible+CombineLatest+Collection.swift /Users/harishvishwakarma/Library/Developer/Xcode/DerivedData/Revolt-dharrjsambcimaaziudpvzjdcigm/SourcePackages/checkouts/RxSwift/Sources/RxSwift/Infallible+CombineLatest+arity.swift /Users/harishvishwakarma/Library/Developer/Xcode/DerivedData/Revolt-dharrjsambcimaaziudpvzjdcigm/SourcePackages/checkouts/RxSwift/Sources/RxSwift/Infallible+Concurrency.swift /Users/harishvishwakarma/Library/Developer/Xcode/DerivedData/Revolt-dharrjsambcimaaziudpvzjdcigm/SourcePackages/checkouts/RxSwift/Sources/RxSwift/Infallible+Create.swift /Users/harishvishwakarma/Library/Developer/Xcode/DerivedData/Revolt-dharrjsambcimaaziudpvzjdcigm/SourcePackages/checkouts/RxSwift/Sources/RxSwift/Infallible+Debug.swift /Users/harishvishwakarma/Library/Developer/Xcode/DerivedData/Revolt-dharrjsambcimaaziudpvzjdcigm/SourcePackages/checkouts/RxSwift/Sources/RxSwift/Infallible+Operators.swift /Users/harishvishwakarma/Library/Developer/Xcode/DerivedData/Revolt-dharrjsambcimaaziudpvzjdcigm/SourcePackages/checkouts/RxSwift/Sources/RxSwift/Infallible+Zip+arity.swift (in target 'RxSwift' from project 'RxSwift')

SwiftCompile normal arm64 /Users/harishvishwakarma/Library/Developer/Xcode/DerivedData/Revolt-dharrjsambcimaaziudpvzjdcigm/SourcePackages/checkouts/RxSwift/Sources/RxSwift/First.swift (in target 'RxSwift' from project 'RxSwift')
    cd /Users/harishvishwakarma/Handy/Archem/pepchat-ios/Revolt.xcodeproj
    

SwiftCompile normal arm64 /Users/harishvishwakarma/Library/Developer/Xcode/DerivedData/Revolt-dharrjsambcimaaziudpvzjdcigm/SourcePackages/checkouts/RxSwift/Sources/RxSwift/Generate.swift (in target 'RxSwift' from project 'RxSwift')
    cd /Users/harishvishwakarma/Handy/Archem/pepchat-ios/Revolt.xcodeproj
    

SwiftCompile normal arm64 /Users/harishvishwakarma/Library/Developer/Xcode/DerivedData/Revolt-dharrjsambcimaaziudpvzjdcigm/SourcePackages/checkouts/RxSwift/Sources/RxSwift/GroupBy.swift (in target 'RxSwift' from project 'RxSwift')
    cd /Users/harishvishwakarma/Handy/Archem/pepchat-ios/Revolt.xcodeproj
    

SwiftCompile normal arm64 /Users/harishvishwakarma/Library/Developer/Xcode/DerivedData/Revolt-dharrjsambcimaaziudpvzjdcigm/SourcePackages/checkouts/RxSwift/Sources/RxSwift/GroupedObservable.swift (in target 'RxSwift' from project 'RxSwift')
    cd /Users/harishvishwakarma/Handy/Archem/pepchat-ios/Revolt.xcodeproj
    

SwiftCompile normal arm64 /Users/harishvishwakarma/Library/Developer/Xcode/DerivedData/Revolt-dharrjsambcimaaziudpvzjdcigm/SourcePackages/checkouts/RxSwift/Sources/RxSwift/HistoricalScheduler.swift (in target 'RxSwift' from project 'RxSwift')
    cd /Users/harishvishwakarma/Handy/Archem/pepchat-ios/Revolt.xcodeproj
    

SwiftCompile normal arm64 /Users/harishvishwakarma/Library/Developer/Xcode/DerivedData/Revolt-dharrjsambcimaaziudpvzjdcigm/SourcePackages/checkouts/RxSwift/Sources/RxSwift/HistoricalSchedulerTimeConverter.swift (in target 'RxSwift' from project 'RxSwift')
    cd /Users/harishvishwakarma/Handy/Archem/pepchat-ios/Revolt.xcodeproj
    

SwiftCompile normal arm64 /Users/harishvishwakarma/Library/Developer/Xcode/DerivedData/Revolt-dharrjsambcimaaziudpvzjdcigm/SourcePackages/checkouts/RxSwift/Sources/RxSwift/ImmediateSchedulerType.swift (in target 'RxSwift' from project 'RxSwift')
    cd /Users/harishvishwakarma/Handy/Archem/pepchat-ios/Revolt.xcodeproj
    

SwiftCompile normal arm64 /Users/harishvishwakarma/Library/Developer/Xcode/DerivedData/Revolt-dharrjsambcimaaziudpvzjdcigm/SourcePackages/checkouts/RxSwift/Sources/RxSwift/Infallible+CombineLatest+Collection.swift (in target 'RxSwift' from project 'RxSwift')
    cd /Users/harishvishwakarma/Handy/Archem/pepchat-ios/Revolt.xcodeproj
    

SwiftCompile normal arm64 /Users/harishvishwakarma/Library/Developer/Xcode/DerivedData/Revolt-dharrjsambcimaaziudpvzjdcigm/SourcePackages/checkouts/RxSwift/Sources/RxSwift/Infallible+CombineLatest+arity.swift (in target 'RxSwift' from project 'RxSwift')
    cd /Users/harishvishwakarma/Handy/Archem/pepchat-ios/Revolt.xcodeproj
    

SwiftCompile normal arm64 /Users/harishvishwakarma/Library/Developer/Xcode/DerivedData/Revolt-dharrjsambcimaaziudpvzjdcigm/SourcePackages/checkouts/RxSwift/Sources/RxSwift/Infallible+Concurrency.swift (in target 'RxSwift' from project 'RxSwift')
    cd /Users/harishvishwakarma/Handy/Archem/pepchat-ios/Revolt.xcodeproj
    

SwiftCompile normal arm64 /Users/harishvishwakarma/Library/Developer/Xcode/DerivedData/Revolt-dharrjsambcimaaziudpvzjdcigm/SourcePackages/checkouts/RxSwift/Sources/RxSwift/Infallible+Create.swift (in target 'RxSwift' from project 'RxSwift')
    cd /Users/harishvishwakarma/Handy/Archem/pepchat-ios/Revolt.xcodeproj
    

SwiftCompile normal arm64 /Users/harishvishwakarma/Library/Developer/Xcode/DerivedData/Revolt-dharrjsambcimaaziudpvzjdcigm/SourcePackages/checkouts/RxSwift/Sources/RxSwift/Infallible+Debug.swift (in target 'RxSwift' from project 'RxSwift')
    cd /Users/harishvishwakarma/Handy/Archem/pepchat-ios/Revolt.xcodeproj
    

SwiftCompile normal arm64 /Users/harishvishwakarma/Library/Developer/Xcode/DerivedData/Revolt-dharrjsambcimaaziudpvzjdcigm/SourcePackages/checkouts/RxSwift/Sources/RxSwift/Infallible+Operators.swift (in target 'RxSwift' from project 'RxSwift')
    cd /Users/harishvishwakarma/Handy/Archem/pepchat-ios/Revolt.xcodeproj
    

SwiftCompile normal arm64 /Users/harishvishwakarma/Library/Developer/Xcode/DerivedData/Revolt-dharrjsambcimaaziudpvzjdcigm/SourcePackages/checkouts/RxSwift/Sources/RxSwift/Infallible+Zip+arity.swift (in target 'RxSwift' from project 'RxSwift')
    cd /Users/harishvishwakarma/Handy/Archem/pepchat-ios/Revolt.xcodeproj
    

SwiftDriverJobDiscovery normal arm64 Compiling ConstraintMakerRelatable.swift, ConstraintMultiplierTarget.swift, ConstraintOffsetTarget.swift (in target 'SnapKit' from project 'SnapKit')

SwiftCompile normal arm64 Compiling\ SubjectType.swift,\ SubscribeOn.swift,\ SubscriptionDisposable.swift,\ SwiftSupport.swift,\ Switch.swift,\ SwitchIfEmpty.swift,\ SynchronizedDisposeType.swift,\ SynchronizedOnType.swift,\ SynchronizedUnsubscribeType.swift,\ TailRecursiveSink.swift,\ Take.swift,\ TakeLast.swift,\ TakeWithPredicate.swift /Users/harishvishwakarma/Library/Developer/Xcode/DerivedData/Revolt-dharrjsambcimaaziudpvzjdcigm/SourcePackages/checkouts/RxSwift/Sources/RxSwift/SubjectType.swift /Users/harishvishwakarma/Library/Developer/Xcode/DerivedData/Revolt-dharrjsambcimaaziudpvzjdcigm/SourcePackages/checkouts/RxSwift/Sources/RxSwift/SubscribeOn.swift /Users/harishvishwakarma/Library/Developer/Xcode/DerivedData/Revolt-dharrjsambcimaaziudpvzjdcigm/SourcePackages/checkouts/RxSwift/Sources/RxSwift/SubscriptionDisposable.swift /Users/harishvishwakarma/Library/Developer/Xcode/DerivedData/Revolt-dharrjsambcimaaziudpvzjdcigm/SourcePackages/checkouts/RxSwift/Sources/RxSwift/SwiftSupport.swift /Users/harishvishwakarma/Library/Developer/Xcode/DerivedData/Revolt-dharrjsambcimaaziudpvzjdcigm/SourcePackages/checkouts/RxSwift/Sources/RxSwift/Switch.swift /Users/harishvishwakarma/Library/Developer/Xcode/DerivedData/Revolt-dharrjsambcimaaziudpvzjdcigm/SourcePackages/checkouts/RxSwift/Sources/RxSwift/SwitchIfEmpty.swift /Users/harishvishwakarma/Library/Developer/Xcode/DerivedData/Revolt-dharrjsambcimaaziudpvzjdcigm/SourcePackages/checkouts/RxSwift/Sources/RxSwift/SynchronizedDisposeType.swift /Users/harishvishwakarma/Library/Developer/Xcode/DerivedData/Revolt-dharrjsambcimaaziudpvzjdcigm/SourcePackages/checkouts/RxSwift/Sources/RxSwift/SynchronizedOnType.swift /Users/harishvishwakarma/Library/Developer/Xcode/DerivedData/Revolt-dharrjsambcimaaziudpvzjdcigm/SourcePackages/checkouts/RxSwift/Sources/RxSwift/SynchronizedUnsubscribeType.swift /Users/harishvishwakarma/Library/Developer/Xcode/DerivedData/Revolt-dharrjsambcimaaziudpvzjdcigm/SourcePackages/checkouts/RxSwift/Sources/RxSwift/TailRecursiveSink.swift /Users/harishvishwakarma/Library/Developer/Xcode/DerivedData/Revolt-dharrjsambcimaaziudpvzjdcigm/SourcePackages/checkouts/RxSwift/Sources/RxSwift/Take.swift /Users/harishvishwakarma/Library/Developer/Xcode/DerivedData/Revolt-dharrjsambcimaaziudpvzjdcigm/SourcePackages/checkouts/RxSwift/Sources/RxSwift/TakeLast.swift /Users/harishvishwakarma/Library/Developer/Xcode/DerivedData/Revolt-dharrjsambcimaaziudpvzjdcigm/SourcePackages/checkouts/RxSwift/Sources/RxSwift/TakeWithPredicate.swift (in target 'RxSwift' from project 'RxSwift')

SwiftCompile normal arm64 /Users/harishvishwakarma/Library/Developer/Xcode/DerivedData/Revolt-dharrjsambcimaaziudpvzjdcigm/SourcePackages/checkouts/RxSwift/Sources/RxSwift/SubjectType.swift (in target 'RxSwift' from project 'RxSwift')
    cd /Users/harishvishwakarma/Handy/Archem/pepchat-ios/Revolt.xcodeproj
    

SwiftCompile normal arm64 /Users/harishvishwakarma/Library/Developer/Xcode/DerivedData/Revolt-dharrjsambcimaaziudpvzjdcigm/SourcePackages/checkouts/RxSwift/Sources/RxSwift/SubscribeOn.swift (in target 'RxSwift' from project 'RxSwift')
    cd /Users/harishvishwakarma/Handy/Archem/pepchat-ios/Revolt.xcodeproj
    

SwiftCompile normal arm64 /Users/harishvishwakarma/Library/Developer/Xcode/DerivedData/Revolt-dharrjsambcimaaziudpvzjdcigm/SourcePackages/checkouts/RxSwift/Sources/RxSwift/SubscriptionDisposable.swift (in target 'RxSwift' from project 'RxSwift')
    cd /Users/harishvishwakarma/Handy/Archem/pepchat-ios/Revolt.xcodeproj
    

SwiftCompile normal arm64 /Users/harishvishwakarma/Library/Developer/Xcode/DerivedData/Revolt-dharrjsambcimaaziudpvzjdcigm/SourcePackages/checkouts/RxSwift/Sources/RxSwift/SwiftSupport.swift (in target 'RxSwift' from project 'RxSwift')
    cd /Users/harishvishwakarma/Handy/Archem/pepchat-ios/Revolt.xcodeproj
    

SwiftCompile normal arm64 /Users/harishvishwakarma/Library/Developer/Xcode/DerivedData/Revolt-dharrjsambcimaaziudpvzjdcigm/SourcePackages/checkouts/RxSwift/Sources/RxSwift/Switch.swift (in target 'RxSwift' from project 'RxSwift')
    cd /Users/harishvishwakarma/Handy/Archem/pepchat-ios/Revolt.xcodeproj
    

SwiftCompile normal arm64 /Users/harishvishwakarma/Library/Developer/Xcode/DerivedData/Revolt-dharrjsambcimaaziudpvzjdcigm/SourcePackages/checkouts/RxSwift/Sources/RxSwift/SwitchIfEmpty.swift (in target 'RxSwift' from project 'RxSwift')
    cd /Users/harishvishwakarma/Handy/Archem/pepchat-ios/Revolt.xcodeproj
    

SwiftCompile normal arm64 /Users/harishvishwakarma/Library/Developer/Xcode/DerivedData/Revolt-dharrjsambcimaaziudpvzjdcigm/SourcePackages/checkouts/RxSwift/Sources/RxSwift/SynchronizedDisposeType.swift (in target 'RxSwift' from project 'RxSwift')
    cd /Users/harishvishwakarma/Handy/Archem/pepchat-ios/Revolt.xcodeproj
    

SwiftCompile normal arm64 /Users/harishvishwakarma/Library/Developer/Xcode/DerivedData/Revolt-dharrjsambcimaaziudpvzjdcigm/SourcePackages/checkouts/RxSwift/Sources/RxSwift/SynchronizedOnType.swift (in target 'RxSwift' from project 'RxSwift')
    cd /Users/harishvishwakarma/Handy/Archem/pepchat-ios/Revolt.xcodeproj
    

SwiftCompile normal arm64 /Users/harishvishwakarma/Library/Developer/Xcode/DerivedData/Revolt-dharrjsambcimaaziudpvzjdcigm/SourcePackages/checkouts/RxSwift/Sources/RxSwift/SynchronizedUnsubscribeType.swift (in target 'RxSwift' from project 'RxSwift')
    cd /Users/harishvishwakarma/Handy/Archem/pepchat-ios/Revolt.xcodeproj
    

SwiftCompile normal arm64 /Users/harishvishwakarma/Library/Developer/Xcode/DerivedData/Revolt-dharrjsambcimaaziudpvzjdcigm/SourcePackages/checkouts/RxSwift/Sources/RxSwift/TailRecursiveSink.swift (in target 'RxSwift' from project 'RxSwift')
    cd /Users/harishvishwakarma/Handy/Archem/pepchat-ios/Revolt.xcodeproj
    

SwiftCompile normal arm64 /Users/harishvishwakarma/Library/Developer/Xcode/DerivedData/Revolt-dharrjsambcimaaziudpvzjdcigm/SourcePackages/checkouts/RxSwift/Sources/RxSwift/Take.swift (in target 'RxSwift' from project 'RxSwift')
    cd /Users/harishvishwakarma/Handy/Archem/pepchat-ios/Revolt.xcodeproj
    

SwiftCompile normal arm64 /Users/harishvishwakarma/Library/Developer/Xcode/DerivedData/Revolt-dharrjsambcimaaziudpvzjdcigm/SourcePackages/checkouts/RxSwift/Sources/RxSwift/TakeLast.swift (in target 'RxSwift' from project 'RxSwift')
    cd /Users/harishvishwakarma/Handy/Archem/pepchat-ios/Revolt.xcodeproj
    

SwiftCompile normal arm64 /Users/harishvishwakarma/Library/Developer/Xcode/DerivedData/Revolt-dharrjsambcimaaziudpvzjdcigm/SourcePackages/checkouts/RxSwift/Sources/RxSwift/TakeWithPredicate.swift (in target 'RxSwift' from project 'RxSwift')
    cd /Users/harishvishwakarma/Handy/Archem/pepchat-ios/Revolt.xcodeproj
    

SwiftDriverJobDiscovery normal arm64 Compiling ConstraintViewDSL.swift, Debugging.swift, LayoutConstraint.swift (in target 'SnapKit' from project 'SnapKit')

SwiftCompile normal arm64 Compiling\ Binder.swift,\ BooleanDisposable.swift,\ Buffer.swift,\ Cancelable.swift,\ Catch.swift,\ CombineLatest+Collection.swift,\ CombineLatest+arity.swift,\ CombineLatest.swift,\ CompactMap.swift,\ Completable+AndThen.swift,\ Completable.swift,\ CompositeDisposable.swift,\ Concat.swift,\ ConcurrentDispatchQueueScheduler.swift /Users/harishvishwakarma/Library/Developer/Xcode/DerivedData/Revolt-dharrjsambcimaaziudpvzjdcigm/SourcePackages/checkouts/RxSwift/Sources/RxSwift/Binder.swift /Users/harishvishwakarma/Library/Developer/Xcode/DerivedData/Revolt-dharrjsambcimaaziudpvzjdcigm/SourcePackages/checkouts/RxSwift/Sources/RxSwift/BooleanDisposable.swift /Users/harishvishwakarma/Library/Developer/Xcode/DerivedData/Revolt-dharrjsambcimaaziudpvzjdcigm/SourcePackages/checkouts/RxSwift/Sources/RxSwift/Buffer.swift /Users/harishvishwakarma/Library/Developer/Xcode/DerivedData/Revolt-dharrjsambcimaaziudpvzjdcigm/SourcePackages/checkouts/RxSwift/Sources/RxSwift/Cancelable.swift /Users/harishvishwakarma/Library/Developer/Xcode/DerivedData/Revolt-dharrjsambcimaaziudpvzjdcigm/SourcePackages/checkouts/RxSwift/Sources/RxSwift/Catch.swift /Users/harishvishwakarma/Library/Developer/Xcode/DerivedData/Revolt-dharrjsambcimaaziudpvzjdcigm/SourcePackages/checkouts/RxSwift/Sources/RxSwift/CombineLatest+Collection.swift /Users/harishvishwakarma/Library/Developer/Xcode/DerivedData/Revolt-dharrjsambcimaaziudpvzjdcigm/SourcePackages/checkouts/RxSwift/Sources/RxSwift/CombineLatest+arity.swift /Users/harishvishwakarma/Library/Developer/Xcode/DerivedData/Revolt-dharrjsambcimaaziudpvzjdcigm/SourcePackages/checkouts/RxSwift/Sources/RxSwift/CombineLatest.swift /Users/harishvishwakarma/Library/Developer/Xcode/DerivedData/Revolt-dharrjsambcimaaziudpvzjdcigm/SourcePackages/checkouts/RxSwift/Sources/RxSwift/CompactMap.swift /Users/harishvishwakarma/Library/Developer/Xcode/DerivedData/Revolt-dharrjsambcimaaziudpvzjdcigm/SourcePackages/checkouts/RxSwift/Sources/RxSwift/Completable+AndThen.swift /Users/harishvishwakarma/Library/Developer/Xcode/DerivedData/Revolt-dharrjsambcimaaziudpvzjdcigm/SourcePackages/checkouts/RxSwift/Sources/RxSwift/Completable.swift /Users/harishvishwakarma/Library/Developer/Xcode/DerivedData/Revolt-dharrjsambcimaaziudpvzjdcigm/SourcePackages/checkouts/RxSwift/Sources/RxSwift/CompositeDisposable.swift /Users/harishvishwakarma/Library/Developer/Xcode/DerivedData/Revolt-dharrjsambcimaaziudpvzjdcigm/SourcePackages/checkouts/RxSwift/Sources/RxSwift/Concat.swift /Users/harishvishwakarma/Library/Developer/Xcode/DerivedData/Revolt-dharrjsambcimaaziudpvzjdcigm/SourcePackages/checkouts/RxSwift/Sources/RxSwift/ConcurrentDispatchQueueScheduler.swift (in target 'RxSwift' from project 'RxSwift')
SwiftCompile normal arm64 /Users/harishvishwakarma/Library/Developer/Xcode/DerivedData/Revolt-dharrjsambcimaaziudpvzjdcigm/SourcePackages/checkouts/RxSwift/Sources/RxSwift/Binder.swift (in target 'RxSwift' from project 'RxSwift')
    cd /Users/harishvishwakarma/Handy/Archem/pepchat-ios/Revolt.xcodeproj
    

SwiftCompile normal arm64 /Users/harishvishwakarma/Library/Developer/Xcode/DerivedData/Revolt-dharrjsambcimaaziudpvzjdcigm/SourcePackages/checkouts/RxSwift/Sources/RxSwift/BooleanDisposable.swift (in target 'RxSwift' from project 'RxSwift')
    cd /Users/harishvishwakarma/Handy/Archem/pepchat-ios/Revolt.xcodeproj
    

SwiftCompile normal arm64 /Users/harishvishwakarma/Library/Developer/Xcode/DerivedData/Revolt-dharrjsambcimaaziudpvzjdcigm/SourcePackages/checkouts/RxSwift/Sources/RxSwift/Buffer.swift (in target 'RxSwift' from project 'RxSwift')
    cd /Users/harishvishwakarma/Handy/Archem/pepchat-ios/Revolt.xcodeproj
    

SwiftCompile normal arm64 /Users/harishvishwakarma/Library/Developer/Xcode/DerivedData/Revolt-dharrjsambcimaaziudpvzjdcigm/SourcePackages/checkouts/RxSwift/Sources/RxSwift/Cancelable.swift (in target 'RxSwift' from project 'RxSwift')
    cd /Users/harishvishwakarma/Handy/Archem/pepchat-ios/Revolt.xcodeproj
    

SwiftCompile normal arm64 /Users/harishvishwakarma/Library/Developer/Xcode/DerivedData/Revolt-dharrjsambcimaaziudpvzjdcigm/SourcePackages/checkouts/RxSwift/Sources/RxSwift/Catch.swift (in target 'RxSwift' from project 'RxSwift')
    cd /Users/harishvishwakarma/Handy/Archem/pepchat-ios/Revolt.xcodeproj
    

SwiftCompile normal arm64 /Users/harishvishwakarma/Library/Developer/Xcode/DerivedData/Revolt-dharrjsambcimaaziudpvzjdcigm/SourcePackages/checkouts/RxSwift/Sources/RxSwift/CombineLatest+Collection.swift (in target 'RxSwift' from project 'RxSwift')
    cd /Users/harishvishwakarma/Handy/Archem/pepchat-ios/Revolt.xcodeproj
    

SwiftCompile normal arm64 /Users/harishvishwakarma/Library/Developer/Xcode/DerivedData/Revolt-dharrjsambcimaaziudpvzjdcigm/SourcePackages/checkouts/RxSwift/Sources/RxSwift/CombineLatest+arity.swift (in target 'RxSwift' from project 'RxSwift')
    cd /Users/harishvishwakarma/Handy/Archem/pepchat-ios/Revolt.xcodeproj
    

SwiftCompile normal arm64 /Users/harishvishwakarma/Library/Developer/Xcode/DerivedData/Revolt-dharrjsambcimaaziudpvzjdcigm/SourcePackages/checkouts/RxSwift/Sources/RxSwift/CombineLatest.swift (in target 'RxSwift' from project 'RxSwift')
    cd /Users/harishvishwakarma/Handy/Archem/pepchat-ios/Revolt.xcodeproj
    

SwiftCompile normal arm64 /Users/harishvishwakarma/Library/Developer/Xcode/DerivedData/Revolt-dharrjsambcimaaziudpvzjdcigm/SourcePackages/checkouts/RxSwift/Sources/RxSwift/CompactMap.swift (in target 'RxSwift' from project 'RxSwift')
    cd /Users/harishvishwakarma/Handy/Archem/pepchat-ios/Revolt.xcodeproj
    

SwiftCompile normal arm64 /Users/harishvishwakarma/Library/Developer/Xcode/DerivedData/Revolt-dharrjsambcimaaziudpvzjdcigm/SourcePackages/checkouts/RxSwift/Sources/RxSwift/Completable+AndThen.swift (in target 'RxSwift' from project 'RxSwift')
    cd /Users/harishvishwakarma/Handy/Archem/pepchat-ios/Revolt.xcodeproj
    

SwiftCompile normal arm64 /Users/harishvishwakarma/Library/Developer/Xcode/DerivedData/Revolt-dharrjsambcimaaziudpvzjdcigm/SourcePackages/checkouts/RxSwift/Sources/RxSwift/Completable.swift (in target 'RxSwift' from project 'RxSwift')
    cd /Users/harishvishwakarma/Handy/Archem/pepchat-ios/Revolt.xcodeproj
    

SwiftCompile normal arm64 /Users/harishvishwakarma/Library/Developer/Xcode/DerivedData/Revolt-dharrjsambcimaaziudpvzjdcigm/SourcePackages/checkouts/RxSwift/Sources/RxSwift/CompositeDisposable.swift (in target 'RxSwift' from project 'RxSwift')
    cd /Users/harishvishwakarma/Handy/Archem/pepchat-ios/Revolt.xcodeproj
    

SwiftCompile normal arm64 /Users/harishvishwakarma/Library/Developer/Xcode/DerivedData/Revolt-dharrjsambcimaaziudpvzjdcigm/SourcePackages/checkouts/RxSwift/Sources/RxSwift/Concat.swift (in target 'RxSwift' from project 'RxSwift')
    cd /Users/harishvishwakarma/Handy/Archem/pepchat-ios/Revolt.xcodeproj
    

SwiftCompile normal arm64 /Users/harishvishwakarma/Library/Developer/Xcode/DerivedData/Revolt-dharrjsambcimaaziudpvzjdcigm/SourcePackages/checkouts/RxSwift/Sources/RxSwift/ConcurrentDispatchQueueScheduler.swift (in target 'RxSwift' from project 'RxSwift')
    cd /Users/harishvishwakarma/Handy/Archem/pepchat-ios/Revolt.xcodeproj
    

SwiftDriverJobDiscovery normal arm64 Compiling ConstraintItem.swift, ConstraintLayoutGuide+Extensions.swift, ConstraintLayoutGuide.swift (in target 'SnapKit' from project 'SnapKit')

SwiftCompile normal arm64 Compiling\ Reduce.swift,\ RefCountDisposable.swift,\ Repeat.swift,\ ReplaySubject.swift,\ RetryWhen.swift,\ Rx.swift,\ RxMutableBox.swift,\ Sample.swift,\ Scan.swift,\ ScheduledDisposable.swift,\ ScheduledItem.swift,\ ScheduledItemType.swift,\ SchedulerServices+Emulation.swift /Users/harishvishwakarma/Library/Developer/Xcode/DerivedData/Revolt-dharrjsambcimaaziudpvzjdcigm/SourcePackages/checkouts/RxSwift/Sources/RxSwift/Reduce.swift /Users/harishvishwakarma/Library/Developer/Xcode/DerivedData/Revolt-dharrjsambcimaaziudpvzjdcigm/SourcePackages/checkouts/RxSwift/Sources/RxSwift/RefCountDisposable.swift /Users/harishvishwakarma/Library/Developer/Xcode/DerivedData/Revolt-dharrjsambcimaaziudpvzjdcigm/SourcePackages/checkouts/RxSwift/Sources/RxSwift/Repeat.swift /Users/harishvishwakarma/Library/Developer/Xcode/DerivedData/Revolt-dharrjsambcimaaziudpvzjdcigm/SourcePackages/checkouts/RxSwift/Sources/RxSwift/ReplaySubject.swift /Users/harishvishwakarma/Library/Developer/Xcode/DerivedData/Revolt-dharrjsambcimaaziudpvzjdcigm/SourcePackages/checkouts/RxSwift/Sources/RxSwift/RetryWhen.swift /Users/harishvishwakarma/Library/Developer/Xcode/DerivedData/Revolt-dharrjsambcimaaziudpvzjdcigm/SourcePackages/checkouts/RxSwift/Sources/RxSwift/Rx.swift /Users/harishvishwakarma/Library/Developer/Xcode/DerivedData/Revolt-dharrjsambcimaaziudpvzjdcigm/SourcePackages/checkouts/RxSwift/Sources/RxSwift/RxMutableBox.swift /Users/harishvishwakarma/Library/Developer/Xcode/DerivedData/Revolt-dharrjsambcimaaziudpvzjdcigm/SourcePackages/checkouts/RxSwift/Sources/RxSwift/Sample.swift /Users/harishvishwakarma/Library/Developer/Xcode/DerivedData/Revolt-dharrjsambcimaaziudpvzjdcigm/SourcePackages/checkouts/RxSwift/Sources/RxSwift/Scan.swift /Users/harishvishwakarma/Library/Developer/Xcode/DerivedData/Revolt-dharrjsambcimaaziudpvzjdcigm/SourcePackages/checkouts/RxSwift/Sources/RxSwift/ScheduledDisposable.swift /Users/harishvishwakarma/Library/Developer/Xcode/DerivedData/Revolt-dharrjsambcimaaziudpvzjdcigm/SourcePackages/checkouts/RxSwift/Sources/RxSwift/ScheduledItem.swift /Users/harishvishwakarma/Library/Developer/Xcode/DerivedData/Revolt-dharrjsambcimaaziudpvzjdcigm/SourcePackages/checkouts/RxSwift/Sources/RxSwift/ScheduledItemType.swift /Users/harishvishwakarma/Library/Developer/Xcode/DerivedData/Revolt-dharrjsambcimaaziudpvzjdcigm/SourcePackages/checkouts/RxSwift/Sources/RxSwift/SchedulerServices+Emulation.swift (in target 'RxSwift' from project 'RxSwift')

SwiftCompile normal arm64 /Users/harishvishwakarma/Library/Developer/Xcode/DerivedData/Revolt-dharrjsambcimaaziudpvzjdcigm/SourcePackages/checkouts/RxSwift/Sources/RxSwift/Reduce.swift (in target 'RxSwift' from project 'RxSwift')
    cd /Users/harishvishwakarma/Handy/Archem/pepchat-ios/Revolt.xcodeproj
    

SwiftCompile normal arm64 /Users/harishvishwakarma/Library/Developer/Xcode/DerivedData/Revolt-dharrjsambcimaaziudpvzjdcigm/SourcePackages/checkouts/RxSwift/Sources/RxSwift/RefCountDisposable.swift (in target 'RxSwift' from project 'RxSwift')
    cd /Users/harishvishwakarma/Handy/Archem/pepchat-ios/Revolt.xcodeproj
    

SwiftCompile normal arm64 /Users/harishvishwakarma/Library/Developer/Xcode/DerivedData/Revolt-dharrjsambcimaaziudpvzjdcigm/SourcePackages/checkouts/RxSwift/Sources/RxSwift/Repeat.swift (in target 'RxSwift' from project 'RxSwift')
    cd /Users/harishvishwakarma/Handy/Archem/pepchat-ios/Revolt.xcodeproj
    

SwiftCompile normal arm64 /Users/harishvishwakarma/Library/Developer/Xcode/DerivedData/Revolt-dharrjsambcimaaziudpvzjdcigm/SourcePackages/checkouts/RxSwift/Sources/RxSwift/ReplaySubject.swift (in target 'RxSwift' from project 'RxSwift')
    cd /Users/harishvishwakarma/Handy/Archem/pepchat-ios/Revolt.xcodeproj
    

SwiftCompile normal arm64 /Users/harishvishwakarma/Library/Developer/Xcode/DerivedData/Revolt-dharrjsambcimaaziudpvzjdcigm/SourcePackages/checkouts/RxSwift/Sources/RxSwift/RetryWhen.swift (in target 'RxSwift' from project 'RxSwift')
    cd /Users/harishvishwakarma/Handy/Archem/pepchat-ios/Revolt.xcodeproj
    

SwiftCompile normal arm64 /Users/harishvishwakarma/Library/Developer/Xcode/DerivedData/Revolt-dharrjsambcimaaziudpvzjdcigm/SourcePackages/checkouts/RxSwift/Sources/RxSwift/Rx.swift (in target 'RxSwift' from project 'RxSwift')
    cd /Users/harishvishwakarma/Handy/Archem/pepchat-ios/Revolt.xcodeproj
    

SwiftCompile normal arm64 /Users/harishvishwakarma/Library/Developer/Xcode/DerivedData/Revolt-dharrjsambcimaaziudpvzjdcigm/SourcePackages/checkouts/RxSwift/Sources/RxSwift/RxMutableBox.swift (in target 'RxSwift' from project 'RxSwift')
    cd /Users/harishvishwakarma/Handy/Archem/pepchat-ios/Revolt.xcodeproj
    

SwiftCompile normal arm64 /Users/harishvishwakarma/Library/Developer/Xcode/DerivedData/Revolt-dharrjsambcimaaziudpvzjdcigm/SourcePackages/checkouts/RxSwift/Sources/RxSwift/Sample.swift (in target 'RxSwift' from project 'RxSwift')
    cd /Users/harishvishwakarma/Handy/Archem/pepchat-ios/Revolt.xcodeproj
    

SwiftCompile normal arm64 /Users/harishvishwakarma/Library/Developer/Xcode/DerivedData/Revolt-dharrjsambcimaaziudpvzjdcigm/SourcePackages/checkouts/RxSwift/Sources/RxSwift/Scan.swift (in target 'RxSwift' from project 'RxSwift')
    cd /Users/harishvishwakarma/Handy/Archem/pepchat-ios/Revolt.xcodeproj
    

SwiftCompile normal arm64 /Users/harishvishwakarma/Library/Developer/Xcode/DerivedData/Revolt-dharrjsambcimaaziudpvzjdcigm/SourcePackages/checkouts/RxSwift/Sources/RxSwift/ScheduledDisposable.swift (in target 'RxSwift' from project 'RxSwift')
    cd /Users/harishvishwakarma/Handy/Archem/pepchat-ios/Revolt.xcodeproj
    

SwiftCompile normal arm64 /Users/harishvishwakarma/Library/Developer/Xcode/DerivedData/Revolt-dharrjsambcimaaziudpvzjdcigm/SourcePackages/checkouts/RxSwift/Sources/RxSwift/ScheduledItem.swift (in target 'RxSwift' from project 'RxSwift')
    cd /Users/harishvishwakarma/Handy/Archem/pepchat-ios/Revolt.xcodeproj
    

SwiftCompile normal arm64 /Users/harishvishwakarma/Library/Developer/Xcode/DerivedData/Revolt-dharrjsambcimaaziudpvzjdcigm/SourcePackages/checkouts/RxSwift/Sources/RxSwift/ScheduledItemType.swift (in target 'RxSwift' from project 'RxSwift')
    cd /Users/harishvishwakarma/Handy/Archem/pepchat-ios/Revolt.xcodeproj
    

SwiftCompile normal arm64 /Users/harishvishwakarma/Library/Developer/Xcode/DerivedData/Revolt-dharrjsambcimaaziudpvzjdcigm/SourcePackages/checkouts/RxSwift/Sources/RxSwift/SchedulerServices+Emulation.swift (in target 'RxSwift' from project 'RxSwift')
    cd /Users/harishvishwakarma/Handy/Archem/pepchat-ios/Revolt.xcodeproj
    

SwiftDriverJobDiscovery normal arm64 Compiling LayoutConstraintItem.swift, Typealiases.swift, UILayoutSupport+Extensions.swift (in target 'SnapKit' from project 'SnapKit')

SwiftCompile normal arm64 Compiling\ Infallible.swift,\ InfiniteSequence.swift,\ InvocableScheduledItem.swift,\ InvocableType.swift,\ Just.swift,\ Lock.swift,\ LockOwnerType.swift,\ MainScheduler.swift,\ Map.swift,\ Materialize.swift,\ Maybe.swift,\ Merge.swift,\ Multicast.swift,\ Never.swift /Users/harishvishwakarma/Library/Developer/Xcode/DerivedData/Revolt-dharrjsambcimaaziudpvzjdcigm/SourcePackages/checkouts/RxSwift/Sources/RxSwift/Infallible.swift /Users/harishvishwakarma/Library/Developer/Xcode/DerivedData/Revolt-dharrjsambcimaaziudpvzjdcigm/SourcePackages/checkouts/RxSwift/Sources/RxSwift/InfiniteSequence.swift /Users/harishvishwakarma/Library/Developer/Xcode/DerivedData/Revolt-dharrjsambcimaaziudpvzjdcigm/SourcePackages/checkouts/RxSwift/Sources/RxSwift/InvocableScheduledItem.swift /Users/harishvishwakarma/Library/Developer/Xcode/DerivedData/Revolt-dharrjsambcimaaziudpvzjdcigm/SourcePackages/checkouts/RxSwift/Sources/RxSwift/InvocableType.swift /Users/harishvishwakarma/Library/Developer/Xcode/DerivedData/Revolt-dharrjsambcimaaziudpvzjdcigm/SourcePackages/checkouts/RxSwift/Sources/RxSwift/Just.swift /Users/harishvishwakarma/Library/Developer/Xcode/DerivedData/Revolt-dharrjsambcimaaziudpvzjdcigm/SourcePackages/checkouts/RxSwift/Sources/RxSwift/Lock.swift /Users/harishvishwakarma/Library/Developer/Xcode/DerivedData/Revolt-dharrjsambcimaaziudpvzjdcigm/SourcePackages/checkouts/RxSwift/Sources/RxSwift/LockOwnerType.swift /Users/harishvishwakarma/Library/Developer/Xcode/DerivedData/Revolt-dharrjsambcimaaziudpvzjdcigm/SourcePackages/checkouts/RxSwift/Sources/RxSwift/MainScheduler.swift /Users/harishvishwakarma/Library/Developer/Xcode/DerivedData/Revolt-dharrjsambcimaaziudpvzjdcigm/SourcePackages/checkouts/RxSwift/Sources/RxSwift/Map.swift /Users/harishvishwakarma/Library/Developer/Xcode/DerivedData/Revolt-dharrjsambcimaaziudpvzjdcigm/SourcePackages/checkouts/RxSwift/Sources/RxSwift/Materialize.swift /Users/harishvishwakarma/Library/Developer/Xcode/DerivedData/Revolt-dharrjsambcimaaziudpvzjdcigm/SourcePackages/checkouts/RxSwift/Sources/RxSwift/Maybe.swift /Users/harishvishwakarma/Library/Developer/Xcode/DerivedData/Revolt-dharrjsambcimaaziudpvzjdcigm/SourcePackages/checkouts/RxSwift/Sources/RxSwift/Merge.swift /Users/harishvishwakarma/Library/Developer/Xcode/DerivedData/Revolt-dharrjsambcimaaziudpvzjdcigm/SourcePackages/checkouts/RxSwift/Sources/RxSwift/Multicast.swift /Users/harishvishwakarma/Library/Developer/Xcode/DerivedData/Revolt-dharrjsambcimaaziudpvzjdcigm/SourcePackages/checkouts/RxSwift/Sources/RxSwift/Never.swift (in target 'RxSwift' from project 'RxSwift')
SwiftCompile normal arm64 /Users/harishvishwakarma/Library/Developer/Xcode/DerivedData/Revolt-dharrjsambcimaaziudpvzjdcigm/SourcePackages/checkouts/RxSwift/Sources/RxSwift/Infallible.swift (in target 'RxSwift' from project 'RxSwift')
    cd /Users/harishvishwakarma/Handy/Archem/pepchat-ios/Revolt.xcodeproj
    

SwiftCompile normal arm64 /Users/harishvishwakarma/Library/Developer/Xcode/DerivedData/Revolt-dharrjsambcimaaziudpvzjdcigm/SourcePackages/checkouts/RxSwift/Sources/RxSwift/InfiniteSequence.swift (in target 'RxSwift' from project 'RxSwift')
    cd /Users/harishvishwakarma/Handy/Archem/pepchat-ios/Revolt.xcodeproj
    

SwiftCompile normal arm64 /Users/harishvishwakarma/Library/Developer/Xcode/DerivedData/Revolt-dharrjsambcimaaziudpvzjdcigm/SourcePackages/checkouts/RxSwift/Sources/RxSwift/InvocableScheduledItem.swift (in target 'RxSwift' from project 'RxSwift')
    cd /Users/harishvishwakarma/Handy/Archem/pepchat-ios/Revolt.xcodeproj
    

SwiftCompile normal arm64 /Users/harishvishwakarma/Library/Developer/Xcode/DerivedData/Revolt-dharrjsambcimaaziudpvzjdcigm/SourcePackages/checkouts/RxSwift/Sources/RxSwift/InvocableType.swift (in target 'RxSwift' from project 'RxSwift')
    cd /Users/harishvishwakarma/Handy/Archem/pepchat-ios/Revolt.xcodeproj
    

SwiftCompile normal arm64 /Users/harishvishwakarma/Library/Developer/Xcode/DerivedData/Revolt-dharrjsambcimaaziudpvzjdcigm/SourcePackages/checkouts/RxSwift/Sources/RxSwift/Just.swift (in target 'RxSwift' from project 'RxSwift')
    cd /Users/harishvishwakarma/Handy/Archem/pepchat-ios/Revolt.xcodeproj
    

SwiftCompile normal arm64 /Users/harishvishwakarma/Library/Developer/Xcode/DerivedData/Revolt-dharrjsambcimaaziudpvzjdcigm/SourcePackages/checkouts/RxSwift/Sources/RxSwift/Lock.swift (in target 'RxSwift' from project 'RxSwift')
    cd /Users/harishvishwakarma/Handy/Archem/pepchat-ios/Revolt.xcodeproj
    

SwiftCompile normal arm64 /Users/harishvishwakarma/Library/Developer/Xcode/DerivedData/Revolt-dharrjsambcimaaziudpvzjdcigm/SourcePackages/checkouts/RxSwift/Sources/RxSwift/LockOwnerType.swift (in target 'RxSwift' from project 'RxSwift')
    cd /Users/harishvishwakarma/Handy/Archem/pepchat-ios/Revolt.xcodeproj
    

SwiftCompile normal arm64 /Users/harishvishwakarma/Library/Developer/Xcode/DerivedData/Revolt-dharrjsambcimaaziudpvzjdcigm/SourcePackages/checkouts/RxSwift/Sources/RxSwift/MainScheduler.swift (in target 'RxSwift' from project 'RxSwift')
    cd /Users/harishvishwakarma/Handy/Archem/pepchat-ios/Revolt.xcodeproj
    

SwiftCompile normal arm64 /Users/harishvishwakarma/Library/Developer/Xcode/DerivedData/Revolt-dharrjsambcimaaziudpvzjdcigm/SourcePackages/checkouts/RxSwift/Sources/RxSwift/Map.swift (in target 'RxSwift' from project 'RxSwift')
    cd /Users/harishvishwakarma/Handy/Archem/pepchat-ios/Revolt.xcodeproj
    

SwiftCompile normal arm64 /Users/harishvishwakarma/Library/Developer/Xcode/DerivedData/Revolt-dharrjsambcimaaziudpvzjdcigm/SourcePackages/checkouts/RxSwift/Sources/RxSwift/Materialize.swift (in target 'RxSwift' from project 'RxSwift')
    cd /Users/harishvishwakarma/Handy/Archem/pepchat-ios/Revolt.xcodeproj
    

SwiftCompile normal arm64 /Users/harishvishwakarma/Library/Developer/Xcode/DerivedData/Revolt-dharrjsambcimaaziudpvzjdcigm/SourcePackages/checkouts/RxSwift/Sources/RxSwift/Maybe.swift (in target 'RxSwift' from project 'RxSwift')
    cd /Users/harishvishwakarma/Handy/Archem/pepchat-ios/Revolt.xcodeproj
    

SwiftCompile normal arm64 /Users/harishvishwakarma/Library/Developer/Xcode/DerivedData/Revolt-dharrjsambcimaaziudpvzjdcigm/SourcePackages/checkouts/RxSwift/Sources/RxSwift/Merge.swift (in target 'RxSwift' from project 'RxSwift')
    cd /Users/harishvishwakarma/Handy/Archem/pepchat-ios/Revolt.xcodeproj
    

SwiftCompile normal arm64 /Users/harishvishwakarma/Library/Developer/Xcode/DerivedData/Revolt-dharrjsambcimaaziudpvzjdcigm/SourcePackages/checkouts/RxSwift/Sources/RxSwift/Multicast.swift (in target 'RxSwift' from project 'RxSwift')
    cd /Users/harishvishwakarma/Handy/Archem/pepchat-ios/Revolt.xcodeproj
    

SwiftCompile normal arm64 /Users/harishvishwakarma/Library/Developer/Xcode/DerivedData/Revolt-dharrjsambcimaaziudpvzjdcigm/SourcePackages/checkouts/RxSwift/Sources/RxSwift/Never.swift (in target 'RxSwift' from project 'RxSwift')
    cd /Users/harishvishwakarma/Handy/Archem/pepchat-ios/Revolt.xcodeproj
    

SwiftDriverJobDiscovery normal arm64 Compiling resource_bundle_accessor.swift, Constraint.swift, ConstraintAttributes.swift, ConstraintConfig.swift (in target 'SnapKit' from project 'SnapKit')

SwiftDriver\ Compilation SnapKit normal arm64 com.apple.xcode.tools.swift.compiler (in target 'SnapKit' from project 'SnapKit')
    cd /Users/harishvishwakarma/Handy/Archem/pepchat-ios/Revolt.xcodeproj
    builtin-Swift-Compilation -- /Applications/Xcode.app/Contents/Developer/Toolchains/XcodeDefault.xctoolchain/usr/bin/swiftc -module-name SnapKit -Onone -enforce-exclusivity\=checked @/Users/harishvishwakarma/Library/Developer/Xcode/DerivedData/Revolt-dharrjsambcimaaziudpvzjdcigm/Build/Intermediates.noindex/SnapKit.build/Debug-iphoneos/SnapKit.build/Objects-normal/arm64/SnapKit.SwiftFileList -DSWIFT_PACKAGE -DDEBUG -DXcode -plugin-path /Applications/Xcode.app/Contents/Developer/Toolchains/XcodeDefault.xctoolchain/usr/lib/swift/host/plugins/testing -enable-experimental-feature DebugDescriptionMacro -sdk /Applications/Xcode.app/Contents/Developer/Platforms/iPhoneOS.platform/Developer/SDKs/iPhoneOS18.5.sdk -target arm64-apple-ios12.0 -g -module-cache-path /Users/harishvishwakarma/Library/Developer/Xcode/DerivedData/ModuleCache.noindex -Xfrontend -serialize-debugging-options -enable-testing -suppress-warnings -index-store-path /Users/harishvishwakarma/Library/Developer/Xcode/DerivedData/Revolt-dharrjsambcimaaziudpvzjdcigm/Index.noindex/DataStore -swift-version 5 -I /Users/harishvishwakarma/Library/Developer/Xcode/DerivedData/Revolt-dharrjsambcimaaziudpvzjdcigm/Build/Products/Debug-iphoneos -I /Applications/Xcode.app/Contents/Developer/Platforms/iPhoneOS.platform/Developer/usr/lib -F /Users/harishvishwakarma/Library/Developer/Xcode/DerivedData/Revolt-dharrjsambcimaaziudpvzjdcigm/Build/Products/Debug-iphoneos -F /Applications/Xcode.app/Contents/Developer/Platforms/iPhoneOS.platform/Developer/Library/Frameworks -F /Applications/Xcode.app/Contents/Developer/Platforms/iPhoneOS.platform/Developer/SDKs/iPhoneOS18.5.sdk/Developer/Library/Frameworks -c -j12 -enable-batch-mode -incremental -Xcc -ivfsstatcache -Xcc /Users/harishvishwakarma/Library/Developer/Xcode/DerivedData/SDKStatCaches.noindex/iphoneos18.5-22F76-7fa4eea80a99bbfdc046826b63ec4baf.sdkstatcache -output-file-map /Users/harishvishwakarma/Library/Developer/Xcode/DerivedData/Revolt-dharrjsambcimaaziudpvzjdcigm/Build/Intermediates.noindex/SnapKit.build/Debug-iphoneos/SnapKit.build/Objects-normal/arm64/SnapKit-OutputFileMap.json -use-frontend-parseable-output -save-temps -no-color-diagnostics -serialize-diagnostics -emit-dependencies -emit-module -emit-module-path /Users/harishvishwakarma/Library/Developer/Xcode/DerivedData/Revolt-dharrjsambcimaaziudpvzjdcigm/Build/Intermediates.noindex/SnapKit.build/Debug-iphoneos/SnapKit.build/Objects-normal/arm64/SnapKit.swiftmodule -validate-clang-modules-once -clang-build-session-file /Users/harishvishwakarma/Library/Developer/Xcode/DerivedData/ModuleCache.noindex/Session.modulevalidation -Xcc -I/Users/harishvishwakarma/Library/Developer/Xcode/DerivedData/Revolt-dharrjsambcimaaziudpvzjdcigm/Build/Intermediates.noindex/SnapKit.build/Debug-iphoneos/SnapKit.build/swift-overrides.hmap -emit-const-values -Xfrontend -const-gather-protocols-file -Xfrontend /Users/harishvishwakarma/Library/Developer/Xcode/DerivedData/Revolt-dharrjsambcimaaziudpvzjdcigm/Build/Intermediates.noindex/SnapKit.build/Debug-iphoneos/SnapKit.build/Objects-normal/arm64/SnapKit_const_extract_protocols.json -Xcc -I/Users/harishvishwakarma/Library/Developer/Xcode/DerivedData/Revolt-dharrjsambcimaaziudpvzjdcigm/Build/Products/Debug-iphoneos/include -Xcc -I/Users/harishvishwakarma/Library/Developer/Xcode/DerivedData/Revolt-dharrjsambcimaaziudpvzjdcigm/Build/Intermediates.noindex/SnapKit.build/Debug-iphoneos/SnapKit.build/DerivedSources-normal/arm64 -Xcc -I/Users/harishvishwakarma/Library/Developer/Xcode/DerivedData/Revolt-dharrjsambcimaaziudpvzjdcigm/Build/Intermediates.noindex/SnapKit.build/Debug-iphoneos/SnapKit.build/DerivedSources/arm64 -Xcc -I/Users/harishvishwakarma/Library/Developer/Xcode/DerivedData/Revolt-dharrjsambcimaaziudpvzjdcigm/Build/Intermediates.noindex/SnapKit.build/Debug-iphoneos/SnapKit.build/DerivedSources -Xcc -DSWIFT_PACKAGE -Xcc -DDEBUG\=1 -emit-objc-header -emit-objc-header-path /Users/harishvishwakarma/Library/Developer/Xcode/DerivedData/Revolt-dharrjsambcimaaziudpvzjdcigm/Build/Intermediates.noindex/SnapKit.build/Debug-iphoneos/SnapKit.build/Objects-normal/arm64/SnapKit-Swift.h -working-directory /Users/harishvishwakarma/Handy/Archem/pepchat-ios/Revolt.xcodeproj -experimental-emit-module-separately -disable-cmo

SwiftDriverJobDiscovery normal arm64 Compiling SchedulerType.swift, Sequence.swift, SerialDispatchQueueScheduler.swift, SerialDisposable.swift, ShareReplayScope.swift, Single.swift, SingleAssignmentDisposable.swift, SingleAsync.swift, Sink.swift, Skip.swift, SkipUntil.swift, SkipWhile.swift, StartWith.swift (in target 'RxSwift' from project 'RxSwift')

SwiftCompile normal arm64 Compiling\ Swizzle.swift /Users/harishvishwakarma/Library/Developer/Xcode/DerivedData/Revolt-dharrjsambcimaaziudpvzjdcigm/SourcePackages/checkouts/swiftui-navigation-transitions/Sources/RuntimeSwizzling/Swizzle.swift (in target 'RuntimeSwizzling' from project 'swiftui-navigation-transitions')

SwiftCompile normal arm64 /Users/harishvishwakarma/Library/Developer/Xcode/DerivedData/Revolt-dharrjsambcimaaziudpvzjdcigm/SourcePackages/checkouts/swiftui-navigation-transitions/Sources/RuntimeSwizzling/Swizzle.swift (in target 'RuntimeSwizzling' from project 'swiftui-navigation-transitions')
    cd /Users/harishvishwakarma/Handy/Archem/pepchat-ios/Revolt.xcodeproj
    

SwiftCompile normal arm64 Compiling\ RuntimeAssociation.swift /Users/harishvishwakarma/Library/Developer/Xcode/DerivedData/Revolt-dharrjsambcimaaziudpvzjdcigm/SourcePackages/checkouts/swiftui-navigation-transitions/Sources/RuntimeAssociation/RuntimeAssociation.swift (in target 'RuntimeAssociation' from project 'swiftui-navigation-transitions')

SwiftCompile normal arm64 /Users/harishvishwakarma/Library/Developer/Xcode/DerivedData/Revolt-dharrjsambcimaaziudpvzjdcigm/SourcePackages/checkouts/swiftui-navigation-transitions/Sources/RuntimeAssociation/RuntimeAssociation.swift (in target 'RuntimeAssociation' from project 'swiftui-navigation-transitions')
    cd /Users/harishvishwakarma/Handy/Archem/pepchat-ios/Revolt.xcodeproj
    

SwiftDriverJobDiscovery normal arm64 Compiling ConcurrentMainScheduler.swift, ConnectableObservableType.swift, Create.swift, CurrentThreadScheduler.swift, Date+Dispatch.swift, Debounce.swift, Debug.swift, Decode.swift, DefaultIfEmpty.swift, Deferred.swift, Delay.swift, DelaySubscription.swift, Dematerialize.swift, DispatchQueue+Extensions.swift (in target 'RxSwift' from project 'RxSwift')

SwiftCompile normal arm64 Compiling\ RuntimeAssociationPolicy.swift /Users/harishvishwakarma/Library/Developer/Xcode/DerivedData/Revolt-dharrjsambcimaaziudpvzjdcigm/SourcePackages/checkouts/swiftui-navigation-transitions/Sources/RuntimeAssociation/RuntimeAssociationPolicy.swift (in target 'RuntimeAssociation' from project 'swiftui-navigation-transitions')

SwiftCompile normal arm64 /Users/harishvishwakarma/Library/Developer/Xcode/DerivedData/Revolt-dharrjsambcimaaziudpvzjdcigm/SourcePackages/checkouts/swiftui-navigation-transitions/Sources/RuntimeAssociation/RuntimeAssociationPolicy.swift (in target 'RuntimeAssociation' from project 'swiftui-navigation-transitions')
    cd /Users/harishvishwakarma/Handy/Archem/pepchat-ios/Revolt.xcodeproj
    

SwiftDriverJobDiscovery normal arm64 Compiling DispatchQueueConfiguration.swift, Disposable.swift, Disposables.swift, DisposeBag.swift, DisposeBase.swift, DistinctUntilChanged.swift, Do.swift, ElementAt.swift, Empty.swift, Enumerated.swift, Error.swift, Errors.swift, Event.swift, Filter.swift (in target 'RxSwift' from project 'RxSwift')

SwiftCompile normal arm64 Compiling\ MarkdownCode+AppKit.swift,\ MarkdownHeader+AppKit.swift,\ MarkdownLink+AppKit.swift /Users/harishvishwakarma/Library/Developer/Xcode/DerivedData/Revolt-dharrjsambcimaaziudpvzjdcigm/SourcePackages/checkouts/MarkdownKit/MarkdownKit/Sources/AppKit/Elements/Code/MarkdownCode+AppKit.swift /Users/harishvishwakarma/Library/Developer/Xcode/DerivedData/Revolt-dharrjsambcimaaziudpvzjdcigm/SourcePackages/checkouts/MarkdownKit/MarkdownKit/Sources/AppKit/Elements/Header/MarkdownHeader+AppKit.swift /Users/harishvishwakarma/Library/Developer/Xcode/DerivedData/Revolt-dharrjsambcimaaziudpvzjdcigm/SourcePackages/checkouts/MarkdownKit/MarkdownKit/Sources/AppKit/Elements/Link/MarkdownLink+AppKit.swift (in target 'MarkdownKit' from project 'MarkdownKit')

SwiftCompile normal arm64 /Users/harishvishwakarma/Library/Developer/Xcode/DerivedData/Revolt-dharrjsambcimaaziudpvzjdcigm/SourcePackages/checkouts/MarkdownKit/MarkdownKit/Sources/AppKit/Elements/Code/MarkdownCode+AppKit.swift (in target 'MarkdownKit' from project 'MarkdownKit')
    cd /Users/harishvishwakarma/Handy/Archem/pepchat-ios/Revolt.xcodeproj
    

SwiftCompile normal arm64 /Users/harishvishwakarma/Library/Developer/Xcode/DerivedData/Revolt-dharrjsambcimaaziudpvzjdcigm/SourcePackages/checkouts/MarkdownKit/MarkdownKit/Sources/AppKit/Elements/Header/MarkdownHeader+AppKit.swift (in target 'MarkdownKit' from project 'MarkdownKit')
    cd /Users/harishvishwakarma/Handy/Archem/pepchat-ios/Revolt.xcodeproj
    

SwiftCompile normal arm64 /Users/harishvishwakarma/Library/Developer/Xcode/DerivedData/Revolt-dharrjsambcimaaziudpvzjdcigm/SourcePackages/checkouts/MarkdownKit/MarkdownKit/Sources/AppKit/Elements/Link/MarkdownLink+AppKit.swift (in target 'MarkdownKit' from project 'MarkdownKit')
    cd /Users/harishvishwakarma/Handy/Archem/pepchat-ios/Revolt.xcodeproj
    

SwiftDriverJobDiscovery normal arm64 Compiling NopDisposable.swift, Observable+Concurrency.swift, Observable.swift, ObservableConvertibleType+Infallible.swift, ObservableConvertibleType.swift, ObservableType+Extensions.swift, ObservableType+PrimitiveSequence.swift, ObservableType.swift, ObserveOn.swift, ObserverBase.swift, ObserverType.swift, OperationQueueScheduler.swift, Optional.swift (in target 'RxSwift' from project 'RxSwift')

SwiftCompile normal arm64 Compiling\ Typealias.swift,\ MarkdownCode+UIKit.swift /Users/harishvishwakarma/Library/Developer/Xcode/DerivedData/Revolt-dharrjsambcimaaziudpvzjdcigm/SourcePackages/checkouts/MarkdownKit/MarkdownKit/Sources/Common/Typealias.swift /Users/harishvishwakarma/Library/Developer/Xcode/DerivedData/Revolt-dharrjsambcimaaziudpvzjdcigm/SourcePackages/checkouts/MarkdownKit/MarkdownKit/Sources/UIKit/Elements/Code/MarkdownCode+UIKit.swift (in target 'MarkdownKit' from project 'MarkdownKit')

SwiftCompile normal arm64 /Users/harishvishwakarma/Library/Developer/Xcode/DerivedData/Revolt-dharrjsambcimaaziudpvzjdcigm/SourcePackages/checkouts/MarkdownKit/MarkdownKit/Sources/Common/Typealias.swift (in target 'MarkdownKit' from project 'MarkdownKit')
    cd /Users/harishvishwakarma/Handy/Archem/pepchat-ios/Revolt.xcodeproj
    

SwiftCompile normal arm64 /Users/harishvishwakarma/Library/Developer/Xcode/DerivedData/Revolt-dharrjsambcimaaziudpvzjdcigm/SourcePackages/checkouts/MarkdownKit/MarkdownKit/Sources/UIKit/Elements/Code/MarkdownCode+UIKit.swift (in target 'MarkdownKit' from project 'MarkdownKit')
    cd /Users/harishvishwakarma/Handy/Archem/pepchat-ios/Revolt.xcodeproj
    

SwiftDriverJobDiscovery normal arm64 Compiling Platform.Darwin.swift, Platform.Linux.swift, PrimitiveSequence+Concurrency.swift, PrimitiveSequence+Zip+arity.swift, PrimitiveSequence.swift, PriorityQueue.swift, Producer.swift, PublishSubject.swift, Queue.swift, Range.swift, Reactive.swift, RecursiveLock.swift, RecursiveScheduler.swift (in target 'RxSwift' from project 'RxSwift')

SwiftCompile normal arm64 Compiling\ MarkdownAutomaticLink.swift,\ MarkdownLink.swift,\ MarkdownList.swift /Users/harishvishwakarma/Library/Developer/Xcode/DerivedData/Revolt-dharrjsambcimaaziudpvzjdcigm/SourcePackages/checkouts/MarkdownKit/MarkdownKit/Sources/Common/Elements/Link/MarkdownAutomaticLink.swift /Users/harishvishwakarma/Library/Developer/Xcode/DerivedData/Revolt-dharrjsambcimaaziudpvzjdcigm/SourcePackages/checkouts/MarkdownKit/MarkdownKit/Sources/Common/Elements/Link/MarkdownLink.swift /Users/harishvishwakarma/Library/Developer/Xcode/DerivedData/Revolt-dharrjsambcimaaziudpvzjdcigm/SourcePackages/checkouts/MarkdownKit/MarkdownKit/Sources/Common/Elements/List/MarkdownList.swift (in target 'MarkdownKit' from project 'MarkdownKit')
SwiftCompile normal arm64 /Users/harishvishwakarma/Library/Developer/Xcode/DerivedData/Revolt-dharrjsambcimaaziudpvzjdcigm/SourcePackages/checkouts/MarkdownKit/MarkdownKit/Sources/Common/Elements/Link/MarkdownAutomaticLink.swift (in target 'MarkdownKit' from project 'MarkdownKit')
    cd /Users/harishvishwakarma/Handy/Archem/pepchat-ios/Revolt.xcodeproj
    

SwiftCompile normal arm64 /Users/harishvishwakarma/Library/Developer/Xcode/DerivedData/Revolt-dharrjsambcimaaziudpvzjdcigm/SourcePackages/checkouts/MarkdownKit/MarkdownKit/Sources/Common/Elements/Link/MarkdownLink.swift (in target 'MarkdownKit' from project 'MarkdownKit')
    cd /Users/harishvishwakarma/Handy/Archem/pepchat-ios/Revolt.xcodeproj
    

SwiftCompile normal arm64 /Users/harishvishwakarma/Library/Developer/Xcode/DerivedData/Revolt-dharrjsambcimaaziudpvzjdcigm/SourcePackages/checkouts/MarkdownKit/MarkdownKit/Sources/Common/Elements/List/MarkdownList.swift (in target 'MarkdownKit' from project 'MarkdownKit')
    cd /Users/harishvishwakarma/Handy/Archem/pepchat-ios/Revolt.xcodeproj
    

SwiftDriverJobDiscovery normal arm64 Compiling First.swift, Generate.swift, GroupBy.swift, GroupedObservable.swift, HistoricalScheduler.swift, HistoricalSchedulerTimeConverter.swift, ImmediateSchedulerType.swift, Infallible+CombineLatest+Collection.swift, Infallible+CombineLatest+arity.swift, Infallible+Concurrency.swift, Infallible+Create.swift, Infallible+Debug.swift, Infallible+Operators.swift, Infallible+Zip+arity.swift (in target 'RxSwift' from project 'RxSwift')

SwiftCompile normal arm64 Compiling\ MarkdownParser.swift,\ MarkdownCommonElement.swift /Users/harishvishwakarma/Library/Developer/Xcode/DerivedData/Revolt-dharrjsambcimaaziudpvzjdcigm/SourcePackages/checkouts/MarkdownKit/MarkdownKit/Sources/Common/MarkdownParser.swift /Users/harishvishwakarma/Library/Developer/Xcode/DerivedData/Revolt-dharrjsambcimaaziudpvzjdcigm/SourcePackages/checkouts/MarkdownKit/MarkdownKit/Sources/Common/Protocols/MarkdownCommonElement.swift (in target 'MarkdownKit' from project 'MarkdownKit')
SwiftCompile normal arm64 /Users/harishvishwakarma/Library/Developer/Xcode/DerivedData/Revolt-dharrjsambcimaaziudpvzjdcigm/SourcePackages/checkouts/MarkdownKit/MarkdownKit/Sources/Common/MarkdownParser.swift (in target 'MarkdownKit' from project 'MarkdownKit')
    cd /Users/harishvishwakarma/Handy/Archem/pepchat-ios/Revolt.xcodeproj
    

SwiftCompile normal arm64 /Users/harishvishwakarma/Library/Developer/Xcode/DerivedData/Revolt-dharrjsambcimaaziudpvzjdcigm/SourcePackages/checkouts/MarkdownKit/MarkdownKit/Sources/Common/Protocols/MarkdownCommonElement.swift (in target 'MarkdownKit' from project 'MarkdownKit')
    cd /Users/harishvishwakarma/Handy/Archem/pepchat-ios/Revolt.xcodeproj
    

SwiftDriverJobDiscovery normal arm64 Compiling AddRef.swift, Amb.swift, AnonymousDisposable.swift, AnonymousObserver.swift, AnyObserver.swift, AsMaybe.swift, AsSingle.swift, AsyncLock.swift, AsyncSubject.swift, AtomicInt.swift, Bag+Rx.swift, Bag.swift, BehaviorSubject.swift, BinaryDisposable.swift (in target 'RxSwift' from project 'RxSwift')

SwiftCompile normal arm64 Compiling\ MarkdownElement.swift,\ MarkdownLevelElement.swift /Users/harishvishwakarma/Library/Developer/Xcode/DerivedData/Revolt-dharrjsambcimaaziudpvzjdcigm/SourcePackages/checkouts/MarkdownKit/MarkdownKit/Sources/Common/Protocols/MarkdownElement.swift /Users/harishvishwakarma/Library/Developer/Xcode/DerivedData/Revolt-dharrjsambcimaaziudpvzjdcigm/SourcePackages/checkouts/MarkdownKit/MarkdownKit/Sources/Common/Protocols/MarkdownLevelElement.swift (in target 'MarkdownKit' from project 'MarkdownKit')

SwiftCompile normal arm64 /Users/harishvishwakarma/Library/Developer/Xcode/DerivedData/Revolt-dharrjsambcimaaziudpvzjdcigm/SourcePackages/checkouts/MarkdownKit/MarkdownKit/Sources/Common/Protocols/MarkdownElement.swift (in target 'MarkdownKit' from project 'MarkdownKit')
    cd /Users/harishvishwakarma/Handy/Archem/pepchat-ios/Revolt.xcodeproj
    

SwiftCompile normal arm64 /Users/harishvishwakarma/Library/Developer/Xcode/DerivedData/Revolt-dharrjsambcimaaziudpvzjdcigm/SourcePackages/checkouts/MarkdownKit/MarkdownKit/Sources/Common/Protocols/MarkdownLevelElement.swift (in target 'MarkdownKit' from project 'MarkdownKit')
    cd /Users/harishvishwakarma/Handy/Archem/pepchat-ios/Revolt.xcodeproj
    

SwiftDriverJobDiscovery normal arm64 Compiling SubjectType.swift, SubscribeOn.swift, SubscriptionDisposable.swift, SwiftSupport.swift, Switch.swift, SwitchIfEmpty.swift, SynchronizedDisposeType.swift, SynchronizedOnType.swift, SynchronizedUnsubscribeType.swift, TailRecursiveSink.swift, Take.swift, TakeLast.swift, TakeWithPredicate.swift (in target 'RxSwift' from project 'RxSwift')

SwiftCompile normal arm64 Compiling\ MarkdownQuote.swift,\ MarkdownStrikethrough.swift,\ String+UTF16.swift /Users/harishvishwakarma/Library/Developer/Xcode/DerivedData/Revolt-dharrjsambcimaaziudpvzjdcigm/SourcePackages/checkouts/MarkdownKit/MarkdownKit/Sources/Common/Elements/Quote/MarkdownQuote.swift /Users/harishvishwakarma/Library/Developer/Xcode/DerivedData/Revolt-dharrjsambcimaaziudpvzjdcigm/SourcePackages/checkouts/MarkdownKit/MarkdownKit/Sources/Common/Elements/Strikethrough/MarkdownStrikethrough.swift /Users/harishvishwakarma/Library/Developer/Xcode/DerivedData/Revolt-dharrjsambcimaaziudpvzjdcigm/SourcePackages/checkouts/MarkdownKit/MarkdownKit/Sources/Common/Extensions/String+UTF16.swift (in target 'MarkdownKit' from project 'MarkdownKit')
SwiftCompile normal arm64 /Users/harishvishwakarma/Library/Developer/Xcode/DerivedData/Revolt-dharrjsambcimaaziudpvzjdcigm/SourcePackages/checkouts/MarkdownKit/MarkdownKit/Sources/Common/Elements/Quote/MarkdownQuote.swift (in target 'MarkdownKit' from project 'MarkdownKit')
    cd /Users/harishvishwakarma/Handy/Archem/pepchat-ios/Revolt.xcodeproj
    

SwiftCompile normal arm64 /Users/harishvishwakarma/Library/Developer/Xcode/DerivedData/Revolt-dharrjsambcimaaziudpvzjdcigm/SourcePackages/checkouts/MarkdownKit/MarkdownKit/Sources/Common/Elements/Strikethrough/MarkdownStrikethrough.swift (in target 'MarkdownKit' from project 'MarkdownKit')
    cd /Users/harishvishwakarma/Handy/Archem/pepchat-ios/Revolt.xcodeproj
    

SwiftCompile normal arm64 /Users/harishvishwakarma/Library/Developer/Xcode/DerivedData/Revolt-dharrjsambcimaaziudpvzjdcigm/SourcePackages/checkouts/MarkdownKit/MarkdownKit/Sources/Common/Extensions/String+UTF16.swift (in target 'MarkdownKit' from project 'MarkdownKit')
    cd /Users/harishvishwakarma/Handy/Archem/pepchat-ios/Revolt.xcodeproj
    

SwiftDriverJobDiscovery normal arm64 Compiling Throttle.swift, Timeout.swift, Timer.swift, ToArray.swift, Using.swift, VirtualTimeConverterType.swift, VirtualTimeScheduler.swift, Window.swift, WithLatestFrom.swift, WithUnretained.swift, Zip+Collection.swift, Zip+arity.swift, Zip.swift (in target 'RxSwift' from project 'RxSwift')

SwiftCompile normal arm64 Compiling\ MarkdownHeader+UIKit.swift,\ MarkdownLink+UIKit.swift /Users/harishvishwakarma/Library/Developer/Xcode/DerivedData/Revolt-dharrjsambcimaaziudpvzjdcigm/SourcePackages/checkouts/MarkdownKit/MarkdownKit/Sources/UIKit/Elements/Header/MarkdownHeader+UIKit.swift /Users/harishvishwakarma/Library/Developer/Xcode/DerivedData/Revolt-dharrjsambcimaaziudpvzjdcigm/SourcePackages/checkouts/MarkdownKit/MarkdownKit/Sources/UIKit/Elements/Link/MarkdownLink+UIKit.swift (in target 'MarkdownKit' from project 'MarkdownKit')

SwiftCompile normal arm64 /Users/harishvishwakarma/Library/Developer/Xcode/DerivedData/Revolt-dharrjsambcimaaziudpvzjdcigm/SourcePackages/checkouts/MarkdownKit/MarkdownKit/Sources/UIKit/Elements/Header/MarkdownHeader+UIKit.swift (in target 'MarkdownKit' from project 'MarkdownKit')
    cd /Users/harishvishwakarma/Handy/Archem/pepchat-ios/Revolt.xcodeproj
    

SwiftCompile normal arm64 /Users/harishvishwakarma/Library/Developer/Xcode/DerivedData/Revolt-dharrjsambcimaaziudpvzjdcigm/SourcePackages/checkouts/MarkdownKit/MarkdownKit/Sources/UIKit/Elements/Link/MarkdownLink+UIKit.swift (in target 'MarkdownKit' from project 'MarkdownKit')
    cd /Users/harishvishwakarma/Handy/Archem/pepchat-ios/Revolt.xcodeproj
    

SwiftDriverJobDiscovery normal arm64 Compiling MarkdownCode+AppKit.swift, MarkdownHeader+AppKit.swift, MarkdownLink+AppKit.swift (in target 'MarkdownKit' from project 'MarkdownKit')

SwiftCompile normal arm64 Compiling\ MarkdownLinkElement.swift,\ MarkdownStyle.swift /Users/harishvishwakarma/Library/Developer/Xcode/DerivedData/Revolt-dharrjsambcimaaziudpvzjdcigm/SourcePackages/checkouts/MarkdownKit/MarkdownKit/Sources/Common/Protocols/MarkdownLinkElement.swift /Users/harishvishwakarma/Library/Developer/Xcode/DerivedData/Revolt-dharrjsambcimaaziudpvzjdcigm/SourcePackages/checkouts/MarkdownKit/MarkdownKit/Sources/Common/Protocols/MarkdownStyle.swift (in target 'MarkdownKit' from project 'MarkdownKit')

SwiftCompile normal arm64 /Users/harishvishwakarma/Library/Developer/Xcode/DerivedData/Revolt-dharrjsambcimaaziudpvzjdcigm/SourcePackages/checkouts/MarkdownKit/MarkdownKit/Sources/Common/Protocols/MarkdownLinkElement.swift (in target 'MarkdownKit' from project 'MarkdownKit')
    cd /Users/harishvishwakarma/Handy/Archem/pepchat-ios/Revolt.xcodeproj
    

SwiftCompile normal arm64 /Users/harishvishwakarma/Library/Developer/Xcode/DerivedData/Revolt-dharrjsambcimaaziudpvzjdcigm/SourcePackages/checkouts/MarkdownKit/MarkdownKit/Sources/Common/Protocols/MarkdownStyle.swift (in target 'MarkdownKit' from project 'MarkdownKit')
    cd /Users/harishvishwakarma/Handy/Archem/pepchat-ios/Revolt.xcodeproj
    

SwiftDriverJobDiscovery normal arm64 Compiling RuntimeAssociationPolicy.swift (in target 'RuntimeAssociation' from project 'swiftui-navigation-transitions')

SwiftCompile normal arm64 Compiling\ MarkdownCode.swift,\ MarkdownCodeEscaping.swift,\ MarkdownEscaping.swift /Users/harishvishwakarma/Library/Developer/Xcode/DerivedData/Revolt-dharrjsambcimaaziudpvzjdcigm/SourcePackages/checkouts/MarkdownKit/MarkdownKit/Sources/Common/Elements/Code/MarkdownCode.swift /Users/harishvishwakarma/Library/Developer/Xcode/DerivedData/Revolt-dharrjsambcimaaziudpvzjdcigm/SourcePackages/checkouts/MarkdownKit/MarkdownKit/Sources/Common/Elements/Escaping/MarkdownCodeEscaping.swift /Users/harishvishwakarma/Library/Developer/Xcode/DerivedData/Revolt-dharrjsambcimaaziudpvzjdcigm/SourcePackages/checkouts/MarkdownKit/MarkdownKit/Sources/Common/Elements/Escaping/MarkdownEscaping.swift (in target 'MarkdownKit' from project 'MarkdownKit')
SwiftCompile normal arm64 /Users/harishvishwakarma/Library/Developer/Xcode/DerivedData/Revolt-dharrjsambcimaaziudpvzjdcigm/SourcePackages/checkouts/MarkdownKit/MarkdownKit/Sources/Common/Elements/Code/MarkdownCode.swift (in target 'MarkdownKit' from project 'MarkdownKit')
    cd /Users/harishvishwakarma/Handy/Archem/pepchat-ios/Revolt.xcodeproj
    

SwiftCompile normal arm64 /Users/harishvishwakarma/Library/Developer/Xcode/DerivedData/Revolt-dharrjsambcimaaziudpvzjdcigm/SourcePackages/checkouts/MarkdownKit/MarkdownKit/Sources/Common/Elements/Escaping/MarkdownCodeEscaping.swift (in target 'MarkdownKit' from project 'MarkdownKit')
    cd /Users/harishvishwakarma/Handy/Archem/pepchat-ios/Revolt.xcodeproj
    

SwiftCompile normal arm64 /Users/harishvishwakarma/Library/Developer/Xcode/DerivedData/Revolt-dharrjsambcimaaziudpvzjdcigm/SourcePackages/checkouts/MarkdownKit/MarkdownKit/Sources/Common/Elements/Escaping/MarkdownEscaping.swift (in target 'MarkdownKit' from project 'MarkdownKit')
    cd /Users/harishvishwakarma/Handy/Archem/pepchat-ios/Revolt.xcodeproj
    

SwiftDriverJobDiscovery normal arm64 Compiling RuntimeAssociation.swift (in target 'RuntimeAssociation' from project 'swiftui-navigation-transitions')

SwiftDriver\ Compilation RuntimeAssociation normal arm64 com.apple.xcode.tools.swift.compiler (in target 'RuntimeAssociation' from project 'swiftui-navigation-transitions')
    cd /Users/harishvishwakarma/Handy/Archem/pepchat-ios/Revolt.xcodeproj
    builtin-Swift-Compilation -- /Applications/Xcode.app/Contents/Developer/Toolchains/XcodeDefault.xctoolchain/usr/bin/swiftc -module-name RuntimeAssociation -Onone -enforce-exclusivity\=checked @/Users/harishvishwakarma/Library/Developer/Xcode/DerivedData/Revolt-dharrjsambcimaaziudpvzjdcigm/Build/Intermediates.noindex/swiftui-navigation-transitions.build/Debug-iphoneos/RuntimeAssociation.build/Objects-normal/arm64/RuntimeAssociation.SwiftFileList -DSWIFT_PACKAGE -DDEBUG -DXcode -plugin-path /Applications/Xcode.app/Contents/Developer/Toolchains/XcodeDefault.xctoolchain/usr/lib/swift/host/plugins/testing -enable-experimental-feature DebugDescriptionMacro -sdk /Applications/Xcode.app/Contents/Developer/Platforms/iPhoneOS.platform/Developer/SDKs/iPhoneOS18.5.sdk -target arm64-apple-ios13.0 -g -module-cache-path /Users/harishvishwakarma/Library/Developer/Xcode/DerivedData/ModuleCache.noindex -Xfrontend -serialize-debugging-options -enable-testing -suppress-warnings -index-store-path /Users/harishvishwakarma/Library/Developer/Xcode/DerivedData/Revolt-dharrjsambcimaaziudpvzjdcigm/Index.noindex/DataStore -swift-version 5 -I /Users/harishvishwakarma/Library/Developer/Xcode/DerivedData/Revolt-dharrjsambcimaaziudpvzjdcigm/Build/Products/Debug-iphoneos -I /Applications/Xcode.app/Contents/Developer/Platforms/iPhoneOS.platform/Developer/usr/lib -F /Users/harishvishwakarma/Library/Developer/Xcode/DerivedData/Revolt-dharrjsambcimaaziudpvzjdcigm/Build/Products/Debug-iphoneos -F /Applications/Xcode.app/Contents/Developer/Platforms/iPhoneOS.platform/Developer/Library/Frameworks -F /Applications/Xcode.app/Contents/Developer/Platforms/iPhoneOS.platform/Developer/SDKs/iPhoneOS18.5.sdk/Developer/Library/Frameworks -c -j12 -enable-batch-mode -incremental -Xcc -ivfsstatcache -Xcc /Users/harishvishwakarma/Library/Developer/Xcode/DerivedData/SDKStatCaches.noindex/iphoneos18.5-22F76-7fa4eea80a99bbfdc046826b63ec4baf.sdkstatcache -output-file-map /Users/harishvishwakarma/Library/Developer/Xcode/DerivedData/Revolt-dharrjsambcimaaziudpvzjdcigm/Build/Intermediates.noindex/swiftui-navigation-transitions.build/Debug-iphoneos/RuntimeAssociation.build/Objects-normal/arm64/RuntimeAssociation-OutputFileMap.json -use-frontend-parseable-output -save-temps -no-color-diagnostics -serialize-diagnostics -emit-dependencies -emit-module -emit-module-path /Users/harishvishwakarma/Library/Developer/Xcode/DerivedData/Revolt-dharrjsambcimaaziudpvzjdcigm/Build/Intermediates.noindex/swiftui-navigation-transitions.build/Debug-iphoneos/RuntimeAssociation.build/Objects-normal/arm64/RuntimeAssociation.swiftmodule -validate-clang-modules-once -clang-build-session-file /Users/harishvishwakarma/Library/Developer/Xcode/DerivedData/ModuleCache.noindex/Session.modulevalidation -package-name swiftui_navigation_transitions -Xcc -I/Users/harishvishwakarma/Library/Developer/Xcode/DerivedData/Revolt-dharrjsambcimaaziudpvzjdcigm/Build/Intermediates.noindex/swiftui-navigation-transitions.build/Debug-iphoneos/RuntimeAssociation.build/swift-overrides.hmap -emit-const-values -Xfrontend -const-gather-protocols-file -Xfrontend /Users/harishvishwakarma/Library/Developer/Xcode/DerivedData/Revolt-dharrjsambcimaaziudpvzjdcigm/Build/Intermediates.noindex/swiftui-navigation-transitions.build/Debug-iphoneos/RuntimeAssociation.build/Objects-normal/arm64/RuntimeAssociation_const_extract_protocols.json -Xcc -I/Users/harishvishwakarma/Library/Developer/Xcode/DerivedData/Revolt-dharrjsambcimaaziudpvzjdcigm/Build/Products/Debug-iphoneos/include -Xcc -I/Users/harishvishwakarma/Library/Developer/Xcode/DerivedData/Revolt-dharrjsambcimaaziudpvzjdcigm/Build/Intermediates.noindex/swiftui-navigation-transitions.build/Debug-iphoneos/RuntimeAssociation.build/DerivedSources-normal/arm64 -Xcc -I/Users/harishvishwakarma/Library/Developer/Xcode/DerivedData/Revolt-dharrjsambcimaaziudpvzjdcigm/Build/Intermediates.noindex/swiftui-navigation-transitions.build/Debug-iphoneos/RuntimeAssociation.build/DerivedSources/arm64 -Xcc -I/Users/harishvishwakarma/Library/Developer/Xcode/DerivedData/Revolt-dharrjsambcimaaziudpvzjdcigm/Build/Intermediates.noindex/swiftui-navigation-transitions.build/Debug-iphoneos/RuntimeAssociation.build/DerivedSources -Xcc -DSWIFT_PACKAGE -Xcc -DDEBUG\=1 -emit-objc-header -emit-objc-header-path /Users/harishvishwakarma/Library/Developer/Xcode/DerivedData/Revolt-dharrjsambcimaaziudpvzjdcigm/Build/Intermediates.noindex/swiftui-navigation-transitions.build/Debug-iphoneos/RuntimeAssociation.build/Objects-normal/arm64/RuntimeAssociation-Swift.h -working-directory /Users/harishvishwakarma/Handy/Archem/pepchat-ios/Revolt.xcodeproj -experimental-emit-module-separately -disable-cmo

SwiftDriverJobDiscovery normal arm64 Compiling Swizzle.swift (in target 'RuntimeSwizzling' from project 'swiftui-navigation-transitions')

SwiftCompile normal arm64 Compiling\ MarkdownUnescaping.swift,\ MarkdownHeader.swift,\ MarkdownItalic.swift /Users/harishvishwakarma/Library/Developer/Xcode/DerivedData/Revolt-dharrjsambcimaaziudpvzjdcigm/SourcePackages/checkouts/MarkdownKit/MarkdownKit/Sources/Common/Elements/Escaping/MarkdownUnescaping.swift /Users/harishvishwakarma/Library/Developer/Xcode/DerivedData/Revolt-dharrjsambcimaaziudpvzjdcigm/SourcePackages/checkouts/MarkdownKit/MarkdownKit/Sources/Common/Elements/Header/MarkdownHeader.swift /Users/harishvishwakarma/Library/Developer/Xcode/DerivedData/Revolt-dharrjsambcimaaziudpvzjdcigm/SourcePackages/checkouts/MarkdownKit/MarkdownKit/Sources/Common/Elements/Italic/MarkdownItalic.swift (in target 'MarkdownKit' from project 'MarkdownKit')

SwiftCompile normal arm64 /Users/harishvishwakarma/Library/Developer/Xcode/DerivedData/Revolt-dharrjsambcimaaziudpvzjdcigm/SourcePackages/checkouts/MarkdownKit/MarkdownKit/Sources/Common/Elements/Escaping/MarkdownUnescaping.swift (in target 'MarkdownKit' from project 'MarkdownKit')
    cd /Users/harishvishwakarma/Handy/Archem/pepchat-ios/Revolt.xcodeproj
    

SwiftCompile normal arm64 /Users/harishvishwakarma/Library/Developer/Xcode/DerivedData/Revolt-dharrjsambcimaaziudpvzjdcigm/SourcePackages/checkouts/MarkdownKit/MarkdownKit/Sources/Common/Elements/Header/MarkdownHeader.swift (in target 'MarkdownKit' from project 'MarkdownKit')
    cd /Users/harishvishwakarma/Handy/Archem/pepchat-ios/Revolt.xcodeproj
    

SwiftCompile normal arm64 /Users/harishvishwakarma/Library/Developer/Xcode/DerivedData/Revolt-dharrjsambcimaaziudpvzjdcigm/SourcePackages/checkouts/MarkdownKit/MarkdownKit/Sources/Common/Elements/Italic/MarkdownItalic.swift (in target 'MarkdownKit' from project 'MarkdownKit')
    cd /Users/harishvishwakarma/Handy/Archem/pepchat-ios/Revolt.xcodeproj
    

SwiftDriver\ Compilation RuntimeSwizzling normal arm64 com.apple.xcode.tools.swift.compiler (in target 'RuntimeSwizzling' from project 'swiftui-navigation-transitions')
    cd /Users/harishvishwakarma/Handy/Archem/pepchat-ios/Revolt.xcodeproj
    builtin-Swift-Compilation -- /Applications/Xcode.app/Contents/Developer/Toolchains/XcodeDefault.xctoolchain/usr/bin/swiftc -module-name RuntimeSwizzling -Onone -enforce-exclusivity\=checked @/Users/harishvishwakarma/Library/Developer/Xcode/DerivedData/Revolt-dharrjsambcimaaziudpvzjdcigm/Build/Intermediates.noindex/swiftui-navigation-transitions.build/Debug-iphoneos/RuntimeSwizzling.build/Objects-normal/arm64/RuntimeSwizzling.SwiftFileList -DSWIFT_PACKAGE -DDEBUG -DXcode -plugin-path /Applications/Xcode.app/Contents/Developer/Toolchains/XcodeDefault.xctoolchain/usr/lib/swift/host/plugins/testing -enable-experimental-feature DebugDescriptionMacro -sdk /Applications/Xcode.app/Contents/Developer/Platforms/iPhoneOS.platform/Developer/SDKs/iPhoneOS18.5.sdk -target arm64-apple-ios13.0 -g -module-cache-path /Users/harishvishwakarma/Library/Developer/Xcode/DerivedData/ModuleCache.noindex -Xfrontend -serialize-debugging-options -enable-testing -suppress-warnings -index-store-path /Users/harishvishwakarma/Library/Developer/Xcode/DerivedData/Revolt-dharrjsambcimaaziudpvzjdcigm/Index.noindex/DataStore -swift-version 5 -I /Users/harishvishwakarma/Library/Developer/Xcode/DerivedData/Revolt-dharrjsambcimaaziudpvzjdcigm/Build/Products/Debug-iphoneos -I /Applications/Xcode.app/Contents/Developer/Platforms/iPhoneOS.platform/Developer/usr/lib -F /Users/harishvishwakarma/Library/Developer/Xcode/DerivedData/Revolt-dharrjsambcimaaziudpvzjdcigm/Build/Products/Debug-iphoneos -F /Applications/Xcode.app/Contents/Developer/Platforms/iPhoneOS.platform/Developer/Library/Frameworks -F /Applications/Xcode.app/Contents/Developer/Platforms/iPhoneOS.platform/Developer/SDKs/iPhoneOS18.5.sdk/Developer/Library/Frameworks -parse-as-library -c -j12 -enable-batch-mode -incremental -Xcc -ivfsstatcache -Xcc /Users/harishvishwakarma/Library/Developer/Xcode/DerivedData/SDKStatCaches.noindex/iphoneos18.5-22F76-7fa4eea80a99bbfdc046826b63ec4baf.sdkstatcache -output-file-map /Users/harishvishwakarma/Library/Developer/Xcode/DerivedData/Revolt-dharrjsambcimaaziudpvzjdcigm/Build/Intermediates.noindex/swiftui-navigation-transitions.build/Debug-iphoneos/RuntimeSwizzling.build/Objects-normal/arm64/RuntimeSwizzling-OutputFileMap.json -use-frontend-parseable-output -save-temps -no-color-diagnostics -serialize-diagnostics -emit-dependencies -emit-module -emit-module-path /Users/harishvishwakarma/Library/Developer/Xcode/DerivedData/Revolt-dharrjsambcimaaziudpvzjdcigm/Build/Intermediates.noindex/swiftui-navigation-transitions.build/Debug-iphoneos/RuntimeSwizzling.build/Objects-normal/arm64/RuntimeSwizzling.swiftmodule -validate-clang-modules-once -clang-build-session-file /Users/harishvishwakarma/Library/Developer/Xcode/DerivedData/ModuleCache.noindex/Session.modulevalidation -package-name swiftui_navigation_transitions -Xcc -I/Users/harishvishwakarma/Library/Developer/Xcode/DerivedData/Revolt-dharrjsambcimaaziudpvzjdcigm/Build/Intermediates.noindex/swiftui-navigation-transitions.build/Debug-iphoneos/RuntimeSwizzling.build/swift-overrides.hmap -emit-const-values -Xfrontend -const-gather-protocols-file -Xfrontend /Users/harishvishwakarma/Library/Developer/Xcode/DerivedData/Revolt-dharrjsambcimaaziudpvzjdcigm/Build/Intermediates.noindex/swiftui-navigation-transitions.build/Debug-iphoneos/RuntimeSwizzling.build/Objects-normal/arm64/RuntimeSwizzling_const_extract_protocols.json -Xcc -I/Users/harishvishwakarma/Library/Developer/Xcode/DerivedData/Revolt-dharrjsambcimaaziudpvzjdcigm/Build/Products/Debug-iphoneos/include -Xcc -I/Users/harishvishwakarma/Library/Developer/Xcode/DerivedData/Revolt-dharrjsambcimaaziudpvzjdcigm/Build/Intermediates.noindex/swiftui-navigation-transitions.build/Debug-iphoneos/RuntimeSwizzling.build/DerivedSources-normal/arm64 -Xcc -I/Users/harishvishwakarma/Library/Developer/Xcode/DerivedData/Revolt-dharrjsambcimaaziudpvzjdcigm/Build/Intermediates.noindex/swiftui-navigation-transitions.build/Debug-iphoneos/RuntimeSwizzling.build/DerivedSources/arm64 -Xcc -I/Users/harishvishwakarma/Library/Developer/Xcode/DerivedData/Revolt-dharrjsambcimaaziudpvzjdcigm/Build/Intermediates.noindex/swiftui-navigation-transitions.build/Debug-iphoneos/RuntimeSwizzling.build/DerivedSources -Xcc -DSWIFT_PACKAGE -Xcc -DDEBUG\=1 -emit-objc-header -emit-objc-header-path /Users/harishvishwakarma/Library/Developer/Xcode/DerivedData/Revolt-dharrjsambcimaaziudpvzjdcigm/Build/Intermediates.noindex/swiftui-navigation-transitions.build/Debug-iphoneos/RuntimeSwizzling.build/Objects-normal/arm64/RuntimeSwizzling-Swift.h -working-directory /Users/harishvishwakarma/Handy/Archem/pepchat-ios/Revolt.xcodeproj -experimental-emit-module-separately -disable-cmo

SwiftDriverJobDiscovery normal arm64 Compiling Reduce.swift, RefCountDisposable.swift, Repeat.swift, ReplaySubject.swift, RetryWhen.swift, Rx.swift, RxMutableBox.swift, Sample.swift, Scan.swift, ScheduledDisposable.swift, ScheduledItem.swift, ScheduledItemType.swift, SchedulerServices+Emulation.swift (in target 'RxSwift' from project 'RxSwift')

SwiftCompile normal arm64 Compiling\ MarkdownFont+Traits.swift,\ MarkdownParser+AppKit.swift,\ MarkdownBold.swift /Users/harishvishwakarma/Library/Developer/Xcode/DerivedData/Revolt-dharrjsambcimaaziudpvzjdcigm/SourcePackages/checkouts/MarkdownKit/MarkdownKit/Sources/AppKit/Extensions/MarkdownFont+Traits.swift /Users/harishvishwakarma/Library/Developer/Xcode/DerivedData/Revolt-dharrjsambcimaaziudpvzjdcigm/SourcePackages/checkouts/MarkdownKit/MarkdownKit/Sources/AppKit/MarkdownParser+AppKit.swift /Users/harishvishwakarma/Library/Developer/Xcode/DerivedData/Revolt-dharrjsambcimaaziudpvzjdcigm/SourcePackages/checkouts/MarkdownKit/MarkdownKit/Sources/Common/Elements/Bold/MarkdownBold.swift (in target 'MarkdownKit' from project 'MarkdownKit')

SwiftCompile normal arm64 /Users/harishvishwakarma/Library/Developer/Xcode/DerivedData/Revolt-dharrjsambcimaaziudpvzjdcigm/SourcePackages/checkouts/MarkdownKit/MarkdownKit/Sources/AppKit/Extensions/MarkdownFont+Traits.swift (in target 'MarkdownKit' from project 'MarkdownKit')
    cd /Users/harishvishwakarma/Handy/Archem/pepchat-ios/Revolt.xcodeproj
    

SwiftCompile normal arm64 /Users/harishvishwakarma/Library/Developer/Xcode/DerivedData/Revolt-dharrjsambcimaaziudpvzjdcigm/SourcePackages/checkouts/MarkdownKit/MarkdownKit/Sources/AppKit/MarkdownParser+AppKit.swift (in target 'MarkdownKit' from project 'MarkdownKit')
    cd /Users/harishvishwakarma/Handy/Archem/pepchat-ios/Revolt.xcodeproj
    

SwiftCompile normal arm64 /Users/harishvishwakarma/Library/Developer/Xcode/DerivedData/Revolt-dharrjsambcimaaziudpvzjdcigm/SourcePackages/checkouts/MarkdownKit/MarkdownKit/Sources/Common/Elements/Bold/MarkdownBold.swift (in target 'MarkdownKit' from project 'MarkdownKit')
    cd /Users/harishvishwakarma/Handy/Archem/pepchat-ios/Revolt.xcodeproj
    

SwiftCompile normal arm64 Compiling\ UIFont+Traits.swift,\ MarkdownParser+UIKit.swift /Users/harishvishwakarma/Library/Developer/Xcode/DerivedData/Revolt-dharrjsambcimaaziudpvzjdcigm/SourcePackages/checkouts/MarkdownKit/MarkdownKit/Sources/UIKit/Extensions/UIFont+Traits.swift /Users/harishvishwakarma/Library/Developer/Xcode/DerivedData/Revolt-dharrjsambcimaaziudpvzjdcigm/SourcePackages/checkouts/MarkdownKit/MarkdownKit/Sources/UIKit/MarkdownParser+UIKit.swift (in target 'MarkdownKit' from project 'MarkdownKit')

SwiftCompile normal arm64 /Users/harishvishwakarma/Library/Developer/Xcode/DerivedData/Revolt-dharrjsambcimaaziudpvzjdcigm/SourcePackages/checkouts/MarkdownKit/MarkdownKit/Sources/UIKit/Extensions/UIFont+Traits.swift (in target 'MarkdownKit' from project 'MarkdownKit')
    cd /Users/harishvishwakarma/Handy/Archem/pepchat-ios/Revolt.xcodeproj
    

SwiftCompile normal arm64 /Users/harishvishwakarma/Library/Developer/Xcode/DerivedData/Revolt-dharrjsambcimaaziudpvzjdcigm/SourcePackages/checkouts/MarkdownKit/MarkdownKit/Sources/UIKit/MarkdownParser+UIKit.swift (in target 'MarkdownKit' from project 'MarkdownKit')
    cd /Users/harishvishwakarma/Handy/Archem/pepchat-ios/Revolt.xcodeproj
    

SwiftDriverJobDiscovery normal arm64 Compiling Typealias.swift, MarkdownCode+UIKit.swift (in target 'MarkdownKit' from project 'MarkdownKit')

SwiftCompile normal arm64 Compiling\ KingfisherManager+LivePhoto.swift,\ KingfisherManager.swift,\ KingfisherOptionsInfo.swift,\ Filter.swift,\ GIFAnimatedImage.swift,\ GraphicsContext.swift /Users/harishvishwakarma/Library/Developer/Xcode/DerivedData/Revolt-dharrjsambcimaaziudpvzjdcigm/SourcePackages/checkouts/Kingfisher/Sources/General/KingfisherManager+LivePhoto.swift /Users/harishvishwakarma/Library/Developer/Xcode/DerivedData/Revolt-dharrjsambcimaaziudpvzjdcigm/SourcePackages/checkouts/Kingfisher/Sources/General/KingfisherManager.swift /Users/harishvishwakarma/Library/Developer/Xcode/DerivedData/Revolt-dharrjsambcimaaziudpvzjdcigm/SourcePackages/checkouts/Kingfisher/Sources/General/KingfisherOptionsInfo.swift /Users/harishvishwakarma/Library/Developer/Xcode/DerivedData/Revolt-dharrjsambcimaaziudpvzjdcigm/SourcePackages/checkouts/Kingfisher/Sources/Image/Filter.swift /Users/harishvishwakarma/Library/Developer/Xcode/DerivedData/Revolt-dharrjsambcimaaziudpvzjdcigm/SourcePackages/checkouts/Kingfisher/Sources/Image/GIFAnimatedImage.swift /Users/harishvishwakarma/Library/Developer/Xcode/DerivedData/Revolt-dharrjsambcimaaziudpvzjdcigm/SourcePackages/checkouts/Kingfisher/Sources/Image/GraphicsContext.swift (in target 'Kingfisher' from project 'Kingfisher')
SwiftCompile normal arm64 /Users/harishvishwakarma/Library/Developer/Xcode/DerivedData/Revolt-dharrjsambcimaaziudpvzjdcigm/SourcePackages/checkouts/Kingfisher/Sources/General/KingfisherManager+LivePhoto.swift (in target 'Kingfisher' from project 'Kingfisher')
    cd /Users/harishvishwakarma/Handy/Archem/pepchat-ios/Revolt.xcodeproj
    

SwiftCompile normal arm64 /Users/harishvishwakarma/Library/Developer/Xcode/DerivedData/Revolt-dharrjsambcimaaziudpvzjdcigm/SourcePackages/checkouts/Kingfisher/Sources/General/KingfisherManager.swift (in target 'Kingfisher' from project 'Kingfisher')
    cd /Users/harishvishwakarma/Handy/Archem/pepchat-ios/Revolt.xcodeproj
    

SwiftCompile normal arm64 /Users/harishvishwakarma/Library/Developer/Xcode/DerivedData/Revolt-dharrjsambcimaaziudpvzjdcigm/SourcePackages/checkouts/Kingfisher/Sources/General/KingfisherOptionsInfo.swift (in target 'Kingfisher' from project 'Kingfisher')
    cd /Users/harishvishwakarma/Handy/Archem/pepchat-ios/Revolt.xcodeproj
    

SwiftCompile normal arm64 /Users/harishvishwakarma/Library/Developer/Xcode/DerivedData/Revolt-dharrjsambcimaaziudpvzjdcigm/SourcePackages/checkouts/Kingfisher/Sources/Image/Filter.swift (in target 'Kingfisher' from project 'Kingfisher')
    cd /Users/harishvishwakarma/Handy/Archem/pepchat-ios/Revolt.xcodeproj
    

SwiftCompile normal arm64 /Users/harishvishwakarma/Library/Developer/Xcode/DerivedData/Revolt-dharrjsambcimaaziudpvzjdcigm/SourcePackages/checkouts/Kingfisher/Sources/Image/GIFAnimatedImage.swift (in target 'Kingfisher' from project 'Kingfisher')
    cd /Users/harishvishwakarma/Handy/Archem/pepchat-ios/Revolt.xcodeproj
    

SwiftCompile normal arm64 /Users/harishvishwakarma/Library/Developer/Xcode/DerivedData/Revolt-dharrjsambcimaaziudpvzjdcigm/SourcePackages/checkouts/Kingfisher/Sources/Image/GraphicsContext.swift (in target 'Kingfisher' from project 'Kingfisher')
    cd /Users/harishvishwakarma/Handy/Archem/pepchat-ios/Revolt.xcodeproj
    

SwiftDriverJobDiscovery normal arm64 Compiling MarkdownHeader+UIKit.swift, MarkdownLink+UIKit.swift (in target 'MarkdownKit' from project 'MarkdownKit')

SwiftCompile normal arm64 Compiling\ Runtime.swift,\ SizeExtensions.swift,\ String+SHA256.swift,\ AnimatedImageView.swift,\ Indicator.swift /Users/harishvishwakarma/Library/Developer/Xcode/DerivedData/Revolt-dharrjsambcimaaziudpvzjdcigm/SourcePackages/checkouts/Kingfisher/Sources/Utility/Runtime.swift /Users/harishvishwakarma/Library/Developer/Xcode/DerivedData/Revolt-dharrjsambcimaaziudpvzjdcigm/SourcePackages/checkouts/Kingfisher/Sources/Utility/SizeExtensions.swift /Users/harishvishwakarma/Library/Developer/Xcode/DerivedData/Revolt-dharrjsambcimaaziudpvzjdcigm/SourcePackages/checkouts/Kingfisher/Sources/Utility/String+SHA256.swift /Users/harishvishwakarma/Library/Developer/Xcode/DerivedData/Revolt-dharrjsambcimaaziudpvzjdcigm/SourcePackages/checkouts/Kingfisher/Sources/Views/AnimatedImageView.swift /Users/harishvishwakarma/Library/Developer/Xcode/DerivedData/Revolt-dharrjsambcimaaziudpvzjdcigm/SourcePackages/checkouts/Kingfisher/Sources/Views/Indicator.swift (in target 'Kingfisher' from project 'Kingfisher')

SwiftCompile normal arm64 /Users/harishvishwakarma/Library/Developer/Xcode/DerivedData/Revolt-dharrjsambcimaaziudpvzjdcigm/SourcePackages/checkouts/Kingfisher/Sources/Utility/Runtime.swift (in target 'Kingfisher' from project 'Kingfisher')
    cd /Users/harishvishwakarma/Handy/Archem/pepchat-ios/Revolt.xcodeproj
    

SwiftCompile normal arm64 /Users/harishvishwakarma/Library/Developer/Xcode/DerivedData/Revolt-dharrjsambcimaaziudpvzjdcigm/SourcePackages/checkouts/Kingfisher/Sources/Utility/SizeExtensions.swift (in target 'Kingfisher' from project 'Kingfisher')
    cd /Users/harishvishwakarma/Handy/Archem/pepchat-ios/Revolt.xcodeproj
    

SwiftCompile normal arm64 /Users/harishvishwakarma/Library/Developer/Xcode/DerivedData/Revolt-dharrjsambcimaaziudpvzjdcigm/SourcePackages/checkouts/Kingfisher/Sources/Utility/String+SHA256.swift (in target 'Kingfisher' from project 'Kingfisher')
    cd /Users/harishvishwakarma/Handy/Archem/pepchat-ios/Revolt.xcodeproj
    

SwiftCompile normal arm64 /Users/harishvishwakarma/Library/Developer/Xcode/DerivedData/Revolt-dharrjsambcimaaziudpvzjdcigm/SourcePackages/checkouts/Kingfisher/Sources/Views/AnimatedImageView.swift (in target 'Kingfisher' from project 'Kingfisher')
    cd /Users/harishvishwakarma/Handy/Archem/pepchat-ios/Revolt.xcodeproj
    

SwiftCompile normal arm64 /Users/harishvishwakarma/Library/Developer/Xcode/DerivedData/Revolt-dharrjsambcimaaziudpvzjdcigm/SourcePackages/checkouts/Kingfisher/Sources/Views/Indicator.swift (in target 'Kingfisher' from project 'Kingfisher')
    cd /Users/harishvishwakarma/Handy/Archem/pepchat-ios/Revolt.xcodeproj
    

SwiftDriverJobDiscovery normal arm64 Compiling Binder.swift, BooleanDisposable.swift, Buffer.swift, Cancelable.swift, Catch.swift, CombineLatest+Collection.swift, CombineLatest+arity.swift, CombineLatest.swift, CompactMap.swift, Completable+AndThen.swift, Completable.swift, CompositeDisposable.swift, Concat.swift, ConcurrentDispatchQueueScheduler.swift (in target 'RxSwift' from project 'RxSwift')

SwiftCompile normal arm64 Compiling\ ImageModifier.swift,\ ImagePrefetcher.swift,\ RedirectHandler.swift,\ RequestModifier.swift,\ RetryStrategy.swift /Users/harishvishwakarma/Library/Developer/Xcode/DerivedData/Revolt-dharrjsambcimaaziudpvzjdcigm/SourcePackages/checkouts/Kingfisher/Sources/Networking/ImageModifier.swift /Users/harishvishwakarma/Library/Developer/Xcode/DerivedData/Revolt-dharrjsambcimaaziudpvzjdcigm/SourcePackages/checkouts/Kingfisher/Sources/Networking/ImagePrefetcher.swift /Users/harishvishwakarma/Library/Developer/Xcode/DerivedData/Revolt-dharrjsambcimaaziudpvzjdcigm/SourcePackages/checkouts/Kingfisher/Sources/Networking/RedirectHandler.swift /Users/harishvishwakarma/Library/Developer/Xcode/DerivedData/Revolt-dharrjsambcimaaziudpvzjdcigm/SourcePackages/checkouts/Kingfisher/Sources/Networking/RequestModifier.swift /Users/harishvishwakarma/Library/Developer/Xcode/DerivedData/Revolt-dharrjsambcimaaziudpvzjdcigm/SourcePackages/checkouts/Kingfisher/Sources/Networking/RetryStrategy.swift (in target 'Kingfisher' from project 'Kingfisher')

SwiftCompile normal arm64 /Users/harishvishwakarma/Library/Developer/Xcode/DerivedData/Revolt-dharrjsambcimaaziudpvzjdcigm/SourcePackages/checkouts/Kingfisher/Sources/Networking/ImageModifier.swift (in target 'Kingfisher' from project 'Kingfisher')
    cd /Users/harishvishwakarma/Handy/Archem/pepchat-ios/Revolt.xcodeproj
    

SwiftCompile normal arm64 /Users/harishvishwakarma/Library/Developer/Xcode/DerivedData/Revolt-dharrjsambcimaaziudpvzjdcigm/SourcePackages/checkouts/Kingfisher/Sources/Networking/ImagePrefetcher.swift (in target 'Kingfisher' from project 'Kingfisher')
    cd /Users/harishvishwakarma/Handy/Archem/pepchat-ios/Revolt.xcodeproj
    

SwiftCompile normal arm64 /Users/harishvishwakarma/Library/Developer/Xcode/DerivedData/Revolt-dharrjsambcimaaziudpvzjdcigm/SourcePackages/checkouts/Kingfisher/Sources/Networking/RedirectHandler.swift (in target 'Kingfisher' from project 'Kingfisher')
    cd /Users/harishvishwakarma/Handy/Archem/pepchat-ios/Revolt.xcodeproj
    

SwiftCompile normal arm64 /Users/harishvishwakarma/Library/Developer/Xcode/DerivedData/Revolt-dharrjsambcimaaziudpvzjdcigm/SourcePackages/checkouts/Kingfisher/Sources/Networking/RequestModifier.swift (in target 'Kingfisher' from project 'Kingfisher')
    cd /Users/harishvishwakarma/Handy/Archem/pepchat-ios/Revolt.xcodeproj
    

SwiftCompile normal arm64 /Users/harishvishwakarma/Library/Developer/Xcode/DerivedData/Revolt-dharrjsambcimaaziudpvzjdcigm/SourcePackages/checkouts/Kingfisher/Sources/Networking/RetryStrategy.swift (in target 'Kingfisher' from project 'Kingfisher')
    cd /Users/harishvishwakarma/Handy/Archem/pepchat-ios/Revolt.xcodeproj
    

SwiftDriverJobDiscovery normal arm64 Compiling MarkdownElement.swift, MarkdownLevelElement.swift (in target 'MarkdownKit' from project 'MarkdownKit')

SwiftCompile normal arm64 Compiling\ PHLivePhotoView+Kingfisher.swift,\ UIButton+Kingfisher.swift,\ AVAssetImageDataProvider.swift,\ ImageDataProvider.swift,\ LivePhotoSource.swift,\ PHPickerResultImageDataProvider.swift /Users/harishvishwakarma/Library/Developer/Xcode/DerivedData/Revolt-dharrjsambcimaaziudpvzjdcigm/SourcePackages/checkouts/Kingfisher/Sources/Extensions/PHLivePhotoView+Kingfisher.swift /Users/harishvishwakarma/Library/Developer/Xcode/DerivedData/Revolt-dharrjsambcimaaziudpvzjdcigm/SourcePackages/checkouts/Kingfisher/Sources/Extensions/UIButton+Kingfisher.swift /Users/harishvishwakarma/Library/Developer/Xcode/DerivedData/Revolt-dharrjsambcimaaziudpvzjdcigm/SourcePackages/checkouts/Kingfisher/Sources/General/ImageSource/AVAssetImageDataProvider.swift /Users/harishvishwakarma/Library/Developer/Xcode/DerivedData/Revolt-dharrjsambcimaaziudpvzjdcigm/SourcePackages/checkouts/Kingfisher/Sources/General/ImageSource/ImageDataProvider.swift /Users/harishvishwakarma/Library/Developer/Xcode/DerivedData/Revolt-dharrjsambcimaaziudpvzjdcigm/SourcePackages/checkouts/Kingfisher/Sources/General/ImageSource/LivePhotoSource.swift /Users/harishvishwakarma/Library/Developer/Xcode/DerivedData/Revolt-dharrjsambcimaaziudpvzjdcigm/SourcePackages/checkouts/Kingfisher/Sources/General/ImageSource/PHPickerResultImageDataProvider.swift (in target 'Kingfisher' from project 'Kingfisher')

SwiftCompile normal arm64 /Users/harishvishwakarma/Library/Developer/Xcode/DerivedData/Revolt-dharrjsambcimaaziudpvzjdcigm/SourcePackages/checkouts/Kingfisher/Sources/Extensions/PHLivePhotoView+Kingfisher.swift (in target 'Kingfisher' from project 'Kingfisher')
    cd /Users/harishvishwakarma/Handy/Archem/pepchat-ios/Revolt.xcodeproj
    

SwiftCompile normal arm64 /Users/harishvishwakarma/Library/Developer/Xcode/DerivedData/Revolt-dharrjsambcimaaziudpvzjdcigm/SourcePackages/checkouts/Kingfisher/Sources/Extensions/UIButton+Kingfisher.swift (in target 'Kingfisher' from project 'Kingfisher')
    cd /Users/harishvishwakarma/Handy/Archem/pepchat-ios/Revolt.xcodeproj
    

SwiftCompile normal arm64 /Users/harishvishwakarma/Library/Developer/Xcode/DerivedData/Revolt-dharrjsambcimaaziudpvzjdcigm/SourcePackages/checkouts/Kingfisher/Sources/General/ImageSource/AVAssetImageDataProvider.swift (in target 'Kingfisher' from project 'Kingfisher')
    cd /Users/harishvishwakarma/Handy/Archem/pepchat-ios/Revolt.xcodeproj
    

SwiftCompile normal arm64 /Users/harishvishwakarma/Library/Developer/Xcode/DerivedData/Revolt-dharrjsambcimaaziudpvzjdcigm/SourcePackages/checkouts/Kingfisher/Sources/General/ImageSource/ImageDataProvider.swift (in target 'Kingfisher' from project 'Kingfisher')
    cd /Users/harishvishwakarma/Handy/Archem/pepchat-ios/Revolt.xcodeproj
    

SwiftCompile normal arm64 /Users/harishvishwakarma/Library/Developer/Xcode/DerivedData/Revolt-dharrjsambcimaaziudpvzjdcigm/SourcePackages/checkouts/Kingfisher/Sources/General/ImageSource/LivePhotoSource.swift (in target 'Kingfisher' from project 'Kingfisher')
    cd /Users/harishvishwakarma/Handy/Archem/pepchat-ios/Revolt.xcodeproj
    

SwiftCompile normal arm64 /Users/harishvishwakarma/Library/Developer/Xcode/DerivedData/Revolt-dharrjsambcimaaziudpvzjdcigm/SourcePackages/checkouts/Kingfisher/Sources/General/ImageSource/PHPickerResultImageDataProvider.swift (in target 'Kingfisher' from project 'Kingfisher')
    cd /Users/harishvishwakarma/Handy/Archem/pepchat-ios/Revolt.xcodeproj
    

SwiftDriverJobDiscovery normal arm64 Compiling Infallible.swift, InfiniteSequence.swift, InvocableScheduledItem.swift, InvocableType.swift, Just.swift, Lock.swift, LockOwnerType.swift, MainScheduler.swift, Map.swift, Materialize.swift, Maybe.swift, Merge.swift, Multicast.swift, Never.swift (in target 'RxSwift' from project 'RxSwift')

SwiftDriverJobDiscovery normal arm64 Compiling MarkdownAutomaticLink.swift, MarkdownLink.swift, MarkdownList.swift (in target 'MarkdownKit' from project 'MarkdownKit')

SwiftDriver\ Compilation RxSwift normal arm64 com.apple.xcode.tools.swift.compiler (in target 'RxSwift' from project 'RxSwift')
    cd /Users/harishvishwakarma/Handy/Archem/pepchat-ios/Revolt.xcodeproj
    builtin-Swift-Compilation -- /Applications/Xcode.app/Contents/Developer/Toolchains/XcodeDefault.xctoolchain/usr/bin/swiftc -module-name RxSwift -Onone -enforce-exclusivity\=checked @/Users/harishvishwakarma/Library/Developer/Xcode/DerivedData/Revolt-dharrjsambcimaaziudpvzjdcigm/Build/Intermediates.noindex/RxSwift.build/Debug-iphoneos/RxSwift.build/Objects-normal/arm64/RxSwift.SwiftFileList -DSWIFT_PACKAGE -DDEBUG -DXcode -plugin-path /Applications/Xcode.app/Contents/Developer/Toolchains/XcodeDefault.xctoolchain/usr/lib/swift/host/plugins/testing -enable-experimental-feature DebugDescriptionMacro -sdk /Applications/Xcode.app/Contents/Developer/Platforms/iPhoneOS.platform/Developer/SDKs/iPhoneOS18.5.sdk -target arm64-apple-ios12.0 -g -module-cache-path /Users/harishvishwakarma/Library/Developer/Xcode/DerivedData/ModuleCache.noindex -Xfrontend -serialize-debugging-options -enable-testing -suppress-warnings -index-store-path /Users/harishvishwakarma/Library/Developer/Xcode/DerivedData/Revolt-dharrjsambcimaaziudpvzjdcigm/Index.noindex/DataStore -swift-version 5 -I /Users/harishvishwakarma/Library/Developer/Xcode/DerivedData/Revolt-dharrjsambcimaaziudpvzjdcigm/Build/Products/Debug-iphoneos -I /Applications/Xcode.app/Contents/Developer/Platforms/iPhoneOS.platform/Developer/usr/lib -F /Users/harishvishwakarma/Library/Developer/Xcode/DerivedData/Revolt-dharrjsambcimaaziudpvzjdcigm/Build/Products/Debug-iphoneos -F /Applications/Xcode.app/Contents/Developer/Platforms/iPhoneOS.platform/Developer/Library/Frameworks -F /Applications/Xcode.app/Contents/Developer/Platforms/iPhoneOS.platform/Developer/SDKs/iPhoneOS18.5.sdk/Developer/Library/Frameworks -c -j12 -enable-batch-mode -incremental -Xcc -ivfsstatcache -Xcc /Users/harishvishwakarma/Library/Developer/Xcode/DerivedData/SDKStatCaches.noindex/iphoneos18.5-22F76-7fa4eea80a99bbfdc046826b63ec4baf.sdkstatcache -output-file-map /Users/harishvishwakarma/Library/Developer/Xcode/DerivedData/Revolt-dharrjsambcimaaziudpvzjdcigm/Build/Intermediates.noindex/RxSwift.build/Debug-iphoneos/RxSwift.build/Objects-normal/arm64/RxSwift-OutputFileMap.json -use-frontend-parseable-output -save-temps -no-color-diagnostics -serialize-diagnostics -emit-dependencies -emit-module -emit-module-path /Users/harishvishwakarma/Library/Developer/Xcode/DerivedData/Revolt-dharrjsambcimaaziudpvzjdcigm/Build/Intermediates.noindex/RxSwift.build/Debug-iphoneos/RxSwift.build/Objects-normal/arm64/RxSwift.swiftmodule -validate-clang-modules-once -clang-build-session-file /Users/harishvishwakarma/Library/Developer/Xcode/DerivedData/ModuleCache.noindex/Session.modulevalidation -Xcc -I/Users/harishvishwakarma/Library/Developer/Xcode/DerivedData/Revolt-dharrjsambcimaaziudpvzjdcigm/Build/Intermediates.noindex/RxSwift.build/Debug-iphoneos/RxSwift.build/swift-overrides.hmap -emit-const-values -Xfrontend -const-gather-protocols-file -Xfrontend /Users/harishvishwakarma/Library/Developer/Xcode/DerivedData/Revolt-dharrjsambcimaaziudpvzjdcigm/Build/Intermediates.noindex/RxSwift.build/Debug-iphoneos/RxSwift.build/Objects-normal/arm64/RxSwift_const_extract_protocols.json -Xcc -I/Users/harishvishwakarma/Library/Developer/Xcode/DerivedData/Revolt-dharrjsambcimaaziudpvzjdcigm/Build/Products/Debug-iphoneos/include -Xcc -I/Users/harishvishwakarma/Library/Developer/Xcode/DerivedData/Revolt-dharrjsambcimaaziudpvzjdcigm/Build/Intermediates.noindex/RxSwift.build/Debug-iphoneos/RxSwift.build/DerivedSources-normal/arm64 -Xcc -I/Users/harishvishwakarma/Library/Developer/Xcode/DerivedData/Revolt-dharrjsambcimaaziudpvzjdcigm/Build/Intermediates.noindex/RxSwift.build/Debug-iphoneos/RxSwift.build/DerivedSources/arm64 -Xcc -I/Users/harishvishwakarma/Library/Developer/Xcode/DerivedData/Revolt-dharrjsambcimaaziudpvzjdcigm/Build/Intermediates.noindex/RxSwift.build/Debug-iphoneos/RxSwift.build/DerivedSources -Xcc -DSWIFT_PACKAGE -Xcc -DDEBUG\=1 -emit-objc-header -emit-objc-header-path /Users/harishvishwakarma/Library/Developer/Xcode/DerivedData/Revolt-dharrjsambcimaaziudpvzjdcigm/Build/Intermediates.noindex/RxSwift.build/Debug-iphoneos/RxSwift.build/Objects-normal/arm64/RxSwift-Swift.h -working-directory /Users/harishvishwakarma/Handy/Archem/pepchat-ios/Revolt.xcodeproj -experimental-emit-module-separately -disable-cmo

SwiftCompile normal arm64 Compiling\ Storage.swift,\ CPListItem+Kingfisher.swift,\ HasImageComponent+Kingfisher.swift,\ ImageView+Kingfisher.swift,\ NSButton+Kingfisher.swift,\ NSTextAttachment+Kingfisher.swift /Users/harishvishwakarma/Library/Developer/Xcode/DerivedData/Revolt-dharrjsambcimaaziudpvzjdcigm/SourcePackages/checkouts/Kingfisher/Sources/Cache/Storage.swift /Users/harishvishwakarma/Library/Developer/Xcode/DerivedData/Revolt-dharrjsambcimaaziudpvzjdcigm/SourcePackages/checkouts/Kingfisher/Sources/Extensions/CPListItem+Kingfisher.swift /Users/harishvishwakarma/Library/Developer/Xcode/DerivedData/Revolt-dharrjsambcimaaziudpvzjdcigm/SourcePackages/checkouts/Kingfisher/Sources/Extensions/HasImageComponent+Kingfisher.swift /Users/harishvishwakarma/Library/Developer/Xcode/DerivedData/Revolt-dharrjsambcimaaziudpvzjdcigm/SourcePackages/checkouts/Kingfisher/Sources/Extensions/ImageView+Kingfisher.swift /Users/harishvishwakarma/Library/Developer/Xcode/DerivedData/Revolt-dharrjsambcimaaziudpvzjdcigm/SourcePackages/checkouts/Kingfisher/Sources/Extensions/NSButton+Kingfisher.swift /Users/harishvishwakarma/Library/Developer/Xcode/DerivedData/Revolt-dharrjsambcimaaziudpvzjdcigm/SourcePackages/checkouts/Kingfisher/Sources/Extensions/NSTextAttachment+Kingfisher.swift (in target 'Kingfisher' from project 'Kingfisher')

SwiftCompile normal arm64 /Users/harishvishwakarma/Library/Developer/Xcode/DerivedData/Revolt-dharrjsambcimaaziudpvzjdcigm/SourcePackages/checkouts/Kingfisher/Sources/Cache/Storage.swift (in target 'Kingfisher' from project 'Kingfisher')
    cd /Users/harishvishwakarma/Handy/Archem/pepchat-ios/Revolt.xcodeproj
    

SwiftCompile normal arm64 /Users/harishvishwakarma/Library/Developer/Xcode/DerivedData/Revolt-dharrjsambcimaaziudpvzjdcigm/SourcePackages/checkouts/Kingfisher/Sources/Extensions/CPListItem+Kingfisher.swift (in target 'Kingfisher' from project 'Kingfisher')
    cd /Users/harishvishwakarma/Handy/Archem/pepchat-ios/Revolt.xcodeproj
    

SwiftCompile normal arm64 /Users/harishvishwakarma/Library/Developer/Xcode/DerivedData/Revolt-dharrjsambcimaaziudpvzjdcigm/SourcePackages/checkouts/Kingfisher/Sources/Extensions/HasImageComponent+Kingfisher.swift (in target 'Kingfisher' from project 'Kingfisher')
    cd /Users/harishvishwakarma/Handy/Archem/pepchat-ios/Revolt.xcodeproj
    

SwiftCompile normal arm64 /Users/harishvishwakarma/Library/Developer/Xcode/DerivedData/Revolt-dharrjsambcimaaziudpvzjdcigm/SourcePackages/checkouts/Kingfisher/Sources/Extensions/ImageView+Kingfisher.swift (in target 'Kingfisher' from project 'Kingfisher')
    cd /Users/harishvishwakarma/Handy/Archem/pepchat-ios/Revolt.xcodeproj
    

SwiftCompile normal arm64 /Users/harishvishwakarma/Library/Developer/Xcode/DerivedData/Revolt-dharrjsambcimaaziudpvzjdcigm/SourcePackages/checkouts/Kingfisher/Sources/Extensions/NSButton+Kingfisher.swift (in target 'Kingfisher' from project 'Kingfisher')
    cd /Users/harishvishwakarma/Handy/Archem/pepchat-ios/Revolt.xcodeproj
    

SwiftCompile normal arm64 /Users/harishvishwakarma/Library/Developer/Xcode/DerivedData/Revolt-dharrjsambcimaaziudpvzjdcigm/SourcePackages/checkouts/Kingfisher/Sources/Extensions/NSTextAttachment+Kingfisher.swift (in target 'Kingfisher' from project 'Kingfisher')
    cd /Users/harishvishwakarma/Handy/Archem/pepchat-ios/Revolt.xcodeproj
    

SwiftCompile normal arm64 Compiling\ resource_bundle_accessor.swift,\ CacheSerializer.swift,\ DiskStorage.swift,\ FormatIndicatedCacheSerializer.swift,\ ImageCache.swift,\ MemoryStorage.swift /Users/harishvishwakarma/Library/Developer/Xcode/DerivedData/Revolt-dharrjsambcimaaziudpvzjdcigm/Build/Intermediates.noindex/Kingfisher.build/Debug-iphoneos/Kingfisher.build/DerivedSources/resource_bundle_accessor.swift /Users/harishvishwakarma/Library/Developer/Xcode/DerivedData/Revolt-dharrjsambcimaaziudpvzjdcigm/SourcePackages/checkouts/Kingfisher/Sources/Cache/CacheSerializer.swift /Users/harishvishwakarma/Library/Developer/Xcode/DerivedData/Revolt-dharrjsambcimaaziudpvzjdcigm/SourcePackages/checkouts/Kingfisher/Sources/Cache/DiskStorage.swift /Users/harishvishwakarma/Library/Developer/Xcode/DerivedData/Revolt-dharrjsambcimaaziudpvzjdcigm/SourcePackages/checkouts/Kingfisher/Sources/Cache/FormatIndicatedCacheSerializer.swift /Users/harishvishwakarma/Library/Developer/Xcode/DerivedData/Revolt-dharrjsambcimaaziudpvzjdcigm/SourcePackages/checkouts/Kingfisher/Sources/Cache/ImageCache.swift /Users/harishvishwakarma/Library/Developer/Xcode/DerivedData/Revolt-dharrjsambcimaaziudpvzjdcigm/SourcePackages/checkouts/Kingfisher/Sources/Cache/MemoryStorage.swift (in target 'Kingfisher' from project 'Kingfisher')
SwiftCompile normal arm64 /Users/harishvishwakarma/Library/Developer/Xcode/DerivedData/Revolt-dharrjsambcimaaziudpvzjdcigm/Build/Intermediates.noindex/Kingfisher.build/Debug-iphoneos/Kingfisher.build/DerivedSources/resource_bundle_accessor.swift (in target 'Kingfisher' from project 'Kingfisher')
    cd /Users/harishvishwakarma/Handy/Archem/pepchat-ios/Revolt.xcodeproj
    

SwiftCompile normal arm64 /Users/harishvishwakarma/Library/Developer/Xcode/DerivedData/Revolt-dharrjsambcimaaziudpvzjdcigm/SourcePackages/checkouts/Kingfisher/Sources/Cache/CacheSerializer.swift (in target 'Kingfisher' from project 'Kingfisher')
    cd /Users/harishvishwakarma/Handy/Archem/pepchat-ios/Revolt.xcodeproj
    

SwiftCompile normal arm64 /Users/harishvishwakarma/Library/Developer/Xcode/DerivedData/Revolt-dharrjsambcimaaziudpvzjdcigm/SourcePackages/checkouts/Kingfisher/Sources/Cache/DiskStorage.swift (in target 'Kingfisher' from project 'Kingfisher')
    cd /Users/harishvishwakarma/Handy/Archem/pepchat-ios/Revolt.xcodeproj
    

SwiftCompile normal arm64 /Users/harishvishwakarma/Library/Developer/Xcode/DerivedData/Revolt-dharrjsambcimaaziudpvzjdcigm/SourcePackages/checkouts/Kingfisher/Sources/Cache/FormatIndicatedCacheSerializer.swift (in target 'Kingfisher' from project 'Kingfisher')
    cd /Users/harishvishwakarma/Handy/Archem/pepchat-ios/Revolt.xcodeproj
    

SwiftCompile normal arm64 /Users/harishvishwakarma/Library/Developer/Xcode/DerivedData/Revolt-dharrjsambcimaaziudpvzjdcigm/SourcePackages/checkouts/Kingfisher/Sources/Cache/ImageCache.swift (in target 'Kingfisher' from project 'Kingfisher')
    cd /Users/harishvishwakarma/Handy/Archem/pepchat-ios/Revolt.xcodeproj
    

SwiftCompile normal arm64 /Users/harishvishwakarma/Library/Developer/Xcode/DerivedData/Revolt-dharrjsambcimaaziudpvzjdcigm/SourcePackages/checkouts/Kingfisher/Sources/Cache/MemoryStorage.swift (in target 'Kingfisher' from project 'Kingfisher')
    cd /Users/harishvishwakarma/Handy/Archem/pepchat-ios/Revolt.xcodeproj
    

SwiftDriverJobDiscovery normal arm64 Compiling MarkdownLinkElement.swift, MarkdownStyle.swift (in target 'MarkdownKit' from project 'MarkdownKit')

SwiftCompile normal arm64 Compiling\ KFImage.swift,\ KFImageOptions.swift,\ KFImageProtocol.swift,\ KFImageRenderer.swift,\ Box.swift /Users/harishvishwakarma/Library/Developer/Xcode/DerivedData/Revolt-dharrjsambcimaaziudpvzjdcigm/SourcePackages/checkouts/Kingfisher/Sources/SwiftUI/KFImage.swift /Users/harishvishwakarma/Library/Developer/Xcode/DerivedData/Revolt-dharrjsambcimaaziudpvzjdcigm/SourcePackages/checkouts/Kingfisher/Sources/SwiftUI/KFImageOptions.swift /Users/harishvishwakarma/Library/Developer/Xcode/DerivedData/Revolt-dharrjsambcimaaziudpvzjdcigm/SourcePackages/checkouts/Kingfisher/Sources/SwiftUI/KFImageProtocol.swift /Users/harishvishwakarma/Library/Developer/Xcode/DerivedData/Revolt-dharrjsambcimaaziudpvzjdcigm/SourcePackages/checkouts/Kingfisher/Sources/SwiftUI/KFImageRenderer.swift /Users/harishvishwakarma/Library/Developer/Xcode/DerivedData/Revolt-dharrjsambcimaaziudpvzjdcigm/SourcePackages/checkouts/Kingfisher/Sources/Utility/Box.swift (in target 'Kingfisher' from project 'Kingfisher')

SwiftCompile normal arm64 /Users/harishvishwakarma/Library/Developer/Xcode/DerivedData/Revolt-dharrjsambcimaaziudpvzjdcigm/SourcePackages/checkouts/Kingfisher/Sources/SwiftUI/KFImage.swift (in target 'Kingfisher' from project 'Kingfisher')
    cd /Users/harishvishwakarma/Handy/Archem/pepchat-ios/Revolt.xcodeproj
    

SwiftCompile normal arm64 /Users/harishvishwakarma/Library/Developer/Xcode/DerivedData/Revolt-dharrjsambcimaaziudpvzjdcigm/SourcePackages/checkouts/Kingfisher/Sources/SwiftUI/KFImageOptions.swift (in target 'Kingfisher' from project 'Kingfisher')
    cd /Users/harishvishwakarma/Handy/Archem/pepchat-ios/Revolt.xcodeproj
    

SwiftCompile normal arm64 /Users/harishvishwakarma/Library/Developer/Xcode/DerivedData/Revolt-dharrjsambcimaaziudpvzjdcigm/SourcePackages/checkouts/Kingfisher/Sources/SwiftUI/KFImageProtocol.swift (in target 'Kingfisher' from project 'Kingfisher')
    cd /Users/harishvishwakarma/Handy/Archem/pepchat-ios/Revolt.xcodeproj
    

SwiftCompile normal arm64 /Users/harishvishwakarma/Library/Developer/Xcode/DerivedData/Revolt-dharrjsambcimaaziudpvzjdcigm/SourcePackages/checkouts/Kingfisher/Sources/SwiftUI/KFImageRenderer.swift (in target 'Kingfisher' from project 'Kingfisher')
    cd /Users/harishvishwakarma/Handy/Archem/pepchat-ios/Revolt.xcodeproj
    

SwiftCompile normal arm64 /Users/harishvishwakarma/Library/Developer/Xcode/DerivedData/Revolt-dharrjsambcimaaziudpvzjdcigm/SourcePackages/checkouts/Kingfisher/Sources/Utility/Box.swift (in target 'Kingfisher' from project 'Kingfisher')
    cd /Users/harishvishwakarma/Handy/Archem/pepchat-ios/Revolt.xcodeproj
    

SwiftDriverJobDiscovery normal arm64 Compiling MarkdownParser.swift, MarkdownCommonElement.swift (in target 'MarkdownKit' from project 'MarkdownKit')

SwiftCompile normal arm64 Compiling\ Placeholder.swift,\ AuthenticationChallengeResponsable.swift,\ ImageDataProcessor.swift,\ ImageDownloader+LivePhoto.swift,\ ImageDownloader.swift,\ ImageDownloaderDelegate.swift /Users/harishvishwakarma/Library/Developer/Xcode/DerivedData/Revolt-dharrjsambcimaaziudpvzjdcigm/SourcePackages/checkouts/Kingfisher/Sources/Image/Placeholder.swift /Users/harishvishwakarma/Library/Developer/Xcode/DerivedData/Revolt-dharrjsambcimaaziudpvzjdcigm/SourcePackages/checkouts/Kingfisher/Sources/Networking/AuthenticationChallengeResponsable.swift /Users/harishvishwakarma/Library/Developer/Xcode/DerivedData/Revolt-dharrjsambcimaaziudpvzjdcigm/SourcePackages/checkouts/Kingfisher/Sources/Networking/ImageDataProcessor.swift /Users/harishvishwakarma/Library/Developer/Xcode/DerivedData/Revolt-dharrjsambcimaaziudpvzjdcigm/SourcePackages/checkouts/Kingfisher/Sources/Networking/ImageDownloader+LivePhoto.swift /Users/harishvishwakarma/Library/Developer/Xcode/DerivedData/Revolt-dharrjsambcimaaziudpvzjdcigm/SourcePackages/checkouts/Kingfisher/Sources/Networking/ImageDownloader.swift /Users/harishvishwakarma/Library/Developer/Xcode/DerivedData/Revolt-dharrjsambcimaaziudpvzjdcigm/SourcePackages/checkouts/Kingfisher/Sources/Networking/ImageDownloaderDelegate.swift (in target 'Kingfisher' from project 'Kingfisher')

SwiftCompile normal arm64 /Users/harishvishwakarma/Library/Developer/Xcode/DerivedData/Revolt-dharrjsambcimaaziudpvzjdcigm/SourcePackages/checkouts/Kingfisher/Sources/Image/Placeholder.swift (in target 'Kingfisher' from project 'Kingfisher')
    cd /Users/harishvishwakarma/Handy/Archem/pepchat-ios/Revolt.xcodeproj
    

SwiftCompile normal arm64 /Users/harishvishwakarma/Library/Developer/Xcode/DerivedData/Revolt-dharrjsambcimaaziudpvzjdcigm/SourcePackages/checkouts/Kingfisher/Sources/Networking/AuthenticationChallengeResponsable.swift (in target 'Kingfisher' from project 'Kingfisher')
    cd /Users/harishvishwakarma/Handy/Archem/pepchat-ios/Revolt.xcodeproj
    

SwiftCompile normal arm64 /Users/harishvishwakarma/Library/Developer/Xcode/DerivedData/Revolt-dharrjsambcimaaziudpvzjdcigm/SourcePackages/checkouts/Kingfisher/Sources/Networking/ImageDataProcessor.swift (in target 'Kingfisher' from project 'Kingfisher')
    cd /Users/harishvishwakarma/Handy/Archem/pepchat-ios/Revolt.xcodeproj
    

SwiftCompile normal arm64 /Users/harishvishwakarma/Library/Developer/Xcode/DerivedData/Revolt-dharrjsambcimaaziudpvzjdcigm/SourcePackages/checkouts/Kingfisher/Sources/Networking/ImageDownloader+LivePhoto.swift (in target 'Kingfisher' from project 'Kingfisher')
    cd /Users/harishvishwakarma/Handy/Archem/pepchat-ios/Revolt.xcodeproj
    

SwiftCompile normal arm64 /Users/harishvishwakarma/Library/Developer/Xcode/DerivedData/Revolt-dharrjsambcimaaziudpvzjdcigm/SourcePackages/checkouts/Kingfisher/Sources/Networking/ImageDownloader.swift (in target 'Kingfisher' from project 'Kingfisher')
    cd /Users/harishvishwakarma/Handy/Archem/pepchat-ios/Revolt.xcodeproj
    

SwiftCompile normal arm64 /Users/harishvishwakarma/Library/Developer/Xcode/DerivedData/Revolt-dharrjsambcimaaziudpvzjdcigm/SourcePackages/checkouts/Kingfisher/Sources/Networking/ImageDownloaderDelegate.swift (in target 'Kingfisher' from project 'Kingfisher')
    cd /Users/harishvishwakarma/Handy/Archem/pepchat-ios/Revolt.xcodeproj
    

SwiftDriverJobDiscovery normal arm64 Compiling MarkdownQuote.swift, MarkdownStrikethrough.swift, String+UTF16.swift (in target 'MarkdownKit' from project 'MarkdownKit')

SwiftCompile normal arm64 Compiling\ Image.swift,\ ImageDrawing.swift,\ ImageFormat.swift,\ ImageProcessor.swift,\ ImageProgressive.swift,\ ImageTransition.swift /Users/harishvishwakarma/Library/Developer/Xcode/DerivedData/Revolt-dharrjsambcimaaziudpvzjdcigm/SourcePackages/checkouts/Kingfisher/Sources/Image/Image.swift /Users/harishvishwakarma/Library/Developer/Xcode/DerivedData/Revolt-dharrjsambcimaaziudpvzjdcigm/SourcePackages/checkouts/Kingfisher/Sources/Image/ImageDrawing.swift /Users/harishvishwakarma/Library/Developer/Xcode/DerivedData/Revolt-dharrjsambcimaaziudpvzjdcigm/SourcePackages/checkouts/Kingfisher/Sources/Image/ImageFormat.swift /Users/harishvishwakarma/Library/Developer/Xcode/DerivedData/Revolt-dharrjsambcimaaziudpvzjdcigm/SourcePackages/checkouts/Kingfisher/Sources/Image/ImageProcessor.swift /Users/harishvishwakarma/Library/Developer/Xcode/DerivedData/Revolt-dharrjsambcimaaziudpvzjdcigm/SourcePackages/checkouts/Kingfisher/Sources/Image/ImageProgressive.swift /Users/harishvishwakarma/Library/Developer/Xcode/DerivedData/Revolt-dharrjsambcimaaziudpvzjdcigm/SourcePackages/checkouts/Kingfisher/Sources/Image/ImageTransition.swift (in target 'Kingfisher' from project 'Kingfisher')
SwiftCompile normal arm64 /Users/harishvishwakarma/Library/Developer/Xcode/DerivedData/Revolt-dharrjsambcimaaziudpvzjdcigm/SourcePackages/checkouts/Kingfisher/Sources/Image/Image.swift (in target 'Kingfisher' from project 'Kingfisher')
    cd /Users/harishvishwakarma/Handy/Archem/pepchat-ios/Revolt.xcodeproj
    

SwiftCompile normal arm64 /Users/harishvishwakarma/Library/Developer/Xcode/DerivedData/Revolt-dharrjsambcimaaziudpvzjdcigm/SourcePackages/checkouts/Kingfisher/Sources/Image/ImageDrawing.swift (in target 'Kingfisher' from project 'Kingfisher')
    cd /Users/harishvishwakarma/Handy/Archem/pepchat-ios/Revolt.xcodeproj
    

SwiftCompile normal arm64 /Users/harishvishwakarma/Library/Developer/Xcode/DerivedData/Revolt-dharrjsambcimaaziudpvzjdcigm/SourcePackages/checkouts/Kingfisher/Sources/Image/ImageFormat.swift (in target 'Kingfisher' from project 'Kingfisher')
    cd /Users/harishvishwakarma/Handy/Archem/pepchat-ios/Revolt.xcodeproj
    

SwiftCompile normal arm64 /Users/harishvishwakarma/Library/Developer/Xcode/DerivedData/Revolt-dharrjsambcimaaziudpvzjdcigm/SourcePackages/checkouts/Kingfisher/Sources/Image/ImageProcessor.swift (in target 'Kingfisher' from project 'Kingfisher')
    cd /Users/harishvishwakarma/Handy/Archem/pepchat-ios/Revolt.xcodeproj
    

SwiftCompile normal arm64 /Users/harishvishwakarma/Library/Developer/Xcode/DerivedData/Revolt-dharrjsambcimaaziudpvzjdcigm/SourcePackages/checkouts/Kingfisher/Sources/Image/ImageProgressive.swift (in target 'Kingfisher' from project 'Kingfisher')
    cd /Users/harishvishwakarma/Handy/Archem/pepchat-ios/Revolt.xcodeproj
    

SwiftCompile normal arm64 /Users/harishvishwakarma/Library/Developer/Xcode/DerivedData/Revolt-dharrjsambcimaaziudpvzjdcigm/SourcePackages/checkouts/Kingfisher/Sources/Image/ImageTransition.swift (in target 'Kingfisher' from project 'Kingfisher')
    cd /Users/harishvishwakarma/Handy/Archem/pepchat-ios/Revolt.xcodeproj
    

SwiftDriverJobDiscovery normal arm64 Compiling MarkdownFont+Traits.swift, MarkdownParser+AppKit.swift, MarkdownBold.swift (in target 'MarkdownKit' from project 'MarkdownKit')

SwiftCompile normal arm64 Compiling\ CallbackQueue.swift,\ Delegate.swift,\ DisplayLink.swift,\ ExtensionHelpers.swift,\ Result.swift /Users/harishvishwakarma/Library/Developer/Xcode/DerivedData/Revolt-dharrjsambcimaaziudpvzjdcigm/SourcePackages/checkouts/Kingfisher/Sources/Utility/CallbackQueue.swift /Users/harishvishwakarma/Library/Developer/Xcode/DerivedData/Revolt-dharrjsambcimaaziudpvzjdcigm/SourcePackages/checkouts/Kingfisher/Sources/Utility/Delegate.swift /Users/harishvishwakarma/Library/Developer/Xcode/DerivedData/Revolt-dharrjsambcimaaziudpvzjdcigm/SourcePackages/checkouts/Kingfisher/Sources/Utility/DisplayLink.swift /Users/harishvishwakarma/Library/Developer/Xcode/DerivedData/Revolt-dharrjsambcimaaziudpvzjdcigm/SourcePackages/checkouts/Kingfisher/Sources/Utility/ExtensionHelpers.swift /Users/harishvishwakarma/Library/Developer/Xcode/DerivedData/Revolt-dharrjsambcimaaziudpvzjdcigm/SourcePackages/checkouts/Kingfisher/Sources/Utility/Result.swift (in target 'Kingfisher' from project 'Kingfisher')

SwiftCompile normal arm64 /Users/harishvishwakarma/Library/Developer/Xcode/DerivedData/Revolt-dharrjsambcimaaziudpvzjdcigm/SourcePackages/checkouts/Kingfisher/Sources/Utility/CallbackQueue.swift (in target 'Kingfisher' from project 'Kingfisher')
    cd /Users/harishvishwakarma/Handy/Archem/pepchat-ios/Revolt.xcodeproj
    

SwiftCompile normal arm64 /Users/harishvishwakarma/Library/Developer/Xcode/DerivedData/Revolt-dharrjsambcimaaziudpvzjdcigm/SourcePackages/checkouts/Kingfisher/Sources/Utility/Delegate.swift (in target 'Kingfisher' from project 'Kingfisher')
    cd /Users/harishvishwakarma/Handy/Archem/pepchat-ios/Revolt.xcodeproj
    

SwiftCompile normal arm64 /Users/harishvishwakarma/Library/Developer/Xcode/DerivedData/Revolt-dharrjsambcimaaziudpvzjdcigm/SourcePackages/checkouts/Kingfisher/Sources/Utility/DisplayLink.swift (in target 'Kingfisher' from project 'Kingfisher')
    cd /Users/harishvishwakarma/Handy/Archem/pepchat-ios/Revolt.xcodeproj
    

SwiftCompile normal arm64 /Users/harishvishwakarma/Library/Developer/Xcode/DerivedData/Revolt-dharrjsambcimaaziudpvzjdcigm/SourcePackages/checkouts/Kingfisher/Sources/Utility/ExtensionHelpers.swift (in target 'Kingfisher' from project 'Kingfisher')
    cd /Users/harishvishwakarma/Handy/Archem/pepchat-ios/Revolt.xcodeproj
    

SwiftCompile normal arm64 /Users/harishvishwakarma/Library/Developer/Xcode/DerivedData/Revolt-dharrjsambcimaaziudpvzjdcigm/SourcePackages/checkouts/Kingfisher/Sources/Utility/Result.swift (in target 'Kingfisher' from project 'Kingfisher')
    cd /Users/harishvishwakarma/Handy/Archem/pepchat-ios/Revolt.xcodeproj
    

SwiftDriverJobDiscovery normal arm64 Compiling UIFont+Traits.swift, MarkdownParser+UIKit.swift (in target 'MarkdownKit' from project 'MarkdownKit')

SwiftCompile normal arm64 Compiling\ SessionDataTask.swift,\ SessionDelegate.swift,\ ImageBinder.swift,\ ImageContext.swift,\ KFAnimatedImage.swift /Users/harishvishwakarma/Library/Developer/Xcode/DerivedData/Revolt-dharrjsambcimaaziudpvzjdcigm/SourcePackages/checkouts/Kingfisher/Sources/Networking/SessionDataTask.swift /Users/harishvishwakarma/Library/Developer/Xcode/DerivedData/Revolt-dharrjsambcimaaziudpvzjdcigm/SourcePackages/checkouts/Kingfisher/Sources/Networking/SessionDelegate.swift /Users/harishvishwakarma/Library/Developer/Xcode/DerivedData/Revolt-dharrjsambcimaaziudpvzjdcigm/SourcePackages/checkouts/Kingfisher/Sources/SwiftUI/ImageBinder.swift /Users/harishvishwakarma/Library/Developer/Xcode/DerivedData/Revolt-dharrjsambcimaaziudpvzjdcigm/SourcePackages/checkouts/Kingfisher/Sources/SwiftUI/ImageContext.swift /Users/harishvishwakarma/Library/Developer/Xcode/DerivedData/Revolt-dharrjsambcimaaziudpvzjdcigm/SourcePackages/checkouts/Kingfisher/Sources/SwiftUI/KFAnimatedImage.swift (in target 'Kingfisher' from project 'Kingfisher')

SwiftCompile normal arm64 /Users/harishvishwakarma/Library/Developer/Xcode/DerivedData/Revolt-dharrjsambcimaaziudpvzjdcigm/SourcePackages/checkouts/Kingfisher/Sources/Networking/SessionDataTask.swift (in target 'Kingfisher' from project 'Kingfisher')
    cd /Users/harishvishwakarma/Handy/Archem/pepchat-ios/Revolt.xcodeproj
    

SwiftCompile normal arm64 /Users/harishvishwakarma/Library/Developer/Xcode/DerivedData/Revolt-dharrjsambcimaaziudpvzjdcigm/SourcePackages/checkouts/Kingfisher/Sources/Networking/SessionDelegate.swift (in target 'Kingfisher' from project 'Kingfisher')
    cd /Users/harishvishwakarma/Handy/Archem/pepchat-ios/Revolt.xcodeproj
    

SwiftCompile normal arm64 /Users/harishvishwakarma/Library/Developer/Xcode/DerivedData/Revolt-dharrjsambcimaaziudpvzjdcigm/SourcePackages/checkouts/Kingfisher/Sources/SwiftUI/ImageBinder.swift (in target 'Kingfisher' from project 'Kingfisher')
    cd /Users/harishvishwakarma/Handy/Archem/pepchat-ios/Revolt.xcodeproj
    

SwiftCompile normal arm64 /Users/harishvishwakarma/Library/Developer/Xcode/DerivedData/Revolt-dharrjsambcimaaziudpvzjdcigm/SourcePackages/checkouts/Kingfisher/Sources/SwiftUI/ImageContext.swift (in target 'Kingfisher' from project 'Kingfisher')
    cd /Users/harishvishwakarma/Handy/Archem/pepchat-ios/Revolt.xcodeproj
    

SwiftCompile normal arm64 /Users/harishvishwakarma/Library/Developer/Xcode/DerivedData/Revolt-dharrjsambcimaaziudpvzjdcigm/SourcePackages/checkouts/Kingfisher/Sources/SwiftUI/KFAnimatedImage.swift (in target 'Kingfisher' from project 'Kingfisher')
    cd /Users/harishvishwakarma/Handy/Archem/pepchat-ios/Revolt.xcodeproj
    

SwiftDriverJobDiscovery normal arm64 Compiling MarkdownUnescaping.swift, MarkdownHeader.swift, MarkdownItalic.swift (in target 'MarkdownKit' from project 'MarkdownKit')

SwiftCompile normal arm64 Compiling\ Resource.swift,\ Source.swift,\ KF.swift,\ KFOptionsSetter.swift,\ Kingfisher.swift,\ KingfisherError.swift /Users/harishvishwakarma/Library/Developer/Xcode/DerivedData/Revolt-dharrjsambcimaaziudpvzjdcigm/SourcePackages/checkouts/Kingfisher/Sources/General/ImageSource/Resource.swift /Users/harishvishwakarma/Library/Developer/Xcode/DerivedData/Revolt-dharrjsambcimaaziudpvzjdcigm/SourcePackages/checkouts/Kingfisher/Sources/General/ImageSource/Source.swift /Users/harishvishwakarma/Library/Developer/Xcode/DerivedData/Revolt-dharrjsambcimaaziudpvzjdcigm/SourcePackages/checkouts/Kingfisher/Sources/General/KF.swift /Users/harishvishwakarma/Library/Developer/Xcode/DerivedData/Revolt-dharrjsambcimaaziudpvzjdcigm/SourcePackages/checkouts/Kingfisher/Sources/General/KFOptionsSetter.swift /Users/harishvishwakarma/Library/Developer/Xcode/DerivedData/Revolt-dharrjsambcimaaziudpvzjdcigm/SourcePackages/checkouts/Kingfisher/Sources/General/Kingfisher.swift /Users/harishvishwakarma/Library/Developer/Xcode/DerivedData/Revolt-dharrjsambcimaaziudpvzjdcigm/SourcePackages/checkouts/Kingfisher/Sources/General/KingfisherError.swift (in target 'Kingfisher' from project 'Kingfisher')

SwiftCompile normal arm64 /Users/harishvishwakarma/Library/Developer/Xcode/DerivedData/Revolt-dharrjsambcimaaziudpvzjdcigm/SourcePackages/checkouts/Kingfisher/Sources/General/ImageSource/Resource.swift (in target 'Kingfisher' from project 'Kingfisher')
    cd /Users/harishvishwakarma/Handy/Archem/pepchat-ios/Revolt.xcodeproj
    

SwiftCompile normal arm64 /Users/harishvishwakarma/Library/Developer/Xcode/DerivedData/Revolt-dharrjsambcimaaziudpvzjdcigm/SourcePackages/checkouts/Kingfisher/Sources/General/ImageSource/Source.swift (in target 'Kingfisher' from project 'Kingfisher')
    cd /Users/harishvishwakarma/Handy/Archem/pepchat-ios/Revolt.xcodeproj
    

SwiftCompile normal arm64 /Users/harishvishwakarma/Library/Developer/Xcode/DerivedData/Revolt-dharrjsambcimaaziudpvzjdcigm/SourcePackages/checkouts/Kingfisher/Sources/General/KF.swift (in target 'Kingfisher' from project 'Kingfisher')
    cd /Users/harishvishwakarma/Handy/Archem/pepchat-ios/Revolt.xcodeproj
    

SwiftCompile normal arm64 /Users/harishvishwakarma/Library/Developer/Xcode/DerivedData/Revolt-dharrjsambcimaaziudpvzjdcigm/SourcePackages/checkouts/Kingfisher/Sources/General/KFOptionsSetter.swift (in target 'Kingfisher' from project 'Kingfisher')
    cd /Users/harishvishwakarma/Handy/Archem/pepchat-ios/Revolt.xcodeproj
    

SwiftCompile normal arm64 /Users/harishvishwakarma/Library/Developer/Xcode/DerivedData/Revolt-dharrjsambcimaaziudpvzjdcigm/SourcePackages/checkouts/Kingfisher/Sources/General/Kingfisher.swift (in target 'Kingfisher' from project 'Kingfisher')
    cd /Users/harishvishwakarma/Handy/Archem/pepchat-ios/Revolt.xcodeproj
    

SwiftCompile normal arm64 /Users/harishvishwakarma/Library/Developer/Xcode/DerivedData/Revolt-dharrjsambcimaaziudpvzjdcigm/SourcePackages/checkouts/Kingfisher/Sources/General/KingfisherError.swift (in target 'Kingfisher' from project 'Kingfisher')
    cd /Users/harishvishwakarma/Handy/Archem/pepchat-ios/Revolt.xcodeproj
    

SwiftDriverJobDiscovery normal arm64 Compiling MarkdownCode.swift, MarkdownCodeEscaping.swift, MarkdownEscaping.swift (in target 'MarkdownKit' from project 'MarkdownKit')

SwiftDriverJobDiscovery normal arm64 Compiling ImageModifier.swift, ImagePrefetcher.swift, RedirectHandler.swift, RequestModifier.swift, RetryStrategy.swift (in target 'Kingfisher' from project 'Kingfisher')

SwiftDriver\ Compilation MarkdownKit normal arm64 com.apple.xcode.tools.swift.compiler (in target 'MarkdownKit' from project 'MarkdownKit')
    cd /Users/harishvishwakarma/Handy/Archem/pepchat-ios/Revolt.xcodeproj
    builtin-Swift-Compilation -- /Applications/Xcode.app/Contents/Developer/Toolchains/XcodeDefault.xctoolchain/usr/bin/swiftc -module-name MarkdownKit -Onone -enforce-exclusivity\=checked @/Users/harishvishwakarma/Library/Developer/Xcode/DerivedData/Revolt-dharrjsambcimaaziudpvzjdcigm/Build/Intermediates.noindex/MarkdownKit.build/Debug-iphoneos/MarkdownKit.build/Objects-normal/arm64/MarkdownKit.SwiftFileList -DSWIFT_PACKAGE -DDEBUG -DXcode -plugin-path /Applications/Xcode.app/Contents/Developer/Toolchains/XcodeDefault.xctoolchain/usr/lib/swift/host/plugins/testing -enable-experimental-feature DebugDescriptionMacro -sdk /Applications/Xcode.app/Contents/Developer/Platforms/iPhoneOS.platform/Developer/SDKs/iPhoneOS18.5.sdk -target arm64-apple-ios12.0 -g -module-cache-path /Users/harishvishwakarma/Library/Developer/Xcode/DerivedData/ModuleCache.noindex -Xfrontend -serialize-debugging-options -enable-testing -suppress-warnings -index-store-path /Users/harishvishwakarma/Library/Developer/Xcode/DerivedData/Revolt-dharrjsambcimaaziudpvzjdcigm/Index.noindex/DataStore -swift-version 5 -I /Users/harishvishwakarma/Library/Developer/Xcode/DerivedData/Revolt-dharrjsambcimaaziudpvzjdcigm/Build/Products/Debug-iphoneos -I /Applications/Xcode.app/Contents/Developer/Platforms/iPhoneOS.platform/Developer/usr/lib -F /Users/harishvishwakarma/Library/Developer/Xcode/DerivedData/Revolt-dharrjsambcimaaziudpvzjdcigm/Build/Products/Debug-iphoneos -F /Applications/Xcode.app/Contents/Developer/Platforms/iPhoneOS.platform/Developer/Library/Frameworks -F /Applications/Xcode.app/Contents/Developer/Platforms/iPhoneOS.platform/Developer/SDKs/iPhoneOS18.5.sdk/Developer/Library/Frameworks -c -j12 -enable-batch-mode -incremental -Xcc -ivfsstatcache -Xcc /Users/harishvishwakarma/Library/Developer/Xcode/DerivedData/SDKStatCaches.noindex/iphoneos18.5-22F76-7fa4eea80a99bbfdc046826b63ec4baf.sdkstatcache -output-file-map /Users/harishvishwakarma/Library/Developer/Xcode/DerivedData/Revolt-dharrjsambcimaaziudpvzjdcigm/Build/Intermediates.noindex/MarkdownKit.build/Debug-iphoneos/MarkdownKit.build/Objects-normal/arm64/MarkdownKit-OutputFileMap.json -use-frontend-parseable-output -save-temps -no-color-diagnostics -serialize-diagnostics -emit-dependencies -emit-module -emit-module-path /Users/harishvishwakarma/Library/Developer/Xcode/DerivedData/Revolt-dharrjsambcimaaziudpvzjdcigm/Build/Intermediates.noindex/MarkdownKit.build/Debug-iphoneos/MarkdownKit.build/Objects-normal/arm64/MarkdownKit.swiftmodule -validate-clang-modules-once -clang-build-session-file /Users/harishvishwakarma/Library/Developer/Xcode/DerivedData/ModuleCache.noindex/Session.modulevalidation -Xcc -I/Users/harishvishwakarma/Library/Developer/Xcode/DerivedData/Revolt-dharrjsambcimaaziudpvzjdcigm/Build/Intermediates.noindex/MarkdownKit.build/Debug-iphoneos/MarkdownKit.build/swift-overrides.hmap -emit-const-values -Xfrontend -const-gather-protocols-file -Xfrontend /Users/harishvishwakarma/Library/Developer/Xcode/DerivedData/Revolt-dharrjsambcimaaziudpvzjdcigm/Build/Intermediates.noindex/MarkdownKit.build/Debug-iphoneos/MarkdownKit.build/Objects-normal/arm64/MarkdownKit_const_extract_protocols.json -Xcc -I/Users/harishvishwakarma/Library/Developer/Xcode/DerivedData/Revolt-dharrjsambcimaaziudpvzjdcigm/Build/Products/Debug-iphoneos/include -Xcc -I/Users/harishvishwakarma/Library/Developer/Xcode/DerivedData/Revolt-dharrjsambcimaaziudpvzjdcigm/Build/Intermediates.noindex/MarkdownKit.build/Debug-iphoneos/MarkdownKit.build/DerivedSources-normal/arm64 -Xcc -I/Users/harishvishwakarma/Library/Developer/Xcode/DerivedData/Revolt-dharrjsambcimaaziudpvzjdcigm/Build/Intermediates.noindex/MarkdownKit.build/Debug-iphoneos/MarkdownKit.build/DerivedSources/arm64 -Xcc -I/Users/harishvishwakarma/Library/Developer/Xcode/DerivedData/Revolt-dharrjsambcimaaziudpvzjdcigm/Build/Intermediates.noindex/MarkdownKit.build/Debug-iphoneos/MarkdownKit.build/DerivedSources -Xcc -DSWIFT_PACKAGE -Xcc -DDEBUG\=1 -emit-objc-header -emit-objc-header-path /Users/harishvishwakarma/Library/Developer/Xcode/DerivedData/Revolt-dharrjsambcimaaziudpvzjdcigm/Build/Intermediates.noindex/MarkdownKit.build/Debug-iphoneos/MarkdownKit.build/Objects-normal/arm64/MarkdownKit-Swift.h -working-directory /Users/harishvishwakarma/Handy/Archem/pepchat-ios/Revolt.xcodeproj -experimental-emit-module-separately -disable-cmo

SwiftCompile normal arm64 Compiling\ Keychain.swift /Users/harishvishwakarma/Library/Developer/Xcode/DerivedData/Revolt-dharrjsambcimaaziudpvzjdcigm/SourcePackages/checkouts/KeychainAccess/Lib/KeychainAccess/Keychain.swift (in target 'KeychainAccess' from project 'KeychainAccess')
SwiftCompile normal arm64 /Users/harishvishwakarma/Library/Developer/Xcode/DerivedData/Revolt-dharrjsambcimaaziudpvzjdcigm/SourcePackages/checkouts/KeychainAccess/Lib/KeychainAccess/Keychain.swift (in target 'KeychainAccess' from project 'KeychainAccess')
    cd /Users/harishvishwakarma/Handy/Archem/pepchat-ios/Revolt.xcodeproj
    

SwiftCompile normal arm64 Compiling\ Unimplemented.swift /Users/harishvishwakarma/Library/Developer/Xcode/DerivedData/Revolt-dharrjsambcimaaziudpvzjdcigm/SourcePackages/checkouts/xctest-dynamic-overlay/Sources/IssueReporting/Unimplemented.swift (in target 'IssueReporting' from project 'xctest-dynamic-overlay')

SwiftCompile normal arm64 /Users/harishvishwakarma/Library/Developer/Xcode/DerivedData/Revolt-dharrjsambcimaaziudpvzjdcigm/SourcePackages/checkouts/xctest-dynamic-overlay/Sources/IssueReporting/Unimplemented.swift (in target 'IssueReporting' from project 'xctest-dynamic-overlay')
    cd /Users/harishvishwakarma/Handy/Archem/pepchat-ios/Revolt.xcodeproj
    

SwiftDriverJobDiscovery normal arm64 Compiling Runtime.swift, SizeExtensions.swift, String+SHA256.swift, AnimatedImageView.swift, Indicator.swift (in target 'Kingfisher' from project 'Kingfisher')

SwiftCompile normal arm64 Compiling\ UncheckedSendable.swift,\ Warn.swift /Users/harishvishwakarma/Library/Developer/Xcode/DerivedData/Revolt-dharrjsambcimaaziudpvzjdcigm/SourcePackages/checkouts/xctest-dynamic-overlay/Sources/IssueReporting/Internal/UncheckedSendable.swift /Users/harishvishwakarma/Library/Developer/Xcode/DerivedData/Revolt-dharrjsambcimaaziudpvzjdcigm/SourcePackages/checkouts/xctest-dynamic-overlay/Sources/IssueReporting/Internal/Warn.swift (in target 'IssueReporting' from project 'xctest-dynamic-overlay')

SwiftCompile normal arm64 /Users/harishvishwakarma/Library/Developer/Xcode/DerivedData/Revolt-dharrjsambcimaaziudpvzjdcigm/SourcePackages/checkouts/xctest-dynamic-overlay/Sources/IssueReporting/Internal/UncheckedSendable.swift (in target 'IssueReporting' from project 'xctest-dynamic-overlay')
    cd /Users/harishvishwakarma/Handy/Archem/pepchat-ios/Revolt.xcodeproj
    

SwiftCompile normal arm64 /Users/harishvishwakarma/Library/Developer/Xcode/DerivedData/Revolt-dharrjsambcimaaziudpvzjdcigm/SourcePackages/checkouts/xctest-dynamic-overlay/Sources/IssueReporting/Internal/Warn.swift (in target 'IssueReporting' from project 'xctest-dynamic-overlay')
    cd /Users/harishvishwakarma/Handy/Archem/pepchat-ios/Revolt.xcodeproj
    

SwiftDriverJobDiscovery normal arm64 Compiling KFImage.swift, KFImageOptions.swift, KFImageProtocol.swift, KFImageRenderer.swift, Box.swift (in target 'Kingfisher' from project 'Kingfisher')

SwiftCompile normal arm64 Compiling\ WithExpectedIssue.swift /Users/harishvishwakarma/Library/Developer/Xcode/DerivedData/Revolt-dharrjsambcimaaziudpvzjdcigm/SourcePackages/checkouts/xctest-dynamic-overlay/Sources/IssueReporting/WithExpectedIssue.swift (in target 'IssueReporting' from project 'xctest-dynamic-overlay')

SwiftCompile normal arm64 /Users/harishvishwakarma/Library/Developer/Xcode/DerivedData/Revolt-dharrjsambcimaaziudpvzjdcigm/SourcePackages/checkouts/xctest-dynamic-overlay/Sources/IssueReporting/WithExpectedIssue.swift (in target 'IssueReporting' from project 'xctest-dynamic-overlay')
    cd /Users/harishvishwakarma/Handy/Archem/pepchat-ios/Revolt.xcodeproj
    

SwiftDriverJobDiscovery normal arm64 Compiling CallbackQueue.swift, Delegate.swift, DisplayLink.swift, ExtensionHelpers.swift, Result.swift (in target 'Kingfisher' from project 'Kingfisher')

SwiftCompile normal arm64 Compiling\ AppHostWarning.swift,\ Deprecations.swift /Users/harishvishwakarma/Library/Developer/Xcode/DerivedData/Revolt-dharrjsambcimaaziudpvzjdcigm/SourcePackages/checkouts/xctest-dynamic-overlay/Sources/IssueReporting/Internal/AppHostWarning.swift /Users/harishvishwakarma/Library/Developer/Xcode/DerivedData/Revolt-dharrjsambcimaaziudpvzjdcigm/SourcePackages/checkouts/xctest-dynamic-overlay/Sources/IssueReporting/Internal/Deprecations.swift (in target 'IssueReporting' from project 'xctest-dynamic-overlay')

SwiftCompile normal arm64 /Users/harishvishwakarma/Library/Developer/Xcode/DerivedData/Revolt-dharrjsambcimaaziudpvzjdcigm/SourcePackages/checkouts/xctest-dynamic-overlay/Sources/IssueReporting/Internal/AppHostWarning.swift (in target 'IssueReporting' from project 'xctest-dynamic-overlay')
    cd /Users/harishvishwakarma/Handy/Archem/pepchat-ios/Revolt.xcodeproj
    

SwiftCompile normal arm64 /Users/harishvishwakarma/Library/Developer/Xcode/DerivedData/Revolt-dharrjsambcimaaziudpvzjdcigm/SourcePackages/checkouts/xctest-dynamic-overlay/Sources/IssueReporting/Internal/Deprecations.swift (in target 'IssueReporting' from project 'xctest-dynamic-overlay')
    cd /Users/harishvishwakarma/Handy/Archem/pepchat-ios/Revolt.xcodeproj
    

SwiftDriverJobDiscovery normal arm64 Compiling Storage.swift, CPListItem+Kingfisher.swift, HasImageComponent+Kingfisher.swift, ImageView+Kingfisher.swift, NSButton+Kingfisher.swift, NSTextAttachment+Kingfisher.swift (in target 'Kingfisher' from project 'Kingfisher')

SwiftCompile normal arm64 Compiling\ TestContext.swift /Users/harishvishwakarma/Library/Developer/Xcode/DerivedData/Revolt-dharrjsambcimaaziudpvzjdcigm/SourcePackages/checkouts/xctest-dynamic-overlay/Sources/IssueReporting/TestContext.swift (in target 'IssueReporting' from project 'xctest-dynamic-overlay')

SwiftCompile normal arm64 /Users/harishvishwakarma/Library/Developer/Xcode/DerivedData/Revolt-dharrjsambcimaaziudpvzjdcigm/SourcePackages/checkouts/xctest-dynamic-overlay/Sources/IssueReporting/TestContext.swift (in target 'IssueReporting' from project 'xctest-dynamic-overlay')
    cd /Users/harishvishwakarma/Handy/Archem/pepchat-ios/Revolt.xcodeproj
    

SwiftDriverJobDiscovery normal arm64 Compiling PHLivePhotoView+Kingfisher.swift, UIButton+Kingfisher.swift, AVAssetImageDataProvider.swift, ImageDataProvider.swift, LivePhotoSource.swift, PHPickerResultImageDataProvider.swift (in target 'Kingfisher' from project 'Kingfisher')

SwiftCompile normal arm64 Compiling\ WithIssueContext.swift /Users/harishvishwakarma/Library/Developer/Xcode/DerivedData/Revolt-dharrjsambcimaaziudpvzjdcigm/SourcePackages/checkouts/xctest-dynamic-overlay/Sources/IssueReporting/WithIssueContext.swift (in target 'IssueReporting' from project 'xctest-dynamic-overlay')

SwiftCompile normal arm64 /Users/harishvishwakarma/Library/Developer/Xcode/DerivedData/Revolt-dharrjsambcimaaziudpvzjdcigm/SourcePackages/checkouts/xctest-dynamic-overlay/Sources/IssueReporting/WithIssueContext.swift (in target 'IssueReporting' from project 'xctest-dynamic-overlay')
    cd /Users/harishvishwakarma/Handy/Archem/pepchat-ios/Revolt.xcodeproj
    

SwiftDriverJobDiscovery normal arm64 Compiling KingfisherManager+LivePhoto.swift, KingfisherManager.swift, KingfisherOptionsInfo.swift, Filter.swift, GIFAnimatedImage.swift, GraphicsContext.swift (in target 'Kingfisher' from project 'Kingfisher')

SwiftCompile normal arm64 Compiling\ FatalErrorReporter.swift,\ RuntimeWarningReporter.swift /Users/harishvishwakarma/Library/Developer/Xcode/DerivedData/Revolt-dharrjsambcimaaziudpvzjdcigm/SourcePackages/checkouts/xctest-dynamic-overlay/Sources/IssueReporting/IssueReporters/FatalErrorReporter.swift /Users/harishvishwakarma/Library/Developer/Xcode/DerivedData/Revolt-dharrjsambcimaaziudpvzjdcigm/SourcePackages/checkouts/xctest-dynamic-overlay/Sources/IssueReporting/IssueReporters/RuntimeWarningReporter.swift (in target 'IssueReporting' from project 'xctest-dynamic-overlay')

SwiftCompile normal arm64 /Users/harishvishwakarma/Library/Developer/Xcode/DerivedData/Revolt-dharrjsambcimaaziudpvzjdcigm/SourcePackages/checkouts/xctest-dynamic-overlay/Sources/IssueReporting/IssueReporters/FatalErrorReporter.swift (in target 'IssueReporting' from project 'xctest-dynamic-overlay')
    cd /Users/harishvishwakarma/Handy/Archem/pepchat-ios/Revolt.xcodeproj
    

SwiftCompile normal arm64 /Users/harishvishwakarma/Library/Developer/Xcode/DerivedData/Revolt-dharrjsambcimaaziudpvzjdcigm/SourcePackages/checkouts/xctest-dynamic-overlay/Sources/IssueReporting/IssueReporters/RuntimeWarningReporter.swift (in target 'IssueReporting' from project 'xctest-dynamic-overlay')
    cd /Users/harishvishwakarma/Handy/Archem/pepchat-ios/Revolt.xcodeproj
    

SwiftDriverJobDiscovery normal arm64 Compiling Placeholder.swift, AuthenticationChallengeResponsable.swift, ImageDataProcessor.swift, ImageDownloader+LivePhoto.swift, ImageDownloader.swift, ImageDownloaderDelegate.swift (in target 'Kingfisher' from project 'Kingfisher')

SwiftCompile normal arm64 Compiling\ IssueReporter.swift,\ BreakpointReporter.swift /Users/harishvishwakarma/Library/Developer/Xcode/DerivedData/Revolt-dharrjsambcimaaziudpvzjdcigm/SourcePackages/checkouts/xctest-dynamic-overlay/Sources/IssueReporting/IssueReporter.swift /Users/harishvishwakarma/Library/Developer/Xcode/DerivedData/Revolt-dharrjsambcimaaziudpvzjdcigm/SourcePackages/checkouts/xctest-dynamic-overlay/Sources/IssueReporting/IssueReporters/BreakpointReporter.swift (in target 'IssueReporting' from project 'xctest-dynamic-overlay')
SwiftCompile normal arm64 /Users/harishvishwakarma/Library/Developer/Xcode/DerivedData/Revolt-dharrjsambcimaaziudpvzjdcigm/SourcePackages/checkouts/xctest-dynamic-overlay/Sources/IssueReporting/IssueReporter.swift (in target 'IssueReporting' from project 'xctest-dynamic-overlay')
    cd /Users/harishvishwakarma/Handy/Archem/pepchat-ios/Revolt.xcodeproj
    

SwiftCompile normal arm64 /Users/harishvishwakarma/Library/Developer/Xcode/DerivedData/Revolt-dharrjsambcimaaziudpvzjdcigm/SourcePackages/checkouts/xctest-dynamic-overlay/Sources/IssueReporting/IssueReporters/BreakpointReporter.swift (in target 'IssueReporting' from project 'xctest-dynamic-overlay')
    cd /Users/harishvishwakarma/Handy/Archem/pepchat-ios/Revolt.xcodeproj
    

SwiftDriverJobDiscovery normal arm64 Compiling Resource.swift, Source.swift, KF.swift, KFOptionsSetter.swift, Kingfisher.swift, KingfisherError.swift (in target 'Kingfisher' from project 'Kingfisher')

SwiftCompile normal arm64 Compiling\ XCTest.swift,\ IsTesting.swift /Users/harishvishwakarma/Library/Developer/Xcode/DerivedData/Revolt-dharrjsambcimaaziudpvzjdcigm/SourcePackages/checkouts/xctest-dynamic-overlay/Sources/IssueReporting/Internal/XCTest.swift /Users/harishvishwakarma/Library/Developer/Xcode/DerivedData/Revolt-dharrjsambcimaaziudpvzjdcigm/SourcePackages/checkouts/xctest-dynamic-overlay/Sources/IssueReporting/IsTesting.swift (in target 'IssueReporting' from project 'xctest-dynamic-overlay')

SwiftCompile normal arm64 /Users/harishvishwakarma/Library/Developer/Xcode/DerivedData/Revolt-dharrjsambcimaaziudpvzjdcigm/SourcePackages/checkouts/xctest-dynamic-overlay/Sources/IssueReporting/Internal/XCTest.swift (in target 'IssueReporting' from project 'xctest-dynamic-overlay')
    cd /Users/harishvishwakarma/Handy/Archem/pepchat-ios/Revolt.xcodeproj
    

SwiftCompile normal arm64 /Users/harishvishwakarma/Library/Developer/Xcode/DerivedData/Revolt-dharrjsambcimaaziudpvzjdcigm/SourcePackages/checkouts/xctest-dynamic-overlay/Sources/IssueReporting/IsTesting.swift (in target 'IssueReporting' from project 'xctest-dynamic-overlay')
    cd /Users/harishvishwakarma/Handy/Archem/pepchat-ios/Revolt.xcodeproj
    

SwiftDriverJobDiscovery normal arm64 Compiling resource_bundle_accessor.swift, CacheSerializer.swift, DiskStorage.swift, FormatIndicatedCacheSerializer.swift, ImageCache.swift, MemoryStorage.swift (in target 'Kingfisher' from project 'Kingfisher')

SwiftCompile normal arm64 Compiling\ FailureObserver.swift,\ LockIsolated.swift /Users/harishvishwakarma/Library/Developer/Xcode/DerivedData/Revolt-dharrjsambcimaaziudpvzjdcigm/SourcePackages/checkouts/xctest-dynamic-overlay/Sources/IssueReporting/Internal/FailureObserver.swift /Users/harishvishwakarma/Library/Developer/Xcode/DerivedData/Revolt-dharrjsambcimaaziudpvzjdcigm/SourcePackages/checkouts/xctest-dynamic-overlay/Sources/IssueReporting/Internal/LockIsolated.swift (in target 'IssueReporting' from project 'xctest-dynamic-overlay')

SwiftCompile normal arm64 /Users/harishvishwakarma/Library/Developer/Xcode/DerivedData/Revolt-dharrjsambcimaaziudpvzjdcigm/SourcePackages/checkouts/xctest-dynamic-overlay/Sources/IssueReporting/Internal/FailureObserver.swift (in target 'IssueReporting' from project 'xctest-dynamic-overlay')
    cd /Users/harishvishwakarma/Handy/Archem/pepchat-ios/Revolt.xcodeproj
    

SwiftCompile normal arm64 /Users/harishvishwakarma/Library/Developer/Xcode/DerivedData/Revolt-dharrjsambcimaaziudpvzjdcigm/SourcePackages/checkouts/xctest-dynamic-overlay/Sources/IssueReporting/Internal/LockIsolated.swift (in target 'IssueReporting' from project 'xctest-dynamic-overlay')
    cd /Users/harishvishwakarma/Handy/Archem/pepchat-ios/Revolt.xcodeproj
    

SwiftDriverJobDiscovery normal arm64 Compiling SessionDataTask.swift, SessionDelegate.swift, ImageBinder.swift, ImageContext.swift, KFAnimatedImage.swift (in target 'Kingfisher' from project 'Kingfisher')

SwiftCompile normal arm64 Compiling\ Rethrows.swift,\ SwiftTesting.swift /Users/harishvishwakarma/Library/Developer/Xcode/DerivedData/Revolt-dharrjsambcimaaziudpvzjdcigm/SourcePackages/checkouts/xctest-dynamic-overlay/Sources/IssueReporting/Internal/Rethrows.swift /Users/harishvishwakarma/Library/Developer/Xcode/DerivedData/Revolt-dharrjsambcimaaziudpvzjdcigm/SourcePackages/checkouts/xctest-dynamic-overlay/Sources/IssueReporting/Internal/SwiftTesting.swift (in target 'IssueReporting' from project 'xctest-dynamic-overlay')
SwiftCompile normal arm64 /Users/harishvishwakarma/Library/Developer/Xcode/DerivedData/Revolt-dharrjsambcimaaziudpvzjdcigm/SourcePackages/checkouts/xctest-dynamic-overlay/Sources/IssueReporting/Internal/Rethrows.swift (in target 'IssueReporting' from project 'xctest-dynamic-overlay')
    cd /Users/harishvishwakarma/Handy/Archem/pepchat-ios/Revolt.xcodeproj
    

SwiftCompile normal arm64 /Users/harishvishwakarma/Library/Developer/Xcode/DerivedData/Revolt-dharrjsambcimaaziudpvzjdcigm/SourcePackages/checkouts/xctest-dynamic-overlay/Sources/IssueReporting/Internal/SwiftTesting.swift (in target 'IssueReporting' from project 'xctest-dynamic-overlay')
    cd /Users/harishvishwakarma/Handy/Archem/pepchat-ios/Revolt.xcodeproj
    

SwiftDriverJobDiscovery normal arm64 Compiling Image.swift, ImageDrawing.swift, ImageFormat.swift, ImageProcessor.swift, ImageProgressive.swift, ImageTransition.swift (in target 'Kingfisher' from project 'Kingfisher')

SwiftDriver\ Compilation Kingfisher normal arm64 com.apple.xcode.tools.swift.compiler (in target 'Kingfisher' from project 'Kingfisher')
    cd /Users/harishvishwakarma/Handy/Archem/pepchat-ios/Revolt.xcodeproj
    builtin-Swift-Compilation -- /Applications/Xcode.app/Contents/Developer/Toolchains/XcodeDefault.xctoolchain/usr/bin/swiftc -module-name Kingfisher -Onone -enforce-exclusivity\=checked @/Users/harishvishwakarma/Library/Developer/Xcode/DerivedData/Revolt-dharrjsambcimaaziudpvzjdcigm/Build/Intermediates.noindex/Kingfisher.build/Debug-iphoneos/Kingfisher.build/Objects-normal/arm64/Kingfisher.SwiftFileList -DSWIFT_PACKAGE -DDEBUG -DXcode -plugin-path /Applications/Xcode.app/Contents/Developer/Toolchains/XcodeDefault.xctoolchain/usr/lib/swift/host/plugins/testing -enable-experimental-feature DebugDescriptionMacro -sdk /Applications/Xcode.app/Contents/Developer/Platforms/iPhoneOS.platform/Developer/SDKs/iPhoneOS18.5.sdk -target arm64-apple-ios13.0 -g -module-cache-path /Users/harishvishwakarma/Library/Developer/Xcode/DerivedData/ModuleCache.noindex -Xfrontend -serialize-debugging-options -enable-testing -suppress-warnings -index-store-path /Users/harishvishwakarma/Library/Developer/Xcode/DerivedData/Revolt-dharrjsambcimaaziudpvzjdcigm/Index.noindex/DataStore -swift-version 5 -I /Users/harishvishwakarma/Library/Developer/Xcode/DerivedData/Revolt-dharrjsambcimaaziudpvzjdcigm/Build/Products/Debug-iphoneos -I /Applications/Xcode.app/Contents/Developer/Platforms/iPhoneOS.platform/Developer/usr/lib -F /Users/harishvishwakarma/Library/Developer/Xcode/DerivedData/Revolt-dharrjsambcimaaziudpvzjdcigm/Build/Products/Debug-iphoneos -F /Applications/Xcode.app/Contents/Developer/Platforms/iPhoneOS.platform/Developer/Library/Frameworks -F /Applications/Xcode.app/Contents/Developer/Platforms/iPhoneOS.platform/Developer/SDKs/iPhoneOS18.5.sdk/Developer/Library/Frameworks -c -j12 -enable-batch-mode -incremental -Xcc -ivfsstatcache -Xcc /Users/harishvishwakarma/Library/Developer/Xcode/DerivedData/SDKStatCaches.noindex/iphoneos18.5-22F76-7fa4eea80a99bbfdc046826b63ec4baf.sdkstatcache -output-file-map /Users/harishvishwakarma/Library/Developer/Xcode/DerivedData/Revolt-dharrjsambcimaaziudpvzjdcigm/Build/Intermediates.noindex/Kingfisher.build/Debug-iphoneos/Kingfisher.build/Objects-normal/arm64/Kingfisher-OutputFileMap.json -use-frontend-parseable-output -save-temps -no-color-diagnostics -serialize-diagnostics -emit-dependencies -emit-module -emit-module-path /Users/harishvishwakarma/Library/Developer/Xcode/DerivedData/Revolt-dharrjsambcimaaziudpvzjdcigm/Build/Intermediates.noindex/Kingfisher.build/Debug-iphoneos/Kingfisher.build/Objects-normal/arm64/Kingfisher.swiftmodule -validate-clang-modules-once -clang-build-session-file /Users/harishvishwakarma/Library/Developer/Xcode/DerivedData/ModuleCache.noindex/Session.modulevalidation -package-name kingfisher -Xcc -I/Users/harishvishwakarma/Library/Developer/Xcode/DerivedData/Revolt-dharrjsambcimaaziudpvzjdcigm/Build/Intermediates.noindex/Kingfisher.build/Debug-iphoneos/Kingfisher.build/swift-overrides.hmap -emit-const-values -Xfrontend -const-gather-protocols-file -Xfrontend /Users/harishvishwakarma/Library/Developer/Xcode/DerivedData/Revolt-dharrjsambcimaaziudpvzjdcigm/Build/Intermediates.noindex/Kingfisher.build/Debug-iphoneos/Kingfisher.build/Objects-normal/arm64/Kingfisher_const_extract_protocols.json -Xcc -I/Users/harishvishwakarma/Library/Developer/Xcode/DerivedData/Revolt-dharrjsambcimaaziudpvzjdcigm/Build/Products/Debug-iphoneos/include -Xcc -I/Users/harishvishwakarma/Library/Developer/Xcode/DerivedData/Revolt-dharrjsambcimaaziudpvzjdcigm/Build/Intermediates.noindex/Kingfisher.build/Debug-iphoneos/Kingfisher.build/DerivedSources-normal/arm64 -Xcc -I/Users/harishvishwakarma/Library/Developer/Xcode/DerivedData/Revolt-dharrjsambcimaaziudpvzjdcigm/Build/Intermediates.noindex/Kingfisher.build/Debug-iphoneos/Kingfisher.build/DerivedSources/arm64 -Xcc -I/Users/harishvishwakarma/Library/Developer/Xcode/DerivedData/Revolt-dharrjsambcimaaziudpvzjdcigm/Build/Intermediates.noindex/Kingfisher.build/Debug-iphoneos/Kingfisher.build/DerivedSources -Xcc -DSWIFT_PACKAGE -Xcc -DDEBUG\=1 -emit-objc-header -emit-objc-header-path /Users/harishvishwakarma/Library/Developer/Xcode/DerivedData/Revolt-dharrjsambcimaaziudpvzjdcigm/Build/Intermediates.noindex/Kingfisher.build/Debug-iphoneos/Kingfisher.build/Objects-normal/arm64/Kingfisher-Swift.h -working-directory /Users/harishvishwakarma/Handy/Archem/pepchat-ios/Revolt.xcodeproj -experimental-emit-module-separately -disable-cmo

SwiftDriverJobDiscovery normal arm64 Compiling UncheckedSendable.swift, Warn.swift (in target 'IssueReporting' from project 'xctest-dynamic-overlay')

SwiftCompile normal arm64 Compiling\ ReportIssue.swift /Users/harishvishwakarma/Library/Developer/Xcode/DerivedData/Revolt-dharrjsambcimaaziudpvzjdcigm/SourcePackages/checkouts/xctest-dynamic-overlay/Sources/IssueReporting/ReportIssue.swift (in target 'IssueReporting' from project 'xctest-dynamic-overlay')

SwiftCompile normal arm64 /Users/harishvishwakarma/Library/Developer/Xcode/DerivedData/Revolt-dharrjsambcimaaziudpvzjdcigm/SourcePackages/checkouts/xctest-dynamic-overlay/Sources/IssueReporting/ReportIssue.swift (in target 'IssueReporting' from project 'xctest-dynamic-overlay')
    cd /Users/harishvishwakarma/Handy/Archem/pepchat-ios/Revolt.xcodeproj
    

SwiftCompile normal arm64 Compiling\ Integer\ rank.swift,\ UInt+first\ and\ last\ set\ bit.swift /Users/harishvishwakarma/Library/Developer/Xcode/DerivedData/Revolt-dharrjsambcimaaziudpvzjdcigm/SourcePackages/checkouts/swift-collections/Sources/InternalCollectionsUtilities/IntegerTricks/autogenerated/Integer\ rank.swift /Users/harishvishwakarma/Library/Developer/Xcode/DerivedData/Revolt-dharrjsambcimaaziudpvzjdcigm/SourcePackages/checkouts/swift-collections/Sources/InternalCollectionsUtilities/IntegerTricks/autogenerated/UInt+first\ and\ last\ set\ bit.swift (in target 'InternalCollectionsUtilities' from project 'swift-collections')

SwiftCompile normal arm64 /Users/harishvishwakarma/Library/Developer/Xcode/DerivedData/Revolt-dharrjsambcimaaziudpvzjdcigm/SourcePackages/checkouts/swift-collections/Sources/InternalCollectionsUtilities/IntegerTricks/autogenerated/Integer\ rank.swift (in target 'InternalCollectionsUtilities' from project 'swift-collections')
    cd /Users/harishvishwakarma/Handy/Archem/pepchat-ios/Revolt.xcodeproj
    

SwiftCompile normal arm64 /Users/harishvishwakarma/Library/Developer/Xcode/DerivedData/Revolt-dharrjsambcimaaziudpvzjdcigm/SourcePackages/checkouts/swift-collections/Sources/InternalCollectionsUtilities/IntegerTricks/autogenerated/UInt+first\ and\ last\ set\ bit.swift (in target 'InternalCollectionsUtilities' from project 'swift-collections')
    cd /Users/harishvishwakarma/Handy/Archem/pepchat-ios/Revolt.xcodeproj
    

SwiftDriverJobDiscovery normal arm64 Compiling Unimplemented.swift (in target 'IssueReporting' from project 'xctest-dynamic-overlay')

SwiftCompile normal arm64 Compiling\ UnsafeMutableBufferPointer+Extras.swift /Users/harishvishwakarma/Library/Developer/Xcode/DerivedData/Revolt-dharrjsambcimaaziudpvzjdcigm/SourcePackages/checkouts/swift-collections/Sources/InternalCollectionsUtilities/autogenerated/UnsafeMutableBufferPointer+Extras.swift (in target 'InternalCollectionsUtilities' from project 'swift-collections')

SwiftCompile normal arm64 /Users/harishvishwakarma/Library/Developer/Xcode/DerivedData/Revolt-dharrjsambcimaaziudpvzjdcigm/SourcePackages/checkouts/swift-collections/Sources/InternalCollectionsUtilities/autogenerated/UnsafeMutableBufferPointer+Extras.swift (in target 'InternalCollectionsUtilities' from project 'swift-collections')
    cd /Users/harishvishwakarma/Handy/Archem/pepchat-ios/Revolt.xcodeproj
    

SwiftDriverJobDiscovery normal arm64 Compiling TestContext.swift (in target 'IssueReporting' from project 'xctest-dynamic-overlay')

SwiftCompile normal arm64 Compiling\ UInt+reversed.swift,\ _UnsafeBitSet+Index.swift /Users/harishvishwakarma/Library/Developer/Xcode/DerivedData/Revolt-dharrjsambcimaaziudpvzjdcigm/SourcePackages/checkouts/swift-collections/Sources/InternalCollectionsUtilities/IntegerTricks/autogenerated/UInt+reversed.swift /Users/harishvishwakarma/Library/Developer/Xcode/DerivedData/Revolt-dharrjsambcimaaziudpvzjdcigm/SourcePackages/checkouts/swift-collections/Sources/InternalCollectionsUtilities/UnsafeBitSet/autogenerated/_UnsafeBitSet+Index.swift (in target 'InternalCollectionsUtilities' from project 'swift-collections')

SwiftCompile normal arm64 /Users/harishvishwakarma/Library/Developer/Xcode/DerivedData/Revolt-dharrjsambcimaaziudpvzjdcigm/SourcePackages/checkouts/swift-collections/Sources/InternalCollectionsUtilities/IntegerTricks/autogenerated/UInt+reversed.swift (in target 'InternalCollectionsUtilities' from project 'swift-collections')
    cd /Users/harishvishwakarma/Handy/Archem/pepchat-ios/Revolt.xcodeproj
    

SwiftCompile normal arm64 /Users/harishvishwakarma/Library/Developer/Xcode/DerivedData/Revolt-dharrjsambcimaaziudpvzjdcigm/SourcePackages/checkouts/swift-collections/Sources/InternalCollectionsUtilities/UnsafeBitSet/autogenerated/_UnsafeBitSet+Index.swift (in target 'InternalCollectionsUtilities' from project 'swift-collections')
    cd /Users/harishvishwakarma/Handy/Archem/pepchat-ios/Revolt.xcodeproj
    

SwiftDriverJobDiscovery normal arm64 Compiling AppHostWarning.swift, Deprecations.swift (in target 'IssueReporting' from project 'xctest-dynamic-overlay')

SwiftCompile normal arm64 Compiling\ Specialize.swift /Users/harishvishwakarma/Library/Developer/Xcode/DerivedData/Revolt-dharrjsambcimaaziudpvzjdcigm/SourcePackages/checkouts/swift-collections/Sources/InternalCollectionsUtilities/autogenerated/Specialize.swift (in target 'InternalCollectionsUtilities' from project 'swift-collections')

SwiftCompile normal arm64 /Users/harishvishwakarma/Library/Developer/Xcode/DerivedData/Revolt-dharrjsambcimaaziudpvzjdcigm/SourcePackages/checkouts/swift-collections/Sources/InternalCollectionsUtilities/autogenerated/Specialize.swift (in target 'InternalCollectionsUtilities' from project 'swift-collections')
    cd /Users/harishvishwakarma/Handy/Archem/pepchat-ios/Revolt.xcodeproj
    

SwiftDriverJobDiscovery normal arm64 Compiling WithIssueContext.swift (in target 'IssueReporting' from project 'xctest-dynamic-overlay')

SwiftCompile normal arm64 Compiling\ UnsafeMutableBufferPointer+SE-0370.swift,\ UnsafeMutablePointer+SE-0370.swift /Users/harishvishwakarma/Library/Developer/Xcode/DerivedData/Revolt-dharrjsambcimaaziudpvzjdcigm/SourcePackages/checkouts/swift-collections/Sources/InternalCollectionsUtilities/Compatibility/autogenerated/UnsafeMutableBufferPointer+SE-0370.swift /Users/harishvishwakarma/Library/Developer/Xcode/DerivedData/Revolt-dharrjsambcimaaziudpvzjdcigm/SourcePackages/checkouts/swift-collections/Sources/InternalCollectionsUtilities/Compatibility/autogenerated/UnsafeMutablePointer+SE-0370.swift (in target 'InternalCollectionsUtilities' from project 'swift-collections')

SwiftCompile normal arm64 /Users/harishvishwakarma/Library/Developer/Xcode/DerivedData/Revolt-dharrjsambcimaaziudpvzjdcigm/SourcePackages/checkouts/swift-collections/Sources/InternalCollectionsUtilities/Compatibility/autogenerated/UnsafeMutableBufferPointer+SE-0370.swift (in target 'InternalCollectionsUtilities' from project 'swift-collections')
    cd /Users/harishvishwakarma/Handy/Archem/pepchat-ios/Revolt.xcodeproj
    

SwiftCompile normal arm64 /Users/harishvishwakarma/Library/Developer/Xcode/DerivedData/Revolt-dharrjsambcimaaziudpvzjdcigm/SourcePackages/checkouts/swift-collections/Sources/InternalCollectionsUtilities/Compatibility/autogenerated/UnsafeMutablePointer+SE-0370.swift (in target 'InternalCollectionsUtilities' from project 'swift-collections')
    cd /Users/harishvishwakarma/Handy/Archem/pepchat-ios/Revolt.xcodeproj
    

SwiftDriverJobDiscovery normal arm64 Compiling WithExpectedIssue.swift (in target 'IssueReporting' from project 'xctest-dynamic-overlay')

SwiftCompile normal arm64 Compiling\ UnsafeRawPointer\ extensions.swift,\ FixedWidthInteger+roundUpToPowerOfTwo.swift /Users/harishvishwakarma/Library/Developer/Xcode/DerivedData/Revolt-dharrjsambcimaaziudpvzjdcigm/SourcePackages/checkouts/swift-collections/Sources/InternalCollectionsUtilities/Compatibility/autogenerated/UnsafeRawPointer\ extensions.swift /Users/harishvishwakarma/Library/Developer/Xcode/DerivedData/Revolt-dharrjsambcimaaziudpvzjdcigm/SourcePackages/checkouts/swift-collections/Sources/InternalCollectionsUtilities/IntegerTricks/autogenerated/FixedWidthInteger+roundUpToPowerOfTwo.swift (in target 'InternalCollectionsUtilities' from project 'swift-collections')

SwiftCompile normal arm64 /Users/harishvishwakarma/Library/Developer/Xcode/DerivedData/Revolt-dharrjsambcimaaziudpvzjdcigm/SourcePackages/checkouts/swift-collections/Sources/InternalCollectionsUtilities/Compatibility/autogenerated/UnsafeRawPointer\ extensions.swift (in target 'InternalCollectionsUtilities' from project 'swift-collections')
    cd /Users/harishvishwakarma/Handy/Archem/pepchat-ios/Revolt.xcodeproj
    

SwiftCompile normal arm64 /Users/harishvishwakarma/Library/Developer/Xcode/DerivedData/Revolt-dharrjsambcimaaziudpvzjdcigm/SourcePackages/checkouts/swift-collections/Sources/InternalCollectionsUtilities/IntegerTricks/autogenerated/FixedWidthInteger+roundUpToPowerOfTwo.swift (in target 'InternalCollectionsUtilities' from project 'swift-collections')
    cd /Users/harishvishwakarma/Handy/Archem/pepchat-ios/Revolt.xcodeproj
    

SwiftDriverJobDiscovery normal arm64 Compiling FatalErrorReporter.swift, RuntimeWarningReporter.swift (in target 'IssueReporting' from project 'xctest-dynamic-overlay')

SwiftCompile normal arm64 Compiling\ _SortedCollection.swift,\ _UniqueCollection.swift /Users/harishvishwakarma/Library/Developer/Xcode/DerivedData/Revolt-dharrjsambcimaaziudpvzjdcigm/SourcePackages/checkouts/swift-collections/Sources/InternalCollectionsUtilities/_SortedCollection.swift /Users/harishvishwakarma/Library/Developer/Xcode/DerivedData/Revolt-dharrjsambcimaaziudpvzjdcigm/SourcePackages/checkouts/swift-collections/Sources/InternalCollectionsUtilities/_UniqueCollection.swift (in target 'InternalCollectionsUtilities' from project 'swift-collections')

SwiftCompile normal arm64 /Users/harishvishwakarma/Library/Developer/Xcode/DerivedData/Revolt-dharrjsambcimaaziudpvzjdcigm/SourcePackages/checkouts/swift-collections/Sources/InternalCollectionsUtilities/_SortedCollection.swift (in target 'InternalCollectionsUtilities' from project 'swift-collections')
    cd /Users/harishvishwakarma/Handy/Archem/pepchat-ios/Revolt.xcodeproj
    

SwiftCompile normal arm64 /Users/harishvishwakarma/Library/Developer/Xcode/DerivedData/Revolt-dharrjsambcimaaziudpvzjdcigm/SourcePackages/checkouts/swift-collections/Sources/InternalCollectionsUtilities/_UniqueCollection.swift (in target 'InternalCollectionsUtilities' from project 'swift-collections')
    cd /Users/harishvishwakarma/Handy/Archem/pepchat-ios/Revolt.xcodeproj
    

SwiftDriverJobDiscovery normal arm64 Compiling FailureObserver.swift, LockIsolated.swift (in target 'IssueReporting' from project 'xctest-dynamic-overlay')

SwiftCompile normal arm64 Compiling\ Debugging.swift /Users/harishvishwakarma/Library/Developer/Xcode/DerivedData/Revolt-dharrjsambcimaaziudpvzjdcigm/SourcePackages/checkouts/swift-collections/Sources/InternalCollectionsUtilities/autogenerated/Debugging.swift (in target 'InternalCollectionsUtilities' from project 'swift-collections')

SwiftCompile normal arm64 /Users/harishvishwakarma/Library/Developer/Xcode/DerivedData/Revolt-dharrjsambcimaaziudpvzjdcigm/SourcePackages/checkouts/swift-collections/Sources/InternalCollectionsUtilities/autogenerated/Debugging.swift (in target 'InternalCollectionsUtilities' from project 'swift-collections')
    cd /Users/harishvishwakarma/Handy/Archem/pepchat-ios/Revolt.xcodeproj
    

SwiftDriverJobDiscovery normal arm64 Compiling Keychain.swift (in target 'KeychainAccess' from project 'KeychainAccess')

SwiftDriver\ Compilation KeychainAccess normal arm64 com.apple.xcode.tools.swift.compiler (in target 'KeychainAccess' from project 'KeychainAccess')
    cd /Users/harishvishwakarma/Handy/Archem/pepchat-ios/Revolt.xcodeproj
    builtin-Swift-Compilation -- /Applications/Xcode.app/Contents/Developer/Toolchains/XcodeDefault.xctoolchain/usr/bin/swiftc -module-name KeychainAccess -Onone -enforce-exclusivity\=checked @/Users/harishvishwakarma/Library/Developer/Xcode/DerivedData/Revolt-dharrjsambcimaaziudpvzjdcigm/Build/Intermediates.noindex/KeychainAccess.build/Debug-iphoneos/KeychainAccess.build/Objects-normal/arm64/KeychainAccess.SwiftFileList -DSWIFT_PACKAGE -DDEBUG -DXcode -plugin-path /Applications/Xcode.app/Contents/Developer/Toolchains/XcodeDefault.xctoolchain/usr/lib/swift/host/plugins/testing -enable-experimental-feature DebugDescriptionMacro -sdk /Applications/Xcode.app/Contents/Developer/Platforms/iPhoneOS.platform/Developer/SDKs/iPhoneOS18.5.sdk -target arm64-apple-ios12.0 -g -module-cache-path /Users/harishvishwakarma/Library/Developer/Xcode/DerivedData/ModuleCache.noindex -Xfrontend -serialize-debugging-options -enable-testing -suppress-warnings -index-store-path /Users/harishvishwakarma/Library/Developer/Xcode/DerivedData/Revolt-dharrjsambcimaaziudpvzjdcigm/Index.noindex/DataStore -swift-version 5 -I /Users/harishvishwakarma/Library/Developer/Xcode/DerivedData/Revolt-dharrjsambcimaaziudpvzjdcigm/Build/Products/Debug-iphoneos -I /Applications/Xcode.app/Contents/Developer/Platforms/iPhoneOS.platform/Developer/usr/lib -F /Users/harishvishwakarma/Library/Developer/Xcode/DerivedData/Revolt-dharrjsambcimaaziudpvzjdcigm/Build/Products/Debug-iphoneos -F /Applications/Xcode.app/Contents/Developer/Platforms/iPhoneOS.platform/Developer/Library/Frameworks -F /Applications/Xcode.app/Contents/Developer/Platforms/iPhoneOS.platform/Developer/SDKs/iPhoneOS18.5.sdk/Developer/Library/Frameworks -parse-as-library -c -j12 -enable-batch-mode -incremental -Xcc -ivfsstatcache -Xcc /Users/harishvishwakarma/Library/Developer/Xcode/DerivedData/SDKStatCaches.noindex/iphoneos18.5-22F76-7fa4eea80a99bbfdc046826b63ec4baf.sdkstatcache -output-file-map /Users/harishvishwakarma/Library/Developer/Xcode/DerivedData/Revolt-dharrjsambcimaaziudpvzjdcigm/Build/Intermediates.noindex/KeychainAccess.build/Debug-iphoneos/KeychainAccess.build/Objects-normal/arm64/KeychainAccess-OutputFileMap.json -use-frontend-parseable-output -save-temps -no-color-diagnostics -serialize-diagnostics -emit-dependencies -emit-module -emit-module-path /Users/harishvishwakarma/Library/Developer/Xcode/DerivedData/Revolt-dharrjsambcimaaziudpvzjdcigm/Build/Intermediates.noindex/KeychainAccess.build/Debug-iphoneos/KeychainAccess.build/Objects-normal/arm64/KeychainAccess.swiftmodule -validate-clang-modules-once -clang-build-session-file /Users/harishvishwakarma/Library/Developer/Xcode/DerivedData/ModuleCache.noindex/Session.modulevalidation -Xcc -I/Users/harishvishwakarma/Library/Developer/Xcode/DerivedData/Revolt-dharrjsambcimaaziudpvzjdcigm/Build/Intermediates.noindex/KeychainAccess.build/Debug-iphoneos/KeychainAccess.build/swift-overrides.hmap -emit-const-values -Xfrontend -const-gather-protocols-file -Xfrontend /Users/harishvishwakarma/Library/Developer/Xcode/DerivedData/Revolt-dharrjsambcimaaziudpvzjdcigm/Build/Intermediates.noindex/KeychainAccess.build/Debug-iphoneos/KeychainAccess.build/Objects-normal/arm64/KeychainAccess_const_extract_protocols.json -Xcc -I/Users/harishvishwakarma/Library/Developer/Xcode/DerivedData/Revolt-dharrjsambcimaaziudpvzjdcigm/Build/Products/Debug-iphoneos/include -Xcc -I/Users/harishvishwakarma/Library/Developer/Xcode/DerivedData/Revolt-dharrjsambcimaaziudpvzjdcigm/Build/Intermediates.noindex/KeychainAccess.build/Debug-iphoneos/KeychainAccess.build/DerivedSources-normal/arm64 -Xcc -I/Users/harishvishwakarma/Library/Developer/Xcode/DerivedData/Revolt-dharrjsambcimaaziudpvzjdcigm/Build/Intermediates.noindex/KeychainAccess.build/Debug-iphoneos/KeychainAccess.build/DerivedSources/arm64 -Xcc -I/Users/harishvishwakarma/Library/Developer/Xcode/DerivedData/Revolt-dharrjsambcimaaziudpvzjdcigm/Build/Intermediates.noindex/KeychainAccess.build/Debug-iphoneos/KeychainAccess.build/DerivedSources -Xcc -DSWIFT_PACKAGE -Xcc -DDEBUG\=1 -emit-objc-header -emit-objc-header-path /Users/harishvishwakarma/Library/Developer/Xcode/DerivedData/Revolt-dharrjsambcimaaziudpvzjdcigm/Build/Intermediates.noindex/KeychainAccess.build/Debug-iphoneos/KeychainAccess.build/Objects-normal/arm64/KeychainAccess-Swift.h -working-directory /Users/harishvishwakarma/Handy/Archem/pepchat-ios/Revolt.xcodeproj -experimental-emit-module-separately -disable-cmo

SwiftDriverJobDiscovery normal arm64 Compiling XCTest.swift, IsTesting.swift (in target 'IssueReporting' from project 'xctest-dynamic-overlay')

SwiftCompile normal arm64 Compiling\ UnsafeBufferPointer+Extras.swift /Users/harishvishwakarma/Library/Developer/Xcode/DerivedData/Revolt-dharrjsambcimaaziudpvzjdcigm/SourcePackages/checkouts/swift-collections/Sources/InternalCollectionsUtilities/autogenerated/UnsafeBufferPointer+Extras.swift (in target 'InternalCollectionsUtilities' from project 'swift-collections')
SwiftCompile normal arm64 /Users/harishvishwakarma/Library/Developer/Xcode/DerivedData/Revolt-dharrjsambcimaaziudpvzjdcigm/SourcePackages/checkouts/swift-collections/Sources/InternalCollectionsUtilities/autogenerated/UnsafeBufferPointer+Extras.swift (in target 'InternalCollectionsUtilities' from project 'swift-collections')
    cd /Users/harishvishwakarma/Handy/Archem/pepchat-ios/Revolt.xcodeproj
    

SwiftCompile normal arm64 Compiling\ Descriptions.swift /Users/harishvishwakarma/Library/Developer/Xcode/DerivedData/Revolt-dharrjsambcimaaziudpvzjdcigm/SourcePackages/checkouts/swift-collections/Sources/InternalCollectionsUtilities/autogenerated/Descriptions.swift (in target 'InternalCollectionsUtilities' from project 'swift-collections')
SwiftCompile normal arm64 /Users/harishvishwakarma/Library/Developer/Xcode/DerivedData/Revolt-dharrjsambcimaaziudpvzjdcigm/SourcePackages/checkouts/swift-collections/Sources/InternalCollectionsUtilities/autogenerated/Descriptions.swift (in target 'InternalCollectionsUtilities' from project 'swift-collections')
    cd /Users/harishvishwakarma/Handy/Archem/pepchat-ios/Revolt.xcodeproj
    

SwiftDriverJobDiscovery normal arm64 Compiling Integer rank.swift, UInt+first and last set bit.swift (in target 'InternalCollectionsUtilities' from project 'swift-collections')

SwiftCompile normal arm64 Compiling\ _UnsafeBitSet+_Word.swift,\ _UnsafeBitSet.swift /Users/harishvishwakarma/Library/Developer/Xcode/DerivedData/Revolt-dharrjsambcimaaziudpvzjdcigm/SourcePackages/checkouts/swift-collections/Sources/InternalCollectionsUtilities/UnsafeBitSet/autogenerated/_UnsafeBitSet+_Word.swift /Users/harishvishwakarma/Library/Developer/Xcode/DerivedData/Revolt-dharrjsambcimaaziudpvzjdcigm/SourcePackages/checkouts/swift-collections/Sources/InternalCollectionsUtilities/UnsafeBitSet/autogenerated/_UnsafeBitSet.swift (in target 'InternalCollectionsUtilities' from project 'swift-collections')
SwiftCompile normal arm64 /Users/harishvishwakarma/Library/Developer/Xcode/DerivedData/Revolt-dharrjsambcimaaziudpvzjdcigm/SourcePackages/checkouts/swift-collections/Sources/InternalCollectionsUtilities/UnsafeBitSet/autogenerated/_UnsafeBitSet+_Word.swift (in target 'InternalCollectionsUtilities' from project 'swift-collections')
    cd /Users/harishvishwakarma/Handy/Archem/pepchat-ios/Revolt.xcodeproj
    

SwiftCompile normal arm64 /Users/harishvishwakarma/Library/Developer/Xcode/DerivedData/Revolt-dharrjsambcimaaziudpvzjdcigm/SourcePackages/checkouts/swift-collections/Sources/InternalCollectionsUtilities/UnsafeBitSet/autogenerated/_UnsafeBitSet.swift (in target 'InternalCollectionsUtilities' from project 'swift-collections')
    cd /Users/harishvishwakarma/Handy/Archem/pepchat-ios/Revolt.xcodeproj
    

SwiftDriverJobDiscovery normal arm64 Compiling IssueReporter.swift, BreakpointReporter.swift (in target 'IssueReporting' from project 'xctest-dynamic-overlay')

SwiftCompile normal arm64 Compiling\ RandomAccessCollection+Offsets.swift /Users/harishvishwakarma/Library/Developer/Xcode/DerivedData/Revolt-dharrjsambcimaaziudpvzjdcigm/SourcePackages/checkouts/swift-collections/Sources/InternalCollectionsUtilities/autogenerated/RandomAccessCollection+Offsets.swift (in target 'InternalCollectionsUtilities' from project 'swift-collections')

SwiftCompile normal arm64 /Users/harishvishwakarma/Library/Developer/Xcode/DerivedData/Revolt-dharrjsambcimaaziudpvzjdcigm/SourcePackages/checkouts/swift-collections/Sources/InternalCollectionsUtilities/autogenerated/RandomAccessCollection+Offsets.swift (in target 'InternalCollectionsUtilities' from project 'swift-collections')
    cd /Users/harishvishwakarma/Handy/Archem/pepchat-ios/Revolt.xcodeproj
    

SwiftDriverJobDiscovery normal arm64 Compiling UnsafeMutableBufferPointer+Extras.swift (in target 'InternalCollectionsUtilities' from project 'swift-collections')

SwiftCompile normal arm64 Compiling\ Highlightr.swift /Users/harishvishwakarma/Library/Developer/Xcode/DerivedData/Revolt-dharrjsambcimaaziudpvzjdcigm/SourcePackages/checkouts/Highlightr/Pod/Classes/Highlightr.swift (in target 'Highlightr' from project 'Highlightr')
SwiftCompile normal arm64 /Users/harishvishwakarma/Library/Developer/Xcode/DerivedData/Revolt-dharrjsambcimaaziudpvzjdcigm/SourcePackages/checkouts/Highlightr/Pod/Classes/Highlightr.swift (in target 'Highlightr' from project 'Highlightr')
    cd /Users/harishvishwakarma/Handy/Archem/pepchat-ios/Revolt.xcodeproj
    

SwiftDriverJobDiscovery normal arm64 Compiling ReportIssue.swift (in target 'IssueReporting' from project 'xctest-dynamic-overlay')

SwiftCompile normal arm64 Compiling\ resource_bundle_accessor.swift /Users/harishvishwakarma/Library/Developer/Xcode/DerivedData/Revolt-dharrjsambcimaaziudpvzjdcigm/Build/Intermediates.noindex/Highlightr.build/Debug-iphoneos/Highlightr.build/DerivedSources/resource_bundle_accessor.swift (in target 'Highlightr' from project 'Highlightr')

SwiftCompile normal arm64 /Users/harishvishwakarma/Library/Developer/Xcode/DerivedData/Revolt-dharrjsambcimaaziudpvzjdcigm/Build/Intermediates.noindex/Highlightr.build/Debug-iphoneos/Highlightr.build/DerivedSources/resource_bundle_accessor.swift (in target 'Highlightr' from project 'Highlightr')
    cd /Users/harishvishwakarma/Handy/Archem/pepchat-ios/Revolt.xcodeproj
    

SwiftDriverJobDiscovery normal arm64 Compiling Specialize.swift (in target 'InternalCollectionsUtilities' from project 'swift-collections')

SwiftCompile normal arm64 Compiling\ Shims.swift /Users/harishvishwakarma/Library/Developer/Xcode/DerivedData/Revolt-dharrjsambcimaaziudpvzjdcigm/SourcePackages/checkouts/Highlightr/Pod/Classes/Shims.swift (in target 'Highlightr' from project 'Highlightr')

SwiftCompile normal arm64 /Users/harishvishwakarma/Library/Developer/Xcode/DerivedData/Revolt-dharrjsambcimaaziudpvzjdcigm/SourcePackages/checkouts/Highlightr/Pod/Classes/Shims.swift (in target 'Highlightr' from project 'Highlightr')
    cd /Users/harishvishwakarma/Handy/Archem/pepchat-ios/Revolt.xcodeproj
    

SwiftDriverJobDiscovery normal arm64 Compiling _SortedCollection.swift, _UniqueCollection.swift (in target 'InternalCollectionsUtilities' from project 'swift-collections')

SwiftCompile normal arm64 Compiling\ Theme.swift /Users/harishvishwakarma/Library/Developer/Xcode/DerivedData/Revolt-dharrjsambcimaaziudpvzjdcigm/SourcePackages/checkouts/Highlightr/Pod/Classes/Theme.swift (in target 'Highlightr' from project 'Highlightr')
SwiftCompile normal arm64 /Users/harishvishwakarma/Library/Developer/Xcode/DerivedData/Revolt-dharrjsambcimaaziudpvzjdcigm/SourcePackages/checkouts/Highlightr/Pod/Classes/Theme.swift (in target 'Highlightr' from project 'Highlightr')
    cd /Users/harishvishwakarma/Handy/Archem/pepchat-ios/Revolt.xcodeproj
    

SwiftDriverJobDiscovery normal arm64 Compiling UInt+reversed.swift, _UnsafeBitSet+Index.swift (in target 'InternalCollectionsUtilities' from project 'swift-collections')

SwiftCompile normal arm64 Compiling\ CodeAttributedString.swift /Users/harishvishwakarma/Library/Developer/Xcode/DerivedData/Revolt-dharrjsambcimaaziudpvzjdcigm/SourcePackages/checkouts/Highlightr/Pod/Classes/CodeAttributedString.swift (in target 'Highlightr' from project 'Highlightr')
SwiftCompile normal arm64 /Users/harishvishwakarma/Library/Developer/Xcode/DerivedData/Revolt-dharrjsambcimaaziudpvzjdcigm/SourcePackages/checkouts/Highlightr/Pod/Classes/CodeAttributedString.swift (in target 'Highlightr' from project 'Highlightr')
    cd /Users/harishvishwakarma/Handy/Archem/pepchat-ios/Revolt.xcodeproj
    

SwiftDriverJobDiscovery normal arm64 Compiling UnsafeMutableBufferPointer+SE-0370.swift, UnsafeMutablePointer+SE-0370.swift (in target 'InternalCollectionsUtilities' from project 'swift-collections')

SwiftCompile normal arm64 Compiling\ HTMLUtils.swift /Users/harishvishwakarma/Library/Developer/Xcode/DerivedData/Revolt-dharrjsambcimaaziudpvzjdcigm/SourcePackages/checkouts/Highlightr/Pod/Classes/HTMLUtils.swift (in target 'Highlightr' from project 'Highlightr')

SwiftCompile normal arm64 /Users/harishvishwakarma/Library/Developer/Xcode/DerivedData/Revolt-dharrjsambcimaaziudpvzjdcigm/SourcePackages/checkouts/Highlightr/Pod/Classes/HTMLUtils.swift (in target 'Highlightr' from project 'Highlightr')
    cd /Users/harishvishwakarma/Handy/Archem/pepchat-ios/Revolt.xcodeproj
    

SwiftDriverJobDiscovery normal arm64 Compiling UnsafeRawPointer extensions.swift, FixedWidthInteger+roundUpToPowerOfTwo.swift (in target 'InternalCollectionsUtilities' from project 'swift-collections')

SwiftCompile normal arm64 Compiling\ resource_bundle_accessor.swift,\ DispatchQueue+Throttle.swift /Users/harishvishwakarma/Library/Developer/Xcode/DerivedData/Revolt-dharrjsambcimaaziudpvzjdcigm/Build/Intermediates.noindex/HCaptcha.build/Debug-iphoneos/HCaptcha.build/DerivedSources/resource_bundle_accessor.swift /Users/harishvishwakarma/Library/Developer/Xcode/DerivedData/Revolt-dharrjsambcimaaziudpvzjdcigm/SourcePackages/checkouts/HCaptcha-ios-sdk/HCaptcha/Classes/DispatchQueue+Throttle.swift (in target 'HCaptcha' from project 'HCaptcha')

SwiftCompile normal arm64 /Users/harishvishwakarma/Library/Developer/Xcode/DerivedData/Revolt-dharrjsambcimaaziudpvzjdcigm/Build/Intermediates.noindex/HCaptcha.build/Debug-iphoneos/HCaptcha.build/DerivedSources/resource_bundle_accessor.swift (in target 'HCaptcha' from project 'HCaptcha')
    cd /Users/harishvishwakarma/Handy/Archem/pepchat-ios/Revolt.xcodeproj
    

SwiftCompile normal arm64 /Users/harishvishwakarma/Library/Developer/Xcode/DerivedData/Revolt-dharrjsambcimaaziudpvzjdcigm/SourcePackages/checkouts/HCaptcha-ios-sdk/HCaptcha/Classes/DispatchQueue+Throttle.swift (in target 'HCaptcha' from project 'HCaptcha')
    cd /Users/harishvishwakarma/Handy/Archem/pepchat-ios/Revolt.xcodeproj
    

SwiftDriverJobDiscovery normal arm64 Compiling Debugging.swift (in target 'InternalCollectionsUtilities' from project 'swift-collections')

SwiftCompile normal arm64 Compiling\ HCaptchaHtml.swift /Users/harishvishwakarma/Library/Developer/Xcode/DerivedData/Revolt-dharrjsambcimaaziudpvzjdcigm/SourcePackages/checkouts/HCaptcha-ios-sdk/HCaptcha/Classes/HCaptchaHtml.swift (in target 'HCaptcha' from project 'HCaptcha')

SwiftCompile normal arm64 /Users/harishvishwakarma/Library/Developer/Xcode/DerivedData/Revolt-dharrjsambcimaaziudpvzjdcigm/SourcePackages/checkouts/HCaptcha-ios-sdk/HCaptcha/Classes/HCaptchaHtml.swift (in target 'HCaptcha' from project 'HCaptcha')
    cd /Users/harishvishwakarma/Handy/Archem/pepchat-ios/Revolt.xcodeproj
    

SwiftDriverJobDiscovery normal arm64 Compiling Rethrows.swift, SwiftTesting.swift (in target 'IssueReporting' from project 'xctest-dynamic-overlay')

SwiftDriver\ Compilation IssueReporting normal arm64 com.apple.xcode.tools.swift.compiler (in target 'IssueReporting' from project 'xctest-dynamic-overlay')
    cd /Users/harishvishwakarma/Handy/Archem/pepchat-ios/Revolt.xcodeproj
    builtin-Swift-Compilation -- /Applications/Xcode.app/Contents/Developer/Toolchains/XcodeDefault.xctoolchain/usr/bin/swiftc -module-name IssueReporting -Onone -enforce-exclusivity\=checked @/Users/harishvishwakarma/Library/Developer/Xcode/DerivedData/Revolt-dharrjsambcimaaziudpvzjdcigm/Build/Intermediates.noindex/xctest-dynamic-overlay.build/Debug-iphoneos/IssueReporting.build/Objects-normal/arm64/IssueReporting.SwiftFileList -DSWIFT_PACKAGE -DDEBUG -DXcode -plugin-path /Applications/Xcode.app/Contents/Developer/Toolchains/XcodeDefault.xctoolchain/usr/lib/swift/host/plugins/testing -enable-experimental-feature DebugDescriptionMacro -sdk /Applications/Xcode.app/Contents/Developer/Platforms/iPhoneOS.platform/Developer/SDKs/iPhoneOS18.5.sdk -target arm64-apple-ios13.0 -g -module-cache-path /Users/harishvishwakarma/Library/Developer/Xcode/DerivedData/ModuleCache.noindex -Xfrontend -serialize-debugging-options -enable-testing -suppress-warnings -index-store-path /Users/harishvishwakarma/Library/Developer/Xcode/DerivedData/Revolt-dharrjsambcimaaziudpvzjdcigm/Index.noindex/DataStore -swift-version 6 -I /Users/harishvishwakarma/Library/Developer/Xcode/DerivedData/Revolt-dharrjsambcimaaziudpvzjdcigm/Build/Products/Debug-iphoneos -I /Applications/Xcode.app/Contents/Developer/Platforms/iPhoneOS.platform/Developer/usr/lib -F /Users/harishvishwakarma/Library/Developer/Xcode/DerivedData/Revolt-dharrjsambcimaaziudpvzjdcigm/Build/Products/Debug-iphoneos -F /Applications/Xcode.app/Contents/Developer/Platforms/iPhoneOS.platform/Developer/Library/Frameworks -F /Applications/Xcode.app/Contents/Developer/Platforms/iPhoneOS.platform/Developer/SDKs/iPhoneOS18.5.sdk/Developer/Library/Frameworks -c -j12 -enable-batch-mode -incremental -Xcc -ivfsstatcache -Xcc /Users/harishvishwakarma/Library/Developer/Xcode/DerivedData/SDKStatCaches.noindex/iphoneos18.5-22F76-7fa4eea80a99bbfdc046826b63ec4baf.sdkstatcache -output-file-map /Users/harishvishwakarma/Library/Developer/Xcode/DerivedData/Revolt-dharrjsambcimaaziudpvzjdcigm/Build/Intermediates.noindex/xctest-dynamic-overlay.build/Debug-iphoneos/IssueReporting.build/Objects-normal/arm64/IssueReporting-OutputFileMap.json -use-frontend-parseable-output -save-temps -no-color-diagnostics -serialize-diagnostics -emit-dependencies -emit-module -emit-module-path /Users/harishvishwakarma/Library/Developer/Xcode/DerivedData/Revolt-dharrjsambcimaaziudpvzjdcigm/Build/Intermediates.noindex/xctest-dynamic-overlay.build/Debug-iphoneos/IssueReporting.build/Objects-normal/arm64/IssueReporting.swiftmodule -user-module-version 1.4.1 -validate-clang-modules-once -clang-build-session-file /Users/harishvishwakarma/Library/Developer/Xcode/DerivedData/ModuleCache.noindex/Session.modulevalidation -package-name xctest_dynamic_overlay -Xcc -I/Users/harishvishwakarma/Library/Developer/Xcode/DerivedData/Revolt-dharrjsambcimaaziudpvzjdcigm/Build/Intermediates.noindex/xctest-dynamic-overlay.build/Debug-iphoneos/IssueReporting.build/swift-overrides.hmap -emit-const-values -Xfrontend -const-gather-protocols-file -Xfrontend /Users/harishvishwakarma/Library/Developer/Xcode/DerivedData/Revolt-dharrjsambcimaaziudpvzjdcigm/Build/Intermediates.noindex/xctest-dynamic-overlay.build/Debug-iphoneos/IssueReporting.build/Objects-normal/arm64/IssueReporting_const_extract_protocols.json -Xcc -I/Users/harishvishwakarma/Library/Developer/Xcode/DerivedData/Revolt-dharrjsambcimaaziudpvzjdcigm/Build/Products/Debug-iphoneos/include -Xcc -I/Users/harishvishwakarma/Library/Developer/Xcode/DerivedData/Revolt-dharrjsambcimaaziudpvzjdcigm/Build/Intermediates.noindex/xctest-dynamic-overlay.build/Debug-iphoneos/IssueReporting.build/DerivedSources-normal/arm64 -Xcc -I/Users/harishvishwakarma/Library/Developer/Xcode/DerivedData/Revolt-dharrjsambcimaaziudpvzjdcigm/Build/Intermediates.noindex/xctest-dynamic-overlay.build/Debug-iphoneos/IssueReporting.build/DerivedSources/arm64 -Xcc -I/Users/harishvishwakarma/Library/Developer/Xcode/DerivedData/Revolt-dharrjsambcimaaziudpvzjdcigm/Build/Intermediates.noindex/xctest-dynamic-overlay.build/Debug-iphoneos/IssueReporting.build/DerivedSources -Xcc -DSWIFT_PACKAGE -Xcc -DDEBUG\=1 -emit-objc-header -emit-objc-header-path /Users/harishvishwakarma/Library/Developer/Xcode/DerivedData/Revolt-dharrjsambcimaaziudpvzjdcigm/Build/Intermediates.noindex/xctest-dynamic-overlay.build/Debug-iphoneos/IssueReporting.build/Objects-normal/arm64/IssueReporting-Swift.h -working-directory /Users/harishvishwakarma/Handy/Archem/pepchat-ios/Revolt.xcodeproj -experimental-emit-module-separately -disable-cmo

SwiftDriverJobDiscovery normal arm64 Compiling Shims.swift (in target 'Highlightr' from project 'Highlightr')

SwiftCompile normal arm64 Compiling\ HCaptchaLog.swift /Users/harishvishwakarma/Library/Developer/Xcode/DerivedData/Revolt-dharrjsambcimaaziudpvzjdcigm/SourcePackages/checkouts/HCaptcha-ios-sdk/HCaptcha/Classes/HCaptchaLog.swift (in target 'HCaptcha' from project 'HCaptcha')
SwiftCompile normal arm64 /Users/harishvishwakarma/Library/Developer/Xcode/DerivedData/Revolt-dharrjsambcimaaziudpvzjdcigm/SourcePackages/checkouts/HCaptcha-ios-sdk/HCaptcha/Classes/HCaptchaLog.swift (in target 'HCaptcha' from project 'HCaptcha')
    cd /Users/harishvishwakarma/Handy/Archem/pepchat-ios/Revolt.xcodeproj
    

SwiftCompile normal arm64 Compiling\ HCaptchaURLOpener.swift /Users/harishvishwakarma/Library/Developer/Xcode/DerivedData/Revolt-dharrjsambcimaaziudpvzjdcigm/SourcePackages/checkouts/HCaptcha-ios-sdk/HCaptcha/Classes/HCaptchaURLOpener.swift (in target 'HCaptcha' from project 'HCaptcha')

SwiftCompile normal arm64 /Users/harishvishwakarma/Library/Developer/Xcode/DerivedData/Revolt-dharrjsambcimaaziudpvzjdcigm/SourcePackages/checkouts/HCaptcha-ios-sdk/HCaptcha/Classes/HCaptchaURLOpener.swift (in target 'HCaptcha' from project 'HCaptcha')
    cd /Users/harishvishwakarma/Handy/Archem/pepchat-ios/Revolt.xcodeproj
    

SwiftDriverJobDiscovery normal arm64 Compiling RandomAccessCollection+Offsets.swift (in target 'InternalCollectionsUtilities' from project 'swift-collections')

SwiftCompile normal arm64 Compiling\ HCaptchaWebViewManager.swift /Users/harishvishwakarma/Library/Developer/Xcode/DerivedData/Revolt-dharrjsambcimaaziudpvzjdcigm/SourcePackages/checkouts/HCaptcha-ios-sdk/HCaptcha/Classes/HCaptchaWebViewManager.swift (in target 'HCaptcha' from project 'HCaptcha')
SwiftCompile normal arm64 /Users/harishvishwakarma/Library/Developer/Xcode/DerivedData/Revolt-dharrjsambcimaaziudpvzjdcigm/SourcePackages/checkouts/HCaptcha-ios-sdk/HCaptcha/Classes/HCaptchaWebViewManager.swift (in target 'HCaptcha' from project 'HCaptcha')
    cd /Users/harishvishwakarma/Handy/Archem/pepchat-ios/Revolt.xcodeproj
    

SwiftDriverJobDiscovery normal arm64 Compiling UnsafeBufferPointer+Extras.swift (in target 'InternalCollectionsUtilities' from project 'swift-collections')

SwiftCompile normal arm64 Compiling\ HCaptchaWebViewManager+WKNavigationDelegate.swift /Users/harishvishwakarma/Library/Developer/Xcode/DerivedData/Revolt-dharrjsambcimaaziudpvzjdcigm/SourcePackages/checkouts/HCaptcha-ios-sdk/HCaptcha/Classes/HCaptchaWebViewManager+WKNavigationDelegate.swift (in target 'HCaptcha' from project 'HCaptcha')

SwiftCompile normal arm64 /Users/harishvishwakarma/Library/Developer/Xcode/DerivedData/Revolt-dharrjsambcimaaziudpvzjdcigm/SourcePackages/checkouts/HCaptcha-ios-sdk/HCaptcha/Classes/HCaptchaWebViewManager+WKNavigationDelegate.swift (in target 'HCaptcha' from project 'HCaptcha')
    cd /Users/harishvishwakarma/Handy/Archem/pepchat-ios/Revolt.xcodeproj
    

SwiftDriverJobDiscovery normal arm64 Compiling Descriptions.swift (in target 'InternalCollectionsUtilities' from project 'swift-collections')

SwiftCompile normal arm64 Compiling\ HCaptchaDebugInfo.swift,\ HCaptchaDecoder.swift /Users/harishvishwakarma/Library/Developer/Xcode/DerivedData/Revolt-dharrjsambcimaaziudpvzjdcigm/SourcePackages/checkouts/HCaptcha-ios-sdk/HCaptcha/Classes/HCaptchaDebugInfo.swift /Users/harishvishwakarma/Library/Developer/Xcode/DerivedData/Revolt-dharrjsambcimaaziudpvzjdcigm/SourcePackages/checkouts/HCaptcha-ios-sdk/HCaptcha/Classes/HCaptchaDecoder.swift (in target 'HCaptcha' from project 'HCaptcha')
SwiftCompile normal arm64 /Users/harishvishwakarma/Library/Developer/Xcode/DerivedData/Revolt-dharrjsambcimaaziudpvzjdcigm/SourcePackages/checkouts/HCaptcha-ios-sdk/HCaptcha/Classes/HCaptchaDebugInfo.swift (in target 'HCaptcha' from project 'HCaptcha')
    cd /Users/harishvishwakarma/Handy/Archem/pepchat-ios/Revolt.xcodeproj
    

SwiftCompile normal arm64 /Users/harishvishwakarma/Library/Developer/Xcode/DerivedData/Revolt-dharrjsambcimaaziudpvzjdcigm/SourcePackages/checkouts/HCaptcha-ios-sdk/HCaptcha/Classes/HCaptchaDecoder.swift (in target 'HCaptcha' from project 'HCaptcha')
    cd /Users/harishvishwakarma/Handy/Archem/pepchat-ios/Revolt.xcodeproj
    

SwiftDriverJobDiscovery normal arm64 Compiling resource_bundle_accessor.swift (in target 'Highlightr' from project 'Highlightr')

SwiftCompile normal arm64 Compiling\ HCaptchaResult.swift /Users/harishvishwakarma/Library/Developer/Xcode/DerivedData/Revolt-dharrjsambcimaaziudpvzjdcigm/SourcePackages/checkouts/HCaptcha-ios-sdk/HCaptcha/Classes/HCaptchaResult.swift (in target 'HCaptcha' from project 'HCaptcha')

SwiftCompile normal arm64 /Users/harishvishwakarma/Library/Developer/Xcode/DerivedData/Revolt-dharrjsambcimaaziudpvzjdcigm/SourcePackages/checkouts/HCaptcha-ios-sdk/HCaptcha/Classes/HCaptchaResult.swift (in target 'HCaptcha' from project 'HCaptcha')
    cd /Users/harishvishwakarma/Handy/Archem/pepchat-ios/Revolt.xcodeproj
    

SwiftDriverJobDiscovery normal arm64 Compiling HCaptchaHtml.swift (in target 'HCaptcha' from project 'HCaptcha')

SwiftCompile normal arm64 Compiling\ HCaptchaEvent.swift /Users/harishvishwakarma/Library/Developer/Xcode/DerivedData/Revolt-dharrjsambcimaaziudpvzjdcigm/SourcePackages/checkouts/HCaptcha-ios-sdk/HCaptcha/Classes/HCaptchaEvent.swift (in target 'HCaptcha' from project 'HCaptcha')

SwiftCompile normal arm64 /Users/harishvishwakarma/Library/Developer/Xcode/DerivedData/Revolt-dharrjsambcimaaziudpvzjdcigm/SourcePackages/checkouts/HCaptcha-ios-sdk/HCaptcha/Classes/HCaptchaEvent.swift (in target 'HCaptcha' from project 'HCaptcha')
    cd /Users/harishvishwakarma/Handy/Archem/pepchat-ios/Revolt.xcodeproj
    

SwiftDriverJobDiscovery normal arm64 Compiling _UnsafeBitSet+_Word.swift, _UnsafeBitSet.swift (in target 'InternalCollectionsUtilities' from project 'swift-collections')

SwiftDriver\ Compilation InternalCollectionsUtilities normal arm64 com.apple.xcode.tools.swift.compiler (in target 'InternalCollectionsUtilities' from project 'swift-collections')
    cd /Users/harishvishwakarma/Handy/Archem/pepchat-ios/Revolt.xcodeproj
    builtin-Swift-Compilation -- /Applications/Xcode.app/Contents/Developer/Toolchains/XcodeDefault.xctoolchain/usr/bin/swiftc -module-name InternalCollectionsUtilities -Onone -enforce-exclusivity\=checked @/Users/harishvishwakarma/Library/Developer/Xcode/DerivedData/Revolt-dharrjsambcimaaziudpvzjdcigm/Build/Intermediates.noindex/swift-collections.build/Debug-iphoneos/InternalCollectionsUtilities.build/Objects-normal/arm64/InternalCollectionsUtilities.SwiftFileList -DSWIFT_PACKAGE -DDEBUG -DCOLLECTIONS_RANDOMIZED_TESTING -DXcode -plugin-path /Applications/Xcode.app/Contents/Developer/Toolchains/XcodeDefault.xctoolchain/usr/lib/swift/host/plugins/testing -enable-experimental-feature DebugDescriptionMacro -sdk /Applications/Xcode.app/Contents/Developer/Platforms/iPhoneOS.platform/Developer/SDKs/iPhoneOS18.5.sdk -target arm64-apple-ios12.0 -g -module-cache-path /Users/harishvishwakarma/Library/Developer/Xcode/DerivedData/ModuleCache.noindex -Xfrontend -serialize-debugging-options -enable-testing -suppress-warnings -index-store-path /Users/harishvishwakarma/Library/Developer/Xcode/DerivedData/Revolt-dharrjsambcimaaziudpvzjdcigm/Index.noindex/DataStore -swift-version 5 -I /Users/harishvishwakarma/Library/Developer/Xcode/DerivedData/Revolt-dharrjsambcimaaziudpvzjdcigm/Build/Products/Debug-iphoneos -I /Applications/Xcode.app/Contents/Developer/Platforms/iPhoneOS.platform/Developer/usr/lib -F /Users/harishvishwakarma/Library/Developer/Xcode/DerivedData/Revolt-dharrjsambcimaaziudpvzjdcigm/Build/Products/Debug-iphoneos -F /Applications/Xcode.app/Contents/Developer/Platforms/iPhoneOS.platform/Developer/Library/Frameworks -F /Applications/Xcode.app/Contents/Developer/Platforms/iPhoneOS.platform/Developer/SDKs/iPhoneOS18.5.sdk/Developer/Library/Frameworks -c -j12 -enable-batch-mode -incremental -Xcc -ivfsstatcache -Xcc /Users/harishvishwakarma/Library/Developer/Xcode/DerivedData/SDKStatCaches.noindex/iphoneos18.5-22F76-7fa4eea80a99bbfdc046826b63ec4baf.sdkstatcache -output-file-map /Users/harishvishwakarma/Library/Developer/Xcode/DerivedData/Revolt-dharrjsambcimaaziudpvzjdcigm/Build/Intermediates.noindex/swift-collections.build/Debug-iphoneos/InternalCollectionsUtilities.build/Objects-normal/arm64/InternalCollectionsUtilities-OutputFileMap.json -use-frontend-parseable-output -save-temps -no-color-diagnostics -serialize-diagnostics -emit-dependencies -emit-module -emit-module-path /Users/harishvishwakarma/Library/Developer/Xcode/DerivedData/Revolt-dharrjsambcimaaziudpvzjdcigm/Build/Intermediates.noindex/swift-collections.build/Debug-iphoneos/InternalCollectionsUtilities.build/Objects-normal/arm64/InternalCollectionsUtilities.swiftmodule -validate-clang-modules-once -clang-build-session-file /Users/harishvishwakarma/Library/Developer/Xcode/DerivedData/ModuleCache.noindex/Session.modulevalidation -Xcc -I/Users/harishvishwakarma/Library/Developer/Xcode/DerivedData/Revolt-dharrjsambcimaaziudpvzjdcigm/Build/Intermediates.noindex/swift-collections.build/Debug-iphoneos/InternalCollectionsUtilities.build/swift-overrides.hmap -emit-const-values -Xfrontend -const-gather-protocols-file -Xfrontend /Users/harishvishwakarma/Library/Developer/Xcode/DerivedData/Revolt-dharrjsambcimaaziudpvzjdcigm/Build/Intermediates.noindex/swift-collections.build/Debug-iphoneos/InternalCollectionsUtilities.build/Objects-normal/arm64/InternalCollectionsUtilities_const_extract_protocols.json -Xcc -I/Users/harishvishwakarma/Library/Developer/Xcode/DerivedData/Revolt-dharrjsambcimaaziudpvzjdcigm/Build/Products/Debug-iphoneos/include -Xcc -I/Users/harishvishwakarma/Library/Developer/Xcode/DerivedData/Revolt-dharrjsambcimaaziudpvzjdcigm/Build/Intermediates.noindex/swift-collections.build/Debug-iphoneos/InternalCollectionsUtilities.build/DerivedSources-normal/arm64 -Xcc -I/Users/harishvishwakarma/Library/Developer/Xcode/DerivedData/Revolt-dharrjsambcimaaziudpvzjdcigm/Build/Intermediates.noindex/swift-collections.build/Debug-iphoneos/InternalCollectionsUtilities.build/DerivedSources/arm64 -Xcc -I/Users/harishvishwakarma/Library/Developer/Xcode/DerivedData/Revolt-dharrjsambcimaaziudpvzjdcigm/Build/Intermediates.noindex/swift-collections.build/Debug-iphoneos/InternalCollectionsUtilities.build/DerivedSources -Xcc -DSWIFT_PACKAGE -Xcc -DDEBUG\=1 -emit-objc-header -emit-objc-header-path /Users/harishvishwakarma/Library/Developer/Xcode/DerivedData/Revolt-dharrjsambcimaaziudpvzjdcigm/Build/Intermediates.noindex/swift-collections.build/Debug-iphoneos/InternalCollectionsUtilities.build/Objects-normal/arm64/InternalCollectionsUtilities-Swift.h -working-directory /Users/harishvishwakarma/Handy/Archem/pepchat-ios/Revolt.xcodeproj -experimental-emit-module-separately -disable-cmo

SwiftDriverJobDiscovery normal arm64 Compiling HTMLUtils.swift (in target 'Highlightr' from project 'Highlightr')

SwiftCompile normal arm64 Compiling\ HCaptchaError.swift /Users/harishvishwakarma/Library/Developer/Xcode/DerivedData/Revolt-dharrjsambcimaaziudpvzjdcigm/SourcePackages/checkouts/HCaptcha-ios-sdk/HCaptcha/Classes/HCaptchaError.swift (in target 'HCaptcha' from project 'HCaptcha')

SwiftCompile normal arm64 /Users/harishvishwakarma/Library/Developer/Xcode/DerivedData/Revolt-dharrjsambcimaaziudpvzjdcigm/SourcePackages/checkouts/HCaptcha-ios-sdk/HCaptcha/Classes/HCaptchaError.swift (in target 'HCaptcha' from project 'HCaptcha')
    cd /Users/harishvishwakarma/Handy/Archem/pepchat-ios/Revolt.xcodeproj
    

SwiftCompile normal arm64 Compiling\ HCaptcha.swift,\ HCaptchaConfig.swift /Users/harishvishwakarma/Library/Developer/Xcode/DerivedData/Revolt-dharrjsambcimaaziudpvzjdcigm/SourcePackages/checkouts/HCaptcha-ios-sdk/HCaptcha/Classes/HCaptcha.swift /Users/harishvishwakarma/Library/Developer/Xcode/DerivedData/Revolt-dharrjsambcimaaziudpvzjdcigm/SourcePackages/checkouts/HCaptcha-ios-sdk/HCaptcha/Classes/HCaptchaConfig.swift (in target 'HCaptcha' from project 'HCaptcha')
SwiftCompile normal arm64 /Users/harishvishwakarma/Library/Developer/Xcode/DerivedData/Revolt-dharrjsambcimaaziudpvzjdcigm/SourcePackages/checkouts/HCaptcha-ios-sdk/HCaptcha/Classes/HCaptcha.swift (in target 'HCaptcha' from project 'HCaptcha')
    cd /Users/harishvishwakarma/Handy/Archem/pepchat-ios/Revolt.xcodeproj
    

SwiftCompile normal arm64 /Users/harishvishwakarma/Library/Developer/Xcode/DerivedData/Revolt-dharrjsambcimaaziudpvzjdcigm/SourcePackages/checkouts/HCaptcha-ios-sdk/HCaptcha/Classes/HCaptchaConfig.swift (in target 'HCaptcha' from project 'HCaptcha')
    cd /Users/harishvishwakarma/Handy/Archem/pepchat-ios/Revolt.xcodeproj
    

SwiftDriverJobDiscovery normal arm64 Compiling resource_bundle_accessor.swift, DispatchQueue+Throttle.swift (in target 'HCaptcha' from project 'HCaptcha')

SwiftCompile normal arm64 Compiling\ String+Dict.swift /Users/harishvishwakarma/Library/Developer/Xcode/DerivedData/Revolt-dharrjsambcimaaziudpvzjdcigm/SourcePackages/checkouts/HCaptcha-ios-sdk/HCaptcha/Classes/String+Dict.swift (in target 'HCaptcha' from project 'HCaptcha')

SwiftCompile normal arm64 /Users/harishvishwakarma/Library/Developer/Xcode/DerivedData/Revolt-dharrjsambcimaaziudpvzjdcigm/SourcePackages/checkouts/HCaptcha-ios-sdk/HCaptcha/Classes/String+Dict.swift (in target 'HCaptcha' from project 'HCaptcha')
    cd /Users/harishvishwakarma/Handy/Archem/pepchat-ios/Revolt.xcodeproj
    

SwiftDriverJobDiscovery normal arm64 Compiling Highlightr.swift (in target 'Highlightr' from project 'Highlightr')

SwiftCompile normal arm64 Compiling\ Support.swift /Users/harishvishwakarma/Library/Developer/Xcode/DerivedData/Revolt-dharrjsambcimaaziudpvzjdcigm/SourcePackages/checkouts/SwiftUI-Flow/Sources/Flow/Support.swift (in target 'Flow' from project 'Flow')

SwiftCompile normal arm64 /Users/harishvishwakarma/Library/Developer/Xcode/DerivedData/Revolt-dharrjsambcimaaziudpvzjdcigm/SourcePackages/checkouts/SwiftUI-Flow/Sources/Flow/Support.swift (in target 'Flow' from project 'Flow')
    cd /Users/harishvishwakarma/Handy/Archem/pepchat-ios/Revolt.xcodeproj
    

SwiftDriverJobDiscovery normal arm64 Compiling Theme.swift (in target 'Highlightr' from project 'Highlightr')

SwiftCompile normal arm64 Compiling\ HFlowLayout.swift /Users/harishvishwakarma/Library/Developer/Xcode/DerivedData/Revolt-dharrjsambcimaaziudpvzjdcigm/SourcePackages/checkouts/SwiftUI-Flow/Sources/Flow/HFlowLayout.swift (in target 'Flow' from project 'Flow')

SwiftCompile normal arm64 /Users/harishvishwakarma/Library/Developer/Xcode/DerivedData/Revolt-dharrjsambcimaaziudpvzjdcigm/SourcePackages/checkouts/SwiftUI-Flow/Sources/Flow/HFlowLayout.swift (in target 'Flow' from project 'Flow')
    cd /Users/harishvishwakarma/Handy/Archem/pepchat-ios/Revolt.xcodeproj
    

SwiftDriverJobDiscovery normal arm64 Compiling HCaptchaURLOpener.swift (in target 'HCaptcha' from project 'HCaptcha')

SwiftCompile normal arm64 Compiling\ LineBreaking.swift /Users/harishvishwakarma/Library/Developer/Xcode/DerivedData/Revolt-dharrjsambcimaaziudpvzjdcigm/SourcePackages/checkouts/SwiftUI-Flow/Sources/Flow/Internal/LineBreaking.swift (in target 'Flow' from project 'Flow')

SwiftCompile normal arm64 /Users/harishvishwakarma/Library/Developer/Xcode/DerivedData/Revolt-dharrjsambcimaaziudpvzjdcigm/SourcePackages/checkouts/SwiftUI-Flow/Sources/Flow/Internal/LineBreaking.swift (in target 'Flow' from project 'Flow')
    cd /Users/harishvishwakarma/Handy/Archem/pepchat-ios/Revolt.xcodeproj
    

SwiftDriverJobDiscovery normal arm64 Compiling CodeAttributedString.swift (in target 'Highlightr' from project 'Highlightr')

SwiftDriver\ Compilation Highlightr normal arm64 com.apple.xcode.tools.swift.compiler (in target 'Highlightr' from project 'Highlightr')
    cd /Users/harishvishwakarma/Handy/Archem/pepchat-ios/Revolt.xcodeproj
    builtin-Swift-Compilation -- /Applications/Xcode.app/Contents/Developer/Toolchains/XcodeDefault.xctoolchain/usr/bin/swiftc -module-name Highlightr -Onone -enforce-exclusivity\=checked @/Users/harishvishwakarma/Library/Developer/Xcode/DerivedData/Revolt-dharrjsambcimaaziudpvzjdcigm/Build/Intermediates.noindex/Highlightr.build/Debug-iphoneos/Highlightr.build/Objects-normal/arm64/Highlightr.SwiftFileList -DSWIFT_PACKAGE -DDEBUG -DXcode -plugin-path /Applications/Xcode.app/Contents/Developer/Toolchains/XcodeDefault.xctoolchain/usr/lib/swift/host/plugins/testing -enable-experimental-feature DebugDescriptionMacro -sdk /Applications/Xcode.app/Contents/Developer/Platforms/iPhoneOS.platform/Developer/SDKs/iPhoneOS18.5.sdk -target arm64-apple-ios13.0 -g -module-cache-path /Users/harishvishwakarma/Library/Developer/Xcode/DerivedData/ModuleCache.noindex -Xfrontend -serialize-debugging-options -enable-testing -suppress-warnings -index-store-path /Users/harishvishwakarma/Library/Developer/Xcode/DerivedData/Revolt-dharrjsambcimaaziudpvzjdcigm/Index.noindex/DataStore -swift-version 5 -I /Users/harishvishwakarma/Library/Developer/Xcode/DerivedData/Revolt-dharrjsambcimaaziudpvzjdcigm/Build/Products/Debug-iphoneos -I /Applications/Xcode.app/Contents/Developer/Platforms/iPhoneOS.platform/Developer/usr/lib -F /Users/harishvishwakarma/Library/Developer/Xcode/DerivedData/Revolt-dharrjsambcimaaziudpvzjdcigm/Build/Products/Debug-iphoneos -F /Applications/Xcode.app/Contents/Developer/Platforms/iPhoneOS.platform/Developer/Library/Frameworks -F /Applications/Xcode.app/Contents/Developer/Platforms/iPhoneOS.platform/Developer/SDKs/iPhoneOS18.5.sdk/Developer/Library/Frameworks -c -j12 -enable-batch-mode -incremental -Xcc -ivfsstatcache -Xcc /Users/harishvishwakarma/Library/Developer/Xcode/DerivedData/SDKStatCaches.noindex/iphoneos18.5-22F76-7fa4eea80a99bbfdc046826b63ec4baf.sdkstatcache -output-file-map /Users/harishvishwakarma/Library/Developer/Xcode/DerivedData/Revolt-dharrjsambcimaaziudpvzjdcigm/Build/Intermediates.noindex/Highlightr.build/Debug-iphoneos/Highlightr.build/Objects-normal/arm64/Highlightr-OutputFileMap.json -use-frontend-parseable-output -save-temps -no-color-diagnostics -serialize-diagnostics -emit-dependencies -emit-module -emit-module-path /Users/harishvishwakarma/Library/Developer/Xcode/DerivedData/Revolt-dharrjsambcimaaziudpvzjdcigm/Build/Intermediates.noindex/Highlightr.build/Debug-iphoneos/Highlightr.build/Objects-normal/arm64/Highlightr.swiftmodule -validate-clang-modules-once -clang-build-session-file /Users/harishvishwakarma/Library/Developer/Xcode/DerivedData/ModuleCache.noindex/Session.modulevalidation -package-name highlightr -Xcc -I/Users/harishvishwakarma/Library/Developer/Xcode/DerivedData/Revolt-dharrjsambcimaaziudpvzjdcigm/Build/Intermediates.noindex/Highlightr.build/Debug-iphoneos/Highlightr.build/swift-overrides.hmap -emit-const-values -Xfrontend -const-gather-protocols-file -Xfrontend /Users/harishvishwakarma/Library/Developer/Xcode/DerivedData/Revolt-dharrjsambcimaaziudpvzjdcigm/Build/Intermediates.noindex/Highlightr.build/Debug-iphoneos/Highlightr.build/Objects-normal/arm64/Highlightr_const_extract_protocols.json -Xcc -I/Users/harishvishwakarma/Library/Developer/Xcode/DerivedData/Revolt-dharrjsambcimaaziudpvzjdcigm/Build/Products/Debug-iphoneos/include -Xcc -I/Users/harishvishwakarma/Library/Developer/Xcode/DerivedData/Revolt-dharrjsambcimaaziudpvzjdcigm/Build/Intermediates.noindex/Highlightr.build/Debug-iphoneos/Highlightr.build/DerivedSources-normal/arm64 -Xcc -I/Users/harishvishwakarma/Library/Developer/Xcode/DerivedData/Revolt-dharrjsambcimaaziudpvzjdcigm/Build/Intermediates.noindex/Highlightr.build/Debug-iphoneos/Highlightr.build/DerivedSources/arm64 -Xcc -I/Users/harishvishwakarma/Library/Developer/Xcode/DerivedData/Revolt-dharrjsambcimaaziudpvzjdcigm/Build/Intermediates.noindex/Highlightr.build/Debug-iphoneos/Highlightr.build/DerivedSources -Xcc -DSWIFT_PACKAGE -Xcc -DDEBUG\=1 -emit-objc-header -emit-objc-header-path /Users/harishvishwakarma/Library/Developer/Xcode/DerivedData/Revolt-dharrjsambcimaaziudpvzjdcigm/Build/Intermediates.noindex/Highlightr.build/Debug-iphoneos/Highlightr.build/Objects-normal/arm64/Highlightr-Swift.h -working-directory /Users/harishvishwakarma/Handy/Archem/pepchat-ios/Revolt.xcodeproj -experimental-emit-module-separately -disable-cmo

SwiftDriverJobDiscovery normal arm64 Compiling HCaptchaLog.swift (in target 'HCaptcha' from project 'HCaptcha')

SwiftCompile normal arm64 Compiling\ VFlow.swift /Users/harishvishwakarma/Library/Developer/Xcode/DerivedData/Revolt-dharrjsambcimaaziudpvzjdcigm/SourcePackages/checkouts/SwiftUI-Flow/Sources/Flow/VFlow.swift (in target 'Flow' from project 'Flow')

SwiftCompile normal arm64 /Users/harishvishwakarma/Library/Developer/Xcode/DerivedData/Revolt-dharrjsambcimaaziudpvzjdcigm/SourcePackages/checkouts/SwiftUI-Flow/Sources/Flow/VFlow.swift (in target 'Flow' from project 'Flow')
    cd /Users/harishvishwakarma/Handy/Archem/pepchat-ios/Revolt.xcodeproj
    

SwiftCompile normal arm64 Compiling\ VFlowLayout.swift /Users/harishvishwakarma/Library/Developer/Xcode/DerivedData/Revolt-dharrjsambcimaaziudpvzjdcigm/SourcePackages/checkouts/SwiftUI-Flow/Sources/Flow/VFlowLayout.swift (in target 'Flow' from project 'Flow')

SwiftCompile normal arm64 /Users/harishvishwakarma/Library/Developer/Xcode/DerivedData/Revolt-dharrjsambcimaaziudpvzjdcigm/SourcePackages/checkouts/SwiftUI-Flow/Sources/Flow/VFlowLayout.swift (in target 'Flow' from project 'Flow')
    cd /Users/harishvishwakarma/Handy/Archem/pepchat-ios/Revolt.xcodeproj
    

SwiftDriverJobDiscovery normal arm64 Compiling HCaptchaWebViewManager+WKNavigationDelegate.swift (in target 'HCaptcha' from project 'HCaptcha')

SwiftCompile normal arm64 Compiling\ HFlow.swift /Users/harishvishwakarma/Library/Developer/Xcode/DerivedData/Revolt-dharrjsambcimaaziudpvzjdcigm/SourcePackages/checkouts/SwiftUI-Flow/Sources/Flow/HFlow.swift (in target 'Flow' from project 'Flow')
SwiftCompile normal arm64 /Users/harishvishwakarma/Library/Developer/Xcode/DerivedData/Revolt-dharrjsambcimaaziudpvzjdcigm/SourcePackages/checkouts/SwiftUI-Flow/Sources/Flow/HFlow.swift (in target 'Flow' from project 'Flow')
    cd /Users/harishvishwakarma/Handy/Archem/pepchat-ios/Revolt.xcodeproj
    

SwiftDriverJobDiscovery normal arm64 Compiling HCaptchaEvent.swift (in target 'HCaptcha' from project 'HCaptcha')

SwiftCompile normal arm64 Compiling\ Size.swift /Users/harishvishwakarma/Library/Developer/Xcode/DerivedData/Revolt-dharrjsambcimaaziudpvzjdcigm/SourcePackages/checkouts/SwiftUI-Flow/Sources/Flow/Internal/Size.swift (in target 'Flow' from project 'Flow')

SwiftCompile normal arm64 /Users/harishvishwakarma/Library/Developer/Xcode/DerivedData/Revolt-dharrjsambcimaaziudpvzjdcigm/SourcePackages/checkouts/SwiftUI-Flow/Sources/Flow/Internal/Size.swift (in target 'Flow' from project 'Flow')
    cd /Users/harishvishwakarma/Handy/Archem/pepchat-ios/Revolt.xcodeproj
    

SwiftDriverJobDiscovery normal arm64 Compiling HCaptchaWebViewManager.swift (in target 'HCaptcha' from project 'HCaptcha')

SwiftCompile normal arm64 Compiling\ Utils.swift /Users/harishvishwakarma/Library/Developer/Xcode/DerivedData/Revolt-dharrjsambcimaaziudpvzjdcigm/SourcePackages/checkouts/SwiftUI-Flow/Sources/Flow/Internal/Utils.swift (in target 'Flow' from project 'Flow')

SwiftCompile normal arm64 /Users/harishvishwakarma/Library/Developer/Xcode/DerivedData/Revolt-dharrjsambcimaaziudpvzjdcigm/SourcePackages/checkouts/SwiftUI-Flow/Sources/Flow/Internal/Utils.swift (in target 'Flow' from project 'Flow')
    cd /Users/harishvishwakarma/Handy/Archem/pepchat-ios/Revolt.xcodeproj
    

SwiftDriverJobDiscovery normal arm64 Compiling HCaptchaError.swift (in target 'HCaptcha' from project 'HCaptcha')

SwiftCompile normal arm64 Compiling\ Layout.swift /Users/harishvishwakarma/Library/Developer/Xcode/DerivedData/Revolt-dharrjsambcimaaziudpvzjdcigm/SourcePackages/checkouts/SwiftUI-Flow/Sources/Flow/Internal/Layout.swift (in target 'Flow' from project 'Flow')
SwiftCompile normal arm64 /Users/harishvishwakarma/Library/Developer/Xcode/DerivedData/Revolt-dharrjsambcimaaziudpvzjdcigm/SourcePackages/checkouts/SwiftUI-Flow/Sources/Flow/Internal/Layout.swift (in target 'Flow' from project 'Flow')
    cd /Users/harishvishwakarma/Handy/Archem/pepchat-ios/Revolt.xcodeproj
    

SwiftDriverJobDiscovery normal arm64 Compiling HCaptchaResult.swift (in target 'HCaptcha' from project 'HCaptcha')

SwiftCompile normal arm64 Compiling\ Protocols.swift /Users/harishvishwakarma/Library/Developer/Xcode/DerivedData/Revolt-dharrjsambcimaaziudpvzjdcigm/SourcePackages/checkouts/SwiftUI-Flow/Sources/Flow/Internal/Protocols.swift (in target 'Flow' from project 'Flow')

SwiftCompile normal arm64 /Users/harishvishwakarma/Library/Developer/Xcode/DerivedData/Revolt-dharrjsambcimaaziudpvzjdcigm/SourcePackages/checkouts/SwiftUI-Flow/Sources/Flow/Internal/Protocols.swift (in target 'Flow' from project 'Flow')
    cd /Users/harishvishwakarma/Handy/Archem/pepchat-ios/Revolt.xcodeproj
    

SwiftDriverJobDiscovery normal arm64 Compiling String+Dict.swift (in target 'HCaptcha' from project 'HCaptcha')

SwiftCompile normal arm64 Compiling\ GridContentMode.swift,\ GridElement.swift,\ GridFlow.swift /Users/harishvishwakarma/Library/Developer/Xcode/DerivedData/Revolt-dharrjsambcimaaziudpvzjdcigm/SourcePackages/checkouts/Grid/Sources/Models/GridContentMode.swift /Users/harishvishwakarma/Library/Developer/Xcode/DerivedData/Revolt-dharrjsambcimaaziudpvzjdcigm/SourcePackages/checkouts/Grid/Sources/Models/GridElement.swift /Users/harishvishwakarma/Library/Developer/Xcode/DerivedData/Revolt-dharrjsambcimaaziudpvzjdcigm/SourcePackages/checkouts/Grid/Sources/Models/GridFlow.swift (in target 'ExyteGrid' from project 'ExyteGrid')

SwiftCompile normal arm64 /Users/harishvishwakarma/Library/Developer/Xcode/DerivedData/Revolt-dharrjsambcimaaziudpvzjdcigm/SourcePackages/checkouts/Grid/Sources/Models/GridContentMode.swift (in target 'ExyteGrid' from project 'ExyteGrid')
    cd /Users/harishvishwakarma/Handy/Archem/pepchat-ios/Revolt.xcodeproj
    

SwiftCompile normal arm64 /Users/harishvishwakarma/Library/Developer/Xcode/DerivedData/Revolt-dharrjsambcimaaziudpvzjdcigm/SourcePackages/checkouts/Grid/Sources/Models/GridElement.swift (in target 'ExyteGrid' from project 'ExyteGrid')
    cd /Users/harishvishwakarma/Handy/Archem/pepchat-ios/Revolt.xcodeproj
    

SwiftCompile normal arm64 /Users/harishvishwakarma/Library/Developer/Xcode/DerivedData/Revolt-dharrjsambcimaaziudpvzjdcigm/SourcePackages/checkouts/Grid/Sources/Models/GridFlow.swift (in target 'ExyteGrid' from project 'ExyteGrid')
    cd /Users/harishvishwakarma/Handy/Archem/pepchat-ios/Revolt.xcodeproj
    

SwiftDriverJobDiscovery normal arm64 Compiling HCaptchaDebugInfo.swift, HCaptchaDecoder.swift (in target 'HCaptcha' from project 'HCaptcha')

SwiftCompile normal arm64 Compiling\ Grid.swift,\ GridGroup.swift,\ ForEach+GridViewsContaining.swift /Users/harishvishwakarma/Library/Developer/Xcode/DerivedData/Revolt-dharrjsambcimaaziudpvzjdcigm/SourcePackages/checkouts/Grid/Sources/View/Grid.swift /Users/harishvishwakarma/Library/Developer/Xcode/DerivedData/Revolt-dharrjsambcimaaziudpvzjdcigm/SourcePackages/checkouts/Grid/Sources/View/GridGroup.swift /Users/harishvishwakarma/Library/Developer/Xcode/DerivedData/Revolt-dharrjsambcimaaziudpvzjdcigm/SourcePackages/checkouts/Grid/Sources/View/Inits/ForEach+GridViewsContaining.swift (in target 'ExyteGrid' from project 'ExyteGrid')
SwiftCompile normal arm64 /Users/harishvishwakarma/Library/Developer/Xcode/DerivedData/Revolt-dharrjsambcimaaziudpvzjdcigm/SourcePackages/checkouts/Grid/Sources/View/Grid.swift (in target 'ExyteGrid' from project 'ExyteGrid')
    cd /Users/harishvishwakarma/Handy/Archem/pepchat-ios/Revolt.xcodeproj
    

SwiftCompile normal arm64 /Users/harishvishwakarma/Library/Developer/Xcode/DerivedData/Revolt-dharrjsambcimaaziudpvzjdcigm/SourcePackages/checkouts/Grid/Sources/View/GridGroup.swift (in target 'ExyteGrid' from project 'ExyteGrid')
    cd /Users/harishvishwakarma/Handy/Archem/pepchat-ios/Revolt.xcodeproj
    

SwiftCompile normal arm64 /Users/harishvishwakarma/Library/Developer/Xcode/DerivedData/Revolt-dharrjsambcimaaziudpvzjdcigm/SourcePackages/checkouts/Grid/Sources/View/Inits/ForEach+GridViewsContaining.swift (in target 'ExyteGrid' from project 'ExyteGrid')
    cd /Users/harishvishwakarma/Handy/Archem/pepchat-ios/Revolt.xcodeproj
    

SwiftDriverJobDiscovery normal arm64 Compiling HFlowLayout.swift (in target 'Flow' from project 'Flow')

SwiftCompile normal arm64 Compiling\ GridIndex.swift,\ GridPacking.swift,\ GridSpacing.swift /Users/harishvishwakarma/Library/Developer/Xcode/DerivedData/Revolt-dharrjsambcimaaziudpvzjdcigm/SourcePackages/checkouts/Grid/Sources/Models/GridIndex.swift /Users/harishvishwakarma/Library/Developer/Xcode/DerivedData/Revolt-dharrjsambcimaaziudpvzjdcigm/SourcePackages/checkouts/Grid/Sources/Models/GridPacking.swift /Users/harishvishwakarma/Library/Developer/Xcode/DerivedData/Revolt-dharrjsambcimaaziudpvzjdcigm/SourcePackages/checkouts/Grid/Sources/Models/GridSpacing.swift (in target 'ExyteGrid' from project 'ExyteGrid')

SwiftCompile normal arm64 /Users/harishvishwakarma/Library/Developer/Xcode/DerivedData/Revolt-dharrjsambcimaaziudpvzjdcigm/SourcePackages/checkouts/Grid/Sources/Models/GridIndex.swift (in target 'ExyteGrid' from project 'ExyteGrid')
    cd /Users/harishvishwakarma/Handy/Archem/pepchat-ios/Revolt.xcodeproj
    

SwiftCompile normal arm64 /Users/harishvishwakarma/Library/Developer/Xcode/DerivedData/Revolt-dharrjsambcimaaziudpvzjdcigm/SourcePackages/checkouts/Grid/Sources/Models/GridPacking.swift (in target 'ExyteGrid' from project 'ExyteGrid')
    cd /Users/harishvishwakarma/Handy/Archem/pepchat-ios/Revolt.xcodeproj
    

SwiftCompile normal arm64 /Users/harishvishwakarma/Library/Developer/Xcode/DerivedData/Revolt-dharrjsambcimaaziudpvzjdcigm/SourcePackages/checkouts/Grid/Sources/Models/GridSpacing.swift (in target 'ExyteGrid' from project 'ExyteGrid')
    cd /Users/harishvishwakarma/Handy/Archem/pepchat-ios/Revolt.xcodeproj
    

SwiftDriverJobDiscovery normal arm64 Compiling Support.swift (in target 'Flow' from project 'Flow')

SwiftCompile normal arm64 Compiling\ GridGroup+Inits_Data.swift,\ View+Environment.swift,\ View+GridPreferences.swift /Users/harishvishwakarma/Library/Developer/Xcode/DerivedData/Revolt-dharrjsambcimaaziudpvzjdcigm/SourcePackages/checkouts/Grid/Sources/View/Inits/GridGroup+Inits_Data.swift /Users/harishvishwakarma/Library/Developer/Xcode/DerivedData/Revolt-dharrjsambcimaaziudpvzjdcigm/SourcePackages/checkouts/Grid/Sources/View/View+Environment.swift /Users/harishvishwakarma/Library/Developer/Xcode/DerivedData/Revolt-dharrjsambcimaaziudpvzjdcigm/SourcePackages/checkouts/Grid/Sources/View/View+GridPreferences.swift (in target 'ExyteGrid' from project 'ExyteGrid')

SwiftCompile normal arm64 /Users/harishvishwakarma/Library/Developer/Xcode/DerivedData/Revolt-dharrjsambcimaaziudpvzjdcigm/SourcePackages/checkouts/Grid/Sources/View/Inits/GridGroup+Inits_Data.swift (in target 'ExyteGrid' from project 'ExyteGrid')
    cd /Users/harishvishwakarma/Handy/Archem/pepchat-ios/Revolt.xcodeproj
    

SwiftCompile normal arm64 /Users/harishvishwakarma/Library/Developer/Xcode/DerivedData/Revolt-dharrjsambcimaaziudpvzjdcigm/SourcePackages/checkouts/Grid/Sources/View/View+Environment.swift (in target 'ExyteGrid' from project 'ExyteGrid')
    cd /Users/harishvishwakarma/Handy/Archem/pepchat-ios/Revolt.xcodeproj
    

SwiftCompile normal arm64 /Users/harishvishwakarma/Library/Developer/Xcode/DerivedData/Revolt-dharrjsambcimaaziudpvzjdcigm/SourcePackages/checkouts/Grid/Sources/View/View+GridPreferences.swift (in target 'ExyteGrid' from project 'ExyteGrid')
    cd /Users/harishvishwakarma/Handy/Archem/pepchat-ios/Revolt.xcodeproj
    

SwiftDriverJobDiscovery normal arm64 Compiling LineBreaking.swift (in target 'Flow' from project 'Flow')

SwiftCompile normal arm64 Compiling\ GridSpan.swift,\ GridStart.swift,\ GridTrack.swift /Users/harishvishwakarma/Library/Developer/Xcode/DerivedData/Revolt-dharrjsambcimaaziudpvzjdcigm/SourcePackages/checkouts/Grid/Sources/Models/GridSpan.swift /Users/harishvishwakarma/Library/Developer/Xcode/DerivedData/Revolt-dharrjsambcimaaziudpvzjdcigm/SourcePackages/checkouts/Grid/Sources/Models/GridStart.swift /Users/harishvishwakarma/Library/Developer/Xcode/DerivedData/Revolt-dharrjsambcimaaziudpvzjdcigm/SourcePackages/checkouts/Grid/Sources/Models/GridTrack.swift (in target 'ExyteGrid' from project 'ExyteGrid')

SwiftCompile normal arm64 /Users/harishvishwakarma/Library/Developer/Xcode/DerivedData/Revolt-dharrjsambcimaaziudpvzjdcigm/SourcePackages/checkouts/Grid/Sources/Models/GridSpan.swift (in target 'ExyteGrid' from project 'ExyteGrid')
    cd /Users/harishvishwakarma/Handy/Archem/pepchat-ios/Revolt.xcodeproj
    

SwiftCompile normal arm64 /Users/harishvishwakarma/Library/Developer/Xcode/DerivedData/Revolt-dharrjsambcimaaziudpvzjdcigm/SourcePackages/checkouts/Grid/Sources/Models/GridStart.swift (in target 'ExyteGrid' from project 'ExyteGrid')
    cd /Users/harishvishwakarma/Handy/Archem/pepchat-ios/Revolt.xcodeproj
    

SwiftCompile normal arm64 /Users/harishvishwakarma/Library/Developer/Xcode/DerivedData/Revolt-dharrjsambcimaaziudpvzjdcigm/SourcePackages/checkouts/Grid/Sources/Models/GridTrack.swift (in target 'ExyteGrid' from project 'ExyteGrid')
    cd /Users/harishvishwakarma/Handy/Archem/pepchat-ios/Revolt.xcodeproj
    

SwiftDriverJobDiscovery normal arm64 Compiling VFlow.swift (in target 'Flow' from project 'Flow')

SwiftCompile normal arm64 Compiling\ GridCellPreference.swift,\ GridOverlayPreference.swift,\ GridPreference.swift /Users/harishvishwakarma/Library/Developer/Xcode/DerivedData/Revolt-dharrjsambcimaaziudpvzjdcigm/SourcePackages/checkouts/Grid/Sources/Models/Preferences/GridCellPreference.swift /Users/harishvishwakarma/Library/Developer/Xcode/DerivedData/Revolt-dharrjsambcimaaziudpvzjdcigm/SourcePackages/checkouts/Grid/Sources/Models/Preferences/GridOverlayPreference.swift /Users/harishvishwakarma/Library/Developer/Xcode/DerivedData/Revolt-dharrjsambcimaaziudpvzjdcigm/SourcePackages/checkouts/Grid/Sources/Models/Preferences/GridPreference.swift (in target 'ExyteGrid' from project 'ExyteGrid')

SwiftCompile normal arm64 /Users/harishvishwakarma/Library/Developer/Xcode/DerivedData/Revolt-dharrjsambcimaaziudpvzjdcigm/SourcePackages/checkouts/Grid/Sources/Models/Preferences/GridCellPreference.swift (in target 'ExyteGrid' from project 'ExyteGrid')
    cd /Users/harishvishwakarma/Handy/Archem/pepchat-ios/Revolt.xcodeproj
    

SwiftCompile normal arm64 /Users/harishvishwakarma/Library/Developer/Xcode/DerivedData/Revolt-dharrjsambcimaaziudpvzjdcigm/SourcePackages/checkouts/Grid/Sources/Models/Preferences/GridOverlayPreference.swift (in target 'ExyteGrid' from project 'ExyteGrid')
    cd /Users/harishvishwakarma/Handy/Archem/pepchat-ios/Revolt.xcodeproj
    

SwiftCompile normal arm64 /Users/harishvishwakarma/Library/Developer/Xcode/DerivedData/Revolt-dharrjsambcimaaziudpvzjdcigm/SourcePackages/checkouts/Grid/Sources/Models/Preferences/GridPreference.swift (in target 'ExyteGrid' from project 'ExyteGrid')
    cd /Users/harishvishwakarma/Handy/Archem/pepchat-ios/Revolt.xcodeproj
    

SwiftDriverJobDiscovery normal arm64 Compiling VFlowLayout.swift (in target 'Flow' from project 'Flow')

SwiftCompile normal arm64 Compiling\ GridContentViewsProtocols.swift,\ GridElement+asGridElements.swift,\ GridGroup+Init.swift /Users/harishvishwakarma/Library/Developer/Xcode/DerivedData/Revolt-dharrjsambcimaaziudpvzjdcigm/SourcePackages/checkouts/Grid/Sources/View/Inits/GridContentViewsProtocols.swift /Users/harishvishwakarma/Library/Developer/Xcode/DerivedData/Revolt-dharrjsambcimaaziudpvzjdcigm/SourcePackages/checkouts/Grid/Sources/View/Inits/GridElement+asGridElements.swift /Users/harishvishwakarma/Library/Developer/Xcode/DerivedData/Revolt-dharrjsambcimaaziudpvzjdcigm/SourcePackages/checkouts/Grid/Sources/View/Inits/GridGroup+Init.swift (in target 'ExyteGrid' from project 'ExyteGrid')

SwiftCompile normal arm64 /Users/harishvishwakarma/Library/Developer/Xcode/DerivedData/Revolt-dharrjsambcimaaziudpvzjdcigm/SourcePackages/checkouts/Grid/Sources/View/Inits/GridContentViewsProtocols.swift (in target 'ExyteGrid' from project 'ExyteGrid')
    cd /Users/harishvishwakarma/Handy/Archem/pepchat-ios/Revolt.xcodeproj
    

SwiftCompile normal arm64 /Users/harishvishwakarma/Library/Developer/Xcode/DerivedData/Revolt-dharrjsambcimaaziudpvzjdcigm/SourcePackages/checkouts/Grid/Sources/View/Inits/GridElement+asGridElements.swift (in target 'ExyteGrid' from project 'ExyteGrid')
    cd /Users/harishvishwakarma/Handy/Archem/pepchat-ios/Revolt.xcodeproj
    

SwiftCompile normal arm64 /Users/harishvishwakarma/Library/Developer/Xcode/DerivedData/Revolt-dharrjsambcimaaziudpvzjdcigm/SourcePackages/checkouts/Grid/Sources/View/Inits/GridGroup+Init.swift (in target 'ExyteGrid' from project 'ExyteGrid')
    cd /Users/harishvishwakarma/Handy/Archem/pepchat-ios/Revolt.xcodeproj
    

SwiftDriverJobDiscovery normal arm64 Compiling HCaptcha.swift, HCaptchaConfig.swift (in target 'HCaptcha' from project 'HCaptcha')

SwiftDriver\ Compilation HCaptcha normal arm64 com.apple.xcode.tools.swift.compiler (in target 'HCaptcha' from project 'HCaptcha')
    cd /Users/harishvishwakarma/Handy/Archem/pepchat-ios/Revolt.xcodeproj
    builtin-Swift-Compilation -- /Applications/Xcode.app/Contents/Developer/Toolchains/XcodeDefault.xctoolchain/usr/bin/swiftc -module-name HCaptcha -Onone -enforce-exclusivity\=checked @/Users/harishvishwakarma/Library/Developer/Xcode/DerivedData/Revolt-dharrjsambcimaaziudpvzjdcigm/Build/Intermediates.noindex/HCaptcha.build/Debug-iphoneos/HCaptcha.build/Objects-normal/arm64/HCaptcha.SwiftFileList -DSWIFT_PACKAGE -DDEBUG -DXcode -plugin-path /Applications/Xcode.app/Contents/Developer/Toolchains/XcodeDefault.xctoolchain/usr/lib/swift/host/plugins/testing -enable-experimental-feature DebugDescriptionMacro -sdk /Applications/Xcode.app/Contents/Developer/Platforms/iPhoneOS.platform/Developer/SDKs/iPhoneOS18.5.sdk -target arm64-apple-ios12.0 -g -module-cache-path /Users/harishvishwakarma/Library/Developer/Xcode/DerivedData/ModuleCache.noindex -Xfrontend -serialize-debugging-options -enable-testing -suppress-warnings -index-store-path /Users/harishvishwakarma/Library/Developer/Xcode/DerivedData/Revolt-dharrjsambcimaaziudpvzjdcigm/Index.noindex/DataStore -swift-version 5 -I /Users/harishvishwakarma/Library/Developer/Xcode/DerivedData/Revolt-dharrjsambcimaaziudpvzjdcigm/Build/Products/Debug-iphoneos -I /Applications/Xcode.app/Contents/Developer/Platforms/iPhoneOS.platform/Developer/usr/lib -F /Users/harishvishwakarma/Library/Developer/Xcode/DerivedData/Revolt-dharrjsambcimaaziudpvzjdcigm/Build/Products/Debug-iphoneos -F /Applications/Xcode.app/Contents/Developer/Platforms/iPhoneOS.platform/Developer/Library/Frameworks -F /Applications/Xcode.app/Contents/Developer/Platforms/iPhoneOS.platform/Developer/SDKs/iPhoneOS18.5.sdk/Developer/Library/Frameworks -c -j12 -enable-batch-mode -incremental -Xcc -ivfsstatcache -Xcc /Users/harishvishwakarma/Library/Developer/Xcode/DerivedData/SDKStatCaches.noindex/iphoneos18.5-22F76-7fa4eea80a99bbfdc046826b63ec4baf.sdkstatcache -output-file-map /Users/harishvishwakarma/Library/Developer/Xcode/DerivedData/Revolt-dharrjsambcimaaziudpvzjdcigm/Build/Intermediates.noindex/HCaptcha.build/Debug-iphoneos/HCaptcha.build/Objects-normal/arm64/HCaptcha-OutputFileMap.json -use-frontend-parseable-output -save-temps -no-color-diagnostics -serialize-diagnostics -emit-dependencies -emit-module -emit-module-path /Users/harishvishwakarma/Library/Developer/Xcode/DerivedData/Revolt-dharrjsambcimaaziudpvzjdcigm/Build/Intermediates.noindex/HCaptcha.build/Debug-iphoneos/HCaptcha.build/Objects-normal/arm64/HCaptcha.swiftmodule -validate-clang-modules-once -clang-build-session-file /Users/harishvishwakarma/Library/Developer/Xcode/DerivedData/ModuleCache.noindex/Session.modulevalidation -Xcc -I/Users/harishvishwakarma/Library/Developer/Xcode/DerivedData/Revolt-dharrjsambcimaaziudpvzjdcigm/Build/Intermediates.noindex/HCaptcha.build/Debug-iphoneos/HCaptcha.build/swift-overrides.hmap -emit-const-values -Xfrontend -const-gather-protocols-file -Xfrontend /Users/harishvishwakarma/Library/Developer/Xcode/DerivedData/Revolt-dharrjsambcimaaziudpvzjdcigm/Build/Intermediates.noindex/HCaptcha.build/Debug-iphoneos/HCaptcha.build/Objects-normal/arm64/HCaptcha_const_extract_protocols.json -Xcc -I/Users/harishvishwakarma/Library/Developer/Xcode/DerivedData/Revolt-dharrjsambcimaaziudpvzjdcigm/Build/Products/Debug-iphoneos/include -Xcc -I/Users/harishvishwakarma/Library/Developer/Xcode/DerivedData/Revolt-dharrjsambcimaaziudpvzjdcigm/Build/Intermediates.noindex/HCaptcha.build/Debug-iphoneos/HCaptcha.build/DerivedSources-normal/arm64 -Xcc -I/Users/harishvishwakarma/Library/Developer/Xcode/DerivedData/Revolt-dharrjsambcimaaziudpvzjdcigm/Build/Intermediates.noindex/HCaptcha.build/Debug-iphoneos/HCaptcha.build/DerivedSources/arm64 -Xcc -I/Users/harishvishwakarma/Library/Developer/Xcode/DerivedData/Revolt-dharrjsambcimaaziudpvzjdcigm/Build/Intermediates.noindex/HCaptcha.build/Debug-iphoneos/HCaptcha.build/DerivedSources -Xcc -DSWIFT_PACKAGE -Xcc -DDEBUG\=1 -emit-objc-header -emit-objc-header-path /Users/harishvishwakarma/Library/Developer/Xcode/DerivedData/Revolt-dharrjsambcimaaziudpvzjdcigm/Build/Intermediates.noindex/HCaptcha.build/Debug-iphoneos/HCaptcha.build/Objects-normal/arm64/HCaptcha-Swift.h -working-directory /Users/harishvishwakarma/Handy/Archem/pepchat-ios/Revolt.xcodeproj -experimental-emit-module-separately -disable-cmo

SwiftDriverJobDiscovery normal arm64 Compiling Utils.swift (in target 'Flow' from project 'Flow')

SwiftCompile normal arm64 Compiling\ CGSize+Hashable.swift,\ LayoutArrangement+description.swift,\ View+If.swift,\ LayoutArranging.swift /Users/harishvishwakarma/Library/Developer/Xcode/DerivedData/Revolt-dharrjsambcimaaziudpvzjdcigm/SourcePackages/checkouts/Grid/Sources/Extensions/CGSize+Hashable.swift /Users/harishvishwakarma/Library/Developer/Xcode/DerivedData/Revolt-dharrjsambcimaaziudpvzjdcigm/SourcePackages/checkouts/Grid/Sources/Extensions/LayoutArrangement+description.swift /Users/harishvishwakarma/Library/Developer/Xcode/DerivedData/Revolt-dharrjsambcimaaziudpvzjdcigm/SourcePackages/checkouts/Grid/Sources/Extensions/View+If.swift /Users/harishvishwakarma/Library/Developer/Xcode/DerivedData/Revolt-dharrjsambcimaaziudpvzjdcigm/SourcePackages/checkouts/Grid/Sources/GridLayoutMath/LayoutArranging.swift (in target 'ExyteGrid' from project 'ExyteGrid')
SwiftCompile normal arm64 /Users/harishvishwakarma/Library/Developer/Xcode/DerivedData/Revolt-dharrjsambcimaaziudpvzjdcigm/SourcePackages/checkouts/Grid/Sources/Extensions/CGSize+Hashable.swift (in target 'ExyteGrid' from project 'ExyteGrid')
    cd /Users/harishvishwakarma/Handy/Archem/pepchat-ios/Revolt.xcodeproj
    

SwiftCompile normal arm64 /Users/harishvishwakarma/Library/Developer/Xcode/DerivedData/Revolt-dharrjsambcimaaziudpvzjdcigm/SourcePackages/checkouts/Grid/Sources/Extensions/LayoutArrangement+description.swift (in target 'ExyteGrid' from project 'ExyteGrid')
    cd /Users/harishvishwakarma/Handy/Archem/pepchat-ios/Revolt.xcodeproj
    

SwiftCompile normal arm64 /Users/harishvishwakarma/Library/Developer/Xcode/DerivedData/Revolt-dharrjsambcimaaziudpvzjdcigm/SourcePackages/checkouts/Grid/Sources/Extensions/View+If.swift (in target 'ExyteGrid' from project 'ExyteGrid')
    cd /Users/harishvishwakarma/Handy/Archem/pepchat-ios/Revolt.xcodeproj
    

SwiftCompile normal arm64 /Users/harishvishwakarma/Library/Developer/Xcode/DerivedData/Revolt-dharrjsambcimaaziudpvzjdcigm/SourcePackages/checkouts/Grid/Sources/GridLayoutMath/LayoutArranging.swift (in target 'ExyteGrid' from project 'ExyteGrid')
    cd /Users/harishvishwakarma/Handy/Archem/pepchat-ios/Revolt.xcodeproj
    

SwiftCompile normal arm64 Compiling\ Cache.swift,\ GridCacheMode.swift,\ Constants.swift,\ CGRect+Hashable.swift /Users/harishvishwakarma/Library/Developer/Xcode/DerivedData/Revolt-dharrjsambcimaaziudpvzjdcigm/SourcePackages/checkouts/Grid/Sources/Cache/Cache.swift /Users/harishvishwakarma/Library/Developer/Xcode/DerivedData/Revolt-dharrjsambcimaaziudpvzjdcigm/SourcePackages/checkouts/Grid/Sources/Cache/GridCacheMode.swift /Users/harishvishwakarma/Library/Developer/Xcode/DerivedData/Revolt-dharrjsambcimaaziudpvzjdcigm/SourcePackages/checkouts/Grid/Sources/Configuration/Constants.swift /Users/harishvishwakarma/Library/Developer/Xcode/DerivedData/Revolt-dharrjsambcimaaziudpvzjdcigm/SourcePackages/checkouts/Grid/Sources/Extensions/CGRect+Hashable.swift (in target 'ExyteGrid' from project 'ExyteGrid')
SwiftCompile normal arm64 /Users/harishvishwakarma/Library/Developer/Xcode/DerivedData/Revolt-dharrjsambcimaaziudpvzjdcigm/SourcePackages/checkouts/Grid/Sources/Cache/Cache.swift (in target 'ExyteGrid' from project 'ExyteGrid')
    cd /Users/harishvishwakarma/Handy/Archem/pepchat-ios/Revolt.xcodeproj
    

SwiftCompile normal arm64 /Users/harishvishwakarma/Library/Developer/Xcode/DerivedData/Revolt-dharrjsambcimaaziudpvzjdcigm/SourcePackages/checkouts/Grid/Sources/Cache/GridCacheMode.swift (in target 'ExyteGrid' from project 'ExyteGrid')
    cd /Users/harishvishwakarma/Handy/Archem/pepchat-ios/Revolt.xcodeproj
    

SwiftCompile normal arm64 /Users/harishvishwakarma/Library/Developer/Xcode/DerivedData/Revolt-dharrjsambcimaaziudpvzjdcigm/SourcePackages/checkouts/Grid/Sources/Configuration/Constants.swift (in target 'ExyteGrid' from project 'ExyteGrid')
    cd /Users/harishvishwakarma/Handy/Archem/pepchat-ios/Revolt.xcodeproj
    

SwiftCompile normal arm64 /Users/harishvishwakarma/Library/Developer/Xcode/DerivedData/Revolt-dharrjsambcimaaziudpvzjdcigm/SourcePackages/checkouts/Grid/Sources/Extensions/CGRect+Hashable.swift (in target 'ExyteGrid' from project 'ExyteGrid')
    cd /Users/harishvishwakarma/Handy/Archem/pepchat-ios/Revolt.xcodeproj
    

SwiftDriverJobDiscovery normal arm64 Compiling Size.swift (in target 'Flow' from project 'Flow')

SwiftCompile normal arm64 Compiling\ LayoutPositioning.swift,\ ArrangedItem.swift,\ GridAlignment.swift /Users/harishvishwakarma/Library/Developer/Xcode/DerivedData/Revolt-dharrjsambcimaaziudpvzjdcigm/SourcePackages/checkouts/Grid/Sources/GridLayoutMath/LayoutPositioning.swift /Users/harishvishwakarma/Library/Developer/Xcode/DerivedData/Revolt-dharrjsambcimaaziudpvzjdcigm/SourcePackages/checkouts/Grid/Sources/Models/ArrangedItem.swift /Users/harishvishwakarma/Library/Developer/Xcode/DerivedData/Revolt-dharrjsambcimaaziudpvzjdcigm/SourcePackages/checkouts/Grid/Sources/Models/GridAlignment.swift (in target 'ExyteGrid' from project 'ExyteGrid')
SwiftCompile normal arm64 /Users/harishvishwakarma/Library/Developer/Xcode/DerivedData/Revolt-dharrjsambcimaaziudpvzjdcigm/SourcePackages/checkouts/Grid/Sources/GridLayoutMath/LayoutPositioning.swift (in target 'ExyteGrid' from project 'ExyteGrid')
    cd /Users/harishvishwakarma/Handy/Archem/pepchat-ios/Revolt.xcodeproj
    

SwiftCompile normal arm64 /Users/harishvishwakarma/Library/Developer/Xcode/DerivedData/Revolt-dharrjsambcimaaziudpvzjdcigm/SourcePackages/checkouts/Grid/Sources/Models/ArrangedItem.swift (in target 'ExyteGrid' from project 'ExyteGrid')
    cd /Users/harishvishwakarma/Handy/Archem/pepchat-ios/Revolt.xcodeproj
    

SwiftCompile normal arm64 /Users/harishvishwakarma/Library/Developer/Xcode/DerivedData/Revolt-dharrjsambcimaaziudpvzjdcigm/SourcePackages/checkouts/Grid/Sources/Models/GridAlignment.swift (in target 'ExyteGrid' from project 'ExyteGrid')
    cd /Users/harishvishwakarma/Handy/Archem/pepchat-ios/Revolt.xcodeproj
    

SwiftDriverJobDiscovery normal arm64 Compiling Protocols.swift (in target 'Flow' from project 'Flow')

SwiftCompile normal arm64 Compiling\ Grid+Init.swift,\ Grid+Inits_Data.swift,\ GridBuilder.swift /Users/harishvishwakarma/Library/Developer/Xcode/DerivedData/Revolt-dharrjsambcimaaziudpvzjdcigm/SourcePackages/checkouts/Grid/Sources/View/Inits/Grid+Init.swift /Users/harishvishwakarma/Library/Developer/Xcode/DerivedData/Revolt-dharrjsambcimaaziudpvzjdcigm/SourcePackages/checkouts/Grid/Sources/View/Inits/Grid+Inits_Data.swift /Users/harishvishwakarma/Library/Developer/Xcode/DerivedData/Revolt-dharrjsambcimaaziudpvzjdcigm/SourcePackages/checkouts/Grid/Sources/View/Inits/GridBuilder.swift (in target 'ExyteGrid' from project 'ExyteGrid')

SwiftCompile normal arm64 /Users/harishvishwakarma/Library/Developer/Xcode/DerivedData/Revolt-dharrjsambcimaaziudpvzjdcigm/SourcePackages/checkouts/Grid/Sources/View/Inits/Grid+Init.swift (in target 'ExyteGrid' from project 'ExyteGrid')
    cd /Users/harishvishwakarma/Handy/Archem/pepchat-ios/Revolt.xcodeproj
    

SwiftCompile normal arm64 /Users/harishvishwakarma/Library/Developer/Xcode/DerivedData/Revolt-dharrjsambcimaaziudpvzjdcigm/SourcePackages/checkouts/Grid/Sources/View/Inits/Grid+Inits_Data.swift (in target 'ExyteGrid' from project 'ExyteGrid')
    cd /Users/harishvishwakarma/Handy/Archem/pepchat-ios/Revolt.xcodeproj
    

SwiftCompile normal arm64 /Users/harishvishwakarma/Library/Developer/Xcode/DerivedData/Revolt-dharrjsambcimaaziudpvzjdcigm/SourcePackages/checkouts/Grid/Sources/View/Inits/GridBuilder.swift (in target 'ExyteGrid' from project 'ExyteGrid')
    cd /Users/harishvishwakarma/Handy/Archem/pepchat-ios/Revolt.xcodeproj
    

SwiftDriverJobDiscovery normal arm64 Compiling HFlow.swift (in target 'Flow' from project 'Flow')

SwiftCompile normal arm64 Compiling\ LayoutArrangement.swift,\ PositionedItem.swift,\ GridBackgroundPreference.swift /Users/harishvishwakarma/Library/Developer/Xcode/DerivedData/Revolt-dharrjsambcimaaziudpvzjdcigm/SourcePackages/checkouts/Grid/Sources/Models/LayoutArrangement.swift /Users/harishvishwakarma/Library/Developer/Xcode/DerivedData/Revolt-dharrjsambcimaaziudpvzjdcigm/SourcePackages/checkouts/Grid/Sources/Models/PositionedItem.swift /Users/harishvishwakarma/Library/Developer/Xcode/DerivedData/Revolt-dharrjsambcimaaziudpvzjdcigm/SourcePackages/checkouts/Grid/Sources/Models/Preferences/GridBackgroundPreference.swift (in target 'ExyteGrid' from project 'ExyteGrid')

SwiftCompile normal arm64 /Users/harishvishwakarma/Library/Developer/Xcode/DerivedData/Revolt-dharrjsambcimaaziudpvzjdcigm/SourcePackages/checkouts/Grid/Sources/Models/LayoutArrangement.swift (in target 'ExyteGrid' from project 'ExyteGrid')
    cd /Users/harishvishwakarma/Handy/Archem/pepchat-ios/Revolt.xcodeproj
    

SwiftCompile normal arm64 /Users/harishvishwakarma/Library/Developer/Xcode/DerivedData/Revolt-dharrjsambcimaaziudpvzjdcigm/SourcePackages/checkouts/Grid/Sources/Models/PositionedItem.swift (in target 'ExyteGrid' from project 'ExyteGrid')
    cd /Users/harishvishwakarma/Handy/Archem/pepchat-ios/Revolt.xcodeproj
    

SwiftCompile normal arm64 /Users/harishvishwakarma/Library/Developer/Xcode/DerivedData/Revolt-dharrjsambcimaaziudpvzjdcigm/SourcePackages/checkouts/Grid/Sources/Models/Preferences/GridBackgroundPreference.swift (in target 'ExyteGrid' from project 'ExyteGrid')
    cd /Users/harishvishwakarma/Handy/Archem/pepchat-ios/Revolt.xcodeproj
    

SwiftDriverJobDiscovery normal arm64 Compiling GridContentMode.swift, GridElement.swift, GridFlow.swift (in target 'ExyteGrid' from project 'ExyteGrid')

SwiftCompile normal arm64 Compiling\ ColorCollection.swift,\ FontCollection.swift,\ ParagraphStyleCollection.swift,\ BlockBackgroundColorAttribute.swift,\ QuoteStripeAttribute.swift,\ ThematicBreakAttribute.swift /Users/harishvishwakarma/Library/Developer/Xcode/DerivedData/Revolt-dharrjsambcimaaziudpvzjdcigm/SourcePackages/checkouts/Down/Sources/Down/AST/Styling/Attribute\ Collections/ColorCollection.swift /Users/harishvishwakarma/Library/Developer/Xcode/DerivedData/Revolt-dharrjsambcimaaziudpvzjdcigm/SourcePackages/checkouts/Down/Sources/Down/AST/Styling/Attribute\ Collections/FontCollection.swift /Users/harishvishwakarma/Library/Developer/Xcode/DerivedData/Revolt-dharrjsambcimaaziudpvzjdcigm/SourcePackages/checkouts/Down/Sources/Down/AST/Styling/Attribute\ Collections/ParagraphStyleCollection.swift /Users/harishvishwakarma/Library/Developer/Xcode/DerivedData/Revolt-dharrjsambcimaaziudpvzjdcigm/SourcePackages/checkouts/Down/Sources/Down/AST/Styling/Custom\ Attributes/BlockBackgroundColorAttribute.swift /Users/harishvishwakarma/Library/Developer/Xcode/DerivedData/Revolt-dharrjsambcimaaziudpvzjdcigm/SourcePackages/checkouts/Down/Sources/Down/AST/Styling/Custom\ Attributes/QuoteStripeAttribute.swift /Users/harishvishwakarma/Library/Developer/Xcode/DerivedData/Revolt-dharrjsambcimaaziudpvzjdcigm/SourcePackages/checkouts/Down/Sources/Down/AST/Styling/Custom\ Attributes/ThematicBreakAttribute.swift (in target 'Down' from project 'Down')
SwiftCompile normal arm64 /Users/harishvishwakarma/Library/Developer/Xcode/DerivedData/Revolt-dharrjsambcimaaziudpvzjdcigm/SourcePackages/checkouts/Down/Sources/Down/AST/Styling/Attribute\ Collections/ColorCollection.swift (in target 'Down' from project 'Down')
    cd /Users/harishvishwakarma/Handy/Archem/pepchat-ios/Revolt.xcodeproj
    

SwiftCompile normal arm64 /Users/harishvishwakarma/Library/Developer/Xcode/DerivedData/Revolt-dharrjsambcimaaziudpvzjdcigm/SourcePackages/checkouts/Down/Sources/Down/AST/Styling/Attribute\ Collections/FontCollection.swift (in target 'Down' from project 'Down')
    cd /Users/harishvishwakarma/Handy/Archem/pepchat-ios/Revolt.xcodeproj
    

SwiftCompile normal arm64 /Users/harishvishwakarma/Library/Developer/Xcode/DerivedData/Revolt-dharrjsambcimaaziudpvzjdcigm/SourcePackages/checkouts/Down/Sources/Down/AST/Styling/Attribute\ Collections/ParagraphStyleCollection.swift (in target 'Down' from project 'Down')
    cd /Users/harishvishwakarma/Handy/Archem/pepchat-ios/Revolt.xcodeproj
    

SwiftCompile normal arm64 /Users/harishvishwakarma/Library/Developer/Xcode/DerivedData/Revolt-dharrjsambcimaaziudpvzjdcigm/SourcePackages/checkouts/Down/Sources/Down/AST/Styling/Custom\ Attributes/BlockBackgroundColorAttribute.swift (in target 'Down' from project 'Down')
    cd /Users/harishvishwakarma/Handy/Archem/pepchat-ios/Revolt.xcodeproj
    

SwiftCompile normal arm64 /Users/harishvishwakarma/Library/Developer/Xcode/DerivedData/Revolt-dharrjsambcimaaziudpvzjdcigm/SourcePackages/checkouts/Down/Sources/Down/AST/Styling/Custom\ Attributes/QuoteStripeAttribute.swift (in target 'Down' from project 'Down')
    cd /Users/harishvishwakarma/Handy/Archem/pepchat-ios/Revolt.xcodeproj
    

SwiftCompile normal arm64 /Users/harishvishwakarma/Library/Developer/Xcode/DerivedData/Revolt-dharrjsambcimaaziudpvzjdcigm/SourcePackages/checkouts/Down/Sources/Down/AST/Styling/Custom\ Attributes/ThematicBreakAttribute.swift (in target 'Down' from project 'Down')
    cd /Users/harishvishwakarma/Handy/Archem/pepchat-ios/Revolt.xcodeproj
    

SwiftDriverJobDiscovery normal arm64 Compiling GridIndex.swift, GridPacking.swift, GridSpacing.swift (in target 'ExyteGrid' from project 'ExyteGrid')

SwiftCompile normal arm64 Compiling\ DownASTRenderable.swift,\ DownAttributedStringRenderable.swift,\ DownCommonMarkRenderable.swift,\ DownGroffRenderable.swift,\ DownHTMLRenderable.swift /Users/harishvishwakarma/Library/Developer/Xcode/DerivedData/Revolt-dharrjsambcimaaziudpvzjdcigm/SourcePackages/checkouts/Down/Sources/Down/Renderers/DownASTRenderable.swift /Users/harishvishwakarma/Library/Developer/Xcode/DerivedData/Revolt-dharrjsambcimaaziudpvzjdcigm/SourcePackages/checkouts/Down/Sources/Down/Renderers/DownAttributedStringRenderable.swift /Users/harishvishwakarma/Library/Developer/Xcode/DerivedData/Revolt-dharrjsambcimaaziudpvzjdcigm/SourcePackages/checkouts/Down/Sources/Down/Renderers/DownCommonMarkRenderable.swift /Users/harishvishwakarma/Library/Developer/Xcode/DerivedData/Revolt-dharrjsambcimaaziudpvzjdcigm/SourcePackages/checkouts/Down/Sources/Down/Renderers/DownGroffRenderable.swift /Users/harishvishwakarma/Library/Developer/Xcode/DerivedData/Revolt-dharrjsambcimaaziudpvzjdcigm/SourcePackages/checkouts/Down/Sources/Down/Renderers/DownHTMLRenderable.swift (in target 'Down' from project 'Down')

SwiftCompile normal arm64 /Users/harishvishwakarma/Library/Developer/Xcode/DerivedData/Revolt-dharrjsambcimaaziudpvzjdcigm/SourcePackages/checkouts/Down/Sources/Down/Renderers/DownASTRenderable.swift (in target 'Down' from project 'Down')
    cd /Users/harishvishwakarma/Handy/Archem/pepchat-ios/Revolt.xcodeproj
    

SwiftCompile normal arm64 /Users/harishvishwakarma/Library/Developer/Xcode/DerivedData/Revolt-dharrjsambcimaaziudpvzjdcigm/SourcePackages/checkouts/Down/Sources/Down/Renderers/DownAttributedStringRenderable.swift (in target 'Down' from project 'Down')
    cd /Users/harishvishwakarma/Handy/Archem/pepchat-ios/Revolt.xcodeproj
    

SwiftCompile normal arm64 /Users/harishvishwakarma/Library/Developer/Xcode/DerivedData/Revolt-dharrjsambcimaaziudpvzjdcigm/SourcePackages/checkouts/Down/Sources/Down/Renderers/DownCommonMarkRenderable.swift (in target 'Down' from project 'Down')
    cd /Users/harishvishwakarma/Handy/Archem/pepchat-ios/Revolt.xcodeproj
    

SwiftCompile normal arm64 /Users/harishvishwakarma/Library/Developer/Xcode/DerivedData/Revolt-dharrjsambcimaaziudpvzjdcigm/SourcePackages/checkouts/Down/Sources/Down/Renderers/DownGroffRenderable.swift (in target 'Down' from project 'Down')
    cd /Users/harishvishwakarma/Handy/Archem/pepchat-ios/Revolt.xcodeproj
    

SwiftCompile normal arm64 /Users/harishvishwakarma/Library/Developer/Xcode/DerivedData/Revolt-dharrjsambcimaaziudpvzjdcigm/SourcePackages/checkouts/Down/Sources/Down/Renderers/DownHTMLRenderable.swift (in target 'Down' from project 'Down')
    cd /Users/harishvishwakarma/Handy/Archem/pepchat-ios/Revolt.xcodeproj
    

SwiftDriverJobDiscovery normal arm64 Compiling Layout.swift (in target 'Flow' from project 'Flow')

SwiftDriver\ Compilation Flow normal arm64 com.apple.xcode.tools.swift.compiler (in target 'Flow' from project 'Flow')
    cd /Users/harishvishwakarma/Handy/Archem/pepchat-ios/Revolt.xcodeproj
    builtin-Swift-Compilation -- /Applications/Xcode.app/Contents/Developer/Toolchains/XcodeDefault.xctoolchain/usr/bin/swiftc -module-name Flow -Onone -enforce-exclusivity\=checked @/Users/harishvishwakarma/Library/Developer/Xcode/DerivedData/Revolt-dharrjsambcimaaziudpvzjdcigm/Build/Intermediates.noindex/Flow.build/Debug-iphoneos/Flow.build/Objects-normal/arm64/Flow.SwiftFileList -DSWIFT_PACKAGE -DDEBUG -DXcode -enable-upcoming-feature ExistentialAny -plugin-path /Applications/Xcode.app/Contents/Developer/Toolchains/XcodeDefault.xctoolchain/usr/lib/swift/host/plugins/testing -enable-experimental-feature DebugDescriptionMacro -sdk /Applications/Xcode.app/Contents/Developer/Platforms/iPhoneOS.platform/Developer/SDKs/iPhoneOS18.5.sdk -target arm64-apple-ios16.0 -g -module-cache-path /Users/harishvishwakarma/Library/Developer/Xcode/DerivedData/ModuleCache.noindex -Xfrontend -serialize-debugging-options -enable-testing -suppress-warnings -index-store-path /Users/harishvishwakarma/Library/Developer/Xcode/DerivedData/Revolt-dharrjsambcimaaziudpvzjdcigm/Index.noindex/DataStore -swift-version 6 -I /Users/harishvishwakarma/Library/Developer/Xcode/DerivedData/Revolt-dharrjsambcimaaziudpvzjdcigm/Build/Products/Debug-iphoneos -I /Applications/Xcode.app/Contents/Developer/Platforms/iPhoneOS.platform/Developer/usr/lib -F /Users/harishvishwakarma/Library/Developer/Xcode/DerivedData/Revolt-dharrjsambcimaaziudpvzjdcigm/Build/Products/Debug-iphoneos -F /Applications/Xcode.app/Contents/Developer/Platforms/iPhoneOS.platform/Developer/Library/Frameworks -F /Applications/Xcode.app/Contents/Developer/Platforms/iPhoneOS.platform/Developer/SDKs/iPhoneOS18.5.sdk/Developer/Library/Frameworks -c -j12 -enable-batch-mode -incremental -Xcc -ivfsstatcache -Xcc /Users/harishvishwakarma/Library/Developer/Xcode/DerivedData/SDKStatCaches.noindex/iphoneos18.5-22F76-7fa4eea80a99bbfdc046826b63ec4baf.sdkstatcache -output-file-map /Users/harishvishwakarma/Library/Developer/Xcode/DerivedData/Revolt-dharrjsambcimaaziudpvzjdcigm/Build/Intermediates.noindex/Flow.build/Debug-iphoneos/Flow.build/Objects-normal/arm64/Flow-OutputFileMap.json -use-frontend-parseable-output -save-temps -no-color-diagnostics -serialize-diagnostics -emit-dependencies -emit-module -emit-module-path /Users/harishvishwakarma/Library/Developer/Xcode/DerivedData/Revolt-dharrjsambcimaaziudpvzjdcigm/Build/Intermediates.noindex/Flow.build/Debug-iphoneos/Flow.build/Objects-normal/arm64/Flow.swiftmodule -user-module-version 2.5.0 -validate-clang-modules-once -clang-build-session-file /Users/harishvishwakarma/Library/Developer/Xcode/DerivedData/ModuleCache.noindex/Session.modulevalidation -package-name swiftui_flow -Xcc -I/Users/harishvishwakarma/Library/Developer/Xcode/DerivedData/Revolt-dharrjsambcimaaziudpvzjdcigm/Build/Intermediates.noindex/Flow.build/Debug-iphoneos/Flow.build/swift-overrides.hmap -emit-const-values -Xfrontend -const-gather-protocols-file -Xfrontend /Users/harishvishwakarma/Library/Developer/Xcode/DerivedData/Revolt-dharrjsambcimaaziudpvzjdcigm/Build/Intermediates.noindex/Flow.build/Debug-iphoneos/Flow.build/Objects-normal/arm64/Flow_const_extract_protocols.json -Xcc -I/Users/harishvishwakarma/Library/Developer/Xcode/DerivedData/Revolt-dharrjsambcimaaziudpvzjdcigm/Build/Products/Debug-iphoneos/include -Xcc -I/Users/harishvishwakarma/Library/Developer/Xcode/DerivedData/Revolt-dharrjsambcimaaziudpvzjdcigm/Build/Intermediates.noindex/Flow.build/Debug-iphoneos/Flow.build/DerivedSources-normal/arm64 -Xcc -I/Users/harishvishwakarma/Library/Developer/Xcode/DerivedData/Revolt-dharrjsambcimaaziudpvzjdcigm/Build/Intermediates.noindex/Flow.build/Debug-iphoneos/Flow.build/DerivedSources/arm64 -Xcc -I/Users/harishvishwakarma/Library/Developer/Xcode/DerivedData/Revolt-dharrjsambcimaaziudpvzjdcigm/Build/Intermediates.noindex/Flow.build/Debug-iphoneos/Flow.build/DerivedSources -Xcc -DSWIFT_PACKAGE -Xcc -DDEBUG\=1 -emit-objc-header -emit-objc-header-path /Users/harishvishwakarma/Library/Developer/Xcode/DerivedData/Revolt-dharrjsambcimaaziudpvzjdcigm/Build/Intermediates.noindex/Flow.build/Debug-iphoneos/Flow.build/Objects-normal/arm64/Flow-Swift.h -working-directory /Users/harishvishwakarma/Handy/Archem/pepchat-ios/Revolt.xcodeproj -experimental-emit-module-separately -disable-cmo

SwiftDriverJobDiscovery normal arm64 Compiling GridContentViewsProtocols.swift, GridElement+asGridElements.swift, GridGroup+Init.swift (in target 'ExyteGrid' from project 'ExyteGrid')

SwiftCompile normal arm64 Compiling\ ThematicBreakOptions.swift,\ DownStyler.swift,\ DownStylerConfiguration.swift,\ Styler.swift,\ DownDebugTextView.swift /Users/harishvishwakarma/Library/Developer/Xcode/DerivedData/Revolt-dharrjsambcimaaziudpvzjdcigm/SourcePackages/checkouts/Down/Sources/Down/AST/Styling/Options/ThematicBreakOptions.swift /Users/harishvishwakarma/Library/Developer/Xcode/DerivedData/Revolt-dharrjsambcimaaziudpvzjdcigm/SourcePackages/checkouts/Down/Sources/Down/AST/Styling/Stylers/DownStyler.swift /Users/harishvishwakarma/Library/Developer/Xcode/DerivedData/Revolt-dharrjsambcimaaziudpvzjdcigm/SourcePackages/checkouts/Down/Sources/Down/AST/Styling/Stylers/DownStylerConfiguration.swift /Users/harishvishwakarma/Library/Developer/Xcode/DerivedData/Revolt-dharrjsambcimaaziudpvzjdcigm/SourcePackages/checkouts/Down/Sources/Down/AST/Styling/Stylers/Styler.swift /Users/harishvishwakarma/Library/Developer/Xcode/DerivedData/Revolt-dharrjsambcimaaziudpvzjdcigm/SourcePackages/checkouts/Down/Sources/Down/AST/Styling/Text\ Views/DownDebugTextView.swift (in target 'Down' from project 'Down')
SwiftCompile normal arm64 /Users/harishvishwakarma/Library/Developer/Xcode/DerivedData/Revolt-dharrjsambcimaaziudpvzjdcigm/SourcePackages/checkouts/Down/Sources/Down/AST/Styling/Options/ThematicBreakOptions.swift (in target 'Down' from project 'Down')
    cd /Users/harishvishwakarma/Handy/Archem/pepchat-ios/Revolt.xcodeproj
    

SwiftCompile normal arm64 /Users/harishvishwakarma/Library/Developer/Xcode/DerivedData/Revolt-dharrjsambcimaaziudpvzjdcigm/SourcePackages/checkouts/Down/Sources/Down/AST/Styling/Stylers/DownStyler.swift (in target 'Down' from project 'Down')
    cd /Users/harishvishwakarma/Handy/Archem/pepchat-ios/Revolt.xcodeproj
    

SwiftCompile normal arm64 /Users/harishvishwakarma/Library/Developer/Xcode/DerivedData/Revolt-dharrjsambcimaaziudpvzjdcigm/SourcePackages/checkouts/Down/Sources/Down/AST/Styling/Stylers/DownStylerConfiguration.swift (in target 'Down' from project 'Down')
    cd /Users/harishvishwakarma/Handy/Archem/pepchat-ios/Revolt.xcodeproj
    

SwiftCompile normal arm64 /Users/harishvishwakarma/Library/Developer/Xcode/DerivedData/Revolt-dharrjsambcimaaziudpvzjdcigm/SourcePackages/checkouts/Down/Sources/Down/AST/Styling/Stylers/Styler.swift (in target 'Down' from project 'Down')
    cd /Users/harishvishwakarma/Handy/Archem/pepchat-ios/Revolt.xcodeproj
    

SwiftCompile normal arm64 /Users/harishvishwakarma/Library/Developer/Xcode/DerivedData/Revolt-dharrjsambcimaaziudpvzjdcigm/SourcePackages/checkouts/Down/Sources/Down/AST/Styling/Text\ Views/DownDebugTextView.swift (in target 'Down' from project 'Down')
    cd /Users/harishvishwakarma/Handy/Archem/pepchat-ios/Revolt.xcodeproj
    

SwiftCompile normal arm64 Compiling\ DownTextView.swift,\ AttributedStringVisitor.swift,\ DebugVisitor.swift,\ ListItemPrefixGenerator.swift,\ Visitor.swift /Users/harishvishwakarma/Library/Developer/Xcode/DerivedData/Revolt-dharrjsambcimaaziudpvzjdcigm/SourcePackages/checkouts/Down/Sources/Down/AST/Styling/Text\ Views/DownTextView.swift /Users/harishvishwakarma/Library/Developer/Xcode/DerivedData/Revolt-dharrjsambcimaaziudpvzjdcigm/SourcePackages/checkouts/Down/Sources/Down/AST/Visitors/AttributedStringVisitor.swift /Users/harishvishwakarma/Library/Developer/Xcode/DerivedData/Revolt-dharrjsambcimaaziudpvzjdcigm/SourcePackages/checkouts/Down/Sources/Down/AST/Visitors/DebugVisitor.swift /Users/harishvishwakarma/Library/Developer/Xcode/DerivedData/Revolt-dharrjsambcimaaziudpvzjdcigm/SourcePackages/checkouts/Down/Sources/Down/AST/Visitors/ListItemPrefixGenerator.swift /Users/harishvishwakarma/Library/Developer/Xcode/DerivedData/Revolt-dharrjsambcimaaziudpvzjdcigm/SourcePackages/checkouts/Down/Sources/Down/AST/Visitors/Visitor.swift (in target 'Down' from project 'Down')

SwiftCompile normal arm64 /Users/harishvishwakarma/Library/Developer/Xcode/DerivedData/Revolt-dharrjsambcimaaziudpvzjdcigm/SourcePackages/checkouts/Down/Sources/Down/AST/Styling/Text\ Views/DownTextView.swift (in target 'Down' from project 'Down')
    cd /Users/harishvishwakarma/Handy/Archem/pepchat-ios/Revolt.xcodeproj
    

SwiftCompile normal arm64 /Users/harishvishwakarma/Library/Developer/Xcode/DerivedData/Revolt-dharrjsambcimaaziudpvzjdcigm/SourcePackages/checkouts/Down/Sources/Down/AST/Visitors/AttributedStringVisitor.swift (in target 'Down' from project 'Down')
    cd /Users/harishvishwakarma/Handy/Archem/pepchat-ios/Revolt.xcodeproj
    

SwiftCompile normal arm64 /Users/harishvishwakarma/Library/Developer/Xcode/DerivedData/Revolt-dharrjsambcimaaziudpvzjdcigm/SourcePackages/checkouts/Down/Sources/Down/AST/Visitors/DebugVisitor.swift (in target 'Down' from project 'Down')
    cd /Users/harishvishwakarma/Handy/Archem/pepchat-ios/Revolt.xcodeproj
    

SwiftCompile normal arm64 /Users/harishvishwakarma/Library/Developer/Xcode/DerivedData/Revolt-dharrjsambcimaaziudpvzjdcigm/SourcePackages/checkouts/Down/Sources/Down/AST/Visitors/ListItemPrefixGenerator.swift (in target 'Down' from project 'Down')
    cd /Users/harishvishwakarma/Handy/Archem/pepchat-ios/Revolt.xcodeproj
    

SwiftCompile normal arm64 /Users/harishvishwakarma/Library/Developer/Xcode/DerivedData/Revolt-dharrjsambcimaaziudpvzjdcigm/SourcePackages/checkouts/Down/Sources/Down/AST/Visitors/Visitor.swift (in target 'Down' from project 'Down')
    cd /Users/harishvishwakarma/Handy/Archem/pepchat-ios/Revolt.xcodeproj
    

SwiftDriverJobDiscovery normal arm64 Compiling GridGroup+Inits_Data.swift, View+Environment.swift, View+GridPreferences.swift (in target 'ExyteGrid' from project 'ExyteGrid')

SwiftCompile normal arm64 Compiling\ CGPoint+Translate.swift,\ CGRect+Helpers.swift,\ NSAttributedString+Helpers.swift,\ NSMutableAttributedString+Attributes.swift,\ UIFont+Traits.swift,\ ListItemParagraphStyler.swift /Users/harishvishwakarma/Library/Developer/Xcode/DerivedData/Revolt-dharrjsambcimaaziudpvzjdcigm/SourcePackages/checkouts/Down/Sources/Down/AST/Styling/Helpers/Extensions/CGPoint+Translate.swift /Users/harishvishwakarma/Library/Developer/Xcode/DerivedData/Revolt-dharrjsambcimaaziudpvzjdcigm/SourcePackages/checkouts/Down/Sources/Down/AST/Styling/Helpers/Extensions/CGRect+Helpers.swift /Users/harishvishwakarma/Library/Developer/Xcode/DerivedData/Revolt-dharrjsambcimaaziudpvzjdcigm/SourcePackages/checkouts/Down/Sources/Down/AST/Styling/Helpers/Extensions/NSAttributedString+Helpers.swift /Users/harishvishwakarma/Library/Developer/Xcode/DerivedData/Revolt-dharrjsambcimaaziudpvzjdcigm/SourcePackages/checkouts/Down/Sources/Down/AST/Styling/Helpers/Extensions/NSMutableAttributedString+Attributes.swift /Users/harishvishwakarma/Library/Developer/Xcode/DerivedData/Revolt-dharrjsambcimaaziudpvzjdcigm/SourcePackages/checkouts/Down/Sources/Down/AST/Styling/Helpers/Extensions/UIFont+Traits.swift /Users/harishvishwakarma/Library/Developer/Xcode/DerivedData/Revolt-dharrjsambcimaaziudpvzjdcigm/SourcePackages/checkouts/Down/Sources/Down/AST/Styling/Helpers/ListItemParagraphStyler.swift (in target 'Down' from project 'Down')

SwiftCompile normal arm64 /Users/harishvishwakarma/Library/Developer/Xcode/DerivedData/Revolt-dharrjsambcimaaziudpvzjdcigm/SourcePackages/checkouts/Down/Sources/Down/AST/Styling/Helpers/Extensions/CGPoint+Translate.swift (in target 'Down' from project 'Down')
    cd /Users/harishvishwakarma/Handy/Archem/pepchat-ios/Revolt.xcodeproj
    

SwiftCompile normal arm64 /Users/harishvishwakarma/Library/Developer/Xcode/DerivedData/Revolt-dharrjsambcimaaziudpvzjdcigm/SourcePackages/checkouts/Down/Sources/Down/AST/Styling/Helpers/Extensions/CGRect+Helpers.swift (in target 'Down' from project 'Down')
    cd /Users/harishvishwakarma/Handy/Archem/pepchat-ios/Revolt.xcodeproj
    

SwiftCompile normal arm64 /Users/harishvishwakarma/Library/Developer/Xcode/DerivedData/Revolt-dharrjsambcimaaziudpvzjdcigm/SourcePackages/checkouts/Down/Sources/Down/AST/Styling/Helpers/Extensions/NSAttributedString+Helpers.swift (in target 'Down' from project 'Down')
    cd /Users/harishvishwakarma/Handy/Archem/pepchat-ios/Revolt.xcodeproj
    

SwiftCompile normal arm64 /Users/harishvishwakarma/Library/Developer/Xcode/DerivedData/Revolt-dharrjsambcimaaziudpvzjdcigm/SourcePackages/checkouts/Down/Sources/Down/AST/Styling/Helpers/Extensions/NSMutableAttributedString+Attributes.swift (in target 'Down' from project 'Down')
    cd /Users/harishvishwakarma/Handy/Archem/pepchat-ios/Revolt.xcodeproj
    

SwiftCompile normal arm64 /Users/harishvishwakarma/Library/Developer/Xcode/DerivedData/Revolt-dharrjsambcimaaziudpvzjdcigm/SourcePackages/checkouts/Down/Sources/Down/AST/Styling/Helpers/Extensions/UIFont+Traits.swift (in target 'Down' from project 'Down')
    cd /Users/harishvishwakarma/Handy/Archem/pepchat-ios/Revolt.xcodeproj
    

SwiftCompile normal arm64 /Users/harishvishwakarma/Library/Developer/Xcode/DerivedData/Revolt-dharrjsambcimaaziudpvzjdcigm/SourcePackages/checkouts/Down/Sources/Down/AST/Styling/Helpers/ListItemParagraphStyler.swift (in target 'Down' from project 'Down')
    cd /Users/harishvishwakarma/Handy/Archem/pepchat-ios/Revolt.xcodeproj
    

SwiftDriverJobDiscovery normal arm64 Compiling GridSpan.swift, GridStart.swift, GridTrack.swift (in target 'ExyteGrid' from project 'ExyteGrid')

SwiftCompile normal arm64 Compiling\ resource_bundle_accessor.swift,\ BaseNode.swift,\ BlockQuote.swift,\ ChildSequence.swift,\ Code.swift,\ CodeBlock.swift /Users/harishvishwakarma/Library/Developer/Xcode/DerivedData/Revolt-dharrjsambcimaaziudpvzjdcigm/Build/Intermediates.noindex/Down.build/Debug-iphoneos/Down.build/DerivedSources/resource_bundle_accessor.swift /Users/harishvishwakarma/Library/Developer/Xcode/DerivedData/Revolt-dharrjsambcimaaziudpvzjdcigm/SourcePackages/checkouts/Down/Sources/Down/AST/Nodes/BaseNode.swift /Users/harishvishwakarma/Library/Developer/Xcode/DerivedData/Revolt-dharrjsambcimaaziudpvzjdcigm/SourcePackages/checkouts/Down/Sources/Down/AST/Nodes/BlockQuote.swift /Users/harishvishwakarma/Library/Developer/Xcode/DerivedData/Revolt-dharrjsambcimaaziudpvzjdcigm/SourcePackages/checkouts/Down/Sources/Down/AST/Nodes/ChildSequence.swift /Users/harishvishwakarma/Library/Developer/Xcode/DerivedData/Revolt-dharrjsambcimaaziudpvzjdcigm/SourcePackages/checkouts/Down/Sources/Down/AST/Nodes/Code.swift /Users/harishvishwakarma/Library/Developer/Xcode/DerivedData/Revolt-dharrjsambcimaaziudpvzjdcigm/SourcePackages/checkouts/Down/Sources/Down/AST/Nodes/CodeBlock.swift (in target 'Down' from project 'Down')
SwiftCompile normal arm64 /Users/harishvishwakarma/Library/Developer/Xcode/DerivedData/Revolt-dharrjsambcimaaziudpvzjdcigm/Build/Intermediates.noindex/Down.build/Debug-iphoneos/Down.build/DerivedSources/resource_bundle_accessor.swift (in target 'Down' from project 'Down')
    cd /Users/harishvishwakarma/Handy/Archem/pepchat-ios/Revolt.xcodeproj
    

SwiftCompile normal arm64 /Users/harishvishwakarma/Library/Developer/Xcode/DerivedData/Revolt-dharrjsambcimaaziudpvzjdcigm/SourcePackages/checkouts/Down/Sources/Down/AST/Nodes/BaseNode.swift (in target 'Down' from project 'Down')
    cd /Users/harishvishwakarma/Handy/Archem/pepchat-ios/Revolt.xcodeproj
    

SwiftCompile normal arm64 /Users/harishvishwakarma/Library/Developer/Xcode/DerivedData/Revolt-dharrjsambcimaaziudpvzjdcigm/SourcePackages/checkouts/Down/Sources/Down/AST/Nodes/BlockQuote.swift (in target 'Down' from project 'Down')
    cd /Users/harishvishwakarma/Handy/Archem/pepchat-ios/Revolt.xcodeproj
    

SwiftCompile normal arm64 /Users/harishvishwakarma/Library/Developer/Xcode/DerivedData/Revolt-dharrjsambcimaaziudpvzjdcigm/SourcePackages/checkouts/Down/Sources/Down/AST/Nodes/ChildSequence.swift (in target 'Down' from project 'Down')
    cd /Users/harishvishwakarma/Handy/Archem/pepchat-ios/Revolt.xcodeproj
    

SwiftCompile normal arm64 /Users/harishvishwakarma/Library/Developer/Xcode/DerivedData/Revolt-dharrjsambcimaaziudpvzjdcigm/SourcePackages/checkouts/Down/Sources/Down/AST/Nodes/Code.swift (in target 'Down' from project 'Down')
    cd /Users/harishvishwakarma/Handy/Archem/pepchat-ios/Revolt.xcodeproj
    

SwiftCompile normal arm64 /Users/harishvishwakarma/Library/Developer/Xcode/DerivedData/Revolt-dharrjsambcimaaziudpvzjdcigm/SourcePackages/checkouts/Down/Sources/Down/AST/Nodes/CodeBlock.swift (in target 'Down' from project 'Down')
    cd /Users/harishvishwakarma/Handy/Archem/pepchat-ios/Revolt.xcodeproj
    

SwiftDriverJobDiscovery normal arm64 Compiling GridCellPreference.swift, GridOverlayPreference.swift, GridPreference.swift (in target 'ExyteGrid' from project 'ExyteGrid')

SwiftCompile normal arm64 Compiling\ CustomBlock.swift,\ CustomInline.swift,\ Document.swift,\ Emphasis.swift,\ Heading.swift,\ HtmlBlock.swift /Users/harishvishwakarma/Library/Developer/Xcode/DerivedData/Revolt-dharrjsambcimaaziudpvzjdcigm/SourcePackages/checkouts/Down/Sources/Down/AST/Nodes/CustomBlock.swift /Users/harishvishwakarma/Library/Developer/Xcode/DerivedData/Revolt-dharrjsambcimaaziudpvzjdcigm/SourcePackages/checkouts/Down/Sources/Down/AST/Nodes/CustomInline.swift /Users/harishvishwakarma/Library/Developer/Xcode/DerivedData/Revolt-dharrjsambcimaaziudpvzjdcigm/SourcePackages/checkouts/Down/Sources/Down/AST/Nodes/Document.swift /Users/harishvishwakarma/Library/Developer/Xcode/DerivedData/Revolt-dharrjsambcimaaziudpvzjdcigm/SourcePackages/checkouts/Down/Sources/Down/AST/Nodes/Emphasis.swift /Users/harishvishwakarma/Library/Developer/Xcode/DerivedData/Revolt-dharrjsambcimaaziudpvzjdcigm/SourcePackages/checkouts/Down/Sources/Down/AST/Nodes/Heading.swift /Users/harishvishwakarma/Library/Developer/Xcode/DerivedData/Revolt-dharrjsambcimaaziudpvzjdcigm/SourcePackages/checkouts/Down/Sources/Down/AST/Nodes/HtmlBlock.swift (in target 'Down' from project 'Down')

SwiftCompile normal arm64 /Users/harishvishwakarma/Library/Developer/Xcode/DerivedData/Revolt-dharrjsambcimaaziudpvzjdcigm/SourcePackages/checkouts/Down/Sources/Down/AST/Nodes/CustomBlock.swift (in target 'Down' from project 'Down')
    cd /Users/harishvishwakarma/Handy/Archem/pepchat-ios/Revolt.xcodeproj
    

SwiftCompile normal arm64 /Users/harishvishwakarma/Library/Developer/Xcode/DerivedData/Revolt-dharrjsambcimaaziudpvzjdcigm/SourcePackages/checkouts/Down/Sources/Down/AST/Nodes/CustomInline.swift (in target 'Down' from project 'Down')
    cd /Users/harishvishwakarma/Handy/Archem/pepchat-ios/Revolt.xcodeproj
    

SwiftCompile normal arm64 /Users/harishvishwakarma/Library/Developer/Xcode/DerivedData/Revolt-dharrjsambcimaaziudpvzjdcigm/SourcePackages/checkouts/Down/Sources/Down/AST/Nodes/Document.swift (in target 'Down' from project 'Down')
    cd /Users/harishvishwakarma/Handy/Archem/pepchat-ios/Revolt.xcodeproj
    

SwiftCompile normal arm64 /Users/harishvishwakarma/Library/Developer/Xcode/DerivedData/Revolt-dharrjsambcimaaziudpvzjdcigm/SourcePackages/checkouts/Down/Sources/Down/AST/Nodes/Emphasis.swift (in target 'Down' from project 'Down')
    cd /Users/harishvishwakarma/Handy/Archem/pepchat-ios/Revolt.xcodeproj
    

SwiftCompile normal arm64 /Users/harishvishwakarma/Library/Developer/Xcode/DerivedData/Revolt-dharrjsambcimaaziudpvzjdcigm/SourcePackages/checkouts/Down/Sources/Down/AST/Nodes/Heading.swift (in target 'Down' from project 'Down')
    cd /Users/harishvishwakarma/Handy/Archem/pepchat-ios/Revolt.xcodeproj
    

SwiftCompile normal arm64 /Users/harishvishwakarma/Library/Developer/Xcode/DerivedData/Revolt-dharrjsambcimaaziudpvzjdcigm/SourcePackages/checkouts/Down/Sources/Down/AST/Nodes/HtmlBlock.swift (in target 'Down' from project 'Down')
    cd /Users/harishvishwakarma/Handy/Archem/pepchat-ios/Revolt.xcodeproj
    

SwiftDriverJobDiscovery normal arm64 Compiling Grid.swift, GridGroup.swift, ForEach+GridViewsContaining.swift (in target 'ExyteGrid' from project 'ExyteGrid')

SwiftCompile normal arm64 Compiling\ Down.swift,\ DownErrors.swift,\ DownOptions.swift,\ NSAttributedString+HTML.swift,\ String+ToHTML.swift /Users/harishvishwakarma/Library/Developer/Xcode/DerivedData/Revolt-dharrjsambcimaaziudpvzjdcigm/SourcePackages/checkouts/Down/Sources/Down/Down.swift /Users/harishvishwakarma/Library/Developer/Xcode/DerivedData/Revolt-dharrjsambcimaaziudpvzjdcigm/SourcePackages/checkouts/Down/Sources/Down/Enums\ &\ Options/DownErrors.swift /Users/harishvishwakarma/Library/Developer/Xcode/DerivedData/Revolt-dharrjsambcimaaziudpvzjdcigm/SourcePackages/checkouts/Down/Sources/Down/Enums\ &\ Options/DownOptions.swift /Users/harishvishwakarma/Library/Developer/Xcode/DerivedData/Revolt-dharrjsambcimaaziudpvzjdcigm/SourcePackages/checkouts/Down/Sources/Down/Extensions/NSAttributedString+HTML.swift /Users/harishvishwakarma/Library/Developer/Xcode/DerivedData/Revolt-dharrjsambcimaaziudpvzjdcigm/SourcePackages/checkouts/Down/Sources/Down/Extensions/String+ToHTML.swift (in target 'Down' from project 'Down')
SwiftCompile normal arm64 /Users/harishvishwakarma/Library/Developer/Xcode/DerivedData/Revolt-dharrjsambcimaaziudpvzjdcigm/SourcePackages/checkouts/Down/Sources/Down/Down.swift (in target 'Down' from project 'Down')
    cd /Users/harishvishwakarma/Handy/Archem/pepchat-ios/Revolt.xcodeproj
    

SwiftCompile normal arm64 /Users/harishvishwakarma/Library/Developer/Xcode/DerivedData/Revolt-dharrjsambcimaaziudpvzjdcigm/SourcePackages/checkouts/Down/Sources/Down/Enums\ &\ Options/DownErrors.swift (in target 'Down' from project 'Down')
    cd /Users/harishvishwakarma/Handy/Archem/pepchat-ios/Revolt.xcodeproj
    

SwiftCompile normal arm64 /Users/harishvishwakarma/Library/Developer/Xcode/DerivedData/Revolt-dharrjsambcimaaziudpvzjdcigm/SourcePackages/checkouts/Down/Sources/Down/Enums\ &\ Options/DownOptions.swift (in target 'Down' from project 'Down')
    cd /Users/harishvishwakarma/Handy/Archem/pepchat-ios/Revolt.xcodeproj
    

SwiftCompile normal arm64 /Users/harishvishwakarma/Library/Developer/Xcode/DerivedData/Revolt-dharrjsambcimaaziudpvzjdcigm/SourcePackages/checkouts/Down/Sources/Down/Extensions/NSAttributedString+HTML.swift (in target 'Down' from project 'Down')
    cd /Users/harishvishwakarma/Handy/Archem/pepchat-ios/Revolt.xcodeproj
    

SwiftCompile normal arm64 /Users/harishvishwakarma/Library/Developer/Xcode/DerivedData/Revolt-dharrjsambcimaaziudpvzjdcigm/SourcePackages/checkouts/Down/Sources/Down/Extensions/String+ToHTML.swift (in target 'Down' from project 'Down')
    cd /Users/harishvishwakarma/Handy/Archem/pepchat-ios/Revolt.xcodeproj
    

SwiftDriverJobDiscovery normal arm64 Compiling CGSize+Hashable.swift, LayoutArrangement+description.swift, View+If.swift, LayoutArranging.swift (in target 'ExyteGrid' from project 'ExyteGrid')

SwiftCompile normal arm64 Compiling\ DownDebugLayoutManager.swift,\ DownLayoutManager.swift,\ CodeBlockOptions.swift,\ ListItemOptions.swift,\ QuoteStripeOptions.swift /Users/harishvishwakarma/Library/Developer/Xcode/DerivedData/Revolt-dharrjsambcimaaziudpvzjdcigm/SourcePackages/checkouts/Down/Sources/Down/AST/Styling/Layout\ Managers/DownDebugLayoutManager.swift /Users/harishvishwakarma/Library/Developer/Xcode/DerivedData/Revolt-dharrjsambcimaaziudpvzjdcigm/SourcePackages/checkouts/Down/Sources/Down/AST/Styling/Layout\ Managers/DownLayoutManager.swift /Users/harishvishwakarma/Library/Developer/Xcode/DerivedData/Revolt-dharrjsambcimaaziudpvzjdcigm/SourcePackages/checkouts/Down/Sources/Down/AST/Styling/Options/CodeBlockOptions.swift /Users/harishvishwakarma/Library/Developer/Xcode/DerivedData/Revolt-dharrjsambcimaaziudpvzjdcigm/SourcePackages/checkouts/Down/Sources/Down/AST/Styling/Options/ListItemOptions.swift /Users/harishvishwakarma/Library/Developer/Xcode/DerivedData/Revolt-dharrjsambcimaaziudpvzjdcigm/SourcePackages/checkouts/Down/Sources/Down/AST/Styling/Options/QuoteStripeOptions.swift (in target 'Down' from project 'Down')
SwiftCompile normal arm64 /Users/harishvishwakarma/Library/Developer/Xcode/DerivedData/Revolt-dharrjsambcimaaziudpvzjdcigm/SourcePackages/checkouts/Down/Sources/Down/AST/Styling/Layout\ Managers/DownDebugLayoutManager.swift (in target 'Down' from project 'Down')
    cd /Users/harishvishwakarma/Handy/Archem/pepchat-ios/Revolt.xcodeproj
    

SwiftCompile normal arm64 /Users/harishvishwakarma/Library/Developer/Xcode/DerivedData/Revolt-dharrjsambcimaaziudpvzjdcigm/SourcePackages/checkouts/Down/Sources/Down/AST/Styling/Layout\ Managers/DownLayoutManager.swift (in target 'Down' from project 'Down')
    cd /Users/harishvishwakarma/Handy/Archem/pepchat-ios/Revolt.xcodeproj
    

SwiftCompile normal arm64 /Users/harishvishwakarma/Library/Developer/Xcode/DerivedData/Revolt-dharrjsambcimaaziudpvzjdcigm/SourcePackages/checkouts/Down/Sources/Down/AST/Styling/Options/CodeBlockOptions.swift (in target 'Down' from project 'Down')
    cd /Users/harishvishwakarma/Handy/Archem/pepchat-ios/Revolt.xcodeproj
    

SwiftCompile normal arm64 /Users/harishvishwakarma/Library/Developer/Xcode/DerivedData/Revolt-dharrjsambcimaaziudpvzjdcigm/SourcePackages/checkouts/Down/Sources/Down/AST/Styling/Options/ListItemOptions.swift (in target 'Down' from project 'Down')
    cd /Users/harishvishwakarma/Handy/Archem/pepchat-ios/Revolt.xcodeproj
    

SwiftCompile normal arm64 /Users/harishvishwakarma/Library/Developer/Xcode/DerivedData/Revolt-dharrjsambcimaaziudpvzjdcigm/SourcePackages/checkouts/Down/Sources/Down/AST/Styling/Options/QuoteStripeOptions.swift (in target 'Down' from project 'Down')
    cd /Users/harishvishwakarma/Handy/Archem/pepchat-ios/Revolt.xcodeproj
    

SwiftDriverJobDiscovery normal arm64 Compiling Grid+Init.swift, Grid+Inits_Data.swift, GridBuilder.swift (in target 'ExyteGrid' from project 'ExyteGrid')

SwiftCompile normal arm64 Compiling\ DownLaTeXRenderable.swift,\ DownRenderable.swift,\ DownXMLRenderable.swift,\ BundleHelper.swift,\ DownView.swift /Users/harishvishwakarma/Library/Developer/Xcode/DerivedData/Revolt-dharrjsambcimaaziudpvzjdcigm/SourcePackages/checkouts/Down/Sources/Down/Renderers/DownLaTeXRenderable.swift /Users/harishvishwakarma/Library/Developer/Xcode/DerivedData/Revolt-dharrjsambcimaaziudpvzjdcigm/SourcePackages/checkouts/Down/Sources/Down/Renderers/DownRenderable.swift /Users/harishvishwakarma/Library/Developer/Xcode/DerivedData/Revolt-dharrjsambcimaaziudpvzjdcigm/SourcePackages/checkouts/Down/Sources/Down/Renderers/DownXMLRenderable.swift /Users/harishvishwakarma/Library/Developer/Xcode/DerivedData/Revolt-dharrjsambcimaaziudpvzjdcigm/SourcePackages/checkouts/Down/Sources/Down/Views/BundleHelper.swift /Users/harishvishwakarma/Library/Developer/Xcode/DerivedData/Revolt-dharrjsambcimaaziudpvzjdcigm/SourcePackages/checkouts/Down/Sources/Down/Views/DownView.swift (in target 'Down' from project 'Down')
SwiftCompile normal arm64 /Users/harishvishwakarma/Library/Developer/Xcode/DerivedData/Revolt-dharrjsambcimaaziudpvzjdcigm/SourcePackages/checkouts/Down/Sources/Down/Renderers/DownLaTeXRenderable.swift (in target 'Down' from project 'Down')
    cd /Users/harishvishwakarma/Handy/Archem/pepchat-ios/Revolt.xcodeproj
    

SwiftCompile normal arm64 /Users/harishvishwakarma/Library/Developer/Xcode/DerivedData/Revolt-dharrjsambcimaaziudpvzjdcigm/SourcePackages/checkouts/Down/Sources/Down/Renderers/DownRenderable.swift (in target 'Down' from project 'Down')
    cd /Users/harishvishwakarma/Handy/Archem/pepchat-ios/Revolt.xcodeproj
    

SwiftCompile normal arm64 /Users/harishvishwakarma/Library/Developer/Xcode/DerivedData/Revolt-dharrjsambcimaaziudpvzjdcigm/SourcePackages/checkouts/Down/Sources/Down/Renderers/DownXMLRenderable.swift (in target 'Down' from project 'Down')
    cd /Users/harishvishwakarma/Handy/Archem/pepchat-ios/Revolt.xcodeproj
    

SwiftCompile normal arm64 /Users/harishvishwakarma/Library/Developer/Xcode/DerivedData/Revolt-dharrjsambcimaaziudpvzjdcigm/SourcePackages/checkouts/Down/Sources/Down/Views/BundleHelper.swift (in target 'Down' from project 'Down')
    cd /Users/harishvishwakarma/Handy/Archem/pepchat-ios/Revolt.xcodeproj
    

SwiftCompile normal arm64 /Users/harishvishwakarma/Library/Developer/Xcode/DerivedData/Revolt-dharrjsambcimaaziudpvzjdcigm/SourcePackages/checkouts/Down/Sources/Down/Views/DownView.swift (in target 'Down' from project 'Down')
    cd /Users/harishvishwakarma/Handy/Archem/pepchat-ios/Revolt.xcodeproj
    

SwiftDriverJobDiscovery normal arm64 Compiling Cache.swift, GridCacheMode.swift, Constants.swift, CGRect+Hashable.swift (in target 'ExyteGrid' from project 'ExyteGrid')

SwiftCompile normal arm64 Compiling\ HtmlInline.swift,\ Image.swift,\ Item.swift,\ LineBreak.swift,\ Link.swift,\ List.swift /Users/harishvishwakarma/Library/Developer/Xcode/DerivedData/Revolt-dharrjsambcimaaziudpvzjdcigm/SourcePackages/checkouts/Down/Sources/Down/AST/Nodes/HtmlInline.swift /Users/harishvishwakarma/Library/Developer/Xcode/DerivedData/Revolt-dharrjsambcimaaziudpvzjdcigm/SourcePackages/checkouts/Down/Sources/Down/AST/Nodes/Image.swift /Users/harishvishwakarma/Library/Developer/Xcode/DerivedData/Revolt-dharrjsambcimaaziudpvzjdcigm/SourcePackages/checkouts/Down/Sources/Down/AST/Nodes/Item.swift /Users/harishvishwakarma/Library/Developer/Xcode/DerivedData/Revolt-dharrjsambcimaaziudpvzjdcigm/SourcePackages/checkouts/Down/Sources/Down/AST/Nodes/LineBreak.swift /Users/harishvishwakarma/Library/Developer/Xcode/DerivedData/Revolt-dharrjsambcimaaziudpvzjdcigm/SourcePackages/checkouts/Down/Sources/Down/AST/Nodes/Link.swift /Users/harishvishwakarma/Library/Developer/Xcode/DerivedData/Revolt-dharrjsambcimaaziudpvzjdcigm/SourcePackages/checkouts/Down/Sources/Down/AST/Nodes/List.swift (in target 'Down' from project 'Down')
SwiftCompile normal arm64 /Users/harishvishwakarma/Library/Developer/Xcode/DerivedData/Revolt-dharrjsambcimaaziudpvzjdcigm/SourcePackages/checkouts/Down/Sources/Down/AST/Nodes/HtmlInline.swift (in target 'Down' from project 'Down')
    cd /Users/harishvishwakarma/Handy/Archem/pepchat-ios/Revolt.xcodeproj
    

SwiftCompile normal arm64 /Users/harishvishwakarma/Library/Developer/Xcode/DerivedData/Revolt-dharrjsambcimaaziudpvzjdcigm/SourcePackages/checkouts/Down/Sources/Down/AST/Nodes/Image.swift (in target 'Down' from project 'Down')
    cd /Users/harishvishwakarma/Handy/Archem/pepchat-ios/Revolt.xcodeproj
    

SwiftCompile normal arm64 /Users/harishvishwakarma/Library/Developer/Xcode/DerivedData/Revolt-dharrjsambcimaaziudpvzjdcigm/SourcePackages/checkouts/Down/Sources/Down/AST/Nodes/Item.swift (in target 'Down' from project 'Down')
    cd /Users/harishvishwakarma/Handy/Archem/pepchat-ios/Revolt.xcodeproj
    

SwiftCompile normal arm64 /Users/harishvishwakarma/Library/Developer/Xcode/DerivedData/Revolt-dharrjsambcimaaziudpvzjdcigm/SourcePackages/checkouts/Down/Sources/Down/AST/Nodes/LineBreak.swift (in target 'Down' from project 'Down')
    cd /Users/harishvishwakarma/Handy/Archem/pepchat-ios/Revolt.xcodeproj
    

SwiftCompile normal arm64 /Users/harishvishwakarma/Library/Developer/Xcode/DerivedData/Revolt-dharrjsambcimaaziudpvzjdcigm/SourcePackages/checkouts/Down/Sources/Down/AST/Nodes/Link.swift (in target 'Down' from project 'Down')
    cd /Users/harishvishwakarma/Handy/Archem/pepchat-ios/Revolt.xcodeproj
    

SwiftCompile normal arm64 /Users/harishvishwakarma/Library/Developer/Xcode/DerivedData/Revolt-dharrjsambcimaaziudpvzjdcigm/SourcePackages/checkouts/Down/Sources/Down/AST/Nodes/List.swift (in target 'Down' from project 'Down')
    cd /Users/harishvishwakarma/Handy/Archem/pepchat-ios/Revolt.xcodeproj
    

SwiftDriverJobDiscovery normal arm64 Compiling LayoutArrangement.swift, PositionedItem.swift, GridBackgroundPreference.swift (in target 'ExyteGrid' from project 'ExyteGrid')

SwiftCompile normal arm64 Compiling\ Node.swift,\ Paragraph.swift,\ SoftBreak.swift,\ Strong.swift,\ Text.swift,\ ThematicBreak.swift /Users/harishvishwakarma/Library/Developer/Xcode/DerivedData/Revolt-dharrjsambcimaaziudpvzjdcigm/SourcePackages/checkouts/Down/Sources/Down/AST/Nodes/Node.swift /Users/harishvishwakarma/Library/Developer/Xcode/DerivedData/Revolt-dharrjsambcimaaziudpvzjdcigm/SourcePackages/checkouts/Down/Sources/Down/AST/Nodes/Paragraph.swift /Users/harishvishwakarma/Library/Developer/Xcode/DerivedData/Revolt-dharrjsambcimaaziudpvzjdcigm/SourcePackages/checkouts/Down/Sources/Down/AST/Nodes/SoftBreak.swift /Users/harishvishwakarma/Library/Developer/Xcode/DerivedData/Revolt-dharrjsambcimaaziudpvzjdcigm/SourcePackages/checkouts/Down/Sources/Down/AST/Nodes/Strong.swift /Users/harishvishwakarma/Library/Developer/Xcode/DerivedData/Revolt-dharrjsambcimaaziudpvzjdcigm/SourcePackages/checkouts/Down/Sources/Down/AST/Nodes/Text.swift /Users/harishvishwakarma/Library/Developer/Xcode/DerivedData/Revolt-dharrjsambcimaaziudpvzjdcigm/SourcePackages/checkouts/Down/Sources/Down/AST/Nodes/ThematicBreak.swift (in target 'Down' from project 'Down')

SwiftCompile normal arm64 /Users/harishvishwakarma/Library/Developer/Xcode/DerivedData/Revolt-dharrjsambcimaaziudpvzjdcigm/SourcePackages/checkouts/Down/Sources/Down/AST/Nodes/Node.swift (in target 'Down' from project 'Down')
    cd /Users/harishvishwakarma/Handy/Archem/pepchat-ios/Revolt.xcodeproj
    

SwiftCompile normal arm64 /Users/harishvishwakarma/Library/Developer/Xcode/DerivedData/Revolt-dharrjsambcimaaziudpvzjdcigm/SourcePackages/checkouts/Down/Sources/Down/AST/Nodes/Paragraph.swift (in target 'Down' from project 'Down')
    cd /Users/harishvishwakarma/Handy/Archem/pepchat-ios/Revolt.xcodeproj
    

SwiftCompile normal arm64 /Users/harishvishwakarma/Library/Developer/Xcode/DerivedData/Revolt-dharrjsambcimaaziudpvzjdcigm/SourcePackages/checkouts/Down/Sources/Down/AST/Nodes/SoftBreak.swift (in target 'Down' from project 'Down')
    cd /Users/harishvishwakarma/Handy/Archem/pepchat-ios/Revolt.xcodeproj
    

SwiftCompile normal arm64 /Users/harishvishwakarma/Library/Developer/Xcode/DerivedData/Revolt-dharrjsambcimaaziudpvzjdcigm/SourcePackages/checkouts/Down/Sources/Down/AST/Nodes/Strong.swift (in target 'Down' from project 'Down')
    cd /Users/harishvishwakarma/Handy/Archem/pepchat-ios/Revolt.xcodeproj
    

SwiftCompile normal arm64 /Users/harishvishwakarma/Library/Developer/Xcode/DerivedData/Revolt-dharrjsambcimaaziudpvzjdcigm/SourcePackages/checkouts/Down/Sources/Down/AST/Nodes/Text.swift (in target 'Down' from project 'Down')
    cd /Users/harishvishwakarma/Handy/Archem/pepchat-ios/Revolt.xcodeproj
    

SwiftCompile normal arm64 /Users/harishvishwakarma/Library/Developer/Xcode/DerivedData/Revolt-dharrjsambcimaaziudpvzjdcigm/SourcePackages/checkouts/Down/Sources/Down/AST/Nodes/ThematicBreak.swift (in target 'Down' from project 'Down')
    cd /Users/harishvishwakarma/Handy/Archem/pepchat-ios/Revolt.xcodeproj
    

SwiftDriverJobDiscovery normal arm64 Compiling LayoutPositioning.swift, ArrangedItem.swift, GridAlignment.swift (in target 'ExyteGrid' from project 'ExyteGrid')

SwiftDriver\ Compilation ExyteGrid normal arm64 com.apple.xcode.tools.swift.compiler (in target 'ExyteGrid' from project 'ExyteGrid')
    cd /Users/harishvishwakarma/Handy/Archem/pepchat-ios/Revolt.xcodeproj
    builtin-Swift-Compilation -- /Applications/Xcode.app/Contents/Developer/Toolchains/XcodeDefault.xctoolchain/usr/bin/swiftc -module-name ExyteGrid -Onone -enforce-exclusivity\=checked @/Users/harishvishwakarma/Library/Developer/Xcode/DerivedData/Revolt-dharrjsambcimaaziudpvzjdcigm/Build/Intermediates.noindex/ExyteGrid.build/Debug-iphoneos/ExyteGrid.build/Objects-normal/arm64/ExyteGrid.SwiftFileList -DSWIFT_PACKAGE -DDEBUG -DXcode -plugin-path /Applications/Xcode.app/Contents/Developer/Toolchains/XcodeDefault.xctoolchain/usr/lib/swift/host/plugins/testing -enable-experimental-feature DebugDescriptionMacro -sdk /Applications/Xcode.app/Contents/Developer/Platforms/iPhoneOS.platform/Developer/SDKs/iPhoneOS18.5.sdk -target arm64-apple-ios14.0 -g -module-cache-path /Users/harishvishwakarma/Library/Developer/Xcode/DerivedData/ModuleCache.noindex -Xfrontend -serialize-debugging-options -enable-testing -suppress-warnings -index-store-path /Users/harishvishwakarma/Library/Developer/Xcode/DerivedData/Revolt-dharrjsambcimaaziudpvzjdcigm/Index.noindex/DataStore -swift-version 5 -I /Users/harishvishwakarma/Library/Developer/Xcode/DerivedData/Revolt-dharrjsambcimaaziudpvzjdcigm/Build/Products/Debug-iphoneos -I /Applications/Xcode.app/Contents/Developer/Platforms/iPhoneOS.platform/Developer/usr/lib -F /Users/harishvishwakarma/Library/Developer/Xcode/DerivedData/Revolt-dharrjsambcimaaziudpvzjdcigm/Build/Products/Debug-iphoneos -F /Applications/Xcode.app/Contents/Developer/Platforms/iPhoneOS.platform/Developer/Library/Frameworks -F /Applications/Xcode.app/Contents/Developer/Platforms/iPhoneOS.platform/Developer/SDKs/iPhoneOS18.5.sdk/Developer/Library/Frameworks -c -j12 -enable-batch-mode -incremental -Xcc -ivfsstatcache -Xcc /Users/harishvishwakarma/Library/Developer/Xcode/DerivedData/SDKStatCaches.noindex/iphoneos18.5-22F76-7fa4eea80a99bbfdc046826b63ec4baf.sdkstatcache -output-file-map /Users/harishvishwakarma/Library/Developer/Xcode/DerivedData/Revolt-dharrjsambcimaaziudpvzjdcigm/Build/Intermediates.noindex/ExyteGrid.build/Debug-iphoneos/ExyteGrid.build/Objects-normal/arm64/ExyteGrid-OutputFileMap.json -use-frontend-parseable-output -save-temps -no-color-diagnostics -serialize-diagnostics -emit-dependencies -emit-module -emit-module-path /Users/harishvishwakarma/Library/Developer/Xcode/DerivedData/Revolt-dharrjsambcimaaziudpvzjdcigm/Build/Intermediates.noindex/ExyteGrid.build/Debug-iphoneos/ExyteGrid.build/Objects-normal/arm64/ExyteGrid.swiftmodule -validate-clang-modules-once -clang-build-session-file /Users/harishvishwakarma/Library/Developer/Xcode/DerivedData/ModuleCache.noindex/Session.modulevalidation -Xcc -I/Users/harishvishwakarma/Library/Developer/Xcode/DerivedData/Revolt-dharrjsambcimaaziudpvzjdcigm/Build/Intermediates.noindex/ExyteGrid.build/Debug-iphoneos/ExyteGrid.build/swift-overrides.hmap -emit-const-values -Xfrontend -const-gather-protocols-file -Xfrontend /Users/harishvishwakarma/Library/Developer/Xcode/DerivedData/Revolt-dharrjsambcimaaziudpvzjdcigm/Build/Intermediates.noindex/ExyteGrid.build/Debug-iphoneos/ExyteGrid.build/Objects-normal/arm64/ExyteGrid_const_extract_protocols.json -Xcc -I/Users/harishvishwakarma/Library/Developer/Xcode/DerivedData/Revolt-dharrjsambcimaaziudpvzjdcigm/Build/Products/Debug-iphoneos/include -Xcc -I/Users/harishvishwakarma/Library/Developer/Xcode/DerivedData/Revolt-dharrjsambcimaaziudpvzjdcigm/Build/Intermediates.noindex/ExyteGrid.build/Debug-iphoneos/ExyteGrid.build/DerivedSources-normal/arm64 -Xcc -I/Users/harishvishwakarma/Library/Developer/Xcode/DerivedData/Revolt-dharrjsambcimaaziudpvzjdcigm/Build/Intermediates.noindex/ExyteGrid.build/Debug-iphoneos/ExyteGrid.build/DerivedSources/arm64 -Xcc -I/Users/harishvishwakarma/Library/Developer/Xcode/DerivedData/Revolt-dharrjsambcimaaziudpvzjdcigm/Build/Intermediates.noindex/ExyteGrid.build/Debug-iphoneos/ExyteGrid.build/DerivedSources -Xcc -DSWIFT_PACKAGE -Xcc -DDEBUG\=1 -emit-objc-header -emit-objc-header-path /Users/harishvishwakarma/Library/Developer/Xcode/DerivedData/Revolt-dharrjsambcimaaziudpvzjdcigm/Build/Intermediates.noindex/ExyteGrid.build/Debug-iphoneos/ExyteGrid.build/Objects-normal/arm64/ExyteGrid-Swift.h -working-directory /Users/harishvishwakarma/Handy/Archem/pepchat-ios/Revolt.xcodeproj -experimental-emit-module-separately -disable-cmo

SwiftDriverJobDiscovery normal arm64 Compiling DownASTRenderable.swift, DownAttributedStringRenderable.swift, DownCommonMarkRenderable.swift, DownGroffRenderable.swift, DownHTMLRenderable.swift (in target 'Down' from project 'Down')

SwiftCompile normal arm64 Compiling\ AnyCodable.swift /Users/harishvishwakarma/Library/Developer/Xcode/DerivedData/Revolt-dharrjsambcimaaziudpvzjdcigm/SourcePackages/checkouts/AnyCodable/Sources/AnyCodable/AnyCodable.swift (in target 'AnyCodable' from project 'AnyCodable')
SwiftCompile normal arm64 /Users/harishvishwakarma/Library/Developer/Xcode/DerivedData/Revolt-dharrjsambcimaaziudpvzjdcigm/SourcePackages/checkouts/AnyCodable/Sources/AnyCodable/AnyCodable.swift (in target 'AnyCodable' from project 'AnyCodable')
    cd /Users/harishvishwakarma/Handy/Archem/pepchat-ios/Revolt.xcodeproj
    

SwiftCompile normal arm64 Compiling\ AnyEncodable.swift /Users/harishvishwakarma/Library/Developer/Xcode/DerivedData/Revolt-dharrjsambcimaaziudpvzjdcigm/SourcePackages/checkouts/AnyCodable/Sources/AnyCodable/AnyEncodable.swift (in target 'AnyCodable' from project 'AnyCodable')
SwiftCompile normal arm64 /Users/harishvishwakarma/Library/Developer/Xcode/DerivedData/Revolt-dharrjsambcimaaziudpvzjdcigm/SourcePackages/checkouts/AnyCodable/Sources/AnyCodable/AnyEncodable.swift (in target 'AnyCodable' from project 'AnyCodable')
    cd /Users/harishvishwakarma/Handy/Archem/pepchat-ios/Revolt.xcodeproj
    

SwiftDriverJobDiscovery normal arm64 Compiling ColorCollection.swift, FontCollection.swift, ParagraphStyleCollection.swift, BlockBackgroundColorAttribute.swift, QuoteStripeAttribute.swift, ThematicBreakAttribute.swift (in target 'Down' from project 'Down')

SwiftCompile normal arm64 Compiling\ AnyDecodable.swift /Users/harishvishwakarma/Library/Developer/Xcode/DerivedData/Revolt-dharrjsambcimaaziudpvzjdcigm/SourcePackages/checkouts/AnyCodable/Sources/AnyCodable/AnyDecodable.swift (in target 'AnyCodable' from project 'AnyCodable')
SwiftCompile normal arm64 /Users/harishvishwakarma/Library/Developer/Xcode/DerivedData/Revolt-dharrjsambcimaaziudpvzjdcigm/SourcePackages/checkouts/AnyCodable/Sources/AnyCodable/AnyDecodable.swift (in target 'AnyCodable' from project 'AnyCodable')
    cd /Users/harishvishwakarma/Handy/Archem/pepchat-ios/Revolt.xcodeproj
    

SwiftDriverJobDiscovery normal arm64 Compiling CustomBlock.swift, CustomInline.swift, Document.swift, Emphasis.swift, Heading.swift, HtmlBlock.swift (in target 'Down' from project 'Down')

SwiftCompile normal arm64 Compiling\ Transform.swift /Users/harishvishwakarma/Library/Developer/Xcode/DerivedData/Revolt-dharrjsambcimaaziudpvzjdcigm/SourcePackages/checkouts/swiftui-navigation-transitions/Sources/Animator/Transform.swift (in target 'Animator' from project 'swiftui-navigation-transitions')

SwiftCompile normal arm64 /Users/harishvishwakarma/Library/Developer/Xcode/DerivedData/Revolt-dharrjsambcimaaziudpvzjdcigm/SourcePackages/checkouts/swiftui-navigation-transitions/Sources/Animator/Transform.swift (in target 'Animator' from project 'swiftui-navigation-transitions')
    cd /Users/harishvishwakarma/Handy/Archem/pepchat-ios/Revolt.xcodeproj
    

SwiftCompile normal arm64 Compiling\ AnimatorTransientView.swift /Users/harishvishwakarma/Library/Developer/Xcode/DerivedData/Revolt-dharrjsambcimaaziudpvzjdcigm/SourcePackages/checkouts/swiftui-navigation-transitions/Sources/Animator/AnimatorTransientView.swift (in target 'Animator' from project 'swiftui-navigation-transitions')

SwiftCompile normal arm64 /Users/harishvishwakarma/Library/Developer/Xcode/DerivedData/Revolt-dharrjsambcimaaziudpvzjdcigm/SourcePackages/checkouts/swiftui-navigation-transitions/Sources/Animator/AnimatorTransientView.swift (in target 'Animator' from project 'swiftui-navigation-transitions')
    cd /Users/harishvishwakarma/Handy/Archem/pepchat-ios/Revolt.xcodeproj
    

SwiftDriverJobDiscovery normal arm64 Compiling CGPoint+Translate.swift, CGRect+Helpers.swift, NSAttributedString+Helpers.swift, NSMutableAttributedString+Attributes.swift, UIFont+Traits.swift, ListItemParagraphStyler.swift (in target 'Down' from project 'Down')

SwiftDriverJobDiscovery normal arm64 Compiling DownTextView.swift, AttributedStringVisitor.swift, DebugVisitor.swift, ListItemPrefixGenerator.swift, Visitor.swift (in target 'Down' from project 'Down')

SwiftCompile normal arm64 Compiling\ AnimatorTransientViewProperties.swift /Users/harishvishwakarma/Library/Developer/Xcode/DerivedData/Revolt-dharrjsambcimaaziudpvzjdcigm/SourcePackages/checkouts/swiftui-navigation-transitions/Sources/Animator/AnimatorTransientViewProperties.swift (in target 'Animator' from project 'swiftui-navigation-transitions')
SwiftCompile normal arm64 /Users/harishvishwakarma/Library/Developer/Xcode/DerivedData/Revolt-dharrjsambcimaaziudpvzjdcigm/SourcePackages/checkouts/swiftui-navigation-transitions/Sources/Animator/AnimatorTransientViewProperties.swift (in target 'Animator' from project 'swiftui-navigation-transitions')
    cd /Users/harishvishwakarma/Handy/Archem/pepchat-ios/Revolt.xcodeproj
    

SwiftDriverJobDiscovery normal arm64 Compiling ThematicBreakOptions.swift, DownStyler.swift, DownStylerConfiguration.swift, Styler.swift, DownDebugTextView.swift (in target 'Down' from project 'Down')

SwiftCompile normal arm64 Compiling\ Animator.swift /Users/harishvishwakarma/Library/Developer/Xcode/DerivedData/Revolt-dharrjsambcimaaziudpvzjdcigm/SourcePackages/checkouts/swiftui-navigation-transitions/Sources/Animator/Animator.swift (in target 'Animator' from project 'swiftui-navigation-transitions')

SwiftCompile normal arm64 /Users/harishvishwakarma/Library/Developer/Xcode/DerivedData/Revolt-dharrjsambcimaaziudpvzjdcigm/SourcePackages/checkouts/swiftui-navigation-transitions/Sources/Animator/Animator.swift (in target 'Animator' from project 'swiftui-navigation-transitions')
    cd /Users/harishvishwakarma/Handy/Archem/pepchat-ios/Revolt.xcodeproj
    

SwiftDriverJobDiscovery normal arm64 Compiling resource_bundle_accessor.swift, BaseNode.swift, BlockQuote.swift, ChildSequence.swift, Code.swift, CodeBlock.swift (in target 'Down' from project 'Down')

SwiftCompile normal arm64 Compiling\ OptionalWithDefault.swift /Users/harishvishwakarma/Library/Developer/Xcode/DerivedData/Revolt-dharrjsambcimaaziudpvzjdcigm/SourcePackages/checkouts/swiftui-navigation-transitions/Sources/Animator/OptionalWithDefault.swift (in target 'Animator' from project 'swiftui-navigation-transitions')
SwiftCompile normal arm64 /Users/harishvishwakarma/Library/Developer/Xcode/DerivedData/Revolt-dharrjsambcimaaziudpvzjdcigm/SourcePackages/checkouts/swiftui-navigation-transitions/Sources/Animator/OptionalWithDefault.swift (in target 'Animator' from project 'swiftui-navigation-transitions')
    cd /Users/harishvishwakarma/Handy/Archem/pepchat-ios/Revolt.xcodeproj
    

SwiftDriverJobDiscovery normal arm64 Compiling Down.swift, DownErrors.swift, DownOptions.swift, NSAttributedString+HTML.swift, String+ToHTML.swift (in target 'Down' from project 'Down')

SwiftCompile normal arm64 Compiling\ EaseInOut.swift /Users/harishvishwakarma/Library/Developer/Xcode/DerivedData/Revolt-dharrjsambcimaaziudpvzjdcigm/SourcePackages/checkouts/swiftui-navigation-transitions/Sources/Animation/EaseInOut.swift (in target 'Animation' from project 'swiftui-navigation-transitions')

SwiftCompile normal arm64 /Users/harishvishwakarma/Library/Developer/Xcode/DerivedData/Revolt-dharrjsambcimaaziudpvzjdcigm/SourcePackages/checkouts/swiftui-navigation-transitions/Sources/Animation/EaseInOut.swift (in target 'Animation' from project 'swiftui-navigation-transitions')
    cd /Users/harishvishwakarma/Handy/Archem/pepchat-ios/Revolt.xcodeproj
    

SwiftDriverJobDiscovery normal arm64 Compiling DownDebugLayoutManager.swift, DownLayoutManager.swift, CodeBlockOptions.swift, ListItemOptions.swift, QuoteStripeOptions.swift (in target 'Down' from project 'Down')

SwiftCompile normal arm64 Compiling\ TimingCurve.swift /Users/harishvishwakarma/Library/Developer/Xcode/DerivedData/Revolt-dharrjsambcimaaziudpvzjdcigm/SourcePackages/checkouts/swiftui-navigation-transitions/Sources/Animation/TimingCurve.swift (in target 'Animation' from project 'swiftui-navigation-transitions')
SwiftCompile normal arm64 /Users/harishvishwakarma/Library/Developer/Xcode/DerivedData/Revolt-dharrjsambcimaaziudpvzjdcigm/SourcePackages/checkouts/swiftui-navigation-transitions/Sources/Animation/TimingCurve.swift (in target 'Animation' from project 'swiftui-navigation-transitions')
    cd /Users/harishvishwakarma/Handy/Archem/pepchat-ios/Revolt.xcodeproj
    

SwiftDriverJobDiscovery normal arm64 Compiling Node.swift, Paragraph.swift, SoftBreak.swift, Strong.swift, Text.swift, ThematicBreak.swift (in target 'Down' from project 'Down')

SwiftCompile normal arm64 Compiling\ InterpolatingSpring.swift /Users/harishvishwakarma/Library/Developer/Xcode/DerivedData/Revolt-dharrjsambcimaaziudpvzjdcigm/SourcePackages/checkouts/swiftui-navigation-transitions/Sources/Animation/InterpolatingSpring.swift (in target 'Animation' from project 'swiftui-navigation-transitions')
SwiftCompile normal arm64 /Users/harishvishwakarma/Library/Developer/Xcode/DerivedData/Revolt-dharrjsambcimaaziudpvzjdcigm/SourcePackages/checkouts/swiftui-navigation-transitions/Sources/Animation/InterpolatingSpring.swift (in target 'Animation' from project 'swiftui-navigation-transitions')
    cd /Users/harishvishwakarma/Handy/Archem/pepchat-ios/Revolt.xcodeproj
    

SwiftDriverJobDiscovery normal arm64 Compiling DownLaTeXRenderable.swift, DownRenderable.swift, DownXMLRenderable.swift, BundleHelper.swift, DownView.swift (in target 'Down' from project 'Down')

SwiftCompile normal arm64 Compiling\ Animation.swift /Users/harishvishwakarma/Library/Developer/Xcode/DerivedData/Revolt-dharrjsambcimaaziudpvzjdcigm/SourcePackages/checkouts/swiftui-navigation-transitions/Sources/Animation/Animation.swift (in target 'Animation' from project 'swiftui-navigation-transitions')
SwiftCompile normal arm64 /Users/harishvishwakarma/Library/Developer/Xcode/DerivedData/Revolt-dharrjsambcimaaziudpvzjdcigm/SourcePackages/checkouts/swiftui-navigation-transitions/Sources/Animation/Animation.swift (in target 'Animation' from project 'swiftui-navigation-transitions')
    cd /Users/harishvishwakarma/Handy/Archem/pepchat-ios/Revolt.xcodeproj
    

SwiftDriverJobDiscovery normal arm64 Compiling HtmlInline.swift, Image.swift, Item.swift, LineBreak.swift, Link.swift, List.swift (in target 'Down' from project 'Down')

SwiftDriverJobDiscovery normal arm64 Compiling AnyCodable.swift (in target 'AnyCodable' from project 'AnyCodable')

SwiftDriver\ Compilation Down normal arm64 com.apple.xcode.tools.swift.compiler (in target 'Down' from project 'Down')
    cd /Users/harishvishwakarma/Handy/Archem/pepchat-ios/Revolt.xcodeproj
    builtin-Swift-Compilation -- /Applications/Xcode.app/Contents/Developer/Toolchains/XcodeDefault.xctoolchain/usr/bin/swiftc -module-name Down -Onone -enforce-exclusivity\=checked @/Users/harishvishwakarma/Library/Developer/Xcode/DerivedData/Revolt-dharrjsambcimaaziudpvzjdcigm/Build/Intermediates.noindex/Down.build/Debug-iphoneos/Down.build/Objects-normal/arm64/Down.SwiftFileList -DSWIFT_PACKAGE -DDEBUG -Xcc -fmodule-map-file\=/Users/harishvishwakarma/Library/Developer/Xcode/DerivedData/Revolt-dharrjsambcimaaziudpvzjdcigm/Build/Intermediates.noindex/GeneratedModuleMaps-iphoneos/libcmark.modulemap -DXcode -plugin-path /Applications/Xcode.app/Contents/Developer/Toolchains/XcodeDefault.xctoolchain/usr/lib/swift/host/plugins/testing -enable-experimental-feature DebugDescriptionMacro -sdk /Applications/Xcode.app/Contents/Developer/Platforms/iPhoneOS.platform/Developer/SDKs/iPhoneOS18.5.sdk -target arm64-apple-ios12.0 -g -module-cache-path /Users/harishvishwakarma/Library/Developer/Xcode/DerivedData/ModuleCache.noindex -Xfrontend -serialize-debugging-options -enable-testing -suppress-warnings -index-store-path /Users/harishvishwakarma/Library/Developer/Xcode/DerivedData/Revolt-dharrjsambcimaaziudpvzjdcigm/Index.noindex/DataStore -swift-version 5 -I /Users/harishvishwakarma/Library/Developer/Xcode/DerivedData/Revolt-dharrjsambcimaaziudpvzjdcigm/Build/Products/Debug-iphoneos -I /Applications/Xcode.app/Contents/Developer/Platforms/iPhoneOS.platform/Developer/usr/lib -F /Users/harishvishwakarma/Library/Developer/Xcode/DerivedData/Revolt-dharrjsambcimaaziudpvzjdcigm/Build/Products/Debug-iphoneos/PackageFrameworks -F /Users/harishvishwakarma/Library/Developer/Xcode/DerivedData/Revolt-dharrjsambcimaaziudpvzjdcigm/Build/Products/Debug-iphoneos -F /Applications/Xcode.app/Contents/Developer/Platforms/iPhoneOS.platform/Developer/Library/Frameworks -F /Applications/Xcode.app/Contents/Developer/Platforms/iPhoneOS.platform/Developer/SDKs/iPhoneOS18.5.sdk/Developer/Library/Frameworks -c -j12 -enable-batch-mode -incremental -Xcc -ivfsstatcache -Xcc /Users/harishvishwakarma/Library/Developer/Xcode/DerivedData/SDKStatCaches.noindex/iphoneos18.5-22F76-7fa4eea80a99bbfdc046826b63ec4baf.sdkstatcache -output-file-map /Users/harishvishwakarma/Library/Developer/Xcode/DerivedData/Revolt-dharrjsambcimaaziudpvzjdcigm/Build/Intermediates.noindex/Down.build/Debug-iphoneos/Down.build/Objects-normal/arm64/Down-OutputFileMap.json -use-frontend-parseable-output -save-temps -no-color-diagnostics -serialize-diagnostics -emit-dependencies -emit-module -emit-module-path /Users/harishvishwakarma/Library/Developer/Xcode/DerivedData/Revolt-dharrjsambcimaaziudpvzjdcigm/Build/Intermediates.noindex/Down.build/Debug-iphoneos/Down.build/Objects-normal/arm64/Down.swiftmodule -validate-clang-modules-once -clang-build-session-file /Users/harishvishwakarma/Library/Developer/Xcode/DerivedData/ModuleCache.noindex/Session.modulevalidation -Xcc -I/Users/harishvishwakarma/Library/Developer/Xcode/DerivedData/Revolt-dharrjsambcimaaziudpvzjdcigm/Build/Intermediates.noindex/Down.build/Debug-iphoneos/Down.build/swift-overrides.hmap -emit-const-values -Xfrontend -const-gather-protocols-file -Xfrontend /Users/harishvishwakarma/Library/Developer/Xcode/DerivedData/Revolt-dharrjsambcimaaziudpvzjdcigm/Build/Intermediates.noindex/Down.build/Debug-iphoneos/Down.build/Objects-normal/arm64/Down_const_extract_protocols.json -Xcc -I/Users/harishvishwakarma/Library/Developer/Xcode/DerivedData/Revolt-dharrjsambcimaaziudpvzjdcigm/SourcePackages/checkouts/Down/Sources/cmark -Xcc -I/Users/harishvishwakarma/Library/Developer/Xcode/DerivedData/Revolt-dharrjsambcimaaziudpvzjdcigm/Build/Products/Debug-iphoneos/include -Xcc -I/Users/harishvishwakarma/Library/Developer/Xcode/DerivedData/Revolt-dharrjsambcimaaziudpvzjdcigm/Build/Intermediates.noindex/Down.build/Debug-iphoneos/Down.build/DerivedSources-normal/arm64 -Xcc -I/Users/harishvishwakarma/Library/Developer/Xcode/DerivedData/Revolt-dharrjsambcimaaziudpvzjdcigm/Build/Intermediates.noindex/Down.build/Debug-iphoneos/Down.build/DerivedSources/arm64 -Xcc -I/Users/harishvishwakarma/Library/Developer/Xcode/DerivedData/Revolt-dharrjsambcimaaziudpvzjdcigm/Build/Intermediates.noindex/Down.build/Debug-iphoneos/Down.build/DerivedSources -Xcc -DSWIFT_PACKAGE -Xcc -DDEBUG\=1 -emit-objc-header -emit-objc-header-path /Users/harishvishwakarma/Library/Developer/Xcode/DerivedData/Revolt-dharrjsambcimaaziudpvzjdcigm/Build/Intermediates.noindex/Down.build/Debug-iphoneos/Down.build/Objects-normal/arm64/Down-Swift.h -working-directory /Users/harishvishwakarma/Handy/Archem/pepchat-ios/Revolt.xcodeproj -experimental-emit-module-separately -disable-cmo

SwiftCompile normal arm64 Compiling\ Default.swift /Users/harishvishwakarma/Library/Developer/Xcode/DerivedData/Revolt-dharrjsambcimaaziudpvzjdcigm/SourcePackages/checkouts/swiftui-navigation-transitions/Sources/Animation/Default.swift (in target 'Animation' from project 'swiftui-navigation-transitions')

SwiftCompile normal arm64 /Users/harishvishwakarma/Library/Developer/Xcode/DerivedData/Revolt-dharrjsambcimaaziudpvzjdcigm/SourcePackages/checkouts/swiftui-navigation-transitions/Sources/Animation/Default.swift (in target 'Animation' from project 'swiftui-navigation-transitions')
    cd /Users/harishvishwakarma/Handy/Archem/pepchat-ios/Revolt.xcodeproj
    

SwiftCompile normal arm64 Compiling\ EaseIn.swift /Users/harishvishwakarma/Library/Developer/Xcode/DerivedData/Revolt-dharrjsambcimaaziudpvzjdcigm/SourcePackages/checkouts/swiftui-navigation-transitions/Sources/Animation/EaseIn.swift (in target 'Animation' from project 'swiftui-navigation-transitions')
SwiftCompile normal arm64 /Users/harishvishwakarma/Library/Developer/Xcode/DerivedData/Revolt-dharrjsambcimaaziudpvzjdcigm/SourcePackages/checkouts/swiftui-navigation-transitions/Sources/Animation/EaseIn.swift (in target 'Animation' from project 'swiftui-navigation-transitions')
    cd /Users/harishvishwakarma/Handy/Archem/pepchat-ios/Revolt.xcodeproj
    

SwiftDriverJobDiscovery normal arm64 Compiling AnimatorTransientView.swift (in target 'Animator' from project 'swiftui-navigation-transitions')

SwiftCompile normal arm64 Compiling\ Linear.swift /Users/harishvishwakarma/Library/Developer/Xcode/DerivedData/Revolt-dharrjsambcimaaziudpvzjdcigm/SourcePackages/checkouts/swiftui-navigation-transitions/Sources/Animation/Linear.swift (in target 'Animation' from project 'swiftui-navigation-transitions')

SwiftCompile normal arm64 /Users/harishvishwakarma/Library/Developer/Xcode/DerivedData/Revolt-dharrjsambcimaaziudpvzjdcigm/SourcePackages/checkouts/swiftui-navigation-transitions/Sources/Animation/Linear.swift (in target 'Animation' from project 'swiftui-navigation-transitions')
    cd /Users/harishvishwakarma/Handy/Archem/pepchat-ios/Revolt.xcodeproj
    

SwiftDriverJobDiscovery normal arm64 Compiling AnyEncodable.swift (in target 'AnyCodable' from project 'AnyCodable')

SwiftCompile normal arm64 Compiling\ EaseOut.swift /Users/harishvishwakarma/Library/Developer/Xcode/DerivedData/Revolt-dharrjsambcimaaziudpvzjdcigm/SourcePackages/checkouts/swiftui-navigation-transitions/Sources/Animation/EaseOut.swift (in target 'Animation' from project 'swiftui-navigation-transitions')
SwiftCompile normal arm64 /Users/harishvishwakarma/Library/Developer/Xcode/DerivedData/Revolt-dharrjsambcimaaziudpvzjdcigm/SourcePackages/checkouts/swiftui-navigation-transitions/Sources/Animation/EaseOut.swift (in target 'Animation' from project 'swiftui-navigation-transitions')
    cd /Users/harishvishwakarma/Handy/Archem/pepchat-ios/Revolt.xcodeproj
    

SwiftDriverJobDiscovery normal arm64 Compiling Animator.swift (in target 'Animator' from project 'swiftui-navigation-transitions')

SwiftCompile normal arm64 Compiling\ resource_bundle_accessor.swift,\ Alamofire.swift,\ AFError.swift,\ DataRequest.swift /Users/harishvishwakarma/Library/Developer/Xcode/DerivedData/Revolt-dharrjsambcimaaziudpvzjdcigm/Build/Intermediates.noindex/Alamofire.build/Debug-iphoneos/Alamofire.build/DerivedSources/resource_bundle_accessor.swift /Users/harishvishwakarma/Library/Developer/Xcode/DerivedData/Revolt-dharrjsambcimaaziudpvzjdcigm/SourcePackages/checkouts/Alamofire/Source/Alamofire.swift /Users/harishvishwakarma/Library/Developer/Xcode/DerivedData/Revolt-dharrjsambcimaaziudpvzjdcigm/SourcePackages/checkouts/Alamofire/Source/Core/AFError.swift /Users/harishvishwakarma/Library/Developer/Xcode/DerivedData/Revolt-dharrjsambcimaaziudpvzjdcigm/SourcePackages/checkouts/Alamofire/Source/Core/DataRequest.swift (in target 'Alamofire' from project 'Alamofire')
SwiftCompile normal arm64 /Users/harishvishwakarma/Library/Developer/Xcode/DerivedData/Revolt-dharrjsambcimaaziudpvzjdcigm/Build/Intermediates.noindex/Alamofire.build/Debug-iphoneos/Alamofire.build/DerivedSources/resource_bundle_accessor.swift (in target 'Alamofire' from project 'Alamofire')
    cd /Users/harishvishwakarma/Handy/Archem/pepchat-ios/Revolt.xcodeproj
    

SwiftCompile normal arm64 /Users/harishvishwakarma/Library/Developer/Xcode/DerivedData/Revolt-dharrjsambcimaaziudpvzjdcigm/SourcePackages/checkouts/Alamofire/Source/Alamofire.swift (in target 'Alamofire' from project 'Alamofire')
    cd /Users/harishvishwakarma/Handy/Archem/pepchat-ios/Revolt.xcodeproj
    

SwiftCompile normal arm64 /Users/harishvishwakarma/Library/Developer/Xcode/DerivedData/Revolt-dharrjsambcimaaziudpvzjdcigm/SourcePackages/checkouts/Alamofire/Source/Core/AFError.swift (in target 'Alamofire' from project 'Alamofire')
    cd /Users/harishvishwakarma/Handy/Archem/pepchat-ios/Revolt.xcodeproj
    

SwiftCompile normal arm64 /Users/harishvishwakarma/Library/Developer/Xcode/DerivedData/Revolt-dharrjsambcimaaziudpvzjdcigm/SourcePackages/checkouts/Alamofire/Source/Core/DataRequest.swift (in target 'Alamofire' from project 'Alamofire')
    cd /Users/harishvishwakarma/Handy/Archem/pepchat-ios/Revolt.xcodeproj
    

SwiftDriverJobDiscovery normal arm64 Compiling Transform.swift (in target 'Animator' from project 'swiftui-navigation-transitions')

SwiftCompile normal arm64 Compiling\ ServerTrustEvaluation.swift,\ URLEncodedFormEncoder.swift,\ Validation.swift /Users/harishvishwakarma/Library/Developer/Xcode/DerivedData/Revolt-dharrjsambcimaaziudpvzjdcigm/SourcePackages/checkouts/Alamofire/Source/Features/ServerTrustEvaluation.swift /Users/harishvishwakarma/Library/Developer/Xcode/DerivedData/Revolt-dharrjsambcimaaziudpvzjdcigm/SourcePackages/checkouts/Alamofire/Source/Features/URLEncodedFormEncoder.swift /Users/harishvishwakarma/Library/Developer/Xcode/DerivedData/Revolt-dharrjsambcimaaziudpvzjdcigm/SourcePackages/checkouts/Alamofire/Source/Features/Validation.swift (in target 'Alamofire' from project 'Alamofire')
SwiftCompile normal arm64 /Users/harishvishwakarma/Library/Developer/Xcode/DerivedData/Revolt-dharrjsambcimaaziudpvzjdcigm/SourcePackages/checkouts/Alamofire/Source/Features/ServerTrustEvaluation.swift (in target 'Alamofire' from project 'Alamofire')
    cd /Users/harishvishwakarma/Handy/Archem/pepchat-ios/Revolt.xcodeproj
    

SwiftCompile normal arm64 /Users/harishvishwakarma/Library/Developer/Xcode/DerivedData/Revolt-dharrjsambcimaaziudpvzjdcigm/SourcePackages/checkouts/Alamofire/Source/Features/URLEncodedFormEncoder.swift (in target 'Alamofire' from project 'Alamofire')
    cd /Users/harishvishwakarma/Handy/Archem/pepchat-ios/Revolt.xcodeproj
    

SwiftCompile normal arm64 /Users/harishvishwakarma/Library/Developer/Xcode/DerivedData/Revolt-dharrjsambcimaaziudpvzjdcigm/SourcePackages/checkouts/Alamofire/Source/Features/Validation.swift (in target 'Alamofire' from project 'Alamofire')
    cd /Users/harishvishwakarma/Handy/Archem/pepchat-ios/Revolt.xcodeproj
    

SwiftDriverJobDiscovery normal arm64 Compiling AnyDecodable.swift (in target 'AnyCodable' from project 'AnyCodable')

SwiftDriver\ Compilation AnyCodable normal arm64 com.apple.xcode.tools.swift.compiler (in target 'AnyCodable' from project 'AnyCodable')
    cd /Users/harishvishwakarma/Handy/Archem/pepchat-ios/Revolt.xcodeproj
    builtin-Swift-Compilation -- /Applications/Xcode.app/Contents/Developer/Toolchains/XcodeDefault.xctoolchain/usr/bin/swiftc -module-name AnyCodable -Onone -enforce-exclusivity\=checked @/Users/harishvishwakarma/Library/Developer/Xcode/DerivedData/Revolt-dharrjsambcimaaziudpvzjdcigm/Build/Intermediates.noindex/AnyCodable.build/Debug-iphoneos/AnyCodable.build/Objects-normal/arm64/AnyCodable.SwiftFileList -DSWIFT_PACKAGE -DDEBUG -DXcode -plugin-path /Applications/Xcode.app/Contents/Developer/Toolchains/XcodeDefault.xctoolchain/usr/lib/swift/host/plugins/testing -enable-experimental-feature DebugDescriptionMacro -sdk /Applications/Xcode.app/Contents/Developer/Platforms/iPhoneOS.platform/Developer/SDKs/iPhoneOS18.5.sdk -target arm64-apple-ios12.0 -g -module-cache-path /Users/harishvishwakarma/Library/Developer/Xcode/DerivedData/ModuleCache.noindex -Xfrontend -serialize-debugging-options -enable-testing -suppress-warnings -index-store-path /Users/harishvishwakarma/Library/Developer/Xcode/DerivedData/Revolt-dharrjsambcimaaziudpvzjdcigm/Index.noindex/DataStore -swift-version 5 -I /Users/harishvishwakarma/Library/Developer/Xcode/DerivedData/Revolt-dharrjsambcimaaziudpvzjdcigm/Build/Products/Debug-iphoneos -I /Applications/Xcode.app/Contents/Developer/Platforms/iPhoneOS.platform/Developer/usr/lib -F /Users/harishvishwakarma/Library/Developer/Xcode/DerivedData/Revolt-dharrjsambcimaaziudpvzjdcigm/Build/Products/Debug-iphoneos -F /Applications/Xcode.app/Contents/Developer/Platforms/iPhoneOS.platform/Developer/Library/Frameworks -F /Applications/Xcode.app/Contents/Developer/Platforms/iPhoneOS.platform/Developer/SDKs/iPhoneOS18.5.sdk/Developer/Library/Frameworks -c -j12 -enable-batch-mode -incremental -Xcc -ivfsstatcache -Xcc /Users/harishvishwakarma/Library/Developer/Xcode/DerivedData/SDKStatCaches.noindex/iphoneos18.5-22F76-7fa4eea80a99bbfdc046826b63ec4baf.sdkstatcache -output-file-map /Users/harishvishwakarma/Library/Developer/Xcode/DerivedData/Revolt-dharrjsambcimaaziudpvzjdcigm/Build/Intermediates.noindex/AnyCodable.build/Debug-iphoneos/AnyCodable.build/Objects-normal/arm64/AnyCodable-OutputFileMap.json -use-frontend-parseable-output -save-temps -no-color-diagnostics -serialize-diagnostics -emit-dependencies -emit-module -emit-module-path /Users/harishvishwakarma/Library/Developer/Xcode/DerivedData/Revolt-dharrjsambcimaaziudpvzjdcigm/Build/Intermediates.noindex/AnyCodable.build/Debug-iphoneos/AnyCodable.build/Objects-normal/arm64/AnyCodable.swiftmodule -validate-clang-modules-once -clang-build-session-file /Users/harishvishwakarma/Library/Developer/Xcode/DerivedData/ModuleCache.noindex/Session.modulevalidation -Xcc -I/Users/harishvishwakarma/Library/Developer/Xcode/DerivedData/Revolt-dharrjsambcimaaziudpvzjdcigm/Build/Intermediates.noindex/AnyCodable.build/Debug-iphoneos/AnyCodable.build/swift-overrides.hmap -emit-const-values -Xfrontend -const-gather-protocols-file -Xfrontend /Users/harishvishwakarma/Library/Developer/Xcode/DerivedData/Revolt-dharrjsambcimaaziudpvzjdcigm/Build/Intermediates.noindex/AnyCodable.build/Debug-iphoneos/AnyCodable.build/Objects-normal/arm64/AnyCodable_const_extract_protocols.json -Xcc -I/Users/harishvishwakarma/Library/Developer/Xcode/DerivedData/Revolt-dharrjsambcimaaziudpvzjdcigm/Build/Products/Debug-iphoneos/include -Xcc -I/Users/harishvishwakarma/Library/Developer/Xcode/DerivedData/Revolt-dharrjsambcimaaziudpvzjdcigm/Build/Intermediates.noindex/AnyCodable.build/Debug-iphoneos/AnyCodable.build/DerivedSources-normal/arm64 -Xcc -I/Users/harishvishwakarma/Library/Developer/Xcode/DerivedData/Revolt-dharrjsambcimaaziudpvzjdcigm/Build/Intermediates.noindex/AnyCodable.build/Debug-iphoneos/AnyCodable.build/DerivedSources/arm64 -Xcc -I/Users/harishvishwakarma/Library/Developer/Xcode/DerivedData/Revolt-dharrjsambcimaaziudpvzjdcigm/Build/Intermediates.noindex/AnyCodable.build/Debug-iphoneos/AnyCodable.build/DerivedSources -Xcc -DSWIFT_PACKAGE -Xcc -DDEBUG\=1 -emit-objc-header -emit-objc-header-path /Users/harishvishwakarma/Library/Developer/Xcode/DerivedData/Revolt-dharrjsambcimaaziudpvzjdcigm/Build/Intermediates.noindex/AnyCodable.build/Debug-iphoneos/AnyCodable.build/Objects-normal/arm64/AnyCodable-Swift.h -working-directory /Users/harishvishwakarma/Handy/Archem/pepchat-ios/Revolt.xcodeproj -experimental-emit-module-separately -disable-cmo

SwiftDriverJobDiscovery normal arm64 Compiling AnimatorTransientViewProperties.swift (in target 'Animator' from project 'swiftui-navigation-transitions')

SwiftCompile normal arm64 Compiling\ CachedResponseHandler.swift,\ Combine.swift,\ Concurrency.swift /Users/harishvishwakarma/Library/Developer/Xcode/DerivedData/Revolt-dharrjsambcimaaziudpvzjdcigm/SourcePackages/checkouts/Alamofire/Source/Features/CachedResponseHandler.swift /Users/harishvishwakarma/Library/Developer/Xcode/DerivedData/Revolt-dharrjsambcimaaziudpvzjdcigm/SourcePackages/checkouts/Alamofire/Source/Features/Combine.swift /Users/harishvishwakarma/Library/Developer/Xcode/DerivedData/Revolt-dharrjsambcimaaziudpvzjdcigm/SourcePackages/checkouts/Alamofire/Source/Features/Concurrency.swift (in target 'Alamofire' from project 'Alamofire')

SwiftCompile normal arm64 /Users/harishvishwakarma/Library/Developer/Xcode/DerivedData/Revolt-dharrjsambcimaaziudpvzjdcigm/SourcePackages/checkouts/Alamofire/Source/Features/CachedResponseHandler.swift (in target 'Alamofire' from project 'Alamofire')
    cd /Users/harishvishwakarma/Handy/Archem/pepchat-ios/Revolt.xcodeproj
    

SwiftCompile normal arm64 /Users/harishvishwakarma/Library/Developer/Xcode/DerivedData/Revolt-dharrjsambcimaaziudpvzjdcigm/SourcePackages/checkouts/Alamofire/Source/Features/Combine.swift (in target 'Alamofire' from project 'Alamofire')
    cd /Users/harishvishwakarma/Handy/Archem/pepchat-ios/Revolt.xcodeproj
    

SwiftCompile normal arm64 /Users/harishvishwakarma/Library/Developer/Xcode/DerivedData/Revolt-dharrjsambcimaaziudpvzjdcigm/SourcePackages/checkouts/Alamofire/Source/Features/Concurrency.swift (in target 'Alamofire' from project 'Alamofire')
    cd /Users/harishvishwakarma/Handy/Archem/pepchat-ios/Revolt.xcodeproj
    

SwiftCompile normal arm64 Compiling\ URLRequest+Alamofire.swift,\ URLSessionConfiguration+Alamofire.swift,\ AlamofireExtended.swift,\ AuthenticationInterceptor.swift /Users/harishvishwakarma/Library/Developer/Xcode/DerivedData/Revolt-dharrjsambcimaaziudpvzjdcigm/SourcePackages/checkouts/Alamofire/Source/Extensions/URLRequest+Alamofire.swift /Users/harishvishwakarma/Library/Developer/Xcode/DerivedData/Revolt-dharrjsambcimaaziudpvzjdcigm/SourcePackages/checkouts/Alamofire/Source/Extensions/URLSessionConfiguration+Alamofire.swift /Users/harishvishwakarma/Library/Developer/Xcode/DerivedData/Revolt-dharrjsambcimaaziudpvzjdcigm/SourcePackages/checkouts/Alamofire/Source/Features/AlamofireExtended.swift /Users/harishvishwakarma/Library/Developer/Xcode/DerivedData/Revolt-dharrjsambcimaaziudpvzjdcigm/SourcePackages/checkouts/Alamofire/Source/Features/AuthenticationInterceptor.swift (in target 'Alamofire' from project 'Alamofire')

SwiftCompile normal arm64 /Users/harishvishwakarma/Library/Developer/Xcode/DerivedData/Revolt-dharrjsambcimaaziudpvzjdcigm/SourcePackages/checkouts/Alamofire/Source/Extensions/URLRequest+Alamofire.swift (in target 'Alamofire' from project 'Alamofire')
    cd /Users/harishvishwakarma/Handy/Archem/pepchat-ios/Revolt.xcodeproj
    

SwiftCompile normal arm64 /Users/harishvishwakarma/Library/Developer/Xcode/DerivedData/Revolt-dharrjsambcimaaziudpvzjdcigm/SourcePackages/checkouts/Alamofire/Source/Extensions/URLSessionConfiguration+Alamofire.swift (in target 'Alamofire' from project 'Alamofire')
    cd /Users/harishvishwakarma/Handy/Archem/pepchat-ios/Revolt.xcodeproj
    

SwiftCompile normal arm64 /Users/harishvishwakarma/Library/Developer/Xcode/DerivedData/Revolt-dharrjsambcimaaziudpvzjdcigm/SourcePackages/checkouts/Alamofire/Source/Features/AlamofireExtended.swift (in target 'Alamofire' from project 'Alamofire')
    cd /Users/harishvishwakarma/Handy/Archem/pepchat-ios/Revolt.xcodeproj
    

SwiftCompile normal arm64 /Users/harishvishwakarma/Library/Developer/Xcode/DerivedData/Revolt-dharrjsambcimaaziudpvzjdcigm/SourcePackages/checkouts/Alamofire/Source/Features/AuthenticationInterceptor.swift (in target 'Alamofire' from project 'Alamofire')
    cd /Users/harishvishwakarma/Handy/Archem/pepchat-ios/Revolt.xcodeproj
    

SwiftDriverJobDiscovery normal arm64 Compiling EaseInOut.swift (in target 'Animation' from project 'swiftui-navigation-transitions')

SwiftCompile normal arm64 Compiling\ NetworkReachabilityManager.swift,\ RedirectHandler.swift,\ RequestCompression.swift /Users/harishvishwakarma/Library/Developer/Xcode/DerivedData/Revolt-dharrjsambcimaaziudpvzjdcigm/SourcePackages/checkouts/Alamofire/Source/Features/NetworkReachabilityManager.swift /Users/harishvishwakarma/Library/Developer/Xcode/DerivedData/Revolt-dharrjsambcimaaziudpvzjdcigm/SourcePackages/checkouts/Alamofire/Source/Features/RedirectHandler.swift /Users/harishvishwakarma/Library/Developer/Xcode/DerivedData/Revolt-dharrjsambcimaaziudpvzjdcigm/SourcePackages/checkouts/Alamofire/Source/Features/RequestCompression.swift (in target 'Alamofire' from project 'Alamofire')

SwiftCompile normal arm64 /Users/harishvishwakarma/Library/Developer/Xcode/DerivedData/Revolt-dharrjsambcimaaziudpvzjdcigm/SourcePackages/checkouts/Alamofire/Source/Features/NetworkReachabilityManager.swift (in target 'Alamofire' from project 'Alamofire')
    cd /Users/harishvishwakarma/Handy/Archem/pepchat-ios/Revolt.xcodeproj
    

SwiftCompile normal arm64 /Users/harishvishwakarma/Library/Developer/Xcode/DerivedData/Revolt-dharrjsambcimaaziudpvzjdcigm/SourcePackages/checkouts/Alamofire/Source/Features/RedirectHandler.swift (in target 'Alamofire' from project 'Alamofire')
    cd /Users/harishvishwakarma/Handy/Archem/pepchat-ios/Revolt.xcodeproj
    

SwiftCompile normal arm64 /Users/harishvishwakarma/Library/Developer/Xcode/DerivedData/Revolt-dharrjsambcimaaziudpvzjdcigm/SourcePackages/checkouts/Alamofire/Source/Features/RequestCompression.swift (in target 'Alamofire' from project 'Alamofire')
    cd /Users/harishvishwakarma/Handy/Archem/pepchat-ios/Revolt.xcodeproj
    

SwiftDriverJobDiscovery normal arm64 Compiling OptionalWithDefault.swift (in target 'Animator' from project 'swiftui-navigation-transitions')

SwiftDriver\ Compilation Animator normal arm64 com.apple.xcode.tools.swift.compiler (in target 'Animator' from project 'swiftui-navigation-transitions')
    cd /Users/harishvishwakarma/Handy/Archem/pepchat-ios/Revolt.xcodeproj
    builtin-Swift-Compilation -- /Applications/Xcode.app/Contents/Developer/Toolchains/XcodeDefault.xctoolchain/usr/bin/swiftc -module-name Animator -Onone -enforce-exclusivity\=checked @/Users/harishvishwakarma/Library/Developer/Xcode/DerivedData/Revolt-dharrjsambcimaaziudpvzjdcigm/Build/Intermediates.noindex/swiftui-navigation-transitions.build/Debug-iphoneos/Animator.build/Objects-normal/arm64/Animator.SwiftFileList -DSWIFT_PACKAGE -DDEBUG -DXcode -plugin-path /Applications/Xcode.app/Contents/Developer/Toolchains/XcodeDefault.xctoolchain/usr/lib/swift/host/plugins/testing -enable-experimental-feature DebugDescriptionMacro -sdk /Applications/Xcode.app/Contents/Developer/Platforms/iPhoneOS.platform/Developer/SDKs/iPhoneOS18.5.sdk -target arm64-apple-ios13.0 -g -module-cache-path /Users/harishvishwakarma/Library/Developer/Xcode/DerivedData/ModuleCache.noindex -Xfrontend -serialize-debugging-options -enable-testing -suppress-warnings -index-store-path /Users/harishvishwakarma/Library/Developer/Xcode/DerivedData/Revolt-dharrjsambcimaaziudpvzjdcigm/Index.noindex/DataStore -swift-version 5 -I /Users/harishvishwakarma/Library/Developer/Xcode/DerivedData/Revolt-dharrjsambcimaaziudpvzjdcigm/Build/Products/Debug-iphoneos -I /Applications/Xcode.app/Contents/Developer/Platforms/iPhoneOS.platform/Developer/usr/lib -F /Users/harishvishwakarma/Library/Developer/Xcode/DerivedData/Revolt-dharrjsambcimaaziudpvzjdcigm/Build/Products/Debug-iphoneos -F /Applications/Xcode.app/Contents/Developer/Platforms/iPhoneOS.platform/Developer/Library/Frameworks -F /Applications/Xcode.app/Contents/Developer/Platforms/iPhoneOS.platform/Developer/SDKs/iPhoneOS18.5.sdk/Developer/Library/Frameworks -c -j12 -enable-batch-mode -incremental -Xcc -ivfsstatcache -Xcc /Users/harishvishwakarma/Library/Developer/Xcode/DerivedData/SDKStatCaches.noindex/iphoneos18.5-22F76-7fa4eea80a99bbfdc046826b63ec4baf.sdkstatcache -output-file-map /Users/harishvishwakarma/Library/Developer/Xcode/DerivedData/Revolt-dharrjsambcimaaziudpvzjdcigm/Build/Intermediates.noindex/swiftui-navigation-transitions.build/Debug-iphoneos/Animator.build/Objects-normal/arm64/Animator-OutputFileMap.json -use-frontend-parseable-output -save-temps -no-color-diagnostics -serialize-diagnostics -emit-dependencies -emit-module -emit-module-path /Users/harishvishwakarma/Library/Developer/Xcode/DerivedData/Revolt-dharrjsambcimaaziudpvzjdcigm/Build/Intermediates.noindex/swiftui-navigation-transitions.build/Debug-iphoneos/Animator.build/Objects-normal/arm64/Animator.swiftmodule -validate-clang-modules-once -clang-build-session-file /Users/harishvishwakarma/Library/Developer/Xcode/DerivedData/ModuleCache.noindex/Session.modulevalidation -package-name swiftui_navigation_transitions -Xcc -I/Users/harishvishwakarma/Library/Developer/Xcode/DerivedData/Revolt-dharrjsambcimaaziudpvzjdcigm/Build/Intermediates.noindex/swiftui-navigation-transitions.build/Debug-iphoneos/Animator.build/swift-overrides.hmap -emit-const-values -Xfrontend -const-gather-protocols-file -Xfrontend /Users/harishvishwakarma/Library/Developer/Xcode/DerivedData/Revolt-dharrjsambcimaaziudpvzjdcigm/Build/Intermediates.noindex/swiftui-navigation-transitions.build/Debug-iphoneos/Animator.build/Objects-normal/arm64/Animator_const_extract_protocols.json -Xcc -I/Users/harishvishwakarma/Library/Developer/Xcode/DerivedData/Revolt-dharrjsambcimaaziudpvzjdcigm/Build/Products/Debug-iphoneos/include -Xcc -I/Users/harishvishwakarma/Library/Developer/Xcode/DerivedData/Revolt-dharrjsambcimaaziudpvzjdcigm/Build/Intermediates.noindex/swiftui-navigation-transitions.build/Debug-iphoneos/Animator.build/DerivedSources-normal/arm64 -Xcc -I/Users/harishvishwakarma/Library/Developer/Xcode/DerivedData/Revolt-dharrjsambcimaaziudpvzjdcigm/Build/Intermediates.noindex/swiftui-navigation-transitions.build/Debug-iphoneos/Animator.build/DerivedSources/arm64 -Xcc -I/Users/harishvishwakarma/Library/Developer/Xcode/DerivedData/Revolt-dharrjsambcimaaziudpvzjdcigm/Build/Intermediates.noindex/swiftui-navigation-transitions.build/Debug-iphoneos/Animator.build/DerivedSources -Xcc -DSWIFT_PACKAGE -Xcc -DDEBUG\=1 -emit-objc-header -emit-objc-header-path /Users/harishvishwakarma/Library/Developer/Xcode/DerivedData/Revolt-dharrjsambcimaaziudpvzjdcigm/Build/Intermediates.noindex/swiftui-navigation-transitions.build/Debug-iphoneos/Animator.build/Objects-normal/arm64/Animator-Swift.h -working-directory /Users/harishvishwakarma/Handy/Archem/pepchat-ios/Revolt.xcodeproj -experimental-emit-module-separately -disable-cmo

SwiftDriverJobDiscovery normal arm64 Compiling Default.swift (in target 'Animation' from project 'swiftui-navigation-transitions')

SwiftCompile normal arm64 Compiling\ DispatchQueue+Alamofire.swift,\ OperationQueue+Alamofire.swift,\ Result+Alamofire.swift,\ StringEncoding+Alamofire.swift /Users/harishvishwakarma/Library/Developer/Xcode/DerivedData/Revolt-dharrjsambcimaaziudpvzjdcigm/SourcePackages/checkouts/Alamofire/Source/Extensions/DispatchQueue+Alamofire.swift /Users/harishvishwakarma/Library/Developer/Xcode/DerivedData/Revolt-dharrjsambcimaaziudpvzjdcigm/SourcePackages/checkouts/Alamofire/Source/Extensions/OperationQueue+Alamofire.swift /Users/harishvishwakarma/Library/Developer/Xcode/DerivedData/Revolt-dharrjsambcimaaziudpvzjdcigm/SourcePackages/checkouts/Alamofire/Source/Extensions/Result+Alamofire.swift /Users/harishvishwakarma/Library/Developer/Xcode/DerivedData/Revolt-dharrjsambcimaaziudpvzjdcigm/SourcePackages/checkouts/Alamofire/Source/Extensions/StringEncoding+Alamofire.swift (in target 'Alamofire' from project 'Alamofire')

SwiftCompile normal arm64 /Users/harishvishwakarma/Library/Developer/Xcode/DerivedData/Revolt-dharrjsambcimaaziudpvzjdcigm/SourcePackages/checkouts/Alamofire/Source/Extensions/DispatchQueue+Alamofire.swift (in target 'Alamofire' from project 'Alamofire')
    cd /Users/harishvishwakarma/Handy/Archem/pepchat-ios/Revolt.xcodeproj
    

SwiftCompile normal arm64 /Users/harishvishwakarma/Library/Developer/Xcode/DerivedData/Revolt-dharrjsambcimaaziudpvzjdcigm/SourcePackages/checkouts/Alamofire/Source/Extensions/OperationQueue+Alamofire.swift (in target 'Alamofire' from project 'Alamofire')
    cd /Users/harishvishwakarma/Handy/Archem/pepchat-ios/Revolt.xcodeproj
    

SwiftCompile normal arm64 /Users/harishvishwakarma/Library/Developer/Xcode/DerivedData/Revolt-dharrjsambcimaaziudpvzjdcigm/SourcePackages/checkouts/Alamofire/Source/Extensions/Result+Alamofire.swift (in target 'Alamofire' from project 'Alamofire')
    cd /Users/harishvishwakarma/Handy/Archem/pepchat-ios/Revolt.xcodeproj
    

SwiftCompile normal arm64 /Users/harishvishwakarma/Library/Developer/Xcode/DerivedData/Revolt-dharrjsambcimaaziudpvzjdcigm/SourcePackages/checkouts/Alamofire/Source/Extensions/StringEncoding+Alamofire.swift (in target 'Alamofire' from project 'Alamofire')
    cd /Users/harishvishwakarma/Handy/Archem/pepchat-ios/Revolt.xcodeproj
    

SwiftCompile normal arm64 Compiling\ SessionDelegate.swift,\ URLConvertible+URLRequestConvertible.swift,\ UploadRequest.swift,\ WebSocketRequest.swift /Users/harishvishwakarma/Library/Developer/Xcode/DerivedData/Revolt-dharrjsambcimaaziudpvzjdcigm/SourcePackages/checkouts/Alamofire/Source/Core/SessionDelegate.swift /Users/harishvishwakarma/Library/Developer/Xcode/DerivedData/Revolt-dharrjsambcimaaziudpvzjdcigm/SourcePackages/checkouts/Alamofire/Source/Core/URLConvertible+URLRequestConvertible.swift /Users/harishvishwakarma/Library/Developer/Xcode/DerivedData/Revolt-dharrjsambcimaaziudpvzjdcigm/SourcePackages/checkouts/Alamofire/Source/Core/UploadRequest.swift /Users/harishvishwakarma/Library/Developer/Xcode/DerivedData/Revolt-dharrjsambcimaaziudpvzjdcigm/SourcePackages/checkouts/Alamofire/Source/Core/WebSocketRequest.swift (in target 'Alamofire' from project 'Alamofire')
SwiftCompile normal arm64 /Users/harishvishwakarma/Library/Developer/Xcode/DerivedData/Revolt-dharrjsambcimaaziudpvzjdcigm/SourcePackages/checkouts/Alamofire/Source/Core/SessionDelegate.swift (in target 'Alamofire' from project 'Alamofire')
    cd /Users/harishvishwakarma/Handy/Archem/pepchat-ios/Revolt.xcodeproj
    

SwiftCompile normal arm64 /Users/harishvishwakarma/Library/Developer/Xcode/DerivedData/Revolt-dharrjsambcimaaziudpvzjdcigm/SourcePackages/checkouts/Alamofire/Source/Core/URLConvertible+URLRequestConvertible.swift (in target 'Alamofire' from project 'Alamofire')
    cd /Users/harishvishwakarma/Handy/Archem/pepchat-ios/Revolt.xcodeproj
    

SwiftCompile normal arm64 /Users/harishvishwakarma/Library/Developer/Xcode/DerivedData/Revolt-dharrjsambcimaaziudpvzjdcigm/SourcePackages/checkouts/Alamofire/Source/Core/UploadRequest.swift (in target 'Alamofire' from project 'Alamofire')
    cd /Users/harishvishwakarma/Handy/Archem/pepchat-ios/Revolt.xcodeproj
    

SwiftCompile normal arm64 /Users/harishvishwakarma/Library/Developer/Xcode/DerivedData/Revolt-dharrjsambcimaaziudpvzjdcigm/SourcePackages/checkouts/Alamofire/Source/Core/WebSocketRequest.swift (in target 'Alamofire' from project 'Alamofire')
    cd /Users/harishvishwakarma/Handy/Archem/pepchat-ios/Revolt.xcodeproj
    

SwiftDriverJobDiscovery normal arm64 Compiling TimingCurve.swift (in target 'Animation' from project 'swiftui-navigation-transitions')

SwiftCompile normal arm64 Compiling\ RequestInterceptor.swift,\ ResponseSerialization.swift,\ RetryPolicy.swift /Users/harishvishwakarma/Library/Developer/Xcode/DerivedData/Revolt-dharrjsambcimaaziudpvzjdcigm/SourcePackages/checkouts/Alamofire/Source/Features/RequestInterceptor.swift /Users/harishvishwakarma/Library/Developer/Xcode/DerivedData/Revolt-dharrjsambcimaaziudpvzjdcigm/SourcePackages/checkouts/Alamofire/Source/Features/ResponseSerialization.swift /Users/harishvishwakarma/Library/Developer/Xcode/DerivedData/Revolt-dharrjsambcimaaziudpvzjdcigm/SourcePackages/checkouts/Alamofire/Source/Features/RetryPolicy.swift (in target 'Alamofire' from project 'Alamofire')

SwiftCompile normal arm64 /Users/harishvishwakarma/Library/Developer/Xcode/DerivedData/Revolt-dharrjsambcimaaziudpvzjdcigm/SourcePackages/checkouts/Alamofire/Source/Features/RequestInterceptor.swift (in target 'Alamofire' from project 'Alamofire')
    cd /Users/harishvishwakarma/Handy/Archem/pepchat-ios/Revolt.xcodeproj
    

SwiftCompile normal arm64 /Users/harishvishwakarma/Library/Developer/Xcode/DerivedData/Revolt-dharrjsambcimaaziudpvzjdcigm/SourcePackages/checkouts/Alamofire/Source/Features/ResponseSerialization.swift (in target 'Alamofire' from project 'Alamofire')
    cd /Users/harishvishwakarma/Handy/Archem/pepchat-ios/Revolt.xcodeproj
    

SwiftCompile normal arm64 /Users/harishvishwakarma/Library/Developer/Xcode/DerivedData/Revolt-dharrjsambcimaaziudpvzjdcigm/SourcePackages/checkouts/Alamofire/Source/Features/RetryPolicy.swift (in target 'Alamofire' from project 'Alamofire')
    cd /Users/harishvishwakarma/Handy/Archem/pepchat-ios/Revolt.xcodeproj
    

SwiftDriverJobDiscovery normal arm64 Compiling InterpolatingSpring.swift (in target 'Animation' from project 'swiftui-navigation-transitions')

SwiftCompile normal arm64 Compiling\ Request.swift,\ RequestTaskMap.swift,\ Response.swift,\ Session.swift /Users/harishvishwakarma/Library/Developer/Xcode/DerivedData/Revolt-dharrjsambcimaaziudpvzjdcigm/SourcePackages/checkouts/Alamofire/Source/Core/Request.swift /Users/harishvishwakarma/Library/Developer/Xcode/DerivedData/Revolt-dharrjsambcimaaziudpvzjdcigm/SourcePackages/checkouts/Alamofire/Source/Core/RequestTaskMap.swift /Users/harishvishwakarma/Library/Developer/Xcode/DerivedData/Revolt-dharrjsambcimaaziudpvzjdcigm/SourcePackages/checkouts/Alamofire/Source/Core/Response.swift /Users/harishvishwakarma/Library/Developer/Xcode/DerivedData/Revolt-dharrjsambcimaaziudpvzjdcigm/SourcePackages/checkouts/Alamofire/Source/Core/Session.swift (in target 'Alamofire' from project 'Alamofire')
SwiftCompile normal arm64 /Users/harishvishwakarma/Library/Developer/Xcode/DerivedData/Revolt-dharrjsambcimaaziudpvzjdcigm/SourcePackages/checkouts/Alamofire/Source/Core/Request.swift (in target 'Alamofire' from project 'Alamofire')
    cd /Users/harishvishwakarma/Handy/Archem/pepchat-ios/Revolt.xcodeproj
    

SwiftCompile normal arm64 /Users/harishvishwakarma/Library/Developer/Xcode/DerivedData/Revolt-dharrjsambcimaaziudpvzjdcigm/SourcePackages/checkouts/Alamofire/Source/Core/RequestTaskMap.swift (in target 'Alamofire' from project 'Alamofire')
    cd /Users/harishvishwakarma/Handy/Archem/pepchat-ios/Revolt.xcodeproj
    

SwiftCompile normal arm64 /Users/harishvishwakarma/Library/Developer/Xcode/DerivedData/Revolt-dharrjsambcimaaziudpvzjdcigm/SourcePackages/checkouts/Alamofire/Source/Core/Response.swift (in target 'Alamofire' from project 'Alamofire')
    cd /Users/harishvishwakarma/Handy/Archem/pepchat-ios/Revolt.xcodeproj
    

SwiftCompile normal arm64 /Users/harishvishwakarma/Library/Developer/Xcode/DerivedData/Revolt-dharrjsambcimaaziudpvzjdcigm/SourcePackages/checkouts/Alamofire/Source/Core/Session.swift (in target 'Alamofire' from project 'Alamofire')
    cd /Users/harishvishwakarma/Handy/Archem/pepchat-ios/Revolt.xcodeproj
    

SwiftDriverJobDiscovery normal arm64 Compiling Animation.swift (in target 'Animation' from project 'swiftui-navigation-transitions')

SwiftCompile normal arm64 Compiling\ DataStreamRequest.swift,\ DownloadRequest.swift,\ HTTPHeaders.swift,\ HTTPMethod.swift /Users/harishvishwakarma/Library/Developer/Xcode/DerivedData/Revolt-dharrjsambcimaaziudpvzjdcigm/SourcePackages/checkouts/Alamofire/Source/Core/DataStreamRequest.swift /Users/harishvishwakarma/Library/Developer/Xcode/DerivedData/Revolt-dharrjsambcimaaziudpvzjdcigm/SourcePackages/checkouts/Alamofire/Source/Core/DownloadRequest.swift /Users/harishvishwakarma/Library/Developer/Xcode/DerivedData/Revolt-dharrjsambcimaaziudpvzjdcigm/SourcePackages/checkouts/Alamofire/Source/Core/HTTPHeaders.swift /Users/harishvishwakarma/Library/Developer/Xcode/DerivedData/Revolt-dharrjsambcimaaziudpvzjdcigm/SourcePackages/checkouts/Alamofire/Source/Core/HTTPMethod.swift (in target 'Alamofire' from project 'Alamofire')

SwiftCompile normal arm64 /Users/harishvishwakarma/Library/Developer/Xcode/DerivedData/Revolt-dharrjsambcimaaziudpvzjdcigm/SourcePackages/checkouts/Alamofire/Source/Core/DataStreamRequest.swift (in target 'Alamofire' from project 'Alamofire')
    cd /Users/harishvishwakarma/Handy/Archem/pepchat-ios/Revolt.xcodeproj
    

SwiftCompile normal arm64 /Users/harishvishwakarma/Library/Developer/Xcode/DerivedData/Revolt-dharrjsambcimaaziudpvzjdcigm/SourcePackages/checkouts/Alamofire/Source/Core/DownloadRequest.swift (in target 'Alamofire' from project 'Alamofire')
    cd /Users/harishvishwakarma/Handy/Archem/pepchat-ios/Revolt.xcodeproj
    

SwiftCompile normal arm64 /Users/harishvishwakarma/Library/Developer/Xcode/DerivedData/Revolt-dharrjsambcimaaziudpvzjdcigm/SourcePackages/checkouts/Alamofire/Source/Core/HTTPHeaders.swift (in target 'Alamofire' from project 'Alamofire')
    cd /Users/harishvishwakarma/Handy/Archem/pepchat-ios/Revolt.xcodeproj
    

SwiftCompile normal arm64 /Users/harishvishwakarma/Library/Developer/Xcode/DerivedData/Revolt-dharrjsambcimaaziudpvzjdcigm/SourcePackages/checkouts/Alamofire/Source/Core/HTTPMethod.swift (in target 'Alamofire' from project 'Alamofire')
    cd /Users/harishvishwakarma/Handy/Archem/pepchat-ios/Revolt.xcodeproj
    

SwiftDriverJobDiscovery normal arm64 Compiling Linear.swift (in target 'Animation' from project 'swiftui-navigation-transitions')

SwiftCompile normal arm64 Compiling\ EventMonitor.swift,\ MultipartFormData.swift,\ MultipartUpload.swift /Users/harishvishwakarma/Library/Developer/Xcode/DerivedData/Revolt-dharrjsambcimaaziudpvzjdcigm/SourcePackages/checkouts/Alamofire/Source/Features/EventMonitor.swift /Users/harishvishwakarma/Library/Developer/Xcode/DerivedData/Revolt-dharrjsambcimaaziudpvzjdcigm/SourcePackages/checkouts/Alamofire/Source/Features/MultipartFormData.swift /Users/harishvishwakarma/Library/Developer/Xcode/DerivedData/Revolt-dharrjsambcimaaziudpvzjdcigm/SourcePackages/checkouts/Alamofire/Source/Features/MultipartUpload.swift (in target 'Alamofire' from project 'Alamofire')

SwiftCompile normal arm64 /Users/harishvishwakarma/Library/Developer/Xcode/DerivedData/Revolt-dharrjsambcimaaziudpvzjdcigm/SourcePackages/checkouts/Alamofire/Source/Features/EventMonitor.swift (in target 'Alamofire' from project 'Alamofire')
    cd /Users/harishvishwakarma/Handy/Archem/pepchat-ios/Revolt.xcodeproj
    

SwiftCompile normal arm64 /Users/harishvishwakarma/Library/Developer/Xcode/DerivedData/Revolt-dharrjsambcimaaziudpvzjdcigm/SourcePackages/checkouts/Alamofire/Source/Features/MultipartFormData.swift (in target 'Alamofire' from project 'Alamofire')
    cd /Users/harishvishwakarma/Handy/Archem/pepchat-ios/Revolt.xcodeproj
    

SwiftCompile normal arm64 /Users/harishvishwakarma/Library/Developer/Xcode/DerivedData/Revolt-dharrjsambcimaaziudpvzjdcigm/SourcePackages/checkouts/Alamofire/Source/Features/MultipartUpload.swift (in target 'Alamofire' from project 'Alamofire')
    cd /Users/harishvishwakarma/Handy/Archem/pepchat-ios/Revolt.xcodeproj
    

SwiftDriverJobDiscovery normal arm64 Compiling EaseOut.swift (in target 'Animation' from project 'swiftui-navigation-transitions')

SwiftCompile normal arm64 Compiling\ Notifications.swift,\ ParameterEncoder.swift,\ ParameterEncoding.swift,\ Protected.swift /Users/harishvishwakarma/Library/Developer/Xcode/DerivedData/Revolt-dharrjsambcimaaziudpvzjdcigm/SourcePackages/checkouts/Alamofire/Source/Core/Notifications.swift /Users/harishvishwakarma/Library/Developer/Xcode/DerivedData/Revolt-dharrjsambcimaaziudpvzjdcigm/SourcePackages/checkouts/Alamofire/Source/Core/ParameterEncoder.swift /Users/harishvishwakarma/Library/Developer/Xcode/DerivedData/Revolt-dharrjsambcimaaziudpvzjdcigm/SourcePackages/checkouts/Alamofire/Source/Core/ParameterEncoding.swift /Users/harishvishwakarma/Library/Developer/Xcode/DerivedData/Revolt-dharrjsambcimaaziudpvzjdcigm/SourcePackages/checkouts/Alamofire/Source/Core/Protected.swift (in target 'Alamofire' from project 'Alamofire')

SwiftCompile normal arm64 /Users/harishvishwakarma/Library/Developer/Xcode/DerivedData/Revolt-dharrjsambcimaaziudpvzjdcigm/SourcePackages/checkouts/Alamofire/Source/Core/Notifications.swift (in target 'Alamofire' from project 'Alamofire')
    cd /Users/harishvishwakarma/Handy/Archem/pepchat-ios/Revolt.xcodeproj
    

SwiftCompile normal arm64 /Users/harishvishwakarma/Library/Developer/Xcode/DerivedData/Revolt-dharrjsambcimaaziudpvzjdcigm/SourcePackages/checkouts/Alamofire/Source/Core/ParameterEncoder.swift (in target 'Alamofire' from project 'Alamofire')
    cd /Users/harishvishwakarma/Handy/Archem/pepchat-ios/Revolt.xcodeproj
    

SwiftCompile normal arm64 /Users/harishvishwakarma/Library/Developer/Xcode/DerivedData/Revolt-dharrjsambcimaaziudpvzjdcigm/SourcePackages/checkouts/Alamofire/Source/Core/ParameterEncoding.swift (in target 'Alamofire' from project 'Alamofire')
    cd /Users/harishvishwakarma/Handy/Archem/pepchat-ios/Revolt.xcodeproj
    

SwiftCompile normal arm64 /Users/harishvishwakarma/Library/Developer/Xcode/DerivedData/Revolt-dharrjsambcimaaziudpvzjdcigm/SourcePackages/checkouts/Alamofire/Source/Core/Protected.swift (in target 'Alamofire' from project 'Alamofire')
    cd /Users/harishvishwakarma/Handy/Archem/pepchat-ios/Revolt.xcodeproj
    

SwiftDriverJobDiscovery normal arm64 Compiling EaseIn.swift (in target 'Animation' from project 'swiftui-navigation-transitions')

SwiftDriver\ Compilation Animation normal arm64 com.apple.xcode.tools.swift.compiler (in target 'Animation' from project 'swiftui-navigation-transitions')
    cd /Users/harishvishwakarma/Handy/Archem/pepchat-ios/Revolt.xcodeproj
    builtin-Swift-Compilation -- /Applications/Xcode.app/Contents/Developer/Toolchains/XcodeDefault.xctoolchain/usr/bin/swiftc -module-name Animation -Onone -enforce-exclusivity\=checked @/Users/harishvishwakarma/Library/Developer/Xcode/DerivedData/Revolt-dharrjsambcimaaziudpvzjdcigm/Build/Intermediates.noindex/swiftui-navigation-transitions.build/Debug-iphoneos/Animation.build/Objects-normal/arm64/Animation.SwiftFileList -DSWIFT_PACKAGE -DDEBUG -DXcode -plugin-path /Applications/Xcode.app/Contents/Developer/Toolchains/XcodeDefault.xctoolchain/usr/lib/swift/host/plugins/testing -enable-experimental-feature DebugDescriptionMacro -sdk /Applications/Xcode.app/Contents/Developer/Platforms/iPhoneOS.platform/Developer/SDKs/iPhoneOS18.5.sdk -target arm64-apple-ios13.0 -g -module-cache-path /Users/harishvishwakarma/Library/Developer/Xcode/DerivedData/ModuleCache.noindex -Xfrontend -serialize-debugging-options -enable-testing -suppress-warnings -index-store-path /Users/harishvishwakarma/Library/Developer/Xcode/DerivedData/Revolt-dharrjsambcimaaziudpvzjdcigm/Index.noindex/DataStore -swift-version 5 -I /Users/harishvishwakarma/Library/Developer/Xcode/DerivedData/Revolt-dharrjsambcimaaziudpvzjdcigm/Build/Products/Debug-iphoneos -I /Applications/Xcode.app/Contents/Developer/Platforms/iPhoneOS.platform/Developer/usr/lib -F /Users/harishvishwakarma/Library/Developer/Xcode/DerivedData/Revolt-dharrjsambcimaaziudpvzjdcigm/Build/Products/Debug-iphoneos -F /Applications/Xcode.app/Contents/Developer/Platforms/iPhoneOS.platform/Developer/Library/Frameworks -F /Applications/Xcode.app/Contents/Developer/Platforms/iPhoneOS.platform/Developer/SDKs/iPhoneOS18.5.sdk/Developer/Library/Frameworks -c -j12 -enable-batch-mode -incremental -Xcc -ivfsstatcache -Xcc /Users/harishvishwakarma/Library/Developer/Xcode/DerivedData/SDKStatCaches.noindex/iphoneos18.5-22F76-7fa4eea80a99bbfdc046826b63ec4baf.sdkstatcache -output-file-map /Users/harishvishwakarma/Library/Developer/Xcode/DerivedData/Revolt-dharrjsambcimaaziudpvzjdcigm/Build/Intermediates.noindex/swiftui-navigation-transitions.build/Debug-iphoneos/Animation.build/Objects-normal/arm64/Animation-OutputFileMap.json -use-frontend-parseable-output -save-temps -no-color-diagnostics -serialize-diagnostics -emit-dependencies -emit-module -emit-module-path /Users/harishvishwakarma/Library/Developer/Xcode/DerivedData/Revolt-dharrjsambcimaaziudpvzjdcigm/Build/Intermediates.noindex/swiftui-navigation-transitions.build/Debug-iphoneos/Animation.build/Objects-normal/arm64/Animation.swiftmodule -validate-clang-modules-once -clang-build-session-file /Users/harishvishwakarma/Library/Developer/Xcode/DerivedData/ModuleCache.noindex/Session.modulevalidation -package-name swiftui_navigation_transitions -Xcc -I/Users/harishvishwakarma/Library/Developer/Xcode/DerivedData/Revolt-dharrjsambcimaaziudpvzjdcigm/Build/Intermediates.noindex/swiftui-navigation-transitions.build/Debug-iphoneos/Animation.build/swift-overrides.hmap -emit-const-values -Xfrontend -const-gather-protocols-file -Xfrontend /Users/harishvishwakarma/Library/Developer/Xcode/DerivedData/Revolt-dharrjsambcimaaziudpvzjdcigm/Build/Intermediates.noindex/swiftui-navigation-transitions.build/Debug-iphoneos/Animation.build/Objects-normal/arm64/Animation_const_extract_protocols.json -Xcc -I/Users/harishvishwakarma/Library/Developer/Xcode/DerivedData/Revolt-dharrjsambcimaaziudpvzjdcigm/Build/Products/Debug-iphoneos/include -Xcc -I/Users/harishvishwakarma/Library/Developer/Xcode/DerivedData/Revolt-dharrjsambcimaaziudpvzjdcigm/Build/Intermediates.noindex/swiftui-navigation-transitions.build/Debug-iphoneos/Animation.build/DerivedSources-normal/arm64 -Xcc -I/Users/harishvishwakarma/Library/Developer/Xcode/DerivedData/Revolt-dharrjsambcimaaziudpvzjdcigm/Build/Intermediates.noindex/swiftui-navigation-transitions.build/Debug-iphoneos/Animation.build/DerivedSources/arm64 -Xcc -I/Users/harishvishwakarma/Library/Developer/Xcode/DerivedData/Revolt-dharrjsambcimaaziudpvzjdcigm/Build/Intermediates.noindex/swiftui-navigation-transitions.build/Debug-iphoneos/Animation.build/DerivedSources -Xcc -DSWIFT_PACKAGE -Xcc -DDEBUG\=1 -emit-objc-header -emit-objc-header-path /Users/harishvishwakarma/Library/Developer/Xcode/DerivedData/Revolt-dharrjsambcimaaziudpvzjdcigm/Build/Intermediates.noindex/swiftui-navigation-transitions.build/Debug-iphoneos/Animation.build/Objects-normal/arm64/Animation-Swift.h -working-directory /Users/harishvishwakarma/Handy/Archem/pepchat-ios/Revolt.xcodeproj -experimental-emit-module-separately -disable-cmo

SwiftDriverJobDiscovery normal arm64 Compiling DispatchQueue+Alamofire.swift, OperationQueue+Alamofire.swift, Result+Alamofire.swift, StringEncoding+Alamofire.swift (in target 'Alamofire' from project 'Alamofire')

Ld /Users/harishvishwakarma/Library/Developer/Xcode/DerivedData/Revolt-dharrjsambcimaaziudpvzjdcigm/Build/Products/Debug-iphoneos/ULID.o normal (in target 'ULID' from project 'ULID.swift')
    cd /Users/harishvishwakarma/Library/Developer/Xcode/DerivedData/Revolt-dharrjsambcimaaziudpvzjdcigm/SourcePackages/checkouts/ULID.swift
    /Applications/Xcode.app/Contents/Developer/Toolchains/XcodeDefault.xctoolchain/usr/bin/clang -Xlinker -reproducible -target arm64-apple-ios12.0 -r -isysroot /Applications/Xcode.app/Contents/Developer/Platforms/iPhoneOS.platform/Developer/SDKs/iPhoneOS18.5.sdk -O0 -w -L/Users/harishvishwakarma/Library/Developer/Xcode/DerivedData/Revolt-dharrjsambcimaaziudpvzjdcigm/Build/Intermediates.noindex/EagerLinkingTBDs/Debug-iphoneos -L/Users/harishvishwakarma/Library/Developer/Xcode/DerivedData/Revolt-dharrjsambcimaaziudpvzjdcigm/Build/Products/Debug-iphoneos -L/Applications/Xcode.app/Contents/Developer/Platforms/iPhoneOS.platform/Developer/usr/lib -F/Users/harishvishwakarma/Library/Developer/Xcode/DerivedData/Revolt-dharrjsambcimaaziudpvzjdcigm/Build/Intermediates.noindex/EagerLinkingTBDs/Debug-iphoneos -F/Users/harishvishwakarma/Library/Developer/Xcode/DerivedData/Revolt-dharrjsambcimaaziudpvzjdcigm/Build/Products/Debug-iphoneos -iframework /Applications/Xcode.app/Contents/Developer/Platforms/iPhoneOS.platform/Developer/Library/Frameworks -iframework /Applications/Xcode.app/Contents/Developer/Platforms/iPhoneOS.platform/Developer/SDKs/iPhoneOS18.5.sdk/Developer/Library/Frameworks -filelist /Users/harishvishwakarma/Library/Developer/Xcode/DerivedData/Revolt-dharrjsambcimaaziudpvzjdcigm/Build/Intermediates.noindex/ULID.swift.build/Debug-iphoneos/ULID.build/Objects-normal/arm64/ULID.LinkFileList -nostdlib -Xlinker -object_path_lto -Xlinker /Users/harishvishwakarma/Library/Developer/Xcode/DerivedData/Revolt-dharrjsambcimaaziudpvzjdcigm/Build/Intermediates.noindex/ULID.swift.build/Debug-iphoneos/ULID.build/Objects-normal/arm64/ULID_lto.o -rdynamic -Xlinker -no_deduplicate -Xlinker -dependency_info -Xlinker /Users/harishvishwakarma/Library/Developer/Xcode/DerivedData/Revolt-dharrjsambcimaaziudpvzjdcigm/Build/Intermediates.noindex/ULID.swift.build/Debug-iphoneos/ULID.build/Objects-normal/arm64/ULID_dependency_info.dat -fobjc-link-runtime -L/Applications/Xcode.app/Contents/Developer/Toolchains/XcodeDefault.xctoolchain/usr/lib/swift/iphoneos -L/usr/lib/swift -Xlinker -add_ast_path -Xlinker /Users/harishvishwakarma/Library/Developer/Xcode/DerivedData/Revolt-dharrjsambcimaaziudpvzjdcigm/Build/Intermediates.noindex/ULID.swift.build/Debug-iphoneos/ULID.build/Objects-normal/arm64/ULID.swiftmodule -o /Users/harishvishwakarma/Library/Developer/Xcode/DerivedData/Revolt-dharrjsambcimaaziudpvzjdcigm/Build/Products/Debug-iphoneos/ULID.o

Ld /Users/harishvishwakarma/Library/Developer/Xcode/DerivedData/Revolt-dharrjsambcimaaziudpvzjdcigm/Build/Products/Debug-iphoneos/SwiftUITooltip.o normal (in target 'SwiftUITooltip' from project 'SwiftUITooltip')
    cd /Users/harishvishwakarma/Library/Developer/Xcode/DerivedData/Revolt-dharrjsambcimaaziudpvzjdcigm/SourcePackages/checkouts/SwiftUI-Tooltip
    /Applications/Xcode.app/Contents/Developer/Toolchains/XcodeDefault.xctoolchain/usr/bin/clang -Xlinker -reproducible -target arm64-apple-ios13.0 -r -isysroot /Applications/Xcode.app/Contents/Developer/Platforms/iPhoneOS.platform/Developer/SDKs/iPhoneOS18.5.sdk -O0 -w -L/Users/harishvishwakarma/Library/Developer/Xcode/DerivedData/Revolt-dharrjsambcimaaziudpvzjdcigm/Build/Intermediates.noindex/EagerLinkingTBDs/Debug-iphoneos -L/Users/harishvishwakarma/Library/Developer/Xcode/DerivedData/Revolt-dharrjsambcimaaziudpvzjdcigm/Build/Products/Debug-iphoneos -L/Applications/Xcode.app/Contents/Developer/Platforms/iPhoneOS.platform/Developer/usr/lib -F/Users/harishvishwakarma/Library/Developer/Xcode/DerivedData/Revolt-dharrjsambcimaaziudpvzjdcigm/Build/Intermediates.noindex/EagerLinkingTBDs/Debug-iphoneos -F/Users/harishvishwakarma/Library/Developer/Xcode/DerivedData/Revolt-dharrjsambcimaaziudpvzjdcigm/Build/Products/Debug-iphoneos -iframework /Applications/Xcode.app/Contents/Developer/Platforms/iPhoneOS.platform/Developer/Library/Frameworks -iframework /Applications/Xcode.app/Contents/Developer/Platforms/iPhoneOS.platform/Developer/SDKs/iPhoneOS18.5.sdk/Developer/Library/Frameworks -filelist /Users/harishvishwakarma/Library/Developer/Xcode/DerivedData/Revolt-dharrjsambcimaaziudpvzjdcigm/Build/Intermediates.noindex/SwiftUITooltip.build/Debug-iphoneos/SwiftUITooltip.build/Objects-normal/arm64/SwiftUITooltip.LinkFileList -nostdlib -Xlinker -object_path_lto -Xlinker /Users/harishvishwakarma/Library/Developer/Xcode/DerivedData/Revolt-dharrjsambcimaaziudpvzjdcigm/Build/Intermediates.noindex/SwiftUITooltip.build/Debug-iphoneos/SwiftUITooltip.build/Objects-normal/arm64/SwiftUITooltip_lto.o -rdynamic -Xlinker -no_deduplicate -Xlinker -dependency_info -Xlinker /Users/harishvishwakarma/Library/Developer/Xcode/DerivedData/Revolt-dharrjsambcimaaziudpvzjdcigm/Build/Intermediates.noindex/SwiftUITooltip.build/Debug-iphoneos/SwiftUITooltip.build/Objects-normal/arm64/SwiftUITooltip_dependency_info.dat -fobjc-link-runtime -L/Applications/Xcode.app/Contents/Developer/Toolchains/XcodeDefault.xctoolchain/usr/lib/swift/iphoneos -L/usr/lib/swift -Xlinker -add_ast_path -Xlinker /Users/harishvishwakarma/Library/Developer/Xcode/DerivedData/Revolt-dharrjsambcimaaziudpvzjdcigm/Build/Intermediates.noindex/SwiftUITooltip.build/Debug-iphoneos/SwiftUITooltip.build/Objects-normal/arm64/SwiftUITooltip.swiftmodule -o /Users/harishvishwakarma/Library/Developer/Xcode/DerivedData/Revolt-dharrjsambcimaaziudpvzjdcigm/Build/Products/Debug-iphoneos/SwiftUITooltip.o

Ld /Users/harishvishwakarma/Library/Developer/Xcode/DerivedData/Revolt-dharrjsambcimaaziudpvzjdcigm/Build/Products/Debug-iphoneos/SwiftUIMasonry.o normal (in target 'SwiftUIMasonry' from project 'SwiftUIMasonry')
    cd /Users/harishvishwakarma/Library/Developer/Xcode/DerivedData/Revolt-dharrjsambcimaaziudpvzjdcigm/SourcePackages/checkouts/SwiftUIMasonry
    /Applications/Xcode.app/Contents/Developer/Toolchains/XcodeDefault.xctoolchain/usr/bin/clang -Xlinker -reproducible -target arm64-apple-ios14.0 -r -isysroot /Applications/Xcode.app/Contents/Developer/Platforms/iPhoneOS.platform/Developer/SDKs/iPhoneOS18.5.sdk -O0 -w -L/Users/harishvishwakarma/Library/Developer/Xcode/DerivedData/Revolt-dharrjsambcimaaziudpvzjdcigm/Build/Intermediates.noindex/EagerLinkingTBDs/Debug-iphoneos -L/Users/harishvishwakarma/Library/Developer/Xcode/DerivedData/Revolt-dharrjsambcimaaziudpvzjdcigm/Build/Products/Debug-iphoneos -L/Applications/Xcode.app/Contents/Developer/Platforms/iPhoneOS.platform/Developer/usr/lib -F/Users/harishvishwakarma/Library/Developer/Xcode/DerivedData/Revolt-dharrjsambcimaaziudpvzjdcigm/Build/Intermediates.noindex/EagerLinkingTBDs/Debug-iphoneos -F/Users/harishvishwakarma/Library/Developer/Xcode/DerivedData/Revolt-dharrjsambcimaaziudpvzjdcigm/Build/Products/Debug-iphoneos -iframework /Applications/Xcode.app/Contents/Developer/Platforms/iPhoneOS.platform/Developer/Library/Frameworks -iframework /Applications/Xcode.app/Contents/Developer/Platforms/iPhoneOS.platform/Developer/SDKs/iPhoneOS18.5.sdk/Developer/Library/Frameworks -filelist /Users/harishvishwakarma/Library/Developer/Xcode/DerivedData/Revolt-dharrjsambcimaaziudpvzjdcigm/Build/Intermediates.noindex/SwiftUIMasonry.build/Debug-iphoneos/SwiftUIMasonry.build/Objects-normal/arm64/SwiftUIMasonry.LinkFileList -nostdlib -Xlinker -object_path_lto -Xlinker /Users/harishvishwakarma/Library/Developer/Xcode/DerivedData/Revolt-dharrjsambcimaaziudpvzjdcigm/Build/Intermediates.noindex/SwiftUIMasonry.build/Debug-iphoneos/SwiftUIMasonry.build/Objects-normal/arm64/SwiftUIMasonry_lto.o -rdynamic -Xlinker -no_deduplicate -Xlinker -dependency_info -Xlinker /Users/harishvishwakarma/Library/Developer/Xcode/DerivedData/Revolt-dharrjsambcimaaziudpvzjdcigm/Build/Intermediates.noindex/SwiftUIMasonry.build/Debug-iphoneos/SwiftUIMasonry.build/Objects-normal/arm64/SwiftUIMasonry_dependency_info.dat -fobjc-link-runtime -L/Applications/Xcode.app/Contents/Developer/Toolchains/XcodeDefault.xctoolchain/usr/lib/swift/iphoneos -L/usr/lib/swift -Xlinker -add_ast_path -Xlinker /Users/harishvishwakarma/Library/Developer/Xcode/DerivedData/Revolt-dharrjsambcimaaziudpvzjdcigm/Build/Intermediates.noindex/SwiftUIMasonry.build/Debug-iphoneos/SwiftUIMasonry.build/Objects-normal/arm64/SwiftUIMasonry.swiftmodule -o /Users/harishvishwakarma/Library/Developer/Xcode/DerivedData/Revolt-dharrjsambcimaaziudpvzjdcigm/Build/Products/Debug-iphoneos/SwiftUIMasonry.o

Ld /Users/harishvishwakarma/Library/Developer/Xcode/DerivedData/Revolt-dharrjsambcimaaziudpvzjdcigm/Build/Products/Debug-iphoneos/SwiftUIIntrospect.o normal (in target 'SwiftUIIntrospect' from project 'swiftui-introspect')
    cd /Users/harishvishwakarma/Library/Developer/Xcode/DerivedData/Revolt-dharrjsambcimaaziudpvzjdcigm/SourcePackages/checkouts/swiftui-introspect
    /Applications/Xcode.app/Contents/Developer/Toolchains/XcodeDefault.xctoolchain/usr/bin/clang -Xlinker -reproducible -target arm64-apple-ios13.0 -r -isysroot /Applications/Xcode.app/Contents/Developer/Platforms/iPhoneOS.platform/Developer/SDKs/iPhoneOS18.5.sdk -O0 -w -L/Users/harishvishwakarma/Library/Developer/Xcode/DerivedData/Revolt-dharrjsambcimaaziudpvzjdcigm/Build/Intermediates.noindex/EagerLinkingTBDs/Debug-iphoneos -L/Users/harishvishwakarma/Library/Developer/Xcode/DerivedData/Revolt-dharrjsambcimaaziudpvzjdcigm/Build/Products/Debug-iphoneos -L/Applications/Xcode.app/Contents/Developer/Platforms/iPhoneOS.platform/Developer/usr/lib -F/Users/harishvishwakarma/Library/Developer/Xcode/DerivedData/Revolt-dharrjsambcimaaziudpvzjdcigm/Build/Intermediates.noindex/EagerLinkingTBDs/Debug-iphoneos -F/Users/harishvishwakarma/Library/Developer/Xcode/DerivedData/Revolt-dharrjsambcimaaziudpvzjdcigm/Build/Products/Debug-iphoneos -iframework /Applications/Xcode.app/Contents/Developer/Platforms/iPhoneOS.platform/Developer/Library/Frameworks -iframework /Applications/Xcode.app/Contents/Developer/Platforms/iPhoneOS.platform/Developer/SDKs/iPhoneOS18.5.sdk/Developer/Library/Frameworks -filelist /Users/harishvishwakarma/Library/Developer/Xcode/DerivedData/Revolt-dharrjsambcimaaziudpvzjdcigm/Build/Intermediates.noindex/swiftui-introspect.build/Debug-iphoneos/SwiftUIIntrospect.build/Objects-normal/arm64/SwiftUIIntrospect.LinkFileList -nostdlib -Xlinker -object_path_lto -Xlinker /Users/harishvishwakarma/Library/Developer/Xcode/DerivedData/Revolt-dharrjsambcimaaziudpvzjdcigm/Build/Intermediates.noindex/swiftui-introspect.build/Debug-iphoneos/SwiftUIIntrospect.build/Objects-normal/arm64/SwiftUIIntrospect_lto.o -rdynamic -Xlinker -no_deduplicate -Xlinker -dependency_info -Xlinker /Users/harishvishwakarma/Library/Developer/Xcode/DerivedData/Revolt-dharrjsambcimaaziudpvzjdcigm/Build/Intermediates.noindex/swiftui-introspect.build/Debug-iphoneos/SwiftUIIntrospect.build/Objects-normal/arm64/SwiftUIIntrospect_dependency_info.dat -fobjc-link-runtime -L/Applications/Xcode.app/Contents/Developer/Toolchains/XcodeDefault.xctoolchain/usr/lib/swift/iphoneos -L/usr/lib/swift -Xlinker -add_ast_path -Xlinker /Users/harishvishwakarma/Library/Developer/Xcode/DerivedData/Revolt-dharrjsambcimaaziudpvzjdcigm/Build/Intermediates.noindex/swiftui-introspect.build/Debug-iphoneos/SwiftUIIntrospect.build/Objects-normal/arm64/SwiftUIIntrospect.swiftmodule -o /Users/harishvishwakarma/Library/Developer/Xcode/DerivedData/Revolt-dharrjsambcimaaziudpvzjdcigm/Build/Products/Debug-iphoneos/SwiftUIIntrospect.o

SwiftDriverJobDiscovery normal arm64 Compiling URLRequest+Alamofire.swift, URLSessionConfiguration+Alamofire.swift, AlamofireExtended.swift, AuthenticationInterceptor.swift (in target 'Alamofire' from project 'Alamofire')

Ld /Users/harishvishwakarma/Library/Developer/Xcode/DerivedData/Revolt-dharrjsambcimaaziudpvzjdcigm/Build/Products/Debug-iphoneos/SwiftUIFlow.o normal (in target 'SwiftUIFlow' from project 'SwiftUIFlow')
    cd /Users/harishvishwakarma/Library/Developer/Xcode/DerivedData/Revolt-dharrjsambcimaaziudpvzjdcigm/SourcePackages/checkouts/SwiftUIFlow
    /Applications/Xcode.app/Contents/Developer/Toolchains/XcodeDefault.xctoolchain/usr/bin/clang -Xlinker -reproducible -target arm64-apple-ios14.0 -r -isysroot /Applications/Xcode.app/Contents/Developer/Platforms/iPhoneOS.platform/Developer/SDKs/iPhoneOS18.5.sdk -O0 -w -L/Users/harishvishwakarma/Library/Developer/Xcode/DerivedData/Revolt-dharrjsambcimaaziudpvzjdcigm/Build/Intermediates.noindex/EagerLinkingTBDs/Debug-iphoneos -L/Users/harishvishwakarma/Library/Developer/Xcode/DerivedData/Revolt-dharrjsambcimaaziudpvzjdcigm/Build/Products/Debug-iphoneos -L/Applications/Xcode.app/Contents/Developer/Platforms/iPhoneOS.platform/Developer/usr/lib -F/Users/harishvishwakarma/Library/Developer/Xcode/DerivedData/Revolt-dharrjsambcimaaziudpvzjdcigm/Build/Intermediates.noindex/EagerLinkingTBDs/Debug-iphoneos -F/Users/harishvishwakarma/Library/Developer/Xcode/DerivedData/Revolt-dharrjsambcimaaziudpvzjdcigm/Build/Products/Debug-iphoneos -iframework /Applications/Xcode.app/Contents/Developer/Platforms/iPhoneOS.platform/Developer/Library/Frameworks -iframework /Applications/Xcode.app/Contents/Developer/Platforms/iPhoneOS.platform/Developer/SDKs/iPhoneOS18.5.sdk/Developer/Library/Frameworks -filelist /Users/harishvishwakarma/Library/Developer/Xcode/DerivedData/Revolt-dharrjsambcimaaziudpvzjdcigm/Build/Intermediates.noindex/SwiftUIFlow.build/Debug-iphoneos/SwiftUIFlow.build/Objects-normal/arm64/SwiftUIFlow.LinkFileList -nostdlib -Xlinker -object_path_lto -Xlinker /Users/harishvishwakarma/Library/Developer/Xcode/DerivedData/Revolt-dharrjsambcimaaziudpvzjdcigm/Build/Intermediates.noindex/SwiftUIFlow.build/Debug-iphoneos/SwiftUIFlow.build/Objects-normal/arm64/SwiftUIFlow_lto.o -rdynamic -Xlinker -no_deduplicate -Xlinker -dependency_info -Xlinker /Users/harishvishwakarma/Library/Developer/Xcode/DerivedData/Revolt-dharrjsambcimaaziudpvzjdcigm/Build/Intermediates.noindex/SwiftUIFlow.build/Debug-iphoneos/SwiftUIFlow.build/Objects-normal/arm64/SwiftUIFlow_dependency_info.dat -fobjc-link-runtime -L/Applications/Xcode.app/Contents/Developer/Toolchains/XcodeDefault.xctoolchain/usr/lib/swift/iphoneos -L/usr/lib/swift -Xlinker -add_ast_path -Xlinker /Users/harishvishwakarma/Library/Developer/Xcode/DerivedData/Revolt-dharrjsambcimaaziudpvzjdcigm/Build/Intermediates.noindex/SwiftUIFlow.build/Debug-iphoneos/SwiftUIFlow.build/Objects-normal/arm64/SwiftUIFlow.swiftmodule -o /Users/harishvishwakarma/Library/Developer/Xcode/DerivedData/Revolt-dharrjsambcimaaziudpvzjdcigm/Build/Products/Debug-iphoneos/SwiftUIFlow.o

SwiftDriverJobDiscovery normal arm64 Compiling NetworkReachabilityManager.swift, RedirectHandler.swift, RequestCompression.swift (in target 'Alamofire' from project 'Alamofire')

Ld /Users/harishvishwakarma/Library/Developer/Xcode/DerivedData/Revolt-dharrjsambcimaaziudpvzjdcigm/Build/Intermediates.noindex/swift-syntax.build/Debug/SwiftSyntax509.build/Objects-normal/x86_64/Binary/SwiftSyntax509.o normal x86_64 (in target 'SwiftSyntax509' from project 'swift-syntax')
    cd /Users/harishvishwakarma/Library/Developer/Xcode/DerivedData/Revolt-dharrjsambcimaaziudpvzjdcigm/SourcePackages/checkouts/swift-syntax
    /Applications/Xcode.app/Contents/Developer/Toolchains/XcodeDefault.xctoolchain/usr/bin/clang -Xlinker -reproducible -target x86_64-apple-macos10.15 -r -isysroot /Applications/Xcode.app/Contents/Developer/Platforms/MacOSX.platform/Developer/SDKs/MacOSX15.5.sdk -O0 -w -L/Users/harishvishwakarma/Library/Developer/Xcode/DerivedData/Revolt-dharrjsambcimaaziudpvzjdcigm/Build/Intermediates.noindex/EagerLinkingTBDs/Debug -L/Users/harishvishwakarma/Library/Developer/Xcode/DerivedData/Revolt-dharrjsambcimaaziudpvzjdcigm/Build/Products/Debug -L/Applications/Xcode.app/Contents/Developer/Platforms/MacOSX.platform/Developer/usr/lib -F/Users/harishvishwakarma/Library/Developer/Xcode/DerivedData/Revolt-dharrjsambcimaaziudpvzjdcigm/Build/Intermediates.noindex/EagerLinkingTBDs/Debug -F/Users/harishvishwakarma/Library/Developer/Xcode/DerivedData/Revolt-dharrjsambcimaaziudpvzjdcigm/Build/Products/Debug -iframework /Applications/Xcode.app/Contents/Developer/Platforms/MacOSX.platform/Developer/Library/Frameworks -filelist /Users/harishvishwakarma/Library/Developer/Xcode/DerivedData/Revolt-dharrjsambcimaaziudpvzjdcigm/Build/Intermediates.noindex/swift-syntax.build/Debug/SwiftSyntax509.build/Objects-normal/x86_64/SwiftSyntax509.LinkFileList -nostdlib -Xlinker -object_path_lto -Xlinker /Users/harishvishwakarma/Library/Developer/Xcode/DerivedData/Revolt-dharrjsambcimaaziudpvzjdcigm/Build/Intermediates.noindex/swift-syntax.build/Debug/SwiftSyntax509.build/Objects-normal/x86_64/SwiftSyntax509_lto.o -rdynamic -Xlinker -no_deduplicate -Xlinker -dependency_info -Xlinker /Users/harishvishwakarma/Library/Developer/Xcode/DerivedData/Revolt-dharrjsambcimaaziudpvzjdcigm/Build/Intermediates.noindex/swift-syntax.build/Debug/SwiftSyntax509.build/Objects-normal/x86_64/SwiftSyntax509_dependency_info.dat -fobjc-link-runtime -L/Applications/Xcode.app/Contents/Developer/Toolchains/XcodeDefault.xctoolchain/usr/lib/swift/macosx -L/usr/lib/swift -Xlinker -add_ast_path -Xlinker /Users/harishvishwakarma/Library/Developer/Xcode/DerivedData/Revolt-dharrjsambcimaaziudpvzjdcigm/Build/Intermediates.noindex/swift-syntax.build/Debug/SwiftSyntax509.build/Objects-normal/x86_64/SwiftSyntax509.swiftmodule -o /Users/harishvishwakarma/Library/Developer/Xcode/DerivedData/Revolt-dharrjsambcimaaziudpvzjdcigm/Build/Intermediates.noindex/swift-syntax.build/Debug/SwiftSyntax509.build/Objects-normal/x86_64/Binary/SwiftSyntax509.o

Ld /Users/harishvishwakarma/Library/Developer/Xcode/DerivedData/Revolt-dharrjsambcimaaziudpvzjdcigm/Build/Intermediates.noindex/swift-syntax.build/Debug/SwiftSyntax509.build/Objects-normal/arm64/Binary/SwiftSyntax509.o normal arm64 (in target 'SwiftSyntax509' from project 'swift-syntax')
    cd /Users/harishvishwakarma/Library/Developer/Xcode/DerivedData/Revolt-dharrjsambcimaaziudpvzjdcigm/SourcePackages/checkouts/swift-syntax
    /Applications/Xcode.app/Contents/Developer/Toolchains/XcodeDefault.xctoolchain/usr/bin/clang -Xlinker -reproducible -target arm64-apple-macos10.15 -r -isysroot /Applications/Xcode.app/Contents/Developer/Platforms/MacOSX.platform/Developer/SDKs/MacOSX15.5.sdk -O0 -w -L/Users/harishvishwakarma/Library/Developer/Xcode/DerivedData/Revolt-dharrjsambcimaaziudpvzjdcigm/Build/Intermediates.noindex/EagerLinkingTBDs/Debug -L/Users/harishvishwakarma/Library/Developer/Xcode/DerivedData/Revolt-dharrjsambcimaaziudpvzjdcigm/Build/Products/Debug -L/Applications/Xcode.app/Contents/Developer/Platforms/MacOSX.platform/Developer/usr/lib -F/Users/harishvishwakarma/Library/Developer/Xcode/DerivedData/Revolt-dharrjsambcimaaziudpvzjdcigm/Build/Intermediates.noindex/EagerLinkingTBDs/Debug -F/Users/harishvishwakarma/Library/Developer/Xcode/DerivedData/Revolt-dharrjsambcimaaziudpvzjdcigm/Build/Products/Debug -iframework /Applications/Xcode.app/Contents/Developer/Platforms/MacOSX.platform/Developer/Library/Frameworks -filelist /Users/harishvishwakarma/Library/Developer/Xcode/DerivedData/Revolt-dharrjsambcimaaziudpvzjdcigm/Build/Intermediates.noindex/swift-syntax.build/Debug/SwiftSyntax509.build/Objects-normal/arm64/SwiftSyntax509.LinkFileList -nostdlib -Xlinker -object_path_lto -Xlinker /Users/harishvishwakarma/Library/Developer/Xcode/DerivedData/Revolt-dharrjsambcimaaziudpvzjdcigm/Build/Intermediates.noindex/swift-syntax.build/Debug/SwiftSyntax509.build/Objects-normal/arm64/SwiftSyntax509_lto.o -rdynamic -Xlinker -no_deduplicate -Xlinker -dependency_info -Xlinker /Users/harishvishwakarma/Library/Developer/Xcode/DerivedData/Revolt-dharrjsambcimaaziudpvzjdcigm/Build/Intermediates.noindex/swift-syntax.build/Debug/SwiftSyntax509.build/Objects-normal/arm64/SwiftSyntax509_dependency_info.dat -fobjc-link-runtime -L/Applications/Xcode.app/Contents/Developer/Toolchains/XcodeDefault.xctoolchain/usr/lib/swift/macosx -L/usr/lib/swift -Xlinker -add_ast_path -Xlinker /Users/harishvishwakarma/Library/Developer/Xcode/DerivedData/Revolt-dharrjsambcimaaziudpvzjdcigm/Build/Intermediates.noindex/swift-syntax.build/Debug/SwiftSyntax509.build/Objects-normal/arm64/SwiftSyntax509.swiftmodule -o /Users/harishvishwakarma/Library/Developer/Xcode/DerivedData/Revolt-dharrjsambcimaaziudpvzjdcigm/Build/Intermediates.noindex/swift-syntax.build/Debug/SwiftSyntax509.build/Objects-normal/arm64/Binary/SwiftSyntax509.o

Ld /Users/harishvishwakarma/Library/Developer/Xcode/DerivedData/Revolt-dharrjsambcimaaziudpvzjdcigm/Build/Products/Debug-iphoneos/SwiftParsec.o normal (in target 'SwiftParsec' from project 'SwiftParsec')
    cd /Users/harishvishwakarma/Library/Developer/Xcode/DerivedData/Revolt-dharrjsambcimaaziudpvzjdcigm/SourcePackages/checkouts/SwiftParsec
    /Applications/Xcode.app/Contents/Developer/Toolchains/XcodeDefault.xctoolchain/usr/bin/clang -Xlinker -reproducible -target arm64-apple-ios12.0 -r -isysroot /Applications/Xcode.app/Contents/Developer/Platforms/iPhoneOS.platform/Developer/SDKs/iPhoneOS18.5.sdk -O0 -w -L/Users/harishvishwakarma/Library/Developer/Xcode/DerivedData/Revolt-dharrjsambcimaaziudpvzjdcigm/Build/Intermediates.noindex/EagerLinkingTBDs/Debug-iphoneos -L/Users/harishvishwakarma/Library/Developer/Xcode/DerivedData/Revolt-dharrjsambcimaaziudpvzjdcigm/Build/Products/Debug-iphoneos -L/Applications/Xcode.app/Contents/Developer/Platforms/iPhoneOS.platform/Developer/usr/lib -F/Users/harishvishwakarma/Library/Developer/Xcode/DerivedData/Revolt-dharrjsambcimaaziudpvzjdcigm/Build/Intermediates.noindex/EagerLinkingTBDs/Debug-iphoneos -F/Users/harishvishwakarma/Library/Developer/Xcode/DerivedData/Revolt-dharrjsambcimaaziudpvzjdcigm/Build/Products/Debug-iphoneos -iframework /Applications/Xcode.app/Contents/Developer/Platforms/iPhoneOS.platform/Developer/Library/Frameworks -iframework /Applications/Xcode.app/Contents/Developer/Platforms/iPhoneOS.platform/Developer/SDKs/iPhoneOS18.5.sdk/Developer/Library/Frameworks -filelist /Users/harishvishwakarma/Library/Developer/Xcode/DerivedData/Revolt-dharrjsambcimaaziudpvzjdcigm/Build/Intermediates.noindex/SwiftParsec.build/Debug-iphoneos/SwiftParsec.build/Objects-normal/arm64/SwiftParsec.LinkFileList -nostdlib -Xlinker -object_path_lto -Xlinker /Users/harishvishwakarma/Library/Developer/Xcode/DerivedData/Revolt-dharrjsambcimaaziudpvzjdcigm/Build/Intermediates.noindex/SwiftParsec.build/Debug-iphoneos/SwiftParsec.build/Objects-normal/arm64/SwiftParsec_lto.o -rdynamic -Xlinker -no_deduplicate -Xlinker -dependency_info -Xlinker /Users/harishvishwakarma/Library/Developer/Xcode/DerivedData/Revolt-dharrjsambcimaaziudpvzjdcigm/Build/Intermediates.noindex/SwiftParsec.build/Debug-iphoneos/SwiftParsec.build/Objects-normal/arm64/SwiftParsec_dependency_info.dat -fobjc-link-runtime -L/Applications/Xcode.app/Contents/Developer/Toolchains/XcodeDefault.xctoolchain/usr/lib/swift/iphoneos -L/usr/lib/swift -Xlinker -add_ast_path -Xlinker /Users/harishvishwakarma/Library/Developer/Xcode/DerivedData/Revolt-dharrjsambcimaaziudpvzjdcigm/Build/Intermediates.noindex/SwiftParsec.build/Debug-iphoneos/SwiftParsec.build/Objects-normal/arm64/SwiftParsec.swiftmodule -o /Users/harishvishwakarma/Library/Developer/Xcode/DerivedData/Revolt-dharrjsambcimaaziudpvzjdcigm/Build/Products/Debug-iphoneos/SwiftParsec.o

Ld /Users/harishvishwakarma/Library/Developer/Xcode/DerivedData/Revolt-dharrjsambcimaaziudpvzjdcigm/Build/Products/Debug-iphoneos/SubviewAttachingTextView.o normal (in target 'SubviewAttachingTextView' from project 'SubviewAttachingTextView')
    cd /Users/harishvishwakarma/Library/Developer/Xcode/DerivedData/Revolt-dharrjsambcimaaziudpvzjdcigm/SourcePackages/checkouts/SubviewAttachingTextView
    /Applications/Xcode.app/Contents/Developer/Toolchains/XcodeDefault.xctoolchain/usr/bin/clang -Xlinker -reproducible -target arm64-apple-ios12.0 -r -isysroot /Applications/Xcode.app/Contents/Developer/Platforms/iPhoneOS.platform/Developer/SDKs/iPhoneOS18.5.sdk -O0 -w -L/Users/harishvishwakarma/Library/Developer/Xcode/DerivedData/Revolt-dharrjsambcimaaziudpvzjdcigm/Build/Intermediates.noindex/EagerLinkingTBDs/Debug-iphoneos -L/Users/harishvishwakarma/Library/Developer/Xcode/DerivedData/Revolt-dharrjsambcimaaziudpvzjdcigm/Build/Products/Debug-iphoneos -L/Applications/Xcode.app/Contents/Developer/Platforms/iPhoneOS.platform/Developer/usr/lib -F/Users/harishvishwakarma/Library/Developer/Xcode/DerivedData/Revolt-dharrjsambcimaaziudpvzjdcigm/Build/Intermediates.noindex/EagerLinkingTBDs/Debug-iphoneos -F/Users/harishvishwakarma/Library/Developer/Xcode/DerivedData/Revolt-dharrjsambcimaaziudpvzjdcigm/Build/Products/Debug-iphoneos -iframework /Applications/Xcode.app/Contents/Developer/Platforms/iPhoneOS.platform/Developer/Library/Frameworks -iframework /Applications/Xcode.app/Contents/Developer/Platforms/iPhoneOS.platform/Developer/SDKs/iPhoneOS18.5.sdk/Developer/Library/Frameworks -filelist /Users/harishvishwakarma/Library/Developer/Xcode/DerivedData/Revolt-dharrjsambcimaaziudpvzjdcigm/Build/Intermediates.noindex/SubviewAttachingTextView.build/Debug-iphoneos/SubviewAttachingTextView.build/Objects-normal/arm64/SubviewAttachingTextView.LinkFileList -nostdlib -Xlinker -object_path_lto -Xlinker /Users/harishvishwakarma/Library/Developer/Xcode/DerivedData/Revolt-dharrjsambcimaaziudpvzjdcigm/Build/Intermediates.noindex/SubviewAttachingTextView.build/Debug-iphoneos/SubviewAttachingTextView.build/Objects-normal/arm64/SubviewAttachingTextView_lto.o -rdynamic -Xlinker -no_deduplicate -Xlinker -dependency_info -Xlinker /Users/harishvishwakarma/Library/Developer/Xcode/DerivedData/Revolt-dharrjsambcimaaziudpvzjdcigm/Build/Intermediates.noindex/SubviewAttachingTextView.build/Debug-iphoneos/SubviewAttachingTextView.build/Objects-normal/arm64/SubviewAttachingTextView_dependency_info.dat -fobjc-link-runtime -L/Applications/Xcode.app/Contents/Developer/Toolchains/XcodeDefault.xctoolchain/usr/lib/swift/iphoneos -L/usr/lib/swift -Xlinker -add_ast_path -Xlinker /Users/harishvishwakarma/Library/Developer/Xcode/DerivedData/Revolt-dharrjsambcimaaziudpvzjdcigm/Build/Intermediates.noindex/SubviewAttachingTextView.build/Debug-iphoneos/SubviewAttachingTextView.build/Objects-normal/arm64/SubviewAttachingTextView.swiftmodule -o /Users/harishvishwakarma/Library/Developer/Xcode/DerivedData/Revolt-dharrjsambcimaaziudpvzjdcigm/Build/Products/Debug-iphoneos/SubviewAttachingTextView.o

SwiftDriverJobDiscovery normal arm64 Compiling resource_bundle_accessor.swift, Alamofire.swift, AFError.swift, DataRequest.swift (in target 'Alamofire' from project 'Alamofire')

Ld /Users/harishvishwakarma/Library/Developer/Xcode/DerivedData/Revolt-dharrjsambcimaaziudpvzjdcigm/Build/Products/Debug-iphoneos/RxSwift.o normal (in target 'RxSwift' from project 'RxSwift')
    cd /Users/harishvishwakarma/Library/Developer/Xcode/DerivedData/Revolt-dharrjsambcimaaziudpvzjdcigm/SourcePackages/checkouts/RxSwift
    /Applications/Xcode.app/Contents/Developer/Toolchains/XcodeDefault.xctoolchain/usr/bin/clang -Xlinker -reproducible -target arm64-apple-ios12.0 -r -isysroot /Applications/Xcode.app/Contents/Developer/Platforms/iPhoneOS.platform/Developer/SDKs/iPhoneOS18.5.sdk -O0 -w -L/Users/harishvishwakarma/Library/Developer/Xcode/DerivedData/Revolt-dharrjsambcimaaziudpvzjdcigm/Build/Intermediates.noindex/EagerLinkingTBDs/Debug-iphoneos -L/Users/harishvishwakarma/Library/Developer/Xcode/DerivedData/Revolt-dharrjsambcimaaziudpvzjdcigm/Build/Products/Debug-iphoneos -L/Applications/Xcode.app/Contents/Developer/Platforms/iPhoneOS.platform/Developer/usr/lib -F/Users/harishvishwakarma/Library/Developer/Xcode/DerivedData/Revolt-dharrjsambcimaaziudpvzjdcigm/Build/Intermediates.noindex/EagerLinkingTBDs/Debug-iphoneos -F/Users/harishvishwakarma/Library/Developer/Xcode/DerivedData/Revolt-dharrjsambcimaaziudpvzjdcigm/Build/Products/Debug-iphoneos -iframework /Applications/Xcode.app/Contents/Developer/Platforms/iPhoneOS.platform/Developer/Library/Frameworks -iframework /Applications/Xcode.app/Contents/Developer/Platforms/iPhoneOS.platform/Developer/SDKs/iPhoneOS18.5.sdk/Developer/Library/Frameworks -filelist /Users/harishvishwakarma/Library/Developer/Xcode/DerivedData/Revolt-dharrjsambcimaaziudpvzjdcigm/Build/Intermediates.noindex/RxSwift.build/Debug-iphoneos/RxSwift.build/Objects-normal/arm64/RxSwift.LinkFileList -nostdlib -Xlinker -object_path_lto -Xlinker /Users/harishvishwakarma/Library/Developer/Xcode/DerivedData/Revolt-dharrjsambcimaaziudpvzjdcigm/Build/Intermediates.noindex/RxSwift.build/Debug-iphoneos/RxSwift.build/Objects-normal/arm64/RxSwift_lto.o -rdynamic -Xlinker -no_deduplicate -Xlinker -dependency_info -Xlinker /Users/harishvishwakarma/Library/Developer/Xcode/DerivedData/Revolt-dharrjsambcimaaziudpvzjdcigm/Build/Intermediates.noindex/RxSwift.build/Debug-iphoneos/RxSwift.build/Objects-normal/arm64/RxSwift_dependency_info.dat -fobjc-link-runtime -L/Applications/Xcode.app/Contents/Developer/Toolchains/XcodeDefault.xctoolchain/usr/lib/swift/iphoneos -L/usr/lib/swift -Xlinker -add_ast_path -Xlinker /Users/harishvishwakarma/Library/Developer/Xcode/DerivedData/Revolt-dharrjsambcimaaziudpvzjdcigm/Build/Intermediates.noindex/RxSwift.build/Debug-iphoneos/RxSwift.build/Objects-normal/arm64/RxSwift.swiftmodule -o /Users/harishvishwakarma/Library/Developer/Xcode/DerivedData/Revolt-dharrjsambcimaaziudpvzjdcigm/Build/Products/Debug-iphoneos/RxSwift.o

Ld /Users/harishvishwakarma/Library/Developer/Xcode/DerivedData/Revolt-dharrjsambcimaaziudpvzjdcigm/Build/Products/Debug-iphoneos/RuntimeSwizzling.o normal (in target 'RuntimeSwizzling' from project 'swiftui-navigation-transitions')
    cd /Users/harishvishwakarma/Library/Developer/Xcode/DerivedData/Revolt-dharrjsambcimaaziudpvzjdcigm/SourcePackages/checkouts/swiftui-navigation-transitions
    /Applications/Xcode.app/Contents/Developer/Toolchains/XcodeDefault.xctoolchain/usr/bin/clang -Xlinker -reproducible -target arm64-apple-ios13.0 -r -isysroot /Applications/Xcode.app/Contents/Developer/Platforms/iPhoneOS.platform/Developer/SDKs/iPhoneOS18.5.sdk -O0 -w -L/Users/harishvishwakarma/Library/Developer/Xcode/DerivedData/Revolt-dharrjsambcimaaziudpvzjdcigm/Build/Intermediates.noindex/EagerLinkingTBDs/Debug-iphoneos -L/Users/harishvishwakarma/Library/Developer/Xcode/DerivedData/Revolt-dharrjsambcimaaziudpvzjdcigm/Build/Products/Debug-iphoneos -L/Applications/Xcode.app/Contents/Developer/Platforms/iPhoneOS.platform/Developer/usr/lib -F/Users/harishvishwakarma/Library/Developer/Xcode/DerivedData/Revolt-dharrjsambcimaaziudpvzjdcigm/Build/Intermediates.noindex/EagerLinkingTBDs/Debug-iphoneos -F/Users/harishvishwakarma/Library/Developer/Xcode/DerivedData/Revolt-dharrjsambcimaaziudpvzjdcigm/Build/Products/Debug-iphoneos -iframework /Applications/Xcode.app/Contents/Developer/Platforms/iPhoneOS.platform/Developer/Library/Frameworks -iframework /Applications/Xcode.app/Contents/Developer/Platforms/iPhoneOS.platform/Developer/SDKs/iPhoneOS18.5.sdk/Developer/Library/Frameworks -filelist /Users/harishvishwakarma/Library/Developer/Xcode/DerivedData/Revolt-dharrjsambcimaaziudpvzjdcigm/Build/Intermediates.noindex/swiftui-navigation-transitions.build/Debug-iphoneos/RuntimeSwizzling.build/Objects-normal/arm64/RuntimeSwizzling.LinkFileList -nostdlib -Xlinker -object_path_lto -Xlinker /Users/harishvishwakarma/Library/Developer/Xcode/DerivedData/Revolt-dharrjsambcimaaziudpvzjdcigm/Build/Intermediates.noindex/swiftui-navigation-transitions.build/Debug-iphoneos/RuntimeSwizzling.build/Objects-normal/arm64/RuntimeSwizzling_lto.o -rdynamic -Xlinker -no_deduplicate -Xlinker -dependency_info -Xlinker /Users/harishvishwakarma/Library/Developer/Xcode/DerivedData/Revolt-dharrjsambcimaaziudpvzjdcigm/Build/Intermediates.noindex/swiftui-navigation-transitions.build/Debug-iphoneos/RuntimeSwizzling.build/Objects-normal/arm64/RuntimeSwizzling_dependency_info.dat -fobjc-link-runtime -L/Applications/Xcode.app/Contents/Developer/Toolchains/XcodeDefault.xctoolchain/usr/lib/swift/iphoneos -L/usr/lib/swift -Xlinker -add_ast_path -Xlinker /Users/harishvishwakarma/Library/Developer/Xcode/DerivedData/Revolt-dharrjsambcimaaziudpvzjdcigm/Build/Intermediates.noindex/swiftui-navigation-transitions.build/Debug-iphoneos/RuntimeSwizzling.build/Objects-normal/arm64/RuntimeSwizzling.swiftmodule -o /Users/harishvishwakarma/Library/Developer/Xcode/DerivedData/Revolt-dharrjsambcimaaziudpvzjdcigm/Build/Products/Debug-iphoneos/RuntimeSwizzling.o

CreateUniversalBinary /Users/harishvishwakarma/Library/Developer/Xcode/DerivedData/Revolt-dharrjsambcimaaziudpvzjdcigm/Build/Products/Debug/SwiftSyntax509.o normal arm64\ x86_64 (in target 'SwiftSyntax509' from project 'swift-syntax')
    cd /Users/harishvishwakarma/Library/Developer/Xcode/DerivedData/Revolt-dharrjsambcimaaziudpvzjdcigm/SourcePackages/checkouts/swift-syntax
    /Applications/Xcode.app/Contents/Developer/Toolchains/XcodeDefault.xctoolchain/usr/bin/lipo -create /Users/harishvishwakarma/Library/Developer/Xcode/DerivedData/Revolt-dharrjsambcimaaziudpvzjdcigm/Build/Intermediates.noindex/swift-syntax.build/Debug/SwiftSyntax509.build/Objects-normal/arm64/Binary/SwiftSyntax509.o /Users/harishvishwakarma/Library/Developer/Xcode/DerivedData/Revolt-dharrjsambcimaaziudpvzjdcigm/Build/Intermediates.noindex/swift-syntax.build/Debug/SwiftSyntax509.build/Objects-normal/x86_64/Binary/SwiftSyntax509.o -output /Users/harishvishwakarma/Library/Developer/Xcode/DerivedData/Revolt-dharrjsambcimaaziudpvzjdcigm/Build/Products/Debug/SwiftSyntax509.o

Ld /Users/harishvishwakarma/Library/Developer/Xcode/DerivedData/Revolt-dharrjsambcimaaziudpvzjdcigm/Build/Products/Debug-iphoneos/RuntimeAssociation.o normal (in target 'RuntimeAssociation' from project 'swiftui-navigation-transitions')
    cd /Users/harishvishwakarma/Library/Developer/Xcode/DerivedData/Revolt-dharrjsambcimaaziudpvzjdcigm/SourcePackages/checkouts/swiftui-navigation-transitions
    /Applications/Xcode.app/Contents/Developer/Toolchains/XcodeDefault.xctoolchain/usr/bin/clang -Xlinker -reproducible -target arm64-apple-ios13.0 -r -isysroot /Applications/Xcode.app/Contents/Developer/Platforms/iPhoneOS.platform/Developer/SDKs/iPhoneOS18.5.sdk -O0 -w -L/Users/harishvishwakarma/Library/Developer/Xcode/DerivedData/Revolt-dharrjsambcimaaziudpvzjdcigm/Build/Intermediates.noindex/EagerLinkingTBDs/Debug-iphoneos -L/Users/harishvishwakarma/Library/Developer/Xcode/DerivedData/Revolt-dharrjsambcimaaziudpvzjdcigm/Build/Products/Debug-iphoneos -L/Applications/Xcode.app/Contents/Developer/Platforms/iPhoneOS.platform/Developer/usr/lib -F/Users/harishvishwakarma/Library/Developer/Xcode/DerivedData/Revolt-dharrjsambcimaaziudpvzjdcigm/Build/Intermediates.noindex/EagerLinkingTBDs/Debug-iphoneos -F/Users/harishvishwakarma/Library/Developer/Xcode/DerivedData/Revolt-dharrjsambcimaaziudpvzjdcigm/Build/Products/Debug-iphoneos -iframework /Applications/Xcode.app/Contents/Developer/Platforms/iPhoneOS.platform/Developer/Library/Frameworks -iframework /Applications/Xcode.app/Contents/Developer/Platforms/iPhoneOS.platform/Developer/SDKs/iPhoneOS18.5.sdk/Developer/Library/Frameworks -filelist /Users/harishvishwakarma/Library/Developer/Xcode/DerivedData/Revolt-dharrjsambcimaaziudpvzjdcigm/Build/Intermediates.noindex/swiftui-navigation-transitions.build/Debug-iphoneos/RuntimeAssociation.build/Objects-normal/arm64/RuntimeAssociation.LinkFileList -nostdlib -Xlinker -object_path_lto -Xlinker /Users/harishvishwakarma/Library/Developer/Xcode/DerivedData/Revolt-dharrjsambcimaaziudpvzjdcigm/Build/Intermediates.noindex/swiftui-navigation-transitions.build/Debug-iphoneos/RuntimeAssociation.build/Objects-normal/arm64/RuntimeAssociation_lto.o -rdynamic -Xlinker -no_deduplicate -Xlinker -dependency_info -Xlinker /Users/harishvishwakarma/Library/Developer/Xcode/DerivedData/Revolt-dharrjsambcimaaziudpvzjdcigm/Build/Intermediates.noindex/swiftui-navigation-transitions.build/Debug-iphoneos/RuntimeAssociation.build/Objects-normal/arm64/RuntimeAssociation_dependency_info.dat -fobjc-link-runtime -L/Applications/Xcode.app/Contents/Developer/Toolchains/XcodeDefault.xctoolchain/usr/lib/swift/iphoneos -L/usr/lib/swift -Xlinker -add_ast_path -Xlinker /Users/harishvishwakarma/Library/Developer/Xcode/DerivedData/Revolt-dharrjsambcimaaziudpvzjdcigm/Build/Intermediates.noindex/swiftui-navigation-transitions.build/Debug-iphoneos/RuntimeAssociation.build/Objects-normal/arm64/RuntimeAssociation.swiftmodule -o /Users/harishvishwakarma/Library/Developer/Xcode/DerivedData/Revolt-dharrjsambcimaaziudpvzjdcigm/Build/Products/Debug-iphoneos/RuntimeAssociation.o

Ld /Users/harishvishwakarma/Library/Developer/Xcode/DerivedData/Revolt-dharrjsambcimaaziudpvzjdcigm/Build/Products/Debug-iphoneos/MarkdownKit.o normal (in target 'MarkdownKit' from project 'MarkdownKit')
    cd /Users/harishvishwakarma/Library/Developer/Xcode/DerivedData/Revolt-dharrjsambcimaaziudpvzjdcigm/SourcePackages/checkouts/MarkdownKit
    /Applications/Xcode.app/Contents/Developer/Toolchains/XcodeDefault.xctoolchain/usr/bin/clang -Xlinker -reproducible -target arm64-apple-ios12.0 -r -isysroot /Applications/Xcode.app/Contents/Developer/Platforms/iPhoneOS.platform/Developer/SDKs/iPhoneOS18.5.sdk -O0 -w -L/Users/harishvishwakarma/Library/Developer/Xcode/DerivedData/Revolt-dharrjsambcimaaziudpvzjdcigm/Build/Intermediates.noindex/EagerLinkingTBDs/Debug-iphoneos -L/Users/harishvishwakarma/Library/Developer/Xcode/DerivedData/Revolt-dharrjsambcimaaziudpvzjdcigm/Build/Products/Debug-iphoneos -L/Applications/Xcode.app/Contents/Developer/Platforms/iPhoneOS.platform/Developer/usr/lib -F/Users/harishvishwakarma/Library/Developer/Xcode/DerivedData/Revolt-dharrjsambcimaaziudpvzjdcigm/Build/Intermediates.noindex/EagerLinkingTBDs/Debug-iphoneos -F/Users/harishvishwakarma/Library/Developer/Xcode/DerivedData/Revolt-dharrjsambcimaaziudpvzjdcigm/Build/Products/Debug-iphoneos -iframework /Applications/Xcode.app/Contents/Developer/Platforms/iPhoneOS.platform/Developer/Library/Frameworks -iframework /Applications/Xcode.app/Contents/Developer/Platforms/iPhoneOS.platform/Developer/SDKs/iPhoneOS18.5.sdk/Developer/Library/Frameworks -filelist /Users/harishvishwakarma/Library/Developer/Xcode/DerivedData/Revolt-dharrjsambcimaaziudpvzjdcigm/Build/Intermediates.noindex/MarkdownKit.build/Debug-iphoneos/MarkdownKit.build/Objects-normal/arm64/MarkdownKit.LinkFileList -nostdlib -Xlinker -object_path_lto -Xlinker /Users/harishvishwakarma/Library/Developer/Xcode/DerivedData/Revolt-dharrjsambcimaaziudpvzjdcigm/Build/Intermediates.noindex/MarkdownKit.build/Debug-iphoneos/MarkdownKit.build/Objects-normal/arm64/MarkdownKit_lto.o -rdynamic -Xlinker -no_deduplicate -Xlinker -dependency_info -Xlinker /Users/harishvishwakarma/Library/Developer/Xcode/DerivedData/Revolt-dharrjsambcimaaziudpvzjdcigm/Build/Intermediates.noindex/MarkdownKit.build/Debug-iphoneos/MarkdownKit.build/Objects-normal/arm64/MarkdownKit_dependency_info.dat -fobjc-link-runtime -L/Applications/Xcode.app/Contents/Developer/Toolchains/XcodeDefault.xctoolchain/usr/lib/swift/iphoneos -L/usr/lib/swift -Xlinker -add_ast_path -Xlinker /Users/harishvishwakarma/Library/Developer/Xcode/DerivedData/Revolt-dharrjsambcimaaziudpvzjdcigm/Build/Intermediates.noindex/MarkdownKit.build/Debug-iphoneos/MarkdownKit.build/Objects-normal/arm64/MarkdownKit.swiftmodule -o /Users/harishvishwakarma/Library/Developer/Xcode/DerivedData/Revolt-dharrjsambcimaaziudpvzjdcigm/Build/Products/Debug-iphoneos/MarkdownKit.o

SwiftDriverJobDiscovery normal arm64 Compiling RequestInterceptor.swift, ResponseSerialization.swift, RetryPolicy.swift (in target 'Alamofire' from project 'Alamofire')

Ld /Users/harishvishwakarma/Library/Developer/Xcode/DerivedData/Revolt-dharrjsambcimaaziudpvzjdcigm/Build/Products/Debug-iphoneos/KeychainAccess.o normal (in target 'KeychainAccess' from project 'KeychainAccess')
    cd /Users/harishvishwakarma/Library/Developer/Xcode/DerivedData/Revolt-dharrjsambcimaaziudpvzjdcigm/SourcePackages/checkouts/KeychainAccess
    /Applications/Xcode.app/Contents/Developer/Toolchains/XcodeDefault.xctoolchain/usr/bin/clang -Xlinker -reproducible -target arm64-apple-ios12.0 -r -isysroot /Applications/Xcode.app/Contents/Developer/Platforms/iPhoneOS.platform/Developer/SDKs/iPhoneOS18.5.sdk -O0 -w -L/Users/harishvishwakarma/Library/Developer/Xcode/DerivedData/Revolt-dharrjsambcimaaziudpvzjdcigm/Build/Intermediates.noindex/EagerLinkingTBDs/Debug-iphoneos -L/Users/harishvishwakarma/Library/Developer/Xcode/DerivedData/Revolt-dharrjsambcimaaziudpvzjdcigm/Build/Products/Debug-iphoneos -L/Applications/Xcode.app/Contents/Developer/Platforms/iPhoneOS.platform/Developer/usr/lib -F/Users/harishvishwakarma/Library/Developer/Xcode/DerivedData/Revolt-dharrjsambcimaaziudpvzjdcigm/Build/Intermediates.noindex/EagerLinkingTBDs/Debug-iphoneos -F/Users/harishvishwakarma/Library/Developer/Xcode/DerivedData/Revolt-dharrjsambcimaaziudpvzjdcigm/Build/Products/Debug-iphoneos -iframework /Applications/Xcode.app/Contents/Developer/Platforms/iPhoneOS.platform/Developer/Library/Frameworks -iframework /Applications/Xcode.app/Contents/Developer/Platforms/iPhoneOS.platform/Developer/SDKs/iPhoneOS18.5.sdk/Developer/Library/Frameworks -filelist /Users/harishvishwakarma/Library/Developer/Xcode/DerivedData/Revolt-dharrjsambcimaaziudpvzjdcigm/Build/Intermediates.noindex/KeychainAccess.build/Debug-iphoneos/KeychainAccess.build/Objects-normal/arm64/KeychainAccess.LinkFileList -nostdlib -Xlinker -object_path_lto -Xlinker /Users/harishvishwakarma/Library/Developer/Xcode/DerivedData/Revolt-dharrjsambcimaaziudpvzjdcigm/Build/Intermediates.noindex/KeychainAccess.build/Debug-iphoneos/KeychainAccess.build/Objects-normal/arm64/KeychainAccess_lto.o -rdynamic -Xlinker -no_deduplicate -Xlinker -dependency_info -Xlinker /Users/harishvishwakarma/Library/Developer/Xcode/DerivedData/Revolt-dharrjsambcimaaziudpvzjdcigm/Build/Intermediates.noindex/KeychainAccess.build/Debug-iphoneos/KeychainAccess.build/Objects-normal/arm64/KeychainAccess_dependency_info.dat -fobjc-link-runtime -L/Applications/Xcode.app/Contents/Developer/Toolchains/XcodeDefault.xctoolchain/usr/lib/swift/iphoneos -L/usr/lib/swift -Xlinker -add_ast_path -Xlinker /Users/harishvishwakarma/Library/Developer/Xcode/DerivedData/Revolt-dharrjsambcimaaziudpvzjdcigm/Build/Intermediates.noindex/KeychainAccess.build/Debug-iphoneos/KeychainAccess.build/Objects-normal/arm64/KeychainAccess.swiftmodule -o /Users/harishvishwakarma/Library/Developer/Xcode/DerivedData/Revolt-dharrjsambcimaaziudpvzjdcigm/Build/Products/Debug-iphoneos/KeychainAccess.o

SwiftDriverJobDiscovery normal arm64 Compiling CachedResponseHandler.swift, Combine.swift, Concurrency.swift (in target 'Alamofire' from project 'Alamofire')

Ld /Users/harishvishwakarma/Library/Developer/Xcode/DerivedData/Revolt-dharrjsambcimaaziudpvzjdcigm/Build/Products/Debug-iphoneos/IssueReporting.o normal (in target 'IssueReporting' from project 'xctest-dynamic-overlay')
    cd /Users/harishvishwakarma/Library/Developer/Xcode/DerivedData/Revolt-dharrjsambcimaaziudpvzjdcigm/SourcePackages/checkouts/xctest-dynamic-overlay
    /Applications/Xcode.app/Contents/Developer/Toolchains/XcodeDefault.xctoolchain/usr/bin/clang -Xlinker -reproducible -target arm64-apple-ios13.0 -r -isysroot /Applications/Xcode.app/Contents/Developer/Platforms/iPhoneOS.platform/Developer/SDKs/iPhoneOS18.5.sdk -O0 -w -L/Users/harishvishwakarma/Library/Developer/Xcode/DerivedData/Revolt-dharrjsambcimaaziudpvzjdcigm/Build/Intermediates.noindex/EagerLinkingTBDs/Debug-iphoneos -L/Users/harishvishwakarma/Library/Developer/Xcode/DerivedData/Revolt-dharrjsambcimaaziudpvzjdcigm/Build/Products/Debug-iphoneos -L/Applications/Xcode.app/Contents/Developer/Platforms/iPhoneOS.platform/Developer/usr/lib -F/Users/harishvishwakarma/Library/Developer/Xcode/DerivedData/Revolt-dharrjsambcimaaziudpvzjdcigm/Build/Intermediates.noindex/EagerLinkingTBDs/Debug-iphoneos -F/Users/harishvishwakarma/Library/Developer/Xcode/DerivedData/Revolt-dharrjsambcimaaziudpvzjdcigm/Build/Products/Debug-iphoneos -iframework /Applications/Xcode.app/Contents/Developer/Platforms/iPhoneOS.platform/Developer/Library/Frameworks -iframework /Applications/Xcode.app/Contents/Developer/Platforms/iPhoneOS.platform/Developer/SDKs/iPhoneOS18.5.sdk/Developer/Library/Frameworks -filelist /Users/harishvishwakarma/Library/Developer/Xcode/DerivedData/Revolt-dharrjsambcimaaziudpvzjdcigm/Build/Intermediates.noindex/xctest-dynamic-overlay.build/Debug-iphoneos/IssueReporting.build/Objects-normal/arm64/IssueReporting.LinkFileList -nostdlib -Xlinker -object_path_lto -Xlinker /Users/harishvishwakarma/Library/Developer/Xcode/DerivedData/Revolt-dharrjsambcimaaziudpvzjdcigm/Build/Intermediates.noindex/xctest-dynamic-overlay.build/Debug-iphoneos/IssueReporting.build/Objects-normal/arm64/IssueReporting_lto.o -rdynamic -Xlinker -no_deduplicate -Xlinker -dependency_info -Xlinker /Users/harishvishwakarma/Library/Developer/Xcode/DerivedData/Revolt-dharrjsambcimaaziudpvzjdcigm/Build/Intermediates.noindex/xctest-dynamic-overlay.build/Debug-iphoneos/IssueReporting.build/Objects-normal/arm64/IssueReporting_dependency_info.dat -fobjc-link-runtime -L/Applications/Xcode.app/Contents/Developer/Toolchains/XcodeDefault.xctoolchain/usr/lib/swift/iphoneos -L/usr/lib/swift -Xlinker -add_ast_path -Xlinker /Users/harishvishwakarma/Library/Developer/Xcode/DerivedData/Revolt-dharrjsambcimaaziudpvzjdcigm/Build/Intermediates.noindex/xctest-dynamic-overlay.build/Debug-iphoneos/IssueReporting.build/Objects-normal/arm64/IssueReporting.swiftmodule -o /Users/harishvishwakarma/Library/Developer/Xcode/DerivedData/Revolt-dharrjsambcimaaziudpvzjdcigm/Build/Products/Debug-iphoneos/IssueReporting.o

Ld /Users/harishvishwakarma/Library/Developer/Xcode/DerivedData/Revolt-dharrjsambcimaaziudpvzjdcigm/Build/Products/Debug-iphoneos/InternalCollectionsUtilities.o normal (in target 'InternalCollectionsUtilities' from project 'swift-collections')
    cd /Users/harishvishwakarma/Library/Developer/Xcode/DerivedData/Revolt-dharrjsambcimaaziudpvzjdcigm/SourcePackages/checkouts/swift-collections
    /Applications/Xcode.app/Contents/Developer/Toolchains/XcodeDefault.xctoolchain/usr/bin/clang -Xlinker -reproducible -target arm64-apple-ios12.0 -r -isysroot /Applications/Xcode.app/Contents/Developer/Platforms/iPhoneOS.platform/Developer/SDKs/iPhoneOS18.5.sdk -O0 -w -L/Users/harishvishwakarma/Library/Developer/Xcode/DerivedData/Revolt-dharrjsambcimaaziudpvzjdcigm/Build/Intermediates.noindex/EagerLinkingTBDs/Debug-iphoneos -L/Users/harishvishwakarma/Library/Developer/Xcode/DerivedData/Revolt-dharrjsambcimaaziudpvzjdcigm/Build/Products/Debug-iphoneos -L/Applications/Xcode.app/Contents/Developer/Platforms/iPhoneOS.platform/Developer/usr/lib -F/Users/harishvishwakarma/Library/Developer/Xcode/DerivedData/Revolt-dharrjsambcimaaziudpvzjdcigm/Build/Intermediates.noindex/EagerLinkingTBDs/Debug-iphoneos -F/Users/harishvishwakarma/Library/Developer/Xcode/DerivedData/Revolt-dharrjsambcimaaziudpvzjdcigm/Build/Products/Debug-iphoneos -iframework /Applications/Xcode.app/Contents/Developer/Platforms/iPhoneOS.platform/Developer/Library/Frameworks -iframework /Applications/Xcode.app/Contents/Developer/Platforms/iPhoneOS.platform/Developer/SDKs/iPhoneOS18.5.sdk/Developer/Library/Frameworks -filelist /Users/harishvishwakarma/Library/Developer/Xcode/DerivedData/Revolt-dharrjsambcimaaziudpvzjdcigm/Build/Intermediates.noindex/swift-collections.build/Debug-iphoneos/InternalCollectionsUtilities.build/Objects-normal/arm64/InternalCollectionsUtilities.LinkFileList -nostdlib -Xlinker -object_path_lto -Xlinker /Users/harishvishwakarma/Library/Developer/Xcode/DerivedData/Revolt-dharrjsambcimaaziudpvzjdcigm/Build/Intermediates.noindex/swift-collections.build/Debug-iphoneos/InternalCollectionsUtilities.build/Objects-normal/arm64/InternalCollectionsUtilities_lto.o -rdynamic -Xlinker -no_deduplicate -Xlinker -dependency_info -Xlinker /Users/harishvishwakarma/Library/Developer/Xcode/DerivedData/Revolt-dharrjsambcimaaziudpvzjdcigm/Build/Intermediates.noindex/swift-collections.build/Debug-iphoneos/InternalCollectionsUtilities.build/Objects-normal/arm64/InternalCollectionsUtilities_dependency_info.dat -fobjc-link-runtime -L/Applications/Xcode.app/Contents/Developer/Toolchains/XcodeDefault.xctoolchain/usr/lib/swift/iphoneos -L/usr/lib/swift -Xlinker -add_ast_path -Xlinker /Users/harishvishwakarma/Library/Developer/Xcode/DerivedData/Revolt-dharrjsambcimaaziudpvzjdcigm/Build/Intermediates.noindex/swift-collections.build/Debug-iphoneos/InternalCollectionsUtilities.build/Objects-normal/arm64/InternalCollectionsUtilities.swiftmodule -o /Users/harishvishwakarma/Library/Developer/Xcode/DerivedData/Revolt-dharrjsambcimaaziudpvzjdcigm/Build/Products/Debug-iphoneos/InternalCollectionsUtilities.o

Ld /Users/harishvishwakarma/Library/Developer/Xcode/DerivedData/Revolt-dharrjsambcimaaziudpvzjdcigm/Build/Products/Debug-iphoneos/Flow.o normal (in target 'Flow' from project 'Flow')
    cd /Users/harishvishwakarma/Library/Developer/Xcode/DerivedData/Revolt-dharrjsambcimaaziudpvzjdcigm/SourcePackages/checkouts/SwiftUI-Flow
    /Applications/Xcode.app/Contents/Developer/Toolchains/XcodeDefault.xctoolchain/usr/bin/clang -Xlinker -reproducible -target arm64-apple-ios16.0 -r -isysroot /Applications/Xcode.app/Contents/Developer/Platforms/iPhoneOS.platform/Developer/SDKs/iPhoneOS18.5.sdk -O0 -w -L/Users/harishvishwakarma/Library/Developer/Xcode/DerivedData/Revolt-dharrjsambcimaaziudpvzjdcigm/Build/Intermediates.noindex/EagerLinkingTBDs/Debug-iphoneos -L/Users/harishvishwakarma/Library/Developer/Xcode/DerivedData/Revolt-dharrjsambcimaaziudpvzjdcigm/Build/Products/Debug-iphoneos -L/Applications/Xcode.app/Contents/Developer/Platforms/iPhoneOS.platform/Developer/usr/lib -F/Users/harishvishwakarma/Library/Developer/Xcode/DerivedData/Revolt-dharrjsambcimaaziudpvzjdcigm/Build/Intermediates.noindex/EagerLinkingTBDs/Debug-iphoneos -F/Users/harishvishwakarma/Library/Developer/Xcode/DerivedData/Revolt-dharrjsambcimaaziudpvzjdcigm/Build/Products/Debug-iphoneos -iframework /Applications/Xcode.app/Contents/Developer/Platforms/iPhoneOS.platform/Developer/Library/Frameworks -iframework /Applications/Xcode.app/Contents/Developer/Platforms/iPhoneOS.platform/Developer/SDKs/iPhoneOS18.5.sdk/Developer/Library/Frameworks -filelist /Users/harishvishwakarma/Library/Developer/Xcode/DerivedData/Revolt-dharrjsambcimaaziudpvzjdcigm/Build/Intermediates.noindex/Flow.build/Debug-iphoneos/Flow.build/Objects-normal/arm64/Flow.LinkFileList -nostdlib -Xlinker -object_path_lto -Xlinker /Users/harishvishwakarma/Library/Developer/Xcode/DerivedData/Revolt-dharrjsambcimaaziudpvzjdcigm/Build/Intermediates.noindex/Flow.build/Debug-iphoneos/Flow.build/Objects-normal/arm64/Flow_lto.o -rdynamic -Xlinker -no_deduplicate -Xlinker -dependency_info -Xlinker /Users/harishvishwakarma/Library/Developer/Xcode/DerivedData/Revolt-dharrjsambcimaaziudpvzjdcigm/Build/Intermediates.noindex/Flow.build/Debug-iphoneos/Flow.build/Objects-normal/arm64/Flow_dependency_info.dat -fobjc-link-runtime -L/Applications/Xcode.app/Contents/Developer/Toolchains/XcodeDefault.xctoolchain/usr/lib/swift/iphoneos -L/usr/lib/swift -Xlinker -add_ast_path -Xlinker /Users/harishvishwakarma/Library/Developer/Xcode/DerivedData/Revolt-dharrjsambcimaaziudpvzjdcigm/Build/Intermediates.noindex/Flow.build/Debug-iphoneos/Flow.build/Objects-normal/arm64/Flow.swiftmodule -o /Users/harishvishwakarma/Library/Developer/Xcode/DerivedData/Revolt-dharrjsambcimaaziudpvzjdcigm/Build/Products/Debug-iphoneos/Flow.o

Ld /Users/harishvishwakarma/Library/Developer/Xcode/DerivedData/Revolt-dharrjsambcimaaziudpvzjdcigm/Build/Products/Debug-iphoneos/ExyteGrid.o normal (in target 'ExyteGrid' from project 'ExyteGrid')
    cd /Users/harishvishwakarma/Library/Developer/Xcode/DerivedData/Revolt-dharrjsambcimaaziudpvzjdcigm/SourcePackages/checkouts/Grid
    /Applications/Xcode.app/Contents/Developer/Toolchains/XcodeDefault.xctoolchain/usr/bin/clang -Xlinker -reproducible -target arm64-apple-ios14.0 -r -isysroot /Applications/Xcode.app/Contents/Developer/Platforms/iPhoneOS.platform/Developer/SDKs/iPhoneOS18.5.sdk -O0 -w -L/Users/harishvishwakarma/Library/Developer/Xcode/DerivedData/Revolt-dharrjsambcimaaziudpvzjdcigm/Build/Intermediates.noindex/EagerLinkingTBDs/Debug-iphoneos -L/Users/harishvishwakarma/Library/Developer/Xcode/DerivedData/Revolt-dharrjsambcimaaziudpvzjdcigm/Build/Products/Debug-iphoneos -L/Applications/Xcode.app/Contents/Developer/Platforms/iPhoneOS.platform/Developer/usr/lib -F/Users/harishvishwakarma/Library/Developer/Xcode/DerivedData/Revolt-dharrjsambcimaaziudpvzjdcigm/Build/Intermediates.noindex/EagerLinkingTBDs/Debug-iphoneos -F/Users/harishvishwakarma/Library/Developer/Xcode/DerivedData/Revolt-dharrjsambcimaaziudpvzjdcigm/Build/Products/Debug-iphoneos -iframework /Applications/Xcode.app/Contents/Developer/Platforms/iPhoneOS.platform/Developer/Library/Frameworks -iframework /Applications/Xcode.app/Contents/Developer/Platforms/iPhoneOS.platform/Developer/SDKs/iPhoneOS18.5.sdk/Developer/Library/Frameworks -filelist /Users/harishvishwakarma/Library/Developer/Xcode/DerivedData/Revolt-dharrjsambcimaaziudpvzjdcigm/Build/Intermediates.noindex/ExyteGrid.build/Debug-iphoneos/ExyteGrid.build/Objects-normal/arm64/ExyteGrid.LinkFileList -nostdlib -Xlinker -object_path_lto -Xlinker /Users/harishvishwakarma/Library/Developer/Xcode/DerivedData/Revolt-dharrjsambcimaaziudpvzjdcigm/Build/Intermediates.noindex/ExyteGrid.build/Debug-iphoneos/ExyteGrid.build/Objects-normal/arm64/ExyteGrid_lto.o -rdynamic -Xlinker -no_deduplicate -Xlinker -dependency_info -Xlinker /Users/harishvishwakarma/Library/Developer/Xcode/DerivedData/Revolt-dharrjsambcimaaziudpvzjdcigm/Build/Intermediates.noindex/ExyteGrid.build/Debug-iphoneos/ExyteGrid.build/Objects-normal/arm64/ExyteGrid_dependency_info.dat -fobjc-link-runtime -L/Applications/Xcode.app/Contents/Developer/Toolchains/XcodeDefault.xctoolchain/usr/lib/swift/iphoneos -L/usr/lib/swift -Xlinker -add_ast_path -Xlinker /Users/harishvishwakarma/Library/Developer/Xcode/DerivedData/Revolt-dharrjsambcimaaziudpvzjdcigm/Build/Intermediates.noindex/ExyteGrid.build/Debug-iphoneos/ExyteGrid.build/Objects-normal/arm64/ExyteGrid.swiftmodule -o /Users/harishvishwakarma/Library/Developer/Xcode/DerivedData/Revolt-dharrjsambcimaaziudpvzjdcigm/Build/Products/Debug-iphoneos/ExyteGrid.o

Ld /Users/harishvishwakarma/Library/Developer/Xcode/DerivedData/Revolt-dharrjsambcimaaziudpvzjdcigm/Build/Products/Debug-iphoneos/AnyCodable.o normal (in target 'AnyCodable' from project 'AnyCodable')
    cd /Users/harishvishwakarma/Library/Developer/Xcode/DerivedData/Revolt-dharrjsambcimaaziudpvzjdcigm/SourcePackages/checkouts/AnyCodable
    /Applications/Xcode.app/Contents/Developer/Toolchains/XcodeDefault.xctoolchain/usr/bin/clang -Xlinker -reproducible -target arm64-apple-ios12.0 -r -isysroot /Applications/Xcode.app/Contents/Developer/Platforms/iPhoneOS.platform/Developer/SDKs/iPhoneOS18.5.sdk -O0 -w -L/Users/harishvishwakarma/Library/Developer/Xcode/DerivedData/Revolt-dharrjsambcimaaziudpvzjdcigm/Build/Intermediates.noindex/EagerLinkingTBDs/Debug-iphoneos -L/Users/harishvishwakarma/Library/Developer/Xcode/DerivedData/Revolt-dharrjsambcimaaziudpvzjdcigm/Build/Products/Debug-iphoneos -L/Applications/Xcode.app/Contents/Developer/Platforms/iPhoneOS.platform/Developer/usr/lib -F/Users/harishvishwakarma/Library/Developer/Xcode/DerivedData/Revolt-dharrjsambcimaaziudpvzjdcigm/Build/Intermediates.noindex/EagerLinkingTBDs/Debug-iphoneos -F/Users/harishvishwakarma/Library/Developer/Xcode/DerivedData/Revolt-dharrjsambcimaaziudpvzjdcigm/Build/Products/Debug-iphoneos -iframework /Applications/Xcode.app/Contents/Developer/Platforms/iPhoneOS.platform/Developer/Library/Frameworks -iframework /Applications/Xcode.app/Contents/Developer/Platforms/iPhoneOS.platform/Developer/SDKs/iPhoneOS18.5.sdk/Developer/Library/Frameworks -filelist /Users/harishvishwakarma/Library/Developer/Xcode/DerivedData/Revolt-dharrjsambcimaaziudpvzjdcigm/Build/Intermediates.noindex/AnyCodable.build/Debug-iphoneos/AnyCodable.build/Objects-normal/arm64/AnyCodable.LinkFileList -nostdlib -Xlinker -object_path_lto -Xlinker /Users/harishvishwakarma/Library/Developer/Xcode/DerivedData/Revolt-dharrjsambcimaaziudpvzjdcigm/Build/Intermediates.noindex/AnyCodable.build/Debug-iphoneos/AnyCodable.build/Objects-normal/arm64/AnyCodable_lto.o -rdynamic -Xlinker -no_deduplicate -Xlinker -dependency_info -Xlinker /Users/harishvishwakarma/Library/Developer/Xcode/DerivedData/Revolt-dharrjsambcimaaziudpvzjdcigm/Build/Intermediates.noindex/AnyCodable.build/Debug-iphoneos/AnyCodable.build/Objects-normal/arm64/AnyCodable_dependency_info.dat -fobjc-link-runtime -L/Applications/Xcode.app/Contents/Developer/Toolchains/XcodeDefault.xctoolchain/usr/lib/swift/iphoneos -L/usr/lib/swift -Xlinker -add_ast_path -Xlinker /Users/harishvishwakarma/Library/Developer/Xcode/DerivedData/Revolt-dharrjsambcimaaziudpvzjdcigm/Build/Intermediates.noindex/AnyCodable.build/Debug-iphoneos/AnyCodable.build/Objects-normal/arm64/AnyCodable.swiftmodule -o /Users/harishvishwakarma/Library/Developer/Xcode/DerivedData/Revolt-dharrjsambcimaaziudpvzjdcigm/Build/Products/Debug-iphoneos/AnyCodable.o

Ld /Users/harishvishwakarma/Library/Developer/Xcode/DerivedData/Revolt-dharrjsambcimaaziudpvzjdcigm/Build/Products/Debug-iphoneos/Animator.o normal (in target 'Animator' from project 'swiftui-navigation-transitions')
    cd /Users/harishvishwakarma/Library/Developer/Xcode/DerivedData/Revolt-dharrjsambcimaaziudpvzjdcigm/SourcePackages/checkouts/swiftui-navigation-transitions
    /Applications/Xcode.app/Contents/Developer/Toolchains/XcodeDefault.xctoolchain/usr/bin/clang -Xlinker -reproducible -target arm64-apple-ios13.0 -r -isysroot /Applications/Xcode.app/Contents/Developer/Platforms/iPhoneOS.platform/Developer/SDKs/iPhoneOS18.5.sdk -O0 -w -L/Users/harishvishwakarma/Library/Developer/Xcode/DerivedData/Revolt-dharrjsambcimaaziudpvzjdcigm/Build/Intermediates.noindex/EagerLinkingTBDs/Debug-iphoneos -L/Users/harishvishwakarma/Library/Developer/Xcode/DerivedData/Revolt-dharrjsambcimaaziudpvzjdcigm/Build/Products/Debug-iphoneos -L/Applications/Xcode.app/Contents/Developer/Platforms/iPhoneOS.platform/Developer/usr/lib -F/Users/harishvishwakarma/Library/Developer/Xcode/DerivedData/Revolt-dharrjsambcimaaziudpvzjdcigm/Build/Intermediates.noindex/EagerLinkingTBDs/Debug-iphoneos -F/Users/harishvishwakarma/Library/Developer/Xcode/DerivedData/Revolt-dharrjsambcimaaziudpvzjdcigm/Build/Products/Debug-iphoneos -iframework /Applications/Xcode.app/Contents/Developer/Platforms/iPhoneOS.platform/Developer/Library/Frameworks -iframework /Applications/Xcode.app/Contents/Developer/Platforms/iPhoneOS.platform/Developer/SDKs/iPhoneOS18.5.sdk/Developer/Library/Frameworks -filelist /Users/harishvishwakarma/Library/Developer/Xcode/DerivedData/Revolt-dharrjsambcimaaziudpvzjdcigm/Build/Intermediates.noindex/swiftui-navigation-transitions.build/Debug-iphoneos/Animator.build/Objects-normal/arm64/Animator.LinkFileList -nostdlib -Xlinker -object_path_lto -Xlinker /Users/harishvishwakarma/Library/Developer/Xcode/DerivedData/Revolt-dharrjsambcimaaziudpvzjdcigm/Build/Intermediates.noindex/swiftui-navigation-transitions.build/Debug-iphoneos/Animator.build/Objects-normal/arm64/Animator_lto.o -rdynamic -Xlinker -no_deduplicate -Xlinker -dependency_info -Xlinker /Users/harishvishwakarma/Library/Developer/Xcode/DerivedData/Revolt-dharrjsambcimaaziudpvzjdcigm/Build/Intermediates.noindex/swiftui-navigation-transitions.build/Debug-iphoneos/Animator.build/Objects-normal/arm64/Animator_dependency_info.dat -fobjc-link-runtime -L/Applications/Xcode.app/Contents/Developer/Toolchains/XcodeDefault.xctoolchain/usr/lib/swift/iphoneos -L/usr/lib/swift -Xlinker -add_ast_path -Xlinker /Users/harishvishwakarma/Library/Developer/Xcode/DerivedData/Revolt-dharrjsambcimaaziudpvzjdcigm/Build/Intermediates.noindex/swiftui-navigation-transitions.build/Debug-iphoneos/Animator.build/Objects-normal/arm64/Animator.swiftmodule -o /Users/harishvishwakarma/Library/Developer/Xcode/DerivedData/Revolt-dharrjsambcimaaziudpvzjdcigm/Build/Products/Debug-iphoneos/Animator.o

Ld /Users/harishvishwakarma/Library/Developer/Xcode/DerivedData/Revolt-dharrjsambcimaaziudpvzjdcigm/Build/Products/Debug-iphoneos/Animation.o normal (in target 'Animation' from project 'swiftui-navigation-transitions')
    cd /Users/harishvishwakarma/Library/Developer/Xcode/DerivedData/Revolt-dharrjsambcimaaziudpvzjdcigm/SourcePackages/checkouts/swiftui-navigation-transitions
    /Applications/Xcode.app/Contents/Developer/Toolchains/XcodeDefault.xctoolchain/usr/bin/clang -Xlinker -reproducible -target arm64-apple-ios13.0 -r -isysroot /Applications/Xcode.app/Contents/Developer/Platforms/iPhoneOS.platform/Developer/SDKs/iPhoneOS18.5.sdk -O0 -w -L/Users/harishvishwakarma/Library/Developer/Xcode/DerivedData/Revolt-dharrjsambcimaaziudpvzjdcigm/Build/Intermediates.noindex/EagerLinkingTBDs/Debug-iphoneos -L/Users/harishvishwakarma/Library/Developer/Xcode/DerivedData/Revolt-dharrjsambcimaaziudpvzjdcigm/Build/Products/Debug-iphoneos -L/Applications/Xcode.app/Contents/Developer/Platforms/iPhoneOS.platform/Developer/usr/lib -F/Users/harishvishwakarma/Library/Developer/Xcode/DerivedData/Revolt-dharrjsambcimaaziudpvzjdcigm/Build/Intermediates.noindex/EagerLinkingTBDs/Debug-iphoneos -F/Users/harishvishwakarma/Library/Developer/Xcode/DerivedData/Revolt-dharrjsambcimaaziudpvzjdcigm/Build/Products/Debug-iphoneos -iframework /Applications/Xcode.app/Contents/Developer/Platforms/iPhoneOS.platform/Developer/Library/Frameworks -iframework /Applications/Xcode.app/Contents/Developer/Platforms/iPhoneOS.platform/Developer/SDKs/iPhoneOS18.5.sdk/Developer/Library/Frameworks -filelist /Users/harishvishwakarma/Library/Developer/Xcode/DerivedData/Revolt-dharrjsambcimaaziudpvzjdcigm/Build/Intermediates.noindex/swiftui-navigation-transitions.build/Debug-iphoneos/Animation.build/Objects-normal/arm64/Animation.LinkFileList -nostdlib -Xlinker -object_path_lto -Xlinker /Users/harishvishwakarma/Library/Developer/Xcode/DerivedData/Revolt-dharrjsambcimaaziudpvzjdcigm/Build/Intermediates.noindex/swiftui-navigation-transitions.build/Debug-iphoneos/Animation.build/Objects-normal/arm64/Animation_lto.o -rdynamic -Xlinker -no_deduplicate -Xlinker -dependency_info -Xlinker /Users/harishvishwakarma/Library/Developer/Xcode/DerivedData/Revolt-dharrjsambcimaaziudpvzjdcigm/Build/Intermediates.noindex/swiftui-navigation-transitions.build/Debug-iphoneos/Animation.build/Objects-normal/arm64/Animation_dependency_info.dat -fobjc-link-runtime -L/Applications/Xcode.app/Contents/Developer/Toolchains/XcodeDefault.xctoolchain/usr/lib/swift/iphoneos -L/usr/lib/swift -Xlinker -add_ast_path -Xlinker /Users/harishvishwakarma/Library/Developer/Xcode/DerivedData/Revolt-dharrjsambcimaaziudpvzjdcigm/Build/Intermediates.noindex/swiftui-navigation-transitions.build/Debug-iphoneos/Animation.build/Objects-normal/arm64/Animation.swiftmodule -o /Users/harishvishwakarma/Library/Developer/Xcode/DerivedData/Revolt-dharrjsambcimaaziudpvzjdcigm/Build/Products/Debug-iphoneos/Animation.o

ScanDependencies /Users/harishvishwakarma/Library/Developer/Xcode/DerivedData/Revolt-dharrjsambcimaaziudpvzjdcigm/Build/Intermediates.noindex/Revolt.build/Debug-iphoneos/Types.build/Objects-normal/arm64/Types_vers.o /Users/harishvishwakarma/Library/Developer/Xcode/DerivedData/Revolt-dharrjsambcimaaziudpvzjdcigm/Build/Intermediates.noindex/Revolt.build/Debug-iphoneos/Types.build/DerivedSources/Types_vers.c normal arm64 c com.apple.compilers.llvm.clang.1_0.compiler (in target 'Types' from project 'Revolt')
    cd /Users/harishvishwakarma/Handy/Archem/pepchat-ios
    
    Using response file: /Users/harishvishwakarma/Library/Developer/Xcode/DerivedData/Revolt-dharrjsambcimaaziudpvzjdcigm/Build/Intermediates.noindex/Revolt.build/Debug-iphoneos/Types.build/Objects-normal/arm64/7187679823f38a2a940e0043cdf9d637-common-args.resp
    
    builtin-ScanDependencies -o /Users/harishvishwakarma/Library/Developer/Xcode/DerivedData/Revolt-dharrjsambcimaaziudpvzjdcigm/Build/Intermediates.noindex/Revolt.build/Debug-iphoneos/Types.build/Objects-normal/arm64/Types_vers.o.scan -- /Applications/Xcode.app/Contents/Developer/Toolchains/XcodeDefault.xctoolchain/usr/bin/clang -x c -ivfsstatcache /Users/harishvishwakarma/Library/Developer/Xcode/DerivedData/SDKStatCaches.noindex/iphoneos18.5-22F76-7fa4eea80a99bbfdc046826b63ec4baf.sdkstatcache -fmessage-length\=0 -fdiagnostics-show-note-include-stack -fmacro-backtrace-limit\=0 -fno-color-diagnostics -fmodules-prune-interval\=86400 -fmodules-prune-after\=345600 -fbuild-session-file\=/Users/harishvishwakarma/Library/Developer/Xcode/DerivedData/ModuleCache.noindex/Session.modulevalidation -fmodules-validate-once-per-build-session -Wnon-modular-include-in-framework-module -Werror\=non-modular-include-in-framework-module -Wno-trigraphs -Wno-missing-field-initializers -Wno-missing-prototypes -Werror\=return-type -Wdocumentation -Wunreachable-code -Wquoted-include-in-framework-header -Werror\=deprecated-objc-isa-usage -Werror\=objc-root-class -Wno-missing-braces -Wparentheses -Wswitch -Wunused-function -Wno-unused-label -Wno-unused-parameter -Wunused-variable -Wunused-value -Wempty-body -Wuninitialized -Wconditional-uninitialized -Wno-unknown-pragmas -Wno-shadow -Wno-four-char-constants -Wno-conversion -Wconstant-conversion -Wint-conversion -Wbool-conversion -Wenum-conversion -Wno-float-conversion -Wnon-literal-null-conversion -Wobjc-literal-conversion -Wshorten-64-to-32 -Wpointer-sign -Wno-newline-eof -Wno-implicit-fallthrough -fstrict-aliasing -Wdeprecated-declarations -Wno-sign-conversion -Winfinite-recursion -Wcomma -Wblock-capture-autoreleasing -Wstrict-prototypes -Wno-semicolon-before-method-body -Wunguarded-availability -index-store-path /Users/harishvishwakarma/Library/Developer/Xcode/DerivedData/Revolt-dharrjsambcimaaziudpvzjdcigm/Index.noindex/DataStore @/Users/harishvishwakarma/Library/Developer/Xcode/DerivedData/Revolt-dharrjsambcimaaziudpvzjdcigm/Build/Intermediates.noindex/Revolt.build/Debug-iphoneos/Types.build/Objects-normal/arm64/7187679823f38a2a940e0043cdf9d637-common-args.resp -MMD -MT dependencies -MF /Users/harishvishwakarma/Library/Developer/Xcode/DerivedData/Revolt-dharrjsambcimaaziudpvzjdcigm/Build/Intermediates.noindex/Revolt.build/Debug-iphoneos/Types.build/Objects-normal/arm64/Types_vers.d --serialize-diagnostics /Users/harishvishwakarma/Library/Developer/Xcode/DerivedData/Revolt-dharrjsambcimaaziudpvzjdcigm/Build/Intermediates.noindex/Revolt.build/Debug-iphoneos/Types.build/Objects-normal/arm64/Types_vers.dia -c /Users/harishvishwakarma/Library/Developer/Xcode/DerivedData/Revolt-dharrjsambcimaaziudpvzjdcigm/Build/Intermediates.noindex/Revolt.build/Debug-iphoneos/Types.build/DerivedSources/Types_vers.c -o /Users/harishvishwakarma/Library/Developer/Xcode/DerivedData/Revolt-dharrjsambcimaaziudpvzjdcigm/Build/Intermediates.noindex/Revolt.build/Debug-iphoneos/Types.build/Objects-normal/arm64/Types_vers.o -index-unit-output-path /Revolt.build/Debug-iphoneos/Types.build/Objects-normal/arm64/Types_vers.o

ProcessProductPackaging /Users/harishvishwakarma/Library/Developer/Xcode/UserData/Provisioning\ Profiles/66f9c1fe-6b1c-4fc6-850e-46cbc7d29eee.mobileprovision /Users/harishvishwakarma/Library/Developer/Xcode/DerivedData/Revolt-dharrjsambcimaaziudpvzjdcigm/Build/Products/Debug-iphoneos/NotificationService.appex/embedded.mobileprovision (in target 'NotificationService' from project 'Revolt')
    cd /Users/harishvishwakarma/Handy/Archem/pepchat-ios
    builtin-productPackagingUtility /Users/harishvishwakarma/Library/Developer/Xcode/UserData/Provisioning\ Profiles/66f9c1fe-6b1c-4fc6-850e-46cbc7d29eee.mobileprovision -o /Users/harishvishwakarma/Library/Developer/Xcode/DerivedData/Revolt-dharrjsambcimaaziudpvzjdcigm/Build/Products/Debug-iphoneos/NotificationService.appex/embedded.mobileprovision

CompileC /Users/harishvishwakarma/Library/Developer/Xcode/DerivedData/Revolt-dharrjsambcimaaziudpvzjdcigm/Build/Intermediates.noindex/Revolt.build/Debug-iphoneos/Types.build/Objects-normal/arm64/Types_vers.o /Users/harishvishwakarma/Library/Developer/Xcode/DerivedData/Revolt-dharrjsambcimaaziudpvzjdcigm/Build/Intermediates.noindex/Revolt.build/Debug-iphoneos/Types.build/DerivedSources/Types_vers.c normal arm64 c com.apple.compilers.llvm.clang.1_0.compiler (in target 'Types' from project 'Revolt')
    cd /Users/harishvishwakarma/Handy/Archem/pepchat-ios
    
    Using response file: /Users/harishvishwakarma/Library/Developer/Xcode/DerivedData/Revolt-dharrjsambcimaaziudpvzjdcigm/Build/Intermediates.noindex/Revolt.build/Debug-iphoneos/Types.build/Objects-normal/arm64/7187679823f38a2a940e0043cdf9d637-common-args.resp
    
    /Applications/Xcode.app/Contents/Developer/Toolchains/XcodeDefault.xctoolchain/usr/bin/clang -x c -ivfsstatcache /Users/harishvishwakarma/Library/Developer/Xcode/DerivedData/SDKStatCaches.noindex/iphoneos18.5-22F76-7fa4eea80a99bbfdc046826b63ec4baf.sdkstatcache -fmessage-length\=0 -fdiagnostics-show-note-include-stack -fmacro-backtrace-limit\=0 -fno-color-diagnostics -fmodules-prune-interval\=86400 -fmodules-prune-after\=345600 -fbuild-session-file\=/Users/harishvishwakarma/Library/Developer/Xcode/DerivedData/ModuleCache.noindex/Session.modulevalidation -fmodules-validate-once-per-build-session -Wnon-modular-include-in-framework-module -Werror\=non-modular-include-in-framework-module -Wno-trigraphs -Wno-missing-field-initializers -Wno-missing-prototypes -Werror\=return-type -Wdocumentation -Wunreachable-code -Wquoted-include-in-framework-header -Werror\=deprecated-objc-isa-usage -Werror\=objc-root-class -Wno-missing-braces -Wparentheses -Wswitch -Wunused-function -Wno-unused-label -Wno-unused-parameter -Wunused-variable -Wunused-value -Wempty-body -Wuninitialized -Wconditional-uninitialized -Wno-unknown-pragmas -Wno-shadow -Wno-four-char-constants -Wno-conversion -Wconstant-conversion -Wint-conversion -Wbool-conversion -Wenum-conversion -Wno-float-conversion -Wnon-literal-null-conversion -Wobjc-literal-conversion -Wshorten-64-to-32 -Wpointer-sign -Wno-newline-eof -Wno-implicit-fallthrough -fstrict-aliasing -Wdeprecated-declarations -Wno-sign-conversion -Winfinite-recursion -Wcomma -Wblock-capture-autoreleasing -Wstrict-prototypes -Wno-semicolon-before-method-body -Wunguarded-availability -index-store-path /Users/harishvishwakarma/Library/Developer/Xcode/DerivedData/Revolt-dharrjsambcimaaziudpvzjdcigm/Index.noindex/DataStore @/Users/harishvishwakarma/Library/Developer/Xcode/DerivedData/Revolt-dharrjsambcimaaziudpvzjdcigm/Build/Intermediates.noindex/Revolt.build/Debug-iphoneos/Types.build/Objects-normal/arm64/7187679823f38a2a940e0043cdf9d637-common-args.resp -MMD -MT dependencies -MF /Users/harishvishwakarma/Library/Developer/Xcode/DerivedData/Revolt-dharrjsambcimaaziudpvzjdcigm/Build/Intermediates.noindex/Revolt.build/Debug-iphoneos/Types.build/Objects-normal/arm64/Types_vers.d --serialize-diagnostics /Users/harishvishwakarma/Library/Developer/Xcode/DerivedData/Revolt-dharrjsambcimaaziudpvzjdcigm/Build/Intermediates.noindex/Revolt.build/Debug-iphoneos/Types.build/Objects-normal/arm64/Types_vers.dia -c /Users/harishvishwakarma/Library/Developer/Xcode/DerivedData/Revolt-dharrjsambcimaaziudpvzjdcigm/Build/Intermediates.noindex/Revolt.build/Debug-iphoneos/Types.build/DerivedSources/Types_vers.c -o /Users/harishvishwakarma/Library/Developer/Xcode/DerivedData/Revolt-dharrjsambcimaaziudpvzjdcigm/Build/Intermediates.noindex/Revolt.build/Debug-iphoneos/Types.build/Objects-normal/arm64/Types_vers.o -index-unit-output-path /Revolt.build/Debug-iphoneos/Types.build/Objects-normal/arm64/Types_vers.o

ProcessProductPackaging /Users/harishvishwakarma/Handy/Archem/pepchat-ios/NotificationService/NotificationService.entitlements /Users/harishvishwakarma/Library/Developer/Xcode/DerivedData/Revolt-dharrjsambcimaaziudpvzjdcigm/Build/Intermediates.noindex/Revolt.build/Debug-iphoneos/NotificationService.build/NotificationService.appex.xcent (in target 'NotificationService' from project 'Revolt')
    cd /Users/harishvishwakarma/Handy/Archem/pepchat-ios
    
    Entitlements:
    
    {
    "application-identifier" = "R8387T64JW.chat.zeko.app.notifications";
    "com.apple.developer.team-identifier" = R8387T64JW;
    "com.apple.security.application-groups" =     (
        "group.pepchat.shared.data"
    );
    "get-task-allow" = 1;
}
    
    builtin-productPackagingUtility /Users/harishvishwakarma/Handy/Archem/pepchat-ios/NotificationService/NotificationService.entitlements -entitlements -format xml -o /Users/harishvishwakarma/Library/Developer/Xcode/DerivedData/Revolt-dharrjsambcimaaziudpvzjdcigm/Build/Intermediates.noindex/Revolt.build/Debug-iphoneos/NotificationService.build/NotificationService.appex.xcent

SwiftDriverJobDiscovery normal arm64 Compiling ServerTrustEvaluation.swift, URLEncodedFormEncoder.swift, Validation.swift (in target 'Alamofire' from project 'Alamofire')

Ld /Users/harishvishwakarma/Library/Developer/Xcode/DerivedData/Revolt-dharrjsambcimaaziudpvzjdcigm/Build/Products/Debug-iphoneos/SwiftyCrop.o normal (in target 'SwiftyCrop' from project 'SwiftyCrop')
    cd /Users/harishvishwakarma/Library/Developer/Xcode/DerivedData/Revolt-dharrjsambcimaaziudpvzjdcigm/SourcePackages/checkouts/SwiftyCrop
    /Applications/Xcode.app/Contents/Developer/Toolchains/XcodeDefault.xctoolchain/usr/bin/clang -Xlinker -reproducible -target arm64-apple-ios16.0 -r -isysroot /Applications/Xcode.app/Contents/Developer/Platforms/iPhoneOS.platform/Developer/SDKs/iPhoneOS18.5.sdk -O0 -w -L/Users/harishvishwakarma/Library/Developer/Xcode/DerivedData/Revolt-dharrjsambcimaaziudpvzjdcigm/Build/Intermediates.noindex/EagerLinkingTBDs/Debug-iphoneos -L/Users/harishvishwakarma/Library/Developer/Xcode/DerivedData/Revolt-dharrjsambcimaaziudpvzjdcigm/Build/Products/Debug-iphoneos -L/Applications/Xcode.app/Contents/Developer/Platforms/iPhoneOS.platform/Developer/usr/lib -F/Users/harishvishwakarma/Library/Developer/Xcode/DerivedData/Revolt-dharrjsambcimaaziudpvzjdcigm/Build/Intermediates.noindex/EagerLinkingTBDs/Debug-iphoneos -F/Users/harishvishwakarma/Library/Developer/Xcode/DerivedData/Revolt-dharrjsambcimaaziudpvzjdcigm/Build/Products/Debug-iphoneos -iframework /Applications/Xcode.app/Contents/Developer/Platforms/iPhoneOS.platform/Developer/Library/Frameworks -iframework /Applications/Xcode.app/Contents/Developer/Platforms/iPhoneOS.platform/Developer/SDKs/iPhoneOS18.5.sdk/Developer/Library/Frameworks -filelist /Users/harishvishwakarma/Library/Developer/Xcode/DerivedData/Revolt-dharrjsambcimaaziudpvzjdcigm/Build/Intermediates.noindex/SwiftyCrop.build/Debug-iphoneos/SwiftyCrop.build/Objects-normal/arm64/SwiftyCrop.LinkFileList -nostdlib -Xlinker -object_path_lto -Xlinker /Users/harishvishwakarma/Library/Developer/Xcode/DerivedData/Revolt-dharrjsambcimaaziudpvzjdcigm/Build/Intermediates.noindex/SwiftyCrop.build/Debug-iphoneos/SwiftyCrop.build/Objects-normal/arm64/SwiftyCrop_lto.o -rdynamic -Xlinker -no_deduplicate -Xlinker -dependency_info -Xlinker /Users/harishvishwakarma/Library/Developer/Xcode/DerivedData/Revolt-dharrjsambcimaaziudpvzjdcigm/Build/Intermediates.noindex/SwiftyCrop.build/Debug-iphoneos/SwiftyCrop.build/Objects-normal/arm64/SwiftyCrop_dependency_info.dat -fobjc-link-runtime -L/Applications/Xcode.app/Contents/Developer/Toolchains/XcodeDefault.xctoolchain/usr/lib/swift/iphoneos -L/usr/lib/swift -Xlinker -add_ast_path -Xlinker /Users/harishvishwakarma/Library/Developer/Xcode/DerivedData/Revolt-dharrjsambcimaaziudpvzjdcigm/Build/Intermediates.noindex/SwiftyCrop.build/Debug-iphoneos/SwiftyCrop.build/Objects-normal/arm64/SwiftyCrop.swiftmodule -o /Users/harishvishwakarma/Library/Developer/Xcode/DerivedData/Revolt-dharrjsambcimaaziudpvzjdcigm/Build/Products/Debug-iphoneos/SwiftyCrop.o

Ld /Users/harishvishwakarma/Library/Developer/Xcode/DerivedData/Revolt-dharrjsambcimaaziudpvzjdcigm/Build/Products/Debug-iphoneos/SwiftCSV.o normal (in target 'SwiftCSV' from project 'SwiftCSV')
    cd /Users/harishvishwakarma/Library/Developer/Xcode/DerivedData/Revolt-dharrjsambcimaaziudpvzjdcigm/SourcePackages/checkouts/SwiftCSV
    /Applications/Xcode.app/Contents/Developer/Toolchains/XcodeDefault.xctoolchain/usr/bin/clang -Xlinker -reproducible -target arm64-apple-ios12.0 -r -isysroot /Applications/Xcode.app/Contents/Developer/Platforms/iPhoneOS.platform/Developer/SDKs/iPhoneOS18.5.sdk -O0 -w -L/Users/harishvishwakarma/Library/Developer/Xcode/DerivedData/Revolt-dharrjsambcimaaziudpvzjdcigm/Build/Intermediates.noindex/EagerLinkingTBDs/Debug-iphoneos -L/Users/harishvishwakarma/Library/Developer/Xcode/DerivedData/Revolt-dharrjsambcimaaziudpvzjdcigm/Build/Products/Debug-iphoneos -L/Applications/Xcode.app/Contents/Developer/Platforms/iPhoneOS.platform/Developer/usr/lib -F/Users/harishvishwakarma/Library/Developer/Xcode/DerivedData/Revolt-dharrjsambcimaaziudpvzjdcigm/Build/Intermediates.noindex/EagerLinkingTBDs/Debug-iphoneos -F/Users/harishvishwakarma/Library/Developer/Xcode/DerivedData/Revolt-dharrjsambcimaaziudpvzjdcigm/Build/Products/Debug-iphoneos -iframework /Applications/Xcode.app/Contents/Developer/Platforms/iPhoneOS.platform/Developer/Library/Frameworks -iframework /Applications/Xcode.app/Contents/Developer/Platforms/iPhoneOS.platform/Developer/SDKs/iPhoneOS18.5.sdk/Developer/Library/Frameworks -filelist /Users/harishvishwakarma/Library/Developer/Xcode/DerivedData/Revolt-dharrjsambcimaaziudpvzjdcigm/Build/Intermediates.noindex/SwiftCSV.build/Debug-iphoneos/SwiftCSV.build/Objects-normal/arm64/SwiftCSV.LinkFileList -nostdlib -Xlinker -object_path_lto -Xlinker /Users/harishvishwakarma/Library/Developer/Xcode/DerivedData/Revolt-dharrjsambcimaaziudpvzjdcigm/Build/Intermediates.noindex/SwiftCSV.build/Debug-iphoneos/SwiftCSV.build/Objects-normal/arm64/SwiftCSV_lto.o -rdynamic -Xlinker -no_deduplicate -Xlinker -dependency_info -Xlinker /Users/harishvishwakarma/Library/Developer/Xcode/DerivedData/Revolt-dharrjsambcimaaziudpvzjdcigm/Build/Intermediates.noindex/SwiftCSV.build/Debug-iphoneos/SwiftCSV.build/Objects-normal/arm64/SwiftCSV_dependency_info.dat -fobjc-link-runtime -L/Applications/Xcode.app/Contents/Developer/Toolchains/XcodeDefault.xctoolchain/usr/lib/swift/iphoneos -L/usr/lib/swift -Xlinker -add_ast_path -Xlinker /Users/harishvishwakarma/Library/Developer/Xcode/DerivedData/Revolt-dharrjsambcimaaziudpvzjdcigm/Build/Intermediates.noindex/SwiftCSV.build/Debug-iphoneos/SwiftCSV.build/Objects-normal/arm64/SwiftCSV.swiftmodule -o /Users/harishvishwakarma/Library/Developer/Xcode/DerivedData/Revolt-dharrjsambcimaaziudpvzjdcigm/Build/Products/Debug-iphoneos/SwiftCSV.o

Ld /Users/harishvishwakarma/Library/Developer/Xcode/DerivedData/Revolt-dharrjsambcimaaziudpvzjdcigm/Build/Products/Debug-iphoneos/Starscream.o normal (in target 'Starscream' from project 'Starscream')
    cd /Users/harishvishwakarma/Library/Developer/Xcode/DerivedData/Revolt-dharrjsambcimaaziudpvzjdcigm/SourcePackages/checkouts/Starscream
    /Applications/Xcode.app/Contents/Developer/Toolchains/XcodeDefault.xctoolchain/usr/bin/clang -Xlinker -reproducible -target arm64-apple-ios12.0 -r -isysroot /Applications/Xcode.app/Contents/Developer/Platforms/iPhoneOS.platform/Developer/SDKs/iPhoneOS18.5.sdk -O0 -w -L/Users/harishvishwakarma/Library/Developer/Xcode/DerivedData/Revolt-dharrjsambcimaaziudpvzjdcigm/Build/Intermediates.noindex/EagerLinkingTBDs/Debug-iphoneos -L/Users/harishvishwakarma/Library/Developer/Xcode/DerivedData/Revolt-dharrjsambcimaaziudpvzjdcigm/Build/Products/Debug-iphoneos -L/Applications/Xcode.app/Contents/Developer/Platforms/iPhoneOS.platform/Developer/usr/lib -F/Users/harishvishwakarma/Library/Developer/Xcode/DerivedData/Revolt-dharrjsambcimaaziudpvzjdcigm/Build/Intermediates.noindex/EagerLinkingTBDs/Debug-iphoneos -F/Users/harishvishwakarma/Library/Developer/Xcode/DerivedData/Revolt-dharrjsambcimaaziudpvzjdcigm/Build/Products/Debug-iphoneos -iframework /Applications/Xcode.app/Contents/Developer/Platforms/iPhoneOS.platform/Developer/Library/Frameworks -iframework /Applications/Xcode.app/Contents/Developer/Platforms/iPhoneOS.platform/Developer/SDKs/iPhoneOS18.5.sdk/Developer/Library/Frameworks -filelist /Users/harishvishwakarma/Library/Developer/Xcode/DerivedData/Revolt-dharrjsambcimaaziudpvzjdcigm/Build/Intermediates.noindex/Starscream.build/Debug-iphoneos/Starscream.build/Objects-normal/arm64/Starscream.LinkFileList -nostdlib -Xlinker -object_path_lto -Xlinker /Users/harishvishwakarma/Library/Developer/Xcode/DerivedData/Revolt-dharrjsambcimaaziudpvzjdcigm/Build/Intermediates.noindex/Starscream.build/Debug-iphoneos/Starscream.build/Objects-normal/arm64/Starscream_lto.o -rdynamic -Xlinker -no_deduplicate -Xlinker -dependency_info -Xlinker /Users/harishvishwakarma/Library/Developer/Xcode/DerivedData/Revolt-dharrjsambcimaaziudpvzjdcigm/Build/Intermediates.noindex/Starscream.build/Debug-iphoneos/Starscream.build/Objects-normal/arm64/Starscream_dependency_info.dat -fobjc-link-runtime -L/Applications/Xcode.app/Contents/Developer/Toolchains/XcodeDefault.xctoolchain/usr/lib/swift/iphoneos -L/usr/lib/swift -Xlinker -add_ast_path -Xlinker /Users/harishvishwakarma/Library/Developer/Xcode/DerivedData/Revolt-dharrjsambcimaaziudpvzjdcigm/Build/Intermediates.noindex/Starscream.build/Debug-iphoneos/Starscream.build/Objects-normal/arm64/Starscream.swiftmodule -o /Users/harishvishwakarma/Library/Developer/Xcode/DerivedData/Revolt-dharrjsambcimaaziudpvzjdcigm/Build/Products/Debug-iphoneos/Starscream.o

Ld /Users/harishvishwakarma/Library/Developer/Xcode/DerivedData/Revolt-dharrjsambcimaaziudpvzjdcigm/Build/Products/Debug-iphoneos/SnapKit.o normal (in target 'SnapKit' from project 'SnapKit')
    cd /Users/harishvishwakarma/Library/Developer/Xcode/DerivedData/Revolt-dharrjsambcimaaziudpvzjdcigm/SourcePackages/checkouts/SnapKit
    /Applications/Xcode.app/Contents/Developer/Toolchains/XcodeDefault.xctoolchain/usr/bin/clang -Xlinker -reproducible -target arm64-apple-ios12.0 -r -isysroot /Applications/Xcode.app/Contents/Developer/Platforms/iPhoneOS.platform/Developer/SDKs/iPhoneOS18.5.sdk -O0 -w -L/Users/harishvishwakarma/Library/Developer/Xcode/DerivedData/Revolt-dharrjsambcimaaziudpvzjdcigm/Build/Intermediates.noindex/EagerLinkingTBDs/Debug-iphoneos -L/Users/harishvishwakarma/Library/Developer/Xcode/DerivedData/Revolt-dharrjsambcimaaziudpvzjdcigm/Build/Products/Debug-iphoneos -L/Applications/Xcode.app/Contents/Developer/Platforms/iPhoneOS.platform/Developer/usr/lib -F/Users/harishvishwakarma/Library/Developer/Xcode/DerivedData/Revolt-dharrjsambcimaaziudpvzjdcigm/Build/Intermediates.noindex/EagerLinkingTBDs/Debug-iphoneos -F/Users/harishvishwakarma/Library/Developer/Xcode/DerivedData/Revolt-dharrjsambcimaaziudpvzjdcigm/Build/Products/Debug-iphoneos -iframework /Applications/Xcode.app/Contents/Developer/Platforms/iPhoneOS.platform/Developer/Library/Frameworks -iframework /Applications/Xcode.app/Contents/Developer/Platforms/iPhoneOS.platform/Developer/SDKs/iPhoneOS18.5.sdk/Developer/Library/Frameworks -filelist /Users/harishvishwakarma/Library/Developer/Xcode/DerivedData/Revolt-dharrjsambcimaaziudpvzjdcigm/Build/Intermediates.noindex/SnapKit.build/Debug-iphoneos/SnapKit.build/Objects-normal/arm64/SnapKit.LinkFileList -nostdlib -Xlinker -object_path_lto -Xlinker /Users/harishvishwakarma/Library/Developer/Xcode/DerivedData/Revolt-dharrjsambcimaaziudpvzjdcigm/Build/Intermediates.noindex/SnapKit.build/Debug-iphoneos/SnapKit.build/Objects-normal/arm64/SnapKit_lto.o -rdynamic -Xlinker -no_deduplicate -Xlinker -dependency_info -Xlinker /Users/harishvishwakarma/Library/Developer/Xcode/DerivedData/Revolt-dharrjsambcimaaziudpvzjdcigm/Build/Intermediates.noindex/SnapKit.build/Debug-iphoneos/SnapKit.build/Objects-normal/arm64/SnapKit_dependency_info.dat -fobjc-link-runtime -L/Applications/Xcode.app/Contents/Developer/Toolchains/XcodeDefault.xctoolchain/usr/lib/swift/iphoneos -L/usr/lib/swift -Xlinker -add_ast_path -Xlinker /Users/harishvishwakarma/Library/Developer/Xcode/DerivedData/Revolt-dharrjsambcimaaziudpvzjdcigm/Build/Intermediates.noindex/SnapKit.build/Debug-iphoneos/SnapKit.build/Objects-normal/arm64/SnapKit.swiftmodule -o /Users/harishvishwakarma/Library/Developer/Xcode/DerivedData/Revolt-dharrjsambcimaaziudpvzjdcigm/Build/Products/Debug-iphoneos/SnapKit.o

ExtractAppIntentsMetadata (in target 'ULID' from project 'ULID.swift')
    cd /Users/harishvishwakarma/Library/Developer/Xcode/DerivedData/Revolt-dharrjsambcimaaziudpvzjdcigm/SourcePackages/checkouts/ULID.swift
    /Applications/Xcode.app/Contents/Developer/Toolchains/XcodeDefault.xctoolchain/usr/bin/appintentsmetadataprocessor --toolchain-dir /Applications/Xcode.app/Contents/Developer/Toolchains/XcodeDefault.xctoolchain --module-name ULID --sdk-root /Applications/Xcode.app/Contents/Developer/Platforms/iPhoneOS.platform/Developer/SDKs/iPhoneOS18.5.sdk --xcode-version 16F6 --platform-family iOS --deployment-target 12.0 --bundle-identifier ulid.swift.ULID --output /Users/harishvishwakarma/Library/Developer/Xcode/DerivedData/Revolt-dharrjsambcimaaziudpvzjdcigm/Build/Products/Debug-iphoneos/ULID.appintents --target-triple arm64-apple-ios12.0 --binary-file /Users/harishvishwakarma/Library/Developer/Xcode/DerivedData/Revolt-dharrjsambcimaaziudpvzjdcigm/Build/Products/Debug-iphoneos/ULID.o --dependency-file /Users/harishvishwakarma/Library/Developer/Xcode/DerivedData/Revolt-dharrjsambcimaaziudpvzjdcigm/Build/Intermediates.noindex/ULID.swift.build/Debug-iphoneos/ULID.build/Objects-normal/arm64/ULID_dependency_info.dat --stringsdata-file /Users/harishvishwakarma/Library/Developer/Xcode/DerivedData/Revolt-dharrjsambcimaaziudpvzjdcigm/Build/Intermediates.noindex/ULID.swift.build/Debug-iphoneos/ULID.build/Objects-normal/arm64/ExtractedAppShortcutsMetadata.stringsdata --source-file-list /Users/harishvishwakarma/Library/Developer/Xcode/DerivedData/Revolt-dharrjsambcimaaziudpvzjdcigm/Build/Intermediates.noindex/ULID.swift.build/Debug-iphoneos/ULID.build/Objects-normal/arm64/ULID.SwiftFileList --metadata-file-list /Users/harishvishwakarma/Library/Developer/Xcode/DerivedData/Revolt-dharrjsambcimaaziudpvzjdcigm/Build/Intermediates.noindex/ULID.swift.build/Debug-iphoneos/ULID.build/ULID.DependencyMetadataFileList --static-metadata-file-list /Users/harishvishwakarma/Library/Developer/Xcode/DerivedData/Revolt-dharrjsambcimaaziudpvzjdcigm/Build/Intermediates.noindex/ULID.swift.build/Debug-iphoneos/ULID.build/ULID.DependencyStaticMetadataFileList --swift-const-vals-list /Users/harishvishwakarma/Library/Developer/Xcode/DerivedData/Revolt-dharrjsambcimaaziudpvzjdcigm/Build/Intermediates.noindex/ULID.swift.build/Debug-iphoneos/ULID.build/Objects-normal/arm64/ULID.SwiftConstValuesFileList --force --compile-time-extraction --deployment-aware-processing --validate-assistant-intents --no-app-shortcuts-localization
2026-01-08 18:37:56.587 appintentsmetadataprocessor[99414:1136470] Starting appintentsmetadataprocessor export
2026-01-08 18:37:56.683 appintentsmetadataprocessor[99414:1136470] Extracted no relevant App Intents symbols, skipping writing output

ExtractAppIntentsMetadata (in target 'SwiftUITooltip' from project 'SwiftUITooltip')
    cd /Users/harishvishwakarma/Library/Developer/Xcode/DerivedData/Revolt-dharrjsambcimaaziudpvzjdcigm/SourcePackages/checkouts/SwiftUI-Tooltip
    /Applications/Xcode.app/Contents/Developer/Toolchains/XcodeDefault.xctoolchain/usr/bin/appintentsmetadataprocessor --toolchain-dir /Applications/Xcode.app/Contents/Developer/Toolchains/XcodeDefault.xctoolchain --module-name SwiftUITooltip --sdk-root /Applications/Xcode.app/Contents/Developer/Platforms/iPhoneOS.platform/Developer/SDKs/iPhoneOS18.5.sdk --xcode-version 16F6 --platform-family iOS --deployment-target 13.0 --bundle-identifier swiftui-tooltip.SwiftUITooltip --output /Users/harishvishwakarma/Library/Developer/Xcode/DerivedData/Revolt-dharrjsambcimaaziudpvzjdcigm/Build/Products/Debug-iphoneos/SwiftUITooltip.appintents --target-triple arm64-apple-ios13.0 --binary-file /Users/harishvishwakarma/Library/Developer/Xcode/DerivedData/Revolt-dharrjsambcimaaziudpvzjdcigm/Build/Products/Debug-iphoneos/SwiftUITooltip.o --dependency-file /Users/harishvishwakarma/Library/Developer/Xcode/DerivedData/Revolt-dharrjsambcimaaziudpvzjdcigm/Build/Intermediates.noindex/SwiftUITooltip.build/Debug-iphoneos/SwiftUITooltip.build/Objects-normal/arm64/SwiftUITooltip_dependency_info.dat --stringsdata-file /Users/harishvishwakarma/Library/Developer/Xcode/DerivedData/Revolt-dharrjsambcimaaziudpvzjdcigm/Build/Intermediates.noindex/SwiftUITooltip.build/Debug-iphoneos/SwiftUITooltip.build/Objects-normal/arm64/ExtractedAppShortcutsMetadata.stringsdata --source-file-list /Users/harishvishwakarma/Library/Developer/Xcode/DerivedData/Revolt-dharrjsambcimaaziudpvzjdcigm/Build/Intermediates.noindex/SwiftUITooltip.build/Debug-iphoneos/SwiftUITooltip.build/Objects-normal/arm64/SwiftUITooltip.SwiftFileList --metadata-file-list /Users/harishvishwakarma/Library/Developer/Xcode/DerivedData/Revolt-dharrjsambcimaaziudpvzjdcigm/Build/Intermediates.noindex/SwiftUITooltip.build/Debug-iphoneos/SwiftUITooltip.build/SwiftUITooltip.DependencyMetadataFileList --static-metadata-file-list /Users/harishvishwakarma/Library/Developer/Xcode/DerivedData/Revolt-dharrjsambcimaaziudpvzjdcigm/Build/Intermediates.noindex/SwiftUITooltip.build/Debug-iphoneos/SwiftUITooltip.build/SwiftUITooltip.DependencyStaticMetadataFileList --swift-const-vals-list /Users/harishvishwakarma/Library/Developer/Xcode/DerivedData/Revolt-dharrjsambcimaaziudpvzjdcigm/Build/Intermediates.noindex/SwiftUITooltip.build/Debug-iphoneos/SwiftUITooltip.build/Objects-normal/arm64/SwiftUITooltip.SwiftConstValuesFileList --force --compile-time-extraction --deployment-aware-processing --validate-assistant-intents --no-app-shortcuts-localization
2026-01-08 18:37:56.614 appintentsmetadataprocessor[99419:1136491] Starting appintentsmetadataprocessor export
2026-01-08 18:37:56.682 appintentsmetadataprocessor[99419:1136491] Extracted no relevant App Intents symbols, skipping writing output

ExtractAppIntentsMetadata (in target 'SwiftUIMasonry' from project 'SwiftUIMasonry')
    cd /Users/harishvishwakarma/Library/Developer/Xcode/DerivedData/Revolt-dharrjsambcimaaziudpvzjdcigm/SourcePackages/checkouts/SwiftUIMasonry
    /Applications/Xcode.app/Contents/Developer/Toolchains/XcodeDefault.xctoolchain/usr/bin/appintentsmetadataprocessor --toolchain-dir /Applications/Xcode.app/Contents/Developer/Toolchains/XcodeDefault.xctoolchain --module-name SwiftUIMasonry --sdk-root /Applications/Xcode.app/Contents/Developer/Platforms/iPhoneOS.platform/Developer/SDKs/iPhoneOS18.5.sdk --xcode-version 16F6 --platform-family iOS --deployment-target 14.0 --bundle-identifier swiftuimasonry.SwiftUIMasonry --output /Users/harishvishwakarma/Library/Developer/Xcode/DerivedData/Revolt-dharrjsambcimaaziudpvzjdcigm/Build/Products/Debug-iphoneos/SwiftUIMasonry.appintents --target-triple arm64-apple-ios14.0 --binary-file /Users/harishvishwakarma/Library/Developer/Xcode/DerivedData/Revolt-dharrjsambcimaaziudpvzjdcigm/Build/Products/Debug-iphoneos/SwiftUIMasonry.o --dependency-file /Users/harishvishwakarma/Library/Developer/Xcode/DerivedData/Revolt-dharrjsambcimaaziudpvzjdcigm/Build/Intermediates.noindex/SwiftUIMasonry.build/Debug-iphoneos/SwiftUIMasonry.build/Objects-normal/arm64/SwiftUIMasonry_dependency_info.dat --stringsdata-file /Users/harishvishwakarma/Library/Developer/Xcode/DerivedData/Revolt-dharrjsambcimaaziudpvzjdcigm/Build/Intermediates.noindex/SwiftUIMasonry.build/Debug-iphoneos/SwiftUIMasonry.build/Objects-normal/arm64/ExtractedAppShortcutsMetadata.stringsdata --source-file-list /Users/harishvishwakarma/Library/Developer/Xcode/DerivedData/Revolt-dharrjsambcimaaziudpvzjdcigm/Build/Intermediates.noindex/SwiftUIMasonry.build/Debug-iphoneos/SwiftUIMasonry.build/Objects-normal/arm64/SwiftUIMasonry.SwiftFileList --metadata-file-list /Users/harishvishwakarma/Library/Developer/Xcode/DerivedData/Revolt-dharrjsambcimaaziudpvzjdcigm/Build/Intermediates.noindex/SwiftUIMasonry.build/Debug-iphoneos/SwiftUIMasonry.build/SwiftUIMasonry.DependencyMetadataFileList --static-metadata-file-list /Users/harishvishwakarma/Library/Developer/Xcode/DerivedData/Revolt-dharrjsambcimaaziudpvzjdcigm/Build/Intermediates.noindex/SwiftUIMasonry.build/Debug-iphoneos/SwiftUIMasonry.build/SwiftUIMasonry.DependencyStaticMetadataFileList --swift-const-vals-list /Users/harishvishwakarma/Library/Developer/Xcode/DerivedData/Revolt-dharrjsambcimaaziudpvzjdcigm/Build/Intermediates.noindex/SwiftUIMasonry.build/Debug-iphoneos/SwiftUIMasonry.build/Objects-normal/arm64/SwiftUIMasonry.SwiftConstValuesFileList --force --compile-time-extraction --deployment-aware-processing --validate-assistant-intents --no-app-shortcuts-localization
2026-01-08 18:37:56.646 appintentsmetadataprocessor[99420:1136521] Starting appintentsmetadataprocessor export
2026-01-08 18:37:56.709 appintentsmetadataprocessor[99420:1136521] Extracted no relevant App Intents symbols, skipping writing output

Ld /Users/harishvishwakarma/Library/Developer/Xcode/DerivedData/Revolt-dharrjsambcimaaziudpvzjdcigm/Build/Products/Debug-iphoneos/Types.framework/Types normal (in target 'Types' from project 'Revolt')
    cd /Users/harishvishwakarma/Handy/Archem/pepchat-ios
    /Applications/Xcode.app/Contents/Developer/Toolchains/XcodeDefault.xctoolchain/usr/bin/clang -Xlinker -reproducible -target arm64-apple-ios18.0 -dynamiclib -isysroot /Applications/Xcode.app/Contents/Developer/Platforms/iPhoneOS.platform/Developer/SDKs/iPhoneOS18.5.sdk -O0 -L/Users/harishvishwakarma/Library/Developer/Xcode/DerivedData/Revolt-dharrjsambcimaaziudpvzjdcigm/Build/Intermediates.noindex/EagerLinkingTBDs/Debug-iphoneos -L/Users/harishvishwakarma/Library/Developer/Xcode/DerivedData/Revolt-dharrjsambcimaaziudpvzjdcigm/Build/Products/Debug-iphoneos -F/Users/harishvishwakarma/Library/Developer/Xcode/DerivedData/Revolt-dharrjsambcimaaziudpvzjdcigm/Build/Intermediates.noindex/EagerLinkingTBDs/Debug-iphoneos -F/Users/harishvishwakarma/Library/Developer/Xcode/DerivedData/Revolt-dharrjsambcimaaziudpvzjdcigm/Build/Products/Debug-iphoneos -filelist /Users/harishvishwakarma/Library/Developer/Xcode/DerivedData/Revolt-dharrjsambcimaaziudpvzjdcigm/Build/Intermediates.noindex/Revolt.build/Debug-iphoneos/Types.build/Objects-normal/arm64/Types.LinkFileList -install_name @rpath/Types.framework/Types -Xlinker -rpath -Xlinker @executable_path/Frameworks -Xlinker -rpath -Xlinker @loader_path/Frameworks -dead_strip -Xlinker -object_path_lto -Xlinker /Users/harishvishwakarma/Library/Developer/Xcode/DerivedData/Revolt-dharrjsambcimaaziudpvzjdcigm/Build/Intermediates.noindex/Revolt.build/Debug-iphoneos/Types.build/Objects-normal/arm64/Types_lto.o -rdynamic -Xlinker -no_deduplicate -Xlinker -dependency_info -Xlinker /Users/harishvishwakarma/Library/Developer/Xcode/DerivedData/Revolt-dharrjsambcimaaziudpvzjdcigm/Build/Intermediates.noindex/Revolt.build/Debug-iphoneos/Types.build/Objects-normal/arm64/Types_dependency_info.dat -fobjc-link-runtime -L/Applications/Xcode.app/Contents/Developer/Toolchains/XcodeDefault.xctoolchain/usr/lib/swift/iphoneos -L/usr/lib/swift -Xlinker -add_ast_path -Xlinker /Users/harishvishwakarma/Library/Developer/Xcode/DerivedData/Revolt-dharrjsambcimaaziudpvzjdcigm/Build/Intermediates.noindex/Revolt.build/Debug-iphoneos/Types.build/Objects-normal/arm64/Types.swiftmodule -compatibility_version 1 -current_version 1 -o /Users/harishvishwakarma/Library/Developer/Xcode/DerivedData/Revolt-dharrjsambcimaaziudpvzjdcigm/Build/Products/Debug-iphoneos/Types.framework/Types

SwiftDriverJobDiscovery normal arm64 Compiling Notifications.swift, ParameterEncoder.swift, ParameterEncoding.swift, Protected.swift (in target 'Alamofire' from project 'Alamofire')

ExtractAppIntentsMetadata (in target 'SwiftUIIntrospect' from project 'swiftui-introspect')
    cd /Users/harishvishwakarma/Library/Developer/Xcode/DerivedData/Revolt-dharrjsambcimaaziudpvzjdcigm/SourcePackages/checkouts/swiftui-introspect
    /Applications/Xcode.app/Contents/Developer/Toolchains/XcodeDefault.xctoolchain/usr/bin/appintentsmetadataprocessor --toolchain-dir /Applications/Xcode.app/Contents/Developer/Toolchains/XcodeDefault.xctoolchain --module-name SwiftUIIntrospect --sdk-root /Applications/Xcode.app/Contents/Developer/Platforms/iPhoneOS.platform/Developer/SDKs/iPhoneOS18.5.sdk --xcode-version 16F6 --platform-family iOS --deployment-target 13.0 --bundle-identifier swiftui-introspect.SwiftUIIntrospect --output /Users/harishvishwakarma/Library/Developer/Xcode/DerivedData/Revolt-dharrjsambcimaaziudpvzjdcigm/Build/Products/Debug-iphoneos/SwiftUIIntrospect.appintents --target-triple arm64-apple-ios13.0 --binary-file /Users/harishvishwakarma/Library/Developer/Xcode/DerivedData/Revolt-dharrjsambcimaaziudpvzjdcigm/Build/Products/Debug-iphoneos/SwiftUIIntrospect.o --dependency-file /Users/harishvishwakarma/Library/Developer/Xcode/DerivedData/Revolt-dharrjsambcimaaziudpvzjdcigm/Build/Intermediates.noindex/swiftui-introspect.build/Debug-iphoneos/SwiftUIIntrospect.build/Objects-normal/arm64/SwiftUIIntrospect_dependency_info.dat --stringsdata-file /Users/harishvishwakarma/Library/Developer/Xcode/DerivedData/Revolt-dharrjsambcimaaziudpvzjdcigm/Build/Intermediates.noindex/swiftui-introspect.build/Debug-iphoneos/SwiftUIIntrospect.build/Objects-normal/arm64/ExtractedAppShortcutsMetadata.stringsdata --source-file-list /Users/harishvishwakarma/Library/Developer/Xcode/DerivedData/Revolt-dharrjsambcimaaziudpvzjdcigm/Build/Intermediates.noindex/swiftui-introspect.build/Debug-iphoneos/SwiftUIIntrospect.build/Objects-normal/arm64/SwiftUIIntrospect.SwiftFileList --metadata-file-list /Users/harishvishwakarma/Library/Developer/Xcode/DerivedData/Revolt-dharrjsambcimaaziudpvzjdcigm/Build/Intermediates.noindex/swiftui-introspect.build/Debug-iphoneos/SwiftUIIntrospect.build/SwiftUIIntrospect.DependencyMetadataFileList --static-metadata-file-list /Users/harishvishwakarma/Library/Developer/Xcode/DerivedData/Revolt-dharrjsambcimaaziudpvzjdcigm/Build/Intermediates.noindex/swiftui-introspect.build/Debug-iphoneos/SwiftUIIntrospect.build/SwiftUIIntrospect.DependencyStaticMetadataFileList --swift-const-vals-list /Users/harishvishwakarma/Library/Developer/Xcode/DerivedData/Revolt-dharrjsambcimaaziudpvzjdcigm/Build/Intermediates.noindex/swiftui-introspect.build/Debug-iphoneos/SwiftUIIntrospect.build/Objects-normal/arm64/SwiftUIIntrospect.SwiftConstValuesFileList --force --compile-time-extraction --deployment-aware-processing --validate-assistant-intents --no-app-shortcuts-localization
2026-01-08 18:37:56.676 appintentsmetadataprocessor[99422:1136540] Starting appintentsmetadataprocessor export
2026-01-08 18:37:56.757 appintentsmetadataprocessor[99422:1136540] Extracted no relevant App Intents symbols, skipping writing output

ExtractAppIntentsMetadata (in target 'SwiftUIFlow' from project 'SwiftUIFlow')
    cd /Users/harishvishwakarma/Library/Developer/Xcode/DerivedData/Revolt-dharrjsambcimaaziudpvzjdcigm/SourcePackages/checkouts/SwiftUIFlow
    /Applications/Xcode.app/Contents/Developer/Toolchains/XcodeDefault.xctoolchain/usr/bin/appintentsmetadataprocessor --toolchain-dir /Applications/Xcode.app/Contents/Developer/Toolchains/XcodeDefault.xctoolchain --module-name SwiftUIFlow --sdk-root /Applications/Xcode.app/Contents/Developer/Platforms/iPhoneOS.platform/Developer/SDKs/iPhoneOS18.5.sdk --xcode-version 16F6 --platform-family iOS --deployment-target 14.0 --bundle-identifier swiftuiflow.SwiftUIFlow --output /Users/harishvishwakarma/Library/Developer/Xcode/DerivedData/Revolt-dharrjsambcimaaziudpvzjdcigm/Build/Products/Debug-iphoneos/SwiftUIFlow.appintents --target-triple arm64-apple-ios14.0 --binary-file /Users/harishvishwakarma/Library/Developer/Xcode/DerivedData/Revolt-dharrjsambcimaaziudpvzjdcigm/Build/Products/Debug-iphoneos/SwiftUIFlow.o --dependency-file /Users/harishvishwakarma/Library/Developer/Xcode/DerivedData/Revolt-dharrjsambcimaaziudpvzjdcigm/Build/Intermediates.noindex/SwiftUIFlow.build/Debug-iphoneos/SwiftUIFlow.build/Objects-normal/arm64/SwiftUIFlow_dependency_info.dat --stringsdata-file /Users/harishvishwakarma/Library/Developer/Xcode/DerivedData/Revolt-dharrjsambcimaaziudpvzjdcigm/Build/Intermediates.noindex/SwiftUIFlow.build/Debug-iphoneos/SwiftUIFlow.build/Objects-normal/arm64/ExtractedAppShortcutsMetadata.stringsdata --source-file-list /Users/harishvishwakarma/Library/Developer/Xcode/DerivedData/Revolt-dharrjsambcimaaziudpvzjdcigm/Build/Intermediates.noindex/SwiftUIFlow.build/Debug-iphoneos/SwiftUIFlow.build/Objects-normal/arm64/SwiftUIFlow.SwiftFileList --metadata-file-list /Users/harishvishwakarma/Library/Developer/Xcode/DerivedData/Revolt-dharrjsambcimaaziudpvzjdcigm/Build/Intermediates.noindex/SwiftUIFlow.build/Debug-iphoneos/SwiftUIFlow.build/SwiftUIFlow.DependencyMetadataFileList --static-metadata-file-list /Users/harishvishwakarma/Library/Developer/Xcode/DerivedData/Revolt-dharrjsambcimaaziudpvzjdcigm/Build/Intermediates.noindex/SwiftUIFlow.build/Debug-iphoneos/SwiftUIFlow.build/SwiftUIFlow.DependencyStaticMetadataFileList --swift-const-vals-list /Users/harishvishwakarma/Library/Developer/Xcode/DerivedData/Revolt-dharrjsambcimaaziudpvzjdcigm/Build/Intermediates.noindex/SwiftUIFlow.build/Debug-iphoneos/SwiftUIFlow.build/Objects-normal/arm64/SwiftUIFlow.SwiftConstValuesFileList --force --compile-time-extraction --deployment-aware-processing --validate-assistant-intents --no-app-shortcuts-localization
2026-01-08 18:37:56.671 appintentsmetadataprocessor[99423:1136557] Starting appintentsmetadataprocessor export
2026-01-08 18:37:56.745 appintentsmetadataprocessor[99423:1136557] Extracted no relevant App Intents symbols, skipping writing output

ExtractAppIntentsMetadata (in target 'SwiftSyntax509' from project 'swift-syntax')
    cd /Users/harishvishwakarma/Library/Developer/Xcode/DerivedData/Revolt-dharrjsambcimaaziudpvzjdcigm/SourcePackages/checkouts/swift-syntax
    /Applications/Xcode.app/Contents/Developer/Toolchains/XcodeDefault.xctoolchain/usr/bin/appintentsmetadataprocessor --toolchain-dir /Applications/Xcode.app/Contents/Developer/Toolchains/XcodeDefault.xctoolchain --module-name SwiftSyntax509 --sdk-root /Applications/Xcode.app/Contents/Developer/Platforms/MacOSX.platform/Developer/SDKs/MacOSX15.5.sdk --xcode-version 16F6 --platform-family macOS --deployment-target 10.15 --bundle-identifier swift-syntax.SwiftSyntax509 --output /Users/harishvishwakarma/Library/Developer/Xcode/DerivedData/Revolt-dharrjsambcimaaziudpvzjdcigm/Build/Products/Debug/SwiftSyntax509.appintents --target-triple arm64-apple-macos10.15 --target-triple x86_64-apple-macos10.15 --binary-file /Users/harishvishwakarma/Library/Developer/Xcode/DerivedData/Revolt-dharrjsambcimaaziudpvzjdcigm/Build/Products/Debug/SwiftSyntax509.o --dependency-file /Users/harishvishwakarma/Library/Developer/Xcode/DerivedData/Revolt-dharrjsambcimaaziudpvzjdcigm/Build/Intermediates.noindex/swift-syntax.build/Debug/SwiftSyntax509.build/Objects-normal/arm64/SwiftSyntax509_dependency_info.dat --dependency-file /Users/harishvishwakarma/Library/Developer/Xcode/DerivedData/Revolt-dharrjsambcimaaziudpvzjdcigm/Build/Intermediates.noindex/swift-syntax.build/Debug/SwiftSyntax509.build/Objects-normal/x86_64/SwiftSyntax509_dependency_info.dat --stringsdata-file /Users/harishvishwakarma/Library/Developer/Xcode/DerivedData/Revolt-dharrjsambcimaaziudpvzjdcigm/Build/Intermediates.noindex/swift-syntax.build/Debug/SwiftSyntax509.build/Objects-normal/arm64/ExtractedAppShortcutsMetadata.stringsdata --stringsdata-file /Users/harishvishwakarma/Library/Developer/Xcode/DerivedData/Revolt-dharrjsambcimaaziudpvzjdcigm/Build/Intermediates.noindex/swift-syntax.build/Debug/SwiftSyntax509.build/Objects-normal/x86_64/ExtractedAppShortcutsMetadata.stringsdata --source-file-list /Users/harishvishwakarma/Library/Developer/Xcode/DerivedData/Revolt-dharrjsambcimaaziudpvzjdcigm/Build/Intermediates.noindex/swift-syntax.build/Debug/SwiftSyntax509.build/Objects-normal/arm64/SwiftSyntax509.SwiftFileList --source-file-list /Users/harishvishwakarma/Library/Developer/Xcode/DerivedData/Revolt-dharrjsambcimaaziudpvzjdcigm/Build/Intermediates.noindex/swift-syntax.build/Debug/SwiftSyntax509.build/Objects-normal/x86_64/SwiftSyntax509.SwiftFileList --metadata-file-list /Users/harishvishwakarma/Library/Developer/Xcode/DerivedData/Revolt-dharrjsambcimaaziudpvzjdcigm/Build/Intermediates.noindex/swift-syntax.build/Debug/SwiftSyntax509.build/SwiftSyntax509.DependencyMetadataFileList --static-metadata-file-list /Users/harishvishwakarma/Library/Developer/Xcode/DerivedData/Revolt-dharrjsambcimaaziudpvzjdcigm/Build/Intermediates.noindex/swift-syntax.build/Debug/SwiftSyntax509.build/SwiftSyntax509.DependencyStaticMetadataFileList --swift-const-vals-list /Users/harishvishwakarma/Library/Developer/Xcode/DerivedData/Revolt-dharrjsambcimaaziudpvzjdcigm/Build/Intermediates.noindex/swift-syntax.build/Debug/SwiftSyntax509.build/Objects-normal/arm64/SwiftSyntax509.SwiftConstValuesFileList --swift-const-vals-list /Users/harishvishwakarma/Library/Developer/Xcode/DerivedData/Revolt-dharrjsambcimaaziudpvzjdcigm/Build/Intermediates.noindex/swift-syntax.build/Debug/SwiftSyntax509.build/Objects-normal/x86_64/SwiftSyntax509.SwiftConstValuesFileList --force --compile-time-extraction --deployment-aware-processing --validate-assistant-intents --no-app-shortcuts-localization
2026-01-08 18:37:56.666 appintentsmetadataprocessor[99424:1136559] Starting appintentsmetadataprocessor export
2026-01-08 18:37:56.725 appintentsmetadataprocessor[99424:1136559] Extracted no relevant App Intents symbols, skipping writing output

ExtractAppIntentsMetadata (in target 'SwiftParsec' from project 'SwiftParsec')
    cd /Users/harishvishwakarma/Library/Developer/Xcode/DerivedData/Revolt-dharrjsambcimaaziudpvzjdcigm/SourcePackages/checkouts/SwiftParsec
    /Applications/Xcode.app/Contents/Developer/Toolchains/XcodeDefault.xctoolchain/usr/bin/appintentsmetadataprocessor --toolchain-dir /Applications/Xcode.app/Contents/Developer/Toolchains/XcodeDefault.xctoolchain --module-name SwiftParsec --sdk-root /Applications/Xcode.app/Contents/Developer/Platforms/iPhoneOS.platform/Developer/SDKs/iPhoneOS18.5.sdk --xcode-version 16F6 --platform-family iOS --deployment-target 12.0 --bundle-identifier swiftparsec.SwiftParsec --output /Users/harishvishwakarma/Library/Developer/Xcode/DerivedData/Revolt-dharrjsambcimaaziudpvzjdcigm/Build/Products/Debug-iphoneos/SwiftParsec.appintents --target-triple arm64-apple-ios12.0 --binary-file /Users/harishvishwakarma/Library/Developer/Xcode/DerivedData/Revolt-dharrjsambcimaaziudpvzjdcigm/Build/Products/Debug-iphoneos/SwiftParsec.o --dependency-file /Users/harishvishwakarma/Library/Developer/Xcode/DerivedData/Revolt-dharrjsambcimaaziudpvzjdcigm/Build/Intermediates.noindex/SwiftParsec.build/Debug-iphoneos/SwiftParsec.build/Objects-normal/arm64/SwiftParsec_dependency_info.dat --stringsdata-file /Users/harishvishwakarma/Library/Developer/Xcode/DerivedData/Revolt-dharrjsambcimaaziudpvzjdcigm/Build/Intermediates.noindex/SwiftParsec.build/Debug-iphoneos/SwiftParsec.build/Objects-normal/arm64/ExtractedAppShortcutsMetadata.stringsdata --source-file-list /Users/harishvishwakarma/Library/Developer/Xcode/DerivedData/Revolt-dharrjsambcimaaziudpvzjdcigm/Build/Intermediates.noindex/SwiftParsec.build/Debug-iphoneos/SwiftParsec.build/Objects-normal/arm64/SwiftParsec.SwiftFileList --metadata-file-list /Users/harishvishwakarma/Library/Developer/Xcode/DerivedData/Revolt-dharrjsambcimaaziudpvzjdcigm/Build/Intermediates.noindex/SwiftParsec.build/Debug-iphoneos/SwiftParsec.build/SwiftParsec.DependencyMetadataFileList --static-metadata-file-list /Users/harishvishwakarma/Library/Developer/Xcode/DerivedData/Revolt-dharrjsambcimaaziudpvzjdcigm/Build/Intermediates.noindex/SwiftParsec.build/Debug-iphoneos/SwiftParsec.build/SwiftParsec.DependencyStaticMetadataFileList --swift-const-vals-list /Users/harishvishwakarma/Library/Developer/Xcode/DerivedData/Revolt-dharrjsambcimaaziudpvzjdcigm/Build/Intermediates.noindex/SwiftParsec.build/Debug-iphoneos/SwiftParsec.build/Objects-normal/arm64/SwiftParsec.SwiftConstValuesFileList --force --compile-time-extraction --deployment-aware-processing --validate-assistant-intents --no-app-shortcuts-localization
2026-01-08 18:37:56.697 appintentsmetadataprocessor[99425:1136562] Starting appintentsmetadataprocessor export
2026-01-08 18:37:56.767 appintentsmetadataprocessor[99425:1136562] Extracted no relevant App Intents symbols, skipping writing output

ExtractAppIntentsMetadata (in target 'SubviewAttachingTextView' from project 'SubviewAttachingTextView')
    cd /Users/harishvishwakarma/Library/Developer/Xcode/DerivedData/Revolt-dharrjsambcimaaziudpvzjdcigm/SourcePackages/checkouts/SubviewAttachingTextView
    /Applications/Xcode.app/Contents/Developer/Toolchains/XcodeDefault.xctoolchain/usr/bin/appintentsmetadataprocessor --toolchain-dir /Applications/Xcode.app/Contents/Developer/Toolchains/XcodeDefault.xctoolchain --module-name SubviewAttachingTextView --sdk-root /Applications/Xcode.app/Contents/Developer/Platforms/iPhoneOS.platform/Developer/SDKs/iPhoneOS18.5.sdk --xcode-version 16F6 --platform-family iOS --deployment-target 12.0 --bundle-identifier subviewattachingtextview.SubviewAttachingTextView --output /Users/harishvishwakarma/Library/Developer/Xcode/DerivedData/Revolt-dharrjsambcimaaziudpvzjdcigm/Build/Products/Debug-iphoneos/SubviewAttachingTextView.appintents --target-triple arm64-apple-ios12.0 --binary-file /Users/harishvishwakarma/Library/Developer/Xcode/DerivedData/Revolt-dharrjsambcimaaziudpvzjdcigm/Build/Products/Debug-iphoneos/SubviewAttachingTextView.o --dependency-file /Users/harishvishwakarma/Library/Developer/Xcode/DerivedData/Revolt-dharrjsambcimaaziudpvzjdcigm/Build/Intermediates.noindex/SubviewAttachingTextView.build/Debug-iphoneos/SubviewAttachingTextView.build/Objects-normal/arm64/SubviewAttachingTextView_dependency_info.dat --stringsdata-file /Users/harishvishwakarma/Library/Developer/Xcode/DerivedData/Revolt-dharrjsambcimaaziudpvzjdcigm/Build/Intermediates.noindex/SubviewAttachingTextView.build/Debug-iphoneos/SubviewAttachingTextView.build/Objects-normal/arm64/ExtractedAppShortcutsMetadata.stringsdata --source-file-list /Users/harishvishwakarma/Library/Developer/Xcode/DerivedData/Revolt-dharrjsambcimaaziudpvzjdcigm/Build/Intermediates.noindex/SubviewAttachingTextView.build/Debug-iphoneos/SubviewAttachingTextView.build/Objects-normal/arm64/SubviewAttachingTextView.SwiftFileList --metadata-file-list /Users/harishvishwakarma/Library/Developer/Xcode/DerivedData/Revolt-dharrjsambcimaaziudpvzjdcigm/Build/Intermediates.noindex/SubviewAttachingTextView.build/Debug-iphoneos/SubviewAttachingTextView.build/SubviewAttachingTextView.DependencyMetadataFileList --static-metadata-file-list /Users/harishvishwakarma/Library/Developer/Xcode/DerivedData/Revolt-dharrjsambcimaaziudpvzjdcigm/Build/Intermediates.noindex/SubviewAttachingTextView.build/Debug-iphoneos/SubviewAttachingTextView.build/SubviewAttachingTextView.DependencyStaticMetadataFileList --swift-const-vals-list /Users/harishvishwakarma/Library/Developer/Xcode/DerivedData/Revolt-dharrjsambcimaaziudpvzjdcigm/Build/Intermediates.noindex/SubviewAttachingTextView.build/Debug-iphoneos/SubviewAttachingTextView.build/Objects-normal/arm64/SubviewAttachingTextView.SwiftConstValuesFileList --force --compile-time-extraction --deployment-aware-processing --validate-assistant-intents --no-app-shortcuts-localization
2026-01-08 18:37:56.747 appintentsmetadataprocessor[99427:1136587] Starting appintentsmetadataprocessor export
2026-01-08 18:37:56.832 appintentsmetadataprocessor[99427:1136587] Extracted no relevant App Intents symbols, skipping writing output

ExtractAppIntentsMetadata (in target 'RxSwift' from project 'RxSwift')
    cd /Users/harishvishwakarma/Library/Developer/Xcode/DerivedData/Revolt-dharrjsambcimaaziudpvzjdcigm/SourcePackages/checkouts/RxSwift
    /Applications/Xcode.app/Contents/Developer/Toolchains/XcodeDefault.xctoolchain/usr/bin/appintentsmetadataprocessor --toolchain-dir /Applications/Xcode.app/Contents/Developer/Toolchains/XcodeDefault.xctoolchain --module-name RxSwift --sdk-root /Applications/Xcode.app/Contents/Developer/Platforms/iPhoneOS.platform/Developer/SDKs/iPhoneOS18.5.sdk --xcode-version 16F6 --platform-family iOS --deployment-target 12.0 --bundle-identifier rxswift.RxSwift --output /Users/harishvishwakarma/Library/Developer/Xcode/DerivedData/Revolt-dharrjsambcimaaziudpvzjdcigm/Build/Products/Debug-iphoneos/RxSwift.appintents --target-triple arm64-apple-ios12.0 --binary-file /Users/harishvishwakarma/Library/Developer/Xcode/DerivedData/Revolt-dharrjsambcimaaziudpvzjdcigm/Build/Products/Debug-iphoneos/RxSwift.o --dependency-file /Users/harishvishwakarma/Library/Developer/Xcode/DerivedData/Revolt-dharrjsambcimaaziudpvzjdcigm/Build/Intermediates.noindex/RxSwift.build/Debug-iphoneos/RxSwift.build/Objects-normal/arm64/RxSwift_dependency_info.dat --stringsdata-file /Users/harishvishwakarma/Library/Developer/Xcode/DerivedData/Revolt-dharrjsambcimaaziudpvzjdcigm/Build/Intermediates.noindex/RxSwift.build/Debug-iphoneos/RxSwift.build/Objects-normal/arm64/ExtractedAppShortcutsMetadata.stringsdata --source-file-list /Users/harishvishwakarma/Library/Developer/Xcode/DerivedData/Revolt-dharrjsambcimaaziudpvzjdcigm/Build/Intermediates.noindex/RxSwift.build/Debug-iphoneos/RxSwift.build/Objects-normal/arm64/RxSwift.SwiftFileList --metadata-file-list /Users/harishvishwakarma/Library/Developer/Xcode/DerivedData/Revolt-dharrjsambcimaaziudpvzjdcigm/Build/Intermediates.noindex/RxSwift.build/Debug-iphoneos/RxSwift.build/RxSwift.DependencyMetadataFileList --static-metadata-file-list /Users/harishvishwakarma/Library/Developer/Xcode/DerivedData/Revolt-dharrjsambcimaaziudpvzjdcigm/Build/Intermediates.noindex/RxSwift.build/Debug-iphoneos/RxSwift.build/RxSwift.DependencyStaticMetadataFileList --swift-const-vals-list /Users/harishvishwakarma/Library/Developer/Xcode/DerivedData/Revolt-dharrjsambcimaaziudpvzjdcigm/Build/Intermediates.noindex/RxSwift.build/Debug-iphoneos/RxSwift.build/Objects-normal/arm64/RxSwift.SwiftConstValuesFileList --force --compile-time-extraction --deployment-aware-processing --validate-assistant-intents --no-app-shortcuts-localization
2026-01-08 18:37:56.759 appintentsmetadataprocessor[99428:1136588] Starting appintentsmetadataprocessor export
2026-01-08 18:37:56.844 appintentsmetadataprocessor[99428:1136588] Extracted no relevant App Intents symbols, skipping writing output

ExtractAppIntentsMetadata (in target 'RuntimeSwizzling' from project 'swiftui-navigation-transitions')
    cd /Users/harishvishwakarma/Library/Developer/Xcode/DerivedData/Revolt-dharrjsambcimaaziudpvzjdcigm/SourcePackages/checkouts/swiftui-navigation-transitions
    /Applications/Xcode.app/Contents/Developer/Toolchains/XcodeDefault.xctoolchain/usr/bin/appintentsmetadataprocessor --toolchain-dir /Applications/Xcode.app/Contents/Developer/Toolchains/XcodeDefault.xctoolchain --module-name RuntimeSwizzling --sdk-root /Applications/Xcode.app/Contents/Developer/Platforms/iPhoneOS.platform/Developer/SDKs/iPhoneOS18.5.sdk --xcode-version 16F6 --platform-family iOS --deployment-target 13.0 --bundle-identifier swiftui-navigation-transitions.RuntimeSwizzling --output /Users/harishvishwakarma/Library/Developer/Xcode/DerivedData/Revolt-dharrjsambcimaaziudpvzjdcigm/Build/Products/Debug-iphoneos/RuntimeSwizzling.appintents --target-triple arm64-apple-ios13.0 --binary-file /Users/harishvishwakarma/Library/Developer/Xcode/DerivedData/Revolt-dharrjsambcimaaziudpvzjdcigm/Build/Products/Debug-iphoneos/RuntimeSwizzling.o --dependency-file /Users/harishvishwakarma/Library/Developer/Xcode/DerivedData/Revolt-dharrjsambcimaaziudpvzjdcigm/Build/Intermediates.noindex/swiftui-navigation-transitions.build/Debug-iphoneos/RuntimeSwizzling.build/Objects-normal/arm64/RuntimeSwizzling_dependency_info.dat --stringsdata-file /Users/harishvishwakarma/Library/Developer/Xcode/DerivedData/Revolt-dharrjsambcimaaziudpvzjdcigm/Build/Intermediates.noindex/swiftui-navigation-transitions.build/Debug-iphoneos/RuntimeSwizzling.build/Objects-normal/arm64/ExtractedAppShortcutsMetadata.stringsdata --source-file-list /Users/harishvishwakarma/Library/Developer/Xcode/DerivedData/Revolt-dharrjsambcimaaziudpvzjdcigm/Build/Intermediates.noindex/swiftui-navigation-transitions.build/Debug-iphoneos/RuntimeSwizzling.build/Objects-normal/arm64/RuntimeSwizzling.SwiftFileList --metadata-file-list /Users/harishvishwakarma/Library/Developer/Xcode/DerivedData/Revolt-dharrjsambcimaaziudpvzjdcigm/Build/Intermediates.noindex/swiftui-navigation-transitions.build/Debug-iphoneos/RuntimeSwizzling.build/RuntimeSwizzling.DependencyMetadataFileList --static-metadata-file-list /Users/harishvishwakarma/Library/Developer/Xcode/DerivedData/Revolt-dharrjsambcimaaziudpvzjdcigm/Build/Intermediates.noindex/swiftui-navigation-transitions.build/Debug-iphoneos/RuntimeSwizzling.build/RuntimeSwizzling.DependencyStaticMetadataFileList --swift-const-vals-list /Users/harishvishwakarma/Library/Developer/Xcode/DerivedData/Revolt-dharrjsambcimaaziudpvzjdcigm/Build/Intermediates.noindex/swiftui-navigation-transitions.build/Debug-iphoneos/RuntimeSwizzling.build/Objects-normal/arm64/RuntimeSwizzling.SwiftConstValuesFileList --force --compile-time-extraction --deployment-aware-processing --validate-assistant-intents --no-app-shortcuts-localization
2026-01-08 18:37:56.794 appintentsmetadataprocessor[99429:1136597] Starting appintentsmetadataprocessor export
2026-01-08 18:37:56.875 appintentsmetadataprocessor[99429:1136597] Extracted no relevant App Intents symbols, skipping writing output

ExtractAppIntentsMetadata (in target 'RuntimeAssociation' from project 'swiftui-navigation-transitions')
    cd /Users/harishvishwakarma/Library/Developer/Xcode/DerivedData/Revolt-dharrjsambcimaaziudpvzjdcigm/SourcePackages/checkouts/swiftui-navigation-transitions
    /Applications/Xcode.app/Contents/Developer/Toolchains/XcodeDefault.xctoolchain/usr/bin/appintentsmetadataprocessor --toolchain-dir /Applications/Xcode.app/Contents/Developer/Toolchains/XcodeDefault.xctoolchain --module-name RuntimeAssociation --sdk-root /Applications/Xcode.app/Contents/Developer/Platforms/iPhoneOS.platform/Developer/SDKs/iPhoneOS18.5.sdk --xcode-version 16F6 --platform-family iOS --deployment-target 13.0 --bundle-identifier swiftui-navigation-transitions.RuntimeAssociation --output /Users/harishvishwakarma/Library/Developer/Xcode/DerivedData/Revolt-dharrjsambcimaaziudpvzjdcigm/Build/Products/Debug-iphoneos/RuntimeAssociation.appintents --target-triple arm64-apple-ios13.0 --binary-file /Users/harishvishwakarma/Library/Developer/Xcode/DerivedData/Revolt-dharrjsambcimaaziudpvzjdcigm/Build/Products/Debug-iphoneos/RuntimeAssociation.o --dependency-file /Users/harishvishwakarma/Library/Developer/Xcode/DerivedData/Revolt-dharrjsambcimaaziudpvzjdcigm/Build/Intermediates.noindex/swiftui-navigation-transitions.build/Debug-iphoneos/RuntimeAssociation.build/Objects-normal/arm64/RuntimeAssociation_dependency_info.dat --stringsdata-file /Users/harishvishwakarma/Library/Developer/Xcode/DerivedData/Revolt-dharrjsambcimaaziudpvzjdcigm/Build/Intermediates.noindex/swiftui-navigation-transitions.build/Debug-iphoneos/RuntimeAssociation.build/Objects-normal/arm64/ExtractedAppShortcutsMetadata.stringsdata --source-file-list /Users/harishvishwakarma/Library/Developer/Xcode/DerivedData/Revolt-dharrjsambcimaaziudpvzjdcigm/Build/Intermediates.noindex/swiftui-navigation-transitions.build/Debug-iphoneos/RuntimeAssociation.build/Objects-normal/arm64/RuntimeAssociation.SwiftFileList --metadata-file-list /Users/harishvishwakarma/Library/Developer/Xcode/DerivedData/Revolt-dharrjsambcimaaziudpvzjdcigm/Build/Intermediates.noindex/swiftui-navigation-transitions.build/Debug-iphoneos/RuntimeAssociation.build/RuntimeAssociation.DependencyMetadataFileList --static-metadata-file-list /Users/harishvishwakarma/Library/Developer/Xcode/DerivedData/Revolt-dharrjsambcimaaziudpvzjdcigm/Build/Intermediates.noindex/swiftui-navigation-transitions.build/Debug-iphoneos/RuntimeAssociation.build/RuntimeAssociation.DependencyStaticMetadataFileList --swift-const-vals-list /Users/harishvishwakarma/Library/Developer/Xcode/DerivedData/Revolt-dharrjsambcimaaziudpvzjdcigm/Build/Intermediates.noindex/swiftui-navigation-transitions.build/Debug-iphoneos/RuntimeAssociation.build/Objects-normal/arm64/RuntimeAssociation.SwiftConstValuesFileList --force --compile-time-extraction --deployment-aware-processing --validate-assistant-intents --no-app-shortcuts-localization
2026-01-08 18:37:56.794 appintentsmetadataprocessor[99430:1136599] Starting appintentsmetadataprocessor export
2026-01-08 18:37:56.871 appintentsmetadataprocessor[99430:1136599] Extracted no relevant App Intents symbols, skipping writing output

ProcessProductPackagingDER /Users/harishvishwakarma/Library/Developer/Xcode/DerivedData/Revolt-dharrjsambcimaaziudpvzjdcigm/Build/Intermediates.noindex/Revolt.build/Debug-iphoneos/NotificationService.build/NotificationService.appex.xcent /Users/harishvishwakarma/Library/Developer/Xcode/DerivedData/Revolt-dharrjsambcimaaziudpvzjdcigm/Build/Intermediates.noindex/Revolt.build/Debug-iphoneos/NotificationService.build/NotificationService.appex.xcent.der (in target 'NotificationService' from project 'Revolt')
    cd /Users/harishvishwakarma/Handy/Archem/pepchat-ios
    /usr/bin/derq query -f xml -i /Users/harishvishwakarma/Library/Developer/Xcode/DerivedData/Revolt-dharrjsambcimaaziudpvzjdcigm/Build/Intermediates.noindex/Revolt.build/Debug-iphoneos/NotificationService.build/NotificationService.appex.xcent -o /Users/harishvishwakarma/Library/Developer/Xcode/DerivedData/Revolt-dharrjsambcimaaziudpvzjdcigm/Build/Intermediates.noindex/Revolt.build/Debug-iphoneos/NotificationService.build/NotificationService.appex.xcent.der --raw

ExtractAppIntentsMetadata (in target 'MarkdownKit' from project 'MarkdownKit')
    cd /Users/harishvishwakarma/Library/Developer/Xcode/DerivedData/Revolt-dharrjsambcimaaziudpvzjdcigm/SourcePackages/checkouts/MarkdownKit
    /Applications/Xcode.app/Contents/Developer/Toolchains/XcodeDefault.xctoolchain/usr/bin/appintentsmetadataprocessor --toolchain-dir /Applications/Xcode.app/Contents/Developer/Toolchains/XcodeDefault.xctoolchain --module-name MarkdownKit --sdk-root /Applications/Xcode.app/Contents/Developer/Platforms/iPhoneOS.platform/Developer/SDKs/iPhoneOS18.5.sdk --xcode-version 16F6 --platform-family iOS --deployment-target 12.0 --bundle-identifier markdownkit.MarkdownKit --output /Users/harishvishwakarma/Library/Developer/Xcode/DerivedData/Revolt-dharrjsambcimaaziudpvzjdcigm/Build/Products/Debug-iphoneos/MarkdownKit.appintents --target-triple arm64-apple-ios12.0 --binary-file /Users/harishvishwakarma/Library/Developer/Xcode/DerivedData/Revolt-dharrjsambcimaaziudpvzjdcigm/Build/Products/Debug-iphoneos/MarkdownKit.o --dependency-file /Users/harishvishwakarma/Library/Developer/Xcode/DerivedData/Revolt-dharrjsambcimaaziudpvzjdcigm/Build/Intermediates.noindex/MarkdownKit.build/Debug-iphoneos/MarkdownKit.build/Objects-normal/arm64/MarkdownKit_dependency_info.dat --stringsdata-file /Users/harishvishwakarma/Library/Developer/Xcode/DerivedData/Revolt-dharrjsambcimaaziudpvzjdcigm/Build/Intermediates.noindex/MarkdownKit.build/Debug-iphoneos/MarkdownKit.build/Objects-normal/arm64/ExtractedAppShortcutsMetadata.stringsdata --source-file-list /Users/harishvishwakarma/Library/Developer/Xcode/DerivedData/Revolt-dharrjsambcimaaziudpvzjdcigm/Build/Intermediates.noindex/MarkdownKit.build/Debug-iphoneos/MarkdownKit.build/Objects-normal/arm64/MarkdownKit.SwiftFileList --metadata-file-list /Users/harishvishwakarma/Library/Developer/Xcode/DerivedData/Revolt-dharrjsambcimaaziudpvzjdcigm/Build/Intermediates.noindex/MarkdownKit.build/Debug-iphoneos/MarkdownKit.build/MarkdownKit.DependencyMetadataFileList --static-metadata-file-list /Users/harishvishwakarma/Library/Developer/Xcode/DerivedData/Revolt-dharrjsambcimaaziudpvzjdcigm/Build/Intermediates.noindex/MarkdownKit.build/Debug-iphoneos/MarkdownKit.build/MarkdownKit.DependencyStaticMetadataFileList --swift-const-vals-list /Users/harishvishwakarma/Library/Developer/Xcode/DerivedData/Revolt-dharrjsambcimaaziudpvzjdcigm/Build/Intermediates.noindex/MarkdownKit.build/Debug-iphoneos/MarkdownKit.build/Objects-normal/arm64/MarkdownKit.SwiftConstValuesFileList --force --compile-time-extraction --deployment-aware-processing --validate-assistant-intents --no-app-shortcuts-localization
2026-01-08 18:37:56.826 appintentsmetadataprocessor[99432:1136604] Starting appintentsmetadataprocessor export
2026-01-08 18:37:56.884 appintentsmetadataprocessor[99432:1136604] Extracted no relevant App Intents symbols, skipping writing output

ExtractAppIntentsMetadata (in target 'KeychainAccess' from project 'KeychainAccess')
    cd /Users/harishvishwakarma/Library/Developer/Xcode/DerivedData/Revolt-dharrjsambcimaaziudpvzjdcigm/SourcePackages/checkouts/KeychainAccess
    /Applications/Xcode.app/Contents/Developer/Toolchains/XcodeDefault.xctoolchain/usr/bin/appintentsmetadataprocessor --toolchain-dir /Applications/Xcode.app/Contents/Developer/Toolchains/XcodeDefault.xctoolchain --module-name KeychainAccess --sdk-root /Applications/Xcode.app/Contents/Developer/Platforms/iPhoneOS.platform/Developer/SDKs/iPhoneOS18.5.sdk --xcode-version 16F6 --platform-family iOS --deployment-target 12.0 --bundle-identifier keychainaccess.KeychainAccess --output /Users/harishvishwakarma/Library/Developer/Xcode/DerivedData/Revolt-dharrjsambcimaaziudpvzjdcigm/Build/Products/Debug-iphoneos/KeychainAccess.appintents --target-triple arm64-apple-ios12.0 --binary-file /Users/harishvishwakarma/Library/Developer/Xcode/DerivedData/Revolt-dharrjsambcimaaziudpvzjdcigm/Build/Products/Debug-iphoneos/KeychainAccess.o --dependency-file /Users/harishvishwakarma/Library/Developer/Xcode/DerivedData/Revolt-dharrjsambcimaaziudpvzjdcigm/Build/Intermediates.noindex/KeychainAccess.build/Debug-iphoneos/KeychainAccess.build/Objects-normal/arm64/KeychainAccess_dependency_info.dat --stringsdata-file /Users/harishvishwakarma/Library/Developer/Xcode/DerivedData/Revolt-dharrjsambcimaaziudpvzjdcigm/Build/Intermediates.noindex/KeychainAccess.build/Debug-iphoneos/KeychainAccess.build/Objects-normal/arm64/ExtractedAppShortcutsMetadata.stringsdata --source-file-list /Users/harishvishwakarma/Library/Developer/Xcode/DerivedData/Revolt-dharrjsambcimaaziudpvzjdcigm/Build/Intermediates.noindex/KeychainAccess.build/Debug-iphoneos/KeychainAccess.build/Objects-normal/arm64/KeychainAccess.SwiftFileList --metadata-file-list /Users/harishvishwakarma/Library/Developer/Xcode/DerivedData/Revolt-dharrjsambcimaaziudpvzjdcigm/Build/Intermediates.noindex/KeychainAccess.build/Debug-iphoneos/KeychainAccess.build/KeychainAccess.DependencyMetadataFileList --static-metadata-file-list /Users/harishvishwakarma/Library/Developer/Xcode/DerivedData/Revolt-dharrjsambcimaaziudpvzjdcigm/Build/Intermediates.noindex/KeychainAccess.build/Debug-iphoneos/KeychainAccess.build/KeychainAccess.DependencyStaticMetadataFileList --swift-const-vals-list /Users/harishvishwakarma/Library/Developer/Xcode/DerivedData/Revolt-dharrjsambcimaaziudpvzjdcigm/Build/Intermediates.noindex/KeychainAccess.build/Debug-iphoneos/KeychainAccess.build/Objects-normal/arm64/KeychainAccess.SwiftConstValuesFileList --force --compile-time-extraction --deployment-aware-processing --validate-assistant-intents --no-app-shortcuts-localization
2026-01-08 18:37:56.850 appintentsmetadataprocessor[99433:1136608] Starting appintentsmetadataprocessor export
2026-01-08 18:37:56.921 appintentsmetadataprocessor[99433:1136608] Extracted no relevant App Intents symbols, skipping writing output

Ld /Users/harishvishwakarma/Library/Developer/Xcode/DerivedData/Revolt-dharrjsambcimaaziudpvzjdcigm/Build/Products/Debug-iphoneos/Kingfisher.o normal (in target 'Kingfisher' from project 'Kingfisher')
    cd /Users/harishvishwakarma/Library/Developer/Xcode/DerivedData/Revolt-dharrjsambcimaaziudpvzjdcigm/SourcePackages/checkouts/Kingfisher
    /Applications/Xcode.app/Contents/Developer/Toolchains/XcodeDefault.xctoolchain/usr/bin/clang -Xlinker -reproducible -target arm64-apple-ios13.0 -r -isysroot /Applications/Xcode.app/Contents/Developer/Platforms/iPhoneOS.platform/Developer/SDKs/iPhoneOS18.5.sdk -O0 -w -L/Users/harishvishwakarma/Library/Developer/Xcode/DerivedData/Revolt-dharrjsambcimaaziudpvzjdcigm/Build/Intermediates.noindex/EagerLinkingTBDs/Debug-iphoneos -L/Users/harishvishwakarma/Library/Developer/Xcode/DerivedData/Revolt-dharrjsambcimaaziudpvzjdcigm/Build/Products/Debug-iphoneos -L/Applications/Xcode.app/Contents/Developer/Platforms/iPhoneOS.platform/Developer/usr/lib -F/Users/harishvishwakarma/Library/Developer/Xcode/DerivedData/Revolt-dharrjsambcimaaziudpvzjdcigm/Build/Intermediates.noindex/EagerLinkingTBDs/Debug-iphoneos -F/Users/harishvishwakarma/Library/Developer/Xcode/DerivedData/Revolt-dharrjsambcimaaziudpvzjdcigm/Build/Products/Debug-iphoneos -iframework /Applications/Xcode.app/Contents/Developer/Platforms/iPhoneOS.platform/Developer/Library/Frameworks -iframework /Applications/Xcode.app/Contents/Developer/Platforms/iPhoneOS.platform/Developer/SDKs/iPhoneOS18.5.sdk/Developer/Library/Frameworks -filelist /Users/harishvishwakarma/Library/Developer/Xcode/DerivedData/Revolt-dharrjsambcimaaziudpvzjdcigm/Build/Intermediates.noindex/Kingfisher.build/Debug-iphoneos/Kingfisher.build/Objects-normal/arm64/Kingfisher.LinkFileList -nostdlib -Xlinker -object_path_lto -Xlinker /Users/harishvishwakarma/Library/Developer/Xcode/DerivedData/Revolt-dharrjsambcimaaziudpvzjdcigm/Build/Intermediates.noindex/Kingfisher.build/Debug-iphoneos/Kingfisher.build/Objects-normal/arm64/Kingfisher_lto.o -rdynamic -Xlinker -no_deduplicate -Xlinker -dependency_info -Xlinker /Users/harishvishwakarma/Library/Developer/Xcode/DerivedData/Revolt-dharrjsambcimaaziudpvzjdcigm/Build/Intermediates.noindex/Kingfisher.build/Debug-iphoneos/Kingfisher.build/Objects-normal/arm64/Kingfisher_dependency_info.dat -fobjc-link-runtime -L/Applications/Xcode.app/Contents/Developer/Toolchains/XcodeDefault.xctoolchain/usr/lib/swift/iphoneos -L/usr/lib/swift -Xlinker -add_ast_path -Xlinker /Users/harishvishwakarma/Library/Developer/Xcode/DerivedData/Revolt-dharrjsambcimaaziudpvzjdcigm/Build/Intermediates.noindex/Kingfisher.build/Debug-iphoneos/Kingfisher.build/Objects-normal/arm64/Kingfisher.swiftmodule -o /Users/harishvishwakarma/Library/Developer/Xcode/DerivedData/Revolt-dharrjsambcimaaziudpvzjdcigm/Build/Products/Debug-iphoneos/Kingfisher.o

ExtractAppIntentsMetadata (in target 'IssueReporting' from project 'xctest-dynamic-overlay')
    cd /Users/harishvishwakarma/Library/Developer/Xcode/DerivedData/Revolt-dharrjsambcimaaziudpvzjdcigm/SourcePackages/checkouts/xctest-dynamic-overlay
    /Applications/Xcode.app/Contents/Developer/Toolchains/XcodeDefault.xctoolchain/usr/bin/appintentsmetadataprocessor --toolchain-dir /Applications/Xcode.app/Contents/Developer/Toolchains/XcodeDefault.xctoolchain --module-name IssueReporting --sdk-root /Applications/Xcode.app/Contents/Developer/Platforms/iPhoneOS.platform/Developer/SDKs/iPhoneOS18.5.sdk --xcode-version 16F6 --platform-family iOS --deployment-target 13.0 --bundle-identifier xctest-dynamic-overlay.IssueReporting --output /Users/harishvishwakarma/Library/Developer/Xcode/DerivedData/Revolt-dharrjsambcimaaziudpvzjdcigm/Build/Products/Debug-iphoneos/IssueReporting.appintents --target-triple arm64-apple-ios13.0 --binary-file /Users/harishvishwakarma/Library/Developer/Xcode/DerivedData/Revolt-dharrjsambcimaaziudpvzjdcigm/Build/Products/Debug-iphoneos/IssueReporting.o --dependency-file /Users/harishvishwakarma/Library/Developer/Xcode/DerivedData/Revolt-dharrjsambcimaaziudpvzjdcigm/Build/Intermediates.noindex/xctest-dynamic-overlay.build/Debug-iphoneos/IssueReporting.build/Objects-normal/arm64/IssueReporting_dependency_info.dat --stringsdata-file /Users/harishvishwakarma/Library/Developer/Xcode/DerivedData/Revolt-dharrjsambcimaaziudpvzjdcigm/Build/Intermediates.noindex/xctest-dynamic-overlay.build/Debug-iphoneos/IssueReporting.build/Objects-normal/arm64/ExtractedAppShortcutsMetadata.stringsdata --source-file-list /Users/harishvishwakarma/Library/Developer/Xcode/DerivedData/Revolt-dharrjsambcimaaziudpvzjdcigm/Build/Intermediates.noindex/xctest-dynamic-overlay.build/Debug-iphoneos/IssueReporting.build/Objects-normal/arm64/IssueReporting.SwiftFileList --metadata-file-list /Users/harishvishwakarma/Library/Developer/Xcode/DerivedData/Revolt-dharrjsambcimaaziudpvzjdcigm/Build/Intermediates.noindex/xctest-dynamic-overlay.build/Debug-iphoneos/IssueReporting.build/IssueReporting.DependencyMetadataFileList --static-metadata-file-list /Users/harishvishwakarma/Library/Developer/Xcode/DerivedData/Revolt-dharrjsambcimaaziudpvzjdcigm/Build/Intermediates.noindex/xctest-dynamic-overlay.build/Debug-iphoneos/IssueReporting.build/IssueReporting.DependencyStaticMetadataFileList --swift-const-vals-list /Users/harishvishwakarma/Library/Developer/Xcode/DerivedData/Revolt-dharrjsambcimaaziudpvzjdcigm/Build/Intermediates.noindex/xctest-dynamic-overlay.build/Debug-iphoneos/IssueReporting.build/Objects-normal/arm64/IssueReporting.SwiftConstValuesFileList --force --compile-time-extraction --deployment-aware-processing --validate-assistant-intents --no-app-shortcuts-localization
2026-01-08 18:37:56.898 appintentsmetadataprocessor[99435:1136620] Starting appintentsmetadataprocessor export
2026-01-08 18:37:56.964 appintentsmetadataprocessor[99435:1136620] Extracted no relevant App Intents symbols, skipping writing output

ExtractAppIntentsMetadata (in target 'InternalCollectionsUtilities' from project 'swift-collections')
    cd /Users/harishvishwakarma/Library/Developer/Xcode/DerivedData/Revolt-dharrjsambcimaaziudpvzjdcigm/SourcePackages/checkouts/swift-collections
    /Applications/Xcode.app/Contents/Developer/Toolchains/XcodeDefault.xctoolchain/usr/bin/appintentsmetadataprocessor --toolchain-dir /Applications/Xcode.app/Contents/Developer/Toolchains/XcodeDefault.xctoolchain --module-name InternalCollectionsUtilities --sdk-root /Applications/Xcode.app/Contents/Developer/Platforms/iPhoneOS.platform/Developer/SDKs/iPhoneOS18.5.sdk --xcode-version 16F6 --platform-family iOS --deployment-target 12.0 --bundle-identifier swift-collections.InternalCollectionsUtilities --output /Users/harishvishwakarma/Library/Developer/Xcode/DerivedData/Revolt-dharrjsambcimaaziudpvzjdcigm/Build/Products/Debug-iphoneos/InternalCollectionsUtilities.appintents --target-triple arm64-apple-ios12.0 --binary-file /Users/harishvishwakarma/Library/Developer/Xcode/DerivedData/Revolt-dharrjsambcimaaziudpvzjdcigm/Build/Products/Debug-iphoneos/InternalCollectionsUtilities.o --dependency-file /Users/harishvishwakarma/Library/Developer/Xcode/DerivedData/Revolt-dharrjsambcimaaziudpvzjdcigm/Build/Intermediates.noindex/swift-collections.build/Debug-iphoneos/InternalCollectionsUtilities.build/Objects-normal/arm64/InternalCollectionsUtilities_dependency_info.dat --stringsdata-file /Users/harishvishwakarma/Library/Developer/Xcode/DerivedData/Revolt-dharrjsambcimaaziudpvzjdcigm/Build/Intermediates.noindex/swift-collections.build/Debug-iphoneos/InternalCollectionsUtilities.build/Objects-normal/arm64/ExtractedAppShortcutsMetadata.stringsdata --source-file-list /Users/harishvishwakarma/Library/Developer/Xcode/DerivedData/Revolt-dharrjsambcimaaziudpvzjdcigm/Build/Intermediates.noindex/swift-collections.build/Debug-iphoneos/InternalCollectionsUtilities.build/Objects-normal/arm64/InternalCollectionsUtilities.SwiftFileList --metadata-file-list /Users/harishvishwakarma/Library/Developer/Xcode/DerivedData/Revolt-dharrjsambcimaaziudpvzjdcigm/Build/Intermediates.noindex/swift-collections.build/Debug-iphoneos/InternalCollectionsUtilities.build/InternalCollectionsUtilities.DependencyMetadataFileList --static-metadata-file-list /Users/harishvishwakarma/Library/Developer/Xcode/DerivedData/Revolt-dharrjsambcimaaziudpvzjdcigm/Build/Intermediates.noindex/swift-collections.build/Debug-iphoneos/InternalCollectionsUtilities.build/InternalCollectionsUtilities.DependencyStaticMetadataFileList --swift-const-vals-list /Users/harishvishwakarma/Library/Developer/Xcode/DerivedData/Revolt-dharrjsambcimaaziudpvzjdcigm/Build/Intermediates.noindex/swift-collections.build/Debug-iphoneos/InternalCollectionsUtilities.build/Objects-normal/arm64/InternalCollectionsUtilities.SwiftConstValuesFileList --force --compile-time-extraction --deployment-aware-processing --validate-assistant-intents --no-app-shortcuts-localization
2026-01-08 18:37:56.907 appintentsmetadataprocessor[99436:1136623] Starting appintentsmetadataprocessor export
2026-01-08 18:37:56.967 appintentsmetadataprocessor[99436:1136623] Extracted no relevant App Intents symbols, skipping writing output

Ld /Users/harishvishwakarma/Library/Developer/Xcode/DerivedData/Revolt-dharrjsambcimaaziudpvzjdcigm/Build/Products/Debug-iphoneos/Highlightr.o normal (in target 'Highlightr' from project 'Highlightr')
    cd /Users/harishvishwakarma/Library/Developer/Xcode/DerivedData/Revolt-dharrjsambcimaaziudpvzjdcigm/SourcePackages/checkouts/Highlightr
    /Applications/Xcode.app/Contents/Developer/Toolchains/XcodeDefault.xctoolchain/usr/bin/clang -Xlinker -reproducible -target arm64-apple-ios13.0 -r -isysroot /Applications/Xcode.app/Contents/Developer/Platforms/iPhoneOS.platform/Developer/SDKs/iPhoneOS18.5.sdk -O0 -w -L/Users/harishvishwakarma/Library/Developer/Xcode/DerivedData/Revolt-dharrjsambcimaaziudpvzjdcigm/Build/Intermediates.noindex/EagerLinkingTBDs/Debug-iphoneos -L/Users/harishvishwakarma/Library/Developer/Xcode/DerivedData/Revolt-dharrjsambcimaaziudpvzjdcigm/Build/Products/Debug-iphoneos -L/Applications/Xcode.app/Contents/Developer/Platforms/iPhoneOS.platform/Developer/usr/lib -F/Users/harishvishwakarma/Library/Developer/Xcode/DerivedData/Revolt-dharrjsambcimaaziudpvzjdcigm/Build/Intermediates.noindex/EagerLinkingTBDs/Debug-iphoneos -F/Users/harishvishwakarma/Library/Developer/Xcode/DerivedData/Revolt-dharrjsambcimaaziudpvzjdcigm/Build/Products/Debug-iphoneos -iframework /Applications/Xcode.app/Contents/Developer/Platforms/iPhoneOS.platform/Developer/Library/Frameworks -iframework /Applications/Xcode.app/Contents/Developer/Platforms/iPhoneOS.platform/Developer/SDKs/iPhoneOS18.5.sdk/Developer/Library/Frameworks -filelist /Users/harishvishwakarma/Library/Developer/Xcode/DerivedData/Revolt-dharrjsambcimaaziudpvzjdcigm/Build/Intermediates.noindex/Highlightr.build/Debug-iphoneos/Highlightr.build/Objects-normal/arm64/Highlightr.LinkFileList -nostdlib -Xlinker -object_path_lto -Xlinker /Users/harishvishwakarma/Library/Developer/Xcode/DerivedData/Revolt-dharrjsambcimaaziudpvzjdcigm/Build/Intermediates.noindex/Highlightr.build/Debug-iphoneos/Highlightr.build/Objects-normal/arm64/Highlightr_lto.o -rdynamic -Xlinker -no_deduplicate -Xlinker -dependency_info -Xlinker /Users/harishvishwakarma/Library/Developer/Xcode/DerivedData/Revolt-dharrjsambcimaaziudpvzjdcigm/Build/Intermediates.noindex/Highlightr.build/Debug-iphoneos/Highlightr.build/Objects-normal/arm64/Highlightr_dependency_info.dat -fobjc-link-runtime -L/Applications/Xcode.app/Contents/Developer/Toolchains/XcodeDefault.xctoolchain/usr/lib/swift/iphoneos -L/usr/lib/swift -Xlinker -add_ast_path -Xlinker /Users/harishvishwakarma/Library/Developer/Xcode/DerivedData/Revolt-dharrjsambcimaaziudpvzjdcigm/Build/Intermediates.noindex/Highlightr.build/Debug-iphoneos/Highlightr.build/Objects-normal/arm64/Highlightr.swiftmodule -o /Users/harishvishwakarma/Library/Developer/Xcode/DerivedData/Revolt-dharrjsambcimaaziudpvzjdcigm/Build/Products/Debug-iphoneos/Highlightr.o

Ld /Users/harishvishwakarma/Library/Developer/Xcode/DerivedData/Revolt-dharrjsambcimaaziudpvzjdcigm/Build/Products/Debug-iphoneos/HCaptcha.o normal (in target 'HCaptcha' from project 'HCaptcha')
    cd /Users/harishvishwakarma/Library/Developer/Xcode/DerivedData/Revolt-dharrjsambcimaaziudpvzjdcigm/SourcePackages/checkouts/HCaptcha-ios-sdk
    /Applications/Xcode.app/Contents/Developer/Toolchains/XcodeDefault.xctoolchain/usr/bin/clang -Xlinker -reproducible -target arm64-apple-ios12.0 -r -isysroot /Applications/Xcode.app/Contents/Developer/Platforms/iPhoneOS.platform/Developer/SDKs/iPhoneOS18.5.sdk -O0 -w -L/Users/harishvishwakarma/Library/Developer/Xcode/DerivedData/Revolt-dharrjsambcimaaziudpvzjdcigm/Build/Intermediates.noindex/EagerLinkingTBDs/Debug-iphoneos -L/Users/harishvishwakarma/Library/Developer/Xcode/DerivedData/Revolt-dharrjsambcimaaziudpvzjdcigm/Build/Products/Debug-iphoneos -L/Applications/Xcode.app/Contents/Developer/Platforms/iPhoneOS.platform/Developer/usr/lib -F/Users/harishvishwakarma/Library/Developer/Xcode/DerivedData/Revolt-dharrjsambcimaaziudpvzjdcigm/Build/Intermediates.noindex/EagerLinkingTBDs/Debug-iphoneos -F/Users/harishvishwakarma/Library/Developer/Xcode/DerivedData/Revolt-dharrjsambcimaaziudpvzjdcigm/Build/Products/Debug-iphoneos -iframework /Applications/Xcode.app/Contents/Developer/Platforms/iPhoneOS.platform/Developer/Library/Frameworks -iframework /Applications/Xcode.app/Contents/Developer/Platforms/iPhoneOS.platform/Developer/SDKs/iPhoneOS18.5.sdk/Developer/Library/Frameworks -filelist /Users/harishvishwakarma/Library/Developer/Xcode/DerivedData/Revolt-dharrjsambcimaaziudpvzjdcigm/Build/Intermediates.noindex/HCaptcha.build/Debug-iphoneos/HCaptcha.build/Objects-normal/arm64/HCaptcha.LinkFileList -nostdlib -Xlinker -object_path_lto -Xlinker /Users/harishvishwakarma/Library/Developer/Xcode/DerivedData/Revolt-dharrjsambcimaaziudpvzjdcigm/Build/Intermediates.noindex/HCaptcha.build/Debug-iphoneos/HCaptcha.build/Objects-normal/arm64/HCaptcha_lto.o -rdynamic -Xlinker -no_deduplicate -Xlinker -dependency_info -Xlinker /Users/harishvishwakarma/Library/Developer/Xcode/DerivedData/Revolt-dharrjsambcimaaziudpvzjdcigm/Build/Intermediates.noindex/HCaptcha.build/Debug-iphoneos/HCaptcha.build/Objects-normal/arm64/HCaptcha_dependency_info.dat -fobjc-link-runtime -L/Applications/Xcode.app/Contents/Developer/Toolchains/XcodeDefault.xctoolchain/usr/lib/swift/iphoneos -L/usr/lib/swift -Xlinker -add_ast_path -Xlinker /Users/harishvishwakarma/Library/Developer/Xcode/DerivedData/Revolt-dharrjsambcimaaziudpvzjdcigm/Build/Intermediates.noindex/HCaptcha.build/Debug-iphoneos/HCaptcha.build/Objects-normal/arm64/HCaptcha.swiftmodule -o /Users/harishvishwakarma/Library/Developer/Xcode/DerivedData/Revolt-dharrjsambcimaaziudpvzjdcigm/Build/Products/Debug-iphoneos/HCaptcha.o

ExtractAppIntentsMetadata (in target 'SwiftyCrop' from project 'SwiftyCrop')
    cd /Users/harishvishwakarma/Library/Developer/Xcode/DerivedData/Revolt-dharrjsambcimaaziudpvzjdcigm/SourcePackages/checkouts/SwiftyCrop
    /Applications/Xcode.app/Contents/Developer/Toolchains/XcodeDefault.xctoolchain/usr/bin/appintentsmetadataprocessor --toolchain-dir /Applications/Xcode.app/Contents/Developer/Toolchains/XcodeDefault.xctoolchain --module-name SwiftyCrop --sdk-root /Applications/Xcode.app/Contents/Developer/Platforms/iPhoneOS.platform/Developer/SDKs/iPhoneOS18.5.sdk --xcode-version 16F6 --platform-family iOS --deployment-target 16.0 --bundle-identifier swiftycrop.SwiftyCrop --output /Users/harishvishwakarma/Library/Developer/Xcode/DerivedData/Revolt-dharrjsambcimaaziudpvzjdcigm/Build/Products/Debug-iphoneos/SwiftyCrop.appintents --target-triple arm64-apple-ios16.0 --binary-file /Users/harishvishwakarma/Library/Developer/Xcode/DerivedData/Revolt-dharrjsambcimaaziudpvzjdcigm/Build/Products/Debug-iphoneos/SwiftyCrop.o --dependency-file /Users/harishvishwakarma/Library/Developer/Xcode/DerivedData/Revolt-dharrjsambcimaaziudpvzjdcigm/Build/Intermediates.noindex/SwiftyCrop.build/Debug-iphoneos/SwiftyCrop.build/Objects-normal/arm64/SwiftyCrop_dependency_info.dat --stringsdata-file /Users/harishvishwakarma/Library/Developer/Xcode/DerivedData/Revolt-dharrjsambcimaaziudpvzjdcigm/Build/Intermediates.noindex/SwiftyCrop.build/Debug-iphoneos/SwiftyCrop.build/Objects-normal/arm64/ExtractedAppShortcutsMetadata.stringsdata --source-file-list /Users/harishvishwakarma/Library/Developer/Xcode/DerivedData/Revolt-dharrjsambcimaaziudpvzjdcigm/Build/Intermediates.noindex/SwiftyCrop.build/Debug-iphoneos/SwiftyCrop.build/Objects-normal/arm64/SwiftyCrop.SwiftFileList --metadata-file-list /Users/harishvishwakarma/Library/Developer/Xcode/DerivedData/Revolt-dharrjsambcimaaziudpvzjdcigm/Build/Intermediates.noindex/SwiftyCrop.build/Debug-iphoneos/SwiftyCrop.build/SwiftyCrop.DependencyMetadataFileList --static-metadata-file-list /Users/harishvishwakarma/Library/Developer/Xcode/DerivedData/Revolt-dharrjsambcimaaziudpvzjdcigm/Build/Intermediates.noindex/SwiftyCrop.build/Debug-iphoneos/SwiftyCrop.build/SwiftyCrop.DependencyStaticMetadataFileList --swift-const-vals-list /Users/harishvishwakarma/Library/Developer/Xcode/DerivedData/Revolt-dharrjsambcimaaziudpvzjdcigm/Build/Intermediates.noindex/SwiftyCrop.build/Debug-iphoneos/SwiftyCrop.build/Objects-normal/arm64/SwiftyCrop.SwiftConstValuesFileList --force --compile-time-extraction --deployment-aware-processing --validate-assistant-intents --no-app-shortcuts-localization
2026-01-08 18:37:56.941 appintentsmetadataprocessor[99439:1136630] Starting appintentsmetadataprocessor export
2026-01-08 18:37:57.031 appintentsmetadataprocessor[99439:1136630] Extracted no relevant App Intents symbols, skipping writing output

ExtractAppIntentsMetadata (in target 'Types' from project 'Revolt')
    cd /Users/harishvishwakarma/Handy/Archem/pepchat-ios
    /Applications/Xcode.app/Contents/Developer/Toolchains/XcodeDefault.xctoolchain/usr/bin/appintentsmetadataprocessor --toolchain-dir /Applications/Xcode.app/Contents/Developer/Toolchains/XcodeDefault.xctoolchain --module-name Types --sdk-root /Applications/Xcode.app/Contents/Developer/Platforms/iPhoneOS.platform/Developer/SDKs/iPhoneOS18.5.sdk --xcode-version 16F6 --platform-family iOS --deployment-target 18.0 --bundle-identifier com.peptide.chat.types --output /Users/harishvishwakarma/Library/Developer/Xcode/DerivedData/Revolt-dharrjsambcimaaziudpvzjdcigm/Build/Products/Debug-iphoneos/Types.framework --target-triple arm64-apple-ios18.0 --binary-file /Users/harishvishwakarma/Library/Developer/Xcode/DerivedData/Revolt-dharrjsambcimaaziudpvzjdcigm/Build/Products/Debug-iphoneos/Types.framework/Types --dependency-file /Users/harishvishwakarma/Library/Developer/Xcode/DerivedData/Revolt-dharrjsambcimaaziudpvzjdcigm/Build/Intermediates.noindex/Revolt.build/Debug-iphoneos/Types.build/Objects-normal/arm64/Types_dependency_info.dat --stringsdata-file /Users/harishvishwakarma/Library/Developer/Xcode/DerivedData/Revolt-dharrjsambcimaaziudpvzjdcigm/Build/Intermediates.noindex/Revolt.build/Debug-iphoneos/Types.build/Objects-normal/arm64/ExtractedAppShortcutsMetadata.stringsdata --source-file-list /Users/harishvishwakarma/Library/Developer/Xcode/DerivedData/Revolt-dharrjsambcimaaziudpvzjdcigm/Build/Intermediates.noindex/Revolt.build/Debug-iphoneos/Types.build/Objects-normal/arm64/Types.SwiftFileList --metadata-file-list /Users/harishvishwakarma/Library/Developer/Xcode/DerivedData/Revolt-dharrjsambcimaaziudpvzjdcigm/Build/Intermediates.noindex/Revolt.build/Debug-iphoneos/Types.build/Types.DependencyMetadataFileList --static-metadata-file-list /Users/harishvishwakarma/Library/Developer/Xcode/DerivedData/Revolt-dharrjsambcimaaziudpvzjdcigm/Build/Intermediates.noindex/Revolt.build/Debug-iphoneos/Types.build/Types.DependencyStaticMetadataFileList --swift-const-vals-list /Users/harishvishwakarma/Library/Developer/Xcode/DerivedData/Revolt-dharrjsambcimaaziudpvzjdcigm/Build/Intermediates.noindex/Revolt.build/Debug-iphoneos/Types.build/Objects-normal/arm64/Types.SwiftConstValuesFileList --compile-time-extraction --deployment-aware-processing --validate-assistant-intents --no-app-shortcuts-localization
2026-01-08 18:37:56.959 appintentsmetadataprocessor[99441:1136636] Starting appintentsmetadataprocessor export
2026-01-08 18:37:56.963 appintentsmetadataprocessor[99441:1136636] warning: Metadata extraction skipped. No AppIntents.framework dependency found.

ExtractAppIntentsMetadata (in target 'SwiftCSV' from project 'SwiftCSV')
    cd /Users/harishvishwakarma/Library/Developer/Xcode/DerivedData/Revolt-dharrjsambcimaaziudpvzjdcigm/SourcePackages/checkouts/SwiftCSV
    /Applications/Xcode.app/Contents/Developer/Toolchains/XcodeDefault.xctoolchain/usr/bin/appintentsmetadataprocessor --toolchain-dir /Applications/Xcode.app/Contents/Developer/Toolchains/XcodeDefault.xctoolchain --module-name SwiftCSV --sdk-root /Applications/Xcode.app/Contents/Developer/Platforms/iPhoneOS.platform/Developer/SDKs/iPhoneOS18.5.sdk --xcode-version 16F6 --platform-family iOS --deployment-target 12.0 --bundle-identifier swiftcsv.SwiftCSV --output /Users/harishvishwakarma/Library/Developer/Xcode/DerivedData/Revolt-dharrjsambcimaaziudpvzjdcigm/Build/Products/Debug-iphoneos/SwiftCSV.appintents --target-triple arm64-apple-ios12.0 --binary-file /Users/harishvishwakarma/Library/Developer/Xcode/DerivedData/Revolt-dharrjsambcimaaziudpvzjdcigm/Build/Products/Debug-iphoneos/SwiftCSV.o --dependency-file /Users/harishvishwakarma/Library/Developer/Xcode/DerivedData/Revolt-dharrjsambcimaaziudpvzjdcigm/Build/Intermediates.noindex/SwiftCSV.build/Debug-iphoneos/SwiftCSV.build/Objects-normal/arm64/SwiftCSV_dependency_info.dat --stringsdata-file /Users/harishvishwakarma/Library/Developer/Xcode/DerivedData/Revolt-dharrjsambcimaaziudpvzjdcigm/Build/Intermediates.noindex/SwiftCSV.build/Debug-iphoneos/SwiftCSV.build/Objects-normal/arm64/ExtractedAppShortcutsMetadata.stringsdata --source-file-list /Users/harishvishwakarma/Library/Developer/Xcode/DerivedData/Revolt-dharrjsambcimaaziudpvzjdcigm/Build/Intermediates.noindex/SwiftCSV.build/Debug-iphoneos/SwiftCSV.build/Objects-normal/arm64/SwiftCSV.SwiftFileList --metadata-file-list /Users/harishvishwakarma/Library/Developer/Xcode/DerivedData/Revolt-dharrjsambcimaaziudpvzjdcigm/Build/Intermediates.noindex/SwiftCSV.build/Debug-iphoneos/SwiftCSV.build/SwiftCSV.DependencyMetadataFileList --static-metadata-file-list /Users/harishvishwakarma/Library/Developer/Xcode/DerivedData/Revolt-dharrjsambcimaaziudpvzjdcigm/Build/Intermediates.noindex/SwiftCSV.build/Debug-iphoneos/SwiftCSV.build/SwiftCSV.DependencyStaticMetadataFileList --swift-const-vals-list /Users/harishvishwakarma/Library/Developer/Xcode/DerivedData/Revolt-dharrjsambcimaaziudpvzjdcigm/Build/Intermediates.noindex/SwiftCSV.build/Debug-iphoneos/SwiftCSV.build/Objects-normal/arm64/SwiftCSV.SwiftConstValuesFileList --force --compile-time-extraction --deployment-aware-processing --validate-assistant-intents --no-app-shortcuts-localization
2026-01-08 18:37:57.000 appintentsmetadataprocessor[99443:1136660] Starting appintentsmetadataprocessor export
2026-01-08 18:37:57.055 appintentsmetadataprocessor[99443:1136660] Extracted no relevant App Intents symbols, skipping writing output

ExtractAppIntentsMetadata (in target 'Starscream' from project 'Starscream')
    cd /Users/harishvishwakarma/Library/Developer/Xcode/DerivedData/Revolt-dharrjsambcimaaziudpvzjdcigm/SourcePackages/checkouts/Starscream
    /Applications/Xcode.app/Contents/Developer/Toolchains/XcodeDefault.xctoolchain/usr/bin/appintentsmetadataprocessor --toolchain-dir /Applications/Xcode.app/Contents/Developer/Toolchains/XcodeDefault.xctoolchain --module-name Starscream --sdk-root /Applications/Xcode.app/Contents/Developer/Platforms/iPhoneOS.platform/Developer/SDKs/iPhoneOS18.5.sdk --xcode-version 16F6 --platform-family iOS --deployment-target 12.0 --bundle-identifier starscream.Starscream --output /Users/harishvishwakarma/Library/Developer/Xcode/DerivedData/Revolt-dharrjsambcimaaziudpvzjdcigm/Build/Products/Debug-iphoneos/Starscream.appintents --target-triple arm64-apple-ios12.0 --binary-file /Users/harishvishwakarma/Library/Developer/Xcode/DerivedData/Revolt-dharrjsambcimaaziudpvzjdcigm/Build/Products/Debug-iphoneos/Starscream.o --dependency-file /Users/harishvishwakarma/Library/Developer/Xcode/DerivedData/Revolt-dharrjsambcimaaziudpvzjdcigm/Build/Intermediates.noindex/Starscream.build/Debug-iphoneos/Starscream.build/Objects-normal/arm64/Starscream_dependency_info.dat --stringsdata-file /Users/harishvishwakarma/Library/Developer/Xcode/DerivedData/Revolt-dharrjsambcimaaziudpvzjdcigm/Build/Intermediates.noindex/Starscream.build/Debug-iphoneos/Starscream.build/Objects-normal/arm64/ExtractedAppShortcutsMetadata.stringsdata --source-file-list /Users/harishvishwakarma/Library/Developer/Xcode/DerivedData/Revolt-dharrjsambcimaaziudpvzjdcigm/Build/Intermediates.noindex/Starscream.build/Debug-iphoneos/Starscream.build/Objects-normal/arm64/Starscream.SwiftFileList --metadata-file-list /Users/harishvishwakarma/Library/Developer/Xcode/DerivedData/Revolt-dharrjsambcimaaziudpvzjdcigm/Build/Intermediates.noindex/Starscream.build/Debug-iphoneos/Starscream.build/Starscream.DependencyMetadataFileList --static-metadata-file-list /Users/harishvishwakarma/Library/Developer/Xcode/DerivedData/Revolt-dharrjsambcimaaziudpvzjdcigm/Build/Intermediates.noindex/Starscream.build/Debug-iphoneos/Starscream.build/Starscream.DependencyStaticMetadataFileList --swift-const-vals-list /Users/harishvishwakarma/Library/Developer/Xcode/DerivedData/Revolt-dharrjsambcimaaziudpvzjdcigm/Build/Intermediates.noindex/Starscream.build/Debug-iphoneos/Starscream.build/Objects-normal/arm64/Starscream.SwiftConstValuesFileList --force --compile-time-extraction --deployment-aware-processing --validate-assistant-intents --no-app-shortcuts-localization
2026-01-08 18:37:57.023 appintentsmetadataprocessor[99445:1136670] Starting appintentsmetadataprocessor export
2026-01-08 18:37:57.088 appintentsmetadataprocessor[99445:1136670] Extracted no relevant App Intents symbols, skipping writing output

AppIntentsSSUTraining (in target 'Types' from project 'Revolt')
    cd /Users/harishvishwakarma/Handy/Archem/pepchat-ios
    /Applications/Xcode.app/Contents/Developer/Toolchains/XcodeDefault.xctoolchain/usr/bin/appintentsnltrainingprocessor --infoplist-path /Users/harishvishwakarma/Library/Developer/Xcode/DerivedData/Revolt-dharrjsambcimaaziudpvzjdcigm/Build/Products/Debug-iphoneos/Types.framework/Info.plist --temp-dir-path /Users/harishvishwakarma/Library/Developer/Xcode/DerivedData/Revolt-dharrjsambcimaaziudpvzjdcigm/Build/Intermediates.noindex/Revolt.build/Debug-iphoneos/Types.build/ssu --bundle-id com.peptide.chat.types --product-path /Users/harishvishwakarma/Library/Developer/Xcode/DerivedData/Revolt-dharrjsambcimaaziudpvzjdcigm/Build/Products/Debug-iphoneos/Types.framework --extracted-metadata-path /Users/harishvishwakarma/Library/Developer/Xcode/DerivedData/Revolt-dharrjsambcimaaziudpvzjdcigm/Build/Products/Debug-iphoneos/Types.framework/Metadata.appintents --metadata-file-list /Users/harishvishwakarma/Library/Developer/Xcode/DerivedData/Revolt-dharrjsambcimaaziudpvzjdcigm/Build/Intermediates.noindex/Revolt.build/Debug-iphoneos/Types.build/Types.DependencyMetadataFileList --archive-ssu-assets
2026-01-08 18:37:57.436 appintentsnltrainingprocessor[99446:1136671] Parsing options for appintentsnltrainingprocessor
2026-01-08 18:37:57.439 appintentsnltrainingprocessor[99446:1136671] No AppShortcuts found - Skipping.

ExtractAppIntentsMetadata (in target 'SnapKit' from project 'SnapKit')
    cd /Users/harishvishwakarma/Library/Developer/Xcode/DerivedData/Revolt-dharrjsambcimaaziudpvzjdcigm/SourcePackages/checkouts/SnapKit
    /Applications/Xcode.app/Contents/Developer/Toolchains/XcodeDefault.xctoolchain/usr/bin/appintentsmetadataprocessor --toolchain-dir /Applications/Xcode.app/Contents/Developer/Toolchains/XcodeDefault.xctoolchain --module-name SnapKit --sdk-root /Applications/Xcode.app/Contents/Developer/Platforms/iPhoneOS.platform/Developer/SDKs/iPhoneOS18.5.sdk --xcode-version 16F6 --platform-family iOS --deployment-target 12.0 --bundle-identifier snapkit.SnapKit --output /Users/harishvishwakarma/Library/Developer/Xcode/DerivedData/Revolt-dharrjsambcimaaziudpvzjdcigm/Build/Products/Debug-iphoneos/SnapKit.appintents --target-triple arm64-apple-ios12.0 --binary-file /Users/harishvishwakarma/Library/Developer/Xcode/DerivedData/Revolt-dharrjsambcimaaziudpvzjdcigm/Build/Products/Debug-iphoneos/SnapKit.o --dependency-file /Users/harishvishwakarma/Library/Developer/Xcode/DerivedData/Revolt-dharrjsambcimaaziudpvzjdcigm/Build/Intermediates.noindex/SnapKit.build/Debug-iphoneos/SnapKit.build/Objects-normal/arm64/SnapKit_dependency_info.dat --stringsdata-file /Users/harishvishwakarma/Library/Developer/Xcode/DerivedData/Revolt-dharrjsambcimaaziudpvzjdcigm/Build/Intermediates.noindex/SnapKit.build/Debug-iphoneos/SnapKit.build/Objects-normal/arm64/ExtractedAppShortcutsMetadata.stringsdata --source-file-list /Users/harishvishwakarma/Library/Developer/Xcode/DerivedData/Revolt-dharrjsambcimaaziudpvzjdcigm/Build/Intermediates.noindex/SnapKit.build/Debug-iphoneos/SnapKit.build/Objects-normal/arm64/SnapKit.SwiftFileList --metadata-file-list /Users/harishvishwakarma/Library/Developer/Xcode/DerivedData/Revolt-dharrjsambcimaaziudpvzjdcigm/Build/Intermediates.noindex/SnapKit.build/Debug-iphoneos/SnapKit.build/SnapKit.DependencyMetadataFileList --static-metadata-file-list /Users/harishvishwakarma/Library/Developer/Xcode/DerivedData/Revolt-dharrjsambcimaaziudpvzjdcigm/Build/Intermediates.noindex/SnapKit.build/Debug-iphoneos/SnapKit.build/SnapKit.DependencyStaticMetadataFileList --swift-const-vals-list /Users/harishvishwakarma/Library/Developer/Xcode/DerivedData/Revolt-dharrjsambcimaaziudpvzjdcigm/Build/Intermediates.noindex/SnapKit.build/Debug-iphoneos/SnapKit.build/Objects-normal/arm64/SnapKit.SwiftConstValuesFileList --force --compile-time-extraction --deployment-aware-processing --validate-assistant-intents --no-app-shortcuts-localization
2026-01-08 18:37:57.031 appintentsmetadataprocessor[99448:1136674] Starting appintentsmetadataprocessor export
2026-01-08 18:37:57.105 appintentsmetadataprocessor[99448:1136674] Extracted no relevant App Intents symbols, skipping writing output

ExtractAppIntentsMetadata (in target 'Flow' from project 'Flow')
    cd /Users/harishvishwakarma/Library/Developer/Xcode/DerivedData/Revolt-dharrjsambcimaaziudpvzjdcigm/SourcePackages/checkouts/SwiftUI-Flow
    /Applications/Xcode.app/Contents/Developer/Toolchains/XcodeDefault.xctoolchain/usr/bin/appintentsmetadataprocessor --toolchain-dir /Applications/Xcode.app/Contents/Developer/Toolchains/XcodeDefault.xctoolchain --module-name Flow --sdk-root /Applications/Xcode.app/Contents/Developer/Platforms/iPhoneOS.platform/Developer/SDKs/iPhoneOS18.5.sdk --xcode-version 16F6 --platform-family iOS --deployment-target 16.0 --bundle-identifier swiftui-flow.Flow --output /Users/harishvishwakarma/Library/Developer/Xcode/DerivedData/Revolt-dharrjsambcimaaziudpvzjdcigm/Build/Products/Debug-iphoneos/Flow.appintents --target-triple arm64-apple-ios16.0 --binary-file /Users/harishvishwakarma/Library/Developer/Xcode/DerivedData/Revolt-dharrjsambcimaaziudpvzjdcigm/Build/Products/Debug-iphoneos/Flow.o --dependency-file /Users/harishvishwakarma/Library/Developer/Xcode/DerivedData/Revolt-dharrjsambcimaaziudpvzjdcigm/Build/Intermediates.noindex/Flow.build/Debug-iphoneos/Flow.build/Objects-normal/arm64/Flow_dependency_info.dat --stringsdata-file /Users/harishvishwakarma/Library/Developer/Xcode/DerivedData/Revolt-dharrjsambcimaaziudpvzjdcigm/Build/Intermediates.noindex/Flow.build/Debug-iphoneos/Flow.build/Objects-normal/arm64/ExtractedAppShortcutsMetadata.stringsdata --source-file-list /Users/harishvishwakarma/Library/Developer/Xcode/DerivedData/Revolt-dharrjsambcimaaziudpvzjdcigm/Build/Intermediates.noindex/Flow.build/Debug-iphoneos/Flow.build/Objects-normal/arm64/Flow.SwiftFileList --metadata-file-list /Users/harishvishwakarma/Library/Developer/Xcode/DerivedData/Revolt-dharrjsambcimaaziudpvzjdcigm/Build/Intermediates.noindex/Flow.build/Debug-iphoneos/Flow.build/Flow.DependencyMetadataFileList --static-metadata-file-list /Users/harishvishwakarma/Library/Developer/Xcode/DerivedData/Revolt-dharrjsambcimaaziudpvzjdcigm/Build/Intermediates.noindex/Flow.build/Debug-iphoneos/Flow.build/Flow.DependencyStaticMetadataFileList --swift-const-vals-list /Users/harishvishwakarma/Library/Developer/Xcode/DerivedData/Revolt-dharrjsambcimaaziudpvzjdcigm/Build/Intermediates.noindex/Flow.build/Debug-iphoneos/Flow.build/Objects-normal/arm64/Flow.SwiftConstValuesFileList --force --compile-time-extraction --deployment-aware-processing --validate-assistant-intents --no-app-shortcuts-localization
2026-01-08 18:37:57.027 appintentsmetadataprocessor[99449:1136681] Starting appintentsmetadataprocessor export
2026-01-08 18:37:57.087 appintentsmetadataprocessor[99449:1136681] Extracted no relevant App Intents symbols, skipping writing output

ExtractAppIntentsMetadata (in target 'ExyteGrid' from project 'ExyteGrid')
    cd /Users/harishvishwakarma/Library/Developer/Xcode/DerivedData/Revolt-dharrjsambcimaaziudpvzjdcigm/SourcePackages/checkouts/Grid
    /Applications/Xcode.app/Contents/Developer/Toolchains/XcodeDefault.xctoolchain/usr/bin/appintentsmetadataprocessor --toolchain-dir /Applications/Xcode.app/Contents/Developer/Toolchains/XcodeDefault.xctoolchain --module-name ExyteGrid --sdk-root /Applications/Xcode.app/Contents/Developer/Platforms/iPhoneOS.platform/Developer/SDKs/iPhoneOS18.5.sdk --xcode-version 16F6 --platform-family iOS --deployment-target 14.0 --bundle-identifier grid.ExyteGrid --output /Users/harishvishwakarma/Library/Developer/Xcode/DerivedData/Revolt-dharrjsambcimaaziudpvzjdcigm/Build/Products/Debug-iphoneos/ExyteGrid.appintents --target-triple arm64-apple-ios14.0 --binary-file /Users/harishvishwakarma/Library/Developer/Xcode/DerivedData/Revolt-dharrjsambcimaaziudpvzjdcigm/Build/Products/Debug-iphoneos/ExyteGrid.o --dependency-file /Users/harishvishwakarma/Library/Developer/Xcode/DerivedData/Revolt-dharrjsambcimaaziudpvzjdcigm/Build/Intermediates.noindex/ExyteGrid.build/Debug-iphoneos/ExyteGrid.build/Objects-normal/arm64/ExyteGrid_dependency_info.dat --stringsdata-file /Users/harishvishwakarma/Library/Developer/Xcode/DerivedData/Revolt-dharrjsambcimaaziudpvzjdcigm/Build/Intermediates.noindex/ExyteGrid.build/Debug-iphoneos/ExyteGrid.build/Objects-normal/arm64/ExtractedAppShortcutsMetadata.stringsdata --source-file-list /Users/harishvishwakarma/Library/Developer/Xcode/DerivedData/Revolt-dharrjsambcimaaziudpvzjdcigm/Build/Intermediates.noindex/ExyteGrid.build/Debug-iphoneos/ExyteGrid.build/Objects-normal/arm64/ExyteGrid.SwiftFileList --metadata-file-list /Users/harishvishwakarma/Library/Developer/Xcode/DerivedData/Revolt-dharrjsambcimaaziudpvzjdcigm/Build/Intermediates.noindex/ExyteGrid.build/Debug-iphoneos/ExyteGrid.build/ExyteGrid.DependencyMetadataFileList --static-metadata-file-list /Users/harishvishwakarma/Library/Developer/Xcode/DerivedData/Revolt-dharrjsambcimaaziudpvzjdcigm/Build/Intermediates.noindex/ExyteGrid.build/Debug-iphoneos/ExyteGrid.build/ExyteGrid.DependencyStaticMetadataFileList --swift-const-vals-list /Users/harishvishwakarma/Library/Developer/Xcode/DerivedData/Revolt-dharrjsambcimaaziudpvzjdcigm/Build/Intermediates.noindex/ExyteGrid.build/Debug-iphoneos/ExyteGrid.build/Objects-normal/arm64/ExyteGrid.SwiftConstValuesFileList --force --compile-time-extraction --deployment-aware-processing --validate-assistant-intents --no-app-shortcuts-localization
2026-01-08 18:37:57.046 appintentsmetadataprocessor[99450:1136701] Starting appintentsmetadataprocessor export
2026-01-08 18:37:57.108 appintentsmetadataprocessor[99450:1136701] Extracted no relevant App Intents symbols, skipping writing output

SwiftDriverJobDiscovery normal arm64 Compiling SessionDelegate.swift, URLConvertible+URLRequestConvertible.swift, UploadRequest.swift, WebSocketRequest.swift (in target 'Alamofire' from project 'Alamofire')

ExtractAppIntentsMetadata (in target 'AnyCodable' from project 'AnyCodable')
    cd /Users/harishvishwakarma/Library/Developer/Xcode/DerivedData/Revolt-dharrjsambcimaaziudpvzjdcigm/SourcePackages/checkouts/AnyCodable
    /Applications/Xcode.app/Contents/Developer/Toolchains/XcodeDefault.xctoolchain/usr/bin/appintentsmetadataprocessor --toolchain-dir /Applications/Xcode.app/Contents/Developer/Toolchains/XcodeDefault.xctoolchain --module-name AnyCodable --sdk-root /Applications/Xcode.app/Contents/Developer/Platforms/iPhoneOS.platform/Developer/SDKs/iPhoneOS18.5.sdk --xcode-version 16F6 --platform-family iOS --deployment-target 12.0 --bundle-identifier anycodable.AnyCodable --output /Users/harishvishwakarma/Library/Developer/Xcode/DerivedData/Revolt-dharrjsambcimaaziudpvzjdcigm/Build/Products/Debug-iphoneos/AnyCodable.appintents --target-triple arm64-apple-ios12.0 --binary-file /Users/harishvishwakarma/Library/Developer/Xcode/DerivedData/Revolt-dharrjsambcimaaziudpvzjdcigm/Build/Products/Debug-iphoneos/AnyCodable.o --dependency-file /Users/harishvishwakarma/Library/Developer/Xcode/DerivedData/Revolt-dharrjsambcimaaziudpvzjdcigm/Build/Intermediates.noindex/AnyCodable.build/Debug-iphoneos/AnyCodable.build/Objects-normal/arm64/AnyCodable_dependency_info.dat --stringsdata-file /Users/harishvishwakarma/Library/Developer/Xcode/DerivedData/Revolt-dharrjsambcimaaziudpvzjdcigm/Build/Intermediates.noindex/AnyCodable.build/Debug-iphoneos/AnyCodable.build/Objects-normal/arm64/ExtractedAppShortcutsMetadata.stringsdata --source-file-list /Users/harishvishwakarma/Library/Developer/Xcode/DerivedData/Revolt-dharrjsambcimaaziudpvzjdcigm/Build/Intermediates.noindex/AnyCodable.build/Debug-iphoneos/AnyCodable.build/Objects-normal/arm64/AnyCodable.SwiftFileList --metadata-file-list /Users/harishvishwakarma/Library/Developer/Xcode/DerivedData/Revolt-dharrjsambcimaaziudpvzjdcigm/Build/Intermediates.noindex/AnyCodable.build/Debug-iphoneos/AnyCodable.build/AnyCodable.DependencyMetadataFileList --static-metadata-file-list /Users/harishvishwakarma/Library/Developer/Xcode/DerivedData/Revolt-dharrjsambcimaaziudpvzjdcigm/Build/Intermediates.noindex/AnyCodable.build/Debug-iphoneos/AnyCodable.build/AnyCodable.DependencyStaticMetadataFileList --swift-const-vals-list /Users/harishvishwakarma/Library/Developer/Xcode/DerivedData/Revolt-dharrjsambcimaaziudpvzjdcigm/Build/Intermediates.noindex/AnyCodable.build/Debug-iphoneos/AnyCodable.build/Objects-normal/arm64/AnyCodable.SwiftConstValuesFileList --force --compile-time-extraction --deployment-aware-processing --validate-assistant-intents --no-app-shortcuts-localization
2026-01-08 18:37:57.055 appintentsmetadataprocessor[99451:1136703] Starting appintentsmetadataprocessor export
2026-01-08 18:37:57.125 appintentsmetadataprocessor[99451:1136703] Extracted no relevant App Intents symbols, skipping writing output

ExtractAppIntentsMetadata (in target 'Animator' from project 'swiftui-navigation-transitions')
    cd /Users/harishvishwakarma/Library/Developer/Xcode/DerivedData/Revolt-dharrjsambcimaaziudpvzjdcigm/SourcePackages/checkouts/swiftui-navigation-transitions
    /Applications/Xcode.app/Contents/Developer/Toolchains/XcodeDefault.xctoolchain/usr/bin/appintentsmetadataprocessor --toolchain-dir /Applications/Xcode.app/Contents/Developer/Toolchains/XcodeDefault.xctoolchain --module-name Animator --sdk-root /Applications/Xcode.app/Contents/Developer/Platforms/iPhoneOS.platform/Developer/SDKs/iPhoneOS18.5.sdk --xcode-version 16F6 --platform-family iOS --deployment-target 13.0 --bundle-identifier swiftui-navigation-transitions.Animator --output /Users/harishvishwakarma/Library/Developer/Xcode/DerivedData/Revolt-dharrjsambcimaaziudpvzjdcigm/Build/Products/Debug-iphoneos/Animator.appintents --target-triple arm64-apple-ios13.0 --binary-file /Users/harishvishwakarma/Library/Developer/Xcode/DerivedData/Revolt-dharrjsambcimaaziudpvzjdcigm/Build/Products/Debug-iphoneos/Animator.o --dependency-file /Users/harishvishwakarma/Library/Developer/Xcode/DerivedData/Revolt-dharrjsambcimaaziudpvzjdcigm/Build/Intermediates.noindex/swiftui-navigation-transitions.build/Debug-iphoneos/Animator.build/Objects-normal/arm64/Animator_dependency_info.dat --stringsdata-file /Users/harishvishwakarma/Library/Developer/Xcode/DerivedData/Revolt-dharrjsambcimaaziudpvzjdcigm/Build/Intermediates.noindex/swiftui-navigation-transitions.build/Debug-iphoneos/Animator.build/Objects-normal/arm64/ExtractedAppShortcutsMetadata.stringsdata --source-file-list /Users/harishvishwakarma/Library/Developer/Xcode/DerivedData/Revolt-dharrjsambcimaaziudpvzjdcigm/Build/Intermediates.noindex/swiftui-navigation-transitions.build/Debug-iphoneos/Animator.build/Objects-normal/arm64/Animator.SwiftFileList --metadata-file-list /Users/harishvishwakarma/Library/Developer/Xcode/DerivedData/Revolt-dharrjsambcimaaziudpvzjdcigm/Build/Intermediates.noindex/swiftui-navigation-transitions.build/Debug-iphoneos/Animator.build/Animator.DependencyMetadataFileList --static-metadata-file-list /Users/harishvishwakarma/Library/Developer/Xcode/DerivedData/Revolt-dharrjsambcimaaziudpvzjdcigm/Build/Intermediates.noindex/swiftui-navigation-transitions.build/Debug-iphoneos/Animator.build/Animator.DependencyStaticMetadataFileList --swift-const-vals-list /Users/harishvishwakarma/Library/Developer/Xcode/DerivedData/Revolt-dharrjsambcimaaziudpvzjdcigm/Build/Intermediates.noindex/swiftui-navigation-transitions.build/Debug-iphoneos/Animator.build/Objects-normal/arm64/Animator.SwiftConstValuesFileList --force --compile-time-extraction --deployment-aware-processing --validate-assistant-intents --no-app-shortcuts-localization
2026-01-08 18:37:57.065 appintentsmetadataprocessor[99452:1136706] Starting appintentsmetadataprocessor export
2026-01-08 18:37:57.129 appintentsmetadataprocessor[99452:1136706] Extracted no relevant App Intents symbols, skipping writing output

ExtractAppIntentsMetadata (in target 'Animation' from project 'swiftui-navigation-transitions')
    cd /Users/harishvishwakarma/Library/Developer/Xcode/DerivedData/Revolt-dharrjsambcimaaziudpvzjdcigm/SourcePackages/checkouts/swiftui-navigation-transitions
    /Applications/Xcode.app/Contents/Developer/Toolchains/XcodeDefault.xctoolchain/usr/bin/appintentsmetadataprocessor --toolchain-dir /Applications/Xcode.app/Contents/Developer/Toolchains/XcodeDefault.xctoolchain --module-name Animation --sdk-root /Applications/Xcode.app/Contents/Developer/Platforms/iPhoneOS.platform/Developer/SDKs/iPhoneOS18.5.sdk --xcode-version 16F6 --platform-family iOS --deployment-target 13.0 --bundle-identifier swiftui-navigation-transitions.Animation --output /Users/harishvishwakarma/Library/Developer/Xcode/DerivedData/Revolt-dharrjsambcimaaziudpvzjdcigm/Build/Products/Debug-iphoneos/Animation.appintents --target-triple arm64-apple-ios13.0 --binary-file /Users/harishvishwakarma/Library/Developer/Xcode/DerivedData/Revolt-dharrjsambcimaaziudpvzjdcigm/Build/Products/Debug-iphoneos/Animation.o --dependency-file /Users/harishvishwakarma/Library/Developer/Xcode/DerivedData/Revolt-dharrjsambcimaaziudpvzjdcigm/Build/Intermediates.noindex/swiftui-navigation-transitions.build/Debug-iphoneos/Animation.build/Objects-normal/arm64/Animation_dependency_info.dat --stringsdata-file /Users/harishvishwakarma/Library/Developer/Xcode/DerivedData/Revolt-dharrjsambcimaaziudpvzjdcigm/Build/Intermediates.noindex/swiftui-navigation-transitions.build/Debug-iphoneos/Animation.build/Objects-normal/arm64/ExtractedAppShortcutsMetadata.stringsdata --source-file-list /Users/harishvishwakarma/Library/Developer/Xcode/DerivedData/Revolt-dharrjsambcimaaziudpvzjdcigm/Build/Intermediates.noindex/swiftui-navigation-transitions.build/Debug-iphoneos/Animation.build/Objects-normal/arm64/Animation.SwiftFileList --metadata-file-list /Users/harishvishwakarma/Library/Developer/Xcode/DerivedData/Revolt-dharrjsambcimaaziudpvzjdcigm/Build/Intermediates.noindex/swiftui-navigation-transitions.build/Debug-iphoneos/Animation.build/Animation.DependencyMetadataFileList --static-metadata-file-list /Users/harishvishwakarma/Library/Developer/Xcode/DerivedData/Revolt-dharrjsambcimaaziudpvzjdcigm/Build/Intermediates.noindex/swiftui-navigation-transitions.build/Debug-iphoneos/Animation.build/Animation.DependencyStaticMetadataFileList --swift-const-vals-list /Users/harishvishwakarma/Library/Developer/Xcode/DerivedData/Revolt-dharrjsambcimaaziudpvzjdcigm/Build/Intermediates.noindex/swiftui-navigation-transitions.build/Debug-iphoneos/Animation.build/Objects-normal/arm64/Animation.SwiftConstValuesFileList --force --compile-time-extraction --deployment-aware-processing --validate-assistant-intents --no-app-shortcuts-localization
2026-01-08 18:37:57.091 appintentsmetadataprocessor[99453:1136711] Starting appintentsmetadataprocessor export
2026-01-08 18:37:57.157 appintentsmetadataprocessor[99453:1136711] Extracted no relevant App Intents symbols, skipping writing output

ExtractAppIntentsMetadata (in target 'Kingfisher' from project 'Kingfisher')
    cd /Users/harishvishwakarma/Library/Developer/Xcode/DerivedData/Revolt-dharrjsambcimaaziudpvzjdcigm/SourcePackages/checkouts/Kingfisher
    /Applications/Xcode.app/Contents/Developer/Toolchains/XcodeDefault.xctoolchain/usr/bin/appintentsmetadataprocessor --toolchain-dir /Applications/Xcode.app/Contents/Developer/Toolchains/XcodeDefault.xctoolchain --module-name Kingfisher --sdk-root /Applications/Xcode.app/Contents/Developer/Platforms/iPhoneOS.platform/Developer/SDKs/iPhoneOS18.5.sdk --xcode-version 16F6 --platform-family iOS --deployment-target 13.0 --bundle-identifier kingfisher.Kingfisher --output /Users/harishvishwakarma/Library/Developer/Xcode/DerivedData/Revolt-dharrjsambcimaaziudpvzjdcigm/Build/Products/Debug-iphoneos/Kingfisher.appintents --target-triple arm64-apple-ios13.0 --binary-file /Users/harishvishwakarma/Library/Developer/Xcode/DerivedData/Revolt-dharrjsambcimaaziudpvzjdcigm/Build/Products/Debug-iphoneos/Kingfisher.o --dependency-file /Users/harishvishwakarma/Library/Developer/Xcode/DerivedData/Revolt-dharrjsambcimaaziudpvzjdcigm/Build/Intermediates.noindex/Kingfisher.build/Debug-iphoneos/Kingfisher.build/Objects-normal/arm64/Kingfisher_dependency_info.dat --stringsdata-file /Users/harishvishwakarma/Library/Developer/Xcode/DerivedData/Revolt-dharrjsambcimaaziudpvzjdcigm/Build/Intermediates.noindex/Kingfisher.build/Debug-iphoneos/Kingfisher.build/Objects-normal/arm64/ExtractedAppShortcutsMetadata.stringsdata --source-file-list /Users/harishvishwakarma/Library/Developer/Xcode/DerivedData/Revolt-dharrjsambcimaaziudpvzjdcigm/Build/Intermediates.noindex/Kingfisher.build/Debug-iphoneos/Kingfisher.build/Objects-normal/arm64/Kingfisher.SwiftFileList --metadata-file-list /Users/harishvishwakarma/Library/Developer/Xcode/DerivedData/Revolt-dharrjsambcimaaziudpvzjdcigm/Build/Intermediates.noindex/Kingfisher.build/Debug-iphoneos/Kingfisher.build/Kingfisher.DependencyMetadataFileList --static-metadata-file-list /Users/harishvishwakarma/Library/Developer/Xcode/DerivedData/Revolt-dharrjsambcimaaziudpvzjdcigm/Build/Intermediates.noindex/Kingfisher.build/Debug-iphoneos/Kingfisher.build/Kingfisher.DependencyStaticMetadataFileList --swift-const-vals-list /Users/harishvishwakarma/Library/Developer/Xcode/DerivedData/Revolt-dharrjsambcimaaziudpvzjdcigm/Build/Intermediates.noindex/Kingfisher.build/Debug-iphoneos/Kingfisher.build/Objects-normal/arm64/Kingfisher.SwiftConstValuesFileList --force --compile-time-extraction --deployment-aware-processing --validate-assistant-intents --no-app-shortcuts-localization
2026-01-08 18:37:57.131 appintentsmetadataprocessor[99454:1136725] Starting appintentsmetadataprocessor export
2026-01-08 18:37:57.189 appintentsmetadataprocessor[99454:1136725] Extracted no relevant App Intents symbols, skipping writing output

ExtractAppIntentsMetadata (in target 'Highlightr' from project 'Highlightr')
    cd /Users/harishvishwakarma/Library/Developer/Xcode/DerivedData/Revolt-dharrjsambcimaaziudpvzjdcigm/SourcePackages/checkouts/Highlightr
    /Applications/Xcode.app/Contents/Developer/Toolchains/XcodeDefault.xctoolchain/usr/bin/appintentsmetadataprocessor --toolchain-dir /Applications/Xcode.app/Contents/Developer/Toolchains/XcodeDefault.xctoolchain --module-name Highlightr --sdk-root /Applications/Xcode.app/Contents/Developer/Platforms/iPhoneOS.platform/Developer/SDKs/iPhoneOS18.5.sdk --xcode-version 16F6 --platform-family iOS --deployment-target 13.0 --bundle-identifier highlightr.Highlightr --output /Users/harishvishwakarma/Library/Developer/Xcode/DerivedData/Revolt-dharrjsambcimaaziudpvzjdcigm/Build/Products/Debug-iphoneos/Highlightr.appintents --target-triple arm64-apple-ios13.0 --binary-file /Users/harishvishwakarma/Library/Developer/Xcode/DerivedData/Revolt-dharrjsambcimaaziudpvzjdcigm/Build/Products/Debug-iphoneos/Highlightr.o --dependency-file /Users/harishvishwakarma/Library/Developer/Xcode/DerivedData/Revolt-dharrjsambcimaaziudpvzjdcigm/Build/Intermediates.noindex/Highlightr.build/Debug-iphoneos/Highlightr.build/Objects-normal/arm64/Highlightr_dependency_info.dat --stringsdata-file /Users/harishvishwakarma/Library/Developer/Xcode/DerivedData/Revolt-dharrjsambcimaaziudpvzjdcigm/Build/Intermediates.noindex/Highlightr.build/Debug-iphoneos/Highlightr.build/Objects-normal/arm64/ExtractedAppShortcutsMetadata.stringsdata --source-file-list /Users/harishvishwakarma/Library/Developer/Xcode/DerivedData/Revolt-dharrjsambcimaaziudpvzjdcigm/Build/Intermediates.noindex/Highlightr.build/Debug-iphoneos/Highlightr.build/Objects-normal/arm64/Highlightr.SwiftFileList --metadata-file-list /Users/harishvishwakarma/Library/Developer/Xcode/DerivedData/Revolt-dharrjsambcimaaziudpvzjdcigm/Build/Intermediates.noindex/Highlightr.build/Debug-iphoneos/Highlightr.build/Highlightr.DependencyMetadataFileList --static-metadata-file-list /Users/harishvishwakarma/Library/Developer/Xcode/DerivedData/Revolt-dharrjsambcimaaziudpvzjdcigm/Build/Intermediates.noindex/Highlightr.build/Debug-iphoneos/Highlightr.build/Highlightr.DependencyStaticMetadataFileList --swift-const-vals-list /Users/harishvishwakarma/Library/Developer/Xcode/DerivedData/Revolt-dharrjsambcimaaziudpvzjdcigm/Build/Intermediates.noindex/Highlightr.build/Debug-iphoneos/Highlightr.build/Objects-normal/arm64/Highlightr.SwiftConstValuesFileList --force --compile-time-extraction --deployment-aware-processing --validate-assistant-intents --no-app-shortcuts-localization
2026-01-08 18:37:57.144 appintentsmetadataprocessor[99455:1136745] Starting appintentsmetadataprocessor export
2026-01-08 18:37:57.200 appintentsmetadataprocessor[99455:1136745] Extracted no relevant App Intents symbols, skipping writing output

ExtractAppIntentsMetadata (in target 'HCaptcha' from project 'HCaptcha')
    cd /Users/harishvishwakarma/Library/Developer/Xcode/DerivedData/Revolt-dharrjsambcimaaziudpvzjdcigm/SourcePackages/checkouts/HCaptcha-ios-sdk
    /Applications/Xcode.app/Contents/Developer/Toolchains/XcodeDefault.xctoolchain/usr/bin/appintentsmetadataprocessor --toolchain-dir /Applications/Xcode.app/Contents/Developer/Toolchains/XcodeDefault.xctoolchain --module-name HCaptcha --sdk-root /Applications/Xcode.app/Contents/Developer/Platforms/iPhoneOS.platform/Developer/SDKs/iPhoneOS18.5.sdk --xcode-version 16F6 --platform-family iOS --deployment-target 12.0 --bundle-identifier hcaptcha-ios-sdk.HCaptcha --output /Users/harishvishwakarma/Library/Developer/Xcode/DerivedData/Revolt-dharrjsambcimaaziudpvzjdcigm/Build/Products/Debug-iphoneos/HCaptcha.appintents --target-triple arm64-apple-ios12.0 --binary-file /Users/harishvishwakarma/Library/Developer/Xcode/DerivedData/Revolt-dharrjsambcimaaziudpvzjdcigm/Build/Products/Debug-iphoneos/HCaptcha.o --dependency-file /Users/harishvishwakarma/Library/Developer/Xcode/DerivedData/Revolt-dharrjsambcimaaziudpvzjdcigm/Build/Intermediates.noindex/HCaptcha.build/Debug-iphoneos/HCaptcha.build/Objects-normal/arm64/HCaptcha_dependency_info.dat --stringsdata-file /Users/harishvishwakarma/Library/Developer/Xcode/DerivedData/Revolt-dharrjsambcimaaziudpvzjdcigm/Build/Intermediates.noindex/HCaptcha.build/Debug-iphoneos/HCaptcha.build/Objects-normal/arm64/ExtractedAppShortcutsMetadata.stringsdata --source-file-list /Users/harishvishwakarma/Library/Developer/Xcode/DerivedData/Revolt-dharrjsambcimaaziudpvzjdcigm/Build/Intermediates.noindex/HCaptcha.build/Debug-iphoneos/HCaptcha.build/Objects-normal/arm64/HCaptcha.SwiftFileList --metadata-file-list /Users/harishvishwakarma/Library/Developer/Xcode/DerivedData/Revolt-dharrjsambcimaaziudpvzjdcigm/Build/Intermediates.noindex/HCaptcha.build/Debug-iphoneos/HCaptcha.build/HCaptcha.DependencyMetadataFileList --static-metadata-file-list /Users/harishvishwakarma/Library/Developer/Xcode/DerivedData/Revolt-dharrjsambcimaaziudpvzjdcigm/Build/Intermediates.noindex/HCaptcha.build/Debug-iphoneos/HCaptcha.build/HCaptcha.DependencyStaticMetadataFileList --swift-const-vals-list /Users/harishvishwakarma/Library/Developer/Xcode/DerivedData/Revolt-dharrjsambcimaaziudpvzjdcigm/Build/Intermediates.noindex/HCaptcha.build/Debug-iphoneos/HCaptcha.build/Objects-normal/arm64/HCaptcha.SwiftConstValuesFileList --force --compile-time-extraction --deployment-aware-processing --validate-assistant-intents --no-app-shortcuts-localization
2026-01-08 18:37:57.152 appintentsmetadataprocessor[99456:1136746] Starting appintentsmetadataprocessor export
2026-01-08 18:37:57.204 appintentsmetadataprocessor[99456:1136746] Extracted no relevant App Intents symbols, skipping writing output

SwiftDriver _RopeModule normal arm64 com.apple.xcode.tools.swift.compiler (in target '_RopeModule' from project 'swift-collections')
    cd /Users/harishvishwakarma/Handy/Archem/pepchat-ios/Revolt.xcodeproj
    builtin-SwiftDriver -- /Applications/Xcode.app/Contents/Developer/Toolchains/XcodeDefault.xctoolchain/usr/bin/swiftc -module-name _RopeModule -Onone -enforce-exclusivity\=checked @/Users/harishvishwakarma/Library/Developer/Xcode/DerivedData/Revolt-dharrjsambcimaaziudpvzjdcigm/Build/Intermediates.noindex/swift-collections.build/Debug-iphoneos/_RopeModule.build/Objects-normal/arm64/_RopeModule.SwiftFileList -DSWIFT_PACKAGE -DDEBUG -DCOLLECTIONS_RANDOMIZED_TESTING -DXcode -plugin-path /Applications/Xcode.app/Contents/Developer/Toolchains/XcodeDefault.xctoolchain/usr/lib/swift/host/plugins/testing -enable-experimental-feature DebugDescriptionMacro -sdk /Applications/Xcode.app/Contents/Developer/Platforms/iPhoneOS.platform/Developer/SDKs/iPhoneOS18.5.sdk -target arm64-apple-ios12.0 -g -module-cache-path /Users/harishvishwakarma/Library/Developer/Xcode/DerivedData/ModuleCache.noindex -Xfrontend -serialize-debugging-options -enable-testing -suppress-warnings -index-store-path /Users/harishvishwakarma/Library/Developer/Xcode/DerivedData/Revolt-dharrjsambcimaaziudpvzjdcigm/Index.noindex/DataStore -swift-version 5 -I /Users/harishvishwakarma/Library/Developer/Xcode/DerivedData/Revolt-dharrjsambcimaaziudpvzjdcigm/Build/Products/Debug-iphoneos -I /Applications/Xcode.app/Contents/Developer/Platforms/iPhoneOS.platform/Developer/usr/lib -F /Users/harishvishwakarma/Library/Developer/Xcode/DerivedData/Revolt-dharrjsambcimaaziudpvzjdcigm/Build/Products/Debug-iphoneos/PackageFrameworks -F /Users/harishvishwakarma/Library/Developer/Xcode/DerivedData/Revolt-dharrjsambcimaaziudpvzjdcigm/Build/Products/Debug-iphoneos -F /Applications/Xcode.app/Contents/Developer/Platforms/iPhoneOS.platform/Developer/Library/Frameworks -F /Applications/Xcode.app/Contents/Developer/Platforms/iPhoneOS.platform/Developer/SDKs/iPhoneOS18.5.sdk/Developer/Library/Frameworks -c -j12 -enable-batch-mode -incremental -Xcc -ivfsstatcache -Xcc /Users/harishvishwakarma/Library/Developer/Xcode/DerivedData/SDKStatCaches.noindex/iphoneos18.5-22F76-7fa4eea80a99bbfdc046826b63ec4baf.sdkstatcache -output-file-map /Users/harishvishwakarma/Library/Developer/Xcode/DerivedData/Revolt-dharrjsambcimaaziudpvzjdcigm/Build/Intermediates.noindex/swift-collections.build/Debug-iphoneos/_RopeModule.build/Objects-normal/arm64/_RopeModule-OutputFileMap.json -use-frontend-parseable-output -save-temps -no-color-diagnostics -serialize-diagnostics -emit-dependencies -emit-module -emit-module-path /Users/harishvishwakarma/Library/Developer/Xcode/DerivedData/Revolt-dharrjsambcimaaziudpvzjdcigm/Build/Intermediates.noindex/swift-collections.build/Debug-iphoneos/_RopeModule.build/Objects-normal/arm64/_RopeModule.swiftmodule -validate-clang-modules-once -clang-build-session-file /Users/harishvishwakarma/Library/Developer/Xcode/DerivedData/ModuleCache.noindex/Session.modulevalidation -Xcc -I/Users/harishvishwakarma/Library/Developer/Xcode/DerivedData/Revolt-dharrjsambcimaaziudpvzjdcigm/Build/Intermediates.noindex/swift-collections.build/Debug-iphoneos/_RopeModule.build/swift-overrides.hmap -emit-const-values -Xfrontend -const-gather-protocols-file -Xfrontend /Users/harishvishwakarma/Library/Developer/Xcode/DerivedData/Revolt-dharrjsambcimaaziudpvzjdcigm/Build/Intermediates.noindex/swift-collections.build/Debug-iphoneos/_RopeModule.build/Objects-normal/arm64/_RopeModule_const_extract_protocols.json -Xcc -I/Users/harishvishwakarma/Library/Developer/Xcode/DerivedData/Revolt-dharrjsambcimaaziudpvzjdcigm/Build/Products/Debug-iphoneos/include -Xcc -I/Users/harishvishwakarma/Library/Developer/Xcode/DerivedData/Revolt-dharrjsambcimaaziudpvzjdcigm/Build/Intermediates.noindex/swift-collections.build/Debug-iphoneos/_RopeModule.build/DerivedSources-normal/arm64 -Xcc -I/Users/harishvishwakarma/Library/Developer/Xcode/DerivedData/Revolt-dharrjsambcimaaziudpvzjdcigm/Build/Intermediates.noindex/swift-collections.build/Debug-iphoneos/_RopeModule.build/DerivedSources/arm64 -Xcc -I/Users/harishvishwakarma/Library/Developer/Xcode/DerivedData/Revolt-dharrjsambcimaaziudpvzjdcigm/Build/Intermediates.noindex/swift-collections.build/Debug-iphoneos/_RopeModule.build/DerivedSources -Xcc -DSWIFT_PACKAGE -Xcc -DDEBUG\=1 -emit-objc-header -emit-objc-header-path /Users/harishvishwakarma/Library/Developer/Xcode/DerivedData/Revolt-dharrjsambcimaaziudpvzjdcigm/Build/Intermediates.noindex/swift-collections.build/Debug-iphoneos/_RopeModule.build/Objects-normal/arm64/_RopeModule-Swift.h -working-directory /Users/harishvishwakarma/Handy/Archem/pepchat-ios/Revolt.xcodeproj -experimental-emit-module-separately -disable-cmo

SwiftDriver XCTestDynamicOverlay normal arm64 com.apple.xcode.tools.swift.compiler (in target 'XCTestDynamicOverlay' from project 'xctest-dynamic-overlay')
    cd /Users/harishvishwakarma/Handy/Archem/pepchat-ios/Revolt.xcodeproj
    builtin-SwiftDriver -- /Applications/Xcode.app/Contents/Developer/Toolchains/XcodeDefault.xctoolchain/usr/bin/swiftc -module-name XCTestDynamicOverlay -Onone -enforce-exclusivity\=checked @/Users/harishvishwakarma/Library/Developer/Xcode/DerivedData/Revolt-dharrjsambcimaaziudpvzjdcigm/Build/Intermediates.noindex/xctest-dynamic-overlay.build/Debug-iphoneos/XCTestDynamicOverlay.build/Objects-normal/arm64/XCTestDynamicOverlay.SwiftFileList -DSWIFT_PACKAGE -DDEBUG -DXcode -plugin-path /Applications/Xcode.app/Contents/Developer/Toolchains/XcodeDefault.xctoolchain/usr/lib/swift/host/plugins/testing -enable-experimental-feature DebugDescriptionMacro -sdk /Applications/Xcode.app/Contents/Developer/Platforms/iPhoneOS.platform/Developer/SDKs/iPhoneOS18.5.sdk -target arm64-apple-ios13.0 -g -module-cache-path /Users/harishvishwakarma/Library/Developer/Xcode/DerivedData/ModuleCache.noindex -Xfrontend -serialize-debugging-options -enable-testing -suppress-warnings -index-store-path /Users/harishvishwakarma/Library/Developer/Xcode/DerivedData/Revolt-dharrjsambcimaaziudpvzjdcigm/Index.noindex/DataStore -swift-version 6 -I /Users/harishvishwakarma/Library/Developer/Xcode/DerivedData/Revolt-dharrjsambcimaaziudpvzjdcigm/Build/Products/Debug-iphoneos -I /Applications/Xcode.app/Contents/Developer/Platforms/iPhoneOS.platform/Developer/usr/lib -F /Users/harishvishwakarma/Library/Developer/Xcode/DerivedData/Revolt-dharrjsambcimaaziudpvzjdcigm/Build/Products/Debug-iphoneos/PackageFrameworks -F /Users/harishvishwakarma/Library/Developer/Xcode/DerivedData/Revolt-dharrjsambcimaaziudpvzjdcigm/Build/Products/Debug-iphoneos -F /Applications/Xcode.app/Contents/Developer/Platforms/iPhoneOS.platform/Developer/Library/Frameworks -F /Applications/Xcode.app/Contents/Developer/Platforms/iPhoneOS.platform/Developer/SDKs/iPhoneOS18.5.sdk/Developer/Library/Frameworks -c -j12 -enable-batch-mode -incremental -Xcc -ivfsstatcache -Xcc /Users/harishvishwakarma/Library/Developer/Xcode/DerivedData/SDKStatCaches.noindex/iphoneos18.5-22F76-7fa4eea80a99bbfdc046826b63ec4baf.sdkstatcache -output-file-map /Users/harishvishwakarma/Library/Developer/Xcode/DerivedData/Revolt-dharrjsambcimaaziudpvzjdcigm/Build/Intermediates.noindex/xctest-dynamic-overlay.build/Debug-iphoneos/XCTestDynamicOverlay.build/Objects-normal/arm64/XCTestDynamicOverlay-OutputFileMap.json -use-frontend-parseable-output -save-temps -no-color-diagnostics -serialize-diagnostics -emit-dependencies -emit-module -emit-module-path /Users/harishvishwakarma/Library/Developer/Xcode/DerivedData/Revolt-dharrjsambcimaaziudpvzjdcigm/Build/Intermediates.noindex/xctest-dynamic-overlay.build/Debug-iphoneos/XCTestDynamicOverlay.build/Objects-normal/arm64/XCTestDynamicOverlay.swiftmodule -user-module-version 1.4.1 -validate-clang-modules-once -clang-build-session-file /Users/harishvishwakarma/Library/Developer/Xcode/DerivedData/ModuleCache.noindex/Session.modulevalidation -package-name xctest_dynamic_overlay -Xcc -I/Users/harishvishwakarma/Library/Developer/Xcode/DerivedData/Revolt-dharrjsambcimaaziudpvzjdcigm/Build/Intermediates.noindex/xctest-dynamic-overlay.build/Debug-iphoneos/XCTestDynamicOverlay.build/swift-overrides.hmap -emit-const-values -Xfrontend -const-gather-protocols-file -Xfrontend /Users/harishvishwakarma/Library/Developer/Xcode/DerivedData/Revolt-dharrjsambcimaaziudpvzjdcigm/Build/Intermediates.noindex/xctest-dynamic-overlay.build/Debug-iphoneos/XCTestDynamicOverlay.build/Objects-normal/arm64/XCTestDynamicOverlay_const_extract_protocols.json -Xcc -I/Users/harishvishwakarma/Library/Developer/Xcode/DerivedData/Revolt-dharrjsambcimaaziudpvzjdcigm/Build/Products/Debug-iphoneos/include -Xcc -I/Users/harishvishwakarma/Library/Developer/Xcode/DerivedData/Revolt-dharrjsambcimaaziudpvzjdcigm/Build/Intermediates.noindex/xctest-dynamic-overlay.build/Debug-iphoneos/XCTestDynamicOverlay.build/DerivedSources-normal/arm64 -Xcc -I/Users/harishvishwakarma/Library/Developer/Xcode/DerivedData/Revolt-dharrjsambcimaaziudpvzjdcigm/Build/Intermediates.noindex/xctest-dynamic-overlay.build/Debug-iphoneos/XCTestDynamicOverlay.build/DerivedSources/arm64 -Xcc -I/Users/harishvishwakarma/Library/Developer/Xcode/DerivedData/Revolt-dharrjsambcimaaziudpvzjdcigm/Build/Intermediates.noindex/xctest-dynamic-overlay.build/Debug-iphoneos/XCTestDynamicOverlay.build/DerivedSources -Xcc -DSWIFT_PACKAGE -Xcc -DDEBUG\=1 -emit-objc-header -emit-objc-header-path /Users/harishvishwakarma/Library/Developer/Xcode/DerivedData/Revolt-dharrjsambcimaaziudpvzjdcigm/Build/Intermediates.noindex/xctest-dynamic-overlay.build/Debug-iphoneos/XCTestDynamicOverlay.build/Objects-normal/arm64/XCTestDynamicOverlay-Swift.h -working-directory /Users/harishvishwakarma/Handy/Archem/pepchat-ios/Revolt.xcodeproj -experimental-emit-module-separately -disable-cmo

SwiftDriver SwiftSyntax normal x86_64 com.apple.xcode.tools.swift.compiler (in target 'SwiftSyntax' from project 'swift-syntax')
    cd /Users/harishvishwakarma/Handy/Archem/pepchat-ios/Revolt.xcodeproj
    builtin-SwiftDriver -- /Applications/Xcode.app/Contents/Developer/Toolchains/XcodeDefault.xctoolchain/usr/bin/swiftc -module-name SwiftSyntax -Onone -enforce-exclusivity\=checked @/Users/harishvishwakarma/Library/Developer/Xcode/DerivedData/Revolt-dharrjsambcimaaziudpvzjdcigm/Build/Intermediates.noindex/swift-syntax.build/Debug/SwiftSyntax.build/Objects-normal/x86_64/SwiftSyntax.SwiftFileList -DSWIFT_PACKAGE -DDEBUG -DXcode -plugin-path /Applications/Xcode.app/Contents/Developer/Toolchains/XcodeDefault.xctoolchain/usr/lib/swift/host/plugins/testing -enable-experimental-feature DebugDescriptionMacro -sdk /Applications/Xcode.app/Contents/Developer/Platforms/MacOSX.platform/Developer/SDKs/MacOSX15.5.sdk -target x86_64-apple-macos10.15 -g -module-cache-path /Users/harishvishwakarma/Library/Developer/Xcode/DerivedData/ModuleCache.noindex -Xfrontend -serialize-debugging-options -enable-testing -suppress-warnings -index-store-path /Users/harishvishwakarma/Library/Developer/Xcode/DerivedData/Revolt-dharrjsambcimaaziudpvzjdcigm/Index.noindex/DataStore -swift-version 5 -I /Users/harishvishwakarma/Library/Developer/Xcode/DerivedData/Revolt-dharrjsambcimaaziudpvzjdcigm/Build/Products/Debug -I /Applications/Xcode.app/Contents/Developer/Platforms/MacOSX.platform/Developer/usr/lib -F /Users/harishvishwakarma/Library/Developer/Xcode/DerivedData/Revolt-dharrjsambcimaaziudpvzjdcigm/Build/Products/Debug/PackageFrameworks -F /Users/harishvishwakarma/Library/Developer/Xcode/DerivedData/Revolt-dharrjsambcimaaziudpvzjdcigm/Build/Products/Debug -F /Applications/Xcode.app/Contents/Developer/Platforms/MacOSX.platform/Developer/Library/Frameworks -c -j12 -enable-batch-mode -incremental -Xcc -ivfsstatcache -Xcc /Users/harishvishwakarma/Library/Developer/Xcode/DerivedData/SDKStatCaches.noindex/macosx15.5-24F74-8254517eb8b97d462ccbc072ba9094c9.sdkstatcache -output-file-map /Users/harishvishwakarma/Library/Developer/Xcode/DerivedData/Revolt-dharrjsambcimaaziudpvzjdcigm/Build/Intermediates.noindex/swift-syntax.build/Debug/SwiftSyntax.build/Objects-normal/x86_64/SwiftSyntax-OutputFileMap.json -use-frontend-parseable-output -save-temps -no-color-diagnostics -serialize-diagnostics -emit-dependencies -emit-module -emit-module-path /Users/harishvishwakarma/Library/Developer/Xcode/DerivedData/Revolt-dharrjsambcimaaziudpvzjdcigm/Build/Intermediates.noindex/swift-syntax.build/Debug/SwiftSyntax.build/Objects-normal/x86_64/SwiftSyntax.swiftmodule -validate-clang-modules-once -clang-build-session-file /Users/harishvishwakarma/Library/Developer/Xcode/DerivedData/ModuleCache.noindex/Session.modulevalidation -Xcc -I/Users/harishvishwakarma/Library/Developer/Xcode/DerivedData/Revolt-dharrjsambcimaaziudpvzjdcigm/Build/Intermediates.noindex/swift-syntax.build/Debug/SwiftSyntax.build/swift-overrides.hmap -emit-const-values -Xfrontend -const-gather-protocols-file -Xfrontend /Users/harishvishwakarma/Library/Developer/Xcode/DerivedData/Revolt-dharrjsambcimaaziudpvzjdcigm/Build/Intermediates.noindex/swift-syntax.build/Debug/SwiftSyntax.build/Objects-normal/x86_64/SwiftSyntax_const_extract_protocols.json -Xcc -I/Users/harishvishwakarma/Library/Developer/Xcode/DerivedData/Revolt-dharrjsambcimaaziudpvzjdcigm/Build/Products/Debug/include -Xcc -I/Users/harishvishwakarma/Library/Developer/Xcode/DerivedData/Revolt-dharrjsambcimaaziudpvzjdcigm/Build/Intermediates.noindex/swift-syntax.build/Debug/SwiftSyntax.build/DerivedSources-normal/x86_64 -Xcc -I/Users/harishvishwakarma/Library/Developer/Xcode/DerivedData/Revolt-dharrjsambcimaaziudpvzjdcigm/Build/Intermediates.noindex/swift-syntax.build/Debug/SwiftSyntax.build/DerivedSources/x86_64 -Xcc -I/Users/harishvishwakarma/Library/Developer/Xcode/DerivedData/Revolt-dharrjsambcimaaziudpvzjdcigm/Build/Intermediates.noindex/swift-syntax.build/Debug/SwiftSyntax.build/DerivedSources -Xcc -DSWIFT_PACKAGE -Xcc -DDEBUG\=1 -emit-objc-header -emit-objc-header-path /Users/harishvishwakarma/Library/Developer/Xcode/DerivedData/Revolt-dharrjsambcimaaziudpvzjdcigm/Build/Intermediates.noindex/swift-syntax.build/Debug/SwiftSyntax.build/Objects-normal/x86_64/SwiftSyntax-Swift.h -working-directory /Users/harishvishwakarma/Handy/Archem/pepchat-ios/Revolt.xcodeproj -experimental-emit-module-separately -disable-cmo

SwiftDriver SwiftSyntax normal arm64 com.apple.xcode.tools.swift.compiler (in target 'SwiftSyntax' from project 'swift-syntax')
    cd /Users/harishvishwakarma/Handy/Archem/pepchat-ios/Revolt.xcodeproj
    builtin-SwiftDriver -- /Applications/Xcode.app/Contents/Developer/Toolchains/XcodeDefault.xctoolchain/usr/bin/swiftc -module-name SwiftSyntax -Onone -enforce-exclusivity\=checked @/Users/harishvishwakarma/Library/Developer/Xcode/DerivedData/Revolt-dharrjsambcimaaziudpvzjdcigm/Build/Intermediates.noindex/swift-syntax.build/Debug/SwiftSyntax.build/Objects-normal/arm64/SwiftSyntax.SwiftFileList -DSWIFT_PACKAGE -DDEBUG -DXcode -plugin-path /Applications/Xcode.app/Contents/Developer/Toolchains/XcodeDefault.xctoolchain/usr/lib/swift/host/plugins/testing -enable-experimental-feature DebugDescriptionMacro -sdk /Applications/Xcode.app/Contents/Developer/Platforms/MacOSX.platform/Developer/SDKs/MacOSX15.5.sdk -target arm64-apple-macos10.15 -g -module-cache-path /Users/harishvishwakarma/Library/Developer/Xcode/DerivedData/ModuleCache.noindex -Xfrontend -serialize-debugging-options -enable-testing -suppress-warnings -index-store-path /Users/harishvishwakarma/Library/Developer/Xcode/DerivedData/Revolt-dharrjsambcimaaziudpvzjdcigm/Index.noindex/DataStore -swift-version 5 -I /Users/harishvishwakarma/Library/Developer/Xcode/DerivedData/Revolt-dharrjsambcimaaziudpvzjdcigm/Build/Products/Debug -I /Applications/Xcode.app/Contents/Developer/Platforms/MacOSX.platform/Developer/usr/lib -F /Users/harishvishwakarma/Library/Developer/Xcode/DerivedData/Revolt-dharrjsambcimaaziudpvzjdcigm/Build/Products/Debug/PackageFrameworks -F /Users/harishvishwakarma/Library/Developer/Xcode/DerivedData/Revolt-dharrjsambcimaaziudpvzjdcigm/Build/Products/Debug -F /Applications/Xcode.app/Contents/Developer/Platforms/MacOSX.platform/Developer/Library/Frameworks -c -j12 -enable-batch-mode -incremental -Xcc -ivfsstatcache -Xcc /Users/harishvishwakarma/Library/Developer/Xcode/DerivedData/SDKStatCaches.noindex/macosx15.5-24F74-8254517eb8b97d462ccbc072ba9094c9.sdkstatcache -output-file-map /Users/harishvishwakarma/Library/Developer/Xcode/DerivedData/Revolt-dharrjsambcimaaziudpvzjdcigm/Build/Intermediates.noindex/swift-syntax.build/Debug/SwiftSyntax.build/Objects-normal/arm64/SwiftSyntax-OutputFileMap.json -use-frontend-parseable-output -save-temps -no-color-diagnostics -serialize-diagnostics -emit-dependencies -emit-module -emit-module-path /Users/harishvishwakarma/Library/Developer/Xcode/DerivedData/Revolt-dharrjsambcimaaziudpvzjdcigm/Build/Intermediates.noindex/swift-syntax.build/Debug/SwiftSyntax.build/Objects-normal/arm64/SwiftSyntax.swiftmodule -validate-clang-modules-once -clang-build-session-file /Users/harishvishwakarma/Library/Developer/Xcode/DerivedData/ModuleCache.noindex/Session.modulevalidation -Xcc -I/Users/harishvishwakarma/Library/Developer/Xcode/DerivedData/Revolt-dharrjsambcimaaziudpvzjdcigm/Build/Intermediates.noindex/swift-syntax.build/Debug/SwiftSyntax.build/swift-overrides.hmap -emit-const-values -Xfrontend -const-gather-protocols-file -Xfrontend /Users/harishvishwakarma/Library/Developer/Xcode/DerivedData/Revolt-dharrjsambcimaaziudpvzjdcigm/Build/Intermediates.noindex/swift-syntax.build/Debug/SwiftSyntax.build/Objects-normal/arm64/SwiftSyntax_const_extract_protocols.json -Xcc -I/Users/harishvishwakarma/Library/Developer/Xcode/DerivedData/Revolt-dharrjsambcimaaziudpvzjdcigm/Build/Products/Debug/include -Xcc -I/Users/harishvishwakarma/Library/Developer/Xcode/DerivedData/Revolt-dharrjsambcimaaziudpvzjdcigm/Build/Intermediates.noindex/swift-syntax.build/Debug/SwiftSyntax.build/DerivedSources-normal/arm64 -Xcc -I/Users/harishvishwakarma/Library/Developer/Xcode/DerivedData/Revolt-dharrjsambcimaaziudpvzjdcigm/Build/Intermediates.noindex/swift-syntax.build/Debug/SwiftSyntax.build/DerivedSources/arm64 -Xcc -I/Users/harishvishwakarma/Library/Developer/Xcode/DerivedData/Revolt-dharrjsambcimaaziudpvzjdcigm/Build/Intermediates.noindex/swift-syntax.build/Debug/SwiftSyntax.build/DerivedSources -Xcc -DSWIFT_PACKAGE -Xcc -DDEBUG\=1 -emit-objc-header -emit-objc-header-path /Users/harishvishwakarma/Library/Developer/Xcode/DerivedData/Revolt-dharrjsambcimaaziudpvzjdcigm/Build/Intermediates.noindex/swift-syntax.build/Debug/SwiftSyntax.build/Objects-normal/arm64/SwiftSyntax-Swift.h -working-directory /Users/harishvishwakarma/Handy/Archem/pepchat-ios/Revolt.xcodeproj -experimental-emit-module-separately -disable-cmo

SwiftDriver PopupView normal arm64 com.apple.xcode.tools.swift.compiler (in target 'PopupView' from project 'PopupView')
    cd /Users/harishvishwakarma/Handy/Archem/pepchat-ios/Revolt.xcodeproj
    builtin-SwiftDriver -- /Applications/Xcode.app/Contents/Developer/Toolchains/XcodeDefault.xctoolchain/usr/bin/swiftc -module-name PopupView -Onone -enforce-exclusivity\=checked @/Users/harishvishwakarma/Library/Developer/Xcode/DerivedData/Revolt-dharrjsambcimaaziudpvzjdcigm/Build/Intermediates.noindex/PopupView.build/Debug-iphoneos/PopupView.build/Objects-normal/arm64/PopupView.SwiftFileList -DSWIFT_PACKAGE -DDEBUG -DXcode -plugin-path /Applications/Xcode.app/Contents/Developer/Toolchains/XcodeDefault.xctoolchain/usr/lib/swift/host/plugins/testing -enable-experimental-feature DebugDescriptionMacro -sdk /Applications/Xcode.app/Contents/Developer/Platforms/iPhoneOS.platform/Developer/SDKs/iPhoneOS18.5.sdk -target arm64-apple-ios15.0 -g -module-cache-path /Users/harishvishwakarma/Library/Developer/Xcode/DerivedData/ModuleCache.noindex -Xfrontend -serialize-debugging-options -enable-testing -suppress-warnings -index-store-path /Users/harishvishwakarma/Library/Developer/Xcode/DerivedData/Revolt-dharrjsambcimaaziudpvzjdcigm/Index.noindex/DataStore -swift-version 6 -I /Users/harishvishwakarma/Library/Developer/Xcode/DerivedData/Revolt-dharrjsambcimaaziudpvzjdcigm/Build/Products/Debug-iphoneos -I /Applications/Xcode.app/Contents/Developer/Platforms/iPhoneOS.platform/Developer/usr/lib -F /Users/harishvishwakarma/Library/Developer/Xcode/DerivedData/Revolt-dharrjsambcimaaziudpvzjdcigm/Build/Products/Debug-iphoneos/PackageFrameworks -F /Users/harishvishwakarma/Library/Developer/Xcode/DerivedData/Revolt-dharrjsambcimaaziudpvzjdcigm/Build/Products/Debug-iphoneos -F /Applications/Xcode.app/Contents/Developer/Platforms/iPhoneOS.platform/Developer/Library/Frameworks -F /Applications/Xcode.app/Contents/Developer/Platforms/iPhoneOS.platform/Developer/SDKs/iPhoneOS18.5.sdk/Developer/Library/Frameworks -c -j12 -enable-batch-mode -incremental -Xcc -ivfsstatcache -Xcc /Users/harishvishwakarma/Library/Developer/Xcode/DerivedData/SDKStatCaches.noindex/iphoneos18.5-22F76-7fa4eea80a99bbfdc046826b63ec4baf.sdkstatcache -output-file-map /Users/harishvishwakarma/Library/Developer/Xcode/DerivedData/Revolt-dharrjsambcimaaziudpvzjdcigm/Build/Intermediates.noindex/PopupView.build/Debug-iphoneos/PopupView.build/Objects-normal/arm64/PopupView-OutputFileMap.json -use-frontend-parseable-output -save-temps -no-color-diagnostics -serialize-diagnostics -emit-dependencies -emit-module -emit-module-path /Users/harishvishwakarma/Library/Developer/Xcode/DerivedData/Revolt-dharrjsambcimaaziudpvzjdcigm/Build/Intermediates.noindex/PopupView.build/Debug-iphoneos/PopupView.build/Objects-normal/arm64/PopupView.swiftmodule -user-module-version 3.1.4 -validate-clang-modules-once -clang-build-session-file /Users/harishvishwakarma/Library/Developer/Xcode/DerivedData/ModuleCache.noindex/Session.modulevalidation -package-name popupview -Xcc -I/Users/harishvishwakarma/Library/Developer/Xcode/DerivedData/Revolt-dharrjsambcimaaziudpvzjdcigm/Build/Intermediates.noindex/PopupView.build/Debug-iphoneos/PopupView.build/swift-overrides.hmap -emit-const-values -Xfrontend -const-gather-protocols-file -Xfrontend /Users/harishvishwakarma/Library/Developer/Xcode/DerivedData/Revolt-dharrjsambcimaaziudpvzjdcigm/Build/Intermediates.noindex/PopupView.build/Debug-iphoneos/PopupView.build/Objects-normal/arm64/PopupView_const_extract_protocols.json -Xcc -I/Users/harishvishwakarma/Library/Developer/Xcode/DerivedData/Revolt-dharrjsambcimaaziudpvzjdcigm/Build/Products/Debug-iphoneos/include -Xcc -I/Users/harishvishwakarma/Library/Developer/Xcode/DerivedData/Revolt-dharrjsambcimaaziudpvzjdcigm/Build/Intermediates.noindex/PopupView.build/Debug-iphoneos/PopupView.build/DerivedSources-normal/arm64 -Xcc -I/Users/harishvishwakarma/Library/Developer/Xcode/DerivedData/Revolt-dharrjsambcimaaziudpvzjdcigm/Build/Intermediates.noindex/PopupView.build/Debug-iphoneos/PopupView.build/DerivedSources/arm64 -Xcc -I/Users/harishvishwakarma/Library/Developer/Xcode/DerivedData/Revolt-dharrjsambcimaaziudpvzjdcigm/Build/Intermediates.noindex/PopupView.build/Debug-iphoneos/PopupView.build/DerivedSources -Xcc -DSWIFT_PACKAGE -Xcc -DDEBUG\=1 -emit-objc-header -emit-objc-header-path /Users/harishvishwakarma/Library/Developer/Xcode/DerivedData/Revolt-dharrjsambcimaaziudpvzjdcigm/Build/Intermediates.noindex/PopupView.build/Debug-iphoneos/PopupView.build/Objects-normal/arm64/PopupView-Swift.h -working-directory /Users/harishvishwakarma/Handy/Archem/pepchat-ios/Revolt.xcodeproj -experimental-emit-module-separately -disable-cmo

SwiftEmitModule normal arm64 Emitting\ module\ for\ XCTestDynamicOverlay (in target 'XCTestDynamicOverlay' from project 'xctest-dynamic-overlay')
EmitSwiftModule normal arm64 (in target 'XCTestDynamicOverlay' from project 'xctest-dynamic-overlay')
    cd /Users/harishvishwakarma/Handy/Archem/pepchat-ios/Revolt.xcodeproj
    

SwiftDriverJobDiscovery normal arm64 Compiling EventMonitor.swift, MultipartFormData.swift, MultipartUpload.swift (in target 'Alamofire' from project 'Alamofire')

SwiftDriver OrderedCollections normal arm64 com.apple.xcode.tools.swift.compiler (in target 'OrderedCollections' from project 'swift-collections')
    cd /Users/harishvishwakarma/Handy/Archem/pepchat-ios/Revolt.xcodeproj
    builtin-SwiftDriver -- /Applications/Xcode.app/Contents/Developer/Toolchains/XcodeDefault.xctoolchain/usr/bin/swiftc -module-name OrderedCollections -Onone -enforce-exclusivity\=checked @/Users/harishvishwakarma/Library/Developer/Xcode/DerivedData/Revolt-dharrjsambcimaaziudpvzjdcigm/Build/Intermediates.noindex/swift-collections.build/Debug-iphoneos/OrderedCollections.build/Objects-normal/arm64/OrderedCollections.SwiftFileList -DSWIFT_PACKAGE -DDEBUG -DCOLLECTIONS_RANDOMIZED_TESTING -DXcode -plugin-path /Applications/Xcode.app/Contents/Developer/Toolchains/XcodeDefault.xctoolchain/usr/lib/swift/host/plugins/testing -enable-experimental-feature DebugDescriptionMacro -sdk /Applications/Xcode.app/Contents/Developer/Platforms/iPhoneOS.platform/Developer/SDKs/iPhoneOS18.5.sdk -target arm64-apple-ios12.0 -g -module-cache-path /Users/harishvishwakarma/Library/Developer/Xcode/DerivedData/ModuleCache.noindex -Xfrontend -serialize-debugging-options -enable-testing -suppress-warnings -index-store-path /Users/harishvishwakarma/Library/Developer/Xcode/DerivedData/Revolt-dharrjsambcimaaziudpvzjdcigm/Index.noindex/DataStore -swift-version 5 -I /Users/harishvishwakarma/Library/Developer/Xcode/DerivedData/Revolt-dharrjsambcimaaziudpvzjdcigm/Build/Products/Debug-iphoneos -I /Applications/Xcode.app/Contents/Developer/Platforms/iPhoneOS.platform/Developer/usr/lib -F /Users/harishvishwakarma/Library/Developer/Xcode/DerivedData/Revolt-dharrjsambcimaaziudpvzjdcigm/Build/Products/Debug-iphoneos/PackageFrameworks -F /Users/harishvishwakarma/Library/Developer/Xcode/DerivedData/Revolt-dharrjsambcimaaziudpvzjdcigm/Build/Products/Debug-iphoneos -F /Applications/Xcode.app/Contents/Developer/Platforms/iPhoneOS.platform/Developer/Library/Frameworks -F /Applications/Xcode.app/Contents/Developer/Platforms/iPhoneOS.platform/Developer/SDKs/iPhoneOS18.5.sdk/Developer/Library/Frameworks -c -j12 -enable-batch-mode -incremental -Xcc -ivfsstatcache -Xcc /Users/harishvishwakarma/Library/Developer/Xcode/DerivedData/SDKStatCaches.noindex/iphoneos18.5-22F76-7fa4eea80a99bbfdc046826b63ec4baf.sdkstatcache -output-file-map /Users/harishvishwakarma/Library/Developer/Xcode/DerivedData/Revolt-dharrjsambcimaaziudpvzjdcigm/Build/Intermediates.noindex/swift-collections.build/Debug-iphoneos/OrderedCollections.build/Objects-normal/arm64/OrderedCollections-OutputFileMap.json -use-frontend-parseable-output -save-temps -no-color-diagnostics -serialize-diagnostics -emit-dependencies -emit-module -emit-module-path /Users/harishvishwakarma/Library/Developer/Xcode/DerivedData/Revolt-dharrjsambcimaaziudpvzjdcigm/Build/Intermediates.noindex/swift-collections.build/Debug-iphoneos/OrderedCollections.build/Objects-normal/arm64/OrderedCollections.swiftmodule -validate-clang-modules-once -clang-build-session-file /Users/harishvishwakarma/Library/Developer/Xcode/DerivedData/ModuleCache.noindex/Session.modulevalidation -Xcc -I/Users/harishvishwakarma/Library/Developer/Xcode/DerivedData/Revolt-dharrjsambcimaaziudpvzjdcigm/Build/Intermediates.noindex/swift-collections.build/Debug-iphoneos/OrderedCollections.build/swift-overrides.hmap -emit-const-values -Xfrontend -const-gather-protocols-file -Xfrontend /Users/harishvishwakarma/Library/Developer/Xcode/DerivedData/Revolt-dharrjsambcimaaziudpvzjdcigm/Build/Intermediates.noindex/swift-collections.build/Debug-iphoneos/OrderedCollections.build/Objects-normal/arm64/OrderedCollections_const_extract_protocols.json -Xcc -I/Users/harishvishwakarma/Library/Developer/Xcode/DerivedData/Revolt-dharrjsambcimaaziudpvzjdcigm/Build/Products/Debug-iphoneos/include -Xcc -I/Users/harishvishwakarma/Library/Developer/Xcode/DerivedData/Revolt-dharrjsambcimaaziudpvzjdcigm/Build/Intermediates.noindex/swift-collections.build/Debug-iphoneos/OrderedCollections.build/DerivedSources-normal/arm64 -Xcc -I/Users/harishvishwakarma/Library/Developer/Xcode/DerivedData/Revolt-dharrjsambcimaaziudpvzjdcigm/Build/Intermediates.noindex/swift-collections.build/Debug-iphoneos/OrderedCollections.build/DerivedSources/arm64 -Xcc -I/Users/harishvishwakarma/Library/Developer/Xcode/DerivedData/Revolt-dharrjsambcimaaziudpvzjdcigm/Build/Intermediates.noindex/swift-collections.build/Debug-iphoneos/OrderedCollections.build/DerivedSources -Xcc -DSWIFT_PACKAGE -Xcc -DDEBUG\=1 -emit-objc-header -emit-objc-header-path /Users/harishvishwakarma/Library/Developer/Xcode/DerivedData/Revolt-dharrjsambcimaaziudpvzjdcigm/Build/Intermediates.noindex/swift-collections.build/Debug-iphoneos/OrderedCollections.build/Objects-normal/arm64/OrderedCollections-Swift.h -working-directory /Users/harishvishwakarma/Handy/Archem/pepchat-ios/Revolt.xcodeproj -experimental-emit-module-separately -disable-cmo

SwiftDriver HeapModule normal arm64 com.apple.xcode.tools.swift.compiler (in target 'HeapModule' from project 'swift-collections')
    cd /Users/harishvishwakarma/Handy/Archem/pepchat-ios/Revolt.xcodeproj
    builtin-SwiftDriver -- /Applications/Xcode.app/Contents/Developer/Toolchains/XcodeDefault.xctoolchain/usr/bin/swiftc -module-name HeapModule -Onone -enforce-exclusivity\=checked @/Users/harishvishwakarma/Library/Developer/Xcode/DerivedData/Revolt-dharrjsambcimaaziudpvzjdcigm/Build/Intermediates.noindex/swift-collections.build/Debug-iphoneos/HeapModule.build/Objects-normal/arm64/HeapModule.SwiftFileList -DSWIFT_PACKAGE -DDEBUG -DCOLLECTIONS_RANDOMIZED_TESTING -DXcode -plugin-path /Applications/Xcode.app/Contents/Developer/Toolchains/XcodeDefault.xctoolchain/usr/lib/swift/host/plugins/testing -enable-experimental-feature DebugDescriptionMacro -sdk /Applications/Xcode.app/Contents/Developer/Platforms/iPhoneOS.platform/Developer/SDKs/iPhoneOS18.5.sdk -target arm64-apple-ios12.0 -g -module-cache-path /Users/harishvishwakarma/Library/Developer/Xcode/DerivedData/ModuleCache.noindex -Xfrontend -serialize-debugging-options -enable-testing -suppress-warnings -index-store-path /Users/harishvishwakarma/Library/Developer/Xcode/DerivedData/Revolt-dharrjsambcimaaziudpvzjdcigm/Index.noindex/DataStore -swift-version 5 -I /Users/harishvishwakarma/Library/Developer/Xcode/DerivedData/Revolt-dharrjsambcimaaziudpvzjdcigm/Build/Products/Debug-iphoneos -I /Applications/Xcode.app/Contents/Developer/Platforms/iPhoneOS.platform/Developer/usr/lib -F /Users/harishvishwakarma/Library/Developer/Xcode/DerivedData/Revolt-dharrjsambcimaaziudpvzjdcigm/Build/Products/Debug-iphoneos/PackageFrameworks -F /Users/harishvishwakarma/Library/Developer/Xcode/DerivedData/Revolt-dharrjsambcimaaziudpvzjdcigm/Build/Products/Debug-iphoneos -F /Applications/Xcode.app/Contents/Developer/Platforms/iPhoneOS.platform/Developer/Library/Frameworks -F /Applications/Xcode.app/Contents/Developer/Platforms/iPhoneOS.platform/Developer/SDKs/iPhoneOS18.5.sdk/Developer/Library/Frameworks -c -j12 -enable-batch-mode -incremental -Xcc -ivfsstatcache -Xcc /Users/harishvishwakarma/Library/Developer/Xcode/DerivedData/SDKStatCaches.noindex/iphoneos18.5-22F76-7fa4eea80a99bbfdc046826b63ec4baf.sdkstatcache -output-file-map /Users/harishvishwakarma/Library/Developer/Xcode/DerivedData/Revolt-dharrjsambcimaaziudpvzjdcigm/Build/Intermediates.noindex/swift-collections.build/Debug-iphoneos/HeapModule.build/Objects-normal/arm64/HeapModule-OutputFileMap.json -use-frontend-parseable-output -save-temps -no-color-diagnostics -serialize-diagnostics -emit-dependencies -emit-module -emit-module-path /Users/harishvishwakarma/Library/Developer/Xcode/DerivedData/Revolt-dharrjsambcimaaziudpvzjdcigm/Build/Intermediates.noindex/swift-collections.build/Debug-iphoneos/HeapModule.build/Objects-normal/arm64/HeapModule.swiftmodule -validate-clang-modules-once -clang-build-session-file /Users/harishvishwakarma/Library/Developer/Xcode/DerivedData/ModuleCache.noindex/Session.modulevalidation -Xcc -I/Users/harishvishwakarma/Library/Developer/Xcode/DerivedData/Revolt-dharrjsambcimaaziudpvzjdcigm/Build/Intermediates.noindex/swift-collections.build/Debug-iphoneos/HeapModule.build/swift-overrides.hmap -emit-const-values -Xfrontend -const-gather-protocols-file -Xfrontend /Users/harishvishwakarma/Library/Developer/Xcode/DerivedData/Revolt-dharrjsambcimaaziudpvzjdcigm/Build/Intermediates.noindex/swift-collections.build/Debug-iphoneos/HeapModule.build/Objects-normal/arm64/HeapModule_const_extract_protocols.json -Xcc -I/Users/harishvishwakarma/Library/Developer/Xcode/DerivedData/Revolt-dharrjsambcimaaziudpvzjdcigm/Build/Products/Debug-iphoneos/include -Xcc -I/Users/harishvishwakarma/Library/Developer/Xcode/DerivedData/Revolt-dharrjsambcimaaziudpvzjdcigm/Build/Intermediates.noindex/swift-collections.build/Debug-iphoneos/HeapModule.build/DerivedSources-normal/arm64 -Xcc -I/Users/harishvishwakarma/Library/Developer/Xcode/DerivedData/Revolt-dharrjsambcimaaziudpvzjdcigm/Build/Intermediates.noindex/swift-collections.build/Debug-iphoneos/HeapModule.build/DerivedSources/arm64 -Xcc -I/Users/harishvishwakarma/Library/Developer/Xcode/DerivedData/Revolt-dharrjsambcimaaziudpvzjdcigm/Build/Intermediates.noindex/swift-collections.build/Debug-iphoneos/HeapModule.build/DerivedSources -Xcc -DSWIFT_PACKAGE -Xcc -DDEBUG\=1 -emit-objc-header -emit-objc-header-path /Users/harishvishwakarma/Library/Developer/Xcode/DerivedData/Revolt-dharrjsambcimaaziudpvzjdcigm/Build/Intermediates.noindex/swift-collections.build/Debug-iphoneos/HeapModule.build/Objects-normal/arm64/HeapModule-Swift.h -working-directory /Users/harishvishwakarma/Handy/Archem/pepchat-ios/Revolt.xcodeproj -experimental-emit-module-separately -disable-cmo

SwiftDriver HashTreeCollections normal arm64 com.apple.xcode.tools.swift.compiler (in target 'HashTreeCollections' from project 'swift-collections')
    cd /Users/harishvishwakarma/Handy/Archem/pepchat-ios/Revolt.xcodeproj
    builtin-SwiftDriver -- /Applications/Xcode.app/Contents/Developer/Toolchains/XcodeDefault.xctoolchain/usr/bin/swiftc -module-name HashTreeCollections -Onone -enforce-exclusivity\=checked @/Users/harishvishwakarma/Library/Developer/Xcode/DerivedData/Revolt-dharrjsambcimaaziudpvzjdcigm/Build/Intermediates.noindex/swift-collections.build/Debug-iphoneos/HashTreeCollections.build/Objects-normal/arm64/HashTreeCollections.SwiftFileList -DSWIFT_PACKAGE -DDEBUG -DCOLLECTIONS_RANDOMIZED_TESTING -DXcode -plugin-path /Applications/Xcode.app/Contents/Developer/Toolchains/XcodeDefault.xctoolchain/usr/lib/swift/host/plugins/testing -enable-experimental-feature DebugDescriptionMacro -sdk /Applications/Xcode.app/Contents/Developer/Platforms/iPhoneOS.platform/Developer/SDKs/iPhoneOS18.5.sdk -target arm64-apple-ios12.0 -g -module-cache-path /Users/harishvishwakarma/Library/Developer/Xcode/DerivedData/ModuleCache.noindex -Xfrontend -serialize-debugging-options -enable-testing -suppress-warnings -index-store-path /Users/harishvishwakarma/Library/Developer/Xcode/DerivedData/Revolt-dharrjsambcimaaziudpvzjdcigm/Index.noindex/DataStore -swift-version 5 -I /Users/harishvishwakarma/Library/Developer/Xcode/DerivedData/Revolt-dharrjsambcimaaziudpvzjdcigm/Build/Products/Debug-iphoneos -I /Applications/Xcode.app/Contents/Developer/Platforms/iPhoneOS.platform/Developer/usr/lib -F /Users/harishvishwakarma/Library/Developer/Xcode/DerivedData/Revolt-dharrjsambcimaaziudpvzjdcigm/Build/Products/Debug-iphoneos/PackageFrameworks -F /Users/harishvishwakarma/Library/Developer/Xcode/DerivedData/Revolt-dharrjsambcimaaziudpvzjdcigm/Build/Products/Debug-iphoneos -F /Applications/Xcode.app/Contents/Developer/Platforms/iPhoneOS.platform/Developer/Library/Frameworks -F /Applications/Xcode.app/Contents/Developer/Platforms/iPhoneOS.platform/Developer/SDKs/iPhoneOS18.5.sdk/Developer/Library/Frameworks -c -j12 -enable-batch-mode -incremental -Xcc -ivfsstatcache -Xcc /Users/harishvishwakarma/Library/Developer/Xcode/DerivedData/SDKStatCaches.noindex/iphoneos18.5-22F76-7fa4eea80a99bbfdc046826b63ec4baf.sdkstatcache -output-file-map /Users/harishvishwakarma/Library/Developer/Xcode/DerivedData/Revolt-dharrjsambcimaaziudpvzjdcigm/Build/Intermediates.noindex/swift-collections.build/Debug-iphoneos/HashTreeCollections.build/Objects-normal/arm64/HashTreeCollections-OutputFileMap.json -use-frontend-parseable-output -save-temps -no-color-diagnostics -serialize-diagnostics -emit-dependencies -emit-module -emit-module-path /Users/harishvishwakarma/Library/Developer/Xcode/DerivedData/Revolt-dharrjsambcimaaziudpvzjdcigm/Build/Intermediates.noindex/swift-collections.build/Debug-iphoneos/HashTreeCollections.build/Objects-normal/arm64/HashTreeCollections.swiftmodule -validate-clang-modules-once -clang-build-session-file /Users/harishvishwakarma/Library/Developer/Xcode/DerivedData/ModuleCache.noindex/Session.modulevalidation -Xcc -I/Users/harishvishwakarma/Library/Developer/Xcode/DerivedData/Revolt-dharrjsambcimaaziudpvzjdcigm/Build/Intermediates.noindex/swift-collections.build/Debug-iphoneos/HashTreeCollections.build/swift-overrides.hmap -emit-const-values -Xfrontend -const-gather-protocols-file -Xfrontend /Users/harishvishwakarma/Library/Developer/Xcode/DerivedData/Revolt-dharrjsambcimaaziudpvzjdcigm/Build/Intermediates.noindex/swift-collections.build/Debug-iphoneos/HashTreeCollections.build/Objects-normal/arm64/HashTreeCollections_const_extract_protocols.json -Xcc -I/Users/harishvishwakarma/Library/Developer/Xcode/DerivedData/Revolt-dharrjsambcimaaziudpvzjdcigm/Build/Products/Debug-iphoneos/include -Xcc -I/Users/harishvishwakarma/Library/Developer/Xcode/DerivedData/Revolt-dharrjsambcimaaziudpvzjdcigm/Build/Intermediates.noindex/swift-collections.build/Debug-iphoneos/HashTreeCollections.build/DerivedSources-normal/arm64 -Xcc -I/Users/harishvishwakarma/Library/Developer/Xcode/DerivedData/Revolt-dharrjsambcimaaziudpvzjdcigm/Build/Intermediates.noindex/swift-collections.build/Debug-iphoneos/HashTreeCollections.build/DerivedSources/arm64 -Xcc -I/Users/harishvishwakarma/Library/Developer/Xcode/DerivedData/Revolt-dharrjsambcimaaziudpvzjdcigm/Build/Intermediates.noindex/swift-collections.build/Debug-iphoneos/HashTreeCollections.build/DerivedSources -Xcc -DSWIFT_PACKAGE -Xcc -DDEBUG\=1 -emit-objc-header -emit-objc-header-path /Users/harishvishwakarma/Library/Developer/Xcode/DerivedData/Revolt-dharrjsambcimaaziudpvzjdcigm/Build/Intermediates.noindex/swift-collections.build/Debug-iphoneos/HashTreeCollections.build/Objects-normal/arm64/HashTreeCollections-Swift.h -working-directory /Users/harishvishwakarma/Handy/Archem/pepchat-ios/Revolt.xcodeproj -experimental-emit-module-separately -disable-cmo

SwiftDriver HCaptcha_RxSwift normal arm64 com.apple.xcode.tools.swift.compiler (in target 'HCaptcha_RxSwift' from project 'HCaptcha')
    cd /Users/harishvishwakarma/Handy/Archem/pepchat-ios/Revolt.xcodeproj
    builtin-SwiftDriver -- /Applications/Xcode.app/Contents/Developer/Toolchains/XcodeDefault.xctoolchain/usr/bin/swiftc -module-name HCaptcha_RxSwift -Onone -enforce-exclusivity\=checked @/Users/harishvishwakarma/Library/Developer/Xcode/DerivedData/Revolt-dharrjsambcimaaziudpvzjdcigm/Build/Intermediates.noindex/HCaptcha.build/Debug-iphoneos/HCaptcha_RxSwift.build/Objects-normal/arm64/HCaptcha_RxSwift.SwiftFileList -DSWIFT_PACKAGE -DDEBUG -DXcode -plugin-path /Applications/Xcode.app/Contents/Developer/Toolchains/XcodeDefault.xctoolchain/usr/lib/swift/host/plugins/testing -enable-experimental-feature DebugDescriptionMacro -sdk /Applications/Xcode.app/Contents/Developer/Platforms/iPhoneOS.platform/Developer/SDKs/iPhoneOS18.5.sdk -target arm64-apple-ios12.0 -g -module-cache-path /Users/harishvishwakarma/Library/Developer/Xcode/DerivedData/ModuleCache.noindex -Xfrontend -serialize-debugging-options -enable-testing -suppress-warnings -index-store-path /Users/harishvishwakarma/Library/Developer/Xcode/DerivedData/Revolt-dharrjsambcimaaziudpvzjdcigm/Index.noindex/DataStore -swift-version 5 -I /Users/harishvishwakarma/Library/Developer/Xcode/DerivedData/Revolt-dharrjsambcimaaziudpvzjdcigm/Build/Products/Debug-iphoneos -I /Applications/Xcode.app/Contents/Developer/Platforms/iPhoneOS.platform/Developer/usr/lib -F /Users/harishvishwakarma/Library/Developer/Xcode/DerivedData/Revolt-dharrjsambcimaaziudpvzjdcigm/Build/Products/Debug-iphoneos/PackageFrameworks -F /Users/harishvishwakarma/Library/Developer/Xcode/DerivedData/Revolt-dharrjsambcimaaziudpvzjdcigm/Build/Products/Debug-iphoneos/PackageFrameworks -F /Users/harishvishwakarma/Library/Developer/Xcode/DerivedData/Revolt-dharrjsambcimaaziudpvzjdcigm/Build/Products/Debug-iphoneos -F /Applications/Xcode.app/Contents/Developer/Platforms/iPhoneOS.platform/Developer/Library/Frameworks -F /Applications/Xcode.app/Contents/Developer/Platforms/iPhoneOS.platform/Developer/SDKs/iPhoneOS18.5.sdk/Developer/Library/Frameworks -parse-as-library -c -j12 -enable-batch-mode -incremental -Xcc -ivfsstatcache -Xcc /Users/harishvishwakarma/Library/Developer/Xcode/DerivedData/SDKStatCaches.noindex/iphoneos18.5-22F76-7fa4eea80a99bbfdc046826b63ec4baf.sdkstatcache -output-file-map /Users/harishvishwakarma/Library/Developer/Xcode/DerivedData/Revolt-dharrjsambcimaaziudpvzjdcigm/Build/Intermediates.noindex/HCaptcha.build/Debug-iphoneos/HCaptcha_RxSwift.build/Objects-normal/arm64/HCaptcha_RxSwift-OutputFileMap.json -use-frontend-parseable-output -save-temps -no-color-diagnostics -serialize-diagnostics -emit-dependencies -emit-module -emit-module-path /Users/harishvishwakarma/Library/Developer/Xcode/DerivedData/Revolt-dharrjsambcimaaziudpvzjdcigm/Build/Intermediates.noindex/HCaptcha.build/Debug-iphoneos/HCaptcha_RxSwift.build/Objects-normal/arm64/HCaptcha_RxSwift.swiftmodule -validate-clang-modules-once -clang-build-session-file /Users/harishvishwakarma/Library/Developer/Xcode/DerivedData/ModuleCache.noindex/Session.modulevalidation -Xcc -I/Users/harishvishwakarma/Library/Developer/Xcode/DerivedData/Revolt-dharrjsambcimaaziudpvzjdcigm/Build/Intermediates.noindex/HCaptcha.build/Debug-iphoneos/HCaptcha_RxSwift.build/swift-overrides.hmap -emit-const-values -Xfrontend -const-gather-protocols-file -Xfrontend /Users/harishvishwakarma/Library/Developer/Xcode/DerivedData/Revolt-dharrjsambcimaaziudpvzjdcigm/Build/Intermediates.noindex/HCaptcha.build/Debug-iphoneos/HCaptcha_RxSwift.build/Objects-normal/arm64/HCaptcha_RxSwift_const_extract_protocols.json -Xcc -I/Users/harishvishwakarma/Library/Developer/Xcode/DerivedData/Revolt-dharrjsambcimaaziudpvzjdcigm/Build/Products/Debug-iphoneos/include -Xcc -I/Users/harishvishwakarma/Library/Developer/Xcode/DerivedData/Revolt-dharrjsambcimaaziudpvzjdcigm/Build/Intermediates.noindex/HCaptcha.build/Debug-iphoneos/HCaptcha_RxSwift.build/DerivedSources-normal/arm64 -Xcc -I/Users/harishvishwakarma/Library/Developer/Xcode/DerivedData/Revolt-dharrjsambcimaaziudpvzjdcigm/Build/Intermediates.noindex/HCaptcha.build/Debug-iphoneos/HCaptcha_RxSwift.build/DerivedSources/arm64 -Xcc -I/Users/harishvishwakarma/Library/Developer/Xcode/DerivedData/Revolt-dharrjsambcimaaziudpvzjdcigm/Build/Intermediates.noindex/HCaptcha.build/Debug-iphoneos/HCaptcha_RxSwift.build/DerivedSources -Xcc -DSWIFT_PACKAGE -Xcc -DDEBUG\=1 -emit-objc-header -emit-objc-header-path /Users/harishvishwakarma/Library/Developer/Xcode/DerivedData/Revolt-dharrjsambcimaaziudpvzjdcigm/Build/Intermediates.noindex/HCaptcha.build/Debug-iphoneos/HCaptcha_RxSwift.build/Objects-normal/arm64/HCaptcha_RxSwift-Swift.h -working-directory /Users/harishvishwakarma/Handy/Archem/pepchat-ios/Revolt.xcodeproj -experimental-emit-module-separately -disable-cmo

SwiftDriver DequeModule normal arm64 com.apple.xcode.tools.swift.compiler (in target 'DequeModule' from project 'swift-collections')
    cd /Users/harishvishwakarma/Handy/Archem/pepchat-ios/Revolt.xcodeproj
    builtin-SwiftDriver -- /Applications/Xcode.app/Contents/Developer/Toolchains/XcodeDefault.xctoolchain/usr/bin/swiftc -module-name DequeModule -Onone -enforce-exclusivity\=checked @/Users/harishvishwakarma/Library/Developer/Xcode/DerivedData/Revolt-dharrjsambcimaaziudpvzjdcigm/Build/Intermediates.noindex/swift-collections.build/Debug-iphoneos/DequeModule.build/Objects-normal/arm64/DequeModule.SwiftFileList -DSWIFT_PACKAGE -DDEBUG -DCOLLECTIONS_RANDOMIZED_TESTING -DXcode -plugin-path /Applications/Xcode.app/Contents/Developer/Toolchains/XcodeDefault.xctoolchain/usr/lib/swift/host/plugins/testing -enable-experimental-feature DebugDescriptionMacro -sdk /Applications/Xcode.app/Contents/Developer/Platforms/iPhoneOS.platform/Developer/SDKs/iPhoneOS18.5.sdk -target arm64-apple-ios12.0 -g -module-cache-path /Users/harishvishwakarma/Library/Developer/Xcode/DerivedData/ModuleCache.noindex -Xfrontend -serialize-debugging-options -enable-testing -suppress-warnings -index-store-path /Users/harishvishwakarma/Library/Developer/Xcode/DerivedData/Revolt-dharrjsambcimaaziudpvzjdcigm/Index.noindex/DataStore -swift-version 5 -I /Users/harishvishwakarma/Library/Developer/Xcode/DerivedData/Revolt-dharrjsambcimaaziudpvzjdcigm/Build/Products/Debug-iphoneos -I /Applications/Xcode.app/Contents/Developer/Platforms/iPhoneOS.platform/Developer/usr/lib -F /Users/harishvishwakarma/Library/Developer/Xcode/DerivedData/Revolt-dharrjsambcimaaziudpvzjdcigm/Build/Products/Debug-iphoneos/PackageFrameworks -F /Users/harishvishwakarma/Library/Developer/Xcode/DerivedData/Revolt-dharrjsambcimaaziudpvzjdcigm/Build/Products/Debug-iphoneos -F /Applications/Xcode.app/Contents/Developer/Platforms/iPhoneOS.platform/Developer/Library/Frameworks -F /Applications/Xcode.app/Contents/Developer/Platforms/iPhoneOS.platform/Developer/SDKs/iPhoneOS18.5.sdk/Developer/Library/Frameworks -c -j12 -enable-batch-mode -incremental -Xcc -ivfsstatcache -Xcc /Users/harishvishwakarma/Library/Developer/Xcode/DerivedData/SDKStatCaches.noindex/iphoneos18.5-22F76-7fa4eea80a99bbfdc046826b63ec4baf.sdkstatcache -output-file-map /Users/harishvishwakarma/Library/Developer/Xcode/DerivedData/Revolt-dharrjsambcimaaziudpvzjdcigm/Build/Intermediates.noindex/swift-collections.build/Debug-iphoneos/DequeModule.build/Objects-normal/arm64/DequeModule-OutputFileMap.json -use-frontend-parseable-output -save-temps -no-color-diagnostics -serialize-diagnostics -emit-dependencies -emit-module -emit-module-path /Users/harishvishwakarma/Library/Developer/Xcode/DerivedData/Revolt-dharrjsambcimaaziudpvzjdcigm/Build/Intermediates.noindex/swift-collections.build/Debug-iphoneos/DequeModule.build/Objects-normal/arm64/DequeModule.swiftmodule -validate-clang-modules-once -clang-build-session-file /Users/harishvishwakarma/Library/Developer/Xcode/DerivedData/ModuleCache.noindex/Session.modulevalidation -Xcc -I/Users/harishvishwakarma/Library/Developer/Xcode/DerivedData/Revolt-dharrjsambcimaaziudpvzjdcigm/Build/Intermediates.noindex/swift-collections.build/Debug-iphoneos/DequeModule.build/swift-overrides.hmap -emit-const-values -Xfrontend -const-gather-protocols-file -Xfrontend /Users/harishvishwakarma/Library/Developer/Xcode/DerivedData/Revolt-dharrjsambcimaaziudpvzjdcigm/Build/Intermediates.noindex/swift-collections.build/Debug-iphoneos/DequeModule.build/Objects-normal/arm64/DequeModule_const_extract_protocols.json -Xcc -I/Users/harishvishwakarma/Library/Developer/Xcode/DerivedData/Revolt-dharrjsambcimaaziudpvzjdcigm/Build/Products/Debug-iphoneos/include -Xcc -I/Users/harishvishwakarma/Library/Developer/Xcode/DerivedData/Revolt-dharrjsambcimaaziudpvzjdcigm/Build/Intermediates.noindex/swift-collections.build/Debug-iphoneos/DequeModule.build/DerivedSources-normal/arm64 -Xcc -I/Users/harishvishwakarma/Library/Developer/Xcode/DerivedData/Revolt-dharrjsambcimaaziudpvzjdcigm/Build/Intermediates.noindex/swift-collections.build/Debug-iphoneos/DequeModule.build/DerivedSources/arm64 -Xcc -I/Users/harishvishwakarma/Library/Developer/Xcode/DerivedData/Revolt-dharrjsambcimaaziudpvzjdcigm/Build/Intermediates.noindex/swift-collections.build/Debug-iphoneos/DequeModule.build/DerivedSources -Xcc -DSWIFT_PACKAGE -Xcc -DDEBUG\=1 -emit-objc-header -emit-objc-header-path /Users/harishvishwakarma/Library/Developer/Xcode/DerivedData/Revolt-dharrjsambcimaaziudpvzjdcigm/Build/Intermediates.noindex/swift-collections.build/Debug-iphoneos/DequeModule.build/Objects-normal/arm64/DequeModule-Swift.h -working-directory /Users/harishvishwakarma/Handy/Archem/pepchat-ios/Revolt.xcodeproj -experimental-emit-module-separately -disable-cmo

SwiftEmitModule normal arm64 Emitting\ module\ for\ PopupView (in target 'PopupView' from project 'PopupView')
EmitSwiftModule normal arm64 (in target 'PopupView' from project 'PopupView')
    cd /Users/harishvishwakarma/Handy/Archem/pepchat-ios/Revolt.xcodeproj
    

SwiftEmitModule normal arm64 Emitting\ module\ for\ HCaptcha_RxSwift (in target 'HCaptcha_RxSwift' from project 'HCaptcha')

SwiftCompile normal arm64 /Users/harishvishwakarma/Library/Developer/Xcode/DerivedData/Revolt-dharrjsambcimaaziudpvzjdcigm/SourcePackages/checkouts/HCaptcha-ios-sdk/HCaptcha/Classes/Rx/HCaptcha+Rx.swift (in target 'HCaptcha_RxSwift' from project 'HCaptcha')
    cd /Users/harishvishwakarma/Handy/Archem/pepchat-ios/Revolt.xcodeproj
    

SwiftEmitModule normal arm64 Emitting\ module\ for\ HeapModule (in target 'HeapModule' from project 'swift-collections')

EmitSwiftModule normal arm64 (in target 'HeapModule' from project 'swift-collections')
    cd /Users/harishvishwakarma/Handy/Archem/pepchat-ios/Revolt.xcodeproj
    

SwiftDriverJobDiscovery normal arm64 Compiling DataStreamRequest.swift, DownloadRequest.swift, HTTPHeaders.swift, HTTPMethod.swift (in target 'Alamofire' from project 'Alamofire')

SwiftDriver BitCollections normal arm64 com.apple.xcode.tools.swift.compiler (in target 'BitCollections' from project 'swift-collections')
    cd /Users/harishvishwakarma/Handy/Archem/pepchat-ios/Revolt.xcodeproj
    builtin-SwiftDriver -- /Applications/Xcode.app/Contents/Developer/Toolchains/XcodeDefault.xctoolchain/usr/bin/swiftc -module-name BitCollections -Onone -enforce-exclusivity\=checked @/Users/harishvishwakarma/Library/Developer/Xcode/DerivedData/Revolt-dharrjsambcimaaziudpvzjdcigm/Build/Intermediates.noindex/swift-collections.build/Debug-iphoneos/BitCollections.build/Objects-normal/arm64/BitCollections.SwiftFileList -DSWIFT_PACKAGE -DDEBUG -DCOLLECTIONS_RANDOMIZED_TESTING -DXcode -plugin-path /Applications/Xcode.app/Contents/Developer/Toolchains/XcodeDefault.xctoolchain/usr/lib/swift/host/plugins/testing -enable-experimental-feature DebugDescriptionMacro -sdk /Applications/Xcode.app/Contents/Developer/Platforms/iPhoneOS.platform/Developer/SDKs/iPhoneOS18.5.sdk -target arm64-apple-ios12.0 -g -module-cache-path /Users/harishvishwakarma/Library/Developer/Xcode/DerivedData/ModuleCache.noindex -Xfrontend -serialize-debugging-options -enable-testing -suppress-warnings -index-store-path /Users/harishvishwakarma/Library/Developer/Xcode/DerivedData/Revolt-dharrjsambcimaaziudpvzjdcigm/Index.noindex/DataStore -swift-version 5 -I /Users/harishvishwakarma/Library/Developer/Xcode/DerivedData/Revolt-dharrjsambcimaaziudpvzjdcigm/Build/Products/Debug-iphoneos -I /Applications/Xcode.app/Contents/Developer/Platforms/iPhoneOS.platform/Developer/usr/lib -F /Users/harishvishwakarma/Library/Developer/Xcode/DerivedData/Revolt-dharrjsambcimaaziudpvzjdcigm/Build/Products/Debug-iphoneos/PackageFrameworks -F /Users/harishvishwakarma/Library/Developer/Xcode/DerivedData/Revolt-dharrjsambcimaaziudpvzjdcigm/Build/Products/Debug-iphoneos -F /Applications/Xcode.app/Contents/Developer/Platforms/iPhoneOS.platform/Developer/Library/Frameworks -F /Applications/Xcode.app/Contents/Developer/Platforms/iPhoneOS.platform/Developer/SDKs/iPhoneOS18.5.sdk/Developer/Library/Frameworks -c -j12 -enable-batch-mode -incremental -Xcc -ivfsstatcache -Xcc /Users/harishvishwakarma/Library/Developer/Xcode/DerivedData/SDKStatCaches.noindex/iphoneos18.5-22F76-7fa4eea80a99bbfdc046826b63ec4baf.sdkstatcache -output-file-map /Users/harishvishwakarma/Library/Developer/Xcode/DerivedData/Revolt-dharrjsambcimaaziudpvzjdcigm/Build/Intermediates.noindex/swift-collections.build/Debug-iphoneos/BitCollections.build/Objects-normal/arm64/BitCollections-OutputFileMap.json -use-frontend-parseable-output -save-temps -no-color-diagnostics -serialize-diagnostics -emit-dependencies -emit-module -emit-module-path /Users/harishvishwakarma/Library/Developer/Xcode/DerivedData/Revolt-dharrjsambcimaaziudpvzjdcigm/Build/Intermediates.noindex/swift-collections.build/Debug-iphoneos/BitCollections.build/Objects-normal/arm64/BitCollections.swiftmodule -validate-clang-modules-once -clang-build-session-file /Users/harishvishwakarma/Library/Developer/Xcode/DerivedData/ModuleCache.noindex/Session.modulevalidation -Xcc -I/Users/harishvishwakarma/Library/Developer/Xcode/DerivedData/Revolt-dharrjsambcimaaziudpvzjdcigm/Build/Intermediates.noindex/swift-collections.build/Debug-iphoneos/BitCollections.build/swift-overrides.hmap -emit-const-values -Xfrontend -const-gather-protocols-file -Xfrontend /Users/harishvishwakarma/Library/Developer/Xcode/DerivedData/Revolt-dharrjsambcimaaziudpvzjdcigm/Build/Intermediates.noindex/swift-collections.build/Debug-iphoneos/BitCollections.build/Objects-normal/arm64/BitCollections_const_extract_protocols.json -Xcc -I/Users/harishvishwakarma/Library/Developer/Xcode/DerivedData/Revolt-dharrjsambcimaaziudpvzjdcigm/Build/Products/Debug-iphoneos/include -Xcc -I/Users/harishvishwakarma/Library/Developer/Xcode/DerivedData/Revolt-dharrjsambcimaaziudpvzjdcigm/Build/Intermediates.noindex/swift-collections.build/Debug-iphoneos/BitCollections.build/DerivedSources-normal/arm64 -Xcc -I/Users/harishvishwakarma/Library/Developer/Xcode/DerivedData/Revolt-dharrjsambcimaaziudpvzjdcigm/Build/Intermediates.noindex/swift-collections.build/Debug-iphoneos/BitCollections.build/DerivedSources/arm64 -Xcc -I/Users/harishvishwakarma/Library/Developer/Xcode/DerivedData/Revolt-dharrjsambcimaaziudpvzjdcigm/Build/Intermediates.noindex/swift-collections.build/Debug-iphoneos/BitCollections.build/DerivedSources -Xcc -DSWIFT_PACKAGE -Xcc -DDEBUG\=1 -emit-objc-header -emit-objc-header-path /Users/harishvishwakarma/Library/Developer/Xcode/DerivedData/Revolt-dharrjsambcimaaziudpvzjdcigm/Build/Intermediates.noindex/swift-collections.build/Debug-iphoneos/BitCollections.build/Objects-normal/arm64/BitCollections-Swift.h -working-directory /Users/harishvishwakarma/Handy/Archem/pepchat-ios/Revolt.xcodeproj -experimental-emit-module-separately -disable-cmo

SwiftEmitModule normal arm64 Emitting\ module\ for\ DequeModule (in target 'DequeModule' from project 'swift-collections')
EmitSwiftModule normal arm64 (in target 'DequeModule' from project 'swift-collections')
    cd /Users/harishvishwakarma/Handy/Archem/pepchat-ios/Revolt.xcodeproj
    

SwiftDriverJobDiscovery normal arm64 Compiling Request.swift, RequestTaskMap.swift, Response.swift, Session.swift (in target 'Alamofire' from project 'Alamofire')

SwiftDriver AtomicTransition normal arm64 com.apple.xcode.tools.swift.compiler (in target 'AtomicTransition' from project 'swiftui-navigation-transitions')
    cd /Users/harishvishwakarma/Handy/Archem/pepchat-ios/Revolt.xcodeproj
    builtin-SwiftDriver -- /Applications/Xcode.app/Contents/Developer/Toolchains/XcodeDefault.xctoolchain/usr/bin/swiftc -module-name AtomicTransition -Onone -enforce-exclusivity\=checked @/Users/harishvishwakarma/Library/Developer/Xcode/DerivedData/Revolt-dharrjsambcimaaziudpvzjdcigm/Build/Intermediates.noindex/swiftui-navigation-transitions.build/Debug-iphoneos/AtomicTransition.build/Objects-normal/arm64/AtomicTransition.SwiftFileList -DSWIFT_PACKAGE -DDEBUG -DXcode -plugin-path /Applications/Xcode.app/Contents/Developer/Toolchains/XcodeDefault.xctoolchain/usr/lib/swift/host/plugins/testing -enable-experimental-feature DebugDescriptionMacro -sdk /Applications/Xcode.app/Contents/Developer/Platforms/iPhoneOS.platform/Developer/SDKs/iPhoneOS18.5.sdk -target arm64-apple-ios13.0 -g -module-cache-path /Users/harishvishwakarma/Library/Developer/Xcode/DerivedData/ModuleCache.noindex -Xfrontend -serialize-debugging-options -enable-testing -suppress-warnings -index-store-path /Users/harishvishwakarma/Library/Developer/Xcode/DerivedData/Revolt-dharrjsambcimaaziudpvzjdcigm/Index.noindex/DataStore -swift-version 5 -I /Users/harishvishwakarma/Library/Developer/Xcode/DerivedData/Revolt-dharrjsambcimaaziudpvzjdcigm/Build/Products/Debug-iphoneos -I /Applications/Xcode.app/Contents/Developer/Platforms/iPhoneOS.platform/Developer/usr/lib -F /Users/harishvishwakarma/Library/Developer/Xcode/DerivedData/Revolt-dharrjsambcimaaziudpvzjdcigm/Build/Products/Debug-iphoneos/PackageFrameworks -F /Users/harishvishwakarma/Library/Developer/Xcode/DerivedData/Revolt-dharrjsambcimaaziudpvzjdcigm/Build/Products/Debug-iphoneos -F /Applications/Xcode.app/Contents/Developer/Platforms/iPhoneOS.platform/Developer/Library/Frameworks -F /Applications/Xcode.app/Contents/Developer/Platforms/iPhoneOS.platform/Developer/SDKs/iPhoneOS18.5.sdk/Developer/Library/Frameworks -c -j12 -enable-batch-mode -incremental -Xcc -ivfsstatcache -Xcc /Users/harishvishwakarma/Library/Developer/Xcode/DerivedData/SDKStatCaches.noindex/iphoneos18.5-22F76-7fa4eea80a99bbfdc046826b63ec4baf.sdkstatcache -output-file-map /Users/harishvishwakarma/Library/Developer/Xcode/DerivedData/Revolt-dharrjsambcimaaziudpvzjdcigm/Build/Intermediates.noindex/swiftui-navigation-transitions.build/Debug-iphoneos/AtomicTransition.build/Objects-normal/arm64/AtomicTransition-OutputFileMap.json -use-frontend-parseable-output -save-temps -no-color-diagnostics -serialize-diagnostics -emit-dependencies -emit-module -emit-module-path /Users/harishvishwakarma/Library/Developer/Xcode/DerivedData/Revolt-dharrjsambcimaaziudpvzjdcigm/Build/Intermediates.noindex/swiftui-navigation-transitions.build/Debug-iphoneos/AtomicTransition.build/Objects-normal/arm64/AtomicTransition.swiftmodule -validate-clang-modules-once -clang-build-session-file /Users/harishvishwakarma/Library/Developer/Xcode/DerivedData/ModuleCache.noindex/Session.modulevalidation -package-name swiftui_navigation_transitions -Xcc -I/Users/harishvishwakarma/Library/Developer/Xcode/DerivedData/Revolt-dharrjsambcimaaziudpvzjdcigm/Build/Intermediates.noindex/swiftui-navigation-transitions.build/Debug-iphoneos/AtomicTransition.build/swift-overrides.hmap -emit-const-values -Xfrontend -const-gather-protocols-file -Xfrontend /Users/harishvishwakarma/Library/Developer/Xcode/DerivedData/Revolt-dharrjsambcimaaziudpvzjdcigm/Build/Intermediates.noindex/swiftui-navigation-transitions.build/Debug-iphoneos/AtomicTransition.build/Objects-normal/arm64/AtomicTransition_const_extract_protocols.json -Xcc -I/Users/harishvishwakarma/Library/Developer/Xcode/DerivedData/Revolt-dharrjsambcimaaziudpvzjdcigm/Build/Products/Debug-iphoneos/include -Xcc -I/Users/harishvishwakarma/Library/Developer/Xcode/DerivedData/Revolt-dharrjsambcimaaziudpvzjdcigm/Build/Intermediates.noindex/swiftui-navigation-transitions.build/Debug-iphoneos/AtomicTransition.build/DerivedSources-normal/arm64 -Xcc -I/Users/harishvishwakarma/Library/Developer/Xcode/DerivedData/Revolt-dharrjsambcimaaziudpvzjdcigm/Build/Intermediates.noindex/swiftui-navigation-transitions.build/Debug-iphoneos/AtomicTransition.build/DerivedSources/arm64 -Xcc -I/Users/harishvishwakarma/Library/Developer/Xcode/DerivedData/Revolt-dharrjsambcimaaziudpvzjdcigm/Build/Intermediates.noindex/swiftui-navigation-transitions.build/Debug-iphoneos/AtomicTransition.build/DerivedSources -Xcc -DSWIFT_PACKAGE -Xcc -DDEBUG\=1 -emit-objc-header -emit-objc-header-path /Users/harishvishwakarma/Library/Developer/Xcode/DerivedData/Revolt-dharrjsambcimaaziudpvzjdcigm/Build/Intermediates.noindex/swiftui-navigation-transitions.build/Debug-iphoneos/AtomicTransition.build/Objects-normal/arm64/AtomicTransition-Swift.h -working-directory /Users/harishvishwakarma/Handy/Archem/pepchat-ios/Revolt.xcodeproj -experimental-emit-module-separately -disable-cmo

SwiftCompile normal arm64 Compiling\ Deprecations.swift /Users/harishvishwakarma/Library/Developer/Xcode/DerivedData/Revolt-dharrjsambcimaaziudpvzjdcigm/SourcePackages/checkouts/xctest-dynamic-overlay/Sources/XCTestDynamicOverlay/Internal/Deprecations.swift (in target 'XCTestDynamicOverlay' from project 'xctest-dynamic-overlay')
SwiftCompile normal arm64 /Users/harishvishwakarma/Library/Developer/Xcode/DerivedData/Revolt-dharrjsambcimaaziudpvzjdcigm/SourcePackages/checkouts/xctest-dynamic-overlay/Sources/XCTestDynamicOverlay/Internal/Deprecations.swift (in target 'XCTestDynamicOverlay' from project 'xctest-dynamic-overlay')
    cd /Users/harishvishwakarma/Handy/Archem/pepchat-ios/Revolt.xcodeproj
    

SwiftEmitModule normal x86_64 Emitting\ module\ for\ SwiftSyntax (in target 'SwiftSyntax' from project 'swift-syntax')
EmitSwiftModule normal x86_64 (in target 'SwiftSyntax' from project 'swift-syntax')
    cd /Users/harishvishwakarma/Handy/Archem/pepchat-ios/Revolt.xcodeproj
    

SwiftEmitModule normal arm64 Emitting\ module\ for\ SwiftSyntax (in target 'SwiftSyntax' from project 'swift-syntax')

EmitSwiftModule normal arm64 (in target 'SwiftSyntax' from project 'swift-syntax')
    cd /Users/harishvishwakarma/Handy/Archem/pepchat-ios/Revolt.xcodeproj
    

SwiftCompile normal arm64 Compiling\ Exports.swift /Users/harishvishwakarma/Library/Developer/Xcode/DerivedData/Revolt-dharrjsambcimaaziudpvzjdcigm/SourcePackages/checkouts/xctest-dynamic-overlay/Sources/XCTestDynamicOverlay/Internal/Exports.swift (in target 'XCTestDynamicOverlay' from project 'xctest-dynamic-overlay')

SwiftCompile normal arm64 /Users/harishvishwakarma/Library/Developer/Xcode/DerivedData/Revolt-dharrjsambcimaaziudpvzjdcigm/SourcePackages/checkouts/xctest-dynamic-overlay/Sources/XCTestDynamicOverlay/Internal/Exports.swift (in target 'XCTestDynamicOverlay' from project 'xctest-dynamic-overlay')
    cd /Users/harishvishwakarma/Handy/Archem/pepchat-ios/Revolt.xcodeproj
    

SwiftEmitModule normal arm64 Emitting\ module\ for\ OrderedCollections (in target 'OrderedCollections' from project 'swift-collections')

EmitSwiftModule normal arm64 (in target 'OrderedCollections' from project 'swift-collections')
    cd /Users/harishvishwakarma/Handy/Archem/pepchat-ios/Revolt.xcodeproj
    

SwiftEmitModule normal arm64 Emitting\ module\ for\ _RopeModule (in target '_RopeModule' from project 'swift-collections')

EmitSwiftModule normal arm64 (in target '_RopeModule' from project 'swift-collections')
    cd /Users/harishvishwakarma/Handy/Archem/pepchat-ios/Revolt.xcodeproj
    

SwiftEmitModule normal arm64 Emitting\ module\ for\ AtomicTransition (in target 'AtomicTransition' from project 'swiftui-navigation-transitions')

EmitSwiftModule normal arm64 (in target 'AtomicTransition' from project 'swiftui-navigation-transitions')
    cd /Users/harishvishwakarma/Handy/Archem/pepchat-ios/Revolt.xcodeproj
    

SwiftEmitModule normal arm64 Emitting\ module\ for\ HashTreeCollections (in target 'HashTreeCollections' from project 'swift-collections')

EmitSwiftModule normal arm64 (in target 'HashTreeCollections' from project 'swift-collections')
    cd /Users/harishvishwakarma/Handy/Archem/pepchat-ios/Revolt.xcodeproj
    

SwiftDriverJobDiscovery normal arm64 Emitting module for HCaptcha_RxSwift (in target 'HCaptcha_RxSwift' from project 'HCaptcha')

SwiftDriver\ Compilation\ Requirements HCaptcha_RxSwift normal arm64 com.apple.xcode.tools.swift.compiler (in target 'HCaptcha_RxSwift' from project 'HCaptcha')
    cd /Users/harishvishwakarma/Handy/Archem/pepchat-ios/Revolt.xcodeproj
    builtin-Swift-Compilation-Requirements -- /Applications/Xcode.app/Contents/Developer/Toolchains/XcodeDefault.xctoolchain/usr/bin/swiftc -module-name HCaptcha_RxSwift -Onone -enforce-exclusivity\=checked @/Users/harishvishwakarma/Library/Developer/Xcode/DerivedData/Revolt-dharrjsambcimaaziudpvzjdcigm/Build/Intermediates.noindex/HCaptcha.build/Debug-iphoneos/HCaptcha_RxSwift.build/Objects-normal/arm64/HCaptcha_RxSwift.SwiftFileList -DSWIFT_PACKAGE -DDEBUG -DXcode -plugin-path /Applications/Xcode.app/Contents/Developer/Toolchains/XcodeDefault.xctoolchain/usr/lib/swift/host/plugins/testing -enable-experimental-feature DebugDescriptionMacro -sdk /Applications/Xcode.app/Contents/Developer/Platforms/iPhoneOS.platform/Developer/SDKs/iPhoneOS18.5.sdk -target arm64-apple-ios12.0 -g -module-cache-path /Users/harishvishwakarma/Library/Developer/Xcode/DerivedData/ModuleCache.noindex -Xfrontend -serialize-debugging-options -enable-testing -suppress-warnings -index-store-path /Users/harishvishwakarma/Library/Developer/Xcode/DerivedData/Revolt-dharrjsambcimaaziudpvzjdcigm/Index.noindex/DataStore -swift-version 5 -I /Users/harishvishwakarma/Library/Developer/Xcode/DerivedData/Revolt-dharrjsambcimaaziudpvzjdcigm/Build/Products/Debug-iphoneos -I /Applications/Xcode.app/Contents/Developer/Platforms/iPhoneOS.platform/Developer/usr/lib -F /Users/harishvishwakarma/Library/Developer/Xcode/DerivedData/Revolt-dharrjsambcimaaziudpvzjdcigm/Build/Products/Debug-iphoneos/PackageFrameworks -F /Users/harishvishwakarma/Library/Developer/Xcode/DerivedData/Revolt-dharrjsambcimaaziudpvzjdcigm/Build/Products/Debug-iphoneos/PackageFrameworks -F /Users/harishvishwakarma/Library/Developer/Xcode/DerivedData/Revolt-dharrjsambcimaaziudpvzjdcigm/Build/Products/Debug-iphoneos -F /Applications/Xcode.app/Contents/Developer/Platforms/iPhoneOS.platform/Developer/Library/Frameworks -F /Applications/Xcode.app/Contents/Developer/Platforms/iPhoneOS.platform/Developer/SDKs/iPhoneOS18.5.sdk/Developer/Library/Frameworks -parse-as-library -c -j12 -enable-batch-mode -incremental -Xcc -ivfsstatcache -Xcc /Users/harishvishwakarma/Library/Developer/Xcode/DerivedData/SDKStatCaches.noindex/iphoneos18.5-22F76-7fa4eea80a99bbfdc046826b63ec4baf.sdkstatcache -output-file-map /Users/harishvishwakarma/Library/Developer/Xcode/DerivedData/Revolt-dharrjsambcimaaziudpvzjdcigm/Build/Intermediates.noindex/HCaptcha.build/Debug-iphoneos/HCaptcha_RxSwift.build/Objects-normal/arm64/HCaptcha_RxSwift-OutputFileMap.json -use-frontend-parseable-output -save-temps -no-color-diagnostics -serialize-diagnostics -emit-dependencies -emit-module -emit-module-path /Users/harishvishwakarma/Library/Developer/Xcode/DerivedData/Revolt-dharrjsambcimaaziudpvzjdcigm/Build/Intermediates.noindex/HCaptcha.build/Debug-iphoneos/HCaptcha_RxSwift.build/Objects-normal/arm64/HCaptcha_RxSwift.swiftmodule -validate-clang-modules-once -clang-build-session-file /Users/harishvishwakarma/Library/Developer/Xcode/DerivedData/ModuleCache.noindex/Session.modulevalidation -Xcc -I/Users/harishvishwakarma/Library/Developer/Xcode/DerivedData/Revolt-dharrjsambcimaaziudpvzjdcigm/Build/Intermediates.noindex/HCaptcha.build/Debug-iphoneos/HCaptcha_RxSwift.build/swift-overrides.hmap -emit-const-values -Xfrontend -const-gather-protocols-file -Xfrontend /Users/harishvishwakarma/Library/Developer/Xcode/DerivedData/Revolt-dharrjsambcimaaziudpvzjdcigm/Build/Intermediates.noindex/HCaptcha.build/Debug-iphoneos/HCaptcha_RxSwift.build/Objects-normal/arm64/HCaptcha_RxSwift_const_extract_protocols.json -Xcc -I/Users/harishvishwakarma/Library/Developer/Xcode/DerivedData/Revolt-dharrjsambcimaaziudpvzjdcigm/Build/Products/Debug-iphoneos/include -Xcc -I/Users/harishvishwakarma/Library/Developer/Xcode/DerivedData/Revolt-dharrjsambcimaaziudpvzjdcigm/Build/Intermediates.noindex/HCaptcha.build/Debug-iphoneos/HCaptcha_RxSwift.build/DerivedSources-normal/arm64 -Xcc -I/Users/harishvishwakarma/Library/Developer/Xcode/DerivedData/Revolt-dharrjsambcimaaziudpvzjdcigm/Build/Intermediates.noindex/HCaptcha.build/Debug-iphoneos/HCaptcha_RxSwift.build/DerivedSources/arm64 -Xcc -I/Users/harishvishwakarma/Library/Developer/Xcode/DerivedData/Revolt-dharrjsambcimaaziudpvzjdcigm/Build/Intermediates.noindex/HCaptcha.build/Debug-iphoneos/HCaptcha_RxSwift.build/DerivedSources -Xcc -DSWIFT_PACKAGE -Xcc -DDEBUG\=1 -emit-objc-header -emit-objc-header-path /Users/harishvishwakarma/Library/Developer/Xcode/DerivedData/Revolt-dharrjsambcimaaziudpvzjdcigm/Build/Intermediates.noindex/HCaptcha.build/Debug-iphoneos/HCaptcha_RxSwift.build/Objects-normal/arm64/HCaptcha_RxSwift-Swift.h -working-directory /Users/harishvishwakarma/Handy/Archem/pepchat-ios/Revolt.xcodeproj -experimental-emit-module-separately -disable-cmo

SwiftDriverJobDiscovery normal arm64 Compiling Exports.swift (in target 'XCTestDynamicOverlay' from project 'xctest-dynamic-overlay')

SwiftEmitModule normal arm64 Emitting\ module\ for\ BitCollections (in target 'BitCollections' from project 'swift-collections')

EmitSwiftModule normal arm64 (in target 'BitCollections' from project 'swift-collections')
    cd /Users/harishvishwakarma/Handy/Archem/pepchat-ios/Revolt.xcodeproj
    

SwiftMergeGeneratedHeaders /Users/harishvishwakarma/Library/Developer/Xcode/DerivedData/Revolt-dharrjsambcimaaziudpvzjdcigm/Build/Intermediates.noindex/GeneratedModuleMaps-iphoneos/HCaptcha_RxSwift-Swift.h /Users/harishvishwakarma/Library/Developer/Xcode/DerivedData/Revolt-dharrjsambcimaaziudpvzjdcigm/Build/Intermediates.noindex/HCaptcha.build/Debug-iphoneos/HCaptcha_RxSwift.build/Objects-normal/arm64/HCaptcha_RxSwift-Swift.h (in target 'HCaptcha_RxSwift' from project 'HCaptcha')
    cd /Users/harishvishwakarma/Library/Developer/Xcode/DerivedData/Revolt-dharrjsambcimaaziudpvzjdcigm/SourcePackages/checkouts/HCaptcha-ios-sdk
    builtin-swiftHeaderTool -arch arm64 /Users/harishvishwakarma/Library/Developer/Xcode/DerivedData/Revolt-dharrjsambcimaaziudpvzjdcigm/Build/Intermediates.noindex/HCaptcha.build/Debug-iphoneos/HCaptcha_RxSwift.build/Objects-normal/arm64/HCaptcha_RxSwift-Swift.h -o /Users/harishvishwakarma/Library/Developer/Xcode/DerivedData/Revolt-dharrjsambcimaaziudpvzjdcigm/Build/Intermediates.noindex/GeneratedModuleMaps-iphoneos/HCaptcha_RxSwift-Swift.h

SwiftDriverJobDiscovery normal arm64 Emitting module for HeapModule (in target 'HeapModule' from project 'swift-collections')

Copy /Users/harishvishwakarma/Library/Developer/Xcode/DerivedData/Revolt-dharrjsambcimaaziudpvzjdcigm/Build/Products/Debug-iphoneos/HCaptcha_RxSwift.swiftmodule/arm64-apple-ios.swiftmodule /Users/harishvishwakarma/Library/Developer/Xcode/DerivedData/Revolt-dharrjsambcimaaziudpvzjdcigm/Build/Intermediates.noindex/HCaptcha.build/Debug-iphoneos/HCaptcha_RxSwift.build/Objects-normal/arm64/HCaptcha_RxSwift.swiftmodule (in target 'HCaptcha_RxSwift' from project 'HCaptcha')
    cd /Users/harishvishwakarma/Library/Developer/Xcode/DerivedData/Revolt-dharrjsambcimaaziudpvzjdcigm/SourcePackages/checkouts/HCaptcha-ios-sdk
    builtin-copy -exclude .DS_Store -exclude CVS -exclude .svn -exclude .git -exclude .hg -resolve-src-symlinks -rename /Users/harishvishwakarma/Library/Developer/Xcode/DerivedData/Revolt-dharrjsambcimaaziudpvzjdcigm/Build/Intermediates.noindex/HCaptcha.build/Debug-iphoneos/HCaptcha_RxSwift.build/Objects-normal/arm64/HCaptcha_RxSwift.swiftmodule /Users/harishvishwakarma/Library/Developer/Xcode/DerivedData/Revolt-dharrjsambcimaaziudpvzjdcigm/Build/Products/Debug-iphoneos/HCaptcha_RxSwift.swiftmodule/arm64-apple-ios.swiftmodule

SwiftDriver\ Compilation\ Requirements HeapModule normal arm64 com.apple.xcode.tools.swift.compiler (in target 'HeapModule' from project 'swift-collections')
    cd /Users/harishvishwakarma/Handy/Archem/pepchat-ios/Revolt.xcodeproj
    builtin-Swift-Compilation-Requirements -- /Applications/Xcode.app/Contents/Developer/Toolchains/XcodeDefault.xctoolchain/usr/bin/swiftc -module-name HeapModule -Onone -enforce-exclusivity\=checked @/Users/harishvishwakarma/Library/Developer/Xcode/DerivedData/Revolt-dharrjsambcimaaziudpvzjdcigm/Build/Intermediates.noindex/swift-collections.build/Debug-iphoneos/HeapModule.build/Objects-normal/arm64/HeapModule.SwiftFileList -DSWIFT_PACKAGE -DDEBUG -DCOLLECTIONS_RANDOMIZED_TESTING -DXcode -plugin-path /Applications/Xcode.app/Contents/Developer/Toolchains/XcodeDefault.xctoolchain/usr/lib/swift/host/plugins/testing -enable-experimental-feature DebugDescriptionMacro -sdk /Applications/Xcode.app/Contents/Developer/Platforms/iPhoneOS.platform/Developer/SDKs/iPhoneOS18.5.sdk -target arm64-apple-ios12.0 -g -module-cache-path /Users/harishvishwakarma/Library/Developer/Xcode/DerivedData/ModuleCache.noindex -Xfrontend -serialize-debugging-options -enable-testing -suppress-warnings -index-store-path /Users/harishvishwakarma/Library/Developer/Xcode/DerivedData/Revolt-dharrjsambcimaaziudpvzjdcigm/Index.noindex/DataStore -swift-version 5 -I /Users/harishvishwakarma/Library/Developer/Xcode/DerivedData/Revolt-dharrjsambcimaaziudpvzjdcigm/Build/Products/Debug-iphoneos -I /Applications/Xcode.app/Contents/Developer/Platforms/iPhoneOS.platform/Developer/usr/lib -F /Users/harishvishwakarma/Library/Developer/Xcode/DerivedData/Revolt-dharrjsambcimaaziudpvzjdcigm/Build/Products/Debug-iphoneos/PackageFrameworks -F /Users/harishvishwakarma/Library/Developer/Xcode/DerivedData/Revolt-dharrjsambcimaaziudpvzjdcigm/Build/Products/Debug-iphoneos -F /Applications/Xcode.app/Contents/Developer/Platforms/iPhoneOS.platform/Developer/Library/Frameworks -F /Applications/Xcode.app/Contents/Developer/Platforms/iPhoneOS.platform/Developer/SDKs/iPhoneOS18.5.sdk/Developer/Library/Frameworks -c -j12 -enable-batch-mode -incremental -Xcc -ivfsstatcache -Xcc /Users/harishvishwakarma/Library/Developer/Xcode/DerivedData/SDKStatCaches.noindex/iphoneos18.5-22F76-7fa4eea80a99bbfdc046826b63ec4baf.sdkstatcache -output-file-map /Users/harishvishwakarma/Library/Developer/Xcode/DerivedData/Revolt-dharrjsambcimaaziudpvzjdcigm/Build/Intermediates.noindex/swift-collections.build/Debug-iphoneos/HeapModule.build/Objects-normal/arm64/HeapModule-OutputFileMap.json -use-frontend-parseable-output -save-temps -no-color-diagnostics -serialize-diagnostics -emit-dependencies -emit-module -emit-module-path /Users/harishvishwakarma/Library/Developer/Xcode/DerivedData/Revolt-dharrjsambcimaaziudpvzjdcigm/Build/Intermediates.noindex/swift-collections.build/Debug-iphoneos/HeapModule.build/Objects-normal/arm64/HeapModule.swiftmodule -validate-clang-modules-once -clang-build-session-file /Users/harishvishwakarma/Library/Developer/Xcode/DerivedData/ModuleCache.noindex/Session.modulevalidation -Xcc -I/Users/harishvishwakarma/Library/Developer/Xcode/DerivedData/Revolt-dharrjsambcimaaziudpvzjdcigm/Build/Intermediates.noindex/swift-collections.build/Debug-iphoneos/HeapModule.build/swift-overrides.hmap -emit-const-values -Xfrontend -const-gather-protocols-file -Xfrontend /Users/harishvishwakarma/Library/Developer/Xcode/DerivedData/Revolt-dharrjsambcimaaziudpvzjdcigm/Build/Intermediates.noindex/swift-collections.build/Debug-iphoneos/HeapModule.build/Objects-normal/arm64/HeapModule_const_extract_protocols.json -Xcc -I/Users/harishvishwakarma/Library/Developer/Xcode/DerivedData/Revolt-dharrjsambcimaaziudpvzjdcigm/Build/Products/Debug-iphoneos/include -Xcc -I/Users/harishvishwakarma/Library/Developer/Xcode/DerivedData/Revolt-dharrjsambcimaaziudpvzjdcigm/Build/Intermediates.noindex/swift-collections.build/Debug-iphoneos/HeapModule.build/DerivedSources-normal/arm64 -Xcc -I/Users/harishvishwakarma/Library/Developer/Xcode/DerivedData/Revolt-dharrjsambcimaaziudpvzjdcigm/Build/Intermediates.noindex/swift-collections.build/Debug-iphoneos/HeapModule.build/DerivedSources/arm64 -Xcc -I/Users/harishvishwakarma/Library/Developer/Xcode/DerivedData/Revolt-dharrjsambcimaaziudpvzjdcigm/Build/Intermediates.noindex/swift-collections.build/Debug-iphoneos/HeapModule.build/DerivedSources -Xcc -DSWIFT_PACKAGE -Xcc -DDEBUG\=1 -emit-objc-header -emit-objc-header-path /Users/harishvishwakarma/Library/Developer/Xcode/DerivedData/Revolt-dharrjsambcimaaziudpvzjdcigm/Build/Intermediates.noindex/swift-collections.build/Debug-iphoneos/HeapModule.build/Objects-normal/arm64/HeapModule-Swift.h -working-directory /Users/harishvishwakarma/Handy/Archem/pepchat-ios/Revolt.xcodeproj -experimental-emit-module-separately -disable-cmo

Copy /Users/harishvishwakarma/Library/Developer/Xcode/DerivedData/Revolt-dharrjsambcimaaziudpvzjdcigm/Build/Products/Debug-iphoneos/HCaptcha_RxSwift.swiftmodule/arm64-apple-ios.swiftdoc /Users/harishvishwakarma/Library/Developer/Xcode/DerivedData/Revolt-dharrjsambcimaaziudpvzjdcigm/Build/Intermediates.noindex/HCaptcha.build/Debug-iphoneos/HCaptcha_RxSwift.build/Objects-normal/arm64/HCaptcha_RxSwift.swiftdoc (in target 'HCaptcha_RxSwift' from project 'HCaptcha')
    cd /Users/harishvishwakarma/Library/Developer/Xcode/DerivedData/Revolt-dharrjsambcimaaziudpvzjdcigm/SourcePackages/checkouts/HCaptcha-ios-sdk
    builtin-copy -exclude .DS_Store -exclude CVS -exclude .svn -exclude .git -exclude .hg -resolve-src-symlinks -rename /Users/harishvishwakarma/Library/Developer/Xcode/DerivedData/Revolt-dharrjsambcimaaziudpvzjdcigm/Build/Intermediates.noindex/HCaptcha.build/Debug-iphoneos/HCaptcha_RxSwift.build/Objects-normal/arm64/HCaptcha_RxSwift.swiftdoc /Users/harishvishwakarma/Library/Developer/Xcode/DerivedData/Revolt-dharrjsambcimaaziudpvzjdcigm/Build/Products/Debug-iphoneos/HCaptcha_RxSwift.swiftmodule/arm64-apple-ios.swiftdoc

SwiftMergeGeneratedHeaders /Users/harishvishwakarma/Library/Developer/Xcode/DerivedData/Revolt-dharrjsambcimaaziudpvzjdcigm/Build/Intermediates.noindex/GeneratedModuleMaps-iphoneos/HeapModule-Swift.h /Users/harishvishwakarma/Library/Developer/Xcode/DerivedData/Revolt-dharrjsambcimaaziudpvzjdcigm/Build/Intermediates.noindex/swift-collections.build/Debug-iphoneos/HeapModule.build/Objects-normal/arm64/HeapModule-Swift.h (in target 'HeapModule' from project 'swift-collections')
    cd /Users/harishvishwakarma/Library/Developer/Xcode/DerivedData/Revolt-dharrjsambcimaaziudpvzjdcigm/SourcePackages/checkouts/swift-collections
    builtin-swiftHeaderTool -arch arm64 /Users/harishvishwakarma/Library/Developer/Xcode/DerivedData/Revolt-dharrjsambcimaaziudpvzjdcigm/Build/Intermediates.noindex/swift-collections.build/Debug-iphoneos/HeapModule.build/Objects-normal/arm64/HeapModule-Swift.h -o /Users/harishvishwakarma/Library/Developer/Xcode/DerivedData/Revolt-dharrjsambcimaaziudpvzjdcigm/Build/Intermediates.noindex/GeneratedModuleMaps-iphoneos/HeapModule-Swift.h

Copy /Users/harishvishwakarma/Library/Developer/Xcode/DerivedData/Revolt-dharrjsambcimaaziudpvzjdcigm/Build/Products/Debug-iphoneos/HeapModule.swiftmodule/arm64-apple-ios.swiftmodule /Users/harishvishwakarma/Library/Developer/Xcode/DerivedData/Revolt-dharrjsambcimaaziudpvzjdcigm/Build/Intermediates.noindex/swift-collections.build/Debug-iphoneos/HeapModule.build/Objects-normal/arm64/HeapModule.swiftmodule (in target 'HeapModule' from project 'swift-collections')
    cd /Users/harishvishwakarma/Library/Developer/Xcode/DerivedData/Revolt-dharrjsambcimaaziudpvzjdcigm/SourcePackages/checkouts/swift-collections
    builtin-copy -exclude .DS_Store -exclude CVS -exclude .svn -exclude .git -exclude .hg -resolve-src-symlinks -rename /Users/harishvishwakarma/Library/Developer/Xcode/DerivedData/Revolt-dharrjsambcimaaziudpvzjdcigm/Build/Intermediates.noindex/swift-collections.build/Debug-iphoneos/HeapModule.build/Objects-normal/arm64/HeapModule.swiftmodule /Users/harishvishwakarma/Library/Developer/Xcode/DerivedData/Revolt-dharrjsambcimaaziudpvzjdcigm/Build/Products/Debug-iphoneos/HeapModule.swiftmodule/arm64-apple-ios.swiftmodule

Copy /Users/harishvishwakarma/Library/Developer/Xcode/DerivedData/Revolt-dharrjsambcimaaziudpvzjdcigm/Build/Products/Debug-iphoneos/HeapModule.swiftmodule/arm64-apple-ios.swiftdoc /Users/harishvishwakarma/Library/Developer/Xcode/DerivedData/Revolt-dharrjsambcimaaziudpvzjdcigm/Build/Intermediates.noindex/swift-collections.build/Debug-iphoneos/HeapModule.build/Objects-normal/arm64/HeapModule.swiftdoc (in target 'HeapModule' from project 'swift-collections')
    cd /Users/harishvishwakarma/Library/Developer/Xcode/DerivedData/Revolt-dharrjsambcimaaziudpvzjdcigm/SourcePackages/checkouts/swift-collections
    builtin-copy -exclude .DS_Store -exclude CVS -exclude .svn -exclude .git -exclude .hg -resolve-src-symlinks -rename /Users/harishvishwakarma/Library/Developer/Xcode/DerivedData/Revolt-dharrjsambcimaaziudpvzjdcigm/Build/Intermediates.noindex/swift-collections.build/Debug-iphoneos/HeapModule.build/Objects-normal/arm64/HeapModule.swiftdoc /Users/harishvishwakarma/Library/Developer/Xcode/DerivedData/Revolt-dharrjsambcimaaziudpvzjdcigm/Build/Products/Debug-iphoneos/HeapModule.swiftmodule/arm64-apple-ios.swiftdoc

Copy /Users/harishvishwakarma/Library/Developer/Xcode/DerivedData/Revolt-dharrjsambcimaaziudpvzjdcigm/Build/Products/Debug-iphoneos/HeapModule.swiftmodule/arm64-apple-ios.abi.json /Users/harishvishwakarma/Library/Developer/Xcode/DerivedData/Revolt-dharrjsambcimaaziudpvzjdcigm/Build/Intermediates.noindex/swift-collections.build/Debug-iphoneos/HeapModule.build/Objects-normal/arm64/HeapModule.abi.json (in target 'HeapModule' from project 'swift-collections')
    cd /Users/harishvishwakarma/Library/Developer/Xcode/DerivedData/Revolt-dharrjsambcimaaziudpvzjdcigm/SourcePackages/checkouts/swift-collections
    builtin-copy -exclude .DS_Store -exclude CVS -exclude .svn -exclude .git -exclude .hg -resolve-src-symlinks -rename /Users/harishvishwakarma/Library/Developer/Xcode/DerivedData/Revolt-dharrjsambcimaaziudpvzjdcigm/Build/Intermediates.noindex/swift-collections.build/Debug-iphoneos/HeapModule.build/Objects-normal/arm64/HeapModule.abi.json /Users/harishvishwakarma/Library/Developer/Xcode/DerivedData/Revolt-dharrjsambcimaaziudpvzjdcigm/Build/Products/Debug-iphoneos/HeapModule.swiftmodule/arm64-apple-ios.abi.json

Copy /Users/harishvishwakarma/Library/Developer/Xcode/DerivedData/Revolt-dharrjsambcimaaziudpvzjdcigm/Build/Products/Debug-iphoneos/HeapModule.swiftmodule/Project/arm64-apple-ios.swiftsourceinfo /Users/harishvishwakarma/Library/Developer/Xcode/DerivedData/Revolt-dharrjsambcimaaziudpvzjdcigm/Build/Intermediates.noindex/swift-collections.build/Debug-iphoneos/HeapModule.build/Objects-normal/arm64/HeapModule.swiftsourceinfo (in target 'HeapModule' from project 'swift-collections')
    cd /Users/harishvishwakarma/Library/Developer/Xcode/DerivedData/Revolt-dharrjsambcimaaziudpvzjdcigm/SourcePackages/checkouts/swift-collections
    builtin-copy -exclude .DS_Store -exclude CVS -exclude .svn -exclude .git -exclude .hg -resolve-src-symlinks -rename /Users/harishvishwakarma/Library/Developer/Xcode/DerivedData/Revolt-dharrjsambcimaaziudpvzjdcigm/Build/Intermediates.noindex/swift-collections.build/Debug-iphoneos/HeapModule.build/Objects-normal/arm64/HeapModule.swiftsourceinfo /Users/harishvishwakarma/Library/Developer/Xcode/DerivedData/Revolt-dharrjsambcimaaziudpvzjdcigm/Build/Products/Debug-iphoneos/HeapModule.swiftmodule/Project/arm64-apple-ios.swiftsourceinfo

Copy /Users/harishvishwakarma/Library/Developer/Xcode/DerivedData/Revolt-dharrjsambcimaaziudpvzjdcigm/Build/Products/Debug-iphoneos/HCaptcha_RxSwift.swiftmodule/arm64-apple-ios.abi.json /Users/harishvishwakarma/Library/Developer/Xcode/DerivedData/Revolt-dharrjsambcimaaziudpvzjdcigm/Build/Intermediates.noindex/HCaptcha.build/Debug-iphoneos/HCaptcha_RxSwift.build/Objects-normal/arm64/HCaptcha_RxSwift.abi.json (in target 'HCaptcha_RxSwift' from project 'HCaptcha')
    cd /Users/harishvishwakarma/Library/Developer/Xcode/DerivedData/Revolt-dharrjsambcimaaziudpvzjdcigm/SourcePackages/checkouts/HCaptcha-ios-sdk
    builtin-copy -exclude .DS_Store -exclude CVS -exclude .svn -exclude .git -exclude .hg -resolve-src-symlinks -rename /Users/harishvishwakarma/Library/Developer/Xcode/DerivedData/Revolt-dharrjsambcimaaziudpvzjdcigm/Build/Intermediates.noindex/HCaptcha.build/Debug-iphoneos/HCaptcha_RxSwift.build/Objects-normal/arm64/HCaptcha_RxSwift.abi.json /Users/harishvishwakarma/Library/Developer/Xcode/DerivedData/Revolt-dharrjsambcimaaziudpvzjdcigm/Build/Products/Debug-iphoneos/HCaptcha_RxSwift.swiftmodule/arm64-apple-ios.abi.json

Copy /Users/harishvishwakarma/Library/Developer/Xcode/DerivedData/Revolt-dharrjsambcimaaziudpvzjdcigm/Build/Products/Debug-iphoneos/HCaptcha_RxSwift.swiftmodule/Project/arm64-apple-ios.swiftsourceinfo /Users/harishvishwakarma/Library/Developer/Xcode/DerivedData/Revolt-dharrjsambcimaaziudpvzjdcigm/Build/Intermediates.noindex/HCaptcha.build/Debug-iphoneos/HCaptcha_RxSwift.build/Objects-normal/arm64/HCaptcha_RxSwift.swiftsourceinfo (in target 'HCaptcha_RxSwift' from project 'HCaptcha')
    cd /Users/harishvishwakarma/Library/Developer/Xcode/DerivedData/Revolt-dharrjsambcimaaziudpvzjdcigm/SourcePackages/checkouts/HCaptcha-ios-sdk
    builtin-copy -exclude .DS_Store -exclude CVS -exclude .svn -exclude .git -exclude .hg -resolve-src-symlinks -rename /Users/harishvishwakarma/Library/Developer/Xcode/DerivedData/Revolt-dharrjsambcimaaziudpvzjdcigm/Build/Intermediates.noindex/HCaptcha.build/Debug-iphoneos/HCaptcha_RxSwift.build/Objects-normal/arm64/HCaptcha_RxSwift.swiftsourceinfo /Users/harishvishwakarma/Library/Developer/Xcode/DerivedData/Revolt-dharrjsambcimaaziudpvzjdcigm/Build/Products/Debug-iphoneos/HCaptcha_RxSwift.swiftmodule/Project/arm64-apple-ios.swiftsourceinfo

SwiftDriverJobDiscovery normal arm64 Emitting module for XCTestDynamicOverlay (in target 'XCTestDynamicOverlay' from project 'xctest-dynamic-overlay')

SwiftDriver\ Compilation\ Requirements XCTestDynamicOverlay normal arm64 com.apple.xcode.tools.swift.compiler (in target 'XCTestDynamicOverlay' from project 'xctest-dynamic-overlay')
    cd /Users/harishvishwakarma/Handy/Archem/pepchat-ios/Revolt.xcodeproj
    builtin-Swift-Compilation-Requirements -- /Applications/Xcode.app/Contents/Developer/Toolchains/XcodeDefault.xctoolchain/usr/bin/swiftc -module-name XCTestDynamicOverlay -Onone -enforce-exclusivity\=checked @/Users/harishvishwakarma/Library/Developer/Xcode/DerivedData/Revolt-dharrjsambcimaaziudpvzjdcigm/Build/Intermediates.noindex/xctest-dynamic-overlay.build/Debug-iphoneos/XCTestDynamicOverlay.build/Objects-normal/arm64/XCTestDynamicOverlay.SwiftFileList -DSWIFT_PACKAGE -DDEBUG -DXcode -plugin-path /Applications/Xcode.app/Contents/Developer/Toolchains/XcodeDefault.xctoolchain/usr/lib/swift/host/plugins/testing -enable-experimental-feature DebugDescriptionMacro -sdk /Applications/Xcode.app/Contents/Developer/Platforms/iPhoneOS.platform/Developer/SDKs/iPhoneOS18.5.sdk -target arm64-apple-ios13.0 -g -module-cache-path /Users/harishvishwakarma/Library/Developer/Xcode/DerivedData/ModuleCache.noindex -Xfrontend -serialize-debugging-options -enable-testing -suppress-warnings -index-store-path /Users/harishvishwakarma/Library/Developer/Xcode/DerivedData/Revolt-dharrjsambcimaaziudpvzjdcigm/Index.noindex/DataStore -swift-version 6 -I /Users/harishvishwakarma/Library/Developer/Xcode/DerivedData/Revolt-dharrjsambcimaaziudpvzjdcigm/Build/Products/Debug-iphoneos -I /Applications/Xcode.app/Contents/Developer/Platforms/iPhoneOS.platform/Developer/usr/lib -F /Users/harishvishwakarma/Library/Developer/Xcode/DerivedData/Revolt-dharrjsambcimaaziudpvzjdcigm/Build/Products/Debug-iphoneos/PackageFrameworks -F /Users/harishvishwakarma/Library/Developer/Xcode/DerivedData/Revolt-dharrjsambcimaaziudpvzjdcigm/Build/Products/Debug-iphoneos -F /Applications/Xcode.app/Contents/Developer/Platforms/iPhoneOS.platform/Developer/Library/Frameworks -F /Applications/Xcode.app/Contents/Developer/Platforms/iPhoneOS.platform/Developer/SDKs/iPhoneOS18.5.sdk/Developer/Library/Frameworks -c -j12 -enable-batch-mode -incremental -Xcc -ivfsstatcache -Xcc /Users/harishvishwakarma/Library/Developer/Xcode/DerivedData/SDKStatCaches.noindex/iphoneos18.5-22F76-7fa4eea80a99bbfdc046826b63ec4baf.sdkstatcache -output-file-map /Users/harishvishwakarma/Library/Developer/Xcode/DerivedData/Revolt-dharrjsambcimaaziudpvzjdcigm/Build/Intermediates.noindex/xctest-dynamic-overlay.build/Debug-iphoneos/XCTestDynamicOverlay.build/Objects-normal/arm64/XCTestDynamicOverlay-OutputFileMap.json -use-frontend-parseable-output -save-temps -no-color-diagnostics -serialize-diagnostics -emit-dependencies -emit-module -emit-module-path /Users/harishvishwakarma/Library/Developer/Xcode/DerivedData/Revolt-dharrjsambcimaaziudpvzjdcigm/Build/Intermediates.noindex/xctest-dynamic-overlay.build/Debug-iphoneos/XCTestDynamicOverlay.build/Objects-normal/arm64/XCTestDynamicOverlay.swiftmodule -user-module-version 1.4.1 -validate-clang-modules-once -clang-build-session-file /Users/harishvishwakarma/Library/Developer/Xcode/DerivedData/ModuleCache.noindex/Session.modulevalidation -package-name xctest_dynamic_overlay -Xcc -I/Users/harishvishwakarma/Library/Developer/Xcode/DerivedData/Revolt-dharrjsambcimaaziudpvzjdcigm/Build/Intermediates.noindex/xctest-dynamic-overlay.build/Debug-iphoneos/XCTestDynamicOverlay.build/swift-overrides.hmap -emit-const-values -Xfrontend -const-gather-protocols-file -Xfrontend /Users/harishvishwakarma/Library/Developer/Xcode/DerivedData/Revolt-dharrjsambcimaaziudpvzjdcigm/Build/Intermediates.noindex/xctest-dynamic-overlay.build/Debug-iphoneos/XCTestDynamicOverlay.build/Objects-normal/arm64/XCTestDynamicOverlay_const_extract_protocols.json -Xcc -I/Users/harishvishwakarma/Library/Developer/Xcode/DerivedData/Revolt-dharrjsambcimaaziudpvzjdcigm/Build/Products/Debug-iphoneos/include -Xcc -I/Users/harishvishwakarma/Library/Developer/Xcode/DerivedData/Revolt-dharrjsambcimaaziudpvzjdcigm/Build/Intermediates.noindex/xctest-dynamic-overlay.build/Debug-iphoneos/XCTestDynamicOverlay.build/DerivedSources-normal/arm64 -Xcc -I/Users/harishvishwakarma/Library/Developer/Xcode/DerivedData/Revolt-dharrjsambcimaaziudpvzjdcigm/Build/Intermediates.noindex/xctest-dynamic-overlay.build/Debug-iphoneos/XCTestDynamicOverlay.build/DerivedSources/arm64 -Xcc -I/Users/harishvishwakarma/Library/Developer/Xcode/DerivedData/Revolt-dharrjsambcimaaziudpvzjdcigm/Build/Intermediates.noindex/xctest-dynamic-overlay.build/Debug-iphoneos/XCTestDynamicOverlay.build/DerivedSources -Xcc -DSWIFT_PACKAGE -Xcc -DDEBUG\=1 -emit-objc-header -emit-objc-header-path /Users/harishvishwakarma/Library/Developer/Xcode/DerivedData/Revolt-dharrjsambcimaaziudpvzjdcigm/Build/Intermediates.noindex/xctest-dynamic-overlay.build/Debug-iphoneos/XCTestDynamicOverlay.build/Objects-normal/arm64/XCTestDynamicOverlay-Swift.h -working-directory /Users/harishvishwakarma/Handy/Archem/pepchat-ios/Revolt.xcodeproj -experimental-emit-module-separately -disable-cmo

SwiftCompile normal arm64 Compiling\ BigString+Chunk+Indexing\ by\ Characters.swift,\ BigString+Chunk+Indexing\ by\ UTF16.swift,\ BigString+Chunk+RopeElement.swift,\ BigString+Chunk+Splitting.swift,\ BigString+Chunk.swift,\ BigString+BidirectionalCollection.swift,\ BigString+Comparable.swift /Users/harishvishwakarma/Library/Developer/Xcode/DerivedData/Revolt-dharrjsambcimaaziudpvzjdcigm/SourcePackages/checkouts/swift-collections/Sources/RopeModule/BigString/Chunk/BigString+Chunk+Indexing\ by\ Characters.swift /Users/harishvishwakarma/Library/Developer/Xcode/DerivedData/Revolt-dharrjsambcimaaziudpvzjdcigm/SourcePackages/checkouts/swift-collections/Sources/RopeModule/BigString/Chunk/BigString+Chunk+Indexing\ by\ UTF16.swift /Users/harishvishwakarma/Library/Developer/Xcode/DerivedData/Revolt-dharrjsambcimaaziudpvzjdcigm/SourcePackages/checkouts/swift-collections/Sources/RopeModule/BigString/Chunk/BigString+Chunk+RopeElement.swift /Users/harishvishwakarma/Library/Developer/Xcode/DerivedData/Revolt-dharrjsambcimaaziudpvzjdcigm/SourcePackages/checkouts/swift-collections/Sources/RopeModule/BigString/Chunk/BigString+Chunk+Splitting.swift /Users/harishvishwakarma/Library/Developer/Xcode/DerivedData/Revolt-dharrjsambcimaaziudpvzjdcigm/SourcePackages/checkouts/swift-collections/Sources/RopeModule/BigString/Chunk/BigString+Chunk.swift /Users/harishvishwakarma/Library/Developer/Xcode/DerivedData/Revolt-dharrjsambcimaaziudpvzjdcigm/SourcePackages/checkouts/swift-collections/Sources/RopeModule/BigString/Conformances/BigString+BidirectionalCollection.swift /Users/harishvishwakarma/Library/Developer/Xcode/DerivedData/Revolt-dharrjsambcimaaziudpvzjdcigm/SourcePackages/checkouts/swift-collections/Sources/RopeModule/BigString/Conformances/BigString+Comparable.swift (in target '_RopeModule' from project 'swift-collections')

SwiftCompile normal arm64 /Users/harishvishwakarma/Library/Developer/Xcode/DerivedData/Revolt-dharrjsambcimaaziudpvzjdcigm/SourcePackages/checkouts/swift-collections/Sources/RopeModule/BigString/Chunk/BigString+Chunk+Indexing\ by\ Characters.swift (in target '_RopeModule' from project 'swift-collections')
    cd /Users/harishvishwakarma/Handy/Archem/pepchat-ios/Revolt.xcodeproj
    

SwiftCompile normal arm64 /Users/harishvishwakarma/Library/Developer/Xcode/DerivedData/Revolt-dharrjsambcimaaziudpvzjdcigm/SourcePackages/checkouts/swift-collections/Sources/RopeModule/BigString/Chunk/BigString+Chunk+Indexing\ by\ UTF16.swift (in target '_RopeModule' from project 'swift-collections')
    cd /Users/harishvishwakarma/Handy/Archem/pepchat-ios/Revolt.xcodeproj
    

SwiftCompile normal arm64 /Users/harishvishwakarma/Library/Developer/Xcode/DerivedData/Revolt-dharrjsambcimaaziudpvzjdcigm/SourcePackages/checkouts/swift-collections/Sources/RopeModule/BigString/Chunk/BigString+Chunk+RopeElement.swift (in target '_RopeModule' from project 'swift-collections')
    cd /Users/harishvishwakarma/Handy/Archem/pepchat-ios/Revolt.xcodeproj
    

SwiftCompile normal arm64 /Users/harishvishwakarma/Library/Developer/Xcode/DerivedData/Revolt-dharrjsambcimaaziudpvzjdcigm/SourcePackages/checkouts/swift-collections/Sources/RopeModule/BigString/Chunk/BigString+Chunk+Splitting.swift (in target '_RopeModule' from project 'swift-collections')
    cd /Users/harishvishwakarma/Handy/Archem/pepchat-ios/Revolt.xcodeproj
    

SwiftCompile normal arm64 /Users/harishvishwakarma/Library/Developer/Xcode/DerivedData/Revolt-dharrjsambcimaaziudpvzjdcigm/SourcePackages/checkouts/swift-collections/Sources/RopeModule/BigString/Chunk/BigString+Chunk.swift (in target '_RopeModule' from project 'swift-collections')
    cd /Users/harishvishwakarma/Handy/Archem/pepchat-ios/Revolt.xcodeproj
    

SwiftCompile normal arm64 /Users/harishvishwakarma/Library/Developer/Xcode/DerivedData/Revolt-dharrjsambcimaaziudpvzjdcigm/SourcePackages/checkouts/swift-collections/Sources/RopeModule/BigString/Conformances/BigString+BidirectionalCollection.swift (in target '_RopeModule' from project 'swift-collections')
    cd /Users/harishvishwakarma/Handy/Archem/pepchat-ios/Revolt.xcodeproj
    

SwiftCompile normal arm64 /Users/harishvishwakarma/Library/Developer/Xcode/DerivedData/Revolt-dharrjsambcimaaziudpvzjdcigm/SourcePackages/checkouts/swift-collections/Sources/RopeModule/BigString/Conformances/BigString+Comparable.swift (in target '_RopeModule' from project 'swift-collections')
    cd /Users/harishvishwakarma/Handy/Archem/pepchat-ios/Revolt.xcodeproj
    

SwiftCompile normal arm64 Compiling\ BigString+UnicodeScalarView.swift,\ BigSubstring+UTF16View.swift,\ BigSubstring+UTF8View.swift,\ BigSubstring+UnicodeScalarView.swift,\ BigSubstring.swift,\ Rope+Builder.swift /Users/harishvishwakarma/Library/Developer/Xcode/DerivedData/Revolt-dharrjsambcimaaziudpvzjdcigm/SourcePackages/checkouts/swift-collections/Sources/RopeModule/BigString/Views/BigString+UnicodeScalarView.swift /Users/harishvishwakarma/Library/Developer/Xcode/DerivedData/Revolt-dharrjsambcimaaziudpvzjdcigm/SourcePackages/checkouts/swift-collections/Sources/RopeModule/BigString/Views/BigSubstring+UTF16View.swift /Users/harishvishwakarma/Library/Developer/Xcode/DerivedData/Revolt-dharrjsambcimaaziudpvzjdcigm/SourcePackages/checkouts/swift-collections/Sources/RopeModule/BigString/Views/BigSubstring+UTF8View.swift /Users/harishvishwakarma/Library/Developer/Xcode/DerivedData/Revolt-dharrjsambcimaaziudpvzjdcigm/SourcePackages/checkouts/swift-collections/Sources/RopeModule/BigString/Views/BigSubstring+UnicodeScalarView.swift /Users/harishvishwakarma/Library/Developer/Xcode/DerivedData/Revolt-dharrjsambcimaaziudpvzjdcigm/SourcePackages/checkouts/swift-collections/Sources/RopeModule/BigString/Views/BigSubstring.swift /Users/harishvishwakarma/Library/Developer/Xcode/DerivedData/Revolt-dharrjsambcimaaziudpvzjdcigm/SourcePackages/checkouts/swift-collections/Sources/RopeModule/Rope/Basics/Rope+Builder.swift (in target '_RopeModule' from project 'swift-collections')

SwiftCompile normal arm64 /Users/harishvishwakarma/Library/Developer/Xcode/DerivedData/Revolt-dharrjsambcimaaziudpvzjdcigm/SourcePackages/checkouts/swift-collections/Sources/RopeModule/BigString/Views/BigString+UnicodeScalarView.swift (in target '_RopeModule' from project 'swift-collections')
    cd /Users/harishvishwakarma/Handy/Archem/pepchat-ios/Revolt.xcodeproj
    

SwiftCompile normal arm64 /Users/harishvishwakarma/Library/Developer/Xcode/DerivedData/Revolt-dharrjsambcimaaziudpvzjdcigm/SourcePackages/checkouts/swift-collections/Sources/RopeModule/BigString/Views/BigSubstring+UTF16View.swift (in target '_RopeModule' from project 'swift-collections')
    cd /Users/harishvishwakarma/Handy/Archem/pepchat-ios/Revolt.xcodeproj
    

SwiftCompile normal arm64 /Users/harishvishwakarma/Library/Developer/Xcode/DerivedData/Revolt-dharrjsambcimaaziudpvzjdcigm/SourcePackages/checkouts/swift-collections/Sources/RopeModule/BigString/Views/BigSubstring+UTF8View.swift (in target '_RopeModule' from project 'swift-collections')
    cd /Users/harishvishwakarma/Handy/Archem/pepchat-ios/Revolt.xcodeproj
    

SwiftCompile normal arm64 /Users/harishvishwakarma/Library/Developer/Xcode/DerivedData/Revolt-dharrjsambcimaaziudpvzjdcigm/SourcePackages/checkouts/swift-collections/Sources/RopeModule/BigString/Views/BigSubstring+UnicodeScalarView.swift (in target '_RopeModule' from project 'swift-collections')
    cd /Users/harishvishwakarma/Handy/Archem/pepchat-ios/Revolt.xcodeproj
    

SwiftCompile normal arm64 /Users/harishvishwakarma/Library/Developer/Xcode/DerivedData/Revolt-dharrjsambcimaaziudpvzjdcigm/SourcePackages/checkouts/swift-collections/Sources/RopeModule/BigString/Views/BigSubstring.swift (in target '_RopeModule' from project 'swift-collections')
    cd /Users/harishvishwakarma/Handy/Archem/pepchat-ios/Revolt.xcodeproj
    

SwiftCompile normal arm64 /Users/harishvishwakarma/Library/Developer/Xcode/DerivedData/Revolt-dharrjsambcimaaziudpvzjdcigm/SourcePackages/checkouts/swift-collections/Sources/RopeModule/Rope/Basics/Rope+Builder.swift (in target '_RopeModule' from project 'swift-collections')
    cd /Users/harishvishwakarma/Handy/Archem/pepchat-ios/Revolt.xcodeproj
    

SwiftMergeGeneratedHeaders /Users/harishvishwakarma/Library/Developer/Xcode/DerivedData/Revolt-dharrjsambcimaaziudpvzjdcigm/Build/Intermediates.noindex/GeneratedModuleMaps-iphoneos/XCTestDynamicOverlay-Swift.h /Users/harishvishwakarma/Library/Developer/Xcode/DerivedData/Revolt-dharrjsambcimaaziudpvzjdcigm/Build/Intermediates.noindex/xctest-dynamic-overlay.build/Debug-iphoneos/XCTestDynamicOverlay.build/Objects-normal/arm64/XCTestDynamicOverlay-Swift.h (in target 'XCTestDynamicOverlay' from project 'xctest-dynamic-overlay')
    cd /Users/harishvishwakarma/Library/Developer/Xcode/DerivedData/Revolt-dharrjsambcimaaziudpvzjdcigm/SourcePackages/checkouts/xctest-dynamic-overlay
    builtin-swiftHeaderTool -arch arm64 /Users/harishvishwakarma/Library/Developer/Xcode/DerivedData/Revolt-dharrjsambcimaaziudpvzjdcigm/Build/Intermediates.noindex/xctest-dynamic-overlay.build/Debug-iphoneos/XCTestDynamicOverlay.build/Objects-normal/arm64/XCTestDynamicOverlay-Swift.h -o /Users/harishvishwakarma/Library/Developer/Xcode/DerivedData/Revolt-dharrjsambcimaaziudpvzjdcigm/Build/Intermediates.noindex/GeneratedModuleMaps-iphoneos/XCTestDynamicOverlay-Swift.h

SwiftDriverJobDiscovery normal arm64 Emitting module for AtomicTransition (in target 'AtomicTransition' from project 'swiftui-navigation-transitions')

Copy /Users/harishvishwakarma/Library/Developer/Xcode/DerivedData/Revolt-dharrjsambcimaaziudpvzjdcigm/Build/Products/Debug-iphoneos/XCTestDynamicOverlay.swiftmodule/arm64-apple-ios.swiftmodule /Users/harishvishwakarma/Library/Developer/Xcode/DerivedData/Revolt-dharrjsambcimaaziudpvzjdcigm/Build/Intermediates.noindex/xctest-dynamic-overlay.build/Debug-iphoneos/XCTestDynamicOverlay.build/Objects-normal/arm64/XCTestDynamicOverlay.swiftmodule (in target 'XCTestDynamicOverlay' from project 'xctest-dynamic-overlay')
    cd /Users/harishvishwakarma/Library/Developer/Xcode/DerivedData/Revolt-dharrjsambcimaaziudpvzjdcigm/SourcePackages/checkouts/xctest-dynamic-overlay
    builtin-copy -exclude .DS_Store -exclude CVS -exclude .svn -exclude .git -exclude .hg -resolve-src-symlinks -rename /Users/harishvishwakarma/Library/Developer/Xcode/DerivedData/Revolt-dharrjsambcimaaziudpvzjdcigm/Build/Intermediates.noindex/xctest-dynamic-overlay.build/Debug-iphoneos/XCTestDynamicOverlay.build/Objects-normal/arm64/XCTestDynamicOverlay.swiftmodule /Users/harishvishwakarma/Library/Developer/Xcode/DerivedData/Revolt-dharrjsambcimaaziudpvzjdcigm/Build/Products/Debug-iphoneos/XCTestDynamicOverlay.swiftmodule/arm64-apple-ios.swiftmodule

Copy /Users/harishvishwakarma/Library/Developer/Xcode/DerivedData/Revolt-dharrjsambcimaaziudpvzjdcigm/Build/Products/Debug-iphoneos/XCTestDynamicOverlay.swiftmodule/arm64-apple-ios.swiftdoc /Users/harishvishwakarma/Library/Developer/Xcode/DerivedData/Revolt-dharrjsambcimaaziudpvzjdcigm/Build/Intermediates.noindex/xctest-dynamic-overlay.build/Debug-iphoneos/XCTestDynamicOverlay.build/Objects-normal/arm64/XCTestDynamicOverlay.swiftdoc (in target 'XCTestDynamicOverlay' from project 'xctest-dynamic-overlay')
    cd /Users/harishvishwakarma/Library/Developer/Xcode/DerivedData/Revolt-dharrjsambcimaaziudpvzjdcigm/SourcePackages/checkouts/xctest-dynamic-overlay
    builtin-copy -exclude .DS_Store -exclude CVS -exclude .svn -exclude .git -exclude .hg -resolve-src-symlinks -rename /Users/harishvishwakarma/Library/Developer/Xcode/DerivedData/Revolt-dharrjsambcimaaziudpvzjdcigm/Build/Intermediates.noindex/xctest-dynamic-overlay.build/Debug-iphoneos/XCTestDynamicOverlay.build/Objects-normal/arm64/XCTestDynamicOverlay.swiftdoc /Users/harishvishwakarma/Library/Developer/Xcode/DerivedData/Revolt-dharrjsambcimaaziudpvzjdcigm/Build/Products/Debug-iphoneos/XCTestDynamicOverlay.swiftmodule/arm64-apple-ios.swiftdoc

Copy /Users/harishvishwakarma/Library/Developer/Xcode/DerivedData/Revolt-dharrjsambcimaaziudpvzjdcigm/Build/Products/Debug-iphoneos/XCTestDynamicOverlay.swiftmodule/arm64-apple-ios.abi.json /Users/harishvishwakarma/Library/Developer/Xcode/DerivedData/Revolt-dharrjsambcimaaziudpvzjdcigm/Build/Intermediates.noindex/xctest-dynamic-overlay.build/Debug-iphoneos/XCTestDynamicOverlay.build/Objects-normal/arm64/XCTestDynamicOverlay.abi.json (in target 'XCTestDynamicOverlay' from project 'xctest-dynamic-overlay')
    cd /Users/harishvishwakarma/Library/Developer/Xcode/DerivedData/Revolt-dharrjsambcimaaziudpvzjdcigm/SourcePackages/checkouts/xctest-dynamic-overlay
    builtin-copy -exclude .DS_Store -exclude CVS -exclude .svn -exclude .git -exclude .hg -resolve-src-symlinks -rename /Users/harishvishwakarma/Library/Developer/Xcode/DerivedData/Revolt-dharrjsambcimaaziudpvzjdcigm/Build/Intermediates.noindex/xctest-dynamic-overlay.build/Debug-iphoneos/XCTestDynamicOverlay.build/Objects-normal/arm64/XCTestDynamicOverlay.abi.json /Users/harishvishwakarma/Library/Developer/Xcode/DerivedData/Revolt-dharrjsambcimaaziudpvzjdcigm/Build/Products/Debug-iphoneos/XCTestDynamicOverlay.swiftmodule/arm64-apple-ios.abi.json

Copy /Users/harishvishwakarma/Library/Developer/Xcode/DerivedData/Revolt-dharrjsambcimaaziudpvzjdcigm/Build/Products/Debug-iphoneos/XCTestDynamicOverlay.swiftmodule/Project/arm64-apple-ios.swiftsourceinfo /Users/harishvishwakarma/Library/Developer/Xcode/DerivedData/Revolt-dharrjsambcimaaziudpvzjdcigm/Build/Intermediates.noindex/xctest-dynamic-overlay.build/Debug-iphoneos/XCTestDynamicOverlay.build/Objects-normal/arm64/XCTestDynamicOverlay.swiftsourceinfo (in target 'XCTestDynamicOverlay' from project 'xctest-dynamic-overlay')
    cd /Users/harishvishwakarma/Library/Developer/Xcode/DerivedData/Revolt-dharrjsambcimaaziudpvzjdcigm/SourcePackages/checkouts/xctest-dynamic-overlay
    builtin-copy -exclude .DS_Store -exclude CVS -exclude .svn -exclude .git -exclude .hg -resolve-src-symlinks -rename /Users/harishvishwakarma/Library/Developer/Xcode/DerivedData/Revolt-dharrjsambcimaaziudpvzjdcigm/Build/Intermediates.noindex/xctest-dynamic-overlay.build/Debug-iphoneos/XCTestDynamicOverlay.build/Objects-normal/arm64/XCTestDynamicOverlay.swiftsourceinfo /Users/harishvishwakarma/Library/Developer/Xcode/DerivedData/Revolt-dharrjsambcimaaziudpvzjdcigm/Build/Products/Debug-iphoneos/XCTestDynamicOverlay.swiftmodule/Project/arm64-apple-ios.swiftsourceinfo

SwiftDriver\ Compilation\ Requirements AtomicTransition normal arm64 com.apple.xcode.tools.swift.compiler (in target 'AtomicTransition' from project 'swiftui-navigation-transitions')
    cd /Users/harishvishwakarma/Handy/Archem/pepchat-ios/Revolt.xcodeproj
    builtin-Swift-Compilation-Requirements -- /Applications/Xcode.app/Contents/Developer/Toolchains/XcodeDefault.xctoolchain/usr/bin/swiftc -module-name AtomicTransition -Onone -enforce-exclusivity\=checked @/Users/harishvishwakarma/Library/Developer/Xcode/DerivedData/Revolt-dharrjsambcimaaziudpvzjdcigm/Build/Intermediates.noindex/swiftui-navigation-transitions.build/Debug-iphoneos/AtomicTransition.build/Objects-normal/arm64/AtomicTransition.SwiftFileList -DSWIFT_PACKAGE -DDEBUG -DXcode -plugin-path /Applications/Xcode.app/Contents/Developer/Toolchains/XcodeDefault.xctoolchain/usr/lib/swift/host/plugins/testing -enable-experimental-feature DebugDescriptionMacro -sdk /Applications/Xcode.app/Contents/Developer/Platforms/iPhoneOS.platform/Developer/SDKs/iPhoneOS18.5.sdk -target arm64-apple-ios13.0 -g -module-cache-path /Users/harishvishwakarma/Library/Developer/Xcode/DerivedData/ModuleCache.noindex -Xfrontend -serialize-debugging-options -enable-testing -suppress-warnings -index-store-path /Users/harishvishwakarma/Library/Developer/Xcode/DerivedData/Revolt-dharrjsambcimaaziudpvzjdcigm/Index.noindex/DataStore -swift-version 5 -I /Users/harishvishwakarma/Library/Developer/Xcode/DerivedData/Revolt-dharrjsambcimaaziudpvzjdcigm/Build/Products/Debug-iphoneos -I /Applications/Xcode.app/Contents/Developer/Platforms/iPhoneOS.platform/Developer/usr/lib -F /Users/harishvishwakarma/Library/Developer/Xcode/DerivedData/Revolt-dharrjsambcimaaziudpvzjdcigm/Build/Products/Debug-iphoneos/PackageFrameworks -F /Users/harishvishwakarma/Library/Developer/Xcode/DerivedData/Revolt-dharrjsambcimaaziudpvzjdcigm/Build/Products/Debug-iphoneos -F /Applications/Xcode.app/Contents/Developer/Platforms/iPhoneOS.platform/Developer/Library/Frameworks -F /Applications/Xcode.app/Contents/Developer/Platforms/iPhoneOS.platform/Developer/SDKs/iPhoneOS18.5.sdk/Developer/Library/Frameworks -c -j12 -enable-batch-mode -incremental -Xcc -ivfsstatcache -Xcc /Users/harishvishwakarma/Library/Developer/Xcode/DerivedData/SDKStatCaches.noindex/iphoneos18.5-22F76-7fa4eea80a99bbfdc046826b63ec4baf.sdkstatcache -output-file-map /Users/harishvishwakarma/Library/Developer/Xcode/DerivedData/Revolt-dharrjsambcimaaziudpvzjdcigm/Build/Intermediates.noindex/swiftui-navigation-transitions.build/Debug-iphoneos/AtomicTransition.build/Objects-normal/arm64/AtomicTransition-OutputFileMap.json -use-frontend-parseable-output -save-temps -no-color-diagnostics -serialize-diagnostics -emit-dependencies -emit-module -emit-module-path /Users/harishvishwakarma/Library/Developer/Xcode/DerivedData/Revolt-dharrjsambcimaaziudpvzjdcigm/Build/Intermediates.noindex/swiftui-navigation-transitions.build/Debug-iphoneos/AtomicTransition.build/Objects-normal/arm64/AtomicTransition.swiftmodule -validate-clang-modules-once -clang-build-session-file /Users/harishvishwakarma/Library/Developer/Xcode/DerivedData/ModuleCache.noindex/Session.modulevalidation -package-name swiftui_navigation_transitions -Xcc -I/Users/harishvishwakarma/Library/Developer/Xcode/DerivedData/Revolt-dharrjsambcimaaziudpvzjdcigm/Build/Intermediates.noindex/swiftui-navigation-transitions.build/Debug-iphoneos/AtomicTransition.build/swift-overrides.hmap -emit-const-values -Xfrontend -const-gather-protocols-file -Xfrontend /Users/harishvishwakarma/Library/Developer/Xcode/DerivedData/Revolt-dharrjsambcimaaziudpvzjdcigm/Build/Intermediates.noindex/swiftui-navigation-transitions.build/Debug-iphoneos/AtomicTransition.build/Objects-normal/arm64/AtomicTransition_const_extract_protocols.json -Xcc -I/Users/harishvishwakarma/Library/Developer/Xcode/DerivedData/Revolt-dharrjsambcimaaziudpvzjdcigm/Build/Products/Debug-iphoneos/include -Xcc -I/Users/harishvishwakarma/Library/Developer/Xcode/DerivedData/Revolt-dharrjsambcimaaziudpvzjdcigm/Build/Intermediates.noindex/swiftui-navigation-transitions.build/Debug-iphoneos/AtomicTransition.build/DerivedSources-normal/arm64 -Xcc -I/Users/harishvishwakarma/Library/Developer/Xcode/DerivedData/Revolt-dharrjsambcimaaziudpvzjdcigm/Build/Intermediates.noindex/swiftui-navigation-transitions.build/Debug-iphoneos/AtomicTransition.build/DerivedSources/arm64 -Xcc -I/Users/harishvishwakarma/Library/Developer/Xcode/DerivedData/Revolt-dharrjsambcimaaziudpvzjdcigm/Build/Intermediates.noindex/swiftui-navigation-transitions.build/Debug-iphoneos/AtomicTransition.build/DerivedSources -Xcc -DSWIFT_PACKAGE -Xcc -DDEBUG\=1 -emit-objc-header -emit-objc-header-path /Users/harishvishwakarma/Library/Developer/Xcode/DerivedData/Revolt-dharrjsambcimaaziudpvzjdcigm/Build/Intermediates.noindex/swiftui-navigation-transitions.build/Debug-iphoneos/AtomicTransition.build/Objects-normal/arm64/AtomicTransition-Swift.h -working-directory /Users/harishvishwakarma/Handy/Archem/pepchat-ios/Revolt.xcodeproj -experimental-emit-module-separately -disable-cmo

SwiftCompile normal arm64 Compiling\ _RopeVersion.swift,\ Rope+Collection.swift,\ Rope+Index.swift,\ Rope+Sequence.swift,\ Rope+Append.swift,\ Rope+Extract.swift /Users/harishvishwakarma/Library/Developer/Xcode/DerivedData/Revolt-dharrjsambcimaaziudpvzjdcigm/SourcePackages/checkouts/swift-collections/Sources/RopeModule/Rope/Basics/_RopeVersion.swift /Users/harishvishwakarma/Library/Developer/Xcode/DerivedData/Revolt-dharrjsambcimaaziudpvzjdcigm/SourcePackages/checkouts/swift-collections/Sources/RopeModule/Rope/Conformances/Rope+Collection.swift /Users/harishvishwakarma/Library/Developer/Xcode/DerivedData/Revolt-dharrjsambcimaaziudpvzjdcigm/SourcePackages/checkouts/swift-collections/Sources/RopeModule/Rope/Conformances/Rope+Index.swift /Users/harishvishwakarma/Library/Developer/Xcode/DerivedData/Revolt-dharrjsambcimaaziudpvzjdcigm/SourcePackages/checkouts/swift-collections/Sources/RopeModule/Rope/Conformances/Rope+Sequence.swift /Users/harishvishwakarma/Library/Developer/Xcode/DerivedData/Revolt-dharrjsambcimaaziudpvzjdcigm/SourcePackages/checkouts/swift-collections/Sources/RopeModule/Rope/Operations/Rope+Append.swift /Users/harishvishwakarma/Library/Developer/Xcode/DerivedData/Revolt-dharrjsambcimaaziudpvzjdcigm/SourcePackages/checkouts/swift-collections/Sources/RopeModule/Rope/Operations/Rope+Extract.swift (in target '_RopeModule' from project 'swift-collections')

SwiftCompile normal arm64 /Users/harishvishwakarma/Library/Developer/Xcode/DerivedData/Revolt-dharrjsambcimaaziudpvzjdcigm/SourcePackages/checkouts/swift-collections/Sources/RopeModule/Rope/Basics/_RopeVersion.swift (in target '_RopeModule' from project 'swift-collections')
    cd /Users/harishvishwakarma/Handy/Archem/pepchat-ios/Revolt.xcodeproj
    

SwiftCompile normal arm64 /Users/harishvishwakarma/Library/Developer/Xcode/DerivedData/Revolt-dharrjsambcimaaziudpvzjdcigm/SourcePackages/checkouts/swift-collections/Sources/RopeModule/Rope/Conformances/Rope+Collection.swift (in target '_RopeModule' from project 'swift-collections')
    cd /Users/harishvishwakarma/Handy/Archem/pepchat-ios/Revolt.xcodeproj
    

SwiftCompile normal arm64 /Users/harishvishwakarma/Library/Developer/Xcode/DerivedData/Revolt-dharrjsambcimaaziudpvzjdcigm/SourcePackages/checkouts/swift-collections/Sources/RopeModule/Rope/Conformances/Rope+Index.swift (in target '_RopeModule' from project 'swift-collections')
    cd /Users/harishvishwakarma/Handy/Archem/pepchat-ios/Revolt.xcodeproj
    

SwiftCompile normal arm64 /Users/harishvishwakarma/Library/Developer/Xcode/DerivedData/Revolt-dharrjsambcimaaziudpvzjdcigm/SourcePackages/checkouts/swift-collections/Sources/RopeModule/Rope/Conformances/Rope+Sequence.swift (in target '_RopeModule' from project 'swift-collections')
    cd /Users/harishvishwakarma/Handy/Archem/pepchat-ios/Revolt.xcodeproj
    

SwiftCompile normal arm64 /Users/harishvishwakarma/Library/Developer/Xcode/DerivedData/Revolt-dharrjsambcimaaziudpvzjdcigm/SourcePackages/checkouts/swift-collections/Sources/RopeModule/Rope/Operations/Rope+Append.swift (in target '_RopeModule' from project 'swift-collections')
    cd /Users/harishvishwakarma/Handy/Archem/pepchat-ios/Revolt.xcodeproj
    

SwiftCompile normal arm64 /Users/harishvishwakarma/Library/Developer/Xcode/DerivedData/Revolt-dharrjsambcimaaziudpvzjdcigm/SourcePackages/checkouts/swift-collections/Sources/RopeModule/Rope/Operations/Rope+Extract.swift (in target '_RopeModule' from project 'swift-collections')
    cd /Users/harishvishwakarma/Handy/Archem/pepchat-ios/Revolt.xcodeproj
    

SwiftMergeGeneratedHeaders /Users/harishvishwakarma/Library/Developer/Xcode/DerivedData/Revolt-dharrjsambcimaaziudpvzjdcigm/Build/Intermediates.noindex/GeneratedModuleMaps-iphoneos/AtomicTransition-Swift.h /Users/harishvishwakarma/Library/Developer/Xcode/DerivedData/Revolt-dharrjsambcimaaziudpvzjdcigm/Build/Intermediates.noindex/swiftui-navigation-transitions.build/Debug-iphoneos/AtomicTransition.build/Objects-normal/arm64/AtomicTransition-Swift.h (in target 'AtomicTransition' from project 'swiftui-navigation-transitions')
    cd /Users/harishvishwakarma/Library/Developer/Xcode/DerivedData/Revolt-dharrjsambcimaaziudpvzjdcigm/SourcePackages/checkouts/swiftui-navigation-transitions
    builtin-swiftHeaderTool -arch arm64 /Users/harishvishwakarma/Library/Developer/Xcode/DerivedData/Revolt-dharrjsambcimaaziudpvzjdcigm/Build/Intermediates.noindex/swiftui-navigation-transitions.build/Debug-iphoneos/AtomicTransition.build/Objects-normal/arm64/AtomicTransition-Swift.h -o /Users/harishvishwakarma/Library/Developer/Xcode/DerivedData/Revolt-dharrjsambcimaaziudpvzjdcigm/Build/Intermediates.noindex/GeneratedModuleMaps-iphoneos/AtomicTransition-Swift.h

SwiftDriverJobDiscovery normal arm64 Emitting module for PopupView (in target 'PopupView' from project 'PopupView')

SwiftDriver\ Compilation\ Requirements PopupView normal arm64 com.apple.xcode.tools.swift.compiler (in target 'PopupView' from project 'PopupView')
    cd /Users/harishvishwakarma/Handy/Archem/pepchat-ios/Revolt.xcodeproj
    builtin-Swift-Compilation-Requirements -- /Applications/Xcode.app/Contents/Developer/Toolchains/XcodeDefault.xctoolchain/usr/bin/swiftc -module-name PopupView -Onone -enforce-exclusivity\=checked @/Users/harishvishwakarma/Library/Developer/Xcode/DerivedData/Revolt-dharrjsambcimaaziudpvzjdcigm/Build/Intermediates.noindex/PopupView.build/Debug-iphoneos/PopupView.build/Objects-normal/arm64/PopupView.SwiftFileList -DSWIFT_PACKAGE -DDEBUG -DXcode -plugin-path /Applications/Xcode.app/Contents/Developer/Toolchains/XcodeDefault.xctoolchain/usr/lib/swift/host/plugins/testing -enable-experimental-feature DebugDescriptionMacro -sdk /Applications/Xcode.app/Contents/Developer/Platforms/iPhoneOS.platform/Developer/SDKs/iPhoneOS18.5.sdk -target arm64-apple-ios15.0 -g -module-cache-path /Users/harishvishwakarma/Library/Developer/Xcode/DerivedData/ModuleCache.noindex -Xfrontend -serialize-debugging-options -enable-testing -suppress-warnings -index-store-path /Users/harishvishwakarma/Library/Developer/Xcode/DerivedData/Revolt-dharrjsambcimaaziudpvzjdcigm/Index.noindex/DataStore -swift-version 6 -I /Users/harishvishwakarma/Library/Developer/Xcode/DerivedData/Revolt-dharrjsambcimaaziudpvzjdcigm/Build/Products/Debug-iphoneos -I /Applications/Xcode.app/Contents/Developer/Platforms/iPhoneOS.platform/Developer/usr/lib -F /Users/harishvishwakarma/Library/Developer/Xcode/DerivedData/Revolt-dharrjsambcimaaziudpvzjdcigm/Build/Products/Debug-iphoneos/PackageFrameworks -F /Users/harishvishwakarma/Library/Developer/Xcode/DerivedData/Revolt-dharrjsambcimaaziudpvzjdcigm/Build/Products/Debug-iphoneos -F /Applications/Xcode.app/Contents/Developer/Platforms/iPhoneOS.platform/Developer/Library/Frameworks -F /Applications/Xcode.app/Contents/Developer/Platforms/iPhoneOS.platform/Developer/SDKs/iPhoneOS18.5.sdk/Developer/Library/Frameworks -c -j12 -enable-batch-mode -incremental -Xcc -ivfsstatcache -Xcc /Users/harishvishwakarma/Library/Developer/Xcode/DerivedData/SDKStatCaches.noindex/iphoneos18.5-22F76-7fa4eea80a99bbfdc046826b63ec4baf.sdkstatcache -output-file-map /Users/harishvishwakarma/Library/Developer/Xcode/DerivedData/Revolt-dharrjsambcimaaziudpvzjdcigm/Build/Intermediates.noindex/PopupView.build/Debug-iphoneos/PopupView.build/Objects-normal/arm64/PopupView-OutputFileMap.json -use-frontend-parseable-output -save-temps -no-color-diagnostics -serialize-diagnostics -emit-dependencies -emit-module -emit-module-path /Users/harishvishwakarma/Library/Developer/Xcode/DerivedData/Revolt-dharrjsambcimaaziudpvzjdcigm/Build/Intermediates.noindex/PopupView.build/Debug-iphoneos/PopupView.build/Objects-normal/arm64/PopupView.swiftmodule -user-module-version 3.1.4 -validate-clang-modules-once -clang-build-session-file /Users/harishvishwakarma/Library/Developer/Xcode/DerivedData/ModuleCache.noindex/Session.modulevalidation -package-name popupview -Xcc -I/Users/harishvishwakarma/Library/Developer/Xcode/DerivedData/Revolt-dharrjsambcimaaziudpvzjdcigm/Build/Intermediates.noindex/PopupView.build/Debug-iphoneos/PopupView.build/swift-overrides.hmap -emit-const-values -Xfrontend -const-gather-protocols-file -Xfrontend /Users/harishvishwakarma/Library/Developer/Xcode/DerivedData/Revolt-dharrjsambcimaaziudpvzjdcigm/Build/Intermediates.noindex/PopupView.build/Debug-iphoneos/PopupView.build/Objects-normal/arm64/PopupView_const_extract_protocols.json -Xcc -I/Users/harishvishwakarma/Library/Developer/Xcode/DerivedData/Revolt-dharrjsambcimaaziudpvzjdcigm/Build/Products/Debug-iphoneos/include -Xcc -I/Users/harishvishwakarma/Library/Developer/Xcode/DerivedData/Revolt-dharrjsambcimaaziudpvzjdcigm/Build/Intermediates.noindex/PopupView.build/Debug-iphoneos/PopupView.build/DerivedSources-normal/arm64 -Xcc -I/Users/harishvishwakarma/Library/Developer/Xcode/DerivedData/Revolt-dharrjsambcimaaziudpvzjdcigm/Build/Intermediates.noindex/PopupView.build/Debug-iphoneos/PopupView.build/DerivedSources/arm64 -Xcc -I/Users/harishvishwakarma/Library/Developer/Xcode/DerivedData/Revolt-dharrjsambcimaaziudpvzjdcigm/Build/Intermediates.noindex/PopupView.build/Debug-iphoneos/PopupView.build/DerivedSources -Xcc -DSWIFT_PACKAGE -Xcc -DDEBUG\=1 -emit-objc-header -emit-objc-header-path /Users/harishvishwakarma/Library/Developer/Xcode/DerivedData/Revolt-dharrjsambcimaaziudpvzjdcigm/Build/Intermediates.noindex/PopupView.build/Debug-iphoneos/PopupView.build/Objects-normal/arm64/PopupView-Swift.h -working-directory /Users/harishvishwakarma/Handy/Archem/pepchat-ios/Revolt.xcodeproj -experimental-emit-module-separately -disable-cmo

Copy /Users/harishvishwakarma/Library/Developer/Xcode/DerivedData/Revolt-dharrjsambcimaaziudpvzjdcigm/Build/Products/Debug-iphoneos/AtomicTransition.swiftmodule/arm64-apple-ios.swiftmodule /Users/harishvishwakarma/Library/Developer/Xcode/DerivedData/Revolt-dharrjsambcimaaziudpvzjdcigm/Build/Intermediates.noindex/swiftui-navigation-transitions.build/Debug-iphoneos/AtomicTransition.build/Objects-normal/arm64/AtomicTransition.swiftmodule (in target 'AtomicTransition' from project 'swiftui-navigation-transitions')
    cd /Users/harishvishwakarma/Library/Developer/Xcode/DerivedData/Revolt-dharrjsambcimaaziudpvzjdcigm/SourcePackages/checkouts/swiftui-navigation-transitions
    builtin-copy -exclude .DS_Store -exclude CVS -exclude .svn -exclude .git -exclude .hg -resolve-src-symlinks -rename /Users/harishvishwakarma/Library/Developer/Xcode/DerivedData/Revolt-dharrjsambcimaaziudpvzjdcigm/Build/Intermediates.noindex/swiftui-navigation-transitions.build/Debug-iphoneos/AtomicTransition.build/Objects-normal/arm64/AtomicTransition.swiftmodule /Users/harishvishwakarma/Library/Developer/Xcode/DerivedData/Revolt-dharrjsambcimaaziudpvzjdcigm/Build/Products/Debug-iphoneos/AtomicTransition.swiftmodule/arm64-apple-ios.swiftmodule

SwiftMergeGeneratedHeaders /Users/harishvishwakarma/Library/Developer/Xcode/DerivedData/Revolt-dharrjsambcimaaziudpvzjdcigm/Build/Intermediates.noindex/GeneratedModuleMaps-iphoneos/PopupView-Swift.h /Users/harishvishwakarma/Library/Developer/Xcode/DerivedData/Revolt-dharrjsambcimaaziudpvzjdcigm/Build/Intermediates.noindex/PopupView.build/Debug-iphoneos/PopupView.build/Objects-normal/arm64/PopupView-Swift.h (in target 'PopupView' from project 'PopupView')
    cd /Users/harishvishwakarma/Library/Developer/Xcode/DerivedData/Revolt-dharrjsambcimaaziudpvzjdcigm/SourcePackages/checkouts/PopupView
    builtin-swiftHeaderTool -arch arm64 /Users/harishvishwakarma/Library/Developer/Xcode/DerivedData/Revolt-dharrjsambcimaaziudpvzjdcigm/Build/Intermediates.noindex/PopupView.build/Debug-iphoneos/PopupView.build/Objects-normal/arm64/PopupView-Swift.h -o /Users/harishvishwakarma/Library/Developer/Xcode/DerivedData/Revolt-dharrjsambcimaaziudpvzjdcigm/Build/Intermediates.noindex/GeneratedModuleMaps-iphoneos/PopupView-Swift.h

Copy /Users/harishvishwakarma/Library/Developer/Xcode/DerivedData/Revolt-dharrjsambcimaaziudpvzjdcigm/Build/Products/Debug-iphoneos/PopupView.swiftmodule/arm64-apple-ios.swiftmodule /Users/harishvishwakarma/Library/Developer/Xcode/DerivedData/Revolt-dharrjsambcimaaziudpvzjdcigm/Build/Intermediates.noindex/PopupView.build/Debug-iphoneos/PopupView.build/Objects-normal/arm64/PopupView.swiftmodule (in target 'PopupView' from project 'PopupView')
    cd /Users/harishvishwakarma/Library/Developer/Xcode/DerivedData/Revolt-dharrjsambcimaaziudpvzjdcigm/SourcePackages/checkouts/PopupView
    builtin-copy -exclude .DS_Store -exclude CVS -exclude .svn -exclude .git -exclude .hg -resolve-src-symlinks -rename /Users/harishvishwakarma/Library/Developer/Xcode/DerivedData/Revolt-dharrjsambcimaaziudpvzjdcigm/Build/Intermediates.noindex/PopupView.build/Debug-iphoneos/PopupView.build/Objects-normal/arm64/PopupView.swiftmodule /Users/harishvishwakarma/Library/Developer/Xcode/DerivedData/Revolt-dharrjsambcimaaziudpvzjdcigm/Build/Products/Debug-iphoneos/PopupView.swiftmodule/arm64-apple-ios.swiftmodule

Copy /Users/harishvishwakarma/Library/Developer/Xcode/DerivedData/Revolt-dharrjsambcimaaziudpvzjdcigm/Build/Products/Debug-iphoneos/PopupView.swiftmodule/arm64-apple-ios.swiftdoc /Users/harishvishwakarma/Library/Developer/Xcode/DerivedData/Revolt-dharrjsambcimaaziudpvzjdcigm/Build/Intermediates.noindex/PopupView.build/Debug-iphoneos/PopupView.build/Objects-normal/arm64/PopupView.swiftdoc (in target 'PopupView' from project 'PopupView')
    cd /Users/harishvishwakarma/Library/Developer/Xcode/DerivedData/Revolt-dharrjsambcimaaziudpvzjdcigm/SourcePackages/checkouts/PopupView
    builtin-copy -exclude .DS_Store -exclude CVS -exclude .svn -exclude .git -exclude .hg -resolve-src-symlinks -rename /Users/harishvishwakarma/Library/Developer/Xcode/DerivedData/Revolt-dharrjsambcimaaziudpvzjdcigm/Build/Intermediates.noindex/PopupView.build/Debug-iphoneos/PopupView.build/Objects-normal/arm64/PopupView.swiftdoc /Users/harishvishwakarma/Library/Developer/Xcode/DerivedData/Revolt-dharrjsambcimaaziudpvzjdcigm/Build/Products/Debug-iphoneos/PopupView.swiftmodule/arm64-apple-ios.swiftdoc

Copy /Users/harishvishwakarma/Library/Developer/Xcode/DerivedData/Revolt-dharrjsambcimaaziudpvzjdcigm/Build/Products/Debug-iphoneos/PopupView.swiftmodule/arm64-apple-ios.abi.json /Users/harishvishwakarma/Library/Developer/Xcode/DerivedData/Revolt-dharrjsambcimaaziudpvzjdcigm/Build/Intermediates.noindex/PopupView.build/Debug-iphoneos/PopupView.build/Objects-normal/arm64/PopupView.abi.json (in target 'PopupView' from project 'PopupView')
    cd /Users/harishvishwakarma/Library/Developer/Xcode/DerivedData/Revolt-dharrjsambcimaaziudpvzjdcigm/SourcePackages/checkouts/PopupView
    builtin-copy -exclude .DS_Store -exclude CVS -exclude .svn -exclude .git -exclude .hg -resolve-src-symlinks -rename /Users/harishvishwakarma/Library/Developer/Xcode/DerivedData/Revolt-dharrjsambcimaaziudpvzjdcigm/Build/Intermediates.noindex/PopupView.build/Debug-iphoneos/PopupView.build/Objects-normal/arm64/PopupView.abi.json /Users/harishvishwakarma/Library/Developer/Xcode/DerivedData/Revolt-dharrjsambcimaaziudpvzjdcigm/Build/Products/Debug-iphoneos/PopupView.swiftmodule/arm64-apple-ios.abi.json

Copy /Users/harishvishwakarma/Library/Developer/Xcode/DerivedData/Revolt-dharrjsambcimaaziudpvzjdcigm/Build/Products/Debug-iphoneos/PopupView.swiftmodule/Project/arm64-apple-ios.swiftsourceinfo /Users/harishvishwakarma/Library/Developer/Xcode/DerivedData/Revolt-dharrjsambcimaaziudpvzjdcigm/Build/Intermediates.noindex/PopupView.build/Debug-iphoneos/PopupView.build/Objects-normal/arm64/PopupView.swiftsourceinfo (in target 'PopupView' from project 'PopupView')
    cd /Users/harishvishwakarma/Library/Developer/Xcode/DerivedData/Revolt-dharrjsambcimaaziudpvzjdcigm/SourcePackages/checkouts/PopupView
    builtin-copy -exclude .DS_Store -exclude CVS -exclude .svn -exclude .git -exclude .hg -resolve-src-symlinks -rename /Users/harishvishwakarma/Library/Developer/Xcode/DerivedData/Revolt-dharrjsambcimaaziudpvzjdcigm/Build/Intermediates.noindex/PopupView.build/Debug-iphoneos/PopupView.build/Objects-normal/arm64/PopupView.swiftsourceinfo /Users/harishvishwakarma/Library/Developer/Xcode/DerivedData/Revolt-dharrjsambcimaaziudpvzjdcigm/Build/Products/Debug-iphoneos/PopupView.swiftmodule/Project/arm64-apple-ios.swiftsourceinfo

Copy /Users/harishvishwakarma/Library/Developer/Xcode/DerivedData/Revolt-dharrjsambcimaaziudpvzjdcigm/Build/Products/Debug-iphoneos/AtomicTransition.swiftmodule/arm64-apple-ios.swiftdoc /Users/harishvishwakarma/Library/Developer/Xcode/DerivedData/Revolt-dharrjsambcimaaziudpvzjdcigm/Build/Intermediates.noindex/swiftui-navigation-transitions.build/Debug-iphoneos/AtomicTransition.build/Objects-normal/arm64/AtomicTransition.swiftdoc (in target 'AtomicTransition' from project 'swiftui-navigation-transitions')
    cd /Users/harishvishwakarma/Library/Developer/Xcode/DerivedData/Revolt-dharrjsambcimaaziudpvzjdcigm/SourcePackages/checkouts/swiftui-navigation-transitions
    builtin-copy -exclude .DS_Store -exclude CVS -exclude .svn -exclude .git -exclude .hg -resolve-src-symlinks -rename /Users/harishvishwakarma/Library/Developer/Xcode/DerivedData/Revolt-dharrjsambcimaaziudpvzjdcigm/Build/Intermediates.noindex/swiftui-navigation-transitions.build/Debug-iphoneos/AtomicTransition.build/Objects-normal/arm64/AtomicTransition.swiftdoc /Users/harishvishwakarma/Library/Developer/Xcode/DerivedData/Revolt-dharrjsambcimaaziudpvzjdcigm/Build/Products/Debug-iphoneos/AtomicTransition.swiftmodule/arm64-apple-ios.swiftdoc

Copy /Users/harishvishwakarma/Library/Developer/Xcode/DerivedData/Revolt-dharrjsambcimaaziudpvzjdcigm/Build/Products/Debug-iphoneos/AtomicTransition.swiftmodule/arm64-apple-ios.abi.json /Users/harishvishwakarma/Library/Developer/Xcode/DerivedData/Revolt-dharrjsambcimaaziudpvzjdcigm/Build/Intermediates.noindex/swiftui-navigation-transitions.build/Debug-iphoneos/AtomicTransition.build/Objects-normal/arm64/AtomicTransition.abi.json (in target 'AtomicTransition' from project 'swiftui-navigation-transitions')
    cd /Users/harishvishwakarma/Library/Developer/Xcode/DerivedData/Revolt-dharrjsambcimaaziudpvzjdcigm/SourcePackages/checkouts/swiftui-navigation-transitions
    builtin-copy -exclude .DS_Store -exclude CVS -exclude .svn -exclude .git -exclude .hg -resolve-src-symlinks -rename /Users/harishvishwakarma/Library/Developer/Xcode/DerivedData/Revolt-dharrjsambcimaaziudpvzjdcigm/Build/Intermediates.noindex/swiftui-navigation-transitions.build/Debug-iphoneos/AtomicTransition.build/Objects-normal/arm64/AtomicTransition.abi.json /Users/harishvishwakarma/Library/Developer/Xcode/DerivedData/Revolt-dharrjsambcimaaziudpvzjdcigm/Build/Products/Debug-iphoneos/AtomicTransition.swiftmodule/arm64-apple-ios.abi.json

Copy /Users/harishvishwakarma/Library/Developer/Xcode/DerivedData/Revolt-dharrjsambcimaaziudpvzjdcigm/Build/Products/Debug-iphoneos/AtomicTransition.swiftmodule/Project/arm64-apple-ios.swiftsourceinfo /Users/harishvishwakarma/Library/Developer/Xcode/DerivedData/Revolt-dharrjsambcimaaziudpvzjdcigm/Build/Intermediates.noindex/swiftui-navigation-transitions.build/Debug-iphoneos/AtomicTransition.build/Objects-normal/arm64/AtomicTransition.swiftsourceinfo (in target 'AtomicTransition' from project 'swiftui-navigation-transitions')
    cd /Users/harishvishwakarma/Library/Developer/Xcode/DerivedData/Revolt-dharrjsambcimaaziudpvzjdcigm/SourcePackages/checkouts/swiftui-navigation-transitions
    builtin-copy -exclude .DS_Store -exclude CVS -exclude .svn -exclude .git -exclude .hg -resolve-src-symlinks -rename /Users/harishvishwakarma/Library/Developer/Xcode/DerivedData/Revolt-dharrjsambcimaaziudpvzjdcigm/Build/Intermediates.noindex/swiftui-navigation-transitions.build/Debug-iphoneos/AtomicTransition.build/Objects-normal/arm64/AtomicTransition.swiftsourceinfo /Users/harishvishwakarma/Library/Developer/Xcode/DerivedData/Revolt-dharrjsambcimaaziudpvzjdcigm/Build/Products/Debug-iphoneos/AtomicTransition.swiftmodule/Project/arm64-apple-ios.swiftsourceinfo

SwiftCompile normal arm64 Compiling\ BigString+RemoveSubrange.swift,\ BigString+ReplaceSubrange.swift,\ BigString+Split.swift,\ Range+BigString.swift,\ BigString+UTF16View.swift,\ BigString+UTF8View.swift /Users/harishvishwakarma/Library/Developer/Xcode/DerivedData/Revolt-dharrjsambcimaaziudpvzjdcigm/SourcePackages/checkouts/swift-collections/Sources/RopeModule/BigString/Operations/BigString+RemoveSubrange.swift /Users/harishvishwakarma/Library/Developer/Xcode/DerivedData/Revolt-dharrjsambcimaaziudpvzjdcigm/SourcePackages/checkouts/swift-collections/Sources/RopeModule/BigString/Operations/BigString+ReplaceSubrange.swift /Users/harishvishwakarma/Library/Developer/Xcode/DerivedData/Revolt-dharrjsambcimaaziudpvzjdcigm/SourcePackages/checkouts/swift-collections/Sources/RopeModule/BigString/Operations/BigString+Split.swift /Users/harishvishwakarma/Library/Developer/Xcode/DerivedData/Revolt-dharrjsambcimaaziudpvzjdcigm/SourcePackages/checkouts/swift-collections/Sources/RopeModule/BigString/Operations/Range+BigString.swift /Users/harishvishwakarma/Library/Developer/Xcode/DerivedData/Revolt-dharrjsambcimaaziudpvzjdcigm/SourcePackages/checkouts/swift-collections/Sources/RopeModule/BigString/Views/BigString+UTF16View.swift /Users/harishvishwakarma/Library/Developer/Xcode/DerivedData/Revolt-dharrjsambcimaaziudpvzjdcigm/SourcePackages/checkouts/swift-collections/Sources/RopeModule/BigString/Views/BigString+UTF8View.swift (in target '_RopeModule' from project 'swift-collections')

SwiftCompile normal arm64 /Users/harishvishwakarma/Library/Developer/Xcode/DerivedData/Revolt-dharrjsambcimaaziudpvzjdcigm/SourcePackages/checkouts/swift-collections/Sources/RopeModule/BigString/Operations/BigString+RemoveSubrange.swift (in target '_RopeModule' from project 'swift-collections')
    cd /Users/harishvishwakarma/Handy/Archem/pepchat-ios/Revolt.xcodeproj
    

SwiftCompile normal arm64 /Users/harishvishwakarma/Library/Developer/Xcode/DerivedData/Revolt-dharrjsambcimaaziudpvzjdcigm/SourcePackages/checkouts/swift-collections/Sources/RopeModule/BigString/Operations/BigString+ReplaceSubrange.swift (in target '_RopeModule' from project 'swift-collections')
    cd /Users/harishvishwakarma/Handy/Archem/pepchat-ios/Revolt.xcodeproj
    

SwiftCompile normal arm64 /Users/harishvishwakarma/Library/Developer/Xcode/DerivedData/Revolt-dharrjsambcimaaziudpvzjdcigm/SourcePackages/checkouts/swift-collections/Sources/RopeModule/BigString/Operations/BigString+Split.swift (in target '_RopeModule' from project 'swift-collections')
    cd /Users/harishvishwakarma/Handy/Archem/pepchat-ios/Revolt.xcodeproj
    

SwiftCompile normal arm64 /Users/harishvishwakarma/Library/Developer/Xcode/DerivedData/Revolt-dharrjsambcimaaziudpvzjdcigm/SourcePackages/checkouts/swift-collections/Sources/RopeModule/BigString/Operations/Range+BigString.swift (in target '_RopeModule' from project 'swift-collections')
    cd /Users/harishvishwakarma/Handy/Archem/pepchat-ios/Revolt.xcodeproj
    

SwiftCompile normal arm64 /Users/harishvishwakarma/Library/Developer/Xcode/DerivedData/Revolt-dharrjsambcimaaziudpvzjdcigm/SourcePackages/checkouts/swift-collections/Sources/RopeModule/BigString/Views/BigString+UTF16View.swift (in target '_RopeModule' from project 'swift-collections')
    cd /Users/harishvishwakarma/Handy/Archem/pepchat-ios/Revolt.xcodeproj
    

SwiftCompile normal arm64 /Users/harishvishwakarma/Library/Developer/Xcode/DerivedData/Revolt-dharrjsambcimaaziudpvzjdcigm/SourcePackages/checkouts/swift-collections/Sources/RopeModule/BigString/Views/BigString+UTF8View.swift (in target '_RopeModule' from project 'swift-collections')
    cd /Users/harishvishwakarma/Handy/Archem/pepchat-ios/Revolt.xcodeproj
    

SwiftCompile normal arm64 Compiling\ BigString+Metrics.swift,\ BigString+Summary.swift,\ BigString.swift,\ BigString+Chunk+Append\ and\ Insert.swift,\ BigString+Chunk+Breaks.swift,\ BigString+Chunk+Counts.swift,\ BigString+Chunk+Description.swift /Users/harishvishwakarma/Library/Developer/Xcode/DerivedData/Revolt-dharrjsambcimaaziudpvzjdcigm/SourcePackages/checkouts/swift-collections/Sources/RopeModule/BigString/Basics/BigString+Metrics.swift /Users/harishvishwakarma/Library/Developer/Xcode/DerivedData/Revolt-dharrjsambcimaaziudpvzjdcigm/SourcePackages/checkouts/swift-collections/Sources/RopeModule/BigString/Basics/BigString+Summary.swift /Users/harishvishwakarma/Library/Developer/Xcode/DerivedData/Revolt-dharrjsambcimaaziudpvzjdcigm/SourcePackages/checkouts/swift-collections/Sources/RopeModule/BigString/Basics/BigString.swift /Users/harishvishwakarma/Library/Developer/Xcode/DerivedData/Revolt-dharrjsambcimaaziudpvzjdcigm/SourcePackages/checkouts/swift-collections/Sources/RopeModule/BigString/Chunk/BigString+Chunk+Append\ and\ Insert.swift /Users/harishvishwakarma/Library/Developer/Xcode/DerivedData/Revolt-dharrjsambcimaaziudpvzjdcigm/SourcePackages/checkouts/swift-collections/Sources/RopeModule/BigString/Chunk/BigString+Chunk+Breaks.swift /Users/harishvishwakarma/Library/Developer/Xcode/DerivedData/Revolt-dharrjsambcimaaziudpvzjdcigm/SourcePackages/checkouts/swift-collections/Sources/RopeModule/BigString/Chunk/BigString+Chunk+Counts.swift /Users/harishvishwakarma/Library/Developer/Xcode/DerivedData/Revolt-dharrjsambcimaaziudpvzjdcigm/SourcePackages/checkouts/swift-collections/Sources/RopeModule/BigString/Chunk/BigString+Chunk+Description.swift (in target '_RopeModule' from project 'swift-collections')

SwiftCompile normal arm64 /Users/harishvishwakarma/Library/Developer/Xcode/DerivedData/Revolt-dharrjsambcimaaziudpvzjdcigm/SourcePackages/checkouts/swift-collections/Sources/RopeModule/BigString/Basics/BigString+Metrics.swift (in target '_RopeModule' from project 'swift-collections')
    cd /Users/harishvishwakarma/Handy/Archem/pepchat-ios/Revolt.xcodeproj
    

SwiftCompile normal arm64 /Users/harishvishwakarma/Library/Developer/Xcode/DerivedData/Revolt-dharrjsambcimaaziudpvzjdcigm/SourcePackages/checkouts/swift-collections/Sources/RopeModule/BigString/Basics/BigString+Summary.swift (in target '_RopeModule' from project 'swift-collections')
    cd /Users/harishvishwakarma/Handy/Archem/pepchat-ios/Revolt.xcodeproj
    

SwiftCompile normal arm64 /Users/harishvishwakarma/Library/Developer/Xcode/DerivedData/Revolt-dharrjsambcimaaziudpvzjdcigm/SourcePackages/checkouts/swift-collections/Sources/RopeModule/BigString/Basics/BigString.swift (in target '_RopeModule' from project 'swift-collections')
    cd /Users/harishvishwakarma/Handy/Archem/pepchat-ios/Revolt.xcodeproj
    

SwiftCompile normal arm64 /Users/harishvishwakarma/Library/Developer/Xcode/DerivedData/Revolt-dharrjsambcimaaziudpvzjdcigm/SourcePackages/checkouts/swift-collections/Sources/RopeModule/BigString/Chunk/BigString+Chunk+Append\ and\ Insert.swift (in target '_RopeModule' from project 'swift-collections')
    cd /Users/harishvishwakarma/Handy/Archem/pepchat-ios/Revolt.xcodeproj
    

SwiftCompile normal arm64 /Users/harishvishwakarma/Library/Developer/Xcode/DerivedData/Revolt-dharrjsambcimaaziudpvzjdcigm/SourcePackages/checkouts/swift-collections/Sources/RopeModule/BigString/Chunk/BigString+Chunk+Breaks.swift (in target '_RopeModule' from project 'swift-collections')
    cd /Users/harishvishwakarma/Handy/Archem/pepchat-ios/Revolt.xcodeproj
    

SwiftCompile normal arm64 /Users/harishvishwakarma/Library/Developer/Xcode/DerivedData/Revolt-dharrjsambcimaaziudpvzjdcigm/SourcePackages/checkouts/swift-collections/Sources/RopeModule/BigString/Chunk/BigString+Chunk+Counts.swift (in target '_RopeModule' from project 'swift-collections')
    cd /Users/harishvishwakarma/Handy/Archem/pepchat-ios/Revolt.xcodeproj
    

SwiftCompile normal arm64 /Users/harishvishwakarma/Library/Developer/Xcode/DerivedData/Revolt-dharrjsambcimaaziudpvzjdcigm/SourcePackages/checkouts/swift-collections/Sources/RopeModule/BigString/Chunk/BigString+Chunk+Description.swift (in target '_RopeModule' from project 'swift-collections')
    cd /Users/harishvishwakarma/Handy/Archem/pepchat-ios/Revolt.xcodeproj
    

SwiftDriverJobDiscovery normal arm64 Emitting module for DequeModule (in target 'DequeModule' from project 'swift-collections')

SwiftDriver\ Compilation\ Requirements DequeModule normal arm64 com.apple.xcode.tools.swift.compiler (in target 'DequeModule' from project 'swift-collections')
    cd /Users/harishvishwakarma/Handy/Archem/pepchat-ios/Revolt.xcodeproj
    builtin-Swift-Compilation-Requirements -- /Applications/Xcode.app/Contents/Developer/Toolchains/XcodeDefault.xctoolchain/usr/bin/swiftc -module-name DequeModule -Onone -enforce-exclusivity\=checked @/Users/harishvishwakarma/Library/Developer/Xcode/DerivedData/Revolt-dharrjsambcimaaziudpvzjdcigm/Build/Intermediates.noindex/swift-collections.build/Debug-iphoneos/DequeModule.build/Objects-normal/arm64/DequeModule.SwiftFileList -DSWIFT_PACKAGE -DDEBUG -DCOLLECTIONS_RANDOMIZED_TESTING -DXcode -plugin-path /Applications/Xcode.app/Contents/Developer/Toolchains/XcodeDefault.xctoolchain/usr/lib/swift/host/plugins/testing -enable-experimental-feature DebugDescriptionMacro -sdk /Applications/Xcode.app/Contents/Developer/Platforms/iPhoneOS.platform/Developer/SDKs/iPhoneOS18.5.sdk -target arm64-apple-ios12.0 -g -module-cache-path /Users/harishvishwakarma/Library/Developer/Xcode/DerivedData/ModuleCache.noindex -Xfrontend -serialize-debugging-options -enable-testing -suppress-warnings -index-store-path /Users/harishvishwakarma/Library/Developer/Xcode/DerivedData/Revolt-dharrjsambcimaaziudpvzjdcigm/Index.noindex/DataStore -swift-version 5 -I /Users/harishvishwakarma/Library/Developer/Xcode/DerivedData/Revolt-dharrjsambcimaaziudpvzjdcigm/Build/Products/Debug-iphoneos -I /Applications/Xcode.app/Contents/Developer/Platforms/iPhoneOS.platform/Developer/usr/lib -F /Users/harishvishwakarma/Library/Developer/Xcode/DerivedData/Revolt-dharrjsambcimaaziudpvzjdcigm/Build/Products/Debug-iphoneos/PackageFrameworks -F /Users/harishvishwakarma/Library/Developer/Xcode/DerivedData/Revolt-dharrjsambcimaaziudpvzjdcigm/Build/Products/Debug-iphoneos -F /Applications/Xcode.app/Contents/Developer/Platforms/iPhoneOS.platform/Developer/Library/Frameworks -F /Applications/Xcode.app/Contents/Developer/Platforms/iPhoneOS.platform/Developer/SDKs/iPhoneOS18.5.sdk/Developer/Library/Frameworks -c -j12 -enable-batch-mode -incremental -Xcc -ivfsstatcache -Xcc /Users/harishvishwakarma/Library/Developer/Xcode/DerivedData/SDKStatCaches.noindex/iphoneos18.5-22F76-7fa4eea80a99bbfdc046826b63ec4baf.sdkstatcache -output-file-map /Users/harishvishwakarma/Library/Developer/Xcode/DerivedData/Revolt-dharrjsambcimaaziudpvzjdcigm/Build/Intermediates.noindex/swift-collections.build/Debug-iphoneos/DequeModule.build/Objects-normal/arm64/DequeModule-OutputFileMap.json -use-frontend-parseable-output -save-temps -no-color-diagnostics -serialize-diagnostics -emit-dependencies -emit-module -emit-module-path /Users/harishvishwakarma/Library/Developer/Xcode/DerivedData/Revolt-dharrjsambcimaaziudpvzjdcigm/Build/Intermediates.noindex/swift-collections.build/Debug-iphoneos/DequeModule.build/Objects-normal/arm64/DequeModule.swiftmodule -validate-clang-modules-once -clang-build-session-file /Users/harishvishwakarma/Library/Developer/Xcode/DerivedData/ModuleCache.noindex/Session.modulevalidation -Xcc -I/Users/harishvishwakarma/Library/Developer/Xcode/DerivedData/Revolt-dharrjsambcimaaziudpvzjdcigm/Build/Intermediates.noindex/swift-collections.build/Debug-iphoneos/DequeModule.build/swift-overrides.hmap -emit-const-values -Xfrontend -const-gather-protocols-file -Xfrontend /Users/harishvishwakarma/Library/Developer/Xcode/DerivedData/Revolt-dharrjsambcimaaziudpvzjdcigm/Build/Intermediates.noindex/swift-collections.build/Debug-iphoneos/DequeModule.build/Objects-normal/arm64/DequeModule_const_extract_protocols.json -Xcc -I/Users/harishvishwakarma/Library/Developer/Xcode/DerivedData/Revolt-dharrjsambcimaaziudpvzjdcigm/Build/Products/Debug-iphoneos/include -Xcc -I/Users/harishvishwakarma/Library/Developer/Xcode/DerivedData/Revolt-dharrjsambcimaaziudpvzjdcigm/Build/Intermediates.noindex/swift-collections.build/Debug-iphoneos/DequeModule.build/DerivedSources-normal/arm64 -Xcc -I/Users/harishvishwakarma/Library/Developer/Xcode/DerivedData/Revolt-dharrjsambcimaaziudpvzjdcigm/Build/Intermediates.noindex/swift-collections.build/Debug-iphoneos/DequeModule.build/DerivedSources/arm64 -Xcc -I/Users/harishvishwakarma/Library/Developer/Xcode/DerivedData/Revolt-dharrjsambcimaaziudpvzjdcigm/Build/Intermediates.noindex/swift-collections.build/Debug-iphoneos/DequeModule.build/DerivedSources -Xcc -DSWIFT_PACKAGE -Xcc -DDEBUG\=1 -emit-objc-header -emit-objc-header-path /Users/harishvishwakarma/Library/Developer/Xcode/DerivedData/Revolt-dharrjsambcimaaziudpvzjdcigm/Build/Intermediates.noindex/swift-collections.build/Debug-iphoneos/DequeModule.build/Objects-normal/arm64/DequeModule-Swift.h -working-directory /Users/harishvishwakarma/Handy/Archem/pepchat-ios/Revolt.xcodeproj -experimental-emit-module-separately -disable-cmo

SwiftDriverJobDiscovery normal arm64 Emitting module for BitCollections (in target 'BitCollections' from project 'swift-collections')

SwiftDriver\ Compilation\ Requirements BitCollections normal arm64 com.apple.xcode.tools.swift.compiler (in target 'BitCollections' from project 'swift-collections')
    cd /Users/harishvishwakarma/Handy/Archem/pepchat-ios/Revolt.xcodeproj
    builtin-Swift-Compilation-Requirements -- /Applications/Xcode.app/Contents/Developer/Toolchains/XcodeDefault.xctoolchain/usr/bin/swiftc -module-name BitCollections -Onone -enforce-exclusivity\=checked @/Users/harishvishwakarma/Library/Developer/Xcode/DerivedData/Revolt-dharrjsambcimaaziudpvzjdcigm/Build/Intermediates.noindex/swift-collections.build/Debug-iphoneos/BitCollections.build/Objects-normal/arm64/BitCollections.SwiftFileList -DSWIFT_PACKAGE -DDEBUG -DCOLLECTIONS_RANDOMIZED_TESTING -DXcode -plugin-path /Applications/Xcode.app/Contents/Developer/Toolchains/XcodeDefault.xctoolchain/usr/lib/swift/host/plugins/testing -enable-experimental-feature DebugDescriptionMacro -sdk /Applications/Xcode.app/Contents/Developer/Platforms/iPhoneOS.platform/Developer/SDKs/iPhoneOS18.5.sdk -target arm64-apple-ios12.0 -g -module-cache-path /Users/harishvishwakarma/Library/Developer/Xcode/DerivedData/ModuleCache.noindex -Xfrontend -serialize-debugging-options -enable-testing -suppress-warnings -index-store-path /Users/harishvishwakarma/Library/Developer/Xcode/DerivedData/Revolt-dharrjsambcimaaziudpvzjdcigm/Index.noindex/DataStore -swift-version 5 -I /Users/harishvishwakarma/Library/Developer/Xcode/DerivedData/Revolt-dharrjsambcimaaziudpvzjdcigm/Build/Products/Debug-iphoneos -I /Applications/Xcode.app/Contents/Developer/Platforms/iPhoneOS.platform/Developer/usr/lib -F /Users/harishvishwakarma/Library/Developer/Xcode/DerivedData/Revolt-dharrjsambcimaaziudpvzjdcigm/Build/Products/Debug-iphoneos/PackageFrameworks -F /Users/harishvishwakarma/Library/Developer/Xcode/DerivedData/Revolt-dharrjsambcimaaziudpvzjdcigm/Build/Products/Debug-iphoneos -F /Applications/Xcode.app/Contents/Developer/Platforms/iPhoneOS.platform/Developer/Library/Frameworks -F /Applications/Xcode.app/Contents/Developer/Platforms/iPhoneOS.platform/Developer/SDKs/iPhoneOS18.5.sdk/Developer/Library/Frameworks -c -j12 -enable-batch-mode -incremental -Xcc -ivfsstatcache -Xcc /Users/harishvishwakarma/Library/Developer/Xcode/DerivedData/SDKStatCaches.noindex/iphoneos18.5-22F76-7fa4eea80a99bbfdc046826b63ec4baf.sdkstatcache -output-file-map /Users/harishvishwakarma/Library/Developer/Xcode/DerivedData/Revolt-dharrjsambcimaaziudpvzjdcigm/Build/Intermediates.noindex/swift-collections.build/Debug-iphoneos/BitCollections.build/Objects-normal/arm64/BitCollections-OutputFileMap.json -use-frontend-parseable-output -save-temps -no-color-diagnostics -serialize-diagnostics -emit-dependencies -emit-module -emit-module-path /Users/harishvishwakarma/Library/Developer/Xcode/DerivedData/Revolt-dharrjsambcimaaziudpvzjdcigm/Build/Intermediates.noindex/swift-collections.build/Debug-iphoneos/BitCollections.build/Objects-normal/arm64/BitCollections.swiftmodule -validate-clang-modules-once -clang-build-session-file /Users/harishvishwakarma/Library/Developer/Xcode/DerivedData/ModuleCache.noindex/Session.modulevalidation -Xcc -I/Users/harishvishwakarma/Library/Developer/Xcode/DerivedData/Revolt-dharrjsambcimaaziudpvzjdcigm/Build/Intermediates.noindex/swift-collections.build/Debug-iphoneos/BitCollections.build/swift-overrides.hmap -emit-const-values -Xfrontend -const-gather-protocols-file -Xfrontend /Users/harishvishwakarma/Library/Developer/Xcode/DerivedData/Revolt-dharrjsambcimaaziudpvzjdcigm/Build/Intermediates.noindex/swift-collections.build/Debug-iphoneos/BitCollections.build/Objects-normal/arm64/BitCollections_const_extract_protocols.json -Xcc -I/Users/harishvishwakarma/Library/Developer/Xcode/DerivedData/Revolt-dharrjsambcimaaziudpvzjdcigm/Build/Products/Debug-iphoneos/include -Xcc -I/Users/harishvishwakarma/Library/Developer/Xcode/DerivedData/Revolt-dharrjsambcimaaziudpvzjdcigm/Build/Intermediates.noindex/swift-collections.build/Debug-iphoneos/BitCollections.build/DerivedSources-normal/arm64 -Xcc -I/Users/harishvishwakarma/Library/Developer/Xcode/DerivedData/Revolt-dharrjsambcimaaziudpvzjdcigm/Build/Intermediates.noindex/swift-collections.build/Debug-iphoneos/BitCollections.build/DerivedSources/arm64 -Xcc -I/Users/harishvishwakarma/Library/Developer/Xcode/DerivedData/Revolt-dharrjsambcimaaziudpvzjdcigm/Build/Intermediates.noindex/swift-collections.build/Debug-iphoneos/BitCollections.build/DerivedSources -Xcc -DSWIFT_PACKAGE -Xcc -DDEBUG\=1 -emit-objc-header -emit-objc-header-path /Users/harishvishwakarma/Library/Developer/Xcode/DerivedData/Revolt-dharrjsambcimaaziudpvzjdcigm/Build/Intermediates.noindex/swift-collections.build/Debug-iphoneos/BitCollections.build/Objects-normal/arm64/BitCollections-Swift.h -working-directory /Users/harishvishwakarma/Handy/Archem/pepchat-ios/Revolt.xcodeproj -experimental-emit-module-separately -disable-cmo

SwiftMergeGeneratedHeaders /Users/harishvishwakarma/Library/Developer/Xcode/DerivedData/Revolt-dharrjsambcimaaziudpvzjdcigm/Build/Intermediates.noindex/GeneratedModuleMaps-iphoneos/DequeModule-Swift.h /Users/harishvishwakarma/Library/Developer/Xcode/DerivedData/Revolt-dharrjsambcimaaziudpvzjdcigm/Build/Intermediates.noindex/swift-collections.build/Debug-iphoneos/DequeModule.build/Objects-normal/arm64/DequeModule-Swift.h (in target 'DequeModule' from project 'swift-collections')
    cd /Users/harishvishwakarma/Library/Developer/Xcode/DerivedData/Revolt-dharrjsambcimaaziudpvzjdcigm/SourcePackages/checkouts/swift-collections
    builtin-swiftHeaderTool -arch arm64 /Users/harishvishwakarma/Library/Developer/Xcode/DerivedData/Revolt-dharrjsambcimaaziudpvzjdcigm/Build/Intermediates.noindex/swift-collections.build/Debug-iphoneos/DequeModule.build/Objects-normal/arm64/DequeModule-Swift.h -o /Users/harishvishwakarma/Library/Developer/Xcode/DerivedData/Revolt-dharrjsambcimaaziudpvzjdcigm/Build/Intermediates.noindex/GeneratedModuleMaps-iphoneos/DequeModule-Swift.h

Copy /Users/harishvishwakarma/Library/Developer/Xcode/DerivedData/Revolt-dharrjsambcimaaziudpvzjdcigm/Build/Products/Debug-iphoneos/DequeModule.swiftmodule/arm64-apple-ios.swiftmodule /Users/harishvishwakarma/Library/Developer/Xcode/DerivedData/Revolt-dharrjsambcimaaziudpvzjdcigm/Build/Intermediates.noindex/swift-collections.build/Debug-iphoneos/DequeModule.build/Objects-normal/arm64/DequeModule.swiftmodule (in target 'DequeModule' from project 'swift-collections')
    cd /Users/harishvishwakarma/Library/Developer/Xcode/DerivedData/Revolt-dharrjsambcimaaziudpvzjdcigm/SourcePackages/checkouts/swift-collections
    builtin-copy -exclude .DS_Store -exclude CVS -exclude .svn -exclude .git -exclude .hg -resolve-src-symlinks -rename /Users/harishvishwakarma/Library/Developer/Xcode/DerivedData/Revolt-dharrjsambcimaaziudpvzjdcigm/Build/Intermediates.noindex/swift-collections.build/Debug-iphoneos/DequeModule.build/Objects-normal/arm64/DequeModule.swiftmodule /Users/harishvishwakarma/Library/Developer/Xcode/DerivedData/Revolt-dharrjsambcimaaziudpvzjdcigm/Build/Products/Debug-iphoneos/DequeModule.swiftmodule/arm64-apple-ios.swiftmodule

Copy /Users/harishvishwakarma/Library/Developer/Xcode/DerivedData/Revolt-dharrjsambcimaaziudpvzjdcigm/Build/Products/Debug-iphoneos/DequeModule.swiftmodule/arm64-apple-ios.swiftdoc /Users/harishvishwakarma/Library/Developer/Xcode/DerivedData/Revolt-dharrjsambcimaaziudpvzjdcigm/Build/Intermediates.noindex/swift-collections.build/Debug-iphoneos/DequeModule.build/Objects-normal/arm64/DequeModule.swiftdoc (in target 'DequeModule' from project 'swift-collections')
    cd /Users/harishvishwakarma/Library/Developer/Xcode/DerivedData/Revolt-dharrjsambcimaaziudpvzjdcigm/SourcePackages/checkouts/swift-collections
    builtin-copy -exclude .DS_Store -exclude CVS -exclude .svn -exclude .git -exclude .hg -resolve-src-symlinks -rename /Users/harishvishwakarma/Library/Developer/Xcode/DerivedData/Revolt-dharrjsambcimaaziudpvzjdcigm/Build/Intermediates.noindex/swift-collections.build/Debug-iphoneos/DequeModule.build/Objects-normal/arm64/DequeModule.swiftdoc /Users/harishvishwakarma/Library/Developer/Xcode/DerivedData/Revolt-dharrjsambcimaaziudpvzjdcigm/Build/Products/Debug-iphoneos/DequeModule.swiftmodule/arm64-apple-ios.swiftdoc

Copy /Users/harishvishwakarma/Library/Developer/Xcode/DerivedData/Revolt-dharrjsambcimaaziudpvzjdcigm/Build/Products/Debug-iphoneos/DequeModule.swiftmodule/arm64-apple-ios.abi.json /Users/harishvishwakarma/Library/Developer/Xcode/DerivedData/Revolt-dharrjsambcimaaziudpvzjdcigm/Build/Intermediates.noindex/swift-collections.build/Debug-iphoneos/DequeModule.build/Objects-normal/arm64/DequeModule.abi.json (in target 'DequeModule' from project 'swift-collections')
    cd /Users/harishvishwakarma/Library/Developer/Xcode/DerivedData/Revolt-dharrjsambcimaaziudpvzjdcigm/SourcePackages/checkouts/swift-collections
    builtin-copy -exclude .DS_Store -exclude CVS -exclude .svn -exclude .git -exclude .hg -resolve-src-symlinks -rename /Users/harishvishwakarma/Library/Developer/Xcode/DerivedData/Revolt-dharrjsambcimaaziudpvzjdcigm/Build/Intermediates.noindex/swift-collections.build/Debug-iphoneos/DequeModule.build/Objects-normal/arm64/DequeModule.abi.json /Users/harishvishwakarma/Library/Developer/Xcode/DerivedData/Revolt-dharrjsambcimaaziudpvzjdcigm/Build/Products/Debug-iphoneos/DequeModule.swiftmodule/arm64-apple-ios.abi.json

Copy /Users/harishvishwakarma/Library/Developer/Xcode/DerivedData/Revolt-dharrjsambcimaaziudpvzjdcigm/Build/Products/Debug-iphoneos/DequeModule.swiftmodule/Project/arm64-apple-ios.swiftsourceinfo /Users/harishvishwakarma/Library/Developer/Xcode/DerivedData/Revolt-dharrjsambcimaaziudpvzjdcigm/Build/Intermediates.noindex/swift-collections.build/Debug-iphoneos/DequeModule.build/Objects-normal/arm64/DequeModule.swiftsourceinfo (in target 'DequeModule' from project 'swift-collections')
    cd /Users/harishvishwakarma/Library/Developer/Xcode/DerivedData/Revolt-dharrjsambcimaaziudpvzjdcigm/SourcePackages/checkouts/swift-collections
    builtin-copy -exclude .DS_Store -exclude CVS -exclude .svn -exclude .git -exclude .hg -resolve-src-symlinks -rename /Users/harishvishwakarma/Library/Developer/Xcode/DerivedData/Revolt-dharrjsambcimaaziudpvzjdcigm/Build/Intermediates.noindex/swift-collections.build/Debug-iphoneos/DequeModule.build/Objects-normal/arm64/DequeModule.swiftsourceinfo /Users/harishvishwakarma/Library/Developer/Xcode/DerivedData/Revolt-dharrjsambcimaaziudpvzjdcigm/Build/Products/Debug-iphoneos/DequeModule.swiftmodule/Project/arm64-apple-ios.swiftsourceinfo

SwiftMergeGeneratedHeaders /Users/harishvishwakarma/Library/Developer/Xcode/DerivedData/Revolt-dharrjsambcimaaziudpvzjdcigm/Build/Intermediates.noindex/GeneratedModuleMaps-iphoneos/BitCollections-Swift.h /Users/harishvishwakarma/Library/Developer/Xcode/DerivedData/Revolt-dharrjsambcimaaziudpvzjdcigm/Build/Intermediates.noindex/swift-collections.build/Debug-iphoneos/BitCollections.build/Objects-normal/arm64/BitCollections-Swift.h (in target 'BitCollections' from project 'swift-collections')
    cd /Users/harishvishwakarma/Library/Developer/Xcode/DerivedData/Revolt-dharrjsambcimaaziudpvzjdcigm/SourcePackages/checkouts/swift-collections
    builtin-swiftHeaderTool -arch arm64 /Users/harishvishwakarma/Library/Developer/Xcode/DerivedData/Revolt-dharrjsambcimaaziudpvzjdcigm/Build/Intermediates.noindex/swift-collections.build/Debug-iphoneos/BitCollections.build/Objects-normal/arm64/BitCollections-Swift.h -o /Users/harishvishwakarma/Library/Developer/Xcode/DerivedData/Revolt-dharrjsambcimaaziudpvzjdcigm/Build/Intermediates.noindex/GeneratedModuleMaps-iphoneos/BitCollections-Swift.h

Copy /Users/harishvishwakarma/Library/Developer/Xcode/DerivedData/Revolt-dharrjsambcimaaziudpvzjdcigm/Build/Products/Debug-iphoneos/BitCollections.swiftmodule/arm64-apple-ios.swiftmodule /Users/harishvishwakarma/Library/Developer/Xcode/DerivedData/Revolt-dharrjsambcimaaziudpvzjdcigm/Build/Intermediates.noindex/swift-collections.build/Debug-iphoneos/BitCollections.build/Objects-normal/arm64/BitCollections.swiftmodule (in target 'BitCollections' from project 'swift-collections')
    cd /Users/harishvishwakarma/Library/Developer/Xcode/DerivedData/Revolt-dharrjsambcimaaziudpvzjdcigm/SourcePackages/checkouts/swift-collections
    builtin-copy -exclude .DS_Store -exclude CVS -exclude .svn -exclude .git -exclude .hg -resolve-src-symlinks -rename /Users/harishvishwakarma/Library/Developer/Xcode/DerivedData/Revolt-dharrjsambcimaaziudpvzjdcigm/Build/Intermediates.noindex/swift-collections.build/Debug-iphoneos/BitCollections.build/Objects-normal/arm64/BitCollections.swiftmodule /Users/harishvishwakarma/Library/Developer/Xcode/DerivedData/Revolt-dharrjsambcimaaziudpvzjdcigm/Build/Products/Debug-iphoneos/BitCollections.swiftmodule/arm64-apple-ios.swiftmodule

Copy /Users/harishvishwakarma/Library/Developer/Xcode/DerivedData/Revolt-dharrjsambcimaaziudpvzjdcigm/Build/Products/Debug-iphoneos/BitCollections.swiftmodule/arm64-apple-ios.swiftdoc /Users/harishvishwakarma/Library/Developer/Xcode/DerivedData/Revolt-dharrjsambcimaaziudpvzjdcigm/Build/Intermediates.noindex/swift-collections.build/Debug-iphoneos/BitCollections.build/Objects-normal/arm64/BitCollections.swiftdoc (in target 'BitCollections' from project 'swift-collections')
    cd /Users/harishvishwakarma/Library/Developer/Xcode/DerivedData/Revolt-dharrjsambcimaaziudpvzjdcigm/SourcePackages/checkouts/swift-collections
    builtin-copy -exclude .DS_Store -exclude CVS -exclude .svn -exclude .git -exclude .hg -resolve-src-symlinks -rename /Users/harishvishwakarma/Library/Developer/Xcode/DerivedData/Revolt-dharrjsambcimaaziudpvzjdcigm/Build/Intermediates.noindex/swift-collections.build/Debug-iphoneos/BitCollections.build/Objects-normal/arm64/BitCollections.swiftdoc /Users/harishvishwakarma/Library/Developer/Xcode/DerivedData/Revolt-dharrjsambcimaaziudpvzjdcigm/Build/Products/Debug-iphoneos/BitCollections.swiftmodule/arm64-apple-ios.swiftdoc

Copy /Users/harishvishwakarma/Library/Developer/Xcode/DerivedData/Revolt-dharrjsambcimaaziudpvzjdcigm/Build/Products/Debug-iphoneos/BitCollections.swiftmodule/arm64-apple-ios.abi.json /Users/harishvishwakarma/Library/Developer/Xcode/DerivedData/Revolt-dharrjsambcimaaziudpvzjdcigm/Build/Intermediates.noindex/swift-collections.build/Debug-iphoneos/BitCollections.build/Objects-normal/arm64/BitCollections.abi.json (in target 'BitCollections' from project 'swift-collections')
    cd /Users/harishvishwakarma/Library/Developer/Xcode/DerivedData/Revolt-dharrjsambcimaaziudpvzjdcigm/SourcePackages/checkouts/swift-collections
    builtin-copy -exclude .DS_Store -exclude CVS -exclude .svn -exclude .git -exclude .hg -resolve-src-symlinks -rename /Users/harishvishwakarma/Library/Developer/Xcode/DerivedData/Revolt-dharrjsambcimaaziudpvzjdcigm/Build/Intermediates.noindex/swift-collections.build/Debug-iphoneos/BitCollections.build/Objects-normal/arm64/BitCollections.abi.json /Users/harishvishwakarma/Library/Developer/Xcode/DerivedData/Revolt-dharrjsambcimaaziudpvzjdcigm/Build/Products/Debug-iphoneos/BitCollections.swiftmodule/arm64-apple-ios.abi.json

Copy /Users/harishvishwakarma/Library/Developer/Xcode/DerivedData/Revolt-dharrjsambcimaaziudpvzjdcigm/Build/Products/Debug-iphoneos/BitCollections.swiftmodule/Project/arm64-apple-ios.swiftsourceinfo /Users/harishvishwakarma/Library/Developer/Xcode/DerivedData/Revolt-dharrjsambcimaaziudpvzjdcigm/Build/Intermediates.noindex/swift-collections.build/Debug-iphoneos/BitCollections.build/Objects-normal/arm64/BitCollections.swiftsourceinfo (in target 'BitCollections' from project 'swift-collections')
    cd /Users/harishvishwakarma/Library/Developer/Xcode/DerivedData/Revolt-dharrjsambcimaaziudpvzjdcigm/SourcePackages/checkouts/swift-collections
    builtin-copy -exclude .DS_Store -exclude CVS -exclude .svn -exclude .git -exclude .hg -resolve-src-symlinks -rename /Users/harishvishwakarma/Library/Developer/Xcode/DerivedData/Revolt-dharrjsambcimaaziudpvzjdcigm/Build/Intermediates.noindex/swift-collections.build/Debug-iphoneos/BitCollections.build/Objects-normal/arm64/BitCollections.swiftsourceinfo /Users/harishvishwakarma/Library/Developer/Xcode/DerivedData/Revolt-dharrjsambcimaaziudpvzjdcigm/Build/Products/Debug-iphoneos/BitCollections.swiftmodule/Project/arm64-apple-ios.swiftsourceinfo

SwiftCompile normal arm64 Compiling\ Rope+RemoveSubrange.swift,\ Rope+Split.swift,\ Optional\ Utilities.swift,\ String\ Utilities.swift,\ String.Index+ABI.swift,\ _CharacterRecognizer.swift /Users/harishvishwakarma/Library/Developer/Xcode/DerivedData/Revolt-dharrjsambcimaaziudpvzjdcigm/SourcePackages/checkouts/swift-collections/Sources/RopeModule/Rope/Operations/Rope+RemoveSubrange.swift /Users/harishvishwakarma/Library/Developer/Xcode/DerivedData/Revolt-dharrjsambcimaaziudpvzjdcigm/SourcePackages/checkouts/swift-collections/Sources/RopeModule/Rope/Operations/Rope+Split.swift /Users/harishvishwakarma/Library/Developer/Xcode/DerivedData/Revolt-dharrjsambcimaaziudpvzjdcigm/SourcePackages/checkouts/swift-collections/Sources/RopeModule/Utilities/Optional\ Utilities.swift /Users/harishvishwakarma/Library/Developer/Xcode/DerivedData/Revolt-dharrjsambcimaaziudpvzjdcigm/SourcePackages/checkouts/swift-collections/Sources/RopeModule/Utilities/String\ Utilities.swift /Users/harishvishwakarma/Library/Developer/Xcode/DerivedData/Revolt-dharrjsambcimaaziudpvzjdcigm/SourcePackages/checkouts/swift-collections/Sources/RopeModule/Utilities/String.Index+ABI.swift /Users/harishvishwakarma/Library/Developer/Xcode/DerivedData/Revolt-dharrjsambcimaaziudpvzjdcigm/SourcePackages/checkouts/swift-collections/Sources/RopeModule/Utilities/_CharacterRecognizer.swift (in target '_RopeModule' from project 'swift-collections')

SwiftCompile normal arm64 /Users/harishvishwakarma/Library/Developer/Xcode/DerivedData/Revolt-dharrjsambcimaaziudpvzjdcigm/SourcePackages/checkouts/swift-collections/Sources/RopeModule/Rope/Operations/Rope+RemoveSubrange.swift (in target '_RopeModule' from project 'swift-collections')
    cd /Users/harishvishwakarma/Handy/Archem/pepchat-ios/Revolt.xcodeproj
    

SwiftCompile normal arm64 /Users/harishvishwakarma/Library/Developer/Xcode/DerivedData/Revolt-dharrjsambcimaaziudpvzjdcigm/SourcePackages/checkouts/swift-collections/Sources/RopeModule/Rope/Operations/Rope+Split.swift (in target '_RopeModule' from project 'swift-collections')
    cd /Users/harishvishwakarma/Handy/Archem/pepchat-ios/Revolt.xcodeproj
    

SwiftCompile normal arm64 /Users/harishvishwakarma/Library/Developer/Xcode/DerivedData/Revolt-dharrjsambcimaaziudpvzjdcigm/SourcePackages/checkouts/swift-collections/Sources/RopeModule/Utilities/Optional\ Utilities.swift (in target '_RopeModule' from project 'swift-collections')
    cd /Users/harishvishwakarma/Handy/Archem/pepchat-ios/Revolt.xcodeproj
    

SwiftCompile normal arm64 /Users/harishvishwakarma/Library/Developer/Xcode/DerivedData/Revolt-dharrjsambcimaaziudpvzjdcigm/SourcePackages/checkouts/swift-collections/Sources/RopeModule/Utilities/String\ Utilities.swift (in target '_RopeModule' from project 'swift-collections')
    cd /Users/harishvishwakarma/Handy/Archem/pepchat-ios/Revolt.xcodeproj
    

SwiftCompile normal arm64 /Users/harishvishwakarma/Library/Developer/Xcode/DerivedData/Revolt-dharrjsambcimaaziudpvzjdcigm/SourcePackages/checkouts/swift-collections/Sources/RopeModule/Utilities/String.Index+ABI.swift (in target '_RopeModule' from project 'swift-collections')
    cd /Users/harishvishwakarma/Handy/Archem/pepchat-ios/Revolt.xcodeproj
    

SwiftCompile normal arm64 /Users/harishvishwakarma/Library/Developer/Xcode/DerivedData/Revolt-dharrjsambcimaaziudpvzjdcigm/SourcePackages/checkouts/swift-collections/Sources/RopeModule/Utilities/_CharacterRecognizer.swift (in target '_RopeModule' from project 'swift-collections')
    cd /Users/harishvishwakarma/Handy/Archem/pepchat-ios/Revolt.xcodeproj
    

SwiftCompile normal arm64 Compiling\ BigString+Sequence.swift,\ BigString+TextOutputStream.swift,\ BigString+Append.swift,\ BigString+Initializers.swift,\ BigString+Insert.swift,\ BigString+Managing\ Breaks.swift /Users/harishvishwakarma/Library/Developer/Xcode/DerivedData/Revolt-dharrjsambcimaaziudpvzjdcigm/SourcePackages/checkouts/swift-collections/Sources/RopeModule/BigString/Conformances/BigString+Sequence.swift /Users/harishvishwakarma/Library/Developer/Xcode/DerivedData/Revolt-dharrjsambcimaaziudpvzjdcigm/SourcePackages/checkouts/swift-collections/Sources/RopeModule/BigString/Conformances/BigString+TextOutputStream.swift /Users/harishvishwakarma/Library/Developer/Xcode/DerivedData/Revolt-dharrjsambcimaaziudpvzjdcigm/SourcePackages/checkouts/swift-collections/Sources/RopeModule/BigString/Operations/BigString+Append.swift /Users/harishvishwakarma/Library/Developer/Xcode/DerivedData/Revolt-dharrjsambcimaaziudpvzjdcigm/SourcePackages/checkouts/swift-collections/Sources/RopeModule/BigString/Operations/BigString+Initializers.swift /Users/harishvishwakarma/Library/Developer/Xcode/DerivedData/Revolt-dharrjsambcimaaziudpvzjdcigm/SourcePackages/checkouts/swift-collections/Sources/RopeModule/BigString/Operations/BigString+Insert.swift /Users/harishvishwakarma/Library/Developer/Xcode/DerivedData/Revolt-dharrjsambcimaaziudpvzjdcigm/SourcePackages/checkouts/swift-collections/Sources/RopeModule/BigString/Operations/BigString+Managing\ Breaks.swift (in target '_RopeModule' from project 'swift-collections')

SwiftCompile normal arm64 /Users/harishvishwakarma/Library/Developer/Xcode/DerivedData/Revolt-dharrjsambcimaaziudpvzjdcigm/SourcePackages/checkouts/swift-collections/Sources/RopeModule/BigString/Conformances/BigString+Sequence.swift (in target '_RopeModule' from project 'swift-collections')
    cd /Users/harishvishwakarma/Handy/Archem/pepchat-ios/Revolt.xcodeproj
    

SwiftCompile normal arm64 /Users/harishvishwakarma/Library/Developer/Xcode/DerivedData/Revolt-dharrjsambcimaaziudpvzjdcigm/SourcePackages/checkouts/swift-collections/Sources/RopeModule/BigString/Conformances/BigString+TextOutputStream.swift (in target '_RopeModule' from project 'swift-collections')
    cd /Users/harishvishwakarma/Handy/Archem/pepchat-ios/Revolt.xcodeproj
    

SwiftCompile normal arm64 /Users/harishvishwakarma/Library/Developer/Xcode/DerivedData/Revolt-dharrjsambcimaaziudpvzjdcigm/SourcePackages/checkouts/swift-collections/Sources/RopeModule/BigString/Operations/BigString+Append.swift (in target '_RopeModule' from project 'swift-collections')
    cd /Users/harishvishwakarma/Handy/Archem/pepchat-ios/Revolt.xcodeproj
    

SwiftCompile normal arm64 /Users/harishvishwakarma/Library/Developer/Xcode/DerivedData/Revolt-dharrjsambcimaaziudpvzjdcigm/SourcePackages/checkouts/swift-collections/Sources/RopeModule/BigString/Operations/BigString+Initializers.swift (in target '_RopeModule' from project 'swift-collections')
    cd /Users/harishvishwakarma/Handy/Archem/pepchat-ios/Revolt.xcodeproj
    

SwiftCompile normal arm64 /Users/harishvishwakarma/Library/Developer/Xcode/DerivedData/Revolt-dharrjsambcimaaziudpvzjdcigm/SourcePackages/checkouts/swift-collections/Sources/RopeModule/BigString/Operations/BigString+Insert.swift (in target '_RopeModule' from project 'swift-collections')
    cd /Users/harishvishwakarma/Handy/Archem/pepchat-ios/Revolt.xcodeproj
    

SwiftCompile normal arm64 /Users/harishvishwakarma/Library/Developer/Xcode/DerivedData/Revolt-dharrjsambcimaaziudpvzjdcigm/SourcePackages/checkouts/swift-collections/Sources/RopeModule/BigString/Operations/BigString+Managing\ Breaks.swift (in target '_RopeModule' from project 'swift-collections')
    cd /Users/harishvishwakarma/Handy/Archem/pepchat-ios/Revolt.xcodeproj
    

SwiftDriverJobDiscovery normal arm64 Emitting module for OrderedCollections (in target 'OrderedCollections' from project 'swift-collections')

SwiftDriver\ Compilation\ Requirements OrderedCollections normal arm64 com.apple.xcode.tools.swift.compiler (in target 'OrderedCollections' from project 'swift-collections')
    cd /Users/harishvishwakarma/Handy/Archem/pepchat-ios/Revolt.xcodeproj
    builtin-Swift-Compilation-Requirements -- /Applications/Xcode.app/Contents/Developer/Toolchains/XcodeDefault.xctoolchain/usr/bin/swiftc -module-name OrderedCollections -Onone -enforce-exclusivity\=checked @/Users/harishvishwakarma/Library/Developer/Xcode/DerivedData/Revolt-dharrjsambcimaaziudpvzjdcigm/Build/Intermediates.noindex/swift-collections.build/Debug-iphoneos/OrderedCollections.build/Objects-normal/arm64/OrderedCollections.SwiftFileList -DSWIFT_PACKAGE -DDEBUG -DCOLLECTIONS_RANDOMIZED_TESTING -DXcode -plugin-path /Applications/Xcode.app/Contents/Developer/Toolchains/XcodeDefault.xctoolchain/usr/lib/swift/host/plugins/testing -enable-experimental-feature DebugDescriptionMacro -sdk /Applications/Xcode.app/Contents/Developer/Platforms/iPhoneOS.platform/Developer/SDKs/iPhoneOS18.5.sdk -target arm64-apple-ios12.0 -g -module-cache-path /Users/harishvishwakarma/Library/Developer/Xcode/DerivedData/ModuleCache.noindex -Xfrontend -serialize-debugging-options -enable-testing -suppress-warnings -index-store-path /Users/harishvishwakarma/Library/Developer/Xcode/DerivedData/Revolt-dharrjsambcimaaziudpvzjdcigm/Index.noindex/DataStore -swift-version 5 -I /Users/harishvishwakarma/Library/Developer/Xcode/DerivedData/Revolt-dharrjsambcimaaziudpvzjdcigm/Build/Products/Debug-iphoneos -I /Applications/Xcode.app/Contents/Developer/Platforms/iPhoneOS.platform/Developer/usr/lib -F /Users/harishvishwakarma/Library/Developer/Xcode/DerivedData/Revolt-dharrjsambcimaaziudpvzjdcigm/Build/Products/Debug-iphoneos/PackageFrameworks -F /Users/harishvishwakarma/Library/Developer/Xcode/DerivedData/Revolt-dharrjsambcimaaziudpvzjdcigm/Build/Products/Debug-iphoneos -F /Applications/Xcode.app/Contents/Developer/Platforms/iPhoneOS.platform/Developer/Library/Frameworks -F /Applications/Xcode.app/Contents/Developer/Platforms/iPhoneOS.platform/Developer/SDKs/iPhoneOS18.5.sdk/Developer/Library/Frameworks -c -j12 -enable-batch-mode -incremental -Xcc -ivfsstatcache -Xcc /Users/harishvishwakarma/Library/Developer/Xcode/DerivedData/SDKStatCaches.noindex/iphoneos18.5-22F76-7fa4eea80a99bbfdc046826b63ec4baf.sdkstatcache -output-file-map /Users/harishvishwakarma/Library/Developer/Xcode/DerivedData/Revolt-dharrjsambcimaaziudpvzjdcigm/Build/Intermediates.noindex/swift-collections.build/Debug-iphoneos/OrderedCollections.build/Objects-normal/arm64/OrderedCollections-OutputFileMap.json -use-frontend-parseable-output -save-temps -no-color-diagnostics -serialize-diagnostics -emit-dependencies -emit-module -emit-module-path /Users/harishvishwakarma/Library/Developer/Xcode/DerivedData/Revolt-dharrjsambcimaaziudpvzjdcigm/Build/Intermediates.noindex/swift-collections.build/Debug-iphoneos/OrderedCollections.build/Objects-normal/arm64/OrderedCollections.swiftmodule -validate-clang-modules-once -clang-build-session-file /Users/harishvishwakarma/Library/Developer/Xcode/DerivedData/ModuleCache.noindex/Session.modulevalidation -Xcc -I/Users/harishvishwakarma/Library/Developer/Xcode/DerivedData/Revolt-dharrjsambcimaaziudpvzjdcigm/Build/Intermediates.noindex/swift-collections.build/Debug-iphoneos/OrderedCollections.build/swift-overrides.hmap -emit-const-values -Xfrontend -const-gather-protocols-file -Xfrontend /Users/harishvishwakarma/Library/Developer/Xcode/DerivedData/Revolt-dharrjsambcimaaziudpvzjdcigm/Build/Intermediates.noindex/swift-collections.build/Debug-iphoneos/OrderedCollections.build/Objects-normal/arm64/OrderedCollections_const_extract_protocols.json -Xcc -I/Users/harishvishwakarma/Library/Developer/Xcode/DerivedData/Revolt-dharrjsambcimaaziudpvzjdcigm/Build/Products/Debug-iphoneos/include -Xcc -I/Users/harishvishwakarma/Library/Developer/Xcode/DerivedData/Revolt-dharrjsambcimaaziudpvzjdcigm/Build/Intermediates.noindex/swift-collections.build/Debug-iphoneos/OrderedCollections.build/DerivedSources-normal/arm64 -Xcc -I/Users/harishvishwakarma/Library/Developer/Xcode/DerivedData/Revolt-dharrjsambcimaaziudpvzjdcigm/Build/Intermediates.noindex/swift-collections.build/Debug-iphoneos/OrderedCollections.build/DerivedSources/arm64 -Xcc -I/Users/harishvishwakarma/Library/Developer/Xcode/DerivedData/Revolt-dharrjsambcimaaziudpvzjdcigm/Build/Intermediates.noindex/swift-collections.build/Debug-iphoneos/OrderedCollections.build/DerivedSources -Xcc -DSWIFT_PACKAGE -Xcc -DDEBUG\=1 -emit-objc-header -emit-objc-header-path /Users/harishvishwakarma/Library/Developer/Xcode/DerivedData/Revolt-dharrjsambcimaaziudpvzjdcigm/Build/Intermediates.noindex/swift-collections.build/Debug-iphoneos/OrderedCollections.build/Objects-normal/arm64/OrderedCollections-Swift.h -working-directory /Users/harishvishwakarma/Handy/Archem/pepchat-ios/Revolt.xcodeproj -experimental-emit-module-separately -disable-cmo

SwiftDriverJobDiscovery normal arm64 Compiling Deprecations.swift (in target 'XCTestDynamicOverlay' from project 'xctest-dynamic-overlay')

SwiftCompile normal arm64 Compiling\ Rope+Find.swift,\ Rope+ForEachWhile.swift,\ Rope+Insert.swift,\ Rope+Join.swift,\ Rope+MutatingForEach.swift,\ Rope+Remove.swift /Users/harishvishwakarma/Library/Developer/Xcode/DerivedData/Revolt-dharrjsambcimaaziudpvzjdcigm/SourcePackages/checkouts/swift-collections/Sources/RopeModule/Rope/Operations/Rope+Find.swift /Users/harishvishwakarma/Library/Developer/Xcode/DerivedData/Revolt-dharrjsambcimaaziudpvzjdcigm/SourcePackages/checkouts/swift-collections/Sources/RopeModule/Rope/Operations/Rope+ForEachWhile.swift /Users/harishvishwakarma/Library/Developer/Xcode/DerivedData/Revolt-dharrjsambcimaaziudpvzjdcigm/SourcePackages/checkouts/swift-collections/Sources/RopeModule/Rope/Operations/Rope+Insert.swift /Users/harishvishwakarma/Library/Developer/Xcode/DerivedData/Revolt-dharrjsambcimaaziudpvzjdcigm/SourcePackages/checkouts/swift-collections/Sources/RopeModule/Rope/Operations/Rope+Join.swift /Users/harishvishwakarma/Library/Developer/Xcode/DerivedData/Revolt-dharrjsambcimaaziudpvzjdcigm/SourcePackages/checkouts/swift-collections/Sources/RopeModule/Rope/Operations/Rope+MutatingForEach.swift /Users/harishvishwakarma/Library/Developer/Xcode/DerivedData/Revolt-dharrjsambcimaaziudpvzjdcigm/SourcePackages/checkouts/swift-collections/Sources/RopeModule/Rope/Operations/Rope+Remove.swift (in target '_RopeModule' from project 'swift-collections')

SwiftCompile normal arm64 /Users/harishvishwakarma/Library/Developer/Xcode/DerivedData/Revolt-dharrjsambcimaaziudpvzjdcigm/SourcePackages/checkouts/swift-collections/Sources/RopeModule/Rope/Operations/Rope+Find.swift (in target '_RopeModule' from project 'swift-collections')
    cd /Users/harishvishwakarma/Handy/Archem/pepchat-ios/Revolt.xcodeproj
    

SwiftCompile normal arm64 /Users/harishvishwakarma/Library/Developer/Xcode/DerivedData/Revolt-dharrjsambcimaaziudpvzjdcigm/SourcePackages/checkouts/swift-collections/Sources/RopeModule/Rope/Operations/Rope+ForEachWhile.swift (in target '_RopeModule' from project 'swift-collections')
    cd /Users/harishvishwakarma/Handy/Archem/pepchat-ios/Revolt.xcodeproj
    

SwiftCompile normal arm64 /Users/harishvishwakarma/Library/Developer/Xcode/DerivedData/Revolt-dharrjsambcimaaziudpvzjdcigm/SourcePackages/checkouts/swift-collections/Sources/RopeModule/Rope/Operations/Rope+Insert.swift (in target '_RopeModule' from project 'swift-collections')
    cd /Users/harishvishwakarma/Handy/Archem/pepchat-ios/Revolt.xcodeproj
    

SwiftCompile normal arm64 /Users/harishvishwakarma/Library/Developer/Xcode/DerivedData/Revolt-dharrjsambcimaaziudpvzjdcigm/SourcePackages/checkouts/swift-collections/Sources/RopeModule/Rope/Operations/Rope+Join.swift (in target '_RopeModule' from project 'swift-collections')
    cd /Users/harishvishwakarma/Handy/Archem/pepchat-ios/Revolt.xcodeproj
    

SwiftCompile normal arm64 /Users/harishvishwakarma/Library/Developer/Xcode/DerivedData/Revolt-dharrjsambcimaaziudpvzjdcigm/SourcePackages/checkouts/swift-collections/Sources/RopeModule/Rope/Operations/Rope+MutatingForEach.swift (in target '_RopeModule' from project 'swift-collections')
    cd /Users/harishvishwakarma/Handy/Archem/pepchat-ios/Revolt.xcodeproj
    

SwiftCompile normal arm64 /Users/harishvishwakarma/Library/Developer/Xcode/DerivedData/Revolt-dharrjsambcimaaziudpvzjdcigm/SourcePackages/checkouts/swift-collections/Sources/RopeModule/Rope/Operations/Rope+Remove.swift (in target '_RopeModule' from project 'swift-collections')
    cd /Users/harishvishwakarma/Handy/Archem/pepchat-ios/Revolt.xcodeproj
    

SwiftMergeGeneratedHeaders /Users/harishvishwakarma/Library/Developer/Xcode/DerivedData/Revolt-dharrjsambcimaaziudpvzjdcigm/Build/Intermediates.noindex/GeneratedModuleMaps-iphoneos/OrderedCollections-Swift.h /Users/harishvishwakarma/Library/Developer/Xcode/DerivedData/Revolt-dharrjsambcimaaziudpvzjdcigm/Build/Intermediates.noindex/swift-collections.build/Debug-iphoneos/OrderedCollections.build/Objects-normal/arm64/OrderedCollections-Swift.h (in target 'OrderedCollections' from project 'swift-collections')
    cd /Users/harishvishwakarma/Library/Developer/Xcode/DerivedData/Revolt-dharrjsambcimaaziudpvzjdcigm/SourcePackages/checkouts/swift-collections
    builtin-swiftHeaderTool -arch arm64 /Users/harishvishwakarma/Library/Developer/Xcode/DerivedData/Revolt-dharrjsambcimaaziudpvzjdcigm/Build/Intermediates.noindex/swift-collections.build/Debug-iphoneos/OrderedCollections.build/Objects-normal/arm64/OrderedCollections-Swift.h -o /Users/harishvishwakarma/Library/Developer/Xcode/DerivedData/Revolt-dharrjsambcimaaziudpvzjdcigm/Build/Intermediates.noindex/GeneratedModuleMaps-iphoneos/OrderedCollections-Swift.h

SwiftDriverJobDiscovery normal arm64 Emitting module for _RopeModule (in target '_RopeModule' from project 'swift-collections')

SwiftDriver\ Compilation\ Requirements _RopeModule normal arm64 com.apple.xcode.tools.swift.compiler (in target '_RopeModule' from project 'swift-collections')
    cd /Users/harishvishwakarma/Handy/Archem/pepchat-ios/Revolt.xcodeproj
    builtin-Swift-Compilation-Requirements -- /Applications/Xcode.app/Contents/Developer/Toolchains/XcodeDefault.xctoolchain/usr/bin/swiftc -module-name _RopeModule -Onone -enforce-exclusivity\=checked @/Users/harishvishwakarma/Library/Developer/Xcode/DerivedData/Revolt-dharrjsambcimaaziudpvzjdcigm/Build/Intermediates.noindex/swift-collections.build/Debug-iphoneos/_RopeModule.build/Objects-normal/arm64/_RopeModule.SwiftFileList -DSWIFT_PACKAGE -DDEBUG -DCOLLECTIONS_RANDOMIZED_TESTING -DXcode -plugin-path /Applications/Xcode.app/Contents/Developer/Toolchains/XcodeDefault.xctoolchain/usr/lib/swift/host/plugins/testing -enable-experimental-feature DebugDescriptionMacro -sdk /Applications/Xcode.app/Contents/Developer/Platforms/iPhoneOS.platform/Developer/SDKs/iPhoneOS18.5.sdk -target arm64-apple-ios12.0 -g -module-cache-path /Users/harishvishwakarma/Library/Developer/Xcode/DerivedData/ModuleCache.noindex -Xfrontend -serialize-debugging-options -enable-testing -suppress-warnings -index-store-path /Users/harishvishwakarma/Library/Developer/Xcode/DerivedData/Revolt-dharrjsambcimaaziudpvzjdcigm/Index.noindex/DataStore -swift-version 5 -I /Users/harishvishwakarma/Library/Developer/Xcode/DerivedData/Revolt-dharrjsambcimaaziudpvzjdcigm/Build/Products/Debug-iphoneos -I /Applications/Xcode.app/Contents/Developer/Platforms/iPhoneOS.platform/Developer/usr/lib -F /Users/harishvishwakarma/Library/Developer/Xcode/DerivedData/Revolt-dharrjsambcimaaziudpvzjdcigm/Build/Products/Debug-iphoneos/PackageFrameworks -F /Users/harishvishwakarma/Library/Developer/Xcode/DerivedData/Revolt-dharrjsambcimaaziudpvzjdcigm/Build/Products/Debug-iphoneos -F /Applications/Xcode.app/Contents/Developer/Platforms/iPhoneOS.platform/Developer/Library/Frameworks -F /Applications/Xcode.app/Contents/Developer/Platforms/iPhoneOS.platform/Developer/SDKs/iPhoneOS18.5.sdk/Developer/Library/Frameworks -c -j12 -enable-batch-mode -incremental -Xcc -ivfsstatcache -Xcc /Users/harishvishwakarma/Library/Developer/Xcode/DerivedData/SDKStatCaches.noindex/iphoneos18.5-22F76-7fa4eea80a99bbfdc046826b63ec4baf.sdkstatcache -output-file-map /Users/harishvishwakarma/Library/Developer/Xcode/DerivedData/Revolt-dharrjsambcimaaziudpvzjdcigm/Build/Intermediates.noindex/swift-collections.build/Debug-iphoneos/_RopeModule.build/Objects-normal/arm64/_RopeModule-OutputFileMap.json -use-frontend-parseable-output -save-temps -no-color-diagnostics -serialize-diagnostics -emit-dependencies -emit-module -emit-module-path /Users/harishvishwakarma/Library/Developer/Xcode/DerivedData/Revolt-dharrjsambcimaaziudpvzjdcigm/Build/Intermediates.noindex/swift-collections.build/Debug-iphoneos/_RopeModule.build/Objects-normal/arm64/_RopeModule.swiftmodule -validate-clang-modules-once -clang-build-session-file /Users/harishvishwakarma/Library/Developer/Xcode/DerivedData/ModuleCache.noindex/Session.modulevalidation -Xcc -I/Users/harishvishwakarma/Library/Developer/Xcode/DerivedData/Revolt-dharrjsambcimaaziudpvzjdcigm/Build/Intermediates.noindex/swift-collections.build/Debug-iphoneos/_RopeModule.build/swift-overrides.hmap -emit-const-values -Xfrontend -const-gather-protocols-file -Xfrontend /Users/harishvishwakarma/Library/Developer/Xcode/DerivedData/Revolt-dharrjsambcimaaziudpvzjdcigm/Build/Intermediates.noindex/swift-collections.build/Debug-iphoneos/_RopeModule.build/Objects-normal/arm64/_RopeModule_const_extract_protocols.json -Xcc -I/Users/harishvishwakarma/Library/Developer/Xcode/DerivedData/Revolt-dharrjsambcimaaziudpvzjdcigm/Build/Products/Debug-iphoneos/include -Xcc -I/Users/harishvishwakarma/Library/Developer/Xcode/DerivedData/Revolt-dharrjsambcimaaziudpvzjdcigm/Build/Intermediates.noindex/swift-collections.build/Debug-iphoneos/_RopeModule.build/DerivedSources-normal/arm64 -Xcc -I/Users/harishvishwakarma/Library/Developer/Xcode/DerivedData/Revolt-dharrjsambcimaaziudpvzjdcigm/Build/Intermediates.noindex/swift-collections.build/Debug-iphoneos/_RopeModule.build/DerivedSources/arm64 -Xcc -I/Users/harishvishwakarma/Library/Developer/Xcode/DerivedData/Revolt-dharrjsambcimaaziudpvzjdcigm/Build/Intermediates.noindex/swift-collections.build/Debug-iphoneos/_RopeModule.build/DerivedSources -Xcc -DSWIFT_PACKAGE -Xcc -DDEBUG\=1 -emit-objc-header -emit-objc-header-path /Users/harishvishwakarma/Library/Developer/Xcode/DerivedData/Revolt-dharrjsambcimaaziudpvzjdcigm/Build/Intermediates.noindex/swift-collections.build/Debug-iphoneos/_RopeModule.build/Objects-normal/arm64/_RopeModule-Swift.h -working-directory /Users/harishvishwakarma/Handy/Archem/pepchat-ios/Revolt.xcodeproj -experimental-emit-module-separately -disable-cmo

Copy /Users/harishvishwakarma/Library/Developer/Xcode/DerivedData/Revolt-dharrjsambcimaaziudpvzjdcigm/Build/Products/Debug-iphoneos/OrderedCollections.swiftmodule/arm64-apple-ios.swiftmodule /Users/harishvishwakarma/Library/Developer/Xcode/DerivedData/Revolt-dharrjsambcimaaziudpvzjdcigm/Build/Intermediates.noindex/swift-collections.build/Debug-iphoneos/OrderedCollections.build/Objects-normal/arm64/OrderedCollections.swiftmodule (in target 'OrderedCollections' from project 'swift-collections')
    cd /Users/harishvishwakarma/Library/Developer/Xcode/DerivedData/Revolt-dharrjsambcimaaziudpvzjdcigm/SourcePackages/checkouts/swift-collections
    builtin-copy -exclude .DS_Store -exclude CVS -exclude .svn -exclude .git -exclude .hg -resolve-src-symlinks -rename /Users/harishvishwakarma/Library/Developer/Xcode/DerivedData/Revolt-dharrjsambcimaaziudpvzjdcigm/Build/Intermediates.noindex/swift-collections.build/Debug-iphoneos/OrderedCollections.build/Objects-normal/arm64/OrderedCollections.swiftmodule /Users/harishvishwakarma/Library/Developer/Xcode/DerivedData/Revolt-dharrjsambcimaaziudpvzjdcigm/Build/Products/Debug-iphoneos/OrderedCollections.swiftmodule/arm64-apple-ios.swiftmodule

SwiftMergeGeneratedHeaders /Users/harishvishwakarma/Library/Developer/Xcode/DerivedData/Revolt-dharrjsambcimaaziudpvzjdcigm/Build/Intermediates.noindex/GeneratedModuleMaps-iphoneos/_RopeModule-Swift.h /Users/harishvishwakarma/Library/Developer/Xcode/DerivedData/Revolt-dharrjsambcimaaziudpvzjdcigm/Build/Intermediates.noindex/swift-collections.build/Debug-iphoneos/_RopeModule.build/Objects-normal/arm64/_RopeModule-Swift.h (in target '_RopeModule' from project 'swift-collections')
    cd /Users/harishvishwakarma/Library/Developer/Xcode/DerivedData/Revolt-dharrjsambcimaaziudpvzjdcigm/SourcePackages/checkouts/swift-collections
    builtin-swiftHeaderTool -arch arm64 /Users/harishvishwakarma/Library/Developer/Xcode/DerivedData/Revolt-dharrjsambcimaaziudpvzjdcigm/Build/Intermediates.noindex/swift-collections.build/Debug-iphoneos/_RopeModule.build/Objects-normal/arm64/_RopeModule-Swift.h -o /Users/harishvishwakarma/Library/Developer/Xcode/DerivedData/Revolt-dharrjsambcimaaziudpvzjdcigm/Build/Intermediates.noindex/GeneratedModuleMaps-iphoneos/_RopeModule-Swift.h

Copy /Users/harishvishwakarma/Library/Developer/Xcode/DerivedData/Revolt-dharrjsambcimaaziudpvzjdcigm/Build/Products/Debug-iphoneos/_RopeModule.swiftmodule/arm64-apple-ios.swiftmodule /Users/harishvishwakarma/Library/Developer/Xcode/DerivedData/Revolt-dharrjsambcimaaziudpvzjdcigm/Build/Intermediates.noindex/swift-collections.build/Debug-iphoneos/_RopeModule.build/Objects-normal/arm64/_RopeModule.swiftmodule (in target '_RopeModule' from project 'swift-collections')
    cd /Users/harishvishwakarma/Library/Developer/Xcode/DerivedData/Revolt-dharrjsambcimaaziudpvzjdcigm/SourcePackages/checkouts/swift-collections
    builtin-copy -exclude .DS_Store -exclude CVS -exclude .svn -exclude .git -exclude .hg -resolve-src-symlinks -rename /Users/harishvishwakarma/Library/Developer/Xcode/DerivedData/Revolt-dharrjsambcimaaziudpvzjdcigm/Build/Intermediates.noindex/swift-collections.build/Debug-iphoneos/_RopeModule.build/Objects-normal/arm64/_RopeModule.swiftmodule /Users/harishvishwakarma/Library/Developer/Xcode/DerivedData/Revolt-dharrjsambcimaaziudpvzjdcigm/Build/Products/Debug-iphoneos/_RopeModule.swiftmodule/arm64-apple-ios.swiftmodule

Copy /Users/harishvishwakarma/Library/Developer/Xcode/DerivedData/Revolt-dharrjsambcimaaziudpvzjdcigm/Build/Products/Debug-iphoneos/_RopeModule.swiftmodule/arm64-apple-ios.swiftdoc /Users/harishvishwakarma/Library/Developer/Xcode/DerivedData/Revolt-dharrjsambcimaaziudpvzjdcigm/Build/Intermediates.noindex/swift-collections.build/Debug-iphoneos/_RopeModule.build/Objects-normal/arm64/_RopeModule.swiftdoc (in target '_RopeModule' from project 'swift-collections')
    cd /Users/harishvishwakarma/Library/Developer/Xcode/DerivedData/Revolt-dharrjsambcimaaziudpvzjdcigm/SourcePackages/checkouts/swift-collections
    builtin-copy -exclude .DS_Store -exclude CVS -exclude .svn -exclude .git -exclude .hg -resolve-src-symlinks -rename /Users/harishvishwakarma/Library/Developer/Xcode/DerivedData/Revolt-dharrjsambcimaaziudpvzjdcigm/Build/Intermediates.noindex/swift-collections.build/Debug-iphoneos/_RopeModule.build/Objects-normal/arm64/_RopeModule.swiftdoc /Users/harishvishwakarma/Library/Developer/Xcode/DerivedData/Revolt-dharrjsambcimaaziudpvzjdcigm/Build/Products/Debug-iphoneos/_RopeModule.swiftmodule/arm64-apple-ios.swiftdoc

Copy /Users/harishvishwakarma/Library/Developer/Xcode/DerivedData/Revolt-dharrjsambcimaaziudpvzjdcigm/Build/Products/Debug-iphoneos/_RopeModule.swiftmodule/arm64-apple-ios.abi.json /Users/harishvishwakarma/Library/Developer/Xcode/DerivedData/Revolt-dharrjsambcimaaziudpvzjdcigm/Build/Intermediates.noindex/swift-collections.build/Debug-iphoneos/_RopeModule.build/Objects-normal/arm64/_RopeModule.abi.json (in target '_RopeModule' from project 'swift-collections')
    cd /Users/harishvishwakarma/Library/Developer/Xcode/DerivedData/Revolt-dharrjsambcimaaziudpvzjdcigm/SourcePackages/checkouts/swift-collections
    builtin-copy -exclude .DS_Store -exclude CVS -exclude .svn -exclude .git -exclude .hg -resolve-src-symlinks -rename /Users/harishvishwakarma/Library/Developer/Xcode/DerivedData/Revolt-dharrjsambcimaaziudpvzjdcigm/Build/Intermediates.noindex/swift-collections.build/Debug-iphoneos/_RopeModule.build/Objects-normal/arm64/_RopeModule.abi.json /Users/harishvishwakarma/Library/Developer/Xcode/DerivedData/Revolt-dharrjsambcimaaziudpvzjdcigm/Build/Products/Debug-iphoneos/_RopeModule.swiftmodule/arm64-apple-ios.abi.json

Copy /Users/harishvishwakarma/Library/Developer/Xcode/DerivedData/Revolt-dharrjsambcimaaziudpvzjdcigm/Build/Products/Debug-iphoneos/_RopeModule.swiftmodule/Project/arm64-apple-ios.swiftsourceinfo /Users/harishvishwakarma/Library/Developer/Xcode/DerivedData/Revolt-dharrjsambcimaaziudpvzjdcigm/Build/Intermediates.noindex/swift-collections.build/Debug-iphoneos/_RopeModule.build/Objects-normal/arm64/_RopeModule.swiftsourceinfo (in target '_RopeModule' from project 'swift-collections')
    cd /Users/harishvishwakarma/Library/Developer/Xcode/DerivedData/Revolt-dharrjsambcimaaziudpvzjdcigm/SourcePackages/checkouts/swift-collections
    builtin-copy -exclude .DS_Store -exclude CVS -exclude .svn -exclude .git -exclude .hg -resolve-src-symlinks -rename /Users/harishvishwakarma/Library/Developer/Xcode/DerivedData/Revolt-dharrjsambcimaaziudpvzjdcigm/Build/Intermediates.noindex/swift-collections.build/Debug-iphoneos/_RopeModule.build/Objects-normal/arm64/_RopeModule.swiftsourceinfo /Users/harishvishwakarma/Library/Developer/Xcode/DerivedData/Revolt-dharrjsambcimaaziudpvzjdcigm/Build/Products/Debug-iphoneos/_RopeModule.swiftmodule/Project/arm64-apple-ios.swiftsourceinfo

Copy /Users/harishvishwakarma/Library/Developer/Xcode/DerivedData/Revolt-dharrjsambcimaaziudpvzjdcigm/Build/Products/Debug-iphoneos/OrderedCollections.swiftmodule/arm64-apple-ios.swiftdoc /Users/harishvishwakarma/Library/Developer/Xcode/DerivedData/Revolt-dharrjsambcimaaziudpvzjdcigm/Build/Intermediates.noindex/swift-collections.build/Debug-iphoneos/OrderedCollections.build/Objects-normal/arm64/OrderedCollections.swiftdoc (in target 'OrderedCollections' from project 'swift-collections')
    cd /Users/harishvishwakarma/Library/Developer/Xcode/DerivedData/Revolt-dharrjsambcimaaziudpvzjdcigm/SourcePackages/checkouts/swift-collections
    builtin-copy -exclude .DS_Store -exclude CVS -exclude .svn -exclude .git -exclude .hg -resolve-src-symlinks -rename /Users/harishvishwakarma/Library/Developer/Xcode/DerivedData/Revolt-dharrjsambcimaaziudpvzjdcigm/Build/Intermediates.noindex/swift-collections.build/Debug-iphoneos/OrderedCollections.build/Objects-normal/arm64/OrderedCollections.swiftdoc /Users/harishvishwakarma/Library/Developer/Xcode/DerivedData/Revolt-dharrjsambcimaaziudpvzjdcigm/Build/Products/Debug-iphoneos/OrderedCollections.swiftmodule/arm64-apple-ios.swiftdoc

Copy /Users/harishvishwakarma/Library/Developer/Xcode/DerivedData/Revolt-dharrjsambcimaaziudpvzjdcigm/Build/Products/Debug-iphoneos/OrderedCollections.swiftmodule/arm64-apple-ios.abi.json /Users/harishvishwakarma/Library/Developer/Xcode/DerivedData/Revolt-dharrjsambcimaaziudpvzjdcigm/Build/Intermediates.noindex/swift-collections.build/Debug-iphoneos/OrderedCollections.build/Objects-normal/arm64/OrderedCollections.abi.json (in target 'OrderedCollections' from project 'swift-collections')
    cd /Users/harishvishwakarma/Library/Developer/Xcode/DerivedData/Revolt-dharrjsambcimaaziudpvzjdcigm/SourcePackages/checkouts/swift-collections
    builtin-copy -exclude .DS_Store -exclude CVS -exclude .svn -exclude .git -exclude .hg -resolve-src-symlinks -rename /Users/harishvishwakarma/Library/Developer/Xcode/DerivedData/Revolt-dharrjsambcimaaziudpvzjdcigm/Build/Intermediates.noindex/swift-collections.build/Debug-iphoneos/OrderedCollections.build/Objects-normal/arm64/OrderedCollections.abi.json /Users/harishvishwakarma/Library/Developer/Xcode/DerivedData/Revolt-dharrjsambcimaaziudpvzjdcigm/Build/Products/Debug-iphoneos/OrderedCollections.swiftmodule/arm64-apple-ios.abi.json

Copy /Users/harishvishwakarma/Library/Developer/Xcode/DerivedData/Revolt-dharrjsambcimaaziudpvzjdcigm/Build/Products/Debug-iphoneos/OrderedCollections.swiftmodule/Project/arm64-apple-ios.swiftsourceinfo /Users/harishvishwakarma/Library/Developer/Xcode/DerivedData/Revolt-dharrjsambcimaaziudpvzjdcigm/Build/Intermediates.noindex/swift-collections.build/Debug-iphoneos/OrderedCollections.build/Objects-normal/arm64/OrderedCollections.swiftsourceinfo (in target 'OrderedCollections' from project 'swift-collections')
    cd /Users/harishvishwakarma/Library/Developer/Xcode/DerivedData/Revolt-dharrjsambcimaaziudpvzjdcigm/SourcePackages/checkouts/swift-collections
    builtin-copy -exclude .DS_Store -exclude CVS -exclude .svn -exclude .git -exclude .hg -resolve-src-symlinks -rename /Users/harishvishwakarma/Library/Developer/Xcode/DerivedData/Revolt-dharrjsambcimaaziudpvzjdcigm/Build/Intermediates.noindex/swift-collections.build/Debug-iphoneos/OrderedCollections.build/Objects-normal/arm64/OrderedCollections.swiftsourceinfo /Users/harishvishwakarma/Library/Developer/Xcode/DerivedData/Revolt-dharrjsambcimaaziudpvzjdcigm/Build/Products/Debug-iphoneos/OrderedCollections.swiftmodule/Project/arm64-apple-ios.swiftsourceinfo

SwiftCompile normal arm64 Compiling\ Rope.swift,\ RopeElement.swift,\ RopeMetric.swift,\ RopeSummary.swift,\ _RopeItem.swift,\ _RopePath.swift /Users/harishvishwakarma/Library/Developer/Xcode/DerivedData/Revolt-dharrjsambcimaaziudpvzjdcigm/SourcePackages/checkouts/swift-collections/Sources/RopeModule/Rope/Basics/Rope.swift /Users/harishvishwakarma/Library/Developer/Xcode/DerivedData/Revolt-dharrjsambcimaaziudpvzjdcigm/SourcePackages/checkouts/swift-collections/Sources/RopeModule/Rope/Basics/RopeElement.swift /Users/harishvishwakarma/Library/Developer/Xcode/DerivedData/Revolt-dharrjsambcimaaziudpvzjdcigm/SourcePackages/checkouts/swift-collections/Sources/RopeModule/Rope/Basics/RopeMetric.swift /Users/harishvishwakarma/Library/Developer/Xcode/DerivedData/Revolt-dharrjsambcimaaziudpvzjdcigm/SourcePackages/checkouts/swift-collections/Sources/RopeModule/Rope/Basics/RopeSummary.swift /Users/harishvishwakarma/Library/Developer/Xcode/DerivedData/Revolt-dharrjsambcimaaziudpvzjdcigm/SourcePackages/checkouts/swift-collections/Sources/RopeModule/Rope/Basics/_RopeItem.swift /Users/harishvishwakarma/Library/Developer/Xcode/DerivedData/Revolt-dharrjsambcimaaziudpvzjdcigm/SourcePackages/checkouts/swift-collections/Sources/RopeModule/Rope/Basics/_RopePath.swift (in target '_RopeModule' from project 'swift-collections')

SwiftCompile normal arm64 /Users/harishvishwakarma/Library/Developer/Xcode/DerivedData/Revolt-dharrjsambcimaaziudpvzjdcigm/SourcePackages/checkouts/swift-collections/Sources/RopeModule/Rope/Basics/Rope.swift (in target '_RopeModule' from project 'swift-collections')
    cd /Users/harishvishwakarma/Handy/Archem/pepchat-ios/Revolt.xcodeproj
    

SwiftCompile normal arm64 /Users/harishvishwakarma/Library/Developer/Xcode/DerivedData/Revolt-dharrjsambcimaaziudpvzjdcigm/SourcePackages/checkouts/swift-collections/Sources/RopeModule/Rope/Basics/RopeElement.swift (in target '_RopeModule' from project 'swift-collections')
    cd /Users/harishvishwakarma/Handy/Archem/pepchat-ios/Revolt.xcodeproj
    

SwiftCompile normal arm64 /Users/harishvishwakarma/Library/Developer/Xcode/DerivedData/Revolt-dharrjsambcimaaziudpvzjdcigm/SourcePackages/checkouts/swift-collections/Sources/RopeModule/Rope/Basics/RopeMetric.swift (in target '_RopeModule' from project 'swift-collections')
    cd /Users/harishvishwakarma/Handy/Archem/pepchat-ios/Revolt.xcodeproj
    

SwiftCompile normal arm64 /Users/harishvishwakarma/Library/Developer/Xcode/DerivedData/Revolt-dharrjsambcimaaziudpvzjdcigm/SourcePackages/checkouts/swift-collections/Sources/RopeModule/Rope/Basics/RopeSummary.swift (in target '_RopeModule' from project 'swift-collections')
    cd /Users/harishvishwakarma/Handy/Archem/pepchat-ios/Revolt.xcodeproj
    

SwiftCompile normal arm64 /Users/harishvishwakarma/Library/Developer/Xcode/DerivedData/Revolt-dharrjsambcimaaziudpvzjdcigm/SourcePackages/checkouts/swift-collections/Sources/RopeModule/Rope/Basics/_RopeItem.swift (in target '_RopeModule' from project 'swift-collections')
    cd /Users/harishvishwakarma/Handy/Archem/pepchat-ios/Revolt.xcodeproj
    

SwiftCompile normal arm64 /Users/harishvishwakarma/Library/Developer/Xcode/DerivedData/Revolt-dharrjsambcimaaziudpvzjdcigm/SourcePackages/checkouts/swift-collections/Sources/RopeModule/Rope/Basics/_RopePath.swift (in target '_RopeModule' from project 'swift-collections')
    cd /Users/harishvishwakarma/Handy/Archem/pepchat-ios/Revolt.xcodeproj
    

SwiftCompile normal arm64 Compiling\ BigString+CustomDebugStringConvertible.swift,\ BigString+CustomStringConvertible.swift,\ BigString+Equatable.swift,\ BigString+ExpressibleByStringLiteral.swift,\ BigString+Hashing.swift,\ BigString+LosslessStringConvertible.swift,\ BigString+RangeReplaceableCollection.swift /Users/harishvishwakarma/Library/Developer/Xcode/DerivedData/Revolt-dharrjsambcimaaziudpvzjdcigm/SourcePackages/checkouts/swift-collections/Sources/RopeModule/BigString/Conformances/BigString+CustomDebugStringConvertible.swift /Users/harishvishwakarma/Library/Developer/Xcode/DerivedData/Revolt-dharrjsambcimaaziudpvzjdcigm/SourcePackages/checkouts/swift-collections/Sources/RopeModule/BigString/Conformances/BigString+CustomStringConvertible.swift /Users/harishvishwakarma/Library/Developer/Xcode/DerivedData/Revolt-dharrjsambcimaaziudpvzjdcigm/SourcePackages/checkouts/swift-collections/Sources/RopeModule/BigString/Conformances/BigString+Equatable.swift /Users/harishvishwakarma/Library/Developer/Xcode/DerivedData/Revolt-dharrjsambcimaaziudpvzjdcigm/SourcePackages/checkouts/swift-collections/Sources/RopeModule/BigString/Conformances/BigString+ExpressibleByStringLiteral.swift /Users/harishvishwakarma/Library/Developer/Xcode/DerivedData/Revolt-dharrjsambcimaaziudpvzjdcigm/SourcePackages/checkouts/swift-collections/Sources/RopeModule/BigString/Conformances/BigString+Hashing.swift /Users/harishvishwakarma/Library/Developer/Xcode/DerivedData/Revolt-dharrjsambcimaaziudpvzjdcigm/SourcePackages/checkouts/swift-collections/Sources/RopeModule/BigString/Conformances/BigString+LosslessStringConvertible.swift /Users/harishvishwakarma/Library/Developer/Xcode/DerivedData/Revolt-dharrjsambcimaaziudpvzjdcigm/SourcePackages/checkouts/swift-collections/Sources/RopeModule/BigString/Conformances/BigString+RangeReplaceableCollection.swift (in target '_RopeModule' from project 'swift-collections')

SwiftCompile normal arm64 /Users/harishvishwakarma/Library/Developer/Xcode/DerivedData/Revolt-dharrjsambcimaaziudpvzjdcigm/SourcePackages/checkouts/swift-collections/Sources/RopeModule/BigString/Conformances/BigString+CustomDebugStringConvertible.swift (in target '_RopeModule' from project 'swift-collections')
    cd /Users/harishvishwakarma/Handy/Archem/pepchat-ios/Revolt.xcodeproj
    

SwiftCompile normal arm64 /Users/harishvishwakarma/Library/Developer/Xcode/DerivedData/Revolt-dharrjsambcimaaziudpvzjdcigm/SourcePackages/checkouts/swift-collections/Sources/RopeModule/BigString/Conformances/BigString+CustomStringConvertible.swift (in target '_RopeModule' from project 'swift-collections')
    cd /Users/harishvishwakarma/Handy/Archem/pepchat-ios/Revolt.xcodeproj
    

SwiftCompile normal arm64 /Users/harishvishwakarma/Library/Developer/Xcode/DerivedData/Revolt-dharrjsambcimaaziudpvzjdcigm/SourcePackages/checkouts/swift-collections/Sources/RopeModule/BigString/Conformances/BigString+Equatable.swift (in target '_RopeModule' from project 'swift-collections')
    cd /Users/harishvishwakarma/Handy/Archem/pepchat-ios/Revolt.xcodeproj
    

SwiftCompile normal arm64 /Users/harishvishwakarma/Library/Developer/Xcode/DerivedData/Revolt-dharrjsambcimaaziudpvzjdcigm/SourcePackages/checkouts/swift-collections/Sources/RopeModule/BigString/Conformances/BigString+ExpressibleByStringLiteral.swift (in target '_RopeModule' from project 'swift-collections')
    cd /Users/harishvishwakarma/Handy/Archem/pepchat-ios/Revolt.xcodeproj
    

SwiftCompile normal arm64 /Users/harishvishwakarma/Library/Developer/Xcode/DerivedData/Revolt-dharrjsambcimaaziudpvzjdcigm/SourcePackages/checkouts/swift-collections/Sources/RopeModule/BigString/Conformances/BigString+Hashing.swift (in target '_RopeModule' from project 'swift-collections')
    cd /Users/harishvishwakarma/Handy/Archem/pepchat-ios/Revolt.xcodeproj
    

SwiftCompile normal arm64 /Users/harishvishwakarma/Library/Developer/Xcode/DerivedData/Revolt-dharrjsambcimaaziudpvzjdcigm/SourcePackages/checkouts/swift-collections/Sources/RopeModule/BigString/Conformances/BigString+LosslessStringConvertible.swift (in target '_RopeModule' from project 'swift-collections')
    cd /Users/harishvishwakarma/Handy/Archem/pepchat-ios/Revolt.xcodeproj
    

SwiftCompile normal arm64 /Users/harishvishwakarma/Library/Developer/Xcode/DerivedData/Revolt-dharrjsambcimaaziudpvzjdcigm/SourcePackages/checkouts/swift-collections/Sources/RopeModule/BigString/Conformances/BigString+RangeReplaceableCollection.swift (in target '_RopeModule' from project 'swift-collections')
    cd /Users/harishvishwakarma/Handy/Archem/pepchat-ios/Revolt.xcodeproj
    

SwiftDriverJobDiscovery normal arm64 Compiling BigString+Chunk+Indexing by Characters.swift, BigString+Chunk+Indexing by UTF16.swift, BigString+Chunk+RopeElement.swift, BigString+Chunk+Splitting.swift, BigString+Chunk.swift, BigString+BidirectionalCollection.swift, BigString+Comparable.swift (in target '_RopeModule' from project 'swift-collections')

SwiftCompile normal arm64 Compiling\ Rope+Debugging.swift,\ Rope+Invariants.swift,\ Rope+_Node.swift,\ Rope+_Storage.swift,\ Rope+_UnmanagedLeaf.swift,\ Rope+_UnsafeHandle.swift /Users/harishvishwakarma/Library/Developer/Xcode/DerivedData/Revolt-dharrjsambcimaaziudpvzjdcigm/SourcePackages/checkouts/swift-collections/Sources/RopeModule/Rope/Basics/Rope+Debugging.swift /Users/harishvishwakarma/Library/Developer/Xcode/DerivedData/Revolt-dharrjsambcimaaziudpvzjdcigm/SourcePackages/checkouts/swift-collections/Sources/RopeModule/Rope/Basics/Rope+Invariants.swift /Users/harishvishwakarma/Library/Developer/Xcode/DerivedData/Revolt-dharrjsambcimaaziudpvzjdcigm/SourcePackages/checkouts/swift-collections/Sources/RopeModule/Rope/Basics/Rope+_Node.swift /Users/harishvishwakarma/Library/Developer/Xcode/DerivedData/Revolt-dharrjsambcimaaziudpvzjdcigm/SourcePackages/checkouts/swift-collections/Sources/RopeModule/Rope/Basics/Rope+_Storage.swift /Users/harishvishwakarma/Library/Developer/Xcode/DerivedData/Revolt-dharrjsambcimaaziudpvzjdcigm/SourcePackages/checkouts/swift-collections/Sources/RopeModule/Rope/Basics/Rope+_UnmanagedLeaf.swift /Users/harishvishwakarma/Library/Developer/Xcode/DerivedData/Revolt-dharrjsambcimaaziudpvzjdcigm/SourcePackages/checkouts/swift-collections/Sources/RopeModule/Rope/Basics/Rope+_UnsafeHandle.swift (in target '_RopeModule' from project 'swift-collections')

SwiftCompile normal arm64 /Users/harishvishwakarma/Library/Developer/Xcode/DerivedData/Revolt-dharrjsambcimaaziudpvzjdcigm/SourcePackages/checkouts/swift-collections/Sources/RopeModule/Rope/Basics/Rope+Debugging.swift (in target '_RopeModule' from project 'swift-collections')
    cd /Users/harishvishwakarma/Handy/Archem/pepchat-ios/Revolt.xcodeproj
    

SwiftCompile normal arm64 /Users/harishvishwakarma/Library/Developer/Xcode/DerivedData/Revolt-dharrjsambcimaaziudpvzjdcigm/SourcePackages/checkouts/swift-collections/Sources/RopeModule/Rope/Basics/Rope+Invariants.swift (in target '_RopeModule' from project 'swift-collections')
    cd /Users/harishvishwakarma/Handy/Archem/pepchat-ios/Revolt.xcodeproj
    

SwiftCompile normal arm64 /Users/harishvishwakarma/Library/Developer/Xcode/DerivedData/Revolt-dharrjsambcimaaziudpvzjdcigm/SourcePackages/checkouts/swift-collections/Sources/RopeModule/Rope/Basics/Rope+_Node.swift (in target '_RopeModule' from project 'swift-collections')
    cd /Users/harishvishwakarma/Handy/Archem/pepchat-ios/Revolt.xcodeproj
    

SwiftCompile normal arm64 /Users/harishvishwakarma/Library/Developer/Xcode/DerivedData/Revolt-dharrjsambcimaaziudpvzjdcigm/SourcePackages/checkouts/swift-collections/Sources/RopeModule/Rope/Basics/Rope+_Storage.swift (in target '_RopeModule' from project 'swift-collections')
    cd /Users/harishvishwakarma/Handy/Archem/pepchat-ios/Revolt.xcodeproj
    

SwiftCompile normal arm64 /Users/harishvishwakarma/Library/Developer/Xcode/DerivedData/Revolt-dharrjsambcimaaziudpvzjdcigm/SourcePackages/checkouts/swift-collections/Sources/RopeModule/Rope/Basics/Rope+_UnmanagedLeaf.swift (in target '_RopeModule' from project 'swift-collections')
    cd /Users/harishvishwakarma/Handy/Archem/pepchat-ios/Revolt.xcodeproj
    

SwiftCompile normal arm64 /Users/harishvishwakarma/Library/Developer/Xcode/DerivedData/Revolt-dharrjsambcimaaziudpvzjdcigm/SourcePackages/checkouts/swift-collections/Sources/RopeModule/Rope/Basics/Rope+_UnsafeHandle.swift (in target '_RopeModule' from project 'swift-collections')
    cd /Users/harishvishwakarma/Handy/Archem/pepchat-ios/Revolt.xcodeproj
    

SwiftDriverJobDiscovery normal arm64 Emitting module for HashTreeCollections (in target 'HashTreeCollections' from project 'swift-collections')

SwiftDriver\ Compilation\ Requirements HashTreeCollections normal arm64 com.apple.xcode.tools.swift.compiler (in target 'HashTreeCollections' from project 'swift-collections')
    cd /Users/harishvishwakarma/Handy/Archem/pepchat-ios/Revolt.xcodeproj
    builtin-Swift-Compilation-Requirements -- /Applications/Xcode.app/Contents/Developer/Toolchains/XcodeDefault.xctoolchain/usr/bin/swiftc -module-name HashTreeCollections -Onone -enforce-exclusivity\=checked @/Users/harishvishwakarma/Library/Developer/Xcode/DerivedData/Revolt-dharrjsambcimaaziudpvzjdcigm/Build/Intermediates.noindex/swift-collections.build/Debug-iphoneos/HashTreeCollections.build/Objects-normal/arm64/HashTreeCollections.SwiftFileList -DSWIFT_PACKAGE -DDEBUG -DCOLLECTIONS_RANDOMIZED_TESTING -DXcode -plugin-path /Applications/Xcode.app/Contents/Developer/Toolchains/XcodeDefault.xctoolchain/usr/lib/swift/host/plugins/testing -enable-experimental-feature DebugDescriptionMacro -sdk /Applications/Xcode.app/Contents/Developer/Platforms/iPhoneOS.platform/Developer/SDKs/iPhoneOS18.5.sdk -target arm64-apple-ios12.0 -g -module-cache-path /Users/harishvishwakarma/Library/Developer/Xcode/DerivedData/ModuleCache.noindex -Xfrontend -serialize-debugging-options -enable-testing -suppress-warnings -index-store-path /Users/harishvishwakarma/Library/Developer/Xcode/DerivedData/Revolt-dharrjsambcimaaziudpvzjdcigm/Index.noindex/DataStore -swift-version 5 -I /Users/harishvishwakarma/Library/Developer/Xcode/DerivedData/Revolt-dharrjsambcimaaziudpvzjdcigm/Build/Products/Debug-iphoneos -I /Applications/Xcode.app/Contents/Developer/Platforms/iPhoneOS.platform/Developer/usr/lib -F /Users/harishvishwakarma/Library/Developer/Xcode/DerivedData/Revolt-dharrjsambcimaaziudpvzjdcigm/Build/Products/Debug-iphoneos/PackageFrameworks -F /Users/harishvishwakarma/Library/Developer/Xcode/DerivedData/Revolt-dharrjsambcimaaziudpvzjdcigm/Build/Products/Debug-iphoneos -F /Applications/Xcode.app/Contents/Developer/Platforms/iPhoneOS.platform/Developer/Library/Frameworks -F /Applications/Xcode.app/Contents/Developer/Platforms/iPhoneOS.platform/Developer/SDKs/iPhoneOS18.5.sdk/Developer/Library/Frameworks -c -j12 -enable-batch-mode -incremental -Xcc -ivfsstatcache -Xcc /Users/harishvishwakarma/Library/Developer/Xcode/DerivedData/SDKStatCaches.noindex/iphoneos18.5-22F76-7fa4eea80a99bbfdc046826b63ec4baf.sdkstatcache -output-file-map /Users/harishvishwakarma/Library/Developer/Xcode/DerivedData/Revolt-dharrjsambcimaaziudpvzjdcigm/Build/Intermediates.noindex/swift-collections.build/Debug-iphoneos/HashTreeCollections.build/Objects-normal/arm64/HashTreeCollections-OutputFileMap.json -use-frontend-parseable-output -save-temps -no-color-diagnostics -serialize-diagnostics -emit-dependencies -emit-module -emit-module-path /Users/harishvishwakarma/Library/Developer/Xcode/DerivedData/Revolt-dharrjsambcimaaziudpvzjdcigm/Build/Intermediates.noindex/swift-collections.build/Debug-iphoneos/HashTreeCollections.build/Objects-normal/arm64/HashTreeCollections.swiftmodule -validate-clang-modules-once -clang-build-session-file /Users/harishvishwakarma/Library/Developer/Xcode/DerivedData/ModuleCache.noindex/Session.modulevalidation -Xcc -I/Users/harishvishwakarma/Library/Developer/Xcode/DerivedData/Revolt-dharrjsambcimaaziudpvzjdcigm/Build/Intermediates.noindex/swift-collections.build/Debug-iphoneos/HashTreeCollections.build/swift-overrides.hmap -emit-const-values -Xfrontend -const-gather-protocols-file -Xfrontend /Users/harishvishwakarma/Library/Developer/Xcode/DerivedData/Revolt-dharrjsambcimaaziudpvzjdcigm/Build/Intermediates.noindex/swift-collections.build/Debug-iphoneos/HashTreeCollections.build/Objects-normal/arm64/HashTreeCollections_const_extract_protocols.json -Xcc -I/Users/harishvishwakarma/Library/Developer/Xcode/DerivedData/Revolt-dharrjsambcimaaziudpvzjdcigm/Build/Products/Debug-iphoneos/include -Xcc -I/Users/harishvishwakarma/Library/Developer/Xcode/DerivedData/Revolt-dharrjsambcimaaziudpvzjdcigm/Build/Intermediates.noindex/swift-collections.build/Debug-iphoneos/HashTreeCollections.build/DerivedSources-normal/arm64 -Xcc -I/Users/harishvishwakarma/Library/Developer/Xcode/DerivedData/Revolt-dharrjsambcimaaziudpvzjdcigm/Build/Intermediates.noindex/swift-collections.build/Debug-iphoneos/HashTreeCollections.build/DerivedSources/arm64 -Xcc -I/Users/harishvishwakarma/Library/Developer/Xcode/DerivedData/Revolt-dharrjsambcimaaziudpvzjdcigm/Build/Intermediates.noindex/swift-collections.build/Debug-iphoneos/HashTreeCollections.build/DerivedSources -Xcc -DSWIFT_PACKAGE -Xcc -DDEBUG\=1 -emit-objc-header -emit-objc-header-path /Users/harishvishwakarma/Library/Developer/Xcode/DerivedData/Revolt-dharrjsambcimaaziudpvzjdcigm/Build/Intermediates.noindex/swift-collections.build/Debug-iphoneos/HashTreeCollections.build/Objects-normal/arm64/HashTreeCollections-Swift.h -working-directory /Users/harishvishwakarma/Handy/Archem/pepchat-ios/Revolt.xcodeproj -experimental-emit-module-separately -disable-cmo

SwiftDriverJobDiscovery normal arm64 Compiling BigString+RemoveSubrange.swift, BigString+ReplaceSubrange.swift, BigString+Split.swift, Range+BigString.swift, BigString+UTF16View.swift, BigString+UTF8View.swift (in target '_RopeModule' from project 'swift-collections')

SwiftCompile normal arm64 Compiling\ BigString+Builder.swift,\ BigString+Contents.swift,\ BigString+Debugging.swift,\ BigString+Index.swift,\ BigString+Ingester.swift,\ BigString+Invariants.swift,\ BigString+Iterators.swift /Users/harishvishwakarma/Library/Developer/Xcode/DerivedData/Revolt-dharrjsambcimaaziudpvzjdcigm/SourcePackages/checkouts/swift-collections/Sources/RopeModule/BigString/Basics/BigString+Builder.swift /Users/harishvishwakarma/Library/Developer/Xcode/DerivedData/Revolt-dharrjsambcimaaziudpvzjdcigm/SourcePackages/checkouts/swift-collections/Sources/RopeModule/BigString/Basics/BigString+Contents.swift /Users/harishvishwakarma/Library/Developer/Xcode/DerivedData/Revolt-dharrjsambcimaaziudpvzjdcigm/SourcePackages/checkouts/swift-collections/Sources/RopeModule/BigString/Basics/BigString+Debugging.swift /Users/harishvishwakarma/Library/Developer/Xcode/DerivedData/Revolt-dharrjsambcimaaziudpvzjdcigm/SourcePackages/checkouts/swift-collections/Sources/RopeModule/BigString/Basics/BigString+Index.swift /Users/harishvishwakarma/Library/Developer/Xcode/DerivedData/Revolt-dharrjsambcimaaziudpvzjdcigm/SourcePackages/checkouts/swift-collections/Sources/RopeModule/BigString/Basics/BigString+Ingester.swift /Users/harishvishwakarma/Library/Developer/Xcode/DerivedData/Revolt-dharrjsambcimaaziudpvzjdcigm/SourcePackages/checkouts/swift-collections/Sources/RopeModule/BigString/Basics/BigString+Invariants.swift /Users/harishvishwakarma/Library/Developer/Xcode/DerivedData/Revolt-dharrjsambcimaaziudpvzjdcigm/SourcePackages/checkouts/swift-collections/Sources/RopeModule/BigString/Basics/BigString+Iterators.swift (in target '_RopeModule' from project 'swift-collections')
SwiftCompile normal arm64 /Users/harishvishwakarma/Library/Developer/Xcode/DerivedData/Revolt-dharrjsambcimaaziudpvzjdcigm/SourcePackages/checkouts/swift-collections/Sources/RopeModule/BigString/Basics/BigString+Builder.swift (in target '_RopeModule' from project 'swift-collections')
    cd /Users/harishvishwakarma/Handy/Archem/pepchat-ios/Revolt.xcodeproj
    

SwiftCompile normal arm64 /Users/harishvishwakarma/Library/Developer/Xcode/DerivedData/Revolt-dharrjsambcimaaziudpvzjdcigm/SourcePackages/checkouts/swift-collections/Sources/RopeModule/BigString/Basics/BigString+Contents.swift (in target '_RopeModule' from project 'swift-collections')
    cd /Users/harishvishwakarma/Handy/Archem/pepchat-ios/Revolt.xcodeproj
    

SwiftCompile normal arm64 /Users/harishvishwakarma/Library/Developer/Xcode/DerivedData/Revolt-dharrjsambcimaaziudpvzjdcigm/SourcePackages/checkouts/swift-collections/Sources/RopeModule/BigString/Basics/BigString+Debugging.swift (in target '_RopeModule' from project 'swift-collections')
    cd /Users/harishvishwakarma/Handy/Archem/pepchat-ios/Revolt.xcodeproj
    

SwiftCompile normal arm64 /Users/harishvishwakarma/Library/Developer/Xcode/DerivedData/Revolt-dharrjsambcimaaziudpvzjdcigm/SourcePackages/checkouts/swift-collections/Sources/RopeModule/BigString/Basics/BigString+Index.swift (in target '_RopeModule' from project 'swift-collections')
    cd /Users/harishvishwakarma/Handy/Archem/pepchat-ios/Revolt.xcodeproj
    

SwiftCompile normal arm64 /Users/harishvishwakarma/Library/Developer/Xcode/DerivedData/Revolt-dharrjsambcimaaziudpvzjdcigm/SourcePackages/checkouts/swift-collections/Sources/RopeModule/BigString/Basics/BigString+Ingester.swift (in target '_RopeModule' from project 'swift-collections')
    cd /Users/harishvishwakarma/Handy/Archem/pepchat-ios/Revolt.xcodeproj
    

SwiftCompile normal arm64 /Users/harishvishwakarma/Library/Developer/Xcode/DerivedData/Revolt-dharrjsambcimaaziudpvzjdcigm/SourcePackages/checkouts/swift-collections/Sources/RopeModule/BigString/Basics/BigString+Invariants.swift (in target '_RopeModule' from project 'swift-collections')
    cd /Users/harishvishwakarma/Handy/Archem/pepchat-ios/Revolt.xcodeproj
    

SwiftCompile normal arm64 /Users/harishvishwakarma/Library/Developer/Xcode/DerivedData/Revolt-dharrjsambcimaaziudpvzjdcigm/SourcePackages/checkouts/swift-collections/Sources/RopeModule/BigString/Basics/BigString+Iterators.swift (in target '_RopeModule' from project 'swift-collections')
    cd /Users/harishvishwakarma/Handy/Archem/pepchat-ios/Revolt.xcodeproj
    

SwiftMergeGeneratedHeaders /Users/harishvishwakarma/Library/Developer/Xcode/DerivedData/Revolt-dharrjsambcimaaziudpvzjdcigm/Build/Intermediates.noindex/GeneratedModuleMaps-iphoneos/HashTreeCollections-Swift.h /Users/harishvishwakarma/Library/Developer/Xcode/DerivedData/Revolt-dharrjsambcimaaziudpvzjdcigm/Build/Intermediates.noindex/swift-collections.build/Debug-iphoneos/HashTreeCollections.build/Objects-normal/arm64/HashTreeCollections-Swift.h (in target 'HashTreeCollections' from project 'swift-collections')
    cd /Users/harishvishwakarma/Library/Developer/Xcode/DerivedData/Revolt-dharrjsambcimaaziudpvzjdcigm/SourcePackages/checkouts/swift-collections
    builtin-swiftHeaderTool -arch arm64 /Users/harishvishwakarma/Library/Developer/Xcode/DerivedData/Revolt-dharrjsambcimaaziudpvzjdcigm/Build/Intermediates.noindex/swift-collections.build/Debug-iphoneos/HashTreeCollections.build/Objects-normal/arm64/HashTreeCollections-Swift.h -o /Users/harishvishwakarma/Library/Developer/Xcode/DerivedData/Revolt-dharrjsambcimaaziudpvzjdcigm/Build/Intermediates.noindex/GeneratedModuleMaps-iphoneos/HashTreeCollections-Swift.h

SwiftDriverJobDiscovery normal arm64 Compiling _RopeVersion.swift, Rope+Collection.swift, Rope+Index.swift, Rope+Sequence.swift, Rope+Append.swift, Rope+Extract.swift (in target '_RopeModule' from project 'swift-collections')

Copy /Users/harishvishwakarma/Library/Developer/Xcode/DerivedData/Revolt-dharrjsambcimaaziudpvzjdcigm/Build/Products/Debug-iphoneos/HashTreeCollections.swiftmodule/arm64-apple-ios.swiftmodule /Users/harishvishwakarma/Library/Developer/Xcode/DerivedData/Revolt-dharrjsambcimaaziudpvzjdcigm/Build/Intermediates.noindex/swift-collections.build/Debug-iphoneos/HashTreeCollections.build/Objects-normal/arm64/HashTreeCollections.swiftmodule (in target 'HashTreeCollections' from project 'swift-collections')
    cd /Users/harishvishwakarma/Library/Developer/Xcode/DerivedData/Revolt-dharrjsambcimaaziudpvzjdcigm/SourcePackages/checkouts/swift-collections
    builtin-copy -exclude .DS_Store -exclude CVS -exclude .svn -exclude .git -exclude .hg -resolve-src-symlinks -rename /Users/harishvishwakarma/Library/Developer/Xcode/DerivedData/Revolt-dharrjsambcimaaziudpvzjdcigm/Build/Intermediates.noindex/swift-collections.build/Debug-iphoneos/HashTreeCollections.build/Objects-normal/arm64/HashTreeCollections.swiftmodule /Users/harishvishwakarma/Library/Developer/Xcode/DerivedData/Revolt-dharrjsambcimaaziudpvzjdcigm/Build/Products/Debug-iphoneos/HashTreeCollections.swiftmodule/arm64-apple-ios.swiftmodule

Copy /Users/harishvishwakarma/Library/Developer/Xcode/DerivedData/Revolt-dharrjsambcimaaziudpvzjdcigm/Build/Products/Debug-iphoneos/HashTreeCollections.swiftmodule/arm64-apple-ios.swiftdoc /Users/harishvishwakarma/Library/Developer/Xcode/DerivedData/Revolt-dharrjsambcimaaziudpvzjdcigm/Build/Intermediates.noindex/swift-collections.build/Debug-iphoneos/HashTreeCollections.build/Objects-normal/arm64/HashTreeCollections.swiftdoc (in target 'HashTreeCollections' from project 'swift-collections')
    cd /Users/harishvishwakarma/Library/Developer/Xcode/DerivedData/Revolt-dharrjsambcimaaziudpvzjdcigm/SourcePackages/checkouts/swift-collections
    builtin-copy -exclude .DS_Store -exclude CVS -exclude .svn -exclude .git -exclude .hg -resolve-src-symlinks -rename /Users/harishvishwakarma/Library/Developer/Xcode/DerivedData/Revolt-dharrjsambcimaaziudpvzjdcigm/Build/Intermediates.noindex/swift-collections.build/Debug-iphoneos/HashTreeCollections.build/Objects-normal/arm64/HashTreeCollections.swiftdoc /Users/harishvishwakarma/Library/Developer/Xcode/DerivedData/Revolt-dharrjsambcimaaziudpvzjdcigm/Build/Products/Debug-iphoneos/HashTreeCollections.swiftmodule/arm64-apple-ios.swiftdoc

Copy /Users/harishvishwakarma/Library/Developer/Xcode/DerivedData/Revolt-dharrjsambcimaaziudpvzjdcigm/Build/Products/Debug-iphoneos/HashTreeCollections.swiftmodule/arm64-apple-ios.abi.json /Users/harishvishwakarma/Library/Developer/Xcode/DerivedData/Revolt-dharrjsambcimaaziudpvzjdcigm/Build/Intermediates.noindex/swift-collections.build/Debug-iphoneos/HashTreeCollections.build/Objects-normal/arm64/HashTreeCollections.abi.json (in target 'HashTreeCollections' from project 'swift-collections')
    cd /Users/harishvishwakarma/Library/Developer/Xcode/DerivedData/Revolt-dharrjsambcimaaziudpvzjdcigm/SourcePackages/checkouts/swift-collections
    builtin-copy -exclude .DS_Store -exclude CVS -exclude .svn -exclude .git -exclude .hg -resolve-src-symlinks -rename /Users/harishvishwakarma/Library/Developer/Xcode/DerivedData/Revolt-dharrjsambcimaaziudpvzjdcigm/Build/Intermediates.noindex/swift-collections.build/Debug-iphoneos/HashTreeCollections.build/Objects-normal/arm64/HashTreeCollections.abi.json /Users/harishvishwakarma/Library/Developer/Xcode/DerivedData/Revolt-dharrjsambcimaaziudpvzjdcigm/Build/Products/Debug-iphoneos/HashTreeCollections.swiftmodule/arm64-apple-ios.abi.json

Copy /Users/harishvishwakarma/Library/Developer/Xcode/DerivedData/Revolt-dharrjsambcimaaziudpvzjdcigm/Build/Products/Debug-iphoneos/HashTreeCollections.swiftmodule/Project/arm64-apple-ios.swiftsourceinfo /Users/harishvishwakarma/Library/Developer/Xcode/DerivedData/Revolt-dharrjsambcimaaziudpvzjdcigm/Build/Intermediates.noindex/swift-collections.build/Debug-iphoneos/HashTreeCollections.build/Objects-normal/arm64/HashTreeCollections.swiftsourceinfo (in target 'HashTreeCollections' from project 'swift-collections')
    cd /Users/harishvishwakarma/Library/Developer/Xcode/DerivedData/Revolt-dharrjsambcimaaziudpvzjdcigm/SourcePackages/checkouts/swift-collections
    builtin-copy -exclude .DS_Store -exclude CVS -exclude .svn -exclude .git -exclude .hg -resolve-src-symlinks -rename /Users/harishvishwakarma/Library/Developer/Xcode/DerivedData/Revolt-dharrjsambcimaaziudpvzjdcigm/Build/Intermediates.noindex/swift-collections.build/Debug-iphoneos/HashTreeCollections.build/Objects-normal/arm64/HashTreeCollections.swiftsourceinfo /Users/harishvishwakarma/Library/Developer/Xcode/DerivedData/Revolt-dharrjsambcimaaziudpvzjdcigm/Build/Products/Debug-iphoneos/HashTreeCollections.swiftmodule/Project/arm64-apple-ios.swiftsourceinfo

SwiftDriver\ Compilation XCTestDynamicOverlay normal arm64 com.apple.xcode.tools.swift.compiler (in target 'XCTestDynamicOverlay' from project 'xctest-dynamic-overlay')
    cd /Users/harishvishwakarma/Handy/Archem/pepchat-ios/Revolt.xcodeproj
    builtin-Swift-Compilation -- /Applications/Xcode.app/Contents/Developer/Toolchains/XcodeDefault.xctoolchain/usr/bin/swiftc -module-name XCTestDynamicOverlay -Onone -enforce-exclusivity\=checked @/Users/harishvishwakarma/Library/Developer/Xcode/DerivedData/Revolt-dharrjsambcimaaziudpvzjdcigm/Build/Intermediates.noindex/xctest-dynamic-overlay.build/Debug-iphoneos/XCTestDynamicOverlay.build/Objects-normal/arm64/XCTestDynamicOverlay.SwiftFileList -DSWIFT_PACKAGE -DDEBUG -DXcode -plugin-path /Applications/Xcode.app/Contents/Developer/Toolchains/XcodeDefault.xctoolchain/usr/lib/swift/host/plugins/testing -enable-experimental-feature DebugDescriptionMacro -sdk /Applications/Xcode.app/Contents/Developer/Platforms/iPhoneOS.platform/Developer/SDKs/iPhoneOS18.5.sdk -target arm64-apple-ios13.0 -g -module-cache-path /Users/harishvishwakarma/Library/Developer/Xcode/DerivedData/ModuleCache.noindex -Xfrontend -serialize-debugging-options -enable-testing -suppress-warnings -index-store-path /Users/harishvishwakarma/Library/Developer/Xcode/DerivedData/Revolt-dharrjsambcimaaziudpvzjdcigm/Index.noindex/DataStore -swift-version 6 -I /Users/harishvishwakarma/Library/Developer/Xcode/DerivedData/Revolt-dharrjsambcimaaziudpvzjdcigm/Build/Products/Debug-iphoneos -I /Applications/Xcode.app/Contents/Developer/Platforms/iPhoneOS.platform/Developer/usr/lib -F /Users/harishvishwakarma/Library/Developer/Xcode/DerivedData/Revolt-dharrjsambcimaaziudpvzjdcigm/Build/Products/Debug-iphoneos/PackageFrameworks -F /Users/harishvishwakarma/Library/Developer/Xcode/DerivedData/Revolt-dharrjsambcimaaziudpvzjdcigm/Build/Products/Debug-iphoneos -F /Applications/Xcode.app/Contents/Developer/Platforms/iPhoneOS.platform/Developer/Library/Frameworks -F /Applications/Xcode.app/Contents/Developer/Platforms/iPhoneOS.platform/Developer/SDKs/iPhoneOS18.5.sdk/Developer/Library/Frameworks -c -j12 -enable-batch-mode -incremental -Xcc -ivfsstatcache -Xcc /Users/harishvishwakarma/Library/Developer/Xcode/DerivedData/SDKStatCaches.noindex/iphoneos18.5-22F76-7fa4eea80a99bbfdc046826b63ec4baf.sdkstatcache -output-file-map /Users/harishvishwakarma/Library/Developer/Xcode/DerivedData/Revolt-dharrjsambcimaaziudpvzjdcigm/Build/Intermediates.noindex/xctest-dynamic-overlay.build/Debug-iphoneos/XCTestDynamicOverlay.build/Objects-normal/arm64/XCTestDynamicOverlay-OutputFileMap.json -use-frontend-parseable-output -save-temps -no-color-diagnostics -serialize-diagnostics -emit-dependencies -emit-module -emit-module-path /Users/harishvishwakarma/Library/Developer/Xcode/DerivedData/Revolt-dharrjsambcimaaziudpvzjdcigm/Build/Intermediates.noindex/xctest-dynamic-overlay.build/Debug-iphoneos/XCTestDynamicOverlay.build/Objects-normal/arm64/XCTestDynamicOverlay.swiftmodule -user-module-version 1.4.1 -validate-clang-modules-once -clang-build-session-file /Users/harishvishwakarma/Library/Developer/Xcode/DerivedData/ModuleCache.noindex/Session.modulevalidation -package-name xctest_dynamic_overlay -Xcc -I/Users/harishvishwakarma/Library/Developer/Xcode/DerivedData/Revolt-dharrjsambcimaaziudpvzjdcigm/Build/Intermediates.noindex/xctest-dynamic-overlay.build/Debug-iphoneos/XCTestDynamicOverlay.build/swift-overrides.hmap -emit-const-values -Xfrontend -const-gather-protocols-file -Xfrontend /Users/harishvishwakarma/Library/Developer/Xcode/DerivedData/Revolt-dharrjsambcimaaziudpvzjdcigm/Build/Intermediates.noindex/xctest-dynamic-overlay.build/Debug-iphoneos/XCTestDynamicOverlay.build/Objects-normal/arm64/XCTestDynamicOverlay_const_extract_protocols.json -Xcc -I/Users/harishvishwakarma/Library/Developer/Xcode/DerivedData/Revolt-dharrjsambcimaaziudpvzjdcigm/Build/Products/Debug-iphoneos/include -Xcc -I/Users/harishvishwakarma/Library/Developer/Xcode/DerivedData/Revolt-dharrjsambcimaaziudpvzjdcigm/Build/Intermediates.noindex/xctest-dynamic-overlay.build/Debug-iphoneos/XCTestDynamicOverlay.build/DerivedSources-normal/arm64 -Xcc -I/Users/harishvishwakarma/Library/Developer/Xcode/DerivedData/Revolt-dharrjsambcimaaziudpvzjdcigm/Build/Intermediates.noindex/xctest-dynamic-overlay.build/Debug-iphoneos/XCTestDynamicOverlay.build/DerivedSources/arm64 -Xcc -I/Users/harishvishwakarma/Library/Developer/Xcode/DerivedData/Revolt-dharrjsambcimaaziudpvzjdcigm/Build/Intermediates.noindex/xctest-dynamic-overlay.build/Debug-iphoneos/XCTestDynamicOverlay.build/DerivedSources -Xcc -DSWIFT_PACKAGE -Xcc -DDEBUG\=1 -emit-objc-header -emit-objc-header-path /Users/harishvishwakarma/Library/Developer/Xcode/DerivedData/Revolt-dharrjsambcimaaziudpvzjdcigm/Build/Intermediates.noindex/xctest-dynamic-overlay.build/Debug-iphoneos/XCTestDynamicOverlay.build/Objects-normal/arm64/XCTestDynamicOverlay-Swift.h -working-directory /Users/harishvishwakarma/Handy/Archem/pepchat-ios/Revolt.xcodeproj -experimental-emit-module-separately -disable-cmo

SwiftCompile normal arm64 Compiling\ SyntaxCollection.swift,\ SyntaxData.swift,\ SyntaxText.swift,\ SyntaxTreeViewMode.swift /Users/harishvishwakarma/Library/Developer/Xcode/DerivedData/Revolt-dharrjsambcimaaziudpvzjdcigm/SourcePackages/checkouts/swift-syntax/Sources/SwiftSyntax/SyntaxCollection.swift /Users/harishvishwakarma/Library/Developer/Xcode/DerivedData/Revolt-dharrjsambcimaaziudpvzjdcigm/SourcePackages/checkouts/swift-syntax/Sources/SwiftSyntax/SyntaxData.swift /Users/harishvishwakarma/Library/Developer/Xcode/DerivedData/Revolt-dharrjsambcimaaziudpvzjdcigm/SourcePackages/checkouts/swift-syntax/Sources/SwiftSyntax/SyntaxText.swift /Users/harishvishwakarma/Library/Developer/Xcode/DerivedData/Revolt-dharrjsambcimaaziudpvzjdcigm/SourcePackages/checkouts/swift-syntax/Sources/SwiftSyntax/SyntaxTreeViewMode.swift (in target 'SwiftSyntax' from project 'swift-syntax')
SwiftCompile normal arm64 /Users/harishvishwakarma/Library/Developer/Xcode/DerivedData/Revolt-dharrjsambcimaaziudpvzjdcigm/SourcePackages/checkouts/swift-syntax/Sources/SwiftSyntax/SyntaxCollection.swift (in target 'SwiftSyntax' from project 'swift-syntax')
    cd /Users/harishvishwakarma/Handy/Archem/pepchat-ios/Revolt.xcodeproj
    

SwiftCompile normal arm64 /Users/harishvishwakarma/Library/Developer/Xcode/DerivedData/Revolt-dharrjsambcimaaziudpvzjdcigm/SourcePackages/checkouts/swift-syntax/Sources/SwiftSyntax/SyntaxData.swift (in target 'SwiftSyntax' from project 'swift-syntax')
    cd /Users/harishvishwakarma/Handy/Archem/pepchat-ios/Revolt.xcodeproj
    

SwiftCompile normal arm64 /Users/harishvishwakarma/Library/Developer/Xcode/DerivedData/Revolt-dharrjsambcimaaziudpvzjdcigm/SourcePackages/checkouts/swift-syntax/Sources/SwiftSyntax/SyntaxText.swift (in target 'SwiftSyntax' from project 'swift-syntax')
    cd /Users/harishvishwakarma/Handy/Archem/pepchat-ios/Revolt.xcodeproj
    

SwiftCompile normal arm64 /Users/harishvishwakarma/Library/Developer/Xcode/DerivedData/Revolt-dharrjsambcimaaziudpvzjdcigm/SourcePackages/checkouts/swift-syntax/Sources/SwiftSyntax/SyntaxTreeViewMode.swift (in target 'SwiftSyntax' from project 'swift-syntax')
    cd /Users/harishvishwakarma/Handy/Archem/pepchat-ios/Revolt.xcodeproj
    

SwiftCompile normal x86_64 Compiling\ ChildNameForKeyPath.swift,\ Keyword.swift,\ RenamedChildrenCompatibility.swift,\ RenamedNodesCompatibility.swift /Users/harishvishwakarma/Library/Developer/Xcode/DerivedData/Revolt-dharrjsambcimaaziudpvzjdcigm/SourcePackages/checkouts/swift-syntax/Sources/SwiftSyntax/generated/ChildNameForKeyPath.swift /Users/harishvishwakarma/Library/Developer/Xcode/DerivedData/Revolt-dharrjsambcimaaziudpvzjdcigm/SourcePackages/checkouts/swift-syntax/Sources/SwiftSyntax/generated/Keyword.swift /Users/harishvishwakarma/Library/Developer/Xcode/DerivedData/Revolt-dharrjsambcimaaziudpvzjdcigm/SourcePackages/checkouts/swift-syntax/Sources/SwiftSyntax/generated/RenamedChildrenCompatibility.swift /Users/harishvishwakarma/Library/Developer/Xcode/DerivedData/Revolt-dharrjsambcimaaziudpvzjdcigm/SourcePackages/checkouts/swift-syntax/Sources/SwiftSyntax/generated/RenamedNodesCompatibility.swift (in target 'SwiftSyntax' from project 'swift-syntax')
SwiftCompile normal x86_64 /Users/harishvishwakarma/Library/Developer/Xcode/DerivedData/Revolt-dharrjsambcimaaziudpvzjdcigm/SourcePackages/checkouts/swift-syntax/Sources/SwiftSyntax/generated/ChildNameForKeyPath.swift (in target 'SwiftSyntax' from project 'swift-syntax')
    cd /Users/harishvishwakarma/Handy/Archem/pepchat-ios/Revolt.xcodeproj
    

SwiftCompile normal x86_64 /Users/harishvishwakarma/Library/Developer/Xcode/DerivedData/Revolt-dharrjsambcimaaziudpvzjdcigm/SourcePackages/checkouts/swift-syntax/Sources/SwiftSyntax/generated/Keyword.swift (in target 'SwiftSyntax' from project 'swift-syntax')
    cd /Users/harishvishwakarma/Handy/Archem/pepchat-ios/Revolt.xcodeproj
    

SwiftCompile normal x86_64 /Users/harishvishwakarma/Library/Developer/Xcode/DerivedData/Revolt-dharrjsambcimaaziudpvzjdcigm/SourcePackages/checkouts/swift-syntax/Sources/SwiftSyntax/generated/RenamedChildrenCompatibility.swift (in target 'SwiftSyntax' from project 'swift-syntax')
    cd /Users/harishvishwakarma/Handy/Archem/pepchat-ios/Revolt.xcodeproj
    

SwiftCompile normal x86_64 /Users/harishvishwakarma/Library/Developer/Xcode/DerivedData/Revolt-dharrjsambcimaaziudpvzjdcigm/SourcePackages/checkouts/swift-syntax/Sources/SwiftSyntax/generated/RenamedNodesCompatibility.swift (in target 'SwiftSyntax' from project 'swift-syntax')
    cd /Users/harishvishwakarma/Handy/Archem/pepchat-ios/Revolt.xcodeproj
    

SwiftDriverJobDiscovery normal arm64 Compiling BigString+Metrics.swift, BigString+Summary.swift, BigString.swift, BigString+Chunk+Append and Insert.swift, BigString+Chunk+Breaks.swift, BigString+Chunk+Counts.swift, BigString+Chunk+Description.swift (in target '_RopeModule' from project 'swift-collections')

SwiftCompile normal arm64 Compiling\ MemoryLayout.swift,\ MissingNodeInitializers.swift,\ RawSyntax.swift,\ RawSyntaxLayoutView.swift,\ RawSyntaxNodeProtocol.swift /Users/harishvishwakarma/Library/Developer/Xcode/DerivedData/Revolt-dharrjsambcimaaziudpvzjdcigm/SourcePackages/checkouts/swift-syntax/Sources/SwiftSyntax/MemoryLayout.swift /Users/harishvishwakarma/Library/Developer/Xcode/DerivedData/Revolt-dharrjsambcimaaziudpvzjdcigm/SourcePackages/checkouts/swift-syntax/Sources/SwiftSyntax/MissingNodeInitializers.swift /Users/harishvishwakarma/Library/Developer/Xcode/DerivedData/Revolt-dharrjsambcimaaziudpvzjdcigm/SourcePackages/checkouts/swift-syntax/Sources/SwiftSyntax/Raw/RawSyntax.swift /Users/harishvishwakarma/Library/Developer/Xcode/DerivedData/Revolt-dharrjsambcimaaziudpvzjdcigm/SourcePackages/checkouts/swift-syntax/Sources/SwiftSyntax/Raw/RawSyntaxLayoutView.swift /Users/harishvishwakarma/Library/Developer/Xcode/DerivedData/Revolt-dharrjsambcimaaziudpvzjdcigm/SourcePackages/checkouts/swift-syntax/Sources/SwiftSyntax/Raw/RawSyntaxNodeProtocol.swift (in target 'SwiftSyntax' from project 'swift-syntax')

SwiftCompile normal arm64 /Users/harishvishwakarma/Library/Developer/Xcode/DerivedData/Revolt-dharrjsambcimaaziudpvzjdcigm/SourcePackages/checkouts/swift-syntax/Sources/SwiftSyntax/MemoryLayout.swift (in target 'SwiftSyntax' from project 'swift-syntax')
    cd /Users/harishvishwakarma/Handy/Archem/pepchat-ios/Revolt.xcodeproj
    

SwiftCompile normal arm64 /Users/harishvishwakarma/Library/Developer/Xcode/DerivedData/Revolt-dharrjsambcimaaziudpvzjdcigm/SourcePackages/checkouts/swift-syntax/Sources/SwiftSyntax/MissingNodeInitializers.swift (in target 'SwiftSyntax' from project 'swift-syntax')
    cd /Users/harishvishwakarma/Handy/Archem/pepchat-ios/Revolt.xcodeproj
    

SwiftCompile normal arm64 /Users/harishvishwakarma/Library/Developer/Xcode/DerivedData/Revolt-dharrjsambcimaaziudpvzjdcigm/SourcePackages/checkouts/swift-syntax/Sources/SwiftSyntax/Raw/RawSyntax.swift (in target 'SwiftSyntax' from project 'swift-syntax')
    cd /Users/harishvishwakarma/Handy/Archem/pepchat-ios/Revolt.xcodeproj
    

SwiftCompile normal arm64 /Users/harishvishwakarma/Library/Developer/Xcode/DerivedData/Revolt-dharrjsambcimaaziudpvzjdcigm/SourcePackages/checkouts/swift-syntax/Sources/SwiftSyntax/Raw/RawSyntaxLayoutView.swift (in target 'SwiftSyntax' from project 'swift-syntax')
    cd /Users/harishvishwakarma/Handy/Archem/pepchat-ios/Revolt.xcodeproj
    

SwiftCompile normal arm64 /Users/harishvishwakarma/Library/Developer/Xcode/DerivedData/Revolt-dharrjsambcimaaziudpvzjdcigm/SourcePackages/checkouts/swift-syntax/Sources/SwiftSyntax/Raw/RawSyntaxNodeProtocol.swift (in target 'SwiftSyntax' from project 'swift-syntax')
    cd /Users/harishvishwakarma/Handy/Archem/pepchat-ios/Revolt.xcodeproj
    

SwiftDriverJobDiscovery normal arm64 Compiling BigString+UnicodeScalarView.swift, BigSubstring+UTF16View.swift, BigSubstring+UTF8View.swift, BigSubstring+UnicodeScalarView.swift, BigSubstring.swift, Rope+Builder.swift (in target '_RopeModule' from project 'swift-collections')

SwiftCompile normal arm64 Compiling\ SyntaxAnyVisitor.swift,\ SyntaxBaseNodes.swift,\ SyntaxCollections.swift,\ SyntaxEnum.swift /Users/harishvishwakarma/Library/Developer/Xcode/DerivedData/Revolt-dharrjsambcimaaziudpvzjdcigm/SourcePackages/checkouts/swift-syntax/Sources/SwiftSyntax/generated/SyntaxAnyVisitor.swift /Users/harishvishwakarma/Library/Developer/Xcode/DerivedData/Revolt-dharrjsambcimaaziudpvzjdcigm/SourcePackages/checkouts/swift-syntax/Sources/SwiftSyntax/generated/SyntaxBaseNodes.swift /Users/harishvishwakarma/Library/Developer/Xcode/DerivedData/Revolt-dharrjsambcimaaziudpvzjdcigm/SourcePackages/checkouts/swift-syntax/Sources/SwiftSyntax/generated/SyntaxCollections.swift /Users/harishvishwakarma/Library/Developer/Xcode/DerivedData/Revolt-dharrjsambcimaaziudpvzjdcigm/SourcePackages/checkouts/swift-syntax/Sources/SwiftSyntax/generated/SyntaxEnum.swift (in target 'SwiftSyntax' from project 'swift-syntax')

SwiftCompile normal arm64 /Users/harishvishwakarma/Library/Developer/Xcode/DerivedData/Revolt-dharrjsambcimaaziudpvzjdcigm/SourcePackages/checkouts/swift-syntax/Sources/SwiftSyntax/generated/SyntaxAnyVisitor.swift (in target 'SwiftSyntax' from project 'swift-syntax')
    cd /Users/harishvishwakarma/Handy/Archem/pepchat-ios/Revolt.xcodeproj
    

SwiftCompile normal arm64 /Users/harishvishwakarma/Library/Developer/Xcode/DerivedData/Revolt-dharrjsambcimaaziudpvzjdcigm/SourcePackages/checkouts/swift-syntax/Sources/SwiftSyntax/generated/SyntaxBaseNodes.swift (in target 'SwiftSyntax' from project 'swift-syntax')
    cd /Users/harishvishwakarma/Handy/Archem/pepchat-ios/Revolt.xcodeproj
    

SwiftCompile normal arm64 /Users/harishvishwakarma/Library/Developer/Xcode/DerivedData/Revolt-dharrjsambcimaaziudpvzjdcigm/SourcePackages/checkouts/swift-syntax/Sources/SwiftSyntax/generated/SyntaxCollections.swift (in target 'SwiftSyntax' from project 'swift-syntax')
    cd /Users/harishvishwakarma/Handy/Archem/pepchat-ios/Revolt.xcodeproj
    

SwiftCompile normal arm64 /Users/harishvishwakarma/Library/Developer/Xcode/DerivedData/Revolt-dharrjsambcimaaziudpvzjdcigm/SourcePackages/checkouts/swift-syntax/Sources/SwiftSyntax/generated/SyntaxEnum.swift (in target 'SwiftSyntax' from project 'swift-syntax')
    cd /Users/harishvishwakarma/Handy/Archem/pepchat-ios/Revolt.xcodeproj
    

SwiftDriverJobDiscovery normal arm64 Compiling Rope+RemoveSubrange.swift, Rope+Split.swift, Optional Utilities.swift, String Utilities.swift, String.Index+ABI.swift, _CharacterRecognizer.swift (in target '_RopeModule' from project 'swift-collections')

SwiftCompile normal x86_64 Compiling\ SyntaxAnyVisitor.swift,\ SyntaxBaseNodes.swift,\ SyntaxCollections.swift,\ SyntaxEnum.swift /Users/harishvishwakarma/Library/Developer/Xcode/DerivedData/Revolt-dharrjsambcimaaziudpvzjdcigm/SourcePackages/checkouts/swift-syntax/Sources/SwiftSyntax/generated/SyntaxAnyVisitor.swift /Users/harishvishwakarma/Library/Developer/Xcode/DerivedData/Revolt-dharrjsambcimaaziudpvzjdcigm/SourcePackages/checkouts/swift-syntax/Sources/SwiftSyntax/generated/SyntaxBaseNodes.swift /Users/harishvishwakarma/Library/Developer/Xcode/DerivedData/Revolt-dharrjsambcimaaziudpvzjdcigm/SourcePackages/checkouts/swift-syntax/Sources/SwiftSyntax/generated/SyntaxCollections.swift /Users/harishvishwakarma/Library/Developer/Xcode/DerivedData/Revolt-dharrjsambcimaaziudpvzjdcigm/SourcePackages/checkouts/swift-syntax/Sources/SwiftSyntax/generated/SyntaxEnum.swift (in target 'SwiftSyntax' from project 'swift-syntax')

SwiftCompile normal x86_64 /Users/harishvishwakarma/Library/Developer/Xcode/DerivedData/Revolt-dharrjsambcimaaziudpvzjdcigm/SourcePackages/checkouts/swift-syntax/Sources/SwiftSyntax/generated/SyntaxAnyVisitor.swift (in target 'SwiftSyntax' from project 'swift-syntax')
    cd /Users/harishvishwakarma/Handy/Archem/pepchat-ios/Revolt.xcodeproj
    

SwiftCompile normal x86_64 /Users/harishvishwakarma/Library/Developer/Xcode/DerivedData/Revolt-dharrjsambcimaaziudpvzjdcigm/SourcePackages/checkouts/swift-syntax/Sources/SwiftSyntax/generated/SyntaxBaseNodes.swift (in target 'SwiftSyntax' from project 'swift-syntax')
    cd /Users/harishvishwakarma/Handy/Archem/pepchat-ios/Revolt.xcodeproj
    

SwiftCompile normal x86_64 /Users/harishvishwakarma/Library/Developer/Xcode/DerivedData/Revolt-dharrjsambcimaaziudpvzjdcigm/SourcePackages/checkouts/swift-syntax/Sources/SwiftSyntax/generated/SyntaxCollections.swift (in target 'SwiftSyntax' from project 'swift-syntax')
    cd /Users/harishvishwakarma/Handy/Archem/pepchat-ios/Revolt.xcodeproj
    

SwiftCompile normal x86_64 /Users/harishvishwakarma/Library/Developer/Xcode/DerivedData/Revolt-dharrjsambcimaaziudpvzjdcigm/SourcePackages/checkouts/swift-syntax/Sources/SwiftSyntax/generated/SyntaxEnum.swift (in target 'SwiftSyntax' from project 'swift-syntax')
    cd /Users/harishvishwakarma/Handy/Archem/pepchat-ios/Revolt.xcodeproj
    

SwiftDriverJobDiscovery normal arm64 Compiling Rope+Find.swift, Rope+ForEachWhile.swift, Rope+Insert.swift, Rope+Join.swift, Rope+MutatingForEach.swift, Rope+Remove.swift (in target '_RopeModule' from project 'swift-collections')

SwiftCompile normal arm64 Compiling\ SyntaxVisitor.swift,\ TokenKind.swift,\ Tokens.swift,\ TriviaPieces.swift /Users/harishvishwakarma/Library/Developer/Xcode/DerivedData/Revolt-dharrjsambcimaaziudpvzjdcigm/SourcePackages/checkouts/swift-syntax/Sources/SwiftSyntax/generated/SyntaxVisitor.swift /Users/harishvishwakarma/Library/Developer/Xcode/DerivedData/Revolt-dharrjsambcimaaziudpvzjdcigm/SourcePackages/checkouts/swift-syntax/Sources/SwiftSyntax/generated/TokenKind.swift /Users/harishvishwakarma/Library/Developer/Xcode/DerivedData/Revolt-dharrjsambcimaaziudpvzjdcigm/SourcePackages/checkouts/swift-syntax/Sources/SwiftSyntax/generated/Tokens.swift /Users/harishvishwakarma/Library/Developer/Xcode/DerivedData/Revolt-dharrjsambcimaaziudpvzjdcigm/SourcePackages/checkouts/swift-syntax/Sources/SwiftSyntax/generated/TriviaPieces.swift (in target 'SwiftSyntax' from project 'swift-syntax')
SwiftCompile normal arm64 /Users/harishvishwakarma/Library/Developer/Xcode/DerivedData/Revolt-dharrjsambcimaaziudpvzjdcigm/SourcePackages/checkouts/swift-syntax/Sources/SwiftSyntax/generated/SyntaxVisitor.swift (in target 'SwiftSyntax' from project 'swift-syntax')
    cd /Users/harishvishwakarma/Handy/Archem/pepchat-ios/Revolt.xcodeproj
    

SwiftCompile normal arm64 /Users/harishvishwakarma/Library/Developer/Xcode/DerivedData/Revolt-dharrjsambcimaaziudpvzjdcigm/SourcePackages/checkouts/swift-syntax/Sources/SwiftSyntax/generated/TokenKind.swift (in target 'SwiftSyntax' from project 'swift-syntax')
    cd /Users/harishvishwakarma/Handy/Archem/pepchat-ios/Revolt.xcodeproj
    

SwiftCompile normal arm64 /Users/harishvishwakarma/Library/Developer/Xcode/DerivedData/Revolt-dharrjsambcimaaziudpvzjdcigm/SourcePackages/checkouts/swift-syntax/Sources/SwiftSyntax/generated/Tokens.swift (in target 'SwiftSyntax' from project 'swift-syntax')
    cd /Users/harishvishwakarma/Handy/Archem/pepchat-ios/Revolt.xcodeproj
    

SwiftCompile normal arm64 /Users/harishvishwakarma/Library/Developer/Xcode/DerivedData/Revolt-dharrjsambcimaaziudpvzjdcigm/SourcePackages/checkouts/swift-syntax/Sources/SwiftSyntax/generated/TriviaPieces.swift (in target 'SwiftSyntax' from project 'swift-syntax')
    cd /Users/harishvishwakarma/Handy/Archem/pepchat-ios/Revolt.xcodeproj
    

SwiftDriverJobDiscovery normal arm64 Compiling Rope.swift, RopeElement.swift, RopeMetric.swift, RopeSummary.swift, _RopeItem.swift, _RopePath.swift (in target '_RopeModule' from project 'swift-collections')

SwiftCompile normal arm64 Compiling\ AbsolutePosition.swift,\ Assert.swift,\ BumpPtrAllocator.swift,\ CommonAncestor.swift,\ Convenience.swift /Users/harishvishwakarma/Library/Developer/Xcode/DerivedData/Revolt-dharrjsambcimaaziudpvzjdcigm/SourcePackages/checkouts/swift-syntax/Sources/SwiftSyntax/AbsolutePosition.swift /Users/harishvishwakarma/Library/Developer/Xcode/DerivedData/Revolt-dharrjsambcimaaziudpvzjdcigm/SourcePackages/checkouts/swift-syntax/Sources/SwiftSyntax/Assert.swift /Users/harishvishwakarma/Library/Developer/Xcode/DerivedData/Revolt-dharrjsambcimaaziudpvzjdcigm/SourcePackages/checkouts/swift-syntax/Sources/SwiftSyntax/BumpPtrAllocator.swift /Users/harishvishwakarma/Library/Developer/Xcode/DerivedData/Revolt-dharrjsambcimaaziudpvzjdcigm/SourcePackages/checkouts/swift-syntax/Sources/SwiftSyntax/CommonAncestor.swift /Users/harishvishwakarma/Library/Developer/Xcode/DerivedData/Revolt-dharrjsambcimaaziudpvzjdcigm/SourcePackages/checkouts/swift-syntax/Sources/SwiftSyntax/Convenience.swift (in target 'SwiftSyntax' from project 'swift-syntax')

SwiftCompile normal arm64 /Users/harishvishwakarma/Library/Developer/Xcode/DerivedData/Revolt-dharrjsambcimaaziudpvzjdcigm/SourcePackages/checkouts/swift-syntax/Sources/SwiftSyntax/AbsolutePosition.swift (in target 'SwiftSyntax' from project 'swift-syntax')
    cd /Users/harishvishwakarma/Handy/Archem/pepchat-ios/Revolt.xcodeproj
    

SwiftCompile normal arm64 /Users/harishvishwakarma/Library/Developer/Xcode/DerivedData/Revolt-dharrjsambcimaaziudpvzjdcigm/SourcePackages/checkouts/swift-syntax/Sources/SwiftSyntax/Assert.swift (in target 'SwiftSyntax' from project 'swift-syntax')
    cd /Users/harishvishwakarma/Handy/Archem/pepchat-ios/Revolt.xcodeproj
    

SwiftCompile normal arm64 /Users/harishvishwakarma/Library/Developer/Xcode/DerivedData/Revolt-dharrjsambcimaaziudpvzjdcigm/SourcePackages/checkouts/swift-syntax/Sources/SwiftSyntax/BumpPtrAllocator.swift (in target 'SwiftSyntax' from project 'swift-syntax')
    cd /Users/harishvishwakarma/Handy/Archem/pepchat-ios/Revolt.xcodeproj
    

SwiftCompile normal arm64 /Users/harishvishwakarma/Library/Developer/Xcode/DerivedData/Revolt-dharrjsambcimaaziudpvzjdcigm/SourcePackages/checkouts/swift-syntax/Sources/SwiftSyntax/CommonAncestor.swift (in target 'SwiftSyntax' from project 'swift-syntax')
    cd /Users/harishvishwakarma/Handy/Archem/pepchat-ios/Revolt.xcodeproj
    

SwiftCompile normal arm64 /Users/harishvishwakarma/Library/Developer/Xcode/DerivedData/Revolt-dharrjsambcimaaziudpvzjdcigm/SourcePackages/checkouts/swift-syntax/Sources/SwiftSyntax/Convenience.swift (in target 'SwiftSyntax' from project 'swift-syntax')
    cd /Users/harishvishwakarma/Handy/Archem/pepchat-ios/Revolt.xcodeproj
    

SwiftDriverJobDiscovery normal arm64 Compiling BigString+Sequence.swift, BigString+TextOutputStream.swift, BigString+Append.swift, BigString+Initializers.swift, BigString+Insert.swift, BigString+Managing Breaks.swift (in target '_RopeModule' from project 'swift-collections')

SwiftCompile normal x86_64 Compiling\ RawSyntaxNodes.swift,\ RawSyntaxValidation.swift,\ SyntaxDeclNodes.swift,\ SyntaxExprNodes.swift /Users/harishvishwakarma/Library/Developer/Xcode/DerivedData/Revolt-dharrjsambcimaaziudpvzjdcigm/SourcePackages/checkouts/swift-syntax/Sources/SwiftSyntax/generated/raw/RawSyntaxNodes.swift /Users/harishvishwakarma/Library/Developer/Xcode/DerivedData/Revolt-dharrjsambcimaaziudpvzjdcigm/SourcePackages/checkouts/swift-syntax/Sources/SwiftSyntax/generated/raw/RawSyntaxValidation.swift /Users/harishvishwakarma/Library/Developer/Xcode/DerivedData/Revolt-dharrjsambcimaaziudpvzjdcigm/SourcePackages/checkouts/swift-syntax/Sources/SwiftSyntax/generated/syntaxNodes/SyntaxDeclNodes.swift /Users/harishvishwakarma/Library/Developer/Xcode/DerivedData/Revolt-dharrjsambcimaaziudpvzjdcigm/SourcePackages/checkouts/swift-syntax/Sources/SwiftSyntax/generated/syntaxNodes/SyntaxExprNodes.swift (in target 'SwiftSyntax' from project 'swift-syntax')

SwiftCompile normal x86_64 /Users/harishvishwakarma/Library/Developer/Xcode/DerivedData/Revolt-dharrjsambcimaaziudpvzjdcigm/SourcePackages/checkouts/swift-syntax/Sources/SwiftSyntax/generated/raw/RawSyntaxNodes.swift (in target 'SwiftSyntax' from project 'swift-syntax')
    cd /Users/harishvishwakarma/Handy/Archem/pepchat-ios/Revolt.xcodeproj
    

SwiftCompile normal x86_64 /Users/harishvishwakarma/Library/Developer/Xcode/DerivedData/Revolt-dharrjsambcimaaziudpvzjdcigm/SourcePackages/checkouts/swift-syntax/Sources/SwiftSyntax/generated/raw/RawSyntaxValidation.swift (in target 'SwiftSyntax' from project 'swift-syntax')
    cd /Users/harishvishwakarma/Handy/Archem/pepchat-ios/Revolt.xcodeproj
    

SwiftCompile normal x86_64 /Users/harishvishwakarma/Library/Developer/Xcode/DerivedData/Revolt-dharrjsambcimaaziudpvzjdcigm/SourcePackages/checkouts/swift-syntax/Sources/SwiftSyntax/generated/syntaxNodes/SyntaxDeclNodes.swift (in target 'SwiftSyntax' from project 'swift-syntax')
    cd /Users/harishvishwakarma/Handy/Archem/pepchat-ios/Revolt.xcodeproj
    

SwiftCompile normal x86_64 /Users/harishvishwakarma/Library/Developer/Xcode/DerivedData/Revolt-dharrjsambcimaaziudpvzjdcigm/SourcePackages/checkouts/swift-syntax/Sources/SwiftSyntax/generated/syntaxNodes/SyntaxExprNodes.swift (in target 'SwiftSyntax' from project 'swift-syntax')
    cd /Users/harishvishwakarma/Handy/Archem/pepchat-ios/Revolt.xcodeproj
    

SwiftDriverJobDiscovery normal arm64 Compiling BigString+CustomDebugStringConvertible.swift, BigString+CustomStringConvertible.swift, BigString+Equatable.swift, BigString+ExpressibleByStringLiteral.swift, BigString+Hashing.swift, BigString+LosslessStringConvertible.swift, BigString+RangeReplaceableCollection.swift (in target '_RopeModule' from project 'swift-collections')

SwiftCompile normal x86_64 Compiling\ SyntaxCollection.swift,\ SyntaxData.swift,\ SyntaxText.swift,\ SyntaxTreeViewMode.swift /Users/harishvishwakarma/Library/Developer/Xcode/DerivedData/Revolt-dharrjsambcimaaziudpvzjdcigm/SourcePackages/checkouts/swift-syntax/Sources/SwiftSyntax/SyntaxCollection.swift /Users/harishvishwakarma/Library/Developer/Xcode/DerivedData/Revolt-dharrjsambcimaaziudpvzjdcigm/SourcePackages/checkouts/swift-syntax/Sources/SwiftSyntax/SyntaxData.swift /Users/harishvishwakarma/Library/Developer/Xcode/DerivedData/Revolt-dharrjsambcimaaziudpvzjdcigm/SourcePackages/checkouts/swift-syntax/Sources/SwiftSyntax/SyntaxText.swift /Users/harishvishwakarma/Library/Developer/Xcode/DerivedData/Revolt-dharrjsambcimaaziudpvzjdcigm/SourcePackages/checkouts/swift-syntax/Sources/SwiftSyntax/SyntaxTreeViewMode.swift (in target 'SwiftSyntax' from project 'swift-syntax')

SwiftCompile normal x86_64 /Users/harishvishwakarma/Library/Developer/Xcode/DerivedData/Revolt-dharrjsambcimaaziudpvzjdcigm/SourcePackages/checkouts/swift-syntax/Sources/SwiftSyntax/SyntaxCollection.swift (in target 'SwiftSyntax' from project 'swift-syntax')
    cd /Users/harishvishwakarma/Handy/Archem/pepchat-ios/Revolt.xcodeproj
    

SwiftCompile normal x86_64 /Users/harishvishwakarma/Library/Developer/Xcode/DerivedData/Revolt-dharrjsambcimaaziudpvzjdcigm/SourcePackages/checkouts/swift-syntax/Sources/SwiftSyntax/SyntaxData.swift (in target 'SwiftSyntax' from project 'swift-syntax')
    cd /Users/harishvishwakarma/Handy/Archem/pepchat-ios/Revolt.xcodeproj
    

SwiftCompile normal x86_64 /Users/harishvishwakarma/Library/Developer/Xcode/DerivedData/Revolt-dharrjsambcimaaziudpvzjdcigm/SourcePackages/checkouts/swift-syntax/Sources/SwiftSyntax/SyntaxText.swift (in target 'SwiftSyntax' from project 'swift-syntax')
    cd /Users/harishvishwakarma/Handy/Archem/pepchat-ios/Revolt.xcodeproj
    

SwiftCompile normal x86_64 /Users/harishvishwakarma/Library/Developer/Xcode/DerivedData/Revolt-dharrjsambcimaaziudpvzjdcigm/SourcePackages/checkouts/swift-syntax/Sources/SwiftSyntax/SyntaxTreeViewMode.swift (in target 'SwiftSyntax' from project 'swift-syntax')
    cd /Users/harishvishwakarma/Handy/Archem/pepchat-ios/Revolt.xcodeproj
    

SwiftDriverJobDiscovery normal arm64 Emitting module for SwiftSyntax (in target 'SwiftSyntax' from project 'swift-syntax')

SwiftDriver\ Compilation\ Requirements SwiftSyntax normal arm64 com.apple.xcode.tools.swift.compiler (in target 'SwiftSyntax' from project 'swift-syntax')
    cd /Users/harishvishwakarma/Handy/Archem/pepchat-ios/Revolt.xcodeproj
    builtin-Swift-Compilation-Requirements -- /Applications/Xcode.app/Contents/Developer/Toolchains/XcodeDefault.xctoolchain/usr/bin/swiftc -module-name SwiftSyntax -Onone -enforce-exclusivity\=checked @/Users/harishvishwakarma/Library/Developer/Xcode/DerivedData/Revolt-dharrjsambcimaaziudpvzjdcigm/Build/Intermediates.noindex/swift-syntax.build/Debug/SwiftSyntax.build/Objects-normal/arm64/SwiftSyntax.SwiftFileList -DSWIFT_PACKAGE -DDEBUG -DXcode -plugin-path /Applications/Xcode.app/Contents/Developer/Toolchains/XcodeDefault.xctoolchain/usr/lib/swift/host/plugins/testing -enable-experimental-feature DebugDescriptionMacro -sdk /Applications/Xcode.app/Contents/Developer/Platforms/MacOSX.platform/Developer/SDKs/MacOSX15.5.sdk -target arm64-apple-macos10.15 -g -module-cache-path /Users/harishvishwakarma/Library/Developer/Xcode/DerivedData/ModuleCache.noindex -Xfrontend -serialize-debugging-options -enable-testing -suppress-warnings -index-store-path /Users/harishvishwakarma/Library/Developer/Xcode/DerivedData/Revolt-dharrjsambcimaaziudpvzjdcigm/Index.noindex/DataStore -swift-version 5 -I /Users/harishvishwakarma/Library/Developer/Xcode/DerivedData/Revolt-dharrjsambcimaaziudpvzjdcigm/Build/Products/Debug -I /Applications/Xcode.app/Contents/Developer/Platforms/MacOSX.platform/Developer/usr/lib -F /Users/harishvishwakarma/Library/Developer/Xcode/DerivedData/Revolt-dharrjsambcimaaziudpvzjdcigm/Build/Products/Debug/PackageFrameworks -F /Users/harishvishwakarma/Library/Developer/Xcode/DerivedData/Revolt-dharrjsambcimaaziudpvzjdcigm/Build/Products/Debug -F /Applications/Xcode.app/Contents/Developer/Platforms/MacOSX.platform/Developer/Library/Frameworks -c -j12 -enable-batch-mode -incremental -Xcc -ivfsstatcache -Xcc /Users/harishvishwakarma/Library/Developer/Xcode/DerivedData/SDKStatCaches.noindex/macosx15.5-24F74-8254517eb8b97d462ccbc072ba9094c9.sdkstatcache -output-file-map /Users/harishvishwakarma/Library/Developer/Xcode/DerivedData/Revolt-dharrjsambcimaaziudpvzjdcigm/Build/Intermediates.noindex/swift-syntax.build/Debug/SwiftSyntax.build/Objects-normal/arm64/SwiftSyntax-OutputFileMap.json -use-frontend-parseable-output -save-temps -no-color-diagnostics -serialize-diagnostics -emit-dependencies -emit-module -emit-module-path /Users/harishvishwakarma/Library/Developer/Xcode/DerivedData/Revolt-dharrjsambcimaaziudpvzjdcigm/Build/Intermediates.noindex/swift-syntax.build/Debug/SwiftSyntax.build/Objects-normal/arm64/SwiftSyntax.swiftmodule -validate-clang-modules-once -clang-build-session-file /Users/harishvishwakarma/Library/Developer/Xcode/DerivedData/ModuleCache.noindex/Session.modulevalidation -Xcc -I/Users/harishvishwakarma/Library/Developer/Xcode/DerivedData/Revolt-dharrjsambcimaaziudpvzjdcigm/Build/Intermediates.noindex/swift-syntax.build/Debug/SwiftSyntax.build/swift-overrides.hmap -emit-const-values -Xfrontend -const-gather-protocols-file -Xfrontend /Users/harishvishwakarma/Library/Developer/Xcode/DerivedData/Revolt-dharrjsambcimaaziudpvzjdcigm/Build/Intermediates.noindex/swift-syntax.build/Debug/SwiftSyntax.build/Objects-normal/arm64/SwiftSyntax_const_extract_protocols.json -Xcc -I/Users/harishvishwakarma/Library/Developer/Xcode/DerivedData/Revolt-dharrjsambcimaaziudpvzjdcigm/Build/Products/Debug/include -Xcc -I/Users/harishvishwakarma/Library/Developer/Xcode/DerivedData/Revolt-dharrjsambcimaaziudpvzjdcigm/Build/Intermediates.noindex/swift-syntax.build/Debug/SwiftSyntax.build/DerivedSources-normal/arm64 -Xcc -I/Users/harishvishwakarma/Library/Developer/Xcode/DerivedData/Revolt-dharrjsambcimaaziudpvzjdcigm/Build/Intermediates.noindex/swift-syntax.build/Debug/SwiftSyntax.build/DerivedSources/arm64 -Xcc -I/Users/harishvishwakarma/Library/Developer/Xcode/DerivedData/Revolt-dharrjsambcimaaziudpvzjdcigm/Build/Intermediates.noindex/swift-syntax.build/Debug/SwiftSyntax.build/DerivedSources -Xcc -DSWIFT_PACKAGE -Xcc -DDEBUG\=1 -emit-objc-header -emit-objc-header-path /Users/harishvishwakarma/Library/Developer/Xcode/DerivedData/Revolt-dharrjsambcimaaziudpvzjdcigm/Build/Intermediates.noindex/swift-syntax.build/Debug/SwiftSyntax.build/Objects-normal/arm64/SwiftSyntax-Swift.h -working-directory /Users/harishvishwakarma/Handy/Archem/pepchat-ios/Revolt.xcodeproj -experimental-emit-module-separately -disable-cmo

SwiftDriverJobDiscovery normal arm64 Compiling Rope+Debugging.swift, Rope+Invariants.swift, Rope+_Node.swift, Rope+_Storage.swift, Rope+_UnmanagedLeaf.swift, Rope+_UnsafeHandle.swift (in target '_RopeModule' from project 'swift-collections')

SwiftCompile normal arm64 Compiling\ ChildNameForKeyPath.swift,\ Keyword.swift,\ RenamedChildrenCompatibility.swift,\ RenamedNodesCompatibility.swift /Users/harishvishwakarma/Library/Developer/Xcode/DerivedData/Revolt-dharrjsambcimaaziudpvzjdcigm/SourcePackages/checkouts/swift-syntax/Sources/SwiftSyntax/generated/ChildNameForKeyPath.swift /Users/harishvishwakarma/Library/Developer/Xcode/DerivedData/Revolt-dharrjsambcimaaziudpvzjdcigm/SourcePackages/checkouts/swift-syntax/Sources/SwiftSyntax/generated/Keyword.swift /Users/harishvishwakarma/Library/Developer/Xcode/DerivedData/Revolt-dharrjsambcimaaziudpvzjdcigm/SourcePackages/checkouts/swift-syntax/Sources/SwiftSyntax/generated/RenamedChildrenCompatibility.swift /Users/harishvishwakarma/Library/Developer/Xcode/DerivedData/Revolt-dharrjsambcimaaziudpvzjdcigm/SourcePackages/checkouts/swift-syntax/Sources/SwiftSyntax/generated/RenamedNodesCompatibility.swift (in target 'SwiftSyntax' from project 'swift-syntax')

SwiftCompile normal arm64 /Users/harishvishwakarma/Library/Developer/Xcode/DerivedData/Revolt-dharrjsambcimaaziudpvzjdcigm/SourcePackages/checkouts/swift-syntax/Sources/SwiftSyntax/generated/ChildNameForKeyPath.swift (in target 'SwiftSyntax' from project 'swift-syntax')
    cd /Users/harishvishwakarma/Handy/Archem/pepchat-ios/Revolt.xcodeproj
    

SwiftCompile normal arm64 /Users/harishvishwakarma/Library/Developer/Xcode/DerivedData/Revolt-dharrjsambcimaaziudpvzjdcigm/SourcePackages/checkouts/swift-syntax/Sources/SwiftSyntax/generated/Keyword.swift (in target 'SwiftSyntax' from project 'swift-syntax')
    cd /Users/harishvishwakarma/Handy/Archem/pepchat-ios/Revolt.xcodeproj
    

SwiftCompile normal arm64 /Users/harishvishwakarma/Library/Developer/Xcode/DerivedData/Revolt-dharrjsambcimaaziudpvzjdcigm/SourcePackages/checkouts/swift-syntax/Sources/SwiftSyntax/generated/RenamedChildrenCompatibility.swift (in target 'SwiftSyntax' from project 'swift-syntax')
    cd /Users/harishvishwakarma/Handy/Archem/pepchat-ios/Revolt.xcodeproj
    

SwiftCompile normal arm64 /Users/harishvishwakarma/Library/Developer/Xcode/DerivedData/Revolt-dharrjsambcimaaziudpvzjdcigm/SourcePackages/checkouts/swift-syntax/Sources/SwiftSyntax/generated/RenamedNodesCompatibility.swift (in target 'SwiftSyntax' from project 'swift-syntax')
    cd /Users/harishvishwakarma/Handy/Archem/pepchat-ios/Revolt.xcodeproj
    

SwiftCompile normal arm64 Compiling\ RawSyntaxNodes.swift,\ RawSyntaxValidation.swift,\ SyntaxDeclNodes.swift,\ SyntaxExprNodes.swift /Users/harishvishwakarma/Library/Developer/Xcode/DerivedData/Revolt-dharrjsambcimaaziudpvzjdcigm/SourcePackages/checkouts/swift-syntax/Sources/SwiftSyntax/generated/raw/RawSyntaxNodes.swift /Users/harishvishwakarma/Library/Developer/Xcode/DerivedData/Revolt-dharrjsambcimaaziudpvzjdcigm/SourcePackages/checkouts/swift-syntax/Sources/SwiftSyntax/generated/raw/RawSyntaxValidation.swift /Users/harishvishwakarma/Library/Developer/Xcode/DerivedData/Revolt-dharrjsambcimaaziudpvzjdcigm/SourcePackages/checkouts/swift-syntax/Sources/SwiftSyntax/generated/syntaxNodes/SyntaxDeclNodes.swift /Users/harishvishwakarma/Library/Developer/Xcode/DerivedData/Revolt-dharrjsambcimaaziudpvzjdcigm/SourcePackages/checkouts/swift-syntax/Sources/SwiftSyntax/generated/syntaxNodes/SyntaxExprNodes.swift (in target 'SwiftSyntax' from project 'swift-syntax')

SwiftCompile normal arm64 /Users/harishvishwakarma/Library/Developer/Xcode/DerivedData/Revolt-dharrjsambcimaaziudpvzjdcigm/SourcePackages/checkouts/swift-syntax/Sources/SwiftSyntax/generated/raw/RawSyntaxNodes.swift (in target 'SwiftSyntax' from project 'swift-syntax')
    cd /Users/harishvishwakarma/Handy/Archem/pepchat-ios/Revolt.xcodeproj
    

SwiftCompile normal arm64 /Users/harishvishwakarma/Library/Developer/Xcode/DerivedData/Revolt-dharrjsambcimaaziudpvzjdcigm/SourcePackages/checkouts/swift-syntax/Sources/SwiftSyntax/generated/raw/RawSyntaxValidation.swift (in target 'SwiftSyntax' from project 'swift-syntax')
    cd /Users/harishvishwakarma/Handy/Archem/pepchat-ios/Revolt.xcodeproj
    

SwiftCompile normal arm64 /Users/harishvishwakarma/Library/Developer/Xcode/DerivedData/Revolt-dharrjsambcimaaziudpvzjdcigm/SourcePackages/checkouts/swift-syntax/Sources/SwiftSyntax/generated/syntaxNodes/SyntaxDeclNodes.swift (in target 'SwiftSyntax' from project 'swift-syntax')
    cd /Users/harishvishwakarma/Handy/Archem/pepchat-ios/Revolt.xcodeproj
    

SwiftCompile normal arm64 /Users/harishvishwakarma/Library/Developer/Xcode/DerivedData/Revolt-dharrjsambcimaaziudpvzjdcigm/SourcePackages/checkouts/swift-syntax/Sources/SwiftSyntax/generated/syntaxNodes/SyntaxExprNodes.swift (in target 'SwiftSyntax' from project 'swift-syntax')
    cd /Users/harishvishwakarma/Handy/Archem/pepchat-ios/Revolt.xcodeproj
    

SwiftDriverJobDiscovery normal x86_64 Emitting module for SwiftSyntax (in target 'SwiftSyntax' from project 'swift-syntax')

SwiftDriver\ Compilation\ Requirements SwiftSyntax normal x86_64 com.apple.xcode.tools.swift.compiler (in target 'SwiftSyntax' from project 'swift-syntax')
    cd /Users/harishvishwakarma/Handy/Archem/pepchat-ios/Revolt.xcodeproj
    builtin-Swift-Compilation-Requirements -- /Applications/Xcode.app/Contents/Developer/Toolchains/XcodeDefault.xctoolchain/usr/bin/swiftc -module-name SwiftSyntax -Onone -enforce-exclusivity\=checked @/Users/harishvishwakarma/Library/Developer/Xcode/DerivedData/Revolt-dharrjsambcimaaziudpvzjdcigm/Build/Intermediates.noindex/swift-syntax.build/Debug/SwiftSyntax.build/Objects-normal/x86_64/SwiftSyntax.SwiftFileList -DSWIFT_PACKAGE -DDEBUG -DXcode -plugin-path /Applications/Xcode.app/Contents/Developer/Toolchains/XcodeDefault.xctoolchain/usr/lib/swift/host/plugins/testing -enable-experimental-feature DebugDescriptionMacro -sdk /Applications/Xcode.app/Contents/Developer/Platforms/MacOSX.platform/Developer/SDKs/MacOSX15.5.sdk -target x86_64-apple-macos10.15 -g -module-cache-path /Users/harishvishwakarma/Library/Developer/Xcode/DerivedData/ModuleCache.noindex -Xfrontend -serialize-debugging-options -enable-testing -suppress-warnings -index-store-path /Users/harishvishwakarma/Library/Developer/Xcode/DerivedData/Revolt-dharrjsambcimaaziudpvzjdcigm/Index.noindex/DataStore -swift-version 5 -I /Users/harishvishwakarma/Library/Developer/Xcode/DerivedData/Revolt-dharrjsambcimaaziudpvzjdcigm/Build/Products/Debug -I /Applications/Xcode.app/Contents/Developer/Platforms/MacOSX.platform/Developer/usr/lib -F /Users/harishvishwakarma/Library/Developer/Xcode/DerivedData/Revolt-dharrjsambcimaaziudpvzjdcigm/Build/Products/Debug/PackageFrameworks -F /Users/harishvishwakarma/Library/Developer/Xcode/DerivedData/Revolt-dharrjsambcimaaziudpvzjdcigm/Build/Products/Debug -F /Applications/Xcode.app/Contents/Developer/Platforms/MacOSX.platform/Developer/Library/Frameworks -c -j12 -enable-batch-mode -incremental -Xcc -ivfsstatcache -Xcc /Users/harishvishwakarma/Library/Developer/Xcode/DerivedData/SDKStatCaches.noindex/macosx15.5-24F74-8254517eb8b97d462ccbc072ba9094c9.sdkstatcache -output-file-map /Users/harishvishwakarma/Library/Developer/Xcode/DerivedData/Revolt-dharrjsambcimaaziudpvzjdcigm/Build/Intermediates.noindex/swift-syntax.build/Debug/SwiftSyntax.build/Objects-normal/x86_64/SwiftSyntax-OutputFileMap.json -use-frontend-parseable-output -save-temps -no-color-diagnostics -serialize-diagnostics -emit-dependencies -emit-module -emit-module-path /Users/harishvishwakarma/Library/Developer/Xcode/DerivedData/Revolt-dharrjsambcimaaziudpvzjdcigm/Build/Intermediates.noindex/swift-syntax.build/Debug/SwiftSyntax.build/Objects-normal/x86_64/SwiftSyntax.swiftmodule -validate-clang-modules-once -clang-build-session-file /Users/harishvishwakarma/Library/Developer/Xcode/DerivedData/ModuleCache.noindex/Session.modulevalidation -Xcc -I/Users/harishvishwakarma/Library/Developer/Xcode/DerivedData/Revolt-dharrjsambcimaaziudpvzjdcigm/Build/Intermediates.noindex/swift-syntax.build/Debug/SwiftSyntax.build/swift-overrides.hmap -emit-const-values -Xfrontend -const-gather-protocols-file -Xfrontend /Users/harishvishwakarma/Library/Developer/Xcode/DerivedData/Revolt-dharrjsambcimaaziudpvzjdcigm/Build/Intermediates.noindex/swift-syntax.build/Debug/SwiftSyntax.build/Objects-normal/x86_64/SwiftSyntax_const_extract_protocols.json -Xcc -I/Users/harishvishwakarma/Library/Developer/Xcode/DerivedData/Revolt-dharrjsambcimaaziudpvzjdcigm/Build/Products/Debug/include -Xcc -I/Users/harishvishwakarma/Library/Developer/Xcode/DerivedData/Revolt-dharrjsambcimaaziudpvzjdcigm/Build/Intermediates.noindex/swift-syntax.build/Debug/SwiftSyntax.build/DerivedSources-normal/x86_64 -Xcc -I/Users/harishvishwakarma/Library/Developer/Xcode/DerivedData/Revolt-dharrjsambcimaaziudpvzjdcigm/Build/Intermediates.noindex/swift-syntax.build/Debug/SwiftSyntax.build/DerivedSources/x86_64 -Xcc -I/Users/harishvishwakarma/Library/Developer/Xcode/DerivedData/Revolt-dharrjsambcimaaziudpvzjdcigm/Build/Intermediates.noindex/swift-syntax.build/Debug/SwiftSyntax.build/DerivedSources -Xcc -DSWIFT_PACKAGE -Xcc -DDEBUG\=1 -emit-objc-header -emit-objc-header-path /Users/harishvishwakarma/Library/Developer/Xcode/DerivedData/Revolt-dharrjsambcimaaziudpvzjdcigm/Build/Intermediates.noindex/swift-syntax.build/Debug/SwiftSyntax.build/Objects-normal/x86_64/SwiftSyntax-Swift.h -working-directory /Users/harishvishwakarma/Handy/Archem/pepchat-ios/Revolt.xcodeproj -experimental-emit-module-separately -disable-cmo

SwiftDriverJobDiscovery normal arm64 Compiling BigString+Builder.swift, BigString+Contents.swift, BigString+Debugging.swift, BigString+Index.swift, BigString+Ingester.swift, BigString+Invariants.swift, BigString+Iterators.swift (in target '_RopeModule' from project 'swift-collections')

Copy /Users/harishvishwakarma/Library/Developer/Xcode/DerivedData/Revolt-dharrjsambcimaaziudpvzjdcigm/Build/Products/Debug/SwiftSyntax.swiftmodule/arm64-apple-macos.swiftmodule /Users/harishvishwakarma/Library/Developer/Xcode/DerivedData/Revolt-dharrjsambcimaaziudpvzjdcigm/Build/Intermediates.noindex/swift-syntax.build/Debug/SwiftSyntax.build/Objects-normal/arm64/SwiftSyntax.swiftmodule (in target 'SwiftSyntax' from project 'swift-syntax')
    cd /Users/harishvishwakarma/Library/Developer/Xcode/DerivedData/Revolt-dharrjsambcimaaziudpvzjdcigm/SourcePackages/checkouts/swift-syntax
    builtin-copy -exclude .DS_Store -exclude CVS -exclude .svn -exclude .git -exclude .hg -resolve-src-symlinks -rename /Users/harishvishwakarma/Library/Developer/Xcode/DerivedData/Revolt-dharrjsambcimaaziudpvzjdcigm/Build/Intermediates.noindex/swift-syntax.build/Debug/SwiftSyntax.build/Objects-normal/arm64/SwiftSyntax.swiftmodule /Users/harishvishwakarma/Library/Developer/Xcode/DerivedData/Revolt-dharrjsambcimaaziudpvzjdcigm/Build/Products/Debug/SwiftSyntax.swiftmodule/arm64-apple-macos.swiftmodule

Copy /Users/harishvishwakarma/Library/Developer/Xcode/DerivedData/Revolt-dharrjsambcimaaziudpvzjdcigm/Build/Products/Debug/SwiftSyntax.swiftmodule/arm64-apple-macos.swiftdoc /Users/harishvishwakarma/Library/Developer/Xcode/DerivedData/Revolt-dharrjsambcimaaziudpvzjdcigm/Build/Intermediates.noindex/swift-syntax.build/Debug/SwiftSyntax.build/Objects-normal/arm64/SwiftSyntax.swiftdoc (in target 'SwiftSyntax' from project 'swift-syntax')
    cd /Users/harishvishwakarma/Library/Developer/Xcode/DerivedData/Revolt-dharrjsambcimaaziudpvzjdcigm/SourcePackages/checkouts/swift-syntax
    builtin-copy -exclude .DS_Store -exclude CVS -exclude .svn -exclude .git -exclude .hg -resolve-src-symlinks -rename /Users/harishvishwakarma/Library/Developer/Xcode/DerivedData/Revolt-dharrjsambcimaaziudpvzjdcigm/Build/Intermediates.noindex/swift-syntax.build/Debug/SwiftSyntax.build/Objects-normal/arm64/SwiftSyntax.swiftdoc /Users/harishvishwakarma/Library/Developer/Xcode/DerivedData/Revolt-dharrjsambcimaaziudpvzjdcigm/Build/Products/Debug/SwiftSyntax.swiftmodule/arm64-apple-macos.swiftdoc

SwiftMergeGeneratedHeaders /Users/harishvishwakarma/Library/Developer/Xcode/DerivedData/Revolt-dharrjsambcimaaziudpvzjdcigm/Build/Intermediates.noindex/GeneratedModuleMaps/SwiftSyntax-Swift.h /Users/harishvishwakarma/Library/Developer/Xcode/DerivedData/Revolt-dharrjsambcimaaziudpvzjdcigm/Build/Intermediates.noindex/swift-syntax.build/Debug/SwiftSyntax.build/Objects-normal/arm64/SwiftSyntax-Swift.h /Users/harishvishwakarma/Library/Developer/Xcode/DerivedData/Revolt-dharrjsambcimaaziudpvzjdcigm/Build/Intermediates.noindex/swift-syntax.build/Debug/SwiftSyntax.build/Objects-normal/x86_64/SwiftSyntax-Swift.h (in target 'SwiftSyntax' from project 'swift-syntax')
    cd /Users/harishvishwakarma/Library/Developer/Xcode/DerivedData/Revolt-dharrjsambcimaaziudpvzjdcigm/SourcePackages/checkouts/swift-syntax
    builtin-swiftHeaderTool -arch arm64 /Users/harishvishwakarma/Library/Developer/Xcode/DerivedData/Revolt-dharrjsambcimaaziudpvzjdcigm/Build/Intermediates.noindex/swift-syntax.build/Debug/SwiftSyntax.build/Objects-normal/arm64/SwiftSyntax-Swift.h -arch x86_64 /Users/harishvishwakarma/Library/Developer/Xcode/DerivedData/Revolt-dharrjsambcimaaziudpvzjdcigm/Build/Intermediates.noindex/swift-syntax.build/Debug/SwiftSyntax.build/Objects-normal/x86_64/SwiftSyntax-Swift.h -o /Users/harishvishwakarma/Library/Developer/Xcode/DerivedData/Revolt-dharrjsambcimaaziudpvzjdcigm/Build/Intermediates.noindex/GeneratedModuleMaps/SwiftSyntax-Swift.h

Copy /Users/harishvishwakarma/Library/Developer/Xcode/DerivedData/Revolt-dharrjsambcimaaziudpvzjdcigm/Build/Products/Debug/SwiftSyntax.swiftmodule/x86_64-apple-macos.swiftmodule /Users/harishvishwakarma/Library/Developer/Xcode/DerivedData/Revolt-dharrjsambcimaaziudpvzjdcigm/Build/Intermediates.noindex/swift-syntax.build/Debug/SwiftSyntax.build/Objects-normal/x86_64/SwiftSyntax.swiftmodule (in target 'SwiftSyntax' from project 'swift-syntax')
    cd /Users/harishvishwakarma/Library/Developer/Xcode/DerivedData/Revolt-dharrjsambcimaaziudpvzjdcigm/SourcePackages/checkouts/swift-syntax
    builtin-copy -exclude .DS_Store -exclude CVS -exclude .svn -exclude .git -exclude .hg -resolve-src-symlinks -rename /Users/harishvishwakarma/Library/Developer/Xcode/DerivedData/Revolt-dharrjsambcimaaziudpvzjdcigm/Build/Intermediates.noindex/swift-syntax.build/Debug/SwiftSyntax.build/Objects-normal/x86_64/SwiftSyntax.swiftmodule /Users/harishvishwakarma/Library/Developer/Xcode/DerivedData/Revolt-dharrjsambcimaaziudpvzjdcigm/Build/Products/Debug/SwiftSyntax.swiftmodule/x86_64-apple-macos.swiftmodule

Copy /Users/harishvishwakarma/Library/Developer/Xcode/DerivedData/Revolt-dharrjsambcimaaziudpvzjdcigm/Build/Products/Debug/SwiftSyntax.swiftmodule/x86_64-apple-macos.swiftdoc /Users/harishvishwakarma/Library/Developer/Xcode/DerivedData/Revolt-dharrjsambcimaaziudpvzjdcigm/Build/Intermediates.noindex/swift-syntax.build/Debug/SwiftSyntax.build/Objects-normal/x86_64/SwiftSyntax.swiftdoc (in target 'SwiftSyntax' from project 'swift-syntax')
    cd /Users/harishvishwakarma/Library/Developer/Xcode/DerivedData/Revolt-dharrjsambcimaaziudpvzjdcigm/SourcePackages/checkouts/swift-syntax
    builtin-copy -exclude .DS_Store -exclude CVS -exclude .svn -exclude .git -exclude .hg -resolve-src-symlinks -rename /Users/harishvishwakarma/Library/Developer/Xcode/DerivedData/Revolt-dharrjsambcimaaziudpvzjdcigm/Build/Intermediates.noindex/swift-syntax.build/Debug/SwiftSyntax.build/Objects-normal/x86_64/SwiftSyntax.swiftdoc /Users/harishvishwakarma/Library/Developer/Xcode/DerivedData/Revolt-dharrjsambcimaaziudpvzjdcigm/Build/Products/Debug/SwiftSyntax.swiftmodule/x86_64-apple-macos.swiftdoc

Copy /Users/harishvishwakarma/Library/Developer/Xcode/DerivedData/Revolt-dharrjsambcimaaziudpvzjdcigm/Build/Products/Debug/SwiftSyntax.swiftmodule/x86_64-apple-macos.abi.json /Users/harishvishwakarma/Library/Developer/Xcode/DerivedData/Revolt-dharrjsambcimaaziudpvzjdcigm/Build/Intermediates.noindex/swift-syntax.build/Debug/SwiftSyntax.build/Objects-normal/x86_64/SwiftSyntax.abi.json (in target 'SwiftSyntax' from project 'swift-syntax')
    cd /Users/harishvishwakarma/Library/Developer/Xcode/DerivedData/Revolt-dharrjsambcimaaziudpvzjdcigm/SourcePackages/checkouts/swift-syntax
    builtin-copy -exclude .DS_Store -exclude CVS -exclude .svn -exclude .git -exclude .hg -resolve-src-symlinks -rename /Users/harishvishwakarma/Library/Developer/Xcode/DerivedData/Revolt-dharrjsambcimaaziudpvzjdcigm/Build/Intermediates.noindex/swift-syntax.build/Debug/SwiftSyntax.build/Objects-normal/x86_64/SwiftSyntax.abi.json /Users/harishvishwakarma/Library/Developer/Xcode/DerivedData/Revolt-dharrjsambcimaaziudpvzjdcigm/Build/Products/Debug/SwiftSyntax.swiftmodule/x86_64-apple-macos.abi.json

Copy /Users/harishvishwakarma/Library/Developer/Xcode/DerivedData/Revolt-dharrjsambcimaaziudpvzjdcigm/Build/Products/Debug/SwiftSyntax.swiftmodule/arm64-apple-macos.abi.json /Users/harishvishwakarma/Library/Developer/Xcode/DerivedData/Revolt-dharrjsambcimaaziudpvzjdcigm/Build/Intermediates.noindex/swift-syntax.build/Debug/SwiftSyntax.build/Objects-normal/arm64/SwiftSyntax.abi.json (in target 'SwiftSyntax' from project 'swift-syntax')
    cd /Users/harishvishwakarma/Library/Developer/Xcode/DerivedData/Revolt-dharrjsambcimaaziudpvzjdcigm/SourcePackages/checkouts/swift-syntax
    builtin-copy -exclude .DS_Store -exclude CVS -exclude .svn -exclude .git -exclude .hg -resolve-src-symlinks -rename /Users/harishvishwakarma/Library/Developer/Xcode/DerivedData/Revolt-dharrjsambcimaaziudpvzjdcigm/Build/Intermediates.noindex/swift-syntax.build/Debug/SwiftSyntax.build/Objects-normal/arm64/SwiftSyntax.abi.json /Users/harishvishwakarma/Library/Developer/Xcode/DerivedData/Revolt-dharrjsambcimaaziudpvzjdcigm/Build/Products/Debug/SwiftSyntax.swiftmodule/arm64-apple-macos.abi.json

Copy /Users/harishvishwakarma/Library/Developer/Xcode/DerivedData/Revolt-dharrjsambcimaaziudpvzjdcigm/Build/Products/Debug/SwiftSyntax.swiftmodule/Project/x86_64-apple-macos.swiftsourceinfo /Users/harishvishwakarma/Library/Developer/Xcode/DerivedData/Revolt-dharrjsambcimaaziudpvzjdcigm/Build/Intermediates.noindex/swift-syntax.build/Debug/SwiftSyntax.build/Objects-normal/x86_64/SwiftSyntax.swiftsourceinfo (in target 'SwiftSyntax' from project 'swift-syntax')
    cd /Users/harishvishwakarma/Library/Developer/Xcode/DerivedData/Revolt-dharrjsambcimaaziudpvzjdcigm/SourcePackages/checkouts/swift-syntax
    builtin-copy -exclude .DS_Store -exclude CVS -exclude .svn -exclude .git -exclude .hg -resolve-src-symlinks -rename /Users/harishvishwakarma/Library/Developer/Xcode/DerivedData/Revolt-dharrjsambcimaaziudpvzjdcigm/Build/Intermediates.noindex/swift-syntax.build/Debug/SwiftSyntax.build/Objects-normal/x86_64/SwiftSyntax.swiftsourceinfo /Users/harishvishwakarma/Library/Developer/Xcode/DerivedData/Revolt-dharrjsambcimaaziudpvzjdcigm/Build/Products/Debug/SwiftSyntax.swiftmodule/Project/x86_64-apple-macos.swiftsourceinfo

Copy /Users/harishvishwakarma/Library/Developer/Xcode/DerivedData/Revolt-dharrjsambcimaaziudpvzjdcigm/Build/Products/Debug/SwiftSyntax.swiftmodule/Project/arm64-apple-macos.swiftsourceinfo /Users/harishvishwakarma/Library/Developer/Xcode/DerivedData/Revolt-dharrjsambcimaaziudpvzjdcigm/Build/Intermediates.noindex/swift-syntax.build/Debug/SwiftSyntax.build/Objects-normal/arm64/SwiftSyntax.swiftsourceinfo (in target 'SwiftSyntax' from project 'swift-syntax')
    cd /Users/harishvishwakarma/Library/Developer/Xcode/DerivedData/Revolt-dharrjsambcimaaziudpvzjdcigm/SourcePackages/checkouts/swift-syntax
    builtin-copy -exclude .DS_Store -exclude CVS -exclude .svn -exclude .git -exclude .hg -resolve-src-symlinks -rename /Users/harishvishwakarma/Library/Developer/Xcode/DerivedData/Revolt-dharrjsambcimaaziudpvzjdcigm/Build/Intermediates.noindex/swift-syntax.build/Debug/SwiftSyntax.build/Objects-normal/arm64/SwiftSyntax.swiftsourceinfo /Users/harishvishwakarma/Library/Developer/Xcode/DerivedData/Revolt-dharrjsambcimaaziudpvzjdcigm/Build/Products/Debug/SwiftSyntax.swiftmodule/Project/arm64-apple-macos.swiftsourceinfo

SwiftDriver\ Compilation _RopeModule normal arm64 com.apple.xcode.tools.swift.compiler (in target '_RopeModule' from project 'swift-collections')
    cd /Users/harishvishwakarma/Handy/Archem/pepchat-ios/Revolt.xcodeproj
    builtin-Swift-Compilation -- /Applications/Xcode.app/Contents/Developer/Toolchains/XcodeDefault.xctoolchain/usr/bin/swiftc -module-name _RopeModule -Onone -enforce-exclusivity\=checked @/Users/harishvishwakarma/Library/Developer/Xcode/DerivedData/Revolt-dharrjsambcimaaziudpvzjdcigm/Build/Intermediates.noindex/swift-collections.build/Debug-iphoneos/_RopeModule.build/Objects-normal/arm64/_RopeModule.SwiftFileList -DSWIFT_PACKAGE -DDEBUG -DCOLLECTIONS_RANDOMIZED_TESTING -DXcode -plugin-path /Applications/Xcode.app/Contents/Developer/Toolchains/XcodeDefault.xctoolchain/usr/lib/swift/host/plugins/testing -enable-experimental-feature DebugDescriptionMacro -sdk /Applications/Xcode.app/Contents/Developer/Platforms/iPhoneOS.platform/Developer/SDKs/iPhoneOS18.5.sdk -target arm64-apple-ios12.0 -g -module-cache-path /Users/harishvishwakarma/Library/Developer/Xcode/DerivedData/ModuleCache.noindex -Xfrontend -serialize-debugging-options -enable-testing -suppress-warnings -index-store-path /Users/harishvishwakarma/Library/Developer/Xcode/DerivedData/Revolt-dharrjsambcimaaziudpvzjdcigm/Index.noindex/DataStore -swift-version 5 -I /Users/harishvishwakarma/Library/Developer/Xcode/DerivedData/Revolt-dharrjsambcimaaziudpvzjdcigm/Build/Products/Debug-iphoneos -I /Applications/Xcode.app/Contents/Developer/Platforms/iPhoneOS.platform/Developer/usr/lib -F /Users/harishvishwakarma/Library/Developer/Xcode/DerivedData/Revolt-dharrjsambcimaaziudpvzjdcigm/Build/Products/Debug-iphoneos/PackageFrameworks -F /Users/harishvishwakarma/Library/Developer/Xcode/DerivedData/Revolt-dharrjsambcimaaziudpvzjdcigm/Build/Products/Debug-iphoneos -F /Applications/Xcode.app/Contents/Developer/Platforms/iPhoneOS.platform/Developer/Library/Frameworks -F /Applications/Xcode.app/Contents/Developer/Platforms/iPhoneOS.platform/Developer/SDKs/iPhoneOS18.5.sdk/Developer/Library/Frameworks -c -j12 -enable-batch-mode -incremental -Xcc -ivfsstatcache -Xcc /Users/harishvishwakarma/Library/Developer/Xcode/DerivedData/SDKStatCaches.noindex/iphoneos18.5-22F76-7fa4eea80a99bbfdc046826b63ec4baf.sdkstatcache -output-file-map /Users/harishvishwakarma/Library/Developer/Xcode/DerivedData/Revolt-dharrjsambcimaaziudpvzjdcigm/Build/Intermediates.noindex/swift-collections.build/Debug-iphoneos/_RopeModule.build/Objects-normal/arm64/_RopeModule-OutputFileMap.json -use-frontend-parseable-output -save-temps -no-color-diagnostics -serialize-diagnostics -emit-dependencies -emit-module -emit-module-path /Users/harishvishwakarma/Library/Developer/Xcode/DerivedData/Revolt-dharrjsambcimaaziudpvzjdcigm/Build/Intermediates.noindex/swift-collections.build/Debug-iphoneos/_RopeModule.build/Objects-normal/arm64/_RopeModule.swiftmodule -validate-clang-modules-once -clang-build-session-file /Users/harishvishwakarma/Library/Developer/Xcode/DerivedData/ModuleCache.noindex/Session.modulevalidation -Xcc -I/Users/harishvishwakarma/Library/Developer/Xcode/DerivedData/Revolt-dharrjsambcimaaziudpvzjdcigm/Build/Intermediates.noindex/swift-collections.build/Debug-iphoneos/_RopeModule.build/swift-overrides.hmap -emit-const-values -Xfrontend -const-gather-protocols-file -Xfrontend /Users/harishvishwakarma/Library/Developer/Xcode/DerivedData/Revolt-dharrjsambcimaaziudpvzjdcigm/Build/Intermediates.noindex/swift-collections.build/Debug-iphoneos/_RopeModule.build/Objects-normal/arm64/_RopeModule_const_extract_protocols.json -Xcc -I/Users/harishvishwakarma/Library/Developer/Xcode/DerivedData/Revolt-dharrjsambcimaaziudpvzjdcigm/Build/Products/Debug-iphoneos/include -Xcc -I/Users/harishvishwakarma/Library/Developer/Xcode/DerivedData/Revolt-dharrjsambcimaaziudpvzjdcigm/Build/Intermediates.noindex/swift-collections.build/Debug-iphoneos/_RopeModule.build/DerivedSources-normal/arm64 -Xcc -I/Users/harishvishwakarma/Library/Developer/Xcode/DerivedData/Revolt-dharrjsambcimaaziudpvzjdcigm/Build/Intermediates.noindex/swift-collections.build/Debug-iphoneos/_RopeModule.build/DerivedSources/arm64 -Xcc -I/Users/harishvishwakarma/Library/Developer/Xcode/DerivedData/Revolt-dharrjsambcimaaziudpvzjdcigm/Build/Intermediates.noindex/swift-collections.build/Debug-iphoneos/_RopeModule.build/DerivedSources -Xcc -DSWIFT_PACKAGE -Xcc -DDEBUG\=1 -emit-objc-header -emit-objc-header-path /Users/harishvishwakarma/Library/Developer/Xcode/DerivedData/Revolt-dharrjsambcimaaziudpvzjdcigm/Build/Intermediates.noindex/swift-collections.build/Debug-iphoneos/_RopeModule.build/Objects-normal/arm64/_RopeModule-Swift.h -working-directory /Users/harishvishwakarma/Handy/Archem/pepchat-ios/Revolt.xcodeproj -experimental-emit-module-separately -disable-cmo

SwiftCompile normal x86_64 Compiling\ SyntaxKind.swift,\ SyntaxRewriter.swift,\ SyntaxTraits.swift,\ SyntaxTransform.swift /Users/harishvishwakarma/Library/Developer/Xcode/DerivedData/Revolt-dharrjsambcimaaziudpvzjdcigm/SourcePackages/checkouts/swift-syntax/Sources/SwiftSyntax/generated/SyntaxKind.swift /Users/harishvishwakarma/Library/Developer/Xcode/DerivedData/Revolt-dharrjsambcimaaziudpvzjdcigm/SourcePackages/checkouts/swift-syntax/Sources/SwiftSyntax/generated/SyntaxRewriter.swift /Users/harishvishwakarma/Library/Developer/Xcode/DerivedData/Revolt-dharrjsambcimaaziudpvzjdcigm/SourcePackages/checkouts/swift-syntax/Sources/SwiftSyntax/generated/SyntaxTraits.swift /Users/harishvishwakarma/Library/Developer/Xcode/DerivedData/Revolt-dharrjsambcimaaziudpvzjdcigm/SourcePackages/checkouts/swift-syntax/Sources/SwiftSyntax/generated/SyntaxTransform.swift (in target 'SwiftSyntax' from project 'swift-syntax')

SwiftCompile normal x86_64 /Users/harishvishwakarma/Library/Developer/Xcode/DerivedData/Revolt-dharrjsambcimaaziudpvzjdcigm/SourcePackages/checkouts/swift-syntax/Sources/SwiftSyntax/generated/SyntaxKind.swift (in target 'SwiftSyntax' from project 'swift-syntax')
    cd /Users/harishvishwakarma/Handy/Archem/pepchat-ios/Revolt.xcodeproj
    

SwiftCompile normal x86_64 /Users/harishvishwakarma/Library/Developer/Xcode/DerivedData/Revolt-dharrjsambcimaaziudpvzjdcigm/SourcePackages/checkouts/swift-syntax/Sources/SwiftSyntax/generated/SyntaxRewriter.swift (in target 'SwiftSyntax' from project 'swift-syntax')
    cd /Users/harishvishwakarma/Handy/Archem/pepchat-ios/Revolt.xcodeproj
    

SwiftCompile normal x86_64 /Users/harishvishwakarma/Library/Developer/Xcode/DerivedData/Revolt-dharrjsambcimaaziudpvzjdcigm/SourcePackages/checkouts/swift-syntax/Sources/SwiftSyntax/generated/SyntaxTraits.swift (in target 'SwiftSyntax' from project 'swift-syntax')
    cd /Users/harishvishwakarma/Handy/Archem/pepchat-ios/Revolt.xcodeproj
    

SwiftCompile normal x86_64 /Users/harishvishwakarma/Library/Developer/Xcode/DerivedData/Revolt-dharrjsambcimaaziudpvzjdcigm/SourcePackages/checkouts/swift-syntax/Sources/SwiftSyntax/generated/SyntaxTransform.swift (in target 'SwiftSyntax' from project 'swift-syntax')
    cd /Users/harishvishwakarma/Handy/Archem/pepchat-ios/Revolt.xcodeproj
    

SwiftCompile normal x86_64 Compiling\ RawSyntaxTokenView.swift,\ SourceLength.swift,\ SourceLocation.swift,\ SourcePresence.swift /Users/harishvishwakarma/Library/Developer/Xcode/DerivedData/Revolt-dharrjsambcimaaziudpvzjdcigm/SourcePackages/checkouts/swift-syntax/Sources/SwiftSyntax/Raw/RawSyntaxTokenView.swift /Users/harishvishwakarma/Library/Developer/Xcode/DerivedData/Revolt-dharrjsambcimaaziudpvzjdcigm/SourcePackages/checkouts/swift-syntax/Sources/SwiftSyntax/SourceLength.swift /Users/harishvishwakarma/Library/Developer/Xcode/DerivedData/Revolt-dharrjsambcimaaziudpvzjdcigm/SourcePackages/checkouts/swift-syntax/Sources/SwiftSyntax/SourceLocation.swift /Users/harishvishwakarma/Library/Developer/Xcode/DerivedData/Revolt-dharrjsambcimaaziudpvzjdcigm/SourcePackages/checkouts/swift-syntax/Sources/SwiftSyntax/SourcePresence.swift (in target 'SwiftSyntax' from project 'swift-syntax')

SwiftCompile normal x86_64 /Users/harishvishwakarma/Library/Developer/Xcode/DerivedData/Revolt-dharrjsambcimaaziudpvzjdcigm/SourcePackages/checkouts/swift-syntax/Sources/SwiftSyntax/Raw/RawSyntaxTokenView.swift (in target 'SwiftSyntax' from project 'swift-syntax')
    cd /Users/harishvishwakarma/Handy/Archem/pepchat-ios/Revolt.xcodeproj
    

SwiftCompile normal x86_64 /Users/harishvishwakarma/Library/Developer/Xcode/DerivedData/Revolt-dharrjsambcimaaziudpvzjdcigm/SourcePackages/checkouts/swift-syntax/Sources/SwiftSyntax/SourceLength.swift (in target 'SwiftSyntax' from project 'swift-syntax')
    cd /Users/harishvishwakarma/Handy/Archem/pepchat-ios/Revolt.xcodeproj
    

SwiftCompile normal x86_64 /Users/harishvishwakarma/Library/Developer/Xcode/DerivedData/Revolt-dharrjsambcimaaziudpvzjdcigm/SourcePackages/checkouts/swift-syntax/Sources/SwiftSyntax/SourceLocation.swift (in target 'SwiftSyntax' from project 'swift-syntax')
    cd /Users/harishvishwakarma/Handy/Archem/pepchat-ios/Revolt.xcodeproj
    

SwiftCompile normal x86_64 /Users/harishvishwakarma/Library/Developer/Xcode/DerivedData/Revolt-dharrjsambcimaaziudpvzjdcigm/SourcePackages/checkouts/swift-syntax/Sources/SwiftSyntax/SourcePresence.swift (in target 'SwiftSyntax' from project 'swift-syntax')
    cd /Users/harishvishwakarma/Handy/Archem/pepchat-ios/Revolt.xcodeproj
    

SwiftDriverJobDiscovery normal arm64 Compiling AbsolutePosition.swift, Assert.swift, BumpPtrAllocator.swift, CommonAncestor.swift, Convenience.swift (in target 'SwiftSyntax' from project 'swift-syntax')

SwiftCompile normal arm64 Compiling\ RawSyntaxTokenView.swift,\ SourceLength.swift,\ SourceLocation.swift,\ SourcePresence.swift /Users/harishvishwakarma/Library/Developer/Xcode/DerivedData/Revolt-dharrjsambcimaaziudpvzjdcigm/SourcePackages/checkouts/swift-syntax/Sources/SwiftSyntax/Raw/RawSyntaxTokenView.swift /Users/harishvishwakarma/Library/Developer/Xcode/DerivedData/Revolt-dharrjsambcimaaziudpvzjdcigm/SourcePackages/checkouts/swift-syntax/Sources/SwiftSyntax/SourceLength.swift /Users/harishvishwakarma/Library/Developer/Xcode/DerivedData/Revolt-dharrjsambcimaaziudpvzjdcigm/SourcePackages/checkouts/swift-syntax/Sources/SwiftSyntax/SourceLocation.swift /Users/harishvishwakarma/Library/Developer/Xcode/DerivedData/Revolt-dharrjsambcimaaziudpvzjdcigm/SourcePackages/checkouts/swift-syntax/Sources/SwiftSyntax/SourcePresence.swift (in target 'SwiftSyntax' from project 'swift-syntax')

SwiftCompile normal arm64 /Users/harishvishwakarma/Library/Developer/Xcode/DerivedData/Revolt-dharrjsambcimaaziudpvzjdcigm/SourcePackages/checkouts/swift-syntax/Sources/SwiftSyntax/Raw/RawSyntaxTokenView.swift (in target 'SwiftSyntax' from project 'swift-syntax')
    cd /Users/harishvishwakarma/Handy/Archem/pepchat-ios/Revolt.xcodeproj
    

SwiftCompile normal arm64 /Users/harishvishwakarma/Library/Developer/Xcode/DerivedData/Revolt-dharrjsambcimaaziudpvzjdcigm/SourcePackages/checkouts/swift-syntax/Sources/SwiftSyntax/SourceLength.swift (in target 'SwiftSyntax' from project 'swift-syntax')
    cd /Users/harishvishwakarma/Handy/Archem/pepchat-ios/Revolt.xcodeproj
    

SwiftCompile normal arm64 /Users/harishvishwakarma/Library/Developer/Xcode/DerivedData/Revolt-dharrjsambcimaaziudpvzjdcigm/SourcePackages/checkouts/swift-syntax/Sources/SwiftSyntax/SourceLocation.swift (in target 'SwiftSyntax' from project 'swift-syntax')
    cd /Users/harishvishwakarma/Handy/Archem/pepchat-ios/Revolt.xcodeproj
    

SwiftCompile normal arm64 /Users/harishvishwakarma/Library/Developer/Xcode/DerivedData/Revolt-dharrjsambcimaaziudpvzjdcigm/SourcePackages/checkouts/swift-syntax/Sources/SwiftSyntax/SourcePresence.swift (in target 'SwiftSyntax' from project 'swift-syntax')
    cd /Users/harishvishwakarma/Handy/Archem/pepchat-ios/Revolt.xcodeproj
    

SwiftDriverJobDiscovery normal arm64 Compiling MemoryLayout.swift, MissingNodeInitializers.swift, RawSyntax.swift, RawSyntaxLayoutView.swift, RawSyntaxNodeProtocol.swift (in target 'SwiftSyntax' from project 'swift-syntax')

SwiftCompile normal arm64 Compiling\ SyntaxNodes.swift,\ SyntaxPatternNodes.swift,\ SyntaxStmtNodes.swift,\ SyntaxTypeNodes.swift /Users/harishvishwakarma/Library/Developer/Xcode/DerivedData/Revolt-dharrjsambcimaaziudpvzjdcigm/SourcePackages/checkouts/swift-syntax/Sources/SwiftSyntax/generated/syntaxNodes/SyntaxNodes.swift /Users/harishvishwakarma/Library/Developer/Xcode/DerivedData/Revolt-dharrjsambcimaaziudpvzjdcigm/SourcePackages/checkouts/swift-syntax/Sources/SwiftSyntax/generated/syntaxNodes/SyntaxPatternNodes.swift /Users/harishvishwakarma/Library/Developer/Xcode/DerivedData/Revolt-dharrjsambcimaaziudpvzjdcigm/SourcePackages/checkouts/swift-syntax/Sources/SwiftSyntax/generated/syntaxNodes/SyntaxStmtNodes.swift /Users/harishvishwakarma/Library/Developer/Xcode/DerivedData/Revolt-dharrjsambcimaaziudpvzjdcigm/SourcePackages/checkouts/swift-syntax/Sources/SwiftSyntax/generated/syntaxNodes/SyntaxTypeNodes.swift (in target 'SwiftSyntax' from project 'swift-syntax')

SwiftCompile normal arm64 /Users/harishvishwakarma/Library/Developer/Xcode/DerivedData/Revolt-dharrjsambcimaaziudpvzjdcigm/SourcePackages/checkouts/swift-syntax/Sources/SwiftSyntax/generated/syntaxNodes/SyntaxNodes.swift (in target 'SwiftSyntax' from project 'swift-syntax')
    cd /Users/harishvishwakarma/Handy/Archem/pepchat-ios/Revolt.xcodeproj
    

SwiftCompile normal arm64 /Users/harishvishwakarma/Library/Developer/Xcode/DerivedData/Revolt-dharrjsambcimaaziudpvzjdcigm/SourcePackages/checkouts/swift-syntax/Sources/SwiftSyntax/generated/syntaxNodes/SyntaxPatternNodes.swift (in target 'SwiftSyntax' from project 'swift-syntax')
    cd /Users/harishvishwakarma/Handy/Archem/pepchat-ios/Revolt.xcodeproj
    

SwiftCompile normal arm64 /Users/harishvishwakarma/Library/Developer/Xcode/DerivedData/Revolt-dharrjsambcimaaziudpvzjdcigm/SourcePackages/checkouts/swift-syntax/Sources/SwiftSyntax/generated/syntaxNodes/SyntaxStmtNodes.swift (in target 'SwiftSyntax' from project 'swift-syntax')
    cd /Users/harishvishwakarma/Handy/Archem/pepchat-ios/Revolt.xcodeproj
    

SwiftCompile normal arm64 /Users/harishvishwakarma/Library/Developer/Xcode/DerivedData/Revolt-dharrjsambcimaaziudpvzjdcigm/SourcePackages/checkouts/swift-syntax/Sources/SwiftSyntax/generated/syntaxNodes/SyntaxTypeNodes.swift (in target 'SwiftSyntax' from project 'swift-syntax')
    cd /Users/harishvishwakarma/Handy/Archem/pepchat-ios/Revolt.xcodeproj
    

SwiftDriverJobDiscovery normal arm64 Compiling SyntaxCollection.swift, SyntaxData.swift, SyntaxText.swift, SyntaxTreeViewMode.swift (in target 'SwiftSyntax' from project 'swift-syntax')

SwiftCompile normal x86_64 Compiling\ SyntaxNodes.swift,\ SyntaxPatternNodes.swift,\ SyntaxStmtNodes.swift,\ SyntaxTypeNodes.swift /Users/harishvishwakarma/Library/Developer/Xcode/DerivedData/Revolt-dharrjsambcimaaziudpvzjdcigm/SourcePackages/checkouts/swift-syntax/Sources/SwiftSyntax/generated/syntaxNodes/SyntaxNodes.swift /Users/harishvishwakarma/Library/Developer/Xcode/DerivedData/Revolt-dharrjsambcimaaziudpvzjdcigm/SourcePackages/checkouts/swift-syntax/Sources/SwiftSyntax/generated/syntaxNodes/SyntaxPatternNodes.swift /Users/harishvishwakarma/Library/Developer/Xcode/DerivedData/Revolt-dharrjsambcimaaziudpvzjdcigm/SourcePackages/checkouts/swift-syntax/Sources/SwiftSyntax/generated/syntaxNodes/SyntaxStmtNodes.swift /Users/harishvishwakarma/Library/Developer/Xcode/DerivedData/Revolt-dharrjsambcimaaziudpvzjdcigm/SourcePackages/checkouts/swift-syntax/Sources/SwiftSyntax/generated/syntaxNodes/SyntaxTypeNodes.swift (in target 'SwiftSyntax' from project 'swift-syntax')

SwiftCompile normal x86_64 /Users/harishvishwakarma/Library/Developer/Xcode/DerivedData/Revolt-dharrjsambcimaaziudpvzjdcigm/SourcePackages/checkouts/swift-syntax/Sources/SwiftSyntax/generated/syntaxNodes/SyntaxNodes.swift (in target 'SwiftSyntax' from project 'swift-syntax')
    cd /Users/harishvishwakarma/Handy/Archem/pepchat-ios/Revolt.xcodeproj
    

SwiftCompile normal x86_64 /Users/harishvishwakarma/Library/Developer/Xcode/DerivedData/Revolt-dharrjsambcimaaziudpvzjdcigm/SourcePackages/checkouts/swift-syntax/Sources/SwiftSyntax/generated/syntaxNodes/SyntaxPatternNodes.swift (in target 'SwiftSyntax' from project 'swift-syntax')
    cd /Users/harishvishwakarma/Handy/Archem/pepchat-ios/Revolt.xcodeproj
    

SwiftCompile normal x86_64 /Users/harishvishwakarma/Library/Developer/Xcode/DerivedData/Revolt-dharrjsambcimaaziudpvzjdcigm/SourcePackages/checkouts/swift-syntax/Sources/SwiftSyntax/generated/syntaxNodes/SyntaxStmtNodes.swift (in target 'SwiftSyntax' from project 'swift-syntax')
    cd /Users/harishvishwakarma/Handy/Archem/pepchat-ios/Revolt.xcodeproj
    

SwiftCompile normal x86_64 /Users/harishvishwakarma/Library/Developer/Xcode/DerivedData/Revolt-dharrjsambcimaaziudpvzjdcigm/SourcePackages/checkouts/swift-syntax/Sources/SwiftSyntax/generated/syntaxNodes/SyntaxTypeNodes.swift (in target 'SwiftSyntax' from project 'swift-syntax')
    cd /Users/harishvishwakarma/Handy/Archem/pepchat-ios/Revolt.xcodeproj
    

SwiftDriverJobDiscovery normal x86_64 Compiling SyntaxCollection.swift, SyntaxData.swift, SyntaxText.swift, SyntaxTreeViewMode.swift (in target 'SwiftSyntax' from project 'swift-syntax')

SwiftCompile normal x86_64 Compiling\ TokenDiagnostic.swift,\ TokenSyntax.swift,\ Trivia.swift,\ Utils.swift /Users/harishvishwakarma/Library/Developer/Xcode/DerivedData/Revolt-dharrjsambcimaaziudpvzjdcigm/SourcePackages/checkouts/swift-syntax/Sources/SwiftSyntax/TokenDiagnostic.swift /Users/harishvishwakarma/Library/Developer/Xcode/DerivedData/Revolt-dharrjsambcimaaziudpvzjdcigm/SourcePackages/checkouts/swift-syntax/Sources/SwiftSyntax/TokenSyntax.swift /Users/harishvishwakarma/Library/Developer/Xcode/DerivedData/Revolt-dharrjsambcimaaziudpvzjdcigm/SourcePackages/checkouts/swift-syntax/Sources/SwiftSyntax/Trivia.swift /Users/harishvishwakarma/Library/Developer/Xcode/DerivedData/Revolt-dharrjsambcimaaziudpvzjdcigm/SourcePackages/checkouts/swift-syntax/Sources/SwiftSyntax/Utils.swift (in target 'SwiftSyntax' from project 'swift-syntax')

SwiftCompile normal x86_64 /Users/harishvishwakarma/Library/Developer/Xcode/DerivedData/Revolt-dharrjsambcimaaziudpvzjdcigm/SourcePackages/checkouts/swift-syntax/Sources/SwiftSyntax/TokenDiagnostic.swift (in target 'SwiftSyntax' from project 'swift-syntax')
    cd /Users/harishvishwakarma/Handy/Archem/pepchat-ios/Revolt.xcodeproj
    

SwiftCompile normal x86_64 /Users/harishvishwakarma/Library/Developer/Xcode/DerivedData/Revolt-dharrjsambcimaaziudpvzjdcigm/SourcePackages/checkouts/swift-syntax/Sources/SwiftSyntax/TokenSyntax.swift (in target 'SwiftSyntax' from project 'swift-syntax')
    cd /Users/harishvishwakarma/Handy/Archem/pepchat-ios/Revolt.xcodeproj
    

SwiftCompile normal x86_64 /Users/harishvishwakarma/Library/Developer/Xcode/DerivedData/Revolt-dharrjsambcimaaziudpvzjdcigm/SourcePackages/checkouts/swift-syntax/Sources/SwiftSyntax/Trivia.swift (in target 'SwiftSyntax' from project 'swift-syntax')
    cd /Users/harishvishwakarma/Handy/Archem/pepchat-ios/Revolt.xcodeproj
    

SwiftCompile normal x86_64 /Users/harishvishwakarma/Library/Developer/Xcode/DerivedData/Revolt-dharrjsambcimaaziudpvzjdcigm/SourcePackages/checkouts/swift-syntax/Sources/SwiftSyntax/Utils.swift (in target 'SwiftSyntax' from project 'swift-syntax')
    cd /Users/harishvishwakarma/Handy/Archem/pepchat-ios/Revolt.xcodeproj
    

SwiftDriverJobDiscovery normal x86_64 Compiling RawSyntaxTokenView.swift, SourceLength.swift, SourceLocation.swift, SourcePresence.swift (in target 'SwiftSyntax' from project 'swift-syntax')

SwiftCompile normal x86_64 Compiling\ MemoryLayout.swift,\ MissingNodeInitializers.swift,\ RawSyntax.swift,\ RawSyntaxLayoutView.swift,\ RawSyntaxNodeProtocol.swift /Users/harishvishwakarma/Library/Developer/Xcode/DerivedData/Revolt-dharrjsambcimaaziudpvzjdcigm/SourcePackages/checkouts/swift-syntax/Sources/SwiftSyntax/MemoryLayout.swift /Users/harishvishwakarma/Library/Developer/Xcode/DerivedData/Revolt-dharrjsambcimaaziudpvzjdcigm/SourcePackages/checkouts/swift-syntax/Sources/SwiftSyntax/MissingNodeInitializers.swift /Users/harishvishwakarma/Library/Developer/Xcode/DerivedData/Revolt-dharrjsambcimaaziudpvzjdcigm/SourcePackages/checkouts/swift-syntax/Sources/SwiftSyntax/Raw/RawSyntax.swift /Users/harishvishwakarma/Library/Developer/Xcode/DerivedData/Revolt-dharrjsambcimaaziudpvzjdcigm/SourcePackages/checkouts/swift-syntax/Sources/SwiftSyntax/Raw/RawSyntaxLayoutView.swift /Users/harishvishwakarma/Library/Developer/Xcode/DerivedData/Revolt-dharrjsambcimaaziudpvzjdcigm/SourcePackages/checkouts/swift-syntax/Sources/SwiftSyntax/Raw/RawSyntaxNodeProtocol.swift (in target 'SwiftSyntax' from project 'swift-syntax')

SwiftCompile normal x86_64 /Users/harishvishwakarma/Library/Developer/Xcode/DerivedData/Revolt-dharrjsambcimaaziudpvzjdcigm/SourcePackages/checkouts/swift-syntax/Sources/SwiftSyntax/MemoryLayout.swift (in target 'SwiftSyntax' from project 'swift-syntax')
    cd /Users/harishvishwakarma/Handy/Archem/pepchat-ios/Revolt.xcodeproj
    

SwiftCompile normal x86_64 /Users/harishvishwakarma/Library/Developer/Xcode/DerivedData/Revolt-dharrjsambcimaaziudpvzjdcigm/SourcePackages/checkouts/swift-syntax/Sources/SwiftSyntax/MissingNodeInitializers.swift (in target 'SwiftSyntax' from project 'swift-syntax')
    cd /Users/harishvishwakarma/Handy/Archem/pepchat-ios/Revolt.xcodeproj
    

SwiftCompile normal x86_64 /Users/harishvishwakarma/Library/Developer/Xcode/DerivedData/Revolt-dharrjsambcimaaziudpvzjdcigm/SourcePackages/checkouts/swift-syntax/Sources/SwiftSyntax/Raw/RawSyntax.swift (in target 'SwiftSyntax' from project 'swift-syntax')
    cd /Users/harishvishwakarma/Handy/Archem/pepchat-ios/Revolt.xcodeproj
    

SwiftCompile normal x86_64 /Users/harishvishwakarma/Library/Developer/Xcode/DerivedData/Revolt-dharrjsambcimaaziudpvzjdcigm/SourcePackages/checkouts/swift-syntax/Sources/SwiftSyntax/Raw/RawSyntaxLayoutView.swift (in target 'SwiftSyntax' from project 'swift-syntax')
    cd /Users/harishvishwakarma/Handy/Archem/pepchat-ios/Revolt.xcodeproj
    

SwiftCompile normal x86_64 /Users/harishvishwakarma/Library/Developer/Xcode/DerivedData/Revolt-dharrjsambcimaaziudpvzjdcigm/SourcePackages/checkouts/swift-syntax/Sources/SwiftSyntax/Raw/RawSyntaxNodeProtocol.swift (in target 'SwiftSyntax' from project 'swift-syntax')
    cd /Users/harishvishwakarma/Handy/Archem/pepchat-ios/Revolt.xcodeproj
    

SwiftDriverJobDiscovery normal arm64 Compiling RawSyntaxTokenView.swift, SourceLength.swift, SourceLocation.swift, SourcePresence.swift (in target 'SwiftSyntax' from project 'swift-syntax')

SwiftCompile normal x86_64 Compiling\ SyntaxVisitor.swift,\ TokenKind.swift,\ Tokens.swift,\ TriviaPieces.swift /Users/harishvishwakarma/Library/Developer/Xcode/DerivedData/Revolt-dharrjsambcimaaziudpvzjdcigm/SourcePackages/checkouts/swift-syntax/Sources/SwiftSyntax/generated/SyntaxVisitor.swift /Users/harishvishwakarma/Library/Developer/Xcode/DerivedData/Revolt-dharrjsambcimaaziudpvzjdcigm/SourcePackages/checkouts/swift-syntax/Sources/SwiftSyntax/generated/TokenKind.swift /Users/harishvishwakarma/Library/Developer/Xcode/DerivedData/Revolt-dharrjsambcimaaziudpvzjdcigm/SourcePackages/checkouts/swift-syntax/Sources/SwiftSyntax/generated/Tokens.swift /Users/harishvishwakarma/Library/Developer/Xcode/DerivedData/Revolt-dharrjsambcimaaziudpvzjdcigm/SourcePackages/checkouts/swift-syntax/Sources/SwiftSyntax/generated/TriviaPieces.swift (in target 'SwiftSyntax' from project 'swift-syntax')
SwiftCompile normal x86_64 /Users/harishvishwakarma/Library/Developer/Xcode/DerivedData/Revolt-dharrjsambcimaaziudpvzjdcigm/SourcePackages/checkouts/swift-syntax/Sources/SwiftSyntax/generated/SyntaxVisitor.swift (in target 'SwiftSyntax' from project 'swift-syntax')
    cd /Users/harishvishwakarma/Handy/Archem/pepchat-ios/Revolt.xcodeproj
    

SwiftCompile normal x86_64 /Users/harishvishwakarma/Library/Developer/Xcode/DerivedData/Revolt-dharrjsambcimaaziudpvzjdcigm/SourcePackages/checkouts/swift-syntax/Sources/SwiftSyntax/generated/TokenKind.swift (in target 'SwiftSyntax' from project 'swift-syntax')
    cd /Users/harishvishwakarma/Handy/Archem/pepchat-ios/Revolt.xcodeproj
    

SwiftCompile normal x86_64 /Users/harishvishwakarma/Library/Developer/Xcode/DerivedData/Revolt-dharrjsambcimaaziudpvzjdcigm/SourcePackages/checkouts/swift-syntax/Sources/SwiftSyntax/generated/Tokens.swift (in target 'SwiftSyntax' from project 'swift-syntax')
    cd /Users/harishvishwakarma/Handy/Archem/pepchat-ios/Revolt.xcodeproj
    

SwiftCompile normal x86_64 /Users/harishvishwakarma/Library/Developer/Xcode/DerivedData/Revolt-dharrjsambcimaaziudpvzjdcigm/SourcePackages/checkouts/swift-syntax/Sources/SwiftSyntax/generated/TriviaPieces.swift (in target 'SwiftSyntax' from project 'swift-syntax')
    cd /Users/harishvishwakarma/Handy/Archem/pepchat-ios/Revolt.xcodeproj
    

SwiftDriverJobDiscovery normal arm64 Compiling SyntaxAnyVisitor.swift, SyntaxBaseNodes.swift, SyntaxCollections.swift, SyntaxEnum.swift (in target 'SwiftSyntax' from project 'swift-syntax')

SwiftCompile normal x86_64 Compiling\ AbsolutePosition.swift,\ Assert.swift,\ BumpPtrAllocator.swift,\ CommonAncestor.swift,\ Convenience.swift /Users/harishvishwakarma/Library/Developer/Xcode/DerivedData/Revolt-dharrjsambcimaaziudpvzjdcigm/SourcePackages/checkouts/swift-syntax/Sources/SwiftSyntax/AbsolutePosition.swift /Users/harishvishwakarma/Library/Developer/Xcode/DerivedData/Revolt-dharrjsambcimaaziudpvzjdcigm/SourcePackages/checkouts/swift-syntax/Sources/SwiftSyntax/Assert.swift /Users/harishvishwakarma/Library/Developer/Xcode/DerivedData/Revolt-dharrjsambcimaaziudpvzjdcigm/SourcePackages/checkouts/swift-syntax/Sources/SwiftSyntax/BumpPtrAllocator.swift /Users/harishvishwakarma/Library/Developer/Xcode/DerivedData/Revolt-dharrjsambcimaaziudpvzjdcigm/SourcePackages/checkouts/swift-syntax/Sources/SwiftSyntax/CommonAncestor.swift /Users/harishvishwakarma/Library/Developer/Xcode/DerivedData/Revolt-dharrjsambcimaaziudpvzjdcigm/SourcePackages/checkouts/swift-syntax/Sources/SwiftSyntax/Convenience.swift (in target 'SwiftSyntax' from project 'swift-syntax')

SwiftCompile normal x86_64 /Users/harishvishwakarma/Library/Developer/Xcode/DerivedData/Revolt-dharrjsambcimaaziudpvzjdcigm/SourcePackages/checkouts/swift-syntax/Sources/SwiftSyntax/AbsolutePosition.swift (in target 'SwiftSyntax' from project 'swift-syntax')
    cd /Users/harishvishwakarma/Handy/Archem/pepchat-ios/Revolt.xcodeproj
    

SwiftCompile normal x86_64 /Users/harishvishwakarma/Library/Developer/Xcode/DerivedData/Revolt-dharrjsambcimaaziudpvzjdcigm/SourcePackages/checkouts/swift-syntax/Sources/SwiftSyntax/Assert.swift (in target 'SwiftSyntax' from project 'swift-syntax')
    cd /Users/harishvishwakarma/Handy/Archem/pepchat-ios/Revolt.xcodeproj
    

SwiftCompile normal x86_64 /Users/harishvishwakarma/Library/Developer/Xcode/DerivedData/Revolt-dharrjsambcimaaziudpvzjdcigm/SourcePackages/checkouts/swift-syntax/Sources/SwiftSyntax/BumpPtrAllocator.swift (in target 'SwiftSyntax' from project 'swift-syntax')
    cd /Users/harishvishwakarma/Handy/Archem/pepchat-ios/Revolt.xcodeproj
    

SwiftCompile normal x86_64 /Users/harishvishwakarma/Library/Developer/Xcode/DerivedData/Revolt-dharrjsambcimaaziudpvzjdcigm/SourcePackages/checkouts/swift-syntax/Sources/SwiftSyntax/CommonAncestor.swift (in target 'SwiftSyntax' from project 'swift-syntax')
    cd /Users/harishvishwakarma/Handy/Archem/pepchat-ios/Revolt.xcodeproj
    

SwiftCompile normal x86_64 /Users/harishvishwakarma/Library/Developer/Xcode/DerivedData/Revolt-dharrjsambcimaaziudpvzjdcigm/SourcePackages/checkouts/swift-syntax/Sources/SwiftSyntax/Convenience.swift (in target 'SwiftSyntax' from project 'swift-syntax')
    cd /Users/harishvishwakarma/Handy/Archem/pepchat-ios/Revolt.xcodeproj
    

SwiftDriverJobDiscovery normal x86_64 Compiling SyntaxAnyVisitor.swift, SyntaxBaseNodes.swift, SyntaxCollections.swift, SyntaxEnum.swift (in target 'SwiftSyntax' from project 'swift-syntax')

SwiftCompile normal arm64 Compiling\ SyntaxKind.swift,\ SyntaxRewriter.swift,\ SyntaxTraits.swift,\ SyntaxTransform.swift /Users/harishvishwakarma/Library/Developer/Xcode/DerivedData/Revolt-dharrjsambcimaaziudpvzjdcigm/SourcePackages/checkouts/swift-syntax/Sources/SwiftSyntax/generated/SyntaxKind.swift /Users/harishvishwakarma/Library/Developer/Xcode/DerivedData/Revolt-dharrjsambcimaaziudpvzjdcigm/SourcePackages/checkouts/swift-syntax/Sources/SwiftSyntax/generated/SyntaxRewriter.swift /Users/harishvishwakarma/Library/Developer/Xcode/DerivedData/Revolt-dharrjsambcimaaziudpvzjdcigm/SourcePackages/checkouts/swift-syntax/Sources/SwiftSyntax/generated/SyntaxTraits.swift /Users/harishvishwakarma/Library/Developer/Xcode/DerivedData/Revolt-dharrjsambcimaaziudpvzjdcigm/SourcePackages/checkouts/swift-syntax/Sources/SwiftSyntax/generated/SyntaxTransform.swift (in target 'SwiftSyntax' from project 'swift-syntax')

SwiftCompile normal arm64 /Users/harishvishwakarma/Library/Developer/Xcode/DerivedData/Revolt-dharrjsambcimaaziudpvzjdcigm/SourcePackages/checkouts/swift-syntax/Sources/SwiftSyntax/generated/SyntaxKind.swift (in target 'SwiftSyntax' from project 'swift-syntax')
    cd /Users/harishvishwakarma/Handy/Archem/pepchat-ios/Revolt.xcodeproj
    

SwiftCompile normal arm64 /Users/harishvishwakarma/Library/Developer/Xcode/DerivedData/Revolt-dharrjsambcimaaziudpvzjdcigm/SourcePackages/checkouts/swift-syntax/Sources/SwiftSyntax/generated/SyntaxRewriter.swift (in target 'SwiftSyntax' from project 'swift-syntax')
    cd /Users/harishvishwakarma/Handy/Archem/pepchat-ios/Revolt.xcodeproj
    

SwiftCompile normal arm64 /Users/harishvishwakarma/Library/Developer/Xcode/DerivedData/Revolt-dharrjsambcimaaziudpvzjdcigm/SourcePackages/checkouts/swift-syntax/Sources/SwiftSyntax/generated/SyntaxTraits.swift (in target 'SwiftSyntax' from project 'swift-syntax')
    cd /Users/harishvishwakarma/Handy/Archem/pepchat-ios/Revolt.xcodeproj
    

SwiftCompile normal arm64 /Users/harishvishwakarma/Library/Developer/Xcode/DerivedData/Revolt-dharrjsambcimaaziudpvzjdcigm/SourcePackages/checkouts/swift-syntax/Sources/SwiftSyntax/generated/SyntaxTransform.swift (in target 'SwiftSyntax' from project 'swift-syntax')
    cd /Users/harishvishwakarma/Handy/Archem/pepchat-ios/Revolt.xcodeproj
    

SwiftDriverJobDiscovery normal x86_64 Compiling ChildNameForKeyPath.swift, Keyword.swift, RenamedChildrenCompatibility.swift, RenamedNodesCompatibility.swift (in target 'SwiftSyntax' from project 'swift-syntax')

SwiftCompile normal arm64 Compiling\ TokenDiagnostic.swift,\ TokenSyntax.swift,\ Trivia.swift,\ Utils.swift /Users/harishvishwakarma/Library/Developer/Xcode/DerivedData/Revolt-dharrjsambcimaaziudpvzjdcigm/SourcePackages/checkouts/swift-syntax/Sources/SwiftSyntax/TokenDiagnostic.swift /Users/harishvishwakarma/Library/Developer/Xcode/DerivedData/Revolt-dharrjsambcimaaziudpvzjdcigm/SourcePackages/checkouts/swift-syntax/Sources/SwiftSyntax/TokenSyntax.swift /Users/harishvishwakarma/Library/Developer/Xcode/DerivedData/Revolt-dharrjsambcimaaziudpvzjdcigm/SourcePackages/checkouts/swift-syntax/Sources/SwiftSyntax/Trivia.swift /Users/harishvishwakarma/Library/Developer/Xcode/DerivedData/Revolt-dharrjsambcimaaziudpvzjdcigm/SourcePackages/checkouts/swift-syntax/Sources/SwiftSyntax/Utils.swift (in target 'SwiftSyntax' from project 'swift-syntax')

SwiftCompile normal arm64 /Users/harishvishwakarma/Library/Developer/Xcode/DerivedData/Revolt-dharrjsambcimaaziudpvzjdcigm/SourcePackages/checkouts/swift-syntax/Sources/SwiftSyntax/TokenDiagnostic.swift (in target 'SwiftSyntax' from project 'swift-syntax')
    cd /Users/harishvishwakarma/Handy/Archem/pepchat-ios/Revolt.xcodeproj
    

SwiftCompile normal arm64 /Users/harishvishwakarma/Library/Developer/Xcode/DerivedData/Revolt-dharrjsambcimaaziudpvzjdcigm/SourcePackages/checkouts/swift-syntax/Sources/SwiftSyntax/TokenSyntax.swift (in target 'SwiftSyntax' from project 'swift-syntax')
    cd /Users/harishvishwakarma/Handy/Archem/pepchat-ios/Revolt.xcodeproj
    

SwiftCompile normal arm64 /Users/harishvishwakarma/Library/Developer/Xcode/DerivedData/Revolt-dharrjsambcimaaziudpvzjdcigm/SourcePackages/checkouts/swift-syntax/Sources/SwiftSyntax/Trivia.swift (in target 'SwiftSyntax' from project 'swift-syntax')
    cd /Users/harishvishwakarma/Handy/Archem/pepchat-ios/Revolt.xcodeproj
    

SwiftCompile normal arm64 /Users/harishvishwakarma/Library/Developer/Xcode/DerivedData/Revolt-dharrjsambcimaaziudpvzjdcigm/SourcePackages/checkouts/swift-syntax/Sources/SwiftSyntax/Utils.swift (in target 'SwiftSyntax' from project 'swift-syntax')
    cd /Users/harishvishwakarma/Handy/Archem/pepchat-ios/Revolt.xcodeproj
    

SwiftDriverJobDiscovery normal x86_64 Compiling TokenDiagnostic.swift, TokenSyntax.swift, Trivia.swift, Utils.swift (in target 'SwiftSyntax' from project 'swift-syntax')

SwiftCompile normal x86_64 Compiling\ SwiftSyntaxCompatibility.swift,\ Syntax.swift,\ SyntaxArena.swift,\ SyntaxChildren.swift /Users/harishvishwakarma/Library/Developer/Xcode/DerivedData/Revolt-dharrjsambcimaaziudpvzjdcigm/SourcePackages/checkouts/swift-syntax/Sources/SwiftSyntax/SwiftSyntaxCompatibility.swift /Users/harishvishwakarma/Library/Developer/Xcode/DerivedData/Revolt-dharrjsambcimaaziudpvzjdcigm/SourcePackages/checkouts/swift-syntax/Sources/SwiftSyntax/Syntax.swift /Users/harishvishwakarma/Library/Developer/Xcode/DerivedData/Revolt-dharrjsambcimaaziudpvzjdcigm/SourcePackages/checkouts/swift-syntax/Sources/SwiftSyntax/SyntaxArena.swift /Users/harishvishwakarma/Library/Developer/Xcode/DerivedData/Revolt-dharrjsambcimaaziudpvzjdcigm/SourcePackages/checkouts/swift-syntax/Sources/SwiftSyntax/SyntaxChildren.swift (in target 'SwiftSyntax' from project 'swift-syntax')

SwiftCompile normal x86_64 /Users/harishvishwakarma/Library/Developer/Xcode/DerivedData/Revolt-dharrjsambcimaaziudpvzjdcigm/SourcePackages/checkouts/swift-syntax/Sources/SwiftSyntax/SwiftSyntaxCompatibility.swift (in target 'SwiftSyntax' from project 'swift-syntax')
    cd /Users/harishvishwakarma/Handy/Archem/pepchat-ios/Revolt.xcodeproj
    

SwiftCompile normal x86_64 /Users/harishvishwakarma/Library/Developer/Xcode/DerivedData/Revolt-dharrjsambcimaaziudpvzjdcigm/SourcePackages/checkouts/swift-syntax/Sources/SwiftSyntax/Syntax.swift (in target 'SwiftSyntax' from project 'swift-syntax')
    cd /Users/harishvishwakarma/Handy/Archem/pepchat-ios/Revolt.xcodeproj
    

SwiftCompile normal x86_64 /Users/harishvishwakarma/Library/Developer/Xcode/DerivedData/Revolt-dharrjsambcimaaziudpvzjdcigm/SourcePackages/checkouts/swift-syntax/Sources/SwiftSyntax/SyntaxArena.swift (in target 'SwiftSyntax' from project 'swift-syntax')
    cd /Users/harishvishwakarma/Handy/Archem/pepchat-ios/Revolt.xcodeproj
    

SwiftCompile normal x86_64 /Users/harishvishwakarma/Library/Developer/Xcode/DerivedData/Revolt-dharrjsambcimaaziudpvzjdcigm/SourcePackages/checkouts/swift-syntax/Sources/SwiftSyntax/SyntaxChildren.swift (in target 'SwiftSyntax' from project 'swift-syntax')
    cd /Users/harishvishwakarma/Handy/Archem/pepchat-ios/Revolt.xcodeproj
    

SwiftDriverJobDiscovery normal x86_64 Compiling MemoryLayout.swift, MissingNodeInitializers.swift, RawSyntax.swift, RawSyntaxLayoutView.swift, RawSyntaxNodeProtocol.swift (in target 'SwiftSyntax' from project 'swift-syntax')

SwiftCompile normal arm64 Compiling\ SwiftSyntaxCompatibility.swift,\ Syntax.swift,\ SyntaxArena.swift,\ SyntaxChildren.swift /Users/harishvishwakarma/Library/Developer/Xcode/DerivedData/Revolt-dharrjsambcimaaziudpvzjdcigm/SourcePackages/checkouts/swift-syntax/Sources/SwiftSyntax/SwiftSyntaxCompatibility.swift /Users/harishvishwakarma/Library/Developer/Xcode/DerivedData/Revolt-dharrjsambcimaaziudpvzjdcigm/SourcePackages/checkouts/swift-syntax/Sources/SwiftSyntax/Syntax.swift /Users/harishvishwakarma/Library/Developer/Xcode/DerivedData/Revolt-dharrjsambcimaaziudpvzjdcigm/SourcePackages/checkouts/swift-syntax/Sources/SwiftSyntax/SyntaxArena.swift /Users/harishvishwakarma/Library/Developer/Xcode/DerivedData/Revolt-dharrjsambcimaaziudpvzjdcigm/SourcePackages/checkouts/swift-syntax/Sources/SwiftSyntax/SyntaxChildren.swift (in target 'SwiftSyntax' from project 'swift-syntax')

SwiftCompile normal arm64 /Users/harishvishwakarma/Library/Developer/Xcode/DerivedData/Revolt-dharrjsambcimaaziudpvzjdcigm/SourcePackages/checkouts/swift-syntax/Sources/SwiftSyntax/SwiftSyntaxCompatibility.swift (in target 'SwiftSyntax' from project 'swift-syntax')
    cd /Users/harishvishwakarma/Handy/Archem/pepchat-ios/Revolt.xcodeproj
    

SwiftCompile normal arm64 /Users/harishvishwakarma/Library/Developer/Xcode/DerivedData/Revolt-dharrjsambcimaaziudpvzjdcigm/SourcePackages/checkouts/swift-syntax/Sources/SwiftSyntax/Syntax.swift (in target 'SwiftSyntax' from project 'swift-syntax')
    cd /Users/harishvishwakarma/Handy/Archem/pepchat-ios/Revolt.xcodeproj
    

SwiftCompile normal arm64 /Users/harishvishwakarma/Library/Developer/Xcode/DerivedData/Revolt-dharrjsambcimaaziudpvzjdcigm/SourcePackages/checkouts/swift-syntax/Sources/SwiftSyntax/SyntaxArena.swift (in target 'SwiftSyntax' from project 'swift-syntax')
    cd /Users/harishvishwakarma/Handy/Archem/pepchat-ios/Revolt.xcodeproj
    

SwiftCompile normal arm64 /Users/harishvishwakarma/Library/Developer/Xcode/DerivedData/Revolt-dharrjsambcimaaziudpvzjdcigm/SourcePackages/checkouts/swift-syntax/Sources/SwiftSyntax/SyntaxChildren.swift (in target 'SwiftSyntax' from project 'swift-syntax')
    cd /Users/harishvishwakarma/Handy/Archem/pepchat-ios/Revolt.xcodeproj
    

SwiftDriverJobDiscovery normal x86_64 Compiling AbsolutePosition.swift, Assert.swift, BumpPtrAllocator.swift, CommonAncestor.swift, Convenience.swift (in target 'SwiftSyntax' from project 'swift-syntax')

SwiftCompile normal arm64 Compiling\ Modifiers.swift /Users/harishvishwakarma/Library/Developer/Xcode/DerivedData/Revolt-dharrjsambcimaaziudpvzjdcigm/SourcePackages/checkouts/PopupView/Sources/PopupView/Modifiers.swift (in target 'PopupView' from project 'PopupView')

SwiftCompile normal arm64 /Users/harishvishwakarma/Library/Developer/Xcode/DerivedData/Revolt-dharrjsambcimaaziudpvzjdcigm/SourcePackages/checkouts/PopupView/Sources/PopupView/Modifiers.swift (in target 'PopupView' from project 'PopupView')
    cd /Users/harishvishwakarma/Handy/Archem/pepchat-ios/Revolt.xcodeproj
    

SwiftDriverJobDiscovery normal arm64 Compiling ChildNameForKeyPath.swift, Keyword.swift, RenamedChildrenCompatibility.swift, RenamedNodesCompatibility.swift (in target 'SwiftSyntax' from project 'swift-syntax')

SwiftCompile normal arm64 Compiling\ PopupView.swift /Users/harishvishwakarma/Library/Developer/Xcode/DerivedData/Revolt-dharrjsambcimaaziudpvzjdcigm/SourcePackages/checkouts/PopupView/Sources/PopupView/PopupView.swift (in target 'PopupView' from project 'PopupView')

SwiftCompile normal arm64 /Users/harishvishwakarma/Library/Developer/Xcode/DerivedData/Revolt-dharrjsambcimaaziudpvzjdcigm/SourcePackages/checkouts/PopupView/Sources/PopupView/PopupView.swift (in target 'PopupView' from project 'PopupView')
    cd /Users/harishvishwakarma/Handy/Archem/pepchat-ios/Revolt.xcodeproj
    

SwiftDriverJobDiscovery normal arm64 Compiling TokenDiagnostic.swift, TokenSyntax.swift, Trivia.swift, Utils.swift (in target 'SwiftSyntax' from project 'swift-syntax')

SwiftCompile normal arm64 Compiling\ PopupScrollViewDelegate.swift /Users/harishvishwakarma/Library/Developer/Xcode/DerivedData/Revolt-dharrjsambcimaaziudpvzjdcigm/SourcePackages/checkouts/PopupView/Sources/PopupView/PopupScrollViewDelegate.swift (in target 'PopupView' from project 'PopupView')

SwiftCompile normal arm64 /Users/harishvishwakarma/Library/Developer/Xcode/DerivedData/Revolt-dharrjsambcimaaziudpvzjdcigm/SourcePackages/checkouts/PopupView/Sources/PopupView/PopupScrollViewDelegate.swift (in target 'PopupView' from project 'PopupView')
    cd /Users/harishvishwakarma/Handy/Archem/pepchat-ios/Revolt.xcodeproj
    

SwiftDriverJobDiscovery normal arm64 Compiling Modifiers.swift (in target 'PopupView' from project 'PopupView')

SwiftCompile normal arm64 Compiling\ FullscreenPopup.swift /Users/harishvishwakarma/Library/Developer/Xcode/DerivedData/Revolt-dharrjsambcimaaziudpvzjdcigm/SourcePackages/checkouts/PopupView/Sources/PopupView/FullscreenPopup.swift (in target 'PopupView' from project 'PopupView')

SwiftCompile normal arm64 /Users/harishvishwakarma/Library/Developer/Xcode/DerivedData/Revolt-dharrjsambcimaaziudpvzjdcigm/SourcePackages/checkouts/PopupView/Sources/PopupView/FullscreenPopup.swift (in target 'PopupView' from project 'PopupView')
    cd /Users/harishvishwakarma/Handy/Archem/pepchat-ios/Revolt.xcodeproj
    

SwiftDriverJobDiscovery normal x86_64 Compiling SwiftSyntaxCompatibility.swift, Syntax.swift, SyntaxArena.swift, SyntaxChildren.swift (in target 'SwiftSyntax' from project 'swift-syntax')

SwiftCompile normal arm64 Compiling\ Utils.swift /Users/harishvishwakarma/Library/Developer/Xcode/DerivedData/Revolt-dharrjsambcimaaziudpvzjdcigm/SourcePackages/checkouts/PopupView/Sources/PopupView/Utils.swift (in target 'PopupView' from project 'PopupView')

SwiftCompile normal arm64 /Users/harishvishwakarma/Library/Developer/Xcode/DerivedData/Revolt-dharrjsambcimaaziudpvzjdcigm/SourcePackages/checkouts/PopupView/Sources/PopupView/Utils.swift (in target 'PopupView' from project 'PopupView')
    cd /Users/harishvishwakarma/Handy/Archem/pepchat-ios/Revolt.xcodeproj
    

SwiftDriverJobDiscovery normal arm64 Compiling SwiftSyntaxCompatibility.swift, Syntax.swift, SyntaxArena.swift, SyntaxChildren.swift (in target 'SwiftSyntax' from project 'swift-syntax')

SwiftCompile normal arm64 Compiling\ OrderedSet+Partial\ RangeReplaceableCollection.swift,\ OrderedSet+Partial\ SetAlgebra\ formIntersection.swift,\ OrderedSet+Partial\ SetAlgebra\ formSymmetricDifference.swift,\ OrderedSet+Partial\ SetAlgebra\ formUnion.swift,\ OrderedSet+Partial\ SetAlgebra\ intersection.swift /Users/harishvishwakarma/Library/Developer/Xcode/DerivedData/Revolt-dharrjsambcimaaziudpvzjdcigm/SourcePackages/checkouts/swift-collections/Sources/OrderedCollections/OrderedSet/OrderedSet+Partial\ RangeReplaceableCollection.swift /Users/harishvishwakarma/Library/Developer/Xcode/DerivedData/Revolt-dharrjsambcimaaziudpvzjdcigm/SourcePackages/checkouts/swift-collections/Sources/OrderedCollections/OrderedSet/OrderedSet+Partial\ SetAlgebra\ formIntersection.swift /Users/harishvishwakarma/Library/Developer/Xcode/DerivedData/Revolt-dharrjsambcimaaziudpvzjdcigm/SourcePackages/checkouts/swift-collections/Sources/OrderedCollections/OrderedSet/OrderedSet+Partial\ SetAlgebra\ formSymmetricDifference.swift /Users/harishvishwakarma/Library/Developer/Xcode/DerivedData/Revolt-dharrjsambcimaaziudpvzjdcigm/SourcePackages/checkouts/swift-collections/Sources/OrderedCollections/OrderedSet/OrderedSet+Partial\ SetAlgebra\ formUnion.swift /Users/harishvishwakarma/Library/Developer/Xcode/DerivedData/Revolt-dharrjsambcimaaziudpvzjdcigm/SourcePackages/checkouts/swift-collections/Sources/OrderedCollections/OrderedSet/OrderedSet+Partial\ SetAlgebra\ intersection.swift (in target 'OrderedCollections' from project 'swift-collections')

SwiftCompile normal arm64 /Users/harishvishwakarma/Library/Developer/Xcode/DerivedData/Revolt-dharrjsambcimaaziudpvzjdcigm/SourcePackages/checkouts/swift-collections/Sources/OrderedCollections/OrderedSet/OrderedSet+Partial\ RangeReplaceableCollection.swift (in target 'OrderedCollections' from project 'swift-collections')
    cd /Users/harishvishwakarma/Handy/Archem/pepchat-ios/Revolt.xcodeproj
    

SwiftCompile normal arm64 /Users/harishvishwakarma/Library/Developer/Xcode/DerivedData/Revolt-dharrjsambcimaaziudpvzjdcigm/SourcePackages/checkouts/swift-collections/Sources/OrderedCollections/OrderedSet/OrderedSet+Partial\ SetAlgebra\ formIntersection.swift (in target 'OrderedCollections' from project 'swift-collections')
    cd /Users/harishvishwakarma/Handy/Archem/pepchat-ios/Revolt.xcodeproj
    

SwiftCompile normal arm64 /Users/harishvishwakarma/Library/Developer/Xcode/DerivedData/Revolt-dharrjsambcimaaziudpvzjdcigm/SourcePackages/checkouts/swift-collections/Sources/OrderedCollections/OrderedSet/OrderedSet+Partial\ SetAlgebra\ formSymmetricDifference.swift (in target 'OrderedCollections' from project 'swift-collections')
    cd /Users/harishvishwakarma/Handy/Archem/pepchat-ios/Revolt.xcodeproj
    

SwiftCompile normal arm64 /Users/harishvishwakarma/Library/Developer/Xcode/DerivedData/Revolt-dharrjsambcimaaziudpvzjdcigm/SourcePackages/checkouts/swift-collections/Sources/OrderedCollections/OrderedSet/OrderedSet+Partial\ SetAlgebra\ formUnion.swift (in target 'OrderedCollections' from project 'swift-collections')
    cd /Users/harishvishwakarma/Handy/Archem/pepchat-ios/Revolt.xcodeproj
    

SwiftCompile normal arm64 /Users/harishvishwakarma/Library/Developer/Xcode/DerivedData/Revolt-dharrjsambcimaaziudpvzjdcigm/SourcePackages/checkouts/swift-collections/Sources/OrderedCollections/OrderedSet/OrderedSet+Partial\ SetAlgebra\ intersection.swift (in target 'OrderedCollections' from project 'swift-collections')
    cd /Users/harishvishwakarma/Handy/Archem/pepchat-ios/Revolt.xcodeproj
    

SwiftDriverJobDiscovery normal arm64 Compiling PopupView.swift (in target 'PopupView' from project 'PopupView')

SwiftCompile normal arm64 Compiling\ OrderedSet+Partial\ SetAlgebra+Basics.swift,\ OrderedSet+RandomAccessCollection.swift,\ OrderedSet+ReserveCapacity.swift,\ OrderedSet+Sendable.swift,\ OrderedSet+SubSequence.swift /Users/harishvishwakarma/Library/Developer/Xcode/DerivedData/Revolt-dharrjsambcimaaziudpvzjdcigm/SourcePackages/checkouts/swift-collections/Sources/OrderedCollections/OrderedSet/OrderedSet+Partial\ SetAlgebra+Basics.swift /Users/harishvishwakarma/Library/Developer/Xcode/DerivedData/Revolt-dharrjsambcimaaziudpvzjdcigm/SourcePackages/checkouts/swift-collections/Sources/OrderedCollections/OrderedSet/OrderedSet+RandomAccessCollection.swift /Users/harishvishwakarma/Library/Developer/Xcode/DerivedData/Revolt-dharrjsambcimaaziudpvzjdcigm/SourcePackages/checkouts/swift-collections/Sources/OrderedCollections/OrderedSet/OrderedSet+ReserveCapacity.swift /Users/harishvishwakarma/Library/Developer/Xcode/DerivedData/Revolt-dharrjsambcimaaziudpvzjdcigm/SourcePackages/checkouts/swift-collections/Sources/OrderedCollections/OrderedSet/OrderedSet+Sendable.swift /Users/harishvishwakarma/Library/Developer/Xcode/DerivedData/Revolt-dharrjsambcimaaziudpvzjdcigm/SourcePackages/checkouts/swift-collections/Sources/OrderedCollections/OrderedSet/OrderedSet+SubSequence.swift (in target 'OrderedCollections' from project 'swift-collections')

SwiftCompile normal arm64 /Users/harishvishwakarma/Library/Developer/Xcode/DerivedData/Revolt-dharrjsambcimaaziudpvzjdcigm/SourcePackages/checkouts/swift-collections/Sources/OrderedCollections/OrderedSet/OrderedSet+Partial\ SetAlgebra+Basics.swift (in target 'OrderedCollections' from project 'swift-collections')
    cd /Users/harishvishwakarma/Handy/Archem/pepchat-ios/Revolt.xcodeproj
    

SwiftCompile normal arm64 /Users/harishvishwakarma/Library/Developer/Xcode/DerivedData/Revolt-dharrjsambcimaaziudpvzjdcigm/SourcePackages/checkouts/swift-collections/Sources/OrderedCollections/OrderedSet/OrderedSet+RandomAccessCollection.swift (in target 'OrderedCollections' from project 'swift-collections')
    cd /Users/harishvishwakarma/Handy/Archem/pepchat-ios/Revolt.xcodeproj
    

SwiftCompile normal arm64 /Users/harishvishwakarma/Library/Developer/Xcode/DerivedData/Revolt-dharrjsambcimaaziudpvzjdcigm/SourcePackages/checkouts/swift-collections/Sources/OrderedCollections/OrderedSet/OrderedSet+ReserveCapacity.swift (in target 'OrderedCollections' from project 'swift-collections')
    cd /Users/harishvishwakarma/Handy/Archem/pepchat-ios/Revolt.xcodeproj
    

SwiftCompile normal arm64 /Users/harishvishwakarma/Library/Developer/Xcode/DerivedData/Revolt-dharrjsambcimaaziudpvzjdcigm/SourcePackages/checkouts/swift-collections/Sources/OrderedCollections/OrderedSet/OrderedSet+Sendable.swift (in target 'OrderedCollections' from project 'swift-collections')
    cd /Users/harishvishwakarma/Handy/Archem/pepchat-ios/Revolt.xcodeproj
    

SwiftCompile normal arm64 /Users/harishvishwakarma/Library/Developer/Xcode/DerivedData/Revolt-dharrjsambcimaaziudpvzjdcigm/SourcePackages/checkouts/swift-collections/Sources/OrderedCollections/OrderedSet/OrderedSet+SubSequence.swift (in target 'OrderedCollections' from project 'swift-collections')
    cd /Users/harishvishwakarma/Handy/Archem/pepchat-ios/Revolt.xcodeproj
    

SwiftDriverJobDiscovery normal arm64 Compiling PopupScrollViewDelegate.swift (in target 'PopupView' from project 'PopupView')

SwiftCompile normal arm64 Compiling\ OrderedSet+Partial\ SetAlgebra\ isDisjoint.swift,\ OrderedSet+Partial\ SetAlgebra\ isEqualSet.swift,\ OrderedSet+Partial\ SetAlgebra\ isStrictSubset.swift,\ OrderedSet+Partial\ SetAlgebra\ isStrictSuperset.swift,\ OrderedSet+Partial\ SetAlgebra\ isSubset.swift /Users/harishvishwakarma/Library/Developer/Xcode/DerivedData/Revolt-dharrjsambcimaaziudpvzjdcigm/SourcePackages/checkouts/swift-collections/Sources/OrderedCollections/OrderedSet/OrderedSet+Partial\ SetAlgebra\ isDisjoint.swift /Users/harishvishwakarma/Library/Developer/Xcode/DerivedData/Revolt-dharrjsambcimaaziudpvzjdcigm/SourcePackages/checkouts/swift-collections/Sources/OrderedCollections/OrderedSet/OrderedSet+Partial\ SetAlgebra\ isEqualSet.swift /Users/harishvishwakarma/Library/Developer/Xcode/DerivedData/Revolt-dharrjsambcimaaziudpvzjdcigm/SourcePackages/checkouts/swift-collections/Sources/OrderedCollections/OrderedSet/OrderedSet+Partial\ SetAlgebra\ isStrictSubset.swift /Users/harishvishwakarma/Library/Developer/Xcode/DerivedData/Revolt-dharrjsambcimaaziudpvzjdcigm/SourcePackages/checkouts/swift-collections/Sources/OrderedCollections/OrderedSet/OrderedSet+Partial\ SetAlgebra\ isStrictSuperset.swift /Users/harishvishwakarma/Library/Developer/Xcode/DerivedData/Revolt-dharrjsambcimaaziudpvzjdcigm/SourcePackages/checkouts/swift-collections/Sources/OrderedCollections/OrderedSet/OrderedSet+Partial\ SetAlgebra\ isSubset.swift (in target 'OrderedCollections' from project 'swift-collections')

SwiftCompile normal arm64 /Users/harishvishwakarma/Library/Developer/Xcode/DerivedData/Revolt-dharrjsambcimaaziudpvzjdcigm/SourcePackages/checkouts/swift-collections/Sources/OrderedCollections/OrderedSet/OrderedSet+Partial\ SetAlgebra\ isDisjoint.swift (in target 'OrderedCollections' from project 'swift-collections')
    cd /Users/harishvishwakarma/Handy/Archem/pepchat-ios/Revolt.xcodeproj
    

SwiftCompile normal arm64 /Users/harishvishwakarma/Library/Developer/Xcode/DerivedData/Revolt-dharrjsambcimaaziudpvzjdcigm/SourcePackages/checkouts/swift-collections/Sources/OrderedCollections/OrderedSet/OrderedSet+Partial\ SetAlgebra\ isEqualSet.swift (in target 'OrderedCollections' from project 'swift-collections')
    cd /Users/harishvishwakarma/Handy/Archem/pepchat-ios/Revolt.xcodeproj
    

SwiftCompile normal arm64 /Users/harishvishwakarma/Library/Developer/Xcode/DerivedData/Revolt-dharrjsambcimaaziudpvzjdcigm/SourcePackages/checkouts/swift-collections/Sources/OrderedCollections/OrderedSet/OrderedSet+Partial\ SetAlgebra\ isStrictSubset.swift (in target 'OrderedCollections' from project 'swift-collections')
    cd /Users/harishvishwakarma/Handy/Archem/pepchat-ios/Revolt.xcodeproj
    

SwiftCompile normal arm64 /Users/harishvishwakarma/Library/Developer/Xcode/DerivedData/Revolt-dharrjsambcimaaziudpvzjdcigm/SourcePackages/checkouts/swift-collections/Sources/OrderedCollections/OrderedSet/OrderedSet+Partial\ SetAlgebra\ isStrictSuperset.swift (in target 'OrderedCollections' from project 'swift-collections')
    cd /Users/harishvishwakarma/Handy/Archem/pepchat-ios/Revolt.xcodeproj
    

SwiftCompile normal arm64 /Users/harishvishwakarma/Library/Developer/Xcode/DerivedData/Revolt-dharrjsambcimaaziudpvzjdcigm/SourcePackages/checkouts/swift-collections/Sources/OrderedCollections/OrderedSet/OrderedSet+Partial\ SetAlgebra\ isSubset.swift (in target 'OrderedCollections' from project 'swift-collections')
    cd /Users/harishvishwakarma/Handy/Archem/pepchat-ios/Revolt.xcodeproj
    

SwiftDriverJobDiscovery normal arm64 Compiling FullscreenPopup.swift (in target 'PopupView' from project 'PopupView')

SwiftCompile normal arm64 Compiling\ OrderedDictionary+Descriptions.swift,\ OrderedDictionary+Elements.SubSequence.swift,\ OrderedDictionary+Elements.swift,\ OrderedDictionary+Equatable.swift,\ OrderedDictionary+ExpressibleByDictionaryLiteral.swift /Users/harishvishwakarma/Library/Developer/Xcode/DerivedData/Revolt-dharrjsambcimaaziudpvzjdcigm/SourcePackages/checkouts/swift-collections/Sources/OrderedCollections/OrderedDictionary/OrderedDictionary+Descriptions.swift /Users/harishvishwakarma/Library/Developer/Xcode/DerivedData/Revolt-dharrjsambcimaaziudpvzjdcigm/SourcePackages/checkouts/swift-collections/Sources/OrderedCollections/OrderedDictionary/OrderedDictionary+Elements.SubSequence.swift /Users/harishvishwakarma/Library/Developer/Xcode/DerivedData/Revolt-dharrjsambcimaaziudpvzjdcigm/SourcePackages/checkouts/swift-collections/Sources/OrderedCollections/OrderedDictionary/OrderedDictionary+Elements.swift /Users/harishvishwakarma/Library/Developer/Xcode/DerivedData/Revolt-dharrjsambcimaaziudpvzjdcigm/SourcePackages/checkouts/swift-collections/Sources/OrderedCollections/OrderedDictionary/OrderedDictionary+Equatable.swift /Users/harishvishwakarma/Library/Developer/Xcode/DerivedData/Revolt-dharrjsambcimaaziudpvzjdcigm/SourcePackages/checkouts/swift-collections/Sources/OrderedCollections/OrderedDictionary/OrderedDictionary+ExpressibleByDictionaryLiteral.swift (in target 'OrderedCollections' from project 'swift-collections')

SwiftCompile normal arm64 /Users/harishvishwakarma/Library/Developer/Xcode/DerivedData/Revolt-dharrjsambcimaaziudpvzjdcigm/SourcePackages/checkouts/swift-collections/Sources/OrderedCollections/OrderedDictionary/OrderedDictionary+Descriptions.swift (in target 'OrderedCollections' from project 'swift-collections')
    cd /Users/harishvishwakarma/Handy/Archem/pepchat-ios/Revolt.xcodeproj
    

SwiftCompile normal arm64 /Users/harishvishwakarma/Library/Developer/Xcode/DerivedData/Revolt-dharrjsambcimaaziudpvzjdcigm/SourcePackages/checkouts/swift-collections/Sources/OrderedCollections/OrderedDictionary/OrderedDictionary+Elements.SubSequence.swift (in target 'OrderedCollections' from project 'swift-collections')
    cd /Users/harishvishwakarma/Handy/Archem/pepchat-ios/Revolt.xcodeproj
    

SwiftCompile normal arm64 /Users/harishvishwakarma/Library/Developer/Xcode/DerivedData/Revolt-dharrjsambcimaaziudpvzjdcigm/SourcePackages/checkouts/swift-collections/Sources/OrderedCollections/OrderedDictionary/OrderedDictionary+Elements.swift (in target 'OrderedCollections' from project 'swift-collections')
    cd /Users/harishvishwakarma/Handy/Archem/pepchat-ios/Revolt.xcodeproj
    

SwiftCompile normal arm64 /Users/harishvishwakarma/Library/Developer/Xcode/DerivedData/Revolt-dharrjsambcimaaziudpvzjdcigm/SourcePackages/checkouts/swift-collections/Sources/OrderedCollections/OrderedDictionary/OrderedDictionary+Equatable.swift (in target 'OrderedCollections' from project 'swift-collections')
    cd /Users/harishvishwakarma/Handy/Archem/pepchat-ios/Revolt.xcodeproj
    

SwiftCompile normal arm64 /Users/harishvishwakarma/Library/Developer/Xcode/DerivedData/Revolt-dharrjsambcimaaziudpvzjdcigm/SourcePackages/checkouts/swift-collections/Sources/OrderedCollections/OrderedDictionary/OrderedDictionary+ExpressibleByDictionaryLiteral.swift (in target 'OrderedCollections' from project 'swift-collections')
    cd /Users/harishvishwakarma/Handy/Archem/pepchat-ios/Revolt.xcodeproj
    

SwiftDriverJobDiscovery normal arm64 Compiling Utils.swift (in target 'PopupView' from project 'PopupView')

SwiftDriver\ Compilation PopupView normal arm64 com.apple.xcode.tools.swift.compiler (in target 'PopupView' from project 'PopupView')
    cd /Users/harishvishwakarma/Handy/Archem/pepchat-ios/Revolt.xcodeproj
    builtin-Swift-Compilation -- /Applications/Xcode.app/Contents/Developer/Toolchains/XcodeDefault.xctoolchain/usr/bin/swiftc -module-name PopupView -Onone -enforce-exclusivity\=checked @/Users/harishvishwakarma/Library/Developer/Xcode/DerivedData/Revolt-dharrjsambcimaaziudpvzjdcigm/Build/Intermediates.noindex/PopupView.build/Debug-iphoneos/PopupView.build/Objects-normal/arm64/PopupView.SwiftFileList -DSWIFT_PACKAGE -DDEBUG -DXcode -plugin-path /Applications/Xcode.app/Contents/Developer/Toolchains/XcodeDefault.xctoolchain/usr/lib/swift/host/plugins/testing -enable-experimental-feature DebugDescriptionMacro -sdk /Applications/Xcode.app/Contents/Developer/Platforms/iPhoneOS.platform/Developer/SDKs/iPhoneOS18.5.sdk -target arm64-apple-ios15.0 -g -module-cache-path /Users/harishvishwakarma/Library/Developer/Xcode/DerivedData/ModuleCache.noindex -Xfrontend -serialize-debugging-options -enable-testing -suppress-warnings -index-store-path /Users/harishvishwakarma/Library/Developer/Xcode/DerivedData/Revolt-dharrjsambcimaaziudpvzjdcigm/Index.noindex/DataStore -swift-version 6 -I /Users/harishvishwakarma/Library/Developer/Xcode/DerivedData/Revolt-dharrjsambcimaaziudpvzjdcigm/Build/Products/Debug-iphoneos -I /Applications/Xcode.app/Contents/Developer/Platforms/iPhoneOS.platform/Developer/usr/lib -F /Users/harishvishwakarma/Library/Developer/Xcode/DerivedData/Revolt-dharrjsambcimaaziudpvzjdcigm/Build/Products/Debug-iphoneos/PackageFrameworks -F /Users/harishvishwakarma/Library/Developer/Xcode/DerivedData/Revolt-dharrjsambcimaaziudpvzjdcigm/Build/Products/Debug-iphoneos -F /Applications/Xcode.app/Contents/Developer/Platforms/iPhoneOS.platform/Developer/Library/Frameworks -F /Applications/Xcode.app/Contents/Developer/Platforms/iPhoneOS.platform/Developer/SDKs/iPhoneOS18.5.sdk/Developer/Library/Frameworks -c -j12 -enable-batch-mode -incremental -Xcc -ivfsstatcache -Xcc /Users/harishvishwakarma/Library/Developer/Xcode/DerivedData/SDKStatCaches.noindex/iphoneos18.5-22F76-7fa4eea80a99bbfdc046826b63ec4baf.sdkstatcache -output-file-map /Users/harishvishwakarma/Library/Developer/Xcode/DerivedData/Revolt-dharrjsambcimaaziudpvzjdcigm/Build/Intermediates.noindex/PopupView.build/Debug-iphoneos/PopupView.build/Objects-normal/arm64/PopupView-OutputFileMap.json -use-frontend-parseable-output -save-temps -no-color-diagnostics -serialize-diagnostics -emit-dependencies -emit-module -emit-module-path /Users/harishvishwakarma/Library/Developer/Xcode/DerivedData/Revolt-dharrjsambcimaaziudpvzjdcigm/Build/Intermediates.noindex/PopupView.build/Debug-iphoneos/PopupView.build/Objects-normal/arm64/PopupView.swiftmodule -user-module-version 3.1.4 -validate-clang-modules-once -clang-build-session-file /Users/harishvishwakarma/Library/Developer/Xcode/DerivedData/ModuleCache.noindex/Session.modulevalidation -package-name popupview -Xcc -I/Users/harishvishwakarma/Library/Developer/Xcode/DerivedData/Revolt-dharrjsambcimaaziudpvzjdcigm/Build/Intermediates.noindex/PopupView.build/Debug-iphoneos/PopupView.build/swift-overrides.hmap -emit-const-values -Xfrontend -const-gather-protocols-file -Xfrontend /Users/harishvishwakarma/Library/Developer/Xcode/DerivedData/Revolt-dharrjsambcimaaziudpvzjdcigm/Build/Intermediates.noindex/PopupView.build/Debug-iphoneos/PopupView.build/Objects-normal/arm64/PopupView_const_extract_protocols.json -Xcc -I/Users/harishvishwakarma/Library/Developer/Xcode/DerivedData/Revolt-dharrjsambcimaaziudpvzjdcigm/Build/Products/Debug-iphoneos/include -Xcc -I/Users/harishvishwakarma/Library/Developer/Xcode/DerivedData/Revolt-dharrjsambcimaaziudpvzjdcigm/Build/Intermediates.noindex/PopupView.build/Debug-iphoneos/PopupView.build/DerivedSources-normal/arm64 -Xcc -I/Users/harishvishwakarma/Library/Developer/Xcode/DerivedData/Revolt-dharrjsambcimaaziudpvzjdcigm/Build/Intermediates.noindex/PopupView.build/Debug-iphoneos/PopupView.build/DerivedSources/arm64 -Xcc -I/Users/harishvishwakarma/Library/Developer/Xcode/DerivedData/Revolt-dharrjsambcimaaziudpvzjdcigm/Build/Intermediates.noindex/PopupView.build/Debug-iphoneos/PopupView.build/DerivedSources -Xcc -DSWIFT_PACKAGE -Xcc -DDEBUG\=1 -emit-objc-header -emit-objc-header-path /Users/harishvishwakarma/Library/Developer/Xcode/DerivedData/Revolt-dharrjsambcimaaziudpvzjdcigm/Build/Intermediates.noindex/PopupView.build/Debug-iphoneos/PopupView.build/Objects-normal/arm64/PopupView-Swift.h -working-directory /Users/harishvishwakarma/Handy/Archem/pepchat-ios/Revolt.xcodeproj -experimental-emit-module-separately -disable-cmo

SwiftDriverJobDiscovery normal arm64 Compiling OrderedSet+Partial RangeReplaceableCollection.swift, OrderedSet+Partial SetAlgebra formIntersection.swift, OrderedSet+Partial SetAlgebra formSymmetricDifference.swift, OrderedSet+Partial SetAlgebra formUnion.swift, OrderedSet+Partial SetAlgebra intersection.swift (in target 'OrderedCollections' from project 'swift-collections')

SwiftCompile normal arm64 Compiling\ OrderedDictionary+Sendable.swift,\ OrderedDictionary+Sequence.swift,\ OrderedDictionary+Values.swift,\ OrderedDictionary.swift,\ OrderedSet+Codable.swift /Users/harishvishwakarma/Library/Developer/Xcode/DerivedData/Revolt-dharrjsambcimaaziudpvzjdcigm/SourcePackages/checkouts/swift-collections/Sources/OrderedCollections/OrderedDictionary/OrderedDictionary+Sendable.swift /Users/harishvishwakarma/Library/Developer/Xcode/DerivedData/Revolt-dharrjsambcimaaziudpvzjdcigm/SourcePackages/checkouts/swift-collections/Sources/OrderedCollections/OrderedDictionary/OrderedDictionary+Sequence.swift /Users/harishvishwakarma/Library/Developer/Xcode/DerivedData/Revolt-dharrjsambcimaaziudpvzjdcigm/SourcePackages/checkouts/swift-collections/Sources/OrderedCollections/OrderedDictionary/OrderedDictionary+Values.swift /Users/harishvishwakarma/Library/Developer/Xcode/DerivedData/Revolt-dharrjsambcimaaziudpvzjdcigm/SourcePackages/checkouts/swift-collections/Sources/OrderedCollections/OrderedDictionary/OrderedDictionary.swift /Users/harishvishwakarma/Library/Developer/Xcode/DerivedData/Revolt-dharrjsambcimaaziudpvzjdcigm/SourcePackages/checkouts/swift-collections/Sources/OrderedCollections/OrderedSet/OrderedSet+Codable.swift (in target 'OrderedCollections' from project 'swift-collections')

SwiftCompile normal arm64 /Users/harishvishwakarma/Library/Developer/Xcode/DerivedData/Revolt-dharrjsambcimaaziudpvzjdcigm/SourcePackages/checkouts/swift-collections/Sources/OrderedCollections/OrderedDictionary/OrderedDictionary+Sendable.swift (in target 'OrderedCollections' from project 'swift-collections')
    cd /Users/harishvishwakarma/Handy/Archem/pepchat-ios/Revolt.xcodeproj
    

SwiftCompile normal arm64 /Users/harishvishwakarma/Library/Developer/Xcode/DerivedData/Revolt-dharrjsambcimaaziudpvzjdcigm/SourcePackages/checkouts/swift-collections/Sources/OrderedCollections/OrderedDictionary/OrderedDictionary+Sequence.swift (in target 'OrderedCollections' from project 'swift-collections')
    cd /Users/harishvishwakarma/Handy/Archem/pepchat-ios/Revolt.xcodeproj
    

SwiftCompile normal arm64 /Users/harishvishwakarma/Library/Developer/Xcode/DerivedData/Revolt-dharrjsambcimaaziudpvzjdcigm/SourcePackages/checkouts/swift-collections/Sources/OrderedCollections/OrderedDictionary/OrderedDictionary+Values.swift (in target 'OrderedCollections' from project 'swift-collections')
    cd /Users/harishvishwakarma/Handy/Archem/pepchat-ios/Revolt.xcodeproj
    

SwiftCompile normal arm64 /Users/harishvishwakarma/Library/Developer/Xcode/DerivedData/Revolt-dharrjsambcimaaziudpvzjdcigm/SourcePackages/checkouts/swift-collections/Sources/OrderedCollections/OrderedDictionary/OrderedDictionary.swift (in target 'OrderedCollections' from project 'swift-collections')
    cd /Users/harishvishwakarma/Handy/Archem/pepchat-ios/Revolt.xcodeproj
    

SwiftCompile normal arm64 /Users/harishvishwakarma/Library/Developer/Xcode/DerivedData/Revolt-dharrjsambcimaaziudpvzjdcigm/SourcePackages/checkouts/swift-collections/Sources/OrderedCollections/OrderedSet/OrderedSet+Codable.swift (in target 'OrderedCollections' from project 'swift-collections')
    cd /Users/harishvishwakarma/Handy/Archem/pepchat-ios/Revolt.xcodeproj
    

SwiftCompile normal arm64 Compiling\ _HashTable+Bucket.swift,\ _HashTable+BucketIterator.swift,\ _HashTable+Constants.swift,\ _HashTable+CustomStringConvertible.swift,\ _HashTable+Testing.swift,\ _HashTable+UnsafeHandle.swift /Users/harishvishwakarma/Library/Developer/Xcode/DerivedData/Revolt-dharrjsambcimaaziudpvzjdcigm/SourcePackages/checkouts/swift-collections/Sources/OrderedCollections/HashTable/_HashTable+Bucket.swift /Users/harishvishwakarma/Library/Developer/Xcode/DerivedData/Revolt-dharrjsambcimaaziudpvzjdcigm/SourcePackages/checkouts/swift-collections/Sources/OrderedCollections/HashTable/_HashTable+BucketIterator.swift /Users/harishvishwakarma/Library/Developer/Xcode/DerivedData/Revolt-dharrjsambcimaaziudpvzjdcigm/SourcePackages/checkouts/swift-collections/Sources/OrderedCollections/HashTable/_HashTable+Constants.swift /Users/harishvishwakarma/Library/Developer/Xcode/DerivedData/Revolt-dharrjsambcimaaziudpvzjdcigm/SourcePackages/checkouts/swift-collections/Sources/OrderedCollections/HashTable/_HashTable+CustomStringConvertible.swift /Users/harishvishwakarma/Library/Developer/Xcode/DerivedData/Revolt-dharrjsambcimaaziudpvzjdcigm/SourcePackages/checkouts/swift-collections/Sources/OrderedCollections/HashTable/_HashTable+Testing.swift /Users/harishvishwakarma/Library/Developer/Xcode/DerivedData/Revolt-dharrjsambcimaaziudpvzjdcigm/SourcePackages/checkouts/swift-collections/Sources/OrderedCollections/HashTable/_HashTable+UnsafeHandle.swift (in target 'OrderedCollections' from project 'swift-collections')

SwiftCompile normal arm64 /Users/harishvishwakarma/Library/Developer/Xcode/DerivedData/Revolt-dharrjsambcimaaziudpvzjdcigm/SourcePackages/checkouts/swift-collections/Sources/OrderedCollections/HashTable/_HashTable+Bucket.swift (in target 'OrderedCollections' from project 'swift-collections')
    cd /Users/harishvishwakarma/Handy/Archem/pepchat-ios/Revolt.xcodeproj
    

SwiftCompile normal arm64 /Users/harishvishwakarma/Library/Developer/Xcode/DerivedData/Revolt-dharrjsambcimaaziudpvzjdcigm/SourcePackages/checkouts/swift-collections/Sources/OrderedCollections/HashTable/_HashTable+BucketIterator.swift (in target 'OrderedCollections' from project 'swift-collections')
    cd /Users/harishvishwakarma/Handy/Archem/pepchat-ios/Revolt.xcodeproj
    

SwiftCompile normal arm64 /Users/harishvishwakarma/Library/Developer/Xcode/DerivedData/Revolt-dharrjsambcimaaziudpvzjdcigm/SourcePackages/checkouts/swift-collections/Sources/OrderedCollections/HashTable/_HashTable+Constants.swift (in target 'OrderedCollections' from project 'swift-collections')
    cd /Users/harishvishwakarma/Handy/Archem/pepchat-ios/Revolt.xcodeproj
    

SwiftCompile normal arm64 /Users/harishvishwakarma/Library/Developer/Xcode/DerivedData/Revolt-dharrjsambcimaaziudpvzjdcigm/SourcePackages/checkouts/swift-collections/Sources/OrderedCollections/HashTable/_HashTable+CustomStringConvertible.swift (in target 'OrderedCollections' from project 'swift-collections')
    cd /Users/harishvishwakarma/Handy/Archem/pepchat-ios/Revolt.xcodeproj
    

SwiftCompile normal arm64 /Users/harishvishwakarma/Library/Developer/Xcode/DerivedData/Revolt-dharrjsambcimaaziudpvzjdcigm/SourcePackages/checkouts/swift-collections/Sources/OrderedCollections/HashTable/_HashTable+Testing.swift (in target 'OrderedCollections' from project 'swift-collections')
    cd /Users/harishvishwakarma/Handy/Archem/pepchat-ios/Revolt.xcodeproj
    

SwiftCompile normal arm64 /Users/harishvishwakarma/Library/Developer/Xcode/DerivedData/Revolt-dharrjsambcimaaziudpvzjdcigm/SourcePackages/checkouts/swift-collections/Sources/OrderedCollections/HashTable/_HashTable+UnsafeHandle.swift (in target 'OrderedCollections' from project 'swift-collections')
    cd /Users/harishvishwakarma/Handy/Archem/pepchat-ios/Revolt.xcodeproj
    

SwiftDriverJobDiscovery normal arm64 Compiling OrderedSet+Partial SetAlgebra+Basics.swift, OrderedSet+RandomAccessCollection.swift, OrderedSet+ReserveCapacity.swift, OrderedSet+Sendable.swift, OrderedSet+SubSequence.swift (in target 'OrderedCollections' from project 'swift-collections')

SwiftCompile normal arm64 Compiling\ _HashTable.swift,\ _Hashtable+Header.swift,\ OrderedDictionary+Codable.swift,\ OrderedDictionary+CustomReflectable.swift,\ OrderedDictionary+Deprecations.swift /Users/harishvishwakarma/Library/Developer/Xcode/DerivedData/Revolt-dharrjsambcimaaziudpvzjdcigm/SourcePackages/checkouts/swift-collections/Sources/OrderedCollections/HashTable/_HashTable.swift /Users/harishvishwakarma/Library/Developer/Xcode/DerivedData/Revolt-dharrjsambcimaaziudpvzjdcigm/SourcePackages/checkouts/swift-collections/Sources/OrderedCollections/HashTable/_Hashtable+Header.swift /Users/harishvishwakarma/Library/Developer/Xcode/DerivedData/Revolt-dharrjsambcimaaziudpvzjdcigm/SourcePackages/checkouts/swift-collections/Sources/OrderedCollections/OrderedDictionary/OrderedDictionary+Codable.swift /Users/harishvishwakarma/Library/Developer/Xcode/DerivedData/Revolt-dharrjsambcimaaziudpvzjdcigm/SourcePackages/checkouts/swift-collections/Sources/OrderedCollections/OrderedDictionary/OrderedDictionary+CustomReflectable.swift /Users/harishvishwakarma/Library/Developer/Xcode/DerivedData/Revolt-dharrjsambcimaaziudpvzjdcigm/SourcePackages/checkouts/swift-collections/Sources/OrderedCollections/OrderedDictionary/OrderedDictionary+Deprecations.swift (in target 'OrderedCollections' from project 'swift-collections')

SwiftCompile normal arm64 /Users/harishvishwakarma/Library/Developer/Xcode/DerivedData/Revolt-dharrjsambcimaaziudpvzjdcigm/SourcePackages/checkouts/swift-collections/Sources/OrderedCollections/HashTable/_HashTable.swift (in target 'OrderedCollections' from project 'swift-collections')
    cd /Users/harishvishwakarma/Handy/Archem/pepchat-ios/Revolt.xcodeproj
    

SwiftCompile normal arm64 /Users/harishvishwakarma/Library/Developer/Xcode/DerivedData/Revolt-dharrjsambcimaaziudpvzjdcigm/SourcePackages/checkouts/swift-collections/Sources/OrderedCollections/HashTable/_Hashtable+Header.swift (in target 'OrderedCollections' from project 'swift-collections')
    cd /Users/harishvishwakarma/Handy/Archem/pepchat-ios/Revolt.xcodeproj
    

SwiftCompile normal arm64 /Users/harishvishwakarma/Library/Developer/Xcode/DerivedData/Revolt-dharrjsambcimaaziudpvzjdcigm/SourcePackages/checkouts/swift-collections/Sources/OrderedCollections/OrderedDictionary/OrderedDictionary+Codable.swift (in target 'OrderedCollections' from project 'swift-collections')
    cd /Users/harishvishwakarma/Handy/Archem/pepchat-ios/Revolt.xcodeproj
    

SwiftCompile normal arm64 /Users/harishvishwakarma/Library/Developer/Xcode/DerivedData/Revolt-dharrjsambcimaaziudpvzjdcigm/SourcePackages/checkouts/swift-collections/Sources/OrderedCollections/OrderedDictionary/OrderedDictionary+CustomReflectable.swift (in target 'OrderedCollections' from project 'swift-collections')
    cd /Users/harishvishwakarma/Handy/Archem/pepchat-ios/Revolt.xcodeproj
    

SwiftCompile normal arm64 /Users/harishvishwakarma/Library/Developer/Xcode/DerivedData/Revolt-dharrjsambcimaaziudpvzjdcigm/SourcePackages/checkouts/swift-collections/Sources/OrderedCollections/OrderedDictionary/OrderedDictionary+Deprecations.swift (in target 'OrderedCollections' from project 'swift-collections')
    cd /Users/harishvishwakarma/Handy/Archem/pepchat-ios/Revolt.xcodeproj
    

SwiftDriverJobDiscovery normal arm64 Compiling OrderedSet+Partial SetAlgebra isDisjoint.swift, OrderedSet+Partial SetAlgebra isEqualSet.swift, OrderedSet+Partial SetAlgebra isStrictSubset.swift, OrderedSet+Partial SetAlgebra isStrictSuperset.swift, OrderedSet+Partial SetAlgebra isSubset.swift (in target 'OrderedCollections' from project 'swift-collections')

SwiftCompile normal arm64 Compiling\ OrderedSet+CustomReflectable.swift,\ OrderedSet+Descriptions.swift,\ OrderedSet+Diffing.swift,\ OrderedSet+Equatable.swift,\ OrderedSet+ExpressibleByArrayLiteral.swift /Users/harishvishwakarma/Library/Developer/Xcode/DerivedData/Revolt-dharrjsambcimaaziudpvzjdcigm/SourcePackages/checkouts/swift-collections/Sources/OrderedCollections/OrderedSet/OrderedSet+CustomReflectable.swift /Users/harishvishwakarma/Library/Developer/Xcode/DerivedData/Revolt-dharrjsambcimaaziudpvzjdcigm/SourcePackages/checkouts/swift-collections/Sources/OrderedCollections/OrderedSet/OrderedSet+Descriptions.swift /Users/harishvishwakarma/Library/Developer/Xcode/DerivedData/Revolt-dharrjsambcimaaziudpvzjdcigm/SourcePackages/checkouts/swift-collections/Sources/OrderedCollections/OrderedSet/OrderedSet+Diffing.swift /Users/harishvishwakarma/Library/Developer/Xcode/DerivedData/Revolt-dharrjsambcimaaziudpvzjdcigm/SourcePackages/checkouts/swift-collections/Sources/OrderedCollections/OrderedSet/OrderedSet+Equatable.swift /Users/harishvishwakarma/Library/Developer/Xcode/DerivedData/Revolt-dharrjsambcimaaziudpvzjdcigm/SourcePackages/checkouts/swift-collections/Sources/OrderedCollections/OrderedSet/OrderedSet+ExpressibleByArrayLiteral.swift (in target 'OrderedCollections' from project 'swift-collections')

SwiftCompile normal arm64 /Users/harishvishwakarma/Library/Developer/Xcode/DerivedData/Revolt-dharrjsambcimaaziudpvzjdcigm/SourcePackages/checkouts/swift-collections/Sources/OrderedCollections/OrderedSet/OrderedSet+CustomReflectable.swift (in target 'OrderedCollections' from project 'swift-collections')
    cd /Users/harishvishwakarma/Handy/Archem/pepchat-ios/Revolt.xcodeproj
    

SwiftCompile normal arm64 /Users/harishvishwakarma/Library/Developer/Xcode/DerivedData/Revolt-dharrjsambcimaaziudpvzjdcigm/SourcePackages/checkouts/swift-collections/Sources/OrderedCollections/OrderedSet/OrderedSet+Descriptions.swift (in target 'OrderedCollections' from project 'swift-collections')
    cd /Users/harishvishwakarma/Handy/Archem/pepchat-ios/Revolt.xcodeproj
    

SwiftCompile normal arm64 /Users/harishvishwakarma/Library/Developer/Xcode/DerivedData/Revolt-dharrjsambcimaaziudpvzjdcigm/SourcePackages/checkouts/swift-collections/Sources/OrderedCollections/OrderedSet/OrderedSet+Diffing.swift (in target 'OrderedCollections' from project 'swift-collections')
    cd /Users/harishvishwakarma/Handy/Archem/pepchat-ios/Revolt.xcodeproj
    

SwiftCompile normal arm64 /Users/harishvishwakarma/Library/Developer/Xcode/DerivedData/Revolt-dharrjsambcimaaziudpvzjdcigm/SourcePackages/checkouts/swift-collections/Sources/OrderedCollections/OrderedSet/OrderedSet+Equatable.swift (in target 'OrderedCollections' from project 'swift-collections')
    cd /Users/harishvishwakarma/Handy/Archem/pepchat-ios/Revolt.xcodeproj
    

SwiftCompile normal arm64 /Users/harishvishwakarma/Library/Developer/Xcode/DerivedData/Revolt-dharrjsambcimaaziudpvzjdcigm/SourcePackages/checkouts/swift-collections/Sources/OrderedCollections/OrderedSet/OrderedSet+ExpressibleByArrayLiteral.swift (in target 'OrderedCollections' from project 'swift-collections')
    cd /Users/harishvishwakarma/Handy/Archem/pepchat-ios/Revolt.xcodeproj
    

SwiftDriverJobDiscovery normal x86_64 Compiling SyntaxKind.swift, SyntaxRewriter.swift, SyntaxTraits.swift, SyntaxTransform.swift (in target 'SwiftSyntax' from project 'swift-syntax')

SwiftCompile normal arm64 Compiling\ OrderedDictionary+Hashable.swift,\ OrderedDictionary+Initializers.swift,\ OrderedDictionary+Invariants.swift,\ OrderedDictionary+Partial\ MutableCollection.swift,\ OrderedDictionary+Partial\ RangeReplaceableCollection.swift /Users/harishvishwakarma/Library/Developer/Xcode/DerivedData/Revolt-dharrjsambcimaaziudpvzjdcigm/SourcePackages/checkouts/swift-collections/Sources/OrderedCollections/OrderedDictionary/OrderedDictionary+Hashable.swift /Users/harishvishwakarma/Library/Developer/Xcode/DerivedData/Revolt-dharrjsambcimaaziudpvzjdcigm/SourcePackages/checkouts/swift-collections/Sources/OrderedCollections/OrderedDictionary/OrderedDictionary+Initializers.swift /Users/harishvishwakarma/Library/Developer/Xcode/DerivedData/Revolt-dharrjsambcimaaziudpvzjdcigm/SourcePackages/checkouts/swift-collections/Sources/OrderedCollections/OrderedDictionary/OrderedDictionary+Invariants.swift /Users/harishvishwakarma/Library/Developer/Xcode/DerivedData/Revolt-dharrjsambcimaaziudpvzjdcigm/SourcePackages/checkouts/swift-collections/Sources/OrderedCollections/OrderedDictionary/OrderedDictionary+Partial\ MutableCollection.swift /Users/harishvishwakarma/Library/Developer/Xcode/DerivedData/Revolt-dharrjsambcimaaziudpvzjdcigm/SourcePackages/checkouts/swift-collections/Sources/OrderedCollections/OrderedDictionary/OrderedDictionary+Partial\ RangeReplaceableCollection.swift (in target 'OrderedCollections' from project 'swift-collections')

SwiftCompile normal arm64 /Users/harishvishwakarma/Library/Developer/Xcode/DerivedData/Revolt-dharrjsambcimaaziudpvzjdcigm/SourcePackages/checkouts/swift-collections/Sources/OrderedCollections/OrderedDictionary/OrderedDictionary+Hashable.swift (in target 'OrderedCollections' from project 'swift-collections')
    cd /Users/harishvishwakarma/Handy/Archem/pepchat-ios/Revolt.xcodeproj
    

SwiftCompile normal arm64 /Users/harishvishwakarma/Library/Developer/Xcode/DerivedData/Revolt-dharrjsambcimaaziudpvzjdcigm/SourcePackages/checkouts/swift-collections/Sources/OrderedCollections/OrderedDictionary/OrderedDictionary+Initializers.swift (in target 'OrderedCollections' from project 'swift-collections')
    cd /Users/harishvishwakarma/Handy/Archem/pepchat-ios/Revolt.xcodeproj
    

SwiftCompile normal arm64 /Users/harishvishwakarma/Library/Developer/Xcode/DerivedData/Revolt-dharrjsambcimaaziudpvzjdcigm/SourcePackages/checkouts/swift-collections/Sources/OrderedCollections/OrderedDictionary/OrderedDictionary+Invariants.swift (in target 'OrderedCollections' from project 'swift-collections')
    cd /Users/harishvishwakarma/Handy/Archem/pepchat-ios/Revolt.xcodeproj
    

SwiftCompile normal arm64 /Users/harishvishwakarma/Library/Developer/Xcode/DerivedData/Revolt-dharrjsambcimaaziudpvzjdcigm/SourcePackages/checkouts/swift-collections/Sources/OrderedCollections/OrderedDictionary/OrderedDictionary+Partial\ MutableCollection.swift (in target 'OrderedCollections' from project 'swift-collections')
    cd /Users/harishvishwakarma/Handy/Archem/pepchat-ios/Revolt.xcodeproj
    

SwiftCompile normal arm64 /Users/harishvishwakarma/Library/Developer/Xcode/DerivedData/Revolt-dharrjsambcimaaziudpvzjdcigm/SourcePackages/checkouts/swift-collections/Sources/OrderedCollections/OrderedDictionary/OrderedDictionary+Partial\ RangeReplaceableCollection.swift (in target 'OrderedCollections' from project 'swift-collections')
    cd /Users/harishvishwakarma/Handy/Archem/pepchat-ios/Revolt.xcodeproj
    

SwiftDriverJobDiscovery normal arm64 Compiling OrderedDictionary+Descriptions.swift, OrderedDictionary+Elements.SubSequence.swift, OrderedDictionary+Elements.swift, OrderedDictionary+Equatable.swift, OrderedDictionary+ExpressibleByDictionaryLiteral.swift (in target 'OrderedCollections' from project 'swift-collections')

SwiftCompile normal arm64 Compiling\ OrderedSet+Hashable.swift,\ OrderedSet+Initializers.swift,\ OrderedSet+Insertions.swift,\ OrderedSet+Invariants.swift,\ OrderedSet+Partial\ MutableCollection.swift /Users/harishvishwakarma/Library/Developer/Xcode/DerivedData/Revolt-dharrjsambcimaaziudpvzjdcigm/SourcePackages/checkouts/swift-collections/Sources/OrderedCollections/OrderedSet/OrderedSet+Hashable.swift /Users/harishvishwakarma/Library/Developer/Xcode/DerivedData/Revolt-dharrjsambcimaaziudpvzjdcigm/SourcePackages/checkouts/swift-collections/Sources/OrderedCollections/OrderedSet/OrderedSet+Initializers.swift /Users/harishvishwakarma/Library/Developer/Xcode/DerivedData/Revolt-dharrjsambcimaaziudpvzjdcigm/SourcePackages/checkouts/swift-collections/Sources/OrderedCollections/OrderedSet/OrderedSet+Insertions.swift /Users/harishvishwakarma/Library/Developer/Xcode/DerivedData/Revolt-dharrjsambcimaaziudpvzjdcigm/SourcePackages/checkouts/swift-collections/Sources/OrderedCollections/OrderedSet/OrderedSet+Invariants.swift /Users/harishvishwakarma/Library/Developer/Xcode/DerivedData/Revolt-dharrjsambcimaaziudpvzjdcigm/SourcePackages/checkouts/swift-collections/Sources/OrderedCollections/OrderedSet/OrderedSet+Partial\ MutableCollection.swift (in target 'OrderedCollections' from project 'swift-collections')

SwiftCompile normal arm64 /Users/harishvishwakarma/Library/Developer/Xcode/DerivedData/Revolt-dharrjsambcimaaziudpvzjdcigm/SourcePackages/checkouts/swift-collections/Sources/OrderedCollections/OrderedSet/OrderedSet+Hashable.swift (in target 'OrderedCollections' from project 'swift-collections')
    cd /Users/harishvishwakarma/Handy/Archem/pepchat-ios/Revolt.xcodeproj
    

SwiftCompile normal arm64 /Users/harishvishwakarma/Library/Developer/Xcode/DerivedData/Revolt-dharrjsambcimaaziudpvzjdcigm/SourcePackages/checkouts/swift-collections/Sources/OrderedCollections/OrderedSet/OrderedSet+Initializers.swift (in target 'OrderedCollections' from project 'swift-collections')
    cd /Users/harishvishwakarma/Handy/Archem/pepchat-ios/Revolt.xcodeproj
    

SwiftCompile normal arm64 /Users/harishvishwakarma/Library/Developer/Xcode/DerivedData/Revolt-dharrjsambcimaaziudpvzjdcigm/SourcePackages/checkouts/swift-collections/Sources/OrderedCollections/OrderedSet/OrderedSet+Insertions.swift (in target 'OrderedCollections' from project 'swift-collections')
    cd /Users/harishvishwakarma/Handy/Archem/pepchat-ios/Revolt.xcodeproj
    

SwiftCompile normal arm64 /Users/harishvishwakarma/Library/Developer/Xcode/DerivedData/Revolt-dharrjsambcimaaziudpvzjdcigm/SourcePackages/checkouts/swift-collections/Sources/OrderedCollections/OrderedSet/OrderedSet+Invariants.swift (in target 'OrderedCollections' from project 'swift-collections')
    cd /Users/harishvishwakarma/Handy/Archem/pepchat-ios/Revolt.xcodeproj
    

SwiftCompile normal arm64 /Users/harishvishwakarma/Library/Developer/Xcode/DerivedData/Revolt-dharrjsambcimaaziudpvzjdcigm/SourcePackages/checkouts/swift-collections/Sources/OrderedCollections/OrderedSet/OrderedSet+Partial\ MutableCollection.swift (in target 'OrderedCollections' from project 'swift-collections')
    cd /Users/harishvishwakarma/Handy/Archem/pepchat-ios/Revolt.xcodeproj
    

SwiftDriverJobDiscovery normal arm64 Compiling OrderedDictionary+Sendable.swift, OrderedDictionary+Sequence.swift, OrderedDictionary+Values.swift, OrderedDictionary.swift, OrderedSet+Codable.swift (in target 'OrderedCollections' from project 'swift-collections')

SwiftCompile normal arm64 Compiling\ OrderedSet+Partial\ SetAlgebra\ isSuperset.swift,\ OrderedSet+Partial\ SetAlgebra\ subtract.swift,\ OrderedSet+Partial\ SetAlgebra\ subtracting.swift,\ OrderedSet+Partial\ SetAlgebra\ symmetricDifference.swift,\ OrderedSet+Partial\ SetAlgebra\ union.swift /Users/harishvishwakarma/Library/Developer/Xcode/DerivedData/Revolt-dharrjsambcimaaziudpvzjdcigm/SourcePackages/checkouts/swift-collections/Sources/OrderedCollections/OrderedSet/OrderedSet+Partial\ SetAlgebra\ isSuperset.swift /Users/harishvishwakarma/Library/Developer/Xcode/DerivedData/Revolt-dharrjsambcimaaziudpvzjdcigm/SourcePackages/checkouts/swift-collections/Sources/OrderedCollections/OrderedSet/OrderedSet+Partial\ SetAlgebra\ subtract.swift /Users/harishvishwakarma/Library/Developer/Xcode/DerivedData/Revolt-dharrjsambcimaaziudpvzjdcigm/SourcePackages/checkouts/swift-collections/Sources/OrderedCollections/OrderedSet/OrderedSet+Partial\ SetAlgebra\ subtracting.swift /Users/harishvishwakarma/Library/Developer/Xcode/DerivedData/Revolt-dharrjsambcimaaziudpvzjdcigm/SourcePackages/checkouts/swift-collections/Sources/OrderedCollections/OrderedSet/OrderedSet+Partial\ SetAlgebra\ symmetricDifference.swift /Users/harishvishwakarma/Library/Developer/Xcode/DerivedData/Revolt-dharrjsambcimaaziudpvzjdcigm/SourcePackages/checkouts/swift-collections/Sources/OrderedCollections/OrderedSet/OrderedSet+Partial\ SetAlgebra\ union.swift (in target 'OrderedCollections' from project 'swift-collections')

SwiftCompile normal arm64 /Users/harishvishwakarma/Library/Developer/Xcode/DerivedData/Revolt-dharrjsambcimaaziudpvzjdcigm/SourcePackages/checkouts/swift-collections/Sources/OrderedCollections/OrderedSet/OrderedSet+Partial\ SetAlgebra\ isSuperset.swift (in target 'OrderedCollections' from project 'swift-collections')
    cd /Users/harishvishwakarma/Handy/Archem/pepchat-ios/Revolt.xcodeproj
    

SwiftCompile normal arm64 /Users/harishvishwakarma/Library/Developer/Xcode/DerivedData/Revolt-dharrjsambcimaaziudpvzjdcigm/SourcePackages/checkouts/swift-collections/Sources/OrderedCollections/OrderedSet/OrderedSet+Partial\ SetAlgebra\ subtract.swift (in target 'OrderedCollections' from project 'swift-collections')
    cd /Users/harishvishwakarma/Handy/Archem/pepchat-ios/Revolt.xcodeproj
    

SwiftCompile normal arm64 /Users/harishvishwakarma/Library/Developer/Xcode/DerivedData/Revolt-dharrjsambcimaaziudpvzjdcigm/SourcePackages/checkouts/swift-collections/Sources/OrderedCollections/OrderedSet/OrderedSet+Partial\ SetAlgebra\ subtracting.swift (in target 'OrderedCollections' from project 'swift-collections')
    cd /Users/harishvishwakarma/Handy/Archem/pepchat-ios/Revolt.xcodeproj
    

SwiftCompile normal arm64 /Users/harishvishwakarma/Library/Developer/Xcode/DerivedData/Revolt-dharrjsambcimaaziudpvzjdcigm/SourcePackages/checkouts/swift-collections/Sources/OrderedCollections/OrderedSet/OrderedSet+Partial\ SetAlgebra\ symmetricDifference.swift (in target 'OrderedCollections' from project 'swift-collections')
    cd /Users/harishvishwakarma/Handy/Archem/pepchat-ios/Revolt.xcodeproj
    

SwiftCompile normal arm64 /Users/harishvishwakarma/Library/Developer/Xcode/DerivedData/Revolt-dharrjsambcimaaziudpvzjdcigm/SourcePackages/checkouts/swift-collections/Sources/OrderedCollections/OrderedSet/OrderedSet+Partial\ SetAlgebra\ union.swift (in target 'OrderedCollections' from project 'swift-collections')
    cd /Users/harishvishwakarma/Handy/Archem/pepchat-ios/Revolt.xcodeproj
    

SwiftDriverJobDiscovery normal arm64 Compiling _HashTable+Bucket.swift, _HashTable+BucketIterator.swift, _HashTable+Constants.swift, _HashTable+CustomStringConvertible.swift, _HashTable+Testing.swift, _HashTable+UnsafeHandle.swift (in target 'OrderedCollections' from project 'swift-collections')

SwiftCompile normal arm64 Compiling\ OrderedSet+Testing.swift,\ OrderedSet+UnorderedView.swift,\ OrderedSet+UnstableInternals.swift,\ OrderedSet.swift,\ _UnsafeBitset.swift /Users/harishvishwakarma/Library/Developer/Xcode/DerivedData/Revolt-dharrjsambcimaaziudpvzjdcigm/SourcePackages/checkouts/swift-collections/Sources/OrderedCollections/OrderedSet/OrderedSet+Testing.swift /Users/harishvishwakarma/Library/Developer/Xcode/DerivedData/Revolt-dharrjsambcimaaziudpvzjdcigm/SourcePackages/checkouts/swift-collections/Sources/OrderedCollections/OrderedSet/OrderedSet+UnorderedView.swift /Users/harishvishwakarma/Library/Developer/Xcode/DerivedData/Revolt-dharrjsambcimaaziudpvzjdcigm/SourcePackages/checkouts/swift-collections/Sources/OrderedCollections/OrderedSet/OrderedSet+UnstableInternals.swift /Users/harishvishwakarma/Library/Developer/Xcode/DerivedData/Revolt-dharrjsambcimaaziudpvzjdcigm/SourcePackages/checkouts/swift-collections/Sources/OrderedCollections/OrderedSet/OrderedSet.swift /Users/harishvishwakarma/Library/Developer/Xcode/DerivedData/Revolt-dharrjsambcimaaziudpvzjdcigm/SourcePackages/checkouts/swift-collections/Sources/OrderedCollections/Utilities/_UnsafeBitset.swift (in target 'OrderedCollections' from project 'swift-collections')

SwiftCompile normal arm64 /Users/harishvishwakarma/Library/Developer/Xcode/DerivedData/Revolt-dharrjsambcimaaziudpvzjdcigm/SourcePackages/checkouts/swift-collections/Sources/OrderedCollections/OrderedSet/OrderedSet+Testing.swift (in target 'OrderedCollections' from project 'swift-collections')
    cd /Users/harishvishwakarma/Handy/Archem/pepchat-ios/Revolt.xcodeproj
    

SwiftCompile normal arm64 /Users/harishvishwakarma/Library/Developer/Xcode/DerivedData/Revolt-dharrjsambcimaaziudpvzjdcigm/SourcePackages/checkouts/swift-collections/Sources/OrderedCollections/OrderedSet/OrderedSet+UnorderedView.swift (in target 'OrderedCollections' from project 'swift-collections')
    cd /Users/harishvishwakarma/Handy/Archem/pepchat-ios/Revolt.xcodeproj
    

SwiftCompile normal arm64 /Users/harishvishwakarma/Library/Developer/Xcode/DerivedData/Revolt-dharrjsambcimaaziudpvzjdcigm/SourcePackages/checkouts/swift-collections/Sources/OrderedCollections/OrderedSet/OrderedSet+UnstableInternals.swift (in target 'OrderedCollections' from project 'swift-collections')
    cd /Users/harishvishwakarma/Handy/Archem/pepchat-ios/Revolt.xcodeproj
    

SwiftCompile normal arm64 /Users/harishvishwakarma/Library/Developer/Xcode/DerivedData/Revolt-dharrjsambcimaaziudpvzjdcigm/SourcePackages/checkouts/swift-collections/Sources/OrderedCollections/OrderedSet/OrderedSet.swift (in target 'OrderedCollections' from project 'swift-collections')
    cd /Users/harishvishwakarma/Handy/Archem/pepchat-ios/Revolt.xcodeproj
    

SwiftCompile normal arm64 /Users/harishvishwakarma/Library/Developer/Xcode/DerivedData/Revolt-dharrjsambcimaaziudpvzjdcigm/SourcePackages/checkouts/swift-collections/Sources/OrderedCollections/Utilities/_UnsafeBitset.swift (in target 'OrderedCollections' from project 'swift-collections')
    cd /Users/harishvishwakarma/Handy/Archem/pepchat-ios/Revolt.xcodeproj
    

SwiftDriverJobDiscovery normal arm64 Compiling OrderedSet+CustomReflectable.swift, OrderedSet+Descriptions.swift, OrderedSet+Diffing.swift, OrderedSet+Equatable.swift, OrderedSet+ExpressibleByArrayLiteral.swift (in target 'OrderedCollections' from project 'swift-collections')

SwiftCompile normal arm64 Compiling\ Heap+Descriptions.swift /Users/harishvishwakarma/Library/Developer/Xcode/DerivedData/Revolt-dharrjsambcimaaziudpvzjdcigm/SourcePackages/checkouts/swift-collections/Sources/HeapModule/Heap+Descriptions.swift (in target 'HeapModule' from project 'swift-collections')

SwiftCompile normal arm64 /Users/harishvishwakarma/Library/Developer/Xcode/DerivedData/Revolt-dharrjsambcimaaziudpvzjdcigm/SourcePackages/checkouts/swift-collections/Sources/HeapModule/Heap+Descriptions.swift (in target 'HeapModule' from project 'swift-collections')
    cd /Users/harishvishwakarma/Handy/Archem/pepchat-ios/Revolt.xcodeproj
    

SwiftDriverJobDiscovery normal arm64 Compiling _HashTable.swift, _Hashtable+Header.swift, OrderedDictionary+Codable.swift, OrderedDictionary+CustomReflectable.swift, OrderedDictionary+Deprecations.swift (in target 'OrderedCollections' from project 'swift-collections')

SwiftCompile normal arm64 Compiling\ _HeapNode.swift /Users/harishvishwakarma/Library/Developer/Xcode/DerivedData/Revolt-dharrjsambcimaaziudpvzjdcigm/SourcePackages/checkouts/swift-collections/Sources/HeapModule/_HeapNode.swift (in target 'HeapModule' from project 'swift-collections')

SwiftCompile normal arm64 /Users/harishvishwakarma/Library/Developer/Xcode/DerivedData/Revolt-dharrjsambcimaaziudpvzjdcigm/SourcePackages/checkouts/swift-collections/Sources/HeapModule/_HeapNode.swift (in target 'HeapModule' from project 'swift-collections')
    cd /Users/harishvishwakarma/Handy/Archem/pepchat-ios/Revolt.xcodeproj
    

SwiftDriverJobDiscovery normal arm64 Compiling OrderedDictionary+Hashable.swift, OrderedDictionary+Initializers.swift, OrderedDictionary+Invariants.swift, OrderedDictionary+Partial MutableCollection.swift, OrderedDictionary+Partial RangeReplaceableCollection.swift (in target 'OrderedCollections' from project 'swift-collections')

SwiftCompile normal arm64 Compiling\ Heap+Invariants.swift /Users/harishvishwakarma/Library/Developer/Xcode/DerivedData/Revolt-dharrjsambcimaaziudpvzjdcigm/SourcePackages/checkouts/swift-collections/Sources/HeapModule/Heap+Invariants.swift (in target 'HeapModule' from project 'swift-collections')

SwiftCompile normal arm64 /Users/harishvishwakarma/Library/Developer/Xcode/DerivedData/Revolt-dharrjsambcimaaziudpvzjdcigm/SourcePackages/checkouts/swift-collections/Sources/HeapModule/Heap+Invariants.swift (in target 'HeapModule' from project 'swift-collections')
    cd /Users/harishvishwakarma/Handy/Archem/pepchat-ios/Revolt.xcodeproj
    

SwiftDriverJobDiscovery normal arm64 Compiling SyntaxNodes.swift, SyntaxPatternNodes.swift, SyntaxStmtNodes.swift, SyntaxTypeNodes.swift (in target 'SwiftSyntax' from project 'swift-syntax')

SwiftCompile normal arm64 Compiling\ Heap.swift /Users/harishvishwakarma/Library/Developer/Xcode/DerivedData/Revolt-dharrjsambcimaaziudpvzjdcigm/SourcePackages/checkouts/swift-collections/Sources/HeapModule/Heap.swift (in target 'HeapModule' from project 'swift-collections')

SwiftCompile normal arm64 /Users/harishvishwakarma/Library/Developer/Xcode/DerivedData/Revolt-dharrjsambcimaaziudpvzjdcigm/SourcePackages/checkouts/swift-collections/Sources/HeapModule/Heap.swift (in target 'HeapModule' from project 'swift-collections')
    cd /Users/harishvishwakarma/Handy/Archem/pepchat-ios/Revolt.xcodeproj
    

SwiftDriverJobDiscovery normal arm64 Compiling OrderedSet+Partial SetAlgebra isSuperset.swift, OrderedSet+Partial SetAlgebra subtract.swift, OrderedSet+Partial SetAlgebra subtracting.swift, OrderedSet+Partial SetAlgebra symmetricDifference.swift, OrderedSet+Partial SetAlgebra union.swift (in target 'OrderedCollections' from project 'swift-collections')

SwiftCompile normal arm64 Compiling\ Heap+UnsafeHandle.swift /Users/harishvishwakarma/Library/Developer/Xcode/DerivedData/Revolt-dharrjsambcimaaziudpvzjdcigm/SourcePackages/checkouts/swift-collections/Sources/HeapModule/Heap+UnsafeHandle.swift (in target 'HeapModule' from project 'swift-collections')

SwiftCompile normal arm64 /Users/harishvishwakarma/Library/Developer/Xcode/DerivedData/Revolt-dharrjsambcimaaziudpvzjdcigm/SourcePackages/checkouts/swift-collections/Sources/HeapModule/Heap+UnsafeHandle.swift (in target 'HeapModule' from project 'swift-collections')
    cd /Users/harishvishwakarma/Handy/Archem/pepchat-ios/Revolt.xcodeproj
    

SwiftDriverJobDiscovery normal arm64 Compiling OrderedSet+Hashable.swift, OrderedSet+Initializers.swift, OrderedSet+Insertions.swift, OrderedSet+Invariants.swift, OrderedSet+Partial MutableCollection.swift (in target 'OrderedCollections' from project 'swift-collections')

SwiftCompile normal arm64 Compiling\ Heap+ExpressibleByArrayLiteral.swift /Users/harishvishwakarma/Library/Developer/Xcode/DerivedData/Revolt-dharrjsambcimaaziudpvzjdcigm/SourcePackages/checkouts/swift-collections/Sources/HeapModule/Heap+ExpressibleByArrayLiteral.swift (in target 'HeapModule' from project 'swift-collections')

SwiftCompile normal arm64 /Users/harishvishwakarma/Library/Developer/Xcode/DerivedData/Revolt-dharrjsambcimaaziudpvzjdcigm/SourcePackages/checkouts/swift-collections/Sources/HeapModule/Heap+ExpressibleByArrayLiteral.swift (in target 'HeapModule' from project 'swift-collections')
    cd /Users/harishvishwakarma/Handy/Archem/pepchat-ios/Revolt.xcodeproj
    

SwiftDriverJobDiscovery normal arm64 Compiling Heap+Descriptions.swift (in target 'HeapModule' from project 'swift-collections')

SwiftCompile normal arm64 Compiling\ _HashNode+Structural\ subtracting.swift,\ _HashNode+Structural\ symmetricDifference.swift,\ _HashNode+Structural\ union.swift,\ _HashNode+Subtree\ Insertions.swift,\ _HashNode+Subtree\ Modify.swift,\ _HashNode+Subtree\ Removals.swift,\ _HashNode+UnsafeHandle.swift /Users/harishvishwakarma/Library/Developer/Xcode/DerivedData/Revolt-dharrjsambcimaaziudpvzjdcigm/SourcePackages/checkouts/swift-collections/Sources/HashTreeCollections/HashNode/_HashNode+Structural\ subtracting.swift /Users/harishvishwakarma/Library/Developer/Xcode/DerivedData/Revolt-dharrjsambcimaaziudpvzjdcigm/SourcePackages/checkouts/swift-collections/Sources/HashTreeCollections/HashNode/_HashNode+Structural\ symmetricDifference.swift /Users/harishvishwakarma/Library/Developer/Xcode/DerivedData/Revolt-dharrjsambcimaaziudpvzjdcigm/SourcePackages/checkouts/swift-collections/Sources/HashTreeCollections/HashNode/_HashNode+Structural\ union.swift /Users/harishvishwakarma/Library/Developer/Xcode/DerivedData/Revolt-dharrjsambcimaaziudpvzjdcigm/SourcePackages/checkouts/swift-collections/Sources/HashTreeCollections/HashNode/_HashNode+Subtree\ Insertions.swift /Users/harishvishwakarma/Library/Developer/Xcode/DerivedData/Revolt-dharrjsambcimaaziudpvzjdcigm/SourcePackages/checkouts/swift-collections/Sources/HashTreeCollections/HashNode/_HashNode+Subtree\ Modify.swift /Users/harishvishwakarma/Library/Developer/Xcode/DerivedData/Revolt-dharrjsambcimaaziudpvzjdcigm/SourcePackages/checkouts/swift-collections/Sources/HashTreeCollections/HashNode/_HashNode+Subtree\ Removals.swift /Users/harishvishwakarma/Library/Developer/Xcode/DerivedData/Revolt-dharrjsambcimaaziudpvzjdcigm/SourcePackages/checkouts/swift-collections/Sources/HashTreeCollections/HashNode/_HashNode+UnsafeHandle.swift (in target 'HashTreeCollections' from project 'swift-collections')

SwiftCompile normal arm64 /Users/harishvishwakarma/Library/Developer/Xcode/DerivedData/Revolt-dharrjsambcimaaziudpvzjdcigm/SourcePackages/checkouts/swift-collections/Sources/HashTreeCollections/HashNode/_HashNode+Structural\ subtracting.swift (in target 'HashTreeCollections' from project 'swift-collections')
    cd /Users/harishvishwakarma/Handy/Archem/pepchat-ios/Revolt.xcodeproj
    

SwiftCompile normal arm64 /Users/harishvishwakarma/Library/Developer/Xcode/DerivedData/Revolt-dharrjsambcimaaziudpvzjdcigm/SourcePackages/checkouts/swift-collections/Sources/HashTreeCollections/HashNode/_HashNode+Structural\ symmetricDifference.swift (in target 'HashTreeCollections' from project 'swift-collections')
    cd /Users/harishvishwakarma/Handy/Archem/pepchat-ios/Revolt.xcodeproj
    

SwiftCompile normal arm64 /Users/harishvishwakarma/Library/Developer/Xcode/DerivedData/Revolt-dharrjsambcimaaziudpvzjdcigm/SourcePackages/checkouts/swift-collections/Sources/HashTreeCollections/HashNode/_HashNode+Structural\ union.swift (in target 'HashTreeCollections' from project 'swift-collections')
    cd /Users/harishvishwakarma/Handy/Archem/pepchat-ios/Revolt.xcodeproj
    

SwiftCompile normal arm64 /Users/harishvishwakarma/Library/Developer/Xcode/DerivedData/Revolt-dharrjsambcimaaziudpvzjdcigm/SourcePackages/checkouts/swift-collections/Sources/HashTreeCollections/HashNode/_HashNode+Subtree\ Insertions.swift (in target 'HashTreeCollections' from project 'swift-collections')
    cd /Users/harishvishwakarma/Handy/Archem/pepchat-ios/Revolt.xcodeproj
    

SwiftCompile normal arm64 /Users/harishvishwakarma/Library/Developer/Xcode/DerivedData/Revolt-dharrjsambcimaaziudpvzjdcigm/SourcePackages/checkouts/swift-collections/Sources/HashTreeCollections/HashNode/_HashNode+Subtree\ Modify.swift (in target 'HashTreeCollections' from project 'swift-collections')
    cd /Users/harishvishwakarma/Handy/Archem/pepchat-ios/Revolt.xcodeproj
    

SwiftCompile normal arm64 /Users/harishvishwakarma/Library/Developer/Xcode/DerivedData/Revolt-dharrjsambcimaaziudpvzjdcigm/SourcePackages/checkouts/swift-collections/Sources/HashTreeCollections/HashNode/_HashNode+Subtree\ Removals.swift (in target 'HashTreeCollections' from project 'swift-collections')
    cd /Users/harishvishwakarma/Handy/Archem/pepchat-ios/Revolt.xcodeproj
    

SwiftCompile normal arm64 /Users/harishvishwakarma/Library/Developer/Xcode/DerivedData/Revolt-dharrjsambcimaaziudpvzjdcigm/SourcePackages/checkouts/swift-collections/Sources/HashTreeCollections/HashNode/_HashNode+UnsafeHandle.swift (in target 'HashTreeCollections' from project 'swift-collections')
    cd /Users/harishvishwakarma/Handy/Archem/pepchat-ios/Revolt.xcodeproj
    

SwiftDriverJobDiscovery normal arm64 Compiling Heap+Invariants.swift (in target 'HeapModule' from project 'swift-collections')

SwiftCompile normal arm64 Compiling\ _RawHashNode.swift,\ _UnmanagedHashNode.swift,\ _UnsafePath.swift,\ TreeDictionary+Codable.swift,\ TreeDictionary+Collection.swift,\ TreeDictionary+CustomReflectable.swift,\ TreeDictionary+Debugging.swift /Users/harishvishwakarma/Library/Developer/Xcode/DerivedData/Revolt-dharrjsambcimaaziudpvzjdcigm/SourcePackages/checkouts/swift-collections/Sources/HashTreeCollections/HashNode/_RawHashNode.swift /Users/harishvishwakarma/Library/Developer/Xcode/DerivedData/Revolt-dharrjsambcimaaziudpvzjdcigm/SourcePackages/checkouts/swift-collections/Sources/HashTreeCollections/HashNode/_UnmanagedHashNode.swift /Users/harishvishwakarma/Library/Developer/Xcode/DerivedData/Revolt-dharrjsambcimaaziudpvzjdcigm/SourcePackages/checkouts/swift-collections/Sources/HashTreeCollections/HashNode/_UnsafePath.swift /Users/harishvishwakarma/Library/Developer/Xcode/DerivedData/Revolt-dharrjsambcimaaziudpvzjdcigm/SourcePackages/checkouts/swift-collections/Sources/HashTreeCollections/TreeDictionary/TreeDictionary+Codable.swift /Users/harishvishwakarma/Library/Developer/Xcode/DerivedData/Revolt-dharrjsambcimaaziudpvzjdcigm/SourcePackages/checkouts/swift-collections/Sources/HashTreeCollections/TreeDictionary/TreeDictionary+Collection.swift /Users/harishvishwakarma/Library/Developer/Xcode/DerivedData/Revolt-dharrjsambcimaaziudpvzjdcigm/SourcePackages/checkouts/swift-collections/Sources/HashTreeCollections/TreeDictionary/TreeDictionary+CustomReflectable.swift /Users/harishvishwakarma/Library/Developer/Xcode/DerivedData/Revolt-dharrjsambcimaaziudpvzjdcigm/SourcePackages/checkouts/swift-collections/Sources/HashTreeCollections/TreeDictionary/TreeDictionary+Debugging.swift (in target 'HashTreeCollections' from project 'swift-collections')

SwiftCompile normal arm64 /Users/harishvishwakarma/Library/Developer/Xcode/DerivedData/Revolt-dharrjsambcimaaziudpvzjdcigm/SourcePackages/checkouts/swift-collections/Sources/HashTreeCollections/HashNode/_RawHashNode.swift (in target 'HashTreeCollections' from project 'swift-collections')
    cd /Users/harishvishwakarma/Handy/Archem/pepchat-ios/Revolt.xcodeproj
    

SwiftCompile normal arm64 /Users/harishvishwakarma/Library/Developer/Xcode/DerivedData/Revolt-dharrjsambcimaaziudpvzjdcigm/SourcePackages/checkouts/swift-collections/Sources/HashTreeCollections/HashNode/_UnmanagedHashNode.swift (in target 'HashTreeCollections' from project 'swift-collections')
    cd /Users/harishvishwakarma/Handy/Archem/pepchat-ios/Revolt.xcodeproj
    

SwiftCompile normal arm64 /Users/harishvishwakarma/Library/Developer/Xcode/DerivedData/Revolt-dharrjsambcimaaziudpvzjdcigm/SourcePackages/checkouts/swift-collections/Sources/HashTreeCollections/HashNode/_UnsafePath.swift (in target 'HashTreeCollections' from project 'swift-collections')
    cd /Users/harishvishwakarma/Handy/Archem/pepchat-ios/Revolt.xcodeproj
    

SwiftCompile normal arm64 /Users/harishvishwakarma/Library/Developer/Xcode/DerivedData/Revolt-dharrjsambcimaaziudpvzjdcigm/SourcePackages/checkouts/swift-collections/Sources/HashTreeCollections/TreeDictionary/TreeDictionary+Codable.swift (in target 'HashTreeCollections' from project 'swift-collections')
    cd /Users/harishvishwakarma/Handy/Archem/pepchat-ios/Revolt.xcodeproj
    

SwiftCompile normal arm64 /Users/harishvishwakarma/Library/Developer/Xcode/DerivedData/Revolt-dharrjsambcimaaziudpvzjdcigm/SourcePackages/checkouts/swift-collections/Sources/HashTreeCollections/TreeDictionary/TreeDictionary+Collection.swift (in target 'HashTreeCollections' from project 'swift-collections')
    cd /Users/harishvishwakarma/Handy/Archem/pepchat-ios/Revolt.xcodeproj
    

SwiftCompile normal arm64 /Users/harishvishwakarma/Library/Developer/Xcode/DerivedData/Revolt-dharrjsambcimaaziudpvzjdcigm/SourcePackages/checkouts/swift-collections/Sources/HashTreeCollections/TreeDictionary/TreeDictionary+CustomReflectable.swift (in target 'HashTreeCollections' from project 'swift-collections')
    cd /Users/harishvishwakarma/Handy/Archem/pepchat-ios/Revolt.xcodeproj
    

SwiftCompile normal arm64 /Users/harishvishwakarma/Library/Developer/Xcode/DerivedData/Revolt-dharrjsambcimaaziudpvzjdcigm/SourcePackages/checkouts/swift-collections/Sources/HashTreeCollections/TreeDictionary/TreeDictionary+Debugging.swift (in target 'HashTreeCollections' from project 'swift-collections')
    cd /Users/harishvishwakarma/Handy/Archem/pepchat-ios/Revolt.xcodeproj
    

SwiftDriverJobDiscovery normal arm64 Compiling _HeapNode.swift (in target 'HeapModule' from project 'swift-collections')

SwiftCompile normal arm64 Compiling\ _HashNode+Structural\ filter.swift,\ _HashNode+Structural\ intersection.swift,\ _HashNode+Structural\ isDisjoint.swift,\ _HashNode+Structural\ isEqualSet.swift,\ _HashNode+Structural\ isSubset.swift,\ _HashNode+Structural\ mapValues.swift,\ _HashNode+Structural\ merge.swift /Users/harishvishwakarma/Library/Developer/Xcode/DerivedData/Revolt-dharrjsambcimaaziudpvzjdcigm/SourcePackages/checkouts/swift-collections/Sources/HashTreeCollections/HashNode/_HashNode+Structural\ filter.swift /Users/harishvishwakarma/Library/Developer/Xcode/DerivedData/Revolt-dharrjsambcimaaziudpvzjdcigm/SourcePackages/checkouts/swift-collections/Sources/HashTreeCollections/HashNode/_HashNode+Structural\ intersection.swift /Users/harishvishwakarma/Library/Developer/Xcode/DerivedData/Revolt-dharrjsambcimaaziudpvzjdcigm/SourcePackages/checkouts/swift-collections/Sources/HashTreeCollections/HashNode/_HashNode+Structural\ isDisjoint.swift /Users/harishvishwakarma/Library/Developer/Xcode/DerivedData/Revolt-dharrjsambcimaaziudpvzjdcigm/SourcePackages/checkouts/swift-collections/Sources/HashTreeCollections/HashNode/_HashNode+Structural\ isEqualSet.swift /Users/harishvishwakarma/Library/Developer/Xcode/DerivedData/Revolt-dharrjsambcimaaziudpvzjdcigm/SourcePackages/checkouts/swift-collections/Sources/HashTreeCollections/HashNode/_HashNode+Structural\ isSubset.swift /Users/harishvishwakarma/Library/Developer/Xcode/DerivedData/Revolt-dharrjsambcimaaziudpvzjdcigm/SourcePackages/checkouts/swift-collections/Sources/HashTreeCollections/HashNode/_HashNode+Structural\ mapValues.swift /Users/harishvishwakarma/Library/Developer/Xcode/DerivedData/Revolt-dharrjsambcimaaziudpvzjdcigm/SourcePackages/checkouts/swift-collections/Sources/HashTreeCollections/HashNode/_HashNode+Structural\ merge.swift (in target 'HashTreeCollections' from project 'swift-collections')

SwiftCompile normal arm64 /Users/harishvishwakarma/Library/Developer/Xcode/DerivedData/Revolt-dharrjsambcimaaziudpvzjdcigm/SourcePackages/checkouts/swift-collections/Sources/HashTreeCollections/HashNode/_HashNode+Structural\ filter.swift (in target 'HashTreeCollections' from project 'swift-collections')
    cd /Users/harishvishwakarma/Handy/Archem/pepchat-ios/Revolt.xcodeproj
    

SwiftCompile normal arm64 /Users/harishvishwakarma/Library/Developer/Xcode/DerivedData/Revolt-dharrjsambcimaaziudpvzjdcigm/SourcePackages/checkouts/swift-collections/Sources/HashTreeCollections/HashNode/_HashNode+Structural\ intersection.swift (in target 'HashTreeCollections' from project 'swift-collections')
    cd /Users/harishvishwakarma/Handy/Archem/pepchat-ios/Revolt.xcodeproj
    

SwiftCompile normal arm64 /Users/harishvishwakarma/Library/Developer/Xcode/DerivedData/Revolt-dharrjsambcimaaziudpvzjdcigm/SourcePackages/checkouts/swift-collections/Sources/HashTreeCollections/HashNode/_HashNode+Structural\ isDisjoint.swift (in target 'HashTreeCollections' from project 'swift-collections')
    cd /Users/harishvishwakarma/Handy/Archem/pepchat-ios/Revolt.xcodeproj
    

SwiftCompile normal arm64 /Users/harishvishwakarma/Library/Developer/Xcode/DerivedData/Revolt-dharrjsambcimaaziudpvzjdcigm/SourcePackages/checkouts/swift-collections/Sources/HashTreeCollections/HashNode/_HashNode+Structural\ isEqualSet.swift (in target 'HashTreeCollections' from project 'swift-collections')
    cd /Users/harishvishwakarma/Handy/Archem/pepchat-ios/Revolt.xcodeproj
    

SwiftCompile normal arm64 /Users/harishvishwakarma/Library/Developer/Xcode/DerivedData/Revolt-dharrjsambcimaaziudpvzjdcigm/SourcePackages/checkouts/swift-collections/Sources/HashTreeCollections/HashNode/_HashNode+Structural\ isSubset.swift (in target 'HashTreeCollections' from project 'swift-collections')
    cd /Users/harishvishwakarma/Handy/Archem/pepchat-ios/Revolt.xcodeproj
    

SwiftCompile normal arm64 /Users/harishvishwakarma/Library/Developer/Xcode/DerivedData/Revolt-dharrjsambcimaaziudpvzjdcigm/SourcePackages/checkouts/swift-collections/Sources/HashTreeCollections/HashNode/_HashNode+Structural\ mapValues.swift (in target 'HashTreeCollections' from project 'swift-collections')
    cd /Users/harishvishwakarma/Handy/Archem/pepchat-ios/Revolt.xcodeproj
    

SwiftCompile normal arm64 /Users/harishvishwakarma/Library/Developer/Xcode/DerivedData/Revolt-dharrjsambcimaaziudpvzjdcigm/SourcePackages/checkouts/swift-collections/Sources/HashTreeCollections/HashNode/_HashNode+Structural\ merge.swift (in target 'HashTreeCollections' from project 'swift-collections')
    cd /Users/harishvishwakarma/Handy/Archem/pepchat-ios/Revolt.xcodeproj
    

SwiftDriverJobDiscovery normal arm64 Compiling OrderedSet+Testing.swift, OrderedSet+UnorderedView.swift, OrderedSet+UnstableInternals.swift, OrderedSet.swift, _UnsafeBitset.swift (in target 'OrderedCollections' from project 'swift-collections')

SwiftDriverJobDiscovery normal arm64 Compiling Heap+ExpressibleByArrayLiteral.swift (in target 'HeapModule' from project 'swift-collections')

SwiftDriver\ Compilation OrderedCollections normal arm64 com.apple.xcode.tools.swift.compiler (in target 'OrderedCollections' from project 'swift-collections')
    cd /Users/harishvishwakarma/Handy/Archem/pepchat-ios/Revolt.xcodeproj
    builtin-Swift-Compilation -- /Applications/Xcode.app/Contents/Developer/Toolchains/XcodeDefault.xctoolchain/usr/bin/swiftc -module-name OrderedCollections -Onone -enforce-exclusivity\=checked @/Users/harishvishwakarma/Library/Developer/Xcode/DerivedData/Revolt-dharrjsambcimaaziudpvzjdcigm/Build/Intermediates.noindex/swift-collections.build/Debug-iphoneos/OrderedCollections.build/Objects-normal/arm64/OrderedCollections.SwiftFileList -DSWIFT_PACKAGE -DDEBUG -DCOLLECTIONS_RANDOMIZED_TESTING -DXcode -plugin-path /Applications/Xcode.app/Contents/Developer/Toolchains/XcodeDefault.xctoolchain/usr/lib/swift/host/plugins/testing -enable-experimental-feature DebugDescriptionMacro -sdk /Applications/Xcode.app/Contents/Developer/Platforms/iPhoneOS.platform/Developer/SDKs/iPhoneOS18.5.sdk -target arm64-apple-ios12.0 -g -module-cache-path /Users/harishvishwakarma/Library/Developer/Xcode/DerivedData/ModuleCache.noindex -Xfrontend -serialize-debugging-options -enable-testing -suppress-warnings -index-store-path /Users/harishvishwakarma/Library/Developer/Xcode/DerivedData/Revolt-dharrjsambcimaaziudpvzjdcigm/Index.noindex/DataStore -swift-version 5 -I /Users/harishvishwakarma/Library/Developer/Xcode/DerivedData/Revolt-dharrjsambcimaaziudpvzjdcigm/Build/Products/Debug-iphoneos -I /Applications/Xcode.app/Contents/Developer/Platforms/iPhoneOS.platform/Developer/usr/lib -F /Users/harishvishwakarma/Library/Developer/Xcode/DerivedData/Revolt-dharrjsambcimaaziudpvzjdcigm/Build/Products/Debug-iphoneos/PackageFrameworks -F /Users/harishvishwakarma/Library/Developer/Xcode/DerivedData/Revolt-dharrjsambcimaaziudpvzjdcigm/Build/Products/Debug-iphoneos -F /Applications/Xcode.app/Contents/Developer/Platforms/iPhoneOS.platform/Developer/Library/Frameworks -F /Applications/Xcode.app/Contents/Developer/Platforms/iPhoneOS.platform/Developer/SDKs/iPhoneOS18.5.sdk/Developer/Library/Frameworks -c -j12 -enable-batch-mode -incremental -Xcc -ivfsstatcache -Xcc /Users/harishvishwakarma/Library/Developer/Xcode/DerivedData/SDKStatCaches.noindex/iphoneos18.5-22F76-7fa4eea80a99bbfdc046826b63ec4baf.sdkstatcache -output-file-map /Users/harishvishwakarma/Library/Developer/Xcode/DerivedData/Revolt-dharrjsambcimaaziudpvzjdcigm/Build/Intermediates.noindex/swift-collections.build/Debug-iphoneos/OrderedCollections.build/Objects-normal/arm64/OrderedCollections-OutputFileMap.json -use-frontend-parseable-output -save-temps -no-color-diagnostics -serialize-diagnostics -emit-dependencies -emit-module -emit-module-path /Users/harishvishwakarma/Library/Developer/Xcode/DerivedData/Revolt-dharrjsambcimaaziudpvzjdcigm/Build/Intermediates.noindex/swift-collections.build/Debug-iphoneos/OrderedCollections.build/Objects-normal/arm64/OrderedCollections.swiftmodule -validate-clang-modules-once -clang-build-session-file /Users/harishvishwakarma/Library/Developer/Xcode/DerivedData/ModuleCache.noindex/Session.modulevalidation -Xcc -I/Users/harishvishwakarma/Library/Developer/Xcode/DerivedData/Revolt-dharrjsambcimaaziudpvzjdcigm/Build/Intermediates.noindex/swift-collections.build/Debug-iphoneos/OrderedCollections.build/swift-overrides.hmap -emit-const-values -Xfrontend -const-gather-protocols-file -Xfrontend /Users/harishvishwakarma/Library/Developer/Xcode/DerivedData/Revolt-dharrjsambcimaaziudpvzjdcigm/Build/Intermediates.noindex/swift-collections.build/Debug-iphoneos/OrderedCollections.build/Objects-normal/arm64/OrderedCollections_const_extract_protocols.json -Xcc -I/Users/harishvishwakarma/Library/Developer/Xcode/DerivedData/Revolt-dharrjsambcimaaziudpvzjdcigm/Build/Products/Debug-iphoneos/include -Xcc -I/Users/harishvishwakarma/Library/Developer/Xcode/DerivedData/Revolt-dharrjsambcimaaziudpvzjdcigm/Build/Intermediates.noindex/swift-collections.build/Debug-iphoneos/OrderedCollections.build/DerivedSources-normal/arm64 -Xcc -I/Users/harishvishwakarma/Library/Developer/Xcode/DerivedData/Revolt-dharrjsambcimaaziudpvzjdcigm/Build/Intermediates.noindex/swift-collections.build/Debug-iphoneos/OrderedCollections.build/DerivedSources/arm64 -Xcc -I/Users/harishvishwakarma/Library/Developer/Xcode/DerivedData/Revolt-dharrjsambcimaaziudpvzjdcigm/Build/Intermediates.noindex/swift-collections.build/Debug-iphoneos/OrderedCollections.build/DerivedSources -Xcc -DSWIFT_PACKAGE -Xcc -DDEBUG\=1 -emit-objc-header -emit-objc-header-path /Users/harishvishwakarma/Library/Developer/Xcode/DerivedData/Revolt-dharrjsambcimaaziudpvzjdcigm/Build/Intermediates.noindex/swift-collections.build/Debug-iphoneos/OrderedCollections.build/Objects-normal/arm64/OrderedCollections-Swift.h -working-directory /Users/harishvishwakarma/Handy/Archem/pepchat-ios/Revolt.xcodeproj -experimental-emit-module-separately -disable-cmo

SwiftCompile normal arm64 Compiling\ TreeDictionary+Descriptions.swift,\ TreeDictionary+Equatable.swift,\ TreeDictionary+ExpressibleByDictionaryLiteral.swift,\ TreeDictionary+Filter.swift,\ TreeDictionary+Hashable.swift,\ TreeDictionary+Initializers.swift,\ TreeDictionary+Keys.swift /Users/harishvishwakarma/Library/Developer/Xcode/DerivedData/Revolt-dharrjsambcimaaziudpvzjdcigm/SourcePackages/checkouts/swift-collections/Sources/HashTreeCollections/TreeDictionary/TreeDictionary+Descriptions.swift /Users/harishvishwakarma/Library/Developer/Xcode/DerivedData/Revolt-dharrjsambcimaaziudpvzjdcigm/SourcePackages/checkouts/swift-collections/Sources/HashTreeCollections/TreeDictionary/TreeDictionary+Equatable.swift /Users/harishvishwakarma/Library/Developer/Xcode/DerivedData/Revolt-dharrjsambcimaaziudpvzjdcigm/SourcePackages/checkouts/swift-collections/Sources/HashTreeCollections/TreeDictionary/TreeDictionary+ExpressibleByDictionaryLiteral.swift /Users/harishvishwakarma/Library/Developer/Xcode/DerivedData/Revolt-dharrjsambcimaaziudpvzjdcigm/SourcePackages/checkouts/swift-collections/Sources/HashTreeCollections/TreeDictionary/TreeDictionary+Filter.swift /Users/harishvishwakarma/Library/Developer/Xcode/DerivedData/Revolt-dharrjsambcimaaziudpvzjdcigm/SourcePackages/checkouts/swift-collections/Sources/HashTreeCollections/TreeDictionary/TreeDictionary+Hashable.swift /Users/harishvishwakarma/Library/Developer/Xcode/DerivedData/Revolt-dharrjsambcimaaziudpvzjdcigm/SourcePackages/checkouts/swift-collections/Sources/HashTreeCollections/TreeDictionary/TreeDictionary+Initializers.swift /Users/harishvishwakarma/Library/Developer/Xcode/DerivedData/Revolt-dharrjsambcimaaziudpvzjdcigm/SourcePackages/checkouts/swift-collections/Sources/HashTreeCollections/TreeDictionary/TreeDictionary+Keys.swift (in target 'HashTreeCollections' from project 'swift-collections')

SwiftCompile normal arm64 /Users/harishvishwakarma/Library/Developer/Xcode/DerivedData/Revolt-dharrjsambcimaaziudpvzjdcigm/SourcePackages/checkouts/swift-collections/Sources/HashTreeCollections/TreeDictionary/TreeDictionary+Descriptions.swift (in target 'HashTreeCollections' from project 'swift-collections')
    cd /Users/harishvishwakarma/Handy/Archem/pepchat-ios/Revolt.xcodeproj
    

SwiftCompile normal arm64 /Users/harishvishwakarma/Library/Developer/Xcode/DerivedData/Revolt-dharrjsambcimaaziudpvzjdcigm/SourcePackages/checkouts/swift-collections/Sources/HashTreeCollections/TreeDictionary/TreeDictionary+Equatable.swift (in target 'HashTreeCollections' from project 'swift-collections')
    cd /Users/harishvishwakarma/Handy/Archem/pepchat-ios/Revolt.xcodeproj
    

SwiftCompile normal arm64 /Users/harishvishwakarma/Library/Developer/Xcode/DerivedData/Revolt-dharrjsambcimaaziudpvzjdcigm/SourcePackages/checkouts/swift-collections/Sources/HashTreeCollections/TreeDictionary/TreeDictionary+ExpressibleByDictionaryLiteral.swift (in target 'HashTreeCollections' from project 'swift-collections')
    cd /Users/harishvishwakarma/Handy/Archem/pepchat-ios/Revolt.xcodeproj
    

SwiftCompile normal arm64 /Users/harishvishwakarma/Library/Developer/Xcode/DerivedData/Revolt-dharrjsambcimaaziudpvzjdcigm/SourcePackages/checkouts/swift-collections/Sources/HashTreeCollections/TreeDictionary/TreeDictionary+Filter.swift (in target 'HashTreeCollections' from project 'swift-collections')
    cd /Users/harishvishwakarma/Handy/Archem/pepchat-ios/Revolt.xcodeproj
    

SwiftCompile normal arm64 /Users/harishvishwakarma/Library/Developer/Xcode/DerivedData/Revolt-dharrjsambcimaaziudpvzjdcigm/SourcePackages/checkouts/swift-collections/Sources/HashTreeCollections/TreeDictionary/TreeDictionary+Hashable.swift (in target 'HashTreeCollections' from project 'swift-collections')
    cd /Users/harishvishwakarma/Handy/Archem/pepchat-ios/Revolt.xcodeproj
    

SwiftCompile normal arm64 /Users/harishvishwakarma/Library/Developer/Xcode/DerivedData/Revolt-dharrjsambcimaaziudpvzjdcigm/SourcePackages/checkouts/swift-collections/Sources/HashTreeCollections/TreeDictionary/TreeDictionary+Initializers.swift (in target 'HashTreeCollections' from project 'swift-collections')
    cd /Users/harishvishwakarma/Handy/Archem/pepchat-ios/Revolt.xcodeproj
    

SwiftCompile normal arm64 /Users/harishvishwakarma/Library/Developer/Xcode/DerivedData/Revolt-dharrjsambcimaaziudpvzjdcigm/SourcePackages/checkouts/swift-collections/Sources/HashTreeCollections/TreeDictionary/TreeDictionary+Keys.swift (in target 'HashTreeCollections' from project 'swift-collections')
    cd /Users/harishvishwakarma/Handy/Archem/pepchat-ios/Revolt.xcodeproj
    

SwiftCompile normal arm64 Compiling\ TreeDictionary+MapValues.swift,\ TreeDictionary+Merge.swift,\ TreeDictionary+Sendable.swift,\ TreeDictionary+Sequence.swift,\ TreeDictionary+Values.swift,\ TreeDictionary.swift,\ TreeSet+Codable.swift /Users/harishvishwakarma/Library/Developer/Xcode/DerivedData/Revolt-dharrjsambcimaaziudpvzjdcigm/SourcePackages/checkouts/swift-collections/Sources/HashTreeCollections/TreeDictionary/TreeDictionary+MapValues.swift /Users/harishvishwakarma/Library/Developer/Xcode/DerivedData/Revolt-dharrjsambcimaaziudpvzjdcigm/SourcePackages/checkouts/swift-collections/Sources/HashTreeCollections/TreeDictionary/TreeDictionary+Merge.swift /Users/harishvishwakarma/Library/Developer/Xcode/DerivedData/Revolt-dharrjsambcimaaziudpvzjdcigm/SourcePackages/checkouts/swift-collections/Sources/HashTreeCollections/TreeDictionary/TreeDictionary+Sendable.swift /Users/harishvishwakarma/Library/Developer/Xcode/DerivedData/Revolt-dharrjsambcimaaziudpvzjdcigm/SourcePackages/checkouts/swift-collections/Sources/HashTreeCollections/TreeDictionary/TreeDictionary+Sequence.swift /Users/harishvishwakarma/Library/Developer/Xcode/DerivedData/Revolt-dharrjsambcimaaziudpvzjdcigm/SourcePackages/checkouts/swift-collections/Sources/HashTreeCollections/TreeDictionary/TreeDictionary+Values.swift /Users/harishvishwakarma/Library/Developer/Xcode/DerivedData/Revolt-dharrjsambcimaaziudpvzjdcigm/SourcePackages/checkouts/swift-collections/Sources/HashTreeCollections/TreeDictionary/TreeDictionary.swift /Users/harishvishwakarma/Library/Developer/Xcode/DerivedData/Revolt-dharrjsambcimaaziudpvzjdcigm/SourcePackages/checkouts/swift-collections/Sources/HashTreeCollections/TreeSet/TreeSet+Codable.swift (in target 'HashTreeCollections' from project 'swift-collections')

SwiftCompile normal arm64 /Users/harishvishwakarma/Library/Developer/Xcode/DerivedData/Revolt-dharrjsambcimaaziudpvzjdcigm/SourcePackages/checkouts/swift-collections/Sources/HashTreeCollections/TreeDictionary/TreeDictionary+MapValues.swift (in target 'HashTreeCollections' from project 'swift-collections')
    cd /Users/harishvishwakarma/Handy/Archem/pepchat-ios/Revolt.xcodeproj
    

SwiftCompile normal arm64 /Users/harishvishwakarma/Library/Developer/Xcode/DerivedData/Revolt-dharrjsambcimaaziudpvzjdcigm/SourcePackages/checkouts/swift-collections/Sources/HashTreeCollections/TreeDictionary/TreeDictionary+Merge.swift (in target 'HashTreeCollections' from project 'swift-collections')
    cd /Users/harishvishwakarma/Handy/Archem/pepchat-ios/Revolt.xcodeproj
    

SwiftCompile normal arm64 /Users/harishvishwakarma/Library/Developer/Xcode/DerivedData/Revolt-dharrjsambcimaaziudpvzjdcigm/SourcePackages/checkouts/swift-collections/Sources/HashTreeCollections/TreeDictionary/TreeDictionary+Sendable.swift (in target 'HashTreeCollections' from project 'swift-collections')
    cd /Users/harishvishwakarma/Handy/Archem/pepchat-ios/Revolt.xcodeproj
    

SwiftCompile normal arm64 /Users/harishvishwakarma/Library/Developer/Xcode/DerivedData/Revolt-dharrjsambcimaaziudpvzjdcigm/SourcePackages/checkouts/swift-collections/Sources/HashTreeCollections/TreeDictionary/TreeDictionary+Sequence.swift (in target 'HashTreeCollections' from project 'swift-collections')
    cd /Users/harishvishwakarma/Handy/Archem/pepchat-ios/Revolt.xcodeproj
    

SwiftCompile normal arm64 /Users/harishvishwakarma/Library/Developer/Xcode/DerivedData/Revolt-dharrjsambcimaaziudpvzjdcigm/SourcePackages/checkouts/swift-collections/Sources/HashTreeCollections/TreeDictionary/TreeDictionary+Values.swift (in target 'HashTreeCollections' from project 'swift-collections')
    cd /Users/harishvishwakarma/Handy/Archem/pepchat-ios/Revolt.xcodeproj
    

SwiftCompile normal arm64 /Users/harishvishwakarma/Library/Developer/Xcode/DerivedData/Revolt-dharrjsambcimaaziudpvzjdcigm/SourcePackages/checkouts/swift-collections/Sources/HashTreeCollections/TreeDictionary/TreeDictionary.swift (in target 'HashTreeCollections' from project 'swift-collections')
    cd /Users/harishvishwakarma/Handy/Archem/pepchat-ios/Revolt.xcodeproj
    

SwiftCompile normal arm64 /Users/harishvishwakarma/Library/Developer/Xcode/DerivedData/Revolt-dharrjsambcimaaziudpvzjdcigm/SourcePackages/checkouts/swift-collections/Sources/HashTreeCollections/TreeSet/TreeSet+Codable.swift (in target 'HashTreeCollections' from project 'swift-collections')
    cd /Users/harishvishwakarma/Handy/Archem/pepchat-ios/Revolt.xcodeproj
    

SwiftDriverJobDiscovery normal arm64 Compiling Heap.swift (in target 'HeapModule' from project 'swift-collections')

SwiftCompile normal arm64 Compiling\ _HashNode.swift,\ _HashNodeHeader.swift,\ _HashSlot.swift,\ _HashStack.swift,\ _HashTreeIterator.swift,\ _HashTreeStatistics.swift,\ _RawHashNode+UnsafeHandle.swift /Users/harishvishwakarma/Library/Developer/Xcode/DerivedData/Revolt-dharrjsambcimaaziudpvzjdcigm/SourcePackages/checkouts/swift-collections/Sources/HashTreeCollections/HashNode/_HashNode.swift /Users/harishvishwakarma/Library/Developer/Xcode/DerivedData/Revolt-dharrjsambcimaaziudpvzjdcigm/SourcePackages/checkouts/swift-collections/Sources/HashTreeCollections/HashNode/_HashNodeHeader.swift /Users/harishvishwakarma/Library/Developer/Xcode/DerivedData/Revolt-dharrjsambcimaaziudpvzjdcigm/SourcePackages/checkouts/swift-collections/Sources/HashTreeCollections/HashNode/_HashSlot.swift /Users/harishvishwakarma/Library/Developer/Xcode/DerivedData/Revolt-dharrjsambcimaaziudpvzjdcigm/SourcePackages/checkouts/swift-collections/Sources/HashTreeCollections/HashNode/_HashStack.swift /Users/harishvishwakarma/Library/Developer/Xcode/DerivedData/Revolt-dharrjsambcimaaziudpvzjdcigm/SourcePackages/checkouts/swift-collections/Sources/HashTreeCollections/HashNode/_HashTreeIterator.swift /Users/harishvishwakarma/Library/Developer/Xcode/DerivedData/Revolt-dharrjsambcimaaziudpvzjdcigm/SourcePackages/checkouts/swift-collections/Sources/HashTreeCollections/HashNode/_HashTreeStatistics.swift /Users/harishvishwakarma/Library/Developer/Xcode/DerivedData/Revolt-dharrjsambcimaaziudpvzjdcigm/SourcePackages/checkouts/swift-collections/Sources/HashTreeCollections/HashNode/_RawHashNode+UnsafeHandle.swift (in target 'HashTreeCollections' from project 'swift-collections')

SwiftCompile normal arm64 /Users/harishvishwakarma/Library/Developer/Xcode/DerivedData/Revolt-dharrjsambcimaaziudpvzjdcigm/SourcePackages/checkouts/swift-collections/Sources/HashTreeCollections/HashNode/_HashNode.swift (in target 'HashTreeCollections' from project 'swift-collections')
    cd /Users/harishvishwakarma/Handy/Archem/pepchat-ios/Revolt.xcodeproj
    

SwiftCompile normal arm64 /Users/harishvishwakarma/Library/Developer/Xcode/DerivedData/Revolt-dharrjsambcimaaziudpvzjdcigm/SourcePackages/checkouts/swift-collections/Sources/HashTreeCollections/HashNode/_HashNodeHeader.swift (in target 'HashTreeCollections' from project 'swift-collections')
    cd /Users/harishvishwakarma/Handy/Archem/pepchat-ios/Revolt.xcodeproj
    

SwiftCompile normal arm64 /Users/harishvishwakarma/Library/Developer/Xcode/DerivedData/Revolt-dharrjsambcimaaziudpvzjdcigm/SourcePackages/checkouts/swift-collections/Sources/HashTreeCollections/HashNode/_HashSlot.swift (in target 'HashTreeCollections' from project 'swift-collections')
    cd /Users/harishvishwakarma/Handy/Archem/pepchat-ios/Revolt.xcodeproj
    

SwiftCompile normal arm64 /Users/harishvishwakarma/Library/Developer/Xcode/DerivedData/Revolt-dharrjsambcimaaziudpvzjdcigm/SourcePackages/checkouts/swift-collections/Sources/HashTreeCollections/HashNode/_HashStack.swift (in target 'HashTreeCollections' from project 'swift-collections')
    cd /Users/harishvishwakarma/Handy/Archem/pepchat-ios/Revolt.xcodeproj
    

SwiftCompile normal arm64 /Users/harishvishwakarma/Library/Developer/Xcode/DerivedData/Revolt-dharrjsambcimaaziudpvzjdcigm/SourcePackages/checkouts/swift-collections/Sources/HashTreeCollections/HashNode/_HashTreeIterator.swift (in target 'HashTreeCollections' from project 'swift-collections')
    cd /Users/harishvishwakarma/Handy/Archem/pepchat-ios/Revolt.xcodeproj
    

SwiftCompile normal arm64 /Users/harishvishwakarma/Library/Developer/Xcode/DerivedData/Revolt-dharrjsambcimaaziudpvzjdcigm/SourcePackages/checkouts/swift-collections/Sources/HashTreeCollections/HashNode/_HashTreeStatistics.swift (in target 'HashTreeCollections' from project 'swift-collections')
    cd /Users/harishvishwakarma/Handy/Archem/pepchat-ios/Revolt.xcodeproj
    

SwiftCompile normal arm64 /Users/harishvishwakarma/Library/Developer/Xcode/DerivedData/Revolt-dharrjsambcimaaziudpvzjdcigm/SourcePackages/checkouts/swift-collections/Sources/HashTreeCollections/HashNode/_RawHashNode+UnsafeHandle.swift (in target 'HashTreeCollections' from project 'swift-collections')
    cd /Users/harishvishwakarma/Handy/Archem/pepchat-ios/Revolt.xcodeproj
    

SwiftDriverJobDiscovery normal arm64 Compiling Heap+UnsafeHandle.swift (in target 'HeapModule' from project 'swift-collections')

SwiftDriver\ Compilation HeapModule normal arm64 com.apple.xcode.tools.swift.compiler (in target 'HeapModule' from project 'swift-collections')
    cd /Users/harishvishwakarma/Handy/Archem/pepchat-ios/Revolt.xcodeproj
    builtin-Swift-Compilation -- /Applications/Xcode.app/Contents/Developer/Toolchains/XcodeDefault.xctoolchain/usr/bin/swiftc -module-name HeapModule -Onone -enforce-exclusivity\=checked @/Users/harishvishwakarma/Library/Developer/Xcode/DerivedData/Revolt-dharrjsambcimaaziudpvzjdcigm/Build/Intermediates.noindex/swift-collections.build/Debug-iphoneos/HeapModule.build/Objects-normal/arm64/HeapModule.SwiftFileList -DSWIFT_PACKAGE -DDEBUG -DCOLLECTIONS_RANDOMIZED_TESTING -DXcode -plugin-path /Applications/Xcode.app/Contents/Developer/Toolchains/XcodeDefault.xctoolchain/usr/lib/swift/host/plugins/testing -enable-experimental-feature DebugDescriptionMacro -sdk /Applications/Xcode.app/Contents/Developer/Platforms/iPhoneOS.platform/Developer/SDKs/iPhoneOS18.5.sdk -target arm64-apple-ios12.0 -g -module-cache-path /Users/harishvishwakarma/Library/Developer/Xcode/DerivedData/ModuleCache.noindex -Xfrontend -serialize-debugging-options -enable-testing -suppress-warnings -index-store-path /Users/harishvishwakarma/Library/Developer/Xcode/DerivedData/Revolt-dharrjsambcimaaziudpvzjdcigm/Index.noindex/DataStore -swift-version 5 -I /Users/harishvishwakarma/Library/Developer/Xcode/DerivedData/Revolt-dharrjsambcimaaziudpvzjdcigm/Build/Products/Debug-iphoneos -I /Applications/Xcode.app/Contents/Developer/Platforms/iPhoneOS.platform/Developer/usr/lib -F /Users/harishvishwakarma/Library/Developer/Xcode/DerivedData/Revolt-dharrjsambcimaaziudpvzjdcigm/Build/Products/Debug-iphoneos/PackageFrameworks -F /Users/harishvishwakarma/Library/Developer/Xcode/DerivedData/Revolt-dharrjsambcimaaziudpvzjdcigm/Build/Products/Debug-iphoneos -F /Applications/Xcode.app/Contents/Developer/Platforms/iPhoneOS.platform/Developer/Library/Frameworks -F /Applications/Xcode.app/Contents/Developer/Platforms/iPhoneOS.platform/Developer/SDKs/iPhoneOS18.5.sdk/Developer/Library/Frameworks -c -j12 -enable-batch-mode -incremental -Xcc -ivfsstatcache -Xcc /Users/harishvishwakarma/Library/Developer/Xcode/DerivedData/SDKStatCaches.noindex/iphoneos18.5-22F76-7fa4eea80a99bbfdc046826b63ec4baf.sdkstatcache -output-file-map /Users/harishvishwakarma/Library/Developer/Xcode/DerivedData/Revolt-dharrjsambcimaaziudpvzjdcigm/Build/Intermediates.noindex/swift-collections.build/Debug-iphoneos/HeapModule.build/Objects-normal/arm64/HeapModule-OutputFileMap.json -use-frontend-parseable-output -save-temps -no-color-diagnostics -serialize-diagnostics -emit-dependencies -emit-module -emit-module-path /Users/harishvishwakarma/Library/Developer/Xcode/DerivedData/Revolt-dharrjsambcimaaziudpvzjdcigm/Build/Intermediates.noindex/swift-collections.build/Debug-iphoneos/HeapModule.build/Objects-normal/arm64/HeapModule.swiftmodule -validate-clang-modules-once -clang-build-session-file /Users/harishvishwakarma/Library/Developer/Xcode/DerivedData/ModuleCache.noindex/Session.modulevalidation -Xcc -I/Users/harishvishwakarma/Library/Developer/Xcode/DerivedData/Revolt-dharrjsambcimaaziudpvzjdcigm/Build/Intermediates.noindex/swift-collections.build/Debug-iphoneos/HeapModule.build/swift-overrides.hmap -emit-const-values -Xfrontend -const-gather-protocols-file -Xfrontend /Users/harishvishwakarma/Library/Developer/Xcode/DerivedData/Revolt-dharrjsambcimaaziudpvzjdcigm/Build/Intermediates.noindex/swift-collections.build/Debug-iphoneos/HeapModule.build/Objects-normal/arm64/HeapModule_const_extract_protocols.json -Xcc -I/Users/harishvishwakarma/Library/Developer/Xcode/DerivedData/Revolt-dharrjsambcimaaziudpvzjdcigm/Build/Products/Debug-iphoneos/include -Xcc -I/Users/harishvishwakarma/Library/Developer/Xcode/DerivedData/Revolt-dharrjsambcimaaziudpvzjdcigm/Build/Intermediates.noindex/swift-collections.build/Debug-iphoneos/HeapModule.build/DerivedSources-normal/arm64 -Xcc -I/Users/harishvishwakarma/Library/Developer/Xcode/DerivedData/Revolt-dharrjsambcimaaziudpvzjdcigm/Build/Intermediates.noindex/swift-collections.build/Debug-iphoneos/HeapModule.build/DerivedSources/arm64 -Xcc -I/Users/harishvishwakarma/Library/Developer/Xcode/DerivedData/Revolt-dharrjsambcimaaziudpvzjdcigm/Build/Intermediates.noindex/swift-collections.build/Debug-iphoneos/HeapModule.build/DerivedSources -Xcc -DSWIFT_PACKAGE -Xcc -DDEBUG\=1 -emit-objc-header -emit-objc-header-path /Users/harishvishwakarma/Library/Developer/Xcode/DerivedData/Revolt-dharrjsambcimaaziudpvzjdcigm/Build/Intermediates.noindex/swift-collections.build/Debug-iphoneos/HeapModule.build/Objects-normal/arm64/HeapModule-Swift.h -working-directory /Users/harishvishwakarma/Handy/Archem/pepchat-ios/Revolt.xcodeproj -experimental-emit-module-separately -disable-cmo

SwiftDriverJobDiscovery normal x86_64 Compiling SyntaxNodes.swift, SyntaxPatternNodes.swift, SyntaxStmtNodes.swift, SyntaxTypeNodes.swift (in target 'SwiftSyntax' from project 'swift-syntax')

SwiftCompile normal arm64 Compiling\ _AncestorHashSlots.swift,\ _Bitmap.swift,\ _Bucket.swift,\ _Hash.swift,\ _HashLevel.swift,\ _HashNode+Builder.swift,\ _HashNode+Debugging.swift,\ _HashNode+Initializers.swift /Users/harishvishwakarma/Library/Developer/Xcode/DerivedData/Revolt-dharrjsambcimaaziudpvzjdcigm/SourcePackages/checkouts/swift-collections/Sources/HashTreeCollections/HashNode/_AncestorHashSlots.swift /Users/harishvishwakarma/Library/Developer/Xcode/DerivedData/Revolt-dharrjsambcimaaziudpvzjdcigm/SourcePackages/checkouts/swift-collections/Sources/HashTreeCollections/HashNode/_Bitmap.swift /Users/harishvishwakarma/Library/Developer/Xcode/DerivedData/Revolt-dharrjsambcimaaziudpvzjdcigm/SourcePackages/checkouts/swift-collections/Sources/HashTreeCollections/HashNode/_Bucket.swift /Users/harishvishwakarma/Library/Developer/Xcode/DerivedData/Revolt-dharrjsambcimaaziudpvzjdcigm/SourcePackages/checkouts/swift-collections/Sources/HashTreeCollections/HashNode/_Hash.swift /Users/harishvishwakarma/Library/Developer/Xcode/DerivedData/Revolt-dharrjsambcimaaziudpvzjdcigm/SourcePackages/checkouts/swift-collections/Sources/HashTreeCollections/HashNode/_HashLevel.swift /Users/harishvishwakarma/Library/Developer/Xcode/DerivedData/Revolt-dharrjsambcimaaziudpvzjdcigm/SourcePackages/checkouts/swift-collections/Sources/HashTreeCollections/HashNode/_HashNode+Builder.swift /Users/harishvishwakarma/Library/Developer/Xcode/DerivedData/Revolt-dharrjsambcimaaziudpvzjdcigm/SourcePackages/checkouts/swift-collections/Sources/HashTreeCollections/HashNode/_HashNode+Debugging.swift /Users/harishvishwakarma/Library/Developer/Xcode/DerivedData/Revolt-dharrjsambcimaaziudpvzjdcigm/SourcePackages/checkouts/swift-collections/Sources/HashTreeCollections/HashNode/_HashNode+Initializers.swift (in target 'HashTreeCollections' from project 'swift-collections')

SwiftCompile normal arm64 /Users/harishvishwakarma/Library/Developer/Xcode/DerivedData/Revolt-dharrjsambcimaaziudpvzjdcigm/SourcePackages/checkouts/swift-collections/Sources/HashTreeCollections/HashNode/_AncestorHashSlots.swift (in target 'HashTreeCollections' from project 'swift-collections')
    cd /Users/harishvishwakarma/Handy/Archem/pepchat-ios/Revolt.xcodeproj
    

SwiftCompile normal arm64 /Users/harishvishwakarma/Library/Developer/Xcode/DerivedData/Revolt-dharrjsambcimaaziudpvzjdcigm/SourcePackages/checkouts/swift-collections/Sources/HashTreeCollections/HashNode/_Bitmap.swift (in target 'HashTreeCollections' from project 'swift-collections')
    cd /Users/harishvishwakarma/Handy/Archem/pepchat-ios/Revolt.xcodeproj
    

SwiftCompile normal arm64 /Users/harishvishwakarma/Library/Developer/Xcode/DerivedData/Revolt-dharrjsambcimaaziudpvzjdcigm/SourcePackages/checkouts/swift-collections/Sources/HashTreeCollections/HashNode/_Bucket.swift (in target 'HashTreeCollections' from project 'swift-collections')
    cd /Users/harishvishwakarma/Handy/Archem/pepchat-ios/Revolt.xcodeproj
    

SwiftCompile normal arm64 /Users/harishvishwakarma/Library/Developer/Xcode/DerivedData/Revolt-dharrjsambcimaaziudpvzjdcigm/SourcePackages/checkouts/swift-collections/Sources/HashTreeCollections/HashNode/_Hash.swift (in target 'HashTreeCollections' from project 'swift-collections')
    cd /Users/harishvishwakarma/Handy/Archem/pepchat-ios/Revolt.xcodeproj
    

SwiftCompile normal arm64 /Users/harishvishwakarma/Library/Developer/Xcode/DerivedData/Revolt-dharrjsambcimaaziudpvzjdcigm/SourcePackages/checkouts/swift-collections/Sources/HashTreeCollections/HashNode/_HashLevel.swift (in target 'HashTreeCollections' from project 'swift-collections')
    cd /Users/harishvishwakarma/Handy/Archem/pepchat-ios/Revolt.xcodeproj
    

SwiftCompile normal arm64 /Users/harishvishwakarma/Library/Developer/Xcode/DerivedData/Revolt-dharrjsambcimaaziudpvzjdcigm/SourcePackages/checkouts/swift-collections/Sources/HashTreeCollections/HashNode/_HashNode+Builder.swift (in target 'HashTreeCollections' from project 'swift-collections')
    cd /Users/harishvishwakarma/Handy/Archem/pepchat-ios/Revolt.xcodeproj
    

SwiftCompile normal arm64 /Users/harishvishwakarma/Library/Developer/Xcode/DerivedData/Revolt-dharrjsambcimaaziudpvzjdcigm/SourcePackages/checkouts/swift-collections/Sources/HashTreeCollections/HashNode/_HashNode+Debugging.swift (in target 'HashTreeCollections' from project 'swift-collections')
    cd /Users/harishvishwakarma/Handy/Archem/pepchat-ios/Revolt.xcodeproj
    

SwiftCompile normal arm64 /Users/harishvishwakarma/Library/Developer/Xcode/DerivedData/Revolt-dharrjsambcimaaziudpvzjdcigm/SourcePackages/checkouts/swift-collections/Sources/HashTreeCollections/HashNode/_HashNode+Initializers.swift (in target 'HashTreeCollections' from project 'swift-collections')
    cd /Users/harishvishwakarma/Handy/Archem/pepchat-ios/Revolt.xcodeproj
    

SwiftCompile normal arm64 Compiling\ _HashNode+Invariants.swift,\ _HashNode+Lookups.swift,\ _HashNode+Primitive\ Insertions.swift,\ _HashNode+Primitive\ Removals.swift,\ _HashNode+Primitive\ Replacement.swift,\ _HashNode+Storage.swift,\ _HashNode+Structural\ compactMapValues.swift /Users/harishvishwakarma/Library/Developer/Xcode/DerivedData/Revolt-dharrjsambcimaaziudpvzjdcigm/SourcePackages/checkouts/swift-collections/Sources/HashTreeCollections/HashNode/_HashNode+Invariants.swift /Users/harishvishwakarma/Library/Developer/Xcode/DerivedData/Revolt-dharrjsambcimaaziudpvzjdcigm/SourcePackages/checkouts/swift-collections/Sources/HashTreeCollections/HashNode/_HashNode+Lookups.swift /Users/harishvishwakarma/Library/Developer/Xcode/DerivedData/Revolt-dharrjsambcimaaziudpvzjdcigm/SourcePackages/checkouts/swift-collections/Sources/HashTreeCollections/HashNode/_HashNode+Primitive\ Insertions.swift /Users/harishvishwakarma/Library/Developer/Xcode/DerivedData/Revolt-dharrjsambcimaaziudpvzjdcigm/SourcePackages/checkouts/swift-collections/Sources/HashTreeCollections/HashNode/_HashNode+Primitive\ Removals.swift /Users/harishvishwakarma/Library/Developer/Xcode/DerivedData/Revolt-dharrjsambcimaaziudpvzjdcigm/SourcePackages/checkouts/swift-collections/Sources/HashTreeCollections/HashNode/_HashNode+Primitive\ Replacement.swift /Users/harishvishwakarma/Library/Developer/Xcode/DerivedData/Revolt-dharrjsambcimaaziudpvzjdcigm/SourcePackages/checkouts/swift-collections/Sources/HashTreeCollections/HashNode/_HashNode+Storage.swift /Users/harishvishwakarma/Library/Developer/Xcode/DerivedData/Revolt-dharrjsambcimaaziudpvzjdcigm/SourcePackages/checkouts/swift-collections/Sources/HashTreeCollections/HashNode/_HashNode+Structural\ compactMapValues.swift (in target 'HashTreeCollections' from project 'swift-collections')

SwiftCompile normal arm64 /Users/harishvishwakarma/Library/Developer/Xcode/DerivedData/Revolt-dharrjsambcimaaziudpvzjdcigm/SourcePackages/checkouts/swift-collections/Sources/HashTreeCollections/HashNode/_HashNode+Invariants.swift (in target 'HashTreeCollections' from project 'swift-collections')
    cd /Users/harishvishwakarma/Handy/Archem/pepchat-ios/Revolt.xcodeproj
    

SwiftCompile normal arm64 /Users/harishvishwakarma/Library/Developer/Xcode/DerivedData/Revolt-dharrjsambcimaaziudpvzjdcigm/SourcePackages/checkouts/swift-collections/Sources/HashTreeCollections/HashNode/_HashNode+Lookups.swift (in target 'HashTreeCollections' from project 'swift-collections')
    cd /Users/harishvishwakarma/Handy/Archem/pepchat-ios/Revolt.xcodeproj
    

SwiftCompile normal arm64 /Users/harishvishwakarma/Library/Developer/Xcode/DerivedData/Revolt-dharrjsambcimaaziudpvzjdcigm/SourcePackages/checkouts/swift-collections/Sources/HashTreeCollections/HashNode/_HashNode+Primitive\ Insertions.swift (in target 'HashTreeCollections' from project 'swift-collections')
    cd /Users/harishvishwakarma/Handy/Archem/pepchat-ios/Revolt.xcodeproj
    

SwiftCompile normal arm64 /Users/harishvishwakarma/Library/Developer/Xcode/DerivedData/Revolt-dharrjsambcimaaziudpvzjdcigm/SourcePackages/checkouts/swift-collections/Sources/HashTreeCollections/HashNode/_HashNode+Primitive\ Removals.swift (in target 'HashTreeCollections' from project 'swift-collections')
    cd /Users/harishvishwakarma/Handy/Archem/pepchat-ios/Revolt.xcodeproj
    

SwiftCompile normal arm64 /Users/harishvishwakarma/Library/Developer/Xcode/DerivedData/Revolt-dharrjsambcimaaziudpvzjdcigm/SourcePackages/checkouts/swift-collections/Sources/HashTreeCollections/HashNode/_HashNode+Primitive\ Replacement.swift (in target 'HashTreeCollections' from project 'swift-collections')
    cd /Users/harishvishwakarma/Handy/Archem/pepchat-ios/Revolt.xcodeproj
    

SwiftCompile normal arm64 /Users/harishvishwakarma/Library/Developer/Xcode/DerivedData/Revolt-dharrjsambcimaaziudpvzjdcigm/SourcePackages/checkouts/swift-collections/Sources/HashTreeCollections/HashNode/_HashNode+Storage.swift (in target 'HashTreeCollections' from project 'swift-collections')
    cd /Users/harishvishwakarma/Handy/Archem/pepchat-ios/Revolt.xcodeproj
    

SwiftCompile normal arm64 /Users/harishvishwakarma/Library/Developer/Xcode/DerivedData/Revolt-dharrjsambcimaaziudpvzjdcigm/SourcePackages/checkouts/swift-collections/Sources/HashTreeCollections/HashNode/_HashNode+Structural\ compactMapValues.swift (in target 'HashTreeCollections' from project 'swift-collections')
    cd /Users/harishvishwakarma/Handy/Archem/pepchat-ios/Revolt.xcodeproj
    

SwiftDriverJobDiscovery normal arm64 Compiling SyntaxKind.swift, SyntaxRewriter.swift, SyntaxTraits.swift, SyntaxTransform.swift (in target 'SwiftSyntax' from project 'swift-syntax')

SwiftCompile normal arm64 Compiling\ TreeSet+Collection.swift,\ TreeSet+CustomReflectable.swift,\ TreeSet+Debugging.swift,\ TreeSet+Descriptions.swift,\ TreeSet+Equatable.swift,\ TreeSet+ExpressibleByArrayLiteral.swift,\ TreeSet+Extras.swift /Users/harishvishwakarma/Library/Developer/Xcode/DerivedData/Revolt-dharrjsambcimaaziudpvzjdcigm/SourcePackages/checkouts/swift-collections/Sources/HashTreeCollections/TreeSet/TreeSet+Collection.swift /Users/harishvishwakarma/Library/Developer/Xcode/DerivedData/Revolt-dharrjsambcimaaziudpvzjdcigm/SourcePackages/checkouts/swift-collections/Sources/HashTreeCollections/TreeSet/TreeSet+CustomReflectable.swift /Users/harishvishwakarma/Library/Developer/Xcode/DerivedData/Revolt-dharrjsambcimaaziudpvzjdcigm/SourcePackages/checkouts/swift-collections/Sources/HashTreeCollections/TreeSet/TreeSet+Debugging.swift /Users/harishvishwakarma/Library/Developer/Xcode/DerivedData/Revolt-dharrjsambcimaaziudpvzjdcigm/SourcePackages/checkouts/swift-collections/Sources/HashTreeCollections/TreeSet/TreeSet+Descriptions.swift /Users/harishvishwakarma/Library/Developer/Xcode/DerivedData/Revolt-dharrjsambcimaaziudpvzjdcigm/SourcePackages/checkouts/swift-collections/Sources/HashTreeCollections/TreeSet/TreeSet+Equatable.swift /Users/harishvishwakarma/Library/Developer/Xcode/DerivedData/Revolt-dharrjsambcimaaziudpvzjdcigm/SourcePackages/checkouts/swift-collections/Sources/HashTreeCollections/TreeSet/TreeSet+ExpressibleByArrayLiteral.swift /Users/harishvishwakarma/Library/Developer/Xcode/DerivedData/Revolt-dharrjsambcimaaziudpvzjdcigm/SourcePackages/checkouts/swift-collections/Sources/HashTreeCollections/TreeSet/TreeSet+Extras.swift (in target 'HashTreeCollections' from project 'swift-collections')

SwiftCompile normal arm64 /Users/harishvishwakarma/Library/Developer/Xcode/DerivedData/Revolt-dharrjsambcimaaziudpvzjdcigm/SourcePackages/checkouts/swift-collections/Sources/HashTreeCollections/TreeSet/TreeSet+Collection.swift (in target 'HashTreeCollections' from project 'swift-collections')
    cd /Users/harishvishwakarma/Handy/Archem/pepchat-ios/Revolt.xcodeproj
    

SwiftCompile normal arm64 /Users/harishvishwakarma/Library/Developer/Xcode/DerivedData/Revolt-dharrjsambcimaaziudpvzjdcigm/SourcePackages/checkouts/swift-collections/Sources/HashTreeCollections/TreeSet/TreeSet+CustomReflectable.swift (in target 'HashTreeCollections' from project 'swift-collections')
    cd /Users/harishvishwakarma/Handy/Archem/pepchat-ios/Revolt.xcodeproj
    

SwiftCompile normal arm64 /Users/harishvishwakarma/Library/Developer/Xcode/DerivedData/Revolt-dharrjsambcimaaziudpvzjdcigm/SourcePackages/checkouts/swift-collections/Sources/HashTreeCollections/TreeSet/TreeSet+Debugging.swift (in target 'HashTreeCollections' from project 'swift-collections')
    cd /Users/harishvishwakarma/Handy/Archem/pepchat-ios/Revolt.xcodeproj
    

SwiftCompile normal arm64 /Users/harishvishwakarma/Library/Developer/Xcode/DerivedData/Revolt-dharrjsambcimaaziudpvzjdcigm/SourcePackages/checkouts/swift-collections/Sources/HashTreeCollections/TreeSet/TreeSet+Descriptions.swift (in target 'HashTreeCollections' from project 'swift-collections')
    cd /Users/harishvishwakarma/Handy/Archem/pepchat-ios/Revolt.xcodeproj
    

SwiftCompile normal arm64 /Users/harishvishwakarma/Library/Developer/Xcode/DerivedData/Revolt-dharrjsambcimaaziudpvzjdcigm/SourcePackages/checkouts/swift-collections/Sources/HashTreeCollections/TreeSet/TreeSet+Equatable.swift (in target 'HashTreeCollections' from project 'swift-collections')
    cd /Users/harishvishwakarma/Handy/Archem/pepchat-ios/Revolt.xcodeproj
    

SwiftCompile normal arm64 /Users/harishvishwakarma/Library/Developer/Xcode/DerivedData/Revolt-dharrjsambcimaaziudpvzjdcigm/SourcePackages/checkouts/swift-collections/Sources/HashTreeCollections/TreeSet/TreeSet+ExpressibleByArrayLiteral.swift (in target 'HashTreeCollections' from project 'swift-collections')
    cd /Users/harishvishwakarma/Handy/Archem/pepchat-ios/Revolt.xcodeproj
    

SwiftCompile normal arm64 /Users/harishvishwakarma/Library/Developer/Xcode/DerivedData/Revolt-dharrjsambcimaaziudpvzjdcigm/SourcePackages/checkouts/swift-collections/Sources/HashTreeCollections/TreeSet/TreeSet+Extras.swift (in target 'HashTreeCollections' from project 'swift-collections')
    cd /Users/harishvishwakarma/Handy/Archem/pepchat-ios/Revolt.xcodeproj
    

SwiftDriverJobDiscovery normal arm64 Compiling _RawHashNode.swift, _UnmanagedHashNode.swift, _UnsafePath.swift, TreeDictionary+Codable.swift, TreeDictionary+Collection.swift, TreeDictionary+CustomReflectable.swift, TreeDictionary+Debugging.swift (in target 'HashTreeCollections' from project 'swift-collections')

SwiftCompile normal arm64 Compiling\ TreeSet+Filter.swift,\ TreeSet+Hashable.swift,\ TreeSet+Sendable.swift,\ TreeSet+Sequence.swift,\ TreeSet+SetAlgebra\ Initializers.swift,\ TreeSet+SetAlgebra\ basics.swift,\ TreeSet+SetAlgebra\ formIntersection.swift /Users/harishvishwakarma/Library/Developer/Xcode/DerivedData/Revolt-dharrjsambcimaaziudpvzjdcigm/SourcePackages/checkouts/swift-collections/Sources/HashTreeCollections/TreeSet/TreeSet+Filter.swift /Users/harishvishwakarma/Library/Developer/Xcode/DerivedData/Revolt-dharrjsambcimaaziudpvzjdcigm/SourcePackages/checkouts/swift-collections/Sources/HashTreeCollections/TreeSet/TreeSet+Hashable.swift /Users/harishvishwakarma/Library/Developer/Xcode/DerivedData/Revolt-dharrjsambcimaaziudpvzjdcigm/SourcePackages/checkouts/swift-collections/Sources/HashTreeCollections/TreeSet/TreeSet+Sendable.swift /Users/harishvishwakarma/Library/Developer/Xcode/DerivedData/Revolt-dharrjsambcimaaziudpvzjdcigm/SourcePackages/checkouts/swift-collections/Sources/HashTreeCollections/TreeSet/TreeSet+Sequence.swift /Users/harishvishwakarma/Library/Developer/Xcode/DerivedData/Revolt-dharrjsambcimaaziudpvzjdcigm/SourcePackages/checkouts/swift-collections/Sources/HashTreeCollections/TreeSet/TreeSet+SetAlgebra\ Initializers.swift /Users/harishvishwakarma/Library/Developer/Xcode/DerivedData/Revolt-dharrjsambcimaaziudpvzjdcigm/SourcePackages/checkouts/swift-collections/Sources/HashTreeCollections/TreeSet/TreeSet+SetAlgebra\ basics.swift /Users/harishvishwakarma/Library/Developer/Xcode/DerivedData/Revolt-dharrjsambcimaaziudpvzjdcigm/SourcePackages/checkouts/swift-collections/Sources/HashTreeCollections/TreeSet/TreeSet+SetAlgebra\ formIntersection.swift (in target 'HashTreeCollections' from project 'swift-collections')

SwiftCompile normal arm64 /Users/harishvishwakarma/Library/Developer/Xcode/DerivedData/Revolt-dharrjsambcimaaziudpvzjdcigm/SourcePackages/checkouts/swift-collections/Sources/HashTreeCollections/TreeSet/TreeSet+Filter.swift (in target 'HashTreeCollections' from project 'swift-collections')
    cd /Users/harishvishwakarma/Handy/Archem/pepchat-ios/Revolt.xcodeproj
    

SwiftCompile normal arm64 /Users/harishvishwakarma/Library/Developer/Xcode/DerivedData/Revolt-dharrjsambcimaaziudpvzjdcigm/SourcePackages/checkouts/swift-collections/Sources/HashTreeCollections/TreeSet/TreeSet+Hashable.swift (in target 'HashTreeCollections' from project 'swift-collections')
    cd /Users/harishvishwakarma/Handy/Archem/pepchat-ios/Revolt.xcodeproj
    

SwiftCompile normal arm64 /Users/harishvishwakarma/Library/Developer/Xcode/DerivedData/Revolt-dharrjsambcimaaziudpvzjdcigm/SourcePackages/checkouts/swift-collections/Sources/HashTreeCollections/TreeSet/TreeSet+Sendable.swift (in target 'HashTreeCollections' from project 'swift-collections')
    cd /Users/harishvishwakarma/Handy/Archem/pepchat-ios/Revolt.xcodeproj
    

SwiftCompile normal arm64 /Users/harishvishwakarma/Library/Developer/Xcode/DerivedData/Revolt-dharrjsambcimaaziudpvzjdcigm/SourcePackages/checkouts/swift-collections/Sources/HashTreeCollections/TreeSet/TreeSet+Sequence.swift (in target 'HashTreeCollections' from project 'swift-collections')
    cd /Users/harishvishwakarma/Handy/Archem/pepchat-ios/Revolt.xcodeproj
    

SwiftCompile normal arm64 /Users/harishvishwakarma/Library/Developer/Xcode/DerivedData/Revolt-dharrjsambcimaaziudpvzjdcigm/SourcePackages/checkouts/swift-collections/Sources/HashTreeCollections/TreeSet/TreeSet+SetAlgebra\ Initializers.swift (in target 'HashTreeCollections' from project 'swift-collections')
    cd /Users/harishvishwakarma/Handy/Archem/pepchat-ios/Revolt.xcodeproj
    

SwiftCompile normal arm64 /Users/harishvishwakarma/Library/Developer/Xcode/DerivedData/Revolt-dharrjsambcimaaziudpvzjdcigm/SourcePackages/checkouts/swift-collections/Sources/HashTreeCollections/TreeSet/TreeSet+SetAlgebra\ basics.swift (in target 'HashTreeCollections' from project 'swift-collections')
    cd /Users/harishvishwakarma/Handy/Archem/pepchat-ios/Revolt.xcodeproj
    

SwiftCompile normal arm64 /Users/harishvishwakarma/Library/Developer/Xcode/DerivedData/Revolt-dharrjsambcimaaziudpvzjdcigm/SourcePackages/checkouts/swift-collections/Sources/HashTreeCollections/TreeSet/TreeSet+SetAlgebra\ formIntersection.swift (in target 'HashTreeCollections' from project 'swift-collections')
    cd /Users/harishvishwakarma/Handy/Archem/pepchat-ios/Revolt.xcodeproj
    

SwiftDriverJobDiscovery normal arm64 Compiling TreeDictionary+Descriptions.swift, TreeDictionary+Equatable.swift, TreeDictionary+ExpressibleByDictionaryLiteral.swift, TreeDictionary+Filter.swift, TreeDictionary+Hashable.swift, TreeDictionary+Initializers.swift, TreeDictionary+Keys.swift (in target 'HashTreeCollections' from project 'swift-collections')

SwiftCompile normal arm64 Compiling\ TreeSet+SetAlgebra\ formSymmetricDifference.swift,\ TreeSet+SetAlgebra\ formUnion.swift,\ TreeSet+SetAlgebra\ intersection.swift,\ TreeSet+SetAlgebra\ isDisjoint.swift,\ TreeSet+SetAlgebra\ isEqualSet.swift,\ TreeSet+SetAlgebra\ isStrictSubset.swift,\ TreeSet+SetAlgebra\ isStrictSuperset.swift /Users/harishvishwakarma/Library/Developer/Xcode/DerivedData/Revolt-dharrjsambcimaaziudpvzjdcigm/SourcePackages/checkouts/swift-collections/Sources/HashTreeCollections/TreeSet/TreeSet+SetAlgebra\ formSymmetricDifference.swift /Users/harishvishwakarma/Library/Developer/Xcode/DerivedData/Revolt-dharrjsambcimaaziudpvzjdcigm/SourcePackages/checkouts/swift-collections/Sources/HashTreeCollections/TreeSet/TreeSet+SetAlgebra\ formUnion.swift /Users/harishvishwakarma/Library/Developer/Xcode/DerivedData/Revolt-dharrjsambcimaaziudpvzjdcigm/SourcePackages/checkouts/swift-collections/Sources/HashTreeCollections/TreeSet/TreeSet+SetAlgebra\ intersection.swift /Users/harishvishwakarma/Library/Developer/Xcode/DerivedData/Revolt-dharrjsambcimaaziudpvzjdcigm/SourcePackages/checkouts/swift-collections/Sources/HashTreeCollections/TreeSet/TreeSet+SetAlgebra\ isDisjoint.swift /Users/harishvishwakarma/Library/Developer/Xcode/DerivedData/Revolt-dharrjsambcimaaziudpvzjdcigm/SourcePackages/checkouts/swift-collections/Sources/HashTreeCollections/TreeSet/TreeSet+SetAlgebra\ isEqualSet.swift /Users/harishvishwakarma/Library/Developer/Xcode/DerivedData/Revolt-dharrjsambcimaaziudpvzjdcigm/SourcePackages/checkouts/swift-collections/Sources/HashTreeCollections/TreeSet/TreeSet+SetAlgebra\ isStrictSubset.swift /Users/harishvishwakarma/Library/Developer/Xcode/DerivedData/Revolt-dharrjsambcimaaziudpvzjdcigm/SourcePackages/checkouts/swift-collections/Sources/HashTreeCollections/TreeSet/TreeSet+SetAlgebra\ isStrictSuperset.swift (in target 'HashTreeCollections' from project 'swift-collections')

SwiftCompile normal arm64 /Users/harishvishwakarma/Library/Developer/Xcode/DerivedData/Revolt-dharrjsambcimaaziudpvzjdcigm/SourcePackages/checkouts/swift-collections/Sources/HashTreeCollections/TreeSet/TreeSet+SetAlgebra\ formSymmetricDifference.swift (in target 'HashTreeCollections' from project 'swift-collections')
    cd /Users/harishvishwakarma/Handy/Archem/pepchat-ios/Revolt.xcodeproj
    

SwiftCompile normal arm64 /Users/harishvishwakarma/Library/Developer/Xcode/DerivedData/Revolt-dharrjsambcimaaziudpvzjdcigm/SourcePackages/checkouts/swift-collections/Sources/HashTreeCollections/TreeSet/TreeSet+SetAlgebra\ formUnion.swift (in target 'HashTreeCollections' from project 'swift-collections')
    cd /Users/harishvishwakarma/Handy/Archem/pepchat-ios/Revolt.xcodeproj
    

SwiftCompile normal arm64 /Users/harishvishwakarma/Library/Developer/Xcode/DerivedData/Revolt-dharrjsambcimaaziudpvzjdcigm/SourcePackages/checkouts/swift-collections/Sources/HashTreeCollections/TreeSet/TreeSet+SetAlgebra\ intersection.swift (in target 'HashTreeCollections' from project 'swift-collections')
    cd /Users/harishvishwakarma/Handy/Archem/pepchat-ios/Revolt.xcodeproj
    

SwiftCompile normal arm64 /Users/harishvishwakarma/Library/Developer/Xcode/DerivedData/Revolt-dharrjsambcimaaziudpvzjdcigm/SourcePackages/checkouts/swift-collections/Sources/HashTreeCollections/TreeSet/TreeSet+SetAlgebra\ isDisjoint.swift (in target 'HashTreeCollections' from project 'swift-collections')
    cd /Users/harishvishwakarma/Handy/Archem/pepchat-ios/Revolt.xcodeproj
    

SwiftCompile normal arm64 /Users/harishvishwakarma/Library/Developer/Xcode/DerivedData/Revolt-dharrjsambcimaaziudpvzjdcigm/SourcePackages/checkouts/swift-collections/Sources/HashTreeCollections/TreeSet/TreeSet+SetAlgebra\ isEqualSet.swift (in target 'HashTreeCollections' from project 'swift-collections')
    cd /Users/harishvishwakarma/Handy/Archem/pepchat-ios/Revolt.xcodeproj
    

SwiftCompile normal arm64 /Users/harishvishwakarma/Library/Developer/Xcode/DerivedData/Revolt-dharrjsambcimaaziudpvzjdcigm/SourcePackages/checkouts/swift-collections/Sources/HashTreeCollections/TreeSet/TreeSet+SetAlgebra\ isStrictSubset.swift (in target 'HashTreeCollections' from project 'swift-collections')
    cd /Users/harishvishwakarma/Handy/Archem/pepchat-ios/Revolt.xcodeproj
    

SwiftCompile normal arm64 /Users/harishvishwakarma/Library/Developer/Xcode/DerivedData/Revolt-dharrjsambcimaaziudpvzjdcigm/SourcePackages/checkouts/swift-collections/Sources/HashTreeCollections/TreeSet/TreeSet+SetAlgebra\ isStrictSuperset.swift (in target 'HashTreeCollections' from project 'swift-collections')
    cd /Users/harishvishwakarma/Handy/Archem/pepchat-ios/Revolt.xcodeproj
    

SwiftDriverJobDiscovery normal arm64 Compiling _HashNode+Structural filter.swift, _HashNode+Structural intersection.swift, _HashNode+Structural isDisjoint.swift, _HashNode+Structural isEqualSet.swift, _HashNode+Structural isSubset.swift, _HashNode+Structural mapValues.swift, _HashNode+Structural merge.swift (in target 'HashTreeCollections' from project 'swift-collections')

SwiftCompile normal arm64 Compiling\ TreeSet+SetAlgebra\ isSubset.swift,\ TreeSet+SetAlgebra\ isSuperset.swift,\ TreeSet+SetAlgebra\ subtract.swift,\ TreeSet+SetAlgebra\ subtracting.swift,\ TreeSet+SetAlgebra\ symmetricDifference.swift,\ TreeSet+SetAlgebra\ union.swift,\ TreeSet.swift /Users/harishvishwakarma/Library/Developer/Xcode/DerivedData/Revolt-dharrjsambcimaaziudpvzjdcigm/SourcePackages/checkouts/swift-collections/Sources/HashTreeCollections/TreeSet/TreeSet+SetAlgebra\ isSubset.swift /Users/harishvishwakarma/Library/Developer/Xcode/DerivedData/Revolt-dharrjsambcimaaziudpvzjdcigm/SourcePackages/checkouts/swift-collections/Sources/HashTreeCollections/TreeSet/TreeSet+SetAlgebra\ isSuperset.swift /Users/harishvishwakarma/Library/Developer/Xcode/DerivedData/Revolt-dharrjsambcimaaziudpvzjdcigm/SourcePackages/checkouts/swift-collections/Sources/HashTreeCollections/TreeSet/TreeSet+SetAlgebra\ subtract.swift /Users/harishvishwakarma/Library/Developer/Xcode/DerivedData/Revolt-dharrjsambcimaaziudpvzjdcigm/SourcePackages/checkouts/swift-collections/Sources/HashTreeCollections/TreeSet/TreeSet+SetAlgebra\ subtracting.swift /Users/harishvishwakarma/Library/Developer/Xcode/DerivedData/Revolt-dharrjsambcimaaziudpvzjdcigm/SourcePackages/checkouts/swift-collections/Sources/HashTreeCollections/TreeSet/TreeSet+SetAlgebra\ symmetricDifference.swift /Users/harishvishwakarma/Library/Developer/Xcode/DerivedData/Revolt-dharrjsambcimaaziudpvzjdcigm/SourcePackages/checkouts/swift-collections/Sources/HashTreeCollections/TreeSet/TreeSet+SetAlgebra\ union.swift /Users/harishvishwakarma/Library/Developer/Xcode/DerivedData/Revolt-dharrjsambcimaaziudpvzjdcigm/SourcePackages/checkouts/swift-collections/Sources/HashTreeCollections/TreeSet/TreeSet.swift (in target 'HashTreeCollections' from project 'swift-collections')

SwiftCompile normal arm64 /Users/harishvishwakarma/Library/Developer/Xcode/DerivedData/Revolt-dharrjsambcimaaziudpvzjdcigm/SourcePackages/checkouts/swift-collections/Sources/HashTreeCollections/TreeSet/TreeSet+SetAlgebra\ isSubset.swift (in target 'HashTreeCollections' from project 'swift-collections')
    cd /Users/harishvishwakarma/Handy/Archem/pepchat-ios/Revolt.xcodeproj
    

SwiftCompile normal arm64 /Users/harishvishwakarma/Library/Developer/Xcode/DerivedData/Revolt-dharrjsambcimaaziudpvzjdcigm/SourcePackages/checkouts/swift-collections/Sources/HashTreeCollections/TreeSet/TreeSet+SetAlgebra\ isSuperset.swift (in target 'HashTreeCollections' from project 'swift-collections')
    cd /Users/harishvishwakarma/Handy/Archem/pepchat-ios/Revolt.xcodeproj
    

SwiftCompile normal arm64 /Users/harishvishwakarma/Library/Developer/Xcode/DerivedData/Revolt-dharrjsambcimaaziudpvzjdcigm/SourcePackages/checkouts/swift-collections/Sources/HashTreeCollections/TreeSet/TreeSet+SetAlgebra\ subtract.swift (in target 'HashTreeCollections' from project 'swift-collections')
    cd /Users/harishvishwakarma/Handy/Archem/pepchat-ios/Revolt.xcodeproj
    

SwiftCompile normal arm64 /Users/harishvishwakarma/Library/Developer/Xcode/DerivedData/Revolt-dharrjsambcimaaziudpvzjdcigm/SourcePackages/checkouts/swift-collections/Sources/HashTreeCollections/TreeSet/TreeSet+SetAlgebra\ subtracting.swift (in target 'HashTreeCollections' from project 'swift-collections')
    cd /Users/harishvishwakarma/Handy/Archem/pepchat-ios/Revolt.xcodeproj
    

SwiftCompile normal arm64 /Users/harishvishwakarma/Library/Developer/Xcode/DerivedData/Revolt-dharrjsambcimaaziudpvzjdcigm/SourcePackages/checkouts/swift-collections/Sources/HashTreeCollections/TreeSet/TreeSet+SetAlgebra\ symmetricDifference.swift (in target 'HashTreeCollections' from project 'swift-collections')
    cd /Users/harishvishwakarma/Handy/Archem/pepchat-ios/Revolt.xcodeproj
    

SwiftCompile normal arm64 /Users/harishvishwakarma/Library/Developer/Xcode/DerivedData/Revolt-dharrjsambcimaaziudpvzjdcigm/SourcePackages/checkouts/swift-collections/Sources/HashTreeCollections/TreeSet/TreeSet+SetAlgebra\ union.swift (in target 'HashTreeCollections' from project 'swift-collections')
    cd /Users/harishvishwakarma/Handy/Archem/pepchat-ios/Revolt.xcodeproj
    

SwiftCompile normal arm64 /Users/harishvishwakarma/Library/Developer/Xcode/DerivedData/Revolt-dharrjsambcimaaziudpvzjdcigm/SourcePackages/checkouts/swift-collections/Sources/HashTreeCollections/TreeSet/TreeSet.swift (in target 'HashTreeCollections' from project 'swift-collections')
    cd /Users/harishvishwakarma/Handy/Archem/pepchat-ios/Revolt.xcodeproj
    

SwiftDriverJobDiscovery normal arm64 Compiling _HashNode+Structural subtracting.swift, _HashNode+Structural symmetricDifference.swift, _HashNode+Structural union.swift, _HashNode+Subtree Insertions.swift, _HashNode+Subtree Modify.swift, _HashNode+Subtree Removals.swift, _HashNode+UnsafeHandle.swift (in target 'HashTreeCollections' from project 'swift-collections')

SwiftCompile normal arm64 Compiling\ HCaptcha+Rx.swift /Users/harishvishwakarma/Library/Developer/Xcode/DerivedData/Revolt-dharrjsambcimaaziudpvzjdcigm/SourcePackages/checkouts/HCaptcha-ios-sdk/HCaptcha/Classes/Rx/HCaptcha+Rx.swift (in target 'HCaptcha_RxSwift' from project 'HCaptcha')

SwiftCompile normal arm64 /Users/harishvishwakarma/Library/Developer/Xcode/DerivedData/Revolt-dharrjsambcimaaziudpvzjdcigm/SourcePackages/checkouts/HCaptcha-ios-sdk/HCaptcha/Classes/Rx/HCaptcha+Rx.swift (in target 'HCaptcha_RxSwift' from project 'HCaptcha')
    cd /Users/harishvishwakarma/Handy/Archem/pepchat-ios/Revolt.xcodeproj
    

SwiftDriverJobDiscovery normal arm64 Compiling TreeDictionary+MapValues.swift, TreeDictionary+Merge.swift, TreeDictionary+Sendable.swift, TreeDictionary+Sequence.swift, TreeDictionary+Values.swift, TreeDictionary.swift, TreeSet+Codable.swift (in target 'HashTreeCollections' from project 'swift-collections')

SwiftCompile normal arm64 Compiling\ Deque+Extras.swift,\ Deque+Hashable.swift /Users/harishvishwakarma/Library/Developer/Xcode/DerivedData/Revolt-dharrjsambcimaaziudpvzjdcigm/SourcePackages/checkouts/swift-collections/Sources/DequeModule/Deque+Extras.swift /Users/harishvishwakarma/Library/Developer/Xcode/DerivedData/Revolt-dharrjsambcimaaziudpvzjdcigm/SourcePackages/checkouts/swift-collections/Sources/DequeModule/Deque+Hashable.swift (in target 'DequeModule' from project 'swift-collections')

SwiftCompile normal arm64 /Users/harishvishwakarma/Library/Developer/Xcode/DerivedData/Revolt-dharrjsambcimaaziudpvzjdcigm/SourcePackages/checkouts/swift-collections/Sources/DequeModule/Deque+Extras.swift (in target 'DequeModule' from project 'swift-collections')
    cd /Users/harishvishwakarma/Handy/Archem/pepchat-ios/Revolt.xcodeproj
    

SwiftCompile normal arm64 /Users/harishvishwakarma/Library/Developer/Xcode/DerivedData/Revolt-dharrjsambcimaaziudpvzjdcigm/SourcePackages/checkouts/swift-collections/Sources/DequeModule/Deque+Hashable.swift (in target 'DequeModule' from project 'swift-collections')
    cd /Users/harishvishwakarma/Handy/Archem/pepchat-ios/Revolt.xcodeproj
    

SwiftDriverJobDiscovery normal arm64 Compiling _HashNode.swift, _HashNodeHeader.swift, _HashSlot.swift, _HashStack.swift, _HashTreeIterator.swift, _HashTreeStatistics.swift, _RawHashNode+UnsafeHandle.swift (in target 'HashTreeCollections' from project 'swift-collections')

SwiftCompile normal arm64 Compiling\ Deque+CustomReflectable.swift,\ Deque+Descriptions.swift /Users/harishvishwakarma/Library/Developer/Xcode/DerivedData/Revolt-dharrjsambcimaaziudpvzjdcigm/SourcePackages/checkouts/swift-collections/Sources/DequeModule/Deque+CustomReflectable.swift /Users/harishvishwakarma/Library/Developer/Xcode/DerivedData/Revolt-dharrjsambcimaaziudpvzjdcigm/SourcePackages/checkouts/swift-collections/Sources/DequeModule/Deque+Descriptions.swift (in target 'DequeModule' from project 'swift-collections')

SwiftCompile normal arm64 /Users/harishvishwakarma/Library/Developer/Xcode/DerivedData/Revolt-dharrjsambcimaaziudpvzjdcigm/SourcePackages/checkouts/swift-collections/Sources/DequeModule/Deque+CustomReflectable.swift (in target 'DequeModule' from project 'swift-collections')
    cd /Users/harishvishwakarma/Handy/Archem/pepchat-ios/Revolt.xcodeproj
    

SwiftCompile normal arm64 /Users/harishvishwakarma/Library/Developer/Xcode/DerivedData/Revolt-dharrjsambcimaaziudpvzjdcigm/SourcePackages/checkouts/swift-collections/Sources/DequeModule/Deque+Descriptions.swift (in target 'DequeModule' from project 'swift-collections')
    cd /Users/harishvishwakarma/Handy/Archem/pepchat-ios/Revolt.xcodeproj
    

SwiftDriverJobDiscovery normal x86_64 Compiling RawSyntaxNodes.swift, RawSyntaxValidation.swift, SyntaxDeclNodes.swift, SyntaxExprNodes.swift (in target 'SwiftSyntax' from project 'swift-syntax')

SwiftCompile normal arm64 Compiling\ _DequeBufferHeader.swift /Users/harishvishwakarma/Library/Developer/Xcode/DerivedData/Revolt-dharrjsambcimaaziudpvzjdcigm/SourcePackages/checkouts/swift-collections/Sources/DequeModule/_DequeBufferHeader.swift (in target 'DequeModule' from project 'swift-collections')

SwiftCompile normal arm64 /Users/harishvishwakarma/Library/Developer/Xcode/DerivedData/Revolt-dharrjsambcimaaziudpvzjdcigm/SourcePackages/checkouts/swift-collections/Sources/DequeModule/_DequeBufferHeader.swift (in target 'DequeModule' from project 'swift-collections')
    cd /Users/harishvishwakarma/Handy/Archem/pepchat-ios/Revolt.xcodeproj
    

SwiftDriverJobDiscovery normal arm64 Compiling _AncestorHashSlots.swift, _Bitmap.swift, _Bucket.swift, _Hash.swift, _HashLevel.swift, _HashNode+Builder.swift, _HashNode+Debugging.swift, _HashNode+Initializers.swift (in target 'HashTreeCollections' from project 'swift-collections')

SwiftCompile normal arm64 Compiling\ Deque.swift /Users/harishvishwakarma/Library/Developer/Xcode/DerivedData/Revolt-dharrjsambcimaaziudpvzjdcigm/SourcePackages/checkouts/swift-collections/Sources/DequeModule/Deque.swift (in target 'DequeModule' from project 'swift-collections')

SwiftCompile normal arm64 /Users/harishvishwakarma/Library/Developer/Xcode/DerivedData/Revolt-dharrjsambcimaaziudpvzjdcigm/SourcePackages/checkouts/swift-collections/Sources/DequeModule/Deque.swift (in target 'DequeModule' from project 'swift-collections')
    cd /Users/harishvishwakarma/Handy/Archem/pepchat-ios/Revolt.xcodeproj
    

SwiftDriverJobDiscovery normal arm64 Compiling RawSyntaxNodes.swift, RawSyntaxValidation.swift, SyntaxDeclNodes.swift, SyntaxExprNodes.swift (in target 'SwiftSyntax' from project 'swift-syntax')

SwiftCompile normal arm64 Compiling\ Deque+Equatable.swift,\ Deque+ExpressibleByArrayLiteral.swift /Users/harishvishwakarma/Library/Developer/Xcode/DerivedData/Revolt-dharrjsambcimaaziudpvzjdcigm/SourcePackages/checkouts/swift-collections/Sources/DequeModule/Deque+Equatable.swift /Users/harishvishwakarma/Library/Developer/Xcode/DerivedData/Revolt-dharrjsambcimaaziudpvzjdcigm/SourcePackages/checkouts/swift-collections/Sources/DequeModule/Deque+ExpressibleByArrayLiteral.swift (in target 'DequeModule' from project 'swift-collections')

SwiftCompile normal arm64 /Users/harishvishwakarma/Library/Developer/Xcode/DerivedData/Revolt-dharrjsambcimaaziudpvzjdcigm/SourcePackages/checkouts/swift-collections/Sources/DequeModule/Deque+Equatable.swift (in target 'DequeModule' from project 'swift-collections')
    cd /Users/harishvishwakarma/Handy/Archem/pepchat-ios/Revolt.xcodeproj
    

SwiftCompile normal arm64 /Users/harishvishwakarma/Library/Developer/Xcode/DerivedData/Revolt-dharrjsambcimaaziudpvzjdcigm/SourcePackages/checkouts/swift-collections/Sources/DequeModule/Deque+ExpressibleByArrayLiteral.swift (in target 'DequeModule' from project 'swift-collections')
    cd /Users/harishvishwakarma/Handy/Archem/pepchat-ios/Revolt.xcodeproj
    

SwiftDriverJobDiscovery normal arm64 Compiling _HashNode+Invariants.swift, _HashNode+Lookups.swift, _HashNode+Primitive Insertions.swift, _HashNode+Primitive Removals.swift, _HashNode+Primitive Replacement.swift, _HashNode+Storage.swift, _HashNode+Structural compactMapValues.swift (in target 'HashTreeCollections' from project 'swift-collections')

SwiftCompile normal arm64 Compiling\ Deque._UnsafeHandle.swift /Users/harishvishwakarma/Library/Developer/Xcode/DerivedData/Revolt-dharrjsambcimaaziudpvzjdcigm/SourcePackages/checkouts/swift-collections/Sources/DequeModule/Deque._UnsafeHandle.swift (in target 'DequeModule' from project 'swift-collections')

SwiftCompile normal arm64 /Users/harishvishwakarma/Library/Developer/Xcode/DerivedData/Revolt-dharrjsambcimaaziudpvzjdcigm/SourcePackages/checkouts/swift-collections/Sources/DequeModule/Deque._UnsafeHandle.swift (in target 'DequeModule' from project 'swift-collections')
    cd /Users/harishvishwakarma/Handy/Archem/pepchat-ios/Revolt.xcodeproj
    

SwiftDriverJobDiscovery normal arm64 Compiling HCaptcha+Rx.swift (in target 'HCaptcha_RxSwift' from project 'HCaptcha')

SwiftDriver\ Compilation HCaptcha_RxSwift normal arm64 com.apple.xcode.tools.swift.compiler (in target 'HCaptcha_RxSwift' from project 'HCaptcha')
    cd /Users/harishvishwakarma/Handy/Archem/pepchat-ios/Revolt.xcodeproj
    builtin-Swift-Compilation -- /Applications/Xcode.app/Contents/Developer/Toolchains/XcodeDefault.xctoolchain/usr/bin/swiftc -module-name HCaptcha_RxSwift -Onone -enforce-exclusivity\=checked @/Users/harishvishwakarma/Library/Developer/Xcode/DerivedData/Revolt-dharrjsambcimaaziudpvzjdcigm/Build/Intermediates.noindex/HCaptcha.build/Debug-iphoneos/HCaptcha_RxSwift.build/Objects-normal/arm64/HCaptcha_RxSwift.SwiftFileList -DSWIFT_PACKAGE -DDEBUG -DXcode -plugin-path /Applications/Xcode.app/Contents/Developer/Toolchains/XcodeDefault.xctoolchain/usr/lib/swift/host/plugins/testing -enable-experimental-feature DebugDescriptionMacro -sdk /Applications/Xcode.app/Contents/Developer/Platforms/iPhoneOS.platform/Developer/SDKs/iPhoneOS18.5.sdk -target arm64-apple-ios12.0 -g -module-cache-path /Users/harishvishwakarma/Library/Developer/Xcode/DerivedData/ModuleCache.noindex -Xfrontend -serialize-debugging-options -enable-testing -suppress-warnings -index-store-path /Users/harishvishwakarma/Library/Developer/Xcode/DerivedData/Revolt-dharrjsambcimaaziudpvzjdcigm/Index.noindex/DataStore -swift-version 5 -I /Users/harishvishwakarma/Library/Developer/Xcode/DerivedData/Revolt-dharrjsambcimaaziudpvzjdcigm/Build/Products/Debug-iphoneos -I /Applications/Xcode.app/Contents/Developer/Platforms/iPhoneOS.platform/Developer/usr/lib -F /Users/harishvishwakarma/Library/Developer/Xcode/DerivedData/Revolt-dharrjsambcimaaziudpvzjdcigm/Build/Products/Debug-iphoneos/PackageFrameworks -F /Users/harishvishwakarma/Library/Developer/Xcode/DerivedData/Revolt-dharrjsambcimaaziudpvzjdcigm/Build/Products/Debug-iphoneos/PackageFrameworks -F /Users/harishvishwakarma/Library/Developer/Xcode/DerivedData/Revolt-dharrjsambcimaaziudpvzjdcigm/Build/Products/Debug-iphoneos -F /Applications/Xcode.app/Contents/Developer/Platforms/iPhoneOS.platform/Developer/Library/Frameworks -F /Applications/Xcode.app/Contents/Developer/Platforms/iPhoneOS.platform/Developer/SDKs/iPhoneOS18.5.sdk/Developer/Library/Frameworks -parse-as-library -c -j12 -enable-batch-mode -incremental -Xcc -ivfsstatcache -Xcc /Users/harishvishwakarma/Library/Developer/Xcode/DerivedData/SDKStatCaches.noindex/iphoneos18.5-22F76-7fa4eea80a99bbfdc046826b63ec4baf.sdkstatcache -output-file-map /Users/harishvishwakarma/Library/Developer/Xcode/DerivedData/Revolt-dharrjsambcimaaziudpvzjdcigm/Build/Intermediates.noindex/HCaptcha.build/Debug-iphoneos/HCaptcha_RxSwift.build/Objects-normal/arm64/HCaptcha_RxSwift-OutputFileMap.json -use-frontend-parseable-output -save-temps -no-color-diagnostics -serialize-diagnostics -emit-dependencies -emit-module -emit-module-path /Users/harishvishwakarma/Library/Developer/Xcode/DerivedData/Revolt-dharrjsambcimaaziudpvzjdcigm/Build/Intermediates.noindex/HCaptcha.build/Debug-iphoneos/HCaptcha_RxSwift.build/Objects-normal/arm64/HCaptcha_RxSwift.swiftmodule -validate-clang-modules-once -clang-build-session-file /Users/harishvishwakarma/Library/Developer/Xcode/DerivedData/ModuleCache.noindex/Session.modulevalidation -Xcc -I/Users/harishvishwakarma/Library/Developer/Xcode/DerivedData/Revolt-dharrjsambcimaaziudpvzjdcigm/Build/Intermediates.noindex/HCaptcha.build/Debug-iphoneos/HCaptcha_RxSwift.build/swift-overrides.hmap -emit-const-values -Xfrontend -const-gather-protocols-file -Xfrontend /Users/harishvishwakarma/Library/Developer/Xcode/DerivedData/Revolt-dharrjsambcimaaziudpvzjdcigm/Build/Intermediates.noindex/HCaptcha.build/Debug-iphoneos/HCaptcha_RxSwift.build/Objects-normal/arm64/HCaptcha_RxSwift_const_extract_protocols.json -Xcc -I/Users/harishvishwakarma/Library/Developer/Xcode/DerivedData/Revolt-dharrjsambcimaaziudpvzjdcigm/Build/Products/Debug-iphoneos/include -Xcc -I/Users/harishvishwakarma/Library/Developer/Xcode/DerivedData/Revolt-dharrjsambcimaaziudpvzjdcigm/Build/Intermediates.noindex/HCaptcha.build/Debug-iphoneos/HCaptcha_RxSwift.build/DerivedSources-normal/arm64 -Xcc -I/Users/harishvishwakarma/Library/Developer/Xcode/DerivedData/Revolt-dharrjsambcimaaziudpvzjdcigm/Build/Intermediates.noindex/HCaptcha.build/Debug-iphoneos/HCaptcha_RxSwift.build/DerivedSources/arm64 -Xcc -I/Users/harishvishwakarma/Library/Developer/Xcode/DerivedData/Revolt-dharrjsambcimaaziudpvzjdcigm/Build/Intermediates.noindex/HCaptcha.build/Debug-iphoneos/HCaptcha_RxSwift.build/DerivedSources -Xcc -DSWIFT_PACKAGE -Xcc -DDEBUG\=1 -emit-objc-header -emit-objc-header-path /Users/harishvishwakarma/Library/Developer/Xcode/DerivedData/Revolt-dharrjsambcimaaziudpvzjdcigm/Build/Intermediates.noindex/HCaptcha.build/Debug-iphoneos/HCaptcha_RxSwift.build/Objects-normal/arm64/HCaptcha_RxSwift-Swift.h -working-directory /Users/harishvishwakarma/Handy/Archem/pepchat-ios/Revolt.xcodeproj -experimental-emit-module-separately -disable-cmo

SwiftDriverJobDiscovery normal arm64 Compiling TreeSet+SetAlgebra formSymmetricDifference.swift, TreeSet+SetAlgebra formUnion.swift, TreeSet+SetAlgebra intersection.swift, TreeSet+SetAlgebra isDisjoint.swift, TreeSet+SetAlgebra isEqualSet.swift, TreeSet+SetAlgebra isStrictSubset.swift, TreeSet+SetAlgebra isStrictSuperset.swift (in target 'HashTreeCollections' from project 'swift-collections')

SwiftCompile normal arm64 Compiling\ _UnsafeWrappedBuffer.swift /Users/harishvishwakarma/Library/Developer/Xcode/DerivedData/Revolt-dharrjsambcimaaziudpvzjdcigm/SourcePackages/checkouts/swift-collections/Sources/DequeModule/_UnsafeWrappedBuffer.swift (in target 'DequeModule' from project 'swift-collections')

SwiftCompile normal arm64 /Users/harishvishwakarma/Library/Developer/Xcode/DerivedData/Revolt-dharrjsambcimaaziudpvzjdcigm/SourcePackages/checkouts/swift-collections/Sources/DequeModule/_UnsafeWrappedBuffer.swift (in target 'DequeModule' from project 'swift-collections')
    cd /Users/harishvishwakarma/Handy/Archem/pepchat-ios/Revolt.xcodeproj
    

SwiftCompile normal arm64 Compiling\ Deque+Testing.swift /Users/harishvishwakarma/Library/Developer/Xcode/DerivedData/Revolt-dharrjsambcimaaziudpvzjdcigm/SourcePackages/checkouts/swift-collections/Sources/DequeModule/Deque+Testing.swift (in target 'DequeModule' from project 'swift-collections')

SwiftCompile normal arm64 /Users/harishvishwakarma/Library/Developer/Xcode/DerivedData/Revolt-dharrjsambcimaaziudpvzjdcigm/SourcePackages/checkouts/swift-collections/Sources/DequeModule/Deque+Testing.swift (in target 'DequeModule' from project 'swift-collections')
    cd /Users/harishvishwakarma/Handy/Archem/pepchat-ios/Revolt.xcodeproj
    

SwiftCompile normal arm64 Compiling\ Deque._Storage.swift /Users/harishvishwakarma/Library/Developer/Xcode/DerivedData/Revolt-dharrjsambcimaaziudpvzjdcigm/SourcePackages/checkouts/swift-collections/Sources/DequeModule/Deque._Storage.swift (in target 'DequeModule' from project 'swift-collections')

SwiftCompile normal arm64 /Users/harishvishwakarma/Library/Developer/Xcode/DerivedData/Revolt-dharrjsambcimaaziudpvzjdcigm/SourcePackages/checkouts/swift-collections/Sources/DequeModule/Deque._Storage.swift (in target 'DequeModule' from project 'swift-collections')
    cd /Users/harishvishwakarma/Handy/Archem/pepchat-ios/Revolt.xcodeproj
    

SwiftDriverJobDiscovery normal arm64 Compiling TreeSet+Collection.swift, TreeSet+CustomReflectable.swift, TreeSet+Debugging.swift, TreeSet+Descriptions.swift, TreeSet+Equatable.swift, TreeSet+ExpressibleByArrayLiteral.swift, TreeSet+Extras.swift (in target 'HashTreeCollections' from project 'swift-collections')

SwiftDriverJobDiscovery normal arm64 Compiling TreeSet+SetAlgebra isSubset.swift, TreeSet+SetAlgebra isSuperset.swift, TreeSet+SetAlgebra subtract.swift, TreeSet+SetAlgebra subtracting.swift, TreeSet+SetAlgebra symmetricDifference.swift, TreeSet+SetAlgebra union.swift, TreeSet.swift (in target 'HashTreeCollections' from project 'swift-collections')

SwiftCompile normal arm64 Compiling\ _DequeSlot.swift /Users/harishvishwakarma/Library/Developer/Xcode/DerivedData/Revolt-dharrjsambcimaaziudpvzjdcigm/SourcePackages/checkouts/swift-collections/Sources/DequeModule/_DequeSlot.swift (in target 'DequeModule' from project 'swift-collections')

SwiftCompile normal arm64 /Users/harishvishwakarma/Library/Developer/Xcode/DerivedData/Revolt-dharrjsambcimaaziudpvzjdcigm/SourcePackages/checkouts/swift-collections/Sources/DequeModule/_DequeSlot.swift (in target 'DequeModule' from project 'swift-collections')
    cd /Users/harishvishwakarma/Handy/Archem/pepchat-ios/Revolt.xcodeproj
    

SwiftDriverJobDiscovery normal arm64 Compiling TreeSet+Filter.swift, TreeSet+Hashable.swift, TreeSet+Sendable.swift, TreeSet+Sequence.swift, TreeSet+SetAlgebra Initializers.swift, TreeSet+SetAlgebra basics.swift, TreeSet+SetAlgebra formIntersection.swift (in target 'HashTreeCollections' from project 'swift-collections')

SwiftDriver\ Compilation HashTreeCollections normal arm64 com.apple.xcode.tools.swift.compiler (in target 'HashTreeCollections' from project 'swift-collections')
    cd /Users/harishvishwakarma/Handy/Archem/pepchat-ios/Revolt.xcodeproj
    builtin-Swift-Compilation -- /Applications/Xcode.app/Contents/Developer/Toolchains/XcodeDefault.xctoolchain/usr/bin/swiftc -module-name HashTreeCollections -Onone -enforce-exclusivity\=checked @/Users/harishvishwakarma/Library/Developer/Xcode/DerivedData/Revolt-dharrjsambcimaaziudpvzjdcigm/Build/Intermediates.noindex/swift-collections.build/Debug-iphoneos/HashTreeCollections.build/Objects-normal/arm64/HashTreeCollections.SwiftFileList -DSWIFT_PACKAGE -DDEBUG -DCOLLECTIONS_RANDOMIZED_TESTING -DXcode -plugin-path /Applications/Xcode.app/Contents/Developer/Toolchains/XcodeDefault.xctoolchain/usr/lib/swift/host/plugins/testing -enable-experimental-feature DebugDescriptionMacro -sdk /Applications/Xcode.app/Contents/Developer/Platforms/iPhoneOS.platform/Developer/SDKs/iPhoneOS18.5.sdk -target arm64-apple-ios12.0 -g -module-cache-path /Users/harishvishwakarma/Library/Developer/Xcode/DerivedData/ModuleCache.noindex -Xfrontend -serialize-debugging-options -enable-testing -suppress-warnings -index-store-path /Users/harishvishwakarma/Library/Developer/Xcode/DerivedData/Revolt-dharrjsambcimaaziudpvzjdcigm/Index.noindex/DataStore -swift-version 5 -I /Users/harishvishwakarma/Library/Developer/Xcode/DerivedData/Revolt-dharrjsambcimaaziudpvzjdcigm/Build/Products/Debug-iphoneos -I /Applications/Xcode.app/Contents/Developer/Platforms/iPhoneOS.platform/Developer/usr/lib -F /Users/harishvishwakarma/Library/Developer/Xcode/DerivedData/Revolt-dharrjsambcimaaziudpvzjdcigm/Build/Products/Debug-iphoneos/PackageFrameworks -F /Users/harishvishwakarma/Library/Developer/Xcode/DerivedData/Revolt-dharrjsambcimaaziudpvzjdcigm/Build/Products/Debug-iphoneos -F /Applications/Xcode.app/Contents/Developer/Platforms/iPhoneOS.platform/Developer/Library/Frameworks -F /Applications/Xcode.app/Contents/Developer/Platforms/iPhoneOS.platform/Developer/SDKs/iPhoneOS18.5.sdk/Developer/Library/Frameworks -c -j12 -enable-batch-mode -incremental -Xcc -ivfsstatcache -Xcc /Users/harishvishwakarma/Library/Developer/Xcode/DerivedData/SDKStatCaches.noindex/iphoneos18.5-22F76-7fa4eea80a99bbfdc046826b63ec4baf.sdkstatcache -output-file-map /Users/harishvishwakarma/Library/Developer/Xcode/DerivedData/Revolt-dharrjsambcimaaziudpvzjdcigm/Build/Intermediates.noindex/swift-collections.build/Debug-iphoneos/HashTreeCollections.build/Objects-normal/arm64/HashTreeCollections-OutputFileMap.json -use-frontend-parseable-output -save-temps -no-color-diagnostics -serialize-diagnostics -emit-dependencies -emit-module -emit-module-path /Users/harishvishwakarma/Library/Developer/Xcode/DerivedData/Revolt-dharrjsambcimaaziudpvzjdcigm/Build/Intermediates.noindex/swift-collections.build/Debug-iphoneos/HashTreeCollections.build/Objects-normal/arm64/HashTreeCollections.swiftmodule -validate-clang-modules-once -clang-build-session-file /Users/harishvishwakarma/Library/Developer/Xcode/DerivedData/ModuleCache.noindex/Session.modulevalidation -Xcc -I/Users/harishvishwakarma/Library/Developer/Xcode/DerivedData/Revolt-dharrjsambcimaaziudpvzjdcigm/Build/Intermediates.noindex/swift-collections.build/Debug-iphoneos/HashTreeCollections.build/swift-overrides.hmap -emit-const-values -Xfrontend -const-gather-protocols-file -Xfrontend /Users/harishvishwakarma/Library/Developer/Xcode/DerivedData/Revolt-dharrjsambcimaaziudpvzjdcigm/Build/Intermediates.noindex/swift-collections.build/Debug-iphoneos/HashTreeCollections.build/Objects-normal/arm64/HashTreeCollections_const_extract_protocols.json -Xcc -I/Users/harishvishwakarma/Library/Developer/Xcode/DerivedData/Revolt-dharrjsambcimaaziudpvzjdcigm/Build/Products/Debug-iphoneos/include -Xcc -I/Users/harishvishwakarma/Library/Developer/Xcode/DerivedData/Revolt-dharrjsambcimaaziudpvzjdcigm/Build/Intermediates.noindex/swift-collections.build/Debug-iphoneos/HashTreeCollections.build/DerivedSources-normal/arm64 -Xcc -I/Users/harishvishwakarma/Library/Developer/Xcode/DerivedData/Revolt-dharrjsambcimaaziudpvzjdcigm/Build/Intermediates.noindex/swift-collections.build/Debug-iphoneos/HashTreeCollections.build/DerivedSources/arm64 -Xcc -I/Users/harishvishwakarma/Library/Developer/Xcode/DerivedData/Revolt-dharrjsambcimaaziudpvzjdcigm/Build/Intermediates.noindex/swift-collections.build/Debug-iphoneos/HashTreeCollections.build/DerivedSources -Xcc -DSWIFT_PACKAGE -Xcc -DDEBUG\=1 -emit-objc-header -emit-objc-header-path /Users/harishvishwakarma/Library/Developer/Xcode/DerivedData/Revolt-dharrjsambcimaaziudpvzjdcigm/Build/Intermediates.noindex/swift-collections.build/Debug-iphoneos/HashTreeCollections.build/Objects-normal/arm64/HashTreeCollections-Swift.h -working-directory /Users/harishvishwakarma/Handy/Archem/pepchat-ios/Revolt.xcodeproj -experimental-emit-module-separately -disable-cmo

SwiftDriverJobDiscovery normal arm64 Compiling Deque+Extras.swift, Deque+Hashable.swift (in target 'DequeModule' from project 'swift-collections')

SwiftCompile normal arm64 Compiling\ Deque+Codable.swift,\ Deque+Collection.swift /Users/harishvishwakarma/Library/Developer/Xcode/DerivedData/Revolt-dharrjsambcimaaziudpvzjdcigm/SourcePackages/checkouts/swift-collections/Sources/DequeModule/Deque+Codable.swift /Users/harishvishwakarma/Library/Developer/Xcode/DerivedData/Revolt-dharrjsambcimaaziudpvzjdcigm/SourcePackages/checkouts/swift-collections/Sources/DequeModule/Deque+Collection.swift (in target 'DequeModule' from project 'swift-collections')

SwiftCompile normal arm64 /Users/harishvishwakarma/Library/Developer/Xcode/DerivedData/Revolt-dharrjsambcimaaziudpvzjdcigm/SourcePackages/checkouts/swift-collections/Sources/DequeModule/Deque+Codable.swift (in target 'DequeModule' from project 'swift-collections')
    cd /Users/harishvishwakarma/Handy/Archem/pepchat-ios/Revolt.xcodeproj
    

SwiftCompile normal arm64 /Users/harishvishwakarma/Library/Developer/Xcode/DerivedData/Revolt-dharrjsambcimaaziudpvzjdcigm/SourcePackages/checkouts/swift-collections/Sources/DequeModule/Deque+Collection.swift (in target 'DequeModule' from project 'swift-collections')
    cd /Users/harishvishwakarma/Handy/Archem/pepchat-ios/Revolt.xcodeproj
    

SwiftCompile normal arm64 Compiling\ _DequeBuffer.swift /Users/harishvishwakarma/Library/Developer/Xcode/DerivedData/Revolt-dharrjsambcimaaziudpvzjdcigm/SourcePackages/checkouts/swift-collections/Sources/DequeModule/_DequeBuffer.swift (in target 'DequeModule' from project 'swift-collections')

SwiftCompile normal arm64 /Users/harishvishwakarma/Library/Developer/Xcode/DerivedData/Revolt-dharrjsambcimaaziudpvzjdcigm/SourcePackages/checkouts/swift-collections/Sources/DequeModule/_DequeBuffer.swift (in target 'DequeModule' from project 'swift-collections')
    cd /Users/harishvishwakarma/Handy/Archem/pepchat-ios/Revolt.xcodeproj
    

SwiftDriverJobDiscovery normal arm64 Compiling Deque+CustomReflectable.swift, Deque+Descriptions.swift (in target 'DequeModule' from project 'swift-collections')

SwiftCompile normal arm64 Compiling\ BitSet+SetAlgebra\ conformance.swift,\ BitSet+SetAlgebra\ formIntersection.swift,\ BitSet+SetAlgebra\ formSymmetricDifference.swift,\ BitSet+SetAlgebra\ formUnion.swift,\ BitSet+SetAlgebra\ intersection.swift /Users/harishvishwakarma/Library/Developer/Xcode/DerivedData/Revolt-dharrjsambcimaaziudpvzjdcigm/SourcePackages/checkouts/swift-collections/Sources/BitCollections/BitSet/BitSet+SetAlgebra\ conformance.swift /Users/harishvishwakarma/Library/Developer/Xcode/DerivedData/Revolt-dharrjsambcimaaziudpvzjdcigm/SourcePackages/checkouts/swift-collections/Sources/BitCollections/BitSet/BitSet+SetAlgebra\ formIntersection.swift /Users/harishvishwakarma/Library/Developer/Xcode/DerivedData/Revolt-dharrjsambcimaaziudpvzjdcigm/SourcePackages/checkouts/swift-collections/Sources/BitCollections/BitSet/BitSet+SetAlgebra\ formSymmetricDifference.swift /Users/harishvishwakarma/Library/Developer/Xcode/DerivedData/Revolt-dharrjsambcimaaziudpvzjdcigm/SourcePackages/checkouts/swift-collections/Sources/BitCollections/BitSet/BitSet+SetAlgebra\ formUnion.swift /Users/harishvishwakarma/Library/Developer/Xcode/DerivedData/Revolt-dharrjsambcimaaziudpvzjdcigm/SourcePackages/checkouts/swift-collections/Sources/BitCollections/BitSet/BitSet+SetAlgebra\ intersection.swift (in target 'BitCollections' from project 'swift-collections')

SwiftCompile normal arm64 /Users/harishvishwakarma/Library/Developer/Xcode/DerivedData/Revolt-dharrjsambcimaaziudpvzjdcigm/SourcePackages/checkouts/swift-collections/Sources/BitCollections/BitSet/BitSet+SetAlgebra\ conformance.swift (in target 'BitCollections' from project 'swift-collections')
    cd /Users/harishvishwakarma/Handy/Archem/pepchat-ios/Revolt.xcodeproj
    

SwiftCompile normal arm64 /Users/harishvishwakarma/Library/Developer/Xcode/DerivedData/Revolt-dharrjsambcimaaziudpvzjdcigm/SourcePackages/checkouts/swift-collections/Sources/BitCollections/BitSet/BitSet+SetAlgebra\ formIntersection.swift (in target 'BitCollections' from project 'swift-collections')
    cd /Users/harishvishwakarma/Handy/Archem/pepchat-ios/Revolt.xcodeproj
    

SwiftCompile normal arm64 /Users/harishvishwakarma/Library/Developer/Xcode/DerivedData/Revolt-dharrjsambcimaaziudpvzjdcigm/SourcePackages/checkouts/swift-collections/Sources/BitCollections/BitSet/BitSet+SetAlgebra\ formSymmetricDifference.swift (in target 'BitCollections' from project 'swift-collections')
    cd /Users/harishvishwakarma/Handy/Archem/pepchat-ios/Revolt.xcodeproj
    

SwiftCompile normal arm64 /Users/harishvishwakarma/Library/Developer/Xcode/DerivedData/Revolt-dharrjsambcimaaziudpvzjdcigm/SourcePackages/checkouts/swift-collections/Sources/BitCollections/BitSet/BitSet+SetAlgebra\ formUnion.swift (in target 'BitCollections' from project 'swift-collections')
    cd /Users/harishvishwakarma/Handy/Archem/pepchat-ios/Revolt.xcodeproj
    

SwiftCompile normal arm64 /Users/harishvishwakarma/Library/Developer/Xcode/DerivedData/Revolt-dharrjsambcimaaziudpvzjdcigm/SourcePackages/checkouts/swift-collections/Sources/BitCollections/BitSet/BitSet+SetAlgebra\ intersection.swift (in target 'BitCollections' from project 'swift-collections')
    cd /Users/harishvishwakarma/Handy/Archem/pepchat-ios/Revolt.xcodeproj
    

SwiftDriverJobDiscovery normal arm64 Compiling Deque.swift (in target 'DequeModule' from project 'swift-collections')

SwiftCompile normal arm64 Compiling\ BitArray+CustomReflectable.swift,\ BitArray+Descriptions.swift,\ BitArray+Equatable.swift,\ BitArray+ExpressibleByArrayLiteral.swift,\ BitArray+ExpressibleByStringLiteral.swift /Users/harishvishwakarma/Library/Developer/Xcode/DerivedData/Revolt-dharrjsambcimaaziudpvzjdcigm/SourcePackages/checkouts/swift-collections/Sources/BitCollections/BitArray/BitArray+CustomReflectable.swift /Users/harishvishwakarma/Library/Developer/Xcode/DerivedData/Revolt-dharrjsambcimaaziudpvzjdcigm/SourcePackages/checkouts/swift-collections/Sources/BitCollections/BitArray/BitArray+Descriptions.swift /Users/harishvishwakarma/Library/Developer/Xcode/DerivedData/Revolt-dharrjsambcimaaziudpvzjdcigm/SourcePackages/checkouts/swift-collections/Sources/BitCollections/BitArray/BitArray+Equatable.swift /Users/harishvishwakarma/Library/Developer/Xcode/DerivedData/Revolt-dharrjsambcimaaziudpvzjdcigm/SourcePackages/checkouts/swift-collections/Sources/BitCollections/BitArray/BitArray+ExpressibleByArrayLiteral.swift /Users/harishvishwakarma/Library/Developer/Xcode/DerivedData/Revolt-dharrjsambcimaaziudpvzjdcigm/SourcePackages/checkouts/swift-collections/Sources/BitCollections/BitArray/BitArray+ExpressibleByStringLiteral.swift (in target 'BitCollections' from project 'swift-collections')

SwiftCompile normal arm64 /Users/harishvishwakarma/Library/Developer/Xcode/DerivedData/Revolt-dharrjsambcimaaziudpvzjdcigm/SourcePackages/checkouts/swift-collections/Sources/BitCollections/BitArray/BitArray+CustomReflectable.swift (in target 'BitCollections' from project 'swift-collections')
    cd /Users/harishvishwakarma/Handy/Archem/pepchat-ios/Revolt.xcodeproj
    

SwiftCompile normal arm64 /Users/harishvishwakarma/Library/Developer/Xcode/DerivedData/Revolt-dharrjsambcimaaziudpvzjdcigm/SourcePackages/checkouts/swift-collections/Sources/BitCollections/BitArray/BitArray+Descriptions.swift (in target 'BitCollections' from project 'swift-collections')
    cd /Users/harishvishwakarma/Handy/Archem/pepchat-ios/Revolt.xcodeproj
    

SwiftCompile normal arm64 /Users/harishvishwakarma/Library/Developer/Xcode/DerivedData/Revolt-dharrjsambcimaaziudpvzjdcigm/SourcePackages/checkouts/swift-collections/Sources/BitCollections/BitArray/BitArray+Equatable.swift (in target 'BitCollections' from project 'swift-collections')
    cd /Users/harishvishwakarma/Handy/Archem/pepchat-ios/Revolt.xcodeproj
    

SwiftCompile normal arm64 /Users/harishvishwakarma/Library/Developer/Xcode/DerivedData/Revolt-dharrjsambcimaaziudpvzjdcigm/SourcePackages/checkouts/swift-collections/Sources/BitCollections/BitArray/BitArray+ExpressibleByArrayLiteral.swift (in target 'BitCollections' from project 'swift-collections')
    cd /Users/harishvishwakarma/Handy/Archem/pepchat-ios/Revolt.xcodeproj
    

SwiftCompile normal arm64 /Users/harishvishwakarma/Library/Developer/Xcode/DerivedData/Revolt-dharrjsambcimaaziudpvzjdcigm/SourcePackages/checkouts/swift-collections/Sources/BitCollections/BitArray/BitArray+ExpressibleByStringLiteral.swift (in target 'BitCollections' from project 'swift-collections')
    cd /Users/harishvishwakarma/Handy/Archem/pepchat-ios/Revolt.xcodeproj
    

SwiftDriverJobDiscovery normal arm64 Compiling _DequeBufferHeader.swift (in target 'DequeModule' from project 'swift-collections')

SwiftCompile normal arm64 Compiling\ BitArray._UnsafeHandle.swift,\ BitArray.swift,\ BitSet+BidirectionalCollection.swift,\ BitSet+Codable.swift,\ BitSet+CustomDebugStringConvertible.swift /Users/harishvishwakarma/Library/Developer/Xcode/DerivedData/Revolt-dharrjsambcimaaziudpvzjdcigm/SourcePackages/checkouts/swift-collections/Sources/BitCollections/BitArray/BitArray._UnsafeHandle.swift /Users/harishvishwakarma/Library/Developer/Xcode/DerivedData/Revolt-dharrjsambcimaaziudpvzjdcigm/SourcePackages/checkouts/swift-collections/Sources/BitCollections/BitArray/BitArray.swift /Users/harishvishwakarma/Library/Developer/Xcode/DerivedData/Revolt-dharrjsambcimaaziudpvzjdcigm/SourcePackages/checkouts/swift-collections/Sources/BitCollections/BitSet/BitSet+BidirectionalCollection.swift /Users/harishvishwakarma/Library/Developer/Xcode/DerivedData/Revolt-dharrjsambcimaaziudpvzjdcigm/SourcePackages/checkouts/swift-collections/Sources/BitCollections/BitSet/BitSet+Codable.swift /Users/harishvishwakarma/Library/Developer/Xcode/DerivedData/Revolt-dharrjsambcimaaziudpvzjdcigm/SourcePackages/checkouts/swift-collections/Sources/BitCollections/BitSet/BitSet+CustomDebugStringConvertible.swift (in target 'BitCollections' from project 'swift-collections')

SwiftCompile normal arm64 /Users/harishvishwakarma/Library/Developer/Xcode/DerivedData/Revolt-dharrjsambcimaaziudpvzjdcigm/SourcePackages/checkouts/swift-collections/Sources/BitCollections/BitArray/BitArray._UnsafeHandle.swift (in target 'BitCollections' from project 'swift-collections')
    cd /Users/harishvishwakarma/Handy/Archem/pepchat-ios/Revolt.xcodeproj
    

SwiftCompile normal arm64 /Users/harishvishwakarma/Library/Developer/Xcode/DerivedData/Revolt-dharrjsambcimaaziudpvzjdcigm/SourcePackages/checkouts/swift-collections/Sources/BitCollections/BitArray/BitArray.swift (in target 'BitCollections' from project 'swift-collections')
    cd /Users/harishvishwakarma/Handy/Archem/pepchat-ios/Revolt.xcodeproj
    

SwiftCompile normal arm64 /Users/harishvishwakarma/Library/Developer/Xcode/DerivedData/Revolt-dharrjsambcimaaziudpvzjdcigm/SourcePackages/checkouts/swift-collections/Sources/BitCollections/BitSet/BitSet+BidirectionalCollection.swift (in target 'BitCollections' from project 'swift-collections')
    cd /Users/harishvishwakarma/Handy/Archem/pepchat-ios/Revolt.xcodeproj
    

SwiftCompile normal arm64 /Users/harishvishwakarma/Library/Developer/Xcode/DerivedData/Revolt-dharrjsambcimaaziudpvzjdcigm/SourcePackages/checkouts/swift-collections/Sources/BitCollections/BitSet/BitSet+Codable.swift (in target 'BitCollections' from project 'swift-collections')
    cd /Users/harishvishwakarma/Handy/Archem/pepchat-ios/Revolt.xcodeproj
    

SwiftCompile normal arm64 /Users/harishvishwakarma/Library/Developer/Xcode/DerivedData/Revolt-dharrjsambcimaaziudpvzjdcigm/SourcePackages/checkouts/swift-collections/Sources/BitCollections/BitSet/BitSet+CustomDebugStringConvertible.swift (in target 'BitCollections' from project 'swift-collections')
    cd /Users/harishvishwakarma/Handy/Archem/pepchat-ios/Revolt.xcodeproj
    

SwiftDriverJobDiscovery normal arm64 Compiling Deque+Equatable.swift, Deque+ExpressibleByArrayLiteral.swift (in target 'DequeModule' from project 'swift-collections')

SwiftCompile normal arm64 Compiling\ BitSet+SetAlgebra\ isDisjoint.swift,\ BitSet+SetAlgebra\ isEqualSet.swift,\ BitSet+SetAlgebra\ isStrictSubset.swift,\ BitSet+SetAlgebra\ isStrictSuperset.swift,\ BitSet+SetAlgebra\ isSubset.swift /Users/harishvishwakarma/Library/Developer/Xcode/DerivedData/Revolt-dharrjsambcimaaziudpvzjdcigm/SourcePackages/checkouts/swift-collections/Sources/BitCollections/BitSet/BitSet+SetAlgebra\ isDisjoint.swift /Users/harishvishwakarma/Library/Developer/Xcode/DerivedData/Revolt-dharrjsambcimaaziudpvzjdcigm/SourcePackages/checkouts/swift-collections/Sources/BitCollections/BitSet/BitSet+SetAlgebra\ isEqualSet.swift /Users/harishvishwakarma/Library/Developer/Xcode/DerivedData/Revolt-dharrjsambcimaaziudpvzjdcigm/SourcePackages/checkouts/swift-collections/Sources/BitCollections/BitSet/BitSet+SetAlgebra\ isStrictSubset.swift /Users/harishvishwakarma/Library/Developer/Xcode/DerivedData/Revolt-dharrjsambcimaaziudpvzjdcigm/SourcePackages/checkouts/swift-collections/Sources/BitCollections/BitSet/BitSet+SetAlgebra\ isStrictSuperset.swift /Users/harishvishwakarma/Library/Developer/Xcode/DerivedData/Revolt-dharrjsambcimaaziudpvzjdcigm/SourcePackages/checkouts/swift-collections/Sources/BitCollections/BitSet/BitSet+SetAlgebra\ isSubset.swift (in target 'BitCollections' from project 'swift-collections')

SwiftCompile normal arm64 /Users/harishvishwakarma/Library/Developer/Xcode/DerivedData/Revolt-dharrjsambcimaaziudpvzjdcigm/SourcePackages/checkouts/swift-collections/Sources/BitCollections/BitSet/BitSet+SetAlgebra\ isDisjoint.swift (in target 'BitCollections' from project 'swift-collections')
    cd /Users/harishvishwakarma/Handy/Archem/pepchat-ios/Revolt.xcodeproj
    

SwiftCompile normal arm64 /Users/harishvishwakarma/Library/Developer/Xcode/DerivedData/Revolt-dharrjsambcimaaziudpvzjdcigm/SourcePackages/checkouts/swift-collections/Sources/BitCollections/BitSet/BitSet+SetAlgebra\ isEqualSet.swift (in target 'BitCollections' from project 'swift-collections')
    cd /Users/harishvishwakarma/Handy/Archem/pepchat-ios/Revolt.xcodeproj
    

SwiftCompile normal arm64 /Users/harishvishwakarma/Library/Developer/Xcode/DerivedData/Revolt-dharrjsambcimaaziudpvzjdcigm/SourcePackages/checkouts/swift-collections/Sources/BitCollections/BitSet/BitSet+SetAlgebra\ isStrictSubset.swift (in target 'BitCollections' from project 'swift-collections')
    cd /Users/harishvishwakarma/Handy/Archem/pepchat-ios/Revolt.xcodeproj
    

SwiftCompile normal arm64 /Users/harishvishwakarma/Library/Developer/Xcode/DerivedData/Revolt-dharrjsambcimaaziudpvzjdcigm/SourcePackages/checkouts/swift-collections/Sources/BitCollections/BitSet/BitSet+SetAlgebra\ isStrictSuperset.swift (in target 'BitCollections' from project 'swift-collections')
    cd /Users/harishvishwakarma/Handy/Archem/pepchat-ios/Revolt.xcodeproj
    

SwiftCompile normal arm64 /Users/harishvishwakarma/Library/Developer/Xcode/DerivedData/Revolt-dharrjsambcimaaziudpvzjdcigm/SourcePackages/checkouts/swift-collections/Sources/BitCollections/BitSet/BitSet+SetAlgebra\ isSubset.swift (in target 'BitCollections' from project 'swift-collections')
    cd /Users/harishvishwakarma/Handy/Archem/pepchat-ios/Revolt.xcodeproj
    

SwiftDriverJobDiscovery normal arm64 Compiling _DequeSlot.swift (in target 'DequeModule' from project 'swift-collections')

SwiftCompile normal arm64 Compiling\ BitArray+LosslessStringConvertible.swift,\ BitArray+RandomBits.swift,\ BitArray+RangeReplaceableCollection.swift,\ BitArray+Shifts.swift,\ BitArray+Testing.swift /Users/harishvishwakarma/Library/Developer/Xcode/DerivedData/Revolt-dharrjsambcimaaziudpvzjdcigm/SourcePackages/checkouts/swift-collections/Sources/BitCollections/BitArray/BitArray+LosslessStringConvertible.swift /Users/harishvishwakarma/Library/Developer/Xcode/DerivedData/Revolt-dharrjsambcimaaziudpvzjdcigm/SourcePackages/checkouts/swift-collections/Sources/BitCollections/BitArray/BitArray+RandomBits.swift /Users/harishvishwakarma/Library/Developer/Xcode/DerivedData/Revolt-dharrjsambcimaaziudpvzjdcigm/SourcePackages/checkouts/swift-collections/Sources/BitCollections/BitArray/BitArray+RangeReplaceableCollection.swift /Users/harishvishwakarma/Library/Developer/Xcode/DerivedData/Revolt-dharrjsambcimaaziudpvzjdcigm/SourcePackages/checkouts/swift-collections/Sources/BitCollections/BitArray/BitArray+Shifts.swift /Users/harishvishwakarma/Library/Developer/Xcode/DerivedData/Revolt-dharrjsambcimaaziudpvzjdcigm/SourcePackages/checkouts/swift-collections/Sources/BitCollections/BitArray/BitArray+Testing.swift (in target 'BitCollections' from project 'swift-collections')

SwiftCompile normal arm64 /Users/harishvishwakarma/Library/Developer/Xcode/DerivedData/Revolt-dharrjsambcimaaziudpvzjdcigm/SourcePackages/checkouts/swift-collections/Sources/BitCollections/BitArray/BitArray+LosslessStringConvertible.swift (in target 'BitCollections' from project 'swift-collections')
    cd /Users/harishvishwakarma/Handy/Archem/pepchat-ios/Revolt.xcodeproj
    

SwiftCompile normal arm64 /Users/harishvishwakarma/Library/Developer/Xcode/DerivedData/Revolt-dharrjsambcimaaziudpvzjdcigm/SourcePackages/checkouts/swift-collections/Sources/BitCollections/BitArray/BitArray+RandomBits.swift (in target 'BitCollections' from project 'swift-collections')
    cd /Users/harishvishwakarma/Handy/Archem/pepchat-ios/Revolt.xcodeproj
    

SwiftCompile normal arm64 /Users/harishvishwakarma/Library/Developer/Xcode/DerivedData/Revolt-dharrjsambcimaaziudpvzjdcigm/SourcePackages/checkouts/swift-collections/Sources/BitCollections/BitArray/BitArray+RangeReplaceableCollection.swift (in target 'BitCollections' from project 'swift-collections')
    cd /Users/harishvishwakarma/Handy/Archem/pepchat-ios/Revolt.xcodeproj
    

SwiftCompile normal arm64 /Users/harishvishwakarma/Library/Developer/Xcode/DerivedData/Revolt-dharrjsambcimaaziudpvzjdcigm/SourcePackages/checkouts/swift-collections/Sources/BitCollections/BitArray/BitArray+Shifts.swift (in target 'BitCollections' from project 'swift-collections')
    cd /Users/harishvishwakarma/Handy/Archem/pepchat-ios/Revolt.xcodeproj
    

SwiftCompile normal arm64 /Users/harishvishwakarma/Library/Developer/Xcode/DerivedData/Revolt-dharrjsambcimaaziudpvzjdcigm/SourcePackages/checkouts/swift-collections/Sources/BitCollections/BitArray/BitArray+Testing.swift (in target 'BitCollections' from project 'swift-collections')
    cd /Users/harishvishwakarma/Handy/Archem/pepchat-ios/Revolt.xcodeproj
    

SwiftDriverJobDiscovery normal arm64 Compiling Deque+Testing.swift (in target 'DequeModule' from project 'swift-collections')

SwiftCompile normal arm64 Compiling\ BitSet+Hashable.swift,\ BitSet+Initializers.swift,\ BitSet+Invariants.swift,\ BitSet+Random.swift,\ BitSet+SetAlgebra\ basics.swift /Users/harishvishwakarma/Library/Developer/Xcode/DerivedData/Revolt-dharrjsambcimaaziudpvzjdcigm/SourcePackages/checkouts/swift-collections/Sources/BitCollections/BitSet/BitSet+Hashable.swift /Users/harishvishwakarma/Library/Developer/Xcode/DerivedData/Revolt-dharrjsambcimaaziudpvzjdcigm/SourcePackages/checkouts/swift-collections/Sources/BitCollections/BitSet/BitSet+Initializers.swift /Users/harishvishwakarma/Library/Developer/Xcode/DerivedData/Revolt-dharrjsambcimaaziudpvzjdcigm/SourcePackages/checkouts/swift-collections/Sources/BitCollections/BitSet/BitSet+Invariants.swift /Users/harishvishwakarma/Library/Developer/Xcode/DerivedData/Revolt-dharrjsambcimaaziudpvzjdcigm/SourcePackages/checkouts/swift-collections/Sources/BitCollections/BitSet/BitSet+Random.swift /Users/harishvishwakarma/Library/Developer/Xcode/DerivedData/Revolt-dharrjsambcimaaziudpvzjdcigm/SourcePackages/checkouts/swift-collections/Sources/BitCollections/BitSet/BitSet+SetAlgebra\ basics.swift (in target 'BitCollections' from project 'swift-collections')

SwiftCompile normal arm64 /Users/harishvishwakarma/Library/Developer/Xcode/DerivedData/Revolt-dharrjsambcimaaziudpvzjdcigm/SourcePackages/checkouts/swift-collections/Sources/BitCollections/BitSet/BitSet+Hashable.swift (in target 'BitCollections' from project 'swift-collections')
    cd /Users/harishvishwakarma/Handy/Archem/pepchat-ios/Revolt.xcodeproj
    

SwiftCompile normal arm64 /Users/harishvishwakarma/Library/Developer/Xcode/DerivedData/Revolt-dharrjsambcimaaziudpvzjdcigm/SourcePackages/checkouts/swift-collections/Sources/BitCollections/BitSet/BitSet+Initializers.swift (in target 'BitCollections' from project 'swift-collections')
    cd /Users/harishvishwakarma/Handy/Archem/pepchat-ios/Revolt.xcodeproj
    

SwiftCompile normal arm64 /Users/harishvishwakarma/Library/Developer/Xcode/DerivedData/Revolt-dharrjsambcimaaziudpvzjdcigm/SourcePackages/checkouts/swift-collections/Sources/BitCollections/BitSet/BitSet+Invariants.swift (in target 'BitCollections' from project 'swift-collections')
    cd /Users/harishvishwakarma/Handy/Archem/pepchat-ios/Revolt.xcodeproj
    

SwiftCompile normal arm64 /Users/harishvishwakarma/Library/Developer/Xcode/DerivedData/Revolt-dharrjsambcimaaziudpvzjdcigm/SourcePackages/checkouts/swift-collections/Sources/BitCollections/BitSet/BitSet+Random.swift (in target 'BitCollections' from project 'swift-collections')
    cd /Users/harishvishwakarma/Handy/Archem/pepchat-ios/Revolt.xcodeproj
    

SwiftCompile normal arm64 /Users/harishvishwakarma/Library/Developer/Xcode/DerivedData/Revolt-dharrjsambcimaaziudpvzjdcigm/SourcePackages/checkouts/swift-collections/Sources/BitCollections/BitSet/BitSet+SetAlgebra\ basics.swift (in target 'BitCollections' from project 'swift-collections')
    cd /Users/harishvishwakarma/Handy/Archem/pepchat-ios/Revolt.xcodeproj
    

SwiftDriverJobDiscovery normal arm64 Compiling SyntaxVisitor.swift, TokenKind.swift, Tokens.swift, TriviaPieces.swift (in target 'SwiftSyntax' from project 'swift-syntax')

SwiftDriver\ Compilation SwiftSyntax normal arm64 com.apple.xcode.tools.swift.compiler (in target 'SwiftSyntax' from project 'swift-syntax')
    cd /Users/harishvishwakarma/Handy/Archem/pepchat-ios/Revolt.xcodeproj
    builtin-Swift-Compilation -- /Applications/Xcode.app/Contents/Developer/Toolchains/XcodeDefault.xctoolchain/usr/bin/swiftc -module-name SwiftSyntax -Onone -enforce-exclusivity\=checked @/Users/harishvishwakarma/Library/Developer/Xcode/DerivedData/Revolt-dharrjsambcimaaziudpvzjdcigm/Build/Intermediates.noindex/swift-syntax.build/Debug/SwiftSyntax.build/Objects-normal/arm64/SwiftSyntax.SwiftFileList -DSWIFT_PACKAGE -DDEBUG -DXcode -plugin-path /Applications/Xcode.app/Contents/Developer/Toolchains/XcodeDefault.xctoolchain/usr/lib/swift/host/plugins/testing -enable-experimental-feature DebugDescriptionMacro -sdk /Applications/Xcode.app/Contents/Developer/Platforms/MacOSX.platform/Developer/SDKs/MacOSX15.5.sdk -target arm64-apple-macos10.15 -g -module-cache-path /Users/harishvishwakarma/Library/Developer/Xcode/DerivedData/ModuleCache.noindex -Xfrontend -serialize-debugging-options -enable-testing -suppress-warnings -index-store-path /Users/harishvishwakarma/Library/Developer/Xcode/DerivedData/Revolt-dharrjsambcimaaziudpvzjdcigm/Index.noindex/DataStore -swift-version 5 -I /Users/harishvishwakarma/Library/Developer/Xcode/DerivedData/Revolt-dharrjsambcimaaziudpvzjdcigm/Build/Products/Debug -I /Applications/Xcode.app/Contents/Developer/Platforms/MacOSX.platform/Developer/usr/lib -F /Users/harishvishwakarma/Library/Developer/Xcode/DerivedData/Revolt-dharrjsambcimaaziudpvzjdcigm/Build/Products/Debug/PackageFrameworks -F /Users/harishvishwakarma/Library/Developer/Xcode/DerivedData/Revolt-dharrjsambcimaaziudpvzjdcigm/Build/Products/Debug -F /Applications/Xcode.app/Contents/Developer/Platforms/MacOSX.platform/Developer/Library/Frameworks -c -j12 -enable-batch-mode -incremental -Xcc -ivfsstatcache -Xcc /Users/harishvishwakarma/Library/Developer/Xcode/DerivedData/SDKStatCaches.noindex/macosx15.5-24F74-8254517eb8b97d462ccbc072ba9094c9.sdkstatcache -output-file-map /Users/harishvishwakarma/Library/Developer/Xcode/DerivedData/Revolt-dharrjsambcimaaziudpvzjdcigm/Build/Intermediates.noindex/swift-syntax.build/Debug/SwiftSyntax.build/Objects-normal/arm64/SwiftSyntax-OutputFileMap.json -use-frontend-parseable-output -save-temps -no-color-diagnostics -serialize-diagnostics -emit-dependencies -emit-module -emit-module-path /Users/harishvishwakarma/Library/Developer/Xcode/DerivedData/Revolt-dharrjsambcimaaziudpvzjdcigm/Build/Intermediates.noindex/swift-syntax.build/Debug/SwiftSyntax.build/Objects-normal/arm64/SwiftSyntax.swiftmodule -validate-clang-modules-once -clang-build-session-file /Users/harishvishwakarma/Library/Developer/Xcode/DerivedData/ModuleCache.noindex/Session.modulevalidation -Xcc -I/Users/harishvishwakarma/Library/Developer/Xcode/DerivedData/Revolt-dharrjsambcimaaziudpvzjdcigm/Build/Intermediates.noindex/swift-syntax.build/Debug/SwiftSyntax.build/swift-overrides.hmap -emit-const-values -Xfrontend -const-gather-protocols-file -Xfrontend /Users/harishvishwakarma/Library/Developer/Xcode/DerivedData/Revolt-dharrjsambcimaaziudpvzjdcigm/Build/Intermediates.noindex/swift-syntax.build/Debug/SwiftSyntax.build/Objects-normal/arm64/SwiftSyntax_const_extract_protocols.json -Xcc -I/Users/harishvishwakarma/Library/Developer/Xcode/DerivedData/Revolt-dharrjsambcimaaziudpvzjdcigm/Build/Products/Debug/include -Xcc -I/Users/harishvishwakarma/Library/Developer/Xcode/DerivedData/Revolt-dharrjsambcimaaziudpvzjdcigm/Build/Intermediates.noindex/swift-syntax.build/Debug/SwiftSyntax.build/DerivedSources-normal/arm64 -Xcc -I/Users/harishvishwakarma/Library/Developer/Xcode/DerivedData/Revolt-dharrjsambcimaaziudpvzjdcigm/Build/Intermediates.noindex/swift-syntax.build/Debug/SwiftSyntax.build/DerivedSources/arm64 -Xcc -I/Users/harishvishwakarma/Library/Developer/Xcode/DerivedData/Revolt-dharrjsambcimaaziudpvzjdcigm/Build/Intermediates.noindex/swift-syntax.build/Debug/SwiftSyntax.build/DerivedSources -Xcc -DSWIFT_PACKAGE -Xcc -DDEBUG\=1 -emit-objc-header -emit-objc-header-path /Users/harishvishwakarma/Library/Developer/Xcode/DerivedData/Revolt-dharrjsambcimaaziudpvzjdcigm/Build/Intermediates.noindex/swift-syntax.build/Debug/SwiftSyntax.build/Objects-normal/arm64/SwiftSyntax-Swift.h -working-directory /Users/harishvishwakarma/Handy/Archem/pepchat-ios/Revolt.xcodeproj -experimental-emit-module-separately -disable-cmo

SwiftDriverJobDiscovery normal arm64 Compiling _UnsafeWrappedBuffer.swift (in target 'DequeModule' from project 'swift-collections')

SwiftCompile normal arm64 Compiling\ BitArray+Extras.swift,\ BitArray+Fill.swift,\ BitArray+Hashable.swift,\ BitArray+Initializers.swift,\ BitArray+Invariants.swift /Users/harishvishwakarma/Library/Developer/Xcode/DerivedData/Revolt-dharrjsambcimaaziudpvzjdcigm/SourcePackages/checkouts/swift-collections/Sources/BitCollections/BitArray/BitArray+Extras.swift /Users/harishvishwakarma/Library/Developer/Xcode/DerivedData/Revolt-dharrjsambcimaaziudpvzjdcigm/SourcePackages/checkouts/swift-collections/Sources/BitCollections/BitArray/BitArray+Fill.swift /Users/harishvishwakarma/Library/Developer/Xcode/DerivedData/Revolt-dharrjsambcimaaziudpvzjdcigm/SourcePackages/checkouts/swift-collections/Sources/BitCollections/BitArray/BitArray+Hashable.swift /Users/harishvishwakarma/Library/Developer/Xcode/DerivedData/Revolt-dharrjsambcimaaziudpvzjdcigm/SourcePackages/checkouts/swift-collections/Sources/BitCollections/BitArray/BitArray+Initializers.swift /Users/harishvishwakarma/Library/Developer/Xcode/DerivedData/Revolt-dharrjsambcimaaziudpvzjdcigm/SourcePackages/checkouts/swift-collections/Sources/BitCollections/BitArray/BitArray+Invariants.swift (in target 'BitCollections' from project 'swift-collections')

SwiftCompile normal arm64 /Users/harishvishwakarma/Library/Developer/Xcode/DerivedData/Revolt-dharrjsambcimaaziudpvzjdcigm/SourcePackages/checkouts/swift-collections/Sources/BitCollections/BitArray/BitArray+Extras.swift (in target 'BitCollections' from project 'swift-collections')
    cd /Users/harishvishwakarma/Handy/Archem/pepchat-ios/Revolt.xcodeproj
    

SwiftCompile normal arm64 /Users/harishvishwakarma/Library/Developer/Xcode/DerivedData/Revolt-dharrjsambcimaaziudpvzjdcigm/SourcePackages/checkouts/swift-collections/Sources/BitCollections/BitArray/BitArray+Fill.swift (in target 'BitCollections' from project 'swift-collections')
    cd /Users/harishvishwakarma/Handy/Archem/pepchat-ios/Revolt.xcodeproj
    

SwiftCompile normal arm64 /Users/harishvishwakarma/Library/Developer/Xcode/DerivedData/Revolt-dharrjsambcimaaziudpvzjdcigm/SourcePackages/checkouts/swift-collections/Sources/BitCollections/BitArray/BitArray+Hashable.swift (in target 'BitCollections' from project 'swift-collections')
    cd /Users/harishvishwakarma/Handy/Archem/pepchat-ios/Revolt.xcodeproj
    

SwiftCompile normal arm64 /Users/harishvishwakarma/Library/Developer/Xcode/DerivedData/Revolt-dharrjsambcimaaziudpvzjdcigm/SourcePackages/checkouts/swift-collections/Sources/BitCollections/BitArray/BitArray+Initializers.swift (in target 'BitCollections' from project 'swift-collections')
    cd /Users/harishvishwakarma/Handy/Archem/pepchat-ios/Revolt.xcodeproj
    

SwiftCompile normal arm64 /Users/harishvishwakarma/Library/Developer/Xcode/DerivedData/Revolt-dharrjsambcimaaziudpvzjdcigm/SourcePackages/checkouts/swift-collections/Sources/BitCollections/BitArray/BitArray+Invariants.swift (in target 'BitCollections' from project 'swift-collections')
    cd /Users/harishvishwakarma/Handy/Archem/pepchat-ios/Revolt.xcodeproj
    

SwiftDriverJobDiscovery normal arm64 Compiling Deque._Storage.swift (in target 'DequeModule' from project 'swift-collections')

SwiftCompile normal arm64 Compiling\ BitArray+BitwiseOperations.swift,\ BitArray+ChunkedBitsIterators.swift,\ BitArray+Codable.swift,\ BitArray+Collection.swift,\ BitArray+Copy.swift /Users/harishvishwakarma/Library/Developer/Xcode/DerivedData/Revolt-dharrjsambcimaaziudpvzjdcigm/SourcePackages/checkouts/swift-collections/Sources/BitCollections/BitArray/BitArray+BitwiseOperations.swift /Users/harishvishwakarma/Library/Developer/Xcode/DerivedData/Revolt-dharrjsambcimaaziudpvzjdcigm/SourcePackages/checkouts/swift-collections/Sources/BitCollections/BitArray/BitArray+ChunkedBitsIterators.swift /Users/harishvishwakarma/Library/Developer/Xcode/DerivedData/Revolt-dharrjsambcimaaziudpvzjdcigm/SourcePackages/checkouts/swift-collections/Sources/BitCollections/BitArray/BitArray+Codable.swift /Users/harishvishwakarma/Library/Developer/Xcode/DerivedData/Revolt-dharrjsambcimaaziudpvzjdcigm/SourcePackages/checkouts/swift-collections/Sources/BitCollections/BitArray/BitArray+Collection.swift /Users/harishvishwakarma/Library/Developer/Xcode/DerivedData/Revolt-dharrjsambcimaaziudpvzjdcigm/SourcePackages/checkouts/swift-collections/Sources/BitCollections/BitArray/BitArray+Copy.swift (in target 'BitCollections' from project 'swift-collections')

SwiftCompile normal arm64 /Users/harishvishwakarma/Library/Developer/Xcode/DerivedData/Revolt-dharrjsambcimaaziudpvzjdcigm/SourcePackages/checkouts/swift-collections/Sources/BitCollections/BitArray/BitArray+BitwiseOperations.swift (in target 'BitCollections' from project 'swift-collections')
    cd /Users/harishvishwakarma/Handy/Archem/pepchat-ios/Revolt.xcodeproj
    

SwiftCompile normal arm64 /Users/harishvishwakarma/Library/Developer/Xcode/DerivedData/Revolt-dharrjsambcimaaziudpvzjdcigm/SourcePackages/checkouts/swift-collections/Sources/BitCollections/BitArray/BitArray+ChunkedBitsIterators.swift (in target 'BitCollections' from project 'swift-collections')
    cd /Users/harishvishwakarma/Handy/Archem/pepchat-ios/Revolt.xcodeproj
    

SwiftCompile normal arm64 /Users/harishvishwakarma/Library/Developer/Xcode/DerivedData/Revolt-dharrjsambcimaaziudpvzjdcigm/SourcePackages/checkouts/swift-collections/Sources/BitCollections/BitArray/BitArray+Codable.swift (in target 'BitCollections' from project 'swift-collections')
    cd /Users/harishvishwakarma/Handy/Archem/pepchat-ios/Revolt.xcodeproj
    

SwiftCompile normal arm64 /Users/harishvishwakarma/Library/Developer/Xcode/DerivedData/Revolt-dharrjsambcimaaziudpvzjdcigm/SourcePackages/checkouts/swift-collections/Sources/BitCollections/BitArray/BitArray+Collection.swift (in target 'BitCollections' from project 'swift-collections')
    cd /Users/harishvishwakarma/Handy/Archem/pepchat-ios/Revolt.xcodeproj
    

SwiftCompile normal arm64 /Users/harishvishwakarma/Library/Developer/Xcode/DerivedData/Revolt-dharrjsambcimaaziudpvzjdcigm/SourcePackages/checkouts/swift-collections/Sources/BitCollections/BitArray/BitArray+Copy.swift (in target 'BitCollections' from project 'swift-collections')
    cd /Users/harishvishwakarma/Handy/Archem/pepchat-ios/Revolt.xcodeproj
    

SwiftCompile normal arm64 Compiling\ BitSet+Sorted\ Collection\ APIs.swift,\ BitSet.Counted.swift,\ BitSet.Index.swift,\ BitSet._UnsafeHandle.swift,\ BitSet.swift /Users/harishvishwakarma/Library/Developer/Xcode/DerivedData/Revolt-dharrjsambcimaaziudpvzjdcigm/SourcePackages/checkouts/swift-collections/Sources/BitCollections/BitSet/BitSet+Sorted\ Collection\ APIs.swift /Users/harishvishwakarma/Library/Developer/Xcode/DerivedData/Revolt-dharrjsambcimaaziudpvzjdcigm/SourcePackages/checkouts/swift-collections/Sources/BitCollections/BitSet/BitSet.Counted.swift /Users/harishvishwakarma/Library/Developer/Xcode/DerivedData/Revolt-dharrjsambcimaaziudpvzjdcigm/SourcePackages/checkouts/swift-collections/Sources/BitCollections/BitSet/BitSet.Index.swift /Users/harishvishwakarma/Library/Developer/Xcode/DerivedData/Revolt-dharrjsambcimaaziudpvzjdcigm/SourcePackages/checkouts/swift-collections/Sources/BitCollections/BitSet/BitSet._UnsafeHandle.swift /Users/harishvishwakarma/Library/Developer/Xcode/DerivedData/Revolt-dharrjsambcimaaziudpvzjdcigm/SourcePackages/checkouts/swift-collections/Sources/BitCollections/BitSet/BitSet.swift (in target 'BitCollections' from project 'swift-collections')

SwiftCompile normal arm64 /Users/harishvishwakarma/Library/Developer/Xcode/DerivedData/Revolt-dharrjsambcimaaziudpvzjdcigm/SourcePackages/checkouts/swift-collections/Sources/BitCollections/BitSet/BitSet+Sorted\ Collection\ APIs.swift (in target 'BitCollections' from project 'swift-collections')
    cd /Users/harishvishwakarma/Handy/Archem/pepchat-ios/Revolt.xcodeproj
    

SwiftCompile normal arm64 /Users/harishvishwakarma/Library/Developer/Xcode/DerivedData/Revolt-dharrjsambcimaaziudpvzjdcigm/SourcePackages/checkouts/swift-collections/Sources/BitCollections/BitSet/BitSet.Counted.swift (in target 'BitCollections' from project 'swift-collections')
    cd /Users/harishvishwakarma/Handy/Archem/pepchat-ios/Revolt.xcodeproj
    

SwiftCompile normal arm64 /Users/harishvishwakarma/Library/Developer/Xcode/DerivedData/Revolt-dharrjsambcimaaziudpvzjdcigm/SourcePackages/checkouts/swift-collections/Sources/BitCollections/BitSet/BitSet.Index.swift (in target 'BitCollections' from project 'swift-collections')
    cd /Users/harishvishwakarma/Handy/Archem/pepchat-ios/Revolt.xcodeproj
    

SwiftCompile normal arm64 /Users/harishvishwakarma/Library/Developer/Xcode/DerivedData/Revolt-dharrjsambcimaaziudpvzjdcigm/SourcePackages/checkouts/swift-collections/Sources/BitCollections/BitSet/BitSet._UnsafeHandle.swift (in target 'BitCollections' from project 'swift-collections')
    cd /Users/harishvishwakarma/Handy/Archem/pepchat-ios/Revolt.xcodeproj
    

SwiftCompile normal arm64 /Users/harishvishwakarma/Library/Developer/Xcode/DerivedData/Revolt-dharrjsambcimaaziudpvzjdcigm/SourcePackages/checkouts/swift-collections/Sources/BitCollections/BitSet/BitSet.swift (in target 'BitCollections' from project 'swift-collections')
    cd /Users/harishvishwakarma/Handy/Archem/pepchat-ios/Revolt.xcodeproj
    

SwiftDriverJobDiscovery normal arm64 Compiling Deque._UnsafeHandle.swift (in target 'DequeModule' from project 'swift-collections')

SwiftCompile normal arm64 Compiling\ Range+Utilities.swift,\ Slice+Utilities.swift,\ UInt+Tricks.swift,\ _Word.swift /Users/harishvishwakarma/Library/Developer/Xcode/DerivedData/Revolt-dharrjsambcimaaziudpvzjdcigm/SourcePackages/checkouts/swift-collections/Sources/BitCollections/Shared/Range+Utilities.swift /Users/harishvishwakarma/Library/Developer/Xcode/DerivedData/Revolt-dharrjsambcimaaziudpvzjdcigm/SourcePackages/checkouts/swift-collections/Sources/BitCollections/Shared/Slice+Utilities.swift /Users/harishvishwakarma/Library/Developer/Xcode/DerivedData/Revolt-dharrjsambcimaaziudpvzjdcigm/SourcePackages/checkouts/swift-collections/Sources/BitCollections/Shared/UInt+Tricks.swift /Users/harishvishwakarma/Library/Developer/Xcode/DerivedData/Revolt-dharrjsambcimaaziudpvzjdcigm/SourcePackages/checkouts/swift-collections/Sources/BitCollections/Shared/_Word.swift (in target 'BitCollections' from project 'swift-collections')

SwiftCompile normal arm64 /Users/harishvishwakarma/Library/Developer/Xcode/DerivedData/Revolt-dharrjsambcimaaziudpvzjdcigm/SourcePackages/checkouts/swift-collections/Sources/BitCollections/Shared/Range+Utilities.swift (in target 'BitCollections' from project 'swift-collections')
    cd /Users/harishvishwakarma/Handy/Archem/pepchat-ios/Revolt.xcodeproj
    

SwiftCompile normal arm64 /Users/harishvishwakarma/Library/Developer/Xcode/DerivedData/Revolt-dharrjsambcimaaziudpvzjdcigm/SourcePackages/checkouts/swift-collections/Sources/BitCollections/Shared/Slice+Utilities.swift (in target 'BitCollections' from project 'swift-collections')
    cd /Users/harishvishwakarma/Handy/Archem/pepchat-ios/Revolt.xcodeproj
    

SwiftCompile normal arm64 /Users/harishvishwakarma/Library/Developer/Xcode/DerivedData/Revolt-dharrjsambcimaaziudpvzjdcigm/SourcePackages/checkouts/swift-collections/Sources/BitCollections/Shared/UInt+Tricks.swift (in target 'BitCollections' from project 'swift-collections')
    cd /Users/harishvishwakarma/Handy/Archem/pepchat-ios/Revolt.xcodeproj
    

SwiftCompile normal arm64 /Users/harishvishwakarma/Library/Developer/Xcode/DerivedData/Revolt-dharrjsambcimaaziudpvzjdcigm/SourcePackages/checkouts/swift-collections/Sources/BitCollections/Shared/_Word.swift (in target 'BitCollections' from project 'swift-collections')
    cd /Users/harishvishwakarma/Handy/Archem/pepchat-ios/Revolt.xcodeproj
    

SwiftDriverJobDiscovery normal arm64 Compiling _DequeBuffer.swift (in target 'DequeModule' from project 'swift-collections')

SwiftCompile normal arm64 Compiling\ BitSet+SetAlgebra\ isSuperset.swift,\ BitSet+SetAlgebra\ subtract.swift,\ BitSet+SetAlgebra\ subtracting.swift,\ BitSet+SetAlgebra\ symmetricDifference.swift,\ BitSet+SetAlgebra\ union.swift /Users/harishvishwakarma/Library/Developer/Xcode/DerivedData/Revolt-dharrjsambcimaaziudpvzjdcigm/SourcePackages/checkouts/swift-collections/Sources/BitCollections/BitSet/BitSet+SetAlgebra\ isSuperset.swift /Users/harishvishwakarma/Library/Developer/Xcode/DerivedData/Revolt-dharrjsambcimaaziudpvzjdcigm/SourcePackages/checkouts/swift-collections/Sources/BitCollections/BitSet/BitSet+SetAlgebra\ subtract.swift /Users/harishvishwakarma/Library/Developer/Xcode/DerivedData/Revolt-dharrjsambcimaaziudpvzjdcigm/SourcePackages/checkouts/swift-collections/Sources/BitCollections/BitSet/BitSet+SetAlgebra\ subtracting.swift /Users/harishvishwakarma/Library/Developer/Xcode/DerivedData/Revolt-dharrjsambcimaaziudpvzjdcigm/SourcePackages/checkouts/swift-collections/Sources/BitCollections/BitSet/BitSet+SetAlgebra\ symmetricDifference.swift /Users/harishvishwakarma/Library/Developer/Xcode/DerivedData/Revolt-dharrjsambcimaaziudpvzjdcigm/SourcePackages/checkouts/swift-collections/Sources/BitCollections/BitSet/BitSet+SetAlgebra\ union.swift (in target 'BitCollections' from project 'swift-collections')

SwiftCompile normal arm64 /Users/harishvishwakarma/Library/Developer/Xcode/DerivedData/Revolt-dharrjsambcimaaziudpvzjdcigm/SourcePackages/checkouts/swift-collections/Sources/BitCollections/BitSet/BitSet+SetAlgebra\ isSuperset.swift (in target 'BitCollections' from project 'swift-collections')
    cd /Users/harishvishwakarma/Handy/Archem/pepchat-ios/Revolt.xcodeproj
    

SwiftCompile normal arm64 /Users/harishvishwakarma/Library/Developer/Xcode/DerivedData/Revolt-dharrjsambcimaaziudpvzjdcigm/SourcePackages/checkouts/swift-collections/Sources/BitCollections/BitSet/BitSet+SetAlgebra\ subtract.swift (in target 'BitCollections' from project 'swift-collections')
    cd /Users/harishvishwakarma/Handy/Archem/pepchat-ios/Revolt.xcodeproj
    

SwiftCompile normal arm64 /Users/harishvishwakarma/Library/Developer/Xcode/DerivedData/Revolt-dharrjsambcimaaziudpvzjdcigm/SourcePackages/checkouts/swift-collections/Sources/BitCollections/BitSet/BitSet+SetAlgebra\ subtracting.swift (in target 'BitCollections' from project 'swift-collections')
    cd /Users/harishvishwakarma/Handy/Archem/pepchat-ios/Revolt.xcodeproj
    

SwiftCompile normal arm64 /Users/harishvishwakarma/Library/Developer/Xcode/DerivedData/Revolt-dharrjsambcimaaziudpvzjdcigm/SourcePackages/checkouts/swift-collections/Sources/BitCollections/BitSet/BitSet+SetAlgebra\ symmetricDifference.swift (in target 'BitCollections' from project 'swift-collections')
    cd /Users/harishvishwakarma/Handy/Archem/pepchat-ios/Revolt.xcodeproj
    

SwiftCompile normal arm64 /Users/harishvishwakarma/Library/Developer/Xcode/DerivedData/Revolt-dharrjsambcimaaziudpvzjdcigm/SourcePackages/checkouts/swift-collections/Sources/BitCollections/BitSet/BitSet+SetAlgebra\ union.swift (in target 'BitCollections' from project 'swift-collections')
    cd /Users/harishvishwakarma/Handy/Archem/pepchat-ios/Revolt.xcodeproj
    

SwiftDriverJobDiscovery normal arm64 Compiling Deque+Codable.swift, Deque+Collection.swift (in target 'DequeModule' from project 'swift-collections')

SwiftDriver\ Compilation DequeModule normal arm64 com.apple.xcode.tools.swift.compiler (in target 'DequeModule' from project 'swift-collections')
    cd /Users/harishvishwakarma/Handy/Archem/pepchat-ios/Revolt.xcodeproj
    builtin-Swift-Compilation -- /Applications/Xcode.app/Contents/Developer/Toolchains/XcodeDefault.xctoolchain/usr/bin/swiftc -module-name DequeModule -Onone -enforce-exclusivity\=checked @/Users/harishvishwakarma/Library/Developer/Xcode/DerivedData/Revolt-dharrjsambcimaaziudpvzjdcigm/Build/Intermediates.noindex/swift-collections.build/Debug-iphoneos/DequeModule.build/Objects-normal/arm64/DequeModule.SwiftFileList -DSWIFT_PACKAGE -DDEBUG -DCOLLECTIONS_RANDOMIZED_TESTING -DXcode -plugin-path /Applications/Xcode.app/Contents/Developer/Toolchains/XcodeDefault.xctoolchain/usr/lib/swift/host/plugins/testing -enable-experimental-feature DebugDescriptionMacro -sdk /Applications/Xcode.app/Contents/Developer/Platforms/iPhoneOS.platform/Developer/SDKs/iPhoneOS18.5.sdk -target arm64-apple-ios12.0 -g -module-cache-path /Users/harishvishwakarma/Library/Developer/Xcode/DerivedData/ModuleCache.noindex -Xfrontend -serialize-debugging-options -enable-testing -suppress-warnings -index-store-path /Users/harishvishwakarma/Library/Developer/Xcode/DerivedData/Revolt-dharrjsambcimaaziudpvzjdcigm/Index.noindex/DataStore -swift-version 5 -I /Users/harishvishwakarma/Library/Developer/Xcode/DerivedData/Revolt-dharrjsambcimaaziudpvzjdcigm/Build/Products/Debug-iphoneos -I /Applications/Xcode.app/Contents/Developer/Platforms/iPhoneOS.platform/Developer/usr/lib -F /Users/harishvishwakarma/Library/Developer/Xcode/DerivedData/Revolt-dharrjsambcimaaziudpvzjdcigm/Build/Products/Debug-iphoneos/PackageFrameworks -F /Users/harishvishwakarma/Library/Developer/Xcode/DerivedData/Revolt-dharrjsambcimaaziudpvzjdcigm/Build/Products/Debug-iphoneos -F /Applications/Xcode.app/Contents/Developer/Platforms/iPhoneOS.platform/Developer/Library/Frameworks -F /Applications/Xcode.app/Contents/Developer/Platforms/iPhoneOS.platform/Developer/SDKs/iPhoneOS18.5.sdk/Developer/Library/Frameworks -c -j12 -enable-batch-mode -incremental -Xcc -ivfsstatcache -Xcc /Users/harishvishwakarma/Library/Developer/Xcode/DerivedData/SDKStatCaches.noindex/iphoneos18.5-22F76-7fa4eea80a99bbfdc046826b63ec4baf.sdkstatcache -output-file-map /Users/harishvishwakarma/Library/Developer/Xcode/DerivedData/Revolt-dharrjsambcimaaziudpvzjdcigm/Build/Intermediates.noindex/swift-collections.build/Debug-iphoneos/DequeModule.build/Objects-normal/arm64/DequeModule-OutputFileMap.json -use-frontend-parseable-output -save-temps -no-color-diagnostics -serialize-diagnostics -emit-dependencies -emit-module -emit-module-path /Users/harishvishwakarma/Library/Developer/Xcode/DerivedData/Revolt-dharrjsambcimaaziudpvzjdcigm/Build/Intermediates.noindex/swift-collections.build/Debug-iphoneos/DequeModule.build/Objects-normal/arm64/DequeModule.swiftmodule -validate-clang-modules-once -clang-build-session-file /Users/harishvishwakarma/Library/Developer/Xcode/DerivedData/ModuleCache.noindex/Session.modulevalidation -Xcc -I/Users/harishvishwakarma/Library/Developer/Xcode/DerivedData/Revolt-dharrjsambcimaaziudpvzjdcigm/Build/Intermediates.noindex/swift-collections.build/Debug-iphoneos/DequeModule.build/swift-overrides.hmap -emit-const-values -Xfrontend -const-gather-protocols-file -Xfrontend /Users/harishvishwakarma/Library/Developer/Xcode/DerivedData/Revolt-dharrjsambcimaaziudpvzjdcigm/Build/Intermediates.noindex/swift-collections.build/Debug-iphoneos/DequeModule.build/Objects-normal/arm64/DequeModule_const_extract_protocols.json -Xcc -I/Users/harishvishwakarma/Library/Developer/Xcode/DerivedData/Revolt-dharrjsambcimaaziudpvzjdcigm/Build/Products/Debug-iphoneos/include -Xcc -I/Users/harishvishwakarma/Library/Developer/Xcode/DerivedData/Revolt-dharrjsambcimaaziudpvzjdcigm/Build/Intermediates.noindex/swift-collections.build/Debug-iphoneos/DequeModule.build/DerivedSources-normal/arm64 -Xcc -I/Users/harishvishwakarma/Library/Developer/Xcode/DerivedData/Revolt-dharrjsambcimaaziudpvzjdcigm/Build/Intermediates.noindex/swift-collections.build/Debug-iphoneos/DequeModule.build/DerivedSources/arm64 -Xcc -I/Users/harishvishwakarma/Library/Developer/Xcode/DerivedData/Revolt-dharrjsambcimaaziudpvzjdcigm/Build/Intermediates.noindex/swift-collections.build/Debug-iphoneos/DequeModule.build/DerivedSources -Xcc -DSWIFT_PACKAGE -Xcc -DDEBUG\=1 -emit-objc-header -emit-objc-header-path /Users/harishvishwakarma/Library/Developer/Xcode/DerivedData/Revolt-dharrjsambcimaaziudpvzjdcigm/Build/Intermediates.noindex/swift-collections.build/Debug-iphoneos/DequeModule.build/Objects-normal/arm64/DequeModule-Swift.h -working-directory /Users/harishvishwakarma/Handy/Archem/pepchat-ios/Revolt.xcodeproj -experimental-emit-module-separately -disable-cmo

SwiftDriverJobDiscovery normal arm64 Compiling BitSet+SetAlgebra conformance.swift, BitSet+SetAlgebra formIntersection.swift, BitSet+SetAlgebra formSymmetricDifference.swift, BitSet+SetAlgebra formUnion.swift, BitSet+SetAlgebra intersection.swift (in target 'BitCollections' from project 'swift-collections')

SwiftCompile normal arm64 Compiling\ BitSet+CustomReflectable.swift,\ BitSet+CustomStringConvertible.swift,\ BitSet+Equatable.swift,\ BitSet+ExpressibleByArrayLiteral.swift,\ BitSet+Extras.swift /Users/harishvishwakarma/Library/Developer/Xcode/DerivedData/Revolt-dharrjsambcimaaziudpvzjdcigm/SourcePackages/checkouts/swift-collections/Sources/BitCollections/BitSet/BitSet+CustomReflectable.swift /Users/harishvishwakarma/Library/Developer/Xcode/DerivedData/Revolt-dharrjsambcimaaziudpvzjdcigm/SourcePackages/checkouts/swift-collections/Sources/BitCollections/BitSet/BitSet+CustomStringConvertible.swift /Users/harishvishwakarma/Library/Developer/Xcode/DerivedData/Revolt-dharrjsambcimaaziudpvzjdcigm/SourcePackages/checkouts/swift-collections/Sources/BitCollections/BitSet/BitSet+Equatable.swift /Users/harishvishwakarma/Library/Developer/Xcode/DerivedData/Revolt-dharrjsambcimaaziudpvzjdcigm/SourcePackages/checkouts/swift-collections/Sources/BitCollections/BitSet/BitSet+ExpressibleByArrayLiteral.swift /Users/harishvishwakarma/Library/Developer/Xcode/DerivedData/Revolt-dharrjsambcimaaziudpvzjdcigm/SourcePackages/checkouts/swift-collections/Sources/BitCollections/BitSet/BitSet+Extras.swift (in target 'BitCollections' from project 'swift-collections')

SwiftCompile normal arm64 /Users/harishvishwakarma/Library/Developer/Xcode/DerivedData/Revolt-dharrjsambcimaaziudpvzjdcigm/SourcePackages/checkouts/swift-collections/Sources/BitCollections/BitSet/BitSet+CustomReflectable.swift (in target 'BitCollections' from project 'swift-collections')
    cd /Users/harishvishwakarma/Handy/Archem/pepchat-ios/Revolt.xcodeproj
    

SwiftCompile normal arm64 /Users/harishvishwakarma/Library/Developer/Xcode/DerivedData/Revolt-dharrjsambcimaaziudpvzjdcigm/SourcePackages/checkouts/swift-collections/Sources/BitCollections/BitSet/BitSet+CustomStringConvertible.swift (in target 'BitCollections' from project 'swift-collections')
    cd /Users/harishvishwakarma/Handy/Archem/pepchat-ios/Revolt.xcodeproj
    

SwiftCompile normal arm64 /Users/harishvishwakarma/Library/Developer/Xcode/DerivedData/Revolt-dharrjsambcimaaziudpvzjdcigm/SourcePackages/checkouts/swift-collections/Sources/BitCollections/BitSet/BitSet+Equatable.swift (in target 'BitCollections' from project 'swift-collections')
    cd /Users/harishvishwakarma/Handy/Archem/pepchat-ios/Revolt.xcodeproj
    

SwiftCompile normal arm64 /Users/harishvishwakarma/Library/Developer/Xcode/DerivedData/Revolt-dharrjsambcimaaziudpvzjdcigm/SourcePackages/checkouts/swift-collections/Sources/BitCollections/BitSet/BitSet+ExpressibleByArrayLiteral.swift (in target 'BitCollections' from project 'swift-collections')
    cd /Users/harishvishwakarma/Handy/Archem/pepchat-ios/Revolt.xcodeproj
    

SwiftCompile normal arm64 /Users/harishvishwakarma/Library/Developer/Xcode/DerivedData/Revolt-dharrjsambcimaaziudpvzjdcigm/SourcePackages/checkouts/swift-collections/Sources/BitCollections/BitSet/BitSet+Extras.swift (in target 'BitCollections' from project 'swift-collections')
    cd /Users/harishvishwakarma/Handy/Archem/pepchat-ios/Revolt.xcodeproj
    

SwiftCompile normal arm64 Compiling\ Offset.swift /Users/harishvishwakarma/Library/Developer/Xcode/DerivedData/Revolt-dharrjsambcimaaziudpvzjdcigm/SourcePackages/checkouts/swiftui-navigation-transitions/Sources/AtomicTransition/Offset.swift (in target 'AtomicTransition' from project 'swiftui-navigation-transitions')

SwiftCompile normal arm64 /Users/harishvishwakarma/Library/Developer/Xcode/DerivedData/Revolt-dharrjsambcimaaziudpvzjdcigm/SourcePackages/checkouts/swiftui-navigation-transitions/Sources/AtomicTransition/Offset.swift (in target 'AtomicTransition' from project 'swiftui-navigation-transitions')
    cd /Users/harishvishwakarma/Handy/Archem/pepchat-ios/Revolt.xcodeproj
    

SwiftDriverJobDiscovery normal arm64 Compiling BitArray+CustomReflectable.swift, BitArray+Descriptions.swift, BitArray+Equatable.swift, BitArray+ExpressibleByArrayLiteral.swift, BitArray+ExpressibleByStringLiteral.swift (in target 'BitCollections' from project 'swift-collections')

SwiftCompile normal arm64 Compiling\ _Exports.swift /Users/harishvishwakarma/Library/Developer/Xcode/DerivedData/Revolt-dharrjsambcimaaziudpvzjdcigm/SourcePackages/checkouts/swiftui-navigation-transitions/Sources/AtomicTransition/_Exports.swift (in target 'AtomicTransition' from project 'swiftui-navigation-transitions')

SwiftCompile normal arm64 /Users/harishvishwakarma/Library/Developer/Xcode/DerivedData/Revolt-dharrjsambcimaaziudpvzjdcigm/SourcePackages/checkouts/swiftui-navigation-transitions/Sources/AtomicTransition/_Exports.swift (in target 'AtomicTransition' from project 'swiftui-navigation-transitions')
    cd /Users/harishvishwakarma/Handy/Archem/pepchat-ios/Revolt.xcodeproj
    

SwiftCompile normal arm64 Compiling\ Identity.swift,\ Mirror.swift /Users/harishvishwakarma/Library/Developer/Xcode/DerivedData/Revolt-dharrjsambcimaaziudpvzjdcigm/SourcePackages/checkouts/swiftui-navigation-transitions/Sources/AtomicTransition/Identity.swift /Users/harishvishwakarma/Library/Developer/Xcode/DerivedData/Revolt-dharrjsambcimaaziudpvzjdcigm/SourcePackages/checkouts/swiftui-navigation-transitions/Sources/AtomicTransition/Mirror.swift (in target 'AtomicTransition' from project 'swiftui-navigation-transitions')

SwiftCompile normal arm64 /Users/harishvishwakarma/Library/Developer/Xcode/DerivedData/Revolt-dharrjsambcimaaziudpvzjdcigm/SourcePackages/checkouts/swiftui-navigation-transitions/Sources/AtomicTransition/Identity.swift (in target 'AtomicTransition' from project 'swiftui-navigation-transitions')
    cd /Users/harishvishwakarma/Handy/Archem/pepchat-ios/Revolt.xcodeproj
    

SwiftCompile normal arm64 /Users/harishvishwakarma/Library/Developer/Xcode/DerivedData/Revolt-dharrjsambcimaaziudpvzjdcigm/SourcePackages/checkouts/swiftui-navigation-transitions/Sources/AtomicTransition/Mirror.swift (in target 'AtomicTransition' from project 'swiftui-navigation-transitions')
    cd /Users/harishvishwakarma/Handy/Archem/pepchat-ios/Revolt.xcodeproj
    

SwiftDriverJobDiscovery normal arm64 Compiling BitSet+SetAlgebra isDisjoint.swift, BitSet+SetAlgebra isEqualSet.swift, BitSet+SetAlgebra isStrictSubset.swift, BitSet+SetAlgebra isStrictSuperset.swift, BitSet+SetAlgebra isSubset.swift (in target 'BitCollections' from project 'swift-collections')

SwiftCompile normal arm64 Compiling\ ZPosition.swift /Users/harishvishwakarma/Library/Developer/Xcode/DerivedData/Revolt-dharrjsambcimaaziudpvzjdcigm/SourcePackages/checkouts/swiftui-navigation-transitions/Sources/AtomicTransition/ZPosition.swift (in target 'AtomicTransition' from project 'swiftui-navigation-transitions')

SwiftCompile normal arm64 /Users/harishvishwakarma/Library/Developer/Xcode/DerivedData/Revolt-dharrjsambcimaaziudpvzjdcigm/SourcePackages/checkouts/swiftui-navigation-transitions/Sources/AtomicTransition/ZPosition.swift (in target 'AtomicTransition' from project 'swiftui-navigation-transitions')
    cd /Users/harishvishwakarma/Handy/Archem/pepchat-ios/Revolt.xcodeproj
    

SwiftDriverJobDiscovery normal arm64 Compiling BitSet+Hashable.swift, BitSet+Initializers.swift, BitSet+Invariants.swift, BitSet+Random.swift, BitSet+SetAlgebra basics.swift (in target 'BitCollections' from project 'swift-collections')

SwiftDriverJobDiscovery normal arm64 Compiling BitArray._UnsafeHandle.swift, BitArray.swift, BitSet+BidirectionalCollection.swift, BitSet+Codable.swift, BitSet+CustomDebugStringConvertible.swift (in target 'BitCollections' from project 'swift-collections')

SwiftCompile normal arm64 Compiling\ Scale.swift /Users/harishvishwakarma/Library/Developer/Xcode/DerivedData/Revolt-dharrjsambcimaaziudpvzjdcigm/SourcePackages/checkouts/swiftui-navigation-transitions/Sources/AtomicTransition/Scale.swift (in target 'AtomicTransition' from project 'swiftui-navigation-transitions')

SwiftCompile normal arm64 /Users/harishvishwakarma/Library/Developer/Xcode/DerivedData/Revolt-dharrjsambcimaaziudpvzjdcigm/SourcePackages/checkouts/swiftui-navigation-transitions/Sources/AtomicTransition/Scale.swift (in target 'AtomicTransition' from project 'swiftui-navigation-transitions')
    cd /Users/harishvishwakarma/Handy/Archem/pepchat-ios/Revolt.xcodeproj
    

SwiftDriverJobDiscovery normal arm64 Compiling BitArray+Extras.swift, BitArray+Fill.swift, BitArray+Hashable.swift, BitArray+Initializers.swift, BitArray+Invariants.swift (in target 'BitCollections' from project 'swift-collections')

SwiftCompile normal arm64 Compiling\ Move.swift /Users/harishvishwakarma/Library/Developer/Xcode/DerivedData/Revolt-dharrjsambcimaaziudpvzjdcigm/SourcePackages/checkouts/swiftui-navigation-transitions/Sources/AtomicTransition/Move.swift (in target 'AtomicTransition' from project 'swiftui-navigation-transitions')

SwiftCompile normal arm64 /Users/harishvishwakarma/Library/Developer/Xcode/DerivedData/Revolt-dharrjsambcimaaziudpvzjdcigm/SourcePackages/checkouts/swiftui-navigation-transitions/Sources/AtomicTransition/Move.swift (in target 'AtomicTransition' from project 'swiftui-navigation-transitions')
    cd /Users/harishvishwakarma/Handy/Archem/pepchat-ios/Revolt.xcodeproj
    

SwiftDriverJobDiscovery normal arm64 Compiling BitArray+LosslessStringConvertible.swift, BitArray+RandomBits.swift, BitArray+RangeReplaceableCollection.swift, BitArray+Shifts.swift, BitArray+Testing.swift (in target 'BitCollections' from project 'swift-collections')

SwiftCompile normal arm64 Compiling\ Rotate.swift /Users/harishvishwakarma/Library/Developer/Xcode/DerivedData/Revolt-dharrjsambcimaaziudpvzjdcigm/SourcePackages/checkouts/swiftui-navigation-transitions/Sources/AtomicTransition/Rotate.swift (in target 'AtomicTransition' from project 'swiftui-navigation-transitions')

SwiftCompile normal arm64 /Users/harishvishwakarma/Library/Developer/Xcode/DerivedData/Revolt-dharrjsambcimaaziudpvzjdcigm/SourcePackages/checkouts/swiftui-navigation-transitions/Sources/AtomicTransition/Rotate.swift (in target 'AtomicTransition' from project 'swiftui-navigation-transitions')
    cd /Users/harishvishwakarma/Handy/Archem/pepchat-ios/Revolt.xcodeproj
    

SwiftDriverJobDiscovery normal arm64 Compiling Range+Utilities.swift, Slice+Utilities.swift, UInt+Tricks.swift, _Word.swift (in target 'BitCollections' from project 'swift-collections')

SwiftCompile normal arm64 Compiling\ AtomicTransition.swift,\ AtomicTransitionBuilder.swift /Users/harishvishwakarma/Library/Developer/Xcode/DerivedData/Revolt-dharrjsambcimaaziudpvzjdcigm/SourcePackages/checkouts/swiftui-navigation-transitions/Sources/AtomicTransition/AtomicTransition.swift /Users/harishvishwakarma/Library/Developer/Xcode/DerivedData/Revolt-dharrjsambcimaaziudpvzjdcigm/SourcePackages/checkouts/swiftui-navigation-transitions/Sources/AtomicTransition/AtomicTransitionBuilder.swift (in target 'AtomicTransition' from project 'swiftui-navigation-transitions')

SwiftCompile normal arm64 /Users/harishvishwakarma/Library/Developer/Xcode/DerivedData/Revolt-dharrjsambcimaaziudpvzjdcigm/SourcePackages/checkouts/swiftui-navigation-transitions/Sources/AtomicTransition/AtomicTransition.swift (in target 'AtomicTransition' from project 'swiftui-navigation-transitions')
    cd /Users/harishvishwakarma/Handy/Archem/pepchat-ios/Revolt.xcodeproj
    

SwiftCompile normal arm64 /Users/harishvishwakarma/Library/Developer/Xcode/DerivedData/Revolt-dharrjsambcimaaziudpvzjdcigm/SourcePackages/checkouts/swiftui-navigation-transitions/Sources/AtomicTransition/AtomicTransitionBuilder.swift (in target 'AtomicTransition' from project 'swiftui-navigation-transitions')
    cd /Users/harishvishwakarma/Handy/Archem/pepchat-ios/Revolt.xcodeproj
    

SwiftDriverJobDiscovery normal arm64 Compiling BitArray+BitwiseOperations.swift, BitArray+ChunkedBitsIterators.swift, BitArray+Codable.swift, BitArray+Collection.swift, BitArray+Copy.swift (in target 'BitCollections' from project 'swift-collections')

SwiftCompile normal arm64 Compiling\ Combined.swift,\ Group.swift /Users/harishvishwakarma/Library/Developer/Xcode/DerivedData/Revolt-dharrjsambcimaaziudpvzjdcigm/SourcePackages/checkouts/swiftui-navigation-transitions/Sources/AtomicTransition/Combined.swift /Users/harishvishwakarma/Library/Developer/Xcode/DerivedData/Revolt-dharrjsambcimaaziudpvzjdcigm/SourcePackages/checkouts/swiftui-navigation-transitions/Sources/AtomicTransition/Group.swift (in target 'AtomicTransition' from project 'swiftui-navigation-transitions')

SwiftCompile normal arm64 /Users/harishvishwakarma/Library/Developer/Xcode/DerivedData/Revolt-dharrjsambcimaaziudpvzjdcigm/SourcePackages/checkouts/swiftui-navigation-transitions/Sources/AtomicTransition/Combined.swift (in target 'AtomicTransition' from project 'swiftui-navigation-transitions')
    cd /Users/harishvishwakarma/Handy/Archem/pepchat-ios/Revolt.xcodeproj
    

SwiftCompile normal arm64 /Users/harishvishwakarma/Library/Developer/Xcode/DerivedData/Revolt-dharrjsambcimaaziudpvzjdcigm/SourcePackages/checkouts/swiftui-navigation-transitions/Sources/AtomicTransition/Group.swift (in target 'AtomicTransition' from project 'swiftui-navigation-transitions')
    cd /Users/harishvishwakarma/Handy/Archem/pepchat-ios/Revolt.xcodeproj
    

SwiftDriverJobDiscovery normal arm64 Compiling BitSet+Sorted Collection APIs.swift, BitSet.Counted.swift, BitSet.Index.swift, BitSet._UnsafeHandle.swift, BitSet.swift (in target 'BitCollections' from project 'swift-collections')

SwiftCompile normal arm64 Compiling\ Opacity.swift /Users/harishvishwakarma/Library/Developer/Xcode/DerivedData/Revolt-dharrjsambcimaaziudpvzjdcigm/SourcePackages/checkouts/swiftui-navigation-transitions/Sources/AtomicTransition/Opacity.swift (in target 'AtomicTransition' from project 'swiftui-navigation-transitions')

SwiftCompile normal arm64 /Users/harishvishwakarma/Library/Developer/Xcode/DerivedData/Revolt-dharrjsambcimaaziudpvzjdcigm/SourcePackages/checkouts/swiftui-navigation-transitions/Sources/AtomicTransition/Opacity.swift (in target 'AtomicTransition' from project 'swiftui-navigation-transitions')
    cd /Users/harishvishwakarma/Handy/Archem/pepchat-ios/Revolt.xcodeproj
    

SwiftDriverJobDiscovery normal arm64 Compiling _Exports.swift (in target 'AtomicTransition' from project 'swiftui-navigation-transitions')

SwiftCompile normal arm64 Compiling\ On.swift /Users/harishvishwakarma/Library/Developer/Xcode/DerivedData/Revolt-dharrjsambcimaaziudpvzjdcigm/SourcePackages/checkouts/swiftui-navigation-transitions/Sources/AtomicTransition/On.swift (in target 'AtomicTransition' from project 'swiftui-navigation-transitions')

SwiftCompile normal arm64 /Users/harishvishwakarma/Library/Developer/Xcode/DerivedData/Revolt-dharrjsambcimaaziudpvzjdcigm/SourcePackages/checkouts/swiftui-navigation-transitions/Sources/AtomicTransition/On.swift (in target 'AtomicTransition' from project 'swiftui-navigation-transitions')
    cd /Users/harishvishwakarma/Handy/Archem/pepchat-ios/Revolt.xcodeproj
    

SwiftDriverJobDiscovery normal arm64 Compiling BitSet+SetAlgebra isSuperset.swift, BitSet+SetAlgebra subtract.swift, BitSet+SetAlgebra subtracting.swift, BitSet+SetAlgebra symmetricDifference.swift, BitSet+SetAlgebra union.swift (in target 'BitCollections' from project 'swift-collections')

SwiftCompile normal arm64 Compiling\ Rotate3D.swift /Users/harishvishwakarma/Library/Developer/Xcode/DerivedData/Revolt-dharrjsambcimaaziudpvzjdcigm/SourcePackages/checkouts/swiftui-navigation-transitions/Sources/AtomicTransition/Rotate3D.swift (in target 'AtomicTransition' from project 'swiftui-navigation-transitions')

SwiftCompile normal arm64 /Users/harishvishwakarma/Library/Developer/Xcode/DerivedData/Revolt-dharrjsambcimaaziudpvzjdcigm/SourcePackages/checkouts/swiftui-navigation-transitions/Sources/AtomicTransition/Rotate3D.swift (in target 'AtomicTransition' from project 'swiftui-navigation-transitions')
    cd /Users/harishvishwakarma/Handy/Archem/pepchat-ios/Revolt.xcodeproj
    

SwiftDriverJobDiscovery normal arm64 Compiling Offset.swift (in target 'AtomicTransition' from project 'swiftui-navigation-transitions')

SwiftDriver\ Compilation Alamofire normal arm64 com.apple.xcode.tools.swift.compiler (in target 'Alamofire' from project 'Alamofire')
    cd /Users/harishvishwakarma/Handy/Archem/pepchat-ios/Revolt.xcodeproj
    builtin-Swift-Compilation -- /Applications/Xcode.app/Contents/Developer/Toolchains/XcodeDefault.xctoolchain/usr/bin/swiftc -module-name Alamofire -Onone -enforce-exclusivity\=checked @/Users/harishvishwakarma/Library/Developer/Xcode/DerivedData/Revolt-dharrjsambcimaaziudpvzjdcigm/Build/Intermediates.noindex/Alamofire.build/Debug-iphoneos/Alamofire.build/Objects-normal/arm64/Alamofire.SwiftFileList -DSWIFT_PACKAGE -DDEBUG -DXcode -plugin-path /Applications/Xcode.app/Contents/Developer/Toolchains/XcodeDefault.xctoolchain/usr/lib/swift/host/plugins/testing -enable-experimental-feature DebugDescriptionMacro -sdk /Applications/Xcode.app/Contents/Developer/Platforms/iPhoneOS.platform/Developer/SDKs/iPhoneOS18.5.sdk -target arm64-apple-ios12.0 -g -module-cache-path /Users/harishvishwakarma/Library/Developer/Xcode/DerivedData/ModuleCache.noindex -Xfrontend -serialize-debugging-options -enable-testing -suppress-warnings -index-store-path /Users/harishvishwakarma/Library/Developer/Xcode/DerivedData/Revolt-dharrjsambcimaaziudpvzjdcigm/Index.noindex/DataStore -swift-version 5 -I /Users/harishvishwakarma/Library/Developer/Xcode/DerivedData/Revolt-dharrjsambcimaaziudpvzjdcigm/Build/Products/Debug-iphoneos -I /Applications/Xcode.app/Contents/Developer/Platforms/iPhoneOS.platform/Developer/usr/lib -F /Users/harishvishwakarma/Library/Developer/Xcode/DerivedData/Revolt-dharrjsambcimaaziudpvzjdcigm/Build/Products/Debug-iphoneos -F /Applications/Xcode.app/Contents/Developer/Platforms/iPhoneOS.platform/Developer/Library/Frameworks -F /Applications/Xcode.app/Contents/Developer/Platforms/iPhoneOS.platform/Developer/SDKs/iPhoneOS18.5.sdk/Developer/Library/Frameworks -c -j12 -enable-batch-mode -incremental -Xcc -ivfsstatcache -Xcc /Users/harishvishwakarma/Library/Developer/Xcode/DerivedData/SDKStatCaches.noindex/iphoneos18.5-22F76-7fa4eea80a99bbfdc046826b63ec4baf.sdkstatcache -output-file-map /Users/harishvishwakarma/Library/Developer/Xcode/DerivedData/Revolt-dharrjsambcimaaziudpvzjdcigm/Build/Intermediates.noindex/Alamofire.build/Debug-iphoneos/Alamofire.build/Objects-normal/arm64/Alamofire-OutputFileMap.json -use-frontend-parseable-output -save-temps -no-color-diagnostics -serialize-diagnostics -emit-dependencies -emit-module -emit-module-path /Users/harishvishwakarma/Library/Developer/Xcode/DerivedData/Revolt-dharrjsambcimaaziudpvzjdcigm/Build/Intermediates.noindex/Alamofire.build/Debug-iphoneos/Alamofire.build/Objects-normal/arm64/Alamofire.swiftmodule -validate-clang-modules-once -clang-build-session-file /Users/harishvishwakarma/Library/Developer/Xcode/DerivedData/ModuleCache.noindex/Session.modulevalidation -package-name alamofire -Xcc -I/Users/harishvishwakarma/Library/Developer/Xcode/DerivedData/Revolt-dharrjsambcimaaziudpvzjdcigm/Build/Intermediates.noindex/Alamofire.build/Debug-iphoneos/Alamofire.build/swift-overrides.hmap -emit-const-values -Xfrontend -const-gather-protocols-file -Xfrontend /Users/harishvishwakarma/Library/Developer/Xcode/DerivedData/Revolt-dharrjsambcimaaziudpvzjdcigm/Build/Intermediates.noindex/Alamofire.build/Debug-iphoneos/Alamofire.build/Objects-normal/arm64/Alamofire_const_extract_protocols.json -Xcc -I/Users/harishvishwakarma/Library/Developer/Xcode/DerivedData/Revolt-dharrjsambcimaaziudpvzjdcigm/Build/Products/Debug-iphoneos/include -Xcc -I/Users/harishvishwakarma/Library/Developer/Xcode/DerivedData/Revolt-dharrjsambcimaaziudpvzjdcigm/Build/Intermediates.noindex/Alamofire.build/Debug-iphoneos/Alamofire.build/DerivedSources-normal/arm64 -Xcc -I/Users/harishvishwakarma/Library/Developer/Xcode/DerivedData/Revolt-dharrjsambcimaaziudpvzjdcigm/Build/Intermediates.noindex/Alamofire.build/Debug-iphoneos/Alamofire.build/DerivedSources/arm64 -Xcc -I/Users/harishvishwakarma/Library/Developer/Xcode/DerivedData/Revolt-dharrjsambcimaaziudpvzjdcigm/Build/Intermediates.noindex/Alamofire.build/Debug-iphoneos/Alamofire.build/DerivedSources -Xcc -DSWIFT_PACKAGE -Xcc -DDEBUG\=1 -emit-objc-header -emit-objc-header-path /Users/harishvishwakarma/Library/Developer/Xcode/DerivedData/Revolt-dharrjsambcimaaziudpvzjdcigm/Build/Intermediates.noindex/Alamofire.build/Debug-iphoneos/Alamofire.build/Objects-normal/arm64/Alamofire-Swift.h -working-directory /Users/harishvishwakarma/Handy/Archem/pepchat-ios/Revolt.xcodeproj -experimental-emit-module-separately -disable-cmo

SwiftDriverJobDiscovery normal arm64 Compiling BitSet+CustomReflectable.swift, BitSet+CustomStringConvertible.swift, BitSet+Equatable.swift, BitSet+ExpressibleByArrayLiteral.swift, BitSet+Extras.swift (in target 'BitCollections' from project 'swift-collections')

SwiftDriver NotificationService normal arm64 com.apple.xcode.tools.swift.compiler (in target 'NotificationService' from project 'Revolt')
    cd /Users/harishvishwakarma/Handy/Archem/pepchat-ios
    builtin-SwiftDriver -- /Applications/Xcode.app/Contents/Developer/Toolchains/XcodeDefault.xctoolchain/usr/bin/swiftc -module-name NotificationService -O -enforce-exclusivity\=checked @/Users/harishvishwakarma/Library/Developer/Xcode/DerivedData/Revolt-dharrjsambcimaaziudpvzjdcigm/Build/Intermediates.noindex/Revolt.build/Debug-iphoneos/NotificationService.build/Objects-normal/arm64/NotificationService.SwiftFileList -DDEBUG -DDEBUG -Xcc -fmodule-map-file\=/Users/harishvishwakarma/Library/Developer/Xcode/DerivedData/Revolt-dharrjsambcimaaziudpvzjdcigm/Build/Intermediates.noindex/GeneratedModuleMaps-iphoneos/OggDecoder.modulemap -enable-bare-slash-regex -enable-experimental-feature DebugDescriptionMacro -sdk /Applications/Xcode.app/Contents/Developer/Platforms/iPhoneOS.platform/Developer/SDKs/iPhoneOS18.5.sdk -target arm64-apple-ios18.0 -g -module-cache-path /Users/harishvishwakarma/Library/Developer/Xcode/DerivedData/ModuleCache.noindex -Xfrontend -serialize-debugging-options -application-extension -enable-testing -swift-version 5 -I /Users/harishvishwakarma/Library/Developer/Xcode/DerivedData/Revolt-dharrjsambcimaaziudpvzjdcigm/Build/Products/Debug-iphoneos -F /Users/harishvishwakarma/Library/Developer/Xcode/DerivedData/Revolt-dharrjsambcimaaziudpvzjdcigm/Build/Products/Debug-iphoneos/PackageFrameworks -F /Users/harishvishwakarma/Library/Developer/Xcode/DerivedData/Revolt-dharrjsambcimaaziudpvzjdcigm/Build/Products/Debug-iphoneos -parse-as-library -emit-localized-strings -emit-localized-strings-path /Users/harishvishwakarma/Library/Developer/Xcode/DerivedData/Revolt-dharrjsambcimaaziudpvzjdcigm/Build/Intermediates.noindex/Revolt.build/Debug-iphoneos/NotificationService.build/Objects-normal/arm64 -c -j12 -enable-batch-mode -incremental -Xcc -ivfsstatcache -Xcc /Users/harishvishwakarma/Library/Developer/Xcode/DerivedData/SDKStatCaches.noindex/iphoneos18.5-22F76-7fa4eea80a99bbfdc046826b63ec4baf.sdkstatcache -output-file-map /Users/harishvishwakarma/Library/Developer/Xcode/DerivedData/Revolt-dharrjsambcimaaziudpvzjdcigm/Build/Intermediates.noindex/Revolt.build/Debug-iphoneos/NotificationService.build/Objects-normal/arm64/NotificationService-OutputFileMap.json -use-frontend-parseable-output -save-temps -no-color-diagnostics -serialize-diagnostics -emit-dependencies -emit-module -emit-module-path /Users/harishvishwakarma/Library/Developer/Xcode/DerivedData/Revolt-dharrjsambcimaaziudpvzjdcigm/Build/Intermediates.noindex/Revolt.build/Debug-iphoneos/NotificationService.build/Objects-normal/arm64/NotificationService.swiftmodule -validate-clang-modules-once -clang-build-session-file /Users/harishvishwakarma/Library/Developer/Xcode/DerivedData/ModuleCache.noindex/Session.modulevalidation -Xcc -I/Users/harishvishwakarma/Library/Developer/Xcode/DerivedData/Revolt-dharrjsambcimaaziudpvzjdcigm/Build/Intermediates.noindex/Revolt.build/Debug-iphoneos/NotificationService.build/swift-overrides.hmap -emit-const-values -Xfrontend -const-gather-protocols-file -Xfrontend /Users/harishvishwakarma/Library/Developer/Xcode/DerivedData/Revolt-dharrjsambcimaaziudpvzjdcigm/Build/Intermediates.noindex/Revolt.build/Debug-iphoneos/NotificationService.build/Objects-normal/arm64/NotificationService_const_extract_protocols.json -Xcc -iquote -Xcc /Users/harishvishwakarma/Library/Developer/Xcode/DerivedData/Revolt-dharrjsambcimaaziudpvzjdcigm/Build/Intermediates.noindex/Revolt.build/Debug-iphoneos/NotificationService.build/NotificationService-generated-files.hmap -Xcc -I/Users/harishvishwakarma/Library/Developer/Xcode/DerivedData/Revolt-dharrjsambcimaaziudpvzjdcigm/Build/Intermediates.noindex/Revolt.build/Debug-iphoneos/NotificationService.build/NotificationService-own-target-headers.hmap -Xcc -I/Users/harishvishwakarma/Library/Developer/Xcode/DerivedData/Revolt-dharrjsambcimaaziudpvzjdcigm/Build/Intermediates.noindex/Revolt.build/Debug-iphoneos/NotificationService.build/NotificationService-all-non-framework-target-headers.hmap -Xcc -ivfsoverlay -Xcc /Users/harishvishwakarma/Library/Developer/Xcode/DerivedData/Revolt-dharrjsambcimaaziudpvzjdcigm/Build/Intermediates.noindex/Revolt.build/Debug-iphoneos/Revolt-964562c4cdd9c16033e74e924d17ebc5-VFS-iphoneos/all-product-headers.yaml -Xcc -iquote -Xcc /Users/harishvishwakarma/Library/Developer/Xcode/DerivedData/Revolt-dharrjsambcimaaziudpvzjdcigm/Build/Intermediates.noindex/Revolt.build/Debug-iphoneos/NotificationService.build/NotificationService-project-headers.hmap -Xcc -I/Users/harishvishwakarma/Library/Developer/Xcode/DerivedData/Revolt-dharrjsambcimaaziudpvzjdcigm/SourcePackages/checkouts/OggDecoder/Sources/OggDecoderObjC/include -Xcc -I/Users/harishvishwakarma/Library/Developer/Xcode/DerivedData/Revolt-dharrjsambcimaaziudpvzjdcigm/Build/Products/Debug-iphoneos/include -Xcc -I/Users/harishvishwakarma/Library/Developer/Xcode/DerivedData/Revolt-dharrjsambcimaaziudpvzjdcigm/Build/Intermediates.noindex/Revolt.build/Debug-iphoneos/NotificationService.build/DerivedSources-normal/arm64 -Xcc -I/Users/harishvishwakarma/Library/Developer/Xcode/DerivedData/Revolt-dharrjsambcimaaziudpvzjdcigm/Build/Intermediates.noindex/Revolt.build/Debug-iphoneos/NotificationService.build/DerivedSources/arm64 -Xcc -I/Users/harishvishwakarma/Library/Developer/Xcode/DerivedData/Revolt-dharrjsambcimaaziudpvzjdcigm/Build/Intermediates.noindex/Revolt.build/Debug-iphoneos/NotificationService.build/DerivedSources -Xcc -DDEBUG\=1 -emit-objc-header -emit-objc-header-path /Users/harishvishwakarma/Library/Developer/Xcode/DerivedData/Revolt-dharrjsambcimaaziudpvzjdcigm/Build/Intermediates.noindex/Revolt.build/Debug-iphoneos/NotificationService.build/Objects-normal/arm64/NotificationService-Swift.h -working-directory /Users/harishvishwakarma/Handy/Archem/pepchat-ios -experimental-emit-module-separately -disable-cmo

Ld /Users/harishvishwakarma/Library/Developer/Xcode/DerivedData/Revolt-dharrjsambcimaaziudpvzjdcigm/Build/Products/Debug-iphoneos/Alamofire.o normal (in target 'Alamofire' from project 'Alamofire')
    cd /Users/harishvishwakarma/Library/Developer/Xcode/DerivedData/Revolt-dharrjsambcimaaziudpvzjdcigm/SourcePackages/checkouts/Alamofire
    /Applications/Xcode.app/Contents/Developer/Toolchains/XcodeDefault.xctoolchain/usr/bin/clang -Xlinker -reproducible -target arm64-apple-ios12.0 -r -isysroot /Applications/Xcode.app/Contents/Developer/Platforms/iPhoneOS.platform/Developer/SDKs/iPhoneOS18.5.sdk -O0 -w -L/Users/harishvishwakarma/Library/Developer/Xcode/DerivedData/Revolt-dharrjsambcimaaziudpvzjdcigm/Build/Intermediates.noindex/EagerLinkingTBDs/Debug-iphoneos -L/Users/harishvishwakarma/Library/Developer/Xcode/DerivedData/Revolt-dharrjsambcimaaziudpvzjdcigm/Build/Products/Debug-iphoneos -L/Applications/Xcode.app/Contents/Developer/Platforms/iPhoneOS.platform/Developer/usr/lib -F/Users/harishvishwakarma/Library/Developer/Xcode/DerivedData/Revolt-dharrjsambcimaaziudpvzjdcigm/Build/Intermediates.noindex/EagerLinkingTBDs/Debug-iphoneos -F/Users/harishvishwakarma/Library/Developer/Xcode/DerivedData/Revolt-dharrjsambcimaaziudpvzjdcigm/Build/Products/Debug-iphoneos -iframework /Applications/Xcode.app/Contents/Developer/Platforms/iPhoneOS.platform/Developer/Library/Frameworks -iframework /Applications/Xcode.app/Contents/Developer/Platforms/iPhoneOS.platform/Developer/SDKs/iPhoneOS18.5.sdk/Developer/Library/Frameworks -filelist /Users/harishvishwakarma/Library/Developer/Xcode/DerivedData/Revolt-dharrjsambcimaaziudpvzjdcigm/Build/Intermediates.noindex/Alamofire.build/Debug-iphoneos/Alamofire.build/Objects-normal/arm64/Alamofire.LinkFileList -nostdlib -Xlinker -object_path_lto -Xlinker /Users/harishvishwakarma/Library/Developer/Xcode/DerivedData/Revolt-dharrjsambcimaaziudpvzjdcigm/Build/Intermediates.noindex/Alamofire.build/Debug-iphoneos/Alamofire.build/Objects-normal/arm64/Alamofire_lto.o -rdynamic -Xlinker -no_deduplicate -Xlinker -dependency_info -Xlinker /Users/harishvishwakarma/Library/Developer/Xcode/DerivedData/Revolt-dharrjsambcimaaziudpvzjdcigm/Build/Intermediates.noindex/Alamofire.build/Debug-iphoneos/Alamofire.build/Objects-normal/arm64/Alamofire_dependency_info.dat -fobjc-link-runtime -L/Applications/Xcode.app/Contents/Developer/Toolchains/XcodeDefault.xctoolchain/usr/lib/swift/iphoneos -L/usr/lib/swift -Xlinker -add_ast_path -Xlinker /Users/harishvishwakarma/Library/Developer/Xcode/DerivedData/Revolt-dharrjsambcimaaziudpvzjdcigm/Build/Intermediates.noindex/Alamofire.build/Debug-iphoneos/Alamofire.build/Objects-normal/arm64/Alamofire.swiftmodule -o /Users/harishvishwakarma/Library/Developer/Xcode/DerivedData/Revolt-dharrjsambcimaaziudpvzjdcigm/Build/Products/Debug-iphoneos/Alamofire.o

SwiftEmitModule normal arm64 Emitting\ module\ for\ NotificationService (in target 'NotificationService' from project 'Revolt')

SwiftCompile normal arm64 /Users/harishvishwakarma/Handy/Archem/pepchat-ios/NotificationService/NotificationService.swift (in target 'NotificationService' from project 'Revolt')
    cd /Users/harishvishwakarma/Handy/Archem/pepchat-ios
    

SwiftDriverJobDiscovery normal arm64 Compiling ZPosition.swift (in target 'AtomicTransition' from project 'swiftui-navigation-transitions')

SwiftCompile normal arm64 Compiling\ NotificationService.swift /Users/harishvishwakarma/Handy/Archem/pepchat-ios/NotificationService/NotificationService.swift (in target 'NotificationService' from project 'Revolt')
SwiftCompile normal arm64 /Users/harishvishwakarma/Handy/Archem/pepchat-ios/NotificationService/NotificationService.swift (in target 'NotificationService' from project 'Revolt')
    cd /Users/harishvishwakarma/Handy/Archem/pepchat-ios
    
/Users/harishvishwakarma/Handy/Archem/pepchat-ios/NotificationService/NotificationService.swift:40:9: warning: immutable value 'name' was never used; consider removing it
    let name: String
        ^
/Users/harishvishwakarma/Handy/Archem/pepchat-ios/NotificationService/NotificationService.swift:67:12: warning: value 'attachments' was defined but never used; consider replacing with boolean test
    if let attachments = message.attachments {
       ~~~~^~~~~~~~~~~~~~
                                             != nil
/Users/harishvishwakarma/Handy/Archem/pepchat-ios/NotificationService/NotificationService.swift:71:9: warning: variable 'content' was never mutated; consider changing to 'let' constant
    var content = message.content
    ~~~ ^
    let
/Users/harishvishwakarma/Handy/Archem/pepchat-ios/NotificationService/NotificationService.swift:167:17: warning: no calls to throwing functions occur within 'try' expression
                try interaction.donate()
                ^

SwiftDriverJobDiscovery normal arm64 Compiling Identity.swift, Mirror.swift (in target 'AtomicTransition' from project 'swiftui-navigation-transitions')

SwiftDriver\ Compilation BitCollections normal arm64 com.apple.xcode.tools.swift.compiler (in target 'BitCollections' from project 'swift-collections')
    cd /Users/harishvishwakarma/Handy/Archem/pepchat-ios/Revolt.xcodeproj
    builtin-Swift-Compilation -- /Applications/Xcode.app/Contents/Developer/Toolchains/XcodeDefault.xctoolchain/usr/bin/swiftc -module-name BitCollections -Onone -enforce-exclusivity\=checked @/Users/harishvishwakarma/Library/Developer/Xcode/DerivedData/Revolt-dharrjsambcimaaziudpvzjdcigm/Build/Intermediates.noindex/swift-collections.build/Debug-iphoneos/BitCollections.build/Objects-normal/arm64/BitCollections.SwiftFileList -DSWIFT_PACKAGE -DDEBUG -DCOLLECTIONS_RANDOMIZED_TESTING -DXcode -plugin-path /Applications/Xcode.app/Contents/Developer/Toolchains/XcodeDefault.xctoolchain/usr/lib/swift/host/plugins/testing -enable-experimental-feature DebugDescriptionMacro -sdk /Applications/Xcode.app/Contents/Developer/Platforms/iPhoneOS.platform/Developer/SDKs/iPhoneOS18.5.sdk -target arm64-apple-ios12.0 -g -module-cache-path /Users/harishvishwakarma/Library/Developer/Xcode/DerivedData/ModuleCache.noindex -Xfrontend -serialize-debugging-options -enable-testing -suppress-warnings -index-store-path /Users/harishvishwakarma/Library/Developer/Xcode/DerivedData/Revolt-dharrjsambcimaaziudpvzjdcigm/Index.noindex/DataStore -swift-version 5 -I /Users/harishvishwakarma/Library/Developer/Xcode/DerivedData/Revolt-dharrjsambcimaaziudpvzjdcigm/Build/Products/Debug-iphoneos -I /Applications/Xcode.app/Contents/Developer/Platforms/iPhoneOS.platform/Developer/usr/lib -F /Users/harishvishwakarma/Library/Developer/Xcode/DerivedData/Revolt-dharrjsambcimaaziudpvzjdcigm/Build/Products/Debug-iphoneos/PackageFrameworks -F /Users/harishvishwakarma/Library/Developer/Xcode/DerivedData/Revolt-dharrjsambcimaaziudpvzjdcigm/Build/Products/Debug-iphoneos -F /Applications/Xcode.app/Contents/Developer/Platforms/iPhoneOS.platform/Developer/Library/Frameworks -F /Applications/Xcode.app/Contents/Developer/Platforms/iPhoneOS.platform/Developer/SDKs/iPhoneOS18.5.sdk/Developer/Library/Frameworks -c -j12 -enable-batch-mode -incremental -Xcc -ivfsstatcache -Xcc /Users/harishvishwakarma/Library/Developer/Xcode/DerivedData/SDKStatCaches.noindex/iphoneos18.5-22F76-7fa4eea80a99bbfdc046826b63ec4baf.sdkstatcache -output-file-map /Users/harishvishwakarma/Library/Developer/Xcode/DerivedData/Revolt-dharrjsambcimaaziudpvzjdcigm/Build/Intermediates.noindex/swift-collections.build/Debug-iphoneos/BitCollections.build/Objects-normal/arm64/BitCollections-OutputFileMap.json -use-frontend-parseable-output -save-temps -no-color-diagnostics -serialize-diagnostics -emit-dependencies -emit-module -emit-module-path /Users/harishvishwakarma/Library/Developer/Xcode/DerivedData/Revolt-dharrjsambcimaaziudpvzjdcigm/Build/Intermediates.noindex/swift-collections.build/Debug-iphoneos/BitCollections.build/Objects-normal/arm64/BitCollections.swiftmodule -validate-clang-modules-once -clang-build-session-file /Users/harishvishwakarma/Library/Developer/Xcode/DerivedData/ModuleCache.noindex/Session.modulevalidation -Xcc -I/Users/harishvishwakarma/Library/Developer/Xcode/DerivedData/Revolt-dharrjsambcimaaziudpvzjdcigm/Build/Intermediates.noindex/swift-collections.build/Debug-iphoneos/BitCollections.build/swift-overrides.hmap -emit-const-values -Xfrontend -const-gather-protocols-file -Xfrontend /Users/harishvishwakarma/Library/Developer/Xcode/DerivedData/Revolt-dharrjsambcimaaziudpvzjdcigm/Build/Intermediates.noindex/swift-collections.build/Debug-iphoneos/BitCollections.build/Objects-normal/arm64/BitCollections_const_extract_protocols.json -Xcc -I/Users/harishvishwakarma/Library/Developer/Xcode/DerivedData/Revolt-dharrjsambcimaaziudpvzjdcigm/Build/Products/Debug-iphoneos/include -Xcc -I/Users/harishvishwakarma/Library/Developer/Xcode/DerivedData/Revolt-dharrjsambcimaaziudpvzjdcigm/Build/Intermediates.noindex/swift-collections.build/Debug-iphoneos/BitCollections.build/DerivedSources-normal/arm64 -Xcc -I/Users/harishvishwakarma/Library/Developer/Xcode/DerivedData/Revolt-dharrjsambcimaaziudpvzjdcigm/Build/Intermediates.noindex/swift-collections.build/Debug-iphoneos/BitCollections.build/DerivedSources/arm64 -Xcc -I/Users/harishvishwakarma/Library/Developer/Xcode/DerivedData/Revolt-dharrjsambcimaaziudpvzjdcigm/Build/Intermediates.noindex/swift-collections.build/Debug-iphoneos/BitCollections.build/DerivedSources -Xcc -DSWIFT_PACKAGE -Xcc -DDEBUG\=1 -emit-objc-header -emit-objc-header-path /Users/harishvishwakarma/Library/Developer/Xcode/DerivedData/Revolt-dharrjsambcimaaziudpvzjdcigm/Build/Intermediates.noindex/swift-collections.build/Debug-iphoneos/BitCollections.build/Objects-normal/arm64/BitCollections-Swift.h -working-directory /Users/harishvishwakarma/Handy/Archem/pepchat-ios/Revolt.xcodeproj -experimental-emit-module-separately -disable-cmo

RegisterExecutionPolicyException /Users/harishvishwakarma/Library/Developer/Xcode/DerivedData/Revolt-dharrjsambcimaaziudpvzjdcigm/Build/Products/Debug-iphoneos/libcmark.o (in target 'libcmark' from project 'Down')
    cd /Users/harishvishwakarma/Library/Developer/Xcode/DerivedData/Revolt-dharrjsambcimaaziudpvzjdcigm/SourcePackages/checkouts/Down
    builtin-RegisterExecutionPolicyException /Users/harishvishwakarma/Library/Developer/Xcode/DerivedData/Revolt-dharrjsambcimaaziudpvzjdcigm/Build/Products/Debug-iphoneos/libcmark.o

GenerateTAPI /Users/harishvishwakarma/Library/Developer/Xcode/DerivedData/Revolt-dharrjsambcimaaziudpvzjdcigm/Build/Intermediates.noindex/EagerLinkingTBDs/Debug-iphoneos/Types.framework/Types.tbd (in target 'Types' from project 'Revolt')
    cd /Users/harishvishwakarma/Handy/Archem/pepchat-ios
    /Applications/Xcode.app/Contents/Developer/Toolchains/XcodeDefault.xctoolchain/usr/bin/tapi stubify -isysroot /Applications/Xcode.app/Contents/Developer/Platforms/iPhoneOS.platform/Developer/SDKs/iPhoneOS18.5.sdk -F/Users/harishvishwakarma/Library/Developer/Xcode/DerivedData/Revolt-dharrjsambcimaaziudpvzjdcigm/Build/Products/Debug-iphoneos -L/Users/harishvishwakarma/Library/Developer/Xcode/DerivedData/Revolt-dharrjsambcimaaziudpvzjdcigm/Build/Products/Debug-iphoneos /Users/harishvishwakarma/Library/Developer/Xcode/DerivedData/Revolt-dharrjsambcimaaziudpvzjdcigm/Build/Products/Debug-iphoneos/Types.framework/Types -o /Users/harishvishwakarma/Library/Developer/Xcode/DerivedData/Revolt-dharrjsambcimaaziudpvzjdcigm/Build/Intermediates.noindex/EagerLinkingTBDs/Debug-iphoneos/Types.framework/Types.tbd

ExtractAppIntentsMetadata (in target 'Alamofire' from project 'Alamofire')
    cd /Users/harishvishwakarma/Library/Developer/Xcode/DerivedData/Revolt-dharrjsambcimaaziudpvzjdcigm/SourcePackages/checkouts/Alamofire
    /Applications/Xcode.app/Contents/Developer/Toolchains/XcodeDefault.xctoolchain/usr/bin/appintentsmetadataprocessor --toolchain-dir /Applications/Xcode.app/Contents/Developer/Toolchains/XcodeDefault.xctoolchain --module-name Alamofire --sdk-root /Applications/Xcode.app/Contents/Developer/Platforms/iPhoneOS.platform/Developer/SDKs/iPhoneOS18.5.sdk --xcode-version 16F6 --platform-family iOS --deployment-target 12.0 --bundle-identifier alamofire.Alamofire --output /Users/harishvishwakarma/Library/Developer/Xcode/DerivedData/Revolt-dharrjsambcimaaziudpvzjdcigm/Build/Products/Debug-iphoneos/Alamofire.appintents --target-triple arm64-apple-ios12.0 --binary-file /Users/harishvishwakarma/Library/Developer/Xcode/DerivedData/Revolt-dharrjsambcimaaziudpvzjdcigm/Build/Products/Debug-iphoneos/Alamofire.o --dependency-file /Users/harishvishwakarma/Library/Developer/Xcode/DerivedData/Revolt-dharrjsambcimaaziudpvzjdcigm/Build/Intermediates.noindex/Alamofire.build/Debug-iphoneos/Alamofire.build/Objects-normal/arm64/Alamofire_dependency_info.dat --stringsdata-file /Users/harishvishwakarma/Library/Developer/Xcode/DerivedData/Revolt-dharrjsambcimaaziudpvzjdcigm/Build/Intermediates.noindex/Alamofire.build/Debug-iphoneos/Alamofire.build/Objects-normal/arm64/ExtractedAppShortcutsMetadata.stringsdata --source-file-list /Users/harishvishwakarma/Library/Developer/Xcode/DerivedData/Revolt-dharrjsambcimaaziudpvzjdcigm/Build/Intermediates.noindex/Alamofire.build/Debug-iphoneos/Alamofire.build/Objects-normal/arm64/Alamofire.SwiftFileList --metadata-file-list /Users/harishvishwakarma/Library/Developer/Xcode/DerivedData/Revolt-dharrjsambcimaaziudpvzjdcigm/Build/Intermediates.noindex/Alamofire.build/Debug-iphoneos/Alamofire.build/Alamofire.DependencyMetadataFileList --static-metadata-file-list /Users/harishvishwakarma/Library/Developer/Xcode/DerivedData/Revolt-dharrjsambcimaaziudpvzjdcigm/Build/Intermediates.noindex/Alamofire.build/Debug-iphoneos/Alamofire.build/Alamofire.DependencyStaticMetadataFileList --swift-const-vals-list /Users/harishvishwakarma/Library/Developer/Xcode/DerivedData/Revolt-dharrjsambcimaaziudpvzjdcigm/Build/Intermediates.noindex/Alamofire.build/Debug-iphoneos/Alamofire.build/Objects-normal/arm64/Alamofire.SwiftConstValuesFileList --force --compile-time-extraction --deployment-aware-processing --validate-assistant-intents --no-app-shortcuts-localization
2026-01-08 18:38:25.724 appintentsmetadataprocessor[99613:1137891] Starting appintentsmetadataprocessor export
2026-01-08 18:38:25.817 appintentsmetadataprocessor[99613:1137891] Extracted no relevant App Intents symbols, skipping writing output

SwiftDriverJobDiscovery normal arm64 Compiling Scale.swift (in target 'AtomicTransition' from project 'swiftui-navigation-transitions')

RegisterExecutionPolicyException /Users/harishvishwakarma/Library/Developer/Xcode/DerivedData/Revolt-dharrjsambcimaaziudpvzjdcigm/Build/Products/Debug-iphoneos/OggDecoder.o (in target 'OggDecoder' from project 'OggDecoder')
    cd /Users/harishvishwakarma/Library/Developer/Xcode/DerivedData/Revolt-dharrjsambcimaaziudpvzjdcigm/SourcePackages/checkouts/OggDecoder
    builtin-RegisterExecutionPolicyException /Users/harishvishwakarma/Library/Developer/Xcode/DerivedData/Revolt-dharrjsambcimaaziudpvzjdcigm/Build/Products/Debug-iphoneos/OggDecoder.o

RegisterExecutionPolicyException /Users/harishvishwakarma/Library/Developer/Xcode/DerivedData/Revolt-dharrjsambcimaaziudpvzjdcigm/Build/Products/Debug-iphoneos/ULID.o (in target 'ULID' from project 'ULID.swift')
    cd /Users/harishvishwakarma/Library/Developer/Xcode/DerivedData/Revolt-dharrjsambcimaaziudpvzjdcigm/SourcePackages/checkouts/ULID.swift
    builtin-RegisterExecutionPolicyException /Users/harishvishwakarma/Library/Developer/Xcode/DerivedData/Revolt-dharrjsambcimaaziudpvzjdcigm/Build/Products/Debug-iphoneos/ULID.o

RegisterExecutionPolicyException /Users/harishvishwakarma/Library/Developer/Xcode/DerivedData/Revolt-dharrjsambcimaaziudpvzjdcigm/Build/Products/Debug-iphoneos/SwiftyCrop.o (in target 'SwiftyCrop' from project 'SwiftyCrop')
    cd /Users/harishvishwakarma/Library/Developer/Xcode/DerivedData/Revolt-dharrjsambcimaaziudpvzjdcigm/SourcePackages/checkouts/SwiftyCrop
    builtin-RegisterExecutionPolicyException /Users/harishvishwakarma/Library/Developer/Xcode/DerivedData/Revolt-dharrjsambcimaaziudpvzjdcigm/Build/Products/Debug-iphoneos/SwiftyCrop.o

RegisterExecutionPolicyException /Users/harishvishwakarma/Library/Developer/Xcode/DerivedData/Revolt-dharrjsambcimaaziudpvzjdcigm/Build/Products/Debug-iphoneos/SwiftUITooltip.o (in target 'SwiftUITooltip' from project 'SwiftUITooltip')
    cd /Users/harishvishwakarma/Library/Developer/Xcode/DerivedData/Revolt-dharrjsambcimaaziudpvzjdcigm/SourcePackages/checkouts/SwiftUI-Tooltip
    builtin-RegisterExecutionPolicyException /Users/harishvishwakarma/Library/Developer/Xcode/DerivedData/Revolt-dharrjsambcimaaziudpvzjdcigm/Build/Products/Debug-iphoneos/SwiftUITooltip.o

RegisterExecutionPolicyException /Users/harishvishwakarma/Library/Developer/Xcode/DerivedData/Revolt-dharrjsambcimaaziudpvzjdcigm/Build/Products/Debug-iphoneos/SwiftUIMasonry.o (in target 'SwiftUIMasonry' from project 'SwiftUIMasonry')
    cd /Users/harishvishwakarma/Library/Developer/Xcode/DerivedData/Revolt-dharrjsambcimaaziudpvzjdcigm/SourcePackages/checkouts/SwiftUIMasonry
    builtin-RegisterExecutionPolicyException /Users/harishvishwakarma/Library/Developer/Xcode/DerivedData/Revolt-dharrjsambcimaaziudpvzjdcigm/Build/Products/Debug-iphoneos/SwiftUIMasonry.o

RegisterExecutionPolicyException /Users/harishvishwakarma/Library/Developer/Xcode/DerivedData/Revolt-dharrjsambcimaaziudpvzjdcigm/Build/Products/Debug-iphoneos/SwiftUIIntrospect.o (in target 'SwiftUIIntrospect' from project 'swiftui-introspect')
    cd /Users/harishvishwakarma/Library/Developer/Xcode/DerivedData/Revolt-dharrjsambcimaaziudpvzjdcigm/SourcePackages/checkouts/swiftui-introspect
    builtin-RegisterExecutionPolicyException /Users/harishvishwakarma/Library/Developer/Xcode/DerivedData/Revolt-dharrjsambcimaaziudpvzjdcigm/Build/Products/Debug-iphoneos/SwiftUIIntrospect.o

RegisterExecutionPolicyException /Users/harishvishwakarma/Library/Developer/Xcode/DerivedData/Revolt-dharrjsambcimaaziudpvzjdcigm/Build/Products/Debug-iphoneos/SwiftUIFlow.o (in target 'SwiftUIFlow' from project 'SwiftUIFlow')
    cd /Users/harishvishwakarma/Library/Developer/Xcode/DerivedData/Revolt-dharrjsambcimaaziudpvzjdcigm/SourcePackages/checkouts/SwiftUIFlow
    builtin-RegisterExecutionPolicyException /Users/harishvishwakarma/Library/Developer/Xcode/DerivedData/Revolt-dharrjsambcimaaziudpvzjdcigm/Build/Products/Debug-iphoneos/SwiftUIFlow.o

RegisterExecutionPolicyException /Users/harishvishwakarma/Library/Developer/Xcode/DerivedData/Revolt-dharrjsambcimaaziudpvzjdcigm/Build/Products/Debug/SwiftSyntax509.o (in target 'SwiftSyntax509' from project 'swift-syntax')
    cd /Users/harishvishwakarma/Library/Developer/Xcode/DerivedData/Revolt-dharrjsambcimaaziudpvzjdcigm/SourcePackages/checkouts/swift-syntax
    builtin-RegisterExecutionPolicyException /Users/harishvishwakarma/Library/Developer/Xcode/DerivedData/Revolt-dharrjsambcimaaziudpvzjdcigm/Build/Products/Debug/SwiftSyntax509.o

RegisterExecutionPolicyException /Users/harishvishwakarma/Library/Developer/Xcode/DerivedData/Revolt-dharrjsambcimaaziudpvzjdcigm/Build/Products/Debug-iphoneos/SwiftParsec.o (in target 'SwiftParsec' from project 'SwiftParsec')
    cd /Users/harishvishwakarma/Library/Developer/Xcode/DerivedData/Revolt-dharrjsambcimaaziudpvzjdcigm/SourcePackages/checkouts/SwiftParsec
    builtin-RegisterExecutionPolicyException /Users/harishvishwakarma/Library/Developer/Xcode/DerivedData/Revolt-dharrjsambcimaaziudpvzjdcigm/Build/Products/Debug-iphoneos/SwiftParsec.o

Ld /Users/harishvishwakarma/Library/Developer/Xcode/DerivedData/Revolt-dharrjsambcimaaziudpvzjdcigm/Build/Products/Debug-iphoneos/Down.o normal (in target 'Down' from project 'Down')
    cd /Users/harishvishwakarma/Library/Developer/Xcode/DerivedData/Revolt-dharrjsambcimaaziudpvzjdcigm/SourcePackages/checkouts/Down
    /Applications/Xcode.app/Contents/Developer/Toolchains/XcodeDefault.xctoolchain/usr/bin/clang -Xlinker -reproducible -target arm64-apple-ios12.0 -r -isysroot /Applications/Xcode.app/Contents/Developer/Platforms/iPhoneOS.platform/Developer/SDKs/iPhoneOS18.5.sdk -O0 -w -L/Users/harishvishwakarma/Library/Developer/Xcode/DerivedData/Revolt-dharrjsambcimaaziudpvzjdcigm/Build/Intermediates.noindex/EagerLinkingTBDs/Debug-iphoneos -L/Users/harishvishwakarma/Library/Developer/Xcode/DerivedData/Revolt-dharrjsambcimaaziudpvzjdcigm/Build/Products/Debug-iphoneos -L/Applications/Xcode.app/Contents/Developer/Platforms/iPhoneOS.platform/Developer/usr/lib -F/Users/harishvishwakarma/Library/Developer/Xcode/DerivedData/Revolt-dharrjsambcimaaziudpvzjdcigm/Build/Intermediates.noindex/EagerLinkingTBDs/Debug-iphoneos -F/Users/harishvishwakarma/Library/Developer/Xcode/DerivedData/Revolt-dharrjsambcimaaziudpvzjdcigm/Build/Products/Debug-iphoneos/PackageFrameworks -F/Users/harishvishwakarma/Library/Developer/Xcode/DerivedData/Revolt-dharrjsambcimaaziudpvzjdcigm/Build/Products/Debug-iphoneos -iframework /Applications/Xcode.app/Contents/Developer/Platforms/iPhoneOS.platform/Developer/Library/Frameworks -iframework /Applications/Xcode.app/Contents/Developer/Platforms/iPhoneOS.platform/Developer/SDKs/iPhoneOS18.5.sdk/Developer/Library/Frameworks -filelist /Users/harishvishwakarma/Library/Developer/Xcode/DerivedData/Revolt-dharrjsambcimaaziudpvzjdcigm/Build/Intermediates.noindex/Down.build/Debug-iphoneos/Down.build/Objects-normal/arm64/Down.LinkFileList -nostdlib -Xlinker -object_path_lto -Xlinker /Users/harishvishwakarma/Library/Developer/Xcode/DerivedData/Revolt-dharrjsambcimaaziudpvzjdcigm/Build/Intermediates.noindex/Down.build/Debug-iphoneos/Down.build/Objects-normal/arm64/Down_lto.o -rdynamic -Xlinker -no_deduplicate -Xlinker -dependency_info -Xlinker /Users/harishvishwakarma/Library/Developer/Xcode/DerivedData/Revolt-dharrjsambcimaaziudpvzjdcigm/Build/Intermediates.noindex/Down.build/Debug-iphoneos/Down.build/Objects-normal/arm64/Down_dependency_info.dat -fobjc-link-runtime -L/Applications/Xcode.app/Contents/Developer/Toolchains/XcodeDefault.xctoolchain/usr/lib/swift/iphoneos -L/usr/lib/swift -Xlinker -add_ast_path -Xlinker /Users/harishvishwakarma/Library/Developer/Xcode/DerivedData/Revolt-dharrjsambcimaaziudpvzjdcigm/Build/Intermediates.noindex/Down.build/Debug-iphoneos/Down.build/Objects-normal/arm64/Down.swiftmodule -o /Users/harishvishwakarma/Library/Developer/Xcode/DerivedData/Revolt-dharrjsambcimaaziudpvzjdcigm/Build/Products/Debug-iphoneos/Down.o

SwiftDriver SwiftParser normal x86_64 com.apple.xcode.tools.swift.compiler (in target 'SwiftParser' from project 'swift-syntax')
    cd /Users/harishvishwakarma/Handy/Archem/pepchat-ios/Revolt.xcodeproj
    builtin-SwiftDriver -- /Applications/Xcode.app/Contents/Developer/Toolchains/XcodeDefault.xctoolchain/usr/bin/swiftc -module-name SwiftParser -Onone -enforce-exclusivity\=checked @/Users/harishvishwakarma/Library/Developer/Xcode/DerivedData/Revolt-dharrjsambcimaaziudpvzjdcigm/Build/Intermediates.noindex/swift-syntax.build/Debug/SwiftParser.build/Objects-normal/x86_64/SwiftParser.SwiftFileList -DSWIFT_PACKAGE -DDEBUG -DXcode -plugin-path /Applications/Xcode.app/Contents/Developer/Toolchains/XcodeDefault.xctoolchain/usr/lib/swift/host/plugins/testing -enable-experimental-feature DebugDescriptionMacro -sdk /Applications/Xcode.app/Contents/Developer/Platforms/MacOSX.platform/Developer/SDKs/MacOSX15.5.sdk -target x86_64-apple-macos10.15 -g -module-cache-path /Users/harishvishwakarma/Library/Developer/Xcode/DerivedData/ModuleCache.noindex -Xfrontend -serialize-debugging-options -enable-testing -suppress-warnings -index-store-path /Users/harishvishwakarma/Library/Developer/Xcode/DerivedData/Revolt-dharrjsambcimaaziudpvzjdcigm/Index.noindex/DataStore -swift-version 5 -I /Users/harishvishwakarma/Library/Developer/Xcode/DerivedData/Revolt-dharrjsambcimaaziudpvzjdcigm/Build/Products/Debug -I /Applications/Xcode.app/Contents/Developer/Platforms/MacOSX.platform/Developer/usr/lib -F /Users/harishvishwakarma/Library/Developer/Xcode/DerivedData/Revolt-dharrjsambcimaaziudpvzjdcigm/Build/Products/Debug/PackageFrameworks -F /Users/harishvishwakarma/Library/Developer/Xcode/DerivedData/Revolt-dharrjsambcimaaziudpvzjdcigm/Build/Products/Debug/PackageFrameworks -F /Users/harishvishwakarma/Library/Developer/Xcode/DerivedData/Revolt-dharrjsambcimaaziudpvzjdcigm/Build/Products/Debug -F /Applications/Xcode.app/Contents/Developer/Platforms/MacOSX.platform/Developer/Library/Frameworks -c -j12 -enable-batch-mode -incremental -Xcc -ivfsstatcache -Xcc /Users/harishvishwakarma/Library/Developer/Xcode/DerivedData/SDKStatCaches.noindex/macosx15.5-24F74-8254517eb8b97d462ccbc072ba9094c9.sdkstatcache -output-file-map /Users/harishvishwakarma/Library/Developer/Xcode/DerivedData/Revolt-dharrjsambcimaaziudpvzjdcigm/Build/Intermediates.noindex/swift-syntax.build/Debug/SwiftParser.build/Objects-normal/x86_64/SwiftParser-OutputFileMap.json -use-frontend-parseable-output -save-temps -no-color-diagnostics -serialize-diagnostics -emit-dependencies -emit-module -emit-module-path /Users/harishvishwakarma/Library/Developer/Xcode/DerivedData/Revolt-dharrjsambcimaaziudpvzjdcigm/Build/Intermediates.noindex/swift-syntax.build/Debug/SwiftParser.build/Objects-normal/x86_64/SwiftParser.swiftmodule -validate-clang-modules-once -clang-build-session-file /Users/harishvishwakarma/Library/Developer/Xcode/DerivedData/ModuleCache.noindex/Session.modulevalidation -Xcc -I/Users/harishvishwakarma/Library/Developer/Xcode/DerivedData/Revolt-dharrjsambcimaaziudpvzjdcigm/Build/Intermediates.noindex/swift-syntax.build/Debug/SwiftParser.build/swift-overrides.hmap -emit-const-values -Xfrontend -const-gather-protocols-file -Xfrontend /Users/harishvishwakarma/Library/Developer/Xcode/DerivedData/Revolt-dharrjsambcimaaziudpvzjdcigm/Build/Intermediates.noindex/swift-syntax.build/Debug/SwiftParser.build/Objects-normal/x86_64/SwiftParser_const_extract_protocols.json -Xcc -I/Users/harishvishwakarma/Library/Developer/Xcode/DerivedData/Revolt-dharrjsambcimaaziudpvzjdcigm/Build/Products/Debug/include -Xcc -I/Users/harishvishwakarma/Library/Developer/Xcode/DerivedData/Revolt-dharrjsambcimaaziudpvzjdcigm/Build/Intermediates.noindex/swift-syntax.build/Debug/SwiftParser.build/DerivedSources-normal/x86_64 -Xcc -I/Users/harishvishwakarma/Library/Developer/Xcode/DerivedData/Revolt-dharrjsambcimaaziudpvzjdcigm/Build/Intermediates.noindex/swift-syntax.build/Debug/SwiftParser.build/DerivedSources/x86_64 -Xcc -I/Users/harishvishwakarma/Library/Developer/Xcode/DerivedData/Revolt-dharrjsambcimaaziudpvzjdcigm/Build/Intermediates.noindex/swift-syntax.build/Debug/SwiftParser.build/DerivedSources -Xcc -DSWIFT_PACKAGE -Xcc -DDEBUG\=1 -emit-objc-header -emit-objc-header-path /Users/harishvishwakarma/Library/Developer/Xcode/DerivedData/Revolt-dharrjsambcimaaziudpvzjdcigm/Build/Intermediates.noindex/swift-syntax.build/Debug/SwiftParser.build/Objects-normal/x86_64/SwiftParser-Swift.h -working-directory /Users/harishvishwakarma/Handy/Archem/pepchat-ios/Revolt.xcodeproj -experimental-emit-module-separately -disable-cmo

SwiftDriver SwiftParser normal arm64 com.apple.xcode.tools.swift.compiler (in target 'SwiftParser' from project 'swift-syntax')
    cd /Users/harishvishwakarma/Handy/Archem/pepchat-ios/Revolt.xcodeproj
    builtin-SwiftDriver -- /Applications/Xcode.app/Contents/Developer/Toolchains/XcodeDefault.xctoolchain/usr/bin/swiftc -module-name SwiftParser -Onone -enforce-exclusivity\=checked @/Users/harishvishwakarma/Library/Developer/Xcode/DerivedData/Revolt-dharrjsambcimaaziudpvzjdcigm/Build/Intermediates.noindex/swift-syntax.build/Debug/SwiftParser.build/Objects-normal/arm64/SwiftParser.SwiftFileList -DSWIFT_PACKAGE -DDEBUG -DXcode -plugin-path /Applications/Xcode.app/Contents/Developer/Toolchains/XcodeDefault.xctoolchain/usr/lib/swift/host/plugins/testing -enable-experimental-feature DebugDescriptionMacro -sdk /Applications/Xcode.app/Contents/Developer/Platforms/MacOSX.platform/Developer/SDKs/MacOSX15.5.sdk -target arm64-apple-macos10.15 -g -module-cache-path /Users/harishvishwakarma/Library/Developer/Xcode/DerivedData/ModuleCache.noindex -Xfrontend -serialize-debugging-options -enable-testing -suppress-warnings -index-store-path /Users/harishvishwakarma/Library/Developer/Xcode/DerivedData/Revolt-dharrjsambcimaaziudpvzjdcigm/Index.noindex/DataStore -swift-version 5 -I /Users/harishvishwakarma/Library/Developer/Xcode/DerivedData/Revolt-dharrjsambcimaaziudpvzjdcigm/Build/Products/Debug -I /Applications/Xcode.app/Contents/Developer/Platforms/MacOSX.platform/Developer/usr/lib -F /Users/harishvishwakarma/Library/Developer/Xcode/DerivedData/Revolt-dharrjsambcimaaziudpvzjdcigm/Build/Products/Debug/PackageFrameworks -F /Users/harishvishwakarma/Library/Developer/Xcode/DerivedData/Revolt-dharrjsambcimaaziudpvzjdcigm/Build/Products/Debug/PackageFrameworks -F /Users/harishvishwakarma/Library/Developer/Xcode/DerivedData/Revolt-dharrjsambcimaaziudpvzjdcigm/Build/Products/Debug -F /Applications/Xcode.app/Contents/Developer/Platforms/MacOSX.platform/Developer/Library/Frameworks -c -j12 -enable-batch-mode -incremental -Xcc -ivfsstatcache -Xcc /Users/harishvishwakarma/Library/Developer/Xcode/DerivedData/SDKStatCaches.noindex/macosx15.5-24F74-8254517eb8b97d462ccbc072ba9094c9.sdkstatcache -output-file-map /Users/harishvishwakarma/Library/Developer/Xcode/DerivedData/Revolt-dharrjsambcimaaziudpvzjdcigm/Build/Intermediates.noindex/swift-syntax.build/Debug/SwiftParser.build/Objects-normal/arm64/SwiftParser-OutputFileMap.json -use-frontend-parseable-output -save-temps -no-color-diagnostics -serialize-diagnostics -emit-dependencies -emit-module -emit-module-path /Users/harishvishwakarma/Library/Developer/Xcode/DerivedData/Revolt-dharrjsambcimaaziudpvzjdcigm/Build/Intermediates.noindex/swift-syntax.build/Debug/SwiftParser.build/Objects-normal/arm64/SwiftParser.swiftmodule -validate-clang-modules-once -clang-build-session-file /Users/harishvishwakarma/Library/Developer/Xcode/DerivedData/ModuleCache.noindex/Session.modulevalidation -Xcc -I/Users/harishvishwakarma/Library/Developer/Xcode/DerivedData/Revolt-dharrjsambcimaaziudpvzjdcigm/Build/Intermediates.noindex/swift-syntax.build/Debug/SwiftParser.build/swift-overrides.hmap -emit-const-values -Xfrontend -const-gather-protocols-file -Xfrontend /Users/harishvishwakarma/Library/Developer/Xcode/DerivedData/Revolt-dharrjsambcimaaziudpvzjdcigm/Build/Intermediates.noindex/swift-syntax.build/Debug/SwiftParser.build/Objects-normal/arm64/SwiftParser_const_extract_protocols.json -Xcc -I/Users/harishvishwakarma/Library/Developer/Xcode/DerivedData/Revolt-dharrjsambcimaaziudpvzjdcigm/Build/Products/Debug/include -Xcc -I/Users/harishvishwakarma/Library/Developer/Xcode/DerivedData/Revolt-dharrjsambcimaaziudpvzjdcigm/Build/Intermediates.noindex/swift-syntax.build/Debug/SwiftParser.build/DerivedSources-normal/arm64 -Xcc -I/Users/harishvishwakarma/Library/Developer/Xcode/DerivedData/Revolt-dharrjsambcimaaziudpvzjdcigm/Build/Intermediates.noindex/swift-syntax.build/Debug/SwiftParser.build/DerivedSources/arm64 -Xcc -I/Users/harishvishwakarma/Library/Developer/Xcode/DerivedData/Revolt-dharrjsambcimaaziudpvzjdcigm/Build/Intermediates.noindex/swift-syntax.build/Debug/SwiftParser.build/DerivedSources -Xcc -DSWIFT_PACKAGE -Xcc -DDEBUG\=1 -emit-objc-header -emit-objc-header-path /Users/harishvishwakarma/Library/Developer/Xcode/DerivedData/Revolt-dharrjsambcimaaziudpvzjdcigm/Build/Intermediates.noindex/swift-syntax.build/Debug/SwiftParser.build/Objects-normal/arm64/SwiftParser-Swift.h -working-directory /Users/harishvishwakarma/Handy/Archem/pepchat-ios/Revolt.xcodeproj -experimental-emit-module-separately -disable-cmo

SwiftDriverJobDiscovery normal arm64 Compiling Rotate.swift (in target 'AtomicTransition' from project 'swiftui-navigation-transitions')

SwiftDriver SwiftDiagnostics normal arm64 com.apple.xcode.tools.swift.compiler (in target 'SwiftDiagnostics' from project 'swift-syntax')
    cd /Users/harishvishwakarma/Handy/Archem/pepchat-ios/Revolt.xcodeproj
    builtin-SwiftDriver -- /Applications/Xcode.app/Contents/Developer/Toolchains/XcodeDefault.xctoolchain/usr/bin/swiftc -module-name SwiftDiagnostics -Onone -enforce-exclusivity\=checked @/Users/harishvishwakarma/Library/Developer/Xcode/DerivedData/Revolt-dharrjsambcimaaziudpvzjdcigm/Build/Intermediates.noindex/swift-syntax.build/Debug/SwiftDiagnostics.build/Objects-normal/arm64/SwiftDiagnostics.SwiftFileList -DSWIFT_PACKAGE -DDEBUG -DXcode -plugin-path /Applications/Xcode.app/Contents/Developer/Toolchains/XcodeDefault.xctoolchain/usr/lib/swift/host/plugins/testing -enable-experimental-feature DebugDescriptionMacro -sdk /Applications/Xcode.app/Contents/Developer/Platforms/MacOSX.platform/Developer/SDKs/MacOSX15.5.sdk -target arm64-apple-macos10.15 -g -module-cache-path /Users/harishvishwakarma/Library/Developer/Xcode/DerivedData/ModuleCache.noindex -Xfrontend -serialize-debugging-options -enable-testing -suppress-warnings -index-store-path /Users/harishvishwakarma/Library/Developer/Xcode/DerivedData/Revolt-dharrjsambcimaaziudpvzjdcigm/Index.noindex/DataStore -swift-version 5 -I /Users/harishvishwakarma/Library/Developer/Xcode/DerivedData/Revolt-dharrjsambcimaaziudpvzjdcigm/Build/Products/Debug -I /Applications/Xcode.app/Contents/Developer/Platforms/MacOSX.platform/Developer/usr/lib -F /Users/harishvishwakarma/Library/Developer/Xcode/DerivedData/Revolt-dharrjsambcimaaziudpvzjdcigm/Build/Products/Debug/PackageFrameworks -F /Users/harishvishwakarma/Library/Developer/Xcode/DerivedData/Revolt-dharrjsambcimaaziudpvzjdcigm/Build/Products/Debug/PackageFrameworks -F /Users/harishvishwakarma/Library/Developer/Xcode/DerivedData/Revolt-dharrjsambcimaaziudpvzjdcigm/Build/Products/Debug -F /Applications/Xcode.app/Contents/Developer/Platforms/MacOSX.platform/Developer/Library/Frameworks -c -j12 -enable-batch-mode -incremental -Xcc -ivfsstatcache -Xcc /Users/harishvishwakarma/Library/Developer/Xcode/DerivedData/SDKStatCaches.noindex/macosx15.5-24F74-8254517eb8b97d462ccbc072ba9094c9.sdkstatcache -output-file-map /Users/harishvishwakarma/Library/Developer/Xcode/DerivedData/Revolt-dharrjsambcimaaziudpvzjdcigm/Build/Intermediates.noindex/swift-syntax.build/Debug/SwiftDiagnostics.build/Objects-normal/arm64/SwiftDiagnostics-OutputFileMap.json -use-frontend-parseable-output -save-temps -no-color-diagnostics -serialize-diagnostics -emit-dependencies -emit-module -emit-module-path /Users/harishvishwakarma/Library/Developer/Xcode/DerivedData/Revolt-dharrjsambcimaaziudpvzjdcigm/Build/Intermediates.noindex/swift-syntax.build/Debug/SwiftDiagnostics.build/Objects-normal/arm64/SwiftDiagnostics.swiftmodule -validate-clang-modules-once -clang-build-session-file /Users/harishvishwakarma/Library/Developer/Xcode/DerivedData/ModuleCache.noindex/Session.modulevalidation -Xcc -I/Users/harishvishwakarma/Library/Developer/Xcode/DerivedData/Revolt-dharrjsambcimaaziudpvzjdcigm/Build/Intermediates.noindex/swift-syntax.build/Debug/SwiftDiagnostics.build/swift-overrides.hmap -emit-const-values -Xfrontend -const-gather-protocols-file -Xfrontend /Users/harishvishwakarma/Library/Developer/Xcode/DerivedData/Revolt-dharrjsambcimaaziudpvzjdcigm/Build/Intermediates.noindex/swift-syntax.build/Debug/SwiftDiagnostics.build/Objects-normal/arm64/SwiftDiagnostics_const_extract_protocols.json -Xcc -I/Users/harishvishwakarma/Library/Developer/Xcode/DerivedData/Revolt-dharrjsambcimaaziudpvzjdcigm/Build/Products/Debug/include -Xcc -I/Users/harishvishwakarma/Library/Developer/Xcode/DerivedData/Revolt-dharrjsambcimaaziudpvzjdcigm/Build/Intermediates.noindex/swift-syntax.build/Debug/SwiftDiagnostics.build/DerivedSources-normal/arm64 -Xcc -I/Users/harishvishwakarma/Library/Developer/Xcode/DerivedData/Revolt-dharrjsambcimaaziudpvzjdcigm/Build/Intermediates.noindex/swift-syntax.build/Debug/SwiftDiagnostics.build/DerivedSources/arm64 -Xcc -I/Users/harishvishwakarma/Library/Developer/Xcode/DerivedData/Revolt-dharrjsambcimaaziudpvzjdcigm/Build/Intermediates.noindex/swift-syntax.build/Debug/SwiftDiagnostics.build/DerivedSources -Xcc -DSWIFT_PACKAGE -Xcc -DDEBUG\=1 -emit-objc-header -emit-objc-header-path /Users/harishvishwakarma/Library/Developer/Xcode/DerivedData/Revolt-dharrjsambcimaaziudpvzjdcigm/Build/Intermediates.noindex/swift-syntax.build/Debug/SwiftDiagnostics.build/Objects-normal/arm64/SwiftDiagnostics-Swift.h -working-directory /Users/harishvishwakarma/Handy/Archem/pepchat-ios/Revolt.xcodeproj -experimental-emit-module-separately -disable-cmo

SwiftEmitModule normal x86_64 Emitting\ module\ for\ SwiftParser (in target 'SwiftParser' from project 'swift-syntax')

EmitSwiftModule normal x86_64 (in target 'SwiftParser' from project 'swift-syntax')
    cd /Users/harishvishwakarma/Handy/Archem/pepchat-ios/Revolt.xcodeproj
    

SwiftDriver SwiftDiagnostics normal x86_64 com.apple.xcode.tools.swift.compiler (in target 'SwiftDiagnostics' from project 'swift-syntax')
    cd /Users/harishvishwakarma/Handy/Archem/pepchat-ios/Revolt.xcodeproj
    builtin-SwiftDriver -- /Applications/Xcode.app/Contents/Developer/Toolchains/XcodeDefault.xctoolchain/usr/bin/swiftc -module-name SwiftDiagnostics -Onone -enforce-exclusivity\=checked @/Users/harishvishwakarma/Library/Developer/Xcode/DerivedData/Revolt-dharrjsambcimaaziudpvzjdcigm/Build/Intermediates.noindex/swift-syntax.build/Debug/SwiftDiagnostics.build/Objects-normal/x86_64/SwiftDiagnostics.SwiftFileList -DSWIFT_PACKAGE -DDEBUG -DXcode -plugin-path /Applications/Xcode.app/Contents/Developer/Toolchains/XcodeDefault.xctoolchain/usr/lib/swift/host/plugins/testing -enable-experimental-feature DebugDescriptionMacro -sdk /Applications/Xcode.app/Contents/Developer/Platforms/MacOSX.platform/Developer/SDKs/MacOSX15.5.sdk -target x86_64-apple-macos10.15 -g -module-cache-path /Users/harishvishwakarma/Library/Developer/Xcode/DerivedData/ModuleCache.noindex -Xfrontend -serialize-debugging-options -enable-testing -suppress-warnings -index-store-path /Users/harishvishwakarma/Library/Developer/Xcode/DerivedData/Revolt-dharrjsambcimaaziudpvzjdcigm/Index.noindex/DataStore -swift-version 5 -I /Users/harishvishwakarma/Library/Developer/Xcode/DerivedData/Revolt-dharrjsambcimaaziudpvzjdcigm/Build/Products/Debug -I /Applications/Xcode.app/Contents/Developer/Platforms/MacOSX.platform/Developer/usr/lib -F /Users/harishvishwakarma/Library/Developer/Xcode/DerivedData/Revolt-dharrjsambcimaaziudpvzjdcigm/Build/Products/Debug/PackageFrameworks -F /Users/harishvishwakarma/Library/Developer/Xcode/DerivedData/Revolt-dharrjsambcimaaziudpvzjdcigm/Build/Products/Debug/PackageFrameworks -F /Users/harishvishwakarma/Library/Developer/Xcode/DerivedData/Revolt-dharrjsambcimaaziudpvzjdcigm/Build/Products/Debug -F /Applications/Xcode.app/Contents/Developer/Platforms/MacOSX.platform/Developer/Library/Frameworks -c -j12 -enable-batch-mode -incremental -Xcc -ivfsstatcache -Xcc /Users/harishvishwakarma/Library/Developer/Xcode/DerivedData/SDKStatCaches.noindex/macosx15.5-24F74-8254517eb8b97d462ccbc072ba9094c9.sdkstatcache -output-file-map /Users/harishvishwakarma/Library/Developer/Xcode/DerivedData/Revolt-dharrjsambcimaaziudpvzjdcigm/Build/Intermediates.noindex/swift-syntax.build/Debug/SwiftDiagnostics.build/Objects-normal/x86_64/SwiftDiagnostics-OutputFileMap.json -use-frontend-parseable-output -save-temps -no-color-diagnostics -serialize-diagnostics -emit-dependencies -emit-module -emit-module-path /Users/harishvishwakarma/Library/Developer/Xcode/DerivedData/Revolt-dharrjsambcimaaziudpvzjdcigm/Build/Intermediates.noindex/swift-syntax.build/Debug/SwiftDiagnostics.build/Objects-normal/x86_64/SwiftDiagnostics.swiftmodule -validate-clang-modules-once -clang-build-session-file /Users/harishvishwakarma/Library/Developer/Xcode/DerivedData/ModuleCache.noindex/Session.modulevalidation -Xcc -I/Users/harishvishwakarma/Library/Developer/Xcode/DerivedData/Revolt-dharrjsambcimaaziudpvzjdcigm/Build/Intermediates.noindex/swift-syntax.build/Debug/SwiftDiagnostics.build/swift-overrides.hmap -emit-const-values -Xfrontend -const-gather-protocols-file -Xfrontend /Users/harishvishwakarma/Library/Developer/Xcode/DerivedData/Revolt-dharrjsambcimaaziudpvzjdcigm/Build/Intermediates.noindex/swift-syntax.build/Debug/SwiftDiagnostics.build/Objects-normal/x86_64/SwiftDiagnostics_const_extract_protocols.json -Xcc -I/Users/harishvishwakarma/Library/Developer/Xcode/DerivedData/Revolt-dharrjsambcimaaziudpvzjdcigm/Build/Products/Debug/include -Xcc -I/Users/harishvishwakarma/Library/Developer/Xcode/DerivedData/Revolt-dharrjsambcimaaziudpvzjdcigm/Build/Intermediates.noindex/swift-syntax.build/Debug/SwiftDiagnostics.build/DerivedSources-normal/x86_64 -Xcc -I/Users/harishvishwakarma/Library/Developer/Xcode/DerivedData/Revolt-dharrjsambcimaaziudpvzjdcigm/Build/Intermediates.noindex/swift-syntax.build/Debug/SwiftDiagnostics.build/DerivedSources/x86_64 -Xcc -I/Users/harishvishwakarma/Library/Developer/Xcode/DerivedData/Revolt-dharrjsambcimaaziudpvzjdcigm/Build/Intermediates.noindex/swift-syntax.build/Debug/SwiftDiagnostics.build/DerivedSources -Xcc -DSWIFT_PACKAGE -Xcc -DDEBUG\=1 -emit-objc-header -emit-objc-header-path /Users/harishvishwakarma/Library/Developer/Xcode/DerivedData/Revolt-dharrjsambcimaaziudpvzjdcigm/Build/Intermediates.noindex/swift-syntax.build/Debug/SwiftDiagnostics.build/Objects-normal/x86_64/SwiftDiagnostics-Swift.h -working-directory /Users/harishvishwakarma/Handy/Archem/pepchat-ios/Revolt.xcodeproj -experimental-emit-module-separately -disable-cmo

SwiftCompile normal x86_64 Compiling\ SyntaxUtils.swift,\ TokenConsumer.swift,\ TokenPrecedence.swift /Users/harishvishwakarma/Library/Developer/Xcode/DerivedData/Revolt-dharrjsambcimaaziudpvzjdcigm/SourcePackages/checkouts/swift-syntax/Sources/SwiftParser/SyntaxUtils.swift /Users/harishvishwakarma/Library/Developer/Xcode/DerivedData/Revolt-dharrjsambcimaaziudpvzjdcigm/SourcePackages/checkouts/swift-syntax/Sources/SwiftParser/TokenConsumer.swift /Users/harishvishwakarma/Library/Developer/Xcode/DerivedData/Revolt-dharrjsambcimaaziudpvzjdcigm/SourcePackages/checkouts/swift-syntax/Sources/SwiftParser/TokenPrecedence.swift (in target 'SwiftParser' from project 'swift-syntax')

SwiftCompile normal x86_64 /Users/harishvishwakarma/Library/Developer/Xcode/DerivedData/Revolt-dharrjsambcimaaziudpvzjdcigm/SourcePackages/checkouts/swift-syntax/Sources/SwiftParser/SyntaxUtils.swift (in target 'SwiftParser' from project 'swift-syntax')
    cd /Users/harishvishwakarma/Handy/Archem/pepchat-ios/Revolt.xcodeproj
    

SwiftCompile normal x86_64 /Users/harishvishwakarma/Library/Developer/Xcode/DerivedData/Revolt-dharrjsambcimaaziudpvzjdcigm/SourcePackages/checkouts/swift-syntax/Sources/SwiftParser/TokenConsumer.swift (in target 'SwiftParser' from project 'swift-syntax')
    cd /Users/harishvishwakarma/Handy/Archem/pepchat-ios/Revolt.xcodeproj
    

SwiftCompile normal x86_64 /Users/harishvishwakarma/Library/Developer/Xcode/DerivedData/Revolt-dharrjsambcimaaziudpvzjdcigm/SourcePackages/checkouts/swift-syntax/Sources/SwiftParser/TokenPrecedence.swift (in target 'SwiftParser' from project 'swift-syntax')
    cd /Users/harishvishwakarma/Handy/Archem/pepchat-ios/Revolt.xcodeproj
    

SwiftDriverJobDiscovery normal arm64 Compiling Move.swift (in target 'AtomicTransition' from project 'swiftui-navigation-transitions')

SwiftEmitModule normal arm64 Emitting\ module\ for\ SwiftParser (in target 'SwiftParser' from project 'swift-syntax')

EmitSwiftModule normal arm64 (in target 'SwiftParser' from project 'swift-syntax')
    cd /Users/harishvishwakarma/Handy/Archem/pepchat-ios/Revolt.xcodeproj
    

SwiftEmitModule normal arm64 Emitting\ module\ for\ SwiftDiagnostics (in target 'SwiftDiagnostics' from project 'swift-syntax')

EmitSwiftModule normal arm64 (in target 'SwiftDiagnostics' from project 'swift-syntax')
    cd /Users/harishvishwakarma/Handy/Archem/pepchat-ios/Revolt.xcodeproj
    

SwiftEmitModule normal x86_64 Emitting\ module\ for\ SwiftDiagnostics (in target 'SwiftDiagnostics' from project 'swift-syntax')

EmitSwiftModule normal x86_64 (in target 'SwiftDiagnostics' from project 'swift-syntax')
    cd /Users/harishvishwakarma/Handy/Archem/pepchat-ios/Revolt.xcodeproj
    

SwiftDriverJobDiscovery normal arm64 Compiling AtomicTransition.swift, AtomicTransitionBuilder.swift (in target 'AtomicTransition' from project 'swiftui-navigation-transitions')

SwiftCompile normal x86_64 Compiling\ TokenSpec.swift,\ TokenSpecSet.swift,\ TopLevel.swift /Users/harishvishwakarma/Library/Developer/Xcode/DerivedData/Revolt-dharrjsambcimaaziudpvzjdcigm/SourcePackages/checkouts/swift-syntax/Sources/SwiftParser/TokenSpec.swift /Users/harishvishwakarma/Library/Developer/Xcode/DerivedData/Revolt-dharrjsambcimaaziudpvzjdcigm/SourcePackages/checkouts/swift-syntax/Sources/SwiftParser/TokenSpecSet.swift /Users/harishvishwakarma/Library/Developer/Xcode/DerivedData/Revolt-dharrjsambcimaaziudpvzjdcigm/SourcePackages/checkouts/swift-syntax/Sources/SwiftParser/TopLevel.swift (in target 'SwiftParser' from project 'swift-syntax')

SwiftCompile normal x86_64 /Users/harishvishwakarma/Library/Developer/Xcode/DerivedData/Revolt-dharrjsambcimaaziudpvzjdcigm/SourcePackages/checkouts/swift-syntax/Sources/SwiftParser/TokenSpec.swift (in target 'SwiftParser' from project 'swift-syntax')
    cd /Users/harishvishwakarma/Handy/Archem/pepchat-ios/Revolt.xcodeproj
    

SwiftCompile normal x86_64 /Users/harishvishwakarma/Library/Developer/Xcode/DerivedData/Revolt-dharrjsambcimaaziudpvzjdcigm/SourcePackages/checkouts/swift-syntax/Sources/SwiftParser/TokenSpecSet.swift (in target 'SwiftParser' from project 'swift-syntax')
    cd /Users/harishvishwakarma/Handy/Archem/pepchat-ios/Revolt.xcodeproj
    

SwiftCompile normal x86_64 /Users/harishvishwakarma/Library/Developer/Xcode/DerivedData/Revolt-dharrjsambcimaaziudpvzjdcigm/SourcePackages/checkouts/swift-syntax/Sources/SwiftParser/TopLevel.swift (in target 'SwiftParser' from project 'swift-syntax')
    cd /Users/harishvishwakarma/Handy/Archem/pepchat-ios/Revolt.xcodeproj
    

SwiftDriverJobDiscovery normal arm64 Compiling Opacity.swift (in target 'AtomicTransition' from project 'swiftui-navigation-transitions')

SwiftCompile normal arm64 Compiling\ IncrementalParseTransition.swift,\ Cursor.swift,\ Lexeme.swift,\ LexemeSequence.swift /Users/harishvishwakarma/Library/Developer/Xcode/DerivedData/Revolt-dharrjsambcimaaziudpvzjdcigm/SourcePackages/checkouts/swift-syntax/Sources/SwiftParser/IncrementalParseTransition.swift /Users/harishvishwakarma/Library/Developer/Xcode/DerivedData/Revolt-dharrjsambcimaaziudpvzjdcigm/SourcePackages/checkouts/swift-syntax/Sources/SwiftParser/Lexer/Cursor.swift /Users/harishvishwakarma/Library/Developer/Xcode/DerivedData/Revolt-dharrjsambcimaaziudpvzjdcigm/SourcePackages/checkouts/swift-syntax/Sources/SwiftParser/Lexer/Lexeme.swift /Users/harishvishwakarma/Library/Developer/Xcode/DerivedData/Revolt-dharrjsambcimaaziudpvzjdcigm/SourcePackages/checkouts/swift-syntax/Sources/SwiftParser/Lexer/LexemeSequence.swift (in target 'SwiftParser' from project 'swift-syntax')

SwiftCompile normal arm64 /Users/harishvishwakarma/Library/Developer/Xcode/DerivedData/Revolt-dharrjsambcimaaziudpvzjdcigm/SourcePackages/checkouts/swift-syntax/Sources/SwiftParser/IncrementalParseTransition.swift (in target 'SwiftParser' from project 'swift-syntax')
    cd /Users/harishvishwakarma/Handy/Archem/pepchat-ios/Revolt.xcodeproj
    

SwiftCompile normal arm64 /Users/harishvishwakarma/Library/Developer/Xcode/DerivedData/Revolt-dharrjsambcimaaziudpvzjdcigm/SourcePackages/checkouts/swift-syntax/Sources/SwiftParser/Lexer/Cursor.swift (in target 'SwiftParser' from project 'swift-syntax')
    cd /Users/harishvishwakarma/Handy/Archem/pepchat-ios/Revolt.xcodeproj
    

SwiftCompile normal arm64 /Users/harishvishwakarma/Library/Developer/Xcode/DerivedData/Revolt-dharrjsambcimaaziudpvzjdcigm/SourcePackages/checkouts/swift-syntax/Sources/SwiftParser/Lexer/Lexeme.swift (in target 'SwiftParser' from project 'swift-syntax')
    cd /Users/harishvishwakarma/Handy/Archem/pepchat-ios/Revolt.xcodeproj
    

SwiftCompile normal arm64 /Users/harishvishwakarma/Library/Developer/Xcode/DerivedData/Revolt-dharrjsambcimaaziudpvzjdcigm/SourcePackages/checkouts/swift-syntax/Sources/SwiftParser/Lexer/LexemeSequence.swift (in target 'SwiftParser' from project 'swift-syntax')
    cd /Users/harishvishwakarma/Handy/Archem/pepchat-ios/Revolt.xcodeproj
    

SwiftDriverJobDiscovery normal arm64 Compiling Combined.swift, Group.swift (in target 'AtomicTransition' from project 'swiftui-navigation-transitions')

SwiftCompile normal arm64 Compiling\ TriviaParser.swift,\ Types.swift,\ IsLexerClassified.swift /Users/harishvishwakarma/Library/Developer/Xcode/DerivedData/Revolt-dharrjsambcimaaziudpvzjdcigm/SourcePackages/checkouts/swift-syntax/Sources/SwiftParser/TriviaParser.swift /Users/harishvishwakarma/Library/Developer/Xcode/DerivedData/Revolt-dharrjsambcimaaziudpvzjdcigm/SourcePackages/checkouts/swift-syntax/Sources/SwiftParser/Types.swift /Users/harishvishwakarma/Library/Developer/Xcode/DerivedData/Revolt-dharrjsambcimaaziudpvzjdcigm/SourcePackages/checkouts/swift-syntax/Sources/SwiftParser/generated/IsLexerClassified.swift (in target 'SwiftParser' from project 'swift-syntax')

SwiftCompile normal arm64 /Users/harishvishwakarma/Library/Developer/Xcode/DerivedData/Revolt-dharrjsambcimaaziudpvzjdcigm/SourcePackages/checkouts/swift-syntax/Sources/SwiftParser/TriviaParser.swift (in target 'SwiftParser' from project 'swift-syntax')
    cd /Users/harishvishwakarma/Handy/Archem/pepchat-ios/Revolt.xcodeproj
    

SwiftCompile normal arm64 /Users/harishvishwakarma/Library/Developer/Xcode/DerivedData/Revolt-dharrjsambcimaaziudpvzjdcigm/SourcePackages/checkouts/swift-syntax/Sources/SwiftParser/Types.swift (in target 'SwiftParser' from project 'swift-syntax')
    cd /Users/harishvishwakarma/Handy/Archem/pepchat-ios/Revolt.xcodeproj
    

SwiftCompile normal arm64 /Users/harishvishwakarma/Library/Developer/Xcode/DerivedData/Revolt-dharrjsambcimaaziudpvzjdcigm/SourcePackages/checkouts/swift-syntax/Sources/SwiftParser/generated/IsLexerClassified.swift (in target 'SwiftParser' from project 'swift-syntax')
    cd /Users/harishvishwakarma/Handy/Archem/pepchat-ios/Revolt.xcodeproj
    

SwiftDriverJobDiscovery normal arm64 Compiling On.swift (in target 'AtomicTransition' from project 'swiftui-navigation-transitions')

SwiftCompile normal x86_64 Compiling\ Declarations.swift,\ Directives.swift,\ ExperimentalFeatures.swift,\ Expressions.swift /Users/harishvishwakarma/Library/Developer/Xcode/DerivedData/Revolt-dharrjsambcimaaziudpvzjdcigm/SourcePackages/checkouts/swift-syntax/Sources/SwiftParser/Declarations.swift /Users/harishvishwakarma/Library/Developer/Xcode/DerivedData/Revolt-dharrjsambcimaaziudpvzjdcigm/SourcePackages/checkouts/swift-syntax/Sources/SwiftParser/Directives.swift /Users/harishvishwakarma/Library/Developer/Xcode/DerivedData/Revolt-dharrjsambcimaaziudpvzjdcigm/SourcePackages/checkouts/swift-syntax/Sources/SwiftParser/ExperimentalFeatures.swift /Users/harishvishwakarma/Library/Developer/Xcode/DerivedData/Revolt-dharrjsambcimaaziudpvzjdcigm/SourcePackages/checkouts/swift-syntax/Sources/SwiftParser/Expressions.swift (in target 'SwiftParser' from project 'swift-syntax')
SwiftCompile normal x86_64 /Users/harishvishwakarma/Library/Developer/Xcode/DerivedData/Revolt-dharrjsambcimaaziudpvzjdcigm/SourcePackages/checkouts/swift-syntax/Sources/SwiftParser/Declarations.swift (in target 'SwiftParser' from project 'swift-syntax')
    cd /Users/harishvishwakarma/Handy/Archem/pepchat-ios/Revolt.xcodeproj
    

SwiftCompile normal x86_64 /Users/harishvishwakarma/Library/Developer/Xcode/DerivedData/Revolt-dharrjsambcimaaziudpvzjdcigm/SourcePackages/checkouts/swift-syntax/Sources/SwiftParser/Directives.swift (in target 'SwiftParser' from project 'swift-syntax')
    cd /Users/harishvishwakarma/Handy/Archem/pepchat-ios/Revolt.xcodeproj
    

SwiftCompile normal x86_64 /Users/harishvishwakarma/Library/Developer/Xcode/DerivedData/Revolt-dharrjsambcimaaziudpvzjdcigm/SourcePackages/checkouts/swift-syntax/Sources/SwiftParser/ExperimentalFeatures.swift (in target 'SwiftParser' from project 'swift-syntax')
    cd /Users/harishvishwakarma/Handy/Archem/pepchat-ios/Revolt.xcodeproj
    

SwiftCompile normal x86_64 /Users/harishvishwakarma/Library/Developer/Xcode/DerivedData/Revolt-dharrjsambcimaaziudpvzjdcigm/SourcePackages/checkouts/swift-syntax/Sources/SwiftParser/Expressions.swift (in target 'SwiftParser' from project 'swift-syntax')
    cd /Users/harishvishwakarma/Handy/Archem/pepchat-ios/Revolt.xcodeproj
    

SwiftDriverJobDiscovery normal arm64 Emitting module for NotificationService (in target 'NotificationService' from project 'Revolt')

SwiftDriver\ Compilation\ Requirements NotificationService normal arm64 com.apple.xcode.tools.swift.compiler (in target 'NotificationService' from project 'Revolt')
    cd /Users/harishvishwakarma/Handy/Archem/pepchat-ios
    builtin-Swift-Compilation-Requirements -- /Applications/Xcode.app/Contents/Developer/Toolchains/XcodeDefault.xctoolchain/usr/bin/swiftc -module-name NotificationService -O -enforce-exclusivity\=checked @/Users/harishvishwakarma/Library/Developer/Xcode/DerivedData/Revolt-dharrjsambcimaaziudpvzjdcigm/Build/Intermediates.noindex/Revolt.build/Debug-iphoneos/NotificationService.build/Objects-normal/arm64/NotificationService.SwiftFileList -DDEBUG -DDEBUG -Xcc -fmodule-map-file\=/Users/harishvishwakarma/Library/Developer/Xcode/DerivedData/Revolt-dharrjsambcimaaziudpvzjdcigm/Build/Intermediates.noindex/GeneratedModuleMaps-iphoneos/OggDecoder.modulemap -enable-bare-slash-regex -enable-experimental-feature DebugDescriptionMacro -sdk /Applications/Xcode.app/Contents/Developer/Platforms/iPhoneOS.platform/Developer/SDKs/iPhoneOS18.5.sdk -target arm64-apple-ios18.0 -g -module-cache-path /Users/harishvishwakarma/Library/Developer/Xcode/DerivedData/ModuleCache.noindex -Xfrontend -serialize-debugging-options -application-extension -enable-testing -swift-version 5 -I /Users/harishvishwakarma/Library/Developer/Xcode/DerivedData/Revolt-dharrjsambcimaaziudpvzjdcigm/Build/Products/Debug-iphoneos -F /Users/harishvishwakarma/Library/Developer/Xcode/DerivedData/Revolt-dharrjsambcimaaziudpvzjdcigm/Build/Products/Debug-iphoneos/PackageFrameworks -F /Users/harishvishwakarma/Library/Developer/Xcode/DerivedData/Revolt-dharrjsambcimaaziudpvzjdcigm/Build/Products/Debug-iphoneos -parse-as-library -emit-localized-strings -emit-localized-strings-path /Users/harishvishwakarma/Library/Developer/Xcode/DerivedData/Revolt-dharrjsambcimaaziudpvzjdcigm/Build/Intermediates.noindex/Revolt.build/Debug-iphoneos/NotificationService.build/Objects-normal/arm64 -c -j12 -enable-batch-mode -incremental -Xcc -ivfsstatcache -Xcc /Users/harishvishwakarma/Library/Developer/Xcode/DerivedData/SDKStatCaches.noindex/iphoneos18.5-22F76-7fa4eea80a99bbfdc046826b63ec4baf.sdkstatcache -output-file-map /Users/harishvishwakarma/Library/Developer/Xcode/DerivedData/Revolt-dharrjsambcimaaziudpvzjdcigm/Build/Intermediates.noindex/Revolt.build/Debug-iphoneos/NotificationService.build/Objects-normal/arm64/NotificationService-OutputFileMap.json -use-frontend-parseable-output -save-temps -no-color-diagnostics -serialize-diagnostics -emit-dependencies -emit-module -emit-module-path /Users/harishvishwakarma/Library/Developer/Xcode/DerivedData/Revolt-dharrjsambcimaaziudpvzjdcigm/Build/Intermediates.noindex/Revolt.build/Debug-iphoneos/NotificationService.build/Objects-normal/arm64/NotificationService.swiftmodule -validate-clang-modules-once -clang-build-session-file /Users/harishvishwakarma/Library/Developer/Xcode/DerivedData/ModuleCache.noindex/Session.modulevalidation -Xcc -I/Users/harishvishwakarma/Library/Developer/Xcode/DerivedData/Revolt-dharrjsambcimaaziudpvzjdcigm/Build/Intermediates.noindex/Revolt.build/Debug-iphoneos/NotificationService.build/swift-overrides.hmap -emit-const-values -Xfrontend -const-gather-protocols-file -Xfrontend /Users/harishvishwakarma/Library/Developer/Xcode/DerivedData/Revolt-dharrjsambcimaaziudpvzjdcigm/Build/Intermediates.noindex/Revolt.build/Debug-iphoneos/NotificationService.build/Objects-normal/arm64/NotificationService_const_extract_protocols.json -Xcc -iquote -Xcc /Users/harishvishwakarma/Library/Developer/Xcode/DerivedData/Revolt-dharrjsambcimaaziudpvzjdcigm/Build/Intermediates.noindex/Revolt.build/Debug-iphoneos/NotificationService.build/NotificationService-generated-files.hmap -Xcc -I/Users/harishvishwakarma/Library/Developer/Xcode/DerivedData/Revolt-dharrjsambcimaaziudpvzjdcigm/Build/Intermediates.noindex/Revolt.build/Debug-iphoneos/NotificationService.build/NotificationService-own-target-headers.hmap -Xcc -I/Users/harishvishwakarma/Library/Developer/Xcode/DerivedData/Revolt-dharrjsambcimaaziudpvzjdcigm/Build/Intermediates.noindex/Revolt.build/Debug-iphoneos/NotificationService.build/NotificationService-all-non-framework-target-headers.hmap -Xcc -ivfsoverlay -Xcc /Users/harishvishwakarma/Library/Developer/Xcode/DerivedData/Revolt-dharrjsambcimaaziudpvzjdcigm/Build/Intermediates.noindex/Revolt.build/Debug-iphoneos/Revolt-964562c4cdd9c16033e74e924d17ebc5-VFS-iphoneos/all-product-headers.yaml -Xcc -iquote -Xcc /Users/harishvishwakarma/Library/Developer/Xcode/DerivedData/Revolt-dharrjsambcimaaziudpvzjdcigm/Build/Intermediates.noindex/Revolt.build/Debug-iphoneos/NotificationService.build/NotificationService-project-headers.hmap -Xcc -I/Users/harishvishwakarma/Library/Developer/Xcode/DerivedData/Revolt-dharrjsambcimaaziudpvzjdcigm/SourcePackages/checkouts/OggDecoder/Sources/OggDecoderObjC/include -Xcc -I/Users/harishvishwakarma/Library/Developer/Xcode/DerivedData/Revolt-dharrjsambcimaaziudpvzjdcigm/Build/Products/Debug-iphoneos/include -Xcc -I/Users/harishvishwakarma/Library/Developer/Xcode/DerivedData/Revolt-dharrjsambcimaaziudpvzjdcigm/Build/Intermediates.noindex/Revolt.build/Debug-iphoneos/NotificationService.build/DerivedSources-normal/arm64 -Xcc -I/Users/harishvishwakarma/Library/Developer/Xcode/DerivedData/Revolt-dharrjsambcimaaziudpvzjdcigm/Build/Intermediates.noindex/Revolt.build/Debug-iphoneos/NotificationService.build/DerivedSources/arm64 -Xcc -I/Users/harishvishwakarma/Library/Developer/Xcode/DerivedData/Revolt-dharrjsambcimaaziudpvzjdcigm/Build/Intermediates.noindex/Revolt.build/Debug-iphoneos/NotificationService.build/DerivedSources -Xcc -DDEBUG\=1 -emit-objc-header -emit-objc-header-path /Users/harishvishwakarma/Library/Developer/Xcode/DerivedData/Revolt-dharrjsambcimaaziudpvzjdcigm/Build/Intermediates.noindex/Revolt.build/Debug-iphoneos/NotificationService.build/Objects-normal/arm64/NotificationService-Swift.h -working-directory /Users/harishvishwakarma/Handy/Archem/pepchat-ios -experimental-emit-module-separately -disable-cmo

SwiftDriverJobDiscovery normal arm64 Compiling Rotate3D.swift (in target 'AtomicTransition' from project 'swiftui-navigation-transitions')

SwiftCompile normal arm64 Compiling\ StringLiteralRepresentedLiteralValue.swift,\ StringLiterals.swift,\ SwiftParserCompatibility.swift /Users/harishvishwakarma/Library/Developer/Xcode/DerivedData/Revolt-dharrjsambcimaaziudpvzjdcigm/SourcePackages/checkouts/swift-syntax/Sources/SwiftParser/StringLiteralRepresentedLiteralValue.swift /Users/harishvishwakarma/Library/Developer/Xcode/DerivedData/Revolt-dharrjsambcimaaziudpvzjdcigm/SourcePackages/checkouts/swift-syntax/Sources/SwiftParser/StringLiterals.swift /Users/harishvishwakarma/Library/Developer/Xcode/DerivedData/Revolt-dharrjsambcimaaziudpvzjdcigm/SourcePackages/checkouts/swift-syntax/Sources/SwiftParser/SwiftParserCompatibility.swift (in target 'SwiftParser' from project 'swift-syntax')

SwiftCompile normal arm64 /Users/harishvishwakarma/Library/Developer/Xcode/DerivedData/Revolt-dharrjsambcimaaziudpvzjdcigm/SourcePackages/checkouts/swift-syntax/Sources/SwiftParser/StringLiteralRepresentedLiteralValue.swift (in target 'SwiftParser' from project 'swift-syntax')
    cd /Users/harishvishwakarma/Handy/Archem/pepchat-ios/Revolt.xcodeproj
    

SwiftCompile normal arm64 /Users/harishvishwakarma/Library/Developer/Xcode/DerivedData/Revolt-dharrjsambcimaaziudpvzjdcigm/SourcePackages/checkouts/swift-syntax/Sources/SwiftParser/StringLiterals.swift (in target 'SwiftParser' from project 'swift-syntax')
    cd /Users/harishvishwakarma/Handy/Archem/pepchat-ios/Revolt.xcodeproj
    

SwiftCompile normal arm64 /Users/harishvishwakarma/Library/Developer/Xcode/DerivedData/Revolt-dharrjsambcimaaziudpvzjdcigm/SourcePackages/checkouts/swift-syntax/Sources/SwiftParser/SwiftParserCompatibility.swift (in target 'SwiftParser' from project 'swift-syntax')
    cd /Users/harishvishwakarma/Handy/Archem/pepchat-ios/Revolt.xcodeproj
    

SwiftMergeGeneratedHeaders /Users/harishvishwakarma/Library/Developer/Xcode/DerivedData/Revolt-dharrjsambcimaaziudpvzjdcigm/Build/Intermediates.noindex/Revolt.build/Debug-iphoneos/NotificationService.build/DerivedSources/NotificationService-Swift.h /Users/harishvishwakarma/Library/Developer/Xcode/DerivedData/Revolt-dharrjsambcimaaziudpvzjdcigm/Build/Intermediates.noindex/Revolt.build/Debug-iphoneos/NotificationService.build/Objects-normal/arm64/NotificationService-Swift.h (in target 'NotificationService' from project 'Revolt')
    cd /Users/harishvishwakarma/Handy/Archem/pepchat-ios
    builtin-swiftHeaderTool -arch arm64 /Users/harishvishwakarma/Library/Developer/Xcode/DerivedData/Revolt-dharrjsambcimaaziudpvzjdcigm/Build/Intermediates.noindex/Revolt.build/Debug-iphoneos/NotificationService.build/Objects-normal/arm64/NotificationService-Swift.h -o /Users/harishvishwakarma/Library/Developer/Xcode/DerivedData/Revolt-dharrjsambcimaaziudpvzjdcigm/Build/Intermediates.noindex/Revolt.build/Debug-iphoneos/NotificationService.build/DerivedSources/NotificationService-Swift.h

SwiftDriverJobDiscovery normal arm64 Emitting module for SwiftDiagnostics (in target 'SwiftDiagnostics' from project 'swift-syntax')

SwiftDriver\ Compilation\ Requirements SwiftDiagnostics normal arm64 com.apple.xcode.tools.swift.compiler (in target 'SwiftDiagnostics' from project 'swift-syntax')
    cd /Users/harishvishwakarma/Handy/Archem/pepchat-ios/Revolt.xcodeproj
    builtin-Swift-Compilation-Requirements -- /Applications/Xcode.app/Contents/Developer/Toolchains/XcodeDefault.xctoolchain/usr/bin/swiftc -module-name SwiftDiagnostics -Onone -enforce-exclusivity\=checked @/Users/harishvishwakarma/Library/Developer/Xcode/DerivedData/Revolt-dharrjsambcimaaziudpvzjdcigm/Build/Intermediates.noindex/swift-syntax.build/Debug/SwiftDiagnostics.build/Objects-normal/arm64/SwiftDiagnostics.SwiftFileList -DSWIFT_PACKAGE -DDEBUG -DXcode -plugin-path /Applications/Xcode.app/Contents/Developer/Toolchains/XcodeDefault.xctoolchain/usr/lib/swift/host/plugins/testing -enable-experimental-feature DebugDescriptionMacro -sdk /Applications/Xcode.app/Contents/Developer/Platforms/MacOSX.platform/Developer/SDKs/MacOSX15.5.sdk -target arm64-apple-macos10.15 -g -module-cache-path /Users/harishvishwakarma/Library/Developer/Xcode/DerivedData/ModuleCache.noindex -Xfrontend -serialize-debugging-options -enable-testing -suppress-warnings -index-store-path /Users/harishvishwakarma/Library/Developer/Xcode/DerivedData/Revolt-dharrjsambcimaaziudpvzjdcigm/Index.noindex/DataStore -swift-version 5 -I /Users/harishvishwakarma/Library/Developer/Xcode/DerivedData/Revolt-dharrjsambcimaaziudpvzjdcigm/Build/Products/Debug -I /Applications/Xcode.app/Contents/Developer/Platforms/MacOSX.platform/Developer/usr/lib -F /Users/harishvishwakarma/Library/Developer/Xcode/DerivedData/Revolt-dharrjsambcimaaziudpvzjdcigm/Build/Products/Debug/PackageFrameworks -F /Users/harishvishwakarma/Library/Developer/Xcode/DerivedData/Revolt-dharrjsambcimaaziudpvzjdcigm/Build/Products/Debug/PackageFrameworks -F /Users/harishvishwakarma/Library/Developer/Xcode/DerivedData/Revolt-dharrjsambcimaaziudpvzjdcigm/Build/Products/Debug -F /Applications/Xcode.app/Contents/Developer/Platforms/MacOSX.platform/Developer/Library/Frameworks -c -j12 -enable-batch-mode -incremental -Xcc -ivfsstatcache -Xcc /Users/harishvishwakarma/Library/Developer/Xcode/DerivedData/SDKStatCaches.noindex/macosx15.5-24F74-8254517eb8b97d462ccbc072ba9094c9.sdkstatcache -output-file-map /Users/harishvishwakarma/Library/Developer/Xcode/DerivedData/Revolt-dharrjsambcimaaziudpvzjdcigm/Build/Intermediates.noindex/swift-syntax.build/Debug/SwiftDiagnostics.build/Objects-normal/arm64/SwiftDiagnostics-OutputFileMap.json -use-frontend-parseable-output -save-temps -no-color-diagnostics -serialize-diagnostics -emit-dependencies -emit-module -emit-module-path /Users/harishvishwakarma/Library/Developer/Xcode/DerivedData/Revolt-dharrjsambcimaaziudpvzjdcigm/Build/Intermediates.noindex/swift-syntax.build/Debug/SwiftDiagnostics.build/Objects-normal/arm64/SwiftDiagnostics.swiftmodule -validate-clang-modules-once -clang-build-session-file /Users/harishvishwakarma/Library/Developer/Xcode/DerivedData/ModuleCache.noindex/Session.modulevalidation -Xcc -I/Users/harishvishwakarma/Library/Developer/Xcode/DerivedData/Revolt-dharrjsambcimaaziudpvzjdcigm/Build/Intermediates.noindex/swift-syntax.build/Debug/SwiftDiagnostics.build/swift-overrides.hmap -emit-const-values -Xfrontend -const-gather-protocols-file -Xfrontend /Users/harishvishwakarma/Library/Developer/Xcode/DerivedData/Revolt-dharrjsambcimaaziudpvzjdcigm/Build/Intermediates.noindex/swift-syntax.build/Debug/SwiftDiagnostics.build/Objects-normal/arm64/SwiftDiagnostics_const_extract_protocols.json -Xcc -I/Users/harishvishwakarma/Library/Developer/Xcode/DerivedData/Revolt-dharrjsambcimaaziudpvzjdcigm/Build/Products/Debug/include -Xcc -I/Users/harishvishwakarma/Library/Developer/Xcode/DerivedData/Revolt-dharrjsambcimaaziudpvzjdcigm/Build/Intermediates.noindex/swift-syntax.build/Debug/SwiftDiagnostics.build/DerivedSources-normal/arm64 -Xcc -I/Users/harishvishwakarma/Library/Developer/Xcode/DerivedData/Revolt-dharrjsambcimaaziudpvzjdcigm/Build/Intermediates.noindex/swift-syntax.build/Debug/SwiftDiagnostics.build/DerivedSources/arm64 -Xcc -I/Users/harishvishwakarma/Library/Developer/Xcode/DerivedData/Revolt-dharrjsambcimaaziudpvzjdcigm/Build/Intermediates.noindex/swift-syntax.build/Debug/SwiftDiagnostics.build/DerivedSources -Xcc -DSWIFT_PACKAGE -Xcc -DDEBUG\=1 -emit-objc-header -emit-objc-header-path /Users/harishvishwakarma/Library/Developer/Xcode/DerivedData/Revolt-dharrjsambcimaaziudpvzjdcigm/Build/Intermediates.noindex/swift-syntax.build/Debug/SwiftDiagnostics.build/Objects-normal/arm64/SwiftDiagnostics-Swift.h -working-directory /Users/harishvishwakarma/Handy/Archem/pepchat-ios/Revolt.xcodeproj -experimental-emit-module-separately -disable-cmo

Copy /Users/harishvishwakarma/Library/Developer/Xcode/DerivedData/Revolt-dharrjsambcimaaziudpvzjdcigm/Build/Products/Debug-iphoneos/NotificationService.swiftmodule/arm64-apple-ios.swiftmodule /Users/harishvishwakarma/Library/Developer/Xcode/DerivedData/Revolt-dharrjsambcimaaziudpvzjdcigm/Build/Intermediates.noindex/Revolt.build/Debug-iphoneos/NotificationService.build/Objects-normal/arm64/NotificationService.swiftmodule (in target 'NotificationService' from project 'Revolt')
    cd /Users/harishvishwakarma/Handy/Archem/pepchat-ios
    builtin-copy -exclude .DS_Store -exclude CVS -exclude .svn -exclude .git -exclude .hg -resolve-src-symlinks -rename /Users/harishvishwakarma/Library/Developer/Xcode/DerivedData/Revolt-dharrjsambcimaaziudpvzjdcigm/Build/Intermediates.noindex/Revolt.build/Debug-iphoneos/NotificationService.build/Objects-normal/arm64/NotificationService.swiftmodule /Users/harishvishwakarma/Library/Developer/Xcode/DerivedData/Revolt-dharrjsambcimaaziudpvzjdcigm/Build/Products/Debug-iphoneos/NotificationService.swiftmodule/arm64-apple-ios.swiftmodule

Copy /Users/harishvishwakarma/Library/Developer/Xcode/DerivedData/Revolt-dharrjsambcimaaziudpvzjdcigm/Build/Products/Debug/SwiftDiagnostics.swiftmodule/arm64-apple-macos.swiftmodule /Users/harishvishwakarma/Library/Developer/Xcode/DerivedData/Revolt-dharrjsambcimaaziudpvzjdcigm/Build/Intermediates.noindex/swift-syntax.build/Debug/SwiftDiagnostics.build/Objects-normal/arm64/SwiftDiagnostics.swiftmodule (in target 'SwiftDiagnostics' from project 'swift-syntax')
    cd /Users/harishvishwakarma/Library/Developer/Xcode/DerivedData/Revolt-dharrjsambcimaaziudpvzjdcigm/SourcePackages/checkouts/swift-syntax
    builtin-copy -exclude .DS_Store -exclude CVS -exclude .svn -exclude .git -exclude .hg -resolve-src-symlinks -rename /Users/harishvishwakarma/Library/Developer/Xcode/DerivedData/Revolt-dharrjsambcimaaziudpvzjdcigm/Build/Intermediates.noindex/swift-syntax.build/Debug/SwiftDiagnostics.build/Objects-normal/arm64/SwiftDiagnostics.swiftmodule /Users/harishvishwakarma/Library/Developer/Xcode/DerivedData/Revolt-dharrjsambcimaaziudpvzjdcigm/Build/Products/Debug/SwiftDiagnostics.swiftmodule/arm64-apple-macos.swiftmodule

Copy /Users/harishvishwakarma/Library/Developer/Xcode/DerivedData/Revolt-dharrjsambcimaaziudpvzjdcigm/Build/Products/Debug/SwiftDiagnostics.swiftmodule/arm64-apple-macos.swiftdoc /Users/harishvishwakarma/Library/Developer/Xcode/DerivedData/Revolt-dharrjsambcimaaziudpvzjdcigm/Build/Intermediates.noindex/swift-syntax.build/Debug/SwiftDiagnostics.build/Objects-normal/arm64/SwiftDiagnostics.swiftdoc (in target 'SwiftDiagnostics' from project 'swift-syntax')
    cd /Users/harishvishwakarma/Library/Developer/Xcode/DerivedData/Revolt-dharrjsambcimaaziudpvzjdcigm/SourcePackages/checkouts/swift-syntax
    builtin-copy -exclude .DS_Store -exclude CVS -exclude .svn -exclude .git -exclude .hg -resolve-src-symlinks -rename /Users/harishvishwakarma/Library/Developer/Xcode/DerivedData/Revolt-dharrjsambcimaaziudpvzjdcigm/Build/Intermediates.noindex/swift-syntax.build/Debug/SwiftDiagnostics.build/Objects-normal/arm64/SwiftDiagnostics.swiftdoc /Users/harishvishwakarma/Library/Developer/Xcode/DerivedData/Revolt-dharrjsambcimaaziudpvzjdcigm/Build/Products/Debug/SwiftDiagnostics.swiftmodule/arm64-apple-macos.swiftdoc

Copy /Users/harishvishwakarma/Library/Developer/Xcode/DerivedData/Revolt-dharrjsambcimaaziudpvzjdcigm/Build/Products/Debug/SwiftDiagnostics.swiftmodule/arm64-apple-macos.abi.json /Users/harishvishwakarma/Library/Developer/Xcode/DerivedData/Revolt-dharrjsambcimaaziudpvzjdcigm/Build/Intermediates.noindex/swift-syntax.build/Debug/SwiftDiagnostics.build/Objects-normal/arm64/SwiftDiagnostics.abi.json (in target 'SwiftDiagnostics' from project 'swift-syntax')
    cd /Users/harishvishwakarma/Library/Developer/Xcode/DerivedData/Revolt-dharrjsambcimaaziudpvzjdcigm/SourcePackages/checkouts/swift-syntax
    builtin-copy -exclude .DS_Store -exclude CVS -exclude .svn -exclude .git -exclude .hg -resolve-src-symlinks -rename /Users/harishvishwakarma/Library/Developer/Xcode/DerivedData/Revolt-dharrjsambcimaaziudpvzjdcigm/Build/Intermediates.noindex/swift-syntax.build/Debug/SwiftDiagnostics.build/Objects-normal/arm64/SwiftDiagnostics.abi.json /Users/harishvishwakarma/Library/Developer/Xcode/DerivedData/Revolt-dharrjsambcimaaziudpvzjdcigm/Build/Products/Debug/SwiftDiagnostics.swiftmodule/arm64-apple-macos.abi.json

Copy /Users/harishvishwakarma/Library/Developer/Xcode/DerivedData/Revolt-dharrjsambcimaaziudpvzjdcigm/Build/Products/Debug/SwiftDiagnostics.swiftmodule/Project/arm64-apple-macos.swiftsourceinfo /Users/harishvishwakarma/Library/Developer/Xcode/DerivedData/Revolt-dharrjsambcimaaziudpvzjdcigm/Build/Intermediates.noindex/swift-syntax.build/Debug/SwiftDiagnostics.build/Objects-normal/arm64/SwiftDiagnostics.swiftsourceinfo (in target 'SwiftDiagnostics' from project 'swift-syntax')
    cd /Users/harishvishwakarma/Library/Developer/Xcode/DerivedData/Revolt-dharrjsambcimaaziudpvzjdcigm/SourcePackages/checkouts/swift-syntax
    builtin-copy -exclude .DS_Store -exclude CVS -exclude .svn -exclude .git -exclude .hg -resolve-src-symlinks -rename /Users/harishvishwakarma/Library/Developer/Xcode/DerivedData/Revolt-dharrjsambcimaaziudpvzjdcigm/Build/Intermediates.noindex/swift-syntax.build/Debug/SwiftDiagnostics.build/Objects-normal/arm64/SwiftDiagnostics.swiftsourceinfo /Users/harishvishwakarma/Library/Developer/Xcode/DerivedData/Revolt-dharrjsambcimaaziudpvzjdcigm/Build/Products/Debug/SwiftDiagnostics.swiftmodule/Project/arm64-apple-macos.swiftsourceinfo

Copy /Users/harishvishwakarma/Library/Developer/Xcode/DerivedData/Revolt-dharrjsambcimaaziudpvzjdcigm/Build/Products/Debug-iphoneos/NotificationService.swiftmodule/arm64-apple-ios.swiftdoc /Users/harishvishwakarma/Library/Developer/Xcode/DerivedData/Revolt-dharrjsambcimaaziudpvzjdcigm/Build/Intermediates.noindex/Revolt.build/Debug-iphoneos/NotificationService.build/Objects-normal/arm64/NotificationService.swiftdoc (in target 'NotificationService' from project 'Revolt')
    cd /Users/harishvishwakarma/Handy/Archem/pepchat-ios
    builtin-copy -exclude .DS_Store -exclude CVS -exclude .svn -exclude .git -exclude .hg -resolve-src-symlinks -rename /Users/harishvishwakarma/Library/Developer/Xcode/DerivedData/Revolt-dharrjsambcimaaziudpvzjdcigm/Build/Intermediates.noindex/Revolt.build/Debug-iphoneos/NotificationService.build/Objects-normal/arm64/NotificationService.swiftdoc /Users/harishvishwakarma/Library/Developer/Xcode/DerivedData/Revolt-dharrjsambcimaaziudpvzjdcigm/Build/Products/Debug-iphoneos/NotificationService.swiftmodule/arm64-apple-ios.swiftdoc

Copy /Users/harishvishwakarma/Library/Developer/Xcode/DerivedData/Revolt-dharrjsambcimaaziudpvzjdcigm/Build/Products/Debug-iphoneos/NotificationService.swiftmodule/arm64-apple-ios.abi.json /Users/harishvishwakarma/Library/Developer/Xcode/DerivedData/Revolt-dharrjsambcimaaziudpvzjdcigm/Build/Intermediates.noindex/Revolt.build/Debug-iphoneos/NotificationService.build/Objects-normal/arm64/NotificationService.abi.json (in target 'NotificationService' from project 'Revolt')
    cd /Users/harishvishwakarma/Handy/Archem/pepchat-ios
    builtin-copy -exclude .DS_Store -exclude CVS -exclude .svn -exclude .git -exclude .hg -resolve-src-symlinks -rename /Users/harishvishwakarma/Library/Developer/Xcode/DerivedData/Revolt-dharrjsambcimaaziudpvzjdcigm/Build/Intermediates.noindex/Revolt.build/Debug-iphoneos/NotificationService.build/Objects-normal/arm64/NotificationService.abi.json /Users/harishvishwakarma/Library/Developer/Xcode/DerivedData/Revolt-dharrjsambcimaaziudpvzjdcigm/Build/Products/Debug-iphoneos/NotificationService.swiftmodule/arm64-apple-ios.abi.json

Copy /Users/harishvishwakarma/Library/Developer/Xcode/DerivedData/Revolt-dharrjsambcimaaziudpvzjdcigm/Build/Products/Debug-iphoneos/NotificationService.swiftmodule/Project/arm64-apple-ios.swiftsourceinfo /Users/harishvishwakarma/Library/Developer/Xcode/DerivedData/Revolt-dharrjsambcimaaziudpvzjdcigm/Build/Intermediates.noindex/Revolt.build/Debug-iphoneos/NotificationService.build/Objects-normal/arm64/NotificationService.swiftsourceinfo (in target 'NotificationService' from project 'Revolt')
    cd /Users/harishvishwakarma/Handy/Archem/pepchat-ios
    builtin-copy -exclude .DS_Store -exclude CVS -exclude .svn -exclude .git -exclude .hg -resolve-src-symlinks -rename /Users/harishvishwakarma/Library/Developer/Xcode/DerivedData/Revolt-dharrjsambcimaaziudpvzjdcigm/Build/Intermediates.noindex/Revolt.build/Debug-iphoneos/NotificationService.build/Objects-normal/arm64/NotificationService.swiftsourceinfo /Users/harishvishwakarma/Library/Developer/Xcode/DerivedData/Revolt-dharrjsambcimaaziudpvzjdcigm/Build/Products/Debug-iphoneos/NotificationService.swiftmodule/Project/arm64-apple-ios.swiftsourceinfo

SwiftCompile normal x86_64 Compiling\ TriviaParser.swift,\ Types.swift,\ IsLexerClassified.swift /Users/harishvishwakarma/Library/Developer/Xcode/DerivedData/Revolt-dharrjsambcimaaziudpvzjdcigm/SourcePackages/checkouts/swift-syntax/Sources/SwiftParser/TriviaParser.swift /Users/harishvishwakarma/Library/Developer/Xcode/DerivedData/Revolt-dharrjsambcimaaziudpvzjdcigm/SourcePackages/checkouts/swift-syntax/Sources/SwiftParser/Types.swift /Users/harishvishwakarma/Library/Developer/Xcode/DerivedData/Revolt-dharrjsambcimaaziudpvzjdcigm/SourcePackages/checkouts/swift-syntax/Sources/SwiftParser/generated/IsLexerClassified.swift (in target 'SwiftParser' from project 'swift-syntax')

SwiftCompile normal x86_64 /Users/harishvishwakarma/Library/Developer/Xcode/DerivedData/Revolt-dharrjsambcimaaziudpvzjdcigm/SourcePackages/checkouts/swift-syntax/Sources/SwiftParser/TriviaParser.swift (in target 'SwiftParser' from project 'swift-syntax')
    cd /Users/harishvishwakarma/Handy/Archem/pepchat-ios/Revolt.xcodeproj
    

SwiftCompile normal x86_64 /Users/harishvishwakarma/Library/Developer/Xcode/DerivedData/Revolt-dharrjsambcimaaziudpvzjdcigm/SourcePackages/checkouts/swift-syntax/Sources/SwiftParser/Types.swift (in target 'SwiftParser' from project 'swift-syntax')
    cd /Users/harishvishwakarma/Handy/Archem/pepchat-ios/Revolt.xcodeproj
    

SwiftCompile normal x86_64 /Users/harishvishwakarma/Library/Developer/Xcode/DerivedData/Revolt-dharrjsambcimaaziudpvzjdcigm/SourcePackages/checkouts/swift-syntax/Sources/SwiftParser/generated/IsLexerClassified.swift (in target 'SwiftParser' from project 'swift-syntax')
    cd /Users/harishvishwakarma/Handy/Archem/pepchat-ios/Revolt.xcodeproj
    

SwiftCompile normal x86_64 Compiling\ IncrementalParseTransition.swift,\ Cursor.swift,\ Lexeme.swift,\ LexemeSequence.swift /Users/harishvishwakarma/Library/Developer/Xcode/DerivedData/Revolt-dharrjsambcimaaziudpvzjdcigm/SourcePackages/checkouts/swift-syntax/Sources/SwiftParser/IncrementalParseTransition.swift /Users/harishvishwakarma/Library/Developer/Xcode/DerivedData/Revolt-dharrjsambcimaaziudpvzjdcigm/SourcePackages/checkouts/swift-syntax/Sources/SwiftParser/Lexer/Cursor.swift /Users/harishvishwakarma/Library/Developer/Xcode/DerivedData/Revolt-dharrjsambcimaaziudpvzjdcigm/SourcePackages/checkouts/swift-syntax/Sources/SwiftParser/Lexer/Lexeme.swift /Users/harishvishwakarma/Library/Developer/Xcode/DerivedData/Revolt-dharrjsambcimaaziudpvzjdcigm/SourcePackages/checkouts/swift-syntax/Sources/SwiftParser/Lexer/LexemeSequence.swift (in target 'SwiftParser' from project 'swift-syntax')
SwiftCompile normal x86_64 /Users/harishvishwakarma/Library/Developer/Xcode/DerivedData/Revolt-dharrjsambcimaaziudpvzjdcigm/SourcePackages/checkouts/swift-syntax/Sources/SwiftParser/IncrementalParseTransition.swift (in target 'SwiftParser' from project 'swift-syntax')
    cd /Users/harishvishwakarma/Handy/Archem/pepchat-ios/Revolt.xcodeproj
    

SwiftCompile normal x86_64 /Users/harishvishwakarma/Library/Developer/Xcode/DerivedData/Revolt-dharrjsambcimaaziudpvzjdcigm/SourcePackages/checkouts/swift-syntax/Sources/SwiftParser/Lexer/Cursor.swift (in target 'SwiftParser' from project 'swift-syntax')
    cd /Users/harishvishwakarma/Handy/Archem/pepchat-ios/Revolt.xcodeproj
    

SwiftCompile normal x86_64 /Users/harishvishwakarma/Library/Developer/Xcode/DerivedData/Revolt-dharrjsambcimaaziudpvzjdcigm/SourcePackages/checkouts/swift-syntax/Sources/SwiftParser/Lexer/Lexeme.swift (in target 'SwiftParser' from project 'swift-syntax')
    cd /Users/harishvishwakarma/Handy/Archem/pepchat-ios/Revolt.xcodeproj
    

SwiftCompile normal x86_64 /Users/harishvishwakarma/Library/Developer/Xcode/DerivedData/Revolt-dharrjsambcimaaziudpvzjdcigm/SourcePackages/checkouts/swift-syntax/Sources/SwiftParser/Lexer/LexemeSequence.swift (in target 'SwiftParser' from project 'swift-syntax')
    cd /Users/harishvishwakarma/Handy/Archem/pepchat-ios/Revolt.xcodeproj
    

SwiftDriverJobDiscovery normal x86_64 Emitting module for SwiftDiagnostics (in target 'SwiftDiagnostics' from project 'swift-syntax')

SwiftDriver\ Compilation\ Requirements SwiftDiagnostics normal x86_64 com.apple.xcode.tools.swift.compiler (in target 'SwiftDiagnostics' from project 'swift-syntax')
    cd /Users/harishvishwakarma/Handy/Archem/pepchat-ios/Revolt.xcodeproj
    builtin-Swift-Compilation-Requirements -- /Applications/Xcode.app/Contents/Developer/Toolchains/XcodeDefault.xctoolchain/usr/bin/swiftc -module-name SwiftDiagnostics -Onone -enforce-exclusivity\=checked @/Users/harishvishwakarma/Library/Developer/Xcode/DerivedData/Revolt-dharrjsambcimaaziudpvzjdcigm/Build/Intermediates.noindex/swift-syntax.build/Debug/SwiftDiagnostics.build/Objects-normal/x86_64/SwiftDiagnostics.SwiftFileList -DSWIFT_PACKAGE -DDEBUG -DXcode -plugin-path /Applications/Xcode.app/Contents/Developer/Toolchains/XcodeDefault.xctoolchain/usr/lib/swift/host/plugins/testing -enable-experimental-feature DebugDescriptionMacro -sdk /Applications/Xcode.app/Contents/Developer/Platforms/MacOSX.platform/Developer/SDKs/MacOSX15.5.sdk -target x86_64-apple-macos10.15 -g -module-cache-path /Users/harishvishwakarma/Library/Developer/Xcode/DerivedData/ModuleCache.noindex -Xfrontend -serialize-debugging-options -enable-testing -suppress-warnings -index-store-path /Users/harishvishwakarma/Library/Developer/Xcode/DerivedData/Revolt-dharrjsambcimaaziudpvzjdcigm/Index.noindex/DataStore -swift-version 5 -I /Users/harishvishwakarma/Library/Developer/Xcode/DerivedData/Revolt-dharrjsambcimaaziudpvzjdcigm/Build/Products/Debug -I /Applications/Xcode.app/Contents/Developer/Platforms/MacOSX.platform/Developer/usr/lib -F /Users/harishvishwakarma/Library/Developer/Xcode/DerivedData/Revolt-dharrjsambcimaaziudpvzjdcigm/Build/Products/Debug/PackageFrameworks -F /Users/harishvishwakarma/Library/Developer/Xcode/DerivedData/Revolt-dharrjsambcimaaziudpvzjdcigm/Build/Products/Debug/PackageFrameworks -F /Users/harishvishwakarma/Library/Developer/Xcode/DerivedData/Revolt-dharrjsambcimaaziudpvzjdcigm/Build/Products/Debug -F /Applications/Xcode.app/Contents/Developer/Platforms/MacOSX.platform/Developer/Library/Frameworks -c -j12 -enable-batch-mode -incremental -Xcc -ivfsstatcache -Xcc /Users/harishvishwakarma/Library/Developer/Xcode/DerivedData/SDKStatCaches.noindex/macosx15.5-24F74-8254517eb8b97d462ccbc072ba9094c9.sdkstatcache -output-file-map /Users/harishvishwakarma/Library/Developer/Xcode/DerivedData/Revolt-dharrjsambcimaaziudpvzjdcigm/Build/Intermediates.noindex/swift-syntax.build/Debug/SwiftDiagnostics.build/Objects-normal/x86_64/SwiftDiagnostics-OutputFileMap.json -use-frontend-parseable-output -save-temps -no-color-diagnostics -serialize-diagnostics -emit-dependencies -emit-module -emit-module-path /Users/harishvishwakarma/Library/Developer/Xcode/DerivedData/Revolt-dharrjsambcimaaziudpvzjdcigm/Build/Intermediates.noindex/swift-syntax.build/Debug/SwiftDiagnostics.build/Objects-normal/x86_64/SwiftDiagnostics.swiftmodule -validate-clang-modules-once -clang-build-session-file /Users/harishvishwakarma/Library/Developer/Xcode/DerivedData/ModuleCache.noindex/Session.modulevalidation -Xcc -I/Users/harishvishwakarma/Library/Developer/Xcode/DerivedData/Revolt-dharrjsambcimaaziudpvzjdcigm/Build/Intermediates.noindex/swift-syntax.build/Debug/SwiftDiagnostics.build/swift-overrides.hmap -emit-const-values -Xfrontend -const-gather-protocols-file -Xfrontend /Users/harishvishwakarma/Library/Developer/Xcode/DerivedData/Revolt-dharrjsambcimaaziudpvzjdcigm/Build/Intermediates.noindex/swift-syntax.build/Debug/SwiftDiagnostics.build/Objects-normal/x86_64/SwiftDiagnostics_const_extract_protocols.json -Xcc -I/Users/harishvishwakarma/Library/Developer/Xcode/DerivedData/Revolt-dharrjsambcimaaziudpvzjdcigm/Build/Products/Debug/include -Xcc -I/Users/harishvishwakarma/Library/Developer/Xcode/DerivedData/Revolt-dharrjsambcimaaziudpvzjdcigm/Build/Intermediates.noindex/swift-syntax.build/Debug/SwiftDiagnostics.build/DerivedSources-normal/x86_64 -Xcc -I/Users/harishvishwakarma/Library/Developer/Xcode/DerivedData/Revolt-dharrjsambcimaaziudpvzjdcigm/Build/Intermediates.noindex/swift-syntax.build/Debug/SwiftDiagnostics.build/DerivedSources/x86_64 -Xcc -I/Users/harishvishwakarma/Library/Developer/Xcode/DerivedData/Revolt-dharrjsambcimaaziudpvzjdcigm/Build/Intermediates.noindex/swift-syntax.build/Debug/SwiftDiagnostics.build/DerivedSources -Xcc -DSWIFT_PACKAGE -Xcc -DDEBUG\=1 -emit-objc-header -emit-objc-header-path /Users/harishvishwakarma/Library/Developer/Xcode/DerivedData/Revolt-dharrjsambcimaaziudpvzjdcigm/Build/Intermediates.noindex/swift-syntax.build/Debug/SwiftDiagnostics.build/Objects-normal/x86_64/SwiftDiagnostics-Swift.h -working-directory /Users/harishvishwakarma/Handy/Archem/pepchat-ios/Revolt.xcodeproj -experimental-emit-module-separately -disable-cmo

SwiftDriverJobDiscovery normal x86_64 Compiling SyntaxVisitor.swift, TokenKind.swift, Tokens.swift, TriviaPieces.swift (in target 'SwiftSyntax' from project 'swift-syntax')

SwiftCompile normal arm64 Compiling\ LayoutNodes+Parsable.swift,\ Parser+TokenSpecSet.swift,\ TokenSpecStaticMembers.swift /Users/harishvishwakarma/Library/Developer/Xcode/DerivedData/Revolt-dharrjsambcimaaziudpvzjdcigm/SourcePackages/checkouts/swift-syntax/Sources/SwiftParser/generated/LayoutNodes+Parsable.swift /Users/harishvishwakarma/Library/Developer/Xcode/DerivedData/Revolt-dharrjsambcimaaziudpvzjdcigm/SourcePackages/checkouts/swift-syntax/Sources/SwiftParser/generated/Parser+TokenSpecSet.swift /Users/harishvishwakarma/Library/Developer/Xcode/DerivedData/Revolt-dharrjsambcimaaziudpvzjdcigm/SourcePackages/checkouts/swift-syntax/Sources/SwiftParser/generated/TokenSpecStaticMembers.swift (in target 'SwiftParser' from project 'swift-syntax')

SwiftCompile normal arm64 /Users/harishvishwakarma/Library/Developer/Xcode/DerivedData/Revolt-dharrjsambcimaaziudpvzjdcigm/SourcePackages/checkouts/swift-syntax/Sources/SwiftParser/generated/LayoutNodes+Parsable.swift (in target 'SwiftParser' from project 'swift-syntax')
    cd /Users/harishvishwakarma/Handy/Archem/pepchat-ios/Revolt.xcodeproj
    

SwiftCompile normal arm64 /Users/harishvishwakarma/Library/Developer/Xcode/DerivedData/Revolt-dharrjsambcimaaziudpvzjdcigm/SourcePackages/checkouts/swift-syntax/Sources/SwiftParser/generated/Parser+TokenSpecSet.swift (in target 'SwiftParser' from project 'swift-syntax')
    cd /Users/harishvishwakarma/Handy/Archem/pepchat-ios/Revolt.xcodeproj
    

SwiftCompile normal arm64 /Users/harishvishwakarma/Library/Developer/Xcode/DerivedData/Revolt-dharrjsambcimaaziudpvzjdcigm/SourcePackages/checkouts/swift-syntax/Sources/SwiftParser/generated/TokenSpecStaticMembers.swift (in target 'SwiftParser' from project 'swift-syntax')
    cd /Users/harishvishwakarma/Handy/Archem/pepchat-ios/Revolt.xcodeproj
    

SwiftMergeGeneratedHeaders /Users/harishvishwakarma/Library/Developer/Xcode/DerivedData/Revolt-dharrjsambcimaaziudpvzjdcigm/Build/Intermediates.noindex/GeneratedModuleMaps/SwiftDiagnostics-Swift.h /Users/harishvishwakarma/Library/Developer/Xcode/DerivedData/Revolt-dharrjsambcimaaziudpvzjdcigm/Build/Intermediates.noindex/swift-syntax.build/Debug/SwiftDiagnostics.build/Objects-normal/arm64/SwiftDiagnostics-Swift.h /Users/harishvishwakarma/Library/Developer/Xcode/DerivedData/Revolt-dharrjsambcimaaziudpvzjdcigm/Build/Intermediates.noindex/swift-syntax.build/Debug/SwiftDiagnostics.build/Objects-normal/x86_64/SwiftDiagnostics-Swift.h (in target 'SwiftDiagnostics' from project 'swift-syntax')
    cd /Users/harishvishwakarma/Library/Developer/Xcode/DerivedData/Revolt-dharrjsambcimaaziudpvzjdcigm/SourcePackages/checkouts/swift-syntax
    builtin-swiftHeaderTool -arch arm64 /Users/harishvishwakarma/Library/Developer/Xcode/DerivedData/Revolt-dharrjsambcimaaziudpvzjdcigm/Build/Intermediates.noindex/swift-syntax.build/Debug/SwiftDiagnostics.build/Objects-normal/arm64/SwiftDiagnostics-Swift.h -arch x86_64 /Users/harishvishwakarma/Library/Developer/Xcode/DerivedData/Revolt-dharrjsambcimaaziudpvzjdcigm/Build/Intermediates.noindex/swift-syntax.build/Debug/SwiftDiagnostics.build/Objects-normal/x86_64/SwiftDiagnostics-Swift.h -o /Users/harishvishwakarma/Library/Developer/Xcode/DerivedData/Revolt-dharrjsambcimaaziudpvzjdcigm/Build/Intermediates.noindex/GeneratedModuleMaps/SwiftDiagnostics-Swift.h

SwiftDriverJobDiscovery normal x86_64 Compiling SyntaxUtils.swift, TokenConsumer.swift, TokenPrecedence.swift (in target 'SwiftParser' from project 'swift-syntax')

Copy /Users/harishvishwakarma/Library/Developer/Xcode/DerivedData/Revolt-dharrjsambcimaaziudpvzjdcigm/Build/Products/Debug/SwiftDiagnostics.swiftmodule/x86_64-apple-macos.swiftmodule /Users/harishvishwakarma/Library/Developer/Xcode/DerivedData/Revolt-dharrjsambcimaaziudpvzjdcigm/Build/Intermediates.noindex/swift-syntax.build/Debug/SwiftDiagnostics.build/Objects-normal/x86_64/SwiftDiagnostics.swiftmodule (in target 'SwiftDiagnostics' from project 'swift-syntax')
    cd /Users/harishvishwakarma/Library/Developer/Xcode/DerivedData/Revolt-dharrjsambcimaaziudpvzjdcigm/SourcePackages/checkouts/swift-syntax
    builtin-copy -exclude .DS_Store -exclude CVS -exclude .svn -exclude .git -exclude .hg -resolve-src-symlinks -rename /Users/harishvishwakarma/Library/Developer/Xcode/DerivedData/Revolt-dharrjsambcimaaziudpvzjdcigm/Build/Intermediates.noindex/swift-syntax.build/Debug/SwiftDiagnostics.build/Objects-normal/x86_64/SwiftDiagnostics.swiftmodule /Users/harishvishwakarma/Library/Developer/Xcode/DerivedData/Revolt-dharrjsambcimaaziudpvzjdcigm/Build/Products/Debug/SwiftDiagnostics.swiftmodule/x86_64-apple-macos.swiftmodule

Copy /Users/harishvishwakarma/Library/Developer/Xcode/DerivedData/Revolt-dharrjsambcimaaziudpvzjdcigm/Build/Products/Debug/SwiftDiagnostics.swiftmodule/x86_64-apple-macos.swiftdoc /Users/harishvishwakarma/Library/Developer/Xcode/DerivedData/Revolt-dharrjsambcimaaziudpvzjdcigm/Build/Intermediates.noindex/swift-syntax.build/Debug/SwiftDiagnostics.build/Objects-normal/x86_64/SwiftDiagnostics.swiftdoc (in target 'SwiftDiagnostics' from project 'swift-syntax')
    cd /Users/harishvishwakarma/Library/Developer/Xcode/DerivedData/Revolt-dharrjsambcimaaziudpvzjdcigm/SourcePackages/checkouts/swift-syntax
    builtin-copy -exclude .DS_Store -exclude CVS -exclude .svn -exclude .git -exclude .hg -resolve-src-symlinks -rename /Users/harishvishwakarma/Library/Developer/Xcode/DerivedData/Revolt-dharrjsambcimaaziudpvzjdcigm/Build/Intermediates.noindex/swift-syntax.build/Debug/SwiftDiagnostics.build/Objects-normal/x86_64/SwiftDiagnostics.swiftdoc /Users/harishvishwakarma/Library/Developer/Xcode/DerivedData/Revolt-dharrjsambcimaaziudpvzjdcigm/Build/Products/Debug/SwiftDiagnostics.swiftmodule/x86_64-apple-macos.swiftdoc

Copy /Users/harishvishwakarma/Library/Developer/Xcode/DerivedData/Revolt-dharrjsambcimaaziudpvzjdcigm/Build/Products/Debug/SwiftDiagnostics.swiftmodule/x86_64-apple-macos.abi.json /Users/harishvishwakarma/Library/Developer/Xcode/DerivedData/Revolt-dharrjsambcimaaziudpvzjdcigm/Build/Intermediates.noindex/swift-syntax.build/Debug/SwiftDiagnostics.build/Objects-normal/x86_64/SwiftDiagnostics.abi.json (in target 'SwiftDiagnostics' from project 'swift-syntax')
    cd /Users/harishvishwakarma/Library/Developer/Xcode/DerivedData/Revolt-dharrjsambcimaaziudpvzjdcigm/SourcePackages/checkouts/swift-syntax
    builtin-copy -exclude .DS_Store -exclude CVS -exclude .svn -exclude .git -exclude .hg -resolve-src-symlinks -rename /Users/harishvishwakarma/Library/Developer/Xcode/DerivedData/Revolt-dharrjsambcimaaziudpvzjdcigm/Build/Intermediates.noindex/swift-syntax.build/Debug/SwiftDiagnostics.build/Objects-normal/x86_64/SwiftDiagnostics.abi.json /Users/harishvishwakarma/Library/Developer/Xcode/DerivedData/Revolt-dharrjsambcimaaziudpvzjdcigm/Build/Products/Debug/SwiftDiagnostics.swiftmodule/x86_64-apple-macos.abi.json

Copy /Users/harishvishwakarma/Library/Developer/Xcode/DerivedData/Revolt-dharrjsambcimaaziudpvzjdcigm/Build/Products/Debug/SwiftDiagnostics.swiftmodule/Project/x86_64-apple-macos.swiftsourceinfo /Users/harishvishwakarma/Library/Developer/Xcode/DerivedData/Revolt-dharrjsambcimaaziudpvzjdcigm/Build/Intermediates.noindex/swift-syntax.build/Debug/SwiftDiagnostics.build/Objects-normal/x86_64/SwiftDiagnostics.swiftsourceinfo (in target 'SwiftDiagnostics' from project 'swift-syntax')
    cd /Users/harishvishwakarma/Library/Developer/Xcode/DerivedData/Revolt-dharrjsambcimaaziudpvzjdcigm/SourcePackages/checkouts/swift-syntax
    builtin-copy -exclude .DS_Store -exclude CVS -exclude .svn -exclude .git -exclude .hg -resolve-src-symlinks -rename /Users/harishvishwakarma/Library/Developer/Xcode/DerivedData/Revolt-dharrjsambcimaaziudpvzjdcigm/Build/Intermediates.noindex/swift-syntax.build/Debug/SwiftDiagnostics.build/Objects-normal/x86_64/SwiftDiagnostics.swiftsourceinfo /Users/harishvishwakarma/Library/Developer/Xcode/DerivedData/Revolt-dharrjsambcimaaziudpvzjdcigm/Build/Products/Debug/SwiftDiagnostics.swiftmodule/Project/x86_64-apple-macos.swiftsourceinfo

SwiftDriver\ Compilation SwiftSyntax normal x86_64 com.apple.xcode.tools.swift.compiler (in target 'SwiftSyntax' from project 'swift-syntax')
    cd /Users/harishvishwakarma/Handy/Archem/pepchat-ios/Revolt.xcodeproj
    builtin-Swift-Compilation -- /Applications/Xcode.app/Contents/Developer/Toolchains/XcodeDefault.xctoolchain/usr/bin/swiftc -module-name SwiftSyntax -Onone -enforce-exclusivity\=checked @/Users/harishvishwakarma/Library/Developer/Xcode/DerivedData/Revolt-dharrjsambcimaaziudpvzjdcigm/Build/Intermediates.noindex/swift-syntax.build/Debug/SwiftSyntax.build/Objects-normal/x86_64/SwiftSyntax.SwiftFileList -DSWIFT_PACKAGE -DDEBUG -DXcode -plugin-path /Applications/Xcode.app/Contents/Developer/Toolchains/XcodeDefault.xctoolchain/usr/lib/swift/host/plugins/testing -enable-experimental-feature DebugDescriptionMacro -sdk /Applications/Xcode.app/Contents/Developer/Platforms/MacOSX.platform/Developer/SDKs/MacOSX15.5.sdk -target x86_64-apple-macos10.15 -g -module-cache-path /Users/harishvishwakarma/Library/Developer/Xcode/DerivedData/ModuleCache.noindex -Xfrontend -serialize-debugging-options -enable-testing -suppress-warnings -index-store-path /Users/harishvishwakarma/Library/Developer/Xcode/DerivedData/Revolt-dharrjsambcimaaziudpvzjdcigm/Index.noindex/DataStore -swift-version 5 -I /Users/harishvishwakarma/Library/Developer/Xcode/DerivedData/Revolt-dharrjsambcimaaziudpvzjdcigm/Build/Products/Debug -I /Applications/Xcode.app/Contents/Developer/Platforms/MacOSX.platform/Developer/usr/lib -F /Users/harishvishwakarma/Library/Developer/Xcode/DerivedData/Revolt-dharrjsambcimaaziudpvzjdcigm/Build/Products/Debug/PackageFrameworks -F /Users/harishvishwakarma/Library/Developer/Xcode/DerivedData/Revolt-dharrjsambcimaaziudpvzjdcigm/Build/Products/Debug -F /Applications/Xcode.app/Contents/Developer/Platforms/MacOSX.platform/Developer/Library/Frameworks -c -j12 -enable-batch-mode -incremental -Xcc -ivfsstatcache -Xcc /Users/harishvishwakarma/Library/Developer/Xcode/DerivedData/SDKStatCaches.noindex/macosx15.5-24F74-8254517eb8b97d462ccbc072ba9094c9.sdkstatcache -output-file-map /Users/harishvishwakarma/Library/Developer/Xcode/DerivedData/Revolt-dharrjsambcimaaziudpvzjdcigm/Build/Intermediates.noindex/swift-syntax.build/Debug/SwiftSyntax.build/Objects-normal/x86_64/SwiftSyntax-OutputFileMap.json -use-frontend-parseable-output -save-temps -no-color-diagnostics -serialize-diagnostics -emit-dependencies -emit-module -emit-module-path /Users/harishvishwakarma/Library/Developer/Xcode/DerivedData/Revolt-dharrjsambcimaaziudpvzjdcigm/Build/Intermediates.noindex/swift-syntax.build/Debug/SwiftSyntax.build/Objects-normal/x86_64/SwiftSyntax.swiftmodule -validate-clang-modules-once -clang-build-session-file /Users/harishvishwakarma/Library/Developer/Xcode/DerivedData/ModuleCache.noindex/Session.modulevalidation -Xcc -I/Users/harishvishwakarma/Library/Developer/Xcode/DerivedData/Revolt-dharrjsambcimaaziudpvzjdcigm/Build/Intermediates.noindex/swift-syntax.build/Debug/SwiftSyntax.build/swift-overrides.hmap -emit-const-values -Xfrontend -const-gather-protocols-file -Xfrontend /Users/harishvishwakarma/Library/Developer/Xcode/DerivedData/Revolt-dharrjsambcimaaziudpvzjdcigm/Build/Intermediates.noindex/swift-syntax.build/Debug/SwiftSyntax.build/Objects-normal/x86_64/SwiftSyntax_const_extract_protocols.json -Xcc -I/Users/harishvishwakarma/Library/Developer/Xcode/DerivedData/Revolt-dharrjsambcimaaziudpvzjdcigm/Build/Products/Debug/include -Xcc -I/Users/harishvishwakarma/Library/Developer/Xcode/DerivedData/Revolt-dharrjsambcimaaziudpvzjdcigm/Build/Intermediates.noindex/swift-syntax.build/Debug/SwiftSyntax.build/DerivedSources-normal/x86_64 -Xcc -I/Users/harishvishwakarma/Library/Developer/Xcode/DerivedData/Revolt-dharrjsambcimaaziudpvzjdcigm/Build/Intermediates.noindex/swift-syntax.build/Debug/SwiftSyntax.build/DerivedSources/x86_64 -Xcc -I/Users/harishvishwakarma/Library/Developer/Xcode/DerivedData/Revolt-dharrjsambcimaaziudpvzjdcigm/Build/Intermediates.noindex/swift-syntax.build/Debug/SwiftSyntax.build/DerivedSources -Xcc -DSWIFT_PACKAGE -Xcc -DDEBUG\=1 -emit-objc-header -emit-objc-header-path /Users/harishvishwakarma/Library/Developer/Xcode/DerivedData/Revolt-dharrjsambcimaaziudpvzjdcigm/Build/Intermediates.noindex/swift-syntax.build/Debug/SwiftSyntax.build/Objects-normal/x86_64/SwiftSyntax-Swift.h -working-directory /Users/harishvishwakarma/Handy/Archem/pepchat-ios/Revolt.xcodeproj -experimental-emit-module-separately -disable-cmo

SwiftCompile normal x86_64 Compiling\ LoopProgressCondition.swift,\ Modifiers.swift,\ Names.swift,\ Nominals.swift /Users/harishvishwakarma/Library/Developer/Xcode/DerivedData/Revolt-dharrjsambcimaaziudpvzjdcigm/SourcePackages/checkouts/swift-syntax/Sources/SwiftParser/LoopProgressCondition.swift /Users/harishvishwakarma/Library/Developer/Xcode/DerivedData/Revolt-dharrjsambcimaaziudpvzjdcigm/SourcePackages/checkouts/swift-syntax/Sources/SwiftParser/Modifiers.swift /Users/harishvishwakarma/Library/Developer/Xcode/DerivedData/Revolt-dharrjsambcimaaziudpvzjdcigm/SourcePackages/checkouts/swift-syntax/Sources/SwiftParser/Names.swift /Users/harishvishwakarma/Library/Developer/Xcode/DerivedData/Revolt-dharrjsambcimaaziudpvzjdcigm/SourcePackages/checkouts/swift-syntax/Sources/SwiftParser/Nominals.swift (in target 'SwiftParser' from project 'swift-syntax')

SwiftCompile normal x86_64 /Users/harishvishwakarma/Library/Developer/Xcode/DerivedData/Revolt-dharrjsambcimaaziudpvzjdcigm/SourcePackages/checkouts/swift-syntax/Sources/SwiftParser/LoopProgressCondition.swift (in target 'SwiftParser' from project 'swift-syntax')
    cd /Users/harishvishwakarma/Handy/Archem/pepchat-ios/Revolt.xcodeproj
    

SwiftCompile normal x86_64 /Users/harishvishwakarma/Library/Developer/Xcode/DerivedData/Revolt-dharrjsambcimaaziudpvzjdcigm/SourcePackages/checkouts/swift-syntax/Sources/SwiftParser/Modifiers.swift (in target 'SwiftParser' from project 'swift-syntax')
    cd /Users/harishvishwakarma/Handy/Archem/pepchat-ios/Revolt.xcodeproj
    

SwiftCompile normal x86_64 /Users/harishvishwakarma/Library/Developer/Xcode/DerivedData/Revolt-dharrjsambcimaaziudpvzjdcigm/SourcePackages/checkouts/swift-syntax/Sources/SwiftParser/Names.swift (in target 'SwiftParser' from project 'swift-syntax')
    cd /Users/harishvishwakarma/Handy/Archem/pepchat-ios/Revolt.xcodeproj
    

SwiftCompile normal x86_64 /Users/harishvishwakarma/Library/Developer/Xcode/DerivedData/Revolt-dharrjsambcimaaziudpvzjdcigm/SourcePackages/checkouts/swift-syntax/Sources/SwiftParser/Nominals.swift (in target 'SwiftParser' from project 'swift-syntax')
    cd /Users/harishvishwakarma/Handy/Archem/pepchat-ios/Revolt.xcodeproj
    

SwiftCompile normal arm64 Compiling\ SyntaxUtils.swift,\ TokenConsumer.swift,\ TokenPrecedence.swift /Users/harishvishwakarma/Library/Developer/Xcode/DerivedData/Revolt-dharrjsambcimaaziudpvzjdcigm/SourcePackages/checkouts/swift-syntax/Sources/SwiftParser/SyntaxUtils.swift /Users/harishvishwakarma/Library/Developer/Xcode/DerivedData/Revolt-dharrjsambcimaaziudpvzjdcigm/SourcePackages/checkouts/swift-syntax/Sources/SwiftParser/TokenConsumer.swift /Users/harishvishwakarma/Library/Developer/Xcode/DerivedData/Revolt-dharrjsambcimaaziudpvzjdcigm/SourcePackages/checkouts/swift-syntax/Sources/SwiftParser/TokenPrecedence.swift (in target 'SwiftParser' from project 'swift-syntax')

SwiftCompile normal arm64 /Users/harishvishwakarma/Library/Developer/Xcode/DerivedData/Revolt-dharrjsambcimaaziudpvzjdcigm/SourcePackages/checkouts/swift-syntax/Sources/SwiftParser/SyntaxUtils.swift (in target 'SwiftParser' from project 'swift-syntax')
    cd /Users/harishvishwakarma/Handy/Archem/pepchat-ios/Revolt.xcodeproj
    

SwiftCompile normal arm64 /Users/harishvishwakarma/Library/Developer/Xcode/DerivedData/Revolt-dharrjsambcimaaziudpvzjdcigm/SourcePackages/checkouts/swift-syntax/Sources/SwiftParser/TokenConsumer.swift (in target 'SwiftParser' from project 'swift-syntax')
    cd /Users/harishvishwakarma/Handy/Archem/pepchat-ios/Revolt.xcodeproj
    

SwiftCompile normal arm64 /Users/harishvishwakarma/Library/Developer/Xcode/DerivedData/Revolt-dharrjsambcimaaziudpvzjdcigm/SourcePackages/checkouts/swift-syntax/Sources/SwiftParser/TokenPrecedence.swift (in target 'SwiftParser' from project 'swift-syntax')
    cd /Users/harishvishwakarma/Handy/Archem/pepchat-ios/Revolt.xcodeproj
    

SwiftDriverJobDiscovery normal x86_64 Emitting module for SwiftParser (in target 'SwiftParser' from project 'swift-syntax')

SwiftDriver\ Compilation\ Requirements SwiftParser normal x86_64 com.apple.xcode.tools.swift.compiler (in target 'SwiftParser' from project 'swift-syntax')
    cd /Users/harishvishwakarma/Handy/Archem/pepchat-ios/Revolt.xcodeproj
    builtin-Swift-Compilation-Requirements -- /Applications/Xcode.app/Contents/Developer/Toolchains/XcodeDefault.xctoolchain/usr/bin/swiftc -module-name SwiftParser -Onone -enforce-exclusivity\=checked @/Users/harishvishwakarma/Library/Developer/Xcode/DerivedData/Revolt-dharrjsambcimaaziudpvzjdcigm/Build/Intermediates.noindex/swift-syntax.build/Debug/SwiftParser.build/Objects-normal/x86_64/SwiftParser.SwiftFileList -DSWIFT_PACKAGE -DDEBUG -DXcode -plugin-path /Applications/Xcode.app/Contents/Developer/Toolchains/XcodeDefault.xctoolchain/usr/lib/swift/host/plugins/testing -enable-experimental-feature DebugDescriptionMacro -sdk /Applications/Xcode.app/Contents/Developer/Platforms/MacOSX.platform/Developer/SDKs/MacOSX15.5.sdk -target x86_64-apple-macos10.15 -g -module-cache-path /Users/harishvishwakarma/Library/Developer/Xcode/DerivedData/ModuleCache.noindex -Xfrontend -serialize-debugging-options -enable-testing -suppress-warnings -index-store-path /Users/harishvishwakarma/Library/Developer/Xcode/DerivedData/Revolt-dharrjsambcimaaziudpvzjdcigm/Index.noindex/DataStore -swift-version 5 -I /Users/harishvishwakarma/Library/Developer/Xcode/DerivedData/Revolt-dharrjsambcimaaziudpvzjdcigm/Build/Products/Debug -I /Applications/Xcode.app/Contents/Developer/Platforms/MacOSX.platform/Developer/usr/lib -F /Users/harishvishwakarma/Library/Developer/Xcode/DerivedData/Revolt-dharrjsambcimaaziudpvzjdcigm/Build/Products/Debug/PackageFrameworks -F /Users/harishvishwakarma/Library/Developer/Xcode/DerivedData/Revolt-dharrjsambcimaaziudpvzjdcigm/Build/Products/Debug/PackageFrameworks -F /Users/harishvishwakarma/Library/Developer/Xcode/DerivedData/Revolt-dharrjsambcimaaziudpvzjdcigm/Build/Products/Debug -F /Applications/Xcode.app/Contents/Developer/Platforms/MacOSX.platform/Developer/Library/Frameworks -c -j12 -enable-batch-mode -incremental -Xcc -ivfsstatcache -Xcc /Users/harishvishwakarma/Library/Developer/Xcode/DerivedData/SDKStatCaches.noindex/macosx15.5-24F74-8254517eb8b97d462ccbc072ba9094c9.sdkstatcache -output-file-map /Users/harishvishwakarma/Library/Developer/Xcode/DerivedData/Revolt-dharrjsambcimaaziudpvzjdcigm/Build/Intermediates.noindex/swift-syntax.build/Debug/SwiftParser.build/Objects-normal/x86_64/SwiftParser-OutputFileMap.json -use-frontend-parseable-output -save-temps -no-color-diagnostics -serialize-diagnostics -emit-dependencies -emit-module -emit-module-path /Users/harishvishwakarma/Library/Developer/Xcode/DerivedData/Revolt-dharrjsambcimaaziudpvzjdcigm/Build/Intermediates.noindex/swift-syntax.build/Debug/SwiftParser.build/Objects-normal/x86_64/SwiftParser.swiftmodule -validate-clang-modules-once -clang-build-session-file /Users/harishvishwakarma/Library/Developer/Xcode/DerivedData/ModuleCache.noindex/Session.modulevalidation -Xcc -I/Users/harishvishwakarma/Library/Developer/Xcode/DerivedData/Revolt-dharrjsambcimaaziudpvzjdcigm/Build/Intermediates.noindex/swift-syntax.build/Debug/SwiftParser.build/swift-overrides.hmap -emit-const-values -Xfrontend -const-gather-protocols-file -Xfrontend /Users/harishvishwakarma/Library/Developer/Xcode/DerivedData/Revolt-dharrjsambcimaaziudpvzjdcigm/Build/Intermediates.noindex/swift-syntax.build/Debug/SwiftParser.build/Objects-normal/x86_64/SwiftParser_const_extract_protocols.json -Xcc -I/Users/harishvishwakarma/Library/Developer/Xcode/DerivedData/Revolt-dharrjsambcimaaziudpvzjdcigm/Build/Products/Debug/include -Xcc -I/Users/harishvishwakarma/Library/Developer/Xcode/DerivedData/Revolt-dharrjsambcimaaziudpvzjdcigm/Build/Intermediates.noindex/swift-syntax.build/Debug/SwiftParser.build/DerivedSources-normal/x86_64 -Xcc -I/Users/harishvishwakarma/Library/Developer/Xcode/DerivedData/Revolt-dharrjsambcimaaziudpvzjdcigm/Build/Intermediates.noindex/swift-syntax.build/Debug/SwiftParser.build/DerivedSources/x86_64 -Xcc -I/Users/harishvishwakarma/Library/Developer/Xcode/DerivedData/Revolt-dharrjsambcimaaziudpvzjdcigm/Build/Intermediates.noindex/swift-syntax.build/Debug/SwiftParser.build/DerivedSources -Xcc -DSWIFT_PACKAGE -Xcc -DDEBUG\=1 -emit-objc-header -emit-objc-header-path /Users/harishvishwakarma/Library/Developer/Xcode/DerivedData/Revolt-dharrjsambcimaaziudpvzjdcigm/Build/Intermediates.noindex/swift-syntax.build/Debug/SwiftParser.build/Objects-normal/x86_64/SwiftParser-Swift.h -working-directory /Users/harishvishwakarma/Handy/Archem/pepchat-ios/Revolt.xcodeproj -experimental-emit-module-separately -disable-cmo

SwiftDriverJobDiscovery normal arm64 Emitting module for SwiftParser (in target 'SwiftParser' from project 'swift-syntax')

SwiftDriver\ Compilation\ Requirements SwiftParser normal arm64 com.apple.xcode.tools.swift.compiler (in target 'SwiftParser' from project 'swift-syntax')
    cd /Users/harishvishwakarma/Handy/Archem/pepchat-ios/Revolt.xcodeproj
    builtin-Swift-Compilation-Requirements -- /Applications/Xcode.app/Contents/Developer/Toolchains/XcodeDefault.xctoolchain/usr/bin/swiftc -module-name SwiftParser -Onone -enforce-exclusivity\=checked @/Users/harishvishwakarma/Library/Developer/Xcode/DerivedData/Revolt-dharrjsambcimaaziudpvzjdcigm/Build/Intermediates.noindex/swift-syntax.build/Debug/SwiftParser.build/Objects-normal/arm64/SwiftParser.SwiftFileList -DSWIFT_PACKAGE -DDEBUG -DXcode -plugin-path /Applications/Xcode.app/Contents/Developer/Toolchains/XcodeDefault.xctoolchain/usr/lib/swift/host/plugins/testing -enable-experimental-feature DebugDescriptionMacro -sdk /Applications/Xcode.app/Contents/Developer/Platforms/MacOSX.platform/Developer/SDKs/MacOSX15.5.sdk -target arm64-apple-macos10.15 -g -module-cache-path /Users/harishvishwakarma/Library/Developer/Xcode/DerivedData/ModuleCache.noindex -Xfrontend -serialize-debugging-options -enable-testing -suppress-warnings -index-store-path /Users/harishvishwakarma/Library/Developer/Xcode/DerivedData/Revolt-dharrjsambcimaaziudpvzjdcigm/Index.noindex/DataStore -swift-version 5 -I /Users/harishvishwakarma/Library/Developer/Xcode/DerivedData/Revolt-dharrjsambcimaaziudpvzjdcigm/Build/Products/Debug -I /Applications/Xcode.app/Contents/Developer/Platforms/MacOSX.platform/Developer/usr/lib -F /Users/harishvishwakarma/Library/Developer/Xcode/DerivedData/Revolt-dharrjsambcimaaziudpvzjdcigm/Build/Products/Debug/PackageFrameworks -F /Users/harishvishwakarma/Library/Developer/Xcode/DerivedData/Revolt-dharrjsambcimaaziudpvzjdcigm/Build/Products/Debug/PackageFrameworks -F /Users/harishvishwakarma/Library/Developer/Xcode/DerivedData/Revolt-dharrjsambcimaaziudpvzjdcigm/Build/Products/Debug -F /Applications/Xcode.app/Contents/Developer/Platforms/MacOSX.platform/Developer/Library/Frameworks -c -j12 -enable-batch-mode -incremental -Xcc -ivfsstatcache -Xcc /Users/harishvishwakarma/Library/Developer/Xcode/DerivedData/SDKStatCaches.noindex/macosx15.5-24F74-8254517eb8b97d462ccbc072ba9094c9.sdkstatcache -output-file-map /Users/harishvishwakarma/Library/Developer/Xcode/DerivedData/Revolt-dharrjsambcimaaziudpvzjdcigm/Build/Intermediates.noindex/swift-syntax.build/Debug/SwiftParser.build/Objects-normal/arm64/SwiftParser-OutputFileMap.json -use-frontend-parseable-output -save-temps -no-color-diagnostics -serialize-diagnostics -emit-dependencies -emit-module -emit-module-path /Users/harishvishwakarma/Library/Developer/Xcode/DerivedData/Revolt-dharrjsambcimaaziudpvzjdcigm/Build/Intermediates.noindex/swift-syntax.build/Debug/SwiftParser.build/Objects-normal/arm64/SwiftParser.swiftmodule -validate-clang-modules-once -clang-build-session-file /Users/harishvishwakarma/Library/Developer/Xcode/DerivedData/ModuleCache.noindex/Session.modulevalidation -Xcc -I/Users/harishvishwakarma/Library/Developer/Xcode/DerivedData/Revolt-dharrjsambcimaaziudpvzjdcigm/Build/Intermediates.noindex/swift-syntax.build/Debug/SwiftParser.build/swift-overrides.hmap -emit-const-values -Xfrontend -const-gather-protocols-file -Xfrontend /Users/harishvishwakarma/Library/Developer/Xcode/DerivedData/Revolt-dharrjsambcimaaziudpvzjdcigm/Build/Intermediates.noindex/swift-syntax.build/Debug/SwiftParser.build/Objects-normal/arm64/SwiftParser_const_extract_protocols.json -Xcc -I/Users/harishvishwakarma/Library/Developer/Xcode/DerivedData/Revolt-dharrjsambcimaaziudpvzjdcigm/Build/Products/Debug/include -Xcc -I/Users/harishvishwakarma/Library/Developer/Xcode/DerivedData/Revolt-dharrjsambcimaaziudpvzjdcigm/Build/Intermediates.noindex/swift-syntax.build/Debug/SwiftParser.build/DerivedSources-normal/arm64 -Xcc -I/Users/harishvishwakarma/Library/Developer/Xcode/DerivedData/Revolt-dharrjsambcimaaziudpvzjdcigm/Build/Intermediates.noindex/swift-syntax.build/Debug/SwiftParser.build/DerivedSources/arm64 -Xcc -I/Users/harishvishwakarma/Library/Developer/Xcode/DerivedData/Revolt-dharrjsambcimaaziudpvzjdcigm/Build/Intermediates.noindex/swift-syntax.build/Debug/SwiftParser.build/DerivedSources -Xcc -DSWIFT_PACKAGE -Xcc -DDEBUG\=1 -emit-objc-header -emit-objc-header-path /Users/harishvishwakarma/Library/Developer/Xcode/DerivedData/Revolt-dharrjsambcimaaziudpvzjdcigm/Build/Intermediates.noindex/swift-syntax.build/Debug/SwiftParser.build/Objects-normal/arm64/SwiftParser-Swift.h -working-directory /Users/harishvishwakarma/Handy/Archem/pepchat-ios/Revolt.xcodeproj -experimental-emit-module-separately -disable-cmo

Copy /Users/harishvishwakarma/Library/Developer/Xcode/DerivedData/Revolt-dharrjsambcimaaziudpvzjdcigm/Build/Products/Debug/SwiftParser.swiftmodule/x86_64-apple-macos.swiftmodule /Users/harishvishwakarma/Library/Developer/Xcode/DerivedData/Revolt-dharrjsambcimaaziudpvzjdcigm/Build/Intermediates.noindex/swift-syntax.build/Debug/SwiftParser.build/Objects-normal/x86_64/SwiftParser.swiftmodule (in target 'SwiftParser' from project 'swift-syntax')
    cd /Users/harishvishwakarma/Library/Developer/Xcode/DerivedData/Revolt-dharrjsambcimaaziudpvzjdcigm/SourcePackages/checkouts/swift-syntax
    builtin-copy -exclude .DS_Store -exclude CVS -exclude .svn -exclude .git -exclude .hg -resolve-src-symlinks -rename /Users/harishvishwakarma/Library/Developer/Xcode/DerivedData/Revolt-dharrjsambcimaaziudpvzjdcigm/Build/Intermediates.noindex/swift-syntax.build/Debug/SwiftParser.build/Objects-normal/x86_64/SwiftParser.swiftmodule /Users/harishvishwakarma/Library/Developer/Xcode/DerivedData/Revolt-dharrjsambcimaaziudpvzjdcigm/Build/Products/Debug/SwiftParser.swiftmodule/x86_64-apple-macos.swiftmodule

SwiftMergeGeneratedHeaders /Users/harishvishwakarma/Library/Developer/Xcode/DerivedData/Revolt-dharrjsambcimaaziudpvzjdcigm/Build/Intermediates.noindex/GeneratedModuleMaps/SwiftParser-Swift.h /Users/harishvishwakarma/Library/Developer/Xcode/DerivedData/Revolt-dharrjsambcimaaziudpvzjdcigm/Build/Intermediates.noindex/swift-syntax.build/Debug/SwiftParser.build/Objects-normal/arm64/SwiftParser-Swift.h /Users/harishvishwakarma/Library/Developer/Xcode/DerivedData/Revolt-dharrjsambcimaaziudpvzjdcigm/Build/Intermediates.noindex/swift-syntax.build/Debug/SwiftParser.build/Objects-normal/x86_64/SwiftParser-Swift.h (in target 'SwiftParser' from project 'swift-syntax')
    cd /Users/harishvishwakarma/Library/Developer/Xcode/DerivedData/Revolt-dharrjsambcimaaziudpvzjdcigm/SourcePackages/checkouts/swift-syntax
    builtin-swiftHeaderTool -arch arm64 /Users/harishvishwakarma/Library/Developer/Xcode/DerivedData/Revolt-dharrjsambcimaaziudpvzjdcigm/Build/Intermediates.noindex/swift-syntax.build/Debug/SwiftParser.build/Objects-normal/arm64/SwiftParser-Swift.h -arch x86_64 /Users/harishvishwakarma/Library/Developer/Xcode/DerivedData/Revolt-dharrjsambcimaaziudpvzjdcigm/Build/Intermediates.noindex/swift-syntax.build/Debug/SwiftParser.build/Objects-normal/x86_64/SwiftParser-Swift.h -o /Users/harishvishwakarma/Library/Developer/Xcode/DerivedData/Revolt-dharrjsambcimaaziudpvzjdcigm/Build/Intermediates.noindex/GeneratedModuleMaps/SwiftParser-Swift.h

Copy /Users/harishvishwakarma/Library/Developer/Xcode/DerivedData/Revolt-dharrjsambcimaaziudpvzjdcigm/Build/Products/Debug/SwiftParser.swiftmodule/x86_64-apple-macos.swiftdoc /Users/harishvishwakarma/Library/Developer/Xcode/DerivedData/Revolt-dharrjsambcimaaziudpvzjdcigm/Build/Intermediates.noindex/swift-syntax.build/Debug/SwiftParser.build/Objects-normal/x86_64/SwiftParser.swiftdoc (in target 'SwiftParser' from project 'swift-syntax')
    cd /Users/harishvishwakarma/Library/Developer/Xcode/DerivedData/Revolt-dharrjsambcimaaziudpvzjdcigm/SourcePackages/checkouts/swift-syntax
    builtin-copy -exclude .DS_Store -exclude CVS -exclude .svn -exclude .git -exclude .hg -resolve-src-symlinks -rename /Users/harishvishwakarma/Library/Developer/Xcode/DerivedData/Revolt-dharrjsambcimaaziudpvzjdcigm/Build/Intermediates.noindex/swift-syntax.build/Debug/SwiftParser.build/Objects-normal/x86_64/SwiftParser.swiftdoc /Users/harishvishwakarma/Library/Developer/Xcode/DerivedData/Revolt-dharrjsambcimaaziudpvzjdcigm/Build/Products/Debug/SwiftParser.swiftmodule/x86_64-apple-macos.swiftdoc

Copy /Users/harishvishwakarma/Library/Developer/Xcode/DerivedData/Revolt-dharrjsambcimaaziudpvzjdcigm/Build/Products/Debug/SwiftParser.swiftmodule/x86_64-apple-macos.abi.json /Users/harishvishwakarma/Library/Developer/Xcode/DerivedData/Revolt-dharrjsambcimaaziudpvzjdcigm/Build/Intermediates.noindex/swift-syntax.build/Debug/SwiftParser.build/Objects-normal/x86_64/SwiftParser.abi.json (in target 'SwiftParser' from project 'swift-syntax')
    cd /Users/harishvishwakarma/Library/Developer/Xcode/DerivedData/Revolt-dharrjsambcimaaziudpvzjdcigm/SourcePackages/checkouts/swift-syntax
    builtin-copy -exclude .DS_Store -exclude CVS -exclude .svn -exclude .git -exclude .hg -resolve-src-symlinks -rename /Users/harishvishwakarma/Library/Developer/Xcode/DerivedData/Revolt-dharrjsambcimaaziudpvzjdcigm/Build/Intermediates.noindex/swift-syntax.build/Debug/SwiftParser.build/Objects-normal/x86_64/SwiftParser.abi.json /Users/harishvishwakarma/Library/Developer/Xcode/DerivedData/Revolt-dharrjsambcimaaziudpvzjdcigm/Build/Products/Debug/SwiftParser.swiftmodule/x86_64-apple-macos.abi.json

Copy /Users/harishvishwakarma/Library/Developer/Xcode/DerivedData/Revolt-dharrjsambcimaaziudpvzjdcigm/Build/Products/Debug/SwiftParser.swiftmodule/arm64-apple-macos.swiftmodule /Users/harishvishwakarma/Library/Developer/Xcode/DerivedData/Revolt-dharrjsambcimaaziudpvzjdcigm/Build/Intermediates.noindex/swift-syntax.build/Debug/SwiftParser.build/Objects-normal/arm64/SwiftParser.swiftmodule (in target 'SwiftParser' from project 'swift-syntax')
    cd /Users/harishvishwakarma/Library/Developer/Xcode/DerivedData/Revolt-dharrjsambcimaaziudpvzjdcigm/SourcePackages/checkouts/swift-syntax
    builtin-copy -exclude .DS_Store -exclude CVS -exclude .svn -exclude .git -exclude .hg -resolve-src-symlinks -rename /Users/harishvishwakarma/Library/Developer/Xcode/DerivedData/Revolt-dharrjsambcimaaziudpvzjdcigm/Build/Intermediates.noindex/swift-syntax.build/Debug/SwiftParser.build/Objects-normal/arm64/SwiftParser.swiftmodule /Users/harishvishwakarma/Library/Developer/Xcode/DerivedData/Revolt-dharrjsambcimaaziudpvzjdcigm/Build/Products/Debug/SwiftParser.swiftmodule/arm64-apple-macos.swiftmodule

Copy /Users/harishvishwakarma/Library/Developer/Xcode/DerivedData/Revolt-dharrjsambcimaaziudpvzjdcigm/Build/Products/Debug/SwiftParser.swiftmodule/arm64-apple-macos.swiftdoc /Users/harishvishwakarma/Library/Developer/Xcode/DerivedData/Revolt-dharrjsambcimaaziudpvzjdcigm/Build/Intermediates.noindex/swift-syntax.build/Debug/SwiftParser.build/Objects-normal/arm64/SwiftParser.swiftdoc (in target 'SwiftParser' from project 'swift-syntax')
    cd /Users/harishvishwakarma/Library/Developer/Xcode/DerivedData/Revolt-dharrjsambcimaaziudpvzjdcigm/SourcePackages/checkouts/swift-syntax
    builtin-copy -exclude .DS_Store -exclude CVS -exclude .svn -exclude .git -exclude .hg -resolve-src-symlinks -rename /Users/harishvishwakarma/Library/Developer/Xcode/DerivedData/Revolt-dharrjsambcimaaziudpvzjdcigm/Build/Intermediates.noindex/swift-syntax.build/Debug/SwiftParser.build/Objects-normal/arm64/SwiftParser.swiftdoc /Users/harishvishwakarma/Library/Developer/Xcode/DerivedData/Revolt-dharrjsambcimaaziudpvzjdcigm/Build/Products/Debug/SwiftParser.swiftmodule/arm64-apple-macos.swiftdoc

Copy /Users/harishvishwakarma/Library/Developer/Xcode/DerivedData/Revolt-dharrjsambcimaaziudpvzjdcigm/Build/Products/Debug/SwiftParser.swiftmodule/arm64-apple-macos.abi.json /Users/harishvishwakarma/Library/Developer/Xcode/DerivedData/Revolt-dharrjsambcimaaziudpvzjdcigm/Build/Intermediates.noindex/swift-syntax.build/Debug/SwiftParser.build/Objects-normal/arm64/SwiftParser.abi.json (in target 'SwiftParser' from project 'swift-syntax')
    cd /Users/harishvishwakarma/Library/Developer/Xcode/DerivedData/Revolt-dharrjsambcimaaziudpvzjdcigm/SourcePackages/checkouts/swift-syntax
    builtin-copy -exclude .DS_Store -exclude CVS -exclude .svn -exclude .git -exclude .hg -resolve-src-symlinks -rename /Users/harishvishwakarma/Library/Developer/Xcode/DerivedData/Revolt-dharrjsambcimaaziudpvzjdcigm/Build/Intermediates.noindex/swift-syntax.build/Debug/SwiftParser.build/Objects-normal/arm64/SwiftParser.abi.json /Users/harishvishwakarma/Library/Developer/Xcode/DerivedData/Revolt-dharrjsambcimaaziudpvzjdcigm/Build/Products/Debug/SwiftParser.swiftmodule/arm64-apple-macos.abi.json

Copy /Users/harishvishwakarma/Library/Developer/Xcode/DerivedData/Revolt-dharrjsambcimaaziudpvzjdcigm/Build/Products/Debug/SwiftParser.swiftmodule/Project/x86_64-apple-macos.swiftsourceinfo /Users/harishvishwakarma/Library/Developer/Xcode/DerivedData/Revolt-dharrjsambcimaaziudpvzjdcigm/Build/Intermediates.noindex/swift-syntax.build/Debug/SwiftParser.build/Objects-normal/x86_64/SwiftParser.swiftsourceinfo (in target 'SwiftParser' from project 'swift-syntax')
    cd /Users/harishvishwakarma/Library/Developer/Xcode/DerivedData/Revolt-dharrjsambcimaaziudpvzjdcigm/SourcePackages/checkouts/swift-syntax
    builtin-copy -exclude .DS_Store -exclude CVS -exclude .svn -exclude .git -exclude .hg -resolve-src-symlinks -rename /Users/harishvishwakarma/Library/Developer/Xcode/DerivedData/Revolt-dharrjsambcimaaziudpvzjdcigm/Build/Intermediates.noindex/swift-syntax.build/Debug/SwiftParser.build/Objects-normal/x86_64/SwiftParser.swiftsourceinfo /Users/harishvishwakarma/Library/Developer/Xcode/DerivedData/Revolt-dharrjsambcimaaziudpvzjdcigm/Build/Products/Debug/SwiftParser.swiftmodule/Project/x86_64-apple-macos.swiftsourceinfo

Copy /Users/harishvishwakarma/Library/Developer/Xcode/DerivedData/Revolt-dharrjsambcimaaziudpvzjdcigm/Build/Products/Debug/SwiftParser.swiftmodule/Project/arm64-apple-macos.swiftsourceinfo /Users/harishvishwakarma/Library/Developer/Xcode/DerivedData/Revolt-dharrjsambcimaaziudpvzjdcigm/Build/Intermediates.noindex/swift-syntax.build/Debug/SwiftParser.build/Objects-normal/arm64/SwiftParser.swiftsourceinfo (in target 'SwiftParser' from project 'swift-syntax')
    cd /Users/harishvishwakarma/Library/Developer/Xcode/DerivedData/Revolt-dharrjsambcimaaziudpvzjdcigm/SourcePackages/checkouts/swift-syntax
    builtin-copy -exclude .DS_Store -exclude CVS -exclude .svn -exclude .git -exclude .hg -resolve-src-symlinks -rename /Users/harishvishwakarma/Library/Developer/Xcode/DerivedData/Revolt-dharrjsambcimaaziudpvzjdcigm/Build/Intermediates.noindex/swift-syntax.build/Debug/SwiftParser.build/Objects-normal/arm64/SwiftParser.swiftsourceinfo /Users/harishvishwakarma/Library/Developer/Xcode/DerivedData/Revolt-dharrjsambcimaaziudpvzjdcigm/Build/Products/Debug/SwiftParser.swiftmodule/Project/arm64-apple-macos.swiftsourceinfo

SwiftCompile normal arm64 Compiling\ LoopProgressCondition.swift,\ Modifiers.swift,\ Names.swift,\ Nominals.swift /Users/harishvishwakarma/Library/Developer/Xcode/DerivedData/Revolt-dharrjsambcimaaziudpvzjdcigm/SourcePackages/checkouts/swift-syntax/Sources/SwiftParser/LoopProgressCondition.swift /Users/harishvishwakarma/Library/Developer/Xcode/DerivedData/Revolt-dharrjsambcimaaziudpvzjdcigm/SourcePackages/checkouts/swift-syntax/Sources/SwiftParser/Modifiers.swift /Users/harishvishwakarma/Library/Developer/Xcode/DerivedData/Revolt-dharrjsambcimaaziudpvzjdcigm/SourcePackages/checkouts/swift-syntax/Sources/SwiftParser/Names.swift /Users/harishvishwakarma/Library/Developer/Xcode/DerivedData/Revolt-dharrjsambcimaaziudpvzjdcigm/SourcePackages/checkouts/swift-syntax/Sources/SwiftParser/Nominals.swift (in target 'SwiftParser' from project 'swift-syntax')
SwiftCompile normal arm64 /Users/harishvishwakarma/Library/Developer/Xcode/DerivedData/Revolt-dharrjsambcimaaziudpvzjdcigm/SourcePackages/checkouts/swift-syntax/Sources/SwiftParser/LoopProgressCondition.swift (in target 'SwiftParser' from project 'swift-syntax')
    cd /Users/harishvishwakarma/Handy/Archem/pepchat-ios/Revolt.xcodeproj
    

SwiftCompile normal arm64 /Users/harishvishwakarma/Library/Developer/Xcode/DerivedData/Revolt-dharrjsambcimaaziudpvzjdcigm/SourcePackages/checkouts/swift-syntax/Sources/SwiftParser/Modifiers.swift (in target 'SwiftParser' from project 'swift-syntax')
    cd /Users/harishvishwakarma/Handy/Archem/pepchat-ios/Revolt.xcodeproj
    

SwiftCompile normal arm64 /Users/harishvishwakarma/Library/Developer/Xcode/DerivedData/Revolt-dharrjsambcimaaziudpvzjdcigm/SourcePackages/checkouts/swift-syntax/Sources/SwiftParser/Names.swift (in target 'SwiftParser' from project 'swift-syntax')
    cd /Users/harishvishwakarma/Handy/Archem/pepchat-ios/Revolt.xcodeproj
    

SwiftCompile normal arm64 /Users/harishvishwakarma/Library/Developer/Xcode/DerivedData/Revolt-dharrjsambcimaaziudpvzjdcigm/SourcePackages/checkouts/swift-syntax/Sources/SwiftParser/Nominals.swift (in target 'SwiftParser' from project 'swift-syntax')
    cd /Users/harishvishwakarma/Handy/Archem/pepchat-ios/Revolt.xcodeproj
    

SwiftCompile normal arm64 Compiling\ Attributes.swift,\ Availability.swift,\ CharacterInfo.swift,\ CollectionNodes+Parsable.swift /Users/harishvishwakarma/Library/Developer/Xcode/DerivedData/Revolt-dharrjsambcimaaziudpvzjdcigm/SourcePackages/checkouts/swift-syntax/Sources/SwiftParser/Attributes.swift /Users/harishvishwakarma/Library/Developer/Xcode/DerivedData/Revolt-dharrjsambcimaaziudpvzjdcigm/SourcePackages/checkouts/swift-syntax/Sources/SwiftParser/Availability.swift /Users/harishvishwakarma/Library/Developer/Xcode/DerivedData/Revolt-dharrjsambcimaaziudpvzjdcigm/SourcePackages/checkouts/swift-syntax/Sources/SwiftParser/CharacterInfo.swift /Users/harishvishwakarma/Library/Developer/Xcode/DerivedData/Revolt-dharrjsambcimaaziudpvzjdcigm/SourcePackages/checkouts/swift-syntax/Sources/SwiftParser/CollectionNodes+Parsable.swift (in target 'SwiftParser' from project 'swift-syntax')
SwiftCompile normal arm64 /Users/harishvishwakarma/Library/Developer/Xcode/DerivedData/Revolt-dharrjsambcimaaziudpvzjdcigm/SourcePackages/checkouts/swift-syntax/Sources/SwiftParser/Attributes.swift (in target 'SwiftParser' from project 'swift-syntax')
    cd /Users/harishvishwakarma/Handy/Archem/pepchat-ios/Revolt.xcodeproj
    

SwiftCompile normal arm64 /Users/harishvishwakarma/Library/Developer/Xcode/DerivedData/Revolt-dharrjsambcimaaziudpvzjdcigm/SourcePackages/checkouts/swift-syntax/Sources/SwiftParser/Availability.swift (in target 'SwiftParser' from project 'swift-syntax')
    cd /Users/harishvishwakarma/Handy/Archem/pepchat-ios/Revolt.xcodeproj
    

SwiftCompile normal arm64 /Users/harishvishwakarma/Library/Developer/Xcode/DerivedData/Revolt-dharrjsambcimaaziudpvzjdcigm/SourcePackages/checkouts/swift-syntax/Sources/SwiftParser/CharacterInfo.swift (in target 'SwiftParser' from project 'swift-syntax')
    cd /Users/harishvishwakarma/Handy/Archem/pepchat-ios/Revolt.xcodeproj
    

SwiftCompile normal arm64 /Users/harishvishwakarma/Library/Developer/Xcode/DerivedData/Revolt-dharrjsambcimaaziudpvzjdcigm/SourcePackages/checkouts/swift-syntax/Sources/SwiftParser/CollectionNodes+Parsable.swift (in target 'SwiftParser' from project 'swift-syntax')
    cd /Users/harishvishwakarma/Handy/Archem/pepchat-ios/Revolt.xcodeproj
    

SwiftDriverJobDiscovery normal arm64 Compiling TriviaParser.swift, Types.swift, IsLexerClassified.swift (in target 'SwiftParser' from project 'swift-syntax')

SwiftCompile normal arm64 Compiling\ Lexer.swift,\ RegexLiteralLexer.swift,\ UnicodeScalarExtensions.swift,\ Lookahead.swift /Users/harishvishwakarma/Library/Developer/Xcode/DerivedData/Revolt-dharrjsambcimaaziudpvzjdcigm/SourcePackages/checkouts/swift-syntax/Sources/SwiftParser/Lexer/Lexer.swift /Users/harishvishwakarma/Library/Developer/Xcode/DerivedData/Revolt-dharrjsambcimaaziudpvzjdcigm/SourcePackages/checkouts/swift-syntax/Sources/SwiftParser/Lexer/RegexLiteralLexer.swift /Users/harishvishwakarma/Library/Developer/Xcode/DerivedData/Revolt-dharrjsambcimaaziudpvzjdcigm/SourcePackages/checkouts/swift-syntax/Sources/SwiftParser/Lexer/UnicodeScalarExtensions.swift /Users/harishvishwakarma/Library/Developer/Xcode/DerivedData/Revolt-dharrjsambcimaaziudpvzjdcigm/SourcePackages/checkouts/swift-syntax/Sources/SwiftParser/Lookahead.swift (in target 'SwiftParser' from project 'swift-syntax')
SwiftCompile normal arm64 /Users/harishvishwakarma/Library/Developer/Xcode/DerivedData/Revolt-dharrjsambcimaaziudpvzjdcigm/SourcePackages/checkouts/swift-syntax/Sources/SwiftParser/Lexer/Lexer.swift (in target 'SwiftParser' from project 'swift-syntax')
    cd /Users/harishvishwakarma/Handy/Archem/pepchat-ios/Revolt.xcodeproj
    

SwiftCompile normal arm64 /Users/harishvishwakarma/Library/Developer/Xcode/DerivedData/Revolt-dharrjsambcimaaziudpvzjdcigm/SourcePackages/checkouts/swift-syntax/Sources/SwiftParser/Lexer/RegexLiteralLexer.swift (in target 'SwiftParser' from project 'swift-syntax')
    cd /Users/harishvishwakarma/Handy/Archem/pepchat-ios/Revolt.xcodeproj
    

SwiftCompile normal arm64 /Users/harishvishwakarma/Library/Developer/Xcode/DerivedData/Revolt-dharrjsambcimaaziudpvzjdcigm/SourcePackages/checkouts/swift-syntax/Sources/SwiftParser/Lexer/UnicodeScalarExtensions.swift (in target 'SwiftParser' from project 'swift-syntax')
    cd /Users/harishvishwakarma/Handy/Archem/pepchat-ios/Revolt.xcodeproj
    

SwiftCompile normal arm64 /Users/harishvishwakarma/Library/Developer/Xcode/DerivedData/Revolt-dharrjsambcimaaziudpvzjdcigm/SourcePackages/checkouts/swift-syntax/Sources/SwiftParser/Lookahead.swift (in target 'SwiftParser' from project 'swift-syntax')
    cd /Users/harishvishwakarma/Handy/Archem/pepchat-ios/Revolt.xcodeproj
    

SwiftDriverJobDiscovery normal x86_64 Compiling TokenSpec.swift, TokenSpecSet.swift, TopLevel.swift (in target 'SwiftParser' from project 'swift-syntax')

SwiftCompile normal x86_64 Compiling\ Parameters.swift,\ ParseSourceFile.swift,\ Parser.swift,\ Patterns.swift /Users/harishvishwakarma/Library/Developer/Xcode/DerivedData/Revolt-dharrjsambcimaaziudpvzjdcigm/SourcePackages/checkouts/swift-syntax/Sources/SwiftParser/Parameters.swift /Users/harishvishwakarma/Library/Developer/Xcode/DerivedData/Revolt-dharrjsambcimaaziudpvzjdcigm/SourcePackages/checkouts/swift-syntax/Sources/SwiftParser/ParseSourceFile.swift /Users/harishvishwakarma/Library/Developer/Xcode/DerivedData/Revolt-dharrjsambcimaaziudpvzjdcigm/SourcePackages/checkouts/swift-syntax/Sources/SwiftParser/Parser.swift /Users/harishvishwakarma/Library/Developer/Xcode/DerivedData/Revolt-dharrjsambcimaaziudpvzjdcigm/SourcePackages/checkouts/swift-syntax/Sources/SwiftParser/Patterns.swift (in target 'SwiftParser' from project 'swift-syntax')
SwiftCompile normal x86_64 /Users/harishvishwakarma/Library/Developer/Xcode/DerivedData/Revolt-dharrjsambcimaaziudpvzjdcigm/SourcePackages/checkouts/swift-syntax/Sources/SwiftParser/Parameters.swift (in target 'SwiftParser' from project 'swift-syntax')
    cd /Users/harishvishwakarma/Handy/Archem/pepchat-ios/Revolt.xcodeproj
    

SwiftCompile normal x86_64 /Users/harishvishwakarma/Library/Developer/Xcode/DerivedData/Revolt-dharrjsambcimaaziudpvzjdcigm/SourcePackages/checkouts/swift-syntax/Sources/SwiftParser/ParseSourceFile.swift (in target 'SwiftParser' from project 'swift-syntax')
    cd /Users/harishvishwakarma/Handy/Archem/pepchat-ios/Revolt.xcodeproj
    

SwiftCompile normal x86_64 /Users/harishvishwakarma/Library/Developer/Xcode/DerivedData/Revolt-dharrjsambcimaaziudpvzjdcigm/SourcePackages/checkouts/swift-syntax/Sources/SwiftParser/Parser.swift (in target 'SwiftParser' from project 'swift-syntax')
    cd /Users/harishvishwakarma/Handy/Archem/pepchat-ios/Revolt.xcodeproj
    

SwiftCompile normal x86_64 /Users/harishvishwakarma/Library/Developer/Xcode/DerivedData/Revolt-dharrjsambcimaaziudpvzjdcigm/SourcePackages/checkouts/swift-syntax/Sources/SwiftParser/Patterns.swift (in target 'SwiftParser' from project 'swift-syntax')
    cd /Users/harishvishwakarma/Handy/Archem/pepchat-ios/Revolt.xcodeproj
    

SwiftDriverJobDiscovery normal x86_64 Compiling TriviaParser.swift, Types.swift, IsLexerClassified.swift (in target 'SwiftParser' from project 'swift-syntax')

SwiftCompile normal x86_64 Compiling\ Lexer.swift,\ RegexLiteralLexer.swift,\ UnicodeScalarExtensions.swift,\ Lookahead.swift /Users/harishvishwakarma/Library/Developer/Xcode/DerivedData/Revolt-dharrjsambcimaaziudpvzjdcigm/SourcePackages/checkouts/swift-syntax/Sources/SwiftParser/Lexer/Lexer.swift /Users/harishvishwakarma/Library/Developer/Xcode/DerivedData/Revolt-dharrjsambcimaaziudpvzjdcigm/SourcePackages/checkouts/swift-syntax/Sources/SwiftParser/Lexer/RegexLiteralLexer.swift /Users/harishvishwakarma/Library/Developer/Xcode/DerivedData/Revolt-dharrjsambcimaaziudpvzjdcigm/SourcePackages/checkouts/swift-syntax/Sources/SwiftParser/Lexer/UnicodeScalarExtensions.swift /Users/harishvishwakarma/Library/Developer/Xcode/DerivedData/Revolt-dharrjsambcimaaziudpvzjdcigm/SourcePackages/checkouts/swift-syntax/Sources/SwiftParser/Lookahead.swift (in target 'SwiftParser' from project 'swift-syntax')
SwiftCompile normal x86_64 /Users/harishvishwakarma/Library/Developer/Xcode/DerivedData/Revolt-dharrjsambcimaaziudpvzjdcigm/SourcePackages/checkouts/swift-syntax/Sources/SwiftParser/Lexer/Lexer.swift (in target 'SwiftParser' from project 'swift-syntax')
    cd /Users/harishvishwakarma/Handy/Archem/pepchat-ios/Revolt.xcodeproj
    

SwiftCompile normal x86_64 /Users/harishvishwakarma/Library/Developer/Xcode/DerivedData/Revolt-dharrjsambcimaaziudpvzjdcigm/SourcePackages/checkouts/swift-syntax/Sources/SwiftParser/Lexer/RegexLiteralLexer.swift (in target 'SwiftParser' from project 'swift-syntax')
    cd /Users/harishvishwakarma/Handy/Archem/pepchat-ios/Revolt.xcodeproj
    

SwiftCompile normal x86_64 /Users/harishvishwakarma/Library/Developer/Xcode/DerivedData/Revolt-dharrjsambcimaaziudpvzjdcigm/SourcePackages/checkouts/swift-syntax/Sources/SwiftParser/Lexer/UnicodeScalarExtensions.swift (in target 'SwiftParser' from project 'swift-syntax')
    cd /Users/harishvishwakarma/Handy/Archem/pepchat-ios/Revolt.xcodeproj
    

SwiftCompile normal x86_64 /Users/harishvishwakarma/Library/Developer/Xcode/DerivedData/Revolt-dharrjsambcimaaziudpvzjdcigm/SourcePackages/checkouts/swift-syntax/Sources/SwiftParser/Lookahead.swift (in target 'SwiftParser' from project 'swift-syntax')
    cd /Users/harishvishwakarma/Handy/Archem/pepchat-ios/Revolt.xcodeproj
    

SwiftDriverJobDiscovery normal arm64 Compiling StringLiteralRepresentedLiteralValue.swift, StringLiterals.swift, SwiftParserCompatibility.swift (in target 'SwiftParser' from project 'swift-syntax')

SwiftCompile normal arm64 Compiling\ TokenSpec.swift,\ TokenSpecSet.swift,\ TopLevel.swift /Users/harishvishwakarma/Library/Developer/Xcode/DerivedData/Revolt-dharrjsambcimaaziudpvzjdcigm/SourcePackages/checkouts/swift-syntax/Sources/SwiftParser/TokenSpec.swift /Users/harishvishwakarma/Library/Developer/Xcode/DerivedData/Revolt-dharrjsambcimaaziudpvzjdcigm/SourcePackages/checkouts/swift-syntax/Sources/SwiftParser/TokenSpecSet.swift /Users/harishvishwakarma/Library/Developer/Xcode/DerivedData/Revolt-dharrjsambcimaaziudpvzjdcigm/SourcePackages/checkouts/swift-syntax/Sources/SwiftParser/TopLevel.swift (in target 'SwiftParser' from project 'swift-syntax')
SwiftCompile normal arm64 /Users/harishvishwakarma/Library/Developer/Xcode/DerivedData/Revolt-dharrjsambcimaaziudpvzjdcigm/SourcePackages/checkouts/swift-syntax/Sources/SwiftParser/TokenSpec.swift (in target 'SwiftParser' from project 'swift-syntax')
    cd /Users/harishvishwakarma/Handy/Archem/pepchat-ios/Revolt.xcodeproj
    

SwiftCompile normal arm64 /Users/harishvishwakarma/Library/Developer/Xcode/DerivedData/Revolt-dharrjsambcimaaziudpvzjdcigm/SourcePackages/checkouts/swift-syntax/Sources/SwiftParser/TokenSpecSet.swift (in target 'SwiftParser' from project 'swift-syntax')
    cd /Users/harishvishwakarma/Handy/Archem/pepchat-ios/Revolt.xcodeproj
    

SwiftCompile normal arm64 /Users/harishvishwakarma/Library/Developer/Xcode/DerivedData/Revolt-dharrjsambcimaaziudpvzjdcigm/SourcePackages/checkouts/swift-syntax/Sources/SwiftParser/TopLevel.swift (in target 'SwiftParser' from project 'swift-syntax')
    cd /Users/harishvishwakarma/Handy/Archem/pepchat-ios/Revolt.xcodeproj
    

SwiftDriverJobDiscovery normal arm64 Compiling IncrementalParseTransition.swift, Cursor.swift, Lexeme.swift, LexemeSequence.swift (in target 'SwiftParser' from project 'swift-syntax')

SwiftCompile normal x86_64 Compiling\ StringLiteralRepresentedLiteralValue.swift,\ StringLiterals.swift,\ SwiftParserCompatibility.swift /Users/harishvishwakarma/Library/Developer/Xcode/DerivedData/Revolt-dharrjsambcimaaziudpvzjdcigm/SourcePackages/checkouts/swift-syntax/Sources/SwiftParser/StringLiteralRepresentedLiteralValue.swift /Users/harishvishwakarma/Library/Developer/Xcode/DerivedData/Revolt-dharrjsambcimaaziudpvzjdcigm/SourcePackages/checkouts/swift-syntax/Sources/SwiftParser/StringLiterals.swift /Users/harishvishwakarma/Library/Developer/Xcode/DerivedData/Revolt-dharrjsambcimaaziudpvzjdcigm/SourcePackages/checkouts/swift-syntax/Sources/SwiftParser/SwiftParserCompatibility.swift (in target 'SwiftParser' from project 'swift-syntax')

SwiftCompile normal x86_64 /Users/harishvishwakarma/Library/Developer/Xcode/DerivedData/Revolt-dharrjsambcimaaziudpvzjdcigm/SourcePackages/checkouts/swift-syntax/Sources/SwiftParser/StringLiteralRepresentedLiteralValue.swift (in target 'SwiftParser' from project 'swift-syntax')
    cd /Users/harishvishwakarma/Handy/Archem/pepchat-ios/Revolt.xcodeproj
    

SwiftCompile normal x86_64 /Users/harishvishwakarma/Library/Developer/Xcode/DerivedData/Revolt-dharrjsambcimaaziudpvzjdcigm/SourcePackages/checkouts/swift-syntax/Sources/SwiftParser/StringLiterals.swift (in target 'SwiftParser' from project 'swift-syntax')
    cd /Users/harishvishwakarma/Handy/Archem/pepchat-ios/Revolt.xcodeproj
    

SwiftCompile normal x86_64 /Users/harishvishwakarma/Library/Developer/Xcode/DerivedData/Revolt-dharrjsambcimaaziudpvzjdcigm/SourcePackages/checkouts/swift-syntax/Sources/SwiftParser/SwiftParserCompatibility.swift (in target 'SwiftParser' from project 'swift-syntax')
    cd /Users/harishvishwakarma/Handy/Archem/pepchat-ios/Revolt.xcodeproj
    

SwiftDriverJobDiscovery normal arm64 Compiling NotificationService.swift (in target 'NotificationService' from project 'Revolt')

SwiftCompile normal x86_64 Compiling\ LayoutNodes+Parsable.swift,\ Parser+TokenSpecSet.swift,\ TokenSpecStaticMembers.swift /Users/harishvishwakarma/Library/Developer/Xcode/DerivedData/Revolt-dharrjsambcimaaziudpvzjdcigm/SourcePackages/checkouts/swift-syntax/Sources/SwiftParser/generated/LayoutNodes+Parsable.swift /Users/harishvishwakarma/Library/Developer/Xcode/DerivedData/Revolt-dharrjsambcimaaziudpvzjdcigm/SourcePackages/checkouts/swift-syntax/Sources/SwiftParser/generated/Parser+TokenSpecSet.swift /Users/harishvishwakarma/Library/Developer/Xcode/DerivedData/Revolt-dharrjsambcimaaziudpvzjdcigm/SourcePackages/checkouts/swift-syntax/Sources/SwiftParser/generated/TokenSpecStaticMembers.swift (in target 'SwiftParser' from project 'swift-syntax')
SwiftCompile normal x86_64 /Users/harishvishwakarma/Library/Developer/Xcode/DerivedData/Revolt-dharrjsambcimaaziudpvzjdcigm/SourcePackages/checkouts/swift-syntax/Sources/SwiftParser/generated/LayoutNodes+Parsable.swift (in target 'SwiftParser' from project 'swift-syntax')
    cd /Users/harishvishwakarma/Handy/Archem/pepchat-ios/Revolt.xcodeproj
    

SwiftCompile normal x86_64 /Users/harishvishwakarma/Library/Developer/Xcode/DerivedData/Revolt-dharrjsambcimaaziudpvzjdcigm/SourcePackages/checkouts/swift-syntax/Sources/SwiftParser/generated/Parser+TokenSpecSet.swift (in target 'SwiftParser' from project 'swift-syntax')
    cd /Users/harishvishwakarma/Handy/Archem/pepchat-ios/Revolt.xcodeproj
    

SwiftCompile normal x86_64 /Users/harishvishwakarma/Library/Developer/Xcode/DerivedData/Revolt-dharrjsambcimaaziudpvzjdcigm/SourcePackages/checkouts/swift-syntax/Sources/SwiftParser/generated/TokenSpecStaticMembers.swift (in target 'SwiftParser' from project 'swift-syntax')
    cd /Users/harishvishwakarma/Handy/Archem/pepchat-ios/Revolt.xcodeproj
    

SwiftDriverJobDiscovery normal x86_64 Compiling Declarations.swift, Directives.swift, ExperimentalFeatures.swift, Expressions.swift (in target 'SwiftParser' from project 'swift-syntax')

SwiftCompile normal arm64 Compiling\ Recovery.swift,\ Specifiers.swift,\ Statements.swift /Users/harishvishwakarma/Library/Developer/Xcode/DerivedData/Revolt-dharrjsambcimaaziudpvzjdcigm/SourcePackages/checkouts/swift-syntax/Sources/SwiftParser/Recovery.swift /Users/harishvishwakarma/Library/Developer/Xcode/DerivedData/Revolt-dharrjsambcimaaziudpvzjdcigm/SourcePackages/checkouts/swift-syntax/Sources/SwiftParser/Specifiers.swift /Users/harishvishwakarma/Library/Developer/Xcode/DerivedData/Revolt-dharrjsambcimaaziudpvzjdcigm/SourcePackages/checkouts/swift-syntax/Sources/SwiftParser/Statements.swift (in target 'SwiftParser' from project 'swift-syntax')
SwiftCompile normal arm64 /Users/harishvishwakarma/Library/Developer/Xcode/DerivedData/Revolt-dharrjsambcimaaziudpvzjdcigm/SourcePackages/checkouts/swift-syntax/Sources/SwiftParser/Recovery.swift (in target 'SwiftParser' from project 'swift-syntax')
    cd /Users/harishvishwakarma/Handy/Archem/pepchat-ios/Revolt.xcodeproj
    

SwiftCompile normal arm64 /Users/harishvishwakarma/Library/Developer/Xcode/DerivedData/Revolt-dharrjsambcimaaziudpvzjdcigm/SourcePackages/checkouts/swift-syntax/Sources/SwiftParser/Specifiers.swift (in target 'SwiftParser' from project 'swift-syntax')
    cd /Users/harishvishwakarma/Handy/Archem/pepchat-ios/Revolt.xcodeproj
    

SwiftCompile normal arm64 /Users/harishvishwakarma/Library/Developer/Xcode/DerivedData/Revolt-dharrjsambcimaaziudpvzjdcigm/SourcePackages/checkouts/swift-syntax/Sources/SwiftParser/Statements.swift (in target 'SwiftParser' from project 'swift-syntax')
    cd /Users/harishvishwakarma/Handy/Archem/pepchat-ios/Revolt.xcodeproj
    

SwiftDriverJobDiscovery normal arm64 Compiling SyntaxUtils.swift, TokenConsumer.swift, TokenPrecedence.swift (in target 'SwiftParser' from project 'swift-syntax')

SwiftCompile normal arm64 Compiling\ Declarations.swift,\ Directives.swift,\ ExperimentalFeatures.swift,\ Expressions.swift /Users/harishvishwakarma/Library/Developer/Xcode/DerivedData/Revolt-dharrjsambcimaaziudpvzjdcigm/SourcePackages/checkouts/swift-syntax/Sources/SwiftParser/Declarations.swift /Users/harishvishwakarma/Library/Developer/Xcode/DerivedData/Revolt-dharrjsambcimaaziudpvzjdcigm/SourcePackages/checkouts/swift-syntax/Sources/SwiftParser/Directives.swift /Users/harishvishwakarma/Library/Developer/Xcode/DerivedData/Revolt-dharrjsambcimaaziudpvzjdcigm/SourcePackages/checkouts/swift-syntax/Sources/SwiftParser/ExperimentalFeatures.swift /Users/harishvishwakarma/Library/Developer/Xcode/DerivedData/Revolt-dharrjsambcimaaziudpvzjdcigm/SourcePackages/checkouts/swift-syntax/Sources/SwiftParser/Expressions.swift (in target 'SwiftParser' from project 'swift-syntax')
SwiftCompile normal arm64 /Users/harishvishwakarma/Library/Developer/Xcode/DerivedData/Revolt-dharrjsambcimaaziudpvzjdcigm/SourcePackages/checkouts/swift-syntax/Sources/SwiftParser/Declarations.swift (in target 'SwiftParser' from project 'swift-syntax')
    cd /Users/harishvishwakarma/Handy/Archem/pepchat-ios/Revolt.xcodeproj
    

SwiftCompile normal arm64 /Users/harishvishwakarma/Library/Developer/Xcode/DerivedData/Revolt-dharrjsambcimaaziudpvzjdcigm/SourcePackages/checkouts/swift-syntax/Sources/SwiftParser/Directives.swift (in target 'SwiftParser' from project 'swift-syntax')
    cd /Users/harishvishwakarma/Handy/Archem/pepchat-ios/Revolt.xcodeproj
    

SwiftCompile normal arm64 /Users/harishvishwakarma/Library/Developer/Xcode/DerivedData/Revolt-dharrjsambcimaaziudpvzjdcigm/SourcePackages/checkouts/swift-syntax/Sources/SwiftParser/ExperimentalFeatures.swift (in target 'SwiftParser' from project 'swift-syntax')
    cd /Users/harishvishwakarma/Handy/Archem/pepchat-ios/Revolt.xcodeproj
    

SwiftCompile normal arm64 /Users/harishvishwakarma/Library/Developer/Xcode/DerivedData/Revolt-dharrjsambcimaaziudpvzjdcigm/SourcePackages/checkouts/swift-syntax/Sources/SwiftParser/Expressions.swift (in target 'SwiftParser' from project 'swift-syntax')
    cd /Users/harishvishwakarma/Handy/Archem/pepchat-ios/Revolt.xcodeproj
    

SwiftDriverJobDiscovery normal arm64 Compiling LayoutNodes+Parsable.swift, Parser+TokenSpecSet.swift, TokenSpecStaticMembers.swift (in target 'SwiftParser' from project 'swift-syntax')

SwiftCompile normal arm64 Compiling\ Parameters.swift,\ ParseSourceFile.swift,\ Parser.swift,\ Patterns.swift /Users/harishvishwakarma/Library/Developer/Xcode/DerivedData/Revolt-dharrjsambcimaaziudpvzjdcigm/SourcePackages/checkouts/swift-syntax/Sources/SwiftParser/Parameters.swift /Users/harishvishwakarma/Library/Developer/Xcode/DerivedData/Revolt-dharrjsambcimaaziudpvzjdcigm/SourcePackages/checkouts/swift-syntax/Sources/SwiftParser/ParseSourceFile.swift /Users/harishvishwakarma/Library/Developer/Xcode/DerivedData/Revolt-dharrjsambcimaaziudpvzjdcigm/SourcePackages/checkouts/swift-syntax/Sources/SwiftParser/Parser.swift /Users/harishvishwakarma/Library/Developer/Xcode/DerivedData/Revolt-dharrjsambcimaaziudpvzjdcigm/SourcePackages/checkouts/swift-syntax/Sources/SwiftParser/Patterns.swift (in target 'SwiftParser' from project 'swift-syntax')

SwiftCompile normal arm64 /Users/harishvishwakarma/Library/Developer/Xcode/DerivedData/Revolt-dharrjsambcimaaziudpvzjdcigm/SourcePackages/checkouts/swift-syntax/Sources/SwiftParser/Parameters.swift (in target 'SwiftParser' from project 'swift-syntax')
    cd /Users/harishvishwakarma/Handy/Archem/pepchat-ios/Revolt.xcodeproj
    

SwiftCompile normal arm64 /Users/harishvishwakarma/Library/Developer/Xcode/DerivedData/Revolt-dharrjsambcimaaziudpvzjdcigm/SourcePackages/checkouts/swift-syntax/Sources/SwiftParser/ParseSourceFile.swift (in target 'SwiftParser' from project 'swift-syntax')
    cd /Users/harishvishwakarma/Handy/Archem/pepchat-ios/Revolt.xcodeproj
    

SwiftCompile normal arm64 /Users/harishvishwakarma/Library/Developer/Xcode/DerivedData/Revolt-dharrjsambcimaaziudpvzjdcigm/SourcePackages/checkouts/swift-syntax/Sources/SwiftParser/Parser.swift (in target 'SwiftParser' from project 'swift-syntax')
    cd /Users/harishvishwakarma/Handy/Archem/pepchat-ios/Revolt.xcodeproj
    

SwiftCompile normal arm64 /Users/harishvishwakarma/Library/Developer/Xcode/DerivedData/Revolt-dharrjsambcimaaziudpvzjdcigm/SourcePackages/checkouts/swift-syntax/Sources/SwiftParser/Patterns.swift (in target 'SwiftParser' from project 'swift-syntax')
    cd /Users/harishvishwakarma/Handy/Archem/pepchat-ios/Revolt.xcodeproj
    

SwiftDriverJobDiscovery normal x86_64 Compiling LoopProgressCondition.swift, Modifiers.swift, Names.swift, Nominals.swift (in target 'SwiftParser' from project 'swift-syntax')

SwiftCompile normal x86_64 Compiling\ Attributes.swift,\ Availability.swift,\ CharacterInfo.swift,\ CollectionNodes+Parsable.swift /Users/harishvishwakarma/Library/Developer/Xcode/DerivedData/Revolt-dharrjsambcimaaziudpvzjdcigm/SourcePackages/checkouts/swift-syntax/Sources/SwiftParser/Attributes.swift /Users/harishvishwakarma/Library/Developer/Xcode/DerivedData/Revolt-dharrjsambcimaaziudpvzjdcigm/SourcePackages/checkouts/swift-syntax/Sources/SwiftParser/Availability.swift /Users/harishvishwakarma/Library/Developer/Xcode/DerivedData/Revolt-dharrjsambcimaaziudpvzjdcigm/SourcePackages/checkouts/swift-syntax/Sources/SwiftParser/CharacterInfo.swift /Users/harishvishwakarma/Library/Developer/Xcode/DerivedData/Revolt-dharrjsambcimaaziudpvzjdcigm/SourcePackages/checkouts/swift-syntax/Sources/SwiftParser/CollectionNodes+Parsable.swift (in target 'SwiftParser' from project 'swift-syntax')

SwiftCompile normal x86_64 /Users/harishvishwakarma/Library/Developer/Xcode/DerivedData/Revolt-dharrjsambcimaaziudpvzjdcigm/SourcePackages/checkouts/swift-syntax/Sources/SwiftParser/Attributes.swift (in target 'SwiftParser' from project 'swift-syntax')
    cd /Users/harishvishwakarma/Handy/Archem/pepchat-ios/Revolt.xcodeproj
    

SwiftCompile normal x86_64 /Users/harishvishwakarma/Library/Developer/Xcode/DerivedData/Revolt-dharrjsambcimaaziudpvzjdcigm/SourcePackages/checkouts/swift-syntax/Sources/SwiftParser/Availability.swift (in target 'SwiftParser' from project 'swift-syntax')
    cd /Users/harishvishwakarma/Handy/Archem/pepchat-ios/Revolt.xcodeproj
    

SwiftCompile normal x86_64 /Users/harishvishwakarma/Library/Developer/Xcode/DerivedData/Revolt-dharrjsambcimaaziudpvzjdcigm/SourcePackages/checkouts/swift-syntax/Sources/SwiftParser/CharacterInfo.swift (in target 'SwiftParser' from project 'swift-syntax')
    cd /Users/harishvishwakarma/Handy/Archem/pepchat-ios/Revolt.xcodeproj
    

SwiftCompile normal x86_64 /Users/harishvishwakarma/Library/Developer/Xcode/DerivedData/Revolt-dharrjsambcimaaziudpvzjdcigm/SourcePackages/checkouts/swift-syntax/Sources/SwiftParser/CollectionNodes+Parsable.swift (in target 'SwiftParser' from project 'swift-syntax')
    cd /Users/harishvishwakarma/Handy/Archem/pepchat-ios/Revolt.xcodeproj
    

SwiftDriverJobDiscovery normal x86_64 Compiling IncrementalParseTransition.swift, Cursor.swift, Lexeme.swift, LexemeSequence.swift (in target 'SwiftParser' from project 'swift-syntax')

SwiftCompile normal x86_64 Compiling\ Recovery.swift,\ Specifiers.swift,\ Statements.swift /Users/harishvishwakarma/Library/Developer/Xcode/DerivedData/Revolt-dharrjsambcimaaziudpvzjdcigm/SourcePackages/checkouts/swift-syntax/Sources/SwiftParser/Recovery.swift /Users/harishvishwakarma/Library/Developer/Xcode/DerivedData/Revolt-dharrjsambcimaaziudpvzjdcigm/SourcePackages/checkouts/swift-syntax/Sources/SwiftParser/Specifiers.swift /Users/harishvishwakarma/Library/Developer/Xcode/DerivedData/Revolt-dharrjsambcimaaziudpvzjdcigm/SourcePackages/checkouts/swift-syntax/Sources/SwiftParser/Statements.swift (in target 'SwiftParser' from project 'swift-syntax')

SwiftCompile normal x86_64 /Users/harishvishwakarma/Library/Developer/Xcode/DerivedData/Revolt-dharrjsambcimaaziudpvzjdcigm/SourcePackages/checkouts/swift-syntax/Sources/SwiftParser/Recovery.swift (in target 'SwiftParser' from project 'swift-syntax')
    cd /Users/harishvishwakarma/Handy/Archem/pepchat-ios/Revolt.xcodeproj
    

SwiftCompile normal x86_64 /Users/harishvishwakarma/Library/Developer/Xcode/DerivedData/Revolt-dharrjsambcimaaziudpvzjdcigm/SourcePackages/checkouts/swift-syntax/Sources/SwiftParser/Specifiers.swift (in target 'SwiftParser' from project 'swift-syntax')
    cd /Users/harishvishwakarma/Handy/Archem/pepchat-ios/Revolt.xcodeproj
    

SwiftCompile normal x86_64 /Users/harishvishwakarma/Library/Developer/Xcode/DerivedData/Revolt-dharrjsambcimaaziudpvzjdcigm/SourcePackages/checkouts/swift-syntax/Sources/SwiftParser/Statements.swift (in target 'SwiftParser' from project 'swift-syntax')
    cd /Users/harishvishwakarma/Handy/Archem/pepchat-ios/Revolt.xcodeproj
    

SwiftDriverJobDiscovery normal arm64 Compiling LoopProgressCondition.swift, Modifiers.swift, Names.swift, Nominals.swift (in target 'SwiftParser' from project 'swift-syntax')

SwiftCompile normal arm64 Compiling\ Diagnostic.swift /Users/harishvishwakarma/Library/Developer/Xcode/DerivedData/Revolt-dharrjsambcimaaziudpvzjdcigm/SourcePackages/checkouts/swift-syntax/Sources/SwiftDiagnostics/Diagnostic.swift (in target 'SwiftDiagnostics' from project 'swift-syntax')

SwiftCompile normal arm64 /Users/harishvishwakarma/Library/Developer/Xcode/DerivedData/Revolt-dharrjsambcimaaziudpvzjdcigm/SourcePackages/checkouts/swift-syntax/Sources/SwiftDiagnostics/Diagnostic.swift (in target 'SwiftDiagnostics' from project 'swift-syntax')
    cd /Users/harishvishwakarma/Handy/Archem/pepchat-ios/Revolt.xcodeproj
    

SwiftDriverJobDiscovery normal arm64 Compiling Attributes.swift, Availability.swift, CharacterInfo.swift, CollectionNodes+Parsable.swift (in target 'SwiftParser' from project 'swift-syntax')

SwiftCompile normal x86_64 Compiling\ FixIt.swift /Users/harishvishwakarma/Library/Developer/Xcode/DerivedData/Revolt-dharrjsambcimaaziudpvzjdcigm/SourcePackages/checkouts/swift-syntax/Sources/SwiftDiagnostics/FixIt.swift (in target 'SwiftDiagnostics' from project 'swift-syntax')

SwiftCompile normal x86_64 /Users/harishvishwakarma/Library/Developer/Xcode/DerivedData/Revolt-dharrjsambcimaaziudpvzjdcigm/SourcePackages/checkouts/swift-syntax/Sources/SwiftDiagnostics/FixIt.swift (in target 'SwiftDiagnostics' from project 'swift-syntax')
    cd /Users/harishvishwakarma/Handy/Archem/pepchat-ios/Revolt.xcodeproj
    

SwiftDriverJobDiscovery normal arm64 Compiling Lexer.swift, RegexLiteralLexer.swift, UnicodeScalarExtensions.swift, Lookahead.swift (in target 'SwiftParser' from project 'swift-syntax')

SwiftCompile normal x86_64 Compiling\ Diagnostic.swift /Users/harishvishwakarma/Library/Developer/Xcode/DerivedData/Revolt-dharrjsambcimaaziudpvzjdcigm/SourcePackages/checkouts/swift-syntax/Sources/SwiftDiagnostics/Diagnostic.swift (in target 'SwiftDiagnostics' from project 'swift-syntax')

SwiftCompile normal x86_64 /Users/harishvishwakarma/Library/Developer/Xcode/DerivedData/Revolt-dharrjsambcimaaziudpvzjdcigm/SourcePackages/checkouts/swift-syntax/Sources/SwiftDiagnostics/Diagnostic.swift (in target 'SwiftDiagnostics' from project 'swift-syntax')
    cd /Users/harishvishwakarma/Handy/Archem/pepchat-ios/Revolt.xcodeproj
    

SwiftDriverJobDiscovery normal x86_64 Compiling Parameters.swift, ParseSourceFile.swift, Parser.swift, Patterns.swift (in target 'SwiftParser' from project 'swift-syntax')

SwiftCompile normal x86_64 Compiling\ Message.swift /Users/harishvishwakarma/Library/Developer/Xcode/DerivedData/Revolt-dharrjsambcimaaziudpvzjdcigm/SourcePackages/checkouts/swift-syntax/Sources/SwiftDiagnostics/Message.swift (in target 'SwiftDiagnostics' from project 'swift-syntax')

SwiftCompile normal x86_64 /Users/harishvishwakarma/Library/Developer/Xcode/DerivedData/Revolt-dharrjsambcimaaziudpvzjdcigm/SourcePackages/checkouts/swift-syntax/Sources/SwiftDiagnostics/Message.swift (in target 'SwiftDiagnostics' from project 'swift-syntax')
    cd /Users/harishvishwakarma/Handy/Archem/pepchat-ios/Revolt.xcodeproj
    

SwiftDriverJobDiscovery normal x86_64 Compiling StringLiteralRepresentedLiteralValue.swift, StringLiterals.swift, SwiftParserCompatibility.swift (in target 'SwiftParser' from project 'swift-syntax')

SwiftCompile normal arm64 Compiling\ Message.swift /Users/harishvishwakarma/Library/Developer/Xcode/DerivedData/Revolt-dharrjsambcimaaziudpvzjdcigm/SourcePackages/checkouts/swift-syntax/Sources/SwiftDiagnostics/Message.swift (in target 'SwiftDiagnostics' from project 'swift-syntax')

SwiftCompile normal arm64 /Users/harishvishwakarma/Library/Developer/Xcode/DerivedData/Revolt-dharrjsambcimaaziudpvzjdcigm/SourcePackages/checkouts/swift-syntax/Sources/SwiftDiagnostics/Message.swift (in target 'SwiftDiagnostics' from project 'swift-syntax')
    cd /Users/harishvishwakarma/Handy/Archem/pepchat-ios/Revolt.xcodeproj
    

SwiftDriverJobDiscovery normal x86_64 Compiling Lexer.swift, RegexLiteralLexer.swift, UnicodeScalarExtensions.swift, Lookahead.swift (in target 'SwiftParser' from project 'swift-syntax')

SwiftCompile normal x86_64 Compiling\ Convenience.swift /Users/harishvishwakarma/Library/Developer/Xcode/DerivedData/Revolt-dharrjsambcimaaziudpvzjdcigm/SourcePackages/checkouts/swift-syntax/Sources/SwiftDiagnostics/Convenience.swift (in target 'SwiftDiagnostics' from project 'swift-syntax')

SwiftCompile normal x86_64 /Users/harishvishwakarma/Library/Developer/Xcode/DerivedData/Revolt-dharrjsambcimaaziudpvzjdcigm/SourcePackages/checkouts/swift-syntax/Sources/SwiftDiagnostics/Convenience.swift (in target 'SwiftDiagnostics' from project 'swift-syntax')
    cd /Users/harishvishwakarma/Handy/Archem/pepchat-ios/Revolt.xcodeproj
    

SwiftDriverJobDiscovery normal arm64 Compiling TokenSpec.swift, TokenSpecSet.swift, TopLevel.swift (in target 'SwiftParser' from project 'swift-syntax')

SwiftCompile normal arm64 Compiling\ Convenience.swift /Users/harishvishwakarma/Library/Developer/Xcode/DerivedData/Revolt-dharrjsambcimaaziudpvzjdcigm/SourcePackages/checkouts/swift-syntax/Sources/SwiftDiagnostics/Convenience.swift (in target 'SwiftDiagnostics' from project 'swift-syntax')
SwiftCompile normal arm64 /Users/harishvishwakarma/Library/Developer/Xcode/DerivedData/Revolt-dharrjsambcimaaziudpvzjdcigm/SourcePackages/checkouts/swift-syntax/Sources/SwiftDiagnostics/Convenience.swift (in target 'SwiftDiagnostics' from project 'swift-syntax')
    cd /Users/harishvishwakarma/Handy/Archem/pepchat-ios/Revolt.xcodeproj
    

SwiftDriverJobDiscovery normal arm64 Compiling Diagnostic.swift (in target 'SwiftDiagnostics' from project 'swift-syntax')

SwiftCompile normal arm64 Compiling\ Note.swift /Users/harishvishwakarma/Library/Developer/Xcode/DerivedData/Revolt-dharrjsambcimaaziudpvzjdcigm/SourcePackages/checkouts/swift-syntax/Sources/SwiftDiagnostics/Note.swift (in target 'SwiftDiagnostics' from project 'swift-syntax')
SwiftCompile normal arm64 /Users/harishvishwakarma/Library/Developer/Xcode/DerivedData/Revolt-dharrjsambcimaaziudpvzjdcigm/SourcePackages/checkouts/swift-syntax/Sources/SwiftDiagnostics/Note.swift (in target 'SwiftDiagnostics' from project 'swift-syntax')
    cd /Users/harishvishwakarma/Handy/Archem/pepchat-ios/Revolt.xcodeproj
    

SwiftDriverJobDiscovery normal x86_64 Compiling LayoutNodes+Parsable.swift, Parser+TokenSpecSet.swift, TokenSpecStaticMembers.swift (in target 'SwiftParser' from project 'swift-syntax')

SwiftCompile normal arm64 Compiling\ GroupedDiagnostics.swift /Users/harishvishwakarma/Library/Developer/Xcode/DerivedData/Revolt-dharrjsambcimaaziudpvzjdcigm/SourcePackages/checkouts/swift-syntax/Sources/SwiftDiagnostics/GroupedDiagnostics.swift (in target 'SwiftDiagnostics' from project 'swift-syntax')
SwiftCompile normal arm64 /Users/harishvishwakarma/Library/Developer/Xcode/DerivedData/Revolt-dharrjsambcimaaziudpvzjdcigm/SourcePackages/checkouts/swift-syntax/Sources/SwiftDiagnostics/GroupedDiagnostics.swift (in target 'SwiftDiagnostics' from project 'swift-syntax')
    cd /Users/harishvishwakarma/Handy/Archem/pepchat-ios/Revolt.xcodeproj
    

SwiftDriverJobDiscovery normal arm64 Compiling Recovery.swift, Specifiers.swift, Statements.swift (in target 'SwiftParser' from project 'swift-syntax')

SwiftCompile normal arm64 Compiling\ DiagnosticsFormatter.swift /Users/harishvishwakarma/Library/Developer/Xcode/DerivedData/Revolt-dharrjsambcimaaziudpvzjdcigm/SourcePackages/checkouts/swift-syntax/Sources/SwiftDiagnostics/DiagnosticsFormatter.swift (in target 'SwiftDiagnostics' from project 'swift-syntax')
SwiftCompile normal arm64 /Users/harishvishwakarma/Library/Developer/Xcode/DerivedData/Revolt-dharrjsambcimaaziudpvzjdcigm/SourcePackages/checkouts/swift-syntax/Sources/SwiftDiagnostics/DiagnosticsFormatter.swift (in target 'SwiftDiagnostics' from project 'swift-syntax')
    cd /Users/harishvishwakarma/Handy/Archem/pepchat-ios/Revolt.xcodeproj
    

SwiftDriverJobDiscovery normal x86_64 Compiling Attributes.swift, Availability.swift, CharacterInfo.swift, CollectionNodes+Parsable.swift (in target 'SwiftParser' from project 'swift-syntax')

SwiftCompile normal x86_64 Compiling\ GroupedDiagnostics.swift /Users/harishvishwakarma/Library/Developer/Xcode/DerivedData/Revolt-dharrjsambcimaaziudpvzjdcigm/SourcePackages/checkouts/swift-syntax/Sources/SwiftDiagnostics/GroupedDiagnostics.swift (in target 'SwiftDiagnostics' from project 'swift-syntax')

SwiftCompile normal x86_64 /Users/harishvishwakarma/Library/Developer/Xcode/DerivedData/Revolt-dharrjsambcimaaziudpvzjdcigm/SourcePackages/checkouts/swift-syntax/Sources/SwiftDiagnostics/GroupedDiagnostics.swift (in target 'SwiftDiagnostics' from project 'swift-syntax')
    cd /Users/harishvishwakarma/Handy/Archem/pepchat-ios/Revolt.xcodeproj
    

SwiftDriverJobDiscovery normal x86_64 Compiling FixIt.swift (in target 'SwiftDiagnostics' from project 'swift-syntax')

SwiftCompile normal x86_64 Compiling\ Note.swift /Users/harishvishwakarma/Library/Developer/Xcode/DerivedData/Revolt-dharrjsambcimaaziudpvzjdcigm/SourcePackages/checkouts/swift-syntax/Sources/SwiftDiagnostics/Note.swift (in target 'SwiftDiagnostics' from project 'swift-syntax')

SwiftCompile normal x86_64 /Users/harishvishwakarma/Library/Developer/Xcode/DerivedData/Revolt-dharrjsambcimaaziudpvzjdcigm/SourcePackages/checkouts/swift-syntax/Sources/SwiftDiagnostics/Note.swift (in target 'SwiftDiagnostics' from project 'swift-syntax')
    cd /Users/harishvishwakarma/Handy/Archem/pepchat-ios/Revolt.xcodeproj
    

SwiftDriverJobDiscovery normal x86_64 Compiling Recovery.swift, Specifiers.swift, Statements.swift (in target 'SwiftParser' from project 'swift-syntax')

SwiftDriver\ Compilation SwiftParser normal x86_64 com.apple.xcode.tools.swift.compiler (in target 'SwiftParser' from project 'swift-syntax')
    cd /Users/harishvishwakarma/Handy/Archem/pepchat-ios/Revolt.xcodeproj
    builtin-Swift-Compilation -- /Applications/Xcode.app/Contents/Developer/Toolchains/XcodeDefault.xctoolchain/usr/bin/swiftc -module-name SwiftParser -Onone -enforce-exclusivity\=checked @/Users/harishvishwakarma/Library/Developer/Xcode/DerivedData/Revolt-dharrjsambcimaaziudpvzjdcigm/Build/Intermediates.noindex/swift-syntax.build/Debug/SwiftParser.build/Objects-normal/x86_64/SwiftParser.SwiftFileList -DSWIFT_PACKAGE -DDEBUG -DXcode -plugin-path /Applications/Xcode.app/Contents/Developer/Toolchains/XcodeDefault.xctoolchain/usr/lib/swift/host/plugins/testing -enable-experimental-feature DebugDescriptionMacro -sdk /Applications/Xcode.app/Contents/Developer/Platforms/MacOSX.platform/Developer/SDKs/MacOSX15.5.sdk -target x86_64-apple-macos10.15 -g -module-cache-path /Users/harishvishwakarma/Library/Developer/Xcode/DerivedData/ModuleCache.noindex -Xfrontend -serialize-debugging-options -enable-testing -suppress-warnings -index-store-path /Users/harishvishwakarma/Library/Developer/Xcode/DerivedData/Revolt-dharrjsambcimaaziudpvzjdcigm/Index.noindex/DataStore -swift-version 5 -I /Users/harishvishwakarma/Library/Developer/Xcode/DerivedData/Revolt-dharrjsambcimaaziudpvzjdcigm/Build/Products/Debug -I /Applications/Xcode.app/Contents/Developer/Platforms/MacOSX.platform/Developer/usr/lib -F /Users/harishvishwakarma/Library/Developer/Xcode/DerivedData/Revolt-dharrjsambcimaaziudpvzjdcigm/Build/Products/Debug/PackageFrameworks -F /Users/harishvishwakarma/Library/Developer/Xcode/DerivedData/Revolt-dharrjsambcimaaziudpvzjdcigm/Build/Products/Debug/PackageFrameworks -F /Users/harishvishwakarma/Library/Developer/Xcode/DerivedData/Revolt-dharrjsambcimaaziudpvzjdcigm/Build/Products/Debug -F /Applications/Xcode.app/Contents/Developer/Platforms/MacOSX.platform/Developer/Library/Frameworks -c -j12 -enable-batch-mode -incremental -Xcc -ivfsstatcache -Xcc /Users/harishvishwakarma/Library/Developer/Xcode/DerivedData/SDKStatCaches.noindex/macosx15.5-24F74-8254517eb8b97d462ccbc072ba9094c9.sdkstatcache -output-file-map /Users/harishvishwakarma/Library/Developer/Xcode/DerivedData/Revolt-dharrjsambcimaaziudpvzjdcigm/Build/Intermediates.noindex/swift-syntax.build/Debug/SwiftParser.build/Objects-normal/x86_64/SwiftParser-OutputFileMap.json -use-frontend-parseable-output -save-temps -no-color-diagnostics -serialize-diagnostics -emit-dependencies -emit-module -emit-module-path /Users/harishvishwakarma/Library/Developer/Xcode/DerivedData/Revolt-dharrjsambcimaaziudpvzjdcigm/Build/Intermediates.noindex/swift-syntax.build/Debug/SwiftParser.build/Objects-normal/x86_64/SwiftParser.swiftmodule -validate-clang-modules-once -clang-build-session-file /Users/harishvishwakarma/Library/Developer/Xcode/DerivedData/ModuleCache.noindex/Session.modulevalidation -Xcc -I/Users/harishvishwakarma/Library/Developer/Xcode/DerivedData/Revolt-dharrjsambcimaaziudpvzjdcigm/Build/Intermediates.noindex/swift-syntax.build/Debug/SwiftParser.build/swift-overrides.hmap -emit-const-values -Xfrontend -const-gather-protocols-file -Xfrontend /Users/harishvishwakarma/Library/Developer/Xcode/DerivedData/Revolt-dharrjsambcimaaziudpvzjdcigm/Build/Intermediates.noindex/swift-syntax.build/Debug/SwiftParser.build/Objects-normal/x86_64/SwiftParser_const_extract_protocols.json -Xcc -I/Users/harishvishwakarma/Library/Developer/Xcode/DerivedData/Revolt-dharrjsambcimaaziudpvzjdcigm/Build/Products/Debug/include -Xcc -I/Users/harishvishwakarma/Library/Developer/Xcode/DerivedData/Revolt-dharrjsambcimaaziudpvzjdcigm/Build/Intermediates.noindex/swift-syntax.build/Debug/SwiftParser.build/DerivedSources-normal/x86_64 -Xcc -I/Users/harishvishwakarma/Library/Developer/Xcode/DerivedData/Revolt-dharrjsambcimaaziudpvzjdcigm/Build/Intermediates.noindex/swift-syntax.build/Debug/SwiftParser.build/DerivedSources/x86_64 -Xcc -I/Users/harishvishwakarma/Library/Developer/Xcode/DerivedData/Revolt-dharrjsambcimaaziudpvzjdcigm/Build/Intermediates.noindex/swift-syntax.build/Debug/SwiftParser.build/DerivedSources -Xcc -DSWIFT_PACKAGE -Xcc -DDEBUG\=1 -emit-objc-header -emit-objc-header-path /Users/harishvishwakarma/Library/Developer/Xcode/DerivedData/Revolt-dharrjsambcimaaziudpvzjdcigm/Build/Intermediates.noindex/swift-syntax.build/Debug/SwiftParser.build/Objects-normal/x86_64/SwiftParser-Swift.h -working-directory /Users/harishvishwakarma/Handy/Archem/pepchat-ios/Revolt.xcodeproj -experimental-emit-module-separately -disable-cmo

SwiftDriverJobDiscovery normal arm64 Compiling Parameters.swift, ParseSourceFile.swift, Parser.swift, Patterns.swift (in target 'SwiftParser' from project 'swift-syntax')

SwiftCompile normal x86_64 Compiling\ DiagnosticsFormatter.swift /Users/harishvishwakarma/Library/Developer/Xcode/DerivedData/Revolt-dharrjsambcimaaziudpvzjdcigm/SourcePackages/checkouts/swift-syntax/Sources/SwiftDiagnostics/DiagnosticsFormatter.swift (in target 'SwiftDiagnostics' from project 'swift-syntax')
SwiftCompile normal x86_64 /Users/harishvishwakarma/Library/Developer/Xcode/DerivedData/Revolt-dharrjsambcimaaziudpvzjdcigm/SourcePackages/checkouts/swift-syntax/Sources/SwiftDiagnostics/DiagnosticsFormatter.swift (in target 'SwiftDiagnostics' from project 'swift-syntax')
    cd /Users/harishvishwakarma/Handy/Archem/pepchat-ios/Revolt.xcodeproj
    

SwiftCompile normal arm64 Compiling\ FixIt.swift /Users/harishvishwakarma/Library/Developer/Xcode/DerivedData/Revolt-dharrjsambcimaaziudpvzjdcigm/SourcePackages/checkouts/swift-syntax/Sources/SwiftDiagnostics/FixIt.swift (in target 'SwiftDiagnostics' from project 'swift-syntax')

SwiftCompile normal arm64 /Users/harishvishwakarma/Library/Developer/Xcode/DerivedData/Revolt-dharrjsambcimaaziudpvzjdcigm/SourcePackages/checkouts/swift-syntax/Sources/SwiftDiagnostics/FixIt.swift (in target 'SwiftDiagnostics' from project 'swift-syntax')
    cd /Users/harishvishwakarma/Handy/Archem/pepchat-ios/Revolt.xcodeproj
    

SwiftDriverJobDiscovery normal x86_64 Compiling Message.swift (in target 'SwiftDiagnostics' from project 'swift-syntax')

RegisterExecutionPolicyException /Users/harishvishwakarma/Library/Developer/Xcode/DerivedData/Revolt-dharrjsambcimaaziudpvzjdcigm/Build/Products/Debug-iphoneos/SwiftCSV.o (in target 'SwiftCSV' from project 'SwiftCSV')
    cd /Users/harishvishwakarma/Library/Developer/Xcode/DerivedData/Revolt-dharrjsambcimaaziudpvzjdcigm/SourcePackages/checkouts/SwiftCSV
    builtin-RegisterExecutionPolicyException /Users/harishvishwakarma/Library/Developer/Xcode/DerivedData/Revolt-dharrjsambcimaaziudpvzjdcigm/Build/Products/Debug-iphoneos/SwiftCSV.o

SwiftDriverJobDiscovery normal x86_64 Compiling Convenience.swift (in target 'SwiftDiagnostics' from project 'swift-syntax')

RegisterExecutionPolicyException /Users/harishvishwakarma/Library/Developer/Xcode/DerivedData/Revolt-dharrjsambcimaaziudpvzjdcigm/Build/Products/Debug-iphoneos/SubviewAttachingTextView.o (in target 'SubviewAttachingTextView' from project 'SubviewAttachingTextView')
    cd /Users/harishvishwakarma/Library/Developer/Xcode/DerivedData/Revolt-dharrjsambcimaaziudpvzjdcigm/SourcePackages/checkouts/SubviewAttachingTextView
    builtin-RegisterExecutionPolicyException /Users/harishvishwakarma/Library/Developer/Xcode/DerivedData/Revolt-dharrjsambcimaaziudpvzjdcigm/Build/Products/Debug-iphoneos/SubviewAttachingTextView.o

SwiftDriverJobDiscovery normal x86_64 Compiling Diagnostic.swift (in target 'SwiftDiagnostics' from project 'swift-syntax')

RegisterExecutionPolicyException /Users/harishvishwakarma/Library/Developer/Xcode/DerivedData/Revolt-dharrjsambcimaaziudpvzjdcigm/Build/Products/Debug-iphoneos/Starscream.o (in target 'Starscream' from project 'Starscream')
    cd /Users/harishvishwakarma/Library/Developer/Xcode/DerivedData/Revolt-dharrjsambcimaaziudpvzjdcigm/SourcePackages/checkouts/Starscream
    builtin-RegisterExecutionPolicyException /Users/harishvishwakarma/Library/Developer/Xcode/DerivedData/Revolt-dharrjsambcimaaziudpvzjdcigm/Build/Products/Debug-iphoneos/Starscream.o

RegisterExecutionPolicyException /Users/harishvishwakarma/Library/Developer/Xcode/DerivedData/Revolt-dharrjsambcimaaziudpvzjdcigm/Build/Products/Debug-iphoneos/RxSwift.o (in target 'RxSwift' from project 'RxSwift')
    cd /Users/harishvishwakarma/Library/Developer/Xcode/DerivedData/Revolt-dharrjsambcimaaziudpvzjdcigm/SourcePackages/checkouts/RxSwift
    builtin-RegisterExecutionPolicyException /Users/harishvishwakarma/Library/Developer/Xcode/DerivedData/Revolt-dharrjsambcimaaziudpvzjdcigm/Build/Products/Debug-iphoneos/RxSwift.o

RegisterExecutionPolicyException /Users/harishvishwakarma/Library/Developer/Xcode/DerivedData/Revolt-dharrjsambcimaaziudpvzjdcigm/Build/Products/Debug-iphoneos/RuntimeSwizzling.o (in target 'RuntimeSwizzling' from project 'swiftui-navigation-transitions')
    cd /Users/harishvishwakarma/Library/Developer/Xcode/DerivedData/Revolt-dharrjsambcimaaziudpvzjdcigm/SourcePackages/checkouts/swiftui-navigation-transitions
    builtin-RegisterExecutionPolicyException /Users/harishvishwakarma/Library/Developer/Xcode/DerivedData/Revolt-dharrjsambcimaaziudpvzjdcigm/Build/Products/Debug-iphoneos/RuntimeSwizzling.o

RegisterExecutionPolicyException /Users/harishvishwakarma/Library/Developer/Xcode/DerivedData/Revolt-dharrjsambcimaaziudpvzjdcigm/Build/Products/Debug-iphoneos/RuntimeAssociation.o (in target 'RuntimeAssociation' from project 'swiftui-navigation-transitions')
    cd /Users/harishvishwakarma/Library/Developer/Xcode/DerivedData/Revolt-dharrjsambcimaaziudpvzjdcigm/SourcePackages/checkouts/swiftui-navigation-transitions
    builtin-RegisterExecutionPolicyException /Users/harishvishwakarma/Library/Developer/Xcode/DerivedData/Revolt-dharrjsambcimaaziudpvzjdcigm/Build/Products/Debug-iphoneos/RuntimeAssociation.o

SwiftDriver\ Compilation NotificationService normal arm64 com.apple.xcode.tools.swift.compiler (in target 'NotificationService' from project 'Revolt')
    cd /Users/harishvishwakarma/Handy/Archem/pepchat-ios
    builtin-Swift-Compilation -- /Applications/Xcode.app/Contents/Developer/Toolchains/XcodeDefault.xctoolchain/usr/bin/swiftc -module-name NotificationService -O -enforce-exclusivity\=checked @/Users/harishvishwakarma/Library/Developer/Xcode/DerivedData/Revolt-dharrjsambcimaaziudpvzjdcigm/Build/Intermediates.noindex/Revolt.build/Debug-iphoneos/NotificationService.build/Objects-normal/arm64/NotificationService.SwiftFileList -DDEBUG -DDEBUG -Xcc -fmodule-map-file\=/Users/harishvishwakarma/Library/Developer/Xcode/DerivedData/Revolt-dharrjsambcimaaziudpvzjdcigm/Build/Intermediates.noindex/GeneratedModuleMaps-iphoneos/OggDecoder.modulemap -enable-bare-slash-regex -enable-experimental-feature DebugDescriptionMacro -sdk /Applications/Xcode.app/Contents/Developer/Platforms/iPhoneOS.platform/Developer/SDKs/iPhoneOS18.5.sdk -target arm64-apple-ios18.0 -g -module-cache-path /Users/harishvishwakarma/Library/Developer/Xcode/DerivedData/ModuleCache.noindex -Xfrontend -serialize-debugging-options -application-extension -enable-testing -swift-version 5 -I /Users/harishvishwakarma/Library/Developer/Xcode/DerivedData/Revolt-dharrjsambcimaaziudpvzjdcigm/Build/Products/Debug-iphoneos -F /Users/harishvishwakarma/Library/Developer/Xcode/DerivedData/Revolt-dharrjsambcimaaziudpvzjdcigm/Build/Products/Debug-iphoneos/PackageFrameworks -F /Users/harishvishwakarma/Library/Developer/Xcode/DerivedData/Revolt-dharrjsambcimaaziudpvzjdcigm/Build/Products/Debug-iphoneos -parse-as-library -emit-localized-strings -emit-localized-strings-path /Users/harishvishwakarma/Library/Developer/Xcode/DerivedData/Revolt-dharrjsambcimaaziudpvzjdcigm/Build/Intermediates.noindex/Revolt.build/Debug-iphoneos/NotificationService.build/Objects-normal/arm64 -c -j12 -enable-batch-mode -incremental -Xcc -ivfsstatcache -Xcc /Users/harishvishwakarma/Library/Developer/Xcode/DerivedData/SDKStatCaches.noindex/iphoneos18.5-22F76-7fa4eea80a99bbfdc046826b63ec4baf.sdkstatcache -output-file-map /Users/harishvishwakarma/Library/Developer/Xcode/DerivedData/Revolt-dharrjsambcimaaziudpvzjdcigm/Build/Intermediates.noindex/Revolt.build/Debug-iphoneos/NotificationService.build/Objects-normal/arm64/NotificationService-OutputFileMap.json -use-frontend-parseable-output -save-temps -no-color-diagnostics -serialize-diagnostics -emit-dependencies -emit-module -emit-module-path /Users/harishvishwakarma/Library/Developer/Xcode/DerivedData/Revolt-dharrjsambcimaaziudpvzjdcigm/Build/Intermediates.noindex/Revolt.build/Debug-iphoneos/NotificationService.build/Objects-normal/arm64/NotificationService.swiftmodule -validate-clang-modules-once -clang-build-session-file /Users/harishvishwakarma/Library/Developer/Xcode/DerivedData/ModuleCache.noindex/Session.modulevalidation -Xcc -I/Users/harishvishwakarma/Library/Developer/Xcode/DerivedData/Revolt-dharrjsambcimaaziudpvzjdcigm/Build/Intermediates.noindex/Revolt.build/Debug-iphoneos/NotificationService.build/swift-overrides.hmap -emit-const-values -Xfrontend -const-gather-protocols-file -Xfrontend /Users/harishvishwakarma/Library/Developer/Xcode/DerivedData/Revolt-dharrjsambcimaaziudpvzjdcigm/Build/Intermediates.noindex/Revolt.build/Debug-iphoneos/NotificationService.build/Objects-normal/arm64/NotificationService_const_extract_protocols.json -Xcc -iquote -Xcc /Users/harishvishwakarma/Library/Developer/Xcode/DerivedData/Revolt-dharrjsambcimaaziudpvzjdcigm/Build/Intermediates.noindex/Revolt.build/Debug-iphoneos/NotificationService.build/NotificationService-generated-files.hmap -Xcc -I/Users/harishvishwakarma/Library/Developer/Xcode/DerivedData/Revolt-dharrjsambcimaaziudpvzjdcigm/Build/Intermediates.noindex/Revolt.build/Debug-iphoneos/NotificationService.build/NotificationService-own-target-headers.hmap -Xcc -I/Users/harishvishwakarma/Library/Developer/Xcode/DerivedData/Revolt-dharrjsambcimaaziudpvzjdcigm/Build/Intermediates.noindex/Revolt.build/Debug-iphoneos/NotificationService.build/NotificationService-all-non-framework-target-headers.hmap -Xcc -ivfsoverlay -Xcc /Users/harishvishwakarma/Library/Developer/Xcode/DerivedData/Revolt-dharrjsambcimaaziudpvzjdcigm/Build/Intermediates.noindex/Revolt.build/Debug-iphoneos/Revolt-964562c4cdd9c16033e74e924d17ebc5-VFS-iphoneos/all-product-headers.yaml -Xcc -iquote -Xcc /Users/harishvishwakarma/Library/Developer/Xcode/DerivedData/Revolt-dharrjsambcimaaziudpvzjdcigm/Build/Intermediates.noindex/Revolt.build/Debug-iphoneos/NotificationService.build/NotificationService-project-headers.hmap -Xcc -I/Users/harishvishwakarma/Library/Developer/Xcode/DerivedData/Revolt-dharrjsambcimaaziudpvzjdcigm/SourcePackages/checkouts/OggDecoder/Sources/OggDecoderObjC/include -Xcc -I/Users/harishvishwakarma/Library/Developer/Xcode/DerivedData/Revolt-dharrjsambcimaaziudpvzjdcigm/Build/Products/Debug-iphoneos/include -Xcc -I/Users/harishvishwakarma/Library/Developer/Xcode/DerivedData/Revolt-dharrjsambcimaaziudpvzjdcigm/Build/Intermediates.noindex/Revolt.build/Debug-iphoneos/NotificationService.build/DerivedSources-normal/arm64 -Xcc -I/Users/harishvishwakarma/Library/Developer/Xcode/DerivedData/Revolt-dharrjsambcimaaziudpvzjdcigm/Build/Intermediates.noindex/Revolt.build/Debug-iphoneos/NotificationService.build/DerivedSources/arm64 -Xcc -I/Users/harishvishwakarma/Library/Developer/Xcode/DerivedData/Revolt-dharrjsambcimaaziudpvzjdcigm/Build/Intermediates.noindex/Revolt.build/Debug-iphoneos/NotificationService.build/DerivedSources -Xcc -DDEBUG\=1 -emit-objc-header -emit-objc-header-path /Users/harishvishwakarma/Library/Developer/Xcode/DerivedData/Revolt-dharrjsambcimaaziudpvzjdcigm/Build/Intermediates.noindex/Revolt.build/Debug-iphoneos/NotificationService.build/Objects-normal/arm64/NotificationService-Swift.h -working-directory /Users/harishvishwakarma/Handy/Archem/pepchat-ios -experimental-emit-module-separately -disable-cmo

RegisterExecutionPolicyException /Users/harishvishwakarma/Library/Developer/Xcode/DerivedData/Revolt-dharrjsambcimaaziudpvzjdcigm/Build/Products/Debug-iphoneos/MarkdownKit.o (in target 'MarkdownKit' from project 'MarkdownKit')
    cd /Users/harishvishwakarma/Library/Developer/Xcode/DerivedData/Revolt-dharrjsambcimaaziudpvzjdcigm/SourcePackages/checkouts/MarkdownKit
    builtin-RegisterExecutionPolicyException /Users/harishvishwakarma/Library/Developer/Xcode/DerivedData/Revolt-dharrjsambcimaaziudpvzjdcigm/Build/Products/Debug-iphoneos/MarkdownKit.o

RegisterExecutionPolicyException /Users/harishvishwakarma/Library/Developer/Xcode/DerivedData/Revolt-dharrjsambcimaaziudpvzjdcigm/Build/Products/Debug-iphoneos/KeychainAccess.o (in target 'KeychainAccess' from project 'KeychainAccess')
    cd /Users/harishvishwakarma/Library/Developer/Xcode/DerivedData/Revolt-dharrjsambcimaaziudpvzjdcigm/SourcePackages/checkouts/KeychainAccess
    builtin-RegisterExecutionPolicyException /Users/harishvishwakarma/Library/Developer/Xcode/DerivedData/Revolt-dharrjsambcimaaziudpvzjdcigm/Build/Products/Debug-iphoneos/KeychainAccess.o

RegisterExecutionPolicyException /Users/harishvishwakarma/Library/Developer/Xcode/DerivedData/Revolt-dharrjsambcimaaziudpvzjdcigm/Build/Products/Debug-iphoneos/IssueReporting.o (in target 'IssueReporting' from project 'xctest-dynamic-overlay')
    cd /Users/harishvishwakarma/Library/Developer/Xcode/DerivedData/Revolt-dharrjsambcimaaziudpvzjdcigm/SourcePackages/checkouts/xctest-dynamic-overlay
    builtin-RegisterExecutionPolicyException /Users/harishvishwakarma/Library/Developer/Xcode/DerivedData/Revolt-dharrjsambcimaaziudpvzjdcigm/Build/Products/Debug-iphoneos/IssueReporting.o

RegisterExecutionPolicyException /Users/harishvishwakarma/Library/Developer/Xcode/DerivedData/Revolt-dharrjsambcimaaziudpvzjdcigm/Build/Products/Debug-iphoneos/InternalCollectionsUtilities.o (in target 'InternalCollectionsUtilities' from project 'swift-collections')
    cd /Users/harishvishwakarma/Library/Developer/Xcode/DerivedData/Revolt-dharrjsambcimaaziudpvzjdcigm/SourcePackages/checkouts/swift-collections
    builtin-RegisterExecutionPolicyException /Users/harishvishwakarma/Library/Developer/Xcode/DerivedData/Revolt-dharrjsambcimaaziudpvzjdcigm/Build/Products/Debug-iphoneos/InternalCollectionsUtilities.o

SwiftDriver\ Compilation AtomicTransition normal arm64 com.apple.xcode.tools.swift.compiler (in target 'AtomicTransition' from project 'swiftui-navigation-transitions')
    cd /Users/harishvishwakarma/Handy/Archem/pepchat-ios/Revolt.xcodeproj
    builtin-Swift-Compilation -- /Applications/Xcode.app/Contents/Developer/Toolchains/XcodeDefault.xctoolchain/usr/bin/swiftc -module-name AtomicTransition -Onone -enforce-exclusivity\=checked @/Users/harishvishwakarma/Library/Developer/Xcode/DerivedData/Revolt-dharrjsambcimaaziudpvzjdcigm/Build/Intermediates.noindex/swiftui-navigation-transitions.build/Debug-iphoneos/AtomicTransition.build/Objects-normal/arm64/AtomicTransition.SwiftFileList -DSWIFT_PACKAGE -DDEBUG -DXcode -plugin-path /Applications/Xcode.app/Contents/Developer/Toolchains/XcodeDefault.xctoolchain/usr/lib/swift/host/plugins/testing -enable-experimental-feature DebugDescriptionMacro -sdk /Applications/Xcode.app/Contents/Developer/Platforms/iPhoneOS.platform/Developer/SDKs/iPhoneOS18.5.sdk -target arm64-apple-ios13.0 -g -module-cache-path /Users/harishvishwakarma/Library/Developer/Xcode/DerivedData/ModuleCache.noindex -Xfrontend -serialize-debugging-options -enable-testing -suppress-warnings -index-store-path /Users/harishvishwakarma/Library/Developer/Xcode/DerivedData/Revolt-dharrjsambcimaaziudpvzjdcigm/Index.noindex/DataStore -swift-version 5 -I /Users/harishvishwakarma/Library/Developer/Xcode/DerivedData/Revolt-dharrjsambcimaaziudpvzjdcigm/Build/Products/Debug-iphoneos -I /Applications/Xcode.app/Contents/Developer/Platforms/iPhoneOS.platform/Developer/usr/lib -F /Users/harishvishwakarma/Library/Developer/Xcode/DerivedData/Revolt-dharrjsambcimaaziudpvzjdcigm/Build/Products/Debug-iphoneos/PackageFrameworks -F /Users/harishvishwakarma/Library/Developer/Xcode/DerivedData/Revolt-dharrjsambcimaaziudpvzjdcigm/Build/Products/Debug-iphoneos -F /Applications/Xcode.app/Contents/Developer/Platforms/iPhoneOS.platform/Developer/Library/Frameworks -F /Applications/Xcode.app/Contents/Developer/Platforms/iPhoneOS.platform/Developer/SDKs/iPhoneOS18.5.sdk/Developer/Library/Frameworks -c -j12 -enable-batch-mode -incremental -Xcc -ivfsstatcache -Xcc /Users/harishvishwakarma/Library/Developer/Xcode/DerivedData/SDKStatCaches.noindex/iphoneos18.5-22F76-7fa4eea80a99bbfdc046826b63ec4baf.sdkstatcache -output-file-map /Users/harishvishwakarma/Library/Developer/Xcode/DerivedData/Revolt-dharrjsambcimaaziudpvzjdcigm/Build/Intermediates.noindex/swiftui-navigation-transitions.build/Debug-iphoneos/AtomicTransition.build/Objects-normal/arm64/AtomicTransition-OutputFileMap.json -use-frontend-parseable-output -save-temps -no-color-diagnostics -serialize-diagnostics -emit-dependencies -emit-module -emit-module-path /Users/harishvishwakarma/Library/Developer/Xcode/DerivedData/Revolt-dharrjsambcimaaziudpvzjdcigm/Build/Intermediates.noindex/swiftui-navigation-transitions.build/Debug-iphoneos/AtomicTransition.build/Objects-normal/arm64/AtomicTransition.swiftmodule -validate-clang-modules-once -clang-build-session-file /Users/harishvishwakarma/Library/Developer/Xcode/DerivedData/ModuleCache.noindex/Session.modulevalidation -package-name swiftui_navigation_transitions -Xcc -I/Users/harishvishwakarma/Library/Developer/Xcode/DerivedData/Revolt-dharrjsambcimaaziudpvzjdcigm/Build/Intermediates.noindex/swiftui-navigation-transitions.build/Debug-iphoneos/AtomicTransition.build/swift-overrides.hmap -emit-const-values -Xfrontend -const-gather-protocols-file -Xfrontend /Users/harishvishwakarma/Library/Developer/Xcode/DerivedData/Revolt-dharrjsambcimaaziudpvzjdcigm/Build/Intermediates.noindex/swiftui-navigation-transitions.build/Debug-iphoneos/AtomicTransition.build/Objects-normal/arm64/AtomicTransition_const_extract_protocols.json -Xcc -I/Users/harishvishwakarma/Library/Developer/Xcode/DerivedData/Revolt-dharrjsambcimaaziudpvzjdcigm/Build/Products/Debug-iphoneos/include -Xcc -I/Users/harishvishwakarma/Library/Developer/Xcode/DerivedData/Revolt-dharrjsambcimaaziudpvzjdcigm/Build/Intermediates.noindex/swiftui-navigation-transitions.build/Debug-iphoneos/AtomicTransition.build/DerivedSources-normal/arm64 -Xcc -I/Users/harishvishwakarma/Library/Developer/Xcode/DerivedData/Revolt-dharrjsambcimaaziudpvzjdcigm/Build/Intermediates.noindex/swiftui-navigation-transitions.build/Debug-iphoneos/AtomicTransition.build/DerivedSources/arm64 -Xcc -I/Users/harishvishwakarma/Library/Developer/Xcode/DerivedData/Revolt-dharrjsambcimaaziudpvzjdcigm/Build/Intermediates.noindex/swiftui-navigation-transitions.build/Debug-iphoneos/AtomicTransition.build/DerivedSources -Xcc -DSWIFT_PACKAGE -Xcc -DDEBUG\=1 -emit-objc-header -emit-objc-header-path /Users/harishvishwakarma/Library/Developer/Xcode/DerivedData/Revolt-dharrjsambcimaaziudpvzjdcigm/Build/Intermediates.noindex/swiftui-navigation-transitions.build/Debug-iphoneos/AtomicTransition.build/Objects-normal/arm64/AtomicTransition-Swift.h -working-directory /Users/harishvishwakarma/Handy/Archem/pepchat-ios/Revolt.xcodeproj -experimental-emit-module-separately -disable-cmo

SwiftDriverJobDiscovery normal arm64 Compiling Message.swift (in target 'SwiftDiagnostics' from project 'swift-syntax')

RegisterExecutionPolicyException /Users/harishvishwakarma/Library/Developer/Xcode/DerivedData/Revolt-dharrjsambcimaaziudpvzjdcigm/Build/Products/Debug-iphoneos/SnapKit.o (in target 'SnapKit' from project 'SnapKit')
    cd /Users/harishvishwakarma/Library/Developer/Xcode/DerivedData/Revolt-dharrjsambcimaaziudpvzjdcigm/SourcePackages/checkouts/SnapKit
    builtin-RegisterExecutionPolicyException /Users/harishvishwakarma/Library/Developer/Xcode/DerivedData/Revolt-dharrjsambcimaaziudpvzjdcigm/Build/Products/Debug-iphoneos/SnapKit.o

SwiftDriver SwiftBasicFormat normal x86_64 com.apple.xcode.tools.swift.compiler (in target 'SwiftBasicFormat' from project 'swift-syntax')
    cd /Users/harishvishwakarma/Handy/Archem/pepchat-ios/Revolt.xcodeproj
    builtin-SwiftDriver -- /Applications/Xcode.app/Contents/Developer/Toolchains/XcodeDefault.xctoolchain/usr/bin/swiftc -module-name SwiftBasicFormat -Onone -enforce-exclusivity\=checked @/Users/harishvishwakarma/Library/Developer/Xcode/DerivedData/Revolt-dharrjsambcimaaziudpvzjdcigm/Build/Intermediates.noindex/swift-syntax.build/Debug/SwiftBasicFormat.build/Objects-normal/x86_64/SwiftBasicFormat.SwiftFileList -DSWIFT_PACKAGE -DDEBUG -DXcode -plugin-path /Applications/Xcode.app/Contents/Developer/Toolchains/XcodeDefault.xctoolchain/usr/lib/swift/host/plugins/testing -enable-experimental-feature DebugDescriptionMacro -sdk /Applications/Xcode.app/Contents/Developer/Platforms/MacOSX.platform/Developer/SDKs/MacOSX15.5.sdk -target x86_64-apple-macos10.15 -g -module-cache-path /Users/harishvishwakarma/Library/Developer/Xcode/DerivedData/ModuleCache.noindex -Xfrontend -serialize-debugging-options -enable-testing -suppress-warnings -index-store-path /Users/harishvishwakarma/Library/Developer/Xcode/DerivedData/Revolt-dharrjsambcimaaziudpvzjdcigm/Index.noindex/DataStore -swift-version 5 -I /Users/harishvishwakarma/Library/Developer/Xcode/DerivedData/Revolt-dharrjsambcimaaziudpvzjdcigm/Build/Products/Debug -I /Applications/Xcode.app/Contents/Developer/Platforms/MacOSX.platform/Developer/usr/lib -F /Users/harishvishwakarma/Library/Developer/Xcode/DerivedData/Revolt-dharrjsambcimaaziudpvzjdcigm/Build/Products/Debug/PackageFrameworks -F /Users/harishvishwakarma/Library/Developer/Xcode/DerivedData/Revolt-dharrjsambcimaaziudpvzjdcigm/Build/Products/Debug/PackageFrameworks -F /Users/harishvishwakarma/Library/Developer/Xcode/DerivedData/Revolt-dharrjsambcimaaziudpvzjdcigm/Build/Products/Debug -F /Applications/Xcode.app/Contents/Developer/Platforms/MacOSX.platform/Developer/Library/Frameworks -c -j12 -enable-batch-mode -incremental -Xcc -ivfsstatcache -Xcc /Users/harishvishwakarma/Library/Developer/Xcode/DerivedData/SDKStatCaches.noindex/macosx15.5-24F74-8254517eb8b97d462ccbc072ba9094c9.sdkstatcache -output-file-map /Users/harishvishwakarma/Library/Developer/Xcode/DerivedData/Revolt-dharrjsambcimaaziudpvzjdcigm/Build/Intermediates.noindex/swift-syntax.build/Debug/SwiftBasicFormat.build/Objects-normal/x86_64/SwiftBasicFormat-OutputFileMap.json -use-frontend-parseable-output -save-temps -no-color-diagnostics -serialize-diagnostics -emit-dependencies -emit-module -emit-module-path /Users/harishvishwakarma/Library/Developer/Xcode/DerivedData/Revolt-dharrjsambcimaaziudpvzjdcigm/Build/Intermediates.noindex/swift-syntax.build/Debug/SwiftBasicFormat.build/Objects-normal/x86_64/SwiftBasicFormat.swiftmodule -validate-clang-modules-once -clang-build-session-file /Users/harishvishwakarma/Library/Developer/Xcode/DerivedData/ModuleCache.noindex/Session.modulevalidation -Xcc -I/Users/harishvishwakarma/Library/Developer/Xcode/DerivedData/Revolt-dharrjsambcimaaziudpvzjdcigm/Build/Intermediates.noindex/swift-syntax.build/Debug/SwiftBasicFormat.build/swift-overrides.hmap -emit-const-values -Xfrontend -const-gather-protocols-file -Xfrontend /Users/harishvishwakarma/Library/Developer/Xcode/DerivedData/Revolt-dharrjsambcimaaziudpvzjdcigm/Build/Intermediates.noindex/swift-syntax.build/Debug/SwiftBasicFormat.build/Objects-normal/x86_64/SwiftBasicFormat_const_extract_protocols.json -Xcc -I/Users/harishvishwakarma/Library/Developer/Xcode/DerivedData/Revolt-dharrjsambcimaaziudpvzjdcigm/Build/Products/Debug/include -Xcc -I/Users/harishvishwakarma/Library/Developer/Xcode/DerivedData/Revolt-dharrjsambcimaaziudpvzjdcigm/Build/Intermediates.noindex/swift-syntax.build/Debug/SwiftBasicFormat.build/DerivedSources-normal/x86_64 -Xcc -I/Users/harishvishwakarma/Library/Developer/Xcode/DerivedData/Revolt-dharrjsambcimaaziudpvzjdcigm/Build/Intermediates.noindex/swift-syntax.build/Debug/SwiftBasicFormat.build/DerivedSources/x86_64 -Xcc -I/Users/harishvishwakarma/Library/Developer/Xcode/DerivedData/Revolt-dharrjsambcimaaziudpvzjdcigm/Build/Intermediates.noindex/swift-syntax.build/Debug/SwiftBasicFormat.build/DerivedSources -Xcc -DSWIFT_PACKAGE -Xcc -DDEBUG\=1 -emit-objc-header -emit-objc-header-path /Users/harishvishwakarma/Library/Developer/Xcode/DerivedData/Revolt-dharrjsambcimaaziudpvzjdcigm/Build/Intermediates.noindex/swift-syntax.build/Debug/SwiftBasicFormat.build/Objects-normal/x86_64/SwiftBasicFormat-Swift.h -working-directory /Users/harishvishwakarma/Handy/Archem/pepchat-ios/Revolt.xcodeproj -experimental-emit-module-separately -disable-cmo

ExtractAppIntentsMetadata (in target 'Down' from project 'Down')
    cd /Users/harishvishwakarma/Library/Developer/Xcode/DerivedData/Revolt-dharrjsambcimaaziudpvzjdcigm/SourcePackages/checkouts/Down
    /Applications/Xcode.app/Contents/Developer/Toolchains/XcodeDefault.xctoolchain/usr/bin/appintentsmetadataprocessor --toolchain-dir /Applications/Xcode.app/Contents/Developer/Toolchains/XcodeDefault.xctoolchain --module-name Down --sdk-root /Applications/Xcode.app/Contents/Developer/Platforms/iPhoneOS.platform/Developer/SDKs/iPhoneOS18.5.sdk --xcode-version 16F6 --platform-family iOS --deployment-target 12.0 --bundle-identifier down.Down --output /Users/harishvishwakarma/Library/Developer/Xcode/DerivedData/Revolt-dharrjsambcimaaziudpvzjdcigm/Build/Products/Debug-iphoneos/Down.appintents --target-triple arm64-apple-ios12.0 --binary-file /Users/harishvishwakarma/Library/Developer/Xcode/DerivedData/Revolt-dharrjsambcimaaziudpvzjdcigm/Build/Products/Debug-iphoneos/Down.o --dependency-file /Users/harishvishwakarma/Library/Developer/Xcode/DerivedData/Revolt-dharrjsambcimaaziudpvzjdcigm/Build/Intermediates.noindex/Down.build/Debug-iphoneos/Down.build/Objects-normal/arm64/Down_dependency_info.dat --stringsdata-file /Users/harishvishwakarma/Library/Developer/Xcode/DerivedData/Revolt-dharrjsambcimaaziudpvzjdcigm/Build/Intermediates.noindex/Down.build/Debug-iphoneos/Down.build/Objects-normal/arm64/ExtractedAppShortcutsMetadata.stringsdata --source-file-list /Users/harishvishwakarma/Library/Developer/Xcode/DerivedData/Revolt-dharrjsambcimaaziudpvzjdcigm/Build/Intermediates.noindex/Down.build/Debug-iphoneos/Down.build/Objects-normal/arm64/Down.SwiftFileList --metadata-file-list /Users/harishvishwakarma/Library/Developer/Xcode/DerivedData/Revolt-dharrjsambcimaaziudpvzjdcigm/Build/Intermediates.noindex/Down.build/Debug-iphoneos/Down.build/Down.DependencyMetadataFileList --static-metadata-file-list /Users/harishvishwakarma/Library/Developer/Xcode/DerivedData/Revolt-dharrjsambcimaaziudpvzjdcigm/Build/Intermediates.noindex/Down.build/Debug-iphoneos/Down.build/Down.DependencyStaticMetadataFileList --swift-const-vals-list /Users/harishvishwakarma/Library/Developer/Xcode/DerivedData/Revolt-dharrjsambcimaaziudpvzjdcigm/Build/Intermediates.noindex/Down.build/Debug-iphoneos/Down.build/Objects-normal/arm64/Down.SwiftConstValuesFileList --force --compile-time-extraction --deployment-aware-processing --validate-assistant-intents --no-app-shortcuts-localization
2026-01-08 18:38:32.153 appintentsmetadataprocessor[99666:1138256] Starting appintentsmetadataprocessor export
2026-01-08 18:38:32.222 appintentsmetadataprocessor[99666:1138256] Extracted no relevant App Intents symbols, skipping writing output

SwiftDriver SwiftBasicFormat normal arm64 com.apple.xcode.tools.swift.compiler (in target 'SwiftBasicFormat' from project 'swift-syntax')
    cd /Users/harishvishwakarma/Handy/Archem/pepchat-ios/Revolt.xcodeproj
    builtin-SwiftDriver -- /Applications/Xcode.app/Contents/Developer/Toolchains/XcodeDefault.xctoolchain/usr/bin/swiftc -module-name SwiftBasicFormat -Onone -enforce-exclusivity\=checked @/Users/harishvishwakarma/Library/Developer/Xcode/DerivedData/Revolt-dharrjsambcimaaziudpvzjdcigm/Build/Intermediates.noindex/swift-syntax.build/Debug/SwiftBasicFormat.build/Objects-normal/arm64/SwiftBasicFormat.SwiftFileList -DSWIFT_PACKAGE -DDEBUG -DXcode -plugin-path /Applications/Xcode.app/Contents/Developer/Toolchains/XcodeDefault.xctoolchain/usr/lib/swift/host/plugins/testing -enable-experimental-feature DebugDescriptionMacro -sdk /Applications/Xcode.app/Contents/Developer/Platforms/MacOSX.platform/Developer/SDKs/MacOSX15.5.sdk -target arm64-apple-macos10.15 -g -module-cache-path /Users/harishvishwakarma/Library/Developer/Xcode/DerivedData/ModuleCache.noindex -Xfrontend -serialize-debugging-options -enable-testing -suppress-warnings -index-store-path /Users/harishvishwakarma/Library/Developer/Xcode/DerivedData/Revolt-dharrjsambcimaaziudpvzjdcigm/Index.noindex/DataStore -swift-version 5 -I /Users/harishvishwakarma/Library/Developer/Xcode/DerivedData/Revolt-dharrjsambcimaaziudpvzjdcigm/Build/Products/Debug -I /Applications/Xcode.app/Contents/Developer/Platforms/MacOSX.platform/Developer/usr/lib -F /Users/harishvishwakarma/Library/Developer/Xcode/DerivedData/Revolt-dharrjsambcimaaziudpvzjdcigm/Build/Products/Debug/PackageFrameworks -F /Users/harishvishwakarma/Library/Developer/Xcode/DerivedData/Revolt-dharrjsambcimaaziudpvzjdcigm/Build/Products/Debug/PackageFrameworks -F /Users/harishvishwakarma/Library/Developer/Xcode/DerivedData/Revolt-dharrjsambcimaaziudpvzjdcigm/Build/Products/Debug -F /Applications/Xcode.app/Contents/Developer/Platforms/MacOSX.platform/Developer/Library/Frameworks -c -j12 -enable-batch-mode -incremental -Xcc -ivfsstatcache -Xcc /Users/harishvishwakarma/Library/Developer/Xcode/DerivedData/SDKStatCaches.noindex/macosx15.5-24F74-8254517eb8b97d462ccbc072ba9094c9.sdkstatcache -output-file-map /Users/harishvishwakarma/Library/Developer/Xcode/DerivedData/Revolt-dharrjsambcimaaziudpvzjdcigm/Build/Intermediates.noindex/swift-syntax.build/Debug/SwiftBasicFormat.build/Objects-normal/arm64/SwiftBasicFormat-OutputFileMap.json -use-frontend-parseable-output -save-temps -no-color-diagnostics -serialize-diagnostics -emit-dependencies -emit-module -emit-module-path /Users/harishvishwakarma/Library/Developer/Xcode/DerivedData/Revolt-dharrjsambcimaaziudpvzjdcigm/Build/Intermediates.noindex/swift-syntax.build/Debug/SwiftBasicFormat.build/Objects-normal/arm64/SwiftBasicFormat.swiftmodule -validate-clang-modules-once -clang-build-session-file /Users/harishvishwakarma/Library/Developer/Xcode/DerivedData/ModuleCache.noindex/Session.modulevalidation -Xcc -I/Users/harishvishwakarma/Library/Developer/Xcode/DerivedData/Revolt-dharrjsambcimaaziudpvzjdcigm/Build/Intermediates.noindex/swift-syntax.build/Debug/SwiftBasicFormat.build/swift-overrides.hmap -emit-const-values -Xfrontend -const-gather-protocols-file -Xfrontend /Users/harishvishwakarma/Library/Developer/Xcode/DerivedData/Revolt-dharrjsambcimaaziudpvzjdcigm/Build/Intermediates.noindex/swift-syntax.build/Debug/SwiftBasicFormat.build/Objects-normal/arm64/SwiftBasicFormat_const_extract_protocols.json -Xcc -I/Users/harishvishwakarma/Library/Developer/Xcode/DerivedData/Revolt-dharrjsambcimaaziudpvzjdcigm/Build/Products/Debug/include -Xcc -I/Users/harishvishwakarma/Library/Developer/Xcode/DerivedData/Revolt-dharrjsambcimaaziudpvzjdcigm/Build/Intermediates.noindex/swift-syntax.build/Debug/SwiftBasicFormat.build/DerivedSources-normal/arm64 -Xcc -I/Users/harishvishwakarma/Library/Developer/Xcode/DerivedData/Revolt-dharrjsambcimaaziudpvzjdcigm/Build/Intermediates.noindex/swift-syntax.build/Debug/SwiftBasicFormat.build/DerivedSources/arm64 -Xcc -I/Users/harishvishwakarma/Library/Developer/Xcode/DerivedData/Revolt-dharrjsambcimaaziudpvzjdcigm/Build/Intermediates.noindex/swift-syntax.build/Debug/SwiftBasicFormat.build/DerivedSources -Xcc -DSWIFT_PACKAGE -Xcc -DDEBUG\=1 -emit-objc-header -emit-objc-header-path /Users/harishvishwakarma/Library/Developer/Xcode/DerivedData/Revolt-dharrjsambcimaaziudpvzjdcigm/Build/Intermediates.noindex/swift-syntax.build/Debug/SwiftBasicFormat.build/Objects-normal/arm64/SwiftBasicFormat-Swift.h -working-directory /Users/harishvishwakarma/Handy/Archem/pepchat-ios/Revolt.xcodeproj -experimental-emit-module-separately -disable-cmo

SwiftDriver NavigationTransition normal arm64 com.apple.xcode.tools.swift.compiler (in target 'NavigationTransition' from project 'swiftui-navigation-transitions')
    cd /Users/harishvishwakarma/Handy/Archem/pepchat-ios/Revolt.xcodeproj
    builtin-SwiftDriver -- /Applications/Xcode.app/Contents/Developer/Toolchains/XcodeDefault.xctoolchain/usr/bin/swiftc -module-name NavigationTransition -Onone -enforce-exclusivity\=checked @/Users/harishvishwakarma/Library/Developer/Xcode/DerivedData/Revolt-dharrjsambcimaaziudpvzjdcigm/Build/Intermediates.noindex/swiftui-navigation-transitions.build/Debug-iphoneos/NavigationTransition.build/Objects-normal/arm64/NavigationTransition.SwiftFileList -DSWIFT_PACKAGE -DDEBUG -DXcode -plugin-path /Applications/Xcode.app/Contents/Developer/Toolchains/XcodeDefault.xctoolchain/usr/lib/swift/host/plugins/testing -enable-experimental-feature DebugDescriptionMacro -sdk /Applications/Xcode.app/Contents/Developer/Platforms/iPhoneOS.platform/Developer/SDKs/iPhoneOS18.5.sdk -target arm64-apple-ios13.0 -g -module-cache-path /Users/harishvishwakarma/Library/Developer/Xcode/DerivedData/ModuleCache.noindex -Xfrontend -serialize-debugging-options -enable-testing -suppress-warnings -index-store-path /Users/harishvishwakarma/Library/Developer/Xcode/DerivedData/Revolt-dharrjsambcimaaziudpvzjdcigm/Index.noindex/DataStore -swift-version 5 -I /Users/harishvishwakarma/Library/Developer/Xcode/DerivedData/Revolt-dharrjsambcimaaziudpvzjdcigm/Build/Products/Debug-iphoneos -I /Applications/Xcode.app/Contents/Developer/Platforms/iPhoneOS.platform/Developer/usr/lib -F /Users/harishvishwakarma/Library/Developer/Xcode/DerivedData/Revolt-dharrjsambcimaaziudpvzjdcigm/Build/Products/Debug-iphoneos/PackageFrameworks -F /Users/harishvishwakarma/Library/Developer/Xcode/DerivedData/Revolt-dharrjsambcimaaziudpvzjdcigm/Build/Products/Debug-iphoneos/PackageFrameworks -F /Users/harishvishwakarma/Library/Developer/Xcode/DerivedData/Revolt-dharrjsambcimaaziudpvzjdcigm/Build/Products/Debug-iphoneos/PackageFrameworks -F /Users/harishvishwakarma/Library/Developer/Xcode/DerivedData/Revolt-dharrjsambcimaaziudpvzjdcigm/Build/Products/Debug-iphoneos -F /Applications/Xcode.app/Contents/Developer/Platforms/iPhoneOS.platform/Developer/Library/Frameworks -F /Applications/Xcode.app/Contents/Developer/Platforms/iPhoneOS.platform/Developer/SDKs/iPhoneOS18.5.sdk/Developer/Library/Frameworks -c -j12 -enable-batch-mode -incremental -Xcc -ivfsstatcache -Xcc /Users/harishvishwakarma/Library/Developer/Xcode/DerivedData/SDKStatCaches.noindex/iphoneos18.5-22F76-7fa4eea80a99bbfdc046826b63ec4baf.sdkstatcache -output-file-map /Users/harishvishwakarma/Library/Developer/Xcode/DerivedData/Revolt-dharrjsambcimaaziudpvzjdcigm/Build/Intermediates.noindex/swiftui-navigation-transitions.build/Debug-iphoneos/NavigationTransition.build/Objects-normal/arm64/NavigationTransition-OutputFileMap.json -use-frontend-parseable-output -save-temps -no-color-diagnostics -serialize-diagnostics -emit-dependencies -emit-module -emit-module-path /Users/harishvishwakarma/Library/Developer/Xcode/DerivedData/Revolt-dharrjsambcimaaziudpvzjdcigm/Build/Intermediates.noindex/swiftui-navigation-transitions.build/Debug-iphoneos/NavigationTransition.build/Objects-normal/arm64/NavigationTransition.swiftmodule -validate-clang-modules-once -clang-build-session-file /Users/harishvishwakarma/Library/Developer/Xcode/DerivedData/ModuleCache.noindex/Session.modulevalidation -package-name swiftui_navigation_transitions -Xcc -I/Users/harishvishwakarma/Library/Developer/Xcode/DerivedData/Revolt-dharrjsambcimaaziudpvzjdcigm/Build/Intermediates.noindex/swiftui-navigation-transitions.build/Debug-iphoneos/NavigationTransition.build/swift-overrides.hmap -emit-const-values -Xfrontend -const-gather-protocols-file -Xfrontend /Users/harishvishwakarma/Library/Developer/Xcode/DerivedData/Revolt-dharrjsambcimaaziudpvzjdcigm/Build/Intermediates.noindex/swiftui-navigation-transitions.build/Debug-iphoneos/NavigationTransition.build/Objects-normal/arm64/NavigationTransition_const_extract_protocols.json -Xcc -I/Users/harishvishwakarma/Library/Developer/Xcode/DerivedData/Revolt-dharrjsambcimaaziudpvzjdcigm/Build/Products/Debug-iphoneos/include -Xcc -I/Users/harishvishwakarma/Library/Developer/Xcode/DerivedData/Revolt-dharrjsambcimaaziudpvzjdcigm/Build/Intermediates.noindex/swiftui-navigation-transitions.build/Debug-iphoneos/NavigationTransition.build/DerivedSources-normal/arm64 -Xcc -I/Users/harishvishwakarma/Library/Developer/Xcode/DerivedData/Revolt-dharrjsambcimaaziudpvzjdcigm/Build/Intermediates.noindex/swiftui-navigation-transitions.build/Debug-iphoneos/NavigationTransition.build/DerivedSources/arm64 -Xcc -I/Users/harishvishwakarma/Library/Developer/Xcode/DerivedData/Revolt-dharrjsambcimaaziudpvzjdcigm/Build/Intermediates.noindex/swiftui-navigation-transitions.build/Debug-iphoneos/NavigationTransition.build/DerivedSources -Xcc -DSWIFT_PACKAGE -Xcc -DDEBUG\=1 -emit-objc-header -emit-objc-header-path /Users/harishvishwakarma/Library/Developer/Xcode/DerivedData/Revolt-dharrjsambcimaaziudpvzjdcigm/Build/Intermediates.noindex/swiftui-navigation-transitions.build/Debug-iphoneos/NavigationTransition.build/Objects-normal/arm64/NavigationTransition-Swift.h -working-directory /Users/harishvishwakarma/Handy/Archem/pepchat-ios/Revolt.xcodeproj -experimental-emit-module-separately -disable-cmo

SwiftEmitModule normal x86_64 Emitting\ module\ for\ SwiftBasicFormat (in target 'SwiftBasicFormat' from project 'swift-syntax')

EmitSwiftModule normal x86_64 (in target 'SwiftBasicFormat' from project 'swift-syntax')
    cd /Users/harishvishwakarma/Handy/Archem/pepchat-ios/Revolt.xcodeproj
    

SwiftEmitModule normal arm64 Emitting\ module\ for\ SwiftBasicFormat (in target 'SwiftBasicFormat' from project 'swift-syntax')

EmitSwiftModule normal arm64 (in target 'SwiftBasicFormat' from project 'swift-syntax')
    cd /Users/harishvishwakarma/Handy/Archem/pepchat-ios/Revolt.xcodeproj
    

SwiftEmitModule normal arm64 Emitting\ module\ for\ NavigationTransition (in target 'NavigationTransition' from project 'swiftui-navigation-transitions')
EmitSwiftModule normal arm64 (in target 'NavigationTransition' from project 'swiftui-navigation-transitions')
    cd /Users/harishvishwakarma/Handy/Archem/pepchat-ios/Revolt.xcodeproj
    

SwiftDriver Collections normal arm64 com.apple.xcode.tools.swift.compiler (in target 'Collections' from project 'swift-collections')
    cd /Users/harishvishwakarma/Handy/Archem/pepchat-ios/Revolt.xcodeproj
    builtin-SwiftDriver -- /Applications/Xcode.app/Contents/Developer/Toolchains/XcodeDefault.xctoolchain/usr/bin/swiftc -module-name Collections -Onone -enforce-exclusivity\=checked @/Users/harishvishwakarma/Library/Developer/Xcode/DerivedData/Revolt-dharrjsambcimaaziudpvzjdcigm/Build/Intermediates.noindex/swift-collections.build/Debug-iphoneos/Collections.build/Objects-normal/arm64/Collections.SwiftFileList -DSWIFT_PACKAGE -DDEBUG -DCOLLECTIONS_RANDOMIZED_TESTING -DXcode -plugin-path /Applications/Xcode.app/Contents/Developer/Toolchains/XcodeDefault.xctoolchain/usr/lib/swift/host/plugins/testing -enable-experimental-feature DebugDescriptionMacro -sdk /Applications/Xcode.app/Contents/Developer/Platforms/iPhoneOS.platform/Developer/SDKs/iPhoneOS18.5.sdk -target arm64-apple-ios12.0 -g -module-cache-path /Users/harishvishwakarma/Library/Developer/Xcode/DerivedData/ModuleCache.noindex -Xfrontend -serialize-debugging-options -enable-testing -suppress-warnings -index-store-path /Users/harishvishwakarma/Library/Developer/Xcode/DerivedData/Revolt-dharrjsambcimaaziudpvzjdcigm/Index.noindex/DataStore -swift-version 5 -I /Users/harishvishwakarma/Library/Developer/Xcode/DerivedData/Revolt-dharrjsambcimaaziudpvzjdcigm/Build/Products/Debug-iphoneos -I /Applications/Xcode.app/Contents/Developer/Platforms/iPhoneOS.platform/Developer/usr/lib -F /Users/harishvishwakarma/Library/Developer/Xcode/DerivedData/Revolt-dharrjsambcimaaziudpvzjdcigm/Build/Products/Debug-iphoneos/PackageFrameworks -F /Users/harishvishwakarma/Library/Developer/Xcode/DerivedData/Revolt-dharrjsambcimaaziudpvzjdcigm/Build/Products/Debug-iphoneos/PackageFrameworks -F /Users/harishvishwakarma/Library/Developer/Xcode/DerivedData/Revolt-dharrjsambcimaaziudpvzjdcigm/Build/Products/Debug-iphoneos/PackageFrameworks -F /Users/harishvishwakarma/Library/Developer/Xcode/DerivedData/Revolt-dharrjsambcimaaziudpvzjdcigm/Build/Products/Debug-iphoneos/PackageFrameworks -F /Users/harishvishwakarma/Library/Developer/Xcode/DerivedData/Revolt-dharrjsambcimaaziudpvzjdcigm/Build/Products/Debug-iphoneos/PackageFrameworks -F /Users/harishvishwakarma/Library/Developer/Xcode/DerivedData/Revolt-dharrjsambcimaaziudpvzjdcigm/Build/Products/Debug-iphoneos/PackageFrameworks -F /Users/harishvishwakarma/Library/Developer/Xcode/DerivedData/Revolt-dharrjsambcimaaziudpvzjdcigm/Build/Products/Debug-iphoneos/PackageFrameworks -F /Users/harishvishwakarma/Library/Developer/Xcode/DerivedData/Revolt-dharrjsambcimaaziudpvzjdcigm/Build/Products/Debug-iphoneos -F /Applications/Xcode.app/Contents/Developer/Platforms/iPhoneOS.platform/Developer/Library/Frameworks -F /Applications/Xcode.app/Contents/Developer/Platforms/iPhoneOS.platform/Developer/SDKs/iPhoneOS18.5.sdk/Developer/Library/Frameworks -parse-as-library -c -j12 -enable-batch-mode -incremental -Xcc -ivfsstatcache -Xcc /Users/harishvishwakarma/Library/Developer/Xcode/DerivedData/SDKStatCaches.noindex/iphoneos18.5-22F76-7fa4eea80a99bbfdc046826b63ec4baf.sdkstatcache -output-file-map /Users/harishvishwakarma/Library/Developer/Xcode/DerivedData/Revolt-dharrjsambcimaaziudpvzjdcigm/Build/Intermediates.noindex/swift-collections.build/Debug-iphoneos/Collections.build/Objects-normal/arm64/Collections-OutputFileMap.json -use-frontend-parseable-output -save-temps -no-color-diagnostics -serialize-diagnostics -emit-dependencies -emit-module -emit-module-path /Users/harishvishwakarma/Library/Developer/Xcode/DerivedData/Revolt-dharrjsambcimaaziudpvzjdcigm/Build/Intermediates.noindex/swift-collections.build/Debug-iphoneos/Collections.build/Objects-normal/arm64/Collections.swiftmodule -validate-clang-modules-once -clang-build-session-file /Users/harishvishwakarma/Library/Developer/Xcode/DerivedData/ModuleCache.noindex/Session.modulevalidation -Xcc -I/Users/harishvishwakarma/Library/Developer/Xcode/DerivedData/Revolt-dharrjsambcimaaziudpvzjdcigm/Build/Intermediates.noindex/swift-collections.build/Debug-iphoneos/Collections.build/swift-overrides.hmap -emit-const-values -Xfrontend -const-gather-protocols-file -Xfrontend /Users/harishvishwakarma/Library/Developer/Xcode/DerivedData/Revolt-dharrjsambcimaaziudpvzjdcigm/Build/Intermediates.noindex/swift-collections.build/Debug-iphoneos/Collections.build/Objects-normal/arm64/Collections_const_extract_protocols.json -Xcc -I/Users/harishvishwakarma/Library/Developer/Xcode/DerivedData/Revolt-dharrjsambcimaaziudpvzjdcigm/Build/Products/Debug-iphoneos/include -Xcc -I/Users/harishvishwakarma/Library/Developer/Xcode/DerivedData/Revolt-dharrjsambcimaaziudpvzjdcigm/Build/Intermediates.noindex/swift-collections.build/Debug-iphoneos/Collections.build/DerivedSources-normal/arm64 -Xcc -I/Users/harishvishwakarma/Library/Developer/Xcode/DerivedData/Revolt-dharrjsambcimaaziudpvzjdcigm/Build/Intermediates.noindex/swift-collections.build/Debug-iphoneos/Collections.build/DerivedSources/arm64 -Xcc -I/Users/harishvishwakarma/Library/Developer/Xcode/DerivedData/Revolt-dharrjsambcimaaziudpvzjdcigm/Build/Intermediates.noindex/swift-collections.build/Debug-iphoneos/Collections.build/DerivedSources -Xcc -DSWIFT_PACKAGE -Xcc -DDEBUG\=1 -emit-objc-header -emit-objc-header-path /Users/harishvishwakarma/Library/Developer/Xcode/DerivedData/Revolt-dharrjsambcimaaziudpvzjdcigm/Build/Intermediates.noindex/swift-collections.build/Debug-iphoneos/Collections.build/Objects-normal/arm64/Collections-Swift.h -working-directory /Users/harishvishwakarma/Handy/Archem/pepchat-ios/Revolt.xcodeproj -experimental-emit-module-separately -disable-cmo

SwiftDriverJobDiscovery normal arm64 Compiling Declarations.swift, Directives.swift, ExperimentalFeatures.swift, Expressions.swift (in target 'SwiftParser' from project 'swift-syntax')

SwiftCompile normal arm64 Compiling\ BasicFormat.swift /Users/harishvishwakarma/Library/Developer/Xcode/DerivedData/Revolt-dharrjsambcimaaziudpvzjdcigm/SourcePackages/checkouts/swift-syntax/Sources/SwiftBasicFormat/BasicFormat.swift (in target 'SwiftBasicFormat' from project 'swift-syntax')
SwiftCompile normal arm64 /Users/harishvishwakarma/Library/Developer/Xcode/DerivedData/Revolt-dharrjsambcimaaziudpvzjdcigm/SourcePackages/checkouts/swift-syntax/Sources/SwiftBasicFormat/BasicFormat.swift (in target 'SwiftBasicFormat' from project 'swift-syntax')
    cd /Users/harishvishwakarma/Handy/Archem/pepchat-ios/Revolt.xcodeproj
    

SwiftEmitModule normal arm64 Emitting\ module\ for\ Collections (in target 'Collections' from project 'swift-collections')

SwiftCompile normal arm64 /Users/harishvishwakarma/Library/Developer/Xcode/DerivedData/Revolt-dharrjsambcimaaziudpvzjdcigm/SourcePackages/checkouts/swift-collections/Sources/Collections/Collections.swift (in target 'Collections' from project 'swift-collections')
    cd /Users/harishvishwakarma/Handy/Archem/pepchat-ios/Revolt.xcodeproj
    

SwiftDriverJobDiscovery normal arm64 Compiling Convenience.swift (in target 'SwiftDiagnostics' from project 'swift-syntax')

SwiftDriver\ Compilation SwiftParser normal arm64 com.apple.xcode.tools.swift.compiler (in target 'SwiftParser' from project 'swift-syntax')
    cd /Users/harishvishwakarma/Handy/Archem/pepchat-ios/Revolt.xcodeproj
    builtin-Swift-Compilation -- /Applications/Xcode.app/Contents/Developer/Toolchains/XcodeDefault.xctoolchain/usr/bin/swiftc -module-name SwiftParser -Onone -enforce-exclusivity\=checked @/Users/harishvishwakarma/Library/Developer/Xcode/DerivedData/Revolt-dharrjsambcimaaziudpvzjdcigm/Build/Intermediates.noindex/swift-syntax.build/Debug/SwiftParser.build/Objects-normal/arm64/SwiftParser.SwiftFileList -DSWIFT_PACKAGE -DDEBUG -DXcode -plugin-path /Applications/Xcode.app/Contents/Developer/Toolchains/XcodeDefault.xctoolchain/usr/lib/swift/host/plugins/testing -enable-experimental-feature DebugDescriptionMacro -sdk /Applications/Xcode.app/Contents/Developer/Platforms/MacOSX.platform/Developer/SDKs/MacOSX15.5.sdk -target arm64-apple-macos10.15 -g -module-cache-path /Users/harishvishwakarma/Library/Developer/Xcode/DerivedData/ModuleCache.noindex -Xfrontend -serialize-debugging-options -enable-testing -suppress-warnings -index-store-path /Users/harishvishwakarma/Library/Developer/Xcode/DerivedData/Revolt-dharrjsambcimaaziudpvzjdcigm/Index.noindex/DataStore -swift-version 5 -I /Users/harishvishwakarma/Library/Developer/Xcode/DerivedData/Revolt-dharrjsambcimaaziudpvzjdcigm/Build/Products/Debug -I /Applications/Xcode.app/Contents/Developer/Platforms/MacOSX.platform/Developer/usr/lib -F /Users/harishvishwakarma/Library/Developer/Xcode/DerivedData/Revolt-dharrjsambcimaaziudpvzjdcigm/Build/Products/Debug/PackageFrameworks -F /Users/harishvishwakarma/Library/Developer/Xcode/DerivedData/Revolt-dharrjsambcimaaziudpvzjdcigm/Build/Products/Debug/PackageFrameworks -F /Users/harishvishwakarma/Library/Developer/Xcode/DerivedData/Revolt-dharrjsambcimaaziudpvzjdcigm/Build/Products/Debug -F /Applications/Xcode.app/Contents/Developer/Platforms/MacOSX.platform/Developer/Library/Frameworks -c -j12 -enable-batch-mode -incremental -Xcc -ivfsstatcache -Xcc /Users/harishvishwakarma/Library/Developer/Xcode/DerivedData/SDKStatCaches.noindex/macosx15.5-24F74-8254517eb8b97d462ccbc072ba9094c9.sdkstatcache -output-file-map /Users/harishvishwakarma/Library/Developer/Xcode/DerivedData/Revolt-dharrjsambcimaaziudpvzjdcigm/Build/Intermediates.noindex/swift-syntax.build/Debug/SwiftParser.build/Objects-normal/arm64/SwiftParser-OutputFileMap.json -use-frontend-parseable-output -save-temps -no-color-diagnostics -serialize-diagnostics -emit-dependencies -emit-module -emit-module-path /Users/harishvishwakarma/Library/Developer/Xcode/DerivedData/Revolt-dharrjsambcimaaziudpvzjdcigm/Build/Intermediates.noindex/swift-syntax.build/Debug/SwiftParser.build/Objects-normal/arm64/SwiftParser.swiftmodule -validate-clang-modules-once -clang-build-session-file /Users/harishvishwakarma/Library/Developer/Xcode/DerivedData/ModuleCache.noindex/Session.modulevalidation -Xcc -I/Users/harishvishwakarma/Library/Developer/Xcode/DerivedData/Revolt-dharrjsambcimaaziudpvzjdcigm/Build/Intermediates.noindex/swift-syntax.build/Debug/SwiftParser.build/swift-overrides.hmap -emit-const-values -Xfrontend -const-gather-protocols-file -Xfrontend /Users/harishvishwakarma/Library/Developer/Xcode/DerivedData/Revolt-dharrjsambcimaaziudpvzjdcigm/Build/Intermediates.noindex/swift-syntax.build/Debug/SwiftParser.build/Objects-normal/arm64/SwiftParser_const_extract_protocols.json -Xcc -I/Users/harishvishwakarma/Library/Developer/Xcode/DerivedData/Revolt-dharrjsambcimaaziudpvzjdcigm/Build/Products/Debug/include -Xcc -I/Users/harishvishwakarma/Library/Developer/Xcode/DerivedData/Revolt-dharrjsambcimaaziudpvzjdcigm/Build/Intermediates.noindex/swift-syntax.build/Debug/SwiftParser.build/DerivedSources-normal/arm64 -Xcc -I/Users/harishvishwakarma/Library/Developer/Xcode/DerivedData/Revolt-dharrjsambcimaaziudpvzjdcigm/Build/Intermediates.noindex/swift-syntax.build/Debug/SwiftParser.build/DerivedSources/arm64 -Xcc -I/Users/harishvishwakarma/Library/Developer/Xcode/DerivedData/Revolt-dharrjsambcimaaziudpvzjdcigm/Build/Intermediates.noindex/swift-syntax.build/Debug/SwiftParser.build/DerivedSources -Xcc -DSWIFT_PACKAGE -Xcc -DDEBUG\=1 -emit-objc-header -emit-objc-header-path /Users/harishvishwakarma/Library/Developer/Xcode/DerivedData/Revolt-dharrjsambcimaaziudpvzjdcigm/Build/Intermediates.noindex/swift-syntax.build/Debug/SwiftParser.build/Objects-normal/arm64/SwiftParser-Swift.h -working-directory /Users/harishvishwakarma/Handy/Archem/pepchat-ios/Revolt.xcodeproj -experimental-emit-module-separately -disable-cmo

SwiftDriverJobDiscovery normal arm64 Compiling Note.swift (in target 'SwiftDiagnostics' from project 'swift-syntax')

SwiftCompile normal x86_64 Compiling\ Syntax+Extensions.swift /Users/harishvishwakarma/Library/Developer/Xcode/DerivedData/Revolt-dharrjsambcimaaziudpvzjdcigm/SourcePackages/checkouts/swift-syntax/Sources/SwiftBasicFormat/Syntax+Extensions.swift (in target 'SwiftBasicFormat' from project 'swift-syntax')

SwiftCompile normal x86_64 /Users/harishvishwakarma/Library/Developer/Xcode/DerivedData/Revolt-dharrjsambcimaaziudpvzjdcigm/SourcePackages/checkouts/swift-syntax/Sources/SwiftBasicFormat/Syntax+Extensions.swift (in target 'SwiftBasicFormat' from project 'swift-syntax')
    cd /Users/harishvishwakarma/Handy/Archem/pepchat-ios/Revolt.xcodeproj
    

SwiftCompile normal arm64 Compiling\ Syntax+Extensions.swift /Users/harishvishwakarma/Library/Developer/Xcode/DerivedData/Revolt-dharrjsambcimaaziudpvzjdcigm/SourcePackages/checkouts/swift-syntax/Sources/SwiftBasicFormat/Syntax+Extensions.swift (in target 'SwiftBasicFormat' from project 'swift-syntax')

SwiftCompile normal arm64 /Users/harishvishwakarma/Library/Developer/Xcode/DerivedData/Revolt-dharrjsambcimaaziudpvzjdcigm/SourcePackages/checkouts/swift-syntax/Sources/SwiftBasicFormat/Syntax+Extensions.swift (in target 'SwiftBasicFormat' from project 'swift-syntax')
    cd /Users/harishvishwakarma/Handy/Archem/pepchat-ios/Revolt.xcodeproj
    

SwiftDriverJobDiscovery normal x86_64 Compiling Note.swift (in target 'SwiftDiagnostics' from project 'swift-syntax')

SwiftCompile normal x86_64 Compiling\ SyntaxProtocol+Formatted.swift /Users/harishvishwakarma/Library/Developer/Xcode/DerivedData/Revolt-dharrjsambcimaaziudpvzjdcigm/SourcePackages/checkouts/swift-syntax/Sources/SwiftBasicFormat/SyntaxProtocol+Formatted.swift (in target 'SwiftBasicFormat' from project 'swift-syntax')

SwiftCompile normal x86_64 /Users/harishvishwakarma/Library/Developer/Xcode/DerivedData/Revolt-dharrjsambcimaaziudpvzjdcigm/SourcePackages/checkouts/swift-syntax/Sources/SwiftBasicFormat/SyntaxProtocol+Formatted.swift (in target 'SwiftBasicFormat' from project 'swift-syntax')
    cd /Users/harishvishwakarma/Handy/Archem/pepchat-ios/Revolt.xcodeproj
    

SwiftDriverJobDiscovery normal arm64 Emitting module for Collections (in target 'Collections' from project 'swift-collections')

SwiftDriver\ Compilation\ Requirements Collections normal arm64 com.apple.xcode.tools.swift.compiler (in target 'Collections' from project 'swift-collections')
    cd /Users/harishvishwakarma/Handy/Archem/pepchat-ios/Revolt.xcodeproj
    builtin-Swift-Compilation-Requirements -- /Applications/Xcode.app/Contents/Developer/Toolchains/XcodeDefault.xctoolchain/usr/bin/swiftc -module-name Collections -Onone -enforce-exclusivity\=checked @/Users/harishvishwakarma/Library/Developer/Xcode/DerivedData/Revolt-dharrjsambcimaaziudpvzjdcigm/Build/Intermediates.noindex/swift-collections.build/Debug-iphoneos/Collections.build/Objects-normal/arm64/Collections.SwiftFileList -DSWIFT_PACKAGE -DDEBUG -DCOLLECTIONS_RANDOMIZED_TESTING -DXcode -plugin-path /Applications/Xcode.app/Contents/Developer/Toolchains/XcodeDefault.xctoolchain/usr/lib/swift/host/plugins/testing -enable-experimental-feature DebugDescriptionMacro -sdk /Applications/Xcode.app/Contents/Developer/Platforms/iPhoneOS.platform/Developer/SDKs/iPhoneOS18.5.sdk -target arm64-apple-ios12.0 -g -module-cache-path /Users/harishvishwakarma/Library/Developer/Xcode/DerivedData/ModuleCache.noindex -Xfrontend -serialize-debugging-options -enable-testing -suppress-warnings -index-store-path /Users/harishvishwakarma/Library/Developer/Xcode/DerivedData/Revolt-dharrjsambcimaaziudpvzjdcigm/Index.noindex/DataStore -swift-version 5 -I /Users/harishvishwakarma/Library/Developer/Xcode/DerivedData/Revolt-dharrjsambcimaaziudpvzjdcigm/Build/Products/Debug-iphoneos -I /Applications/Xcode.app/Contents/Developer/Platforms/iPhoneOS.platform/Developer/usr/lib -F /Users/harishvishwakarma/Library/Developer/Xcode/DerivedData/Revolt-dharrjsambcimaaziudpvzjdcigm/Build/Products/Debug-iphoneos/PackageFrameworks -F /Users/harishvishwakarma/Library/Developer/Xcode/DerivedData/Revolt-dharrjsambcimaaziudpvzjdcigm/Build/Products/Debug-iphoneos/PackageFrameworks -F /Users/harishvishwakarma/Library/Developer/Xcode/DerivedData/Revolt-dharrjsambcimaaziudpvzjdcigm/Build/Products/Debug-iphoneos/PackageFrameworks -F /Users/harishvishwakarma/Library/Developer/Xcode/DerivedData/Revolt-dharrjsambcimaaziudpvzjdcigm/Build/Products/Debug-iphoneos/PackageFrameworks -F /Users/harishvishwakarma/Library/Developer/Xcode/DerivedData/Revolt-dharrjsambcimaaziudpvzjdcigm/Build/Products/Debug-iphoneos/PackageFrameworks -F /Users/harishvishwakarma/Library/Developer/Xcode/DerivedData/Revolt-dharrjsambcimaaziudpvzjdcigm/Build/Products/Debug-iphoneos/PackageFrameworks -F /Users/harishvishwakarma/Library/Developer/Xcode/DerivedData/Revolt-dharrjsambcimaaziudpvzjdcigm/Build/Products/Debug-iphoneos/PackageFrameworks -F /Users/harishvishwakarma/Library/Developer/Xcode/DerivedData/Revolt-dharrjsambcimaaziudpvzjdcigm/Build/Products/Debug-iphoneos -F /Applications/Xcode.app/Contents/Developer/Platforms/iPhoneOS.platform/Developer/Library/Frameworks -F /Applications/Xcode.app/Contents/Developer/Platforms/iPhoneOS.platform/Developer/SDKs/iPhoneOS18.5.sdk/Developer/Library/Frameworks -parse-as-library -c -j12 -enable-batch-mode -incremental -Xcc -ivfsstatcache -Xcc /Users/harishvishwakarma/Library/Developer/Xcode/DerivedData/SDKStatCaches.noindex/iphoneos18.5-22F76-7fa4eea80a99bbfdc046826b63ec4baf.sdkstatcache -output-file-map /Users/harishvishwakarma/Library/Developer/Xcode/DerivedData/Revolt-dharrjsambcimaaziudpvzjdcigm/Build/Intermediates.noindex/swift-collections.build/Debug-iphoneos/Collections.build/Objects-normal/arm64/Collections-OutputFileMap.json -use-frontend-parseable-output -save-temps -no-color-diagnostics -serialize-diagnostics -emit-dependencies -emit-module -emit-module-path /Users/harishvishwakarma/Library/Developer/Xcode/DerivedData/Revolt-dharrjsambcimaaziudpvzjdcigm/Build/Intermediates.noindex/swift-collections.build/Debug-iphoneos/Collections.build/Objects-normal/arm64/Collections.swiftmodule -validate-clang-modules-once -clang-build-session-file /Users/harishvishwakarma/Library/Developer/Xcode/DerivedData/ModuleCache.noindex/Session.modulevalidation -Xcc -I/Users/harishvishwakarma/Library/Developer/Xcode/DerivedData/Revolt-dharrjsambcimaaziudpvzjdcigm/Build/Intermediates.noindex/swift-collections.build/Debug-iphoneos/Collections.build/swift-overrides.hmap -emit-const-values -Xfrontend -const-gather-protocols-file -Xfrontend /Users/harishvishwakarma/Library/Developer/Xcode/DerivedData/Revolt-dharrjsambcimaaziudpvzjdcigm/Build/Intermediates.noindex/swift-collections.build/Debug-iphoneos/Collections.build/Objects-normal/arm64/Collections_const_extract_protocols.json -Xcc -I/Users/harishvishwakarma/Library/Developer/Xcode/DerivedData/Revolt-dharrjsambcimaaziudpvzjdcigm/Build/Products/Debug-iphoneos/include -Xcc -I/Users/harishvishwakarma/Library/Developer/Xcode/DerivedData/Revolt-dharrjsambcimaaziudpvzjdcigm/Build/Intermediates.noindex/swift-collections.build/Debug-iphoneos/Collections.build/DerivedSources-normal/arm64 -Xcc -I/Users/harishvishwakarma/Library/Developer/Xcode/DerivedData/Revolt-dharrjsambcimaaziudpvzjdcigm/Build/Intermediates.noindex/swift-collections.build/Debug-iphoneos/Collections.build/DerivedSources/arm64 -Xcc -I/Users/harishvishwakarma/Library/Developer/Xcode/DerivedData/Revolt-dharrjsambcimaaziudpvzjdcigm/Build/Intermediates.noindex/swift-collections.build/Debug-iphoneos/Collections.build/DerivedSources -Xcc -DSWIFT_PACKAGE -Xcc -DDEBUG\=1 -emit-objc-header -emit-objc-header-path /Users/harishvishwakarma/Library/Developer/Xcode/DerivedData/Revolt-dharrjsambcimaaziudpvzjdcigm/Build/Intermediates.noindex/swift-collections.build/Debug-iphoneos/Collections.build/Objects-normal/arm64/Collections-Swift.h -working-directory /Users/harishvishwakarma/Handy/Archem/pepchat-ios/Revolt.xcodeproj -experimental-emit-module-separately -disable-cmo

SwiftDriverJobDiscovery normal arm64 Emitting module for SwiftBasicFormat (in target 'SwiftBasicFormat' from project 'swift-syntax')

SwiftDriver\ Compilation\ Requirements SwiftBasicFormat normal arm64 com.apple.xcode.tools.swift.compiler (in target 'SwiftBasicFormat' from project 'swift-syntax')
    cd /Users/harishvishwakarma/Handy/Archem/pepchat-ios/Revolt.xcodeproj
    builtin-Swift-Compilation-Requirements -- /Applications/Xcode.app/Contents/Developer/Toolchains/XcodeDefault.xctoolchain/usr/bin/swiftc -module-name SwiftBasicFormat -Onone -enforce-exclusivity\=checked @/Users/harishvishwakarma/Library/Developer/Xcode/DerivedData/Revolt-dharrjsambcimaaziudpvzjdcigm/Build/Intermediates.noindex/swift-syntax.build/Debug/SwiftBasicFormat.build/Objects-normal/arm64/SwiftBasicFormat.SwiftFileList -DSWIFT_PACKAGE -DDEBUG -DXcode -plugin-path /Applications/Xcode.app/Contents/Developer/Toolchains/XcodeDefault.xctoolchain/usr/lib/swift/host/plugins/testing -enable-experimental-feature DebugDescriptionMacro -sdk /Applications/Xcode.app/Contents/Developer/Platforms/MacOSX.platform/Developer/SDKs/MacOSX15.5.sdk -target arm64-apple-macos10.15 -g -module-cache-path /Users/harishvishwakarma/Library/Developer/Xcode/DerivedData/ModuleCache.noindex -Xfrontend -serialize-debugging-options -enable-testing -suppress-warnings -index-store-path /Users/harishvishwakarma/Library/Developer/Xcode/DerivedData/Revolt-dharrjsambcimaaziudpvzjdcigm/Index.noindex/DataStore -swift-version 5 -I /Users/harishvishwakarma/Library/Developer/Xcode/DerivedData/Revolt-dharrjsambcimaaziudpvzjdcigm/Build/Products/Debug -I /Applications/Xcode.app/Contents/Developer/Platforms/MacOSX.platform/Developer/usr/lib -F /Users/harishvishwakarma/Library/Developer/Xcode/DerivedData/Revolt-dharrjsambcimaaziudpvzjdcigm/Build/Products/Debug/PackageFrameworks -F /Users/harishvishwakarma/Library/Developer/Xcode/DerivedData/Revolt-dharrjsambcimaaziudpvzjdcigm/Build/Products/Debug/PackageFrameworks -F /Users/harishvishwakarma/Library/Developer/Xcode/DerivedData/Revolt-dharrjsambcimaaziudpvzjdcigm/Build/Products/Debug -F /Applications/Xcode.app/Contents/Developer/Platforms/MacOSX.platform/Developer/Library/Frameworks -c -j12 -enable-batch-mode -incremental -Xcc -ivfsstatcache -Xcc /Users/harishvishwakarma/Library/Developer/Xcode/DerivedData/SDKStatCaches.noindex/macosx15.5-24F74-8254517eb8b97d462ccbc072ba9094c9.sdkstatcache -output-file-map /Users/harishvishwakarma/Library/Developer/Xcode/DerivedData/Revolt-dharrjsambcimaaziudpvzjdcigm/Build/Intermediates.noindex/swift-syntax.build/Debug/SwiftBasicFormat.build/Objects-normal/arm64/SwiftBasicFormat-OutputFileMap.json -use-frontend-parseable-output -save-temps -no-color-diagnostics -serialize-diagnostics -emit-dependencies -emit-module -emit-module-path /Users/harishvishwakarma/Library/Developer/Xcode/DerivedData/Revolt-dharrjsambcimaaziudpvzjdcigm/Build/Intermediates.noindex/swift-syntax.build/Debug/SwiftBasicFormat.build/Objects-normal/arm64/SwiftBasicFormat.swiftmodule -validate-clang-modules-once -clang-build-session-file /Users/harishvishwakarma/Library/Developer/Xcode/DerivedData/ModuleCache.noindex/Session.modulevalidation -Xcc -I/Users/harishvishwakarma/Library/Developer/Xcode/DerivedData/Revolt-dharrjsambcimaaziudpvzjdcigm/Build/Intermediates.noindex/swift-syntax.build/Debug/SwiftBasicFormat.build/swift-overrides.hmap -emit-const-values -Xfrontend -const-gather-protocols-file -Xfrontend /Users/harishvishwakarma/Library/Developer/Xcode/DerivedData/Revolt-dharrjsambcimaaziudpvzjdcigm/Build/Intermediates.noindex/swift-syntax.build/Debug/SwiftBasicFormat.build/Objects-normal/arm64/SwiftBasicFormat_const_extract_protocols.json -Xcc -I/Users/harishvishwakarma/Library/Developer/Xcode/DerivedData/Revolt-dharrjsambcimaaziudpvzjdcigm/Build/Products/Debug/include -Xcc -I/Users/harishvishwakarma/Library/Developer/Xcode/DerivedData/Revolt-dharrjsambcimaaziudpvzjdcigm/Build/Intermediates.noindex/swift-syntax.build/Debug/SwiftBasicFormat.build/DerivedSources-normal/arm64 -Xcc -I/Users/harishvishwakarma/Library/Developer/Xcode/DerivedData/Revolt-dharrjsambcimaaziudpvzjdcigm/Build/Intermediates.noindex/swift-syntax.build/Debug/SwiftBasicFormat.build/DerivedSources/arm64 -Xcc -I/Users/harishvishwakarma/Library/Developer/Xcode/DerivedData/Revolt-dharrjsambcimaaziudpvzjdcigm/Build/Intermediates.noindex/swift-syntax.build/Debug/SwiftBasicFormat.build/DerivedSources -Xcc -DSWIFT_PACKAGE -Xcc -DDEBUG\=1 -emit-objc-header -emit-objc-header-path /Users/harishvishwakarma/Library/Developer/Xcode/DerivedData/Revolt-dharrjsambcimaaziudpvzjdcigm/Build/Intermediates.noindex/swift-syntax.build/Debug/SwiftBasicFormat.build/Objects-normal/arm64/SwiftBasicFormat-Swift.h -working-directory /Users/harishvishwakarma/Handy/Archem/pepchat-ios/Revolt.xcodeproj -experimental-emit-module-separately -disable-cmo

SwiftMergeGeneratedHeaders /Users/harishvishwakarma/Library/Developer/Xcode/DerivedData/Revolt-dharrjsambcimaaziudpvzjdcigm/Build/Intermediates.noindex/GeneratedModuleMaps-iphoneos/Collections-Swift.h /Users/harishvishwakarma/Library/Developer/Xcode/DerivedData/Revolt-dharrjsambcimaaziudpvzjdcigm/Build/Intermediates.noindex/swift-collections.build/Debug-iphoneos/Collections.build/Objects-normal/arm64/Collections-Swift.h (in target 'Collections' from project 'swift-collections')
    cd /Users/harishvishwakarma/Library/Developer/Xcode/DerivedData/Revolt-dharrjsambcimaaziudpvzjdcigm/SourcePackages/checkouts/swift-collections
    builtin-swiftHeaderTool -arch arm64 /Users/harishvishwakarma/Library/Developer/Xcode/DerivedData/Revolt-dharrjsambcimaaziudpvzjdcigm/Build/Intermediates.noindex/swift-collections.build/Debug-iphoneos/Collections.build/Objects-normal/arm64/Collections-Swift.h -o /Users/harishvishwakarma/Library/Developer/Xcode/DerivedData/Revolt-dharrjsambcimaaziudpvzjdcigm/Build/Intermediates.noindex/GeneratedModuleMaps-iphoneos/Collections-Swift.h

SwiftDriverJobDiscovery normal arm64 Compiling FixIt.swift (in target 'SwiftDiagnostics' from project 'swift-syntax')

Copy /Users/harishvishwakarma/Library/Developer/Xcode/DerivedData/Revolt-dharrjsambcimaaziudpvzjdcigm/Build/Products/Debug-iphoneos/Collections.swiftmodule/arm64-apple-ios.swiftmodule /Users/harishvishwakarma/Library/Developer/Xcode/DerivedData/Revolt-dharrjsambcimaaziudpvzjdcigm/Build/Intermediates.noindex/swift-collections.build/Debug-iphoneos/Collections.build/Objects-normal/arm64/Collections.swiftmodule (in target 'Collections' from project 'swift-collections')
    cd /Users/harishvishwakarma/Library/Developer/Xcode/DerivedData/Revolt-dharrjsambcimaaziudpvzjdcigm/SourcePackages/checkouts/swift-collections
    builtin-copy -exclude .DS_Store -exclude CVS -exclude .svn -exclude .git -exclude .hg -resolve-src-symlinks -rename /Users/harishvishwakarma/Library/Developer/Xcode/DerivedData/Revolt-dharrjsambcimaaziudpvzjdcigm/Build/Intermediates.noindex/swift-collections.build/Debug-iphoneos/Collections.build/Objects-normal/arm64/Collections.swiftmodule /Users/harishvishwakarma/Library/Developer/Xcode/DerivedData/Revolt-dharrjsambcimaaziudpvzjdcigm/Build/Products/Debug-iphoneos/Collections.swiftmodule/arm64-apple-ios.swiftmodule

Copy /Users/harishvishwakarma/Library/Developer/Xcode/DerivedData/Revolt-dharrjsambcimaaziudpvzjdcigm/Build/Products/Debug-iphoneos/Collections.swiftmodule/arm64-apple-ios.swiftdoc /Users/harishvishwakarma/Library/Developer/Xcode/DerivedData/Revolt-dharrjsambcimaaziudpvzjdcigm/Build/Intermediates.noindex/swift-collections.build/Debug-iphoneos/Collections.build/Objects-normal/arm64/Collections.swiftdoc (in target 'Collections' from project 'swift-collections')
    cd /Users/harishvishwakarma/Library/Developer/Xcode/DerivedData/Revolt-dharrjsambcimaaziudpvzjdcigm/SourcePackages/checkouts/swift-collections
    builtin-copy -exclude .DS_Store -exclude CVS -exclude .svn -exclude .git -exclude .hg -resolve-src-symlinks -rename /Users/harishvishwakarma/Library/Developer/Xcode/DerivedData/Revolt-dharrjsambcimaaziudpvzjdcigm/Build/Intermediates.noindex/swift-collections.build/Debug-iphoneos/Collections.build/Objects-normal/arm64/Collections.swiftdoc /Users/harishvishwakarma/Library/Developer/Xcode/DerivedData/Revolt-dharrjsambcimaaziudpvzjdcigm/Build/Products/Debug-iphoneos/Collections.swiftmodule/arm64-apple-ios.swiftdoc

Copy /Users/harishvishwakarma/Library/Developer/Xcode/DerivedData/Revolt-dharrjsambcimaaziudpvzjdcigm/Build/Products/Debug/SwiftBasicFormat.swiftmodule/arm64-apple-macos.swiftmodule /Users/harishvishwakarma/Library/Developer/Xcode/DerivedData/Revolt-dharrjsambcimaaziudpvzjdcigm/Build/Intermediates.noindex/swift-syntax.build/Debug/SwiftBasicFormat.build/Objects-normal/arm64/SwiftBasicFormat.swiftmodule (in target 'SwiftBasicFormat' from project 'swift-syntax')
    cd /Users/harishvishwakarma/Library/Developer/Xcode/DerivedData/Revolt-dharrjsambcimaaziudpvzjdcigm/SourcePackages/checkouts/swift-syntax
    builtin-copy -exclude .DS_Store -exclude CVS -exclude .svn -exclude .git -exclude .hg -resolve-src-symlinks -rename /Users/harishvishwakarma/Library/Developer/Xcode/DerivedData/Revolt-dharrjsambcimaaziudpvzjdcigm/Build/Intermediates.noindex/swift-syntax.build/Debug/SwiftBasicFormat.build/Objects-normal/arm64/SwiftBasicFormat.swiftmodule /Users/harishvishwakarma/Library/Developer/Xcode/DerivedData/Revolt-dharrjsambcimaaziudpvzjdcigm/Build/Products/Debug/SwiftBasicFormat.swiftmodule/arm64-apple-macos.swiftmodule

Copy /Users/harishvishwakarma/Library/Developer/Xcode/DerivedData/Revolt-dharrjsambcimaaziudpvzjdcigm/Build/Products/Debug/SwiftBasicFormat.swiftmodule/arm64-apple-macos.swiftdoc /Users/harishvishwakarma/Library/Developer/Xcode/DerivedData/Revolt-dharrjsambcimaaziudpvzjdcigm/Build/Intermediates.noindex/swift-syntax.build/Debug/SwiftBasicFormat.build/Objects-normal/arm64/SwiftBasicFormat.swiftdoc (in target 'SwiftBasicFormat' from project 'swift-syntax')
    cd /Users/harishvishwakarma/Library/Developer/Xcode/DerivedData/Revolt-dharrjsambcimaaziudpvzjdcigm/SourcePackages/checkouts/swift-syntax
    builtin-copy -exclude .DS_Store -exclude CVS -exclude .svn -exclude .git -exclude .hg -resolve-src-symlinks -rename /Users/harishvishwakarma/Library/Developer/Xcode/DerivedData/Revolt-dharrjsambcimaaziudpvzjdcigm/Build/Intermediates.noindex/swift-syntax.build/Debug/SwiftBasicFormat.build/Objects-normal/arm64/SwiftBasicFormat.swiftdoc /Users/harishvishwakarma/Library/Developer/Xcode/DerivedData/Revolt-dharrjsambcimaaziudpvzjdcigm/Build/Products/Debug/SwiftBasicFormat.swiftmodule/arm64-apple-macos.swiftdoc

Copy /Users/harishvishwakarma/Library/Developer/Xcode/DerivedData/Revolt-dharrjsambcimaaziudpvzjdcigm/Build/Products/Debug/SwiftBasicFormat.swiftmodule/arm64-apple-macos.abi.json /Users/harishvishwakarma/Library/Developer/Xcode/DerivedData/Revolt-dharrjsambcimaaziudpvzjdcigm/Build/Intermediates.noindex/swift-syntax.build/Debug/SwiftBasicFormat.build/Objects-normal/arm64/SwiftBasicFormat.abi.json (in target 'SwiftBasicFormat' from project 'swift-syntax')
    cd /Users/harishvishwakarma/Library/Developer/Xcode/DerivedData/Revolt-dharrjsambcimaaziudpvzjdcigm/SourcePackages/checkouts/swift-syntax
    builtin-copy -exclude .DS_Store -exclude CVS -exclude .svn -exclude .git -exclude .hg -resolve-src-symlinks -rename /Users/harishvishwakarma/Library/Developer/Xcode/DerivedData/Revolt-dharrjsambcimaaziudpvzjdcigm/Build/Intermediates.noindex/swift-syntax.build/Debug/SwiftBasicFormat.build/Objects-normal/arm64/SwiftBasicFormat.abi.json /Users/harishvishwakarma/Library/Developer/Xcode/DerivedData/Revolt-dharrjsambcimaaziudpvzjdcigm/Build/Products/Debug/SwiftBasicFormat.swiftmodule/arm64-apple-macos.abi.json

Copy /Users/harishvishwakarma/Library/Developer/Xcode/DerivedData/Revolt-dharrjsambcimaaziudpvzjdcigm/Build/Products/Debug/SwiftBasicFormat.swiftmodule/Project/arm64-apple-macos.swiftsourceinfo /Users/harishvishwakarma/Library/Developer/Xcode/DerivedData/Revolt-dharrjsambcimaaziudpvzjdcigm/Build/Intermediates.noindex/swift-syntax.build/Debug/SwiftBasicFormat.build/Objects-normal/arm64/SwiftBasicFormat.swiftsourceinfo (in target 'SwiftBasicFormat' from project 'swift-syntax')
    cd /Users/harishvishwakarma/Library/Developer/Xcode/DerivedData/Revolt-dharrjsambcimaaziudpvzjdcigm/SourcePackages/checkouts/swift-syntax
    builtin-copy -exclude .DS_Store -exclude CVS -exclude .svn -exclude .git -exclude .hg -resolve-src-symlinks -rename /Users/harishvishwakarma/Library/Developer/Xcode/DerivedData/Revolt-dharrjsambcimaaziudpvzjdcigm/Build/Intermediates.noindex/swift-syntax.build/Debug/SwiftBasicFormat.build/Objects-normal/arm64/SwiftBasicFormat.swiftsourceinfo /Users/harishvishwakarma/Library/Developer/Xcode/DerivedData/Revolt-dharrjsambcimaaziudpvzjdcigm/Build/Products/Debug/SwiftBasicFormat.swiftmodule/Project/arm64-apple-macos.swiftsourceinfo

Copy /Users/harishvishwakarma/Library/Developer/Xcode/DerivedData/Revolt-dharrjsambcimaaziudpvzjdcigm/Build/Products/Debug-iphoneos/Collections.swiftmodule/arm64-apple-ios.abi.json /Users/harishvishwakarma/Library/Developer/Xcode/DerivedData/Revolt-dharrjsambcimaaziudpvzjdcigm/Build/Intermediates.noindex/swift-collections.build/Debug-iphoneos/Collections.build/Objects-normal/arm64/Collections.abi.json (in target 'Collections' from project 'swift-collections')
    cd /Users/harishvishwakarma/Library/Developer/Xcode/DerivedData/Revolt-dharrjsambcimaaziudpvzjdcigm/SourcePackages/checkouts/swift-collections
    builtin-copy -exclude .DS_Store -exclude CVS -exclude .svn -exclude .git -exclude .hg -resolve-src-symlinks -rename /Users/harishvishwakarma/Library/Developer/Xcode/DerivedData/Revolt-dharrjsambcimaaziudpvzjdcigm/Build/Intermediates.noindex/swift-collections.build/Debug-iphoneos/Collections.build/Objects-normal/arm64/Collections.abi.json /Users/harishvishwakarma/Library/Developer/Xcode/DerivedData/Revolt-dharrjsambcimaaziudpvzjdcigm/Build/Products/Debug-iphoneos/Collections.swiftmodule/arm64-apple-ios.abi.json

Copy /Users/harishvishwakarma/Library/Developer/Xcode/DerivedData/Revolt-dharrjsambcimaaziudpvzjdcigm/Build/Products/Debug-iphoneos/Collections.swiftmodule/Project/arm64-apple-ios.swiftsourceinfo /Users/harishvishwakarma/Library/Developer/Xcode/DerivedData/Revolt-dharrjsambcimaaziudpvzjdcigm/Build/Intermediates.noindex/swift-collections.build/Debug-iphoneos/Collections.build/Objects-normal/arm64/Collections.swiftsourceinfo (in target 'Collections' from project 'swift-collections')
    cd /Users/harishvishwakarma/Library/Developer/Xcode/DerivedData/Revolt-dharrjsambcimaaziudpvzjdcigm/SourcePackages/checkouts/swift-collections
    builtin-copy -exclude .DS_Store -exclude CVS -exclude .svn -exclude .git -exclude .hg -resolve-src-symlinks -rename /Users/harishvishwakarma/Library/Developer/Xcode/DerivedData/Revolt-dharrjsambcimaaziudpvzjdcigm/Build/Intermediates.noindex/swift-collections.build/Debug-iphoneos/Collections.build/Objects-normal/arm64/Collections.swiftsourceinfo /Users/harishvishwakarma/Library/Developer/Xcode/DerivedData/Revolt-dharrjsambcimaaziudpvzjdcigm/Build/Products/Debug-iphoneos/Collections.swiftmodule/Project/arm64-apple-ios.swiftsourceinfo

SwiftCompile normal x86_64 Compiling\ Trivia+FormatExtensions.swift /Users/harishvishwakarma/Library/Developer/Xcode/DerivedData/Revolt-dharrjsambcimaaziudpvzjdcigm/SourcePackages/checkouts/swift-syntax/Sources/SwiftBasicFormat/Trivia+FormatExtensions.swift (in target 'SwiftBasicFormat' from project 'swift-syntax')
SwiftCompile normal x86_64 /Users/harishvishwakarma/Library/Developer/Xcode/DerivedData/Revolt-dharrjsambcimaaziudpvzjdcigm/SourcePackages/checkouts/swift-syntax/Sources/SwiftBasicFormat/Trivia+FormatExtensions.swift (in target 'SwiftBasicFormat' from project 'swift-syntax')
    cd /Users/harishvishwakarma/Handy/Archem/pepchat-ios/Revolt.xcodeproj
    

SwiftCompile normal arm64 Compiling\ SyntaxProtocol+Formatted.swift /Users/harishvishwakarma/Library/Developer/Xcode/DerivedData/Revolt-dharrjsambcimaaziudpvzjdcigm/SourcePackages/checkouts/swift-syntax/Sources/SwiftBasicFormat/SyntaxProtocol+Formatted.swift (in target 'SwiftBasicFormat' from project 'swift-syntax')

SwiftCompile normal arm64 /Users/harishvishwakarma/Library/Developer/Xcode/DerivedData/Revolt-dharrjsambcimaaziudpvzjdcigm/SourcePackages/checkouts/swift-syntax/Sources/SwiftBasicFormat/SyntaxProtocol+Formatted.swift (in target 'SwiftBasicFormat' from project 'swift-syntax')
    cd /Users/harishvishwakarma/Handy/Archem/pepchat-ios/Revolt.xcodeproj
    

SwiftCompile normal x86_64 Compiling\ BasicFormat.swift /Users/harishvishwakarma/Library/Developer/Xcode/DerivedData/Revolt-dharrjsambcimaaziudpvzjdcigm/SourcePackages/checkouts/swift-syntax/Sources/SwiftBasicFormat/BasicFormat.swift (in target 'SwiftBasicFormat' from project 'swift-syntax')
SwiftCompile normal x86_64 /Users/harishvishwakarma/Library/Developer/Xcode/DerivedData/Revolt-dharrjsambcimaaziudpvzjdcigm/SourcePackages/checkouts/swift-syntax/Sources/SwiftBasicFormat/BasicFormat.swift (in target 'SwiftBasicFormat' from project 'swift-syntax')
    cd /Users/harishvishwakarma/Handy/Archem/pepchat-ios/Revolt.xcodeproj
    

SwiftDriverJobDiscovery normal x86_64 Emitting module for SwiftBasicFormat (in target 'SwiftBasicFormat' from project 'swift-syntax')

SwiftDriver\ Compilation\ Requirements SwiftBasicFormat normal x86_64 com.apple.xcode.tools.swift.compiler (in target 'SwiftBasicFormat' from project 'swift-syntax')
    cd /Users/harishvishwakarma/Handy/Archem/pepchat-ios/Revolt.xcodeproj
    builtin-Swift-Compilation-Requirements -- /Applications/Xcode.app/Contents/Developer/Toolchains/XcodeDefault.xctoolchain/usr/bin/swiftc -module-name SwiftBasicFormat -Onone -enforce-exclusivity\=checked @/Users/harishvishwakarma/Library/Developer/Xcode/DerivedData/Revolt-dharrjsambcimaaziudpvzjdcigm/Build/Intermediates.noindex/swift-syntax.build/Debug/SwiftBasicFormat.build/Objects-normal/x86_64/SwiftBasicFormat.SwiftFileList -DSWIFT_PACKAGE -DDEBUG -DXcode -plugin-path /Applications/Xcode.app/Contents/Developer/Toolchains/XcodeDefault.xctoolchain/usr/lib/swift/host/plugins/testing -enable-experimental-feature DebugDescriptionMacro -sdk /Applications/Xcode.app/Contents/Developer/Platforms/MacOSX.platform/Developer/SDKs/MacOSX15.5.sdk -target x86_64-apple-macos10.15 -g -module-cache-path /Users/harishvishwakarma/Library/Developer/Xcode/DerivedData/ModuleCache.noindex -Xfrontend -serialize-debugging-options -enable-testing -suppress-warnings -index-store-path /Users/harishvishwakarma/Library/Developer/Xcode/DerivedData/Revolt-dharrjsambcimaaziudpvzjdcigm/Index.noindex/DataStore -swift-version 5 -I /Users/harishvishwakarma/Library/Developer/Xcode/DerivedData/Revolt-dharrjsambcimaaziudpvzjdcigm/Build/Products/Debug -I /Applications/Xcode.app/Contents/Developer/Platforms/MacOSX.platform/Developer/usr/lib -F /Users/harishvishwakarma/Library/Developer/Xcode/DerivedData/Revolt-dharrjsambcimaaziudpvzjdcigm/Build/Products/Debug/PackageFrameworks -F /Users/harishvishwakarma/Library/Developer/Xcode/DerivedData/Revolt-dharrjsambcimaaziudpvzjdcigm/Build/Products/Debug/PackageFrameworks -F /Users/harishvishwakarma/Library/Developer/Xcode/DerivedData/Revolt-dharrjsambcimaaziudpvzjdcigm/Build/Products/Debug -F /Applications/Xcode.app/Contents/Developer/Platforms/MacOSX.platform/Developer/Library/Frameworks -c -j12 -enable-batch-mode -incremental -Xcc -ivfsstatcache -Xcc /Users/harishvishwakarma/Library/Developer/Xcode/DerivedData/SDKStatCaches.noindex/macosx15.5-24F74-8254517eb8b97d462ccbc072ba9094c9.sdkstatcache -output-file-map /Users/harishvishwakarma/Library/Developer/Xcode/DerivedData/Revolt-dharrjsambcimaaziudpvzjdcigm/Build/Intermediates.noindex/swift-syntax.build/Debug/SwiftBasicFormat.build/Objects-normal/x86_64/SwiftBasicFormat-OutputFileMap.json -use-frontend-parseable-output -save-temps -no-color-diagnostics -serialize-diagnostics -emit-dependencies -emit-module -emit-module-path /Users/harishvishwakarma/Library/Developer/Xcode/DerivedData/Revolt-dharrjsambcimaaziudpvzjdcigm/Build/Intermediates.noindex/swift-syntax.build/Debug/SwiftBasicFormat.build/Objects-normal/x86_64/SwiftBasicFormat.swiftmodule -validate-clang-modules-once -clang-build-session-file /Users/harishvishwakarma/Library/Developer/Xcode/DerivedData/ModuleCache.noindex/Session.modulevalidation -Xcc -I/Users/harishvishwakarma/Library/Developer/Xcode/DerivedData/Revolt-dharrjsambcimaaziudpvzjdcigm/Build/Intermediates.noindex/swift-syntax.build/Debug/SwiftBasicFormat.build/swift-overrides.hmap -emit-const-values -Xfrontend -const-gather-protocols-file -Xfrontend /Users/harishvishwakarma/Library/Developer/Xcode/DerivedData/Revolt-dharrjsambcimaaziudpvzjdcigm/Build/Intermediates.noindex/swift-syntax.build/Debug/SwiftBasicFormat.build/Objects-normal/x86_64/SwiftBasicFormat_const_extract_protocols.json -Xcc -I/Users/harishvishwakarma/Library/Developer/Xcode/DerivedData/Revolt-dharrjsambcimaaziudpvzjdcigm/Build/Products/Debug/include -Xcc -I/Users/harishvishwakarma/Library/Developer/Xcode/DerivedData/Revolt-dharrjsambcimaaziudpvzjdcigm/Build/Intermediates.noindex/swift-syntax.build/Debug/SwiftBasicFormat.build/DerivedSources-normal/x86_64 -Xcc -I/Users/harishvishwakarma/Library/Developer/Xcode/DerivedData/Revolt-dharrjsambcimaaziudpvzjdcigm/Build/Intermediates.noindex/swift-syntax.build/Debug/SwiftBasicFormat.build/DerivedSources/x86_64 -Xcc -I/Users/harishvishwakarma/Library/Developer/Xcode/DerivedData/Revolt-dharrjsambcimaaziudpvzjdcigm/Build/Intermediates.noindex/swift-syntax.build/Debug/SwiftBasicFormat.build/DerivedSources -Xcc -DSWIFT_PACKAGE -Xcc -DDEBUG\=1 -emit-objc-header -emit-objc-header-path /Users/harishvishwakarma/Library/Developer/Xcode/DerivedData/Revolt-dharrjsambcimaaziudpvzjdcigm/Build/Intermediates.noindex/swift-syntax.build/Debug/SwiftBasicFormat.build/Objects-normal/x86_64/SwiftBasicFormat-Swift.h -working-directory /Users/harishvishwakarma/Handy/Archem/pepchat-ios/Revolt.xcodeproj -experimental-emit-module-separately -disable-cmo

SwiftDriverJobDiscovery normal arm64 Compiling GroupedDiagnostics.swift (in target 'SwiftDiagnostics' from project 'swift-syntax')

SwiftCompile normal arm64 Compiling\ Trivia+FormatExtensions.swift /Users/harishvishwakarma/Library/Developer/Xcode/DerivedData/Revolt-dharrjsambcimaaziudpvzjdcigm/SourcePackages/checkouts/swift-syntax/Sources/SwiftBasicFormat/Trivia+FormatExtensions.swift (in target 'SwiftBasicFormat' from project 'swift-syntax')

SwiftCompile normal arm64 /Users/harishvishwakarma/Library/Developer/Xcode/DerivedData/Revolt-dharrjsambcimaaziudpvzjdcigm/SourcePackages/checkouts/swift-syntax/Sources/SwiftBasicFormat/Trivia+FormatExtensions.swift (in target 'SwiftBasicFormat' from project 'swift-syntax')
    cd /Users/harishvishwakarma/Handy/Archem/pepchat-ios/Revolt.xcodeproj
    

SwiftMergeGeneratedHeaders /Users/harishvishwakarma/Library/Developer/Xcode/DerivedData/Revolt-dharrjsambcimaaziudpvzjdcigm/Build/Intermediates.noindex/GeneratedModuleMaps/SwiftBasicFormat-Swift.h /Users/harishvishwakarma/Library/Developer/Xcode/DerivedData/Revolt-dharrjsambcimaaziudpvzjdcigm/Build/Intermediates.noindex/swift-syntax.build/Debug/SwiftBasicFormat.build/Objects-normal/arm64/SwiftBasicFormat-Swift.h /Users/harishvishwakarma/Library/Developer/Xcode/DerivedData/Revolt-dharrjsambcimaaziudpvzjdcigm/Build/Intermediates.noindex/swift-syntax.build/Debug/SwiftBasicFormat.build/Objects-normal/x86_64/SwiftBasicFormat-Swift.h (in target 'SwiftBasicFormat' from project 'swift-syntax')
    cd /Users/harishvishwakarma/Library/Developer/Xcode/DerivedData/Revolt-dharrjsambcimaaziudpvzjdcigm/SourcePackages/checkouts/swift-syntax
    builtin-swiftHeaderTool -arch arm64 /Users/harishvishwakarma/Library/Developer/Xcode/DerivedData/Revolt-dharrjsambcimaaziudpvzjdcigm/Build/Intermediates.noindex/swift-syntax.build/Debug/SwiftBasicFormat.build/Objects-normal/arm64/SwiftBasicFormat-Swift.h -arch x86_64 /Users/harishvishwakarma/Library/Developer/Xcode/DerivedData/Revolt-dharrjsambcimaaziudpvzjdcigm/Build/Intermediates.noindex/swift-syntax.build/Debug/SwiftBasicFormat.build/Objects-normal/x86_64/SwiftBasicFormat-Swift.h -o /Users/harishvishwakarma/Library/Developer/Xcode/DerivedData/Revolt-dharrjsambcimaaziudpvzjdcigm/Build/Intermediates.noindex/GeneratedModuleMaps/SwiftBasicFormat-Swift.h

SwiftDriverJobDiscovery normal x86_64 Compiling GroupedDiagnostics.swift (in target 'SwiftDiagnostics' from project 'swift-syntax')

Copy /Users/harishvishwakarma/Library/Developer/Xcode/DerivedData/Revolt-dharrjsambcimaaziudpvzjdcigm/Build/Products/Debug/SwiftBasicFormat.swiftmodule/x86_64-apple-macos.swiftmodule /Users/harishvishwakarma/Library/Developer/Xcode/DerivedData/Revolt-dharrjsambcimaaziudpvzjdcigm/Build/Intermediates.noindex/swift-syntax.build/Debug/SwiftBasicFormat.build/Objects-normal/x86_64/SwiftBasicFormat.swiftmodule (in target 'SwiftBasicFormat' from project 'swift-syntax')
    cd /Users/harishvishwakarma/Library/Developer/Xcode/DerivedData/Revolt-dharrjsambcimaaziudpvzjdcigm/SourcePackages/checkouts/swift-syntax
    builtin-copy -exclude .DS_Store -exclude CVS -exclude .svn -exclude .git -exclude .hg -resolve-src-symlinks -rename /Users/harishvishwakarma/Library/Developer/Xcode/DerivedData/Revolt-dharrjsambcimaaziudpvzjdcigm/Build/Intermediates.noindex/swift-syntax.build/Debug/SwiftBasicFormat.build/Objects-normal/x86_64/SwiftBasicFormat.swiftmodule /Users/harishvishwakarma/Library/Developer/Xcode/DerivedData/Revolt-dharrjsambcimaaziudpvzjdcigm/Build/Products/Debug/SwiftBasicFormat.swiftmodule/x86_64-apple-macos.swiftmodule

Copy /Users/harishvishwakarma/Library/Developer/Xcode/DerivedData/Revolt-dharrjsambcimaaziudpvzjdcigm/Build/Products/Debug/SwiftBasicFormat.swiftmodule/x86_64-apple-macos.swiftdoc /Users/harishvishwakarma/Library/Developer/Xcode/DerivedData/Revolt-dharrjsambcimaaziudpvzjdcigm/Build/Intermediates.noindex/swift-syntax.build/Debug/SwiftBasicFormat.build/Objects-normal/x86_64/SwiftBasicFormat.swiftdoc (in target 'SwiftBasicFormat' from project 'swift-syntax')
    cd /Users/harishvishwakarma/Library/Developer/Xcode/DerivedData/Revolt-dharrjsambcimaaziudpvzjdcigm/SourcePackages/checkouts/swift-syntax
    builtin-copy -exclude .DS_Store -exclude CVS -exclude .svn -exclude .git -exclude .hg -resolve-src-symlinks -rename /Users/harishvishwakarma/Library/Developer/Xcode/DerivedData/Revolt-dharrjsambcimaaziudpvzjdcigm/Build/Intermediates.noindex/swift-syntax.build/Debug/SwiftBasicFormat.build/Objects-normal/x86_64/SwiftBasicFormat.swiftdoc /Users/harishvishwakarma/Library/Developer/Xcode/DerivedData/Revolt-dharrjsambcimaaziudpvzjdcigm/Build/Products/Debug/SwiftBasicFormat.swiftmodule/x86_64-apple-macos.swiftdoc

Copy /Users/harishvishwakarma/Library/Developer/Xcode/DerivedData/Revolt-dharrjsambcimaaziudpvzjdcigm/Build/Products/Debug/SwiftBasicFormat.swiftmodule/x86_64-apple-macos.abi.json /Users/harishvishwakarma/Library/Developer/Xcode/DerivedData/Revolt-dharrjsambcimaaziudpvzjdcigm/Build/Intermediates.noindex/swift-syntax.build/Debug/SwiftBasicFormat.build/Objects-normal/x86_64/SwiftBasicFormat.abi.json (in target 'SwiftBasicFormat' from project 'swift-syntax')
    cd /Users/harishvishwakarma/Library/Developer/Xcode/DerivedData/Revolt-dharrjsambcimaaziudpvzjdcigm/SourcePackages/checkouts/swift-syntax
    builtin-copy -exclude .DS_Store -exclude CVS -exclude .svn -exclude .git -exclude .hg -resolve-src-symlinks -rename /Users/harishvishwakarma/Library/Developer/Xcode/DerivedData/Revolt-dharrjsambcimaaziudpvzjdcigm/Build/Intermediates.noindex/swift-syntax.build/Debug/SwiftBasicFormat.build/Objects-normal/x86_64/SwiftBasicFormat.abi.json /Users/harishvishwakarma/Library/Developer/Xcode/DerivedData/Revolt-dharrjsambcimaaziudpvzjdcigm/Build/Products/Debug/SwiftBasicFormat.swiftmodule/x86_64-apple-macos.abi.json

Copy /Users/harishvishwakarma/Library/Developer/Xcode/DerivedData/Revolt-dharrjsambcimaaziudpvzjdcigm/Build/Products/Debug/SwiftBasicFormat.swiftmodule/Project/x86_64-apple-macos.swiftsourceinfo /Users/harishvishwakarma/Library/Developer/Xcode/DerivedData/Revolt-dharrjsambcimaaziudpvzjdcigm/Build/Intermediates.noindex/swift-syntax.build/Debug/SwiftBasicFormat.build/Objects-normal/x86_64/SwiftBasicFormat.swiftsourceinfo (in target 'SwiftBasicFormat' from project 'swift-syntax')
    cd /Users/harishvishwakarma/Library/Developer/Xcode/DerivedData/Revolt-dharrjsambcimaaziudpvzjdcigm/SourcePackages/checkouts/swift-syntax
    builtin-copy -exclude .DS_Store -exclude CVS -exclude .svn -exclude .git -exclude .hg -resolve-src-symlinks -rename /Users/harishvishwakarma/Library/Developer/Xcode/DerivedData/Revolt-dharrjsambcimaaziudpvzjdcigm/Build/Intermediates.noindex/swift-syntax.build/Debug/SwiftBasicFormat.build/Objects-normal/x86_64/SwiftBasicFormat.swiftsourceinfo /Users/harishvishwakarma/Library/Developer/Xcode/DerivedData/Revolt-dharrjsambcimaaziudpvzjdcigm/Build/Products/Debug/SwiftBasicFormat.swiftmodule/Project/x86_64-apple-macos.swiftsourceinfo

SwiftCompile normal arm64 Compiling\ RuntimeWarnings.swift /Users/harishvishwakarma/Library/Developer/Xcode/DerivedData/Revolt-dharrjsambcimaaziudpvzjdcigm/SourcePackages/checkouts/swiftui-navigation-transitions/Sources/NavigationTransition/RuntimeWarnings.swift (in target 'NavigationTransition' from project 'swiftui-navigation-transitions')

SwiftCompile normal arm64 /Users/harishvishwakarma/Library/Developer/Xcode/DerivedData/Revolt-dharrjsambcimaaziudpvzjdcigm/SourcePackages/checkouts/swiftui-navigation-transitions/Sources/NavigationTransition/RuntimeWarnings.swift (in target 'NavigationTransition' from project 'swiftui-navigation-transitions')
    cd /Users/harishvishwakarma/Handy/Archem/pepchat-ios/Revolt.xcodeproj
    

SwiftCompile normal arm64 Compiling\ NavigationTransitionProtocol.swift /Users/harishvishwakarma/Library/Developer/Xcode/DerivedData/Revolt-dharrjsambcimaaziudpvzjdcigm/SourcePackages/checkouts/swiftui-navigation-transitions/Sources/NavigationTransition/NavigationTransitionProtocol.swift (in target 'NavigationTransition' from project 'swiftui-navigation-transitions')
SwiftCompile normal arm64 /Users/harishvishwakarma/Library/Developer/Xcode/DerivedData/Revolt-dharrjsambcimaaziudpvzjdcigm/SourcePackages/checkouts/swiftui-navigation-transitions/Sources/NavigationTransition/NavigationTransitionProtocol.swift (in target 'NavigationTransition' from project 'swiftui-navigation-transitions')
    cd /Users/harishvishwakarma/Handy/Archem/pepchat-ios/Revolt.xcodeproj
    

SwiftDriverJobDiscovery normal arm64 Compiling DiagnosticsFormatter.swift (in target 'SwiftDiagnostics' from project 'swift-syntax')

SwiftDriver\ Compilation SwiftDiagnostics normal arm64 com.apple.xcode.tools.swift.compiler (in target 'SwiftDiagnostics' from project 'swift-syntax')
    cd /Users/harishvishwakarma/Handy/Archem/pepchat-ios/Revolt.xcodeproj
    builtin-Swift-Compilation -- /Applications/Xcode.app/Contents/Developer/Toolchains/XcodeDefault.xctoolchain/usr/bin/swiftc -module-name SwiftDiagnostics -Onone -enforce-exclusivity\=checked @/Users/harishvishwakarma/Library/Developer/Xcode/DerivedData/Revolt-dharrjsambcimaaziudpvzjdcigm/Build/Intermediates.noindex/swift-syntax.build/Debug/SwiftDiagnostics.build/Objects-normal/arm64/SwiftDiagnostics.SwiftFileList -DSWIFT_PACKAGE -DDEBUG -DXcode -plugin-path /Applications/Xcode.app/Contents/Developer/Toolchains/XcodeDefault.xctoolchain/usr/lib/swift/host/plugins/testing -enable-experimental-feature DebugDescriptionMacro -sdk /Applications/Xcode.app/Contents/Developer/Platforms/MacOSX.platform/Developer/SDKs/MacOSX15.5.sdk -target arm64-apple-macos10.15 -g -module-cache-path /Users/harishvishwakarma/Library/Developer/Xcode/DerivedData/ModuleCache.noindex -Xfrontend -serialize-debugging-options -enable-testing -suppress-warnings -index-store-path /Users/harishvishwakarma/Library/Developer/Xcode/DerivedData/Revolt-dharrjsambcimaaziudpvzjdcigm/Index.noindex/DataStore -swift-version 5 -I /Users/harishvishwakarma/Library/Developer/Xcode/DerivedData/Revolt-dharrjsambcimaaziudpvzjdcigm/Build/Products/Debug -I /Applications/Xcode.app/Contents/Developer/Platforms/MacOSX.platform/Developer/usr/lib -F /Users/harishvishwakarma/Library/Developer/Xcode/DerivedData/Revolt-dharrjsambcimaaziudpvzjdcigm/Build/Products/Debug/PackageFrameworks -F /Users/harishvishwakarma/Library/Developer/Xcode/DerivedData/Revolt-dharrjsambcimaaziudpvzjdcigm/Build/Products/Debug/PackageFrameworks -F /Users/harishvishwakarma/Library/Developer/Xcode/DerivedData/Revolt-dharrjsambcimaaziudpvzjdcigm/Build/Products/Debug -F /Applications/Xcode.app/Contents/Developer/Platforms/MacOSX.platform/Developer/Library/Frameworks -c -j12 -enable-batch-mode -incremental -Xcc -ivfsstatcache -Xcc /Users/harishvishwakarma/Library/Developer/Xcode/DerivedData/SDKStatCaches.noindex/macosx15.5-24F74-8254517eb8b97d462ccbc072ba9094c9.sdkstatcache -output-file-map /Users/harishvishwakarma/Library/Developer/Xcode/DerivedData/Revolt-dharrjsambcimaaziudpvzjdcigm/Build/Intermediates.noindex/swift-syntax.build/Debug/SwiftDiagnostics.build/Objects-normal/arm64/SwiftDiagnostics-OutputFileMap.json -use-frontend-parseable-output -save-temps -no-color-diagnostics -serialize-diagnostics -emit-dependencies -emit-module -emit-module-path /Users/harishvishwakarma/Library/Developer/Xcode/DerivedData/Revolt-dharrjsambcimaaziudpvzjdcigm/Build/Intermediates.noindex/swift-syntax.build/Debug/SwiftDiagnostics.build/Objects-normal/arm64/SwiftDiagnostics.swiftmodule -validate-clang-modules-once -clang-build-session-file /Users/harishvishwakarma/Library/Developer/Xcode/DerivedData/ModuleCache.noindex/Session.modulevalidation -Xcc -I/Users/harishvishwakarma/Library/Developer/Xcode/DerivedData/Revolt-dharrjsambcimaaziudpvzjdcigm/Build/Intermediates.noindex/swift-syntax.build/Debug/SwiftDiagnostics.build/swift-overrides.hmap -emit-const-values -Xfrontend -const-gather-protocols-file -Xfrontend /Users/harishvishwakarma/Library/Developer/Xcode/DerivedData/Revolt-dharrjsambcimaaziudpvzjdcigm/Build/Intermediates.noindex/swift-syntax.build/Debug/SwiftDiagnostics.build/Objects-normal/arm64/SwiftDiagnostics_const_extract_protocols.json -Xcc -I/Users/harishvishwakarma/Library/Developer/Xcode/DerivedData/Revolt-dharrjsambcimaaziudpvzjdcigm/Build/Products/Debug/include -Xcc -I/Users/harishvishwakarma/Library/Developer/Xcode/DerivedData/Revolt-dharrjsambcimaaziudpvzjdcigm/Build/Intermediates.noindex/swift-syntax.build/Debug/SwiftDiagnostics.build/DerivedSources-normal/arm64 -Xcc -I/Users/harishvishwakarma/Library/Developer/Xcode/DerivedData/Revolt-dharrjsambcimaaziudpvzjdcigm/Build/Intermediates.noindex/swift-syntax.build/Debug/SwiftDiagnostics.build/DerivedSources/arm64 -Xcc -I/Users/harishvishwakarma/Library/Developer/Xcode/DerivedData/Revolt-dharrjsambcimaaziudpvzjdcigm/Build/Intermediates.noindex/swift-syntax.build/Debug/SwiftDiagnostics.build/DerivedSources -Xcc -DSWIFT_PACKAGE -Xcc -DDEBUG\=1 -emit-objc-header -emit-objc-header-path /Users/harishvishwakarma/Library/Developer/Xcode/DerivedData/Revolt-dharrjsambcimaaziudpvzjdcigm/Build/Intermediates.noindex/swift-syntax.build/Debug/SwiftDiagnostics.build/Objects-normal/arm64/SwiftDiagnostics-Swift.h -working-directory /Users/harishvishwakarma/Handy/Archem/pepchat-ios/Revolt.xcodeproj -experimental-emit-module-separately -disable-cmo

SwiftDriverJobDiscovery normal x86_64 Compiling DiagnosticsFormatter.swift (in target 'SwiftDiagnostics' from project 'swift-syntax')

SwiftCompile normal arm64 Compiling\ Default.swift,\ Fade.swift /Users/harishvishwakarma/Library/Developer/Xcode/DerivedData/Revolt-dharrjsambcimaaziudpvzjdcigm/SourcePackages/checkouts/swiftui-navigation-transitions/Sources/NavigationTransition/Default.swift /Users/harishvishwakarma/Library/Developer/Xcode/DerivedData/Revolt-dharrjsambcimaaziudpvzjdcigm/SourcePackages/checkouts/swiftui-navigation-transitions/Sources/NavigationTransition/Fade.swift (in target 'NavigationTransition' from project 'swiftui-navigation-transitions')
SwiftCompile normal arm64 /Users/harishvishwakarma/Library/Developer/Xcode/DerivedData/Revolt-dharrjsambcimaaziudpvzjdcigm/SourcePackages/checkouts/swiftui-navigation-transitions/Sources/NavigationTransition/Default.swift (in target 'NavigationTransition' from project 'swiftui-navigation-transitions')
    cd /Users/harishvishwakarma/Handy/Archem/pepchat-ios/Revolt.xcodeproj
    

SwiftCompile normal arm64 /Users/harishvishwakarma/Library/Developer/Xcode/DerivedData/Revolt-dharrjsambcimaaziudpvzjdcigm/SourcePackages/checkouts/swiftui-navigation-transitions/Sources/NavigationTransition/Fade.swift (in target 'NavigationTransition' from project 'swiftui-navigation-transitions')
    cd /Users/harishvishwakarma/Handy/Archem/pepchat-ios/Revolt.xcodeproj
    

SwiftDriver\ Compilation SwiftDiagnostics normal x86_64 com.apple.xcode.tools.swift.compiler (in target 'SwiftDiagnostics' from project 'swift-syntax')
    cd /Users/harishvishwakarma/Handy/Archem/pepchat-ios/Revolt.xcodeproj
    builtin-Swift-Compilation -- /Applications/Xcode.app/Contents/Developer/Toolchains/XcodeDefault.xctoolchain/usr/bin/swiftc -module-name SwiftDiagnostics -Onone -enforce-exclusivity\=checked @/Users/harishvishwakarma/Library/Developer/Xcode/DerivedData/Revolt-dharrjsambcimaaziudpvzjdcigm/Build/Intermediates.noindex/swift-syntax.build/Debug/SwiftDiagnostics.build/Objects-normal/x86_64/SwiftDiagnostics.SwiftFileList -DSWIFT_PACKAGE -DDEBUG -DXcode -plugin-path /Applications/Xcode.app/Contents/Developer/Toolchains/XcodeDefault.xctoolchain/usr/lib/swift/host/plugins/testing -enable-experimental-feature DebugDescriptionMacro -sdk /Applications/Xcode.app/Contents/Developer/Platforms/MacOSX.platform/Developer/SDKs/MacOSX15.5.sdk -target x86_64-apple-macos10.15 -g -module-cache-path /Users/harishvishwakarma/Library/Developer/Xcode/DerivedData/ModuleCache.noindex -Xfrontend -serialize-debugging-options -enable-testing -suppress-warnings -index-store-path /Users/harishvishwakarma/Library/Developer/Xcode/DerivedData/Revolt-dharrjsambcimaaziudpvzjdcigm/Index.noindex/DataStore -swift-version 5 -I /Users/harishvishwakarma/Library/Developer/Xcode/DerivedData/Revolt-dharrjsambcimaaziudpvzjdcigm/Build/Products/Debug -I /Applications/Xcode.app/Contents/Developer/Platforms/MacOSX.platform/Developer/usr/lib -F /Users/harishvishwakarma/Library/Developer/Xcode/DerivedData/Revolt-dharrjsambcimaaziudpvzjdcigm/Build/Products/Debug/PackageFrameworks -F /Users/harishvishwakarma/Library/Developer/Xcode/DerivedData/Revolt-dharrjsambcimaaziudpvzjdcigm/Build/Products/Debug/PackageFrameworks -F /Users/harishvishwakarma/Library/Developer/Xcode/DerivedData/Revolt-dharrjsambcimaaziudpvzjdcigm/Build/Products/Debug -F /Applications/Xcode.app/Contents/Developer/Platforms/MacOSX.platform/Developer/Library/Frameworks -c -j12 -enable-batch-mode -incremental -Xcc -ivfsstatcache -Xcc /Users/harishvishwakarma/Library/Developer/Xcode/DerivedData/SDKStatCaches.noindex/macosx15.5-24F74-8254517eb8b97d462ccbc072ba9094c9.sdkstatcache -output-file-map /Users/harishvishwakarma/Library/Developer/Xcode/DerivedData/Revolt-dharrjsambcimaaziudpvzjdcigm/Build/Intermediates.noindex/swift-syntax.build/Debug/SwiftDiagnostics.build/Objects-normal/x86_64/SwiftDiagnostics-OutputFileMap.json -use-frontend-parseable-output -save-temps -no-color-diagnostics -serialize-diagnostics -emit-dependencies -emit-module -emit-module-path /Users/harishvishwakarma/Library/Developer/Xcode/DerivedData/Revolt-dharrjsambcimaaziudpvzjdcigm/Build/Intermediates.noindex/swift-syntax.build/Debug/SwiftDiagnostics.build/Objects-normal/x86_64/SwiftDiagnostics.swiftmodule -validate-clang-modules-once -clang-build-session-file /Users/harishvishwakarma/Library/Developer/Xcode/DerivedData/ModuleCache.noindex/Session.modulevalidation -Xcc -I/Users/harishvishwakarma/Library/Developer/Xcode/DerivedData/Revolt-dharrjsambcimaaziudpvzjdcigm/Build/Intermediates.noindex/swift-syntax.build/Debug/SwiftDiagnostics.build/swift-overrides.hmap -emit-const-values -Xfrontend -const-gather-protocols-file -Xfrontend /Users/harishvishwakarma/Library/Developer/Xcode/DerivedData/Revolt-dharrjsambcimaaziudpvzjdcigm/Build/Intermediates.noindex/swift-syntax.build/Debug/SwiftDiagnostics.build/Objects-normal/x86_64/SwiftDiagnostics_const_extract_protocols.json -Xcc -I/Users/harishvishwakarma/Library/Developer/Xcode/DerivedData/Revolt-dharrjsambcimaaziudpvzjdcigm/Build/Products/Debug/include -Xcc -I/Users/harishvishwakarma/Library/Developer/Xcode/DerivedData/Revolt-dharrjsambcimaaziudpvzjdcigm/Build/Intermediates.noindex/swift-syntax.build/Debug/SwiftDiagnostics.build/DerivedSources-normal/x86_64 -Xcc -I/Users/harishvishwakarma/Library/Developer/Xcode/DerivedData/Revolt-dharrjsambcimaaziudpvzjdcigm/Build/Intermediates.noindex/swift-syntax.build/Debug/SwiftDiagnostics.build/DerivedSources/x86_64 -Xcc -I/Users/harishvishwakarma/Library/Developer/Xcode/DerivedData/Revolt-dharrjsambcimaaziudpvzjdcigm/Build/Intermediates.noindex/swift-syntax.build/Debug/SwiftDiagnostics.build/DerivedSources -Xcc -DSWIFT_PACKAGE -Xcc -DDEBUG\=1 -emit-objc-header -emit-objc-header-path /Users/harishvishwakarma/Library/Developer/Xcode/DerivedData/Revolt-dharrjsambcimaaziudpvzjdcigm/Build/Intermediates.noindex/swift-syntax.build/Debug/SwiftDiagnostics.build/Objects-normal/x86_64/SwiftDiagnostics-Swift.h -working-directory /Users/harishvishwakarma/Handy/Archem/pepchat-ios/Revolt.xcodeproj -experimental-emit-module-separately -disable-cmo

SwiftDriverJobDiscovery normal arm64 Emitting module for NavigationTransition (in target 'NavigationTransition' from project 'swiftui-navigation-transitions')

SwiftDriver\ Compilation\ Requirements NavigationTransition normal arm64 com.apple.xcode.tools.swift.compiler (in target 'NavigationTransition' from project 'swiftui-navigation-transitions')
    cd /Users/harishvishwakarma/Handy/Archem/pepchat-ios/Revolt.xcodeproj
    builtin-Swift-Compilation-Requirements -- /Applications/Xcode.app/Contents/Developer/Toolchains/XcodeDefault.xctoolchain/usr/bin/swiftc -module-name NavigationTransition -Onone -enforce-exclusivity\=checked @/Users/harishvishwakarma/Library/Developer/Xcode/DerivedData/Revolt-dharrjsambcimaaziudpvzjdcigm/Build/Intermediates.noindex/swiftui-navigation-transitions.build/Debug-iphoneos/NavigationTransition.build/Objects-normal/arm64/NavigationTransition.SwiftFileList -DSWIFT_PACKAGE -DDEBUG -DXcode -plugin-path /Applications/Xcode.app/Contents/Developer/Toolchains/XcodeDefault.xctoolchain/usr/lib/swift/host/plugins/testing -enable-experimental-feature DebugDescriptionMacro -sdk /Applications/Xcode.app/Contents/Developer/Platforms/iPhoneOS.platform/Developer/SDKs/iPhoneOS18.5.sdk -target arm64-apple-ios13.0 -g -module-cache-path /Users/harishvishwakarma/Library/Developer/Xcode/DerivedData/ModuleCache.noindex -Xfrontend -serialize-debugging-options -enable-testing -suppress-warnings -index-store-path /Users/harishvishwakarma/Library/Developer/Xcode/DerivedData/Revolt-dharrjsambcimaaziudpvzjdcigm/Index.noindex/DataStore -swift-version 5 -I /Users/harishvishwakarma/Library/Developer/Xcode/DerivedData/Revolt-dharrjsambcimaaziudpvzjdcigm/Build/Products/Debug-iphoneos -I /Applications/Xcode.app/Contents/Developer/Platforms/iPhoneOS.platform/Developer/usr/lib -F /Users/harishvishwakarma/Library/Developer/Xcode/DerivedData/Revolt-dharrjsambcimaaziudpvzjdcigm/Build/Products/Debug-iphoneos/PackageFrameworks -F /Users/harishvishwakarma/Library/Developer/Xcode/DerivedData/Revolt-dharrjsambcimaaziudpvzjdcigm/Build/Products/Debug-iphoneos/PackageFrameworks -F /Users/harishvishwakarma/Library/Developer/Xcode/DerivedData/Revolt-dharrjsambcimaaziudpvzjdcigm/Build/Products/Debug-iphoneos/PackageFrameworks -F /Users/harishvishwakarma/Library/Developer/Xcode/DerivedData/Revolt-dharrjsambcimaaziudpvzjdcigm/Build/Products/Debug-iphoneos -F /Applications/Xcode.app/Contents/Developer/Platforms/iPhoneOS.platform/Developer/Library/Frameworks -F /Applications/Xcode.app/Contents/Developer/Platforms/iPhoneOS.platform/Developer/SDKs/iPhoneOS18.5.sdk/Developer/Library/Frameworks -c -j12 -enable-batch-mode -incremental -Xcc -ivfsstatcache -Xcc /Users/harishvishwakarma/Library/Developer/Xcode/DerivedData/SDKStatCaches.noindex/iphoneos18.5-22F76-7fa4eea80a99bbfdc046826b63ec4baf.sdkstatcache -output-file-map /Users/harishvishwakarma/Library/Developer/Xcode/DerivedData/Revolt-dharrjsambcimaaziudpvzjdcigm/Build/Intermediates.noindex/swiftui-navigation-transitions.build/Debug-iphoneos/NavigationTransition.build/Objects-normal/arm64/NavigationTransition-OutputFileMap.json -use-frontend-parseable-output -save-temps -no-color-diagnostics -serialize-diagnostics -emit-dependencies -emit-module -emit-module-path /Users/harishvishwakarma/Library/Developer/Xcode/DerivedData/Revolt-dharrjsambcimaaziudpvzjdcigm/Build/Intermediates.noindex/swiftui-navigation-transitions.build/Debug-iphoneos/NavigationTransition.build/Objects-normal/arm64/NavigationTransition.swiftmodule -validate-clang-modules-once -clang-build-session-file /Users/harishvishwakarma/Library/Developer/Xcode/DerivedData/ModuleCache.noindex/Session.modulevalidation -package-name swiftui_navigation_transitions -Xcc -I/Users/harishvishwakarma/Library/Developer/Xcode/DerivedData/Revolt-dharrjsambcimaaziudpvzjdcigm/Build/Intermediates.noindex/swiftui-navigation-transitions.build/Debug-iphoneos/NavigationTransition.build/swift-overrides.hmap -emit-const-values -Xfrontend -const-gather-protocols-file -Xfrontend /Users/harishvishwakarma/Library/Developer/Xcode/DerivedData/Revolt-dharrjsambcimaaziudpvzjdcigm/Build/Intermediates.noindex/swiftui-navigation-transitions.build/Debug-iphoneos/NavigationTransition.build/Objects-normal/arm64/NavigationTransition_const_extract_protocols.json -Xcc -I/Users/harishvishwakarma/Library/Developer/Xcode/DerivedData/Revolt-dharrjsambcimaaziudpvzjdcigm/Build/Products/Debug-iphoneos/include -Xcc -I/Users/harishvishwakarma/Library/Developer/Xcode/DerivedData/Revolt-dharrjsambcimaaziudpvzjdcigm/Build/Intermediates.noindex/swiftui-navigation-transitions.build/Debug-iphoneos/NavigationTransition.build/DerivedSources-normal/arm64 -Xcc -I/Users/harishvishwakarma/Library/Developer/Xcode/DerivedData/Revolt-dharrjsambcimaaziudpvzjdcigm/Build/Intermediates.noindex/swiftui-navigation-transitions.build/Debug-iphoneos/NavigationTransition.build/DerivedSources/arm64 -Xcc -I/Users/harishvishwakarma/Library/Developer/Xcode/DerivedData/Revolt-dharrjsambcimaaziudpvzjdcigm/Build/Intermediates.noindex/swiftui-navigation-transitions.build/Debug-iphoneos/NavigationTransition.build/DerivedSources -Xcc -DSWIFT_PACKAGE -Xcc -DDEBUG\=1 -emit-objc-header -emit-objc-header-path /Users/harishvishwakarma/Library/Developer/Xcode/DerivedData/Revolt-dharrjsambcimaaziudpvzjdcigm/Build/Intermediates.noindex/swiftui-navigation-transitions.build/Debug-iphoneos/NavigationTransition.build/Objects-normal/arm64/NavigationTransition-Swift.h -working-directory /Users/harishvishwakarma/Handy/Archem/pepchat-ios/Revolt.xcodeproj -experimental-emit-module-separately -disable-cmo

SwiftCompile normal arm64 Compiling\ _Exports.swift /Users/harishvishwakarma/Library/Developer/Xcode/DerivedData/Revolt-dharrjsambcimaaziudpvzjdcigm/SourcePackages/checkouts/swiftui-navigation-transitions/Sources/NavigationTransition/_Exports.swift (in target 'NavigationTransition' from project 'swiftui-navigation-transitions')

SwiftCompile normal arm64 /Users/harishvishwakarma/Library/Developer/Xcode/DerivedData/Revolt-dharrjsambcimaaziudpvzjdcigm/SourcePackages/checkouts/swiftui-navigation-transitions/Sources/NavigationTransition/_Exports.swift (in target 'NavigationTransition' from project 'swiftui-navigation-transitions')
    cd /Users/harishvishwakarma/Handy/Archem/pepchat-ios/Revolt.xcodeproj
    

SwiftMergeGeneratedHeaders /Users/harishvishwakarma/Library/Developer/Xcode/DerivedData/Revolt-dharrjsambcimaaziudpvzjdcigm/Build/Intermediates.noindex/GeneratedModuleMaps-iphoneos/NavigationTransition-Swift.h /Users/harishvishwakarma/Library/Developer/Xcode/DerivedData/Revolt-dharrjsambcimaaziudpvzjdcigm/Build/Intermediates.noindex/swiftui-navigation-transitions.build/Debug-iphoneos/NavigationTransition.build/Objects-normal/arm64/NavigationTransition-Swift.h (in target 'NavigationTransition' from project 'swiftui-navigation-transitions')
    cd /Users/harishvishwakarma/Library/Developer/Xcode/DerivedData/Revolt-dharrjsambcimaaziudpvzjdcigm/SourcePackages/checkouts/swiftui-navigation-transitions
    builtin-swiftHeaderTool -arch arm64 /Users/harishvishwakarma/Library/Developer/Xcode/DerivedData/Revolt-dharrjsambcimaaziudpvzjdcigm/Build/Intermediates.noindex/swiftui-navigation-transitions.build/Debug-iphoneos/NavigationTransition.build/Objects-normal/arm64/NavigationTransition-Swift.h -o /Users/harishvishwakarma/Library/Developer/Xcode/DerivedData/Revolt-dharrjsambcimaaziudpvzjdcigm/Build/Intermediates.noindex/GeneratedModuleMaps-iphoneos/NavigationTransition-Swift.h

SwiftDriverJobDiscovery normal x86_64 Compiling Syntax+Extensions.swift (in target 'SwiftBasicFormat' from project 'swift-syntax')

Copy /Users/harishvishwakarma/Library/Developer/Xcode/DerivedData/Revolt-dharrjsambcimaaziudpvzjdcigm/Build/Products/Debug-iphoneos/NavigationTransition.swiftmodule/arm64-apple-ios.swiftmodule /Users/harishvishwakarma/Library/Developer/Xcode/DerivedData/Revolt-dharrjsambcimaaziudpvzjdcigm/Build/Intermediates.noindex/swiftui-navigation-transitions.build/Debug-iphoneos/NavigationTransition.build/Objects-normal/arm64/NavigationTransition.swiftmodule (in target 'NavigationTransition' from project 'swiftui-navigation-transitions')
    cd /Users/harishvishwakarma/Library/Developer/Xcode/DerivedData/Revolt-dharrjsambcimaaziudpvzjdcigm/SourcePackages/checkouts/swiftui-navigation-transitions
    builtin-copy -exclude .DS_Store -exclude CVS -exclude .svn -exclude .git -exclude .hg -resolve-src-symlinks -rename /Users/harishvishwakarma/Library/Developer/Xcode/DerivedData/Revolt-dharrjsambcimaaziudpvzjdcigm/Build/Intermediates.noindex/swiftui-navigation-transitions.build/Debug-iphoneos/NavigationTransition.build/Objects-normal/arm64/NavigationTransition.swiftmodule /Users/harishvishwakarma/Library/Developer/Xcode/DerivedData/Revolt-dharrjsambcimaaziudpvzjdcigm/Build/Products/Debug-iphoneos/NavigationTransition.swiftmodule/arm64-apple-ios.swiftmodule

Copy /Users/harishvishwakarma/Library/Developer/Xcode/DerivedData/Revolt-dharrjsambcimaaziudpvzjdcigm/Build/Products/Debug-iphoneos/NavigationTransition.swiftmodule/arm64-apple-ios.swiftdoc /Users/harishvishwakarma/Library/Developer/Xcode/DerivedData/Revolt-dharrjsambcimaaziudpvzjdcigm/Build/Intermediates.noindex/swiftui-navigation-transitions.build/Debug-iphoneos/NavigationTransition.build/Objects-normal/arm64/NavigationTransition.swiftdoc (in target 'NavigationTransition' from project 'swiftui-navigation-transitions')
    cd /Users/harishvishwakarma/Library/Developer/Xcode/DerivedData/Revolt-dharrjsambcimaaziudpvzjdcigm/SourcePackages/checkouts/swiftui-navigation-transitions
    builtin-copy -exclude .DS_Store -exclude CVS -exclude .svn -exclude .git -exclude .hg -resolve-src-symlinks -rename /Users/harishvishwakarma/Library/Developer/Xcode/DerivedData/Revolt-dharrjsambcimaaziudpvzjdcigm/Build/Intermediates.noindex/swiftui-navigation-transitions.build/Debug-iphoneos/NavigationTransition.build/Objects-normal/arm64/NavigationTransition.swiftdoc /Users/harishvishwakarma/Library/Developer/Xcode/DerivedData/Revolt-dharrjsambcimaaziudpvzjdcigm/Build/Products/Debug-iphoneos/NavigationTransition.swiftmodule/arm64-apple-ios.swiftdoc

Copy /Users/harishvishwakarma/Library/Developer/Xcode/DerivedData/Revolt-dharrjsambcimaaziudpvzjdcigm/Build/Products/Debug-iphoneos/NavigationTransition.swiftmodule/arm64-apple-ios.abi.json /Users/harishvishwakarma/Library/Developer/Xcode/DerivedData/Revolt-dharrjsambcimaaziudpvzjdcigm/Build/Intermediates.noindex/swiftui-navigation-transitions.build/Debug-iphoneos/NavigationTransition.build/Objects-normal/arm64/NavigationTransition.abi.json (in target 'NavigationTransition' from project 'swiftui-navigation-transitions')
    cd /Users/harishvishwakarma/Library/Developer/Xcode/DerivedData/Revolt-dharrjsambcimaaziudpvzjdcigm/SourcePackages/checkouts/swiftui-navigation-transitions
    builtin-copy -exclude .DS_Store -exclude CVS -exclude .svn -exclude .git -exclude .hg -resolve-src-symlinks -rename /Users/harishvishwakarma/Library/Developer/Xcode/DerivedData/Revolt-dharrjsambcimaaziudpvzjdcigm/Build/Intermediates.noindex/swiftui-navigation-transitions.build/Debug-iphoneos/NavigationTransition.build/Objects-normal/arm64/NavigationTransition.abi.json /Users/harishvishwakarma/Library/Developer/Xcode/DerivedData/Revolt-dharrjsambcimaaziudpvzjdcigm/Build/Products/Debug-iphoneos/NavigationTransition.swiftmodule/arm64-apple-ios.abi.json

Copy /Users/harishvishwakarma/Library/Developer/Xcode/DerivedData/Revolt-dharrjsambcimaaziudpvzjdcigm/Build/Products/Debug-iphoneos/NavigationTransition.swiftmodule/Project/arm64-apple-ios.swiftsourceinfo /Users/harishvishwakarma/Library/Developer/Xcode/DerivedData/Revolt-dharrjsambcimaaziudpvzjdcigm/Build/Intermediates.noindex/swiftui-navigation-transitions.build/Debug-iphoneos/NavigationTransition.build/Objects-normal/arm64/NavigationTransition.swiftsourceinfo (in target 'NavigationTransition' from project 'swiftui-navigation-transitions')
    cd /Users/harishvishwakarma/Library/Developer/Xcode/DerivedData/Revolt-dharrjsambcimaaziudpvzjdcigm/SourcePackages/checkouts/swiftui-navigation-transitions
    builtin-copy -exclude .DS_Store -exclude CVS -exclude .svn -exclude .git -exclude .hg -resolve-src-symlinks -rename /Users/harishvishwakarma/Library/Developer/Xcode/DerivedData/Revolt-dharrjsambcimaaziudpvzjdcigm/Build/Intermediates.noindex/swiftui-navigation-transitions.build/Debug-iphoneos/NavigationTransition.build/Objects-normal/arm64/NavigationTransition.swiftsourceinfo /Users/harishvishwakarma/Library/Developer/Xcode/DerivedData/Revolt-dharrjsambcimaaziudpvzjdcigm/Build/Products/Debug-iphoneos/NavigationTransition.swiftmodule/Project/arm64-apple-ios.swiftsourceinfo

SwiftCompile normal arm64 Compiling\ NavigationTransitionBuilder.swift /Users/harishvishwakarma/Library/Developer/Xcode/DerivedData/Revolt-dharrjsambcimaaziudpvzjdcigm/SourcePackages/checkouts/swiftui-navigation-transitions/Sources/NavigationTransition/NavigationTransitionBuilder.swift (in target 'NavigationTransition' from project 'swiftui-navigation-transitions')
SwiftCompile normal arm64 /Users/harishvishwakarma/Library/Developer/Xcode/DerivedData/Revolt-dharrjsambcimaaziudpvzjdcigm/SourcePackages/checkouts/swiftui-navigation-transitions/Sources/NavigationTransition/NavigationTransitionBuilder.swift (in target 'NavigationTransition' from project 'swiftui-navigation-transitions')
    cd /Users/harishvishwakarma/Handy/Archem/pepchat-ios/Revolt.xcodeproj
    

SwiftCompile normal arm64 Compiling\ Pick.swift /Users/harishvishwakarma/Library/Developer/Xcode/DerivedData/Revolt-dharrjsambcimaaziudpvzjdcigm/SourcePackages/checkouts/swiftui-navigation-transitions/Sources/NavigationTransition/Pick.swift (in target 'NavigationTransition' from project 'swiftui-navigation-transitions')

SwiftCompile normal arm64 /Users/harishvishwakarma/Library/Developer/Xcode/DerivedData/Revolt-dharrjsambcimaaziudpvzjdcigm/SourcePackages/checkouts/swiftui-navigation-transitions/Sources/NavigationTransition/Pick.swift (in target 'NavigationTransition' from project 'swiftui-navigation-transitions')
    cd /Users/harishvishwakarma/Handy/Archem/pepchat-ios/Revolt.xcodeproj
    

SwiftCompile normal arm64 Compiling\ Mirror.swift /Users/harishvishwakarma/Library/Developer/Xcode/DerivedData/Revolt-dharrjsambcimaaziudpvzjdcigm/SourcePackages/checkouts/swiftui-navigation-transitions/Sources/NavigationTransition/Mirror.swift (in target 'NavigationTransition' from project 'swiftui-navigation-transitions')

SwiftCompile normal arm64 /Users/harishvishwakarma/Library/Developer/Xcode/DerivedData/Revolt-dharrjsambcimaaziudpvzjdcigm/SourcePackages/checkouts/swiftui-navigation-transitions/Sources/NavigationTransition/Mirror.swift (in target 'NavigationTransition' from project 'swiftui-navigation-transitions')
    cd /Users/harishvishwakarma/Handy/Archem/pepchat-ios/Revolt.xcodeproj
    

SwiftDriverJobDiscovery normal arm64 Compiling SyntaxProtocol+Formatted.swift (in target 'SwiftBasicFormat' from project 'swift-syntax')

SwiftDriverJobDiscovery normal x86_64 Compiling SyntaxProtocol+Formatted.swift (in target 'SwiftBasicFormat' from project 'swift-syntax')

SwiftCompile normal arm64 Compiling\ AnyNavigationTransition.swift,\ Combined.swift /Users/harishvishwakarma/Library/Developer/Xcode/DerivedData/Revolt-dharrjsambcimaaziudpvzjdcigm/SourcePackages/checkouts/swiftui-navigation-transitions/Sources/NavigationTransition/AnyNavigationTransition.swift /Users/harishvishwakarma/Library/Developer/Xcode/DerivedData/Revolt-dharrjsambcimaaziudpvzjdcigm/SourcePackages/checkouts/swiftui-navigation-transitions/Sources/NavigationTransition/Combined.swift (in target 'NavigationTransition' from project 'swiftui-navigation-transitions')
SwiftCompile normal arm64 /Users/harishvishwakarma/Library/Developer/Xcode/DerivedData/Revolt-dharrjsambcimaaziudpvzjdcigm/SourcePackages/checkouts/swiftui-navigation-transitions/Sources/NavigationTransition/AnyNavigationTransition.swift (in target 'NavigationTransition' from project 'swiftui-navigation-transitions')
    cd /Users/harishvishwakarma/Handy/Archem/pepchat-ios/Revolt.xcodeproj
    

SwiftCompile normal arm64 /Users/harishvishwakarma/Library/Developer/Xcode/DerivedData/Revolt-dharrjsambcimaaziudpvzjdcigm/SourcePackages/checkouts/swiftui-navigation-transitions/Sources/NavigationTransition/Combined.swift (in target 'NavigationTransition' from project 'swiftui-navigation-transitions')
    cd /Users/harishvishwakarma/Handy/Archem/pepchat-ios/Revolt.xcodeproj
    

SwiftDriverJobDiscovery normal arm64 Compiling Syntax+Extensions.swift (in target 'SwiftBasicFormat' from project 'swift-syntax')

SwiftCompile normal arm64 Compiling\ Identity.swift /Users/harishvishwakarma/Library/Developer/Xcode/DerivedData/Revolt-dharrjsambcimaaziudpvzjdcigm/SourcePackages/checkouts/swiftui-navigation-transitions/Sources/NavigationTransition/Identity.swift (in target 'NavigationTransition' from project 'swiftui-navigation-transitions')

SwiftCompile normal arm64 /Users/harishvishwakarma/Library/Developer/Xcode/DerivedData/Revolt-dharrjsambcimaaziudpvzjdcigm/SourcePackages/checkouts/swiftui-navigation-transitions/Sources/NavigationTransition/Identity.swift (in target 'NavigationTransition' from project 'swiftui-navigation-transitions')
    cd /Users/harishvishwakarma/Handy/Archem/pepchat-ios/Revolt.xcodeproj
    

SwiftDriverJobDiscovery normal arm64 Compiling BasicFormat.swift (in target 'SwiftBasicFormat' from project 'swift-syntax')

SwiftCompile normal arm64 Compiling\ PrimitiveNavigationTransition.swift /Users/harishvishwakarma/Library/Developer/Xcode/DerivedData/Revolt-dharrjsambcimaaziudpvzjdcigm/SourcePackages/checkouts/swiftui-navigation-transitions/Sources/NavigationTransition/PrimitiveNavigationTransition.swift (in target 'NavigationTransition' from project 'swiftui-navigation-transitions')

SwiftCompile normal arm64 /Users/harishvishwakarma/Library/Developer/Xcode/DerivedData/Revolt-dharrjsambcimaaziudpvzjdcigm/SourcePackages/checkouts/swiftui-navigation-transitions/Sources/NavigationTransition/PrimitiveNavigationTransition.swift (in target 'NavigationTransition' from project 'swiftui-navigation-transitions')
    cd /Users/harishvishwakarma/Handy/Archem/pepchat-ios/Revolt.xcodeproj
    

SwiftDriverJobDiscovery normal arm64 Compiling _Exports.swift (in target 'NavigationTransition' from project 'swiftui-navigation-transitions')

SwiftCompile normal arm64 Compiling\ Slide.swift /Users/harishvishwakarma/Library/Developer/Xcode/DerivedData/Revolt-dharrjsambcimaaziudpvzjdcigm/SourcePackages/checkouts/swiftui-navigation-transitions/Sources/NavigationTransition/Slide.swift (in target 'NavigationTransition' from project 'swiftui-navigation-transitions')
SwiftCompile normal arm64 /Users/harishvishwakarma/Library/Developer/Xcode/DerivedData/Revolt-dharrjsambcimaaziudpvzjdcigm/SourcePackages/checkouts/swiftui-navigation-transitions/Sources/NavigationTransition/Slide.swift (in target 'NavigationTransition' from project 'swiftui-navigation-transitions')
    cd /Users/harishvishwakarma/Handy/Archem/pepchat-ios/Revolt.xcodeproj
    

SwiftDriverJobDiscovery normal x86_64 Compiling Trivia+FormatExtensions.swift (in target 'SwiftBasicFormat' from project 'swift-syntax')

SwiftCompile normal arm64 Compiling\ On.swift /Users/harishvishwakarma/Library/Developer/Xcode/DerivedData/Revolt-dharrjsambcimaaziudpvzjdcigm/SourcePackages/checkouts/swiftui-navigation-transitions/Sources/NavigationTransition/On.swift (in target 'NavigationTransition' from project 'swiftui-navigation-transitions')

SwiftCompile normal arm64 /Users/harishvishwakarma/Library/Developer/Xcode/DerivedData/Revolt-dharrjsambcimaaziudpvzjdcigm/SourcePackages/checkouts/swiftui-navigation-transitions/Sources/NavigationTransition/On.swift (in target 'NavigationTransition' from project 'swiftui-navigation-transitions')
    cd /Users/harishvishwakarma/Handy/Archem/pepchat-ios/Revolt.xcodeproj
    

SwiftDriverJobDiscovery normal arm64 Compiling Trivia+FormatExtensions.swift (in target 'SwiftBasicFormat' from project 'swift-syntax')

SwiftDriver\ Compilation SwiftBasicFormat normal arm64 com.apple.xcode.tools.swift.compiler (in target 'SwiftBasicFormat' from project 'swift-syntax')
    cd /Users/harishvishwakarma/Handy/Archem/pepchat-ios/Revolt.xcodeproj
    builtin-Swift-Compilation -- /Applications/Xcode.app/Contents/Developer/Toolchains/XcodeDefault.xctoolchain/usr/bin/swiftc -module-name SwiftBasicFormat -Onone -enforce-exclusivity\=checked @/Users/harishvishwakarma/Library/Developer/Xcode/DerivedData/Revolt-dharrjsambcimaaziudpvzjdcigm/Build/Intermediates.noindex/swift-syntax.build/Debug/SwiftBasicFormat.build/Objects-normal/arm64/SwiftBasicFormat.SwiftFileList -DSWIFT_PACKAGE -DDEBUG -DXcode -plugin-path /Applications/Xcode.app/Contents/Developer/Toolchains/XcodeDefault.xctoolchain/usr/lib/swift/host/plugins/testing -enable-experimental-feature DebugDescriptionMacro -sdk /Applications/Xcode.app/Contents/Developer/Platforms/MacOSX.platform/Developer/SDKs/MacOSX15.5.sdk -target arm64-apple-macos10.15 -g -module-cache-path /Users/harishvishwakarma/Library/Developer/Xcode/DerivedData/ModuleCache.noindex -Xfrontend -serialize-debugging-options -enable-testing -suppress-warnings -index-store-path /Users/harishvishwakarma/Library/Developer/Xcode/DerivedData/Revolt-dharrjsambcimaaziudpvzjdcigm/Index.noindex/DataStore -swift-version 5 -I /Users/harishvishwakarma/Library/Developer/Xcode/DerivedData/Revolt-dharrjsambcimaaziudpvzjdcigm/Build/Products/Debug -I /Applications/Xcode.app/Contents/Developer/Platforms/MacOSX.platform/Developer/usr/lib -F /Users/harishvishwakarma/Library/Developer/Xcode/DerivedData/Revolt-dharrjsambcimaaziudpvzjdcigm/Build/Products/Debug/PackageFrameworks -F /Users/harishvishwakarma/Library/Developer/Xcode/DerivedData/Revolt-dharrjsambcimaaziudpvzjdcigm/Build/Products/Debug/PackageFrameworks -F /Users/harishvishwakarma/Library/Developer/Xcode/DerivedData/Revolt-dharrjsambcimaaziudpvzjdcigm/Build/Products/Debug -F /Applications/Xcode.app/Contents/Developer/Platforms/MacOSX.platform/Developer/Library/Frameworks -c -j12 -enable-batch-mode -incremental -Xcc -ivfsstatcache -Xcc /Users/harishvishwakarma/Library/Developer/Xcode/DerivedData/SDKStatCaches.noindex/macosx15.5-24F74-8254517eb8b97d462ccbc072ba9094c9.sdkstatcache -output-file-map /Users/harishvishwakarma/Library/Developer/Xcode/DerivedData/Revolt-dharrjsambcimaaziudpvzjdcigm/Build/Intermediates.noindex/swift-syntax.build/Debug/SwiftBasicFormat.build/Objects-normal/arm64/SwiftBasicFormat-OutputFileMap.json -use-frontend-parseable-output -save-temps -no-color-diagnostics -serialize-diagnostics -emit-dependencies -emit-module -emit-module-path /Users/harishvishwakarma/Library/Developer/Xcode/DerivedData/Revolt-dharrjsambcimaaziudpvzjdcigm/Build/Intermediates.noindex/swift-syntax.build/Debug/SwiftBasicFormat.build/Objects-normal/arm64/SwiftBasicFormat.swiftmodule -validate-clang-modules-once -clang-build-session-file /Users/harishvishwakarma/Library/Developer/Xcode/DerivedData/ModuleCache.noindex/Session.modulevalidation -Xcc -I/Users/harishvishwakarma/Library/Developer/Xcode/DerivedData/Revolt-dharrjsambcimaaziudpvzjdcigm/Build/Intermediates.noindex/swift-syntax.build/Debug/SwiftBasicFormat.build/swift-overrides.hmap -emit-const-values -Xfrontend -const-gather-protocols-file -Xfrontend /Users/harishvishwakarma/Library/Developer/Xcode/DerivedData/Revolt-dharrjsambcimaaziudpvzjdcigm/Build/Intermediates.noindex/swift-syntax.build/Debug/SwiftBasicFormat.build/Objects-normal/arm64/SwiftBasicFormat_const_extract_protocols.json -Xcc -I/Users/harishvishwakarma/Library/Developer/Xcode/DerivedData/Revolt-dharrjsambcimaaziudpvzjdcigm/Build/Products/Debug/include -Xcc -I/Users/harishvishwakarma/Library/Developer/Xcode/DerivedData/Revolt-dharrjsambcimaaziudpvzjdcigm/Build/Intermediates.noindex/swift-syntax.build/Debug/SwiftBasicFormat.build/DerivedSources-normal/arm64 -Xcc -I/Users/harishvishwakarma/Library/Developer/Xcode/DerivedData/Revolt-dharrjsambcimaaziudpvzjdcigm/Build/Intermediates.noindex/swift-syntax.build/Debug/SwiftBasicFormat.build/DerivedSources/arm64 -Xcc -I/Users/harishvishwakarma/Library/Developer/Xcode/DerivedData/Revolt-dharrjsambcimaaziudpvzjdcigm/Build/Intermediates.noindex/swift-syntax.build/Debug/SwiftBasicFormat.build/DerivedSources -Xcc -DSWIFT_PACKAGE -Xcc -DDEBUG\=1 -emit-objc-header -emit-objc-header-path /Users/harishvishwakarma/Library/Developer/Xcode/DerivedData/Revolt-dharrjsambcimaaziudpvzjdcigm/Build/Intermediates.noindex/swift-syntax.build/Debug/SwiftBasicFormat.build/Objects-normal/arm64/SwiftBasicFormat-Swift.h -working-directory /Users/harishvishwakarma/Handy/Archem/pepchat-ios/Revolt.xcodeproj -experimental-emit-module-separately -disable-cmo

SwiftDriverJobDiscovery normal arm64 Compiling RuntimeWarnings.swift (in target 'NavigationTransition' from project 'swiftui-navigation-transitions')

SwiftCompile normal arm64 Compiling\ Collections.swift /Users/harishvishwakarma/Library/Developer/Xcode/DerivedData/Revolt-dharrjsambcimaaziudpvzjdcigm/SourcePackages/checkouts/swift-collections/Sources/Collections/Collections.swift (in target 'Collections' from project 'swift-collections')

SwiftCompile normal arm64 /Users/harishvishwakarma/Library/Developer/Xcode/DerivedData/Revolt-dharrjsambcimaaziudpvzjdcigm/SourcePackages/checkouts/swift-collections/Sources/Collections/Collections.swift (in target 'Collections' from project 'swift-collections')
    cd /Users/harishvishwakarma/Handy/Archem/pepchat-ios/Revolt.xcodeproj
    

SwiftDriverJobDiscovery normal x86_64 Compiling BasicFormat.swift (in target 'SwiftBasicFormat' from project 'swift-syntax')

RegisterExecutionPolicyException /Users/harishvishwakarma/Library/Developer/Xcode/DerivedData/Revolt-dharrjsambcimaaziudpvzjdcigm/Build/Products/Debug-iphoneos/Types.framework (in target 'Types' from project 'Revolt')
    cd /Users/harishvishwakarma/Handy/Archem/pepchat-ios
    builtin-RegisterExecutionPolicyException /Users/harishvishwakarma/Library/Developer/Xcode/DerivedData/Revolt-dharrjsambcimaaziudpvzjdcigm/Build/Products/Debug-iphoneos/Types.framework

SwiftDriver\ Compilation SwiftBasicFormat normal x86_64 com.apple.xcode.tools.swift.compiler (in target 'SwiftBasicFormat' from project 'swift-syntax')
    cd /Users/harishvishwakarma/Handy/Archem/pepchat-ios/Revolt.xcodeproj
    builtin-Swift-Compilation -- /Applications/Xcode.app/Contents/Developer/Toolchains/XcodeDefault.xctoolchain/usr/bin/swiftc -module-name SwiftBasicFormat -Onone -enforce-exclusivity\=checked @/Users/harishvishwakarma/Library/Developer/Xcode/DerivedData/Revolt-dharrjsambcimaaziudpvzjdcigm/Build/Intermediates.noindex/swift-syntax.build/Debug/SwiftBasicFormat.build/Objects-normal/x86_64/SwiftBasicFormat.SwiftFileList -DSWIFT_PACKAGE -DDEBUG -DXcode -plugin-path /Applications/Xcode.app/Contents/Developer/Toolchains/XcodeDefault.xctoolchain/usr/lib/swift/host/plugins/testing -enable-experimental-feature DebugDescriptionMacro -sdk /Applications/Xcode.app/Contents/Developer/Platforms/MacOSX.platform/Developer/SDKs/MacOSX15.5.sdk -target x86_64-apple-macos10.15 -g -module-cache-path /Users/harishvishwakarma/Library/Developer/Xcode/DerivedData/ModuleCache.noindex -Xfrontend -serialize-debugging-options -enable-testing -suppress-warnings -index-store-path /Users/harishvishwakarma/Library/Developer/Xcode/DerivedData/Revolt-dharrjsambcimaaziudpvzjdcigm/Index.noindex/DataStore -swift-version 5 -I /Users/harishvishwakarma/Library/Developer/Xcode/DerivedData/Revolt-dharrjsambcimaaziudpvzjdcigm/Build/Products/Debug -I /Applications/Xcode.app/Contents/Developer/Platforms/MacOSX.platform/Developer/usr/lib -F /Users/harishvishwakarma/Library/Developer/Xcode/DerivedData/Revolt-dharrjsambcimaaziudpvzjdcigm/Build/Products/Debug/PackageFrameworks -F /Users/harishvishwakarma/Library/Developer/Xcode/DerivedData/Revolt-dharrjsambcimaaziudpvzjdcigm/Build/Products/Debug/PackageFrameworks -F /Users/harishvishwakarma/Library/Developer/Xcode/DerivedData/Revolt-dharrjsambcimaaziudpvzjdcigm/Build/Products/Debug -F /Applications/Xcode.app/Contents/Developer/Platforms/MacOSX.platform/Developer/Library/Frameworks -c -j12 -enable-batch-mode -incremental -Xcc -ivfsstatcache -Xcc /Users/harishvishwakarma/Library/Developer/Xcode/DerivedData/SDKStatCaches.noindex/macosx15.5-24F74-8254517eb8b97d462ccbc072ba9094c9.sdkstatcache -output-file-map /Users/harishvishwakarma/Library/Developer/Xcode/DerivedData/Revolt-dharrjsambcimaaziudpvzjdcigm/Build/Intermediates.noindex/swift-syntax.build/Debug/SwiftBasicFormat.build/Objects-normal/x86_64/SwiftBasicFormat-OutputFileMap.json -use-frontend-parseable-output -save-temps -no-color-diagnostics -serialize-diagnostics -emit-dependencies -emit-module -emit-module-path /Users/harishvishwakarma/Library/Developer/Xcode/DerivedData/Revolt-dharrjsambcimaaziudpvzjdcigm/Build/Intermediates.noindex/swift-syntax.build/Debug/SwiftBasicFormat.build/Objects-normal/x86_64/SwiftBasicFormat.swiftmodule -validate-clang-modules-once -clang-build-session-file /Users/harishvishwakarma/Library/Developer/Xcode/DerivedData/ModuleCache.noindex/Session.modulevalidation -Xcc -I/Users/harishvishwakarma/Library/Developer/Xcode/DerivedData/Revolt-dharrjsambcimaaziudpvzjdcigm/Build/Intermediates.noindex/swift-syntax.build/Debug/SwiftBasicFormat.build/swift-overrides.hmap -emit-const-values -Xfrontend -const-gather-protocols-file -Xfrontend /Users/harishvishwakarma/Library/Developer/Xcode/DerivedData/Revolt-dharrjsambcimaaziudpvzjdcigm/Build/Intermediates.noindex/swift-syntax.build/Debug/SwiftBasicFormat.build/Objects-normal/x86_64/SwiftBasicFormat_const_extract_protocols.json -Xcc -I/Users/harishvishwakarma/Library/Developer/Xcode/DerivedData/Revolt-dharrjsambcimaaziudpvzjdcigm/Build/Products/Debug/include -Xcc -I/Users/harishvishwakarma/Library/Developer/Xcode/DerivedData/Revolt-dharrjsambcimaaziudpvzjdcigm/Build/Intermediates.noindex/swift-syntax.build/Debug/SwiftBasicFormat.build/DerivedSources-normal/x86_64 -Xcc -I/Users/harishvishwakarma/Library/Developer/Xcode/DerivedData/Revolt-dharrjsambcimaaziudpvzjdcigm/Build/Intermediates.noindex/swift-syntax.build/Debug/SwiftBasicFormat.build/DerivedSources/x86_64 -Xcc -I/Users/harishvishwakarma/Library/Developer/Xcode/DerivedData/Revolt-dharrjsambcimaaziudpvzjdcigm/Build/Intermediates.noindex/swift-syntax.build/Debug/SwiftBasicFormat.build/DerivedSources -Xcc -DSWIFT_PACKAGE -Xcc -DDEBUG\=1 -emit-objc-header -emit-objc-header-path /Users/harishvishwakarma/Library/Developer/Xcode/DerivedData/Revolt-dharrjsambcimaaziudpvzjdcigm/Build/Intermediates.noindex/swift-syntax.build/Debug/SwiftBasicFormat.build/Objects-normal/x86_64/SwiftBasicFormat-Swift.h -working-directory /Users/harishvishwakarma/Handy/Archem/pepchat-ios/Revolt.xcodeproj -experimental-emit-module-separately -disable-cmo

RegisterExecutionPolicyException /Users/harishvishwakarma/Library/Developer/Xcode/DerivedData/Revolt-dharrjsambcimaaziudpvzjdcigm/Build/Products/Debug-iphoneos/Flow.o (in target 'Flow' from project 'Flow')
    cd /Users/harishvishwakarma/Library/Developer/Xcode/DerivedData/Revolt-dharrjsambcimaaziudpvzjdcigm/SourcePackages/checkouts/SwiftUI-Flow
    builtin-RegisterExecutionPolicyException /Users/harishvishwakarma/Library/Developer/Xcode/DerivedData/Revolt-dharrjsambcimaaziudpvzjdcigm/Build/Products/Debug-iphoneos/Flow.o

Ld /Users/harishvishwakarma/Library/Developer/Xcode/DerivedData/Revolt-dharrjsambcimaaziudpvzjdcigm/Build/Intermediates.noindex/swift-syntax.build/Debug/SwiftSyntax.build/Objects-normal/x86_64/Binary/SwiftSyntax.o normal x86_64 (in target 'SwiftSyntax' from project 'swift-syntax')
    cd /Users/harishvishwakarma/Library/Developer/Xcode/DerivedData/Revolt-dharrjsambcimaaziudpvzjdcigm/SourcePackages/checkouts/swift-syntax
    /Applications/Xcode.app/Contents/Developer/Toolchains/XcodeDefault.xctoolchain/usr/bin/clang -Xlinker -reproducible -target x86_64-apple-macos10.15 -r -isysroot /Applications/Xcode.app/Contents/Developer/Platforms/MacOSX.platform/Developer/SDKs/MacOSX15.5.sdk -O0 -w -L/Users/harishvishwakarma/Library/Developer/Xcode/DerivedData/Revolt-dharrjsambcimaaziudpvzjdcigm/Build/Intermediates.noindex/EagerLinkingTBDs/Debug -L/Users/harishvishwakarma/Library/Developer/Xcode/DerivedData/Revolt-dharrjsambcimaaziudpvzjdcigm/Build/Products/Debug -L/Applications/Xcode.app/Contents/Developer/Platforms/MacOSX.platform/Developer/usr/lib -F/Users/harishvishwakarma/Library/Developer/Xcode/DerivedData/Revolt-dharrjsambcimaaziudpvzjdcigm/Build/Intermediates.noindex/EagerLinkingTBDs/Debug -F/Users/harishvishwakarma/Library/Developer/Xcode/DerivedData/Revolt-dharrjsambcimaaziudpvzjdcigm/Build/Products/Debug/PackageFrameworks -F/Users/harishvishwakarma/Library/Developer/Xcode/DerivedData/Revolt-dharrjsambcimaaziudpvzjdcigm/Build/Products/Debug -iframework /Applications/Xcode.app/Contents/Developer/Platforms/MacOSX.platform/Developer/Library/Frameworks -filelist /Users/harishvishwakarma/Library/Developer/Xcode/DerivedData/Revolt-dharrjsambcimaaziudpvzjdcigm/Build/Intermediates.noindex/swift-syntax.build/Debug/SwiftSyntax.build/Objects-normal/x86_64/SwiftSyntax.LinkFileList -nostdlib -Xlinker -object_path_lto -Xlinker /Users/harishvishwakarma/Library/Developer/Xcode/DerivedData/Revolt-dharrjsambcimaaziudpvzjdcigm/Build/Intermediates.noindex/swift-syntax.build/Debug/SwiftSyntax.build/Objects-normal/x86_64/SwiftSyntax_lto.o -rdynamic -Xlinker -no_deduplicate -Xlinker -dependency_info -Xlinker /Users/harishvishwakarma/Library/Developer/Xcode/DerivedData/Revolt-dharrjsambcimaaziudpvzjdcigm/Build/Intermediates.noindex/swift-syntax.build/Debug/SwiftSyntax.build/Objects-normal/x86_64/SwiftSyntax_dependency_info.dat -fobjc-link-runtime -L/Applications/Xcode.app/Contents/Developer/Toolchains/XcodeDefault.xctoolchain/usr/lib/swift/macosx -L/usr/lib/swift -Xlinker -add_ast_path -Xlinker /Users/harishvishwakarma/Library/Developer/Xcode/DerivedData/Revolt-dharrjsambcimaaziudpvzjdcigm/Build/Intermediates.noindex/swift-syntax.build/Debug/SwiftSyntax.build/Objects-normal/x86_64/SwiftSyntax.swiftmodule -o /Users/harishvishwakarma/Library/Developer/Xcode/DerivedData/Revolt-dharrjsambcimaaziudpvzjdcigm/Build/Intermediates.noindex/swift-syntax.build/Debug/SwiftSyntax.build/Objects-normal/x86_64/Binary/SwiftSyntax.o

Ld /Users/harishvishwakarma/Library/Developer/Xcode/DerivedData/Revolt-dharrjsambcimaaziudpvzjdcigm/Build/Intermediates.noindex/swift-syntax.build/Debug/SwiftSyntax.build/Objects-normal/arm64/Binary/SwiftSyntax.o normal arm64 (in target 'SwiftSyntax' from project 'swift-syntax')
    cd /Users/harishvishwakarma/Library/Developer/Xcode/DerivedData/Revolt-dharrjsambcimaaziudpvzjdcigm/SourcePackages/checkouts/swift-syntax
    /Applications/Xcode.app/Contents/Developer/Toolchains/XcodeDefault.xctoolchain/usr/bin/clang -Xlinker -reproducible -target arm64-apple-macos10.15 -r -isysroot /Applications/Xcode.app/Contents/Developer/Platforms/MacOSX.platform/Developer/SDKs/MacOSX15.5.sdk -O0 -w -L/Users/harishvishwakarma/Library/Developer/Xcode/DerivedData/Revolt-dharrjsambcimaaziudpvzjdcigm/Build/Intermediates.noindex/EagerLinkingTBDs/Debug -L/Users/harishvishwakarma/Library/Developer/Xcode/DerivedData/Revolt-dharrjsambcimaaziudpvzjdcigm/Build/Products/Debug -L/Applications/Xcode.app/Contents/Developer/Platforms/MacOSX.platform/Developer/usr/lib -F/Users/harishvishwakarma/Library/Developer/Xcode/DerivedData/Revolt-dharrjsambcimaaziudpvzjdcigm/Build/Intermediates.noindex/EagerLinkingTBDs/Debug -F/Users/harishvishwakarma/Library/Developer/Xcode/DerivedData/Revolt-dharrjsambcimaaziudpvzjdcigm/Build/Products/Debug/PackageFrameworks -F/Users/harishvishwakarma/Library/Developer/Xcode/DerivedData/Revolt-dharrjsambcimaaziudpvzjdcigm/Build/Products/Debug -iframework /Applications/Xcode.app/Contents/Developer/Platforms/MacOSX.platform/Developer/Library/Frameworks -filelist /Users/harishvishwakarma/Library/Developer/Xcode/DerivedData/Revolt-dharrjsambcimaaziudpvzjdcigm/Build/Intermediates.noindex/swift-syntax.build/Debug/SwiftSyntax.build/Objects-normal/arm64/SwiftSyntax.LinkFileList -nostdlib -Xlinker -object_path_lto -Xlinker /Users/harishvishwakarma/Library/Developer/Xcode/DerivedData/Revolt-dharrjsambcimaaziudpvzjdcigm/Build/Intermediates.noindex/swift-syntax.build/Debug/SwiftSyntax.build/Objects-normal/arm64/SwiftSyntax_lto.o -rdynamic -Xlinker -no_deduplicate -Xlinker -dependency_info -Xlinker /Users/harishvishwakarma/Library/Developer/Xcode/DerivedData/Revolt-dharrjsambcimaaziudpvzjdcigm/Build/Intermediates.noindex/swift-syntax.build/Debug/SwiftSyntax.build/Objects-normal/arm64/SwiftSyntax_dependency_info.dat -fobjc-link-runtime -L/Applications/Xcode.app/Contents/Developer/Toolchains/XcodeDefault.xctoolchain/usr/lib/swift/macosx -L/usr/lib/swift -Xlinker -add_ast_path -Xlinker /Users/harishvishwakarma/Library/Developer/Xcode/DerivedData/Revolt-dharrjsambcimaaziudpvzjdcigm/Build/Intermediates.noindex/swift-syntax.build/Debug/SwiftSyntax.build/Objects-normal/arm64/SwiftSyntax.swiftmodule -o /Users/harishvishwakarma/Library/Developer/Xcode/DerivedData/Revolt-dharrjsambcimaaziudpvzjdcigm/Build/Intermediates.noindex/swift-syntax.build/Debug/SwiftSyntax.build/Objects-normal/arm64/Binary/SwiftSyntax.o

SwiftDriverJobDiscovery normal arm64 Compiling NavigationTransitionProtocol.swift (in target 'NavigationTransition' from project 'swiftui-navigation-transitions')

SwiftDriverJobDiscovery normal arm64 Compiling Default.swift, Fade.swift (in target 'NavigationTransition' from project 'swiftui-navigation-transitions')

Ld /Users/harishvishwakarma/Library/Developer/Xcode/DerivedData/Revolt-dharrjsambcimaaziudpvzjdcigm/Build/Products/Debug-iphoneos/PopupView.o normal (in target 'PopupView' from project 'PopupView')
    cd /Users/harishvishwakarma/Library/Developer/Xcode/DerivedData/Revolt-dharrjsambcimaaziudpvzjdcigm/SourcePackages/checkouts/PopupView
    /Applications/Xcode.app/Contents/Developer/Toolchains/XcodeDefault.xctoolchain/usr/bin/clang -Xlinker -reproducible -target arm64-apple-ios15.0 -r -isysroot /Applications/Xcode.app/Contents/Developer/Platforms/iPhoneOS.platform/Developer/SDKs/iPhoneOS18.5.sdk -O0 -w -L/Users/harishvishwakarma/Library/Developer/Xcode/DerivedData/Revolt-dharrjsambcimaaziudpvzjdcigm/Build/Intermediates.noindex/EagerLinkingTBDs/Debug-iphoneos -L/Users/harishvishwakarma/Library/Developer/Xcode/DerivedData/Revolt-dharrjsambcimaaziudpvzjdcigm/Build/Products/Debug-iphoneos -L/Applications/Xcode.app/Contents/Developer/Platforms/iPhoneOS.platform/Developer/usr/lib -F/Users/harishvishwakarma/Library/Developer/Xcode/DerivedData/Revolt-dharrjsambcimaaziudpvzjdcigm/Build/Intermediates.noindex/EagerLinkingTBDs/Debug-iphoneos -F/Users/harishvishwakarma/Library/Developer/Xcode/DerivedData/Revolt-dharrjsambcimaaziudpvzjdcigm/Build/Products/Debug-iphoneos/PackageFrameworks -F/Users/harishvishwakarma/Library/Developer/Xcode/DerivedData/Revolt-dharrjsambcimaaziudpvzjdcigm/Build/Products/Debug-iphoneos -iframework /Applications/Xcode.app/Contents/Developer/Platforms/iPhoneOS.platform/Developer/Library/Frameworks -iframework /Applications/Xcode.app/Contents/Developer/Platforms/iPhoneOS.platform/Developer/SDKs/iPhoneOS18.5.sdk/Developer/Library/Frameworks -filelist /Users/harishvishwakarma/Library/Developer/Xcode/DerivedData/Revolt-dharrjsambcimaaziudpvzjdcigm/Build/Intermediates.noindex/PopupView.build/Debug-iphoneos/PopupView.build/Objects-normal/arm64/PopupView.LinkFileList -nostdlib -Xlinker -object_path_lto -Xlinker /Users/harishvishwakarma/Library/Developer/Xcode/DerivedData/Revolt-dharrjsambcimaaziudpvzjdcigm/Build/Intermediates.noindex/PopupView.build/Debug-iphoneos/PopupView.build/Objects-normal/arm64/PopupView_lto.o -rdynamic -Xlinker -no_deduplicate -Xlinker -dependency_info -Xlinker /Users/harishvishwakarma/Library/Developer/Xcode/DerivedData/Revolt-dharrjsambcimaaziudpvzjdcigm/Build/Intermediates.noindex/PopupView.build/Debug-iphoneos/PopupView.build/Objects-normal/arm64/PopupView_dependency_info.dat -fobjc-link-runtime -L/Applications/Xcode.app/Contents/Developer/Toolchains/XcodeDefault.xctoolchain/usr/lib/swift/iphoneos -L/usr/lib/swift -Xlinker -add_ast_path -Xlinker /Users/harishvishwakarma/Library/Developer/Xcode/DerivedData/Revolt-dharrjsambcimaaziudpvzjdcigm/Build/Intermediates.noindex/PopupView.build/Debug-iphoneos/PopupView.build/Objects-normal/arm64/PopupView.swiftmodule -o /Users/harishvishwakarma/Library/Developer/Xcode/DerivedData/Revolt-dharrjsambcimaaziudpvzjdcigm/Build/Products/Debug-iphoneos/PopupView.o

SwiftDriverJobDiscovery normal arm64 Compiling PrimitiveNavigationTransition.swift (in target 'NavigationTransition' from project 'swiftui-navigation-transitions')

Touch /Users/harishvishwakarma/Library/Developer/Xcode/DerivedData/Revolt-dharrjsambcimaaziudpvzjdcigm/Build/Products/Debug-iphoneos/Types.framework (in target 'Types' from project 'Revolt')
    cd /Users/harishvishwakarma/Handy/Archem/pepchat-ios
    /usr/bin/touch -c /Users/harishvishwakarma/Library/Developer/Xcode/DerivedData/Revolt-dharrjsambcimaaziudpvzjdcigm/Build/Products/Debug-iphoneos/Types.framework

RegisterExecutionPolicyException /Users/harishvishwakarma/Library/Developer/Xcode/DerivedData/Revolt-dharrjsambcimaaziudpvzjdcigm/Build/Products/Debug-iphoneos/Kingfisher.o (in target 'Kingfisher' from project 'Kingfisher')
    cd /Users/harishvishwakarma/Library/Developer/Xcode/DerivedData/Revolt-dharrjsambcimaaziudpvzjdcigm/SourcePackages/checkouts/Kingfisher
    builtin-RegisterExecutionPolicyException /Users/harishvishwakarma/Library/Developer/Xcode/DerivedData/Revolt-dharrjsambcimaaziudpvzjdcigm/Build/Products/Debug-iphoneos/Kingfisher.o

RegisterExecutionPolicyException /Users/harishvishwakarma/Library/Developer/Xcode/DerivedData/Revolt-dharrjsambcimaaziudpvzjdcigm/Build/Products/Debug-iphoneos/Highlightr.o (in target 'Highlightr' from project 'Highlightr')
    cd /Users/harishvishwakarma/Library/Developer/Xcode/DerivedData/Revolt-dharrjsambcimaaziudpvzjdcigm/SourcePackages/checkouts/Highlightr
    builtin-RegisterExecutionPolicyException /Users/harishvishwakarma/Library/Developer/Xcode/DerivedData/Revolt-dharrjsambcimaaziudpvzjdcigm/Build/Products/Debug-iphoneos/Highlightr.o

RegisterExecutionPolicyException /Users/harishvishwakarma/Library/Developer/Xcode/DerivedData/Revolt-dharrjsambcimaaziudpvzjdcigm/Build/Products/Debug-iphoneos/HCaptcha.o (in target 'HCaptcha' from project 'HCaptcha')
    cd /Users/harishvishwakarma/Library/Developer/Xcode/DerivedData/Revolt-dharrjsambcimaaziudpvzjdcigm/SourcePackages/checkouts/HCaptcha-ios-sdk
    builtin-RegisterExecutionPolicyException /Users/harishvishwakarma/Library/Developer/Xcode/DerivedData/Revolt-dharrjsambcimaaziudpvzjdcigm/Build/Products/Debug-iphoneos/HCaptcha.o

Ld /Users/harishvishwakarma/Library/Developer/Xcode/DerivedData/Revolt-dharrjsambcimaaziudpvzjdcigm/Build/Products/Debug-iphoneos/_RopeModule.o normal (in target '_RopeModule' from project 'swift-collections')
    cd /Users/harishvishwakarma/Library/Developer/Xcode/DerivedData/Revolt-dharrjsambcimaaziudpvzjdcigm/SourcePackages/checkouts/swift-collections
    /Applications/Xcode.app/Contents/Developer/Toolchains/XcodeDefault.xctoolchain/usr/bin/clang -Xlinker -reproducible -target arm64-apple-ios12.0 -r -isysroot /Applications/Xcode.app/Contents/Developer/Platforms/iPhoneOS.platform/Developer/SDKs/iPhoneOS18.5.sdk -O0 -w -L/Users/harishvishwakarma/Library/Developer/Xcode/DerivedData/Revolt-dharrjsambcimaaziudpvzjdcigm/Build/Intermediates.noindex/EagerLinkingTBDs/Debug-iphoneos -L/Users/harishvishwakarma/Library/Developer/Xcode/DerivedData/Revolt-dharrjsambcimaaziudpvzjdcigm/Build/Products/Debug-iphoneos -L/Applications/Xcode.app/Contents/Developer/Platforms/iPhoneOS.platform/Developer/usr/lib -F/Users/harishvishwakarma/Library/Developer/Xcode/DerivedData/Revolt-dharrjsambcimaaziudpvzjdcigm/Build/Intermediates.noindex/EagerLinkingTBDs/Debug-iphoneos -F/Users/harishvishwakarma/Library/Developer/Xcode/DerivedData/Revolt-dharrjsambcimaaziudpvzjdcigm/Build/Products/Debug-iphoneos/PackageFrameworks -F/Users/harishvishwakarma/Library/Developer/Xcode/DerivedData/Revolt-dharrjsambcimaaziudpvzjdcigm/Build/Products/Debug-iphoneos -iframework /Applications/Xcode.app/Contents/Developer/Platforms/iPhoneOS.platform/Developer/Library/Frameworks -iframework /Applications/Xcode.app/Contents/Developer/Platforms/iPhoneOS.platform/Developer/SDKs/iPhoneOS18.5.sdk/Developer/Library/Frameworks -filelist /Users/harishvishwakarma/Library/Developer/Xcode/DerivedData/Revolt-dharrjsambcimaaziudpvzjdcigm/Build/Intermediates.noindex/swift-collections.build/Debug-iphoneos/_RopeModule.build/Objects-normal/arm64/_RopeModule.LinkFileList -nostdlib -Xlinker -object_path_lto -Xlinker /Users/harishvishwakarma/Library/Developer/Xcode/DerivedData/Revolt-dharrjsambcimaaziudpvzjdcigm/Build/Intermediates.noindex/swift-collections.build/Debug-iphoneos/_RopeModule.build/Objects-normal/arm64/_RopeModule_lto.o -rdynamic -Xlinker -no_deduplicate -Xlinker -dependency_info -Xlinker /Users/harishvishwakarma/Library/Developer/Xcode/DerivedData/Revolt-dharrjsambcimaaziudpvzjdcigm/Build/Intermediates.noindex/swift-collections.build/Debug-iphoneos/_RopeModule.build/Objects-normal/arm64/_RopeModule_dependency_info.dat -fobjc-link-runtime -L/Applications/Xcode.app/Contents/Developer/Toolchains/XcodeDefault.xctoolchain/usr/lib/swift/iphoneos -L/usr/lib/swift -Xlinker -add_ast_path -Xlinker /Users/harishvishwakarma/Library/Developer/Xcode/DerivedData/Revolt-dharrjsambcimaaziudpvzjdcigm/Build/Intermediates.noindex/swift-collections.build/Debug-iphoneos/_RopeModule.build/Objects-normal/arm64/_RopeModule.swiftmodule -o /Users/harishvishwakarma/Library/Developer/Xcode/DerivedData/Revolt-dharrjsambcimaaziudpvzjdcigm/Build/Products/Debug-iphoneos/_RopeModule.o

Ld /Users/harishvishwakarma/Library/Developer/Xcode/DerivedData/Revolt-dharrjsambcimaaziudpvzjdcigm/Build/Products/Debug-iphoneos/XCTestDynamicOverlay.o normal (in target 'XCTestDynamicOverlay' from project 'xctest-dynamic-overlay')
    cd /Users/harishvishwakarma/Library/Developer/Xcode/DerivedData/Revolt-dharrjsambcimaaziudpvzjdcigm/SourcePackages/checkouts/xctest-dynamic-overlay
    /Applications/Xcode.app/Contents/Developer/Toolchains/XcodeDefault.xctoolchain/usr/bin/clang -Xlinker -reproducible -target arm64-apple-ios13.0 -r -isysroot /Applications/Xcode.app/Contents/Developer/Platforms/iPhoneOS.platform/Developer/SDKs/iPhoneOS18.5.sdk -O0 -w -L/Users/harishvishwakarma/Library/Developer/Xcode/DerivedData/Revolt-dharrjsambcimaaziudpvzjdcigm/Build/Intermediates.noindex/EagerLinkingTBDs/Debug-iphoneos -L/Users/harishvishwakarma/Library/Developer/Xcode/DerivedData/Revolt-dharrjsambcimaaziudpvzjdcigm/Build/Products/Debug-iphoneos -L/Applications/Xcode.app/Contents/Developer/Platforms/iPhoneOS.platform/Developer/usr/lib -F/Users/harishvishwakarma/Library/Developer/Xcode/DerivedData/Revolt-dharrjsambcimaaziudpvzjdcigm/Build/Intermediates.noindex/EagerLinkingTBDs/Debug-iphoneos -F/Users/harishvishwakarma/Library/Developer/Xcode/DerivedData/Revolt-dharrjsambcimaaziudpvzjdcigm/Build/Products/Debug-iphoneos/PackageFrameworks -F/Users/harishvishwakarma/Library/Developer/Xcode/DerivedData/Revolt-dharrjsambcimaaziudpvzjdcigm/Build/Products/Debug-iphoneos -iframework /Applications/Xcode.app/Contents/Developer/Platforms/iPhoneOS.platform/Developer/Library/Frameworks -iframework /Applications/Xcode.app/Contents/Developer/Platforms/iPhoneOS.platform/Developer/SDKs/iPhoneOS18.5.sdk/Developer/Library/Frameworks -filelist /Users/harishvishwakarma/Library/Developer/Xcode/DerivedData/Revolt-dharrjsambcimaaziudpvzjdcigm/Build/Intermediates.noindex/xctest-dynamic-overlay.build/Debug-iphoneos/XCTestDynamicOverlay.build/Objects-normal/arm64/XCTestDynamicOverlay.LinkFileList -nostdlib -Xlinker -object_path_lto -Xlinker /Users/harishvishwakarma/Library/Developer/Xcode/DerivedData/Revolt-dharrjsambcimaaziudpvzjdcigm/Build/Intermediates.noindex/xctest-dynamic-overlay.build/Debug-iphoneos/XCTestDynamicOverlay.build/Objects-normal/arm64/XCTestDynamicOverlay_lto.o -rdynamic -Xlinker -no_deduplicate -Xlinker -dependency_info -Xlinker /Users/harishvishwakarma/Library/Developer/Xcode/DerivedData/Revolt-dharrjsambcimaaziudpvzjdcigm/Build/Intermediates.noindex/xctest-dynamic-overlay.build/Debug-iphoneos/XCTestDynamicOverlay.build/Objects-normal/arm64/XCTestDynamicOverlay_dependency_info.dat -fobjc-link-runtime -L/Applications/Xcode.app/Contents/Developer/Toolchains/XcodeDefault.xctoolchain/usr/lib/swift/iphoneos -L/usr/lib/swift -Xlinker -add_ast_path -Xlinker /Users/harishvishwakarma/Library/Developer/Xcode/DerivedData/Revolt-dharrjsambcimaaziudpvzjdcigm/Build/Intermediates.noindex/xctest-dynamic-overlay.build/Debug-iphoneos/XCTestDynamicOverlay.build/Objects-normal/arm64/XCTestDynamicOverlay.swiftmodule -o /Users/harishvishwakarma/Library/Developer/Xcode/DerivedData/Revolt-dharrjsambcimaaziudpvzjdcigm/Build/Products/Debug-iphoneos/XCTestDynamicOverlay.o

Ld /Users/harishvishwakarma/Library/Developer/Xcode/DerivedData/Revolt-dharrjsambcimaaziudpvzjdcigm/Build/Products/Debug-iphoneos/OrderedCollections.o normal (in target 'OrderedCollections' from project 'swift-collections')
    cd /Users/harishvishwakarma/Library/Developer/Xcode/DerivedData/Revolt-dharrjsambcimaaziudpvzjdcigm/SourcePackages/checkouts/swift-collections
    /Applications/Xcode.app/Contents/Developer/Toolchains/XcodeDefault.xctoolchain/usr/bin/clang -Xlinker -reproducible -target arm64-apple-ios12.0 -r -isysroot /Applications/Xcode.app/Contents/Developer/Platforms/iPhoneOS.platform/Developer/SDKs/iPhoneOS18.5.sdk -O0 -w -L/Users/harishvishwakarma/Library/Developer/Xcode/DerivedData/Revolt-dharrjsambcimaaziudpvzjdcigm/Build/Intermediates.noindex/EagerLinkingTBDs/Debug-iphoneos -L/Users/harishvishwakarma/Library/Developer/Xcode/DerivedData/Revolt-dharrjsambcimaaziudpvzjdcigm/Build/Products/Debug-iphoneos -L/Applications/Xcode.app/Contents/Developer/Platforms/iPhoneOS.platform/Developer/usr/lib -F/Users/harishvishwakarma/Library/Developer/Xcode/DerivedData/Revolt-dharrjsambcimaaziudpvzjdcigm/Build/Intermediates.noindex/EagerLinkingTBDs/Debug-iphoneos -F/Users/harishvishwakarma/Library/Developer/Xcode/DerivedData/Revolt-dharrjsambcimaaziudpvzjdcigm/Build/Products/Debug-iphoneos/PackageFrameworks -F/Users/harishvishwakarma/Library/Developer/Xcode/DerivedData/Revolt-dharrjsambcimaaziudpvzjdcigm/Build/Products/Debug-iphoneos -iframework /Applications/Xcode.app/Contents/Developer/Platforms/iPhoneOS.platform/Developer/Library/Frameworks -iframework /Applications/Xcode.app/Contents/Developer/Platforms/iPhoneOS.platform/Developer/SDKs/iPhoneOS18.5.sdk/Developer/Library/Frameworks -filelist /Users/harishvishwakarma/Library/Developer/Xcode/DerivedData/Revolt-dharrjsambcimaaziudpvzjdcigm/Build/Intermediates.noindex/swift-collections.build/Debug-iphoneos/OrderedCollections.build/Objects-normal/arm64/OrderedCollections.LinkFileList -nostdlib -Xlinker -object_path_lto -Xlinker /Users/harishvishwakarma/Library/Developer/Xcode/DerivedData/Revolt-dharrjsambcimaaziudpvzjdcigm/Build/Intermediates.noindex/swift-collections.build/Debug-iphoneos/OrderedCollections.build/Objects-normal/arm64/OrderedCollections_lto.o -rdynamic -Xlinker -no_deduplicate -Xlinker -dependency_info -Xlinker /Users/harishvishwakarma/Library/Developer/Xcode/DerivedData/Revolt-dharrjsambcimaaziudpvzjdcigm/Build/Intermediates.noindex/swift-collections.build/Debug-iphoneos/OrderedCollections.build/Objects-normal/arm64/OrderedCollections_dependency_info.dat -fobjc-link-runtime -L/Applications/Xcode.app/Contents/Developer/Toolchains/XcodeDefault.xctoolchain/usr/lib/swift/iphoneos -L/usr/lib/swift -Xlinker -add_ast_path -Xlinker /Users/harishvishwakarma/Library/Developer/Xcode/DerivedData/Revolt-dharrjsambcimaaziudpvzjdcigm/Build/Intermediates.noindex/swift-collections.build/Debug-iphoneos/OrderedCollections.build/Objects-normal/arm64/OrderedCollections.swiftmodule -o /Users/harishvishwakarma/Library/Developer/Xcode/DerivedData/Revolt-dharrjsambcimaaziudpvzjdcigm/Build/Products/Debug-iphoneos/OrderedCollections.o

Ld /Users/harishvishwakarma/Library/Developer/Xcode/DerivedData/Revolt-dharrjsambcimaaziudpvzjdcigm/Build/Products/Debug-iphoneos/HeapModule.o normal (in target 'HeapModule' from project 'swift-collections')
    cd /Users/harishvishwakarma/Library/Developer/Xcode/DerivedData/Revolt-dharrjsambcimaaziudpvzjdcigm/SourcePackages/checkouts/swift-collections
    /Applications/Xcode.app/Contents/Developer/Toolchains/XcodeDefault.xctoolchain/usr/bin/clang -Xlinker -reproducible -target arm64-apple-ios12.0 -r -isysroot /Applications/Xcode.app/Contents/Developer/Platforms/iPhoneOS.platform/Developer/SDKs/iPhoneOS18.5.sdk -O0 -w -L/Users/harishvishwakarma/Library/Developer/Xcode/DerivedData/Revolt-dharrjsambcimaaziudpvzjdcigm/Build/Intermediates.noindex/EagerLinkingTBDs/Debug-iphoneos -L/Users/harishvishwakarma/Library/Developer/Xcode/DerivedData/Revolt-dharrjsambcimaaziudpvzjdcigm/Build/Products/Debug-iphoneos -L/Applications/Xcode.app/Contents/Developer/Platforms/iPhoneOS.platform/Developer/usr/lib -F/Users/harishvishwakarma/Library/Developer/Xcode/DerivedData/Revolt-dharrjsambcimaaziudpvzjdcigm/Build/Intermediates.noindex/EagerLinkingTBDs/Debug-iphoneos -F/Users/harishvishwakarma/Library/Developer/Xcode/DerivedData/Revolt-dharrjsambcimaaziudpvzjdcigm/Build/Products/Debug-iphoneos/PackageFrameworks -F/Users/harishvishwakarma/Library/Developer/Xcode/DerivedData/Revolt-dharrjsambcimaaziudpvzjdcigm/Build/Products/Debug-iphoneos -iframework /Applications/Xcode.app/Contents/Developer/Platforms/iPhoneOS.platform/Developer/Library/Frameworks -iframework /Applications/Xcode.app/Contents/Developer/Platforms/iPhoneOS.platform/Developer/SDKs/iPhoneOS18.5.sdk/Developer/Library/Frameworks -filelist /Users/harishvishwakarma/Library/Developer/Xcode/DerivedData/Revolt-dharrjsambcimaaziudpvzjdcigm/Build/Intermediates.noindex/swift-collections.build/Debug-iphoneos/HeapModule.build/Objects-normal/arm64/HeapModule.LinkFileList -nostdlib -Xlinker -object_path_lto -Xlinker /Users/harishvishwakarma/Library/Developer/Xcode/DerivedData/Revolt-dharrjsambcimaaziudpvzjdcigm/Build/Intermediates.noindex/swift-collections.build/Debug-iphoneos/HeapModule.build/Objects-normal/arm64/HeapModule_lto.o -rdynamic -Xlinker -no_deduplicate -Xlinker -dependency_info -Xlinker /Users/harishvishwakarma/Library/Developer/Xcode/DerivedData/Revolt-dharrjsambcimaaziudpvzjdcigm/Build/Intermediates.noindex/swift-collections.build/Debug-iphoneos/HeapModule.build/Objects-normal/arm64/HeapModule_dependency_info.dat -fobjc-link-runtime -L/Applications/Xcode.app/Contents/Developer/Toolchains/XcodeDefault.xctoolchain/usr/lib/swift/iphoneos -L/usr/lib/swift -Xlinker -add_ast_path -Xlinker /Users/harishvishwakarma/Library/Developer/Xcode/DerivedData/Revolt-dharrjsambcimaaziudpvzjdcigm/Build/Intermediates.noindex/swift-collections.build/Debug-iphoneos/HeapModule.build/Objects-normal/arm64/HeapModule.swiftmodule -o /Users/harishvishwakarma/Library/Developer/Xcode/DerivedData/Revolt-dharrjsambcimaaziudpvzjdcigm/Build/Products/Debug-iphoneos/HeapModule.o

SwiftDriverJobDiscovery normal arm64 Compiling Collections.swift (in target 'Collections' from project 'swift-collections')

Ld /Users/harishvishwakarma/Library/Developer/Xcode/DerivedData/Revolt-dharrjsambcimaaziudpvzjdcigm/Build/Products/Debug-iphoneos/HashTreeCollections.o normal (in target 'HashTreeCollections' from project 'swift-collections')
    cd /Users/harishvishwakarma/Library/Developer/Xcode/DerivedData/Revolt-dharrjsambcimaaziudpvzjdcigm/SourcePackages/checkouts/swift-collections
    /Applications/Xcode.app/Contents/Developer/Toolchains/XcodeDefault.xctoolchain/usr/bin/clang -Xlinker -reproducible -target arm64-apple-ios12.0 -r -isysroot /Applications/Xcode.app/Contents/Developer/Platforms/iPhoneOS.platform/Developer/SDKs/iPhoneOS18.5.sdk -O0 -w -L/Users/harishvishwakarma/Library/Developer/Xcode/DerivedData/Revolt-dharrjsambcimaaziudpvzjdcigm/Build/Intermediates.noindex/EagerLinkingTBDs/Debug-iphoneos -L/Users/harishvishwakarma/Library/Developer/Xcode/DerivedData/Revolt-dharrjsambcimaaziudpvzjdcigm/Build/Products/Debug-iphoneos -L/Applications/Xcode.app/Contents/Developer/Platforms/iPhoneOS.platform/Developer/usr/lib -F/Users/harishvishwakarma/Library/Developer/Xcode/DerivedData/Revolt-dharrjsambcimaaziudpvzjdcigm/Build/Intermediates.noindex/EagerLinkingTBDs/Debug-iphoneos -F/Users/harishvishwakarma/Library/Developer/Xcode/DerivedData/Revolt-dharrjsambcimaaziudpvzjdcigm/Build/Products/Debug-iphoneos/PackageFrameworks -F/Users/harishvishwakarma/Library/Developer/Xcode/DerivedData/Revolt-dharrjsambcimaaziudpvzjdcigm/Build/Products/Debug-iphoneos -iframework /Applications/Xcode.app/Contents/Developer/Platforms/iPhoneOS.platform/Developer/Library/Frameworks -iframework /Applications/Xcode.app/Contents/Developer/Platforms/iPhoneOS.platform/Developer/SDKs/iPhoneOS18.5.sdk/Developer/Library/Frameworks -filelist /Users/harishvishwakarma/Library/Developer/Xcode/DerivedData/Revolt-dharrjsambcimaaziudpvzjdcigm/Build/Intermediates.noindex/swift-collections.build/Debug-iphoneos/HashTreeCollections.build/Objects-normal/arm64/HashTreeCollections.LinkFileList -nostdlib -Xlinker -object_path_lto -Xlinker /Users/harishvishwakarma/Library/Developer/Xcode/DerivedData/Revolt-dharrjsambcimaaziudpvzjdcigm/Build/Intermediates.noindex/swift-collections.build/Debug-iphoneos/HashTreeCollections.build/Objects-normal/arm64/HashTreeCollections_lto.o -rdynamic -Xlinker -no_deduplicate -Xlinker -dependency_info -Xlinker /Users/harishvishwakarma/Library/Developer/Xcode/DerivedData/Revolt-dharrjsambcimaaziudpvzjdcigm/Build/Intermediates.noindex/swift-collections.build/Debug-iphoneos/HashTreeCollections.build/Objects-normal/arm64/HashTreeCollections_dependency_info.dat -fobjc-link-runtime -L/Applications/Xcode.app/Contents/Developer/Toolchains/XcodeDefault.xctoolchain/usr/lib/swift/iphoneos -L/usr/lib/swift -Xlinker -add_ast_path -Xlinker /Users/harishvishwakarma/Library/Developer/Xcode/DerivedData/Revolt-dharrjsambcimaaziudpvzjdcigm/Build/Intermediates.noindex/swift-collections.build/Debug-iphoneos/HashTreeCollections.build/Objects-normal/arm64/HashTreeCollections.swiftmodule -o /Users/harishvishwakarma/Library/Developer/Xcode/DerivedData/Revolt-dharrjsambcimaaziudpvzjdcigm/Build/Products/Debug-iphoneos/HashTreeCollections.o

RegisterExecutionPolicyException /Users/harishvishwakarma/Library/Developer/Xcode/DerivedData/Revolt-dharrjsambcimaaziudpvzjdcigm/Build/Products/Debug-iphoneos/ExyteGrid.o (in target 'ExyteGrid' from project 'ExyteGrid')
    cd /Users/harishvishwakarma/Library/Developer/Xcode/DerivedData/Revolt-dharrjsambcimaaziudpvzjdcigm/SourcePackages/checkouts/Grid
    builtin-RegisterExecutionPolicyException /Users/harishvishwakarma/Library/Developer/Xcode/DerivedData/Revolt-dharrjsambcimaaziudpvzjdcigm/Build/Products/Debug-iphoneos/ExyteGrid.o

SwiftDriver\ Compilation Collections normal arm64 com.apple.xcode.tools.swift.compiler (in target 'Collections' from project 'swift-collections')
    cd /Users/harishvishwakarma/Handy/Archem/pepchat-ios/Revolt.xcodeproj
    builtin-Swift-Compilation -- /Applications/Xcode.app/Contents/Developer/Toolchains/XcodeDefault.xctoolchain/usr/bin/swiftc -module-name Collections -Onone -enforce-exclusivity\=checked @/Users/harishvishwakarma/Library/Developer/Xcode/DerivedData/Revolt-dharrjsambcimaaziudpvzjdcigm/Build/Intermediates.noindex/swift-collections.build/Debug-iphoneos/Collections.build/Objects-normal/arm64/Collections.SwiftFileList -DSWIFT_PACKAGE -DDEBUG -DCOLLECTIONS_RANDOMIZED_TESTING -DXcode -plugin-path /Applications/Xcode.app/Contents/Developer/Toolchains/XcodeDefault.xctoolchain/usr/lib/swift/host/plugins/testing -enable-experimental-feature DebugDescriptionMacro -sdk /Applications/Xcode.app/Contents/Developer/Platforms/iPhoneOS.platform/Developer/SDKs/iPhoneOS18.5.sdk -target arm64-apple-ios12.0 -g -module-cache-path /Users/harishvishwakarma/Library/Developer/Xcode/DerivedData/ModuleCache.noindex -Xfrontend -serialize-debugging-options -enable-testing -suppress-warnings -index-store-path /Users/harishvishwakarma/Library/Developer/Xcode/DerivedData/Revolt-dharrjsambcimaaziudpvzjdcigm/Index.noindex/DataStore -swift-version 5 -I /Users/harishvishwakarma/Library/Developer/Xcode/DerivedData/Revolt-dharrjsambcimaaziudpvzjdcigm/Build/Products/Debug-iphoneos -I /Applications/Xcode.app/Contents/Developer/Platforms/iPhoneOS.platform/Developer/usr/lib -F /Users/harishvishwakarma/Library/Developer/Xcode/DerivedData/Revolt-dharrjsambcimaaziudpvzjdcigm/Build/Products/Debug-iphoneos/PackageFrameworks -F /Users/harishvishwakarma/Library/Developer/Xcode/DerivedData/Revolt-dharrjsambcimaaziudpvzjdcigm/Build/Products/Debug-iphoneos/PackageFrameworks -F /Users/harishvishwakarma/Library/Developer/Xcode/DerivedData/Revolt-dharrjsambcimaaziudpvzjdcigm/Build/Products/Debug-iphoneos/PackageFrameworks -F /Users/harishvishwakarma/Library/Developer/Xcode/DerivedData/Revolt-dharrjsambcimaaziudpvzjdcigm/Build/Products/Debug-iphoneos/PackageFrameworks -F /Users/harishvishwakarma/Library/Developer/Xcode/DerivedData/Revolt-dharrjsambcimaaziudpvzjdcigm/Build/Products/Debug-iphoneos/PackageFrameworks -F /Users/harishvishwakarma/Library/Developer/Xcode/DerivedData/Revolt-dharrjsambcimaaziudpvzjdcigm/Build/Products/Debug-iphoneos/PackageFrameworks -F /Users/harishvishwakarma/Library/Developer/Xcode/DerivedData/Revolt-dharrjsambcimaaziudpvzjdcigm/Build/Products/Debug-iphoneos/PackageFrameworks -F /Users/harishvishwakarma/Library/Developer/Xcode/DerivedData/Revolt-dharrjsambcimaaziudpvzjdcigm/Build/Products/Debug-iphoneos -F /Applications/Xcode.app/Contents/Developer/Platforms/iPhoneOS.platform/Developer/Library/Frameworks -F /Applications/Xcode.app/Contents/Developer/Platforms/iPhoneOS.platform/Developer/SDKs/iPhoneOS18.5.sdk/Developer/Library/Frameworks -parse-as-library -c -j12 -enable-batch-mode -incremental -Xcc -ivfsstatcache -Xcc /Users/harishvishwakarma/Library/Developer/Xcode/DerivedData/SDKStatCaches.noindex/iphoneos18.5-22F76-7fa4eea80a99bbfdc046826b63ec4baf.sdkstatcache -output-file-map /Users/harishvishwakarma/Library/Developer/Xcode/DerivedData/Revolt-dharrjsambcimaaziudpvzjdcigm/Build/Intermediates.noindex/swift-collections.build/Debug-iphoneos/Collections.build/Objects-normal/arm64/Collections-OutputFileMap.json -use-frontend-parseable-output -save-temps -no-color-diagnostics -serialize-diagnostics -emit-dependencies -emit-module -emit-module-path /Users/harishvishwakarma/Library/Developer/Xcode/DerivedData/Revolt-dharrjsambcimaaziudpvzjdcigm/Build/Intermediates.noindex/swift-collections.build/Debug-iphoneos/Collections.build/Objects-normal/arm64/Collections.swiftmodule -validate-clang-modules-once -clang-build-session-file /Users/harishvishwakarma/Library/Developer/Xcode/DerivedData/ModuleCache.noindex/Session.modulevalidation -Xcc -I/Users/harishvishwakarma/Library/Developer/Xcode/DerivedData/Revolt-dharrjsambcimaaziudpvzjdcigm/Build/Intermediates.noindex/swift-collections.build/Debug-iphoneos/Collections.build/swift-overrides.hmap -emit-const-values -Xfrontend -const-gather-protocols-file -Xfrontend /Users/harishvishwakarma/Library/Developer/Xcode/DerivedData/Revolt-dharrjsambcimaaziudpvzjdcigm/Build/Intermediates.noindex/swift-collections.build/Debug-iphoneos/Collections.build/Objects-normal/arm64/Collections_const_extract_protocols.json -Xcc -I/Users/harishvishwakarma/Library/Developer/Xcode/DerivedData/Revolt-dharrjsambcimaaziudpvzjdcigm/Build/Products/Debug-iphoneos/include -Xcc -I/Users/harishvishwakarma/Library/Developer/Xcode/DerivedData/Revolt-dharrjsambcimaaziudpvzjdcigm/Build/Intermediates.noindex/swift-collections.build/Debug-iphoneos/Collections.build/DerivedSources-normal/arm64 -Xcc -I/Users/harishvishwakarma/Library/Developer/Xcode/DerivedData/Revolt-dharrjsambcimaaziudpvzjdcigm/Build/Intermediates.noindex/swift-collections.build/Debug-iphoneos/Collections.build/DerivedSources/arm64 -Xcc -I/Users/harishvishwakarma/Library/Developer/Xcode/DerivedData/Revolt-dharrjsambcimaaziudpvzjdcigm/Build/Intermediates.noindex/swift-collections.build/Debug-iphoneos/Collections.build/DerivedSources -Xcc -DSWIFT_PACKAGE -Xcc -DDEBUG\=1 -emit-objc-header -emit-objc-header-path /Users/harishvishwakarma/Library/Developer/Xcode/DerivedData/Revolt-dharrjsambcimaaziudpvzjdcigm/Build/Intermediates.noindex/swift-collections.build/Debug-iphoneos/Collections.build/Objects-normal/arm64/Collections-Swift.h -working-directory /Users/harishvishwakarma/Handy/Archem/pepchat-ios/Revolt.xcodeproj -experimental-emit-module-separately -disable-cmo

CreateUniversalBinary /Users/harishvishwakarma/Library/Developer/Xcode/DerivedData/Revolt-dharrjsambcimaaziudpvzjdcigm/Build/Products/Debug/SwiftSyntax.o normal arm64\ x86_64 (in target 'SwiftSyntax' from project 'swift-syntax')
    cd /Users/harishvishwakarma/Library/Developer/Xcode/DerivedData/Revolt-dharrjsambcimaaziudpvzjdcigm/SourcePackages/checkouts/swift-syntax
    /Applications/Xcode.app/Contents/Developer/Toolchains/XcodeDefault.xctoolchain/usr/bin/lipo -create /Users/harishvishwakarma/Library/Developer/Xcode/DerivedData/Revolt-dharrjsambcimaaziudpvzjdcigm/Build/Intermediates.noindex/swift-syntax.build/Debug/SwiftSyntax.build/Objects-normal/arm64/Binary/SwiftSyntax.o /Users/harishvishwakarma/Library/Developer/Xcode/DerivedData/Revolt-dharrjsambcimaaziudpvzjdcigm/Build/Intermediates.noindex/swift-syntax.build/Debug/SwiftSyntax.build/Objects-normal/x86_64/Binary/SwiftSyntax.o -output /Users/harishvishwakarma/Library/Developer/Xcode/DerivedData/Revolt-dharrjsambcimaaziudpvzjdcigm/Build/Products/Debug/SwiftSyntax.o

Ld /Users/harishvishwakarma/Library/Developer/Xcode/DerivedData/Revolt-dharrjsambcimaaziudpvzjdcigm/Build/Products/Debug-iphoneos/DequeModule.o normal (in target 'DequeModule' from project 'swift-collections')
    cd /Users/harishvishwakarma/Library/Developer/Xcode/DerivedData/Revolt-dharrjsambcimaaziudpvzjdcigm/SourcePackages/checkouts/swift-collections
    /Applications/Xcode.app/Contents/Developer/Toolchains/XcodeDefault.xctoolchain/usr/bin/clang -Xlinker -reproducible -target arm64-apple-ios12.0 -r -isysroot /Applications/Xcode.app/Contents/Developer/Platforms/iPhoneOS.platform/Developer/SDKs/iPhoneOS18.5.sdk -O0 -w -L/Users/harishvishwakarma/Library/Developer/Xcode/DerivedData/Revolt-dharrjsambcimaaziudpvzjdcigm/Build/Intermediates.noindex/EagerLinkingTBDs/Debug-iphoneos -L/Users/harishvishwakarma/Library/Developer/Xcode/DerivedData/Revolt-dharrjsambcimaaziudpvzjdcigm/Build/Products/Debug-iphoneos -L/Applications/Xcode.app/Contents/Developer/Platforms/iPhoneOS.platform/Developer/usr/lib -F/Users/harishvishwakarma/Library/Developer/Xcode/DerivedData/Revolt-dharrjsambcimaaziudpvzjdcigm/Build/Intermediates.noindex/EagerLinkingTBDs/Debug-iphoneos -F/Users/harishvishwakarma/Library/Developer/Xcode/DerivedData/Revolt-dharrjsambcimaaziudpvzjdcigm/Build/Products/Debug-iphoneos/PackageFrameworks -F/Users/harishvishwakarma/Library/Developer/Xcode/DerivedData/Revolt-dharrjsambcimaaziudpvzjdcigm/Build/Products/Debug-iphoneos -iframework /Applications/Xcode.app/Contents/Developer/Platforms/iPhoneOS.platform/Developer/Library/Frameworks -iframework /Applications/Xcode.app/Contents/Developer/Platforms/iPhoneOS.platform/Developer/SDKs/iPhoneOS18.5.sdk/Developer/Library/Frameworks -filelist /Users/harishvishwakarma/Library/Developer/Xcode/DerivedData/Revolt-dharrjsambcimaaziudpvzjdcigm/Build/Intermediates.noindex/swift-collections.build/Debug-iphoneos/DequeModule.build/Objects-normal/arm64/DequeModule.LinkFileList -nostdlib -Xlinker -object_path_lto -Xlinker /Users/harishvishwakarma/Library/Developer/Xcode/DerivedData/Revolt-dharrjsambcimaaziudpvzjdcigm/Build/Intermediates.noindex/swift-collections.build/Debug-iphoneos/DequeModule.build/Objects-normal/arm64/DequeModule_lto.o -rdynamic -Xlinker -no_deduplicate -Xlinker -dependency_info -Xlinker /Users/harishvishwakarma/Library/Developer/Xcode/DerivedData/Revolt-dharrjsambcimaaziudpvzjdcigm/Build/Intermediates.noindex/swift-collections.build/Debug-iphoneos/DequeModule.build/Objects-normal/arm64/DequeModule_dependency_info.dat -fobjc-link-runtime -L/Applications/Xcode.app/Contents/Developer/Toolchains/XcodeDefault.xctoolchain/usr/lib/swift/iphoneos -L/usr/lib/swift -Xlinker -add_ast_path -Xlinker /Users/harishvishwakarma/Library/Developer/Xcode/DerivedData/Revolt-dharrjsambcimaaziudpvzjdcigm/Build/Intermediates.noindex/swift-collections.build/Debug-iphoneos/DequeModule.build/Objects-normal/arm64/DequeModule.swiftmodule -o /Users/harishvishwakarma/Library/Developer/Xcode/DerivedData/Revolt-dharrjsambcimaaziudpvzjdcigm/Build/Products/Debug-iphoneos/DequeModule.o

RegisterExecutionPolicyException /Users/harishvishwakarma/Library/Developer/Xcode/DerivedData/Revolt-dharrjsambcimaaziudpvzjdcigm/Build/Products/Debug-iphoneos/AnyCodable.o (in target 'AnyCodable' from project 'AnyCodable')
    cd /Users/harishvishwakarma/Library/Developer/Xcode/DerivedData/Revolt-dharrjsambcimaaziudpvzjdcigm/SourcePackages/checkouts/AnyCodable
    builtin-RegisterExecutionPolicyException /Users/harishvishwakarma/Library/Developer/Xcode/DerivedData/Revolt-dharrjsambcimaaziudpvzjdcigm/Build/Products/Debug-iphoneos/AnyCodable.o

SwiftDriverJobDiscovery normal arm64 Compiling Mirror.swift (in target 'NavigationTransition' from project 'swiftui-navigation-transitions')

RegisterExecutionPolicyException /Users/harishvishwakarma/Library/Developer/Xcode/DerivedData/Revolt-dharrjsambcimaaziudpvzjdcigm/Build/Products/Debug-iphoneos/Animator.o (in target 'Animator' from project 'swiftui-navigation-transitions')
    cd /Users/harishvishwakarma/Library/Developer/Xcode/DerivedData/Revolt-dharrjsambcimaaziudpvzjdcigm/SourcePackages/checkouts/swiftui-navigation-transitions
    builtin-RegisterExecutionPolicyException /Users/harishvishwakarma/Library/Developer/Xcode/DerivedData/Revolt-dharrjsambcimaaziudpvzjdcigm/Build/Products/Debug-iphoneos/Animator.o

Ld /Users/harishvishwakarma/Library/Developer/Xcode/DerivedData/Revolt-dharrjsambcimaaziudpvzjdcigm/Build/Products/Debug-iphoneos/BitCollections.o normal (in target 'BitCollections' from project 'swift-collections')
    cd /Users/harishvishwakarma/Library/Developer/Xcode/DerivedData/Revolt-dharrjsambcimaaziudpvzjdcigm/SourcePackages/checkouts/swift-collections
    /Applications/Xcode.app/Contents/Developer/Toolchains/XcodeDefault.xctoolchain/usr/bin/clang -Xlinker -reproducible -target arm64-apple-ios12.0 -r -isysroot /Applications/Xcode.app/Contents/Developer/Platforms/iPhoneOS.platform/Developer/SDKs/iPhoneOS18.5.sdk -O0 -w -L/Users/harishvishwakarma/Library/Developer/Xcode/DerivedData/Revolt-dharrjsambcimaaziudpvzjdcigm/Build/Intermediates.noindex/EagerLinkingTBDs/Debug-iphoneos -L/Users/harishvishwakarma/Library/Developer/Xcode/DerivedData/Revolt-dharrjsambcimaaziudpvzjdcigm/Build/Products/Debug-iphoneos -L/Applications/Xcode.app/Contents/Developer/Platforms/iPhoneOS.platform/Developer/usr/lib -F/Users/harishvishwakarma/Library/Developer/Xcode/DerivedData/Revolt-dharrjsambcimaaziudpvzjdcigm/Build/Intermediates.noindex/EagerLinkingTBDs/Debug-iphoneos -F/Users/harishvishwakarma/Library/Developer/Xcode/DerivedData/Revolt-dharrjsambcimaaziudpvzjdcigm/Build/Products/Debug-iphoneos/PackageFrameworks -F/Users/harishvishwakarma/Library/Developer/Xcode/DerivedData/Revolt-dharrjsambcimaaziudpvzjdcigm/Build/Products/Debug-iphoneos -iframework /Applications/Xcode.app/Contents/Developer/Platforms/iPhoneOS.platform/Developer/Library/Frameworks -iframework /Applications/Xcode.app/Contents/Developer/Platforms/iPhoneOS.platform/Developer/SDKs/iPhoneOS18.5.sdk/Developer/Library/Frameworks -filelist /Users/harishvishwakarma/Library/Developer/Xcode/DerivedData/Revolt-dharrjsambcimaaziudpvzjdcigm/Build/Intermediates.noindex/swift-collections.build/Debug-iphoneos/BitCollections.build/Objects-normal/arm64/BitCollections.LinkFileList -nostdlib -Xlinker -object_path_lto -Xlinker /Users/harishvishwakarma/Library/Developer/Xcode/DerivedData/Revolt-dharrjsambcimaaziudpvzjdcigm/Build/Intermediates.noindex/swift-collections.build/Debug-iphoneos/BitCollections.build/Objects-normal/arm64/BitCollections_lto.o -rdynamic -Xlinker -no_deduplicate -Xlinker -dependency_info -Xlinker /Users/harishvishwakarma/Library/Developer/Xcode/DerivedData/Revolt-dharrjsambcimaaziudpvzjdcigm/Build/Intermediates.noindex/swift-collections.build/Debug-iphoneos/BitCollections.build/Objects-normal/arm64/BitCollections_dependency_info.dat -fobjc-link-runtime -L/Applications/Xcode.app/Contents/Developer/Toolchains/XcodeDefault.xctoolchain/usr/lib/swift/iphoneos -L/usr/lib/swift -Xlinker -add_ast_path -Xlinker /Users/harishvishwakarma/Library/Developer/Xcode/DerivedData/Revolt-dharrjsambcimaaziudpvzjdcigm/Build/Intermediates.noindex/swift-collections.build/Debug-iphoneos/BitCollections.build/Objects-normal/arm64/BitCollections.swiftmodule -o /Users/harishvishwakarma/Library/Developer/Xcode/DerivedData/Revolt-dharrjsambcimaaziudpvzjdcigm/Build/Products/Debug-iphoneos/BitCollections.o

RegisterExecutionPolicyException /Users/harishvishwakarma/Library/Developer/Xcode/DerivedData/Revolt-dharrjsambcimaaziudpvzjdcigm/Build/Products/Debug-iphoneos/Animation.o (in target 'Animation' from project 'swiftui-navigation-transitions')
    cd /Users/harishvishwakarma/Library/Developer/Xcode/DerivedData/Revolt-dharrjsambcimaaziudpvzjdcigm/SourcePackages/checkouts/swiftui-navigation-transitions
    builtin-RegisterExecutionPolicyException /Users/harishvishwakarma/Library/Developer/Xcode/DerivedData/Revolt-dharrjsambcimaaziudpvzjdcigm/Build/Products/Debug-iphoneos/Animation.o

ExtractAppIntentsMetadata (in target '_RopeModule' from project 'swift-collections')
    cd /Users/harishvishwakarma/Library/Developer/Xcode/DerivedData/Revolt-dharrjsambcimaaziudpvzjdcigm/SourcePackages/checkouts/swift-collections
    /Applications/Xcode.app/Contents/Developer/Toolchains/XcodeDefault.xctoolchain/usr/bin/appintentsmetadataprocessor --toolchain-dir /Applications/Xcode.app/Contents/Developer/Toolchains/XcodeDefault.xctoolchain --module-name _RopeModule --sdk-root /Applications/Xcode.app/Contents/Developer/Platforms/iPhoneOS.platform/Developer/SDKs/iPhoneOS18.5.sdk --xcode-version 16F6 --platform-family iOS --deployment-target 12.0 --bundle-identifier swift-collections.-RopeModule --output /Users/harishvishwakarma/Library/Developer/Xcode/DerivedData/Revolt-dharrjsambcimaaziudpvzjdcigm/Build/Products/Debug-iphoneos/_RopeModule.appintents --target-triple arm64-apple-ios12.0 --binary-file /Users/harishvishwakarma/Library/Developer/Xcode/DerivedData/Revolt-dharrjsambcimaaziudpvzjdcigm/Build/Products/Debug-iphoneos/_RopeModule.o --dependency-file /Users/harishvishwakarma/Library/Developer/Xcode/DerivedData/Revolt-dharrjsambcimaaziudpvzjdcigm/Build/Intermediates.noindex/swift-collections.build/Debug-iphoneos/_RopeModule.build/Objects-normal/arm64/_RopeModule_dependency_info.dat --stringsdata-file /Users/harishvishwakarma/Library/Developer/Xcode/DerivedData/Revolt-dharrjsambcimaaziudpvzjdcigm/Build/Intermediates.noindex/swift-collections.build/Debug-iphoneos/_RopeModule.build/Objects-normal/arm64/ExtractedAppShortcutsMetadata.stringsdata --source-file-list /Users/harishvishwakarma/Library/Developer/Xcode/DerivedData/Revolt-dharrjsambcimaaziudpvzjdcigm/Build/Intermediates.noindex/swift-collections.build/Debug-iphoneos/_RopeModule.build/Objects-normal/arm64/_RopeModule.SwiftFileList --metadata-file-list /Users/harishvishwakarma/Library/Developer/Xcode/DerivedData/Revolt-dharrjsambcimaaziudpvzjdcigm/Build/Intermediates.noindex/swift-collections.build/Debug-iphoneos/_RopeModule.build/_RopeModule.DependencyMetadataFileList --static-metadata-file-list /Users/harishvishwakarma/Library/Developer/Xcode/DerivedData/Revolt-dharrjsambcimaaziudpvzjdcigm/Build/Intermediates.noindex/swift-collections.build/Debug-iphoneos/_RopeModule.build/_RopeModule.DependencyStaticMetadataFileList --swift-const-vals-list /Users/harishvishwakarma/Library/Developer/Xcode/DerivedData/Revolt-dharrjsambcimaaziudpvzjdcigm/Build/Intermediates.noindex/swift-collections.build/Debug-iphoneos/_RopeModule.build/Objects-normal/arm64/_RopeModule.SwiftConstValuesFileList --force --compile-time-extraction --deployment-aware-processing --validate-assistant-intents --no-app-shortcuts-localization
2026-01-08 18:38:35.293 appintentsmetadataprocessor[99713:1138508] Starting appintentsmetadataprocessor export
2026-01-08 18:38:35.372 appintentsmetadataprocessor[99713:1138508] Extracted no relevant App Intents symbols, skipping writing output

ExtractAppIntentsMetadata (in target 'XCTestDynamicOverlay' from project 'xctest-dynamic-overlay')
    cd /Users/harishvishwakarma/Library/Developer/Xcode/DerivedData/Revolt-dharrjsambcimaaziudpvzjdcigm/SourcePackages/checkouts/xctest-dynamic-overlay
    /Applications/Xcode.app/Contents/Developer/Toolchains/XcodeDefault.xctoolchain/usr/bin/appintentsmetadataprocessor --toolchain-dir /Applications/Xcode.app/Contents/Developer/Toolchains/XcodeDefault.xctoolchain --module-name XCTestDynamicOverlay --sdk-root /Applications/Xcode.app/Contents/Developer/Platforms/iPhoneOS.platform/Developer/SDKs/iPhoneOS18.5.sdk --xcode-version 16F6 --platform-family iOS --deployment-target 13.0 --bundle-identifier xctest-dynamic-overlay.XCTestDynamicOverlay --output /Users/harishvishwakarma/Library/Developer/Xcode/DerivedData/Revolt-dharrjsambcimaaziudpvzjdcigm/Build/Products/Debug-iphoneos/XCTestDynamicOverlay.appintents --target-triple arm64-apple-ios13.0 --binary-file /Users/harishvishwakarma/Library/Developer/Xcode/DerivedData/Revolt-dharrjsambcimaaziudpvzjdcigm/Build/Products/Debug-iphoneos/XCTestDynamicOverlay.o --dependency-file /Users/harishvishwakarma/Library/Developer/Xcode/DerivedData/Revolt-dharrjsambcimaaziudpvzjdcigm/Build/Intermediates.noindex/xctest-dynamic-overlay.build/Debug-iphoneos/XCTestDynamicOverlay.build/Objects-normal/arm64/XCTestDynamicOverlay_dependency_info.dat --stringsdata-file /Users/harishvishwakarma/Library/Developer/Xcode/DerivedData/Revolt-dharrjsambcimaaziudpvzjdcigm/Build/Intermediates.noindex/xctest-dynamic-overlay.build/Debug-iphoneos/XCTestDynamicOverlay.build/Objects-normal/arm64/ExtractedAppShortcutsMetadata.stringsdata --source-file-list /Users/harishvishwakarma/Library/Developer/Xcode/DerivedData/Revolt-dharrjsambcimaaziudpvzjdcigm/Build/Intermediates.noindex/xctest-dynamic-overlay.build/Debug-iphoneos/XCTestDynamicOverlay.build/Objects-normal/arm64/XCTestDynamicOverlay.SwiftFileList --metadata-file-list /Users/harishvishwakarma/Library/Developer/Xcode/DerivedData/Revolt-dharrjsambcimaaziudpvzjdcigm/Build/Intermediates.noindex/xctest-dynamic-overlay.build/Debug-iphoneos/XCTestDynamicOverlay.build/XCTestDynamicOverlay.DependencyMetadataFileList --static-metadata-file-list /Users/harishvishwakarma/Library/Developer/Xcode/DerivedData/Revolt-dharrjsambcimaaziudpvzjdcigm/Build/Intermediates.noindex/xctest-dynamic-overlay.build/Debug-iphoneos/XCTestDynamicOverlay.build/XCTestDynamicOverlay.DependencyStaticMetadataFileList --swift-const-vals-list /Users/harishvishwakarma/Library/Developer/Xcode/DerivedData/Revolt-dharrjsambcimaaziudpvzjdcigm/Build/Intermediates.noindex/xctest-dynamic-overlay.build/Debug-iphoneos/XCTestDynamicOverlay.build/Objects-normal/arm64/XCTestDynamicOverlay.SwiftConstValuesFileList --force --compile-time-extraction --deployment-aware-processing --validate-assistant-intents --no-app-shortcuts-localization
2026-01-08 18:38:35.288 appintentsmetadataprocessor[99714:1138516] Starting appintentsmetadataprocessor export
2026-01-08 18:38:35.354 appintentsmetadataprocessor[99714:1138516] Extracted no relevant App Intents symbols, skipping writing output

ExtractAppIntentsMetadata (in target 'SwiftSyntax' from project 'swift-syntax')
    cd /Users/harishvishwakarma/Library/Developer/Xcode/DerivedData/Revolt-dharrjsambcimaaziudpvzjdcigm/SourcePackages/checkouts/swift-syntax
    /Applications/Xcode.app/Contents/Developer/Toolchains/XcodeDefault.xctoolchain/usr/bin/appintentsmetadataprocessor --toolchain-dir /Applications/Xcode.app/Contents/Developer/Toolchains/XcodeDefault.xctoolchain --module-name SwiftSyntax --sdk-root /Applications/Xcode.app/Contents/Developer/Platforms/MacOSX.platform/Developer/SDKs/MacOSX15.5.sdk --xcode-version 16F6 --platform-family macOS --deployment-target 10.15 --bundle-identifier swift-syntax.SwiftSyntax --output /Users/harishvishwakarma/Library/Developer/Xcode/DerivedData/Revolt-dharrjsambcimaaziudpvzjdcigm/Build/Products/Debug/SwiftSyntax.appintents --target-triple arm64-apple-macos10.15 --target-triple x86_64-apple-macos10.15 --binary-file /Users/harishvishwakarma/Library/Developer/Xcode/DerivedData/Revolt-dharrjsambcimaaziudpvzjdcigm/Build/Products/Debug/SwiftSyntax.o --dependency-file /Users/harishvishwakarma/Library/Developer/Xcode/DerivedData/Revolt-dharrjsambcimaaziudpvzjdcigm/Build/Intermediates.noindex/swift-syntax.build/Debug/SwiftSyntax.build/Objects-normal/arm64/SwiftSyntax_dependency_info.dat --dependency-file /Users/harishvishwakarma/Library/Developer/Xcode/DerivedData/Revolt-dharrjsambcimaaziudpvzjdcigm/Build/Intermediates.noindex/swift-syntax.build/Debug/SwiftSyntax.build/Objects-normal/x86_64/SwiftSyntax_dependency_info.dat --stringsdata-file /Users/harishvishwakarma/Library/Developer/Xcode/DerivedData/Revolt-dharrjsambcimaaziudpvzjdcigm/Build/Intermediates.noindex/swift-syntax.build/Debug/SwiftSyntax.build/Objects-normal/arm64/ExtractedAppShortcutsMetadata.stringsdata --stringsdata-file /Users/harishvishwakarma/Library/Developer/Xcode/DerivedData/Revolt-dharrjsambcimaaziudpvzjdcigm/Build/Intermediates.noindex/swift-syntax.build/Debug/SwiftSyntax.build/Objects-normal/x86_64/ExtractedAppShortcutsMetadata.stringsdata --source-file-list /Users/harishvishwakarma/Library/Developer/Xcode/DerivedData/Revolt-dharrjsambcimaaziudpvzjdcigm/Build/Intermediates.noindex/swift-syntax.build/Debug/SwiftSyntax.build/Objects-normal/arm64/SwiftSyntax.SwiftFileList --source-file-list /Users/harishvishwakarma/Library/Developer/Xcode/DerivedData/Revolt-dharrjsambcimaaziudpvzjdcigm/Build/Intermediates.noindex/swift-syntax.build/Debug/SwiftSyntax.build/Objects-normal/x86_64/SwiftSyntax.SwiftFileList --metadata-file-list /Users/harishvishwakarma/Library/Developer/Xcode/DerivedData/Revolt-dharrjsambcimaaziudpvzjdcigm/Build/Intermediates.noindex/swift-syntax.build/Debug/SwiftSyntax.build/SwiftSyntax.DependencyMetadataFileList --static-metadata-file-list /Users/harishvishwakarma/Library/Developer/Xcode/DerivedData/Revolt-dharrjsambcimaaziudpvzjdcigm/Build/Intermediates.noindex/swift-syntax.build/Debug/SwiftSyntax.build/SwiftSyntax.DependencyStaticMetadataFileList --swift-const-vals-list /Users/harishvishwakarma/Library/Developer/Xcode/DerivedData/Revolt-dharrjsambcimaaziudpvzjdcigm/Build/Intermediates.noindex/swift-syntax.build/Debug/SwiftSyntax.build/Objects-normal/arm64/SwiftSyntax.SwiftConstValuesFileList --swift-const-vals-list /Users/harishvishwakarma/Library/Developer/Xcode/DerivedData/Revolt-dharrjsambcimaaziudpvzjdcigm/Build/Intermediates.noindex/swift-syntax.build/Debug/SwiftSyntax.build/Objects-normal/x86_64/SwiftSyntax.SwiftConstValuesFileList --force --compile-time-extraction --deployment-aware-processing --validate-assistant-intents --no-app-shortcuts-localization
2026-01-08 18:38:35.308 appintentsmetadataprocessor[99716:1138520] Starting appintentsmetadataprocessor export
2026-01-08 18:38:35.387 appintentsmetadataprocessor[99716:1138520] Extracted no relevant App Intents symbols, skipping writing output

ExtractAppIntentsMetadata (in target 'PopupView' from project 'PopupView')
    cd /Users/harishvishwakarma/Library/Developer/Xcode/DerivedData/Revolt-dharrjsambcimaaziudpvzjdcigm/SourcePackages/checkouts/PopupView
    /Applications/Xcode.app/Contents/Developer/Toolchains/XcodeDefault.xctoolchain/usr/bin/appintentsmetadataprocessor --toolchain-dir /Applications/Xcode.app/Contents/Developer/Toolchains/XcodeDefault.xctoolchain --module-name PopupView --sdk-root /Applications/Xcode.app/Contents/Developer/Platforms/iPhoneOS.platform/Developer/SDKs/iPhoneOS18.5.sdk --xcode-version 16F6 --platform-family iOS --deployment-target 15.0 --bundle-identifier popupview.PopupView --output /Users/harishvishwakarma/Library/Developer/Xcode/DerivedData/Revolt-dharrjsambcimaaziudpvzjdcigm/Build/Products/Debug-iphoneos/PopupView.appintents --target-triple arm64-apple-ios15.0 --binary-file /Users/harishvishwakarma/Library/Developer/Xcode/DerivedData/Revolt-dharrjsambcimaaziudpvzjdcigm/Build/Products/Debug-iphoneos/PopupView.o --dependency-file /Users/harishvishwakarma/Library/Developer/Xcode/DerivedData/Revolt-dharrjsambcimaaziudpvzjdcigm/Build/Intermediates.noindex/PopupView.build/Debug-iphoneos/PopupView.build/Objects-normal/arm64/PopupView_dependency_info.dat --stringsdata-file /Users/harishvishwakarma/Library/Developer/Xcode/DerivedData/Revolt-dharrjsambcimaaziudpvzjdcigm/Build/Intermediates.noindex/PopupView.build/Debug-iphoneos/PopupView.build/Objects-normal/arm64/ExtractedAppShortcutsMetadata.stringsdata --source-file-list /Users/harishvishwakarma/Library/Developer/Xcode/DerivedData/Revolt-dharrjsambcimaaziudpvzjdcigm/Build/Intermediates.noindex/PopupView.build/Debug-iphoneos/PopupView.build/Objects-normal/arm64/PopupView.SwiftFileList --metadata-file-list /Users/harishvishwakarma/Library/Developer/Xcode/DerivedData/Revolt-dharrjsambcimaaziudpvzjdcigm/Build/Intermediates.noindex/PopupView.build/Debug-iphoneos/PopupView.build/PopupView.DependencyMetadataFileList --static-metadata-file-list /Users/harishvishwakarma/Library/Developer/Xcode/DerivedData/Revolt-dharrjsambcimaaziudpvzjdcigm/Build/Intermediates.noindex/PopupView.build/Debug-iphoneos/PopupView.build/PopupView.DependencyStaticMetadataFileList --swift-const-vals-list /Users/harishvishwakarma/Library/Developer/Xcode/DerivedData/Revolt-dharrjsambcimaaziudpvzjdcigm/Build/Intermediates.noindex/PopupView.build/Debug-iphoneos/PopupView.build/Objects-normal/arm64/PopupView.SwiftConstValuesFileList --force --compile-time-extraction --deployment-aware-processing --validate-assistant-intents --no-app-shortcuts-localization
2026-01-08 18:38:35.329 appintentsmetadataprocessor[99717:1138526] Starting appintentsmetadataprocessor export
2026-01-08 18:38:35.405 appintentsmetadataprocessor[99717:1138526] Extracted no relevant App Intents symbols, skipping writing output

SwiftDriverJobDiscovery normal arm64 Compiling Pick.swift (in target 'NavigationTransition' from project 'swiftui-navigation-transitions')

SwiftDriverJobDiscovery normal arm64 Compiling Identity.swift (in target 'NavigationTransition' from project 'swiftui-navigation-transitions')

SwiftDriver SwiftOperators normal x86_64 com.apple.xcode.tools.swift.compiler (in target 'SwiftOperators' from project 'swift-syntax')
    cd /Users/harishvishwakarma/Handy/Archem/pepchat-ios/Revolt.xcodeproj
    builtin-SwiftDriver -- /Applications/Xcode.app/Contents/Developer/Toolchains/XcodeDefault.xctoolchain/usr/bin/swiftc -module-name SwiftOperators -Onone -enforce-exclusivity\=checked @/Users/harishvishwakarma/Library/Developer/Xcode/DerivedData/Revolt-dharrjsambcimaaziudpvzjdcigm/Build/Intermediates.noindex/swift-syntax.build/Debug/SwiftOperators.build/Objects-normal/x86_64/SwiftOperators.SwiftFileList -DSWIFT_PACKAGE -DDEBUG -DXcode -plugin-path /Applications/Xcode.app/Contents/Developer/Toolchains/XcodeDefault.xctoolchain/usr/lib/swift/host/plugins/testing -enable-experimental-feature DebugDescriptionMacro -sdk /Applications/Xcode.app/Contents/Developer/Platforms/MacOSX.platform/Developer/SDKs/MacOSX15.5.sdk -target x86_64-apple-macos10.15 -g -module-cache-path /Users/harishvishwakarma/Library/Developer/Xcode/DerivedData/ModuleCache.noindex -Xfrontend -serialize-debugging-options -enable-testing -suppress-warnings -index-store-path /Users/harishvishwakarma/Library/Developer/Xcode/DerivedData/Revolt-dharrjsambcimaaziudpvzjdcigm/Index.noindex/DataStore -swift-version 5 -I /Users/harishvishwakarma/Library/Developer/Xcode/DerivedData/Revolt-dharrjsambcimaaziudpvzjdcigm/Build/Products/Debug -I /Applications/Xcode.app/Contents/Developer/Platforms/MacOSX.platform/Developer/usr/lib -F /Users/harishvishwakarma/Library/Developer/Xcode/DerivedData/Revolt-dharrjsambcimaaziudpvzjdcigm/Build/Products/Debug/PackageFrameworks -F /Users/harishvishwakarma/Library/Developer/Xcode/DerivedData/Revolt-dharrjsambcimaaziudpvzjdcigm/Build/Products/Debug/PackageFrameworks -F /Users/harishvishwakarma/Library/Developer/Xcode/DerivedData/Revolt-dharrjsambcimaaziudpvzjdcigm/Build/Products/Debug/PackageFrameworks -F /Users/harishvishwakarma/Library/Developer/Xcode/DerivedData/Revolt-dharrjsambcimaaziudpvzjdcigm/Build/Products/Debug/PackageFrameworks -F /Users/harishvishwakarma/Library/Developer/Xcode/DerivedData/Revolt-dharrjsambcimaaziudpvzjdcigm/Build/Products/Debug -F /Applications/Xcode.app/Contents/Developer/Platforms/MacOSX.platform/Developer/Library/Frameworks -c -j12 -enable-batch-mode -incremental -Xcc -ivfsstatcache -Xcc /Users/harishvishwakarma/Library/Developer/Xcode/DerivedData/SDKStatCaches.noindex/macosx15.5-24F74-8254517eb8b97d462ccbc072ba9094c9.sdkstatcache -output-file-map /Users/harishvishwakarma/Library/Developer/Xcode/DerivedData/Revolt-dharrjsambcimaaziudpvzjdcigm/Build/Intermediates.noindex/swift-syntax.build/Debug/SwiftOperators.build/Objects-normal/x86_64/SwiftOperators-OutputFileMap.json -use-frontend-parseable-output -save-temps -no-color-diagnostics -serialize-diagnostics -emit-dependencies -emit-module -emit-module-path /Users/harishvishwakarma/Library/Developer/Xcode/DerivedData/Revolt-dharrjsambcimaaziudpvzjdcigm/Build/Intermediates.noindex/swift-syntax.build/Debug/SwiftOperators.build/Objects-normal/x86_64/SwiftOperators.swiftmodule -validate-clang-modules-once -clang-build-session-file /Users/harishvishwakarma/Library/Developer/Xcode/DerivedData/ModuleCache.noindex/Session.modulevalidation -Xcc -I/Users/harishvishwakarma/Library/Developer/Xcode/DerivedData/Revolt-dharrjsambcimaaziudpvzjdcigm/Build/Intermediates.noindex/swift-syntax.build/Debug/SwiftOperators.build/swift-overrides.hmap -emit-const-values -Xfrontend -const-gather-protocols-file -Xfrontend /Users/harishvishwakarma/Library/Developer/Xcode/DerivedData/Revolt-dharrjsambcimaaziudpvzjdcigm/Build/Intermediates.noindex/swift-syntax.build/Debug/SwiftOperators.build/Objects-normal/x86_64/SwiftOperators_const_extract_protocols.json -Xcc -I/Users/harishvishwakarma/Library/Developer/Xcode/DerivedData/Revolt-dharrjsambcimaaziudpvzjdcigm/Build/Products/Debug/include -Xcc -I/Users/harishvishwakarma/Library/Developer/Xcode/DerivedData/Revolt-dharrjsambcimaaziudpvzjdcigm/Build/Intermediates.noindex/swift-syntax.build/Debug/SwiftOperators.build/DerivedSources-normal/x86_64 -Xcc -I/Users/harishvishwakarma/Library/Developer/Xcode/DerivedData/Revolt-dharrjsambcimaaziudpvzjdcigm/Build/Intermediates.noindex/swift-syntax.build/Debug/SwiftOperators.build/DerivedSources/x86_64 -Xcc -I/Users/harishvishwakarma/Library/Developer/Xcode/DerivedData/Revolt-dharrjsambcimaaziudpvzjdcigm/Build/Intermediates.noindex/swift-syntax.build/Debug/SwiftOperators.build/DerivedSources -Xcc -DSWIFT_PACKAGE -Xcc -DDEBUG\=1 -emit-objc-header -emit-objc-header-path /Users/harishvishwakarma/Library/Developer/Xcode/DerivedData/Revolt-dharrjsambcimaaziudpvzjdcigm/Build/Intermediates.noindex/swift-syntax.build/Debug/SwiftOperators.build/Objects-normal/x86_64/SwiftOperators-Swift.h -working-directory /Users/harishvishwakarma/Handy/Archem/pepchat-ios/Revolt.xcodeproj -experimental-emit-module-separately -disable-cmo

SwiftDriver SwiftOperators normal arm64 com.apple.xcode.tools.swift.compiler (in target 'SwiftOperators' from project 'swift-syntax')
    cd /Users/harishvishwakarma/Handy/Archem/pepchat-ios/Revolt.xcodeproj
    builtin-SwiftDriver -- /Applications/Xcode.app/Contents/Developer/Toolchains/XcodeDefault.xctoolchain/usr/bin/swiftc -module-name SwiftOperators -Onone -enforce-exclusivity\=checked @/Users/harishvishwakarma/Library/Developer/Xcode/DerivedData/Revolt-dharrjsambcimaaziudpvzjdcigm/Build/Intermediates.noindex/swift-syntax.build/Debug/SwiftOperators.build/Objects-normal/arm64/SwiftOperators.SwiftFileList -DSWIFT_PACKAGE -DDEBUG -DXcode -plugin-path /Applications/Xcode.app/Contents/Developer/Toolchains/XcodeDefault.xctoolchain/usr/lib/swift/host/plugins/testing -enable-experimental-feature DebugDescriptionMacro -sdk /Applications/Xcode.app/Contents/Developer/Platforms/MacOSX.platform/Developer/SDKs/MacOSX15.5.sdk -target arm64-apple-macos10.15 -g -module-cache-path /Users/harishvishwakarma/Library/Developer/Xcode/DerivedData/ModuleCache.noindex -Xfrontend -serialize-debugging-options -enable-testing -suppress-warnings -index-store-path /Users/harishvishwakarma/Library/Developer/Xcode/DerivedData/Revolt-dharrjsambcimaaziudpvzjdcigm/Index.noindex/DataStore -swift-version 5 -I /Users/harishvishwakarma/Library/Developer/Xcode/DerivedData/Revolt-dharrjsambcimaaziudpvzjdcigm/Build/Products/Debug -I /Applications/Xcode.app/Contents/Developer/Platforms/MacOSX.platform/Developer/usr/lib -F /Users/harishvishwakarma/Library/Developer/Xcode/DerivedData/Revolt-dharrjsambcimaaziudpvzjdcigm/Build/Products/Debug/PackageFrameworks -F /Users/harishvishwakarma/Library/Developer/Xcode/DerivedData/Revolt-dharrjsambcimaaziudpvzjdcigm/Build/Products/Debug/PackageFrameworks -F /Users/harishvishwakarma/Library/Developer/Xcode/DerivedData/Revolt-dharrjsambcimaaziudpvzjdcigm/Build/Products/Debug/PackageFrameworks -F /Users/harishvishwakarma/Library/Developer/Xcode/DerivedData/Revolt-dharrjsambcimaaziudpvzjdcigm/Build/Products/Debug/PackageFrameworks -F /Users/harishvishwakarma/Library/Developer/Xcode/DerivedData/Revolt-dharrjsambcimaaziudpvzjdcigm/Build/Products/Debug -F /Applications/Xcode.app/Contents/Developer/Platforms/MacOSX.platform/Developer/Library/Frameworks -c -j12 -enable-batch-mode -incremental -Xcc -ivfsstatcache -Xcc /Users/harishvishwakarma/Library/Developer/Xcode/DerivedData/SDKStatCaches.noindex/macosx15.5-24F74-8254517eb8b97d462ccbc072ba9094c9.sdkstatcache -output-file-map /Users/harishvishwakarma/Library/Developer/Xcode/DerivedData/Revolt-dharrjsambcimaaziudpvzjdcigm/Build/Intermediates.noindex/swift-syntax.build/Debug/SwiftOperators.build/Objects-normal/arm64/SwiftOperators-OutputFileMap.json -use-frontend-parseable-output -save-temps -no-color-diagnostics -serialize-diagnostics -emit-dependencies -emit-module -emit-module-path /Users/harishvishwakarma/Library/Developer/Xcode/DerivedData/Revolt-dharrjsambcimaaziudpvzjdcigm/Build/Intermediates.noindex/swift-syntax.build/Debug/SwiftOperators.build/Objects-normal/arm64/SwiftOperators.swiftmodule -validate-clang-modules-once -clang-build-session-file /Users/harishvishwakarma/Library/Developer/Xcode/DerivedData/ModuleCache.noindex/Session.modulevalidation -Xcc -I/Users/harishvishwakarma/Library/Developer/Xcode/DerivedData/Revolt-dharrjsambcimaaziudpvzjdcigm/Build/Intermediates.noindex/swift-syntax.build/Debug/SwiftOperators.build/swift-overrides.hmap -emit-const-values -Xfrontend -const-gather-protocols-file -Xfrontend /Users/harishvishwakarma/Library/Developer/Xcode/DerivedData/Revolt-dharrjsambcimaaziudpvzjdcigm/Build/Intermediates.noindex/swift-syntax.build/Debug/SwiftOperators.build/Objects-normal/arm64/SwiftOperators_const_extract_protocols.json -Xcc -I/Users/harishvishwakarma/Library/Developer/Xcode/DerivedData/Revolt-dharrjsambcimaaziudpvzjdcigm/Build/Products/Debug/include -Xcc -I/Users/harishvishwakarma/Library/Developer/Xcode/DerivedData/Revolt-dharrjsambcimaaziudpvzjdcigm/Build/Intermediates.noindex/swift-syntax.build/Debug/SwiftOperators.build/DerivedSources-normal/arm64 -Xcc -I/Users/harishvishwakarma/Library/Developer/Xcode/DerivedData/Revolt-dharrjsambcimaaziudpvzjdcigm/Build/Intermediates.noindex/swift-syntax.build/Debug/SwiftOperators.build/DerivedSources/arm64 -Xcc -I/Users/harishvishwakarma/Library/Developer/Xcode/DerivedData/Revolt-dharrjsambcimaaziudpvzjdcigm/Build/Intermediates.noindex/swift-syntax.build/Debug/SwiftOperators.build/DerivedSources -Xcc -DSWIFT_PACKAGE -Xcc -DDEBUG\=1 -emit-objc-header -emit-objc-header-path /Users/harishvishwakarma/Library/Developer/Xcode/DerivedData/Revolt-dharrjsambcimaaziudpvzjdcigm/Build/Intermediates.noindex/swift-syntax.build/Debug/SwiftOperators.build/Objects-normal/arm64/SwiftOperators-Swift.h -working-directory /Users/harishvishwakarma/Handy/Archem/pepchat-ios/Revolt.xcodeproj -experimental-emit-module-separately -disable-cmo

Ld /Users/harishvishwakarma/Library/Developer/Xcode/DerivedData/Revolt-dharrjsambcimaaziudpvzjdcigm/Build/Products/Debug-iphoneos/NotificationService.appex/NotificationService normal (in target 'NotificationService' from project 'Revolt')
    cd /Users/harishvishwakarma/Handy/Archem/pepchat-ios
    /Applications/Xcode.app/Contents/Developer/Toolchains/XcodeDefault.xctoolchain/usr/bin/clang -Xlinker -reproducible -target arm64-apple-ios18.0 -isysroot /Applications/Xcode.app/Contents/Developer/Platforms/iPhoneOS.platform/Developer/SDKs/iPhoneOS18.5.sdk -O0 -L/Users/harishvishwakarma/Library/Developer/Xcode/DerivedData/Revolt-dharrjsambcimaaziudpvzjdcigm/Build/Intermediates.noindex/EagerLinkingTBDs/Debug-iphoneos -L/Users/harishvishwakarma/Library/Developer/Xcode/DerivedData/Revolt-dharrjsambcimaaziudpvzjdcigm/Build/Products/Debug-iphoneos -F/Users/harishvishwakarma/Library/Developer/Xcode/DerivedData/Revolt-dharrjsambcimaaziudpvzjdcigm/Build/Intermediates.noindex/EagerLinkingTBDs/Debug-iphoneos -F/Users/harishvishwakarma/Library/Developer/Xcode/DerivedData/Revolt-dharrjsambcimaaziudpvzjdcigm/Build/Products/Debug-iphoneos/PackageFrameworks -F/Users/harishvishwakarma/Library/Developer/Xcode/DerivedData/Revolt-dharrjsambcimaaziudpvzjdcigm/Build/Products/Debug-iphoneos -filelist /Users/harishvishwakarma/Library/Developer/Xcode/DerivedData/Revolt-dharrjsambcimaaziudpvzjdcigm/Build/Intermediates.noindex/Revolt.build/Debug-iphoneos/NotificationService.build/Objects-normal/arm64/NotificationService.LinkFileList -Xlinker -rpath -Xlinker /Users/harishvishwakarma/Library/Developer/Xcode/DerivedData/Revolt-dharrjsambcimaaziudpvzjdcigm/Build/Products/Debug-iphoneos/PackageFrameworks -Xlinker -rpath -Xlinker @executable_path/Frameworks -Xlinker -rpath -Xlinker @executable_path/../../Frameworks -dead_strip -Xlinker -object_path_lto -Xlinker /Users/harishvishwakarma/Library/Developer/Xcode/DerivedData/Revolt-dharrjsambcimaaziudpvzjdcigm/Build/Intermediates.noindex/Revolt.build/Debug-iphoneos/NotificationService.build/Objects-normal/arm64/NotificationService_lto.o -rdynamic -Xlinker -no_deduplicate -Xlinker -dependency_info -Xlinker /Users/harishvishwakarma/Library/Developer/Xcode/DerivedData/Revolt-dharrjsambcimaaziudpvzjdcigm/Build/Intermediates.noindex/Revolt.build/Debug-iphoneos/NotificationService.build/Objects-normal/arm64/NotificationService_dependency_info.dat -e _NSExtensionMain -fapplication-extension -fobjc-link-runtime -L/Applications/Xcode.app/Contents/Developer/Toolchains/XcodeDefault.xctoolchain/usr/lib/swift/iphoneos -L/usr/lib/swift -Xlinker -add_ast_path -Xlinker /Users/harishvishwakarma/Library/Developer/Xcode/DerivedData/Revolt-dharrjsambcimaaziudpvzjdcigm/Build/Intermediates.noindex/Revolt.build/Debug-iphoneos/NotificationService.build/Objects-normal/arm64/NotificationService.swiftmodule -lc++ -Wl,-no_warn_duplicate_libraries -framework Types -framework ogg -framework vorbis -Xlinker -no_adhoc_codesign -o /Users/harishvishwakarma/Library/Developer/Xcode/DerivedData/Revolt-dharrjsambcimaaziudpvzjdcigm/Build/Products/Debug-iphoneos/NotificationService.appex/NotificationService

SwiftEmitModule normal x86_64 Emitting\ module\ for\ SwiftOperators (in target 'SwiftOperators' from project 'swift-syntax')
EmitSwiftModule normal x86_64 (in target 'SwiftOperators' from project 'swift-syntax')
    cd /Users/harishvishwakarma/Handy/Archem/pepchat-ios/Revolt.xcodeproj
    

SwiftCompile normal x86_64 Compiling\ OperatorError+Diagnostics.swift /Users/harishvishwakarma/Library/Developer/Xcode/DerivedData/Revolt-dharrjsambcimaaziudpvzjdcigm/SourcePackages/checkouts/swift-syntax/Sources/SwiftOperators/OperatorError+Diagnostics.swift (in target 'SwiftOperators' from project 'swift-syntax')
SwiftCompile normal x86_64 /Users/harishvishwakarma/Library/Developer/Xcode/DerivedData/Revolt-dharrjsambcimaaziudpvzjdcigm/SourcePackages/checkouts/swift-syntax/Sources/SwiftOperators/OperatorError+Diagnostics.swift (in target 'SwiftOperators' from project 'swift-syntax')
    cd /Users/harishvishwakarma/Handy/Archem/pepchat-ios/Revolt.xcodeproj
    

SwiftCompile normal x86_64 Compiling\ OperatorTable.swift /Users/harishvishwakarma/Library/Developer/Xcode/DerivedData/Revolt-dharrjsambcimaaziudpvzjdcigm/SourcePackages/checkouts/swift-syntax/Sources/SwiftOperators/OperatorTable.swift (in target 'SwiftOperators' from project 'swift-syntax')
SwiftCompile normal x86_64 /Users/harishvishwakarma/Library/Developer/Xcode/DerivedData/Revolt-dharrjsambcimaaziudpvzjdcigm/SourcePackages/checkouts/swift-syntax/Sources/SwiftOperators/OperatorTable.swift (in target 'SwiftOperators' from project 'swift-syntax')
    cd /Users/harishvishwakarma/Handy/Archem/pepchat-ios/Revolt.xcodeproj
    

SwiftEmitModule normal arm64 Emitting\ module\ for\ SwiftOperators (in target 'SwiftOperators' from project 'swift-syntax')

EmitSwiftModule normal arm64 (in target 'SwiftOperators' from project 'swift-syntax')
    cd /Users/harishvishwakarma/Handy/Archem/pepchat-ios/Revolt.xcodeproj
    

SwiftDriverJobDiscovery normal arm64 Compiling NavigationTransitionBuilder.swift (in target 'NavigationTransition' from project 'swiftui-navigation-transitions')

SwiftCompile normal arm64 Compiling\ OperatorTable.swift /Users/harishvishwakarma/Library/Developer/Xcode/DerivedData/Revolt-dharrjsambcimaaziudpvzjdcigm/SourcePackages/checkouts/swift-syntax/Sources/SwiftOperators/OperatorTable.swift (in target 'SwiftOperators' from project 'swift-syntax')

SwiftCompile normal arm64 /Users/harishvishwakarma/Library/Developer/Xcode/DerivedData/Revolt-dharrjsambcimaaziudpvzjdcigm/SourcePackages/checkouts/swift-syntax/Sources/SwiftOperators/OperatorTable.swift (in target 'SwiftOperators' from project 'swift-syntax')
    cd /Users/harishvishwakarma/Handy/Archem/pepchat-ios/Revolt.xcodeproj
    

SwiftCompile normal arm64 Compiling\ PrecedenceGroup.swift /Users/harishvishwakarma/Library/Developer/Xcode/DerivedData/Revolt-dharrjsambcimaaziudpvzjdcigm/SourcePackages/checkouts/swift-syntax/Sources/SwiftOperators/PrecedenceGroup.swift (in target 'SwiftOperators' from project 'swift-syntax')

SwiftCompile normal arm64 /Users/harishvishwakarma/Library/Developer/Xcode/DerivedData/Revolt-dharrjsambcimaaziudpvzjdcigm/SourcePackages/checkouts/swift-syntax/Sources/SwiftOperators/PrecedenceGroup.swift (in target 'SwiftOperators' from project 'swift-syntax')
    cd /Users/harishvishwakarma/Handy/Archem/pepchat-ios/Revolt.xcodeproj
    

SwiftCompile normal arm64 Compiling\ OperatorTable+Folding.swift /Users/harishvishwakarma/Library/Developer/Xcode/DerivedData/Revolt-dharrjsambcimaaziudpvzjdcigm/SourcePackages/checkouts/swift-syntax/Sources/SwiftOperators/OperatorTable+Folding.swift (in target 'SwiftOperators' from project 'swift-syntax')
SwiftCompile normal arm64 /Users/harishvishwakarma/Library/Developer/Xcode/DerivedData/Revolt-dharrjsambcimaaziudpvzjdcigm/SourcePackages/checkouts/swift-syntax/Sources/SwiftOperators/OperatorTable+Folding.swift (in target 'SwiftOperators' from project 'swift-syntax')
    cd /Users/harishvishwakarma/Handy/Archem/pepchat-ios/Revolt.xcodeproj
    

SwiftCompile normal x86_64 Compiling\ OperatorTable+Folding.swift /Users/harishvishwakarma/Library/Developer/Xcode/DerivedData/Revolt-dharrjsambcimaaziudpvzjdcigm/SourcePackages/checkouts/swift-syntax/Sources/SwiftOperators/OperatorTable+Folding.swift (in target 'SwiftOperators' from project 'swift-syntax')
SwiftCompile normal x86_64 /Users/harishvishwakarma/Library/Developer/Xcode/DerivedData/Revolt-dharrjsambcimaaziudpvzjdcigm/SourcePackages/checkouts/swift-syntax/Sources/SwiftOperators/OperatorTable+Folding.swift (in target 'SwiftOperators' from project 'swift-syntax')
    cd /Users/harishvishwakarma/Handy/Archem/pepchat-ios/Revolt.xcodeproj
    

SwiftCompile normal x86_64 Compiling\ Operator.swift /Users/harishvishwakarma/Library/Developer/Xcode/DerivedData/Revolt-dharrjsambcimaaziudpvzjdcigm/SourcePackages/checkouts/swift-syntax/Sources/SwiftOperators/Operator.swift (in target 'SwiftOperators' from project 'swift-syntax')

SwiftCompile normal x86_64 /Users/harishvishwakarma/Library/Developer/Xcode/DerivedData/Revolt-dharrjsambcimaaziudpvzjdcigm/SourcePackages/checkouts/swift-syntax/Sources/SwiftOperators/Operator.swift (in target 'SwiftOperators' from project 'swift-syntax')
    cd /Users/harishvishwakarma/Handy/Archem/pepchat-ios/Revolt.xcodeproj
    

SwiftCompile normal arm64 Compiling\ OperatorError.swift /Users/harishvishwakarma/Library/Developer/Xcode/DerivedData/Revolt-dharrjsambcimaaziudpvzjdcigm/SourcePackages/checkouts/swift-syntax/Sources/SwiftOperators/OperatorError.swift (in target 'SwiftOperators' from project 'swift-syntax')

SwiftCompile normal arm64 /Users/harishvishwakarma/Library/Developer/Xcode/DerivedData/Revolt-dharrjsambcimaaziudpvzjdcigm/SourcePackages/checkouts/swift-syntax/Sources/SwiftOperators/OperatorError.swift (in target 'SwiftOperators' from project 'swift-syntax')
    cd /Users/harishvishwakarma/Handy/Archem/pepchat-ios/Revolt.xcodeproj
    

SwiftDriverJobDiscovery normal arm64 Compiling AnyNavigationTransition.swift, Combined.swift (in target 'NavigationTransition' from project 'swiftui-navigation-transitions')

SwiftCompile normal x86_64 Compiling\ PrecedenceGraph.swift /Users/harishvishwakarma/Library/Developer/Xcode/DerivedData/Revolt-dharrjsambcimaaziudpvzjdcigm/SourcePackages/checkouts/swift-syntax/Sources/SwiftOperators/PrecedenceGraph.swift (in target 'SwiftOperators' from project 'swift-syntax')

SwiftCompile normal x86_64 /Users/harishvishwakarma/Library/Developer/Xcode/DerivedData/Revolt-dharrjsambcimaaziudpvzjdcigm/SourcePackages/checkouts/swift-syntax/Sources/SwiftOperators/PrecedenceGraph.swift (in target 'SwiftOperators' from project 'swift-syntax')
    cd /Users/harishvishwakarma/Handy/Archem/pepchat-ios/Revolt.xcodeproj
    

SwiftDriverJobDiscovery normal arm64 Compiling On.swift (in target 'NavigationTransition' from project 'swiftui-navigation-transitions')

SwiftCompile normal x86_64 Compiling\ OperatorError.swift /Users/harishvishwakarma/Library/Developer/Xcode/DerivedData/Revolt-dharrjsambcimaaziudpvzjdcigm/SourcePackages/checkouts/swift-syntax/Sources/SwiftOperators/OperatorError.swift (in target 'SwiftOperators' from project 'swift-syntax')

SwiftCompile normal x86_64 /Users/harishvishwakarma/Library/Developer/Xcode/DerivedData/Revolt-dharrjsambcimaaziudpvzjdcigm/SourcePackages/checkouts/swift-syntax/Sources/SwiftOperators/OperatorError.swift (in target 'SwiftOperators' from project 'swift-syntax')
    cd /Users/harishvishwakarma/Handy/Archem/pepchat-ios/Revolt.xcodeproj
    

SwiftDriverJobDiscovery normal arm64 Compiling Slide.swift (in target 'NavigationTransition' from project 'swiftui-navigation-transitions')

SwiftCompile normal x86_64 Compiling\ PrecedenceGroup.swift /Users/harishvishwakarma/Library/Developer/Xcode/DerivedData/Revolt-dharrjsambcimaaziudpvzjdcigm/SourcePackages/checkouts/swift-syntax/Sources/SwiftOperators/PrecedenceGroup.swift (in target 'SwiftOperators' from project 'swift-syntax')
SwiftCompile normal x86_64 /Users/harishvishwakarma/Library/Developer/Xcode/DerivedData/Revolt-dharrjsambcimaaziudpvzjdcigm/SourcePackages/checkouts/swift-syntax/Sources/SwiftOperators/PrecedenceGroup.swift (in target 'SwiftOperators' from project 'swift-syntax')
    cd /Users/harishvishwakarma/Handy/Archem/pepchat-ios/Revolt.xcodeproj
    

SwiftDriverJobDiscovery normal x86_64 Emitting module for SwiftOperators (in target 'SwiftOperators' from project 'swift-syntax')

SwiftDriver\ Compilation\ Requirements SwiftOperators normal x86_64 com.apple.xcode.tools.swift.compiler (in target 'SwiftOperators' from project 'swift-syntax')
    cd /Users/harishvishwakarma/Handy/Archem/pepchat-ios/Revolt.xcodeproj
    builtin-Swift-Compilation-Requirements -- /Applications/Xcode.app/Contents/Developer/Toolchains/XcodeDefault.xctoolchain/usr/bin/swiftc -module-name SwiftOperators -Onone -enforce-exclusivity\=checked @/Users/harishvishwakarma/Library/Developer/Xcode/DerivedData/Revolt-dharrjsambcimaaziudpvzjdcigm/Build/Intermediates.noindex/swift-syntax.build/Debug/SwiftOperators.build/Objects-normal/x86_64/SwiftOperators.SwiftFileList -DSWIFT_PACKAGE -DDEBUG -DXcode -plugin-path /Applications/Xcode.app/Contents/Developer/Toolchains/XcodeDefault.xctoolchain/usr/lib/swift/host/plugins/testing -enable-experimental-feature DebugDescriptionMacro -sdk /Applications/Xcode.app/Contents/Developer/Platforms/MacOSX.platform/Developer/SDKs/MacOSX15.5.sdk -target x86_64-apple-macos10.15 -g -module-cache-path /Users/harishvishwakarma/Library/Developer/Xcode/DerivedData/ModuleCache.noindex -Xfrontend -serialize-debugging-options -enable-testing -suppress-warnings -index-store-path /Users/harishvishwakarma/Library/Developer/Xcode/DerivedData/Revolt-dharrjsambcimaaziudpvzjdcigm/Index.noindex/DataStore -swift-version 5 -I /Users/harishvishwakarma/Library/Developer/Xcode/DerivedData/Revolt-dharrjsambcimaaziudpvzjdcigm/Build/Products/Debug -I /Applications/Xcode.app/Contents/Developer/Platforms/MacOSX.platform/Developer/usr/lib -F /Users/harishvishwakarma/Library/Developer/Xcode/DerivedData/Revolt-dharrjsambcimaaziudpvzjdcigm/Build/Products/Debug/PackageFrameworks -F /Users/harishvishwakarma/Library/Developer/Xcode/DerivedData/Revolt-dharrjsambcimaaziudpvzjdcigm/Build/Products/Debug/PackageFrameworks -F /Users/harishvishwakarma/Library/Developer/Xcode/DerivedData/Revolt-dharrjsambcimaaziudpvzjdcigm/Build/Products/Debug/PackageFrameworks -F /Users/harishvishwakarma/Library/Developer/Xcode/DerivedData/Revolt-dharrjsambcimaaziudpvzjdcigm/Build/Products/Debug/PackageFrameworks -F /Users/harishvishwakarma/Library/Developer/Xcode/DerivedData/Revolt-dharrjsambcimaaziudpvzjdcigm/Build/Products/Debug -F /Applications/Xcode.app/Contents/Developer/Platforms/MacOSX.platform/Developer/Library/Frameworks -c -j12 -enable-batch-mode -incremental -Xcc -ivfsstatcache -Xcc /Users/harishvishwakarma/Library/Developer/Xcode/DerivedData/SDKStatCaches.noindex/macosx15.5-24F74-8254517eb8b97d462ccbc072ba9094c9.sdkstatcache -output-file-map /Users/harishvishwakarma/Library/Developer/Xcode/DerivedData/Revolt-dharrjsambcimaaziudpvzjdcigm/Build/Intermediates.noindex/swift-syntax.build/Debug/SwiftOperators.build/Objects-normal/x86_64/SwiftOperators-OutputFileMap.json -use-frontend-parseable-output -save-temps -no-color-diagnostics -serialize-diagnostics -emit-dependencies -emit-module -emit-module-path /Users/harishvishwakarma/Library/Developer/Xcode/DerivedData/Revolt-dharrjsambcimaaziudpvzjdcigm/Build/Intermediates.noindex/swift-syntax.build/Debug/SwiftOperators.build/Objects-normal/x86_64/SwiftOperators.swiftmodule -validate-clang-modules-once -clang-build-session-file /Users/harishvishwakarma/Library/Developer/Xcode/DerivedData/ModuleCache.noindex/Session.modulevalidation -Xcc -I/Users/harishvishwakarma/Library/Developer/Xcode/DerivedData/Revolt-dharrjsambcimaaziudpvzjdcigm/Build/Intermediates.noindex/swift-syntax.build/Debug/SwiftOperators.build/swift-overrides.hmap -emit-const-values -Xfrontend -const-gather-protocols-file -Xfrontend /Users/harishvishwakarma/Library/Developer/Xcode/DerivedData/Revolt-dharrjsambcimaaziudpvzjdcigm/Build/Intermediates.noindex/swift-syntax.build/Debug/SwiftOperators.build/Objects-normal/x86_64/SwiftOperators_const_extract_protocols.json -Xcc -I/Users/harishvishwakarma/Library/Developer/Xcode/DerivedData/Revolt-dharrjsambcimaaziudpvzjdcigm/Build/Products/Debug/include -Xcc -I/Users/harishvishwakarma/Library/Developer/Xcode/DerivedData/Revolt-dharrjsambcimaaziudpvzjdcigm/Build/Intermediates.noindex/swift-syntax.build/Debug/SwiftOperators.build/DerivedSources-normal/x86_64 -Xcc -I/Users/harishvishwakarma/Library/Developer/Xcode/DerivedData/Revolt-dharrjsambcimaaziudpvzjdcigm/Build/Intermediates.noindex/swift-syntax.build/Debug/SwiftOperators.build/DerivedSources/x86_64 -Xcc -I/Users/harishvishwakarma/Library/Developer/Xcode/DerivedData/Revolt-dharrjsambcimaaziudpvzjdcigm/Build/Intermediates.noindex/swift-syntax.build/Debug/SwiftOperators.build/DerivedSources -Xcc -DSWIFT_PACKAGE -Xcc -DDEBUG\=1 -emit-objc-header -emit-objc-header-path /Users/harishvishwakarma/Library/Developer/Xcode/DerivedData/Revolt-dharrjsambcimaaziudpvzjdcigm/Build/Intermediates.noindex/swift-syntax.build/Debug/SwiftOperators.build/Objects-normal/x86_64/SwiftOperators-Swift.h -working-directory /Users/harishvishwakarma/Handy/Archem/pepchat-ios/Revolt.xcodeproj -experimental-emit-module-separately -disable-cmo

SwiftDriverJobDiscovery normal arm64 Emitting module for SwiftOperators (in target 'SwiftOperators' from project 'swift-syntax')

SwiftCompile normal arm64 Compiling\ SyntaxSynthesis.swift /Users/harishvishwakarma/Library/Developer/Xcode/DerivedData/Revolt-dharrjsambcimaaziudpvzjdcigm/SourcePackages/checkouts/swift-syntax/Sources/SwiftOperators/SyntaxSynthesis.swift (in target 'SwiftOperators' from project 'swift-syntax')

SwiftCompile normal arm64 /Users/harishvishwakarma/Library/Developer/Xcode/DerivedData/Revolt-dharrjsambcimaaziudpvzjdcigm/SourcePackages/checkouts/swift-syntax/Sources/SwiftOperators/SyntaxSynthesis.swift (in target 'SwiftOperators' from project 'swift-syntax')
    cd /Users/harishvishwakarma/Handy/Archem/pepchat-ios/Revolt.xcodeproj
    

SwiftDriver\ Compilation\ Requirements SwiftOperators normal arm64 com.apple.xcode.tools.swift.compiler (in target 'SwiftOperators' from project 'swift-syntax')
    cd /Users/harishvishwakarma/Handy/Archem/pepchat-ios/Revolt.xcodeproj
    builtin-Swift-Compilation-Requirements -- /Applications/Xcode.app/Contents/Developer/Toolchains/XcodeDefault.xctoolchain/usr/bin/swiftc -module-name SwiftOperators -Onone -enforce-exclusivity\=checked @/Users/harishvishwakarma/Library/Developer/Xcode/DerivedData/Revolt-dharrjsambcimaaziudpvzjdcigm/Build/Intermediates.noindex/swift-syntax.build/Debug/SwiftOperators.build/Objects-normal/arm64/SwiftOperators.SwiftFileList -DSWIFT_PACKAGE -DDEBUG -DXcode -plugin-path /Applications/Xcode.app/Contents/Developer/Toolchains/XcodeDefault.xctoolchain/usr/lib/swift/host/plugins/testing -enable-experimental-feature DebugDescriptionMacro -sdk /Applications/Xcode.app/Contents/Developer/Platforms/MacOSX.platform/Developer/SDKs/MacOSX15.5.sdk -target arm64-apple-macos10.15 -g -module-cache-path /Users/harishvishwakarma/Library/Developer/Xcode/DerivedData/ModuleCache.noindex -Xfrontend -serialize-debugging-options -enable-testing -suppress-warnings -index-store-path /Users/harishvishwakarma/Library/Developer/Xcode/DerivedData/Revolt-dharrjsambcimaaziudpvzjdcigm/Index.noindex/DataStore -swift-version 5 -I /Users/harishvishwakarma/Library/Developer/Xcode/DerivedData/Revolt-dharrjsambcimaaziudpvzjdcigm/Build/Products/Debug -I /Applications/Xcode.app/Contents/Developer/Platforms/MacOSX.platform/Developer/usr/lib -F /Users/harishvishwakarma/Library/Developer/Xcode/DerivedData/Revolt-dharrjsambcimaaziudpvzjdcigm/Build/Products/Debug/PackageFrameworks -F /Users/harishvishwakarma/Library/Developer/Xcode/DerivedData/Revolt-dharrjsambcimaaziudpvzjdcigm/Build/Products/Debug/PackageFrameworks -F /Users/harishvishwakarma/Library/Developer/Xcode/DerivedData/Revolt-dharrjsambcimaaziudpvzjdcigm/Build/Products/Debug/PackageFrameworks -F /Users/harishvishwakarma/Library/Developer/Xcode/DerivedData/Revolt-dharrjsambcimaaziudpvzjdcigm/Build/Products/Debug/PackageFrameworks -F /Users/harishvishwakarma/Library/Developer/Xcode/DerivedData/Revolt-dharrjsambcimaaziudpvzjdcigm/Build/Products/Debug -F /Applications/Xcode.app/Contents/Developer/Platforms/MacOSX.platform/Developer/Library/Frameworks -c -j12 -enable-batch-mode -incremental -Xcc -ivfsstatcache -Xcc /Users/harishvishwakarma/Library/Developer/Xcode/DerivedData/SDKStatCaches.noindex/macosx15.5-24F74-8254517eb8b97d462ccbc072ba9094c9.sdkstatcache -output-file-map /Users/harishvishwakarma/Library/Developer/Xcode/DerivedData/Revolt-dharrjsambcimaaziudpvzjdcigm/Build/Intermediates.noindex/swift-syntax.build/Debug/SwiftOperators.build/Objects-normal/arm64/SwiftOperators-OutputFileMap.json -use-frontend-parseable-output -save-temps -no-color-diagnostics -serialize-diagnostics -emit-dependencies -emit-module -emit-module-path /Users/harishvishwakarma/Library/Developer/Xcode/DerivedData/Revolt-dharrjsambcimaaziudpvzjdcigm/Build/Intermediates.noindex/swift-syntax.build/Debug/SwiftOperators.build/Objects-normal/arm64/SwiftOperators.swiftmodule -validate-clang-modules-once -clang-build-session-file /Users/harishvishwakarma/Library/Developer/Xcode/DerivedData/ModuleCache.noindex/Session.modulevalidation -Xcc -I/Users/harishvishwakarma/Library/Developer/Xcode/DerivedData/Revolt-dharrjsambcimaaziudpvzjdcigm/Build/Intermediates.noindex/swift-syntax.build/Debug/SwiftOperators.build/swift-overrides.hmap -emit-const-values -Xfrontend -const-gather-protocols-file -Xfrontend /Users/harishvishwakarma/Library/Developer/Xcode/DerivedData/Revolt-dharrjsambcimaaziudpvzjdcigm/Build/Intermediates.noindex/swift-syntax.build/Debug/SwiftOperators.build/Objects-normal/arm64/SwiftOperators_const_extract_protocols.json -Xcc -I/Users/harishvishwakarma/Library/Developer/Xcode/DerivedData/Revolt-dharrjsambcimaaziudpvzjdcigm/Build/Products/Debug/include -Xcc -I/Users/harishvishwakarma/Library/Developer/Xcode/DerivedData/Revolt-dharrjsambcimaaziudpvzjdcigm/Build/Intermediates.noindex/swift-syntax.build/Debug/SwiftOperators.build/DerivedSources-normal/arm64 -Xcc -I/Users/harishvishwakarma/Library/Developer/Xcode/DerivedData/Revolt-dharrjsambcimaaziudpvzjdcigm/Build/Intermediates.noindex/swift-syntax.build/Debug/SwiftOperators.build/DerivedSources/arm64 -Xcc -I/Users/harishvishwakarma/Library/Developer/Xcode/DerivedData/Revolt-dharrjsambcimaaziudpvzjdcigm/Build/Intermediates.noindex/swift-syntax.build/Debug/SwiftOperators.build/DerivedSources -Xcc -DSWIFT_PACKAGE -Xcc -DDEBUG\=1 -emit-objc-header -emit-objc-header-path /Users/harishvishwakarma/Library/Developer/Xcode/DerivedData/Revolt-dharrjsambcimaaziudpvzjdcigm/Build/Intermediates.noindex/swift-syntax.build/Debug/SwiftOperators.build/Objects-normal/arm64/SwiftOperators-Swift.h -working-directory /Users/harishvishwakarma/Handy/Archem/pepchat-ios/Revolt.xcodeproj -experimental-emit-module-separately -disable-cmo

SwiftDriverJobDiscovery normal x86_64 Compiling OperatorError.swift (in target 'SwiftOperators' from project 'swift-syntax')

Copy /Users/harishvishwakarma/Library/Developer/Xcode/DerivedData/Revolt-dharrjsambcimaaziudpvzjdcigm/Build/Products/Debug/SwiftOperators.swiftmodule/x86_64-apple-macos.swiftmodule /Users/harishvishwakarma/Library/Developer/Xcode/DerivedData/Revolt-dharrjsambcimaaziudpvzjdcigm/Build/Intermediates.noindex/swift-syntax.build/Debug/SwiftOperators.build/Objects-normal/x86_64/SwiftOperators.swiftmodule (in target 'SwiftOperators' from project 'swift-syntax')
    cd /Users/harishvishwakarma/Library/Developer/Xcode/DerivedData/Revolt-dharrjsambcimaaziudpvzjdcigm/SourcePackages/checkouts/swift-syntax
    builtin-copy -exclude .DS_Store -exclude CVS -exclude .svn -exclude .git -exclude .hg -resolve-src-symlinks -rename /Users/harishvishwakarma/Library/Developer/Xcode/DerivedData/Revolt-dharrjsambcimaaziudpvzjdcigm/Build/Intermediates.noindex/swift-syntax.build/Debug/SwiftOperators.build/Objects-normal/x86_64/SwiftOperators.swiftmodule /Users/harishvishwakarma/Library/Developer/Xcode/DerivedData/Revolt-dharrjsambcimaaziudpvzjdcigm/Build/Products/Debug/SwiftOperators.swiftmodule/x86_64-apple-macos.swiftmodule

Copy /Users/harishvishwakarma/Library/Developer/Xcode/DerivedData/Revolt-dharrjsambcimaaziudpvzjdcigm/Build/Products/Debug/SwiftOperators.swiftmodule/x86_64-apple-macos.swiftdoc /Users/harishvishwakarma/Library/Developer/Xcode/DerivedData/Revolt-dharrjsambcimaaziudpvzjdcigm/Build/Intermediates.noindex/swift-syntax.build/Debug/SwiftOperators.build/Objects-normal/x86_64/SwiftOperators.swiftdoc (in target 'SwiftOperators' from project 'swift-syntax')
    cd /Users/harishvishwakarma/Library/Developer/Xcode/DerivedData/Revolt-dharrjsambcimaaziudpvzjdcigm/SourcePackages/checkouts/swift-syntax
    builtin-copy -exclude .DS_Store -exclude CVS -exclude .svn -exclude .git -exclude .hg -resolve-src-symlinks -rename /Users/harishvishwakarma/Library/Developer/Xcode/DerivedData/Revolt-dharrjsambcimaaziudpvzjdcigm/Build/Intermediates.noindex/swift-syntax.build/Debug/SwiftOperators.build/Objects-normal/x86_64/SwiftOperators.swiftdoc /Users/harishvishwakarma/Library/Developer/Xcode/DerivedData/Revolt-dharrjsambcimaaziudpvzjdcigm/Build/Products/Debug/SwiftOperators.swiftmodule/x86_64-apple-macos.swiftdoc

Copy /Users/harishvishwakarma/Library/Developer/Xcode/DerivedData/Revolt-dharrjsambcimaaziudpvzjdcigm/Build/Products/Debug/SwiftOperators.swiftmodule/x86_64-apple-macos.abi.json /Users/harishvishwakarma/Library/Developer/Xcode/DerivedData/Revolt-dharrjsambcimaaziudpvzjdcigm/Build/Intermediates.noindex/swift-syntax.build/Debug/SwiftOperators.build/Objects-normal/x86_64/SwiftOperators.abi.json (in target 'SwiftOperators' from project 'swift-syntax')
    cd /Users/harishvishwakarma/Library/Developer/Xcode/DerivedData/Revolt-dharrjsambcimaaziudpvzjdcigm/SourcePackages/checkouts/swift-syntax
    builtin-copy -exclude .DS_Store -exclude CVS -exclude .svn -exclude .git -exclude .hg -resolve-src-symlinks -rename /Users/harishvishwakarma/Library/Developer/Xcode/DerivedData/Revolt-dharrjsambcimaaziudpvzjdcigm/Build/Intermediates.noindex/swift-syntax.build/Debug/SwiftOperators.build/Objects-normal/x86_64/SwiftOperators.abi.json /Users/harishvishwakarma/Library/Developer/Xcode/DerivedData/Revolt-dharrjsambcimaaziudpvzjdcigm/Build/Products/Debug/SwiftOperators.swiftmodule/x86_64-apple-macos.abi.json

Copy /Users/harishvishwakarma/Library/Developer/Xcode/DerivedData/Revolt-dharrjsambcimaaziudpvzjdcigm/Build/Products/Debug/SwiftOperators.swiftmodule/Project/x86_64-apple-macos.swiftsourceinfo /Users/harishvishwakarma/Library/Developer/Xcode/DerivedData/Revolt-dharrjsambcimaaziudpvzjdcigm/Build/Intermediates.noindex/swift-syntax.build/Debug/SwiftOperators.build/Objects-normal/x86_64/SwiftOperators.swiftsourceinfo (in target 'SwiftOperators' from project 'swift-syntax')
    cd /Users/harishvishwakarma/Library/Developer/Xcode/DerivedData/Revolt-dharrjsambcimaaziudpvzjdcigm/SourcePackages/checkouts/swift-syntax
    builtin-copy -exclude .DS_Store -exclude CVS -exclude .svn -exclude .git -exclude .hg -resolve-src-symlinks -rename /Users/harishvishwakarma/Library/Developer/Xcode/DerivedData/Revolt-dharrjsambcimaaziudpvzjdcigm/Build/Intermediates.noindex/swift-syntax.build/Debug/SwiftOperators.build/Objects-normal/x86_64/SwiftOperators.swiftsourceinfo /Users/harishvishwakarma/Library/Developer/Xcode/DerivedData/Revolt-dharrjsambcimaaziudpvzjdcigm/Build/Products/Debug/SwiftOperators.swiftmodule/Project/x86_64-apple-macos.swiftsourceinfo

SwiftCompile normal x86_64 Compiling\ SyntaxSynthesis.swift /Users/harishvishwakarma/Library/Developer/Xcode/DerivedData/Revolt-dharrjsambcimaaziudpvzjdcigm/SourcePackages/checkouts/swift-syntax/Sources/SwiftOperators/SyntaxSynthesis.swift (in target 'SwiftOperators' from project 'swift-syntax')
SwiftCompile normal x86_64 /Users/harishvishwakarma/Library/Developer/Xcode/DerivedData/Revolt-dharrjsambcimaaziudpvzjdcigm/SourcePackages/checkouts/swift-syntax/Sources/SwiftOperators/SyntaxSynthesis.swift (in target 'SwiftOperators' from project 'swift-syntax')
    cd /Users/harishvishwakarma/Handy/Archem/pepchat-ios/Revolt.xcodeproj
    

SwiftCompile normal arm64 Compiling\ Operator.swift /Users/harishvishwakarma/Library/Developer/Xcode/DerivedData/Revolt-dharrjsambcimaaziudpvzjdcigm/SourcePackages/checkouts/swift-syntax/Sources/SwiftOperators/Operator.swift (in target 'SwiftOperators' from project 'swift-syntax')

SwiftCompile normal arm64 /Users/harishvishwakarma/Library/Developer/Xcode/DerivedData/Revolt-dharrjsambcimaaziudpvzjdcigm/SourcePackages/checkouts/swift-syntax/Sources/SwiftOperators/Operator.swift (in target 'SwiftOperators' from project 'swift-syntax')
    cd /Users/harishvishwakarma/Handy/Archem/pepchat-ios/Revolt.xcodeproj
    

SwiftCompile normal arm64 Compiling\ OperatorTable+Semantics.swift /Users/harishvishwakarma/Library/Developer/Xcode/DerivedData/Revolt-dharrjsambcimaaziudpvzjdcigm/SourcePackages/checkouts/swift-syntax/Sources/SwiftOperators/OperatorTable+Semantics.swift (in target 'SwiftOperators' from project 'swift-syntax')
SwiftCompile normal arm64 /Users/harishvishwakarma/Library/Developer/Xcode/DerivedData/Revolt-dharrjsambcimaaziudpvzjdcigm/SourcePackages/checkouts/swift-syntax/Sources/SwiftOperators/OperatorTable+Semantics.swift (in target 'SwiftOperators' from project 'swift-syntax')
    cd /Users/harishvishwakarma/Handy/Archem/pepchat-ios/Revolt.xcodeproj
    

SwiftDriverJobDiscovery normal x86_64 Compiling OperatorError+Diagnostics.swift (in target 'SwiftOperators' from project 'swift-syntax')

SwiftDriverJobDiscovery normal arm64 Compiling OperatorError.swift (in target 'SwiftOperators' from project 'swift-syntax')

SwiftMergeGeneratedHeaders /Users/harishvishwakarma/Library/Developer/Xcode/DerivedData/Revolt-dharrjsambcimaaziudpvzjdcigm/Build/Intermediates.noindex/GeneratedModuleMaps/SwiftOperators-Swift.h /Users/harishvishwakarma/Library/Developer/Xcode/DerivedData/Revolt-dharrjsambcimaaziudpvzjdcigm/Build/Intermediates.noindex/swift-syntax.build/Debug/SwiftOperators.build/Objects-normal/arm64/SwiftOperators-Swift.h /Users/harishvishwakarma/Library/Developer/Xcode/DerivedData/Revolt-dharrjsambcimaaziudpvzjdcigm/Build/Intermediates.noindex/swift-syntax.build/Debug/SwiftOperators.build/Objects-normal/x86_64/SwiftOperators-Swift.h (in target 'SwiftOperators' from project 'swift-syntax')
    cd /Users/harishvishwakarma/Library/Developer/Xcode/DerivedData/Revolt-dharrjsambcimaaziudpvzjdcigm/SourcePackages/checkouts/swift-syntax
    builtin-swiftHeaderTool -arch arm64 /Users/harishvishwakarma/Library/Developer/Xcode/DerivedData/Revolt-dharrjsambcimaaziudpvzjdcigm/Build/Intermediates.noindex/swift-syntax.build/Debug/SwiftOperators.build/Objects-normal/arm64/SwiftOperators-Swift.h -arch x86_64 /Users/harishvishwakarma/Library/Developer/Xcode/DerivedData/Revolt-dharrjsambcimaaziudpvzjdcigm/Build/Intermediates.noindex/swift-syntax.build/Debug/SwiftOperators.build/Objects-normal/x86_64/SwiftOperators-Swift.h -o /Users/harishvishwakarma/Library/Developer/Xcode/DerivedData/Revolt-dharrjsambcimaaziudpvzjdcigm/Build/Intermediates.noindex/GeneratedModuleMaps/SwiftOperators-Swift.h

SwiftDriverJobDiscovery normal arm64 Compiling PrecedenceGroup.swift (in target 'SwiftOperators' from project 'swift-syntax')

Copy /Users/harishvishwakarma/Library/Developer/Xcode/DerivedData/Revolt-dharrjsambcimaaziudpvzjdcigm/Build/Products/Debug/SwiftOperators.swiftmodule/arm64-apple-macos.swiftmodule /Users/harishvishwakarma/Library/Developer/Xcode/DerivedData/Revolt-dharrjsambcimaaziudpvzjdcigm/Build/Intermediates.noindex/swift-syntax.build/Debug/SwiftOperators.build/Objects-normal/arm64/SwiftOperators.swiftmodule (in target 'SwiftOperators' from project 'swift-syntax')
    cd /Users/harishvishwakarma/Library/Developer/Xcode/DerivedData/Revolt-dharrjsambcimaaziudpvzjdcigm/SourcePackages/checkouts/swift-syntax
    builtin-copy -exclude .DS_Store -exclude CVS -exclude .svn -exclude .git -exclude .hg -resolve-src-symlinks -rename /Users/harishvishwakarma/Library/Developer/Xcode/DerivedData/Revolt-dharrjsambcimaaziudpvzjdcigm/Build/Intermediates.noindex/swift-syntax.build/Debug/SwiftOperators.build/Objects-normal/arm64/SwiftOperators.swiftmodule /Users/harishvishwakarma/Library/Developer/Xcode/DerivedData/Revolt-dharrjsambcimaaziudpvzjdcigm/Build/Products/Debug/SwiftOperators.swiftmodule/arm64-apple-macos.swiftmodule

Copy /Users/harishvishwakarma/Library/Developer/Xcode/DerivedData/Revolt-dharrjsambcimaaziudpvzjdcigm/Build/Products/Debug/SwiftOperators.swiftmodule/arm64-apple-macos.swiftdoc /Users/harishvishwakarma/Library/Developer/Xcode/DerivedData/Revolt-dharrjsambcimaaziudpvzjdcigm/Build/Intermediates.noindex/swift-syntax.build/Debug/SwiftOperators.build/Objects-normal/arm64/SwiftOperators.swiftdoc (in target 'SwiftOperators' from project 'swift-syntax')
    cd /Users/harishvishwakarma/Library/Developer/Xcode/DerivedData/Revolt-dharrjsambcimaaziudpvzjdcigm/SourcePackages/checkouts/swift-syntax
    builtin-copy -exclude .DS_Store -exclude CVS -exclude .svn -exclude .git -exclude .hg -resolve-src-symlinks -rename /Users/harishvishwakarma/Library/Developer/Xcode/DerivedData/Revolt-dharrjsambcimaaziudpvzjdcigm/Build/Intermediates.noindex/swift-syntax.build/Debug/SwiftOperators.build/Objects-normal/arm64/SwiftOperators.swiftdoc /Users/harishvishwakarma/Library/Developer/Xcode/DerivedData/Revolt-dharrjsambcimaaziudpvzjdcigm/Build/Products/Debug/SwiftOperators.swiftmodule/arm64-apple-macos.swiftdoc

Copy /Users/harishvishwakarma/Library/Developer/Xcode/DerivedData/Revolt-dharrjsambcimaaziudpvzjdcigm/Build/Products/Debug/SwiftOperators.swiftmodule/arm64-apple-macos.abi.json /Users/harishvishwakarma/Library/Developer/Xcode/DerivedData/Revolt-dharrjsambcimaaziudpvzjdcigm/Build/Intermediates.noindex/swift-syntax.build/Debug/SwiftOperators.build/Objects-normal/arm64/SwiftOperators.abi.json (in target 'SwiftOperators' from project 'swift-syntax')
    cd /Users/harishvishwakarma/Library/Developer/Xcode/DerivedData/Revolt-dharrjsambcimaaziudpvzjdcigm/SourcePackages/checkouts/swift-syntax
    builtin-copy -exclude .DS_Store -exclude CVS -exclude .svn -exclude .git -exclude .hg -resolve-src-symlinks -rename /Users/harishvishwakarma/Library/Developer/Xcode/DerivedData/Revolt-dharrjsambcimaaziudpvzjdcigm/Build/Intermediates.noindex/swift-syntax.build/Debug/SwiftOperators.build/Objects-normal/arm64/SwiftOperators.abi.json /Users/harishvishwakarma/Library/Developer/Xcode/DerivedData/Revolt-dharrjsambcimaaziudpvzjdcigm/Build/Products/Debug/SwiftOperators.swiftmodule/arm64-apple-macos.abi.json

Copy /Users/harishvishwakarma/Library/Developer/Xcode/DerivedData/Revolt-dharrjsambcimaaziudpvzjdcigm/Build/Products/Debug/SwiftOperators.swiftmodule/Project/arm64-apple-macos.swiftsourceinfo /Users/harishvishwakarma/Library/Developer/Xcode/DerivedData/Revolt-dharrjsambcimaaziudpvzjdcigm/Build/Intermediates.noindex/swift-syntax.build/Debug/SwiftOperators.build/Objects-normal/arm64/SwiftOperators.swiftsourceinfo (in target 'SwiftOperators' from project 'swift-syntax')
    cd /Users/harishvishwakarma/Library/Developer/Xcode/DerivedData/Revolt-dharrjsambcimaaziudpvzjdcigm/SourcePackages/checkouts/swift-syntax
    builtin-copy -exclude .DS_Store -exclude CVS -exclude .svn -exclude .git -exclude .hg -resolve-src-symlinks -rename /Users/harishvishwakarma/Library/Developer/Xcode/DerivedData/Revolt-dharrjsambcimaaziudpvzjdcigm/Build/Intermediates.noindex/swift-syntax.build/Debug/SwiftOperators.build/Objects-normal/arm64/SwiftOperators.swiftsourceinfo /Users/harishvishwakarma/Library/Developer/Xcode/DerivedData/Revolt-dharrjsambcimaaziudpvzjdcigm/Build/Products/Debug/SwiftOperators.swiftmodule/Project/arm64-apple-macos.swiftsourceinfo

SwiftCompile normal x86_64 Compiling\ OperatorTable+Semantics.swift /Users/harishvishwakarma/Library/Developer/Xcode/DerivedData/Revolt-dharrjsambcimaaziudpvzjdcigm/SourcePackages/checkouts/swift-syntax/Sources/SwiftOperators/OperatorTable+Semantics.swift (in target 'SwiftOperators' from project 'swift-syntax')
SwiftCompile normal x86_64 /Users/harishvishwakarma/Library/Developer/Xcode/DerivedData/Revolt-dharrjsambcimaaziudpvzjdcigm/SourcePackages/checkouts/swift-syntax/Sources/SwiftOperators/OperatorTable+Semantics.swift (in target 'SwiftOperators' from project 'swift-syntax')
    cd /Users/harishvishwakarma/Handy/Archem/pepchat-ios/Revolt.xcodeproj
    

SwiftCompile normal arm64 Compiling\ PrecedenceGraph.swift /Users/harishvishwakarma/Library/Developer/Xcode/DerivedData/Revolt-dharrjsambcimaaziudpvzjdcigm/SourcePackages/checkouts/swift-syntax/Sources/SwiftOperators/PrecedenceGraph.swift (in target 'SwiftOperators' from project 'swift-syntax')

SwiftCompile normal arm64 /Users/harishvishwakarma/Library/Developer/Xcode/DerivedData/Revolt-dharrjsambcimaaziudpvzjdcigm/SourcePackages/checkouts/swift-syntax/Sources/SwiftOperators/PrecedenceGraph.swift (in target 'SwiftOperators' from project 'swift-syntax')
    cd /Users/harishvishwakarma/Handy/Archem/pepchat-ios/Revolt.xcodeproj
    

SwiftDriverJobDiscovery normal x86_64 Compiling Operator.swift (in target 'SwiftOperators' from project 'swift-syntax')

SwiftCompile normal arm64 Compiling\ OperatorError+Diagnostics.swift /Users/harishvishwakarma/Library/Developer/Xcode/DerivedData/Revolt-dharrjsambcimaaziudpvzjdcigm/SourcePackages/checkouts/swift-syntax/Sources/SwiftOperators/OperatorError+Diagnostics.swift (in target 'SwiftOperators' from project 'swift-syntax')

SwiftCompile normal arm64 /Users/harishvishwakarma/Library/Developer/Xcode/DerivedData/Revolt-dharrjsambcimaaziudpvzjdcigm/SourcePackages/checkouts/swift-syntax/Sources/SwiftOperators/OperatorError+Diagnostics.swift (in target 'SwiftOperators' from project 'swift-syntax')
    cd /Users/harishvishwakarma/Handy/Archem/pepchat-ios/Revolt.xcodeproj
    

SwiftDriverJobDiscovery normal arm64 Compiling OperatorTable.swift (in target 'SwiftOperators' from project 'swift-syntax')

SwiftCompile normal x86_64 Compiling\ OperatorTable+Defaults.swift /Users/harishvishwakarma/Library/Developer/Xcode/DerivedData/Revolt-dharrjsambcimaaziudpvzjdcigm/SourcePackages/checkouts/swift-syntax/Sources/SwiftOperators/OperatorTable+Defaults.swift (in target 'SwiftOperators' from project 'swift-syntax')

SwiftCompile normal x86_64 /Users/harishvishwakarma/Library/Developer/Xcode/DerivedData/Revolt-dharrjsambcimaaziudpvzjdcigm/SourcePackages/checkouts/swift-syntax/Sources/SwiftOperators/OperatorTable+Defaults.swift (in target 'SwiftOperators' from project 'swift-syntax')
    cd /Users/harishvishwakarma/Handy/Archem/pepchat-ios/Revolt.xcodeproj
    

SwiftDriverJobDiscovery normal x86_64 Compiling OperatorTable.swift (in target 'SwiftOperators' from project 'swift-syntax')

SwiftCompile normal arm64 Compiling\ OperatorTable+Defaults.swift /Users/harishvishwakarma/Library/Developer/Xcode/DerivedData/Revolt-dharrjsambcimaaziudpvzjdcigm/SourcePackages/checkouts/swift-syntax/Sources/SwiftOperators/OperatorTable+Defaults.swift (in target 'SwiftOperators' from project 'swift-syntax')

SwiftCompile normal arm64 /Users/harishvishwakarma/Library/Developer/Xcode/DerivedData/Revolt-dharrjsambcimaaziudpvzjdcigm/SourcePackages/checkouts/swift-syntax/Sources/SwiftOperators/OperatorTable+Defaults.swift (in target 'SwiftOperators' from project 'swift-syntax')
    cd /Users/harishvishwakarma/Handy/Archem/pepchat-ios/Revolt.xcodeproj
    

SwiftDriverJobDiscovery normal x86_64 Compiling PrecedenceGraph.swift (in target 'SwiftOperators' from project 'swift-syntax')

ExtractAppIntentsMetadata (in target 'OrderedCollections' from project 'swift-collections')
    cd /Users/harishvishwakarma/Library/Developer/Xcode/DerivedData/Revolt-dharrjsambcimaaziudpvzjdcigm/SourcePackages/checkouts/swift-collections
    /Applications/Xcode.app/Contents/Developer/Toolchains/XcodeDefault.xctoolchain/usr/bin/appintentsmetadataprocessor --toolchain-dir /Applications/Xcode.app/Contents/Developer/Toolchains/XcodeDefault.xctoolchain --module-name OrderedCollections --sdk-root /Applications/Xcode.app/Contents/Developer/Platforms/iPhoneOS.platform/Developer/SDKs/iPhoneOS18.5.sdk --xcode-version 16F6 --platform-family iOS --deployment-target 12.0 --bundle-identifier swift-collections.OrderedCollections --output /Users/harishvishwakarma/Library/Developer/Xcode/DerivedData/Revolt-dharrjsambcimaaziudpvzjdcigm/Build/Products/Debug-iphoneos/OrderedCollections.appintents --target-triple arm64-apple-ios12.0 --binary-file /Users/harishvishwakarma/Library/Developer/Xcode/DerivedData/Revolt-dharrjsambcimaaziudpvzjdcigm/Build/Products/Debug-iphoneos/OrderedCollections.o --dependency-file /Users/harishvishwakarma/Library/Developer/Xcode/DerivedData/Revolt-dharrjsambcimaaziudpvzjdcigm/Build/Intermediates.noindex/swift-collections.build/Debug-iphoneos/OrderedCollections.build/Objects-normal/arm64/OrderedCollections_dependency_info.dat --stringsdata-file /Users/harishvishwakarma/Library/Developer/Xcode/DerivedData/Revolt-dharrjsambcimaaziudpvzjdcigm/Build/Intermediates.noindex/swift-collections.build/Debug-iphoneos/OrderedCollections.build/Objects-normal/arm64/ExtractedAppShortcutsMetadata.stringsdata --source-file-list /Users/harishvishwakarma/Library/Developer/Xcode/DerivedData/Revolt-dharrjsambcimaaziudpvzjdcigm/Build/Intermediates.noindex/swift-collections.build/Debug-iphoneos/OrderedCollections.build/Objects-normal/arm64/OrderedCollections.SwiftFileList --metadata-file-list /Users/harishvishwakarma/Library/Developer/Xcode/DerivedData/Revolt-dharrjsambcimaaziudpvzjdcigm/Build/Intermediates.noindex/swift-collections.build/Debug-iphoneos/OrderedCollections.build/OrderedCollections.DependencyMetadataFileList --static-metadata-file-list /Users/harishvishwakarma/Library/Developer/Xcode/DerivedData/Revolt-dharrjsambcimaaziudpvzjdcigm/Build/Intermediates.noindex/swift-collections.build/Debug-iphoneos/OrderedCollections.build/OrderedCollections.DependencyStaticMetadataFileList --swift-const-vals-list /Users/harishvishwakarma/Library/Developer/Xcode/DerivedData/Revolt-dharrjsambcimaaziudpvzjdcigm/Build/Intermediates.noindex/swift-collections.build/Debug-iphoneos/OrderedCollections.build/Objects-normal/arm64/OrderedCollections.SwiftConstValuesFileList --force --compile-time-extraction --deployment-aware-processing --validate-assistant-intents --no-app-shortcuts-localization
2026-01-08 18:38:37.071 appintentsmetadataprocessor[99743:1138702] Starting appintentsmetadataprocessor export
2026-01-08 18:38:37.135 appintentsmetadataprocessor[99743:1138702] Extracted no relevant App Intents symbols, skipping writing output

SwiftDriverJobDiscovery normal arm64 Compiling OperatorTable+Folding.swift (in target 'SwiftOperators' from project 'swift-syntax')

ProcessInfoPlistFile /Users/harishvishwakarma/Library/Developer/Xcode/DerivedData/Revolt-dharrjsambcimaaziudpvzjdcigm/Build/Products/Debug-iphoneos/NotificationService.appex/Info.plist /Users/harishvishwakarma/Handy/Archem/pepchat-ios/NotificationService/Info.plist (in target 'NotificationService' from project 'Revolt')
    cd /Users/harishvishwakarma/Handy/Archem/pepchat-ios
    builtin-infoPlistUtility /Users/harishvishwakarma/Handy/Archem/pepchat-ios/NotificationService/Info.plist -producttype com.apple.product-type.app-extension -expandbuildsettings -format binary -platform iphoneos -requiredArchitecture arm64 -o /Users/harishvishwakarma/Library/Developer/Xcode/DerivedData/Revolt-dharrjsambcimaaziudpvzjdcigm/Build/Products/Debug-iphoneos/NotificationService.appex/Info.plist

SwiftDriverJobDiscovery normal x86_64 Compiling OperatorTable+Folding.swift (in target 'SwiftOperators' from project 'swift-syntax')

SwiftDriver\ Compilation NavigationTransition normal arm64 com.apple.xcode.tools.swift.compiler (in target 'NavigationTransition' from project 'swiftui-navigation-transitions')
    cd /Users/harishvishwakarma/Handy/Archem/pepchat-ios/Revolt.xcodeproj
    builtin-Swift-Compilation -- /Applications/Xcode.app/Contents/Developer/Toolchains/XcodeDefault.xctoolchain/usr/bin/swiftc -module-name NavigationTransition -Onone -enforce-exclusivity\=checked @/Users/harishvishwakarma/Library/Developer/Xcode/DerivedData/Revolt-dharrjsambcimaaziudpvzjdcigm/Build/Intermediates.noindex/swiftui-navigation-transitions.build/Debug-iphoneos/NavigationTransition.build/Objects-normal/arm64/NavigationTransition.SwiftFileList -DSWIFT_PACKAGE -DDEBUG -DXcode -plugin-path /Applications/Xcode.app/Contents/Developer/Toolchains/XcodeDefault.xctoolchain/usr/lib/swift/host/plugins/testing -enable-experimental-feature DebugDescriptionMacro -sdk /Applications/Xcode.app/Contents/Developer/Platforms/iPhoneOS.platform/Developer/SDKs/iPhoneOS18.5.sdk -target arm64-apple-ios13.0 -g -module-cache-path /Users/harishvishwakarma/Library/Developer/Xcode/DerivedData/ModuleCache.noindex -Xfrontend -serialize-debugging-options -enable-testing -suppress-warnings -index-store-path /Users/harishvishwakarma/Library/Developer/Xcode/DerivedData/Revolt-dharrjsambcimaaziudpvzjdcigm/Index.noindex/DataStore -swift-version 5 -I /Users/harishvishwakarma/Library/Developer/Xcode/DerivedData/Revolt-dharrjsambcimaaziudpvzjdcigm/Build/Products/Debug-iphoneos -I /Applications/Xcode.app/Contents/Developer/Platforms/iPhoneOS.platform/Developer/usr/lib -F /Users/harishvishwakarma/Library/Developer/Xcode/DerivedData/Revolt-dharrjsambcimaaziudpvzjdcigm/Build/Products/Debug-iphoneos/PackageFrameworks -F /Users/harishvishwakarma/Library/Developer/Xcode/DerivedData/Revolt-dharrjsambcimaaziudpvzjdcigm/Build/Products/Debug-iphoneos/PackageFrameworks -F /Users/harishvishwakarma/Library/Developer/Xcode/DerivedData/Revolt-dharrjsambcimaaziudpvzjdcigm/Build/Products/Debug-iphoneos/PackageFrameworks -F /Users/harishvishwakarma/Library/Developer/Xcode/DerivedData/Revolt-dharrjsambcimaaziudpvzjdcigm/Build/Products/Debug-iphoneos -F /Applications/Xcode.app/Contents/Developer/Platforms/iPhoneOS.platform/Developer/Library/Frameworks -F /Applications/Xcode.app/Contents/Developer/Platforms/iPhoneOS.platform/Developer/SDKs/iPhoneOS18.5.sdk/Developer/Library/Frameworks -c -j12 -enable-batch-mode -incremental -Xcc -ivfsstatcache -Xcc /Users/harishvishwakarma/Library/Developer/Xcode/DerivedData/SDKStatCaches.noindex/iphoneos18.5-22F76-7fa4eea80a99bbfdc046826b63ec4baf.sdkstatcache -output-file-map /Users/harishvishwakarma/Library/Developer/Xcode/DerivedData/Revolt-dharrjsambcimaaziudpvzjdcigm/Build/Intermediates.noindex/swiftui-navigation-transitions.build/Debug-iphoneos/NavigationTransition.build/Objects-normal/arm64/NavigationTransition-OutputFileMap.json -use-frontend-parseable-output -save-temps -no-color-diagnostics -serialize-diagnostics -emit-dependencies -emit-module -emit-module-path /Users/harishvishwakarma/Library/Developer/Xcode/DerivedData/Revolt-dharrjsambcimaaziudpvzjdcigm/Build/Intermediates.noindex/swiftui-navigation-transitions.build/Debug-iphoneos/NavigationTransition.build/Objects-normal/arm64/NavigationTransition.swiftmodule -validate-clang-modules-once -clang-build-session-file /Users/harishvishwakarma/Library/Developer/Xcode/DerivedData/ModuleCache.noindex/Session.modulevalidation -package-name swiftui_navigation_transitions -Xcc -I/Users/harishvishwakarma/Library/Developer/Xcode/DerivedData/Revolt-dharrjsambcimaaziudpvzjdcigm/Build/Intermediates.noindex/swiftui-navigation-transitions.build/Debug-iphoneos/NavigationTransition.build/swift-overrides.hmap -emit-const-values -Xfrontend -const-gather-protocols-file -Xfrontend /Users/harishvishwakarma/Library/Developer/Xcode/DerivedData/Revolt-dharrjsambcimaaziudpvzjdcigm/Build/Intermediates.noindex/swiftui-navigation-transitions.build/Debug-iphoneos/NavigationTransition.build/Objects-normal/arm64/NavigationTransition_const_extract_protocols.json -Xcc -I/Users/harishvishwakarma/Library/Developer/Xcode/DerivedData/Revolt-dharrjsambcimaaziudpvzjdcigm/Build/Products/Debug-iphoneos/include -Xcc -I/Users/harishvishwakarma/Library/Developer/Xcode/DerivedData/Revolt-dharrjsambcimaaziudpvzjdcigm/Build/Intermediates.noindex/swiftui-navigation-transitions.build/Debug-iphoneos/NavigationTransition.build/DerivedSources-normal/arm64 -Xcc -I/Users/harishvishwakarma/Library/Developer/Xcode/DerivedData/Revolt-dharrjsambcimaaziudpvzjdcigm/Build/Intermediates.noindex/swiftui-navigation-transitions.build/Debug-iphoneos/NavigationTransition.build/DerivedSources/arm64 -Xcc -I/Users/harishvishwakarma/Library/Developer/Xcode/DerivedData/Revolt-dharrjsambcimaaziudpvzjdcigm/Build/Intermediates.noindex/swiftui-navigation-transitions.build/Debug-iphoneos/NavigationTransition.build/DerivedSources -Xcc -DSWIFT_PACKAGE -Xcc -DDEBUG\=1 -emit-objc-header -emit-objc-header-path /Users/harishvishwakarma/Library/Developer/Xcode/DerivedData/Revolt-dharrjsambcimaaziudpvzjdcigm/Build/Intermediates.noindex/swiftui-navigation-transitions.build/Debug-iphoneos/NavigationTransition.build/Objects-normal/arm64/NavigationTransition-Swift.h -working-directory /Users/harishvishwakarma/Handy/Archem/pepchat-ios/Revolt.xcodeproj -experimental-emit-module-separately -disable-cmo

ExtractAppIntentsMetadata (in target 'HeapModule' from project 'swift-collections')
    cd /Users/harishvishwakarma/Library/Developer/Xcode/DerivedData/Revolt-dharrjsambcimaaziudpvzjdcigm/SourcePackages/checkouts/swift-collections
    /Applications/Xcode.app/Contents/Developer/Toolchains/XcodeDefault.xctoolchain/usr/bin/appintentsmetadataprocessor --toolchain-dir /Applications/Xcode.app/Contents/Developer/Toolchains/XcodeDefault.xctoolchain --module-name HeapModule --sdk-root /Applications/Xcode.app/Contents/Developer/Platforms/iPhoneOS.platform/Developer/SDKs/iPhoneOS18.5.sdk --xcode-version 16F6 --platform-family iOS --deployment-target 12.0 --bundle-identifier swift-collections.HeapModule --output /Users/harishvishwakarma/Library/Developer/Xcode/DerivedData/Revolt-dharrjsambcimaaziudpvzjdcigm/Build/Products/Debug-iphoneos/HeapModule.appintents --target-triple arm64-apple-ios12.0 --binary-file /Users/harishvishwakarma/Library/Developer/Xcode/DerivedData/Revolt-dharrjsambcimaaziudpvzjdcigm/Build/Products/Debug-iphoneos/HeapModule.o --dependency-file /Users/harishvishwakarma/Library/Developer/Xcode/DerivedData/Revolt-dharrjsambcimaaziudpvzjdcigm/Build/Intermediates.noindex/swift-collections.build/Debug-iphoneos/HeapModule.build/Objects-normal/arm64/HeapModule_dependency_info.dat --stringsdata-file /Users/harishvishwakarma/Library/Developer/Xcode/DerivedData/Revolt-dharrjsambcimaaziudpvzjdcigm/Build/Intermediates.noindex/swift-collections.build/Debug-iphoneos/HeapModule.build/Objects-normal/arm64/ExtractedAppShortcutsMetadata.stringsdata --source-file-list /Users/harishvishwakarma/Library/Developer/Xcode/DerivedData/Revolt-dharrjsambcimaaziudpvzjdcigm/Build/Intermediates.noindex/swift-collections.build/Debug-iphoneos/HeapModule.build/Objects-normal/arm64/HeapModule.SwiftFileList --metadata-file-list /Users/harishvishwakarma/Library/Developer/Xcode/DerivedData/Revolt-dharrjsambcimaaziudpvzjdcigm/Build/Intermediates.noindex/swift-collections.build/Debug-iphoneos/HeapModule.build/HeapModule.DependencyMetadataFileList --static-metadata-file-list /Users/harishvishwakarma/Library/Developer/Xcode/DerivedData/Revolt-dharrjsambcimaaziudpvzjdcigm/Build/Intermediates.noindex/swift-collections.build/Debug-iphoneos/HeapModule.build/HeapModule.DependencyStaticMetadataFileList --swift-const-vals-list /Users/harishvishwakarma/Library/Developer/Xcode/DerivedData/Revolt-dharrjsambcimaaziudpvzjdcigm/Build/Intermediates.noindex/swift-collections.build/Debug-iphoneos/HeapModule.build/Objects-normal/arm64/HeapModule.SwiftConstValuesFileList --force --compile-time-extraction --deployment-aware-processing --validate-assistant-intents --no-app-shortcuts-localization
2026-01-08 18:38:37.187 appintentsmetadataprocessor[99744:1138707] Starting appintentsmetadataprocessor export
2026-01-08 18:38:37.254 appintentsmetadataprocessor[99744:1138707] Extracted no relevant App Intents symbols, skipping writing output

ExtractAppIntentsMetadata (in target 'HashTreeCollections' from project 'swift-collections')
    cd /Users/harishvishwakarma/Library/Developer/Xcode/DerivedData/Revolt-dharrjsambcimaaziudpvzjdcigm/SourcePackages/checkouts/swift-collections
    /Applications/Xcode.app/Contents/Developer/Toolchains/XcodeDefault.xctoolchain/usr/bin/appintentsmetadataprocessor --toolchain-dir /Applications/Xcode.app/Contents/Developer/Toolchains/XcodeDefault.xctoolchain --module-name HashTreeCollections --sdk-root /Applications/Xcode.app/Contents/Developer/Platforms/iPhoneOS.platform/Developer/SDKs/iPhoneOS18.5.sdk --xcode-version 16F6 --platform-family iOS --deployment-target 12.0 --bundle-identifier swift-collections.HashTreeCollections --output /Users/harishvishwakarma/Library/Developer/Xcode/DerivedData/Revolt-dharrjsambcimaaziudpvzjdcigm/Build/Products/Debug-iphoneos/HashTreeCollections.appintents --target-triple arm64-apple-ios12.0 --binary-file /Users/harishvishwakarma/Library/Developer/Xcode/DerivedData/Revolt-dharrjsambcimaaziudpvzjdcigm/Build/Products/Debug-iphoneos/HashTreeCollections.o --dependency-file /Users/harishvishwakarma/Library/Developer/Xcode/DerivedData/Revolt-dharrjsambcimaaziudpvzjdcigm/Build/Intermediates.noindex/swift-collections.build/Debug-iphoneos/HashTreeCollections.build/Objects-normal/arm64/HashTreeCollections_dependency_info.dat --stringsdata-file /Users/harishvishwakarma/Library/Developer/Xcode/DerivedData/Revolt-dharrjsambcimaaziudpvzjdcigm/Build/Intermediates.noindex/swift-collections.build/Debug-iphoneos/HashTreeCollections.build/Objects-normal/arm64/ExtractedAppShortcutsMetadata.stringsdata --source-file-list /Users/harishvishwakarma/Library/Developer/Xcode/DerivedData/Revolt-dharrjsambcimaaziudpvzjdcigm/Build/Intermediates.noindex/swift-collections.build/Debug-iphoneos/HashTreeCollections.build/Objects-normal/arm64/HashTreeCollections.SwiftFileList --metadata-file-list /Users/harishvishwakarma/Library/Developer/Xcode/DerivedData/Revolt-dharrjsambcimaaziudpvzjdcigm/Build/Intermediates.noindex/swift-collections.build/Debug-iphoneos/HashTreeCollections.build/HashTreeCollections.DependencyMetadataFileList --static-metadata-file-list /Users/harishvishwakarma/Library/Developer/Xcode/DerivedData/Revolt-dharrjsambcimaaziudpvzjdcigm/Build/Intermediates.noindex/swift-collections.build/Debug-iphoneos/HashTreeCollections.build/HashTreeCollections.DependencyStaticMetadataFileList --swift-const-vals-list /Users/harishvishwakarma/Library/Developer/Xcode/DerivedData/Revolt-dharrjsambcimaaziudpvzjdcigm/Build/Intermediates.noindex/swift-collections.build/Debug-iphoneos/HashTreeCollections.build/Objects-normal/arm64/HashTreeCollections.SwiftConstValuesFileList --force --compile-time-extraction --deployment-aware-processing --validate-assistant-intents --no-app-shortcuts-localization
2026-01-08 18:38:37.202 appintentsmetadataprocessor[99745:1138709] Starting appintentsmetadataprocessor export
2026-01-08 18:38:37.267 appintentsmetadataprocessor[99745:1138709] Extracted no relevant App Intents symbols, skipping writing output

SwiftDriver SwiftParserDiagnostics normal x86_64 com.apple.xcode.tools.swift.compiler (in target 'SwiftParserDiagnostics' from project 'swift-syntax')
    cd /Users/harishvishwakarma/Handy/Archem/pepchat-ios/Revolt.xcodeproj
    builtin-SwiftDriver -- /Applications/Xcode.app/Contents/Developer/Toolchains/XcodeDefault.xctoolchain/usr/bin/swiftc -module-name SwiftParserDiagnostics -Onone -enforce-exclusivity\=checked @/Users/harishvishwakarma/Library/Developer/Xcode/DerivedData/Revolt-dharrjsambcimaaziudpvzjdcigm/Build/Intermediates.noindex/swift-syntax.build/Debug/SwiftParserDiagnostics.build/Objects-normal/x86_64/SwiftParserDiagnostics.SwiftFileList -DSWIFT_PACKAGE -DDEBUG -DXcode -plugin-path /Applications/Xcode.app/Contents/Developer/Toolchains/XcodeDefault.xctoolchain/usr/lib/swift/host/plugins/testing -enable-experimental-feature DebugDescriptionMacro -sdk /Applications/Xcode.app/Contents/Developer/Platforms/MacOSX.platform/Developer/SDKs/MacOSX15.5.sdk -target x86_64-apple-macos10.15 -g -module-cache-path /Users/harishvishwakarma/Library/Developer/Xcode/DerivedData/ModuleCache.noindex -Xfrontend -serialize-debugging-options -enable-testing -suppress-warnings -index-store-path /Users/harishvishwakarma/Library/Developer/Xcode/DerivedData/Revolt-dharrjsambcimaaziudpvzjdcigm/Index.noindex/DataStore -swift-version 5 -I /Users/harishvishwakarma/Library/Developer/Xcode/DerivedData/Revolt-dharrjsambcimaaziudpvzjdcigm/Build/Products/Debug -I /Applications/Xcode.app/Contents/Developer/Platforms/MacOSX.platform/Developer/usr/lib -F /Users/harishvishwakarma/Library/Developer/Xcode/DerivedData/Revolt-dharrjsambcimaaziudpvzjdcigm/Build/Products/Debug/PackageFrameworks -F /Users/harishvishwakarma/Library/Developer/Xcode/DerivedData/Revolt-dharrjsambcimaaziudpvzjdcigm/Build/Products/Debug/PackageFrameworks -F /Users/harishvishwakarma/Library/Developer/Xcode/DerivedData/Revolt-dharrjsambcimaaziudpvzjdcigm/Build/Products/Debug/PackageFrameworks -F /Users/harishvishwakarma/Library/Developer/Xcode/DerivedData/Revolt-dharrjsambcimaaziudpvzjdcigm/Build/Products/Debug/PackageFrameworks -F /Users/harishvishwakarma/Library/Developer/Xcode/DerivedData/Revolt-dharrjsambcimaaziudpvzjdcigm/Build/Products/Debug/PackageFrameworks -F /Users/harishvishwakarma/Library/Developer/Xcode/DerivedData/Revolt-dharrjsambcimaaziudpvzjdcigm/Build/Products/Debug -F /Applications/Xcode.app/Contents/Developer/Platforms/MacOSX.platform/Developer/Library/Frameworks -c -j12 -enable-batch-mode -incremental -Xcc -ivfsstatcache -Xcc /Users/harishvishwakarma/Library/Developer/Xcode/DerivedData/SDKStatCaches.noindex/macosx15.5-24F74-8254517eb8b97d462ccbc072ba9094c9.sdkstatcache -output-file-map /Users/harishvishwakarma/Library/Developer/Xcode/DerivedData/Revolt-dharrjsambcimaaziudpvzjdcigm/Build/Intermediates.noindex/swift-syntax.build/Debug/SwiftParserDiagnostics.build/Objects-normal/x86_64/SwiftParserDiagnostics-OutputFileMap.json -use-frontend-parseable-output -save-temps -no-color-diagnostics -serialize-diagnostics -emit-dependencies -emit-module -emit-module-path /Users/harishvishwakarma/Library/Developer/Xcode/DerivedData/Revolt-dharrjsambcimaaziudpvzjdcigm/Build/Intermediates.noindex/swift-syntax.build/Debug/SwiftParserDiagnostics.build/Objects-normal/x86_64/SwiftParserDiagnostics.swiftmodule -validate-clang-modules-once -clang-build-session-file /Users/harishvishwakarma/Library/Developer/Xcode/DerivedData/ModuleCache.noindex/Session.modulevalidation -Xcc -I/Users/harishvishwakarma/Library/Developer/Xcode/DerivedData/Revolt-dharrjsambcimaaziudpvzjdcigm/Build/Intermediates.noindex/swift-syntax.build/Debug/SwiftParserDiagnostics.build/swift-overrides.hmap -emit-const-values -Xfrontend -const-gather-protocols-file -Xfrontend /Users/harishvishwakarma/Library/Developer/Xcode/DerivedData/Revolt-dharrjsambcimaaziudpvzjdcigm/Build/Intermediates.noindex/swift-syntax.build/Debug/SwiftParserDiagnostics.build/Objects-normal/x86_64/SwiftParserDiagnostics_const_extract_protocols.json -Xcc -I/Users/harishvishwakarma/Library/Developer/Xcode/DerivedData/Revolt-dharrjsambcimaaziudpvzjdcigm/Build/Products/Debug/include -Xcc -I/Users/harishvishwakarma/Library/Developer/Xcode/DerivedData/Revolt-dharrjsambcimaaziudpvzjdcigm/Build/Intermediates.noindex/swift-syntax.build/Debug/SwiftParserDiagnostics.build/DerivedSources-normal/x86_64 -Xcc -I/Users/harishvishwakarma/Library/Developer/Xcode/DerivedData/Revolt-dharrjsambcimaaziudpvzjdcigm/Build/Intermediates.noindex/swift-syntax.build/Debug/SwiftParserDiagnostics.build/DerivedSources/x86_64 -Xcc -I/Users/harishvishwakarma/Library/Developer/Xcode/DerivedData/Revolt-dharrjsambcimaaziudpvzjdcigm/Build/Intermediates.noindex/swift-syntax.build/Debug/SwiftParserDiagnostics.build/DerivedSources -Xcc -DSWIFT_PACKAGE -Xcc -DDEBUG\=1 -emit-objc-header -emit-objc-header-path /Users/harishvishwakarma/Library/Developer/Xcode/DerivedData/Revolt-dharrjsambcimaaziudpvzjdcigm/Build/Intermediates.noindex/swift-syntax.build/Debug/SwiftParserDiagnostics.build/Objects-normal/x86_64/SwiftParserDiagnostics-Swift.h -working-directory /Users/harishvishwakarma/Handy/Archem/pepchat-ios/Revolt.xcodeproj -experimental-emit-module-separately -disable-cmo

SwiftDriver SwiftParserDiagnostics normal arm64 com.apple.xcode.tools.swift.compiler (in target 'SwiftParserDiagnostics' from project 'swift-syntax')
    cd /Users/harishvishwakarma/Handy/Archem/pepchat-ios/Revolt.xcodeproj
    builtin-SwiftDriver -- /Applications/Xcode.app/Contents/Developer/Toolchains/XcodeDefault.xctoolchain/usr/bin/swiftc -module-name SwiftParserDiagnostics -Onone -enforce-exclusivity\=checked @/Users/harishvishwakarma/Library/Developer/Xcode/DerivedData/Revolt-dharrjsambcimaaziudpvzjdcigm/Build/Intermediates.noindex/swift-syntax.build/Debug/SwiftParserDiagnostics.build/Objects-normal/arm64/SwiftParserDiagnostics.SwiftFileList -DSWIFT_PACKAGE -DDEBUG -DXcode -plugin-path /Applications/Xcode.app/Contents/Developer/Toolchains/XcodeDefault.xctoolchain/usr/lib/swift/host/plugins/testing -enable-experimental-feature DebugDescriptionMacro -sdk /Applications/Xcode.app/Contents/Developer/Platforms/MacOSX.platform/Developer/SDKs/MacOSX15.5.sdk -target arm64-apple-macos10.15 -g -module-cache-path /Users/harishvishwakarma/Library/Developer/Xcode/DerivedData/ModuleCache.noindex -Xfrontend -serialize-debugging-options -enable-testing -suppress-warnings -index-store-path /Users/harishvishwakarma/Library/Developer/Xcode/DerivedData/Revolt-dharrjsambcimaaziudpvzjdcigm/Index.noindex/DataStore -swift-version 5 -I /Users/harishvishwakarma/Library/Developer/Xcode/DerivedData/Revolt-dharrjsambcimaaziudpvzjdcigm/Build/Products/Debug -I /Applications/Xcode.app/Contents/Developer/Platforms/MacOSX.platform/Developer/usr/lib -F /Users/harishvishwakarma/Library/Developer/Xcode/DerivedData/Revolt-dharrjsambcimaaziudpvzjdcigm/Build/Products/Debug/PackageFrameworks -F /Users/harishvishwakarma/Library/Developer/Xcode/DerivedData/Revolt-dharrjsambcimaaziudpvzjdcigm/Build/Products/Debug/PackageFrameworks -F /Users/harishvishwakarma/Library/Developer/Xcode/DerivedData/Revolt-dharrjsambcimaaziudpvzjdcigm/Build/Products/Debug/PackageFrameworks -F /Users/harishvishwakarma/Library/Developer/Xcode/DerivedData/Revolt-dharrjsambcimaaziudpvzjdcigm/Build/Products/Debug/PackageFrameworks -F /Users/harishvishwakarma/Library/Developer/Xcode/DerivedData/Revolt-dharrjsambcimaaziudpvzjdcigm/Build/Products/Debug/PackageFrameworks -F /Users/harishvishwakarma/Library/Developer/Xcode/DerivedData/Revolt-dharrjsambcimaaziudpvzjdcigm/Build/Products/Debug -F /Applications/Xcode.app/Contents/Developer/Platforms/MacOSX.platform/Developer/Library/Frameworks -c -j12 -enable-batch-mode -incremental -Xcc -ivfsstatcache -Xcc /Users/harishvishwakarma/Library/Developer/Xcode/DerivedData/SDKStatCaches.noindex/macosx15.5-24F74-8254517eb8b97d462ccbc072ba9094c9.sdkstatcache -output-file-map /Users/harishvishwakarma/Library/Developer/Xcode/DerivedData/Revolt-dharrjsambcimaaziudpvzjdcigm/Build/Intermediates.noindex/swift-syntax.build/Debug/SwiftParserDiagnostics.build/Objects-normal/arm64/SwiftParserDiagnostics-OutputFileMap.json -use-frontend-parseable-output -save-temps -no-color-diagnostics -serialize-diagnostics -emit-dependencies -emit-module -emit-module-path /Users/harishvishwakarma/Library/Developer/Xcode/DerivedData/Revolt-dharrjsambcimaaziudpvzjdcigm/Build/Intermediates.noindex/swift-syntax.build/Debug/SwiftParserDiagnostics.build/Objects-normal/arm64/SwiftParserDiagnostics.swiftmodule -validate-clang-modules-once -clang-build-session-file /Users/harishvishwakarma/Library/Developer/Xcode/DerivedData/ModuleCache.noindex/Session.modulevalidation -Xcc -I/Users/harishvishwakarma/Library/Developer/Xcode/DerivedData/Revolt-dharrjsambcimaaziudpvzjdcigm/Build/Intermediates.noindex/swift-syntax.build/Debug/SwiftParserDiagnostics.build/swift-overrides.hmap -emit-const-values -Xfrontend -const-gather-protocols-file -Xfrontend /Users/harishvishwakarma/Library/Developer/Xcode/DerivedData/Revolt-dharrjsambcimaaziudpvzjdcigm/Build/Intermediates.noindex/swift-syntax.build/Debug/SwiftParserDiagnostics.build/Objects-normal/arm64/SwiftParserDiagnostics_const_extract_protocols.json -Xcc -I/Users/harishvishwakarma/Library/Developer/Xcode/DerivedData/Revolt-dharrjsambcimaaziudpvzjdcigm/Build/Products/Debug/include -Xcc -I/Users/harishvishwakarma/Library/Developer/Xcode/DerivedData/Revolt-dharrjsambcimaaziudpvzjdcigm/Build/Intermediates.noindex/swift-syntax.build/Debug/SwiftParserDiagnostics.build/DerivedSources-normal/arm64 -Xcc -I/Users/harishvishwakarma/Library/Developer/Xcode/DerivedData/Revolt-dharrjsambcimaaziudpvzjdcigm/Build/Intermediates.noindex/swift-syntax.build/Debug/SwiftParserDiagnostics.build/DerivedSources/arm64 -Xcc -I/Users/harishvishwakarma/Library/Developer/Xcode/DerivedData/Revolt-dharrjsambcimaaziudpvzjdcigm/Build/Intermediates.noindex/swift-syntax.build/Debug/SwiftParserDiagnostics.build/DerivedSources -Xcc -DSWIFT_PACKAGE -Xcc -DDEBUG\=1 -emit-objc-header -emit-objc-header-path /Users/harishvishwakarma/Library/Developer/Xcode/DerivedData/Revolt-dharrjsambcimaaziudpvzjdcigm/Build/Intermediates.noindex/swift-syntax.build/Debug/SwiftParserDiagnostics.build/Objects-normal/arm64/SwiftParserDiagnostics-Swift.h -working-directory /Users/harishvishwakarma/Handy/Archem/pepchat-ios/Revolt.xcodeproj -experimental-emit-module-separately -disable-cmo

SwiftDriver NavigationTransitions normal arm64 com.apple.xcode.tools.swift.compiler (in target 'NavigationTransitions' from project 'swiftui-navigation-transitions')
    cd /Users/harishvishwakarma/Handy/Archem/pepchat-ios/Revolt.xcodeproj
    builtin-SwiftDriver -- /Applications/Xcode.app/Contents/Developer/Toolchains/XcodeDefault.xctoolchain/usr/bin/swiftc -module-name NavigationTransitions -Onone -enforce-exclusivity\=checked @/Users/harishvishwakarma/Library/Developer/Xcode/DerivedData/Revolt-dharrjsambcimaaziudpvzjdcigm/Build/Intermediates.noindex/swiftui-navigation-transitions.build/Debug-iphoneos/NavigationTransitions.build/Objects-normal/arm64/NavigationTransitions.SwiftFileList -DSWIFT_PACKAGE -DDEBUG -DXcode -plugin-path /Applications/Xcode.app/Contents/Developer/Toolchains/XcodeDefault.xctoolchain/usr/lib/swift/host/plugins/testing -enable-experimental-feature DebugDescriptionMacro -sdk /Applications/Xcode.app/Contents/Developer/Platforms/iPhoneOS.platform/Developer/SDKs/iPhoneOS18.5.sdk -target arm64-apple-ios13.0 -g -module-cache-path /Users/harishvishwakarma/Library/Developer/Xcode/DerivedData/ModuleCache.noindex -Xfrontend -serialize-debugging-options -enable-testing -suppress-warnings -index-store-path /Users/harishvishwakarma/Library/Developer/Xcode/DerivedData/Revolt-dharrjsambcimaaziudpvzjdcigm/Index.noindex/DataStore -swift-version 5 -I /Users/harishvishwakarma/Library/Developer/Xcode/DerivedData/Revolt-dharrjsambcimaaziudpvzjdcigm/Build/Products/Debug-iphoneos -I /Applications/Xcode.app/Contents/Developer/Platforms/iPhoneOS.platform/Developer/usr/lib -F /Users/harishvishwakarma/Library/Developer/Xcode/DerivedData/Revolt-dharrjsambcimaaziudpvzjdcigm/Build/Products/Debug-iphoneos/PackageFrameworks -F /Users/harishvishwakarma/Library/Developer/Xcode/DerivedData/Revolt-dharrjsambcimaaziudpvzjdcigm/Build/Products/Debug-iphoneos/PackageFrameworks -F /Users/harishvishwakarma/Library/Developer/Xcode/DerivedData/Revolt-dharrjsambcimaaziudpvzjdcigm/Build/Products/Debug-iphoneos/PackageFrameworks -F /Users/harishvishwakarma/Library/Developer/Xcode/DerivedData/Revolt-dharrjsambcimaaziudpvzjdcigm/Build/Products/Debug-iphoneos/PackageFrameworks -F /Users/harishvishwakarma/Library/Developer/Xcode/DerivedData/Revolt-dharrjsambcimaaziudpvzjdcigm/Build/Products/Debug-iphoneos/PackageFrameworks -F /Users/harishvishwakarma/Library/Developer/Xcode/DerivedData/Revolt-dharrjsambcimaaziudpvzjdcigm/Build/Products/Debug-iphoneos/PackageFrameworks -F /Users/harishvishwakarma/Library/Developer/Xcode/DerivedData/Revolt-dharrjsambcimaaziudpvzjdcigm/Build/Products/Debug-iphoneos/PackageFrameworks -F /Users/harishvishwakarma/Library/Developer/Xcode/DerivedData/Revolt-dharrjsambcimaaziudpvzjdcigm/Build/Products/Debug-iphoneos -F /Applications/Xcode.app/Contents/Developer/Platforms/iPhoneOS.platform/Developer/Library/Frameworks -F /Applications/Xcode.app/Contents/Developer/Platforms/iPhoneOS.platform/Developer/SDKs/iPhoneOS18.5.sdk/Developer/Library/Frameworks -c -j12 -enable-batch-mode -incremental -Xcc -ivfsstatcache -Xcc /Users/harishvishwakarma/Library/Developer/Xcode/DerivedData/SDKStatCaches.noindex/iphoneos18.5-22F76-7fa4eea80a99bbfdc046826b63ec4baf.sdkstatcache -output-file-map /Users/harishvishwakarma/Library/Developer/Xcode/DerivedData/Revolt-dharrjsambcimaaziudpvzjdcigm/Build/Intermediates.noindex/swiftui-navigation-transitions.build/Debug-iphoneos/NavigationTransitions.build/Objects-normal/arm64/NavigationTransitions-OutputFileMap.json -use-frontend-parseable-output -save-temps -no-color-diagnostics -serialize-diagnostics -emit-dependencies -emit-module -emit-module-path /Users/harishvishwakarma/Library/Developer/Xcode/DerivedData/Revolt-dharrjsambcimaaziudpvzjdcigm/Build/Intermediates.noindex/swiftui-navigation-transitions.build/Debug-iphoneos/NavigationTransitions.build/Objects-normal/arm64/NavigationTransitions.swiftmodule -validate-clang-modules-once -clang-build-session-file /Users/harishvishwakarma/Library/Developer/Xcode/DerivedData/ModuleCache.noindex/Session.modulevalidation -package-name swiftui_navigation_transitions -Xcc -I/Users/harishvishwakarma/Library/Developer/Xcode/DerivedData/Revolt-dharrjsambcimaaziudpvzjdcigm/Build/Intermediates.noindex/swiftui-navigation-transitions.build/Debug-iphoneos/NavigationTransitions.build/swift-overrides.hmap -emit-const-values -Xfrontend -const-gather-protocols-file -Xfrontend /Users/harishvishwakarma/Library/Developer/Xcode/DerivedData/Revolt-dharrjsambcimaaziudpvzjdcigm/Build/Intermediates.noindex/swiftui-navigation-transitions.build/Debug-iphoneos/NavigationTransitions.build/Objects-normal/arm64/NavigationTransitions_const_extract_protocols.json -Xcc -I/Users/harishvishwakarma/Library/Developer/Xcode/DerivedData/Revolt-dharrjsambcimaaziudpvzjdcigm/Build/Products/Debug-iphoneos/include -Xcc -I/Users/harishvishwakarma/Library/Developer/Xcode/DerivedData/Revolt-dharrjsambcimaaziudpvzjdcigm/Build/Intermediates.noindex/swiftui-navigation-transitions.build/Debug-iphoneos/NavigationTransitions.build/DerivedSources-normal/arm64 -Xcc -I/Users/harishvishwakarma/Library/Developer/Xcode/DerivedData/Revolt-dharrjsambcimaaziudpvzjdcigm/Build/Intermediates.noindex/swiftui-navigation-transitions.build/Debug-iphoneos/NavigationTransitions.build/DerivedSources/arm64 -Xcc -I/Users/harishvishwakarma/Library/Developer/Xcode/DerivedData/Revolt-dharrjsambcimaaziudpvzjdcigm/Build/Intermediates.noindex/swiftui-navigation-transitions.build/Debug-iphoneos/NavigationTransitions.build/DerivedSources -Xcc -DSWIFT_PACKAGE -Xcc -DDEBUG\=1 -emit-objc-header -emit-objc-header-path /Users/harishvishwakarma/Library/Developer/Xcode/DerivedData/Revolt-dharrjsambcimaaziudpvzjdcigm/Build/Intermediates.noindex/swiftui-navigation-transitions.build/Debug-iphoneos/NavigationTransitions.build/Objects-normal/arm64/NavigationTransitions-Swift.h -working-directory /Users/harishvishwakarma/Handy/Archem/pepchat-ios/Revolt.xcodeproj -experimental-emit-module-separately -disable-cmo

SwiftEmitModule normal x86_64 Emitting\ module\ for\ SwiftParserDiagnostics (in target 'SwiftParserDiagnostics' from project 'swift-syntax')
EmitSwiftModule normal x86_64 (in target 'SwiftParserDiagnostics' from project 'swift-syntax')
    cd /Users/harishvishwakarma/Handy/Archem/pepchat-ios/Revolt.xcodeproj
    

SwiftCompile normal x86_64 Compiling\ PresenceUtils.swift /Users/harishvishwakarma/Library/Developer/Xcode/DerivedData/Revolt-dharrjsambcimaaziudpvzjdcigm/SourcePackages/checkouts/swift-syntax/Sources/SwiftParserDiagnostics/PresenceUtils.swift (in target 'SwiftParserDiagnostics' from project 'swift-syntax')
SwiftCompile normal x86_64 /Users/harishvishwakarma/Library/Developer/Xcode/DerivedData/Revolt-dharrjsambcimaaziudpvzjdcigm/SourcePackages/checkouts/swift-syntax/Sources/SwiftParserDiagnostics/PresenceUtils.swift (in target 'SwiftParserDiagnostics' from project 'swift-syntax')
    cd /Users/harishvishwakarma/Handy/Archem/pepchat-ios/Revolt.xcodeproj
    

SwiftEmitModule normal arm64 Emitting\ module\ for\ SwiftParserDiagnostics (in target 'SwiftParserDiagnostics' from project 'swift-syntax')
EmitSwiftModule normal arm64 (in target 'SwiftParserDiagnostics' from project 'swift-syntax')
    cd /Users/harishvishwakarma/Handy/Archem/pepchat-ios/Revolt.xcodeproj
    

SwiftDriverJobDiscovery normal arm64 Compiling SyntaxSynthesis.swift (in target 'SwiftOperators' from project 'swift-syntax')

SwiftEmitModule normal arm64 Emitting\ module\ for\ NavigationTransitions (in target 'NavigationTransitions' from project 'swiftui-navigation-transitions')
EmitSwiftModule normal arm64 (in target 'NavigationTransitions' from project 'swiftui-navigation-transitions')
    cd /Users/harishvishwakarma/Handy/Archem/pepchat-ios/Revolt.xcodeproj
    

SwiftDriverJobDiscovery normal x86_64 Compiling PrecedenceGroup.swift (in target 'SwiftOperators' from project 'swift-syntax')

SwiftCompile normal arm64 Compiling\ MissingNodesError.swift /Users/harishvishwakarma/Library/Developer/Xcode/DerivedData/Revolt-dharrjsambcimaaziudpvzjdcigm/SourcePackages/checkouts/swift-syntax/Sources/SwiftParserDiagnostics/MissingNodesError.swift (in target 'SwiftParserDiagnostics' from project 'swift-syntax')
SwiftCompile normal arm64 /Users/harishvishwakarma/Library/Developer/Xcode/DerivedData/Revolt-dharrjsambcimaaziudpvzjdcigm/SourcePackages/checkouts/swift-syntax/Sources/SwiftParserDiagnostics/MissingNodesError.swift (in target 'SwiftParserDiagnostics' from project 'swift-syntax')
    cd /Users/harishvishwakarma/Handy/Archem/pepchat-ios/Revolt.xcodeproj
    

SwiftDriverJobDiscovery normal arm64 Compiling Operator.swift (in target 'SwiftOperators' from project 'swift-syntax')

SwiftCompile normal x86_64 Compiling\ ChildNameForDiagnostics.swift /Users/harishvishwakarma/Library/Developer/Xcode/DerivedData/Revolt-dharrjsambcimaaziudpvzjdcigm/SourcePackages/checkouts/swift-syntax/Sources/SwiftParserDiagnostics/generated/ChildNameForDiagnostics.swift (in target 'SwiftParserDiagnostics' from project 'swift-syntax')

SwiftCompile normal x86_64 /Users/harishvishwakarma/Library/Developer/Xcode/DerivedData/Revolt-dharrjsambcimaaziudpvzjdcigm/SourcePackages/checkouts/swift-syntax/Sources/SwiftParserDiagnostics/generated/ChildNameForDiagnostics.swift (in target 'SwiftParserDiagnostics' from project 'swift-syntax')
    cd /Users/harishvishwakarma/Handy/Archem/pepchat-ios/Revolt.xcodeproj
    

SwiftDriverJobDiscovery normal x86_64 Compiling SyntaxSynthesis.swift (in target 'SwiftOperators' from project 'swift-syntax')

SwiftCompile normal arm64 Compiling\ ParseDiagnosticsGenerator.swift /Users/harishvishwakarma/Library/Developer/Xcode/DerivedData/Revolt-dharrjsambcimaaziudpvzjdcigm/SourcePackages/checkouts/swift-syntax/Sources/SwiftParserDiagnostics/ParseDiagnosticsGenerator.swift (in target 'SwiftParserDiagnostics' from project 'swift-syntax')
SwiftCompile normal arm64 /Users/harishvishwakarma/Library/Developer/Xcode/DerivedData/Revolt-dharrjsambcimaaziudpvzjdcigm/SourcePackages/checkouts/swift-syntax/Sources/SwiftParserDiagnostics/ParseDiagnosticsGenerator.swift (in target 'SwiftParserDiagnostics' from project 'swift-syntax')
    cd /Users/harishvishwakarma/Handy/Archem/pepchat-ios/Revolt.xcodeproj
    

SwiftDriverJobDiscovery normal arm64 Compiling OperatorError+Diagnostics.swift (in target 'SwiftOperators' from project 'swift-syntax')

SwiftCompile normal arm64 Compiling\ MultiLineStringLiteralDiagnosticsGenerator.swift /Users/harishvishwakarma/Library/Developer/Xcode/DerivedData/Revolt-dharrjsambcimaaziudpvzjdcigm/SourcePackages/checkouts/swift-syntax/Sources/SwiftParserDiagnostics/MultiLineStringLiteralDiagnosticsGenerator.swift (in target 'SwiftParserDiagnostics' from project 'swift-syntax')

SwiftCompile normal arm64 /Users/harishvishwakarma/Library/Developer/Xcode/DerivedData/Revolt-dharrjsambcimaaziudpvzjdcigm/SourcePackages/checkouts/swift-syntax/Sources/SwiftParserDiagnostics/MultiLineStringLiteralDiagnosticsGenerator.swift (in target 'SwiftParserDiagnostics' from project 'swift-syntax')
    cd /Users/harishvishwakarma/Handy/Archem/pepchat-ios/Revolt.xcodeproj
    

SwiftDriverJobDiscovery normal x86_64 Compiling OperatorTable+Defaults.swift (in target 'SwiftOperators' from project 'swift-syntax')

SwiftCompile normal x86_64 Compiling\ Utils.swift /Users/harishvishwakarma/Library/Developer/Xcode/DerivedData/Revolt-dharrjsambcimaaziudpvzjdcigm/SourcePackages/checkouts/swift-syntax/Sources/SwiftParserDiagnostics/Utils.swift (in target 'SwiftParserDiagnostics' from project 'swift-syntax')

SwiftCompile normal x86_64 /Users/harishvishwakarma/Library/Developer/Xcode/DerivedData/Revolt-dharrjsambcimaaziudpvzjdcigm/SourcePackages/checkouts/swift-syntax/Sources/SwiftParserDiagnostics/Utils.swift (in target 'SwiftParserDiagnostics' from project 'swift-syntax')
    cd /Users/harishvishwakarma/Handy/Archem/pepchat-ios/Revolt.xcodeproj
    

SwiftDriverJobDiscovery normal arm64 Compiling OperatorTable+Defaults.swift (in target 'SwiftOperators' from project 'swift-syntax')

SwiftCompile normal arm64 Compiling\ Utils.swift /Users/harishvishwakarma/Library/Developer/Xcode/DerivedData/Revolt-dharrjsambcimaaziudpvzjdcigm/SourcePackages/checkouts/swift-syntax/Sources/SwiftParserDiagnostics/Utils.swift (in target 'SwiftParserDiagnostics' from project 'swift-syntax')

SwiftCompile normal arm64 /Users/harishvishwakarma/Library/Developer/Xcode/DerivedData/Revolt-dharrjsambcimaaziudpvzjdcigm/SourcePackages/checkouts/swift-syntax/Sources/SwiftParserDiagnostics/Utils.swift (in target 'SwiftParserDiagnostics' from project 'swift-syntax')
    cd /Users/harishvishwakarma/Handy/Archem/pepchat-ios/Revolt.xcodeproj
    

SwiftDriverJobDiscovery normal arm64 Compiling OperatorTable+Semantics.swift (in target 'SwiftOperators' from project 'swift-syntax')

SwiftCompile normal arm64 Compiling\ TokenNameForDiagnostics.swift /Users/harishvishwakarma/Library/Developer/Xcode/DerivedData/Revolt-dharrjsambcimaaziudpvzjdcigm/SourcePackages/checkouts/swift-syntax/Sources/SwiftParserDiagnostics/generated/TokenNameForDiagnostics.swift (in target 'SwiftParserDiagnostics' from project 'swift-syntax')

SwiftCompile normal arm64 /Users/harishvishwakarma/Library/Developer/Xcode/DerivedData/Revolt-dharrjsambcimaaziudpvzjdcigm/SourcePackages/checkouts/swift-syntax/Sources/SwiftParserDiagnostics/generated/TokenNameForDiagnostics.swift (in target 'SwiftParserDiagnostics' from project 'swift-syntax')
    cd /Users/harishvishwakarma/Handy/Archem/pepchat-ios/Revolt.xcodeproj
    

SwiftDriverJobDiscovery normal arm64 Compiling PrecedenceGraph.swift (in target 'SwiftOperators' from project 'swift-syntax')

SwiftCompile normal arm64 Compiling\ ParserDiagnosticMessages.swift /Users/harishvishwakarma/Library/Developer/Xcode/DerivedData/Revolt-dharrjsambcimaaziudpvzjdcigm/SourcePackages/checkouts/swift-syntax/Sources/SwiftParserDiagnostics/ParserDiagnosticMessages.swift (in target 'SwiftParserDiagnostics' from project 'swift-syntax')

SwiftCompile normal arm64 /Users/harishvishwakarma/Library/Developer/Xcode/DerivedData/Revolt-dharrjsambcimaaziudpvzjdcigm/SourcePackages/checkouts/swift-syntax/Sources/SwiftParserDiagnostics/ParserDiagnosticMessages.swift (in target 'SwiftParserDiagnostics' from project 'swift-syntax')
    cd /Users/harishvishwakarma/Handy/Archem/pepchat-ios/Revolt.xcodeproj
    

SwiftDriverJobDiscovery normal x86_64 Compiling OperatorTable+Semantics.swift (in target 'SwiftOperators' from project 'swift-syntax')

SwiftCompile normal x86_64 Compiling\ DiagnosticExtensions.swift,\ LexerDiagnosticMessages.swift /Users/harishvishwakarma/Library/Developer/Xcode/DerivedData/Revolt-dharrjsambcimaaziudpvzjdcigm/SourcePackages/checkouts/swift-syntax/Sources/SwiftParserDiagnostics/DiagnosticExtensions.swift /Users/harishvishwakarma/Library/Developer/Xcode/DerivedData/Revolt-dharrjsambcimaaziudpvzjdcigm/SourcePackages/checkouts/swift-syntax/Sources/SwiftParserDiagnostics/LexerDiagnosticMessages.swift (in target 'SwiftParserDiagnostics' from project 'swift-syntax')
SwiftCompile normal x86_64 /Users/harishvishwakarma/Library/Developer/Xcode/DerivedData/Revolt-dharrjsambcimaaziudpvzjdcigm/SourcePackages/checkouts/swift-syntax/Sources/SwiftParserDiagnostics/DiagnosticExtensions.swift (in target 'SwiftParserDiagnostics' from project 'swift-syntax')
    cd /Users/harishvishwakarma/Handy/Archem/pepchat-ios/Revolt.xcodeproj
    

SwiftCompile normal x86_64 /Users/harishvishwakarma/Library/Developer/Xcode/DerivedData/Revolt-dharrjsambcimaaziudpvzjdcigm/SourcePackages/checkouts/swift-syntax/Sources/SwiftParserDiagnostics/LexerDiagnosticMessages.swift (in target 'SwiftParserDiagnostics' from project 'swift-syntax')
    cd /Users/harishvishwakarma/Handy/Archem/pepchat-ios/Revolt.xcodeproj
    

SwiftDriverJobDiscovery normal x86_64 Emitting module for SwiftParserDiagnostics (in target 'SwiftParserDiagnostics' from project 'swift-syntax')

SwiftDriver\ Compilation\ Requirements SwiftParserDiagnostics normal x86_64 com.apple.xcode.tools.swift.compiler (in target 'SwiftParserDiagnostics' from project 'swift-syntax')
    cd /Users/harishvishwakarma/Handy/Archem/pepchat-ios/Revolt.xcodeproj
    builtin-Swift-Compilation-Requirements -- /Applications/Xcode.app/Contents/Developer/Toolchains/XcodeDefault.xctoolchain/usr/bin/swiftc -module-name SwiftParserDiagnostics -Onone -enforce-exclusivity\=checked @/Users/harishvishwakarma/Library/Developer/Xcode/DerivedData/Revolt-dharrjsambcimaaziudpvzjdcigm/Build/Intermediates.noindex/swift-syntax.build/Debug/SwiftParserDiagnostics.build/Objects-normal/x86_64/SwiftParserDiagnostics.SwiftFileList -DSWIFT_PACKAGE -DDEBUG -DXcode -plugin-path /Applications/Xcode.app/Contents/Developer/Toolchains/XcodeDefault.xctoolchain/usr/lib/swift/host/plugins/testing -enable-experimental-feature DebugDescriptionMacro -sdk /Applications/Xcode.app/Contents/Developer/Platforms/MacOSX.platform/Developer/SDKs/MacOSX15.5.sdk -target x86_64-apple-macos10.15 -g -module-cache-path /Users/harishvishwakarma/Library/Developer/Xcode/DerivedData/ModuleCache.noindex -Xfrontend -serialize-debugging-options -enable-testing -suppress-warnings -index-store-path /Users/harishvishwakarma/Library/Developer/Xcode/DerivedData/Revolt-dharrjsambcimaaziudpvzjdcigm/Index.noindex/DataStore -swift-version 5 -I /Users/harishvishwakarma/Library/Developer/Xcode/DerivedData/Revolt-dharrjsambcimaaziudpvzjdcigm/Build/Products/Debug -I /Applications/Xcode.app/Contents/Developer/Platforms/MacOSX.platform/Developer/usr/lib -F /Users/harishvishwakarma/Library/Developer/Xcode/DerivedData/Revolt-dharrjsambcimaaziudpvzjdcigm/Build/Products/Debug/PackageFrameworks -F /Users/harishvishwakarma/Library/Developer/Xcode/DerivedData/Revolt-dharrjsambcimaaziudpvzjdcigm/Build/Products/Debug/PackageFrameworks -F /Users/harishvishwakarma/Library/Developer/Xcode/DerivedData/Revolt-dharrjsambcimaaziudpvzjdcigm/Build/Products/Debug/PackageFrameworks -F /Users/harishvishwakarma/Library/Developer/Xcode/DerivedData/Revolt-dharrjsambcimaaziudpvzjdcigm/Build/Products/Debug/PackageFrameworks -F /Users/harishvishwakarma/Library/Developer/Xcode/DerivedData/Revolt-dharrjsambcimaaziudpvzjdcigm/Build/Products/Debug/PackageFrameworks -F /Users/harishvishwakarma/Library/Developer/Xcode/DerivedData/Revolt-dharrjsambcimaaziudpvzjdcigm/Build/Products/Debug -F /Applications/Xcode.app/Contents/Developer/Platforms/MacOSX.platform/Developer/Library/Frameworks -c -j12 -enable-batch-mode -incremental -Xcc -ivfsstatcache -Xcc /Users/harishvishwakarma/Library/Developer/Xcode/DerivedData/SDKStatCaches.noindex/macosx15.5-24F74-8254517eb8b97d462ccbc072ba9094c9.sdkstatcache -output-file-map /Users/harishvishwakarma/Library/Developer/Xcode/DerivedData/Revolt-dharrjsambcimaaziudpvzjdcigm/Build/Intermediates.noindex/swift-syntax.build/Debug/SwiftParserDiagnostics.build/Objects-normal/x86_64/SwiftParserDiagnostics-OutputFileMap.json -use-frontend-parseable-output -save-temps -no-color-diagnostics -serialize-diagnostics -emit-dependencies -emit-module -emit-module-path /Users/harishvishwakarma/Library/Developer/Xcode/DerivedData/Revolt-dharrjsambcimaaziudpvzjdcigm/Build/Intermediates.noindex/swift-syntax.build/Debug/SwiftParserDiagnostics.build/Objects-normal/x86_64/SwiftParserDiagnostics.swiftmodule -validate-clang-modules-once -clang-build-session-file /Users/harishvishwakarma/Library/Developer/Xcode/DerivedData/ModuleCache.noindex/Session.modulevalidation -Xcc -I/Users/harishvishwakarma/Library/Developer/Xcode/DerivedData/Revolt-dharrjsambcimaaziudpvzjdcigm/Build/Intermediates.noindex/swift-syntax.build/Debug/SwiftParserDiagnostics.build/swift-overrides.hmap -emit-const-values -Xfrontend -const-gather-protocols-file -Xfrontend /Users/harishvishwakarma/Library/Developer/Xcode/DerivedData/Revolt-dharrjsambcimaaziudpvzjdcigm/Build/Intermediates.noindex/swift-syntax.build/Debug/SwiftParserDiagnostics.build/Objects-normal/x86_64/SwiftParserDiagnostics_const_extract_protocols.json -Xcc -I/Users/harishvishwakarma/Library/Developer/Xcode/DerivedData/Revolt-dharrjsambcimaaziudpvzjdcigm/Build/Products/Debug/include -Xcc -I/Users/harishvishwakarma/Library/Developer/Xcode/DerivedData/Revolt-dharrjsambcimaaziudpvzjdcigm/Build/Intermediates.noindex/swift-syntax.build/Debug/SwiftParserDiagnostics.build/DerivedSources-normal/x86_64 -Xcc -I/Users/harishvishwakarma/Library/Developer/Xcode/DerivedData/Revolt-dharrjsambcimaaziudpvzjdcigm/Build/Intermediates.noindex/swift-syntax.build/Debug/SwiftParserDiagnostics.build/DerivedSources/x86_64 -Xcc -I/Users/harishvishwakarma/Library/Developer/Xcode/DerivedData/Revolt-dharrjsambcimaaziudpvzjdcigm/Build/Intermediates.noindex/swift-syntax.build/Debug/SwiftParserDiagnostics.build/DerivedSources -Xcc -DSWIFT_PACKAGE -Xcc -DDEBUG\=1 -emit-objc-header -emit-objc-header-path /Users/harishvishwakarma/Library/Developer/Xcode/DerivedData/Revolt-dharrjsambcimaaziudpvzjdcigm/Build/Intermediates.noindex/swift-syntax.build/Debug/SwiftParserDiagnostics.build/Objects-normal/x86_64/SwiftParserDiagnostics-Swift.h -working-directory /Users/harishvishwakarma/Handy/Archem/pepchat-ios/Revolt.xcodeproj -experimental-emit-module-separately -disable-cmo

SwiftDriverJobDiscovery normal x86_64 Compiling PresenceUtils.swift (in target 'SwiftParserDiagnostics' from project 'swift-syntax')

SwiftCompile normal x86_64 Compiling\ ParserDiagnosticMessages.swift /Users/harishvishwakarma/Library/Developer/Xcode/DerivedData/Revolt-dharrjsambcimaaziudpvzjdcigm/SourcePackages/checkouts/swift-syntax/Sources/SwiftParserDiagnostics/ParserDiagnosticMessages.swift (in target 'SwiftParserDiagnostics' from project 'swift-syntax')

SwiftCompile normal x86_64 /Users/harishvishwakarma/Library/Developer/Xcode/DerivedData/Revolt-dharrjsambcimaaziudpvzjdcigm/SourcePackages/checkouts/swift-syntax/Sources/SwiftParserDiagnostics/ParserDiagnosticMessages.swift (in target 'SwiftParserDiagnostics' from project 'swift-syntax')
    cd /Users/harishvishwakarma/Handy/Archem/pepchat-ios/Revolt.xcodeproj
    

Copy /Users/harishvishwakarma/Library/Developer/Xcode/DerivedData/Revolt-dharrjsambcimaaziudpvzjdcigm/Build/Products/Debug/SwiftParserDiagnostics.swiftmodule/x86_64-apple-macos.swiftmodule /Users/harishvishwakarma/Library/Developer/Xcode/DerivedData/Revolt-dharrjsambcimaaziudpvzjdcigm/Build/Intermediates.noindex/swift-syntax.build/Debug/SwiftParserDiagnostics.build/Objects-normal/x86_64/SwiftParserDiagnostics.swiftmodule (in target 'SwiftParserDiagnostics' from project 'swift-syntax')
    cd /Users/harishvishwakarma/Library/Developer/Xcode/DerivedData/Revolt-dharrjsambcimaaziudpvzjdcigm/SourcePackages/checkouts/swift-syntax
    builtin-copy -exclude .DS_Store -exclude CVS -exclude .svn -exclude .git -exclude .hg -resolve-src-symlinks -rename /Users/harishvishwakarma/Library/Developer/Xcode/DerivedData/Revolt-dharrjsambcimaaziudpvzjdcigm/Build/Intermediates.noindex/swift-syntax.build/Debug/SwiftParserDiagnostics.build/Objects-normal/x86_64/SwiftParserDiagnostics.swiftmodule /Users/harishvishwakarma/Library/Developer/Xcode/DerivedData/Revolt-dharrjsambcimaaziudpvzjdcigm/Build/Products/Debug/SwiftParserDiagnostics.swiftmodule/x86_64-apple-macos.swiftmodule

SwiftDriverJobDiscovery normal arm64 Emitting module for SwiftParserDiagnostics (in target 'SwiftParserDiagnostics' from project 'swift-syntax')

SwiftDriver\ Compilation\ Requirements SwiftParserDiagnostics normal arm64 com.apple.xcode.tools.swift.compiler (in target 'SwiftParserDiagnostics' from project 'swift-syntax')
    cd /Users/harishvishwakarma/Handy/Archem/pepchat-ios/Revolt.xcodeproj
    builtin-Swift-Compilation-Requirements -- /Applications/Xcode.app/Contents/Developer/Toolchains/XcodeDefault.xctoolchain/usr/bin/swiftc -module-name SwiftParserDiagnostics -Onone -enforce-exclusivity\=checked @/Users/harishvishwakarma/Library/Developer/Xcode/DerivedData/Revolt-dharrjsambcimaaziudpvzjdcigm/Build/Intermediates.noindex/swift-syntax.build/Debug/SwiftParserDiagnostics.build/Objects-normal/arm64/SwiftParserDiagnostics.SwiftFileList -DSWIFT_PACKAGE -DDEBUG -DXcode -plugin-path /Applications/Xcode.app/Contents/Developer/Toolchains/XcodeDefault.xctoolchain/usr/lib/swift/host/plugins/testing -enable-experimental-feature DebugDescriptionMacro -sdk /Applications/Xcode.app/Contents/Developer/Platforms/MacOSX.platform/Developer/SDKs/MacOSX15.5.sdk -target arm64-apple-macos10.15 -g -module-cache-path /Users/harishvishwakarma/Library/Developer/Xcode/DerivedData/ModuleCache.noindex -Xfrontend -serialize-debugging-options -enable-testing -suppress-warnings -index-store-path /Users/harishvishwakarma/Library/Developer/Xcode/DerivedData/Revolt-dharrjsambcimaaziudpvzjdcigm/Index.noindex/DataStore -swift-version 5 -I /Users/harishvishwakarma/Library/Developer/Xcode/DerivedData/Revolt-dharrjsambcimaaziudpvzjdcigm/Build/Products/Debug -I /Applications/Xcode.app/Contents/Developer/Platforms/MacOSX.platform/Developer/usr/lib -F /Users/harishvishwakarma/Library/Developer/Xcode/DerivedData/Revolt-dharrjsambcimaaziudpvzjdcigm/Build/Products/Debug/PackageFrameworks -F /Users/harishvishwakarma/Library/Developer/Xcode/DerivedData/Revolt-dharrjsambcimaaziudpvzjdcigm/Build/Products/Debug/PackageFrameworks -F /Users/harishvishwakarma/Library/Developer/Xcode/DerivedData/Revolt-dharrjsambcimaaziudpvzjdcigm/Build/Products/Debug/PackageFrameworks -F /Users/harishvishwakarma/Library/Developer/Xcode/DerivedData/Revolt-dharrjsambcimaaziudpvzjdcigm/Build/Products/Debug/PackageFrameworks -F /Users/harishvishwakarma/Library/Developer/Xcode/DerivedData/Revolt-dharrjsambcimaaziudpvzjdcigm/Build/Products/Debug/PackageFrameworks -F /Users/harishvishwakarma/Library/Developer/Xcode/DerivedData/Revolt-dharrjsambcimaaziudpvzjdcigm/Build/Products/Debug -F /Applications/Xcode.app/Contents/Developer/Platforms/MacOSX.platform/Developer/Library/Frameworks -c -j12 -enable-batch-mode -incremental -Xcc -ivfsstatcache -Xcc /Users/harishvishwakarma/Library/Developer/Xcode/DerivedData/SDKStatCaches.noindex/macosx15.5-24F74-8254517eb8b97d462ccbc072ba9094c9.sdkstatcache -output-file-map /Users/harishvishwakarma/Library/Developer/Xcode/DerivedData/Revolt-dharrjsambcimaaziudpvzjdcigm/Build/Intermediates.noindex/swift-syntax.build/Debug/SwiftParserDiagnostics.build/Objects-normal/arm64/SwiftParserDiagnostics-OutputFileMap.json -use-frontend-parseable-output -save-temps -no-color-diagnostics -serialize-diagnostics -emit-dependencies -emit-module -emit-module-path /Users/harishvishwakarma/Library/Developer/Xcode/DerivedData/Revolt-dharrjsambcimaaziudpvzjdcigm/Build/Intermediates.noindex/swift-syntax.build/Debug/SwiftParserDiagnostics.build/Objects-normal/arm64/SwiftParserDiagnostics.swiftmodule -validate-clang-modules-once -clang-build-session-file /Users/harishvishwakarma/Library/Developer/Xcode/DerivedData/ModuleCache.noindex/Session.modulevalidation -Xcc -I/Users/harishvishwakarma/Library/Developer/Xcode/DerivedData/Revolt-dharrjsambcimaaziudpvzjdcigm/Build/Intermediates.noindex/swift-syntax.build/Debug/SwiftParserDiagnostics.build/swift-overrides.hmap -emit-const-values -Xfrontend -const-gather-protocols-file -Xfrontend /Users/harishvishwakarma/Library/Developer/Xcode/DerivedData/Revolt-dharrjsambcimaaziudpvzjdcigm/Build/Intermediates.noindex/swift-syntax.build/Debug/SwiftParserDiagnostics.build/Objects-normal/arm64/SwiftParserDiagnostics_const_extract_protocols.json -Xcc -I/Users/harishvishwakarma/Library/Developer/Xcode/DerivedData/Revolt-dharrjsambcimaaziudpvzjdcigm/Build/Products/Debug/include -Xcc -I/Users/harishvishwakarma/Library/Developer/Xcode/DerivedData/Revolt-dharrjsambcimaaziudpvzjdcigm/Build/Intermediates.noindex/swift-syntax.build/Debug/SwiftParserDiagnostics.build/DerivedSources-normal/arm64 -Xcc -I/Users/harishvishwakarma/Library/Developer/Xcode/DerivedData/Revolt-dharrjsambcimaaziudpvzjdcigm/Build/Intermediates.noindex/swift-syntax.build/Debug/SwiftParserDiagnostics.build/DerivedSources/arm64 -Xcc -I/Users/harishvishwakarma/Library/Developer/Xcode/DerivedData/Revolt-dharrjsambcimaaziudpvzjdcigm/Build/Intermediates.noindex/swift-syntax.build/Debug/SwiftParserDiagnostics.build/DerivedSources -Xcc -DSWIFT_PACKAGE -Xcc -DDEBUG\=1 -emit-objc-header -emit-objc-header-path /Users/harishvishwakarma/Library/Developer/Xcode/DerivedData/Revolt-dharrjsambcimaaziudpvzjdcigm/Build/Intermediates.noindex/swift-syntax.build/Debug/SwiftParserDiagnostics.build/Objects-normal/arm64/SwiftParserDiagnostics-Swift.h -working-directory /Users/harishvishwakarma/Handy/Archem/pepchat-ios/Revolt.xcodeproj -experimental-emit-module-separately -disable-cmo

Copy /Users/harishvishwakarma/Library/Developer/Xcode/DerivedData/Revolt-dharrjsambcimaaziudpvzjdcigm/Build/Products/Debug/SwiftParserDiagnostics.swiftmodule/x86_64-apple-macos.swiftdoc /Users/harishvishwakarma/Library/Developer/Xcode/DerivedData/Revolt-dharrjsambcimaaziudpvzjdcigm/Build/Intermediates.noindex/swift-syntax.build/Debug/SwiftParserDiagnostics.build/Objects-normal/x86_64/SwiftParserDiagnostics.swiftdoc (in target 'SwiftParserDiagnostics' from project 'swift-syntax')
    cd /Users/harishvishwakarma/Library/Developer/Xcode/DerivedData/Revolt-dharrjsambcimaaziudpvzjdcigm/SourcePackages/checkouts/swift-syntax
    builtin-copy -exclude .DS_Store -exclude CVS -exclude .svn -exclude .git -exclude .hg -resolve-src-symlinks -rename /Users/harishvishwakarma/Library/Developer/Xcode/DerivedData/Revolt-dharrjsambcimaaziudpvzjdcigm/Build/Intermediates.noindex/swift-syntax.build/Debug/SwiftParserDiagnostics.build/Objects-normal/x86_64/SwiftParserDiagnostics.swiftdoc /Users/harishvishwakarma/Library/Developer/Xcode/DerivedData/Revolt-dharrjsambcimaaziudpvzjdcigm/Build/Products/Debug/SwiftParserDiagnostics.swiftmodule/x86_64-apple-macos.swiftdoc

SwiftMergeGeneratedHeaders /Users/harishvishwakarma/Library/Developer/Xcode/DerivedData/Revolt-dharrjsambcimaaziudpvzjdcigm/Build/Intermediates.noindex/GeneratedModuleMaps/SwiftParserDiagnostics-Swift.h /Users/harishvishwakarma/Library/Developer/Xcode/DerivedData/Revolt-dharrjsambcimaaziudpvzjdcigm/Build/Intermediates.noindex/swift-syntax.build/Debug/SwiftParserDiagnostics.build/Objects-normal/arm64/SwiftParserDiagnostics-Swift.h /Users/harishvishwakarma/Library/Developer/Xcode/DerivedData/Revolt-dharrjsambcimaaziudpvzjdcigm/Build/Intermediates.noindex/swift-syntax.build/Debug/SwiftParserDiagnostics.build/Objects-normal/x86_64/SwiftParserDiagnostics-Swift.h (in target 'SwiftParserDiagnostics' from project 'swift-syntax')
    cd /Users/harishvishwakarma/Library/Developer/Xcode/DerivedData/Revolt-dharrjsambcimaaziudpvzjdcigm/SourcePackages/checkouts/swift-syntax
    builtin-swiftHeaderTool -arch arm64 /Users/harishvishwakarma/Library/Developer/Xcode/DerivedData/Revolt-dharrjsambcimaaziudpvzjdcigm/Build/Intermediates.noindex/swift-syntax.build/Debug/SwiftParserDiagnostics.build/Objects-normal/arm64/SwiftParserDiagnostics-Swift.h -arch x86_64 /Users/harishvishwakarma/Library/Developer/Xcode/DerivedData/Revolt-dharrjsambcimaaziudpvzjdcigm/Build/Intermediates.noindex/swift-syntax.build/Debug/SwiftParserDiagnostics.build/Objects-normal/x86_64/SwiftParserDiagnostics-Swift.h -o /Users/harishvishwakarma/Library/Developer/Xcode/DerivedData/Revolt-dharrjsambcimaaziudpvzjdcigm/Build/Intermediates.noindex/GeneratedModuleMaps/SwiftParserDiagnostics-Swift.h

Copy /Users/harishvishwakarma/Library/Developer/Xcode/DerivedData/Revolt-dharrjsambcimaaziudpvzjdcigm/Build/Products/Debug/SwiftParserDiagnostics.swiftmodule/x86_64-apple-macos.abi.json /Users/harishvishwakarma/Library/Developer/Xcode/DerivedData/Revolt-dharrjsambcimaaziudpvzjdcigm/Build/Intermediates.noindex/swift-syntax.build/Debug/SwiftParserDiagnostics.build/Objects-normal/x86_64/SwiftParserDiagnostics.abi.json (in target 'SwiftParserDiagnostics' from project 'swift-syntax')
    cd /Users/harishvishwakarma/Library/Developer/Xcode/DerivedData/Revolt-dharrjsambcimaaziudpvzjdcigm/SourcePackages/checkouts/swift-syntax
    builtin-copy -exclude .DS_Store -exclude CVS -exclude .svn -exclude .git -exclude .hg -resolve-src-symlinks -rename /Users/harishvishwakarma/Library/Developer/Xcode/DerivedData/Revolt-dharrjsambcimaaziudpvzjdcigm/Build/Intermediates.noindex/swift-syntax.build/Debug/SwiftParserDiagnostics.build/Objects-normal/x86_64/SwiftParserDiagnostics.abi.json /Users/harishvishwakarma/Library/Developer/Xcode/DerivedData/Revolt-dharrjsambcimaaziudpvzjdcigm/Build/Products/Debug/SwiftParserDiagnostics.swiftmodule/x86_64-apple-macos.abi.json

Copy /Users/harishvishwakarma/Library/Developer/Xcode/DerivedData/Revolt-dharrjsambcimaaziudpvzjdcigm/Build/Products/Debug/SwiftParserDiagnostics.swiftmodule/arm64-apple-macos.swiftmodule /Users/harishvishwakarma/Library/Developer/Xcode/DerivedData/Revolt-dharrjsambcimaaziudpvzjdcigm/Build/Intermediates.noindex/swift-syntax.build/Debug/SwiftParserDiagnostics.build/Objects-normal/arm64/SwiftParserDiagnostics.swiftmodule (in target 'SwiftParserDiagnostics' from project 'swift-syntax')
    cd /Users/harishvishwakarma/Library/Developer/Xcode/DerivedData/Revolt-dharrjsambcimaaziudpvzjdcigm/SourcePackages/checkouts/swift-syntax
    builtin-copy -exclude .DS_Store -exclude CVS -exclude .svn -exclude .git -exclude .hg -resolve-src-symlinks -rename /Users/harishvishwakarma/Library/Developer/Xcode/DerivedData/Revolt-dharrjsambcimaaziudpvzjdcigm/Build/Intermediates.noindex/swift-syntax.build/Debug/SwiftParserDiagnostics.build/Objects-normal/arm64/SwiftParserDiagnostics.swiftmodule /Users/harishvishwakarma/Library/Developer/Xcode/DerivedData/Revolt-dharrjsambcimaaziudpvzjdcigm/Build/Products/Debug/SwiftParserDiagnostics.swiftmodule/arm64-apple-macos.swiftmodule

Copy /Users/harishvishwakarma/Library/Developer/Xcode/DerivedData/Revolt-dharrjsambcimaaziudpvzjdcigm/Build/Products/Debug/SwiftParserDiagnostics.swiftmodule/arm64-apple-macos.swiftdoc /Users/harishvishwakarma/Library/Developer/Xcode/DerivedData/Revolt-dharrjsambcimaaziudpvzjdcigm/Build/Intermediates.noindex/swift-syntax.build/Debug/SwiftParserDiagnostics.build/Objects-normal/arm64/SwiftParserDiagnostics.swiftdoc (in target 'SwiftParserDiagnostics' from project 'swift-syntax')
    cd /Users/harishvishwakarma/Library/Developer/Xcode/DerivedData/Revolt-dharrjsambcimaaziudpvzjdcigm/SourcePackages/checkouts/swift-syntax
    builtin-copy -exclude .DS_Store -exclude CVS -exclude .svn -exclude .git -exclude .hg -resolve-src-symlinks -rename /Users/harishvishwakarma/Library/Developer/Xcode/DerivedData/Revolt-dharrjsambcimaaziudpvzjdcigm/Build/Intermediates.noindex/swift-syntax.build/Debug/SwiftParserDiagnostics.build/Objects-normal/arm64/SwiftParserDiagnostics.swiftdoc /Users/harishvishwakarma/Library/Developer/Xcode/DerivedData/Revolt-dharrjsambcimaaziudpvzjdcigm/Build/Products/Debug/SwiftParserDiagnostics.swiftmodule/arm64-apple-macos.swiftdoc

Copy /Users/harishvishwakarma/Library/Developer/Xcode/DerivedData/Revolt-dharrjsambcimaaziudpvzjdcigm/Build/Products/Debug/SwiftParserDiagnostics.swiftmodule/arm64-apple-macos.abi.json /Users/harishvishwakarma/Library/Developer/Xcode/DerivedData/Revolt-dharrjsambcimaaziudpvzjdcigm/Build/Intermediates.noindex/swift-syntax.build/Debug/SwiftParserDiagnostics.build/Objects-normal/arm64/SwiftParserDiagnostics.abi.json (in target 'SwiftParserDiagnostics' from project 'swift-syntax')
    cd /Users/harishvishwakarma/Library/Developer/Xcode/DerivedData/Revolt-dharrjsambcimaaziudpvzjdcigm/SourcePackages/checkouts/swift-syntax
    builtin-copy -exclude .DS_Store -exclude CVS -exclude .svn -exclude .git -exclude .hg -resolve-src-symlinks -rename /Users/harishvishwakarma/Library/Developer/Xcode/DerivedData/Revolt-dharrjsambcimaaziudpvzjdcigm/Build/Intermediates.noindex/swift-syntax.build/Debug/SwiftParserDiagnostics.build/Objects-normal/arm64/SwiftParserDiagnostics.abi.json /Users/harishvishwakarma/Library/Developer/Xcode/DerivedData/Revolt-dharrjsambcimaaziudpvzjdcigm/Build/Products/Debug/SwiftParserDiagnostics.swiftmodule/arm64-apple-macos.abi.json

Copy /Users/harishvishwakarma/Library/Developer/Xcode/DerivedData/Revolt-dharrjsambcimaaziudpvzjdcigm/Build/Products/Debug/SwiftParserDiagnostics.swiftmodule/Project/x86_64-apple-macos.swiftsourceinfo /Users/harishvishwakarma/Library/Developer/Xcode/DerivedData/Revolt-dharrjsambcimaaziudpvzjdcigm/Build/Intermediates.noindex/swift-syntax.build/Debug/SwiftParserDiagnostics.build/Objects-normal/x86_64/SwiftParserDiagnostics.swiftsourceinfo (in target 'SwiftParserDiagnostics' from project 'swift-syntax')
    cd /Users/harishvishwakarma/Library/Developer/Xcode/DerivedData/Revolt-dharrjsambcimaaziudpvzjdcigm/SourcePackages/checkouts/swift-syntax
    builtin-copy -exclude .DS_Store -exclude CVS -exclude .svn -exclude .git -exclude .hg -resolve-src-symlinks -rename /Users/harishvishwakarma/Library/Developer/Xcode/DerivedData/Revolt-dharrjsambcimaaziudpvzjdcigm/Build/Intermediates.noindex/swift-syntax.build/Debug/SwiftParserDiagnostics.build/Objects-normal/x86_64/SwiftParserDiagnostics.swiftsourceinfo /Users/harishvishwakarma/Library/Developer/Xcode/DerivedData/Revolt-dharrjsambcimaaziudpvzjdcigm/Build/Products/Debug/SwiftParserDiagnostics.swiftmodule/Project/x86_64-apple-macos.swiftsourceinfo

Copy /Users/harishvishwakarma/Library/Developer/Xcode/DerivedData/Revolt-dharrjsambcimaaziudpvzjdcigm/Build/Products/Debug/SwiftParserDiagnostics.swiftmodule/Project/arm64-apple-macos.swiftsourceinfo /Users/harishvishwakarma/Library/Developer/Xcode/DerivedData/Revolt-dharrjsambcimaaziudpvzjdcigm/Build/Intermediates.noindex/swift-syntax.build/Debug/SwiftParserDiagnostics.build/Objects-normal/arm64/SwiftParserDiagnostics.swiftsourceinfo (in target 'SwiftParserDiagnostics' from project 'swift-syntax')
    cd /Users/harishvishwakarma/Library/Developer/Xcode/DerivedData/Revolt-dharrjsambcimaaziudpvzjdcigm/SourcePackages/checkouts/swift-syntax
    builtin-copy -exclude .DS_Store -exclude CVS -exclude .svn -exclude .git -exclude .hg -resolve-src-symlinks -rename /Users/harishvishwakarma/Library/Developer/Xcode/DerivedData/Revolt-dharrjsambcimaaziudpvzjdcigm/Build/Intermediates.noindex/swift-syntax.build/Debug/SwiftParserDiagnostics.build/Objects-normal/arm64/SwiftParserDiagnostics.swiftsourceinfo /Users/harishvishwakarma/Library/Developer/Xcode/DerivedData/Revolt-dharrjsambcimaaziudpvzjdcigm/Build/Products/Debug/SwiftParserDiagnostics.swiftmodule/Project/arm64-apple-macos.swiftsourceinfo

SwiftCompile normal arm64 Compiling\ MissingTokenError.swift /Users/harishvishwakarma/Library/Developer/Xcode/DerivedData/Revolt-dharrjsambcimaaziudpvzjdcigm/SourcePackages/checkouts/swift-syntax/Sources/SwiftParserDiagnostics/MissingTokenError.swift (in target 'SwiftParserDiagnostics' from project 'swift-syntax')

SwiftCompile normal arm64 /Users/harishvishwakarma/Library/Developer/Xcode/DerivedData/Revolt-dharrjsambcimaaziudpvzjdcigm/SourcePackages/checkouts/swift-syntax/Sources/SwiftParserDiagnostics/MissingTokenError.swift (in target 'SwiftParserDiagnostics' from project 'swift-syntax')
    cd /Users/harishvishwakarma/Handy/Archem/pepchat-ios/Revolt.xcodeproj
    

SwiftCompile normal x86_64 Compiling\ MissingTokenError.swift /Users/harishvishwakarma/Library/Developer/Xcode/DerivedData/Revolt-dharrjsambcimaaziudpvzjdcigm/SourcePackages/checkouts/swift-syntax/Sources/SwiftParserDiagnostics/MissingTokenError.swift (in target 'SwiftParserDiagnostics' from project 'swift-syntax')

SwiftCompile normal x86_64 /Users/harishvishwakarma/Library/Developer/Xcode/DerivedData/Revolt-dharrjsambcimaaziudpvzjdcigm/SourcePackages/checkouts/swift-syntax/Sources/SwiftParserDiagnostics/MissingTokenError.swift (in target 'SwiftParserDiagnostics' from project 'swift-syntax')
    cd /Users/harishvishwakarma/Handy/Archem/pepchat-ios/Revolt.xcodeproj
    

SwiftDriverJobDiscovery normal arm64 Emitting module for NavigationTransitions (in target 'NavigationTransitions' from project 'swiftui-navigation-transitions')

SwiftDriver\ Compilation\ Requirements NavigationTransitions normal arm64 com.apple.xcode.tools.swift.compiler (in target 'NavigationTransitions' from project 'swiftui-navigation-transitions')
    cd /Users/harishvishwakarma/Handy/Archem/pepchat-ios/Revolt.xcodeproj
    builtin-Swift-Compilation-Requirements -- /Applications/Xcode.app/Contents/Developer/Toolchains/XcodeDefault.xctoolchain/usr/bin/swiftc -module-name NavigationTransitions -Onone -enforce-exclusivity\=checked @/Users/harishvishwakarma/Library/Developer/Xcode/DerivedData/Revolt-dharrjsambcimaaziudpvzjdcigm/Build/Intermediates.noindex/swiftui-navigation-transitions.build/Debug-iphoneos/NavigationTransitions.build/Objects-normal/arm64/NavigationTransitions.SwiftFileList -DSWIFT_PACKAGE -DDEBUG -DXcode -plugin-path /Applications/Xcode.app/Contents/Developer/Toolchains/XcodeDefault.xctoolchain/usr/lib/swift/host/plugins/testing -enable-experimental-feature DebugDescriptionMacro -sdk /Applications/Xcode.app/Contents/Developer/Platforms/iPhoneOS.platform/Developer/SDKs/iPhoneOS18.5.sdk -target arm64-apple-ios13.0 -g -module-cache-path /Users/harishvishwakarma/Library/Developer/Xcode/DerivedData/ModuleCache.noindex -Xfrontend -serialize-debugging-options -enable-testing -suppress-warnings -index-store-path /Users/harishvishwakarma/Library/Developer/Xcode/DerivedData/Revolt-dharrjsambcimaaziudpvzjdcigm/Index.noindex/DataStore -swift-version 5 -I /Users/harishvishwakarma/Library/Developer/Xcode/DerivedData/Revolt-dharrjsambcimaaziudpvzjdcigm/Build/Products/Debug-iphoneos -I /Applications/Xcode.app/Contents/Developer/Platforms/iPhoneOS.platform/Developer/usr/lib -F /Users/harishvishwakarma/Library/Developer/Xcode/DerivedData/Revolt-dharrjsambcimaaziudpvzjdcigm/Build/Products/Debug-iphoneos/PackageFrameworks -F /Users/harishvishwakarma/Library/Developer/Xcode/DerivedData/Revolt-dharrjsambcimaaziudpvzjdcigm/Build/Products/Debug-iphoneos/PackageFrameworks -F /Users/harishvishwakarma/Library/Developer/Xcode/DerivedData/Revolt-dharrjsambcimaaziudpvzjdcigm/Build/Products/Debug-iphoneos/PackageFrameworks -F /Users/harishvishwakarma/Library/Developer/Xcode/DerivedData/Revolt-dharrjsambcimaaziudpvzjdcigm/Build/Products/Debug-iphoneos/PackageFrameworks -F /Users/harishvishwakarma/Library/Developer/Xcode/DerivedData/Revolt-dharrjsambcimaaziudpvzjdcigm/Build/Products/Debug-iphoneos/PackageFrameworks -F /Users/harishvishwakarma/Library/Developer/Xcode/DerivedData/Revolt-dharrjsambcimaaziudpvzjdcigm/Build/Products/Debug-iphoneos/PackageFrameworks -F /Users/harishvishwakarma/Library/Developer/Xcode/DerivedData/Revolt-dharrjsambcimaaziudpvzjdcigm/Build/Products/Debug-iphoneos/PackageFrameworks -F /Users/harishvishwakarma/Library/Developer/Xcode/DerivedData/Revolt-dharrjsambcimaaziudpvzjdcigm/Build/Products/Debug-iphoneos -F /Applications/Xcode.app/Contents/Developer/Platforms/iPhoneOS.platform/Developer/Library/Frameworks -F /Applications/Xcode.app/Contents/Developer/Platforms/iPhoneOS.platform/Developer/SDKs/iPhoneOS18.5.sdk/Developer/Library/Frameworks -c -j12 -enable-batch-mode -incremental -Xcc -ivfsstatcache -Xcc /Users/harishvishwakarma/Library/Developer/Xcode/DerivedData/SDKStatCaches.noindex/iphoneos18.5-22F76-7fa4eea80a99bbfdc046826b63ec4baf.sdkstatcache -output-file-map /Users/harishvishwakarma/Library/Developer/Xcode/DerivedData/Revolt-dharrjsambcimaaziudpvzjdcigm/Build/Intermediates.noindex/swiftui-navigation-transitions.build/Debug-iphoneos/NavigationTransitions.build/Objects-normal/arm64/NavigationTransitions-OutputFileMap.json -use-frontend-parseable-output -save-temps -no-color-diagnostics -serialize-diagnostics -emit-dependencies -emit-module -emit-module-path /Users/harishvishwakarma/Library/Developer/Xcode/DerivedData/Revolt-dharrjsambcimaaziudpvzjdcigm/Build/Intermediates.noindex/swiftui-navigation-transitions.build/Debug-iphoneos/NavigationTransitions.build/Objects-normal/arm64/NavigationTransitions.swiftmodule -validate-clang-modules-once -clang-build-session-file /Users/harishvishwakarma/Library/Developer/Xcode/DerivedData/ModuleCache.noindex/Session.modulevalidation -package-name swiftui_navigation_transitions -Xcc -I/Users/harishvishwakarma/Library/Developer/Xcode/DerivedData/Revolt-dharrjsambcimaaziudpvzjdcigm/Build/Intermediates.noindex/swiftui-navigation-transitions.build/Debug-iphoneos/NavigationTransitions.build/swift-overrides.hmap -emit-const-values -Xfrontend -const-gather-protocols-file -Xfrontend /Users/harishvishwakarma/Library/Developer/Xcode/DerivedData/Revolt-dharrjsambcimaaziudpvzjdcigm/Build/Intermediates.noindex/swiftui-navigation-transitions.build/Debug-iphoneos/NavigationTransitions.build/Objects-normal/arm64/NavigationTransitions_const_extract_protocols.json -Xcc -I/Users/harishvishwakarma/Library/Developer/Xcode/DerivedData/Revolt-dharrjsambcimaaziudpvzjdcigm/Build/Products/Debug-iphoneos/include -Xcc -I/Users/harishvishwakarma/Library/Developer/Xcode/DerivedData/Revolt-dharrjsambcimaaziudpvzjdcigm/Build/Intermediates.noindex/swiftui-navigation-transitions.build/Debug-iphoneos/NavigationTransitions.build/DerivedSources-normal/arm64 -Xcc -I/Users/harishvishwakarma/Library/Developer/Xcode/DerivedData/Revolt-dharrjsambcimaaziudpvzjdcigm/Build/Intermediates.noindex/swiftui-navigation-transitions.build/Debug-iphoneos/NavigationTransitions.build/DerivedSources/arm64 -Xcc -I/Users/harishvishwakarma/Library/Developer/Xcode/DerivedData/Revolt-dharrjsambcimaaziudpvzjdcigm/Build/Intermediates.noindex/swiftui-navigation-transitions.build/Debug-iphoneos/NavigationTransitions.build/DerivedSources -Xcc -DSWIFT_PACKAGE -Xcc -DDEBUG\=1 -emit-objc-header -emit-objc-header-path /Users/harishvishwakarma/Library/Developer/Xcode/DerivedData/Revolt-dharrjsambcimaaziudpvzjdcigm/Build/Intermediates.noindex/swiftui-navigation-transitions.build/Debug-iphoneos/NavigationTransitions.build/Objects-normal/arm64/NavigationTransitions-Swift.h -working-directory /Users/harishvishwakarma/Handy/Archem/pepchat-ios/Revolt.xcodeproj -experimental-emit-module-separately -disable-cmo

SwiftDriverJobDiscovery normal x86_64 Compiling ChildNameForDiagnostics.swift (in target 'SwiftParserDiagnostics' from project 'swift-syntax')

SwiftCompile normal arm64 Compiling\ PresenceUtils.swift /Users/harishvishwakarma/Library/Developer/Xcode/DerivedData/Revolt-dharrjsambcimaaziudpvzjdcigm/SourcePackages/checkouts/swift-syntax/Sources/SwiftParserDiagnostics/PresenceUtils.swift (in target 'SwiftParserDiagnostics' from project 'swift-syntax')

SwiftCompile normal arm64 /Users/harishvishwakarma/Library/Developer/Xcode/DerivedData/Revolt-dharrjsambcimaaziudpvzjdcigm/SourcePackages/checkouts/swift-syntax/Sources/SwiftParserDiagnostics/PresenceUtils.swift (in target 'SwiftParserDiagnostics' from project 'swift-syntax')
    cd /Users/harishvishwakarma/Handy/Archem/pepchat-ios/Revolt.xcodeproj
    

SwiftMergeGeneratedHeaders /Users/harishvishwakarma/Library/Developer/Xcode/DerivedData/Revolt-dharrjsambcimaaziudpvzjdcigm/Build/Intermediates.noindex/GeneratedModuleMaps-iphoneos/NavigationTransitions-Swift.h /Users/harishvishwakarma/Library/Developer/Xcode/DerivedData/Revolt-dharrjsambcimaaziudpvzjdcigm/Build/Intermediates.noindex/swiftui-navigation-transitions.build/Debug-iphoneos/NavigationTransitions.build/Objects-normal/arm64/NavigationTransitions-Swift.h (in target 'NavigationTransitions' from project 'swiftui-navigation-transitions')
    cd /Users/harishvishwakarma/Library/Developer/Xcode/DerivedData/Revolt-dharrjsambcimaaziudpvzjdcigm/SourcePackages/checkouts/swiftui-navigation-transitions
    builtin-swiftHeaderTool -arch arm64 /Users/harishvishwakarma/Library/Developer/Xcode/DerivedData/Revolt-dharrjsambcimaaziudpvzjdcigm/Build/Intermediates.noindex/swiftui-navigation-transitions.build/Debug-iphoneos/NavigationTransitions.build/Objects-normal/arm64/NavigationTransitions-Swift.h -o /Users/harishvishwakarma/Library/Developer/Xcode/DerivedData/Revolt-dharrjsambcimaaziudpvzjdcigm/Build/Intermediates.noindex/GeneratedModuleMaps-iphoneos/NavigationTransitions-Swift.h

SwiftDriverJobDiscovery normal arm64 Compiling TokenNameForDiagnostics.swift (in target 'SwiftParserDiagnostics' from project 'swift-syntax')

Copy /Users/harishvishwakarma/Library/Developer/Xcode/DerivedData/Revolt-dharrjsambcimaaziudpvzjdcigm/Build/Products/Debug-iphoneos/NavigationTransitions.swiftmodule/arm64-apple-ios.swiftmodule /Users/harishvishwakarma/Library/Developer/Xcode/DerivedData/Revolt-dharrjsambcimaaziudpvzjdcigm/Build/Intermediates.noindex/swiftui-navigation-transitions.build/Debug-iphoneos/NavigationTransitions.build/Objects-normal/arm64/NavigationTransitions.swiftmodule (in target 'NavigationTransitions' from project 'swiftui-navigation-transitions')
    cd /Users/harishvishwakarma/Library/Developer/Xcode/DerivedData/Revolt-dharrjsambcimaaziudpvzjdcigm/SourcePackages/checkouts/swiftui-navigation-transitions
    builtin-copy -exclude .DS_Store -exclude CVS -exclude .svn -exclude .git -exclude .hg -resolve-src-symlinks -rename /Users/harishvishwakarma/Library/Developer/Xcode/DerivedData/Revolt-dharrjsambcimaaziudpvzjdcigm/Build/Intermediates.noindex/swiftui-navigation-transitions.build/Debug-iphoneos/NavigationTransitions.build/Objects-normal/arm64/NavigationTransitions.swiftmodule /Users/harishvishwakarma/Library/Developer/Xcode/DerivedData/Revolt-dharrjsambcimaaziudpvzjdcigm/Build/Products/Debug-iphoneos/NavigationTransitions.swiftmodule/arm64-apple-ios.swiftmodule

Copy /Users/harishvishwakarma/Library/Developer/Xcode/DerivedData/Revolt-dharrjsambcimaaziudpvzjdcigm/Build/Products/Debug-iphoneos/NavigationTransitions.swiftmodule/arm64-apple-ios.swiftdoc /Users/harishvishwakarma/Library/Developer/Xcode/DerivedData/Revolt-dharrjsambcimaaziudpvzjdcigm/Build/Intermediates.noindex/swiftui-navigation-transitions.build/Debug-iphoneos/NavigationTransitions.build/Objects-normal/arm64/NavigationTransitions.swiftdoc (in target 'NavigationTransitions' from project 'swiftui-navigation-transitions')
    cd /Users/harishvishwakarma/Library/Developer/Xcode/DerivedData/Revolt-dharrjsambcimaaziudpvzjdcigm/SourcePackages/checkouts/swiftui-navigation-transitions
    builtin-copy -exclude .DS_Store -exclude CVS -exclude .svn -exclude .git -exclude .hg -resolve-src-symlinks -rename /Users/harishvishwakarma/Library/Developer/Xcode/DerivedData/Revolt-dharrjsambcimaaziudpvzjdcigm/Build/Intermediates.noindex/swiftui-navigation-transitions.build/Debug-iphoneos/NavigationTransitions.build/Objects-normal/arm64/NavigationTransitions.swiftdoc /Users/harishvishwakarma/Library/Developer/Xcode/DerivedData/Revolt-dharrjsambcimaaziudpvzjdcigm/Build/Products/Debug-iphoneos/NavigationTransitions.swiftmodule/arm64-apple-ios.swiftdoc

Copy /Users/harishvishwakarma/Library/Developer/Xcode/DerivedData/Revolt-dharrjsambcimaaziudpvzjdcigm/Build/Products/Debug-iphoneos/NavigationTransitions.swiftmodule/arm64-apple-ios.abi.json /Users/harishvishwakarma/Library/Developer/Xcode/DerivedData/Revolt-dharrjsambcimaaziudpvzjdcigm/Build/Intermediates.noindex/swiftui-navigation-transitions.build/Debug-iphoneos/NavigationTransitions.build/Objects-normal/arm64/NavigationTransitions.abi.json (in target 'NavigationTransitions' from project 'swiftui-navigation-transitions')
    cd /Users/harishvishwakarma/Library/Developer/Xcode/DerivedData/Revolt-dharrjsambcimaaziudpvzjdcigm/SourcePackages/checkouts/swiftui-navigation-transitions
    builtin-copy -exclude .DS_Store -exclude CVS -exclude .svn -exclude .git -exclude .hg -resolve-src-symlinks -rename /Users/harishvishwakarma/Library/Developer/Xcode/DerivedData/Revolt-dharrjsambcimaaziudpvzjdcigm/Build/Intermediates.noindex/swiftui-navigation-transitions.build/Debug-iphoneos/NavigationTransitions.build/Objects-normal/arm64/NavigationTransitions.abi.json /Users/harishvishwakarma/Library/Developer/Xcode/DerivedData/Revolt-dharrjsambcimaaziudpvzjdcigm/Build/Products/Debug-iphoneos/NavigationTransitions.swiftmodule/arm64-apple-ios.abi.json

Copy /Users/harishvishwakarma/Library/Developer/Xcode/DerivedData/Revolt-dharrjsambcimaaziudpvzjdcigm/Build/Products/Debug-iphoneos/NavigationTransitions.swiftmodule/Project/arm64-apple-ios.swiftsourceinfo /Users/harishvishwakarma/Library/Developer/Xcode/DerivedData/Revolt-dharrjsambcimaaziudpvzjdcigm/Build/Intermediates.noindex/swiftui-navigation-transitions.build/Debug-iphoneos/NavigationTransitions.build/Objects-normal/arm64/NavigationTransitions.swiftsourceinfo (in target 'NavigationTransitions' from project 'swiftui-navigation-transitions')
    cd /Users/harishvishwakarma/Library/Developer/Xcode/DerivedData/Revolt-dharrjsambcimaaziudpvzjdcigm/SourcePackages/checkouts/swiftui-navigation-transitions
    builtin-copy -exclude .DS_Store -exclude CVS -exclude .svn -exclude .git -exclude .hg -resolve-src-symlinks -rename /Users/harishvishwakarma/Library/Developer/Xcode/DerivedData/Revolt-dharrjsambcimaaziudpvzjdcigm/Build/Intermediates.noindex/swiftui-navigation-transitions.build/Debug-iphoneos/NavigationTransitions.build/Objects-normal/arm64/NavigationTransitions.swiftsourceinfo /Users/harishvishwakarma/Library/Developer/Xcode/DerivedData/Revolt-dharrjsambcimaaziudpvzjdcigm/Build/Products/Debug-iphoneos/NavigationTransitions.swiftmodule/Project/arm64-apple-ios.swiftsourceinfo

SwiftCompile normal x86_64 Compiling\ MultiLineStringLiteralDiagnosticsGenerator.swift /Users/harishvishwakarma/Library/Developer/Xcode/DerivedData/Revolt-dharrjsambcimaaziudpvzjdcigm/SourcePackages/checkouts/swift-syntax/Sources/SwiftParserDiagnostics/MultiLineStringLiteralDiagnosticsGenerator.swift (in target 'SwiftParserDiagnostics' from project 'swift-syntax')
SwiftCompile normal x86_64 /Users/harishvishwakarma/Library/Developer/Xcode/DerivedData/Revolt-dharrjsambcimaaziudpvzjdcigm/SourcePackages/checkouts/swift-syntax/Sources/SwiftParserDiagnostics/MultiLineStringLiteralDiagnosticsGenerator.swift (in target 'SwiftParserDiagnostics' from project 'swift-syntax')
    cd /Users/harishvishwakarma/Handy/Archem/pepchat-ios/Revolt.xcodeproj
    

SwiftCompile normal x86_64 Compiling\ ParseDiagnosticsGenerator.swift /Users/harishvishwakarma/Library/Developer/Xcode/DerivedData/Revolt-dharrjsambcimaaziudpvzjdcigm/SourcePackages/checkouts/swift-syntax/Sources/SwiftParserDiagnostics/ParseDiagnosticsGenerator.swift (in target 'SwiftParserDiagnostics' from project 'swift-syntax')
SwiftCompile normal x86_64 /Users/harishvishwakarma/Library/Developer/Xcode/DerivedData/Revolt-dharrjsambcimaaziudpvzjdcigm/SourcePackages/checkouts/swift-syntax/Sources/SwiftParserDiagnostics/ParseDiagnosticsGenerator.swift (in target 'SwiftParserDiagnostics' from project 'swift-syntax')
    cd /Users/harishvishwakarma/Handy/Archem/pepchat-ios/Revolt.xcodeproj
    

SwiftDriverJobDiscovery normal x86_64 Compiling Utils.swift (in target 'SwiftParserDiagnostics' from project 'swift-syntax')

SwiftCompile normal x86_64 Compiling\ TokenNameForDiagnostics.swift /Users/harishvishwakarma/Library/Developer/Xcode/DerivedData/Revolt-dharrjsambcimaaziudpvzjdcigm/SourcePackages/checkouts/swift-syntax/Sources/SwiftParserDiagnostics/generated/TokenNameForDiagnostics.swift (in target 'SwiftParserDiagnostics' from project 'swift-syntax')

SwiftCompile normal x86_64 /Users/harishvishwakarma/Library/Developer/Xcode/DerivedData/Revolt-dharrjsambcimaaziudpvzjdcigm/SourcePackages/checkouts/swift-syntax/Sources/SwiftParserDiagnostics/generated/TokenNameForDiagnostics.swift (in target 'SwiftParserDiagnostics' from project 'swift-syntax')
    cd /Users/harishvishwakarma/Handy/Archem/pepchat-ios/Revolt.xcodeproj
    

SwiftDriverJobDiscovery normal arm64 Compiling Utils.swift (in target 'SwiftParserDiagnostics' from project 'swift-syntax')

SwiftCompile normal arm64 Compiling\ DiagnosticExtensions.swift,\ LexerDiagnosticMessages.swift /Users/harishvishwakarma/Library/Developer/Xcode/DerivedData/Revolt-dharrjsambcimaaziudpvzjdcigm/SourcePackages/checkouts/swift-syntax/Sources/SwiftParserDiagnostics/DiagnosticExtensions.swift /Users/harishvishwakarma/Library/Developer/Xcode/DerivedData/Revolt-dharrjsambcimaaziudpvzjdcigm/SourcePackages/checkouts/swift-syntax/Sources/SwiftParserDiagnostics/LexerDiagnosticMessages.swift (in target 'SwiftParserDiagnostics' from project 'swift-syntax')

SwiftCompile normal arm64 /Users/harishvishwakarma/Library/Developer/Xcode/DerivedData/Revolt-dharrjsambcimaaziudpvzjdcigm/SourcePackages/checkouts/swift-syntax/Sources/SwiftParserDiagnostics/DiagnosticExtensions.swift (in target 'SwiftParserDiagnostics' from project 'swift-syntax')
    cd /Users/harishvishwakarma/Handy/Archem/pepchat-ios/Revolt.xcodeproj
    

SwiftCompile normal arm64 /Users/harishvishwakarma/Library/Developer/Xcode/DerivedData/Revolt-dharrjsambcimaaziudpvzjdcigm/SourcePackages/checkouts/swift-syntax/Sources/SwiftParserDiagnostics/LexerDiagnosticMessages.swift (in target 'SwiftParserDiagnostics' from project 'swift-syntax')
    cd /Users/harishvishwakarma/Handy/Archem/pepchat-ios/Revolt.xcodeproj
    

SwiftDriverJobDiscovery normal arm64 Compiling MultiLineStringLiteralDiagnosticsGenerator.swift (in target 'SwiftParserDiagnostics' from project 'swift-syntax')

SwiftCompile normal arm64 Compiling\ SyntaxExtensions.swift /Users/harishvishwakarma/Library/Developer/Xcode/DerivedData/Revolt-dharrjsambcimaaziudpvzjdcigm/SourcePackages/checkouts/swift-syntax/Sources/SwiftParserDiagnostics/SyntaxExtensions.swift (in target 'SwiftParserDiagnostics' from project 'swift-syntax')

SwiftCompile normal arm64 /Users/harishvishwakarma/Library/Developer/Xcode/DerivedData/Revolt-dharrjsambcimaaziudpvzjdcigm/SourcePackages/checkouts/swift-syntax/Sources/SwiftParserDiagnostics/SyntaxExtensions.swift (in target 'SwiftParserDiagnostics' from project 'swift-syntax')
    cd /Users/harishvishwakarma/Handy/Archem/pepchat-ios/Revolt.xcodeproj
    

SwiftDriverJobDiscovery normal arm64 Compiling MissingNodesError.swift (in target 'SwiftParserDiagnostics' from project 'swift-syntax')

SwiftCompile normal x86_64 Compiling\ SyntaxExtensions.swift /Users/harishvishwakarma/Library/Developer/Xcode/DerivedData/Revolt-dharrjsambcimaaziudpvzjdcigm/SourcePackages/checkouts/swift-syntax/Sources/SwiftParserDiagnostics/SyntaxExtensions.swift (in target 'SwiftParserDiagnostics' from project 'swift-syntax')

SwiftCompile normal x86_64 /Users/harishvishwakarma/Library/Developer/Xcode/DerivedData/Revolt-dharrjsambcimaaziudpvzjdcigm/SourcePackages/checkouts/swift-syntax/Sources/SwiftParserDiagnostics/SyntaxExtensions.swift (in target 'SwiftParserDiagnostics' from project 'swift-syntax')
    cd /Users/harishvishwakarma/Handy/Archem/pepchat-ios/Revolt.xcodeproj
    

SwiftDriverJobDiscovery normal arm64 Compiling ParserDiagnosticMessages.swift (in target 'SwiftParserDiagnostics' from project 'swift-syntax')

SwiftCompile normal arm64 Compiling\ SyntaxKindNameForDiagnostics.swift /Users/harishvishwakarma/Library/Developer/Xcode/DerivedData/Revolt-dharrjsambcimaaziudpvzjdcigm/SourcePackages/checkouts/swift-syntax/Sources/SwiftParserDiagnostics/generated/SyntaxKindNameForDiagnostics.swift (in target 'SwiftParserDiagnostics' from project 'swift-syntax')

SwiftCompile normal arm64 /Users/harishvishwakarma/Library/Developer/Xcode/DerivedData/Revolt-dharrjsambcimaaziudpvzjdcigm/SourcePackages/checkouts/swift-syntax/Sources/SwiftParserDiagnostics/generated/SyntaxKindNameForDiagnostics.swift (in target 'SwiftParserDiagnostics' from project 'swift-syntax')
    cd /Users/harishvishwakarma/Handy/Archem/pepchat-ios/Revolt.xcodeproj
    

SwiftDriverJobDiscovery normal arm64 Compiling MissingTokenError.swift (in target 'SwiftParserDiagnostics' from project 'swift-syntax')

SwiftCompile normal arm64 Compiling\ ChildNameForDiagnostics.swift /Users/harishvishwakarma/Library/Developer/Xcode/DerivedData/Revolt-dharrjsambcimaaziudpvzjdcigm/SourcePackages/checkouts/swift-syntax/Sources/SwiftParserDiagnostics/generated/ChildNameForDiagnostics.swift (in target 'SwiftParserDiagnostics' from project 'swift-syntax')

SwiftCompile normal arm64 /Users/harishvishwakarma/Library/Developer/Xcode/DerivedData/Revolt-dharrjsambcimaaziudpvzjdcigm/SourcePackages/checkouts/swift-syntax/Sources/SwiftParserDiagnostics/generated/ChildNameForDiagnostics.swift (in target 'SwiftParserDiagnostics' from project 'swift-syntax')
    cd /Users/harishvishwakarma/Handy/Archem/pepchat-ios/Revolt.xcodeproj
    

SwiftDriverJobDiscovery normal x86_64 Compiling TokenNameForDiagnostics.swift (in target 'SwiftParserDiagnostics' from project 'swift-syntax')

SwiftCompile normal x86_64 Compiling\ MissingNodesError.swift /Users/harishvishwakarma/Library/Developer/Xcode/DerivedData/Revolt-dharrjsambcimaaziudpvzjdcigm/SourcePackages/checkouts/swift-syntax/Sources/SwiftParserDiagnostics/MissingNodesError.swift (in target 'SwiftParserDiagnostics' from project 'swift-syntax')
SwiftCompile normal x86_64 /Users/harishvishwakarma/Library/Developer/Xcode/DerivedData/Revolt-dharrjsambcimaaziudpvzjdcigm/SourcePackages/checkouts/swift-syntax/Sources/SwiftParserDiagnostics/MissingNodesError.swift (in target 'SwiftParserDiagnostics' from project 'swift-syntax')
    cd /Users/harishvishwakarma/Handy/Archem/pepchat-ios/Revolt.xcodeproj
    

SwiftDriverJobDiscovery normal arm64 Compiling ParseDiagnosticsGenerator.swift (in target 'SwiftParserDiagnostics' from project 'swift-syntax')

SwiftCompile normal x86_64 Compiling\ SyntaxKindNameForDiagnostics.swift /Users/harishvishwakarma/Library/Developer/Xcode/DerivedData/Revolt-dharrjsambcimaaziudpvzjdcigm/SourcePackages/checkouts/swift-syntax/Sources/SwiftParserDiagnostics/generated/SyntaxKindNameForDiagnostics.swift (in target 'SwiftParserDiagnostics' from project 'swift-syntax')

SwiftCompile normal x86_64 /Users/harishvishwakarma/Library/Developer/Xcode/DerivedData/Revolt-dharrjsambcimaaziudpvzjdcigm/SourcePackages/checkouts/swift-syntax/Sources/SwiftParserDiagnostics/generated/SyntaxKindNameForDiagnostics.swift (in target 'SwiftParserDiagnostics' from project 'swift-syntax')
    cd /Users/harishvishwakarma/Handy/Archem/pepchat-ios/Revolt.xcodeproj
    

SwiftDriverJobDiscovery normal x86_64 Compiling ParserDiagnosticMessages.swift (in target 'SwiftParserDiagnostics' from project 'swift-syntax')

SwiftDriver\ Compilation SwiftOperators normal x86_64 com.apple.xcode.tools.swift.compiler (in target 'SwiftOperators' from project 'swift-syntax')
    cd /Users/harishvishwakarma/Handy/Archem/pepchat-ios/Revolt.xcodeproj
    builtin-Swift-Compilation -- /Applications/Xcode.app/Contents/Developer/Toolchains/XcodeDefault.xctoolchain/usr/bin/swiftc -module-name SwiftOperators -Onone -enforce-exclusivity\=checked @/Users/harishvishwakarma/Library/Developer/Xcode/DerivedData/Revolt-dharrjsambcimaaziudpvzjdcigm/Build/Intermediates.noindex/swift-syntax.build/Debug/SwiftOperators.build/Objects-normal/x86_64/SwiftOperators.SwiftFileList -DSWIFT_PACKAGE -DDEBUG -DXcode -plugin-path /Applications/Xcode.app/Contents/Developer/Toolchains/XcodeDefault.xctoolchain/usr/lib/swift/host/plugins/testing -enable-experimental-feature DebugDescriptionMacro -sdk /Applications/Xcode.app/Contents/Developer/Platforms/MacOSX.platform/Developer/SDKs/MacOSX15.5.sdk -target x86_64-apple-macos10.15 -g -module-cache-path /Users/harishvishwakarma/Library/Developer/Xcode/DerivedData/ModuleCache.noindex -Xfrontend -serialize-debugging-options -enable-testing -suppress-warnings -index-store-path /Users/harishvishwakarma/Library/Developer/Xcode/DerivedData/Revolt-dharrjsambcimaaziudpvzjdcigm/Index.noindex/DataStore -swift-version 5 -I /Users/harishvishwakarma/Library/Developer/Xcode/DerivedData/Revolt-dharrjsambcimaaziudpvzjdcigm/Build/Products/Debug -I /Applications/Xcode.app/Contents/Developer/Platforms/MacOSX.platform/Developer/usr/lib -F /Users/harishvishwakarma/Library/Developer/Xcode/DerivedData/Revolt-dharrjsambcimaaziudpvzjdcigm/Build/Products/Debug/PackageFrameworks -F /Users/harishvishwakarma/Library/Developer/Xcode/DerivedData/Revolt-dharrjsambcimaaziudpvzjdcigm/Build/Products/Debug/PackageFrameworks -F /Users/harishvishwakarma/Library/Developer/Xcode/DerivedData/Revolt-dharrjsambcimaaziudpvzjdcigm/Build/Products/Debug/PackageFrameworks -F /Users/harishvishwakarma/Library/Developer/Xcode/DerivedData/Revolt-dharrjsambcimaaziudpvzjdcigm/Build/Products/Debug/PackageFrameworks -F /Users/harishvishwakarma/Library/Developer/Xcode/DerivedData/Revolt-dharrjsambcimaaziudpvzjdcigm/Build/Products/Debug -F /Applications/Xcode.app/Contents/Developer/Platforms/MacOSX.platform/Developer/Library/Frameworks -c -j12 -enable-batch-mode -incremental -Xcc -ivfsstatcache -Xcc /Users/harishvishwakarma/Library/Developer/Xcode/DerivedData/SDKStatCaches.noindex/macosx15.5-24F74-8254517eb8b97d462ccbc072ba9094c9.sdkstatcache -output-file-map /Users/harishvishwakarma/Library/Developer/Xcode/DerivedData/Revolt-dharrjsambcimaaziudpvzjdcigm/Build/Intermediates.noindex/swift-syntax.build/Debug/SwiftOperators.build/Objects-normal/x86_64/SwiftOperators-OutputFileMap.json -use-frontend-parseable-output -save-temps -no-color-diagnostics -serialize-diagnostics -emit-dependencies -emit-module -emit-module-path /Users/harishvishwakarma/Library/Developer/Xcode/DerivedData/Revolt-dharrjsambcimaaziudpvzjdcigm/Build/Intermediates.noindex/swift-syntax.build/Debug/SwiftOperators.build/Objects-normal/x86_64/SwiftOperators.swiftmodule -validate-clang-modules-once -clang-build-session-file /Users/harishvishwakarma/Library/Developer/Xcode/DerivedData/ModuleCache.noindex/Session.modulevalidation -Xcc -I/Users/harishvishwakarma/Library/Developer/Xcode/DerivedData/Revolt-dharrjsambcimaaziudpvzjdcigm/Build/Intermediates.noindex/swift-syntax.build/Debug/SwiftOperators.build/swift-overrides.hmap -emit-const-values -Xfrontend -const-gather-protocols-file -Xfrontend /Users/harishvishwakarma/Library/Developer/Xcode/DerivedData/Revolt-dharrjsambcimaaziudpvzjdcigm/Build/Intermediates.noindex/swift-syntax.build/Debug/SwiftOperators.build/Objects-normal/x86_64/SwiftOperators_const_extract_protocols.json -Xcc -I/Users/harishvishwakarma/Library/Developer/Xcode/DerivedData/Revolt-dharrjsambcimaaziudpvzjdcigm/Build/Products/Debug/include -Xcc -I/Users/harishvishwakarma/Library/Developer/Xcode/DerivedData/Revolt-dharrjsambcimaaziudpvzjdcigm/Build/Intermediates.noindex/swift-syntax.build/Debug/SwiftOperators.build/DerivedSources-normal/x86_64 -Xcc -I/Users/harishvishwakarma/Library/Developer/Xcode/DerivedData/Revolt-dharrjsambcimaaziudpvzjdcigm/Build/Intermediates.noindex/swift-syntax.build/Debug/SwiftOperators.build/DerivedSources/x86_64 -Xcc -I/Users/harishvishwakarma/Library/Developer/Xcode/DerivedData/Revolt-dharrjsambcimaaziudpvzjdcigm/Build/Intermediates.noindex/swift-syntax.build/Debug/SwiftOperators.build/DerivedSources -Xcc -DSWIFT_PACKAGE -Xcc -DDEBUG\=1 -emit-objc-header -emit-objc-header-path /Users/harishvishwakarma/Library/Developer/Xcode/DerivedData/Revolt-dharrjsambcimaaziudpvzjdcigm/Build/Intermediates.noindex/swift-syntax.build/Debug/SwiftOperators.build/Objects-normal/x86_64/SwiftOperators-Swift.h -working-directory /Users/harishvishwakarma/Handy/Archem/pepchat-ios/Revolt.xcodeproj -experimental-emit-module-separately -disable-cmo

SwiftDriverJobDiscovery normal arm64 Compiling PresenceUtils.swift (in target 'SwiftParserDiagnostics' from project 'swift-syntax')

SwiftDriver\ Compilation SwiftOperators normal arm64 com.apple.xcode.tools.swift.compiler (in target 'SwiftOperators' from project 'swift-syntax')
    cd /Users/harishvishwakarma/Handy/Archem/pepchat-ios/Revolt.xcodeproj
    builtin-Swift-Compilation -- /Applications/Xcode.app/Contents/Developer/Toolchains/XcodeDefault.xctoolchain/usr/bin/swiftc -module-name SwiftOperators -Onone -enforce-exclusivity\=checked @/Users/harishvishwakarma/Library/Developer/Xcode/DerivedData/Revolt-dharrjsambcimaaziudpvzjdcigm/Build/Intermediates.noindex/swift-syntax.build/Debug/SwiftOperators.build/Objects-normal/arm64/SwiftOperators.SwiftFileList -DSWIFT_PACKAGE -DDEBUG -DXcode -plugin-path /Applications/Xcode.app/Contents/Developer/Toolchains/XcodeDefault.xctoolchain/usr/lib/swift/host/plugins/testing -enable-experimental-feature DebugDescriptionMacro -sdk /Applications/Xcode.app/Contents/Developer/Platforms/MacOSX.platform/Developer/SDKs/MacOSX15.5.sdk -target arm64-apple-macos10.15 -g -module-cache-path /Users/harishvishwakarma/Library/Developer/Xcode/DerivedData/ModuleCache.noindex -Xfrontend -serialize-debugging-options -enable-testing -suppress-warnings -index-store-path /Users/harishvishwakarma/Library/Developer/Xcode/DerivedData/Revolt-dharrjsambcimaaziudpvzjdcigm/Index.noindex/DataStore -swift-version 5 -I /Users/harishvishwakarma/Library/Developer/Xcode/DerivedData/Revolt-dharrjsambcimaaziudpvzjdcigm/Build/Products/Debug -I /Applications/Xcode.app/Contents/Developer/Platforms/MacOSX.platform/Developer/usr/lib -F /Users/harishvishwakarma/Library/Developer/Xcode/DerivedData/Revolt-dharrjsambcimaaziudpvzjdcigm/Build/Products/Debug/PackageFrameworks -F /Users/harishvishwakarma/Library/Developer/Xcode/DerivedData/Revolt-dharrjsambcimaaziudpvzjdcigm/Build/Products/Debug/PackageFrameworks -F /Users/harishvishwakarma/Library/Developer/Xcode/DerivedData/Revolt-dharrjsambcimaaziudpvzjdcigm/Build/Products/Debug/PackageFrameworks -F /Users/harishvishwakarma/Library/Developer/Xcode/DerivedData/Revolt-dharrjsambcimaaziudpvzjdcigm/Build/Products/Debug/PackageFrameworks -F /Users/harishvishwakarma/Library/Developer/Xcode/DerivedData/Revolt-dharrjsambcimaaziudpvzjdcigm/Build/Products/Debug -F /Applications/Xcode.app/Contents/Developer/Platforms/MacOSX.platform/Developer/Library/Frameworks -c -j12 -enable-batch-mode -incremental -Xcc -ivfsstatcache -Xcc /Users/harishvishwakarma/Library/Developer/Xcode/DerivedData/SDKStatCaches.noindex/macosx15.5-24F74-8254517eb8b97d462ccbc072ba9094c9.sdkstatcache -output-file-map /Users/harishvishwakarma/Library/Developer/Xcode/DerivedData/Revolt-dharrjsambcimaaziudpvzjdcigm/Build/Intermediates.noindex/swift-syntax.build/Debug/SwiftOperators.build/Objects-normal/arm64/SwiftOperators-OutputFileMap.json -use-frontend-parseable-output -save-temps -no-color-diagnostics -serialize-diagnostics -emit-dependencies -emit-module -emit-module-path /Users/harishvishwakarma/Library/Developer/Xcode/DerivedData/Revolt-dharrjsambcimaaziudpvzjdcigm/Build/Intermediates.noindex/swift-syntax.build/Debug/SwiftOperators.build/Objects-normal/arm64/SwiftOperators.swiftmodule -validate-clang-modules-once -clang-build-session-file /Users/harishvishwakarma/Library/Developer/Xcode/DerivedData/ModuleCache.noindex/Session.modulevalidation -Xcc -I/Users/harishvishwakarma/Library/Developer/Xcode/DerivedData/Revolt-dharrjsambcimaaziudpvzjdcigm/Build/Intermediates.noindex/swift-syntax.build/Debug/SwiftOperators.build/swift-overrides.hmap -emit-const-values -Xfrontend -const-gather-protocols-file -Xfrontend /Users/harishvishwakarma/Library/Developer/Xcode/DerivedData/Revolt-dharrjsambcimaaziudpvzjdcigm/Build/Intermediates.noindex/swift-syntax.build/Debug/SwiftOperators.build/Objects-normal/arm64/SwiftOperators_const_extract_protocols.json -Xcc -I/Users/harishvishwakarma/Library/Developer/Xcode/DerivedData/Revolt-dharrjsambcimaaziudpvzjdcigm/Build/Products/Debug/include -Xcc -I/Users/harishvishwakarma/Library/Developer/Xcode/DerivedData/Revolt-dharrjsambcimaaziudpvzjdcigm/Build/Intermediates.noindex/swift-syntax.build/Debug/SwiftOperators.build/DerivedSources-normal/arm64 -Xcc -I/Users/harishvishwakarma/Library/Developer/Xcode/DerivedData/Revolt-dharrjsambcimaaziudpvzjdcigm/Build/Intermediates.noindex/swift-syntax.build/Debug/SwiftOperators.build/DerivedSources/arm64 -Xcc -I/Users/harishvishwakarma/Library/Developer/Xcode/DerivedData/Revolt-dharrjsambcimaaziudpvzjdcigm/Build/Intermediates.noindex/swift-syntax.build/Debug/SwiftOperators.build/DerivedSources -Xcc -DSWIFT_PACKAGE -Xcc -DDEBUG\=1 -emit-objc-header -emit-objc-header-path /Users/harishvishwakarma/Library/Developer/Xcode/DerivedData/Revolt-dharrjsambcimaaziudpvzjdcigm/Build/Intermediates.noindex/swift-syntax.build/Debug/SwiftOperators.build/Objects-normal/arm64/SwiftOperators-Swift.h -working-directory /Users/harishvishwakarma/Handy/Archem/pepchat-ios/Revolt.xcodeproj -experimental-emit-module-separately -disable-cmo

SwiftCompile normal arm64 Compiling\ NavigationTransition+SwiftUI.swift /Users/harishvishwakarma/Library/Developer/Xcode/DerivedData/Revolt-dharrjsambcimaaziudpvzjdcigm/SourcePackages/checkouts/swiftui-navigation-transitions/Sources/NavigationTransitions/NavigationTransition+SwiftUI.swift (in target 'NavigationTransitions' from project 'swiftui-navigation-transitions')

SwiftCompile normal arm64 /Users/harishvishwakarma/Library/Developer/Xcode/DerivedData/Revolt-dharrjsambcimaaziudpvzjdcigm/SourcePackages/checkouts/swiftui-navigation-transitions/Sources/NavigationTransitions/NavigationTransition+SwiftUI.swift (in target 'NavigationTransitions' from project 'swiftui-navigation-transitions')
    cd /Users/harishvishwakarma/Handy/Archem/pepchat-ios/Revolt.xcodeproj
    

SwiftCompile normal arm64 Compiling\ NavigationTransition+UIKit.swift /Users/harishvishwakarma/Library/Developer/Xcode/DerivedData/Revolt-dharrjsambcimaaziudpvzjdcigm/SourcePackages/checkouts/swiftui-navigation-transitions/Sources/NavigationTransitions/NavigationTransition+UIKit.swift (in target 'NavigationTransitions' from project 'swiftui-navigation-transitions')
SwiftCompile normal arm64 /Users/harishvishwakarma/Library/Developer/Xcode/DerivedData/Revolt-dharrjsambcimaaziudpvzjdcigm/SourcePackages/checkouts/swiftui-navigation-transitions/Sources/NavigationTransitions/NavigationTransition+UIKit.swift (in target 'NavigationTransitions' from project 'swiftui-navigation-transitions')
    cd /Users/harishvishwakarma/Handy/Archem/pepchat-ios/Revolt.xcodeproj
    

SwiftDriverJobDiscovery normal x86_64 Compiling MissingTokenError.swift (in target 'SwiftParserDiagnostics' from project 'swift-syntax')

SwiftCompile normal arm64 Compiling\ NavigationTransitionInteraction.swift /Users/harishvishwakarma/Library/Developer/Xcode/DerivedData/Revolt-dharrjsambcimaaziudpvzjdcigm/SourcePackages/checkouts/swiftui-navigation-transitions/Sources/NavigationTransitions/NavigationTransitionInteraction.swift (in target 'NavigationTransitions' from project 'swiftui-navigation-transitions')

SwiftCompile normal arm64 /Users/harishvishwakarma/Library/Developer/Xcode/DerivedData/Revolt-dharrjsambcimaaziudpvzjdcigm/SourcePackages/checkouts/swiftui-navigation-transitions/Sources/NavigationTransitions/NavigationTransitionInteraction.swift (in target 'NavigationTransitions' from project 'swiftui-navigation-transitions')
    cd /Users/harishvishwakarma/Handy/Archem/pepchat-ios/Revolt.xcodeproj
    

SwiftDriverJobDiscovery normal x86_64 Compiling DiagnosticExtensions.swift, LexerDiagnosticMessages.swift (in target 'SwiftParserDiagnostics' from project 'swift-syntax')

SwiftCompile normal arm64 Compiling\ RuntimeWarnings.swift /Users/harishvishwakarma/Library/Developer/Xcode/DerivedData/Revolt-dharrjsambcimaaziudpvzjdcigm/SourcePackages/checkouts/swiftui-navigation-transitions/Sources/NavigationTransitions/RuntimeWarnings.swift (in target 'NavigationTransitions' from project 'swiftui-navigation-transitions')

SwiftCompile normal arm64 /Users/harishvishwakarma/Library/Developer/Xcode/DerivedData/Revolt-dharrjsambcimaaziudpvzjdcigm/SourcePackages/checkouts/swiftui-navigation-transitions/Sources/NavigationTransitions/RuntimeWarnings.swift (in target 'NavigationTransitions' from project 'swiftui-navigation-transitions')
    cd /Users/harishvishwakarma/Handy/Archem/pepchat-ios/Revolt.xcodeproj
    

SwiftDriverJobDiscovery normal x86_64 Compiling MultiLineStringLiteralDiagnosticsGenerator.swift (in target 'SwiftParserDiagnostics' from project 'swift-syntax')

SwiftCompile normal arm64 Compiling\ _Exports.swift /Users/harishvishwakarma/Library/Developer/Xcode/DerivedData/Revolt-dharrjsambcimaaziudpvzjdcigm/SourcePackages/checkouts/swiftui-navigation-transitions/Sources/NavigationTransitions/_Exports.swift (in target 'NavigationTransitions' from project 'swiftui-navigation-transitions')

SwiftCompile normal arm64 /Users/harishvishwakarma/Library/Developer/Xcode/DerivedData/Revolt-dharrjsambcimaaziudpvzjdcigm/SourcePackages/checkouts/swiftui-navigation-transitions/Sources/NavigationTransitions/_Exports.swift (in target 'NavigationTransitions' from project 'swiftui-navigation-transitions')
    cd /Users/harishvishwakarma/Handy/Archem/pepchat-ios/Revolt.xcodeproj
    

SwiftDriverJobDiscovery normal arm64 Compiling SyntaxKindNameForDiagnostics.swift (in target 'SwiftParserDiagnostics' from project 'swift-syntax')

SwiftCompile normal arm64 Compiling\ NavigationTransitionDelegate.swift /Users/harishvishwakarma/Library/Developer/Xcode/DerivedData/Revolt-dharrjsambcimaaziudpvzjdcigm/SourcePackages/checkouts/swiftui-navigation-transitions/Sources/NavigationTransitions/NavigationTransitionDelegate.swift (in target 'NavigationTransitions' from project 'swiftui-navigation-transitions')
SwiftCompile normal arm64 /Users/harishvishwakarma/Library/Developer/Xcode/DerivedData/Revolt-dharrjsambcimaaziudpvzjdcigm/SourcePackages/checkouts/swiftui-navigation-transitions/Sources/NavigationTransitions/NavigationTransitionDelegate.swift (in target 'NavigationTransitions' from project 'swiftui-navigation-transitions')
    cd /Users/harishvishwakarma/Handy/Archem/pepchat-ios/Revolt.xcodeproj
    

SwiftDriverJobDiscovery normal arm64 Compiling SyntaxExtensions.swift (in target 'SwiftParserDiagnostics' from project 'swift-syntax')

ExtractAppIntentsMetadata (in target 'DequeModule' from project 'swift-collections')
    cd /Users/harishvishwakarma/Library/Developer/Xcode/DerivedData/Revolt-dharrjsambcimaaziudpvzjdcigm/SourcePackages/checkouts/swift-collections
    /Applications/Xcode.app/Contents/Developer/Toolchains/XcodeDefault.xctoolchain/usr/bin/appintentsmetadataprocessor --toolchain-dir /Applications/Xcode.app/Contents/Developer/Toolchains/XcodeDefault.xctoolchain --module-name DequeModule --sdk-root /Applications/Xcode.app/Contents/Developer/Platforms/iPhoneOS.platform/Developer/SDKs/iPhoneOS18.5.sdk --xcode-version 16F6 --platform-family iOS --deployment-target 12.0 --bundle-identifier swift-collections.DequeModule --output /Users/harishvishwakarma/Library/Developer/Xcode/DerivedData/Revolt-dharrjsambcimaaziudpvzjdcigm/Build/Products/Debug-iphoneos/DequeModule.appintents --target-triple arm64-apple-ios12.0 --binary-file /Users/harishvishwakarma/Library/Developer/Xcode/DerivedData/Revolt-dharrjsambcimaaziudpvzjdcigm/Build/Products/Debug-iphoneos/DequeModule.o --dependency-file /Users/harishvishwakarma/Library/Developer/Xcode/DerivedData/Revolt-dharrjsambcimaaziudpvzjdcigm/Build/Intermediates.noindex/swift-collections.build/Debug-iphoneos/DequeModule.build/Objects-normal/arm64/DequeModule_dependency_info.dat --stringsdata-file /Users/harishvishwakarma/Library/Developer/Xcode/DerivedData/Revolt-dharrjsambcimaaziudpvzjdcigm/Build/Intermediates.noindex/swift-collections.build/Debug-iphoneos/DequeModule.build/Objects-normal/arm64/ExtractedAppShortcutsMetadata.stringsdata --source-file-list /Users/harishvishwakarma/Library/Developer/Xcode/DerivedData/Revolt-dharrjsambcimaaziudpvzjdcigm/Build/Intermediates.noindex/swift-collections.build/Debug-iphoneos/DequeModule.build/Objects-normal/arm64/DequeModule.SwiftFileList --metadata-file-list /Users/harishvishwakarma/Library/Developer/Xcode/DerivedData/Revolt-dharrjsambcimaaziudpvzjdcigm/Build/Intermediates.noindex/swift-collections.build/Debug-iphoneos/DequeModule.build/DequeModule.DependencyMetadataFileList --static-metadata-file-list /Users/harishvishwakarma/Library/Developer/Xcode/DerivedData/Revolt-dharrjsambcimaaziudpvzjdcigm/Build/Intermediates.noindex/swift-collections.build/Debug-iphoneos/DequeModule.build/DequeModule.DependencyStaticMetadataFileList --swift-const-vals-list /Users/harishvishwakarma/Library/Developer/Xcode/DerivedData/Revolt-dharrjsambcimaaziudpvzjdcigm/Build/Intermediates.noindex/swift-collections.build/Debug-iphoneos/DequeModule.build/Objects-normal/arm64/DequeModule.SwiftConstValuesFileList --force --compile-time-extraction --deployment-aware-processing --validate-assistant-intents --no-app-shortcuts-localization
2026-01-08 18:38:41.305 appintentsmetadataprocessor[99780:1138874] Starting appintentsmetadataprocessor export
2026-01-08 18:38:41.380 appintentsmetadataprocessor[99780:1138874] Extracted no relevant App Intents symbols, skipping writing output

SwiftDriverJobDiscovery normal x86_64 Compiling SyntaxKindNameForDiagnostics.swift (in target 'SwiftParserDiagnostics' from project 'swift-syntax')

ExtractAppIntentsMetadata (in target 'BitCollections' from project 'swift-collections')
    cd /Users/harishvishwakarma/Library/Developer/Xcode/DerivedData/Revolt-dharrjsambcimaaziudpvzjdcigm/SourcePackages/checkouts/swift-collections
    /Applications/Xcode.app/Contents/Developer/Toolchains/XcodeDefault.xctoolchain/usr/bin/appintentsmetadataprocessor --toolchain-dir /Applications/Xcode.app/Contents/Developer/Toolchains/XcodeDefault.xctoolchain --module-name BitCollections --sdk-root /Applications/Xcode.app/Contents/Developer/Platforms/iPhoneOS.platform/Developer/SDKs/iPhoneOS18.5.sdk --xcode-version 16F6 --platform-family iOS --deployment-target 12.0 --bundle-identifier swift-collections.BitCollections --output /Users/harishvishwakarma/Library/Developer/Xcode/DerivedData/Revolt-dharrjsambcimaaziudpvzjdcigm/Build/Products/Debug-iphoneos/BitCollections.appintents --target-triple arm64-apple-ios12.0 --binary-file /Users/harishvishwakarma/Library/Developer/Xcode/DerivedData/Revolt-dharrjsambcimaaziudpvzjdcigm/Build/Products/Debug-iphoneos/BitCollections.o --dependency-file /Users/harishvishwakarma/Library/Developer/Xcode/DerivedData/Revolt-dharrjsambcimaaziudpvzjdcigm/Build/Intermediates.noindex/swift-collections.build/Debug-iphoneos/BitCollections.build/Objects-normal/arm64/BitCollections_dependency_info.dat --stringsdata-file /Users/harishvishwakarma/Library/Developer/Xcode/DerivedData/Revolt-dharrjsambcimaaziudpvzjdcigm/Build/Intermediates.noindex/swift-collections.build/Debug-iphoneos/BitCollections.build/Objects-normal/arm64/ExtractedAppShortcutsMetadata.stringsdata --source-file-list /Users/harishvishwakarma/Library/Developer/Xcode/DerivedData/Revolt-dharrjsambcimaaziudpvzjdcigm/Build/Intermediates.noindex/swift-collections.build/Debug-iphoneos/BitCollections.build/Objects-normal/arm64/BitCollections.SwiftFileList --metadata-file-list /Users/harishvishwakarma/Library/Developer/Xcode/DerivedData/Revolt-dharrjsambcimaaziudpvzjdcigm/Build/Intermediates.noindex/swift-collections.build/Debug-iphoneos/BitCollections.build/BitCollections.DependencyMetadataFileList --static-metadata-file-list /Users/harishvishwakarma/Library/Developer/Xcode/DerivedData/Revolt-dharrjsambcimaaziudpvzjdcigm/Build/Intermediates.noindex/swift-collections.build/Debug-iphoneos/BitCollections.build/BitCollections.DependencyStaticMetadataFileList --swift-const-vals-list /Users/harishvishwakarma/Library/Developer/Xcode/DerivedData/Revolt-dharrjsambcimaaziudpvzjdcigm/Build/Intermediates.noindex/swift-collections.build/Debug-iphoneos/BitCollections.build/Objects-normal/arm64/BitCollections.SwiftConstValuesFileList --force --compile-time-extraction --deployment-aware-processing --validate-assistant-intents --no-app-shortcuts-localization
2026-01-08 18:38:41.338 appintentsmetadataprocessor[99781:1138876] Starting appintentsmetadataprocessor export
2026-01-08 18:38:41.419 appintentsmetadataprocessor[99781:1138876] Extracted no relevant App Intents symbols, skipping writing output

SwiftDriverJobDiscovery normal arm64 Compiling DiagnosticExtensions.swift, LexerDiagnosticMessages.swift (in target 'SwiftParserDiagnostics' from project 'swift-syntax')

Ld /Users/harishvishwakarma/Library/Developer/Xcode/DerivedData/Revolt-dharrjsambcimaaziudpvzjdcigm/Build/Products/Debug-iphoneos/HCaptcha_RxSwift.o normal (in target 'HCaptcha_RxSwift' from project 'HCaptcha')
    cd /Users/harishvishwakarma/Library/Developer/Xcode/DerivedData/Revolt-dharrjsambcimaaziudpvzjdcigm/SourcePackages/checkouts/HCaptcha-ios-sdk
    /Applications/Xcode.app/Contents/Developer/Toolchains/XcodeDefault.xctoolchain/usr/bin/clang -Xlinker -reproducible -target arm64-apple-ios12.0 -r -isysroot /Applications/Xcode.app/Contents/Developer/Platforms/iPhoneOS.platform/Developer/SDKs/iPhoneOS18.5.sdk -O0 -w -L/Users/harishvishwakarma/Library/Developer/Xcode/DerivedData/Revolt-dharrjsambcimaaziudpvzjdcigm/Build/Intermediates.noindex/EagerLinkingTBDs/Debug-iphoneos -L/Users/harishvishwakarma/Library/Developer/Xcode/DerivedData/Revolt-dharrjsambcimaaziudpvzjdcigm/Build/Products/Debug-iphoneos -L/Applications/Xcode.app/Contents/Developer/Platforms/iPhoneOS.platform/Developer/usr/lib -F/Users/harishvishwakarma/Library/Developer/Xcode/DerivedData/Revolt-dharrjsambcimaaziudpvzjdcigm/Build/Intermediates.noindex/EagerLinkingTBDs/Debug-iphoneos -F/Users/harishvishwakarma/Library/Developer/Xcode/DerivedData/Revolt-dharrjsambcimaaziudpvzjdcigm/Build/Products/Debug-iphoneos/PackageFrameworks -F/Users/harishvishwakarma/Library/Developer/Xcode/DerivedData/Revolt-dharrjsambcimaaziudpvzjdcigm/Build/Products/Debug-iphoneos/PackageFrameworks -F/Users/harishvishwakarma/Library/Developer/Xcode/DerivedData/Revolt-dharrjsambcimaaziudpvzjdcigm/Build/Products/Debug-iphoneos -iframework /Applications/Xcode.app/Contents/Developer/Platforms/iPhoneOS.platform/Developer/Library/Frameworks -iframework /Applications/Xcode.app/Contents/Developer/Platforms/iPhoneOS.platform/Developer/SDKs/iPhoneOS18.5.sdk/Developer/Library/Frameworks -filelist /Users/harishvishwakarma/Library/Developer/Xcode/DerivedData/Revolt-dharrjsambcimaaziudpvzjdcigm/Build/Intermediates.noindex/HCaptcha.build/Debug-iphoneos/HCaptcha_RxSwift.build/Objects-normal/arm64/HCaptcha_RxSwift.LinkFileList -nostdlib -Xlinker -object_path_lto -Xlinker /Users/harishvishwakarma/Library/Developer/Xcode/DerivedData/Revolt-dharrjsambcimaaziudpvzjdcigm/Build/Intermediates.noindex/HCaptcha.build/Debug-iphoneos/HCaptcha_RxSwift.build/Objects-normal/arm64/HCaptcha_RxSwift_lto.o -rdynamic -Xlinker -no_deduplicate -Xlinker -dependency_info -Xlinker /Users/harishvishwakarma/Library/Developer/Xcode/DerivedData/Revolt-dharrjsambcimaaziudpvzjdcigm/Build/Intermediates.noindex/HCaptcha.build/Debug-iphoneos/HCaptcha_RxSwift.build/Objects-normal/arm64/HCaptcha_RxSwift_dependency_info.dat -fobjc-link-runtime -L/Applications/Xcode.app/Contents/Developer/Toolchains/XcodeDefault.xctoolchain/usr/lib/swift/iphoneos -L/usr/lib/swift -Xlinker -add_ast_path -Xlinker /Users/harishvishwakarma/Library/Developer/Xcode/DerivedData/Revolt-dharrjsambcimaaziudpvzjdcigm/Build/Intermediates.noindex/HCaptcha.build/Debug-iphoneos/HCaptcha_RxSwift.build/Objects-normal/arm64/HCaptcha_RxSwift.swiftmodule -o /Users/harishvishwakarma/Library/Developer/Xcode/DerivedData/Revolt-dharrjsambcimaaziudpvzjdcigm/Build/Products/Debug-iphoneos/HCaptcha_RxSwift.o

SwiftDriverJobDiscovery normal x86_64 Compiling SyntaxExtensions.swift (in target 'SwiftParserDiagnostics' from project 'swift-syntax')

SwiftDriverJobDiscovery normal arm64 Compiling ChildNameForDiagnostics.swift (in target 'SwiftParserDiagnostics' from project 'swift-syntax')

SwiftDriver\ Compilation SwiftParserDiagnostics normal arm64 com.apple.xcode.tools.swift.compiler (in target 'SwiftParserDiagnostics' from project 'swift-syntax')
    cd /Users/harishvishwakarma/Handy/Archem/pepchat-ios/Revolt.xcodeproj
    builtin-Swift-Compilation -- /Applications/Xcode.app/Contents/Developer/Toolchains/XcodeDefault.xctoolchain/usr/bin/swiftc -module-name SwiftParserDiagnostics -Onone -enforce-exclusivity\=checked @/Users/harishvishwakarma/Library/Developer/Xcode/DerivedData/Revolt-dharrjsambcimaaziudpvzjdcigm/Build/Intermediates.noindex/swift-syntax.build/Debug/SwiftParserDiagnostics.build/Objects-normal/arm64/SwiftParserDiagnostics.SwiftFileList -DSWIFT_PACKAGE -DDEBUG -DXcode -plugin-path /Applications/Xcode.app/Contents/Developer/Toolchains/XcodeDefault.xctoolchain/usr/lib/swift/host/plugins/testing -enable-experimental-feature DebugDescriptionMacro -sdk /Applications/Xcode.app/Contents/Developer/Platforms/MacOSX.platform/Developer/SDKs/MacOSX15.5.sdk -target arm64-apple-macos10.15 -g -module-cache-path /Users/harishvishwakarma/Library/Developer/Xcode/DerivedData/ModuleCache.noindex -Xfrontend -serialize-debugging-options -enable-testing -suppress-warnings -index-store-path /Users/harishvishwakarma/Library/Developer/Xcode/DerivedData/Revolt-dharrjsambcimaaziudpvzjdcigm/Index.noindex/DataStore -swift-version 5 -I /Users/harishvishwakarma/Library/Developer/Xcode/DerivedData/Revolt-dharrjsambcimaaziudpvzjdcigm/Build/Products/Debug -I /Applications/Xcode.app/Contents/Developer/Platforms/MacOSX.platform/Developer/usr/lib -F /Users/harishvishwakarma/Library/Developer/Xcode/DerivedData/Revolt-dharrjsambcimaaziudpvzjdcigm/Build/Products/Debug/PackageFrameworks -F /Users/harishvishwakarma/Library/Developer/Xcode/DerivedData/Revolt-dharrjsambcimaaziudpvzjdcigm/Build/Products/Debug/PackageFrameworks -F /Users/harishvishwakarma/Library/Developer/Xcode/DerivedData/Revolt-dharrjsambcimaaziudpvzjdcigm/Build/Products/Debug/PackageFrameworks -F /Users/harishvishwakarma/Library/Developer/Xcode/DerivedData/Revolt-dharrjsambcimaaziudpvzjdcigm/Build/Products/Debug/PackageFrameworks -F /Users/harishvishwakarma/Library/Developer/Xcode/DerivedData/Revolt-dharrjsambcimaaziudpvzjdcigm/Build/Products/Debug/PackageFrameworks -F /Users/harishvishwakarma/Library/Developer/Xcode/DerivedData/Revolt-dharrjsambcimaaziudpvzjdcigm/Build/Products/Debug -F /Applications/Xcode.app/Contents/Developer/Platforms/MacOSX.platform/Developer/Library/Frameworks -c -j12 -enable-batch-mode -incremental -Xcc -ivfsstatcache -Xcc /Users/harishvishwakarma/Library/Developer/Xcode/DerivedData/SDKStatCaches.noindex/macosx15.5-24F74-8254517eb8b97d462ccbc072ba9094c9.sdkstatcache -output-file-map /Users/harishvishwakarma/Library/Developer/Xcode/DerivedData/Revolt-dharrjsambcimaaziudpvzjdcigm/Build/Intermediates.noindex/swift-syntax.build/Debug/SwiftParserDiagnostics.build/Objects-normal/arm64/SwiftParserDiagnostics-OutputFileMap.json -use-frontend-parseable-output -save-temps -no-color-diagnostics -serialize-diagnostics -emit-dependencies -emit-module -emit-module-path /Users/harishvishwakarma/Library/Developer/Xcode/DerivedData/Revolt-dharrjsambcimaaziudpvzjdcigm/Build/Intermediates.noindex/swift-syntax.build/Debug/SwiftParserDiagnostics.build/Objects-normal/arm64/SwiftParserDiagnostics.swiftmodule -validate-clang-modules-once -clang-build-session-file /Users/harishvishwakarma/Library/Developer/Xcode/DerivedData/ModuleCache.noindex/Session.modulevalidation -Xcc -I/Users/harishvishwakarma/Library/Developer/Xcode/DerivedData/Revolt-dharrjsambcimaaziudpvzjdcigm/Build/Intermediates.noindex/swift-syntax.build/Debug/SwiftParserDiagnostics.build/swift-overrides.hmap -emit-const-values -Xfrontend -const-gather-protocols-file -Xfrontend /Users/harishvishwakarma/Library/Developer/Xcode/DerivedData/Revolt-dharrjsambcimaaziudpvzjdcigm/Build/Intermediates.noindex/swift-syntax.build/Debug/SwiftParserDiagnostics.build/Objects-normal/arm64/SwiftParserDiagnostics_const_extract_protocols.json -Xcc -I/Users/harishvishwakarma/Library/Developer/Xcode/DerivedData/Revolt-dharrjsambcimaaziudpvzjdcigm/Build/Products/Debug/include -Xcc -I/Users/harishvishwakarma/Library/Developer/Xcode/DerivedData/Revolt-dharrjsambcimaaziudpvzjdcigm/Build/Intermediates.noindex/swift-syntax.build/Debug/SwiftParserDiagnostics.build/DerivedSources-normal/arm64 -Xcc -I/Users/harishvishwakarma/Library/Developer/Xcode/DerivedData/Revolt-dharrjsambcimaaziudpvzjdcigm/Build/Intermediates.noindex/swift-syntax.build/Debug/SwiftParserDiagnostics.build/DerivedSources/arm64 -Xcc -I/Users/harishvishwakarma/Library/Developer/Xcode/DerivedData/Revolt-dharrjsambcimaaziudpvzjdcigm/Build/Intermediates.noindex/swift-syntax.build/Debug/SwiftParserDiagnostics.build/DerivedSources -Xcc -DSWIFT_PACKAGE -Xcc -DDEBUG\=1 -emit-objc-header -emit-objc-header-path /Users/harishvishwakarma/Library/Developer/Xcode/DerivedData/Revolt-dharrjsambcimaaziudpvzjdcigm/Build/Intermediates.noindex/swift-syntax.build/Debug/SwiftParserDiagnostics.build/Objects-normal/arm64/SwiftParserDiagnostics-Swift.h -working-directory /Users/harishvishwakarma/Handy/Archem/pepchat-ios/Revolt.xcodeproj -experimental-emit-module-separately -disable-cmo

Ld /Users/harishvishwakarma/Library/Developer/Xcode/DerivedData/Revolt-dharrjsambcimaaziudpvzjdcigm/Build/Products/Debug-iphoneos/AtomicTransition.o normal (in target 'AtomicTransition' from project 'swiftui-navigation-transitions')
    cd /Users/harishvishwakarma/Library/Developer/Xcode/DerivedData/Revolt-dharrjsambcimaaziudpvzjdcigm/SourcePackages/checkouts/swiftui-navigation-transitions
    /Applications/Xcode.app/Contents/Developer/Toolchains/XcodeDefault.xctoolchain/usr/bin/clang -Xlinker -reproducible -target arm64-apple-ios13.0 -r -isysroot /Applications/Xcode.app/Contents/Developer/Platforms/iPhoneOS.platform/Developer/SDKs/iPhoneOS18.5.sdk -O0 -w -L/Users/harishvishwakarma/Library/Developer/Xcode/DerivedData/Revolt-dharrjsambcimaaziudpvzjdcigm/Build/Intermediates.noindex/EagerLinkingTBDs/Debug-iphoneos -L/Users/harishvishwakarma/Library/Developer/Xcode/DerivedData/Revolt-dharrjsambcimaaziudpvzjdcigm/Build/Products/Debug-iphoneos -L/Applications/Xcode.app/Contents/Developer/Platforms/iPhoneOS.platform/Developer/usr/lib -F/Users/harishvishwakarma/Library/Developer/Xcode/DerivedData/Revolt-dharrjsambcimaaziudpvzjdcigm/Build/Intermediates.noindex/EagerLinkingTBDs/Debug-iphoneos -F/Users/harishvishwakarma/Library/Developer/Xcode/DerivedData/Revolt-dharrjsambcimaaziudpvzjdcigm/Build/Products/Debug-iphoneos/PackageFrameworks -F/Users/harishvishwakarma/Library/Developer/Xcode/DerivedData/Revolt-dharrjsambcimaaziudpvzjdcigm/Build/Products/Debug-iphoneos -iframework /Applications/Xcode.app/Contents/Developer/Platforms/iPhoneOS.platform/Developer/Library/Frameworks -iframework /Applications/Xcode.app/Contents/Developer/Platforms/iPhoneOS.platform/Developer/SDKs/iPhoneOS18.5.sdk/Developer/Library/Frameworks -filelist /Users/harishvishwakarma/Library/Developer/Xcode/DerivedData/Revolt-dharrjsambcimaaziudpvzjdcigm/Build/Intermediates.noindex/swiftui-navigation-transitions.build/Debug-iphoneos/AtomicTransition.build/Objects-normal/arm64/AtomicTransition.LinkFileList -nostdlib -Xlinker -object_path_lto -Xlinker /Users/harishvishwakarma/Library/Developer/Xcode/DerivedData/Revolt-dharrjsambcimaaziudpvzjdcigm/Build/Intermediates.noindex/swiftui-navigation-transitions.build/Debug-iphoneos/AtomicTransition.build/Objects-normal/arm64/AtomicTransition_lto.o -rdynamic -Xlinker -no_deduplicate -Xlinker -dependency_info -Xlinker /Users/harishvishwakarma/Library/Developer/Xcode/DerivedData/Revolt-dharrjsambcimaaziudpvzjdcigm/Build/Intermediates.noindex/swiftui-navigation-transitions.build/Debug-iphoneos/AtomicTransition.build/Objects-normal/arm64/AtomicTransition_dependency_info.dat -fobjc-link-runtime -L/Applications/Xcode.app/Contents/Developer/Toolchains/XcodeDefault.xctoolchain/usr/lib/swift/iphoneos -L/usr/lib/swift -Xlinker -add_ast_path -Xlinker /Users/harishvishwakarma/Library/Developer/Xcode/DerivedData/Revolt-dharrjsambcimaaziudpvzjdcigm/Build/Intermediates.noindex/swiftui-navigation-transitions.build/Debug-iphoneos/AtomicTransition.build/Objects-normal/arm64/AtomicTransition.swiftmodule -o /Users/harishvishwakarma/Library/Developer/Xcode/DerivedData/Revolt-dharrjsambcimaaziudpvzjdcigm/Build/Products/Debug-iphoneos/AtomicTransition.o

ExtractAppIntentsMetadata (in target 'NotificationService' from project 'Revolt')
    cd /Users/harishvishwakarma/Handy/Archem/pepchat-ios
    /Applications/Xcode.app/Contents/Developer/Toolchains/XcodeDefault.xctoolchain/usr/bin/appintentsmetadataprocessor --toolchain-dir /Applications/Xcode.app/Contents/Developer/Toolchains/XcodeDefault.xctoolchain --module-name NotificationService --sdk-root /Applications/Xcode.app/Contents/Developer/Platforms/iPhoneOS.platform/Developer/SDKs/iPhoneOS18.5.sdk --xcode-version 16F6 --platform-family iOS --deployment-target 18.0 --bundle-identifier chat.zeko.app.notifications --output /Users/harishvishwakarma/Library/Developer/Xcode/DerivedData/Revolt-dharrjsambcimaaziudpvzjdcigm/Build/Products/Debug-iphoneos/NotificationService.appex --target-triple arm64-apple-ios18.0 --binary-file /Users/harishvishwakarma/Library/Developer/Xcode/DerivedData/Revolt-dharrjsambcimaaziudpvzjdcigm/Build/Products/Debug-iphoneos/NotificationService.appex/NotificationService --dependency-file /Users/harishvishwakarma/Library/Developer/Xcode/DerivedData/Revolt-dharrjsambcimaaziudpvzjdcigm/Build/Intermediates.noindex/Revolt.build/Debug-iphoneos/NotificationService.build/Objects-normal/arm64/NotificationService_dependency_info.dat --stringsdata-file /Users/harishvishwakarma/Library/Developer/Xcode/DerivedData/Revolt-dharrjsambcimaaziudpvzjdcigm/Build/Intermediates.noindex/Revolt.build/Debug-iphoneos/NotificationService.build/Objects-normal/arm64/ExtractedAppShortcutsMetadata.stringsdata --source-file-list /Users/harishvishwakarma/Library/Developer/Xcode/DerivedData/Revolt-dharrjsambcimaaziudpvzjdcigm/Build/Intermediates.noindex/Revolt.build/Debug-iphoneos/NotificationService.build/Objects-normal/arm64/NotificationService.SwiftFileList --metadata-file-list /Users/harishvishwakarma/Library/Developer/Xcode/DerivedData/Revolt-dharrjsambcimaaziudpvzjdcigm/Build/Intermediates.noindex/Revolt.build/Debug-iphoneos/NotificationService.build/NotificationService.DependencyMetadataFileList --static-metadata-file-list /Users/harishvishwakarma/Library/Developer/Xcode/DerivedData/Revolt-dharrjsambcimaaziudpvzjdcigm/Build/Intermediates.noindex/Revolt.build/Debug-iphoneos/NotificationService.build/NotificationService.DependencyStaticMetadataFileList --swift-const-vals-list /Users/harishvishwakarma/Library/Developer/Xcode/DerivedData/Revolt-dharrjsambcimaaziudpvzjdcigm/Build/Intermediates.noindex/Revolt.build/Debug-iphoneos/NotificationService.build/Objects-normal/arm64/NotificationService.SwiftConstValuesFileList --compile-time-extraction --deployment-aware-processing --validate-assistant-intents --no-app-shortcuts-localization
2026-01-08 18:38:41.465 appintentsmetadataprocessor[99785:1138890] Starting appintentsmetadataprocessor export
2026-01-08 18:38:41.471 appintentsmetadataprocessor[99785:1138890] warning: Metadata extraction skipped. No AppIntents.framework dependency found.

RegisterExecutionPolicyException /Users/harishvishwakarma/Library/Developer/Xcode/DerivedData/Revolt-dharrjsambcimaaziudpvzjdcigm/Build/Products/Debug-iphoneos/Down.o (in target 'Down' from project 'Down')
    cd /Users/harishvishwakarma/Library/Developer/Xcode/DerivedData/Revolt-dharrjsambcimaaziudpvzjdcigm/SourcePackages/checkouts/Down
    builtin-RegisterExecutionPolicyException /Users/harishvishwakarma/Library/Developer/Xcode/DerivedData/Revolt-dharrjsambcimaaziudpvzjdcigm/Build/Products/Debug-iphoneos/Down.o

RegisterExecutionPolicyException /Users/harishvishwakarma/Library/Developer/Xcode/DerivedData/Revolt-dharrjsambcimaaziudpvzjdcigm/Build/Products/Debug-iphoneos/Alamofire.o (in target 'Alamofire' from project 'Alamofire')
    cd /Users/harishvishwakarma/Library/Developer/Xcode/DerivedData/Revolt-dharrjsambcimaaziudpvzjdcigm/SourcePackages/checkouts/Alamofire
    builtin-RegisterExecutionPolicyException /Users/harishvishwakarma/Library/Developer/Xcode/DerivedData/Revolt-dharrjsambcimaaziudpvzjdcigm/Build/Products/Debug-iphoneos/Alamofire.o

ExtractAppIntentsMetadata (in target 'HCaptcha_RxSwift' from project 'HCaptcha')
    cd /Users/harishvishwakarma/Library/Developer/Xcode/DerivedData/Revolt-dharrjsambcimaaziudpvzjdcigm/SourcePackages/checkouts/HCaptcha-ios-sdk
    /Applications/Xcode.app/Contents/Developer/Toolchains/XcodeDefault.xctoolchain/usr/bin/appintentsmetadataprocessor --toolchain-dir /Applications/Xcode.app/Contents/Developer/Toolchains/XcodeDefault.xctoolchain --module-name HCaptcha_RxSwift --sdk-root /Applications/Xcode.app/Contents/Developer/Platforms/iPhoneOS.platform/Developer/SDKs/iPhoneOS18.5.sdk --xcode-version 16F6 --platform-family iOS --deployment-target 12.0 --bundle-identifier hcaptcha-ios-sdk.HCaptcha-RxSwift --output /Users/harishvishwakarma/Library/Developer/Xcode/DerivedData/Revolt-dharrjsambcimaaziudpvzjdcigm/Build/Products/Debug-iphoneos/HCaptcha_RxSwift.appintents --target-triple arm64-apple-ios12.0 --binary-file /Users/harishvishwakarma/Library/Developer/Xcode/DerivedData/Revolt-dharrjsambcimaaziudpvzjdcigm/Build/Products/Debug-iphoneos/HCaptcha_RxSwift.o --dependency-file /Users/harishvishwakarma/Library/Developer/Xcode/DerivedData/Revolt-dharrjsambcimaaziudpvzjdcigm/Build/Intermediates.noindex/HCaptcha.build/Debug-iphoneos/HCaptcha_RxSwift.build/Objects-normal/arm64/HCaptcha_RxSwift_dependency_info.dat --stringsdata-file /Users/harishvishwakarma/Library/Developer/Xcode/DerivedData/Revolt-dharrjsambcimaaziudpvzjdcigm/Build/Intermediates.noindex/HCaptcha.build/Debug-iphoneos/HCaptcha_RxSwift.build/Objects-normal/arm64/ExtractedAppShortcutsMetadata.stringsdata --source-file-list /Users/harishvishwakarma/Library/Developer/Xcode/DerivedData/Revolt-dharrjsambcimaaziudpvzjdcigm/Build/Intermediates.noindex/HCaptcha.build/Debug-iphoneos/HCaptcha_RxSwift.build/Objects-normal/arm64/HCaptcha_RxSwift.SwiftFileList --metadata-file-list /Users/harishvishwakarma/Library/Developer/Xcode/DerivedData/Revolt-dharrjsambcimaaziudpvzjdcigm/Build/Intermediates.noindex/HCaptcha.build/Debug-iphoneos/HCaptcha_RxSwift.build/HCaptcha_RxSwift.DependencyMetadataFileList --static-metadata-file-list /Users/harishvishwakarma/Library/Developer/Xcode/DerivedData/Revolt-dharrjsambcimaaziudpvzjdcigm/Build/Intermediates.noindex/HCaptcha.build/Debug-iphoneos/HCaptcha_RxSwift.build/HCaptcha_RxSwift.DependencyStaticMetadataFileList --swift-const-vals-list /Users/harishvishwakarma/Library/Developer/Xcode/DerivedData/Revolt-dharrjsambcimaaziudpvzjdcigm/Build/Intermediates.noindex/HCaptcha.build/Debug-iphoneos/HCaptcha_RxSwift.build/Objects-normal/arm64/HCaptcha_RxSwift.SwiftConstValuesFileList --force --compile-time-extraction --deployment-aware-processing --validate-assistant-intents --no-app-shortcuts-localization
2026-01-08 18:38:41.507 appintentsmetadataprocessor[99787:1138912] Starting appintentsmetadataprocessor export
2026-01-08 18:38:41.579 appintentsmetadataprocessor[99787:1138912] Extracted no relevant App Intents symbols, skipping writing output

SwiftDriver SwiftSyntaxBuilder normal arm64 com.apple.xcode.tools.swift.compiler (in target 'SwiftSyntaxBuilder' from project 'swift-syntax')
    cd /Users/harishvishwakarma/Handy/Archem/pepchat-ios/Revolt.xcodeproj
    builtin-SwiftDriver -- /Applications/Xcode.app/Contents/Developer/Toolchains/XcodeDefault.xctoolchain/usr/bin/swiftc -module-name SwiftSyntaxBuilder -Onone -enforce-exclusivity\=checked @/Users/harishvishwakarma/Library/Developer/Xcode/DerivedData/Revolt-dharrjsambcimaaziudpvzjdcigm/Build/Intermediates.noindex/swift-syntax.build/Debug/SwiftSyntaxBuilder.build/Objects-normal/arm64/SwiftSyntaxBuilder.SwiftFileList -DSWIFT_PACKAGE -DDEBUG -DXcode -plugin-path /Applications/Xcode.app/Contents/Developer/Toolchains/XcodeDefault.xctoolchain/usr/lib/swift/host/plugins/testing -enable-experimental-feature DebugDescriptionMacro -sdk /Applications/Xcode.app/Contents/Developer/Platforms/MacOSX.platform/Developer/SDKs/MacOSX15.5.sdk -target arm64-apple-macos10.15 -g -module-cache-path /Users/harishvishwakarma/Library/Developer/Xcode/DerivedData/ModuleCache.noindex -Xfrontend -serialize-debugging-options -enable-testing -suppress-warnings -index-store-path /Users/harishvishwakarma/Library/Developer/Xcode/DerivedData/Revolt-dharrjsambcimaaziudpvzjdcigm/Index.noindex/DataStore -swift-version 5 -I /Users/harishvishwakarma/Library/Developer/Xcode/DerivedData/Revolt-dharrjsambcimaaziudpvzjdcigm/Build/Products/Debug -I /Applications/Xcode.app/Contents/Developer/Platforms/MacOSX.platform/Developer/usr/lib -F /Users/harishvishwakarma/Library/Developer/Xcode/DerivedData/Revolt-dharrjsambcimaaziudpvzjdcigm/Build/Products/Debug/PackageFrameworks -F /Users/harishvishwakarma/Library/Developer/Xcode/DerivedData/Revolt-dharrjsambcimaaziudpvzjdcigm/Build/Products/Debug/PackageFrameworks -F /Users/harishvishwakarma/Library/Developer/Xcode/DerivedData/Revolt-dharrjsambcimaaziudpvzjdcigm/Build/Products/Debug/PackageFrameworks -F /Users/harishvishwakarma/Library/Developer/Xcode/DerivedData/Revolt-dharrjsambcimaaziudpvzjdcigm/Build/Products/Debug/PackageFrameworks -F /Users/harishvishwakarma/Library/Developer/Xcode/DerivedData/Revolt-dharrjsambcimaaziudpvzjdcigm/Build/Products/Debug/PackageFrameworks -F /Users/harishvishwakarma/Library/Developer/Xcode/DerivedData/Revolt-dharrjsambcimaaziudpvzjdcigm/Build/Products/Debug/PackageFrameworks -F /Users/harishvishwakarma/Library/Developer/Xcode/DerivedData/Revolt-dharrjsambcimaaziudpvzjdcigm/Build/Products/Debug -F /Applications/Xcode.app/Contents/Developer/Platforms/MacOSX.platform/Developer/Library/Frameworks -c -j12 -enable-batch-mode -incremental -Xcc -ivfsstatcache -Xcc /Users/harishvishwakarma/Library/Developer/Xcode/DerivedData/SDKStatCaches.noindex/macosx15.5-24F74-8254517eb8b97d462ccbc072ba9094c9.sdkstatcache -output-file-map /Users/harishvishwakarma/Library/Developer/Xcode/DerivedData/Revolt-dharrjsambcimaaziudpvzjdcigm/Build/Intermediates.noindex/swift-syntax.build/Debug/SwiftSyntaxBuilder.build/Objects-normal/arm64/SwiftSyntaxBuilder-OutputFileMap.json -use-frontend-parseable-output -save-temps -no-color-diagnostics -serialize-diagnostics -emit-dependencies -emit-module -emit-module-path /Users/harishvishwakarma/Library/Developer/Xcode/DerivedData/Revolt-dharrjsambcimaaziudpvzjdcigm/Build/Intermediates.noindex/swift-syntax.build/Debug/SwiftSyntaxBuilder.build/Objects-normal/arm64/SwiftSyntaxBuilder.swiftmodule -validate-clang-modules-once -clang-build-session-file /Users/harishvishwakarma/Library/Developer/Xcode/DerivedData/ModuleCache.noindex/Session.modulevalidation -Xcc -I/Users/harishvishwakarma/Library/Developer/Xcode/DerivedData/Revolt-dharrjsambcimaaziudpvzjdcigm/Build/Intermediates.noindex/swift-syntax.build/Debug/SwiftSyntaxBuilder.build/swift-overrides.hmap -emit-const-values -Xfrontend -const-gather-protocols-file -Xfrontend /Users/harishvishwakarma/Library/Developer/Xcode/DerivedData/Revolt-dharrjsambcimaaziudpvzjdcigm/Build/Intermediates.noindex/swift-syntax.build/Debug/SwiftSyntaxBuilder.build/Objects-normal/arm64/SwiftSyntaxBuilder_const_extract_protocols.json -Xcc -I/Users/harishvishwakarma/Library/Developer/Xcode/DerivedData/Revolt-dharrjsambcimaaziudpvzjdcigm/Build/Products/Debug/include -Xcc -I/Users/harishvishwakarma/Library/Developer/Xcode/DerivedData/Revolt-dharrjsambcimaaziudpvzjdcigm/Build/Intermediates.noindex/swift-syntax.build/Debug/SwiftSyntaxBuilder.build/DerivedSources-normal/arm64 -Xcc -I/Users/harishvishwakarma/Library/Developer/Xcode/DerivedData/Revolt-dharrjsambcimaaziudpvzjdcigm/Build/Intermediates.noindex/swift-syntax.build/Debug/SwiftSyntaxBuilder.build/DerivedSources/arm64 -Xcc -I/Users/harishvishwakarma/Library/Developer/Xcode/DerivedData/Revolt-dharrjsambcimaaziudpvzjdcigm/Build/Intermediates.noindex/swift-syntax.build/Debug/SwiftSyntaxBuilder.build/DerivedSources -Xcc -DSWIFT_PACKAGE -Xcc -DDEBUG\=1 -emit-objc-header -emit-objc-header-path /Users/harishvishwakarma/Library/Developer/Xcode/DerivedData/Revolt-dharrjsambcimaaziudpvzjdcigm/Build/Intermediates.noindex/swift-syntax.build/Debug/SwiftSyntaxBuilder.build/Objects-normal/arm64/SwiftSyntaxBuilder-Swift.h -working-directory /Users/harishvishwakarma/Handy/Archem/pepchat-ios/Revolt.xcodeproj -experimental-emit-module-separately -disable-cmo

SwiftDriver SwiftSyntaxBuilder normal x86_64 com.apple.xcode.tools.swift.compiler (in target 'SwiftSyntaxBuilder' from project 'swift-syntax')
    cd /Users/harishvishwakarma/Handy/Archem/pepchat-ios/Revolt.xcodeproj
    builtin-SwiftDriver -- /Applications/Xcode.app/Contents/Developer/Toolchains/XcodeDefault.xctoolchain/usr/bin/swiftc -module-name SwiftSyntaxBuilder -Onone -enforce-exclusivity\=checked @/Users/harishvishwakarma/Library/Developer/Xcode/DerivedData/Revolt-dharrjsambcimaaziudpvzjdcigm/Build/Intermediates.noindex/swift-syntax.build/Debug/SwiftSyntaxBuilder.build/Objects-normal/x86_64/SwiftSyntaxBuilder.SwiftFileList -DSWIFT_PACKAGE -DDEBUG -DXcode -plugin-path /Applications/Xcode.app/Contents/Developer/Toolchains/XcodeDefault.xctoolchain/usr/lib/swift/host/plugins/testing -enable-experimental-feature DebugDescriptionMacro -sdk /Applications/Xcode.app/Contents/Developer/Platforms/MacOSX.platform/Developer/SDKs/MacOSX15.5.sdk -target x86_64-apple-macos10.15 -g -module-cache-path /Users/harishvishwakarma/Library/Developer/Xcode/DerivedData/ModuleCache.noindex -Xfrontend -serialize-debugging-options -enable-testing -suppress-warnings -index-store-path /Users/harishvishwakarma/Library/Developer/Xcode/DerivedData/Revolt-dharrjsambcimaaziudpvzjdcigm/Index.noindex/DataStore -swift-version 5 -I /Users/harishvishwakarma/Library/Developer/Xcode/DerivedData/Revolt-dharrjsambcimaaziudpvzjdcigm/Build/Products/Debug -I /Applications/Xcode.app/Contents/Developer/Platforms/MacOSX.platform/Developer/usr/lib -F /Users/harishvishwakarma/Library/Developer/Xcode/DerivedData/Revolt-dharrjsambcimaaziudpvzjdcigm/Build/Products/Debug/PackageFrameworks -F /Users/harishvishwakarma/Library/Developer/Xcode/DerivedData/Revolt-dharrjsambcimaaziudpvzjdcigm/Build/Products/Debug/PackageFrameworks -F /Users/harishvishwakarma/Library/Developer/Xcode/DerivedData/Revolt-dharrjsambcimaaziudpvzjdcigm/Build/Products/Debug/PackageFrameworks -F /Users/harishvishwakarma/Library/Developer/Xcode/DerivedData/Revolt-dharrjsambcimaaziudpvzjdcigm/Build/Products/Debug/PackageFrameworks -F /Users/harishvishwakarma/Library/Developer/Xcode/DerivedData/Revolt-dharrjsambcimaaziudpvzjdcigm/Build/Products/Debug/PackageFrameworks -F /Users/harishvishwakarma/Library/Developer/Xcode/DerivedData/Revolt-dharrjsambcimaaziudpvzjdcigm/Build/Products/Debug/PackageFrameworks -F /Users/harishvishwakarma/Library/Developer/Xcode/DerivedData/Revolt-dharrjsambcimaaziudpvzjdcigm/Build/Products/Debug -F /Applications/Xcode.app/Contents/Developer/Platforms/MacOSX.platform/Developer/Library/Frameworks -c -j12 -enable-batch-mode -incremental -Xcc -ivfsstatcache -Xcc /Users/harishvishwakarma/Library/Developer/Xcode/DerivedData/SDKStatCaches.noindex/macosx15.5-24F74-8254517eb8b97d462ccbc072ba9094c9.sdkstatcache -output-file-map /Users/harishvishwakarma/Library/Developer/Xcode/DerivedData/Revolt-dharrjsambcimaaziudpvzjdcigm/Build/Intermediates.noindex/swift-syntax.build/Debug/SwiftSyntaxBuilder.build/Objects-normal/x86_64/SwiftSyntaxBuilder-OutputFileMap.json -use-frontend-parseable-output -save-temps -no-color-diagnostics -serialize-diagnostics -emit-dependencies -emit-module -emit-module-path /Users/harishvishwakarma/Library/Developer/Xcode/DerivedData/Revolt-dharrjsambcimaaziudpvzjdcigm/Build/Intermediates.noindex/swift-syntax.build/Debug/SwiftSyntaxBuilder.build/Objects-normal/x86_64/SwiftSyntaxBuilder.swiftmodule -validate-clang-modules-once -clang-build-session-file /Users/harishvishwakarma/Library/Developer/Xcode/DerivedData/ModuleCache.noindex/Session.modulevalidation -Xcc -I/Users/harishvishwakarma/Library/Developer/Xcode/DerivedData/Revolt-dharrjsambcimaaziudpvzjdcigm/Build/Intermediates.noindex/swift-syntax.build/Debug/SwiftSyntaxBuilder.build/swift-overrides.hmap -emit-const-values -Xfrontend -const-gather-protocols-file -Xfrontend /Users/harishvishwakarma/Library/Developer/Xcode/DerivedData/Revolt-dharrjsambcimaaziudpvzjdcigm/Build/Intermediates.noindex/swift-syntax.build/Debug/SwiftSyntaxBuilder.build/Objects-normal/x86_64/SwiftSyntaxBuilder_const_extract_protocols.json -Xcc -I/Users/harishvishwakarma/Library/Developer/Xcode/DerivedData/Revolt-dharrjsambcimaaziudpvzjdcigm/Build/Products/Debug/include -Xcc -I/Users/harishvishwakarma/Library/Developer/Xcode/DerivedData/Revolt-dharrjsambcimaaziudpvzjdcigm/Build/Intermediates.noindex/swift-syntax.build/Debug/SwiftSyntaxBuilder.build/DerivedSources-normal/x86_64 -Xcc -I/Users/harishvishwakarma/Library/Developer/Xcode/DerivedData/Revolt-dharrjsambcimaaziudpvzjdcigm/Build/Intermediates.noindex/swift-syntax.build/Debug/SwiftSyntaxBuilder.build/DerivedSources/x86_64 -Xcc -I/Users/harishvishwakarma/Library/Developer/Xcode/DerivedData/Revolt-dharrjsambcimaaziudpvzjdcigm/Build/Intermediates.noindex/swift-syntax.build/Debug/SwiftSyntaxBuilder.build/DerivedSources -Xcc -DSWIFT_PACKAGE -Xcc -DDEBUG\=1 -emit-objc-header -emit-objc-header-path /Users/harishvishwakarma/Library/Developer/Xcode/DerivedData/Revolt-dharrjsambcimaaziudpvzjdcigm/Build/Intermediates.noindex/swift-syntax.build/Debug/SwiftSyntaxBuilder.build/Objects-normal/x86_64/SwiftSyntaxBuilder-Swift.h -working-directory /Users/harishvishwakarma/Handy/Archem/pepchat-ios/Revolt.xcodeproj -experimental-emit-module-separately -disable-cmo

AppIntentsSSUTraining (in target 'NotificationService' from project 'Revolt')
    cd /Users/harishvishwakarma/Handy/Archem/pepchat-ios
    /Applications/Xcode.app/Contents/Developer/Toolchains/XcodeDefault.xctoolchain/usr/bin/appintentsnltrainingprocessor --infoplist-path /Users/harishvishwakarma/Library/Developer/Xcode/DerivedData/Revolt-dharrjsambcimaaziudpvzjdcigm/Build/Products/Debug-iphoneos/NotificationService.appex/Info.plist --temp-dir-path /Users/harishvishwakarma/Library/Developer/Xcode/DerivedData/Revolt-dharrjsambcimaaziudpvzjdcigm/Build/Intermediates.noindex/Revolt.build/Debug-iphoneos/NotificationService.build/ssu --bundle-id chat.zeko.app.notifications --product-path /Users/harishvishwakarma/Library/Developer/Xcode/DerivedData/Revolt-dharrjsambcimaaziudpvzjdcigm/Build/Products/Debug-iphoneos/NotificationService.appex --extracted-metadata-path /Users/harishvishwakarma/Library/Developer/Xcode/DerivedData/Revolt-dharrjsambcimaaziudpvzjdcigm/Build/Products/Debug-iphoneos/NotificationService.appex/Metadata.appintents --metadata-file-list /Users/harishvishwakarma/Library/Developer/Xcode/DerivedData/Revolt-dharrjsambcimaaziudpvzjdcigm/Build/Intermediates.noindex/Revolt.build/Debug-iphoneos/NotificationService.build/NotificationService.DependencyMetadataFileList --archive-ssu-assets
2026-01-08 18:38:41.554 appintentsnltrainingprocessor[99788:1138927] Parsing options for appintentsnltrainingprocessor
2026-01-08 18:38:41.558 appintentsnltrainingprocessor[99788:1138927] No AppShortcuts found - Skipping.

SwiftEmitModule normal arm64 Emitting\ module\ for\ SwiftSyntaxBuilder (in target 'SwiftSyntaxBuilder' from project 'swift-syntax')

EmitSwiftModule normal arm64 (in target 'SwiftSyntaxBuilder' from project 'swift-syntax')
    cd /Users/harishvishwakarma/Handy/Archem/pepchat-ios/Revolt.xcodeproj
    

SwiftCompile normal arm64 Compiling\ SwiftSyntaxBuilderCompatibility.swift /Users/harishvishwakarma/Library/Developer/Xcode/DerivedData/Revolt-dharrjsambcimaaziudpvzjdcigm/SourcePackages/checkouts/swift-syntax/Sources/SwiftSyntaxBuilder/SwiftSyntaxBuilderCompatibility.swift (in target 'SwiftSyntaxBuilder' from project 'swift-syntax')

SwiftCompile normal arm64 /Users/harishvishwakarma/Library/Developer/Xcode/DerivedData/Revolt-dharrjsambcimaaziudpvzjdcigm/SourcePackages/checkouts/swift-syntax/Sources/SwiftSyntaxBuilder/SwiftSyntaxBuilderCompatibility.swift (in target 'SwiftSyntaxBuilder' from project 'swift-syntax')
    cd /Users/harishvishwakarma/Handy/Archem/pepchat-ios/Revolt.xcodeproj
    

SwiftEmitModule normal x86_64 Emitting\ module\ for\ SwiftSyntaxBuilder (in target 'SwiftSyntaxBuilder' from project 'swift-syntax')
EmitSwiftModule normal x86_64 (in target 'SwiftSyntaxBuilder' from project 'swift-syntax')
    cd /Users/harishvishwakarma/Handy/Archem/pepchat-ios/Revolt.xcodeproj
    

SwiftCompile normal x86_64 Compiling\ WithTrailingCommaSyntax+EnsuringTrailingComma.swift /Users/harishvishwakarma/Library/Developer/Xcode/DerivedData/Revolt-dharrjsambcimaaziudpvzjdcigm/SourcePackages/checkouts/swift-syntax/Sources/SwiftSyntaxBuilder/WithTrailingCommaSyntax+EnsuringTrailingComma.swift (in target 'SwiftSyntaxBuilder' from project 'swift-syntax')

SwiftCompile normal x86_64 /Users/harishvishwakarma/Library/Developer/Xcode/DerivedData/Revolt-dharrjsambcimaaziudpvzjdcigm/SourcePackages/checkouts/swift-syntax/Sources/SwiftSyntaxBuilder/WithTrailingCommaSyntax+EnsuringTrailingComma.swift (in target 'SwiftSyntaxBuilder' from project 'swift-syntax')
    cd /Users/harishvishwakarma/Handy/Archem/pepchat-ios/Revolt.xcodeproj
    

SwiftCompile normal x86_64 Compiling\ SwiftSyntaxBuilderCompatibility.swift /Users/harishvishwakarma/Library/Developer/Xcode/DerivedData/Revolt-dharrjsambcimaaziudpvzjdcigm/SourcePackages/checkouts/swift-syntax/Sources/SwiftSyntaxBuilder/SwiftSyntaxBuilderCompatibility.swift (in target 'SwiftSyntaxBuilder' from project 'swift-syntax')

SwiftCompile normal x86_64 /Users/harishvishwakarma/Library/Developer/Xcode/DerivedData/Revolt-dharrjsambcimaaziudpvzjdcigm/SourcePackages/checkouts/swift-syntax/Sources/SwiftSyntaxBuilder/SwiftSyntaxBuilderCompatibility.swift (in target 'SwiftSyntaxBuilder' from project 'swift-syntax')
    cd /Users/harishvishwakarma/Handy/Archem/pepchat-ios/Revolt.xcodeproj
    

SwiftDriverJobDiscovery normal arm64 Compiling _Exports.swift (in target 'NavigationTransitions' from project 'swiftui-navigation-transitions')

SwiftCompile normal arm64 Compiling\ ValidatingSyntaxNodes.swift /Users/harishvishwakarma/Library/Developer/Xcode/DerivedData/Revolt-dharrjsambcimaaziudpvzjdcigm/SourcePackages/checkouts/swift-syntax/Sources/SwiftSyntaxBuilder/ValidatingSyntaxNodes.swift (in target 'SwiftSyntaxBuilder' from project 'swift-syntax')
SwiftCompile normal arm64 /Users/harishvishwakarma/Library/Developer/Xcode/DerivedData/Revolt-dharrjsambcimaaziudpvzjdcigm/SourcePackages/checkouts/swift-syntax/Sources/SwiftSyntaxBuilder/ValidatingSyntaxNodes.swift (in target 'SwiftSyntaxBuilder' from project 'swift-syntax')
    cd /Users/harishvishwakarma/Handy/Archem/pepchat-ios/Revolt.xcodeproj
    

SwiftDriverJobDiscovery normal arm64 Compiling NavigationTransition+SwiftUI.swift (in target 'NavigationTransitions' from project 'swiftui-navigation-transitions')

SwiftCompile normal arm64 Compiling\ SyntaxParsable+ExpressibleByStringInterpolation.swift /Users/harishvishwakarma/Library/Developer/Xcode/DerivedData/Revolt-dharrjsambcimaaziudpvzjdcigm/SourcePackages/checkouts/swift-syntax/Sources/SwiftSyntaxBuilder/SyntaxParsable+ExpressibleByStringInterpolation.swift (in target 'SwiftSyntaxBuilder' from project 'swift-syntax')
SwiftCompile normal arm64 /Users/harishvishwakarma/Library/Developer/Xcode/DerivedData/Revolt-dharrjsambcimaaziudpvzjdcigm/SourcePackages/checkouts/swift-syntax/Sources/SwiftSyntaxBuilder/SyntaxParsable+ExpressibleByStringInterpolation.swift (in target 'SwiftSyntaxBuilder' from project 'swift-syntax')
    cd /Users/harishvishwakarma/Handy/Archem/pepchat-ios/Revolt.xcodeproj
    

SwiftDriverJobDiscovery normal x86_64 Compiling ParseDiagnosticsGenerator.swift (in target 'SwiftParserDiagnostics' from project 'swift-syntax')

SwiftCompile normal arm64 Compiling\ SyntaxNodeWithBody.swift /Users/harishvishwakarma/Library/Developer/Xcode/DerivedData/Revolt-dharrjsambcimaaziudpvzjdcigm/SourcePackages/checkouts/swift-syntax/Sources/SwiftSyntaxBuilder/SyntaxNodeWithBody.swift (in target 'SwiftSyntaxBuilder' from project 'swift-syntax')
SwiftCompile normal arm64 /Users/harishvishwakarma/Library/Developer/Xcode/DerivedData/Revolt-dharrjsambcimaaziudpvzjdcigm/SourcePackages/checkouts/swift-syntax/Sources/SwiftSyntaxBuilder/SyntaxNodeWithBody.swift (in target 'SwiftSyntaxBuilder' from project 'swift-syntax')
    cd /Users/harishvishwakarma/Handy/Archem/pepchat-ios/Revolt.xcodeproj
    

SwiftDriverJobDiscovery normal arm64 Compiling RuntimeWarnings.swift (in target 'NavigationTransitions' from project 'swiftui-navigation-transitions')

SwiftCompile normal x86_64 Compiling\ RenamedChildrenBuilderCompatibility.swift /Users/harishvishwakarma/Library/Developer/Xcode/DerivedData/Revolt-dharrjsambcimaaziudpvzjdcigm/SourcePackages/checkouts/swift-syntax/Sources/SwiftSyntaxBuilder/generated/RenamedChildrenBuilderCompatibility.swift (in target 'SwiftSyntaxBuilder' from project 'swift-syntax')
SwiftCompile normal x86_64 /Users/harishvishwakarma/Library/Developer/Xcode/DerivedData/Revolt-dharrjsambcimaaziudpvzjdcigm/SourcePackages/checkouts/swift-syntax/Sources/SwiftSyntaxBuilder/generated/RenamedChildrenBuilderCompatibility.swift (in target 'SwiftSyntaxBuilder' from project 'swift-syntax')
    cd /Users/harishvishwakarma/Handy/Archem/pepchat-ios/Revolt.xcodeproj
    

SwiftDriverJobDiscovery normal arm64 Compiling NavigationTransitionInteraction.swift (in target 'NavigationTransitions' from project 'swiftui-navigation-transitions')

SwiftCompile normal arm64 Compiling\ SyntaxExpressibleByStringInterpolationConformances.swift /Users/harishvishwakarma/Library/Developer/Xcode/DerivedData/Revolt-dharrjsambcimaaziudpvzjdcigm/SourcePackages/checkouts/swift-syntax/Sources/SwiftSyntaxBuilder/generated/SyntaxExpressibleByStringInterpolationConformances.swift (in target 'SwiftSyntaxBuilder' from project 'swift-syntax')

SwiftCompile normal arm64 /Users/harishvishwakarma/Library/Developer/Xcode/DerivedData/Revolt-dharrjsambcimaaziudpvzjdcigm/SourcePackages/checkouts/swift-syntax/Sources/SwiftSyntaxBuilder/generated/SyntaxExpressibleByStringInterpolationConformances.swift (in target 'SwiftSyntaxBuilder' from project 'swift-syntax')
    cd /Users/harishvishwakarma/Handy/Archem/pepchat-ios/Revolt.xcodeproj
    

SwiftDriverJobDiscovery normal x86_64 Compiling MissingNodesError.swift (in target 'SwiftParserDiagnostics' from project 'swift-syntax')

SwiftCompile normal arm64 Compiling\ BuildableNodes.swift /Users/harishvishwakarma/Library/Developer/Xcode/DerivedData/Revolt-dharrjsambcimaaziudpvzjdcigm/SourcePackages/checkouts/swift-syntax/Sources/SwiftSyntaxBuilder/generated/BuildableNodes.swift (in target 'SwiftSyntaxBuilder' from project 'swift-syntax')
SwiftCompile normal arm64 /Users/harishvishwakarma/Library/Developer/Xcode/DerivedData/Revolt-dharrjsambcimaaziudpvzjdcigm/SourcePackages/checkouts/swift-syntax/Sources/SwiftSyntaxBuilder/generated/BuildableNodes.swift (in target 'SwiftSyntaxBuilder' from project 'swift-syntax')
    cd /Users/harishvishwakarma/Handy/Archem/pepchat-ios/Revolt.xcodeproj
    

SwiftDriverJobDiscovery normal arm64 Compiling SwiftSyntaxBuilderCompatibility.swift (in target 'SwiftSyntaxBuilder' from project 'swift-syntax')

SwiftCompile normal x86_64 Compiling\ Syntax+StringInterpolation.swift /Users/harishvishwakarma/Library/Developer/Xcode/DerivedData/Revolt-dharrjsambcimaaziudpvzjdcigm/SourcePackages/checkouts/swift-syntax/Sources/SwiftSyntaxBuilder/Syntax+StringInterpolation.swift (in target 'SwiftSyntaxBuilder' from project 'swift-syntax')
SwiftCompile normal x86_64 /Users/harishvishwakarma/Library/Developer/Xcode/DerivedData/Revolt-dharrjsambcimaaziudpvzjdcigm/SourcePackages/checkouts/swift-syntax/Sources/SwiftSyntaxBuilder/Syntax+StringInterpolation.swift (in target 'SwiftSyntaxBuilder' from project 'swift-syntax')
    cd /Users/harishvishwakarma/Handy/Archem/pepchat-ios/Revolt.xcodeproj
    

SwiftDriverJobDiscovery normal x86_64 Compiling SwiftSyntaxBuilderCompatibility.swift (in target 'SwiftSyntaxBuilder' from project 'swift-syntax')

SwiftCompile normal arm64 Compiling\ ConvenienceInitializers.swift,\ DeclSyntaxParseable.swift /Users/harishvishwakarma/Library/Developer/Xcode/DerivedData/Revolt-dharrjsambcimaaziudpvzjdcigm/SourcePackages/checkouts/swift-syntax/Sources/SwiftSyntaxBuilder/ConvenienceInitializers.swift /Users/harishvishwakarma/Library/Developer/Xcode/DerivedData/Revolt-dharrjsambcimaaziudpvzjdcigm/SourcePackages/checkouts/swift-syntax/Sources/SwiftSyntaxBuilder/DeclSyntaxParseable.swift (in target 'SwiftSyntaxBuilder' from project 'swift-syntax')

SwiftCompile normal arm64 /Users/harishvishwakarma/Library/Developer/Xcode/DerivedData/Revolt-dharrjsambcimaaziudpvzjdcigm/SourcePackages/checkouts/swift-syntax/Sources/SwiftSyntaxBuilder/ConvenienceInitializers.swift (in target 'SwiftSyntaxBuilder' from project 'swift-syntax')
    cd /Users/harishvishwakarma/Handy/Archem/pepchat-ios/Revolt.xcodeproj
    

SwiftCompile normal arm64 /Users/harishvishwakarma/Library/Developer/Xcode/DerivedData/Revolt-dharrjsambcimaaziudpvzjdcigm/SourcePackages/checkouts/swift-syntax/Sources/SwiftSyntaxBuilder/DeclSyntaxParseable.swift (in target 'SwiftSyntaxBuilder' from project 'swift-syntax')
    cd /Users/harishvishwakarma/Handy/Archem/pepchat-ios/Revolt.xcodeproj
    

SwiftDriverJobDiscovery normal arm64 Compiling NavigationTransition+UIKit.swift (in target 'NavigationTransitions' from project 'swiftui-navigation-transitions')

SwiftCompile normal x86_64 Compiling\ SyntaxNodeWithBody.swift /Users/harishvishwakarma/Library/Developer/Xcode/DerivedData/Revolt-dharrjsambcimaaziudpvzjdcigm/SourcePackages/checkouts/swift-syntax/Sources/SwiftSyntaxBuilder/SyntaxNodeWithBody.swift (in target 'SwiftSyntaxBuilder' from project 'swift-syntax')
SwiftCompile normal x86_64 /Users/harishvishwakarma/Library/Developer/Xcode/DerivedData/Revolt-dharrjsambcimaaziudpvzjdcigm/SourcePackages/checkouts/swift-syntax/Sources/SwiftSyntaxBuilder/SyntaxNodeWithBody.swift (in target 'SwiftSyntaxBuilder' from project 'swift-syntax')
    cd /Users/harishvishwakarma/Handy/Archem/pepchat-ios/Revolt.xcodeproj
    

SwiftDriverJobDiscovery normal x86_64 Compiling WithTrailingCommaSyntax+EnsuringTrailingComma.swift (in target 'SwiftSyntaxBuilder' from project 'swift-syntax')

SwiftCompile normal x86_64 Compiling\ SyntaxExpressibleByStringInterpolationConformances.swift /Users/harishvishwakarma/Library/Developer/Xcode/DerivedData/Revolt-dharrjsambcimaaziudpvzjdcigm/SourcePackages/checkouts/swift-syntax/Sources/SwiftSyntaxBuilder/generated/SyntaxExpressibleByStringInterpolationConformances.swift (in target 'SwiftSyntaxBuilder' from project 'swift-syntax')

SwiftCompile normal x86_64 /Users/harishvishwakarma/Library/Developer/Xcode/DerivedData/Revolt-dharrjsambcimaaziudpvzjdcigm/SourcePackages/checkouts/swift-syntax/Sources/SwiftSyntaxBuilder/generated/SyntaxExpressibleByStringInterpolationConformances.swift (in target 'SwiftSyntaxBuilder' from project 'swift-syntax')
    cd /Users/harishvishwakarma/Handy/Archem/pepchat-ios/Revolt.xcodeproj
    

SwiftDriverJobDiscovery normal arm64 Emitting module for SwiftSyntaxBuilder (in target 'SwiftSyntaxBuilder' from project 'swift-syntax')

SwiftDriver\ Compilation\ Requirements SwiftSyntaxBuilder normal arm64 com.apple.xcode.tools.swift.compiler (in target 'SwiftSyntaxBuilder' from project 'swift-syntax')
    cd /Users/harishvishwakarma/Handy/Archem/pepchat-ios/Revolt.xcodeproj
    builtin-Swift-Compilation-Requirements -- /Applications/Xcode.app/Contents/Developer/Toolchains/XcodeDefault.xctoolchain/usr/bin/swiftc -module-name SwiftSyntaxBuilder -Onone -enforce-exclusivity\=checked @/Users/harishvishwakarma/Library/Developer/Xcode/DerivedData/Revolt-dharrjsambcimaaziudpvzjdcigm/Build/Intermediates.noindex/swift-syntax.build/Debug/SwiftSyntaxBuilder.build/Objects-normal/arm64/SwiftSyntaxBuilder.SwiftFileList -DSWIFT_PACKAGE -DDEBUG -DXcode -plugin-path /Applications/Xcode.app/Contents/Developer/Toolchains/XcodeDefault.xctoolchain/usr/lib/swift/host/plugins/testing -enable-experimental-feature DebugDescriptionMacro -sdk /Applications/Xcode.app/Contents/Developer/Platforms/MacOSX.platform/Developer/SDKs/MacOSX15.5.sdk -target arm64-apple-macos10.15 -g -module-cache-path /Users/harishvishwakarma/Library/Developer/Xcode/DerivedData/ModuleCache.noindex -Xfrontend -serialize-debugging-options -enable-testing -suppress-warnings -index-store-path /Users/harishvishwakarma/Library/Developer/Xcode/DerivedData/Revolt-dharrjsambcimaaziudpvzjdcigm/Index.noindex/DataStore -swift-version 5 -I /Users/harishvishwakarma/Library/Developer/Xcode/DerivedData/Revolt-dharrjsambcimaaziudpvzjdcigm/Build/Products/Debug -I /Applications/Xcode.app/Contents/Developer/Platforms/MacOSX.platform/Developer/usr/lib -F /Users/harishvishwakarma/Library/Developer/Xcode/DerivedData/Revolt-dharrjsambcimaaziudpvzjdcigm/Build/Products/Debug/PackageFrameworks -F /Users/harishvishwakarma/Library/Developer/Xcode/DerivedData/Revolt-dharrjsambcimaaziudpvzjdcigm/Build/Products/Debug/PackageFrameworks -F /Users/harishvishwakarma/Library/Developer/Xcode/DerivedData/Revolt-dharrjsambcimaaziudpvzjdcigm/Build/Products/Debug/PackageFrameworks -F /Users/harishvishwakarma/Library/Developer/Xcode/DerivedData/Revolt-dharrjsambcimaaziudpvzjdcigm/Build/Products/Debug/PackageFrameworks -F /Users/harishvishwakarma/Library/Developer/Xcode/DerivedData/Revolt-dharrjsambcimaaziudpvzjdcigm/Build/Products/Debug/PackageFrameworks -F /Users/harishvishwakarma/Library/Developer/Xcode/DerivedData/Revolt-dharrjsambcimaaziudpvzjdcigm/Build/Products/Debug/PackageFrameworks -F /Users/harishvishwakarma/Library/Developer/Xcode/DerivedData/Revolt-dharrjsambcimaaziudpvzjdcigm/Build/Products/Debug -F /Applications/Xcode.app/Contents/Developer/Platforms/MacOSX.platform/Developer/Library/Frameworks -c -j12 -enable-batch-mode -incremental -Xcc -ivfsstatcache -Xcc /Users/harishvishwakarma/Library/Developer/Xcode/DerivedData/SDKStatCaches.noindex/macosx15.5-24F74-8254517eb8b97d462ccbc072ba9094c9.sdkstatcache -output-file-map /Users/harishvishwakarma/Library/Developer/Xcode/DerivedData/Revolt-dharrjsambcimaaziudpvzjdcigm/Build/Intermediates.noindex/swift-syntax.build/Debug/SwiftSyntaxBuilder.build/Objects-normal/arm64/SwiftSyntaxBuilder-OutputFileMap.json -use-frontend-parseable-output -save-temps -no-color-diagnostics -serialize-diagnostics -emit-dependencies -emit-module -emit-module-path /Users/harishvishwakarma/Library/Developer/Xcode/DerivedData/Revolt-dharrjsambcimaaziudpvzjdcigm/Build/Intermediates.noindex/swift-syntax.build/Debug/SwiftSyntaxBuilder.build/Objects-normal/arm64/SwiftSyntaxBuilder.swiftmodule -validate-clang-modules-once -clang-build-session-file /Users/harishvishwakarma/Library/Developer/Xcode/DerivedData/ModuleCache.noindex/Session.modulevalidation -Xcc -I/Users/harishvishwakarma/Library/Developer/Xcode/DerivedData/Revolt-dharrjsambcimaaziudpvzjdcigm/Build/Intermediates.noindex/swift-syntax.build/Debug/SwiftSyntaxBuilder.build/swift-overrides.hmap -emit-const-values -Xfrontend -const-gather-protocols-file -Xfrontend /Users/harishvishwakarma/Library/Developer/Xcode/DerivedData/Revolt-dharrjsambcimaaziudpvzjdcigm/Build/Intermediates.noindex/swift-syntax.build/Debug/SwiftSyntaxBuilder.build/Objects-normal/arm64/SwiftSyntaxBuilder_const_extract_protocols.json -Xcc -I/Users/harishvishwakarma/Library/Developer/Xcode/DerivedData/Revolt-dharrjsambcimaaziudpvzjdcigm/Build/Products/Debug/include -Xcc -I/Users/harishvishwakarma/Library/Developer/Xcode/DerivedData/Revolt-dharrjsambcimaaziudpvzjdcigm/Build/Intermediates.noindex/swift-syntax.build/Debug/SwiftSyntaxBuilder.build/DerivedSources-normal/arm64 -Xcc -I/Users/harishvishwakarma/Library/Developer/Xcode/DerivedData/Revolt-dharrjsambcimaaziudpvzjdcigm/Build/Intermediates.noindex/swift-syntax.build/Debug/SwiftSyntaxBuilder.build/DerivedSources/arm64 -Xcc -I/Users/harishvishwakarma/Library/Developer/Xcode/DerivedData/Revolt-dharrjsambcimaaziudpvzjdcigm/Build/Intermediates.noindex/swift-syntax.build/Debug/SwiftSyntaxBuilder.build/DerivedSources -Xcc -DSWIFT_PACKAGE -Xcc -DDEBUG\=1 -emit-objc-header -emit-objc-header-path /Users/harishvishwakarma/Library/Developer/Xcode/DerivedData/Revolt-dharrjsambcimaaziudpvzjdcigm/Build/Intermediates.noindex/swift-syntax.build/Debug/SwiftSyntaxBuilder.build/Objects-normal/arm64/SwiftSyntaxBuilder-Swift.h -working-directory /Users/harishvishwakarma/Handy/Archem/pepchat-ios/Revolt.xcodeproj -experimental-emit-module-separately -disable-cmo

SwiftDriverJobDiscovery normal arm64 Compiling NavigationTransitionDelegate.swift (in target 'NavigationTransitions' from project 'swiftui-navigation-transitions')

SwiftCompile normal arm64 Compiling\ WithTrailingCommaSyntax+EnsuringTrailingComma.swift /Users/harishvishwakarma/Library/Developer/Xcode/DerivedData/Revolt-dharrjsambcimaaziudpvzjdcigm/SourcePackages/checkouts/swift-syntax/Sources/SwiftSyntaxBuilder/WithTrailingCommaSyntax+EnsuringTrailingComma.swift (in target 'SwiftSyntaxBuilder' from project 'swift-syntax')

SwiftCompile normal arm64 /Users/harishvishwakarma/Library/Developer/Xcode/DerivedData/Revolt-dharrjsambcimaaziudpvzjdcigm/SourcePackages/checkouts/swift-syntax/Sources/SwiftSyntaxBuilder/WithTrailingCommaSyntax+EnsuringTrailingComma.swift (in target 'SwiftSyntaxBuilder' from project 'swift-syntax')
    cd /Users/harishvishwakarma/Handy/Archem/pepchat-ios/Revolt.xcodeproj
    

Copy /Users/harishvishwakarma/Library/Developer/Xcode/DerivedData/Revolt-dharrjsambcimaaziudpvzjdcigm/Build/Products/Debug/SwiftSyntaxBuilder.swiftmodule/arm64-apple-macos.swiftmodule /Users/harishvishwakarma/Library/Developer/Xcode/DerivedData/Revolt-dharrjsambcimaaziudpvzjdcigm/Build/Intermediates.noindex/swift-syntax.build/Debug/SwiftSyntaxBuilder.build/Objects-normal/arm64/SwiftSyntaxBuilder.swiftmodule (in target 'SwiftSyntaxBuilder' from project 'swift-syntax')
    cd /Users/harishvishwakarma/Library/Developer/Xcode/DerivedData/Revolt-dharrjsambcimaaziudpvzjdcigm/SourcePackages/checkouts/swift-syntax
    builtin-copy -exclude .DS_Store -exclude CVS -exclude .svn -exclude .git -exclude .hg -resolve-src-symlinks -rename /Users/harishvishwakarma/Library/Developer/Xcode/DerivedData/Revolt-dharrjsambcimaaziudpvzjdcigm/Build/Intermediates.noindex/swift-syntax.build/Debug/SwiftSyntaxBuilder.build/Objects-normal/arm64/SwiftSyntaxBuilder.swiftmodule /Users/harishvishwakarma/Library/Developer/Xcode/DerivedData/Revolt-dharrjsambcimaaziudpvzjdcigm/Build/Products/Debug/SwiftSyntaxBuilder.swiftmodule/arm64-apple-macos.swiftmodule

SwiftDriverJobDiscovery normal x86_64 Emitting module for SwiftSyntaxBuilder (in target 'SwiftSyntaxBuilder' from project 'swift-syntax')

SwiftDriver\ Compilation\ Requirements SwiftSyntaxBuilder normal x86_64 com.apple.xcode.tools.swift.compiler (in target 'SwiftSyntaxBuilder' from project 'swift-syntax')
    cd /Users/harishvishwakarma/Handy/Archem/pepchat-ios/Revolt.xcodeproj
    builtin-Swift-Compilation-Requirements -- /Applications/Xcode.app/Contents/Developer/Toolchains/XcodeDefault.xctoolchain/usr/bin/swiftc -module-name SwiftSyntaxBuilder -Onone -enforce-exclusivity\=checked @/Users/harishvishwakarma/Library/Developer/Xcode/DerivedData/Revolt-dharrjsambcimaaziudpvzjdcigm/Build/Intermediates.noindex/swift-syntax.build/Debug/SwiftSyntaxBuilder.build/Objects-normal/x86_64/SwiftSyntaxBuilder.SwiftFileList -DSWIFT_PACKAGE -DDEBUG -DXcode -plugin-path /Applications/Xcode.app/Contents/Developer/Toolchains/XcodeDefault.xctoolchain/usr/lib/swift/host/plugins/testing -enable-experimental-feature DebugDescriptionMacro -sdk /Applications/Xcode.app/Contents/Developer/Platforms/MacOSX.platform/Developer/SDKs/MacOSX15.5.sdk -target x86_64-apple-macos10.15 -g -module-cache-path /Users/harishvishwakarma/Library/Developer/Xcode/DerivedData/ModuleCache.noindex -Xfrontend -serialize-debugging-options -enable-testing -suppress-warnings -index-store-path /Users/harishvishwakarma/Library/Developer/Xcode/DerivedData/Revolt-dharrjsambcimaaziudpvzjdcigm/Index.noindex/DataStore -swift-version 5 -I /Users/harishvishwakarma/Library/Developer/Xcode/DerivedData/Revolt-dharrjsambcimaaziudpvzjdcigm/Build/Products/Debug -I /Applications/Xcode.app/Contents/Developer/Platforms/MacOSX.platform/Developer/usr/lib -F /Users/harishvishwakarma/Library/Developer/Xcode/DerivedData/Revolt-dharrjsambcimaaziudpvzjdcigm/Build/Products/Debug/PackageFrameworks -F /Users/harishvishwakarma/Library/Developer/Xcode/DerivedData/Revolt-dharrjsambcimaaziudpvzjdcigm/Build/Products/Debug/PackageFrameworks -F /Users/harishvishwakarma/Library/Developer/Xcode/DerivedData/Revolt-dharrjsambcimaaziudpvzjdcigm/Build/Products/Debug/PackageFrameworks -F /Users/harishvishwakarma/Library/Developer/Xcode/DerivedData/Revolt-dharrjsambcimaaziudpvzjdcigm/Build/Products/Debug/PackageFrameworks -F /Users/harishvishwakarma/Library/Developer/Xcode/DerivedData/Revolt-dharrjsambcimaaziudpvzjdcigm/Build/Products/Debug/PackageFrameworks -F /Users/harishvishwakarma/Library/Developer/Xcode/DerivedData/Revolt-dharrjsambcimaaziudpvzjdcigm/Build/Products/Debug/PackageFrameworks -F /Users/harishvishwakarma/Library/Developer/Xcode/DerivedData/Revolt-dharrjsambcimaaziudpvzjdcigm/Build/Products/Debug -F /Applications/Xcode.app/Contents/Developer/Platforms/MacOSX.platform/Developer/Library/Frameworks -c -j12 -enable-batch-mode -incremental -Xcc -ivfsstatcache -Xcc /Users/harishvishwakarma/Library/Developer/Xcode/DerivedData/SDKStatCaches.noindex/macosx15.5-24F74-8254517eb8b97d462ccbc072ba9094c9.sdkstatcache -output-file-map /Users/harishvishwakarma/Library/Developer/Xcode/DerivedData/Revolt-dharrjsambcimaaziudpvzjdcigm/Build/Intermediates.noindex/swift-syntax.build/Debug/SwiftSyntaxBuilder.build/Objects-normal/x86_64/SwiftSyntaxBuilder-OutputFileMap.json -use-frontend-parseable-output -save-temps -no-color-diagnostics -serialize-diagnostics -emit-dependencies -emit-module -emit-module-path /Users/harishvishwakarma/Library/Developer/Xcode/DerivedData/Revolt-dharrjsambcimaaziudpvzjdcigm/Build/Intermediates.noindex/swift-syntax.build/Debug/SwiftSyntaxBuilder.build/Objects-normal/x86_64/SwiftSyntaxBuilder.swiftmodule -validate-clang-modules-once -clang-build-session-file /Users/harishvishwakarma/Library/Developer/Xcode/DerivedData/ModuleCache.noindex/Session.modulevalidation -Xcc -I/Users/harishvishwakarma/Library/Developer/Xcode/DerivedData/Revolt-dharrjsambcimaaziudpvzjdcigm/Build/Intermediates.noindex/swift-syntax.build/Debug/SwiftSyntaxBuilder.build/swift-overrides.hmap -emit-const-values -Xfrontend -const-gather-protocols-file -Xfrontend /Users/harishvishwakarma/Library/Developer/Xcode/DerivedData/Revolt-dharrjsambcimaaziudpvzjdcigm/Build/Intermediates.noindex/swift-syntax.build/Debug/SwiftSyntaxBuilder.build/Objects-normal/x86_64/SwiftSyntaxBuilder_const_extract_protocols.json -Xcc -I/Users/harishvishwakarma/Library/Developer/Xcode/DerivedData/Revolt-dharrjsambcimaaziudpvzjdcigm/Build/Products/Debug/include -Xcc -I/Users/harishvishwakarma/Library/Developer/Xcode/DerivedData/Revolt-dharrjsambcimaaziudpvzjdcigm/Build/Intermediates.noindex/swift-syntax.build/Debug/SwiftSyntaxBuilder.build/DerivedSources-normal/x86_64 -Xcc -I/Users/harishvishwakarma/Library/Developer/Xcode/DerivedData/Revolt-dharrjsambcimaaziudpvzjdcigm/Build/Intermediates.noindex/swift-syntax.build/Debug/SwiftSyntaxBuilder.build/DerivedSources/x86_64 -Xcc -I/Users/harishvishwakarma/Library/Developer/Xcode/DerivedData/Revolt-dharrjsambcimaaziudpvzjdcigm/Build/Intermediates.noindex/swift-syntax.build/Debug/SwiftSyntaxBuilder.build/DerivedSources -Xcc -DSWIFT_PACKAGE -Xcc -DDEBUG\=1 -emit-objc-header -emit-objc-header-path /Users/harishvishwakarma/Library/Developer/Xcode/DerivedData/Revolt-dharrjsambcimaaziudpvzjdcigm/Build/Intermediates.noindex/swift-syntax.build/Debug/SwiftSyntaxBuilder.build/Objects-normal/x86_64/SwiftSyntaxBuilder-Swift.h -working-directory /Users/harishvishwakarma/Handy/Archem/pepchat-ios/Revolt.xcodeproj -experimental-emit-module-separately -disable-cmo

Copy /Users/harishvishwakarma/Library/Developer/Xcode/DerivedData/Revolt-dharrjsambcimaaziudpvzjdcigm/Build/Products/Debug/SwiftSyntaxBuilder.swiftmodule/arm64-apple-macos.swiftdoc /Users/harishvishwakarma/Library/Developer/Xcode/DerivedData/Revolt-dharrjsambcimaaziudpvzjdcigm/Build/Intermediates.noindex/swift-syntax.build/Debug/SwiftSyntaxBuilder.build/Objects-normal/arm64/SwiftSyntaxBuilder.swiftdoc (in target 'SwiftSyntaxBuilder' from project 'swift-syntax')
    cd /Users/harishvishwakarma/Library/Developer/Xcode/DerivedData/Revolt-dharrjsambcimaaziudpvzjdcigm/SourcePackages/checkouts/swift-syntax
    builtin-copy -exclude .DS_Store -exclude CVS -exclude .svn -exclude .git -exclude .hg -resolve-src-symlinks -rename /Users/harishvishwakarma/Library/Developer/Xcode/DerivedData/Revolt-dharrjsambcimaaziudpvzjdcigm/Build/Intermediates.noindex/swift-syntax.build/Debug/SwiftSyntaxBuilder.build/Objects-normal/arm64/SwiftSyntaxBuilder.swiftdoc /Users/harishvishwakarma/Library/Developer/Xcode/DerivedData/Revolt-dharrjsambcimaaziudpvzjdcigm/Build/Products/Debug/SwiftSyntaxBuilder.swiftmodule/arm64-apple-macos.swiftdoc

SwiftMergeGeneratedHeaders /Users/harishvishwakarma/Library/Developer/Xcode/DerivedData/Revolt-dharrjsambcimaaziudpvzjdcigm/Build/Intermediates.noindex/GeneratedModuleMaps/SwiftSyntaxBuilder-Swift.h /Users/harishvishwakarma/Library/Developer/Xcode/DerivedData/Revolt-dharrjsambcimaaziudpvzjdcigm/Build/Intermediates.noindex/swift-syntax.build/Debug/SwiftSyntaxBuilder.build/Objects-normal/arm64/SwiftSyntaxBuilder-Swift.h /Users/harishvishwakarma/Library/Developer/Xcode/DerivedData/Revolt-dharrjsambcimaaziudpvzjdcigm/Build/Intermediates.noindex/swift-syntax.build/Debug/SwiftSyntaxBuilder.build/Objects-normal/x86_64/SwiftSyntaxBuilder-Swift.h (in target 'SwiftSyntaxBuilder' from project 'swift-syntax')
    cd /Users/harishvishwakarma/Library/Developer/Xcode/DerivedData/Revolt-dharrjsambcimaaziudpvzjdcigm/SourcePackages/checkouts/swift-syntax
    builtin-swiftHeaderTool -arch arm64 /Users/harishvishwakarma/Library/Developer/Xcode/DerivedData/Revolt-dharrjsambcimaaziudpvzjdcigm/Build/Intermediates.noindex/swift-syntax.build/Debug/SwiftSyntaxBuilder.build/Objects-normal/arm64/SwiftSyntaxBuilder-Swift.h -arch x86_64 /Users/harishvishwakarma/Library/Developer/Xcode/DerivedData/Revolt-dharrjsambcimaaziudpvzjdcigm/Build/Intermediates.noindex/swift-syntax.build/Debug/SwiftSyntaxBuilder.build/Objects-normal/x86_64/SwiftSyntaxBuilder-Swift.h -o /Users/harishvishwakarma/Library/Developer/Xcode/DerivedData/Revolt-dharrjsambcimaaziudpvzjdcigm/Build/Intermediates.noindex/GeneratedModuleMaps/SwiftSyntaxBuilder-Swift.h

Copy /Users/harishvishwakarma/Library/Developer/Xcode/DerivedData/Revolt-dharrjsambcimaaziudpvzjdcigm/Build/Products/Debug/SwiftSyntaxBuilder.swiftmodule/x86_64-apple-macos.swiftmodule /Users/harishvishwakarma/Library/Developer/Xcode/DerivedData/Revolt-dharrjsambcimaaziudpvzjdcigm/Build/Intermediates.noindex/swift-syntax.build/Debug/SwiftSyntaxBuilder.build/Objects-normal/x86_64/SwiftSyntaxBuilder.swiftmodule (in target 'SwiftSyntaxBuilder' from project 'swift-syntax')
    cd /Users/harishvishwakarma/Library/Developer/Xcode/DerivedData/Revolt-dharrjsambcimaaziudpvzjdcigm/SourcePackages/checkouts/swift-syntax
    builtin-copy -exclude .DS_Store -exclude CVS -exclude .svn -exclude .git -exclude .hg -resolve-src-symlinks -rename /Users/harishvishwakarma/Library/Developer/Xcode/DerivedData/Revolt-dharrjsambcimaaziudpvzjdcigm/Build/Intermediates.noindex/swift-syntax.build/Debug/SwiftSyntaxBuilder.build/Objects-normal/x86_64/SwiftSyntaxBuilder.swiftmodule /Users/harishvishwakarma/Library/Developer/Xcode/DerivedData/Revolt-dharrjsambcimaaziudpvzjdcigm/Build/Products/Debug/SwiftSyntaxBuilder.swiftmodule/x86_64-apple-macos.swiftmodule

Copy /Users/harishvishwakarma/Library/Developer/Xcode/DerivedData/Revolt-dharrjsambcimaaziudpvzjdcigm/Build/Products/Debug/SwiftSyntaxBuilder.swiftmodule/x86_64-apple-macos.swiftdoc /Users/harishvishwakarma/Library/Developer/Xcode/DerivedData/Revolt-dharrjsambcimaaziudpvzjdcigm/Build/Intermediates.noindex/swift-syntax.build/Debug/SwiftSyntaxBuilder.build/Objects-normal/x86_64/SwiftSyntaxBuilder.swiftdoc (in target 'SwiftSyntaxBuilder' from project 'swift-syntax')
    cd /Users/harishvishwakarma/Library/Developer/Xcode/DerivedData/Revolt-dharrjsambcimaaziudpvzjdcigm/SourcePackages/checkouts/swift-syntax
    builtin-copy -exclude .DS_Store -exclude CVS -exclude .svn -exclude .git -exclude .hg -resolve-src-symlinks -rename /Users/harishvishwakarma/Library/Developer/Xcode/DerivedData/Revolt-dharrjsambcimaaziudpvzjdcigm/Build/Intermediates.noindex/swift-syntax.build/Debug/SwiftSyntaxBuilder.build/Objects-normal/x86_64/SwiftSyntaxBuilder.swiftdoc /Users/harishvishwakarma/Library/Developer/Xcode/DerivedData/Revolt-dharrjsambcimaaziudpvzjdcigm/Build/Products/Debug/SwiftSyntaxBuilder.swiftmodule/x86_64-apple-macos.swiftdoc

Copy /Users/harishvishwakarma/Library/Developer/Xcode/DerivedData/Revolt-dharrjsambcimaaziudpvzjdcigm/Build/Products/Debug/SwiftSyntaxBuilder.swiftmodule/x86_64-apple-macos.abi.json /Users/harishvishwakarma/Library/Developer/Xcode/DerivedData/Revolt-dharrjsambcimaaziudpvzjdcigm/Build/Intermediates.noindex/swift-syntax.build/Debug/SwiftSyntaxBuilder.build/Objects-normal/x86_64/SwiftSyntaxBuilder.abi.json (in target 'SwiftSyntaxBuilder' from project 'swift-syntax')
    cd /Users/harishvishwakarma/Library/Developer/Xcode/DerivedData/Revolt-dharrjsambcimaaziudpvzjdcigm/SourcePackages/checkouts/swift-syntax
    builtin-copy -exclude .DS_Store -exclude CVS -exclude .svn -exclude .git -exclude .hg -resolve-src-symlinks -rename /Users/harishvishwakarma/Library/Developer/Xcode/DerivedData/Revolt-dharrjsambcimaaziudpvzjdcigm/Build/Intermediates.noindex/swift-syntax.build/Debug/SwiftSyntaxBuilder.build/Objects-normal/x86_64/SwiftSyntaxBuilder.abi.json /Users/harishvishwakarma/Library/Developer/Xcode/DerivedData/Revolt-dharrjsambcimaaziudpvzjdcigm/Build/Products/Debug/SwiftSyntaxBuilder.swiftmodule/x86_64-apple-macos.abi.json

Copy /Users/harishvishwakarma/Library/Developer/Xcode/DerivedData/Revolt-dharrjsambcimaaziudpvzjdcigm/Build/Products/Debug/SwiftSyntaxBuilder.swiftmodule/arm64-apple-macos.abi.json /Users/harishvishwakarma/Library/Developer/Xcode/DerivedData/Revolt-dharrjsambcimaaziudpvzjdcigm/Build/Intermediates.noindex/swift-syntax.build/Debug/SwiftSyntaxBuilder.build/Objects-normal/arm64/SwiftSyntaxBuilder.abi.json (in target 'SwiftSyntaxBuilder' from project 'swift-syntax')
    cd /Users/harishvishwakarma/Library/Developer/Xcode/DerivedData/Revolt-dharrjsambcimaaziudpvzjdcigm/SourcePackages/checkouts/swift-syntax
    builtin-copy -exclude .DS_Store -exclude CVS -exclude .svn -exclude .git -exclude .hg -resolve-src-symlinks -rename /Users/harishvishwakarma/Library/Developer/Xcode/DerivedData/Revolt-dharrjsambcimaaziudpvzjdcigm/Build/Intermediates.noindex/swift-syntax.build/Debug/SwiftSyntaxBuilder.build/Objects-normal/arm64/SwiftSyntaxBuilder.abi.json /Users/harishvishwakarma/Library/Developer/Xcode/DerivedData/Revolt-dharrjsambcimaaziudpvzjdcigm/Build/Products/Debug/SwiftSyntaxBuilder.swiftmodule/arm64-apple-macos.abi.json

Copy /Users/harishvishwakarma/Library/Developer/Xcode/DerivedData/Revolt-dharrjsambcimaaziudpvzjdcigm/Build/Products/Debug/SwiftSyntaxBuilder.swiftmodule/Project/x86_64-apple-macos.swiftsourceinfo /Users/harishvishwakarma/Library/Developer/Xcode/DerivedData/Revolt-dharrjsambcimaaziudpvzjdcigm/Build/Intermediates.noindex/swift-syntax.build/Debug/SwiftSyntaxBuilder.build/Objects-normal/x86_64/SwiftSyntaxBuilder.swiftsourceinfo (in target 'SwiftSyntaxBuilder' from project 'swift-syntax')
    cd /Users/harishvishwakarma/Library/Developer/Xcode/DerivedData/Revolt-dharrjsambcimaaziudpvzjdcigm/SourcePackages/checkouts/swift-syntax
    builtin-copy -exclude .DS_Store -exclude CVS -exclude .svn -exclude .git -exclude .hg -resolve-src-symlinks -rename /Users/harishvishwakarma/Library/Developer/Xcode/DerivedData/Revolt-dharrjsambcimaaziudpvzjdcigm/Build/Intermediates.noindex/swift-syntax.build/Debug/SwiftSyntaxBuilder.build/Objects-normal/x86_64/SwiftSyntaxBuilder.swiftsourceinfo /Users/harishvishwakarma/Library/Developer/Xcode/DerivedData/Revolt-dharrjsambcimaaziudpvzjdcigm/Build/Products/Debug/SwiftSyntaxBuilder.swiftmodule/Project/x86_64-apple-macos.swiftsourceinfo

Copy /Users/harishvishwakarma/Library/Developer/Xcode/DerivedData/Revolt-dharrjsambcimaaziudpvzjdcigm/Build/Products/Debug/SwiftSyntaxBuilder.swiftmodule/Project/arm64-apple-macos.swiftsourceinfo /Users/harishvishwakarma/Library/Developer/Xcode/DerivedData/Revolt-dharrjsambcimaaziudpvzjdcigm/Build/Intermediates.noindex/swift-syntax.build/Debug/SwiftSyntaxBuilder.build/Objects-normal/arm64/SwiftSyntaxBuilder.swiftsourceinfo (in target 'SwiftSyntaxBuilder' from project 'swift-syntax')
    cd /Users/harishvishwakarma/Library/Developer/Xcode/DerivedData/Revolt-dharrjsambcimaaziudpvzjdcigm/SourcePackages/checkouts/swift-syntax
    builtin-copy -exclude .DS_Store -exclude CVS -exclude .svn -exclude .git -exclude .hg -resolve-src-symlinks -rename /Users/harishvishwakarma/Library/Developer/Xcode/DerivedData/Revolt-dharrjsambcimaaziudpvzjdcigm/Build/Intermediates.noindex/swift-syntax.build/Debug/SwiftSyntaxBuilder.build/Objects-normal/arm64/SwiftSyntaxBuilder.swiftsourceinfo /Users/harishvishwakarma/Library/Developer/Xcode/DerivedData/Revolt-dharrjsambcimaaziudpvzjdcigm/Build/Products/Debug/SwiftSyntaxBuilder.swiftmodule/Project/arm64-apple-macos.swiftsourceinfo

SwiftCompile normal arm64 Compiling\ Indenter.swift,\ ResultBuilderExtensions.swift /Users/harishvishwakarma/Library/Developer/Xcode/DerivedData/Revolt-dharrjsambcimaaziudpvzjdcigm/SourcePackages/checkouts/swift-syntax/Sources/SwiftSyntaxBuilder/Indenter.swift /Users/harishvishwakarma/Library/Developer/Xcode/DerivedData/Revolt-dharrjsambcimaaziudpvzjdcigm/SourcePackages/checkouts/swift-syntax/Sources/SwiftSyntaxBuilder/ResultBuilderExtensions.swift (in target 'SwiftSyntaxBuilder' from project 'swift-syntax')
SwiftCompile normal arm64 /Users/harishvishwakarma/Library/Developer/Xcode/DerivedData/Revolt-dharrjsambcimaaziudpvzjdcigm/SourcePackages/checkouts/swift-syntax/Sources/SwiftSyntaxBuilder/Indenter.swift (in target 'SwiftSyntaxBuilder' from project 'swift-syntax')
    cd /Users/harishvishwakarma/Handy/Archem/pepchat-ios/Revolt.xcodeproj
    

SwiftCompile normal arm64 /Users/harishvishwakarma/Library/Developer/Xcode/DerivedData/Revolt-dharrjsambcimaaziudpvzjdcigm/SourcePackages/checkouts/swift-syntax/Sources/SwiftSyntaxBuilder/ResultBuilderExtensions.swift (in target 'SwiftSyntaxBuilder' from project 'swift-syntax')
    cd /Users/harishvishwakarma/Handy/Archem/pepchat-ios/Revolt.xcodeproj
    

SwiftCompile normal x86_64 Compiling\ ConvenienceInitializers.swift,\ DeclSyntaxParseable.swift /Users/harishvishwakarma/Library/Developer/Xcode/DerivedData/Revolt-dharrjsambcimaaziudpvzjdcigm/SourcePackages/checkouts/swift-syntax/Sources/SwiftSyntaxBuilder/ConvenienceInitializers.swift /Users/harishvishwakarma/Library/Developer/Xcode/DerivedData/Revolt-dharrjsambcimaaziudpvzjdcigm/SourcePackages/checkouts/swift-syntax/Sources/SwiftSyntaxBuilder/DeclSyntaxParseable.swift (in target 'SwiftSyntaxBuilder' from project 'swift-syntax')
SwiftCompile normal x86_64 /Users/harishvishwakarma/Library/Developer/Xcode/DerivedData/Revolt-dharrjsambcimaaziudpvzjdcigm/SourcePackages/checkouts/swift-syntax/Sources/SwiftSyntaxBuilder/ConvenienceInitializers.swift (in target 'SwiftSyntaxBuilder' from project 'swift-syntax')
    cd /Users/harishvishwakarma/Handy/Archem/pepchat-ios/Revolt.xcodeproj
    

SwiftCompile normal x86_64 /Users/harishvishwakarma/Library/Developer/Xcode/DerivedData/Revolt-dharrjsambcimaaziudpvzjdcigm/SourcePackages/checkouts/swift-syntax/Sources/SwiftSyntaxBuilder/DeclSyntaxParseable.swift (in target 'SwiftSyntaxBuilder' from project 'swift-syntax')
    cd /Users/harishvishwakarma/Handy/Archem/pepchat-ios/Revolt.xcodeproj
    

SwiftDriverJobDiscovery normal arm64 Compiling ValidatingSyntaxNodes.swift (in target 'SwiftSyntaxBuilder' from project 'swift-syntax')

SwiftCompile normal x86_64 Compiling\ ValidatingSyntaxNodes.swift /Users/harishvishwakarma/Library/Developer/Xcode/DerivedData/Revolt-dharrjsambcimaaziudpvzjdcigm/SourcePackages/checkouts/swift-syntax/Sources/SwiftSyntaxBuilder/ValidatingSyntaxNodes.swift (in target 'SwiftSyntaxBuilder' from project 'swift-syntax')

SwiftCompile normal x86_64 /Users/harishvishwakarma/Library/Developer/Xcode/DerivedData/Revolt-dharrjsambcimaaziudpvzjdcigm/SourcePackages/checkouts/swift-syntax/Sources/SwiftSyntaxBuilder/ValidatingSyntaxNodes.swift (in target 'SwiftSyntaxBuilder' from project 'swift-syntax')
    cd /Users/harishvishwakarma/Handy/Archem/pepchat-ios/Revolt.xcodeproj
    

SwiftDriverJobDiscovery normal arm64 Compiling SyntaxExpressibleByStringInterpolationConformances.swift (in target 'SwiftSyntaxBuilder' from project 'swift-syntax')

SwiftCompile normal arm64 Compiling\ Syntax+StringInterpolation.swift /Users/harishvishwakarma/Library/Developer/Xcode/DerivedData/Revolt-dharrjsambcimaaziudpvzjdcigm/SourcePackages/checkouts/swift-syntax/Sources/SwiftSyntaxBuilder/Syntax+StringInterpolation.swift (in target 'SwiftSyntaxBuilder' from project 'swift-syntax')
SwiftCompile normal arm64 /Users/harishvishwakarma/Library/Developer/Xcode/DerivedData/Revolt-dharrjsambcimaaziudpvzjdcigm/SourcePackages/checkouts/swift-syntax/Sources/SwiftSyntaxBuilder/Syntax+StringInterpolation.swift (in target 'SwiftSyntaxBuilder' from project 'swift-syntax')
    cd /Users/harishvishwakarma/Handy/Archem/pepchat-ios/Revolt.xcodeproj
    

SwiftDriverJobDiscovery normal arm64 Compiling SyntaxParsable+ExpressibleByStringInterpolation.swift (in target 'SwiftSyntaxBuilder' from project 'swift-syntax')

SwiftCompile normal arm64 Compiling\ ResultBuilders.swift /Users/harishvishwakarma/Library/Developer/Xcode/DerivedData/Revolt-dharrjsambcimaaziudpvzjdcigm/SourcePackages/checkouts/swift-syntax/Sources/SwiftSyntaxBuilder/generated/ResultBuilders.swift (in target 'SwiftSyntaxBuilder' from project 'swift-syntax')
SwiftCompile normal arm64 /Users/harishvishwakarma/Library/Developer/Xcode/DerivedData/Revolt-dharrjsambcimaaziudpvzjdcigm/SourcePackages/checkouts/swift-syntax/Sources/SwiftSyntaxBuilder/generated/ResultBuilders.swift (in target 'SwiftSyntaxBuilder' from project 'swift-syntax')
    cd /Users/harishvishwakarma/Handy/Archem/pepchat-ios/Revolt.xcodeproj
    

SwiftDriverJobDiscovery normal arm64 Compiling SyntaxNodeWithBody.swift (in target 'SwiftSyntaxBuilder' from project 'swift-syntax')

SwiftCompile normal x86_64 Compiling\ ResultBuilders.swift /Users/harishvishwakarma/Library/Developer/Xcode/DerivedData/Revolt-dharrjsambcimaaziudpvzjdcigm/SourcePackages/checkouts/swift-syntax/Sources/SwiftSyntaxBuilder/generated/ResultBuilders.swift (in target 'SwiftSyntaxBuilder' from project 'swift-syntax')
SwiftCompile normal x86_64 /Users/harishvishwakarma/Library/Developer/Xcode/DerivedData/Revolt-dharrjsambcimaaziudpvzjdcigm/SourcePackages/checkouts/swift-syntax/Sources/SwiftSyntaxBuilder/generated/ResultBuilders.swift (in target 'SwiftSyntaxBuilder' from project 'swift-syntax')
    cd /Users/harishvishwakarma/Handy/Archem/pepchat-ios/Revolt.xcodeproj
    

SwiftDriverJobDiscovery normal x86_64 Compiling RenamedChildrenBuilderCompatibility.swift (in target 'SwiftSyntaxBuilder' from project 'swift-syntax')

SwiftCompile normal x86_64 Compiling\ Indenter.swift,\ ResultBuilderExtensions.swift /Users/harishvishwakarma/Library/Developer/Xcode/DerivedData/Revolt-dharrjsambcimaaziudpvzjdcigm/SourcePackages/checkouts/swift-syntax/Sources/SwiftSyntaxBuilder/Indenter.swift /Users/harishvishwakarma/Library/Developer/Xcode/DerivedData/Revolt-dharrjsambcimaaziudpvzjdcigm/SourcePackages/checkouts/swift-syntax/Sources/SwiftSyntaxBuilder/ResultBuilderExtensions.swift (in target 'SwiftSyntaxBuilder' from project 'swift-syntax')

SwiftCompile normal x86_64 /Users/harishvishwakarma/Library/Developer/Xcode/DerivedData/Revolt-dharrjsambcimaaziudpvzjdcigm/SourcePackages/checkouts/swift-syntax/Sources/SwiftSyntaxBuilder/Indenter.swift (in target 'SwiftSyntaxBuilder' from project 'swift-syntax')
    cd /Users/harishvishwakarma/Handy/Archem/pepchat-ios/Revolt.xcodeproj
    

SwiftCompile normal x86_64 /Users/harishvishwakarma/Library/Developer/Xcode/DerivedData/Revolt-dharrjsambcimaaziudpvzjdcigm/SourcePackages/checkouts/swift-syntax/Sources/SwiftSyntaxBuilder/ResultBuilderExtensions.swift (in target 'SwiftSyntaxBuilder' from project 'swift-syntax')
    cd /Users/harishvishwakarma/Handy/Archem/pepchat-ios/Revolt.xcodeproj
    

SwiftDriverJobDiscovery normal arm64 Compiling BuildableNodes.swift (in target 'SwiftSyntaxBuilder' from project 'swift-syntax')

SwiftCompile normal x86_64 Compiling\ SyntaxParsable+ExpressibleByStringInterpolation.swift /Users/harishvishwakarma/Library/Developer/Xcode/DerivedData/Revolt-dharrjsambcimaaziudpvzjdcigm/SourcePackages/checkouts/swift-syntax/Sources/SwiftSyntaxBuilder/SyntaxParsable+ExpressibleByStringInterpolation.swift (in target 'SwiftSyntaxBuilder' from project 'swift-syntax')

SwiftCompile normal x86_64 /Users/harishvishwakarma/Library/Developer/Xcode/DerivedData/Revolt-dharrjsambcimaaziudpvzjdcigm/SourcePackages/checkouts/swift-syntax/Sources/SwiftSyntaxBuilder/SyntaxParsable+ExpressibleByStringInterpolation.swift (in target 'SwiftSyntaxBuilder' from project 'swift-syntax')
    cd /Users/harishvishwakarma/Handy/Archem/pepchat-ios/Revolt.xcodeproj
    

SwiftDriverJobDiscovery normal x86_64 Compiling SyntaxExpressibleByStringInterpolationConformances.swift (in target 'SwiftSyntaxBuilder' from project 'swift-syntax')

SwiftCompile normal x86_64 Compiling\ BuildableNodes.swift /Users/harishvishwakarma/Library/Developer/Xcode/DerivedData/Revolt-dharrjsambcimaaziudpvzjdcigm/SourcePackages/checkouts/swift-syntax/Sources/SwiftSyntaxBuilder/generated/BuildableNodes.swift (in target 'SwiftSyntaxBuilder' from project 'swift-syntax')

SwiftCompile normal x86_64 /Users/harishvishwakarma/Library/Developer/Xcode/DerivedData/Revolt-dharrjsambcimaaziudpvzjdcigm/SourcePackages/checkouts/swift-syntax/Sources/SwiftSyntaxBuilder/generated/BuildableNodes.swift (in target 'SwiftSyntaxBuilder' from project 'swift-syntax')
    cd /Users/harishvishwakarma/Handy/Archem/pepchat-ios/Revolt.xcodeproj
    

SwiftDriverJobDiscovery normal arm64 Compiling WithTrailingCommaSyntax+EnsuringTrailingComma.swift (in target 'SwiftSyntaxBuilder' from project 'swift-syntax')

SwiftCompile normal arm64 Compiling\ RenamedChildrenBuilderCompatibility.swift /Users/harishvishwakarma/Library/Developer/Xcode/DerivedData/Revolt-dharrjsambcimaaziudpvzjdcigm/SourcePackages/checkouts/swift-syntax/Sources/SwiftSyntaxBuilder/generated/RenamedChildrenBuilderCompatibility.swift (in target 'SwiftSyntaxBuilder' from project 'swift-syntax')

SwiftCompile normal arm64 /Users/harishvishwakarma/Library/Developer/Xcode/DerivedData/Revolt-dharrjsambcimaaziudpvzjdcigm/SourcePackages/checkouts/swift-syntax/Sources/SwiftSyntaxBuilder/generated/RenamedChildrenBuilderCompatibility.swift (in target 'SwiftSyntaxBuilder' from project 'swift-syntax')
    cd /Users/harishvishwakarma/Handy/Archem/pepchat-ios/Revolt.xcodeproj
    

SwiftDriverJobDiscovery normal arm64 Compiling ConvenienceInitializers.swift, DeclSyntaxParseable.swift (in target 'SwiftSyntaxBuilder' from project 'swift-syntax')

SwiftDriver\ Compilation SwiftParserDiagnostics normal x86_64 com.apple.xcode.tools.swift.compiler (in target 'SwiftParserDiagnostics' from project 'swift-syntax')
    cd /Users/harishvishwakarma/Handy/Archem/pepchat-ios/Revolt.xcodeproj
    builtin-Swift-Compilation -- /Applications/Xcode.app/Contents/Developer/Toolchains/XcodeDefault.xctoolchain/usr/bin/swiftc -module-name SwiftParserDiagnostics -Onone -enforce-exclusivity\=checked @/Users/harishvishwakarma/Library/Developer/Xcode/DerivedData/Revolt-dharrjsambcimaaziudpvzjdcigm/Build/Intermediates.noindex/swift-syntax.build/Debug/SwiftParserDiagnostics.build/Objects-normal/x86_64/SwiftParserDiagnostics.SwiftFileList -DSWIFT_PACKAGE -DDEBUG -DXcode -plugin-path /Applications/Xcode.app/Contents/Developer/Toolchains/XcodeDefault.xctoolchain/usr/lib/swift/host/plugins/testing -enable-experimental-feature DebugDescriptionMacro -sdk /Applications/Xcode.app/Contents/Developer/Platforms/MacOSX.platform/Developer/SDKs/MacOSX15.5.sdk -target x86_64-apple-macos10.15 -g -module-cache-path /Users/harishvishwakarma/Library/Developer/Xcode/DerivedData/ModuleCache.noindex -Xfrontend -serialize-debugging-options -enable-testing -suppress-warnings -index-store-path /Users/harishvishwakarma/Library/Developer/Xcode/DerivedData/Revolt-dharrjsambcimaaziudpvzjdcigm/Index.noindex/DataStore -swift-version 5 -I /Users/harishvishwakarma/Library/Developer/Xcode/DerivedData/Revolt-dharrjsambcimaaziudpvzjdcigm/Build/Products/Debug -I /Applications/Xcode.app/Contents/Developer/Platforms/MacOSX.platform/Developer/usr/lib -F /Users/harishvishwakarma/Library/Developer/Xcode/DerivedData/Revolt-dharrjsambcimaaziudpvzjdcigm/Build/Products/Debug/PackageFrameworks -F /Users/harishvishwakarma/Library/Developer/Xcode/DerivedData/Revolt-dharrjsambcimaaziudpvzjdcigm/Build/Products/Debug/PackageFrameworks -F /Users/harishvishwakarma/Library/Developer/Xcode/DerivedData/Revolt-dharrjsambcimaaziudpvzjdcigm/Build/Products/Debug/PackageFrameworks -F /Users/harishvishwakarma/Library/Developer/Xcode/DerivedData/Revolt-dharrjsambcimaaziudpvzjdcigm/Build/Products/Debug/PackageFrameworks -F /Users/harishvishwakarma/Library/Developer/Xcode/DerivedData/Revolt-dharrjsambcimaaziudpvzjdcigm/Build/Products/Debug/PackageFrameworks -F /Users/harishvishwakarma/Library/Developer/Xcode/DerivedData/Revolt-dharrjsambcimaaziudpvzjdcigm/Build/Products/Debug -F /Applications/Xcode.app/Contents/Developer/Platforms/MacOSX.platform/Developer/Library/Frameworks -c -j12 -enable-batch-mode -incremental -Xcc -ivfsstatcache -Xcc /Users/harishvishwakarma/Library/Developer/Xcode/DerivedData/SDKStatCaches.noindex/macosx15.5-24F74-8254517eb8b97d462ccbc072ba9094c9.sdkstatcache -output-file-map /Users/harishvishwakarma/Library/Developer/Xcode/DerivedData/Revolt-dharrjsambcimaaziudpvzjdcigm/Build/Intermediates.noindex/swift-syntax.build/Debug/SwiftParserDiagnostics.build/Objects-normal/x86_64/SwiftParserDiagnostics-OutputFileMap.json -use-frontend-parseable-output -save-temps -no-color-diagnostics -serialize-diagnostics -emit-dependencies -emit-module -emit-module-path /Users/harishvishwakarma/Library/Developer/Xcode/DerivedData/Revolt-dharrjsambcimaaziudpvzjdcigm/Build/Intermediates.noindex/swift-syntax.build/Debug/SwiftParserDiagnostics.build/Objects-normal/x86_64/SwiftParserDiagnostics.swiftmodule -validate-clang-modules-once -clang-build-session-file /Users/harishvishwakarma/Library/Developer/Xcode/DerivedData/ModuleCache.noindex/Session.modulevalidation -Xcc -I/Users/harishvishwakarma/Library/Developer/Xcode/DerivedData/Revolt-dharrjsambcimaaziudpvzjdcigm/Build/Intermediates.noindex/swift-syntax.build/Debug/SwiftParserDiagnostics.build/swift-overrides.hmap -emit-const-values -Xfrontend -const-gather-protocols-file -Xfrontend /Users/harishvishwakarma/Library/Developer/Xcode/DerivedData/Revolt-dharrjsambcimaaziudpvzjdcigm/Build/Intermediates.noindex/swift-syntax.build/Debug/SwiftParserDiagnostics.build/Objects-normal/x86_64/SwiftParserDiagnostics_const_extract_protocols.json -Xcc -I/Users/harishvishwakarma/Library/Developer/Xcode/DerivedData/Revolt-dharrjsambcimaaziudpvzjdcigm/Build/Products/Debug/include -Xcc -I/Users/harishvishwakarma/Library/Developer/Xcode/DerivedData/Revolt-dharrjsambcimaaziudpvzjdcigm/Build/Intermediates.noindex/swift-syntax.build/Debug/SwiftParserDiagnostics.build/DerivedSources-normal/x86_64 -Xcc -I/Users/harishvishwakarma/Library/Developer/Xcode/DerivedData/Revolt-dharrjsambcimaaziudpvzjdcigm/Build/Intermediates.noindex/swift-syntax.build/Debug/SwiftParserDiagnostics.build/DerivedSources/x86_64 -Xcc -I/Users/harishvishwakarma/Library/Developer/Xcode/DerivedData/Revolt-dharrjsambcimaaziudpvzjdcigm/Build/Intermediates.noindex/swift-syntax.build/Debug/SwiftParserDiagnostics.build/DerivedSources -Xcc -DSWIFT_PACKAGE -Xcc -DDEBUG\=1 -emit-objc-header -emit-objc-header-path /Users/harishvishwakarma/Library/Developer/Xcode/DerivedData/Revolt-dharrjsambcimaaziudpvzjdcigm/Build/Intermediates.noindex/swift-syntax.build/Debug/SwiftParserDiagnostics.build/Objects-normal/x86_64/SwiftParserDiagnostics-Swift.h -working-directory /Users/harishvishwakarma/Handy/Archem/pepchat-ios/Revolt.xcodeproj -experimental-emit-module-separately -disable-cmo

SwiftDriverJobDiscovery normal x86_64 Compiling Syntax+StringInterpolation.swift (in target 'SwiftSyntaxBuilder' from project 'swift-syntax')

SwiftDriver\ Compilation NavigationTransitions normal arm64 com.apple.xcode.tools.swift.compiler (in target 'NavigationTransitions' from project 'swiftui-navigation-transitions')
    cd /Users/harishvishwakarma/Handy/Archem/pepchat-ios/Revolt.xcodeproj
    builtin-Swift-Compilation -- /Applications/Xcode.app/Contents/Developer/Toolchains/XcodeDefault.xctoolchain/usr/bin/swiftc -module-name NavigationTransitions -Onone -enforce-exclusivity\=checked @/Users/harishvishwakarma/Library/Developer/Xcode/DerivedData/Revolt-dharrjsambcimaaziudpvzjdcigm/Build/Intermediates.noindex/swiftui-navigation-transitions.build/Debug-iphoneos/NavigationTransitions.build/Objects-normal/arm64/NavigationTransitions.SwiftFileList -DSWIFT_PACKAGE -DDEBUG -DXcode -plugin-path /Applications/Xcode.app/Contents/Developer/Toolchains/XcodeDefault.xctoolchain/usr/lib/swift/host/plugins/testing -enable-experimental-feature DebugDescriptionMacro -sdk /Applications/Xcode.app/Contents/Developer/Platforms/iPhoneOS.platform/Developer/SDKs/iPhoneOS18.5.sdk -target arm64-apple-ios13.0 -g -module-cache-path /Users/harishvishwakarma/Library/Developer/Xcode/DerivedData/ModuleCache.noindex -Xfrontend -serialize-debugging-options -enable-testing -suppress-warnings -index-store-path /Users/harishvishwakarma/Library/Developer/Xcode/DerivedData/Revolt-dharrjsambcimaaziudpvzjdcigm/Index.noindex/DataStore -swift-version 5 -I /Users/harishvishwakarma/Library/Developer/Xcode/DerivedData/Revolt-dharrjsambcimaaziudpvzjdcigm/Build/Products/Debug-iphoneos -I /Applications/Xcode.app/Contents/Developer/Platforms/iPhoneOS.platform/Developer/usr/lib -F /Users/harishvishwakarma/Library/Developer/Xcode/DerivedData/Revolt-dharrjsambcimaaziudpvzjdcigm/Build/Products/Debug-iphoneos/PackageFrameworks -F /Users/harishvishwakarma/Library/Developer/Xcode/DerivedData/Revolt-dharrjsambcimaaziudpvzjdcigm/Build/Products/Debug-iphoneos/PackageFrameworks -F /Users/harishvishwakarma/Library/Developer/Xcode/DerivedData/Revolt-dharrjsambcimaaziudpvzjdcigm/Build/Products/Debug-iphoneos/PackageFrameworks -F /Users/harishvishwakarma/Library/Developer/Xcode/DerivedData/Revolt-dharrjsambcimaaziudpvzjdcigm/Build/Products/Debug-iphoneos/PackageFrameworks -F /Users/harishvishwakarma/Library/Developer/Xcode/DerivedData/Revolt-dharrjsambcimaaziudpvzjdcigm/Build/Products/Debug-iphoneos/PackageFrameworks -F /Users/harishvishwakarma/Library/Developer/Xcode/DerivedData/Revolt-dharrjsambcimaaziudpvzjdcigm/Build/Products/Debug-iphoneos/PackageFrameworks -F /Users/harishvishwakarma/Library/Developer/Xcode/DerivedData/Revolt-dharrjsambcimaaziudpvzjdcigm/Build/Products/Debug-iphoneos/PackageFrameworks -F /Users/harishvishwakarma/Library/Developer/Xcode/DerivedData/Revolt-dharrjsambcimaaziudpvzjdcigm/Build/Products/Debug-iphoneos -F /Applications/Xcode.app/Contents/Developer/Platforms/iPhoneOS.platform/Developer/Library/Frameworks -F /Applications/Xcode.app/Contents/Developer/Platforms/iPhoneOS.platform/Developer/SDKs/iPhoneOS18.5.sdk/Developer/Library/Frameworks -c -j12 -enable-batch-mode -incremental -Xcc -ivfsstatcache -Xcc /Users/harishvishwakarma/Library/Developer/Xcode/DerivedData/SDKStatCaches.noindex/iphoneos18.5-22F76-7fa4eea80a99bbfdc046826b63ec4baf.sdkstatcache -output-file-map /Users/harishvishwakarma/Library/Developer/Xcode/DerivedData/Revolt-dharrjsambcimaaziudpvzjdcigm/Build/Intermediates.noindex/swiftui-navigation-transitions.build/Debug-iphoneos/NavigationTransitions.build/Objects-normal/arm64/NavigationTransitions-OutputFileMap.json -use-frontend-parseable-output -save-temps -no-color-diagnostics -serialize-diagnostics -emit-dependencies -emit-module -emit-module-path /Users/harishvishwakarma/Library/Developer/Xcode/DerivedData/Revolt-dharrjsambcimaaziudpvzjdcigm/Build/Intermediates.noindex/swiftui-navigation-transitions.build/Debug-iphoneos/NavigationTransitions.build/Objects-normal/arm64/NavigationTransitions.swiftmodule -validate-clang-modules-once -clang-build-session-file /Users/harishvishwakarma/Library/Developer/Xcode/DerivedData/ModuleCache.noindex/Session.modulevalidation -package-name swiftui_navigation_transitions -Xcc -I/Users/harishvishwakarma/Library/Developer/Xcode/DerivedData/Revolt-dharrjsambcimaaziudpvzjdcigm/Build/Intermediates.noindex/swiftui-navigation-transitions.build/Debug-iphoneos/NavigationTransitions.build/swift-overrides.hmap -emit-const-values -Xfrontend -const-gather-protocols-file -Xfrontend /Users/harishvishwakarma/Library/Developer/Xcode/DerivedData/Revolt-dharrjsambcimaaziudpvzjdcigm/Build/Intermediates.noindex/swiftui-navigation-transitions.build/Debug-iphoneos/NavigationTransitions.build/Objects-normal/arm64/NavigationTransitions_const_extract_protocols.json -Xcc -I/Users/harishvishwakarma/Library/Developer/Xcode/DerivedData/Revolt-dharrjsambcimaaziudpvzjdcigm/Build/Products/Debug-iphoneos/include -Xcc -I/Users/harishvishwakarma/Library/Developer/Xcode/DerivedData/Revolt-dharrjsambcimaaziudpvzjdcigm/Build/Intermediates.noindex/swiftui-navigation-transitions.build/Debug-iphoneos/NavigationTransitions.build/DerivedSources-normal/arm64 -Xcc -I/Users/harishvishwakarma/Library/Developer/Xcode/DerivedData/Revolt-dharrjsambcimaaziudpvzjdcigm/Build/Intermediates.noindex/swiftui-navigation-transitions.build/Debug-iphoneos/NavigationTransitions.build/DerivedSources/arm64 -Xcc -I/Users/harishvishwakarma/Library/Developer/Xcode/DerivedData/Revolt-dharrjsambcimaaziudpvzjdcigm/Build/Intermediates.noindex/swiftui-navigation-transitions.build/Debug-iphoneos/NavigationTransitions.build/DerivedSources -Xcc -DSWIFT_PACKAGE -Xcc -DDEBUG\=1 -emit-objc-header -emit-objc-header-path /Users/harishvishwakarma/Library/Developer/Xcode/DerivedData/Revolt-dharrjsambcimaaziudpvzjdcigm/Build/Intermediates.noindex/swiftui-navigation-transitions.build/Debug-iphoneos/NavigationTransitions.build/Objects-normal/arm64/NavigationTransitions-Swift.h -working-directory /Users/harishvishwakarma/Handy/Archem/pepchat-ios/Revolt.xcodeproj -experimental-emit-module-separately -disable-cmo

RegisterExecutionPolicyException /Users/harishvishwakarma/Library/Developer/Xcode/DerivedData/Revolt-dharrjsambcimaaziudpvzjdcigm/Build/Products/Debug-iphoneos/_RopeModule.o (in target '_RopeModule' from project 'swift-collections')
    cd /Users/harishvishwakarma/Library/Developer/Xcode/DerivedData/Revolt-dharrjsambcimaaziudpvzjdcigm/SourcePackages/checkouts/swift-collections
    builtin-RegisterExecutionPolicyException /Users/harishvishwakarma/Library/Developer/Xcode/DerivedData/Revolt-dharrjsambcimaaziudpvzjdcigm/Build/Products/Debug-iphoneos/_RopeModule.o

RegisterExecutionPolicyException /Users/harishvishwakarma/Library/Developer/Xcode/DerivedData/Revolt-dharrjsambcimaaziudpvzjdcigm/Build/Products/Debug-iphoneos/XCTestDynamicOverlay.o (in target 'XCTestDynamicOverlay' from project 'xctest-dynamic-overlay')
    cd /Users/harishvishwakarma/Library/Developer/Xcode/DerivedData/Revolt-dharrjsambcimaaziudpvzjdcigm/SourcePackages/checkouts/xctest-dynamic-overlay
    builtin-RegisterExecutionPolicyException /Users/harishvishwakarma/Library/Developer/Xcode/DerivedData/Revolt-dharrjsambcimaaziudpvzjdcigm/Build/Products/Debug-iphoneos/XCTestDynamicOverlay.o

RegisterExecutionPolicyException /Users/harishvishwakarma/Library/Developer/Xcode/DerivedData/Revolt-dharrjsambcimaaziudpvzjdcigm/Build/Products/Debug/SwiftSyntax.o (in target 'SwiftSyntax' from project 'swift-syntax')
    cd /Users/harishvishwakarma/Library/Developer/Xcode/DerivedData/Revolt-dharrjsambcimaaziudpvzjdcigm/SourcePackages/checkouts/swift-syntax
    builtin-RegisterExecutionPolicyException /Users/harishvishwakarma/Library/Developer/Xcode/DerivedData/Revolt-dharrjsambcimaaziudpvzjdcigm/Build/Products/Debug/SwiftSyntax.o

RegisterExecutionPolicyException /Users/harishvishwakarma/Library/Developer/Xcode/DerivedData/Revolt-dharrjsambcimaaziudpvzjdcigm/Build/Products/Debug-iphoneos/PopupView.o (in target 'PopupView' from project 'PopupView')
    cd /Users/harishvishwakarma/Library/Developer/Xcode/DerivedData/Revolt-dharrjsambcimaaziudpvzjdcigm/SourcePackages/checkouts/PopupView
    builtin-RegisterExecutionPolicyException /Users/harishvishwakarma/Library/Developer/Xcode/DerivedData/Revolt-dharrjsambcimaaziudpvzjdcigm/Build/Products/Debug-iphoneos/PopupView.o

ExtractAppIntentsMetadata (in target 'AtomicTransition' from project 'swiftui-navigation-transitions')
    cd /Users/harishvishwakarma/Library/Developer/Xcode/DerivedData/Revolt-dharrjsambcimaaziudpvzjdcigm/SourcePackages/checkouts/swiftui-navigation-transitions
    /Applications/Xcode.app/Contents/Developer/Toolchains/XcodeDefault.xctoolchain/usr/bin/appintentsmetadataprocessor --toolchain-dir /Applications/Xcode.app/Contents/Developer/Toolchains/XcodeDefault.xctoolchain --module-name AtomicTransition --sdk-root /Applications/Xcode.app/Contents/Developer/Platforms/iPhoneOS.platform/Developer/SDKs/iPhoneOS18.5.sdk --xcode-version 16F6 --platform-family iOS --deployment-target 13.0 --bundle-identifier swiftui-navigation-transitions.AtomicTransition --output /Users/harishvishwakarma/Library/Developer/Xcode/DerivedData/Revolt-dharrjsambcimaaziudpvzjdcigm/Build/Products/Debug-iphoneos/AtomicTransition.appintents --target-triple arm64-apple-ios13.0 --binary-file /Users/harishvishwakarma/Library/Developer/Xcode/DerivedData/Revolt-dharrjsambcimaaziudpvzjdcigm/Build/Products/Debug-iphoneos/AtomicTransition.o --dependency-file /Users/harishvishwakarma/Library/Developer/Xcode/DerivedData/Revolt-dharrjsambcimaaziudpvzjdcigm/Build/Intermediates.noindex/swiftui-navigation-transitions.build/Debug-iphoneos/AtomicTransition.build/Objects-normal/arm64/AtomicTransition_dependency_info.dat --stringsdata-file /Users/harishvishwakarma/Library/Developer/Xcode/DerivedData/Revolt-dharrjsambcimaaziudpvzjdcigm/Build/Intermediates.noindex/swiftui-navigation-transitions.build/Debug-iphoneos/AtomicTransition.build/Objects-normal/arm64/ExtractedAppShortcutsMetadata.stringsdata --source-file-list /Users/harishvishwakarma/Library/Developer/Xcode/DerivedData/Revolt-dharrjsambcimaaziudpvzjdcigm/Build/Intermediates.noindex/swiftui-navigation-transitions.build/Debug-iphoneos/AtomicTransition.build/Objects-normal/arm64/AtomicTransition.SwiftFileList --metadata-file-list /Users/harishvishwakarma/Library/Developer/Xcode/DerivedData/Revolt-dharrjsambcimaaziudpvzjdcigm/Build/Intermediates.noindex/swiftui-navigation-transitions.build/Debug-iphoneos/AtomicTransition.build/AtomicTransition.DependencyMetadataFileList --static-metadata-file-list /Users/harishvishwakarma/Library/Developer/Xcode/DerivedData/Revolt-dharrjsambcimaaziudpvzjdcigm/Build/Intermediates.noindex/swiftui-navigation-transitions.build/Debug-iphoneos/AtomicTransition.build/AtomicTransition.DependencyStaticMetadataFileList --swift-const-vals-list /Users/harishvishwakarma/Library/Developer/Xcode/DerivedData/Revolt-dharrjsambcimaaziudpvzjdcigm/Build/Intermediates.noindex/swiftui-navigation-transitions.build/Debug-iphoneos/AtomicTransition.build/Objects-normal/arm64/AtomicTransition.SwiftConstValuesFileList --force --compile-time-extraction --deployment-aware-processing --validate-assistant-intents --no-app-shortcuts-localization
2026-01-08 18:38:44.436 appintentsmetadataprocessor[99815:1139037] Starting appintentsmetadataprocessor export
2026-01-08 18:38:44.505 appintentsmetadataprocessor[99815:1139037] Extracted no relevant App Intents symbols, skipping writing output

SwiftDriverJobDiscovery normal x86_64 Compiling SyntaxNodeWithBody.swift (in target 'SwiftSyntaxBuilder' from project 'swift-syntax')

RegisterExecutionPolicyException /Users/harishvishwakarma/Library/Developer/Xcode/DerivedData/Revolt-dharrjsambcimaaziudpvzjdcigm/Build/Products/Debug-iphoneos/OrderedCollections.o (in target 'OrderedCollections' from project 'swift-collections')
    cd /Users/harishvishwakarma/Library/Developer/Xcode/DerivedData/Revolt-dharrjsambcimaaziudpvzjdcigm/SourcePackages/checkouts/swift-collections
    builtin-RegisterExecutionPolicyException /Users/harishvishwakarma/Library/Developer/Xcode/DerivedData/Revolt-dharrjsambcimaaziudpvzjdcigm/Build/Products/Debug-iphoneos/OrderedCollections.o

RegisterExecutionPolicyException /Users/harishvishwakarma/Library/Developer/Xcode/DerivedData/Revolt-dharrjsambcimaaziudpvzjdcigm/Build/Products/Debug-iphoneos/HeapModule.o (in target 'HeapModule' from project 'swift-collections')
    cd /Users/harishvishwakarma/Library/Developer/Xcode/DerivedData/Revolt-dharrjsambcimaaziudpvzjdcigm/SourcePackages/checkouts/swift-collections
    builtin-RegisterExecutionPolicyException /Users/harishvishwakarma/Library/Developer/Xcode/DerivedData/Revolt-dharrjsambcimaaziudpvzjdcigm/Build/Products/Debug-iphoneos/HeapModule.o

RegisterExecutionPolicyException /Users/harishvishwakarma/Library/Developer/Xcode/DerivedData/Revolt-dharrjsambcimaaziudpvzjdcigm/Build/Products/Debug-iphoneos/HashTreeCollections.o (in target 'HashTreeCollections' from project 'swift-collections')
    cd /Users/harishvishwakarma/Library/Developer/Xcode/DerivedData/Revolt-dharrjsambcimaaziudpvzjdcigm/SourcePackages/checkouts/swift-collections
    builtin-RegisterExecutionPolicyException /Users/harishvishwakarma/Library/Developer/Xcode/DerivedData/Revolt-dharrjsambcimaaziudpvzjdcigm/Build/Products/Debug-iphoneos/HashTreeCollections.o

RegisterExecutionPolicyException /Users/harishvishwakarma/Library/Developer/Xcode/DerivedData/Revolt-dharrjsambcimaaziudpvzjdcigm/Build/Products/Debug-iphoneos/DequeModule.o (in target 'DequeModule' from project 'swift-collections')
    cd /Users/harishvishwakarma/Library/Developer/Xcode/DerivedData/Revolt-dharrjsambcimaaziudpvzjdcigm/SourcePackages/checkouts/swift-collections
    builtin-RegisterExecutionPolicyException /Users/harishvishwakarma/Library/Developer/Xcode/DerivedData/Revolt-dharrjsambcimaaziudpvzjdcigm/Build/Products/Debug-iphoneos/DequeModule.o

Ld /Users/harishvishwakarma/Library/Developer/Xcode/DerivedData/Revolt-dharrjsambcimaaziudpvzjdcigm/Build/Intermediates.noindex/swift-syntax.build/Debug/SwiftParser.build/Objects-normal/x86_64/Binary/SwiftParser.o normal x86_64 (in target 'SwiftParser' from project 'swift-syntax')
    cd /Users/harishvishwakarma/Library/Developer/Xcode/DerivedData/Revolt-dharrjsambcimaaziudpvzjdcigm/SourcePackages/checkouts/swift-syntax
    /Applications/Xcode.app/Contents/Developer/Toolchains/XcodeDefault.xctoolchain/usr/bin/clang -Xlinker -reproducible -target x86_64-apple-macos10.15 -r -isysroot /Applications/Xcode.app/Contents/Developer/Platforms/MacOSX.platform/Developer/SDKs/MacOSX15.5.sdk -O0 -w -L/Users/harishvishwakarma/Library/Developer/Xcode/DerivedData/Revolt-dharrjsambcimaaziudpvzjdcigm/Build/Intermediates.noindex/EagerLinkingTBDs/Debug -L/Users/harishvishwakarma/Library/Developer/Xcode/DerivedData/Revolt-dharrjsambcimaaziudpvzjdcigm/Build/Products/Debug -L/Applications/Xcode.app/Contents/Developer/Platforms/MacOSX.platform/Developer/usr/lib -F/Users/harishvishwakarma/Library/Developer/Xcode/DerivedData/Revolt-dharrjsambcimaaziudpvzjdcigm/Build/Intermediates.noindex/EagerLinkingTBDs/Debug -F/Users/harishvishwakarma/Library/Developer/Xcode/DerivedData/Revolt-dharrjsambcimaaziudpvzjdcigm/Build/Products/Debug/PackageFrameworks -F/Users/harishvishwakarma/Library/Developer/Xcode/DerivedData/Revolt-dharrjsambcimaaziudpvzjdcigm/Build/Products/Debug/PackageFrameworks -F/Users/harishvishwakarma/Library/Developer/Xcode/DerivedData/Revolt-dharrjsambcimaaziudpvzjdcigm/Build/Products/Debug -iframework /Applications/Xcode.app/Contents/Developer/Platforms/MacOSX.platform/Developer/Library/Frameworks -filelist /Users/harishvishwakarma/Library/Developer/Xcode/DerivedData/Revolt-dharrjsambcimaaziudpvzjdcigm/Build/Intermediates.noindex/swift-syntax.build/Debug/SwiftParser.build/Objects-normal/x86_64/SwiftParser.LinkFileList -nostdlib -Xlinker -object_path_lto -Xlinker /Users/harishvishwakarma/Library/Developer/Xcode/DerivedData/Revolt-dharrjsambcimaaziudpvzjdcigm/Build/Intermediates.noindex/swift-syntax.build/Debug/SwiftParser.build/Objects-normal/x86_64/SwiftParser_lto.o -rdynamic -Xlinker -no_deduplicate -Xlinker -dependency_info -Xlinker /Users/harishvishwakarma/Library/Developer/Xcode/DerivedData/Revolt-dharrjsambcimaaziudpvzjdcigm/Build/Intermediates.noindex/swift-syntax.build/Debug/SwiftParser.build/Objects-normal/x86_64/SwiftParser_dependency_info.dat -fobjc-link-runtime -L/Applications/Xcode.app/Contents/Developer/Toolchains/XcodeDefault.xctoolchain/usr/lib/swift/macosx -L/usr/lib/swift -Xlinker -add_ast_path -Xlinker /Users/harishvishwakarma/Library/Developer/Xcode/DerivedData/Revolt-dharrjsambcimaaziudpvzjdcigm/Build/Intermediates.noindex/swift-syntax.build/Debug/SwiftParser.build/Objects-normal/x86_64/SwiftParser.swiftmodule -o /Users/harishvishwakarma/Library/Developer/Xcode/DerivedData/Revolt-dharrjsambcimaaziudpvzjdcigm/Build/Intermediates.noindex/swift-syntax.build/Debug/SwiftParser.build/Objects-normal/x86_64/Binary/SwiftParser.o

SwiftDriver SwiftSyntaxMacros normal arm64 com.apple.xcode.tools.swift.compiler (in target 'SwiftSyntaxMacros' from project 'swift-syntax')
    cd /Users/harishvishwakarma/Handy/Archem/pepchat-ios/Revolt.xcodeproj
    builtin-SwiftDriver -- /Applications/Xcode.app/Contents/Developer/Toolchains/XcodeDefault.xctoolchain/usr/bin/swiftc -module-name SwiftSyntaxMacros -Onone -enforce-exclusivity\=checked @/Users/harishvishwakarma/Library/Developer/Xcode/DerivedData/Revolt-dharrjsambcimaaziudpvzjdcigm/Build/Intermediates.noindex/swift-syntax.build/Debug/SwiftSyntaxMacros.build/Objects-normal/arm64/SwiftSyntaxMacros.SwiftFileList -DSWIFT_PACKAGE -DDEBUG -DXcode -plugin-path /Applications/Xcode.app/Contents/Developer/Toolchains/XcodeDefault.xctoolchain/usr/lib/swift/host/plugins/testing -enable-experimental-feature DebugDescriptionMacro -sdk /Applications/Xcode.app/Contents/Developer/Platforms/MacOSX.platform/Developer/SDKs/MacOSX15.5.sdk -target arm64-apple-macos10.15 -g -module-cache-path /Users/harishvishwakarma/Library/Developer/Xcode/DerivedData/ModuleCache.noindex -Xfrontend -serialize-debugging-options -enable-testing -suppress-warnings -index-store-path /Users/harishvishwakarma/Library/Developer/Xcode/DerivedData/Revolt-dharrjsambcimaaziudpvzjdcigm/Index.noindex/DataStore -swift-version 5 -I /Users/harishvishwakarma/Library/Developer/Xcode/DerivedData/Revolt-dharrjsambcimaaziudpvzjdcigm/Build/Products/Debug -I /Applications/Xcode.app/Contents/Developer/Platforms/MacOSX.platform/Developer/usr/lib -F /Users/harishvishwakarma/Library/Developer/Xcode/DerivedData/Revolt-dharrjsambcimaaziudpvzjdcigm/Build/Products/Debug/PackageFrameworks -F /Users/harishvishwakarma/Library/Developer/Xcode/DerivedData/Revolt-dharrjsambcimaaziudpvzjdcigm/Build/Products/Debug/PackageFrameworks -F /Users/harishvishwakarma/Library/Developer/Xcode/DerivedData/Revolt-dharrjsambcimaaziudpvzjdcigm/Build/Products/Debug/PackageFrameworks -F /Users/harishvishwakarma/Library/Developer/Xcode/DerivedData/Revolt-dharrjsambcimaaziudpvzjdcigm/Build/Products/Debug/PackageFrameworks -F /Users/harishvishwakarma/Library/Developer/Xcode/DerivedData/Revolt-dharrjsambcimaaziudpvzjdcigm/Build/Products/Debug/PackageFrameworks -F /Users/harishvishwakarma/Library/Developer/Xcode/DerivedData/Revolt-dharrjsambcimaaziudpvzjdcigm/Build/Products/Debug/PackageFrameworks -F /Users/harishvishwakarma/Library/Developer/Xcode/DerivedData/Revolt-dharrjsambcimaaziudpvzjdcigm/Build/Products/Debug/PackageFrameworks -F /Users/harishvishwakarma/Library/Developer/Xcode/DerivedData/Revolt-dharrjsambcimaaziudpvzjdcigm/Build/Products/Debug -F /Applications/Xcode.app/Contents/Developer/Platforms/MacOSX.platform/Developer/Library/Frameworks -c -j12 -enable-batch-mode -incremental -Xcc -ivfsstatcache -Xcc /Users/harishvishwakarma/Library/Developer/Xcode/DerivedData/SDKStatCaches.noindex/macosx15.5-24F74-8254517eb8b97d462ccbc072ba9094c9.sdkstatcache -output-file-map /Users/harishvishwakarma/Library/Developer/Xcode/DerivedData/Revolt-dharrjsambcimaaziudpvzjdcigm/Build/Intermediates.noindex/swift-syntax.build/Debug/SwiftSyntaxMacros.build/Objects-normal/arm64/SwiftSyntaxMacros-OutputFileMap.json -use-frontend-parseable-output -save-temps -no-color-diagnostics -serialize-diagnostics -emit-dependencies -emit-module -emit-module-path /Users/harishvishwakarma/Library/Developer/Xcode/DerivedData/Revolt-dharrjsambcimaaziudpvzjdcigm/Build/Intermediates.noindex/swift-syntax.build/Debug/SwiftSyntaxMacros.build/Objects-normal/arm64/SwiftSyntaxMacros.swiftmodule -validate-clang-modules-once -clang-build-session-file /Users/harishvishwakarma/Library/Developer/Xcode/DerivedData/ModuleCache.noindex/Session.modulevalidation -Xcc -I/Users/harishvishwakarma/Library/Developer/Xcode/DerivedData/Revolt-dharrjsambcimaaziudpvzjdcigm/Build/Intermediates.noindex/swift-syntax.build/Debug/SwiftSyntaxMacros.build/swift-overrides.hmap -emit-const-values -Xfrontend -const-gather-protocols-file -Xfrontend /Users/harishvishwakarma/Library/Developer/Xcode/DerivedData/Revolt-dharrjsambcimaaziudpvzjdcigm/Build/Intermediates.noindex/swift-syntax.build/Debug/SwiftSyntaxMacros.build/Objects-normal/arm64/SwiftSyntaxMacros_const_extract_protocols.json -Xcc -I/Users/harishvishwakarma/Library/Developer/Xcode/DerivedData/Revolt-dharrjsambcimaaziudpvzjdcigm/Build/Products/Debug/include -Xcc -I/Users/harishvishwakarma/Library/Developer/Xcode/DerivedData/Revolt-dharrjsambcimaaziudpvzjdcigm/Build/Intermediates.noindex/swift-syntax.build/Debug/SwiftSyntaxMacros.build/DerivedSources-normal/arm64 -Xcc -I/Users/harishvishwakarma/Library/Developer/Xcode/DerivedData/Revolt-dharrjsambcimaaziudpvzjdcigm/Build/Intermediates.noindex/swift-syntax.build/Debug/SwiftSyntaxMacros.build/DerivedSources/arm64 -Xcc -I/Users/harishvishwakarma/Library/Developer/Xcode/DerivedData/Revolt-dharrjsambcimaaziudpvzjdcigm/Build/Intermediates.noindex/swift-syntax.build/Debug/SwiftSyntaxMacros.build/DerivedSources -Xcc -DSWIFT_PACKAGE -Xcc -DDEBUG\=1 -emit-objc-header -emit-objc-header-path /Users/harishvishwakarma/Library/Developer/Xcode/DerivedData/Revolt-dharrjsambcimaaziudpvzjdcigm/Build/Intermediates.noindex/swift-syntax.build/Debug/SwiftSyntaxMacros.build/Objects-normal/arm64/SwiftSyntaxMacros-Swift.h -working-directory /Users/harishvishwakarma/Handy/Archem/pepchat-ios/Revolt.xcodeproj -experimental-emit-module-separately -disable-cmo

SwiftDriver SwiftSyntaxMacros normal x86_64 com.apple.xcode.tools.swift.compiler (in target 'SwiftSyntaxMacros' from project 'swift-syntax')
    cd /Users/harishvishwakarma/Handy/Archem/pepchat-ios/Revolt.xcodeproj
    builtin-SwiftDriver -- /Applications/Xcode.app/Contents/Developer/Toolchains/XcodeDefault.xctoolchain/usr/bin/swiftc -module-name SwiftSyntaxMacros -Onone -enforce-exclusivity\=checked @/Users/harishvishwakarma/Library/Developer/Xcode/DerivedData/Revolt-dharrjsambcimaaziudpvzjdcigm/Build/Intermediates.noindex/swift-syntax.build/Debug/SwiftSyntaxMacros.build/Objects-normal/x86_64/SwiftSyntaxMacros.SwiftFileList -DSWIFT_PACKAGE -DDEBUG -DXcode -plugin-path /Applications/Xcode.app/Contents/Developer/Toolchains/XcodeDefault.xctoolchain/usr/lib/swift/host/plugins/testing -enable-experimental-feature DebugDescriptionMacro -sdk /Applications/Xcode.app/Contents/Developer/Platforms/MacOSX.platform/Developer/SDKs/MacOSX15.5.sdk -target x86_64-apple-macos10.15 -g -module-cache-path /Users/harishvishwakarma/Library/Developer/Xcode/DerivedData/ModuleCache.noindex -Xfrontend -serialize-debugging-options -enable-testing -suppress-warnings -index-store-path /Users/harishvishwakarma/Library/Developer/Xcode/DerivedData/Revolt-dharrjsambcimaaziudpvzjdcigm/Index.noindex/DataStore -swift-version 5 -I /Users/harishvishwakarma/Library/Developer/Xcode/DerivedData/Revolt-dharrjsambcimaaziudpvzjdcigm/Build/Products/Debug -I /Applications/Xcode.app/Contents/Developer/Platforms/MacOSX.platform/Developer/usr/lib -F /Users/harishvishwakarma/Library/Developer/Xcode/DerivedData/Revolt-dharrjsambcimaaziudpvzjdcigm/Build/Products/Debug/PackageFrameworks -F /Users/harishvishwakarma/Library/Developer/Xcode/DerivedData/Revolt-dharrjsambcimaaziudpvzjdcigm/Build/Products/Debug/PackageFrameworks -F /Users/harishvishwakarma/Library/Developer/Xcode/DerivedData/Revolt-dharrjsambcimaaziudpvzjdcigm/Build/Products/Debug/PackageFrameworks -F /Users/harishvishwakarma/Library/Developer/Xcode/DerivedData/Revolt-dharrjsambcimaaziudpvzjdcigm/Build/Products/Debug/PackageFrameworks -F /Users/harishvishwakarma/Library/Developer/Xcode/DerivedData/Revolt-dharrjsambcimaaziudpvzjdcigm/Build/Products/Debug/PackageFrameworks -F /Users/harishvishwakarma/Library/Developer/Xcode/DerivedData/Revolt-dharrjsambcimaaziudpvzjdcigm/Build/Products/Debug/PackageFrameworks -F /Users/harishvishwakarma/Library/Developer/Xcode/DerivedData/Revolt-dharrjsambcimaaziudpvzjdcigm/Build/Products/Debug/PackageFrameworks -F /Users/harishvishwakarma/Library/Developer/Xcode/DerivedData/Revolt-dharrjsambcimaaziudpvzjdcigm/Build/Products/Debug -F /Applications/Xcode.app/Contents/Developer/Platforms/MacOSX.platform/Developer/Library/Frameworks -c -j12 -enable-batch-mode -incremental -Xcc -ivfsstatcache -Xcc /Users/harishvishwakarma/Library/Developer/Xcode/DerivedData/SDKStatCaches.noindex/macosx15.5-24F74-8254517eb8b97d462ccbc072ba9094c9.sdkstatcache -output-file-map /Users/harishvishwakarma/Library/Developer/Xcode/DerivedData/Revolt-dharrjsambcimaaziudpvzjdcigm/Build/Intermediates.noindex/swift-syntax.build/Debug/SwiftSyntaxMacros.build/Objects-normal/x86_64/SwiftSyntaxMacros-OutputFileMap.json -use-frontend-parseable-output -save-temps -no-color-diagnostics -serialize-diagnostics -emit-dependencies -emit-module -emit-module-path /Users/harishvishwakarma/Library/Developer/Xcode/DerivedData/Revolt-dharrjsambcimaaziudpvzjdcigm/Build/Intermediates.noindex/swift-syntax.build/Debug/SwiftSyntaxMacros.build/Objects-normal/x86_64/SwiftSyntaxMacros.swiftmodule -validate-clang-modules-once -clang-build-session-file /Users/harishvishwakarma/Library/Developer/Xcode/DerivedData/ModuleCache.noindex/Session.modulevalidation -Xcc -I/Users/harishvishwakarma/Library/Developer/Xcode/DerivedData/Revolt-dharrjsambcimaaziudpvzjdcigm/Build/Intermediates.noindex/swift-syntax.build/Debug/SwiftSyntaxMacros.build/swift-overrides.hmap -emit-const-values -Xfrontend -const-gather-protocols-file -Xfrontend /Users/harishvishwakarma/Library/Developer/Xcode/DerivedData/Revolt-dharrjsambcimaaziudpvzjdcigm/Build/Intermediates.noindex/swift-syntax.build/Debug/SwiftSyntaxMacros.build/Objects-normal/x86_64/SwiftSyntaxMacros_const_extract_protocols.json -Xcc -I/Users/harishvishwakarma/Library/Developer/Xcode/DerivedData/Revolt-dharrjsambcimaaziudpvzjdcigm/Build/Products/Debug/include -Xcc -I/Users/harishvishwakarma/Library/Developer/Xcode/DerivedData/Revolt-dharrjsambcimaaziudpvzjdcigm/Build/Intermediates.noindex/swift-syntax.build/Debug/SwiftSyntaxMacros.build/DerivedSources-normal/x86_64 -Xcc -I/Users/harishvishwakarma/Library/Developer/Xcode/DerivedData/Revolt-dharrjsambcimaaziudpvzjdcigm/Build/Intermediates.noindex/swift-syntax.build/Debug/SwiftSyntaxMacros.build/DerivedSources/x86_64 -Xcc -I/Users/harishvishwakarma/Library/Developer/Xcode/DerivedData/Revolt-dharrjsambcimaaziudpvzjdcigm/Build/Intermediates.noindex/swift-syntax.build/Debug/SwiftSyntaxMacros.build/DerivedSources -Xcc -DSWIFT_PACKAGE -Xcc -DDEBUG\=1 -emit-objc-header -emit-objc-header-path /Users/harishvishwakarma/Library/Developer/Xcode/DerivedData/Revolt-dharrjsambcimaaziudpvzjdcigm/Build/Intermediates.noindex/swift-syntax.build/Debug/SwiftSyntaxMacros.build/Objects-normal/x86_64/SwiftSyntaxMacros-Swift.h -working-directory /Users/harishvishwakarma/Handy/Archem/pepchat-ios/Revolt.xcodeproj -experimental-emit-module-separately -disable-cmo

Ld /Users/harishvishwakarma/Library/Developer/Xcode/DerivedData/Revolt-dharrjsambcimaaziudpvzjdcigm/Build/Intermediates.noindex/swift-syntax.build/Debug/SwiftParser.build/Objects-normal/arm64/Binary/SwiftParser.o normal arm64 (in target 'SwiftParser' from project 'swift-syntax')
    cd /Users/harishvishwakarma/Library/Developer/Xcode/DerivedData/Revolt-dharrjsambcimaaziudpvzjdcigm/SourcePackages/checkouts/swift-syntax
    /Applications/Xcode.app/Contents/Developer/Toolchains/XcodeDefault.xctoolchain/usr/bin/clang -Xlinker -reproducible -target arm64-apple-macos10.15 -r -isysroot /Applications/Xcode.app/Contents/Developer/Platforms/MacOSX.platform/Developer/SDKs/MacOSX15.5.sdk -O0 -w -L/Users/harishvishwakarma/Library/Developer/Xcode/DerivedData/Revolt-dharrjsambcimaaziudpvzjdcigm/Build/Intermediates.noindex/EagerLinkingTBDs/Debug -L/Users/harishvishwakarma/Library/Developer/Xcode/DerivedData/Revolt-dharrjsambcimaaziudpvzjdcigm/Build/Products/Debug -L/Applications/Xcode.app/Contents/Developer/Platforms/MacOSX.platform/Developer/usr/lib -F/Users/harishvishwakarma/Library/Developer/Xcode/DerivedData/Revolt-dharrjsambcimaaziudpvzjdcigm/Build/Intermediates.noindex/EagerLinkingTBDs/Debug -F/Users/harishvishwakarma/Library/Developer/Xcode/DerivedData/Revolt-dharrjsambcimaaziudpvzjdcigm/Build/Products/Debug/PackageFrameworks -F/Users/harishvishwakarma/Library/Developer/Xcode/DerivedData/Revolt-dharrjsambcimaaziudpvzjdcigm/Build/Products/Debug/PackageFrameworks -F/Users/harishvishwakarma/Library/Developer/Xcode/DerivedData/Revolt-dharrjsambcimaaziudpvzjdcigm/Build/Products/Debug -iframework /Applications/Xcode.app/Contents/Developer/Platforms/MacOSX.platform/Developer/Library/Frameworks -filelist /Users/harishvishwakarma/Library/Developer/Xcode/DerivedData/Revolt-dharrjsambcimaaziudpvzjdcigm/Build/Intermediates.noindex/swift-syntax.build/Debug/SwiftParser.build/Objects-normal/arm64/SwiftParser.LinkFileList -nostdlib -Xlinker -object_path_lto -Xlinker /Users/harishvishwakarma/Library/Developer/Xcode/DerivedData/Revolt-dharrjsambcimaaziudpvzjdcigm/Build/Intermediates.noindex/swift-syntax.build/Debug/SwiftParser.build/Objects-normal/arm64/SwiftParser_lto.o -rdynamic -Xlinker -no_deduplicate -Xlinker -dependency_info -Xlinker /Users/harishvishwakarma/Library/Developer/Xcode/DerivedData/Revolt-dharrjsambcimaaziudpvzjdcigm/Build/Intermediates.noindex/swift-syntax.build/Debug/SwiftParser.build/Objects-normal/arm64/SwiftParser_dependency_info.dat -fobjc-link-runtime -L/Applications/Xcode.app/Contents/Developer/Toolchains/XcodeDefault.xctoolchain/usr/lib/swift/macosx -L/usr/lib/swift -Xlinker -add_ast_path -Xlinker /Users/harishvishwakarma/Library/Developer/Xcode/DerivedData/Revolt-dharrjsambcimaaziudpvzjdcigm/Build/Intermediates.noindex/swift-syntax.build/Debug/SwiftParser.build/Objects-normal/arm64/SwiftParser.swiftmodule -o /Users/harishvishwakarma/Library/Developer/Xcode/DerivedData/Revolt-dharrjsambcimaaziudpvzjdcigm/Build/Intermediates.noindex/swift-syntax.build/Debug/SwiftParser.build/Objects-normal/arm64/Binary/SwiftParser.o

SwiftDriverJobDiscovery normal arm64 Compiling Indenter.swift, ResultBuilderExtensions.swift (in target 'SwiftSyntaxBuilder' from project 'swift-syntax')

Ld /Users/harishvishwakarma/Library/Developer/Xcode/DerivedData/Revolt-dharrjsambcimaaziudpvzjdcigm/Build/Intermediates.noindex/swift-syntax.build/Debug/SwiftDiagnostics.build/Objects-normal/x86_64/Binary/SwiftDiagnostics.o normal x86_64 (in target 'SwiftDiagnostics' from project 'swift-syntax')
    cd /Users/harishvishwakarma/Library/Developer/Xcode/DerivedData/Revolt-dharrjsambcimaaziudpvzjdcigm/SourcePackages/checkouts/swift-syntax
    /Applications/Xcode.app/Contents/Developer/Toolchains/XcodeDefault.xctoolchain/usr/bin/clang -Xlinker -reproducible -target x86_64-apple-macos10.15 -r -isysroot /Applications/Xcode.app/Contents/Developer/Platforms/MacOSX.platform/Developer/SDKs/MacOSX15.5.sdk -O0 -w -L/Users/harishvishwakarma/Library/Developer/Xcode/DerivedData/Revolt-dharrjsambcimaaziudpvzjdcigm/Build/Intermediates.noindex/EagerLinkingTBDs/Debug -L/Users/harishvishwakarma/Library/Developer/Xcode/DerivedData/Revolt-dharrjsambcimaaziudpvzjdcigm/Build/Products/Debug -L/Applications/Xcode.app/Contents/Developer/Platforms/MacOSX.platform/Developer/usr/lib -F/Users/harishvishwakarma/Library/Developer/Xcode/DerivedData/Revolt-dharrjsambcimaaziudpvzjdcigm/Build/Intermediates.noindex/EagerLinkingTBDs/Debug -F/Users/harishvishwakarma/Library/Developer/Xcode/DerivedData/Revolt-dharrjsambcimaaziudpvzjdcigm/Build/Products/Debug/PackageFrameworks -F/Users/harishvishwakarma/Library/Developer/Xcode/DerivedData/Revolt-dharrjsambcimaaziudpvzjdcigm/Build/Products/Debug/PackageFrameworks -F/Users/harishvishwakarma/Library/Developer/Xcode/DerivedData/Revolt-dharrjsambcimaaziudpvzjdcigm/Build/Products/Debug -iframework /Applications/Xcode.app/Contents/Developer/Platforms/MacOSX.platform/Developer/Library/Frameworks -filelist /Users/harishvishwakarma/Library/Developer/Xcode/DerivedData/Revolt-dharrjsambcimaaziudpvzjdcigm/Build/Intermediates.noindex/swift-syntax.build/Debug/SwiftDiagnostics.build/Objects-normal/x86_64/SwiftDiagnostics.LinkFileList -nostdlib -Xlinker -object_path_lto -Xlinker /Users/harishvishwakarma/Library/Developer/Xcode/DerivedData/Revolt-dharrjsambcimaaziudpvzjdcigm/Build/Intermediates.noindex/swift-syntax.build/Debug/SwiftDiagnostics.build/Objects-normal/x86_64/SwiftDiagnostics_lto.o -rdynamic -Xlinker -no_deduplicate -Xlinker -dependency_info -Xlinker /Users/harishvishwakarma/Library/Developer/Xcode/DerivedData/Revolt-dharrjsambcimaaziudpvzjdcigm/Build/Intermediates.noindex/swift-syntax.build/Debug/SwiftDiagnostics.build/Objects-normal/x86_64/SwiftDiagnostics_dependency_info.dat -fobjc-link-runtime -L/Applications/Xcode.app/Contents/Developer/Toolchains/XcodeDefault.xctoolchain/usr/lib/swift/macosx -L/usr/lib/swift -Xlinker -add_ast_path -Xlinker /Users/harishvishwakarma/Library/Developer/Xcode/DerivedData/Revolt-dharrjsambcimaaziudpvzjdcigm/Build/Intermediates.noindex/swift-syntax.build/Debug/SwiftDiagnostics.build/Objects-normal/x86_64/SwiftDiagnostics.swiftmodule -o /Users/harishvishwakarma/Library/Developer/Xcode/DerivedData/Revolt-dharrjsambcimaaziudpvzjdcigm/Build/Intermediates.noindex/swift-syntax.build/Debug/SwiftDiagnostics.build/Objects-normal/x86_64/Binary/SwiftDiagnostics.o

Ld /Users/harishvishwakarma/Library/Developer/Xcode/DerivedData/Revolt-dharrjsambcimaaziudpvzjdcigm/Build/Intermediates.noindex/swift-syntax.build/Debug/SwiftDiagnostics.build/Objects-normal/arm64/Binary/SwiftDiagnostics.o normal arm64 (in target 'SwiftDiagnostics' from project 'swift-syntax')
    cd /Users/harishvishwakarma/Library/Developer/Xcode/DerivedData/Revolt-dharrjsambcimaaziudpvzjdcigm/SourcePackages/checkouts/swift-syntax
    /Applications/Xcode.app/Contents/Developer/Toolchains/XcodeDefault.xctoolchain/usr/bin/clang -Xlinker -reproducible -target arm64-apple-macos10.15 -r -isysroot /Applications/Xcode.app/Contents/Developer/Platforms/MacOSX.platform/Developer/SDKs/MacOSX15.5.sdk -O0 -w -L/Users/harishvishwakarma/Library/Developer/Xcode/DerivedData/Revolt-dharrjsambcimaaziudpvzjdcigm/Build/Intermediates.noindex/EagerLinkingTBDs/Debug -L/Users/harishvishwakarma/Library/Developer/Xcode/DerivedData/Revolt-dharrjsambcimaaziudpvzjdcigm/Build/Products/Debug -L/Applications/Xcode.app/Contents/Developer/Platforms/MacOSX.platform/Developer/usr/lib -F/Users/harishvishwakarma/Library/Developer/Xcode/DerivedData/Revolt-dharrjsambcimaaziudpvzjdcigm/Build/Intermediates.noindex/EagerLinkingTBDs/Debug -F/Users/harishvishwakarma/Library/Developer/Xcode/DerivedData/Revolt-dharrjsambcimaaziudpvzjdcigm/Build/Products/Debug/PackageFrameworks -F/Users/harishvishwakarma/Library/Developer/Xcode/DerivedData/Revolt-dharrjsambcimaaziudpvzjdcigm/Build/Products/Debug/PackageFrameworks -F/Users/harishvishwakarma/Library/Developer/Xcode/DerivedData/Revolt-dharrjsambcimaaziudpvzjdcigm/Build/Products/Debug -iframework /Applications/Xcode.app/Contents/Developer/Platforms/MacOSX.platform/Developer/Library/Frameworks -filelist /Users/harishvishwakarma/Library/Developer/Xcode/DerivedData/Revolt-dharrjsambcimaaziudpvzjdcigm/Build/Intermediates.noindex/swift-syntax.build/Debug/SwiftDiagnostics.build/Objects-normal/arm64/SwiftDiagnostics.LinkFileList -nostdlib -Xlinker -object_path_lto -Xlinker /Users/harishvishwakarma/Library/Developer/Xcode/DerivedData/Revolt-dharrjsambcimaaziudpvzjdcigm/Build/Intermediates.noindex/swift-syntax.build/Debug/SwiftDiagnostics.build/Objects-normal/arm64/SwiftDiagnostics_lto.o -rdynamic -Xlinker -no_deduplicate -Xlinker -dependency_info -Xlinker /Users/harishvishwakarma/Library/Developer/Xcode/DerivedData/Revolt-dharrjsambcimaaziudpvzjdcigm/Build/Intermediates.noindex/swift-syntax.build/Debug/SwiftDiagnostics.build/Objects-normal/arm64/SwiftDiagnostics_dependency_info.dat -fobjc-link-runtime -L/Applications/Xcode.app/Contents/Developer/Toolchains/XcodeDefault.xctoolchain/usr/lib/swift/macosx -L/usr/lib/swift -Xlinker -add_ast_path -Xlinker /Users/harishvishwakarma/Library/Developer/Xcode/DerivedData/Revolt-dharrjsambcimaaziudpvzjdcigm/Build/Intermediates.noindex/swift-syntax.build/Debug/SwiftDiagnostics.build/Objects-normal/arm64/SwiftDiagnostics.swiftmodule -o /Users/harishvishwakarma/Library/Developer/Xcode/DerivedData/Revolt-dharrjsambcimaaziudpvzjdcigm/Build/Intermediates.noindex/swift-syntax.build/Debug/SwiftDiagnostics.build/Objects-normal/arm64/Binary/SwiftDiagnostics.o

SwiftEmitModule normal x86_64 Emitting\ module\ for\ SwiftSyntaxMacros (in target 'SwiftSyntaxMacros' from project 'swift-syntax')

EmitSwiftModule normal x86_64 (in target 'SwiftSyntaxMacros' from project 'swift-syntax')
    cd /Users/harishvishwakarma/Handy/Archem/pepchat-ios/Revolt.xcodeproj
    

SwiftDriverJobDiscovery normal x86_64 Compiling ValidatingSyntaxNodes.swift (in target 'SwiftSyntaxBuilder' from project 'swift-syntax')

SwiftEmitModule normal arm64 Emitting\ module\ for\ SwiftSyntaxMacros (in target 'SwiftSyntaxMacros' from project 'swift-syntax')

EmitSwiftModule normal arm64 (in target 'SwiftSyntaxMacros' from project 'swift-syntax')
    cd /Users/harishvishwakarma/Handy/Archem/pepchat-ios/Revolt.xcodeproj
    

CreateUniversalBinary /Users/harishvishwakarma/Library/Developer/Xcode/DerivedData/Revolt-dharrjsambcimaaziudpvzjdcigm/Build/Products/Debug/SwiftParser.o normal arm64\ x86_64 (in target 'SwiftParser' from project 'swift-syntax')
    cd /Users/harishvishwakarma/Library/Developer/Xcode/DerivedData/Revolt-dharrjsambcimaaziudpvzjdcigm/SourcePackages/checkouts/swift-syntax
    /Applications/Xcode.app/Contents/Developer/Toolchains/XcodeDefault.xctoolchain/usr/bin/lipo -create /Users/harishvishwakarma/Library/Developer/Xcode/DerivedData/Revolt-dharrjsambcimaaziudpvzjdcigm/Build/Intermediates.noindex/swift-syntax.build/Debug/SwiftParser.build/Objects-normal/arm64/Binary/SwiftParser.o /Users/harishvishwakarma/Library/Developer/Xcode/DerivedData/Revolt-dharrjsambcimaaziudpvzjdcigm/Build/Intermediates.noindex/swift-syntax.build/Debug/SwiftParser.build/Objects-normal/x86_64/Binary/SwiftParser.o -output /Users/harishvishwakarma/Library/Developer/Xcode/DerivedData/Revolt-dharrjsambcimaaziudpvzjdcigm/Build/Products/Debug/SwiftParser.o

Ld /Users/harishvishwakarma/Library/Developer/Xcode/DerivedData/Revolt-dharrjsambcimaaziudpvzjdcigm/Build/Intermediates.noindex/swift-syntax.build/Debug/SwiftBasicFormat.build/Objects-normal/x86_64/Binary/SwiftBasicFormat.o normal x86_64 (in target 'SwiftBasicFormat' from project 'swift-syntax')
    cd /Users/harishvishwakarma/Library/Developer/Xcode/DerivedData/Revolt-dharrjsambcimaaziudpvzjdcigm/SourcePackages/checkouts/swift-syntax
    /Applications/Xcode.app/Contents/Developer/Toolchains/XcodeDefault.xctoolchain/usr/bin/clang -Xlinker -reproducible -target x86_64-apple-macos10.15 -r -isysroot /Applications/Xcode.app/Contents/Developer/Platforms/MacOSX.platform/Developer/SDKs/MacOSX15.5.sdk -O0 -w -L/Users/harishvishwakarma/Library/Developer/Xcode/DerivedData/Revolt-dharrjsambcimaaziudpvzjdcigm/Build/Intermediates.noindex/EagerLinkingTBDs/Debug -L/Users/harishvishwakarma/Library/Developer/Xcode/DerivedData/Revolt-dharrjsambcimaaziudpvzjdcigm/Build/Products/Debug -L/Applications/Xcode.app/Contents/Developer/Platforms/MacOSX.platform/Developer/usr/lib -F/Users/harishvishwakarma/Library/Developer/Xcode/DerivedData/Revolt-dharrjsambcimaaziudpvzjdcigm/Build/Intermediates.noindex/EagerLinkingTBDs/Debug -F/Users/harishvishwakarma/Library/Developer/Xcode/DerivedData/Revolt-dharrjsambcimaaziudpvzjdcigm/Build/Products/Debug/PackageFrameworks -F/Users/harishvishwakarma/Library/Developer/Xcode/DerivedData/Revolt-dharrjsambcimaaziudpvzjdcigm/Build/Products/Debug/PackageFrameworks -F/Users/harishvishwakarma/Library/Developer/Xcode/DerivedData/Revolt-dharrjsambcimaaziudpvzjdcigm/Build/Products/Debug -iframework /Applications/Xcode.app/Contents/Developer/Platforms/MacOSX.platform/Developer/Library/Frameworks -filelist /Users/harishvishwakarma/Library/Developer/Xcode/DerivedData/Revolt-dharrjsambcimaaziudpvzjdcigm/Build/Intermediates.noindex/swift-syntax.build/Debug/SwiftBasicFormat.build/Objects-normal/x86_64/SwiftBasicFormat.LinkFileList -nostdlib -Xlinker -object_path_lto -Xlinker /Users/harishvishwakarma/Library/Developer/Xcode/DerivedData/Revolt-dharrjsambcimaaziudpvzjdcigm/Build/Intermediates.noindex/swift-syntax.build/Debug/SwiftBasicFormat.build/Objects-normal/x86_64/SwiftBasicFormat_lto.o -rdynamic -Xlinker -no_deduplicate -Xlinker -dependency_info -Xlinker /Users/harishvishwakarma/Library/Developer/Xcode/DerivedData/Revolt-dharrjsambcimaaziudpvzjdcigm/Build/Intermediates.noindex/swift-syntax.build/Debug/SwiftBasicFormat.build/Objects-normal/x86_64/SwiftBasicFormat_dependency_info.dat -fobjc-link-runtime -L/Applications/Xcode.app/Contents/Developer/Toolchains/XcodeDefault.xctoolchain/usr/lib/swift/macosx -L/usr/lib/swift -Xlinker -add_ast_path -Xlinker /Users/harishvishwakarma/Library/Developer/Xcode/DerivedData/Revolt-dharrjsambcimaaziudpvzjdcigm/Build/Intermediates.noindex/swift-syntax.build/Debug/SwiftBasicFormat.build/Objects-normal/x86_64/SwiftBasicFormat.swiftmodule -o /Users/harishvishwakarma/Library/Developer/Xcode/DerivedData/Revolt-dharrjsambcimaaziudpvzjdcigm/Build/Intermediates.noindex/swift-syntax.build/Debug/SwiftBasicFormat.build/Objects-normal/x86_64/Binary/SwiftBasicFormat.o

CreateUniversalBinary /Users/harishvishwakarma/Library/Developer/Xcode/DerivedData/Revolt-dharrjsambcimaaziudpvzjdcigm/Build/Products/Debug/SwiftDiagnostics.o normal arm64\ x86_64 (in target 'SwiftDiagnostics' from project 'swift-syntax')
    cd /Users/harishvishwakarma/Library/Developer/Xcode/DerivedData/Revolt-dharrjsambcimaaziudpvzjdcigm/SourcePackages/checkouts/swift-syntax
    /Applications/Xcode.app/Contents/Developer/Toolchains/XcodeDefault.xctoolchain/usr/bin/lipo -create /Users/harishvishwakarma/Library/Developer/Xcode/DerivedData/Revolt-dharrjsambcimaaziudpvzjdcigm/Build/Intermediates.noindex/swift-syntax.build/Debug/SwiftDiagnostics.build/Objects-normal/arm64/Binary/SwiftDiagnostics.o /Users/harishvishwakarma/Library/Developer/Xcode/DerivedData/Revolt-dharrjsambcimaaziudpvzjdcigm/Build/Intermediates.noindex/swift-syntax.build/Debug/SwiftDiagnostics.build/Objects-normal/x86_64/Binary/SwiftDiagnostics.o -output /Users/harishvishwakarma/Library/Developer/Xcode/DerivedData/Revolt-dharrjsambcimaaziudpvzjdcigm/Build/Products/Debug/SwiftDiagnostics.o

Ld /Users/harishvishwakarma/Library/Developer/Xcode/DerivedData/Revolt-dharrjsambcimaaziudpvzjdcigm/Build/Intermediates.noindex/swift-syntax.build/Debug/SwiftBasicFormat.build/Objects-normal/arm64/Binary/SwiftBasicFormat.o normal arm64 (in target 'SwiftBasicFormat' from project 'swift-syntax')
    cd /Users/harishvishwakarma/Library/Developer/Xcode/DerivedData/Revolt-dharrjsambcimaaziudpvzjdcigm/SourcePackages/checkouts/swift-syntax
    /Applications/Xcode.app/Contents/Developer/Toolchains/XcodeDefault.xctoolchain/usr/bin/clang -Xlinker -reproducible -target arm64-apple-macos10.15 -r -isysroot /Applications/Xcode.app/Contents/Developer/Platforms/MacOSX.platform/Developer/SDKs/MacOSX15.5.sdk -O0 -w -L/Users/harishvishwakarma/Library/Developer/Xcode/DerivedData/Revolt-dharrjsambcimaaziudpvzjdcigm/Build/Intermediates.noindex/EagerLinkingTBDs/Debug -L/Users/harishvishwakarma/Library/Developer/Xcode/DerivedData/Revolt-dharrjsambcimaaziudpvzjdcigm/Build/Products/Debug -L/Applications/Xcode.app/Contents/Developer/Platforms/MacOSX.platform/Developer/usr/lib -F/Users/harishvishwakarma/Library/Developer/Xcode/DerivedData/Revolt-dharrjsambcimaaziudpvzjdcigm/Build/Intermediates.noindex/EagerLinkingTBDs/Debug -F/Users/harishvishwakarma/Library/Developer/Xcode/DerivedData/Revolt-dharrjsambcimaaziudpvzjdcigm/Build/Products/Debug/PackageFrameworks -F/Users/harishvishwakarma/Library/Developer/Xcode/DerivedData/Revolt-dharrjsambcimaaziudpvzjdcigm/Build/Products/Debug/PackageFrameworks -F/Users/harishvishwakarma/Library/Developer/Xcode/DerivedData/Revolt-dharrjsambcimaaziudpvzjdcigm/Build/Products/Debug -iframework /Applications/Xcode.app/Contents/Developer/Platforms/MacOSX.platform/Developer/Library/Frameworks -filelist /Users/harishvishwakarma/Library/Developer/Xcode/DerivedData/Revolt-dharrjsambcimaaziudpvzjdcigm/Build/Intermediates.noindex/swift-syntax.build/Debug/SwiftBasicFormat.build/Objects-normal/arm64/SwiftBasicFormat.LinkFileList -nostdlib -Xlinker -object_path_lto -Xlinker /Users/harishvishwakarma/Library/Developer/Xcode/DerivedData/Revolt-dharrjsambcimaaziudpvzjdcigm/Build/Intermediates.noindex/swift-syntax.build/Debug/SwiftBasicFormat.build/Objects-normal/arm64/SwiftBasicFormat_lto.o -rdynamic -Xlinker -no_deduplicate -Xlinker -dependency_info -Xlinker /Users/harishvishwakarma/Library/Developer/Xcode/DerivedData/Revolt-dharrjsambcimaaziudpvzjdcigm/Build/Intermediates.noindex/swift-syntax.build/Debug/SwiftBasicFormat.build/Objects-normal/arm64/SwiftBasicFormat_dependency_info.dat -fobjc-link-runtime -L/Applications/Xcode.app/Contents/Developer/Toolchains/XcodeDefault.xctoolchain/usr/lib/swift/macosx -L/usr/lib/swift -Xlinker -add_ast_path -Xlinker /Users/harishvishwakarma/Library/Developer/Xcode/DerivedData/Revolt-dharrjsambcimaaziudpvzjdcigm/Build/Intermediates.noindex/swift-syntax.build/Debug/SwiftBasicFormat.build/Objects-normal/arm64/SwiftBasicFormat.swiftmodule -o /Users/harishvishwakarma/Library/Developer/Xcode/DerivedData/Revolt-dharrjsambcimaaziudpvzjdcigm/Build/Intermediates.noindex/swift-syntax.build/Debug/SwiftBasicFormat.build/Objects-normal/arm64/Binary/SwiftBasicFormat.o

SwiftDriverJobDiscovery normal x86_64 Compiling ConvenienceInitializers.swift, DeclSyntaxParseable.swift (in target 'SwiftSyntaxBuilder' from project 'swift-syntax')

SwiftCompile normal x86_64 Compiling\ AbstractSourceLocation.swift,\ MacroExpansionContext.swift /Users/harishvishwakarma/Library/Developer/Xcode/DerivedData/Revolt-dharrjsambcimaaziudpvzjdcigm/SourcePackages/checkouts/swift-syntax/Sources/SwiftSyntaxMacros/AbstractSourceLocation.swift /Users/harishvishwakarma/Library/Developer/Xcode/DerivedData/Revolt-dharrjsambcimaaziudpvzjdcigm/SourcePackages/checkouts/swift-syntax/Sources/SwiftSyntaxMacros/MacroExpansionContext.swift (in target 'SwiftSyntaxMacros' from project 'swift-syntax')
SwiftCompile normal x86_64 /Users/harishvishwakarma/Library/Developer/Xcode/DerivedData/Revolt-dharrjsambcimaaziudpvzjdcigm/SourcePackages/checkouts/swift-syntax/Sources/SwiftSyntaxMacros/AbstractSourceLocation.swift (in target 'SwiftSyntaxMacros' from project 'swift-syntax')
    cd /Users/harishvishwakarma/Handy/Archem/pepchat-ios/Revolt.xcodeproj
    

SwiftCompile normal x86_64 /Users/harishvishwakarma/Library/Developer/Xcode/DerivedData/Revolt-dharrjsambcimaaziudpvzjdcigm/SourcePackages/checkouts/swift-syntax/Sources/SwiftSyntaxMacros/MacroExpansionContext.swift (in target 'SwiftSyntaxMacros' from project 'swift-syntax')
    cd /Users/harishvishwakarma/Handy/Archem/pepchat-ios/Revolt.xcodeproj
    

SwiftCompile normal arm64 Compiling\ DeclarationMacro.swift /Users/harishvishwakarma/Library/Developer/Xcode/DerivedData/Revolt-dharrjsambcimaaziudpvzjdcigm/SourcePackages/checkouts/swift-syntax/Sources/SwiftSyntaxMacros/MacroProtocols/DeclarationMacro.swift (in target 'SwiftSyntaxMacros' from project 'swift-syntax')

SwiftCompile normal arm64 /Users/harishvishwakarma/Library/Developer/Xcode/DerivedData/Revolt-dharrjsambcimaaziudpvzjdcigm/SourcePackages/checkouts/swift-syntax/Sources/SwiftSyntaxMacros/MacroProtocols/DeclarationMacro.swift (in target 'SwiftSyntaxMacros' from project 'swift-syntax')
    cd /Users/harishvishwakarma/Handy/Archem/pepchat-ios/Revolt.xcodeproj
    

SwiftCompile normal x86_64 Compiling\ ExpressionMacro.swift /Users/harishvishwakarma/Library/Developer/Xcode/DerivedData/Revolt-dharrjsambcimaaziudpvzjdcigm/SourcePackages/checkouts/swift-syntax/Sources/SwiftSyntaxMacros/MacroProtocols/ExpressionMacro.swift (in target 'SwiftSyntaxMacros' from project 'swift-syntax')

SwiftCompile normal x86_64 /Users/harishvishwakarma/Library/Developer/Xcode/DerivedData/Revolt-dharrjsambcimaaziudpvzjdcigm/SourcePackages/checkouts/swift-syntax/Sources/SwiftSyntaxMacros/MacroProtocols/ExpressionMacro.swift (in target 'SwiftSyntaxMacros' from project 'swift-syntax')
    cd /Users/harishvishwakarma/Handy/Archem/pepchat-ios/Revolt.xcodeproj
    

CreateUniversalBinary /Users/harishvishwakarma/Library/Developer/Xcode/DerivedData/Revolt-dharrjsambcimaaziudpvzjdcigm/Build/Products/Debug/SwiftBasicFormat.o normal arm64\ x86_64 (in target 'SwiftBasicFormat' from project 'swift-syntax')
    cd /Users/harishvishwakarma/Library/Developer/Xcode/DerivedData/Revolt-dharrjsambcimaaziudpvzjdcigm/SourcePackages/checkouts/swift-syntax
    /Applications/Xcode.app/Contents/Developer/Toolchains/XcodeDefault.xctoolchain/usr/bin/lipo -create /Users/harishvishwakarma/Library/Developer/Xcode/DerivedData/Revolt-dharrjsambcimaaziudpvzjdcigm/Build/Intermediates.noindex/swift-syntax.build/Debug/SwiftBasicFormat.build/Objects-normal/arm64/Binary/SwiftBasicFormat.o /Users/harishvishwakarma/Library/Developer/Xcode/DerivedData/Revolt-dharrjsambcimaaziudpvzjdcigm/Build/Intermediates.noindex/swift-syntax.build/Debug/SwiftBasicFormat.build/Objects-normal/x86_64/Binary/SwiftBasicFormat.o -output /Users/harishvishwakarma/Library/Developer/Xcode/DerivedData/Revolt-dharrjsambcimaaziudpvzjdcigm/Build/Products/Debug/SwiftBasicFormat.o

SwiftDriverJobDiscovery normal arm64 Compiling Syntax+StringInterpolation.swift (in target 'SwiftSyntaxBuilder' from project 'swift-syntax')

SwiftCompile normal x86_64 Compiling\ ExtensionMacro.swift /Users/harishvishwakarma/Library/Developer/Xcode/DerivedData/Revolt-dharrjsambcimaaziudpvzjdcigm/SourcePackages/checkouts/swift-syntax/Sources/SwiftSyntaxMacros/MacroProtocols/ExtensionMacro.swift (in target 'SwiftSyntaxMacros' from project 'swift-syntax')

SwiftCompile normal x86_64 /Users/harishvishwakarma/Library/Developer/Xcode/DerivedData/Revolt-dharrjsambcimaaziudpvzjdcigm/SourcePackages/checkouts/swift-syntax/Sources/SwiftSyntaxMacros/MacroProtocols/ExtensionMacro.swift (in target 'SwiftSyntaxMacros' from project 'swift-syntax')
    cd /Users/harishvishwakarma/Handy/Archem/pepchat-ios/Revolt.xcodeproj
    

SwiftDriverJobDiscovery normal x86_64 Compiling Indenter.swift, ResultBuilderExtensions.swift (in target 'SwiftSyntaxBuilder' from project 'swift-syntax')

SwiftCompile normal arm64 Compiling\ PeerMacro.swift /Users/harishvishwakarma/Library/Developer/Xcode/DerivedData/Revolt-dharrjsambcimaaziudpvzjdcigm/SourcePackages/checkouts/swift-syntax/Sources/SwiftSyntaxMacros/MacroProtocols/PeerMacro.swift (in target 'SwiftSyntaxMacros' from project 'swift-syntax')

SwiftCompile normal arm64 /Users/harishvishwakarma/Library/Developer/Xcode/DerivedData/Revolt-dharrjsambcimaaziudpvzjdcigm/SourcePackages/checkouts/swift-syntax/Sources/SwiftSyntaxMacros/MacroProtocols/PeerMacro.swift (in target 'SwiftSyntaxMacros' from project 'swift-syntax')
    cd /Users/harishvishwakarma/Handy/Archem/pepchat-ios/Revolt.xcodeproj
    

SwiftCompile normal arm64 Compiling\ FreestandingMacro.swift /Users/harishvishwakarma/Library/Developer/Xcode/DerivedData/Revolt-dharrjsambcimaaziudpvzjdcigm/SourcePackages/checkouts/swift-syntax/Sources/SwiftSyntaxMacros/MacroProtocols/FreestandingMacro.swift (in target 'SwiftSyntaxMacros' from project 'swift-syntax')

SwiftCompile normal arm64 /Users/harishvishwakarma/Library/Developer/Xcode/DerivedData/Revolt-dharrjsambcimaaziudpvzjdcigm/SourcePackages/checkouts/swift-syntax/Sources/SwiftSyntaxMacros/MacroProtocols/FreestandingMacro.swift (in target 'SwiftSyntaxMacros' from project 'swift-syntax')
    cd /Users/harishvishwakarma/Handy/Archem/pepchat-ios/Revolt.xcodeproj
    

SwiftDriverJobDiscovery normal x86_64 Emitting module for SwiftSyntaxMacros (in target 'SwiftSyntaxMacros' from project 'swift-syntax')

SwiftDriver\ Compilation\ Requirements SwiftSyntaxMacros normal x86_64 com.apple.xcode.tools.swift.compiler (in target 'SwiftSyntaxMacros' from project 'swift-syntax')
    cd /Users/harishvishwakarma/Handy/Archem/pepchat-ios/Revolt.xcodeproj
    builtin-Swift-Compilation-Requirements -- /Applications/Xcode.app/Contents/Developer/Toolchains/XcodeDefault.xctoolchain/usr/bin/swiftc -module-name SwiftSyntaxMacros -Onone -enforce-exclusivity\=checked @/Users/harishvishwakarma/Library/Developer/Xcode/DerivedData/Revolt-dharrjsambcimaaziudpvzjdcigm/Build/Intermediates.noindex/swift-syntax.build/Debug/SwiftSyntaxMacros.build/Objects-normal/x86_64/SwiftSyntaxMacros.SwiftFileList -DSWIFT_PACKAGE -DDEBUG -DXcode -plugin-path /Applications/Xcode.app/Contents/Developer/Toolchains/XcodeDefault.xctoolchain/usr/lib/swift/host/plugins/testing -enable-experimental-feature DebugDescriptionMacro -sdk /Applications/Xcode.app/Contents/Developer/Platforms/MacOSX.platform/Developer/SDKs/MacOSX15.5.sdk -target x86_64-apple-macos10.15 -g -module-cache-path /Users/harishvishwakarma/Library/Developer/Xcode/DerivedData/ModuleCache.noindex -Xfrontend -serialize-debugging-options -enable-testing -suppress-warnings -index-store-path /Users/harishvishwakarma/Library/Developer/Xcode/DerivedData/Revolt-dharrjsambcimaaziudpvzjdcigm/Index.noindex/DataStore -swift-version 5 -I /Users/harishvishwakarma/Library/Developer/Xcode/DerivedData/Revolt-dharrjsambcimaaziudpvzjdcigm/Build/Products/Debug -I /Applications/Xcode.app/Contents/Developer/Platforms/MacOSX.platform/Developer/usr/lib -F /Users/harishvishwakarma/Library/Developer/Xcode/DerivedData/Revolt-dharrjsambcimaaziudpvzjdcigm/Build/Products/Debug/PackageFrameworks -F /Users/harishvishwakarma/Library/Developer/Xcode/DerivedData/Revolt-dharrjsambcimaaziudpvzjdcigm/Build/Products/Debug/PackageFrameworks -F /Users/harishvishwakarma/Library/Developer/Xcode/DerivedData/Revolt-dharrjsambcimaaziudpvzjdcigm/Build/Products/Debug/PackageFrameworks -F /Users/harishvishwakarma/Library/Developer/Xcode/DerivedData/Revolt-dharrjsambcimaaziudpvzjdcigm/Build/Products/Debug/PackageFrameworks -F /Users/harishvishwakarma/Library/Developer/Xcode/DerivedData/Revolt-dharrjsambcimaaziudpvzjdcigm/Build/Products/Debug/PackageFrameworks -F /Users/harishvishwakarma/Library/Developer/Xcode/DerivedData/Revolt-dharrjsambcimaaziudpvzjdcigm/Build/Products/Debug/PackageFrameworks -F /Users/harishvishwakarma/Library/Developer/Xcode/DerivedData/Revolt-dharrjsambcimaaziudpvzjdcigm/Build/Products/Debug/PackageFrameworks -F /Users/harishvishwakarma/Library/Developer/Xcode/DerivedData/Revolt-dharrjsambcimaaziudpvzjdcigm/Build/Products/Debug -F /Applications/Xcode.app/Contents/Developer/Platforms/MacOSX.platform/Developer/Library/Frameworks -c -j12 -enable-batch-mode -incremental -Xcc -ivfsstatcache -Xcc /Users/harishvishwakarma/Library/Developer/Xcode/DerivedData/SDKStatCaches.noindex/macosx15.5-24F74-8254517eb8b97d462ccbc072ba9094c9.sdkstatcache -output-file-map /Users/harishvishwakarma/Library/Developer/Xcode/DerivedData/Revolt-dharrjsambcimaaziudpvzjdcigm/Build/Intermediates.noindex/swift-syntax.build/Debug/SwiftSyntaxMacros.build/Objects-normal/x86_64/SwiftSyntaxMacros-OutputFileMap.json -use-frontend-parseable-output -save-temps -no-color-diagnostics -serialize-diagnostics -emit-dependencies -emit-module -emit-module-path /Users/harishvishwakarma/Library/Developer/Xcode/DerivedData/Revolt-dharrjsambcimaaziudpvzjdcigm/Build/Intermediates.noindex/swift-syntax.build/Debug/SwiftSyntaxMacros.build/Objects-normal/x86_64/SwiftSyntaxMacros.swiftmodule -validate-clang-modules-once -clang-build-session-file /Users/harishvishwakarma/Library/Developer/Xcode/DerivedData/ModuleCache.noindex/Session.modulevalidation -Xcc -I/Users/harishvishwakarma/Library/Developer/Xcode/DerivedData/Revolt-dharrjsambcimaaziudpvzjdcigm/Build/Intermediates.noindex/swift-syntax.build/Debug/SwiftSyntaxMacros.build/swift-overrides.hmap -emit-const-values -Xfrontend -const-gather-protocols-file -Xfrontend /Users/harishvishwakarma/Library/Developer/Xcode/DerivedData/Revolt-dharrjsambcimaaziudpvzjdcigm/Build/Intermediates.noindex/swift-syntax.build/Debug/SwiftSyntaxMacros.build/Objects-normal/x86_64/SwiftSyntaxMacros_const_extract_protocols.json -Xcc -I/Users/harishvishwakarma/Library/Developer/Xcode/DerivedData/Revolt-dharrjsambcimaaziudpvzjdcigm/Build/Products/Debug/include -Xcc -I/Users/harishvishwakarma/Library/Developer/Xcode/DerivedData/Revolt-dharrjsambcimaaziudpvzjdcigm/Build/Intermediates.noindex/swift-syntax.build/Debug/SwiftSyntaxMacros.build/DerivedSources-normal/x86_64 -Xcc -I/Users/harishvishwakarma/Library/Developer/Xcode/DerivedData/Revolt-dharrjsambcimaaziudpvzjdcigm/Build/Intermediates.noindex/swift-syntax.build/Debug/SwiftSyntaxMacros.build/DerivedSources/x86_64 -Xcc -I/Users/harishvishwakarma/Library/Developer/Xcode/DerivedData/Revolt-dharrjsambcimaaziudpvzjdcigm/Build/Intermediates.noindex/swift-syntax.build/Debug/SwiftSyntaxMacros.build/DerivedSources -Xcc -DSWIFT_PACKAGE -Xcc -DDEBUG\=1 -emit-objc-header -emit-objc-header-path /Users/harishvishwakarma/Library/Developer/Xcode/DerivedData/Revolt-dharrjsambcimaaziudpvzjdcigm/Build/Intermediates.noindex/swift-syntax.build/Debug/SwiftSyntaxMacros.build/Objects-normal/x86_64/SwiftSyntaxMacros-Swift.h -working-directory /Users/harishvishwakarma/Handy/Archem/pepchat-ios/Revolt.xcodeproj -experimental-emit-module-separately -disable-cmo

SwiftDriverJobDiscovery normal arm64 Emitting module for SwiftSyntaxMacros (in target 'SwiftSyntaxMacros' from project 'swift-syntax')

SwiftCompile normal arm64 Compiling\ ExtensionMacro.swift /Users/harishvishwakarma/Library/Developer/Xcode/DerivedData/Revolt-dharrjsambcimaaziudpvzjdcigm/SourcePackages/checkouts/swift-syntax/Sources/SwiftSyntaxMacros/MacroProtocols/ExtensionMacro.swift (in target 'SwiftSyntaxMacros' from project 'swift-syntax')

SwiftCompile normal arm64 /Users/harishvishwakarma/Library/Developer/Xcode/DerivedData/Revolt-dharrjsambcimaaziudpvzjdcigm/SourcePackages/checkouts/swift-syntax/Sources/SwiftSyntaxMacros/MacroProtocols/ExtensionMacro.swift (in target 'SwiftSyntaxMacros' from project 'swift-syntax')
    cd /Users/harishvishwakarma/Handy/Archem/pepchat-ios/Revolt.xcodeproj
    

SwiftDriver\ Compilation\ Requirements SwiftSyntaxMacros normal arm64 com.apple.xcode.tools.swift.compiler (in target 'SwiftSyntaxMacros' from project 'swift-syntax')
    cd /Users/harishvishwakarma/Handy/Archem/pepchat-ios/Revolt.xcodeproj
    builtin-Swift-Compilation-Requirements -- /Applications/Xcode.app/Contents/Developer/Toolchains/XcodeDefault.xctoolchain/usr/bin/swiftc -module-name SwiftSyntaxMacros -Onone -enforce-exclusivity\=checked @/Users/harishvishwakarma/Library/Developer/Xcode/DerivedData/Revolt-dharrjsambcimaaziudpvzjdcigm/Build/Intermediates.noindex/swift-syntax.build/Debug/SwiftSyntaxMacros.build/Objects-normal/arm64/SwiftSyntaxMacros.SwiftFileList -DSWIFT_PACKAGE -DDEBUG -DXcode -plugin-path /Applications/Xcode.app/Contents/Developer/Toolchains/XcodeDefault.xctoolchain/usr/lib/swift/host/plugins/testing -enable-experimental-feature DebugDescriptionMacro -sdk /Applications/Xcode.app/Contents/Developer/Platforms/MacOSX.platform/Developer/SDKs/MacOSX15.5.sdk -target arm64-apple-macos10.15 -g -module-cache-path /Users/harishvishwakarma/Library/Developer/Xcode/DerivedData/ModuleCache.noindex -Xfrontend -serialize-debugging-options -enable-testing -suppress-warnings -index-store-path /Users/harishvishwakarma/Library/Developer/Xcode/DerivedData/Revolt-dharrjsambcimaaziudpvzjdcigm/Index.noindex/DataStore -swift-version 5 -I /Users/harishvishwakarma/Library/Developer/Xcode/DerivedData/Revolt-dharrjsambcimaaziudpvzjdcigm/Build/Products/Debug -I /Applications/Xcode.app/Contents/Developer/Platforms/MacOSX.platform/Developer/usr/lib -F /Users/harishvishwakarma/Library/Developer/Xcode/DerivedData/Revolt-dharrjsambcimaaziudpvzjdcigm/Build/Products/Debug/PackageFrameworks -F /Users/harishvishwakarma/Library/Developer/Xcode/DerivedData/Revolt-dharrjsambcimaaziudpvzjdcigm/Build/Products/Debug/PackageFrameworks -F /Users/harishvishwakarma/Library/Developer/Xcode/DerivedData/Revolt-dharrjsambcimaaziudpvzjdcigm/Build/Products/Debug/PackageFrameworks -F /Users/harishvishwakarma/Library/Developer/Xcode/DerivedData/Revolt-dharrjsambcimaaziudpvzjdcigm/Build/Products/Debug/PackageFrameworks -F /Users/harishvishwakarma/Library/Developer/Xcode/DerivedData/Revolt-dharrjsambcimaaziudpvzjdcigm/Build/Products/Debug/PackageFrameworks -F /Users/harishvishwakarma/Library/Developer/Xcode/DerivedData/Revolt-dharrjsambcimaaziudpvzjdcigm/Build/Products/Debug/PackageFrameworks -F /Users/harishvishwakarma/Library/Developer/Xcode/DerivedData/Revolt-dharrjsambcimaaziudpvzjdcigm/Build/Products/Debug/PackageFrameworks -F /Users/harishvishwakarma/Library/Developer/Xcode/DerivedData/Revolt-dharrjsambcimaaziudpvzjdcigm/Build/Products/Debug -F /Applications/Xcode.app/Contents/Developer/Platforms/MacOSX.platform/Developer/Library/Frameworks -c -j12 -enable-batch-mode -incremental -Xcc -ivfsstatcache -Xcc /Users/harishvishwakarma/Library/Developer/Xcode/DerivedData/SDKStatCaches.noindex/macosx15.5-24F74-8254517eb8b97d462ccbc072ba9094c9.sdkstatcache -output-file-map /Users/harishvishwakarma/Library/Developer/Xcode/DerivedData/Revolt-dharrjsambcimaaziudpvzjdcigm/Build/Intermediates.noindex/swift-syntax.build/Debug/SwiftSyntaxMacros.build/Objects-normal/arm64/SwiftSyntaxMacros-OutputFileMap.json -use-frontend-parseable-output -save-temps -no-color-diagnostics -serialize-diagnostics -emit-dependencies -emit-module -emit-module-path /Users/harishvishwakarma/Library/Developer/Xcode/DerivedData/Revolt-dharrjsambcimaaziudpvzjdcigm/Build/Intermediates.noindex/swift-syntax.build/Debug/SwiftSyntaxMacros.build/Objects-normal/arm64/SwiftSyntaxMacros.swiftmodule -validate-clang-modules-once -clang-build-session-file /Users/harishvishwakarma/Library/Developer/Xcode/DerivedData/ModuleCache.noindex/Session.modulevalidation -Xcc -I/Users/harishvishwakarma/Library/Developer/Xcode/DerivedData/Revolt-dharrjsambcimaaziudpvzjdcigm/Build/Intermediates.noindex/swift-syntax.build/Debug/SwiftSyntaxMacros.build/swift-overrides.hmap -emit-const-values -Xfrontend -const-gather-protocols-file -Xfrontend /Users/harishvishwakarma/Library/Developer/Xcode/DerivedData/Revolt-dharrjsambcimaaziudpvzjdcigm/Build/Intermediates.noindex/swift-syntax.build/Debug/SwiftSyntaxMacros.build/Objects-normal/arm64/SwiftSyntaxMacros_const_extract_protocols.json -Xcc -I/Users/harishvishwakarma/Library/Developer/Xcode/DerivedData/Revolt-dharrjsambcimaaziudpvzjdcigm/Build/Products/Debug/include -Xcc -I/Users/harishvishwakarma/Library/Developer/Xcode/DerivedData/Revolt-dharrjsambcimaaziudpvzjdcigm/Build/Intermediates.noindex/swift-syntax.build/Debug/SwiftSyntaxMacros.build/DerivedSources-normal/arm64 -Xcc -I/Users/harishvishwakarma/Library/Developer/Xcode/DerivedData/Revolt-dharrjsambcimaaziudpvzjdcigm/Build/Intermediates.noindex/swift-syntax.build/Debug/SwiftSyntaxMacros.build/DerivedSources/arm64 -Xcc -I/Users/harishvishwakarma/Library/Developer/Xcode/DerivedData/Revolt-dharrjsambcimaaziudpvzjdcigm/Build/Intermediates.noindex/swift-syntax.build/Debug/SwiftSyntaxMacros.build/DerivedSources -Xcc -DSWIFT_PACKAGE -Xcc -DDEBUG\=1 -emit-objc-header -emit-objc-header-path /Users/harishvishwakarma/Library/Developer/Xcode/DerivedData/Revolt-dharrjsambcimaaziudpvzjdcigm/Build/Intermediates.noindex/swift-syntax.build/Debug/SwiftSyntaxMacros.build/Objects-normal/arm64/SwiftSyntaxMacros-Swift.h -working-directory /Users/harishvishwakarma/Handy/Archem/pepchat-ios/Revolt.xcodeproj -experimental-emit-module-separately -disable-cmo

SwiftDriverJobDiscovery normal x86_64 Compiling BuildableNodes.swift (in target 'SwiftSyntaxBuilder' from project 'swift-syntax')

Copy /Users/harishvishwakarma/Library/Developer/Xcode/DerivedData/Revolt-dharrjsambcimaaziudpvzjdcigm/Build/Products/Debug/SwiftSyntaxMacros.swiftmodule/x86_64-apple-macos.swiftmodule /Users/harishvishwakarma/Library/Developer/Xcode/DerivedData/Revolt-dharrjsambcimaaziudpvzjdcigm/Build/Intermediates.noindex/swift-syntax.build/Debug/SwiftSyntaxMacros.build/Objects-normal/x86_64/SwiftSyntaxMacros.swiftmodule (in target 'SwiftSyntaxMacros' from project 'swift-syntax')
    cd /Users/harishvishwakarma/Library/Developer/Xcode/DerivedData/Revolt-dharrjsambcimaaziudpvzjdcigm/SourcePackages/checkouts/swift-syntax
    builtin-copy -exclude .DS_Store -exclude CVS -exclude .svn -exclude .git -exclude .hg -resolve-src-symlinks -rename /Users/harishvishwakarma/Library/Developer/Xcode/DerivedData/Revolt-dharrjsambcimaaziudpvzjdcigm/Build/Intermediates.noindex/swift-syntax.build/Debug/SwiftSyntaxMacros.build/Objects-normal/x86_64/SwiftSyntaxMacros.swiftmodule /Users/harishvishwakarma/Library/Developer/Xcode/DerivedData/Revolt-dharrjsambcimaaziudpvzjdcigm/Build/Products/Debug/SwiftSyntaxMacros.swiftmodule/x86_64-apple-macos.swiftmodule

Copy /Users/harishvishwakarma/Library/Developer/Xcode/DerivedData/Revolt-dharrjsambcimaaziudpvzjdcigm/Build/Products/Debug/SwiftSyntaxMacros.swiftmodule/x86_64-apple-macos.swiftdoc /Users/harishvishwakarma/Library/Developer/Xcode/DerivedData/Revolt-dharrjsambcimaaziudpvzjdcigm/Build/Intermediates.noindex/swift-syntax.build/Debug/SwiftSyntaxMacros.build/Objects-normal/x86_64/SwiftSyntaxMacros.swiftdoc (in target 'SwiftSyntaxMacros' from project 'swift-syntax')
    cd /Users/harishvishwakarma/Library/Developer/Xcode/DerivedData/Revolt-dharrjsambcimaaziudpvzjdcigm/SourcePackages/checkouts/swift-syntax
    builtin-copy -exclude .DS_Store -exclude CVS -exclude .svn -exclude .git -exclude .hg -resolve-src-symlinks -rename /Users/harishvishwakarma/Library/Developer/Xcode/DerivedData/Revolt-dharrjsambcimaaziudpvzjdcigm/Build/Intermediates.noindex/swift-syntax.build/Debug/SwiftSyntaxMacros.build/Objects-normal/x86_64/SwiftSyntaxMacros.swiftdoc /Users/harishvishwakarma/Library/Developer/Xcode/DerivedData/Revolt-dharrjsambcimaaziudpvzjdcigm/Build/Products/Debug/SwiftSyntaxMacros.swiftmodule/x86_64-apple-macos.swiftdoc

Copy /Users/harishvishwakarma/Library/Developer/Xcode/DerivedData/Revolt-dharrjsambcimaaziudpvzjdcigm/Build/Products/Debug/SwiftSyntaxMacros.swiftmodule/x86_64-apple-macos.abi.json /Users/harishvishwakarma/Library/Developer/Xcode/DerivedData/Revolt-dharrjsambcimaaziudpvzjdcigm/Build/Intermediates.noindex/swift-syntax.build/Debug/SwiftSyntaxMacros.build/Objects-normal/x86_64/SwiftSyntaxMacros.abi.json (in target 'SwiftSyntaxMacros' from project 'swift-syntax')
    cd /Users/harishvishwakarma/Library/Developer/Xcode/DerivedData/Revolt-dharrjsambcimaaziudpvzjdcigm/SourcePackages/checkouts/swift-syntax
    builtin-copy -exclude .DS_Store -exclude CVS -exclude .svn -exclude .git -exclude .hg -resolve-src-symlinks -rename /Users/harishvishwakarma/Library/Developer/Xcode/DerivedData/Revolt-dharrjsambcimaaziudpvzjdcigm/Build/Intermediates.noindex/swift-syntax.build/Debug/SwiftSyntaxMacros.build/Objects-normal/x86_64/SwiftSyntaxMacros.abi.json /Users/harishvishwakarma/Library/Developer/Xcode/DerivedData/Revolt-dharrjsambcimaaziudpvzjdcigm/Build/Products/Debug/SwiftSyntaxMacros.swiftmodule/x86_64-apple-macos.abi.json

SwiftDriverJobDiscovery normal x86_64 Compiling SyntaxParsable+ExpressibleByStringInterpolation.swift (in target 'SwiftSyntaxBuilder' from project 'swift-syntax')

Copy /Users/harishvishwakarma/Library/Developer/Xcode/DerivedData/Revolt-dharrjsambcimaaziudpvzjdcigm/Build/Products/Debug/SwiftSyntaxMacros.swiftmodule/Project/x86_64-apple-macos.swiftsourceinfo /Users/harishvishwakarma/Library/Developer/Xcode/DerivedData/Revolt-dharrjsambcimaaziudpvzjdcigm/Build/Intermediates.noindex/swift-syntax.build/Debug/SwiftSyntaxMacros.build/Objects-normal/x86_64/SwiftSyntaxMacros.swiftsourceinfo (in target 'SwiftSyntaxMacros' from project 'swift-syntax')
    cd /Users/harishvishwakarma/Library/Developer/Xcode/DerivedData/Revolt-dharrjsambcimaaziudpvzjdcigm/SourcePackages/checkouts/swift-syntax
    builtin-copy -exclude .DS_Store -exclude CVS -exclude .svn -exclude .git -exclude .hg -resolve-src-symlinks -rename /Users/harishvishwakarma/Library/Developer/Xcode/DerivedData/Revolt-dharrjsambcimaaziudpvzjdcigm/Build/Intermediates.noindex/swift-syntax.build/Debug/SwiftSyntaxMacros.build/Objects-normal/x86_64/SwiftSyntaxMacros.swiftsourceinfo /Users/harishvishwakarma/Library/Developer/Xcode/DerivedData/Revolt-dharrjsambcimaaziudpvzjdcigm/Build/Products/Debug/SwiftSyntaxMacros.swiftmodule/Project/x86_64-apple-macos.swiftsourceinfo

SwiftMergeGeneratedHeaders /Users/harishvishwakarma/Library/Developer/Xcode/DerivedData/Revolt-dharrjsambcimaaziudpvzjdcigm/Build/Intermediates.noindex/GeneratedModuleMaps/SwiftSyntaxMacros-Swift.h /Users/harishvishwakarma/Library/Developer/Xcode/DerivedData/Revolt-dharrjsambcimaaziudpvzjdcigm/Build/Intermediates.noindex/swift-syntax.build/Debug/SwiftSyntaxMacros.build/Objects-normal/arm64/SwiftSyntaxMacros-Swift.h /Users/harishvishwakarma/Library/Developer/Xcode/DerivedData/Revolt-dharrjsambcimaaziudpvzjdcigm/Build/Intermediates.noindex/swift-syntax.build/Debug/SwiftSyntaxMacros.build/Objects-normal/x86_64/SwiftSyntaxMacros-Swift.h (in target 'SwiftSyntaxMacros' from project 'swift-syntax')
    cd /Users/harishvishwakarma/Library/Developer/Xcode/DerivedData/Revolt-dharrjsambcimaaziudpvzjdcigm/SourcePackages/checkouts/swift-syntax
    builtin-swiftHeaderTool -arch arm64 /Users/harishvishwakarma/Library/Developer/Xcode/DerivedData/Revolt-dharrjsambcimaaziudpvzjdcigm/Build/Intermediates.noindex/swift-syntax.build/Debug/SwiftSyntaxMacros.build/Objects-normal/arm64/SwiftSyntaxMacros-Swift.h -arch x86_64 /Users/harishvishwakarma/Library/Developer/Xcode/DerivedData/Revolt-dharrjsambcimaaziudpvzjdcigm/Build/Intermediates.noindex/swift-syntax.build/Debug/SwiftSyntaxMacros.build/Objects-normal/x86_64/SwiftSyntaxMacros-Swift.h -o /Users/harishvishwakarma/Library/Developer/Xcode/DerivedData/Revolt-dharrjsambcimaaziudpvzjdcigm/Build/Intermediates.noindex/GeneratedModuleMaps/SwiftSyntaxMacros-Swift.h

Copy /Users/harishvishwakarma/Library/Developer/Xcode/DerivedData/Revolt-dharrjsambcimaaziudpvzjdcigm/Build/Products/Debug/SwiftSyntaxMacros.swiftmodule/arm64-apple-macos.swiftmodule /Users/harishvishwakarma/Library/Developer/Xcode/DerivedData/Revolt-dharrjsambcimaaziudpvzjdcigm/Build/Intermediates.noindex/swift-syntax.build/Debug/SwiftSyntaxMacros.build/Objects-normal/arm64/SwiftSyntaxMacros.swiftmodule (in target 'SwiftSyntaxMacros' from project 'swift-syntax')
    cd /Users/harishvishwakarma/Library/Developer/Xcode/DerivedData/Revolt-dharrjsambcimaaziudpvzjdcigm/SourcePackages/checkouts/swift-syntax
    builtin-copy -exclude .DS_Store -exclude CVS -exclude .svn -exclude .git -exclude .hg -resolve-src-symlinks -rename /Users/harishvishwakarma/Library/Developer/Xcode/DerivedData/Revolt-dharrjsambcimaaziudpvzjdcigm/Build/Intermediates.noindex/swift-syntax.build/Debug/SwiftSyntaxMacros.build/Objects-normal/arm64/SwiftSyntaxMacros.swiftmodule /Users/harishvishwakarma/Library/Developer/Xcode/DerivedData/Revolt-dharrjsambcimaaziudpvzjdcigm/Build/Products/Debug/SwiftSyntaxMacros.swiftmodule/arm64-apple-macos.swiftmodule

Copy /Users/harishvishwakarma/Library/Developer/Xcode/DerivedData/Revolt-dharrjsambcimaaziudpvzjdcigm/Build/Products/Debug/SwiftSyntaxMacros.swiftmodule/arm64-apple-macos.swiftdoc /Users/harishvishwakarma/Library/Developer/Xcode/DerivedData/Revolt-dharrjsambcimaaziudpvzjdcigm/Build/Intermediates.noindex/swift-syntax.build/Debug/SwiftSyntaxMacros.build/Objects-normal/arm64/SwiftSyntaxMacros.swiftdoc (in target 'SwiftSyntaxMacros' from project 'swift-syntax')
    cd /Users/harishvishwakarma/Library/Developer/Xcode/DerivedData/Revolt-dharrjsambcimaaziudpvzjdcigm/SourcePackages/checkouts/swift-syntax
    builtin-copy -exclude .DS_Store -exclude CVS -exclude .svn -exclude .git -exclude .hg -resolve-src-symlinks -rename /Users/harishvishwakarma/Library/Developer/Xcode/DerivedData/Revolt-dharrjsambcimaaziudpvzjdcigm/Build/Intermediates.noindex/swift-syntax.build/Debug/SwiftSyntaxMacros.build/Objects-normal/arm64/SwiftSyntaxMacros.swiftdoc /Users/harishvishwakarma/Library/Developer/Xcode/DerivedData/Revolt-dharrjsambcimaaziudpvzjdcigm/Build/Products/Debug/SwiftSyntaxMacros.swiftmodule/arm64-apple-macos.swiftdoc

Copy /Users/harishvishwakarma/Library/Developer/Xcode/DerivedData/Revolt-dharrjsambcimaaziudpvzjdcigm/Build/Products/Debug/SwiftSyntaxMacros.swiftmodule/arm64-apple-macos.abi.json /Users/harishvishwakarma/Library/Developer/Xcode/DerivedData/Revolt-dharrjsambcimaaziudpvzjdcigm/Build/Intermediates.noindex/swift-syntax.build/Debug/SwiftSyntaxMacros.build/Objects-normal/arm64/SwiftSyntaxMacros.abi.json (in target 'SwiftSyntaxMacros' from project 'swift-syntax')
    cd /Users/harishvishwakarma/Library/Developer/Xcode/DerivedData/Revolt-dharrjsambcimaaziudpvzjdcigm/SourcePackages/checkouts/swift-syntax
    builtin-copy -exclude .DS_Store -exclude CVS -exclude .svn -exclude .git -exclude .hg -resolve-src-symlinks -rename /Users/harishvishwakarma/Library/Developer/Xcode/DerivedData/Revolt-dharrjsambcimaaziudpvzjdcigm/Build/Intermediates.noindex/swift-syntax.build/Debug/SwiftSyntaxMacros.build/Objects-normal/arm64/SwiftSyntaxMacros.abi.json /Users/harishvishwakarma/Library/Developer/Xcode/DerivedData/Revolt-dharrjsambcimaaziudpvzjdcigm/Build/Products/Debug/SwiftSyntaxMacros.swiftmodule/arm64-apple-macos.abi.json

Copy /Users/harishvishwakarma/Library/Developer/Xcode/DerivedData/Revolt-dharrjsambcimaaziudpvzjdcigm/Build/Products/Debug/SwiftSyntaxMacros.swiftmodule/Project/arm64-apple-macos.swiftsourceinfo /Users/harishvishwakarma/Library/Developer/Xcode/DerivedData/Revolt-dharrjsambcimaaziudpvzjdcigm/Build/Intermediates.noindex/swift-syntax.build/Debug/SwiftSyntaxMacros.build/Objects-normal/arm64/SwiftSyntaxMacros.swiftsourceinfo (in target 'SwiftSyntaxMacros' from project 'swift-syntax')
    cd /Users/harishvishwakarma/Library/Developer/Xcode/DerivedData/Revolt-dharrjsambcimaaziudpvzjdcigm/SourcePackages/checkouts/swift-syntax
    builtin-copy -exclude .DS_Store -exclude CVS -exclude .svn -exclude .git -exclude .hg -resolve-src-symlinks -rename /Users/harishvishwakarma/Library/Developer/Xcode/DerivedData/Revolt-dharrjsambcimaaziudpvzjdcigm/Build/Intermediates.noindex/swift-syntax.build/Debug/SwiftSyntaxMacros.build/Objects-normal/arm64/SwiftSyntaxMacros.swiftsourceinfo /Users/harishvishwakarma/Library/Developer/Xcode/DerivedData/Revolt-dharrjsambcimaaziudpvzjdcigm/Build/Products/Debug/SwiftSyntaxMacros.swiftmodule/Project/arm64-apple-macos.swiftsourceinfo

SwiftCompile normal x86_64 Compiling\ CodeItemMacro.swift /Users/harishvishwakarma/Library/Developer/Xcode/DerivedData/Revolt-dharrjsambcimaaziudpvzjdcigm/SourcePackages/checkouts/swift-syntax/Sources/SwiftSyntaxMacros/MacroProtocols/CodeItemMacro.swift (in target 'SwiftSyntaxMacros' from project 'swift-syntax')

SwiftCompile normal x86_64 /Users/harishvishwakarma/Library/Developer/Xcode/DerivedData/Revolt-dharrjsambcimaaziudpvzjdcigm/SourcePackages/checkouts/swift-syntax/Sources/SwiftSyntaxMacros/MacroProtocols/CodeItemMacro.swift (in target 'SwiftSyntaxMacros' from project 'swift-syntax')
    cd /Users/harishvishwakarma/Handy/Archem/pepchat-ios/Revolt.xcodeproj
    

SwiftCompile normal arm64 Compiling\ ExpressionMacro.swift /Users/harishvishwakarma/Library/Developer/Xcode/DerivedData/Revolt-dharrjsambcimaaziudpvzjdcigm/SourcePackages/checkouts/swift-syntax/Sources/SwiftSyntaxMacros/MacroProtocols/ExpressionMacro.swift (in target 'SwiftSyntaxMacros' from project 'swift-syntax')

SwiftCompile normal arm64 /Users/harishvishwakarma/Library/Developer/Xcode/DerivedData/Revolt-dharrjsambcimaaziudpvzjdcigm/SourcePackages/checkouts/swift-syntax/Sources/SwiftSyntaxMacros/MacroProtocols/ExpressionMacro.swift (in target 'SwiftSyntaxMacros' from project 'swift-syntax')
    cd /Users/harishvishwakarma/Handy/Archem/pepchat-ios/Revolt.xcodeproj
    

SwiftCompile normal arm64 Compiling\ Macro.swift /Users/harishvishwakarma/Library/Developer/Xcode/DerivedData/Revolt-dharrjsambcimaaziudpvzjdcigm/SourcePackages/checkouts/swift-syntax/Sources/SwiftSyntaxMacros/MacroProtocols/Macro.swift (in target 'SwiftSyntaxMacros' from project 'swift-syntax')

SwiftCompile normal arm64 /Users/harishvishwakarma/Library/Developer/Xcode/DerivedData/Revolt-dharrjsambcimaaziudpvzjdcigm/SourcePackages/checkouts/swift-syntax/Sources/SwiftSyntaxMacros/MacroProtocols/Macro.swift (in target 'SwiftSyntaxMacros' from project 'swift-syntax')
    cd /Users/harishvishwakarma/Handy/Archem/pepchat-ios/Revolt.xcodeproj
    

SwiftDriverJobDiscovery normal x86_64 Compiling ExpressionMacro.swift (in target 'SwiftSyntaxMacros' from project 'swift-syntax')

SwiftCompile normal arm64 Compiling\ AbstractSourceLocation.swift,\ MacroExpansionContext.swift /Users/harishvishwakarma/Library/Developer/Xcode/DerivedData/Revolt-dharrjsambcimaaziudpvzjdcigm/SourcePackages/checkouts/swift-syntax/Sources/SwiftSyntaxMacros/AbstractSourceLocation.swift /Users/harishvishwakarma/Library/Developer/Xcode/DerivedData/Revolt-dharrjsambcimaaziudpvzjdcigm/SourcePackages/checkouts/swift-syntax/Sources/SwiftSyntaxMacros/MacroExpansionContext.swift (in target 'SwiftSyntaxMacros' from project 'swift-syntax')
SwiftCompile normal arm64 /Users/harishvishwakarma/Library/Developer/Xcode/DerivedData/Revolt-dharrjsambcimaaziudpvzjdcigm/SourcePackages/checkouts/swift-syntax/Sources/SwiftSyntaxMacros/AbstractSourceLocation.swift (in target 'SwiftSyntaxMacros' from project 'swift-syntax')
    cd /Users/harishvishwakarma/Handy/Archem/pepchat-ios/Revolt.xcodeproj
    

SwiftCompile normal arm64 /Users/harishvishwakarma/Library/Developer/Xcode/DerivedData/Revolt-dharrjsambcimaaziudpvzjdcigm/SourcePackages/checkouts/swift-syntax/Sources/SwiftSyntaxMacros/MacroExpansionContext.swift (in target 'SwiftSyntaxMacros' from project 'swift-syntax')
    cd /Users/harishvishwakarma/Handy/Archem/pepchat-ios/Revolt.xcodeproj
    

SwiftDriverJobDiscovery normal arm64 Compiling ResultBuilders.swift (in target 'SwiftSyntaxBuilder' from project 'swift-syntax')

SwiftCompile normal x86_64 Compiling\ FreestandingMacro.swift /Users/harishvishwakarma/Library/Developer/Xcode/DerivedData/Revolt-dharrjsambcimaaziudpvzjdcigm/SourcePackages/checkouts/swift-syntax/Sources/SwiftSyntaxMacros/MacroProtocols/FreestandingMacro.swift (in target 'SwiftSyntaxMacros' from project 'swift-syntax')

SwiftCompile normal x86_64 /Users/harishvishwakarma/Library/Developer/Xcode/DerivedData/Revolt-dharrjsambcimaaziudpvzjdcigm/SourcePackages/checkouts/swift-syntax/Sources/SwiftSyntaxMacros/MacroProtocols/FreestandingMacro.swift (in target 'SwiftSyntaxMacros' from project 'swift-syntax')
    cd /Users/harishvishwakarma/Handy/Archem/pepchat-ios/Revolt.xcodeproj
    

SwiftDriverJobDiscovery normal arm64 Compiling RenamedChildrenBuilderCompatibility.swift (in target 'SwiftSyntaxBuilder' from project 'swift-syntax')

SwiftCompile normal x86_64 Compiling\ Macro.swift /Users/harishvishwakarma/Library/Developer/Xcode/DerivedData/Revolt-dharrjsambcimaaziudpvzjdcigm/SourcePackages/checkouts/swift-syntax/Sources/SwiftSyntaxMacros/MacroProtocols/Macro.swift (in target 'SwiftSyntaxMacros' from project 'swift-syntax')

SwiftCompile normal x86_64 /Users/harishvishwakarma/Library/Developer/Xcode/DerivedData/Revolt-dharrjsambcimaaziudpvzjdcigm/SourcePackages/checkouts/swift-syntax/Sources/SwiftSyntaxMacros/MacroProtocols/Macro.swift (in target 'SwiftSyntaxMacros' from project 'swift-syntax')
    cd /Users/harishvishwakarma/Handy/Archem/pepchat-ios/Revolt.xcodeproj
    

SwiftDriverJobDiscovery normal x86_64 Compiling ResultBuilders.swift (in target 'SwiftSyntaxBuilder' from project 'swift-syntax')

SwiftCompile normal arm64 Compiling\ MemberAttributeMacro.swift /Users/harishvishwakarma/Library/Developer/Xcode/DerivedData/Revolt-dharrjsambcimaaziudpvzjdcigm/SourcePackages/checkouts/swift-syntax/Sources/SwiftSyntaxMacros/MacroProtocols/MemberAttributeMacro.swift (in target 'SwiftSyntaxMacros' from project 'swift-syntax')

SwiftCompile normal arm64 /Users/harishvishwakarma/Library/Developer/Xcode/DerivedData/Revolt-dharrjsambcimaaziudpvzjdcigm/SourcePackages/checkouts/swift-syntax/Sources/SwiftSyntaxMacros/MacroProtocols/MemberAttributeMacro.swift (in target 'SwiftSyntaxMacros' from project 'swift-syntax')
    cd /Users/harishvishwakarma/Handy/Archem/pepchat-ios/Revolt.xcodeproj
    

SwiftDriverJobDiscovery normal arm64 Compiling DeclarationMacro.swift (in target 'SwiftSyntaxMacros' from project 'swift-syntax')

SwiftCompile normal arm64 Compiling\ Macro+Format.swift /Users/harishvishwakarma/Library/Developer/Xcode/DerivedData/Revolt-dharrjsambcimaaziudpvzjdcigm/SourcePackages/checkouts/swift-syntax/Sources/SwiftSyntaxMacros/MacroProtocols/Macro+Format.swift (in target 'SwiftSyntaxMacros' from project 'swift-syntax')
SwiftCompile normal arm64 /Users/harishvishwakarma/Library/Developer/Xcode/DerivedData/Revolt-dharrjsambcimaaziudpvzjdcigm/SourcePackages/checkouts/swift-syntax/Sources/SwiftSyntaxMacros/MacroProtocols/Macro+Format.swift (in target 'SwiftSyntaxMacros' from project 'swift-syntax')
    cd /Users/harishvishwakarma/Handy/Archem/pepchat-ios/Revolt.xcodeproj
    

SwiftCompile normal x86_64 Compiling\ MemberAttributeMacro.swift /Users/harishvishwakarma/Library/Developer/Xcode/DerivedData/Revolt-dharrjsambcimaaziudpvzjdcigm/SourcePackages/checkouts/swift-syntax/Sources/SwiftSyntaxMacros/MacroProtocols/MemberAttributeMacro.swift (in target 'SwiftSyntaxMacros' from project 'swift-syntax')

SwiftCompile normal x86_64 /Users/harishvishwakarma/Library/Developer/Xcode/DerivedData/Revolt-dharrjsambcimaaziudpvzjdcigm/SourcePackages/checkouts/swift-syntax/Sources/SwiftSyntaxMacros/MacroProtocols/MemberAttributeMacro.swift (in target 'SwiftSyntaxMacros' from project 'swift-syntax')
    cd /Users/harishvishwakarma/Handy/Archem/pepchat-ios/Revolt.xcodeproj
    

SwiftDriverJobDiscovery normal arm64 Compiling FreestandingMacro.swift (in target 'SwiftSyntaxMacros' from project 'swift-syntax')

SwiftDriverJobDiscovery normal arm64 Compiling PeerMacro.swift (in target 'SwiftSyntaxMacros' from project 'swift-syntax')

SwiftCompile normal x86_64 Compiling\ PeerMacro.swift /Users/harishvishwakarma/Library/Developer/Xcode/DerivedData/Revolt-dharrjsambcimaaziudpvzjdcigm/SourcePackages/checkouts/swift-syntax/Sources/SwiftSyntaxMacros/MacroProtocols/PeerMacro.swift (in target 'SwiftSyntaxMacros' from project 'swift-syntax')

SwiftCompile normal x86_64 /Users/harishvishwakarma/Library/Developer/Xcode/DerivedData/Revolt-dharrjsambcimaaziudpvzjdcigm/SourcePackages/checkouts/swift-syntax/Sources/SwiftSyntaxMacros/MacroProtocols/PeerMacro.swift (in target 'SwiftSyntaxMacros' from project 'swift-syntax')
    cd /Users/harishvishwakarma/Handy/Archem/pepchat-ios/Revolt.xcodeproj
    

SwiftDriverJobDiscovery normal x86_64 Compiling ExtensionMacro.swift (in target 'SwiftSyntaxMacros' from project 'swift-syntax')

SwiftCompile normal arm64 Compiling\ CodeItemMacro.swift /Users/harishvishwakarma/Library/Developer/Xcode/DerivedData/Revolt-dharrjsambcimaaziudpvzjdcigm/SourcePackages/checkouts/swift-syntax/Sources/SwiftSyntaxMacros/MacroProtocols/CodeItemMacro.swift (in target 'SwiftSyntaxMacros' from project 'swift-syntax')

SwiftCompile normal arm64 /Users/harishvishwakarma/Library/Developer/Xcode/DerivedData/Revolt-dharrjsambcimaaziudpvzjdcigm/SourcePackages/checkouts/swift-syntax/Sources/SwiftSyntaxMacros/MacroProtocols/CodeItemMacro.swift (in target 'SwiftSyntaxMacros' from project 'swift-syntax')
    cd /Users/harishvishwakarma/Handy/Archem/pepchat-ios/Revolt.xcodeproj
    

SwiftDriverJobDiscovery normal arm64 Compiling ExtensionMacro.swift (in target 'SwiftSyntaxMacros' from project 'swift-syntax')

SwiftCompile normal x86_64 Compiling\ AccessorMacro.swift,\ AttachedMacro.swift /Users/harishvishwakarma/Library/Developer/Xcode/DerivedData/Revolt-dharrjsambcimaaziudpvzjdcigm/SourcePackages/checkouts/swift-syntax/Sources/SwiftSyntaxMacros/MacroProtocols/AccessorMacro.swift /Users/harishvishwakarma/Library/Developer/Xcode/DerivedData/Revolt-dharrjsambcimaaziudpvzjdcigm/SourcePackages/checkouts/swift-syntax/Sources/SwiftSyntaxMacros/MacroProtocols/AttachedMacro.swift (in target 'SwiftSyntaxMacros' from project 'swift-syntax')

SwiftCompile normal x86_64 /Users/harishvishwakarma/Library/Developer/Xcode/DerivedData/Revolt-dharrjsambcimaaziudpvzjdcigm/SourcePackages/checkouts/swift-syntax/Sources/SwiftSyntaxMacros/MacroProtocols/AccessorMacro.swift (in target 'SwiftSyntaxMacros' from project 'swift-syntax')
    cd /Users/harishvishwakarma/Handy/Archem/pepchat-ios/Revolt.xcodeproj
    

SwiftCompile normal x86_64 /Users/harishvishwakarma/Library/Developer/Xcode/DerivedData/Revolt-dharrjsambcimaaziudpvzjdcigm/SourcePackages/checkouts/swift-syntax/Sources/SwiftSyntaxMacros/MacroProtocols/AttachedMacro.swift (in target 'SwiftSyntaxMacros' from project 'swift-syntax')
    cd /Users/harishvishwakarma/Handy/Archem/pepchat-ios/Revolt.xcodeproj
    

SwiftCompile normal x86_64 Compiling\ Macro+Format.swift /Users/harishvishwakarma/Library/Developer/Xcode/DerivedData/Revolt-dharrjsambcimaaziudpvzjdcigm/SourcePackages/checkouts/swift-syntax/Sources/SwiftSyntaxMacros/MacroProtocols/Macro+Format.swift (in target 'SwiftSyntaxMacros' from project 'swift-syntax')
SwiftCompile normal x86_64 /Users/harishvishwakarma/Library/Developer/Xcode/DerivedData/Revolt-dharrjsambcimaaziudpvzjdcigm/SourcePackages/checkouts/swift-syntax/Sources/SwiftSyntaxMacros/MacroProtocols/Macro+Format.swift (in target 'SwiftSyntaxMacros' from project 'swift-syntax')
    cd /Users/harishvishwakarma/Handy/Archem/pepchat-ios/Revolt.xcodeproj
    

SwiftCompile normal x86_64 Compiling\ DeclarationMacro.swift /Users/harishvishwakarma/Library/Developer/Xcode/DerivedData/Revolt-dharrjsambcimaaziudpvzjdcigm/SourcePackages/checkouts/swift-syntax/Sources/SwiftSyntaxMacros/MacroProtocols/DeclarationMacro.swift (in target 'SwiftSyntaxMacros' from project 'swift-syntax')

SwiftCompile normal x86_64 /Users/harishvishwakarma/Library/Developer/Xcode/DerivedData/Revolt-dharrjsambcimaaziudpvzjdcigm/SourcePackages/checkouts/swift-syntax/Sources/SwiftSyntaxMacros/MacroProtocols/DeclarationMacro.swift (in target 'SwiftSyntaxMacros' from project 'swift-syntax')
    cd /Users/harishvishwakarma/Handy/Archem/pepchat-ios/Revolt.xcodeproj
    

SwiftDriverJobDiscovery normal arm64 Compiling Macro.swift (in target 'SwiftSyntaxMacros' from project 'swift-syntax')

SwiftDriverJobDiscovery normal x86_64 Compiling CodeItemMacro.swift (in target 'SwiftSyntaxMacros' from project 'swift-syntax')

SwiftDriverJobDiscovery normal arm64 Compiling ExpressionMacro.swift (in target 'SwiftSyntaxMacros' from project 'swift-syntax')

SwiftCompile normal arm64 Compiling\ MemberMacro.swift /Users/harishvishwakarma/Library/Developer/Xcode/DerivedData/Revolt-dharrjsambcimaaziudpvzjdcigm/SourcePackages/checkouts/swift-syntax/Sources/SwiftSyntaxMacros/MacroProtocols/MemberMacro.swift (in target 'SwiftSyntaxMacros' from project 'swift-syntax')
SwiftCompile normal arm64 /Users/harishvishwakarma/Library/Developer/Xcode/DerivedData/Revolt-dharrjsambcimaaziudpvzjdcigm/SourcePackages/checkouts/swift-syntax/Sources/SwiftSyntaxMacros/MacroProtocols/MemberMacro.swift (in target 'SwiftSyntaxMacros' from project 'swift-syntax')
    cd /Users/harishvishwakarma/Handy/Archem/pepchat-ios/Revolt.xcodeproj
    

SwiftDriverJobDiscovery normal x86_64 Compiling FreestandingMacro.swift (in target 'SwiftSyntaxMacros' from project 'swift-syntax')

SwiftCompile normal x86_64 Compiling\ MemberMacro.swift /Users/harishvishwakarma/Library/Developer/Xcode/DerivedData/Revolt-dharrjsambcimaaziudpvzjdcigm/SourcePackages/checkouts/swift-syntax/Sources/SwiftSyntaxMacros/MacroProtocols/MemberMacro.swift (in target 'SwiftSyntaxMacros' from project 'swift-syntax')
SwiftCompile normal x86_64 /Users/harishvishwakarma/Library/Developer/Xcode/DerivedData/Revolt-dharrjsambcimaaziudpvzjdcigm/SourcePackages/checkouts/swift-syntax/Sources/SwiftSyntaxMacros/MacroProtocols/MemberMacro.swift (in target 'SwiftSyntaxMacros' from project 'swift-syntax')
    cd /Users/harishvishwakarma/Handy/Archem/pepchat-ios/Revolt.xcodeproj
    

SwiftDriverJobDiscovery normal x86_64 Compiling AbstractSourceLocation.swift, MacroExpansionContext.swift (in target 'SwiftSyntaxMacros' from project 'swift-syntax')

SwiftCompile normal arm64 Compiling\ AccessorMacro.swift,\ AttachedMacro.swift /Users/harishvishwakarma/Library/Developer/Xcode/DerivedData/Revolt-dharrjsambcimaaziudpvzjdcigm/SourcePackages/checkouts/swift-syntax/Sources/SwiftSyntaxMacros/MacroProtocols/AccessorMacro.swift /Users/harishvishwakarma/Library/Developer/Xcode/DerivedData/Revolt-dharrjsambcimaaziudpvzjdcigm/SourcePackages/checkouts/swift-syntax/Sources/SwiftSyntaxMacros/MacroProtocols/AttachedMacro.swift (in target 'SwiftSyntaxMacros' from project 'swift-syntax')

SwiftCompile normal arm64 /Users/harishvishwakarma/Library/Developer/Xcode/DerivedData/Revolt-dharrjsambcimaaziudpvzjdcigm/SourcePackages/checkouts/swift-syntax/Sources/SwiftSyntaxMacros/MacroProtocols/AccessorMacro.swift (in target 'SwiftSyntaxMacros' from project 'swift-syntax')
    cd /Users/harishvishwakarma/Handy/Archem/pepchat-ios/Revolt.xcodeproj
    

SwiftCompile normal arm64 /Users/harishvishwakarma/Library/Developer/Xcode/DerivedData/Revolt-dharrjsambcimaaziudpvzjdcigm/SourcePackages/checkouts/swift-syntax/Sources/SwiftSyntaxMacros/MacroProtocols/AttachedMacro.swift (in target 'SwiftSyntaxMacros' from project 'swift-syntax')
    cd /Users/harishvishwakarma/Handy/Archem/pepchat-ios/Revolt.xcodeproj
    

SwiftDriverJobDiscovery normal x86_64 Compiling Macro.swift (in target 'SwiftSyntaxMacros' from project 'swift-syntax')

SwiftDriver\ Compilation SwiftSyntaxBuilder normal x86_64 com.apple.xcode.tools.swift.compiler (in target 'SwiftSyntaxBuilder' from project 'swift-syntax')
    cd /Users/harishvishwakarma/Handy/Archem/pepchat-ios/Revolt.xcodeproj
    builtin-Swift-Compilation -- /Applications/Xcode.app/Contents/Developer/Toolchains/XcodeDefault.xctoolchain/usr/bin/swiftc -module-name SwiftSyntaxBuilder -Onone -enforce-exclusivity\=checked @/Users/harishvishwakarma/Library/Developer/Xcode/DerivedData/Revolt-dharrjsambcimaaziudpvzjdcigm/Build/Intermediates.noindex/swift-syntax.build/Debug/SwiftSyntaxBuilder.build/Objects-normal/x86_64/SwiftSyntaxBuilder.SwiftFileList -DSWIFT_PACKAGE -DDEBUG -DXcode -plugin-path /Applications/Xcode.app/Contents/Developer/Toolchains/XcodeDefault.xctoolchain/usr/lib/swift/host/plugins/testing -enable-experimental-feature DebugDescriptionMacro -sdk /Applications/Xcode.app/Contents/Developer/Platforms/MacOSX.platform/Developer/SDKs/MacOSX15.5.sdk -target x86_64-apple-macos10.15 -g -module-cache-path /Users/harishvishwakarma/Library/Developer/Xcode/DerivedData/ModuleCache.noindex -Xfrontend -serialize-debugging-options -enable-testing -suppress-warnings -index-store-path /Users/harishvishwakarma/Library/Developer/Xcode/DerivedData/Revolt-dharrjsambcimaaziudpvzjdcigm/Index.noindex/DataStore -swift-version 5 -I /Users/harishvishwakarma/Library/Developer/Xcode/DerivedData/Revolt-dharrjsambcimaaziudpvzjdcigm/Build/Products/Debug -I /Applications/Xcode.app/Contents/Developer/Platforms/MacOSX.platform/Developer/usr/lib -F /Users/harishvishwakarma/Library/Developer/Xcode/DerivedData/Revolt-dharrjsambcimaaziudpvzjdcigm/Build/Products/Debug/PackageFrameworks -F /Users/harishvishwakarma/Library/Developer/Xcode/DerivedData/Revolt-dharrjsambcimaaziudpvzjdcigm/Build/Products/Debug/PackageFrameworks -F /Users/harishvishwakarma/Library/Developer/Xcode/DerivedData/Revolt-dharrjsambcimaaziudpvzjdcigm/Build/Products/Debug/PackageFrameworks -F /Users/harishvishwakarma/Library/Developer/Xcode/DerivedData/Revolt-dharrjsambcimaaziudpvzjdcigm/Build/Products/Debug/PackageFrameworks -F /Users/harishvishwakarma/Library/Developer/Xcode/DerivedData/Revolt-dharrjsambcimaaziudpvzjdcigm/Build/Products/Debug/PackageFrameworks -F /Users/harishvishwakarma/Library/Developer/Xcode/DerivedData/Revolt-dharrjsambcimaaziudpvzjdcigm/Build/Products/Debug/PackageFrameworks -F /Users/harishvishwakarma/Library/Developer/Xcode/DerivedData/Revolt-dharrjsambcimaaziudpvzjdcigm/Build/Products/Debug -F /Applications/Xcode.app/Contents/Developer/Platforms/MacOSX.platform/Developer/Library/Frameworks -c -j12 -enable-batch-mode -incremental -Xcc -ivfsstatcache -Xcc /Users/harishvishwakarma/Library/Developer/Xcode/DerivedData/SDKStatCaches.noindex/macosx15.5-24F74-8254517eb8b97d462ccbc072ba9094c9.sdkstatcache -output-file-map /Users/harishvishwakarma/Library/Developer/Xcode/DerivedData/Revolt-dharrjsambcimaaziudpvzjdcigm/Build/Intermediates.noindex/swift-syntax.build/Debug/SwiftSyntaxBuilder.build/Objects-normal/x86_64/SwiftSyntaxBuilder-OutputFileMap.json -use-frontend-parseable-output -save-temps -no-color-diagnostics -serialize-diagnostics -emit-dependencies -emit-module -emit-module-path /Users/harishvishwakarma/Library/Developer/Xcode/DerivedData/Revolt-dharrjsambcimaaziudpvzjdcigm/Build/Intermediates.noindex/swift-syntax.build/Debug/SwiftSyntaxBuilder.build/Objects-normal/x86_64/SwiftSyntaxBuilder.swiftmodule -validate-clang-modules-once -clang-build-session-file /Users/harishvishwakarma/Library/Developer/Xcode/DerivedData/ModuleCache.noindex/Session.modulevalidation -Xcc -I/Users/harishvishwakarma/Library/Developer/Xcode/DerivedData/Revolt-dharrjsambcimaaziudpvzjdcigm/Build/Intermediates.noindex/swift-syntax.build/Debug/SwiftSyntaxBuilder.build/swift-overrides.hmap -emit-const-values -Xfrontend -const-gather-protocols-file -Xfrontend /Users/harishvishwakarma/Library/Developer/Xcode/DerivedData/Revolt-dharrjsambcimaaziudpvzjdcigm/Build/Intermediates.noindex/swift-syntax.build/Debug/SwiftSyntaxBuilder.build/Objects-normal/x86_64/SwiftSyntaxBuilder_const_extract_protocols.json -Xcc -I/Users/harishvishwakarma/Library/Developer/Xcode/DerivedData/Revolt-dharrjsambcimaaziudpvzjdcigm/Build/Products/Debug/include -Xcc -I/Users/harishvishwakarma/Library/Developer/Xcode/DerivedData/Revolt-dharrjsambcimaaziudpvzjdcigm/Build/Intermediates.noindex/swift-syntax.build/Debug/SwiftSyntaxBuilder.build/DerivedSources-normal/x86_64 -Xcc -I/Users/harishvishwakarma/Library/Developer/Xcode/DerivedData/Revolt-dharrjsambcimaaziudpvzjdcigm/Build/Intermediates.noindex/swift-syntax.build/Debug/SwiftSyntaxBuilder.build/DerivedSources/x86_64 -Xcc -I/Users/harishvishwakarma/Library/Developer/Xcode/DerivedData/Revolt-dharrjsambcimaaziudpvzjdcigm/Build/Intermediates.noindex/swift-syntax.build/Debug/SwiftSyntaxBuilder.build/DerivedSources -Xcc -DSWIFT_PACKAGE -Xcc -DDEBUG\=1 -emit-objc-header -emit-objc-header-path /Users/harishvishwakarma/Library/Developer/Xcode/DerivedData/Revolt-dharrjsambcimaaziudpvzjdcigm/Build/Intermediates.noindex/swift-syntax.build/Debug/SwiftSyntaxBuilder.build/Objects-normal/x86_64/SwiftSyntaxBuilder-Swift.h -working-directory /Users/harishvishwakarma/Handy/Archem/pepchat-ios/Revolt.xcodeproj -experimental-emit-module-separately -disable-cmo

SwiftDriverJobDiscovery normal arm64 Compiling MemberAttributeMacro.swift (in target 'SwiftSyntaxMacros' from project 'swift-syntax')

SwiftDriver\ Compilation SwiftSyntaxBuilder normal arm64 com.apple.xcode.tools.swift.compiler (in target 'SwiftSyntaxBuilder' from project 'swift-syntax')
    cd /Users/harishvishwakarma/Handy/Archem/pepchat-ios/Revolt.xcodeproj
    builtin-Swift-Compilation -- /Applications/Xcode.app/Contents/Developer/Toolchains/XcodeDefault.xctoolchain/usr/bin/swiftc -module-name SwiftSyntaxBuilder -Onone -enforce-exclusivity\=checked @/Users/harishvishwakarma/Library/Developer/Xcode/DerivedData/Revolt-dharrjsambcimaaziudpvzjdcigm/Build/Intermediates.noindex/swift-syntax.build/Debug/SwiftSyntaxBuilder.build/Objects-normal/arm64/SwiftSyntaxBuilder.SwiftFileList -DSWIFT_PACKAGE -DDEBUG -DXcode -plugin-path /Applications/Xcode.app/Contents/Developer/Toolchains/XcodeDefault.xctoolchain/usr/lib/swift/host/plugins/testing -enable-experimental-feature DebugDescriptionMacro -sdk /Applications/Xcode.app/Contents/Developer/Platforms/MacOSX.platform/Developer/SDKs/MacOSX15.5.sdk -target arm64-apple-macos10.15 -g -module-cache-path /Users/harishvishwakarma/Library/Developer/Xcode/DerivedData/ModuleCache.noindex -Xfrontend -serialize-debugging-options -enable-testing -suppress-warnings -index-store-path /Users/harishvishwakarma/Library/Developer/Xcode/DerivedData/Revolt-dharrjsambcimaaziudpvzjdcigm/Index.noindex/DataStore -swift-version 5 -I /Users/harishvishwakarma/Library/Developer/Xcode/DerivedData/Revolt-dharrjsambcimaaziudpvzjdcigm/Build/Products/Debug -I /Applications/Xcode.app/Contents/Developer/Platforms/MacOSX.platform/Developer/usr/lib -F /Users/harishvishwakarma/Library/Developer/Xcode/DerivedData/Revolt-dharrjsambcimaaziudpvzjdcigm/Build/Products/Debug/PackageFrameworks -F /Users/harishvishwakarma/Library/Developer/Xcode/DerivedData/Revolt-dharrjsambcimaaziudpvzjdcigm/Build/Products/Debug/PackageFrameworks -F /Users/harishvishwakarma/Library/Developer/Xcode/DerivedData/Revolt-dharrjsambcimaaziudpvzjdcigm/Build/Products/Debug/PackageFrameworks -F /Users/harishvishwakarma/Library/Developer/Xcode/DerivedData/Revolt-dharrjsambcimaaziudpvzjdcigm/Build/Products/Debug/PackageFrameworks -F /Users/harishvishwakarma/Library/Developer/Xcode/DerivedData/Revolt-dharrjsambcimaaziudpvzjdcigm/Build/Products/Debug/PackageFrameworks -F /Users/harishvishwakarma/Library/Developer/Xcode/DerivedData/Revolt-dharrjsambcimaaziudpvzjdcigm/Build/Products/Debug/PackageFrameworks -F /Users/harishvishwakarma/Library/Developer/Xcode/DerivedData/Revolt-dharrjsambcimaaziudpvzjdcigm/Build/Products/Debug -F /Applications/Xcode.app/Contents/Developer/Platforms/MacOSX.platform/Developer/Library/Frameworks -c -j12 -enable-batch-mode -incremental -Xcc -ivfsstatcache -Xcc /Users/harishvishwakarma/Library/Developer/Xcode/DerivedData/SDKStatCaches.noindex/macosx15.5-24F74-8254517eb8b97d462ccbc072ba9094c9.sdkstatcache -output-file-map /Users/harishvishwakarma/Library/Developer/Xcode/DerivedData/Revolt-dharrjsambcimaaziudpvzjdcigm/Build/Intermediates.noindex/swift-syntax.build/Debug/SwiftSyntaxBuilder.build/Objects-normal/arm64/SwiftSyntaxBuilder-OutputFileMap.json -use-frontend-parseable-output -save-temps -no-color-diagnostics -serialize-diagnostics -emit-dependencies -emit-module -emit-module-path /Users/harishvishwakarma/Library/Developer/Xcode/DerivedData/Revolt-dharrjsambcimaaziudpvzjdcigm/Build/Intermediates.noindex/swift-syntax.build/Debug/SwiftSyntaxBuilder.build/Objects-normal/arm64/SwiftSyntaxBuilder.swiftmodule -validate-clang-modules-once -clang-build-session-file /Users/harishvishwakarma/Library/Developer/Xcode/DerivedData/ModuleCache.noindex/Session.modulevalidation -Xcc -I/Users/harishvishwakarma/Library/Developer/Xcode/DerivedData/Revolt-dharrjsambcimaaziudpvzjdcigm/Build/Intermediates.noindex/swift-syntax.build/Debug/SwiftSyntaxBuilder.build/swift-overrides.hmap -emit-const-values -Xfrontend -const-gather-protocols-file -Xfrontend /Users/harishvishwakarma/Library/Developer/Xcode/DerivedData/Revolt-dharrjsambcimaaziudpvzjdcigm/Build/Intermediates.noindex/swift-syntax.build/Debug/SwiftSyntaxBuilder.build/Objects-normal/arm64/SwiftSyntaxBuilder_const_extract_protocols.json -Xcc -I/Users/harishvishwakarma/Library/Developer/Xcode/DerivedData/Revolt-dharrjsambcimaaziudpvzjdcigm/Build/Products/Debug/include -Xcc -I/Users/harishvishwakarma/Library/Developer/Xcode/DerivedData/Revolt-dharrjsambcimaaziudpvzjdcigm/Build/Intermediates.noindex/swift-syntax.build/Debug/SwiftSyntaxBuilder.build/DerivedSources-normal/arm64 -Xcc -I/Users/harishvishwakarma/Library/Developer/Xcode/DerivedData/Revolt-dharrjsambcimaaziudpvzjdcigm/Build/Intermediates.noindex/swift-syntax.build/Debug/SwiftSyntaxBuilder.build/DerivedSources/arm64 -Xcc -I/Users/harishvishwakarma/Library/Developer/Xcode/DerivedData/Revolt-dharrjsambcimaaziudpvzjdcigm/Build/Intermediates.noindex/swift-syntax.build/Debug/SwiftSyntaxBuilder.build/DerivedSources -Xcc -DSWIFT_PACKAGE -Xcc -DDEBUG\=1 -emit-objc-header -emit-objc-header-path /Users/harishvishwakarma/Library/Developer/Xcode/DerivedData/Revolt-dharrjsambcimaaziudpvzjdcigm/Build/Intermediates.noindex/swift-syntax.build/Debug/SwiftSyntaxBuilder.build/Objects-normal/arm64/SwiftSyntaxBuilder-Swift.h -working-directory /Users/harishvishwakarma/Handy/Archem/pepchat-ios/Revolt.xcodeproj -experimental-emit-module-separately -disable-cmo

RegisterExecutionPolicyException /Users/harishvishwakarma/Library/Developer/Xcode/DerivedData/Revolt-dharrjsambcimaaziudpvzjdcigm/Build/Products/Debug-iphoneos/BitCollections.o (in target 'BitCollections' from project 'swift-collections')
    cd /Users/harishvishwakarma/Library/Developer/Xcode/DerivedData/Revolt-dharrjsambcimaaziudpvzjdcigm/SourcePackages/checkouts/swift-collections
    builtin-RegisterExecutionPolicyException /Users/harishvishwakarma/Library/Developer/Xcode/DerivedData/Revolt-dharrjsambcimaaziudpvzjdcigm/Build/Products/Debug-iphoneos/BitCollections.o

ExtractAppIntentsMetadata (in target 'SwiftParser' from project 'swift-syntax')
    cd /Users/harishvishwakarma/Library/Developer/Xcode/DerivedData/Revolt-dharrjsambcimaaziudpvzjdcigm/SourcePackages/checkouts/swift-syntax
    /Applications/Xcode.app/Contents/Developer/Toolchains/XcodeDefault.xctoolchain/usr/bin/appintentsmetadataprocessor --toolchain-dir /Applications/Xcode.app/Contents/Developer/Toolchains/XcodeDefault.xctoolchain --module-name SwiftParser --sdk-root /Applications/Xcode.app/Contents/Developer/Platforms/MacOSX.platform/Developer/SDKs/MacOSX15.5.sdk --xcode-version 16F6 --platform-family macOS --deployment-target 10.15 --bundle-identifier swift-syntax.SwiftParser --output /Users/harishvishwakarma/Library/Developer/Xcode/DerivedData/Revolt-dharrjsambcimaaziudpvzjdcigm/Build/Products/Debug/SwiftParser.appintents --target-triple arm64-apple-macos10.15 --target-triple x86_64-apple-macos10.15 --binary-file /Users/harishvishwakarma/Library/Developer/Xcode/DerivedData/Revolt-dharrjsambcimaaziudpvzjdcigm/Build/Products/Debug/SwiftParser.o --dependency-file /Users/harishvishwakarma/Library/Developer/Xcode/DerivedData/Revolt-dharrjsambcimaaziudpvzjdcigm/Build/Intermediates.noindex/swift-syntax.build/Debug/SwiftParser.build/Objects-normal/arm64/SwiftParser_dependency_info.dat --dependency-file /Users/harishvishwakarma/Library/Developer/Xcode/DerivedData/Revolt-dharrjsambcimaaziudpvzjdcigm/Build/Intermediates.noindex/swift-syntax.build/Debug/SwiftParser.build/Objects-normal/x86_64/SwiftParser_dependency_info.dat --stringsdata-file /Users/harishvishwakarma/Library/Developer/Xcode/DerivedData/Revolt-dharrjsambcimaaziudpvzjdcigm/Build/Intermediates.noindex/swift-syntax.build/Debug/SwiftParser.build/Objects-normal/arm64/ExtractedAppShortcutsMetadata.stringsdata --stringsdata-file /Users/harishvishwakarma/Library/Developer/Xcode/DerivedData/Revolt-dharrjsambcimaaziudpvzjdcigm/Build/Intermediates.noindex/swift-syntax.build/Debug/SwiftParser.build/Objects-normal/x86_64/ExtractedAppShortcutsMetadata.stringsdata --source-file-list /Users/harishvishwakarma/Library/Developer/Xcode/DerivedData/Revolt-dharrjsambcimaaziudpvzjdcigm/Build/Intermediates.noindex/swift-syntax.build/Debug/SwiftParser.build/Objects-normal/arm64/SwiftParser.SwiftFileList --source-file-list /Users/harishvishwakarma/Library/Developer/Xcode/DerivedData/Revolt-dharrjsambcimaaziudpvzjdcigm/Build/Intermediates.noindex/swift-syntax.build/Debug/SwiftParser.build/Objects-normal/x86_64/SwiftParser.SwiftFileList --metadata-file-list /Users/harishvishwakarma/Library/Developer/Xcode/DerivedData/Revolt-dharrjsambcimaaziudpvzjdcigm/Build/Intermediates.noindex/swift-syntax.build/Debug/SwiftParser.build/SwiftParser.DependencyMetadataFileList --static-metadata-file-list /Users/harishvishwakarma/Library/Developer/Xcode/DerivedData/Revolt-dharrjsambcimaaziudpvzjdcigm/Build/Intermediates.noindex/swift-syntax.build/Debug/SwiftParser.build/SwiftParser.DependencyStaticMetadataFileList --swift-const-vals-list /Users/harishvishwakarma/Library/Developer/Xcode/DerivedData/Revolt-dharrjsambcimaaziudpvzjdcigm/Build/Intermediates.noindex/swift-syntax.build/Debug/SwiftParser.build/Objects-normal/arm64/SwiftParser.SwiftConstValuesFileList --swift-const-vals-list /Users/harishvishwakarma/Library/Developer/Xcode/DerivedData/Revolt-dharrjsambcimaaziudpvzjdcigm/Build/Intermediates.noindex/swift-syntax.build/Debug/SwiftParser.build/Objects-normal/x86_64/SwiftParser.SwiftConstValuesFileList --force --compile-time-extraction --deployment-aware-processing --validate-assistant-intents --no-app-shortcuts-localization
2026-01-08 18:38:46.774 appintentsmetadataprocessor[99857:1139262] Starting appintentsmetadataprocessor export
2026-01-08 18:38:46.852 appintentsmetadataprocessor[99857:1139262] Extracted no relevant App Intents symbols, skipping writing output

ExtractAppIntentsMetadata (in target 'SwiftDiagnostics' from project 'swift-syntax')
    cd /Users/harishvishwakarma/Library/Developer/Xcode/DerivedData/Revolt-dharrjsambcimaaziudpvzjdcigm/SourcePackages/checkouts/swift-syntax
    /Applications/Xcode.app/Contents/Developer/Toolchains/XcodeDefault.xctoolchain/usr/bin/appintentsmetadataprocessor --toolchain-dir /Applications/Xcode.app/Contents/Developer/Toolchains/XcodeDefault.xctoolchain --module-name SwiftDiagnostics --sdk-root /Applications/Xcode.app/Contents/Developer/Platforms/MacOSX.platform/Developer/SDKs/MacOSX15.5.sdk --xcode-version 16F6 --platform-family macOS --deployment-target 10.15 --bundle-identifier swift-syntax.SwiftDiagnostics --output /Users/harishvishwakarma/Library/Developer/Xcode/DerivedData/Revolt-dharrjsambcimaaziudpvzjdcigm/Build/Products/Debug/SwiftDiagnostics.appintents --target-triple arm64-apple-macos10.15 --target-triple x86_64-apple-macos10.15 --binary-file /Users/harishvishwakarma/Library/Developer/Xcode/DerivedData/Revolt-dharrjsambcimaaziudpvzjdcigm/Build/Products/Debug/SwiftDiagnostics.o --dependency-file /Users/harishvishwakarma/Library/Developer/Xcode/DerivedData/Revolt-dharrjsambcimaaziudpvzjdcigm/Build/Intermediates.noindex/swift-syntax.build/Debug/SwiftDiagnostics.build/Objects-normal/arm64/SwiftDiagnostics_dependency_info.dat --dependency-file /Users/harishvishwakarma/Library/Developer/Xcode/DerivedData/Revolt-dharrjsambcimaaziudpvzjdcigm/Build/Intermediates.noindex/swift-syntax.build/Debug/SwiftDiagnostics.build/Objects-normal/x86_64/SwiftDiagnostics_dependency_info.dat --stringsdata-file /Users/harishvishwakarma/Library/Developer/Xcode/DerivedData/Revolt-dharrjsambcimaaziudpvzjdcigm/Build/Intermediates.noindex/swift-syntax.build/Debug/SwiftDiagnostics.build/Objects-normal/arm64/ExtractedAppShortcutsMetadata.stringsdata --stringsdata-file /Users/harishvishwakarma/Library/Developer/Xcode/DerivedData/Revolt-dharrjsambcimaaziudpvzjdcigm/Build/Intermediates.noindex/swift-syntax.build/Debug/SwiftDiagnostics.build/Objects-normal/x86_64/ExtractedAppShortcutsMetadata.stringsdata --source-file-list /Users/harishvishwakarma/Library/Developer/Xcode/DerivedData/Revolt-dharrjsambcimaaziudpvzjdcigm/Build/Intermediates.noindex/swift-syntax.build/Debug/SwiftDiagnostics.build/Objects-normal/arm64/SwiftDiagnostics.SwiftFileList --source-file-list /Users/harishvishwakarma/Library/Developer/Xcode/DerivedData/Revolt-dharrjsambcimaaziudpvzjdcigm/Build/Intermediates.noindex/swift-syntax.build/Debug/SwiftDiagnostics.build/Objects-normal/x86_64/SwiftDiagnostics.SwiftFileList --metadata-file-list /Users/harishvishwakarma/Library/Developer/Xcode/DerivedData/Revolt-dharrjsambcimaaziudpvzjdcigm/Build/Intermediates.noindex/swift-syntax.build/Debug/SwiftDiagnostics.build/SwiftDiagnostics.DependencyMetadataFileList --static-metadata-file-list /Users/harishvishwakarma/Library/Developer/Xcode/DerivedData/Revolt-dharrjsambcimaaziudpvzjdcigm/Build/Intermediates.noindex/swift-syntax.build/Debug/SwiftDiagnostics.build/SwiftDiagnostics.DependencyStaticMetadataFileList --swift-const-vals-list /Users/harishvishwakarma/Library/Developer/Xcode/DerivedData/Revolt-dharrjsambcimaaziudpvzjdcigm/Build/Intermediates.noindex/swift-syntax.build/Debug/SwiftDiagnostics.build/Objects-normal/arm64/SwiftDiagnostics.SwiftConstValuesFileList --swift-const-vals-list /Users/harishvishwakarma/Library/Developer/Xcode/DerivedData/Revolt-dharrjsambcimaaziudpvzjdcigm/Build/Intermediates.noindex/swift-syntax.build/Debug/SwiftDiagnostics.build/Objects-normal/x86_64/SwiftDiagnostics.SwiftConstValuesFileList --force --compile-time-extraction --deployment-aware-processing --validate-assistant-intents --no-app-shortcuts-localization
2026-01-08 18:38:46.923 appintentsmetadataprocessor[99858:1139269] Starting appintentsmetadataprocessor export
2026-01-08 18:38:47.000 appintentsmetadataprocessor[99858:1139269] Extracted no relevant App Intents symbols, skipping writing output

ExtractAppIntentsMetadata (in target 'SwiftBasicFormat' from project 'swift-syntax')
    cd /Users/harishvishwakarma/Library/Developer/Xcode/DerivedData/Revolt-dharrjsambcimaaziudpvzjdcigm/SourcePackages/checkouts/swift-syntax
    /Applications/Xcode.app/Contents/Developer/Toolchains/XcodeDefault.xctoolchain/usr/bin/appintentsmetadataprocessor --toolchain-dir /Applications/Xcode.app/Contents/Developer/Toolchains/XcodeDefault.xctoolchain --module-name SwiftBasicFormat --sdk-root /Applications/Xcode.app/Contents/Developer/Platforms/MacOSX.platform/Developer/SDKs/MacOSX15.5.sdk --xcode-version 16F6 --platform-family macOS --deployment-target 10.15 --bundle-identifier swift-syntax.SwiftBasicFormat --output /Users/harishvishwakarma/Library/Developer/Xcode/DerivedData/Revolt-dharrjsambcimaaziudpvzjdcigm/Build/Products/Debug/SwiftBasicFormat.appintents --target-triple arm64-apple-macos10.15 --target-triple x86_64-apple-macos10.15 --binary-file /Users/harishvishwakarma/Library/Developer/Xcode/DerivedData/Revolt-dharrjsambcimaaziudpvzjdcigm/Build/Products/Debug/SwiftBasicFormat.o --dependency-file /Users/harishvishwakarma/Library/Developer/Xcode/DerivedData/Revolt-dharrjsambcimaaziudpvzjdcigm/Build/Intermediates.noindex/swift-syntax.build/Debug/SwiftBasicFormat.build/Objects-normal/arm64/SwiftBasicFormat_dependency_info.dat --dependency-file /Users/harishvishwakarma/Library/Developer/Xcode/DerivedData/Revolt-dharrjsambcimaaziudpvzjdcigm/Build/Intermediates.noindex/swift-syntax.build/Debug/SwiftBasicFormat.build/Objects-normal/x86_64/SwiftBasicFormat_dependency_info.dat --stringsdata-file /Users/harishvishwakarma/Library/Developer/Xcode/DerivedData/Revolt-dharrjsambcimaaziudpvzjdcigm/Build/Intermediates.noindex/swift-syntax.build/Debug/SwiftBasicFormat.build/Objects-normal/arm64/ExtractedAppShortcutsMetadata.stringsdata --stringsdata-file /Users/harishvishwakarma/Library/Developer/Xcode/DerivedData/Revolt-dharrjsambcimaaziudpvzjdcigm/Build/Intermediates.noindex/swift-syntax.build/Debug/SwiftBasicFormat.build/Objects-normal/x86_64/ExtractedAppShortcutsMetadata.stringsdata --source-file-list /Users/harishvishwakarma/Library/Developer/Xcode/DerivedData/Revolt-dharrjsambcimaaziudpvzjdcigm/Build/Intermediates.noindex/swift-syntax.build/Debug/SwiftBasicFormat.build/Objects-normal/arm64/SwiftBasicFormat.SwiftFileList --source-file-list /Users/harishvishwakarma/Library/Developer/Xcode/DerivedData/Revolt-dharrjsambcimaaziudpvzjdcigm/Build/Intermediates.noindex/swift-syntax.build/Debug/SwiftBasicFormat.build/Objects-normal/x86_64/SwiftBasicFormat.SwiftFileList --metadata-file-list /Users/harishvishwakarma/Library/Developer/Xcode/DerivedData/Revolt-dharrjsambcimaaziudpvzjdcigm/Build/Intermediates.noindex/swift-syntax.build/Debug/SwiftBasicFormat.build/SwiftBasicFormat.DependencyMetadataFileList --static-metadata-file-list /Users/harishvishwakarma/Library/Developer/Xcode/DerivedData/Revolt-dharrjsambcimaaziudpvzjdcigm/Build/Intermediates.noindex/swift-syntax.build/Debug/SwiftBasicFormat.build/SwiftBasicFormat.DependencyStaticMetadataFileList --swift-const-vals-list /Users/harishvishwakarma/Library/Developer/Xcode/DerivedData/Revolt-dharrjsambcimaaziudpvzjdcigm/Build/Intermediates.noindex/swift-syntax.build/Debug/SwiftBasicFormat.build/Objects-normal/arm64/SwiftBasicFormat.SwiftConstValuesFileList --swift-const-vals-list /Users/harishvishwakarma/Library/Developer/Xcode/DerivedData/Revolt-dharrjsambcimaaziudpvzjdcigm/Build/Intermediates.noindex/swift-syntax.build/Debug/SwiftBasicFormat.build/Objects-normal/x86_64/SwiftBasicFormat.SwiftConstValuesFileList --force --compile-time-extraction --deployment-aware-processing --validate-assistant-intents --no-app-shortcuts-localization
2026-01-08 18:38:47.031 appintentsmetadataprocessor[99859:1139276] Starting appintentsmetadataprocessor export
2026-01-08 18:38:47.100 appintentsmetadataprocessor[99859:1139276] Extracted no relevant App Intents symbols, skipping writing output

SwiftDriverJobDiscovery normal x86_64 Compiling MemberAttributeMacro.swift (in target 'SwiftSyntaxMacros' from project 'swift-syntax')

CodeSign /Users/harishvishwakarma/Library/Developer/Xcode/DerivedData/Revolt-dharrjsambcimaaziudpvzjdcigm/Build/Products/Debug-iphoneos/NotificationService.appex (in target 'NotificationService' from project 'Revolt')
    cd /Users/harishvishwakarma/Handy/Archem/pepchat-ios
    
    Signing Identity:     "Apple Development: Laszlo Horvath (3AUW8MUQGK)"
    Provisioning Profile: "iOS Team Provisioning Profile: chat.zeko.app.notifications"
                          (66f9c1fe-6b1c-4fc6-850e-46cbc7d29eee)
    
    /usr/bin/codesign --force --sign DA86C6EE3C23E0F154626865F355AF11699A56AE --entitlements /Users/harishvishwakarma/Library/Developer/Xcode/DerivedData/Revolt-dharrjsambcimaaziudpvzjdcigm/Build/Intermediates.noindex/Revolt.build/Debug-iphoneos/NotificationService.build/NotificationService.appex.xcent --timestamp\=none --generate-entitlement-der /Users/harishvishwakarma/Library/Developer/Xcode/DerivedData/Revolt-dharrjsambcimaaziudpvzjdcigm/Build/Products/Debug-iphoneos/NotificationService.appex

SwiftDriverJobDiscovery normal arm64 Compiling CodeItemMacro.swift (in target 'SwiftSyntaxMacros' from project 'swift-syntax')

RegisterExecutionPolicyException /Users/harishvishwakarma/Library/Developer/Xcode/DerivedData/Revolt-dharrjsambcimaaziudpvzjdcigm/Build/Products/Debug-iphoneos/HCaptcha_RxSwift.o (in target 'HCaptcha_RxSwift' from project 'HCaptcha')
    cd /Users/harishvishwakarma/Library/Developer/Xcode/DerivedData/Revolt-dharrjsambcimaaziudpvzjdcigm/SourcePackages/checkouts/HCaptcha-ios-sdk
    builtin-RegisterExecutionPolicyException /Users/harishvishwakarma/Library/Developer/Xcode/DerivedData/Revolt-dharrjsambcimaaziudpvzjdcigm/Build/Products/Debug-iphoneos/HCaptcha_RxSwift.o

SwiftDriverJobDiscovery normal x86_64 Compiling PeerMacro.swift (in target 'SwiftSyntaxMacros' from project 'swift-syntax')

Ld /Users/harishvishwakarma/Library/Developer/Xcode/DerivedData/Revolt-dharrjsambcimaaziudpvzjdcigm/Build/Products/Debug-iphoneos/Collections.o normal (in target 'Collections' from project 'swift-collections')
    cd /Users/harishvishwakarma/Library/Developer/Xcode/DerivedData/Revolt-dharrjsambcimaaziudpvzjdcigm/SourcePackages/checkouts/swift-collections
    /Applications/Xcode.app/Contents/Developer/Toolchains/XcodeDefault.xctoolchain/usr/bin/clang -Xlinker -reproducible -target arm64-apple-ios12.0 -r -isysroot /Applications/Xcode.app/Contents/Developer/Platforms/iPhoneOS.platform/Developer/SDKs/iPhoneOS18.5.sdk -O0 -w -L/Users/harishvishwakarma/Library/Developer/Xcode/DerivedData/Revolt-dharrjsambcimaaziudpvzjdcigm/Build/Intermediates.noindex/EagerLinkingTBDs/Debug-iphoneos -L/Users/harishvishwakarma/Library/Developer/Xcode/DerivedData/Revolt-dharrjsambcimaaziudpvzjdcigm/Build/Products/Debug-iphoneos -L/Applications/Xcode.app/Contents/Developer/Platforms/iPhoneOS.platform/Developer/usr/lib -F/Users/harishvishwakarma/Library/Developer/Xcode/DerivedData/Revolt-dharrjsambcimaaziudpvzjdcigm/Build/Intermediates.noindex/EagerLinkingTBDs/Debug-iphoneos -F/Users/harishvishwakarma/Library/Developer/Xcode/DerivedData/Revolt-dharrjsambcimaaziudpvzjdcigm/Build/Products/Debug-iphoneos/PackageFrameworks -F/Users/harishvishwakarma/Library/Developer/Xcode/DerivedData/Revolt-dharrjsambcimaaziudpvzjdcigm/Build/Products/Debug-iphoneos/PackageFrameworks -F/Users/harishvishwakarma/Library/Developer/Xcode/DerivedData/Revolt-dharrjsambcimaaziudpvzjdcigm/Build/Products/Debug-iphoneos/PackageFrameworks -F/Users/harishvishwakarma/Library/Developer/Xcode/DerivedData/Revolt-dharrjsambcimaaziudpvzjdcigm/Build/Products/Debug-iphoneos/PackageFrameworks -F/Users/harishvishwakarma/Library/Developer/Xcode/DerivedData/Revolt-dharrjsambcimaaziudpvzjdcigm/Build/Products/Debug-iphoneos/PackageFrameworks -F/Users/harishvishwakarma/Library/Developer/Xcode/DerivedData/Revolt-dharrjsambcimaaziudpvzjdcigm/Build/Products/Debug-iphoneos/PackageFrameworks -F/Users/harishvishwakarma/Library/Developer/Xcode/DerivedData/Revolt-dharrjsambcimaaziudpvzjdcigm/Build/Products/Debug-iphoneos/PackageFrameworks -F/Users/harishvishwakarma/Library/Developer/Xcode/DerivedData/Revolt-dharrjsambcimaaziudpvzjdcigm/Build/Products/Debug-iphoneos -iframework /Applications/Xcode.app/Contents/Developer/Platforms/iPhoneOS.platform/Developer/Library/Frameworks -iframework /Applications/Xcode.app/Contents/Developer/Platforms/iPhoneOS.platform/Developer/SDKs/iPhoneOS18.5.sdk/Developer/Library/Frameworks -filelist /Users/harishvishwakarma/Library/Developer/Xcode/DerivedData/Revolt-dharrjsambcimaaziudpvzjdcigm/Build/Intermediates.noindex/swift-collections.build/Debug-iphoneos/Collections.build/Objects-normal/arm64/Collections.LinkFileList -nostdlib -Xlinker -object_path_lto -Xlinker /Users/harishvishwakarma/Library/Developer/Xcode/DerivedData/Revolt-dharrjsambcimaaziudpvzjdcigm/Build/Intermediates.noindex/swift-collections.build/Debug-iphoneos/Collections.build/Objects-normal/arm64/Collections_lto.o -rdynamic -Xlinker -no_deduplicate -Xlinker -dependency_info -Xlinker /Users/harishvishwakarma/Library/Developer/Xcode/DerivedData/Revolt-dharrjsambcimaaziudpvzjdcigm/Build/Intermediates.noindex/swift-collections.build/Debug-iphoneos/Collections.build/Objects-normal/arm64/Collections_dependency_info.dat -fobjc-link-runtime -L/Applications/Xcode.app/Contents/Developer/Toolchains/XcodeDefault.xctoolchain/usr/lib/swift/iphoneos -L/usr/lib/swift -Xlinker -add_ast_path -Xlinker /Users/harishvishwakarma/Library/Developer/Xcode/DerivedData/Revolt-dharrjsambcimaaziudpvzjdcigm/Build/Intermediates.noindex/swift-collections.build/Debug-iphoneos/Collections.build/Objects-normal/arm64/Collections.swiftmodule -o /Users/harishvishwakarma/Library/Developer/Xcode/DerivedData/Revolt-dharrjsambcimaaziudpvzjdcigm/Build/Products/Debug-iphoneos/Collections.o

SwiftDriver SwiftSyntaxMacroExpansion normal x86_64 com.apple.xcode.tools.swift.compiler (in target 'SwiftSyntaxMacroExpansion' from project 'swift-syntax')
    cd /Users/harishvishwakarma/Handy/Archem/pepchat-ios/Revolt.xcodeproj
    builtin-SwiftDriver -- /Applications/Xcode.app/Contents/Developer/Toolchains/XcodeDefault.xctoolchain/usr/bin/swiftc -module-name SwiftSyntaxMacroExpansion -Onone -enforce-exclusivity\=checked @/Users/harishvishwakarma/Library/Developer/Xcode/DerivedData/Revolt-dharrjsambcimaaziudpvzjdcigm/Build/Intermediates.noindex/swift-syntax.build/Debug/SwiftSyntaxMacroExpansion.build/Objects-normal/x86_64/SwiftSyntaxMacroExpansion.SwiftFileList -DSWIFT_PACKAGE -DDEBUG -DXcode -plugin-path /Applications/Xcode.app/Contents/Developer/Toolchains/XcodeDefault.xctoolchain/usr/lib/swift/host/plugins/testing -enable-experimental-feature DebugDescriptionMacro -sdk /Applications/Xcode.app/Contents/Developer/Platforms/MacOSX.platform/Developer/SDKs/MacOSX15.5.sdk -target x86_64-apple-macos10.15 -g -module-cache-path /Users/harishvishwakarma/Library/Developer/Xcode/DerivedData/ModuleCache.noindex -Xfrontend -serialize-debugging-options -enable-testing -suppress-warnings -index-store-path /Users/harishvishwakarma/Library/Developer/Xcode/DerivedData/Revolt-dharrjsambcimaaziudpvzjdcigm/Index.noindex/DataStore -swift-version 5 -I /Users/harishvishwakarma/Library/Developer/Xcode/DerivedData/Revolt-dharrjsambcimaaziudpvzjdcigm/Build/Products/Debug -I /Applications/Xcode.app/Contents/Developer/Platforms/MacOSX.platform/Developer/usr/lib -F /Users/harishvishwakarma/Library/Developer/Xcode/DerivedData/Revolt-dharrjsambcimaaziudpvzjdcigm/Build/Products/Debug/PackageFrameworks -F /Users/harishvishwakarma/Library/Developer/Xcode/DerivedData/Revolt-dharrjsambcimaaziudpvzjdcigm/Build/Products/Debug/PackageFrameworks -F /Users/harishvishwakarma/Library/Developer/Xcode/DerivedData/Revolt-dharrjsambcimaaziudpvzjdcigm/Build/Products/Debug/PackageFrameworks -F /Users/harishvishwakarma/Library/Developer/Xcode/DerivedData/Revolt-dharrjsambcimaaziudpvzjdcigm/Build/Products/Debug/PackageFrameworks -F /Users/harishvishwakarma/Library/Developer/Xcode/DerivedData/Revolt-dharrjsambcimaaziudpvzjdcigm/Build/Products/Debug/PackageFrameworks -F /Users/harishvishwakarma/Library/Developer/Xcode/DerivedData/Revolt-dharrjsambcimaaziudpvzjdcigm/Build/Products/Debug/PackageFrameworks -F /Users/harishvishwakarma/Library/Developer/Xcode/DerivedData/Revolt-dharrjsambcimaaziudpvzjdcigm/Build/Products/Debug/PackageFrameworks -F /Users/harishvishwakarma/Library/Developer/Xcode/DerivedData/Revolt-dharrjsambcimaaziudpvzjdcigm/Build/Products/Debug/PackageFrameworks -F /Users/harishvishwakarma/Library/Developer/Xcode/DerivedData/Revolt-dharrjsambcimaaziudpvzjdcigm/Build/Products/Debug/PackageFrameworks -F /Users/harishvishwakarma/Library/Developer/Xcode/DerivedData/Revolt-dharrjsambcimaaziudpvzjdcigm/Build/Products/Debug -F /Applications/Xcode.app/Contents/Developer/Platforms/MacOSX.platform/Developer/Library/Frameworks -c -j12 -enable-batch-mode -incremental -Xcc -ivfsstatcache -Xcc /Users/harishvishwakarma/Library/Developer/Xcode/DerivedData/SDKStatCaches.noindex/macosx15.5-24F74-8254517eb8b97d462ccbc072ba9094c9.sdkstatcache -output-file-map /Users/harishvishwakarma/Library/Developer/Xcode/DerivedData/Revolt-dharrjsambcimaaziudpvzjdcigm/Build/Intermediates.noindex/swift-syntax.build/Debug/SwiftSyntaxMacroExpansion.build/Objects-normal/x86_64/SwiftSyntaxMacroExpansion-OutputFileMap.json -use-frontend-parseable-output -save-temps -no-color-diagnostics -serialize-diagnostics -emit-dependencies -emit-module -emit-module-path /Users/harishvishwakarma/Library/Developer/Xcode/DerivedData/Revolt-dharrjsambcimaaziudpvzjdcigm/Build/Intermediates.noindex/swift-syntax.build/Debug/SwiftSyntaxMacroExpansion.build/Objects-normal/x86_64/SwiftSyntaxMacroExpansion.swiftmodule -validate-clang-modules-once -clang-build-session-file /Users/harishvishwakarma/Library/Developer/Xcode/DerivedData/ModuleCache.noindex/Session.modulevalidation -Xcc -I/Users/harishvishwakarma/Library/Developer/Xcode/DerivedData/Revolt-dharrjsambcimaaziudpvzjdcigm/Build/Intermediates.noindex/swift-syntax.build/Debug/SwiftSyntaxMacroExpansion.build/swift-overrides.hmap -emit-const-values -Xfrontend -const-gather-protocols-file -Xfrontend /Users/harishvishwakarma/Library/Developer/Xcode/DerivedData/Revolt-dharrjsambcimaaziudpvzjdcigm/Build/Intermediates.noindex/swift-syntax.build/Debug/SwiftSyntaxMacroExpansion.build/Objects-normal/x86_64/SwiftSyntaxMacroExpansion_const_extract_protocols.json -Xcc -I/Users/harishvishwakarma/Library/Developer/Xcode/DerivedData/Revolt-dharrjsambcimaaziudpvzjdcigm/Build/Products/Debug/include -Xcc -I/Users/harishvishwakarma/Library/Developer/Xcode/DerivedData/Revolt-dharrjsambcimaaziudpvzjdcigm/Build/Intermediates.noindex/swift-syntax.build/Debug/SwiftSyntaxMacroExpansion.build/DerivedSources-normal/x86_64 -Xcc -I/Users/harishvishwakarma/Library/Developer/Xcode/DerivedData/Revolt-dharrjsambcimaaziudpvzjdcigm/Build/Intermediates.noindex/swift-syntax.build/Debug/SwiftSyntaxMacroExpansion.build/DerivedSources/x86_64 -Xcc -I/Users/harishvishwakarma/Library/Developer/Xcode/DerivedData/Revolt-dharrjsambcimaaziudpvzjdcigm/Build/Intermediates.noindex/swift-syntax.build/Debug/SwiftSyntaxMacroExpansion.build/DerivedSources -Xcc -DSWIFT_PACKAGE -Xcc -DDEBUG\=1 -emit-objc-header -emit-objc-header-path /Users/harishvishwakarma/Library/Developer/Xcode/DerivedData/Revolt-dharrjsambcimaaziudpvzjdcigm/Build/Intermediates.noindex/swift-syntax.build/Debug/SwiftSyntaxMacroExpansion.build/Objects-normal/x86_64/SwiftSyntaxMacroExpansion-Swift.h -working-directory /Users/harishvishwakarma/Handy/Archem/pepchat-ios/Revolt.xcodeproj -experimental-emit-module-separately -disable-cmo

SwiftDriver SwiftSyntaxMacroExpansion normal arm64 com.apple.xcode.tools.swift.compiler (in target 'SwiftSyntaxMacroExpansion' from project 'swift-syntax')
    cd /Users/harishvishwakarma/Handy/Archem/pepchat-ios/Revolt.xcodeproj
    builtin-SwiftDriver -- /Applications/Xcode.app/Contents/Developer/Toolchains/XcodeDefault.xctoolchain/usr/bin/swiftc -module-name SwiftSyntaxMacroExpansion -Onone -enforce-exclusivity\=checked @/Users/harishvishwakarma/Library/Developer/Xcode/DerivedData/Revolt-dharrjsambcimaaziudpvzjdcigm/Build/Intermediates.noindex/swift-syntax.build/Debug/SwiftSyntaxMacroExpansion.build/Objects-normal/arm64/SwiftSyntaxMacroExpansion.SwiftFileList -DSWIFT_PACKAGE -DDEBUG -DXcode -plugin-path /Applications/Xcode.app/Contents/Developer/Toolchains/XcodeDefault.xctoolchain/usr/lib/swift/host/plugins/testing -enable-experimental-feature DebugDescriptionMacro -sdk /Applications/Xcode.app/Contents/Developer/Platforms/MacOSX.platform/Developer/SDKs/MacOSX15.5.sdk -target arm64-apple-macos10.15 -g -module-cache-path /Users/harishvishwakarma/Library/Developer/Xcode/DerivedData/ModuleCache.noindex -Xfrontend -serialize-debugging-options -enable-testing -suppress-warnings -index-store-path /Users/harishvishwakarma/Library/Developer/Xcode/DerivedData/Revolt-dharrjsambcimaaziudpvzjdcigm/Index.noindex/DataStore -swift-version 5 -I /Users/harishvishwakarma/Library/Developer/Xcode/DerivedData/Revolt-dharrjsambcimaaziudpvzjdcigm/Build/Products/Debug -I /Applications/Xcode.app/Contents/Developer/Platforms/MacOSX.platform/Developer/usr/lib -F /Users/harishvishwakarma/Library/Developer/Xcode/DerivedData/Revolt-dharrjsambcimaaziudpvzjdcigm/Build/Products/Debug/PackageFrameworks -F /Users/harishvishwakarma/Library/Developer/Xcode/DerivedData/Revolt-dharrjsambcimaaziudpvzjdcigm/Build/Products/Debug/PackageFrameworks -F /Users/harishvishwakarma/Library/Developer/Xcode/DerivedData/Revolt-dharrjsambcimaaziudpvzjdcigm/Build/Products/Debug/PackageFrameworks -F /Users/harishvishwakarma/Library/Developer/Xcode/DerivedData/Revolt-dharrjsambcimaaziudpvzjdcigm/Build/Products/Debug/PackageFrameworks -F /Users/harishvishwakarma/Library/Developer/Xcode/DerivedData/Revolt-dharrjsambcimaaziudpvzjdcigm/Build/Products/Debug/PackageFrameworks -F /Users/harishvishwakarma/Library/Developer/Xcode/DerivedData/Revolt-dharrjsambcimaaziudpvzjdcigm/Build/Products/Debug/PackageFrameworks -F /Users/harishvishwakarma/Library/Developer/Xcode/DerivedData/Revolt-dharrjsambcimaaziudpvzjdcigm/Build/Products/Debug/PackageFrameworks -F /Users/harishvishwakarma/Library/Developer/Xcode/DerivedData/Revolt-dharrjsambcimaaziudpvzjdcigm/Build/Products/Debug/PackageFrameworks -F /Users/harishvishwakarma/Library/Developer/Xcode/DerivedData/Revolt-dharrjsambcimaaziudpvzjdcigm/Build/Products/Debug/PackageFrameworks -F /Users/harishvishwakarma/Library/Developer/Xcode/DerivedData/Revolt-dharrjsambcimaaziudpvzjdcigm/Build/Products/Debug -F /Applications/Xcode.app/Contents/Developer/Platforms/MacOSX.platform/Developer/Library/Frameworks -c -j12 -enable-batch-mode -incremental -Xcc -ivfsstatcache -Xcc /Users/harishvishwakarma/Library/Developer/Xcode/DerivedData/SDKStatCaches.noindex/macosx15.5-24F74-8254517eb8b97d462ccbc072ba9094c9.sdkstatcache -output-file-map /Users/harishvishwakarma/Library/Developer/Xcode/DerivedData/Revolt-dharrjsambcimaaziudpvzjdcigm/Build/Intermediates.noindex/swift-syntax.build/Debug/SwiftSyntaxMacroExpansion.build/Objects-normal/arm64/SwiftSyntaxMacroExpansion-OutputFileMap.json -use-frontend-parseable-output -save-temps -no-color-diagnostics -serialize-diagnostics -emit-dependencies -emit-module -emit-module-path /Users/harishvishwakarma/Library/Developer/Xcode/DerivedData/Revolt-dharrjsambcimaaziudpvzjdcigm/Build/Intermediates.noindex/swift-syntax.build/Debug/SwiftSyntaxMacroExpansion.build/Objects-normal/arm64/SwiftSyntaxMacroExpansion.swiftmodule -validate-clang-modules-once -clang-build-session-file /Users/harishvishwakarma/Library/Developer/Xcode/DerivedData/ModuleCache.noindex/Session.modulevalidation -Xcc -I/Users/harishvishwakarma/Library/Developer/Xcode/DerivedData/Revolt-dharrjsambcimaaziudpvzjdcigm/Build/Intermediates.noindex/swift-syntax.build/Debug/SwiftSyntaxMacroExpansion.build/swift-overrides.hmap -emit-const-values -Xfrontend -const-gather-protocols-file -Xfrontend /Users/harishvishwakarma/Library/Developer/Xcode/DerivedData/Revolt-dharrjsambcimaaziudpvzjdcigm/Build/Intermediates.noindex/swift-syntax.build/Debug/SwiftSyntaxMacroExpansion.build/Objects-normal/arm64/SwiftSyntaxMacroExpansion_const_extract_protocols.json -Xcc -I/Users/harishvishwakarma/Library/Developer/Xcode/DerivedData/Revolt-dharrjsambcimaaziudpvzjdcigm/Build/Products/Debug/include -Xcc -I/Users/harishvishwakarma/Library/Developer/Xcode/DerivedData/Revolt-dharrjsambcimaaziudpvzjdcigm/Build/Intermediates.noindex/swift-syntax.build/Debug/SwiftSyntaxMacroExpansion.build/DerivedSources-normal/arm64 -Xcc -I/Users/harishvishwakarma/Library/Developer/Xcode/DerivedData/Revolt-dharrjsambcimaaziudpvzjdcigm/Build/Intermediates.noindex/swift-syntax.build/Debug/SwiftSyntaxMacroExpansion.build/DerivedSources/arm64 -Xcc -I/Users/harishvishwakarma/Library/Developer/Xcode/DerivedData/Revolt-dharrjsambcimaaziudpvzjdcigm/Build/Intermediates.noindex/swift-syntax.build/Debug/SwiftSyntaxMacroExpansion.build/DerivedSources -Xcc -DSWIFT_PACKAGE -Xcc -DDEBUG\=1 -emit-objc-header -emit-objc-header-path /Users/harishvishwakarma/Library/Developer/Xcode/DerivedData/Revolt-dharrjsambcimaaziudpvzjdcigm/Build/Intermediates.noindex/swift-syntax.build/Debug/SwiftSyntaxMacroExpansion.build/Objects-normal/arm64/SwiftSyntaxMacroExpansion-Swift.h -working-directory /Users/harishvishwakarma/Handy/Archem/pepchat-ios/Revolt.xcodeproj -experimental-emit-module-separately -disable-cmo

SwiftEmitModule normal x86_64 Emitting\ module\ for\ SwiftSyntaxMacroExpansion (in target 'SwiftSyntaxMacroExpansion' from project 'swift-syntax')
EmitSwiftModule normal x86_64 (in target 'SwiftSyntaxMacroExpansion' from project 'swift-syntax')
    cd /Users/harishvishwakarma/Handy/Archem/pepchat-ios/Revolt.xcodeproj
    

SwiftEmitModule normal arm64 Emitting\ module\ for\ SwiftSyntaxMacroExpansion (in target 'SwiftSyntaxMacroExpansion' from project 'swift-syntax')

EmitSwiftModule normal arm64 (in target 'SwiftSyntaxMacroExpansion' from project 'swift-syntax')
    cd /Users/harishvishwakarma/Handy/Archem/pepchat-ios/Revolt.xcodeproj
    

SwiftDriverJobDiscovery normal x86_64 Compiling AccessorMacro.swift, AttachedMacro.swift (in target 'SwiftSyntaxMacros' from project 'swift-syntax')

SwiftCompile normal x86_64 Compiling\ BasicMacroExpansionContext.swift /Users/harishvishwakarma/Library/Developer/Xcode/DerivedData/Revolt-dharrjsambcimaaziudpvzjdcigm/SourcePackages/checkouts/swift-syntax/Sources/SwiftSyntaxMacroExpansion/BasicMacroExpansionContext.swift (in target 'SwiftSyntaxMacroExpansion' from project 'swift-syntax')
SwiftCompile normal x86_64 /Users/harishvishwakarma/Library/Developer/Xcode/DerivedData/Revolt-dharrjsambcimaaziudpvzjdcigm/SourcePackages/checkouts/swift-syntax/Sources/SwiftSyntaxMacroExpansion/BasicMacroExpansionContext.swift (in target 'SwiftSyntaxMacroExpansion' from project 'swift-syntax')
    cd /Users/harishvishwakarma/Handy/Archem/pepchat-ios/Revolt.xcodeproj
    

SwiftCompile normal x86_64 Compiling\ MacroExpansionDiagnosticMessages.swift /Users/harishvishwakarma/Library/Developer/Xcode/DerivedData/Revolt-dharrjsambcimaaziudpvzjdcigm/SourcePackages/checkouts/swift-syntax/Sources/SwiftSyntaxMacroExpansion/MacroExpansionDiagnosticMessages.swift (in target 'SwiftSyntaxMacroExpansion' from project 'swift-syntax')

SwiftCompile normal x86_64 /Users/harishvishwakarma/Library/Developer/Xcode/DerivedData/Revolt-dharrjsambcimaaziudpvzjdcigm/SourcePackages/checkouts/swift-syntax/Sources/SwiftSyntaxMacroExpansion/MacroExpansionDiagnosticMessages.swift (in target 'SwiftSyntaxMacroExpansion' from project 'swift-syntax')
    cd /Users/harishvishwakarma/Handy/Archem/pepchat-ios/Revolt.xcodeproj
    

SwiftDriverJobDiscovery normal arm64 Compiling AbstractSourceLocation.swift, MacroExpansionContext.swift (in target 'SwiftSyntaxMacros' from project 'swift-syntax')

SwiftCompile normal arm64 Compiling\ MacroSystem.swift /Users/harishvishwakarma/Library/Developer/Xcode/DerivedData/Revolt-dharrjsambcimaaziudpvzjdcigm/SourcePackages/checkouts/swift-syntax/Sources/SwiftSyntaxMacroExpansion/MacroSystem.swift (in target 'SwiftSyntaxMacroExpansion' from project 'swift-syntax')
SwiftCompile normal arm64 /Users/harishvishwakarma/Library/Developer/Xcode/DerivedData/Revolt-dharrjsambcimaaziudpvzjdcigm/SourcePackages/checkouts/swift-syntax/Sources/SwiftSyntaxMacroExpansion/MacroSystem.swift (in target 'SwiftSyntaxMacroExpansion' from project 'swift-syntax')
    cd /Users/harishvishwakarma/Handy/Archem/pepchat-ios/Revolt.xcodeproj
    

SwiftCompile normal arm64 Compiling\ MacroReplacement.swift /Users/harishvishwakarma/Library/Developer/Xcode/DerivedData/Revolt-dharrjsambcimaaziudpvzjdcigm/SourcePackages/checkouts/swift-syntax/Sources/SwiftSyntaxMacroExpansion/MacroReplacement.swift (in target 'SwiftSyntaxMacroExpansion' from project 'swift-syntax')

SwiftCompile normal arm64 /Users/harishvishwakarma/Library/Developer/Xcode/DerivedData/Revolt-dharrjsambcimaaziudpvzjdcigm/SourcePackages/checkouts/swift-syntax/Sources/SwiftSyntaxMacroExpansion/MacroReplacement.swift (in target 'SwiftSyntaxMacroExpansion' from project 'swift-syntax')
    cd /Users/harishvishwakarma/Handy/Archem/pepchat-ios/Revolt.xcodeproj
    

SwiftCompile normal x86_64 Compiling\ MacroReplacement.swift /Users/harishvishwakarma/Library/Developer/Xcode/DerivedData/Revolt-dharrjsambcimaaziudpvzjdcigm/SourcePackages/checkouts/swift-syntax/Sources/SwiftSyntaxMacroExpansion/MacroReplacement.swift (in target 'SwiftSyntaxMacroExpansion' from project 'swift-syntax')

SwiftCompile normal x86_64 /Users/harishvishwakarma/Library/Developer/Xcode/DerivedData/Revolt-dharrjsambcimaaziudpvzjdcigm/SourcePackages/checkouts/swift-syntax/Sources/SwiftSyntaxMacroExpansion/MacroReplacement.swift (in target 'SwiftSyntaxMacroExpansion' from project 'swift-syntax')
    cd /Users/harishvishwakarma/Handy/Archem/pepchat-ios/Revolt.xcodeproj
    

SwiftDriverJobDiscovery normal x86_64 Compiling DeclarationMacro.swift (in target 'SwiftSyntaxMacros' from project 'swift-syntax')

SwiftCompile normal x86_64 Compiling\ MacroExpansion.swift /Users/harishvishwakarma/Library/Developer/Xcode/DerivedData/Revolt-dharrjsambcimaaziudpvzjdcigm/SourcePackages/checkouts/swift-syntax/Sources/SwiftSyntaxMacroExpansion/MacroExpansion.swift (in target 'SwiftSyntaxMacroExpansion' from project 'swift-syntax')

SwiftCompile normal x86_64 /Users/harishvishwakarma/Library/Developer/Xcode/DerivedData/Revolt-dharrjsambcimaaziudpvzjdcigm/SourcePackages/checkouts/swift-syntax/Sources/SwiftSyntaxMacroExpansion/MacroExpansion.swift (in target 'SwiftSyntaxMacroExpansion' from project 'swift-syntax')
    cd /Users/harishvishwakarma/Handy/Archem/pepchat-ios/Revolt.xcodeproj
    

SwiftDriverJobDiscovery normal arm64 Compiling AccessorMacro.swift, AttachedMacro.swift (in target 'SwiftSyntaxMacros' from project 'swift-syntax')

SwiftCompile normal arm64 Compiling\ FunctionParameterUtils.swift /Users/harishvishwakarma/Library/Developer/Xcode/DerivedData/Revolt-dharrjsambcimaaziudpvzjdcigm/SourcePackages/checkouts/swift-syntax/Sources/SwiftSyntaxMacroExpansion/FunctionParameterUtils.swift (in target 'SwiftSyntaxMacroExpansion' from project 'swift-syntax')

SwiftCompile normal arm64 /Users/harishvishwakarma/Library/Developer/Xcode/DerivedData/Revolt-dharrjsambcimaaziudpvzjdcigm/SourcePackages/checkouts/swift-syntax/Sources/SwiftSyntaxMacroExpansion/FunctionParameterUtils.swift (in target 'SwiftSyntaxMacroExpansion' from project 'swift-syntax')
    cd /Users/harishvishwakarma/Handy/Archem/pepchat-ios/Revolt.xcodeproj
    

SwiftDriverJobDiscovery normal arm64 Compiling Macro+Format.swift (in target 'SwiftSyntaxMacros' from project 'swift-syntax')

SwiftCompile normal x86_64 Compiling\ MacroSystem.swift /Users/harishvishwakarma/Library/Developer/Xcode/DerivedData/Revolt-dharrjsambcimaaziudpvzjdcigm/SourcePackages/checkouts/swift-syntax/Sources/SwiftSyntaxMacroExpansion/MacroSystem.swift (in target 'SwiftSyntaxMacroExpansion' from project 'swift-syntax')
SwiftCompile normal x86_64 /Users/harishvishwakarma/Library/Developer/Xcode/DerivedData/Revolt-dharrjsambcimaaziudpvzjdcigm/SourcePackages/checkouts/swift-syntax/Sources/SwiftSyntaxMacroExpansion/MacroSystem.swift (in target 'SwiftSyntaxMacroExpansion' from project 'swift-syntax')
    cd /Users/harishvishwakarma/Handy/Archem/pepchat-ios/Revolt.xcodeproj
    

SwiftDriverJobDiscovery normal x86_64 Compiling Macro+Format.swift (in target 'SwiftSyntaxMacros' from project 'swift-syntax')

SwiftCompile normal arm64 Compiling\ BasicMacroExpansionContext.swift /Users/harishvishwakarma/Library/Developer/Xcode/DerivedData/Revolt-dharrjsambcimaaziudpvzjdcigm/SourcePackages/checkouts/swift-syntax/Sources/SwiftSyntaxMacroExpansion/BasicMacroExpansionContext.swift (in target 'SwiftSyntaxMacroExpansion' from project 'swift-syntax')

SwiftCompile normal arm64 /Users/harishvishwakarma/Library/Developer/Xcode/DerivedData/Revolt-dharrjsambcimaaziudpvzjdcigm/SourcePackages/checkouts/swift-syntax/Sources/SwiftSyntaxMacroExpansion/BasicMacroExpansionContext.swift (in target 'SwiftSyntaxMacroExpansion' from project 'swift-syntax')
    cd /Users/harishvishwakarma/Handy/Archem/pepchat-ios/Revolt.xcodeproj
    

SwiftDriverJobDiscovery normal arm64 Compiling MemberMacro.swift (in target 'SwiftSyntaxMacros' from project 'swift-syntax')

SwiftDriver\ Compilation SwiftSyntaxMacros normal arm64 com.apple.xcode.tools.swift.compiler (in target 'SwiftSyntaxMacros' from project 'swift-syntax')
    cd /Users/harishvishwakarma/Handy/Archem/pepchat-ios/Revolt.xcodeproj
    builtin-Swift-Compilation -- /Applications/Xcode.app/Contents/Developer/Toolchains/XcodeDefault.xctoolchain/usr/bin/swiftc -module-name SwiftSyntaxMacros -Onone -enforce-exclusivity\=checked @/Users/harishvishwakarma/Library/Developer/Xcode/DerivedData/Revolt-dharrjsambcimaaziudpvzjdcigm/Build/Intermediates.noindex/swift-syntax.build/Debug/SwiftSyntaxMacros.build/Objects-normal/arm64/SwiftSyntaxMacros.SwiftFileList -DSWIFT_PACKAGE -DDEBUG -DXcode -plugin-path /Applications/Xcode.app/Contents/Developer/Toolchains/XcodeDefault.xctoolchain/usr/lib/swift/host/plugins/testing -enable-experimental-feature DebugDescriptionMacro -sdk /Applications/Xcode.app/Contents/Developer/Platforms/MacOSX.platform/Developer/SDKs/MacOSX15.5.sdk -target arm64-apple-macos10.15 -g -module-cache-path /Users/harishvishwakarma/Library/Developer/Xcode/DerivedData/ModuleCache.noindex -Xfrontend -serialize-debugging-options -enable-testing -suppress-warnings -index-store-path /Users/harishvishwakarma/Library/Developer/Xcode/DerivedData/Revolt-dharrjsambcimaaziudpvzjdcigm/Index.noindex/DataStore -swift-version 5 -I /Users/harishvishwakarma/Library/Developer/Xcode/DerivedData/Revolt-dharrjsambcimaaziudpvzjdcigm/Build/Products/Debug -I /Applications/Xcode.app/Contents/Developer/Platforms/MacOSX.platform/Developer/usr/lib -F /Users/harishvishwakarma/Library/Developer/Xcode/DerivedData/Revolt-dharrjsambcimaaziudpvzjdcigm/Build/Products/Debug/PackageFrameworks -F /Users/harishvishwakarma/Library/Developer/Xcode/DerivedData/Revolt-dharrjsambcimaaziudpvzjdcigm/Build/Products/Debug/PackageFrameworks -F /Users/harishvishwakarma/Library/Developer/Xcode/DerivedData/Revolt-dharrjsambcimaaziudpvzjdcigm/Build/Products/Debug/PackageFrameworks -F /Users/harishvishwakarma/Library/Developer/Xcode/DerivedData/Revolt-dharrjsambcimaaziudpvzjdcigm/Build/Products/Debug/PackageFrameworks -F /Users/harishvishwakarma/Library/Developer/Xcode/DerivedData/Revolt-dharrjsambcimaaziudpvzjdcigm/Build/Products/Debug/PackageFrameworks -F /Users/harishvishwakarma/Library/Developer/Xcode/DerivedData/Revolt-dharrjsambcimaaziudpvzjdcigm/Build/Products/Debug/PackageFrameworks -F /Users/harishvishwakarma/Library/Developer/Xcode/DerivedData/Revolt-dharrjsambcimaaziudpvzjdcigm/Build/Products/Debug/PackageFrameworks -F /Users/harishvishwakarma/Library/Developer/Xcode/DerivedData/Revolt-dharrjsambcimaaziudpvzjdcigm/Build/Products/Debug -F /Applications/Xcode.app/Contents/Developer/Platforms/MacOSX.platform/Developer/Library/Frameworks -c -j12 -enable-batch-mode -incremental -Xcc -ivfsstatcache -Xcc /Users/harishvishwakarma/Library/Developer/Xcode/DerivedData/SDKStatCaches.noindex/macosx15.5-24F74-8254517eb8b97d462ccbc072ba9094c9.sdkstatcache -output-file-map /Users/harishvishwakarma/Library/Developer/Xcode/DerivedData/Revolt-dharrjsambcimaaziudpvzjdcigm/Build/Intermediates.noindex/swift-syntax.build/Debug/SwiftSyntaxMacros.build/Objects-normal/arm64/SwiftSyntaxMacros-OutputFileMap.json -use-frontend-parseable-output -save-temps -no-color-diagnostics -serialize-diagnostics -emit-dependencies -emit-module -emit-module-path /Users/harishvishwakarma/Library/Developer/Xcode/DerivedData/Revolt-dharrjsambcimaaziudpvzjdcigm/Build/Intermediates.noindex/swift-syntax.build/Debug/SwiftSyntaxMacros.build/Objects-normal/arm64/SwiftSyntaxMacros.swiftmodule -validate-clang-modules-once -clang-build-session-file /Users/harishvishwakarma/Library/Developer/Xcode/DerivedData/ModuleCache.noindex/Session.modulevalidation -Xcc -I/Users/harishvishwakarma/Library/Developer/Xcode/DerivedData/Revolt-dharrjsambcimaaziudpvzjdcigm/Build/Intermediates.noindex/swift-syntax.build/Debug/SwiftSyntaxMacros.build/swift-overrides.hmap -emit-const-values -Xfrontend -const-gather-protocols-file -Xfrontend /Users/harishvishwakarma/Library/Developer/Xcode/DerivedData/Revolt-dharrjsambcimaaziudpvzjdcigm/Build/Intermediates.noindex/swift-syntax.build/Debug/SwiftSyntaxMacros.build/Objects-normal/arm64/SwiftSyntaxMacros_const_extract_protocols.json -Xcc -I/Users/harishvishwakarma/Library/Developer/Xcode/DerivedData/Revolt-dharrjsambcimaaziudpvzjdcigm/Build/Products/Debug/include -Xcc -I/Users/harishvishwakarma/Library/Developer/Xcode/DerivedData/Revolt-dharrjsambcimaaziudpvzjdcigm/Build/Intermediates.noindex/swift-syntax.build/Debug/SwiftSyntaxMacros.build/DerivedSources-normal/arm64 -Xcc -I/Users/harishvishwakarma/Library/Developer/Xcode/DerivedData/Revolt-dharrjsambcimaaziudpvzjdcigm/Build/Intermediates.noindex/swift-syntax.build/Debug/SwiftSyntaxMacros.build/DerivedSources/arm64 -Xcc -I/Users/harishvishwakarma/Library/Developer/Xcode/DerivedData/Revolt-dharrjsambcimaaziudpvzjdcigm/Build/Intermediates.noindex/swift-syntax.build/Debug/SwiftSyntaxMacros.build/DerivedSources -Xcc -DSWIFT_PACKAGE -Xcc -DDEBUG\=1 -emit-objc-header -emit-objc-header-path /Users/harishvishwakarma/Library/Developer/Xcode/DerivedData/Revolt-dharrjsambcimaaziudpvzjdcigm/Build/Intermediates.noindex/swift-syntax.build/Debug/SwiftSyntaxMacros.build/Objects-normal/arm64/SwiftSyntaxMacros-Swift.h -working-directory /Users/harishvishwakarma/Handy/Archem/pepchat-ios/Revolt.xcodeproj -experimental-emit-module-separately -disable-cmo

SwiftDriverJobDiscovery normal x86_64 Compiling MemberMacro.swift (in target 'SwiftSyntaxMacros' from project 'swift-syntax')

SwiftCompile normal arm64 Compiling\ MacroExpansionDiagnosticMessages.swift /Users/harishvishwakarma/Library/Developer/Xcode/DerivedData/Revolt-dharrjsambcimaaziudpvzjdcigm/SourcePackages/checkouts/swift-syntax/Sources/SwiftSyntaxMacroExpansion/MacroExpansionDiagnosticMessages.swift (in target 'SwiftSyntaxMacroExpansion' from project 'swift-syntax')

SwiftCompile normal arm64 /Users/harishvishwakarma/Library/Developer/Xcode/DerivedData/Revolt-dharrjsambcimaaziudpvzjdcigm/SourcePackages/checkouts/swift-syntax/Sources/SwiftSyntaxMacroExpansion/MacroExpansionDiagnosticMessages.swift (in target 'SwiftSyntaxMacroExpansion' from project 'swift-syntax')
    cd /Users/harishvishwakarma/Handy/Archem/pepchat-ios/Revolt.xcodeproj
    

SwiftDriver\ Compilation SwiftSyntaxMacros normal x86_64 com.apple.xcode.tools.swift.compiler (in target 'SwiftSyntaxMacros' from project 'swift-syntax')
    cd /Users/harishvishwakarma/Handy/Archem/pepchat-ios/Revolt.xcodeproj
    builtin-Swift-Compilation -- /Applications/Xcode.app/Contents/Developer/Toolchains/XcodeDefault.xctoolchain/usr/bin/swiftc -module-name SwiftSyntaxMacros -Onone -enforce-exclusivity\=checked @/Users/harishvishwakarma/Library/Developer/Xcode/DerivedData/Revolt-dharrjsambcimaaziudpvzjdcigm/Build/Intermediates.noindex/swift-syntax.build/Debug/SwiftSyntaxMacros.build/Objects-normal/x86_64/SwiftSyntaxMacros.SwiftFileList -DSWIFT_PACKAGE -DDEBUG -DXcode -plugin-path /Applications/Xcode.app/Contents/Developer/Toolchains/XcodeDefault.xctoolchain/usr/lib/swift/host/plugins/testing -enable-experimental-feature DebugDescriptionMacro -sdk /Applications/Xcode.app/Contents/Developer/Platforms/MacOSX.platform/Developer/SDKs/MacOSX15.5.sdk -target x86_64-apple-macos10.15 -g -module-cache-path /Users/harishvishwakarma/Library/Developer/Xcode/DerivedData/ModuleCache.noindex -Xfrontend -serialize-debugging-options -enable-testing -suppress-warnings -index-store-path /Users/harishvishwakarma/Library/Developer/Xcode/DerivedData/Revolt-dharrjsambcimaaziudpvzjdcigm/Index.noindex/DataStore -swift-version 5 -I /Users/harishvishwakarma/Library/Developer/Xcode/DerivedData/Revolt-dharrjsambcimaaziudpvzjdcigm/Build/Products/Debug -I /Applications/Xcode.app/Contents/Developer/Platforms/MacOSX.platform/Developer/usr/lib -F /Users/harishvishwakarma/Library/Developer/Xcode/DerivedData/Revolt-dharrjsambcimaaziudpvzjdcigm/Build/Products/Debug/PackageFrameworks -F /Users/harishvishwakarma/Library/Developer/Xcode/DerivedData/Revolt-dharrjsambcimaaziudpvzjdcigm/Build/Products/Debug/PackageFrameworks -F /Users/harishvishwakarma/Library/Developer/Xcode/DerivedData/Revolt-dharrjsambcimaaziudpvzjdcigm/Build/Products/Debug/PackageFrameworks -F /Users/harishvishwakarma/Library/Developer/Xcode/DerivedData/Revolt-dharrjsambcimaaziudpvzjdcigm/Build/Products/Debug/PackageFrameworks -F /Users/harishvishwakarma/Library/Developer/Xcode/DerivedData/Revolt-dharrjsambcimaaziudpvzjdcigm/Build/Products/Debug/PackageFrameworks -F /Users/harishvishwakarma/Library/Developer/Xcode/DerivedData/Revolt-dharrjsambcimaaziudpvzjdcigm/Build/Products/Debug/PackageFrameworks -F /Users/harishvishwakarma/Library/Developer/Xcode/DerivedData/Revolt-dharrjsambcimaaziudpvzjdcigm/Build/Products/Debug/PackageFrameworks -F /Users/harishvishwakarma/Library/Developer/Xcode/DerivedData/Revolt-dharrjsambcimaaziudpvzjdcigm/Build/Products/Debug -F /Applications/Xcode.app/Contents/Developer/Platforms/MacOSX.platform/Developer/Library/Frameworks -c -j12 -enable-batch-mode -incremental -Xcc -ivfsstatcache -Xcc /Users/harishvishwakarma/Library/Developer/Xcode/DerivedData/SDKStatCaches.noindex/macosx15.5-24F74-8254517eb8b97d462ccbc072ba9094c9.sdkstatcache -output-file-map /Users/harishvishwakarma/Library/Developer/Xcode/DerivedData/Revolt-dharrjsambcimaaziudpvzjdcigm/Build/Intermediates.noindex/swift-syntax.build/Debug/SwiftSyntaxMacros.build/Objects-normal/x86_64/SwiftSyntaxMacros-OutputFileMap.json -use-frontend-parseable-output -save-temps -no-color-diagnostics -serialize-diagnostics -emit-dependencies -emit-module -emit-module-path /Users/harishvishwakarma/Library/Developer/Xcode/DerivedData/Revolt-dharrjsambcimaaziudpvzjdcigm/Build/Intermediates.noindex/swift-syntax.build/Debug/SwiftSyntaxMacros.build/Objects-normal/x86_64/SwiftSyntaxMacros.swiftmodule -validate-clang-modules-once -clang-build-session-file /Users/harishvishwakarma/Library/Developer/Xcode/DerivedData/ModuleCache.noindex/Session.modulevalidation -Xcc -I/Users/harishvishwakarma/Library/Developer/Xcode/DerivedData/Revolt-dharrjsambcimaaziudpvzjdcigm/Build/Intermediates.noindex/swift-syntax.build/Debug/SwiftSyntaxMacros.build/swift-overrides.hmap -emit-const-values -Xfrontend -const-gather-protocols-file -Xfrontend /Users/harishvishwakarma/Library/Developer/Xcode/DerivedData/Revolt-dharrjsambcimaaziudpvzjdcigm/Build/Intermediates.noindex/swift-syntax.build/Debug/SwiftSyntaxMacros.build/Objects-normal/x86_64/SwiftSyntaxMacros_const_extract_protocols.json -Xcc -I/Users/harishvishwakarma/Library/Developer/Xcode/DerivedData/Revolt-dharrjsambcimaaziudpvzjdcigm/Build/Products/Debug/include -Xcc -I/Users/harishvishwakarma/Library/Developer/Xcode/DerivedData/Revolt-dharrjsambcimaaziudpvzjdcigm/Build/Intermediates.noindex/swift-syntax.build/Debug/SwiftSyntaxMacros.build/DerivedSources-normal/x86_64 -Xcc -I/Users/harishvishwakarma/Library/Developer/Xcode/DerivedData/Revolt-dharrjsambcimaaziudpvzjdcigm/Build/Intermediates.noindex/swift-syntax.build/Debug/SwiftSyntaxMacros.build/DerivedSources/x86_64 -Xcc -I/Users/harishvishwakarma/Library/Developer/Xcode/DerivedData/Revolt-dharrjsambcimaaziudpvzjdcigm/Build/Intermediates.noindex/swift-syntax.build/Debug/SwiftSyntaxMacros.build/DerivedSources -Xcc -DSWIFT_PACKAGE -Xcc -DDEBUG\=1 -emit-objc-header -emit-objc-header-path /Users/harishvishwakarma/Library/Developer/Xcode/DerivedData/Revolt-dharrjsambcimaaziudpvzjdcigm/Build/Intermediates.noindex/swift-syntax.build/Debug/SwiftSyntaxMacros.build/Objects-normal/x86_64/SwiftSyntaxMacros-Swift.h -working-directory /Users/harishvishwakarma/Handy/Archem/pepchat-ios/Revolt.xcodeproj -experimental-emit-module-separately -disable-cmo

SwiftDriverJobDiscovery normal arm64 Emitting module for SwiftSyntaxMacroExpansion (in target 'SwiftSyntaxMacroExpansion' from project 'swift-syntax')

SwiftDriver\ Compilation\ Requirements SwiftSyntaxMacroExpansion normal arm64 com.apple.xcode.tools.swift.compiler (in target 'SwiftSyntaxMacroExpansion' from project 'swift-syntax')
    cd /Users/harishvishwakarma/Handy/Archem/pepchat-ios/Revolt.xcodeproj
    builtin-Swift-Compilation-Requirements -- /Applications/Xcode.app/Contents/Developer/Toolchains/XcodeDefault.xctoolchain/usr/bin/swiftc -module-name SwiftSyntaxMacroExpansion -Onone -enforce-exclusivity\=checked @/Users/harishvishwakarma/Library/Developer/Xcode/DerivedData/Revolt-dharrjsambcimaaziudpvzjdcigm/Build/Intermediates.noindex/swift-syntax.build/Debug/SwiftSyntaxMacroExpansion.build/Objects-normal/arm64/SwiftSyntaxMacroExpansion.SwiftFileList -DSWIFT_PACKAGE -DDEBUG -DXcode -plugin-path /Applications/Xcode.app/Contents/Developer/Toolchains/XcodeDefault.xctoolchain/usr/lib/swift/host/plugins/testing -enable-experimental-feature DebugDescriptionMacro -sdk /Applications/Xcode.app/Contents/Developer/Platforms/MacOSX.platform/Developer/SDKs/MacOSX15.5.sdk -target arm64-apple-macos10.15 -g -module-cache-path /Users/harishvishwakarma/Library/Developer/Xcode/DerivedData/ModuleCache.noindex -Xfrontend -serialize-debugging-options -enable-testing -suppress-warnings -index-store-path /Users/harishvishwakarma/Library/Developer/Xcode/DerivedData/Revolt-dharrjsambcimaaziudpvzjdcigm/Index.noindex/DataStore -swift-version 5 -I /Users/harishvishwakarma/Library/Developer/Xcode/DerivedData/Revolt-dharrjsambcimaaziudpvzjdcigm/Build/Products/Debug -I /Applications/Xcode.app/Contents/Developer/Platforms/MacOSX.platform/Developer/usr/lib -F /Users/harishvishwakarma/Library/Developer/Xcode/DerivedData/Revolt-dharrjsambcimaaziudpvzjdcigm/Build/Products/Debug/PackageFrameworks -F /Users/harishvishwakarma/Library/Developer/Xcode/DerivedData/Revolt-dharrjsambcimaaziudpvzjdcigm/Build/Products/Debug/PackageFrameworks -F /Users/harishvishwakarma/Library/Developer/Xcode/DerivedData/Revolt-dharrjsambcimaaziudpvzjdcigm/Build/Products/Debug/PackageFrameworks -F /Users/harishvishwakarma/Library/Developer/Xcode/DerivedData/Revolt-dharrjsambcimaaziudpvzjdcigm/Build/Products/Debug/PackageFrameworks -F /Users/harishvishwakarma/Library/Developer/Xcode/DerivedData/Revolt-dharrjsambcimaaziudpvzjdcigm/Build/Products/Debug/PackageFrameworks -F /Users/harishvishwakarma/Library/Developer/Xcode/DerivedData/Revolt-dharrjsambcimaaziudpvzjdcigm/Build/Products/Debug/PackageFrameworks -F /Users/harishvishwakarma/Library/Developer/Xcode/DerivedData/Revolt-dharrjsambcimaaziudpvzjdcigm/Build/Products/Debug/PackageFrameworks -F /Users/harishvishwakarma/Library/Developer/Xcode/DerivedData/Revolt-dharrjsambcimaaziudpvzjdcigm/Build/Products/Debug/PackageFrameworks -F /Users/harishvishwakarma/Library/Developer/Xcode/DerivedData/Revolt-dharrjsambcimaaziudpvzjdcigm/Build/Products/Debug/PackageFrameworks -F /Users/harishvishwakarma/Library/Developer/Xcode/DerivedData/Revolt-dharrjsambcimaaziudpvzjdcigm/Build/Products/Debug -F /Applications/Xcode.app/Contents/Developer/Platforms/MacOSX.platform/Developer/Library/Frameworks -c -j12 -enable-batch-mode -incremental -Xcc -ivfsstatcache -Xcc /Users/harishvishwakarma/Library/Developer/Xcode/DerivedData/SDKStatCaches.noindex/macosx15.5-24F74-8254517eb8b97d462ccbc072ba9094c9.sdkstatcache -output-file-map /Users/harishvishwakarma/Library/Developer/Xcode/DerivedData/Revolt-dharrjsambcimaaziudpvzjdcigm/Build/Intermediates.noindex/swift-syntax.build/Debug/SwiftSyntaxMacroExpansion.build/Objects-normal/arm64/SwiftSyntaxMacroExpansion-OutputFileMap.json -use-frontend-parseable-output -save-temps -no-color-diagnostics -serialize-diagnostics -emit-dependencies -emit-module -emit-module-path /Users/harishvishwakarma/Library/Developer/Xcode/DerivedData/Revolt-dharrjsambcimaaziudpvzjdcigm/Build/Intermediates.noindex/swift-syntax.build/Debug/SwiftSyntaxMacroExpansion.build/Objects-normal/arm64/SwiftSyntaxMacroExpansion.swiftmodule -validate-clang-modules-once -clang-build-session-file /Users/harishvishwakarma/Library/Developer/Xcode/DerivedData/ModuleCache.noindex/Session.modulevalidation -Xcc -I/Users/harishvishwakarma/Library/Developer/Xcode/DerivedData/Revolt-dharrjsambcimaaziudpvzjdcigm/Build/Intermediates.noindex/swift-syntax.build/Debug/SwiftSyntaxMacroExpansion.build/swift-overrides.hmap -emit-const-values -Xfrontend -const-gather-protocols-file -Xfrontend /Users/harishvishwakarma/Library/Developer/Xcode/DerivedData/Revolt-dharrjsambcimaaziudpvzjdcigm/Build/Intermediates.noindex/swift-syntax.build/Debug/SwiftSyntaxMacroExpansion.build/Objects-normal/arm64/SwiftSyntaxMacroExpansion_const_extract_protocols.json -Xcc -I/Users/harishvishwakarma/Library/Developer/Xcode/DerivedData/Revolt-dharrjsambcimaaziudpvzjdcigm/Build/Products/Debug/include -Xcc -I/Users/harishvishwakarma/Library/Developer/Xcode/DerivedData/Revolt-dharrjsambcimaaziudpvzjdcigm/Build/Intermediates.noindex/swift-syntax.build/Debug/SwiftSyntaxMacroExpansion.build/DerivedSources-normal/arm64 -Xcc -I/Users/harishvishwakarma/Library/Developer/Xcode/DerivedData/Revolt-dharrjsambcimaaziudpvzjdcigm/Build/Intermediates.noindex/swift-syntax.build/Debug/SwiftSyntaxMacroExpansion.build/DerivedSources/arm64 -Xcc -I/Users/harishvishwakarma/Library/Developer/Xcode/DerivedData/Revolt-dharrjsambcimaaziudpvzjdcigm/Build/Intermediates.noindex/swift-syntax.build/Debug/SwiftSyntaxMacroExpansion.build/DerivedSources -Xcc -DSWIFT_PACKAGE -Xcc -DDEBUG\=1 -emit-objc-header -emit-objc-header-path /Users/harishvishwakarma/Library/Developer/Xcode/DerivedData/Revolt-dharrjsambcimaaziudpvzjdcigm/Build/Intermediates.noindex/swift-syntax.build/Debug/SwiftSyntaxMacroExpansion.build/Objects-normal/arm64/SwiftSyntaxMacroExpansion-Swift.h -working-directory /Users/harishvishwakarma/Handy/Archem/pepchat-ios/Revolt.xcodeproj -experimental-emit-module-separately -disable-cmo

SwiftCompile normal arm64 Compiling\ MacroExpansion.swift /Users/harishvishwakarma/Library/Developer/Xcode/DerivedData/Revolt-dharrjsambcimaaziudpvzjdcigm/SourcePackages/checkouts/swift-syntax/Sources/SwiftSyntaxMacroExpansion/MacroExpansion.swift (in target 'SwiftSyntaxMacroExpansion' from project 'swift-syntax')
SwiftCompile normal arm64 /Users/harishvishwakarma/Library/Developer/Xcode/DerivedData/Revolt-dharrjsambcimaaziudpvzjdcigm/SourcePackages/checkouts/swift-syntax/Sources/SwiftSyntaxMacroExpansion/MacroExpansion.swift (in target 'SwiftSyntaxMacroExpansion' from project 'swift-syntax')
    cd /Users/harishvishwakarma/Handy/Archem/pepchat-ios/Revolt.xcodeproj
    

Copy /Users/harishvishwakarma/Library/Developer/Xcode/DerivedData/Revolt-dharrjsambcimaaziudpvzjdcigm/Build/Products/Debug/SwiftSyntaxMacroExpansion.swiftmodule/arm64-apple-macos.swiftmodule /Users/harishvishwakarma/Library/Developer/Xcode/DerivedData/Revolt-dharrjsambcimaaziudpvzjdcigm/Build/Intermediates.noindex/swift-syntax.build/Debug/SwiftSyntaxMacroExpansion.build/Objects-normal/arm64/SwiftSyntaxMacroExpansion.swiftmodule (in target 'SwiftSyntaxMacroExpansion' from project 'swift-syntax')
    cd /Users/harishvishwakarma/Library/Developer/Xcode/DerivedData/Revolt-dharrjsambcimaaziudpvzjdcigm/SourcePackages/checkouts/swift-syntax
    builtin-copy -exclude .DS_Store -exclude CVS -exclude .svn -exclude .git -exclude .hg -resolve-src-symlinks -rename /Users/harishvishwakarma/Library/Developer/Xcode/DerivedData/Revolt-dharrjsambcimaaziudpvzjdcigm/Build/Intermediates.noindex/swift-syntax.build/Debug/SwiftSyntaxMacroExpansion.build/Objects-normal/arm64/SwiftSyntaxMacroExpansion.swiftmodule /Users/harishvishwakarma/Library/Developer/Xcode/DerivedData/Revolt-dharrjsambcimaaziudpvzjdcigm/Build/Products/Debug/SwiftSyntaxMacroExpansion.swiftmodule/arm64-apple-macos.swiftmodule

SwiftDriverJobDiscovery normal x86_64 Emitting module for SwiftSyntaxMacroExpansion (in target 'SwiftSyntaxMacroExpansion' from project 'swift-syntax')

Copy /Users/harishvishwakarma/Library/Developer/Xcode/DerivedData/Revolt-dharrjsambcimaaziudpvzjdcigm/Build/Products/Debug/SwiftSyntaxMacroExpansion.swiftmodule/arm64-apple-macos.swiftdoc /Users/harishvishwakarma/Library/Developer/Xcode/DerivedData/Revolt-dharrjsambcimaaziudpvzjdcigm/Build/Intermediates.noindex/swift-syntax.build/Debug/SwiftSyntaxMacroExpansion.build/Objects-normal/arm64/SwiftSyntaxMacroExpansion.swiftdoc (in target 'SwiftSyntaxMacroExpansion' from project 'swift-syntax')
    cd /Users/harishvishwakarma/Library/Developer/Xcode/DerivedData/Revolt-dharrjsambcimaaziudpvzjdcigm/SourcePackages/checkouts/swift-syntax
    builtin-copy -exclude .DS_Store -exclude CVS -exclude .svn -exclude .git -exclude .hg -resolve-src-symlinks -rename /Users/harishvishwakarma/Library/Developer/Xcode/DerivedData/Revolt-dharrjsambcimaaziudpvzjdcigm/Build/Intermediates.noindex/swift-syntax.build/Debug/SwiftSyntaxMacroExpansion.build/Objects-normal/arm64/SwiftSyntaxMacroExpansion.swiftdoc /Users/harishvishwakarma/Library/Developer/Xcode/DerivedData/Revolt-dharrjsambcimaaziudpvzjdcigm/Build/Products/Debug/SwiftSyntaxMacroExpansion.swiftmodule/arm64-apple-macos.swiftdoc

SwiftDriver\ Compilation\ Requirements SwiftSyntaxMacroExpansion normal x86_64 com.apple.xcode.tools.swift.compiler (in target 'SwiftSyntaxMacroExpansion' from project 'swift-syntax')
    cd /Users/harishvishwakarma/Handy/Archem/pepchat-ios/Revolt.xcodeproj
    builtin-Swift-Compilation-Requirements -- /Applications/Xcode.app/Contents/Developer/Toolchains/XcodeDefault.xctoolchain/usr/bin/swiftc -module-name SwiftSyntaxMacroExpansion -Onone -enforce-exclusivity\=checked @/Users/harishvishwakarma/Library/Developer/Xcode/DerivedData/Revolt-dharrjsambcimaaziudpvzjdcigm/Build/Intermediates.noindex/swift-syntax.build/Debug/SwiftSyntaxMacroExpansion.build/Objects-normal/x86_64/SwiftSyntaxMacroExpansion.SwiftFileList -DSWIFT_PACKAGE -DDEBUG -DXcode -plugin-path /Applications/Xcode.app/Contents/Developer/Toolchains/XcodeDefault.xctoolchain/usr/lib/swift/host/plugins/testing -enable-experimental-feature DebugDescriptionMacro -sdk /Applications/Xcode.app/Contents/Developer/Platforms/MacOSX.platform/Developer/SDKs/MacOSX15.5.sdk -target x86_64-apple-macos10.15 -g -module-cache-path /Users/harishvishwakarma/Library/Developer/Xcode/DerivedData/ModuleCache.noindex -Xfrontend -serialize-debugging-options -enable-testing -suppress-warnings -index-store-path /Users/harishvishwakarma/Library/Developer/Xcode/DerivedData/Revolt-dharrjsambcimaaziudpvzjdcigm/Index.noindex/DataStore -swift-version 5 -I /Users/harishvishwakarma/Library/Developer/Xcode/DerivedData/Revolt-dharrjsambcimaaziudpvzjdcigm/Build/Products/Debug -I /Applications/Xcode.app/Contents/Developer/Platforms/MacOSX.platform/Developer/usr/lib -F /Users/harishvishwakarma/Library/Developer/Xcode/DerivedData/Revolt-dharrjsambcimaaziudpvzjdcigm/Build/Products/Debug/PackageFrameworks -F /Users/harishvishwakarma/Library/Developer/Xcode/DerivedData/Revolt-dharrjsambcimaaziudpvzjdcigm/Build/Products/Debug/PackageFrameworks -F /Users/harishvishwakarma/Library/Developer/Xcode/DerivedData/Revolt-dharrjsambcimaaziudpvzjdcigm/Build/Products/Debug/PackageFrameworks -F /Users/harishvishwakarma/Library/Developer/Xcode/DerivedData/Revolt-dharrjsambcimaaziudpvzjdcigm/Build/Products/Debug/PackageFrameworks -F /Users/harishvishwakarma/Library/Developer/Xcode/DerivedData/Revolt-dharrjsambcimaaziudpvzjdcigm/Build/Products/Debug/PackageFrameworks -F /Users/harishvishwakarma/Library/Developer/Xcode/DerivedData/Revolt-dharrjsambcimaaziudpvzjdcigm/Build/Products/Debug/PackageFrameworks -F /Users/harishvishwakarma/Library/Developer/Xcode/DerivedData/Revolt-dharrjsambcimaaziudpvzjdcigm/Build/Products/Debug/PackageFrameworks -F /Users/harishvishwakarma/Library/Developer/Xcode/DerivedData/Revolt-dharrjsambcimaaziudpvzjdcigm/Build/Products/Debug/PackageFrameworks -F /Users/harishvishwakarma/Library/Developer/Xcode/DerivedData/Revolt-dharrjsambcimaaziudpvzjdcigm/Build/Products/Debug/PackageFrameworks -F /Users/harishvishwakarma/Library/Developer/Xcode/DerivedData/Revolt-dharrjsambcimaaziudpvzjdcigm/Build/Products/Debug -F /Applications/Xcode.app/Contents/Developer/Platforms/MacOSX.platform/Developer/Library/Frameworks -c -j12 -enable-batch-mode -incremental -Xcc -ivfsstatcache -Xcc /Users/harishvishwakarma/Library/Developer/Xcode/DerivedData/SDKStatCaches.noindex/macosx15.5-24F74-8254517eb8b97d462ccbc072ba9094c9.sdkstatcache -output-file-map /Users/harishvishwakarma/Library/Developer/Xcode/DerivedData/Revolt-dharrjsambcimaaziudpvzjdcigm/Build/Intermediates.noindex/swift-syntax.build/Debug/SwiftSyntaxMacroExpansion.build/Objects-normal/x86_64/SwiftSyntaxMacroExpansion-OutputFileMap.json -use-frontend-parseable-output -save-temps -no-color-diagnostics -serialize-diagnostics -emit-dependencies -emit-module -emit-module-path /Users/harishvishwakarma/Library/Developer/Xcode/DerivedData/Revolt-dharrjsambcimaaziudpvzjdcigm/Build/Intermediates.noindex/swift-syntax.build/Debug/SwiftSyntaxMacroExpansion.build/Objects-normal/x86_64/SwiftSyntaxMacroExpansion.swiftmodule -validate-clang-modules-once -clang-build-session-file /Users/harishvishwakarma/Library/Developer/Xcode/DerivedData/ModuleCache.noindex/Session.modulevalidation -Xcc -I/Users/harishvishwakarma/Library/Developer/Xcode/DerivedData/Revolt-dharrjsambcimaaziudpvzjdcigm/Build/Intermediates.noindex/swift-syntax.build/Debug/SwiftSyntaxMacroExpansion.build/swift-overrides.hmap -emit-const-values -Xfrontend -const-gather-protocols-file -Xfrontend /Users/harishvishwakarma/Library/Developer/Xcode/DerivedData/Revolt-dharrjsambcimaaziudpvzjdcigm/Build/Intermediates.noindex/swift-syntax.build/Debug/SwiftSyntaxMacroExpansion.build/Objects-normal/x86_64/SwiftSyntaxMacroExpansion_const_extract_protocols.json -Xcc -I/Users/harishvishwakarma/Library/Developer/Xcode/DerivedData/Revolt-dharrjsambcimaaziudpvzjdcigm/Build/Products/Debug/include -Xcc -I/Users/harishvishwakarma/Library/Developer/Xcode/DerivedData/Revolt-dharrjsambcimaaziudpvzjdcigm/Build/Intermediates.noindex/swift-syntax.build/Debug/SwiftSyntaxMacroExpansion.build/DerivedSources-normal/x86_64 -Xcc -I/Users/harishvishwakarma/Library/Developer/Xcode/DerivedData/Revolt-dharrjsambcimaaziudpvzjdcigm/Build/Intermediates.noindex/swift-syntax.build/Debug/SwiftSyntaxMacroExpansion.build/DerivedSources/x86_64 -Xcc -I/Users/harishvishwakarma/Library/Developer/Xcode/DerivedData/Revolt-dharrjsambcimaaziudpvzjdcigm/Build/Intermediates.noindex/swift-syntax.build/Debug/SwiftSyntaxMacroExpansion.build/DerivedSources -Xcc -DSWIFT_PACKAGE -Xcc -DDEBUG\=1 -emit-objc-header -emit-objc-header-path /Users/harishvishwakarma/Library/Developer/Xcode/DerivedData/Revolt-dharrjsambcimaaziudpvzjdcigm/Build/Intermediates.noindex/swift-syntax.build/Debug/SwiftSyntaxMacroExpansion.build/Objects-normal/x86_64/SwiftSyntaxMacroExpansion-Swift.h -working-directory /Users/harishvishwakarma/Handy/Archem/pepchat-ios/Revolt.xcodeproj -experimental-emit-module-separately -disable-cmo

Copy /Users/harishvishwakarma/Library/Developer/Xcode/DerivedData/Revolt-dharrjsambcimaaziudpvzjdcigm/Build/Products/Debug/SwiftSyntaxMacroExpansion.swiftmodule/arm64-apple-macos.abi.json /Users/harishvishwakarma/Library/Developer/Xcode/DerivedData/Revolt-dharrjsambcimaaziudpvzjdcigm/Build/Intermediates.noindex/swift-syntax.build/Debug/SwiftSyntaxMacroExpansion.build/Objects-normal/arm64/SwiftSyntaxMacroExpansion.abi.json (in target 'SwiftSyntaxMacroExpansion' from project 'swift-syntax')
    cd /Users/harishvishwakarma/Library/Developer/Xcode/DerivedData/Revolt-dharrjsambcimaaziudpvzjdcigm/SourcePackages/checkouts/swift-syntax
    builtin-copy -exclude .DS_Store -exclude CVS -exclude .svn -exclude .git -exclude .hg -resolve-src-symlinks -rename /Users/harishvishwakarma/Library/Developer/Xcode/DerivedData/Revolt-dharrjsambcimaaziudpvzjdcigm/Build/Intermediates.noindex/swift-syntax.build/Debug/SwiftSyntaxMacroExpansion.build/Objects-normal/arm64/SwiftSyntaxMacroExpansion.abi.json /Users/harishvishwakarma/Library/Developer/Xcode/DerivedData/Revolt-dharrjsambcimaaziudpvzjdcigm/Build/Products/Debug/SwiftSyntaxMacroExpansion.swiftmodule/arm64-apple-macos.abi.json

SwiftMergeGeneratedHeaders /Users/harishvishwakarma/Library/Developer/Xcode/DerivedData/Revolt-dharrjsambcimaaziudpvzjdcigm/Build/Intermediates.noindex/GeneratedModuleMaps/SwiftSyntaxMacroExpansion-Swift.h /Users/harishvishwakarma/Library/Developer/Xcode/DerivedData/Revolt-dharrjsambcimaaziudpvzjdcigm/Build/Intermediates.noindex/swift-syntax.build/Debug/SwiftSyntaxMacroExpansion.build/Objects-normal/arm64/SwiftSyntaxMacroExpansion-Swift.h /Users/harishvishwakarma/Library/Developer/Xcode/DerivedData/Revolt-dharrjsambcimaaziudpvzjdcigm/Build/Intermediates.noindex/swift-syntax.build/Debug/SwiftSyntaxMacroExpansion.build/Objects-normal/x86_64/SwiftSyntaxMacroExpansion-Swift.h (in target 'SwiftSyntaxMacroExpansion' from project 'swift-syntax')
    cd /Users/harishvishwakarma/Library/Developer/Xcode/DerivedData/Revolt-dharrjsambcimaaziudpvzjdcigm/SourcePackages/checkouts/swift-syntax
    builtin-swiftHeaderTool -arch arm64 /Users/harishvishwakarma/Library/Developer/Xcode/DerivedData/Revolt-dharrjsambcimaaziudpvzjdcigm/Build/Intermediates.noindex/swift-syntax.build/Debug/SwiftSyntaxMacroExpansion.build/Objects-normal/arm64/SwiftSyntaxMacroExpansion-Swift.h -arch x86_64 /Users/harishvishwakarma/Library/Developer/Xcode/DerivedData/Revolt-dharrjsambcimaaziudpvzjdcigm/Build/Intermediates.noindex/swift-syntax.build/Debug/SwiftSyntaxMacroExpansion.build/Objects-normal/x86_64/SwiftSyntaxMacroExpansion-Swift.h -o /Users/harishvishwakarma/Library/Developer/Xcode/DerivedData/Revolt-dharrjsambcimaaziudpvzjdcigm/Build/Intermediates.noindex/GeneratedModuleMaps/SwiftSyntaxMacroExpansion-Swift.h

Copy /Users/harishvishwakarma/Library/Developer/Xcode/DerivedData/Revolt-dharrjsambcimaaziudpvzjdcigm/Build/Products/Debug/SwiftSyntaxMacroExpansion.swiftmodule/x86_64-apple-macos.swiftmodule /Users/harishvishwakarma/Library/Developer/Xcode/DerivedData/Revolt-dharrjsambcimaaziudpvzjdcigm/Build/Intermediates.noindex/swift-syntax.build/Debug/SwiftSyntaxMacroExpansion.build/Objects-normal/x86_64/SwiftSyntaxMacroExpansion.swiftmodule (in target 'SwiftSyntaxMacroExpansion' from project 'swift-syntax')
    cd /Users/harishvishwakarma/Library/Developer/Xcode/DerivedData/Revolt-dharrjsambcimaaziudpvzjdcigm/SourcePackages/checkouts/swift-syntax
    builtin-copy -exclude .DS_Store -exclude CVS -exclude .svn -exclude .git -exclude .hg -resolve-src-symlinks -rename /Users/harishvishwakarma/Library/Developer/Xcode/DerivedData/Revolt-dharrjsambcimaaziudpvzjdcigm/Build/Intermediates.noindex/swift-syntax.build/Debug/SwiftSyntaxMacroExpansion.build/Objects-normal/x86_64/SwiftSyntaxMacroExpansion.swiftmodule /Users/harishvishwakarma/Library/Developer/Xcode/DerivedData/Revolt-dharrjsambcimaaziudpvzjdcigm/Build/Products/Debug/SwiftSyntaxMacroExpansion.swiftmodule/x86_64-apple-macos.swiftmodule

Copy /Users/harishvishwakarma/Library/Developer/Xcode/DerivedData/Revolt-dharrjsambcimaaziudpvzjdcigm/Build/Products/Debug/SwiftSyntaxMacroExpansion.swiftmodule/x86_64-apple-macos.swiftdoc /Users/harishvishwakarma/Library/Developer/Xcode/DerivedData/Revolt-dharrjsambcimaaziudpvzjdcigm/Build/Intermediates.noindex/swift-syntax.build/Debug/SwiftSyntaxMacroExpansion.build/Objects-normal/x86_64/SwiftSyntaxMacroExpansion.swiftdoc (in target 'SwiftSyntaxMacroExpansion' from project 'swift-syntax')
    cd /Users/harishvishwakarma/Library/Developer/Xcode/DerivedData/Revolt-dharrjsambcimaaziudpvzjdcigm/SourcePackages/checkouts/swift-syntax
    builtin-copy -exclude .DS_Store -exclude CVS -exclude .svn -exclude .git -exclude .hg -resolve-src-symlinks -rename /Users/harishvishwakarma/Library/Developer/Xcode/DerivedData/Revolt-dharrjsambcimaaziudpvzjdcigm/Build/Intermediates.noindex/swift-syntax.build/Debug/SwiftSyntaxMacroExpansion.build/Objects-normal/x86_64/SwiftSyntaxMacroExpansion.swiftdoc /Users/harishvishwakarma/Library/Developer/Xcode/DerivedData/Revolt-dharrjsambcimaaziudpvzjdcigm/Build/Products/Debug/SwiftSyntaxMacroExpansion.swiftmodule/x86_64-apple-macos.swiftdoc

Copy /Users/harishvishwakarma/Library/Developer/Xcode/DerivedData/Revolt-dharrjsambcimaaziudpvzjdcigm/Build/Products/Debug/SwiftSyntaxMacroExpansion.swiftmodule/x86_64-apple-macos.abi.json /Users/harishvishwakarma/Library/Developer/Xcode/DerivedData/Revolt-dharrjsambcimaaziudpvzjdcigm/Build/Intermediates.noindex/swift-syntax.build/Debug/SwiftSyntaxMacroExpansion.build/Objects-normal/x86_64/SwiftSyntaxMacroExpansion.abi.json (in target 'SwiftSyntaxMacroExpansion' from project 'swift-syntax')
    cd /Users/harishvishwakarma/Library/Developer/Xcode/DerivedData/Revolt-dharrjsambcimaaziudpvzjdcigm/SourcePackages/checkouts/swift-syntax
    builtin-copy -exclude .DS_Store -exclude CVS -exclude .svn -exclude .git -exclude .hg -resolve-src-symlinks -rename /Users/harishvishwakarma/Library/Developer/Xcode/DerivedData/Revolt-dharrjsambcimaaziudpvzjdcigm/Build/Intermediates.noindex/swift-syntax.build/Debug/SwiftSyntaxMacroExpansion.build/Objects-normal/x86_64/SwiftSyntaxMacroExpansion.abi.json /Users/harishvishwakarma/Library/Developer/Xcode/DerivedData/Revolt-dharrjsambcimaaziudpvzjdcigm/Build/Products/Debug/SwiftSyntaxMacroExpansion.swiftmodule/x86_64-apple-macos.abi.json

Copy /Users/harishvishwakarma/Library/Developer/Xcode/DerivedData/Revolt-dharrjsambcimaaziudpvzjdcigm/Build/Products/Debug/SwiftSyntaxMacroExpansion.swiftmodule/Project/x86_64-apple-macos.swiftsourceinfo /Users/harishvishwakarma/Library/Developer/Xcode/DerivedData/Revolt-dharrjsambcimaaziudpvzjdcigm/Build/Intermediates.noindex/swift-syntax.build/Debug/SwiftSyntaxMacroExpansion.build/Objects-normal/x86_64/SwiftSyntaxMacroExpansion.swiftsourceinfo (in target 'SwiftSyntaxMacroExpansion' from project 'swift-syntax')
    cd /Users/harishvishwakarma/Library/Developer/Xcode/DerivedData/Revolt-dharrjsambcimaaziudpvzjdcigm/SourcePackages/checkouts/swift-syntax
    builtin-copy -exclude .DS_Store -exclude CVS -exclude .svn -exclude .git -exclude .hg -resolve-src-symlinks -rename /Users/harishvishwakarma/Library/Developer/Xcode/DerivedData/Revolt-dharrjsambcimaaziudpvzjdcigm/Build/Intermediates.noindex/swift-syntax.build/Debug/SwiftSyntaxMacroExpansion.build/Objects-normal/x86_64/SwiftSyntaxMacroExpansion.swiftsourceinfo /Users/harishvishwakarma/Library/Developer/Xcode/DerivedData/Revolt-dharrjsambcimaaziudpvzjdcigm/Build/Products/Debug/SwiftSyntaxMacroExpansion.swiftmodule/Project/x86_64-apple-macos.swiftsourceinfo

Copy /Users/harishvishwakarma/Library/Developer/Xcode/DerivedData/Revolt-dharrjsambcimaaziudpvzjdcigm/Build/Products/Debug/SwiftSyntaxMacroExpansion.swiftmodule/Project/arm64-apple-macos.swiftsourceinfo /Users/harishvishwakarma/Library/Developer/Xcode/DerivedData/Revolt-dharrjsambcimaaziudpvzjdcigm/Build/Intermediates.noindex/swift-syntax.build/Debug/SwiftSyntaxMacroExpansion.build/Objects-normal/arm64/SwiftSyntaxMacroExpansion.swiftsourceinfo (in target 'SwiftSyntaxMacroExpansion' from project 'swift-syntax')
    cd /Users/harishvishwakarma/Library/Developer/Xcode/DerivedData/Revolt-dharrjsambcimaaziudpvzjdcigm/SourcePackages/checkouts/swift-syntax
    builtin-copy -exclude .DS_Store -exclude CVS -exclude .svn -exclude .git -exclude .hg -resolve-src-symlinks -rename /Users/harishvishwakarma/Library/Developer/Xcode/DerivedData/Revolt-dharrjsambcimaaziudpvzjdcigm/Build/Intermediates.noindex/swift-syntax.build/Debug/SwiftSyntaxMacroExpansion.build/Objects-normal/arm64/SwiftSyntaxMacroExpansion.swiftsourceinfo /Users/harishvishwakarma/Library/Developer/Xcode/DerivedData/Revolt-dharrjsambcimaaziudpvzjdcigm/Build/Products/Debug/SwiftSyntaxMacroExpansion.swiftmodule/Project/arm64-apple-macos.swiftsourceinfo

SwiftCompile normal x86_64 Compiling\ FunctionParameterUtils.swift /Users/harishvishwakarma/Library/Developer/Xcode/DerivedData/Revolt-dharrjsambcimaaziudpvzjdcigm/SourcePackages/checkouts/swift-syntax/Sources/SwiftSyntaxMacroExpansion/FunctionParameterUtils.swift (in target 'SwiftSyntaxMacroExpansion' from project 'swift-syntax')

SwiftCompile normal x86_64 /Users/harishvishwakarma/Library/Developer/Xcode/DerivedData/Revolt-dharrjsambcimaaziudpvzjdcigm/SourcePackages/checkouts/swift-syntax/Sources/SwiftSyntaxMacroExpansion/FunctionParameterUtils.swift (in target 'SwiftSyntaxMacroExpansion' from project 'swift-syntax')
    cd /Users/harishvishwakarma/Handy/Archem/pepchat-ios/Revolt.xcodeproj
    

SwiftCompile normal arm64 Compiling\ IndentationUtils.swift /Users/harishvishwakarma/Library/Developer/Xcode/DerivedData/Revolt-dharrjsambcimaaziudpvzjdcigm/SourcePackages/checkouts/swift-syntax/Sources/SwiftSyntaxMacroExpansion/IndentationUtils.swift (in target 'SwiftSyntaxMacroExpansion' from project 'swift-syntax')

SwiftCompile normal arm64 /Users/harishvishwakarma/Library/Developer/Xcode/DerivedData/Revolt-dharrjsambcimaaziudpvzjdcigm/SourcePackages/checkouts/swift-syntax/Sources/SwiftSyntaxMacroExpansion/IndentationUtils.swift (in target 'SwiftSyntaxMacroExpansion' from project 'swift-syntax')
    cd /Users/harishvishwakarma/Handy/Archem/pepchat-ios/Revolt.xcodeproj
    

SwiftDriverJobDiscovery normal x86_64 Compiling MacroExpansionDiagnosticMessages.swift (in target 'SwiftSyntaxMacroExpansion' from project 'swift-syntax')

SwiftCompile normal x86_64 Compiling\ IndentationUtils.swift /Users/harishvishwakarma/Library/Developer/Xcode/DerivedData/Revolt-dharrjsambcimaaziudpvzjdcigm/SourcePackages/checkouts/swift-syntax/Sources/SwiftSyntaxMacroExpansion/IndentationUtils.swift (in target 'SwiftSyntaxMacroExpansion' from project 'swift-syntax')
SwiftCompile normal x86_64 /Users/harishvishwakarma/Library/Developer/Xcode/DerivedData/Revolt-dharrjsambcimaaziudpvzjdcigm/SourcePackages/checkouts/swift-syntax/Sources/SwiftSyntaxMacroExpansion/IndentationUtils.swift (in target 'SwiftSyntaxMacroExpansion' from project 'swift-syntax')
    cd /Users/harishvishwakarma/Handy/Archem/pepchat-ios/Revolt.xcodeproj
    

SwiftDriverJobDiscovery normal arm64 Compiling FunctionParameterUtils.swift (in target 'SwiftSyntaxMacroExpansion' from project 'swift-syntax')

SwiftDriverJobDiscovery normal x86_64 Compiling BasicMacroExpansionContext.swift (in target 'SwiftSyntaxMacroExpansion' from project 'swift-syntax')

RegisterExecutionPolicyException /Users/harishvishwakarma/Library/Developer/Xcode/DerivedData/Revolt-dharrjsambcimaaziudpvzjdcigm/Build/Products/Debug-iphoneos/NotificationService.appex (in target 'NotificationService' from project 'Revolt')
    cd /Users/harishvishwakarma/Handy/Archem/pepchat-ios
    builtin-RegisterExecutionPolicyException /Users/harishvishwakarma/Library/Developer/Xcode/DerivedData/Revolt-dharrjsambcimaaziudpvzjdcigm/Build/Products/Debug-iphoneos/NotificationService.appex

ExtractAppIntentsMetadata (in target 'Collections' from project 'swift-collections')
    cd /Users/harishvishwakarma/Library/Developer/Xcode/DerivedData/Revolt-dharrjsambcimaaziudpvzjdcigm/SourcePackages/checkouts/swift-collections
    /Applications/Xcode.app/Contents/Developer/Toolchains/XcodeDefault.xctoolchain/usr/bin/appintentsmetadataprocessor --toolchain-dir /Applications/Xcode.app/Contents/Developer/Toolchains/XcodeDefault.xctoolchain --module-name Collections --sdk-root /Applications/Xcode.app/Contents/Developer/Platforms/iPhoneOS.platform/Developer/SDKs/iPhoneOS18.5.sdk --xcode-version 16F6 --platform-family iOS --deployment-target 12.0 --bundle-identifier swift-collections.Collections --output /Users/harishvishwakarma/Library/Developer/Xcode/DerivedData/Revolt-dharrjsambcimaaziudpvzjdcigm/Build/Products/Debug-iphoneos/Collections.appintents --target-triple arm64-apple-ios12.0 --binary-file /Users/harishvishwakarma/Library/Developer/Xcode/DerivedData/Revolt-dharrjsambcimaaziudpvzjdcigm/Build/Products/Debug-iphoneos/Collections.o --dependency-file /Users/harishvishwakarma/Library/Developer/Xcode/DerivedData/Revolt-dharrjsambcimaaziudpvzjdcigm/Build/Intermediates.noindex/swift-collections.build/Debug-iphoneos/Collections.build/Objects-normal/arm64/Collections_dependency_info.dat --stringsdata-file /Users/harishvishwakarma/Library/Developer/Xcode/DerivedData/Revolt-dharrjsambcimaaziudpvzjdcigm/Build/Intermediates.noindex/swift-collections.build/Debug-iphoneos/Collections.build/Objects-normal/arm64/ExtractedAppShortcutsMetadata.stringsdata --source-file-list /Users/harishvishwakarma/Library/Developer/Xcode/DerivedData/Revolt-dharrjsambcimaaziudpvzjdcigm/Build/Intermediates.noindex/swift-collections.build/Debug-iphoneos/Collections.build/Objects-normal/arm64/Collections.SwiftFileList --metadata-file-list /Users/harishvishwakarma/Library/Developer/Xcode/DerivedData/Revolt-dharrjsambcimaaziudpvzjdcigm/Build/Intermediates.noindex/swift-collections.build/Debug-iphoneos/Collections.build/Collections.DependencyMetadataFileList --static-metadata-file-list /Users/harishvishwakarma/Library/Developer/Xcode/DerivedData/Revolt-dharrjsambcimaaziudpvzjdcigm/Build/Intermediates.noindex/swift-collections.build/Debug-iphoneos/Collections.build/Collections.DependencyStaticMetadataFileList --swift-const-vals-list /Users/harishvishwakarma/Library/Developer/Xcode/DerivedData/Revolt-dharrjsambcimaaziudpvzjdcigm/Build/Intermediates.noindex/swift-collections.build/Debug-iphoneos/Collections.build/Objects-normal/arm64/Collections.SwiftConstValuesFileList --force --compile-time-extraction --deployment-aware-processing --validate-assistant-intents --no-app-shortcuts-localization
2026-01-08 18:38:48.789 appintentsmetadataprocessor[99880:1139388] Starting appintentsmetadataprocessor export
2026-01-08 18:38:48.870 appintentsmetadataprocessor[99880:1139388] Extracted no relevant App Intents symbols, skipping writing output

SwiftDriverJobDiscovery normal arm64 Compiling MacroExpansionDiagnosticMessages.swift (in target 'SwiftSyntaxMacroExpansion' from project 'swift-syntax')

Touch /Users/harishvishwakarma/Library/Developer/Xcode/DerivedData/Revolt-dharrjsambcimaaziudpvzjdcigm/Build/Products/Debug-iphoneos/NotificationService.appex (in target 'NotificationService' from project 'Revolt')
    cd /Users/harishvishwakarma/Handy/Archem/pepchat-ios
    /usr/bin/touch -c /Users/harishvishwakarma/Library/Developer/Xcode/DerivedData/Revolt-dharrjsambcimaaziudpvzjdcigm/Build/Products/Debug-iphoneos/NotificationService.appex

RegisterExecutionPolicyException /Users/harishvishwakarma/Library/Developer/Xcode/DerivedData/Revolt-dharrjsambcimaaziudpvzjdcigm/Build/Products/Debug/SwiftParser.o (in target 'SwiftParser' from project 'swift-syntax')
    cd /Users/harishvishwakarma/Library/Developer/Xcode/DerivedData/Revolt-dharrjsambcimaaziudpvzjdcigm/SourcePackages/checkouts/swift-syntax
    builtin-RegisterExecutionPolicyException /Users/harishvishwakarma/Library/Developer/Xcode/DerivedData/Revolt-dharrjsambcimaaziudpvzjdcigm/Build/Products/Debug/SwiftParser.o

RegisterExecutionPolicyException /Users/harishvishwakarma/Library/Developer/Xcode/DerivedData/Revolt-dharrjsambcimaaziudpvzjdcigm/Build/Products/Debug/SwiftDiagnostics.o (in target 'SwiftDiagnostics' from project 'swift-syntax')
    cd /Users/harishvishwakarma/Library/Developer/Xcode/DerivedData/Revolt-dharrjsambcimaaziudpvzjdcigm/SourcePackages/checkouts/swift-syntax
    builtin-RegisterExecutionPolicyException /Users/harishvishwakarma/Library/Developer/Xcode/DerivedData/Revolt-dharrjsambcimaaziudpvzjdcigm/Build/Products/Debug/SwiftDiagnostics.o

RegisterExecutionPolicyException /Users/harishvishwakarma/Library/Developer/Xcode/DerivedData/Revolt-dharrjsambcimaaziudpvzjdcigm/Build/Products/Debug-iphoneos/AtomicTransition.o (in target 'AtomicTransition' from project 'swiftui-navigation-transitions')
    cd /Users/harishvishwakarma/Library/Developer/Xcode/DerivedData/Revolt-dharrjsambcimaaziudpvzjdcigm/SourcePackages/checkouts/swiftui-navigation-transitions
    builtin-RegisterExecutionPolicyException /Users/harishvishwakarma/Library/Developer/Xcode/DerivedData/Revolt-dharrjsambcimaaziudpvzjdcigm/Build/Products/Debug-iphoneos/AtomicTransition.o

SwiftDriver SwiftCompilerPluginMessageHandling normal arm64 com.apple.xcode.tools.swift.compiler (in target 'SwiftCompilerPluginMessageHandling' from project 'swift-syntax')
    cd /Users/harishvishwakarma/Handy/Archem/pepchat-ios/Revolt.xcodeproj
    builtin-SwiftDriver -- /Applications/Xcode.app/Contents/Developer/Toolchains/XcodeDefault.xctoolchain/usr/bin/swiftc -module-name SwiftCompilerPluginMessageHandling -Onone -enforce-exclusivity\=checked @/Users/harishvishwakarma/Library/Developer/Xcode/DerivedData/Revolt-dharrjsambcimaaziudpvzjdcigm/Build/Intermediates.noindex/swift-syntax.build/Debug/SwiftCompilerPluginMessageHandling.build/Objects-normal/arm64/SwiftCompilerPluginMessageHandling.SwiftFileList -DSWIFT_PACKAGE -DDEBUG -DXcode -plugin-path /Applications/Xcode.app/Contents/Developer/Toolchains/XcodeDefault.xctoolchain/usr/lib/swift/host/plugins/testing -enable-experimental-feature DebugDescriptionMacro -sdk /Applications/Xcode.app/Contents/Developer/Platforms/MacOSX.platform/Developer/SDKs/MacOSX15.5.sdk -target arm64-apple-macos10.15 -g -module-cache-path /Users/harishvishwakarma/Library/Developer/Xcode/DerivedData/ModuleCache.noindex -Xfrontend -serialize-debugging-options -enable-testing -suppress-warnings -index-store-path /Users/harishvishwakarma/Library/Developer/Xcode/DerivedData/Revolt-dharrjsambcimaaziudpvzjdcigm/Index.noindex/DataStore -swift-version 5 -I /Users/harishvishwakarma/Library/Developer/Xcode/DerivedData/Revolt-dharrjsambcimaaziudpvzjdcigm/Build/Products/Debug -I /Applications/Xcode.app/Contents/Developer/Platforms/MacOSX.platform/Developer/usr/lib -F /Users/harishvishwakarma/Library/Developer/Xcode/DerivedData/Revolt-dharrjsambcimaaziudpvzjdcigm/Build/Products/Debug/PackageFrameworks -F /Users/harishvishwakarma/Library/Developer/Xcode/DerivedData/Revolt-dharrjsambcimaaziudpvzjdcigm/Build/Products/Debug/PackageFrameworks -F /Users/harishvishwakarma/Library/Developer/Xcode/DerivedData/Revolt-dharrjsambcimaaziudpvzjdcigm/Build/Products/Debug/PackageFrameworks -F /Users/harishvishwakarma/Library/Developer/Xcode/DerivedData/Revolt-dharrjsambcimaaziudpvzjdcigm/Build/Products/Debug/PackageFrameworks -F /Users/harishvishwakarma/Library/Developer/Xcode/DerivedData/Revolt-dharrjsambcimaaziudpvzjdcigm/Build/Products/Debug/PackageFrameworks -F /Users/harishvishwakarma/Library/Developer/Xcode/DerivedData/Revolt-dharrjsambcimaaziudpvzjdcigm/Build/Products/Debug/PackageFrameworks -F /Users/harishvishwakarma/Library/Developer/Xcode/DerivedData/Revolt-dharrjsambcimaaziudpvzjdcigm/Build/Products/Debug/PackageFrameworks -F /Users/harishvishwakarma/Library/Developer/Xcode/DerivedData/Revolt-dharrjsambcimaaziudpvzjdcigm/Build/Products/Debug/PackageFrameworks -F /Users/harishvishwakarma/Library/Developer/Xcode/DerivedData/Revolt-dharrjsambcimaaziudpvzjdcigm/Build/Products/Debug/PackageFrameworks -F /Users/harishvishwakarma/Library/Developer/Xcode/DerivedData/Revolt-dharrjsambcimaaziudpvzjdcigm/Build/Products/Debug/PackageFrameworks -F /Users/harishvishwakarma/Library/Developer/Xcode/DerivedData/Revolt-dharrjsambcimaaziudpvzjdcigm/Build/Products/Debug -F /Applications/Xcode.app/Contents/Developer/Platforms/MacOSX.platform/Developer/Library/Frameworks -c -j12 -enable-batch-mode -incremental -Xcc -ivfsstatcache -Xcc /Users/harishvishwakarma/Library/Developer/Xcode/DerivedData/SDKStatCaches.noindex/macosx15.5-24F74-8254517eb8b97d462ccbc072ba9094c9.sdkstatcache -output-file-map /Users/harishvishwakarma/Library/Developer/Xcode/DerivedData/Revolt-dharrjsambcimaaziudpvzjdcigm/Build/Intermediates.noindex/swift-syntax.build/Debug/SwiftCompilerPluginMessageHandling.build/Objects-normal/arm64/SwiftCompilerPluginMessageHandling-OutputFileMap.json -use-frontend-parseable-output -save-temps -no-color-diagnostics -serialize-diagnostics -emit-dependencies -emit-module -emit-module-path /Users/harishvishwakarma/Library/Developer/Xcode/DerivedData/Revolt-dharrjsambcimaaziudpvzjdcigm/Build/Intermediates.noindex/swift-syntax.build/Debug/SwiftCompilerPluginMessageHandling.build/Objects-normal/arm64/SwiftCompilerPluginMessageHandling.swiftmodule -validate-clang-modules-once -clang-build-session-file /Users/harishvishwakarma/Library/Developer/Xcode/DerivedData/ModuleCache.noindex/Session.modulevalidation -Xcc -I/Users/harishvishwakarma/Library/Developer/Xcode/DerivedData/Revolt-dharrjsambcimaaziudpvzjdcigm/Build/Intermediates.noindex/swift-syntax.build/Debug/SwiftCompilerPluginMessageHandling.build/swift-overrides.hmap -emit-const-values -Xfrontend -const-gather-protocols-file -Xfrontend /Users/harishvishwakarma/Library/Developer/Xcode/DerivedData/Revolt-dharrjsambcimaaziudpvzjdcigm/Build/Intermediates.noindex/swift-syntax.build/Debug/SwiftCompilerPluginMessageHandling.build/Objects-normal/arm64/SwiftCompilerPluginMessageHandling_const_extract_protocols.json -Xcc -I/Users/harishvishwakarma/Library/Developer/Xcode/DerivedData/Revolt-dharrjsambcimaaziudpvzjdcigm/Build/Products/Debug/include -Xcc -I/Users/harishvishwakarma/Library/Developer/Xcode/DerivedData/Revolt-dharrjsambcimaaziudpvzjdcigm/Build/Intermediates.noindex/swift-syntax.build/Debug/SwiftCompilerPluginMessageHandling.build/DerivedSources-normal/arm64 -Xcc -I/Users/harishvishwakarma/Library/Developer/Xcode/DerivedData/Revolt-dharrjsambcimaaziudpvzjdcigm/Build/Intermediates.noindex/swift-syntax.build/Debug/SwiftCompilerPluginMessageHandling.build/DerivedSources/arm64 -Xcc -I/Users/harishvishwakarma/Library/Developer/Xcode/DerivedData/Revolt-dharrjsambcimaaziudpvzjdcigm/Build/Intermediates.noindex/swift-syntax.build/Debug/SwiftCompilerPluginMessageHandling.build/DerivedSources -Xcc -DSWIFT_PACKAGE -Xcc -DDEBUG\=1 -emit-objc-header -emit-objc-header-path /Users/harishvishwakarma/Library/Developer/Xcode/DerivedData/Revolt-dharrjsambcimaaziudpvzjdcigm/Build/Intermediates.noindex/swift-syntax.build/Debug/SwiftCompilerPluginMessageHandling.build/Objects-normal/arm64/SwiftCompilerPluginMessageHandling-Swift.h -working-directory /Users/harishvishwakarma/Handy/Archem/pepchat-ios/Revolt.xcodeproj -experimental-emit-module-separately -disable-cmo

SwiftDriver SwiftCompilerPluginMessageHandling normal x86_64 com.apple.xcode.tools.swift.compiler (in target 'SwiftCompilerPluginMessageHandling' from project 'swift-syntax')
    cd /Users/harishvishwakarma/Handy/Archem/pepchat-ios/Revolt.xcodeproj
    builtin-SwiftDriver -- /Applications/Xcode.app/Contents/Developer/Toolchains/XcodeDefault.xctoolchain/usr/bin/swiftc -module-name SwiftCompilerPluginMessageHandling -Onone -enforce-exclusivity\=checked @/Users/harishvishwakarma/Library/Developer/Xcode/DerivedData/Revolt-dharrjsambcimaaziudpvzjdcigm/Build/Intermediates.noindex/swift-syntax.build/Debug/SwiftCompilerPluginMessageHandling.build/Objects-normal/x86_64/SwiftCompilerPluginMessageHandling.SwiftFileList -DSWIFT_PACKAGE -DDEBUG -DXcode -plugin-path /Applications/Xcode.app/Contents/Developer/Toolchains/XcodeDefault.xctoolchain/usr/lib/swift/host/plugins/testing -enable-experimental-feature DebugDescriptionMacro -sdk /Applications/Xcode.app/Contents/Developer/Platforms/MacOSX.platform/Developer/SDKs/MacOSX15.5.sdk -target x86_64-apple-macos10.15 -g -module-cache-path /Users/harishvishwakarma/Library/Developer/Xcode/DerivedData/ModuleCache.noindex -Xfrontend -serialize-debugging-options -enable-testing -suppress-warnings -index-store-path /Users/harishvishwakarma/Library/Developer/Xcode/DerivedData/Revolt-dharrjsambcimaaziudpvzjdcigm/Index.noindex/DataStore -swift-version 5 -I /Users/harishvishwakarma/Library/Developer/Xcode/DerivedData/Revolt-dharrjsambcimaaziudpvzjdcigm/Build/Products/Debug -I /Applications/Xcode.app/Contents/Developer/Platforms/MacOSX.platform/Developer/usr/lib -F /Users/harishvishwakarma/Library/Developer/Xcode/DerivedData/Revolt-dharrjsambcimaaziudpvzjdcigm/Build/Products/Debug/PackageFrameworks -F /Users/harishvishwakarma/Library/Developer/Xcode/DerivedData/Revolt-dharrjsambcimaaziudpvzjdcigm/Build/Products/Debug/PackageFrameworks -F /Users/harishvishwakarma/Library/Developer/Xcode/DerivedData/Revolt-dharrjsambcimaaziudpvzjdcigm/Build/Products/Debug/PackageFrameworks -F /Users/harishvishwakarma/Library/Developer/Xcode/DerivedData/Revolt-dharrjsambcimaaziudpvzjdcigm/Build/Products/Debug/PackageFrameworks -F /Users/harishvishwakarma/Library/Developer/Xcode/DerivedData/Revolt-dharrjsambcimaaziudpvzjdcigm/Build/Products/Debug/PackageFrameworks -F /Users/harishvishwakarma/Library/Developer/Xcode/DerivedData/Revolt-dharrjsambcimaaziudpvzjdcigm/Build/Products/Debug/PackageFrameworks -F /Users/harishvishwakarma/Library/Developer/Xcode/DerivedData/Revolt-dharrjsambcimaaziudpvzjdcigm/Build/Products/Debug/PackageFrameworks -F /Users/harishvishwakarma/Library/Developer/Xcode/DerivedData/Revolt-dharrjsambcimaaziudpvzjdcigm/Build/Products/Debug/PackageFrameworks -F /Users/harishvishwakarma/Library/Developer/Xcode/DerivedData/Revolt-dharrjsambcimaaziudpvzjdcigm/Build/Products/Debug/PackageFrameworks -F /Users/harishvishwakarma/Library/Developer/Xcode/DerivedData/Revolt-dharrjsambcimaaziudpvzjdcigm/Build/Products/Debug/PackageFrameworks -F /Users/harishvishwakarma/Library/Developer/Xcode/DerivedData/Revolt-dharrjsambcimaaziudpvzjdcigm/Build/Products/Debug -F /Applications/Xcode.app/Contents/Developer/Platforms/MacOSX.platform/Developer/Library/Frameworks -c -j12 -enable-batch-mode -incremental -Xcc -ivfsstatcache -Xcc /Users/harishvishwakarma/Library/Developer/Xcode/DerivedData/SDKStatCaches.noindex/macosx15.5-24F74-8254517eb8b97d462ccbc072ba9094c9.sdkstatcache -output-file-map /Users/harishvishwakarma/Library/Developer/Xcode/DerivedData/Revolt-dharrjsambcimaaziudpvzjdcigm/Build/Intermediates.noindex/swift-syntax.build/Debug/SwiftCompilerPluginMessageHandling.build/Objects-normal/x86_64/SwiftCompilerPluginMessageHandling-OutputFileMap.json -use-frontend-parseable-output -save-temps -no-color-diagnostics -serialize-diagnostics -emit-dependencies -emit-module -emit-module-path /Users/harishvishwakarma/Library/Developer/Xcode/DerivedData/Revolt-dharrjsambcimaaziudpvzjdcigm/Build/Intermediates.noindex/swift-syntax.build/Debug/SwiftCompilerPluginMessageHandling.build/Objects-normal/x86_64/SwiftCompilerPluginMessageHandling.swiftmodule -validate-clang-modules-once -clang-build-session-file /Users/harishvishwakarma/Library/Developer/Xcode/DerivedData/ModuleCache.noindex/Session.modulevalidation -Xcc -I/Users/harishvishwakarma/Library/Developer/Xcode/DerivedData/Revolt-dharrjsambcimaaziudpvzjdcigm/Build/Intermediates.noindex/swift-syntax.build/Debug/SwiftCompilerPluginMessageHandling.build/swift-overrides.hmap -emit-const-values -Xfrontend -const-gather-protocols-file -Xfrontend /Users/harishvishwakarma/Library/Developer/Xcode/DerivedData/Revolt-dharrjsambcimaaziudpvzjdcigm/Build/Intermediates.noindex/swift-syntax.build/Debug/SwiftCompilerPluginMessageHandling.build/Objects-normal/x86_64/SwiftCompilerPluginMessageHandling_const_extract_protocols.json -Xcc -I/Users/harishvishwakarma/Library/Developer/Xcode/DerivedData/Revolt-dharrjsambcimaaziudpvzjdcigm/Build/Products/Debug/include -Xcc -I/Users/harishvishwakarma/Library/Developer/Xcode/DerivedData/Revolt-dharrjsambcimaaziudpvzjdcigm/Build/Intermediates.noindex/swift-syntax.build/Debug/SwiftCompilerPluginMessageHandling.build/DerivedSources-normal/x86_64 -Xcc -I/Users/harishvishwakarma/Library/Developer/Xcode/DerivedData/Revolt-dharrjsambcimaaziudpvzjdcigm/Build/Intermediates.noindex/swift-syntax.build/Debug/SwiftCompilerPluginMessageHandling.build/DerivedSources/x86_64 -Xcc -I/Users/harishvishwakarma/Library/Developer/Xcode/DerivedData/Revolt-dharrjsambcimaaziudpvzjdcigm/Build/Intermediates.noindex/swift-syntax.build/Debug/SwiftCompilerPluginMessageHandling.build/DerivedSources -Xcc -DSWIFT_PACKAGE -Xcc -DDEBUG\=1 -emit-objc-header -emit-objc-header-path /Users/harishvishwakarma/Library/Developer/Xcode/DerivedData/Revolt-dharrjsambcimaaziudpvzjdcigm/Build/Intermediates.noindex/swift-syntax.build/Debug/SwiftCompilerPluginMessageHandling.build/Objects-normal/x86_64/SwiftCompilerPluginMessageHandling-Swift.h -working-directory /Users/harishvishwakarma/Handy/Archem/pepchat-ios/Revolt.xcodeproj -experimental-emit-module-separately -disable-cmo

SwiftEmitModule normal x86_64 Emitting\ module\ for\ SwiftCompilerPluginMessageHandling (in target 'SwiftCompilerPluginMessageHandling' from project 'swift-syntax')

EmitSwiftModule normal x86_64 (in target 'SwiftCompilerPluginMessageHandling' from project 'swift-syntax')
    cd /Users/harishvishwakarma/Handy/Archem/pepchat-ios/Revolt.xcodeproj
    

SwiftEmitModule normal arm64 Emitting\ module\ for\ SwiftCompilerPluginMessageHandling (in target 'SwiftCompilerPluginMessageHandling' from project 'swift-syntax')

EmitSwiftModule normal arm64 (in target 'SwiftCompilerPluginMessageHandling' from project 'swift-syntax')
    cd /Users/harishvishwakarma/Handy/Archem/pepchat-ios/Revolt.xcodeproj
    

SwiftCompile normal x86_64 Compiling\ PluginMacroExpansionContext.swift /Users/harishvishwakarma/Library/Developer/Xcode/DerivedData/Revolt-dharrjsambcimaaziudpvzjdcigm/SourcePackages/checkouts/swift-syntax/Sources/SwiftCompilerPluginMessageHandling/PluginMacroExpansionContext.swift (in target 'SwiftCompilerPluginMessageHandling' from project 'swift-syntax')
SwiftCompile normal x86_64 /Users/harishvishwakarma/Library/Developer/Xcode/DerivedData/Revolt-dharrjsambcimaaziudpvzjdcigm/SourcePackages/checkouts/swift-syntax/Sources/SwiftCompilerPluginMessageHandling/PluginMacroExpansionContext.swift (in target 'SwiftCompilerPluginMessageHandling' from project 'swift-syntax')
    cd /Users/harishvishwakarma/Handy/Archem/pepchat-ios/Revolt.xcodeproj
    

SwiftDriverJobDiscovery normal x86_64 Compiling MacroExpansion.swift (in target 'SwiftSyntaxMacroExpansion' from project 'swift-syntax')

Ld /Users/harishvishwakarma/Library/Developer/Xcode/DerivedData/Revolt-dharrjsambcimaaziudpvzjdcigm/Build/Intermediates.noindex/swift-syntax.build/Debug/SwiftOperators.build/Objects-normal/x86_64/Binary/SwiftOperators.o normal x86_64 (in target 'SwiftOperators' from project 'swift-syntax')
    cd /Users/harishvishwakarma/Library/Developer/Xcode/DerivedData/Revolt-dharrjsambcimaaziudpvzjdcigm/SourcePackages/checkouts/swift-syntax
    /Applications/Xcode.app/Contents/Developer/Toolchains/XcodeDefault.xctoolchain/usr/bin/clang -Xlinker -reproducible -target x86_64-apple-macos10.15 -r -isysroot /Applications/Xcode.app/Contents/Developer/Platforms/MacOSX.platform/Developer/SDKs/MacOSX15.5.sdk -O0 -w -L/Users/harishvishwakarma/Library/Developer/Xcode/DerivedData/Revolt-dharrjsambcimaaziudpvzjdcigm/Build/Intermediates.noindex/EagerLinkingTBDs/Debug -L/Users/harishvishwakarma/Library/Developer/Xcode/DerivedData/Revolt-dharrjsambcimaaziudpvzjdcigm/Build/Products/Debug -L/Applications/Xcode.app/Contents/Developer/Platforms/MacOSX.platform/Developer/usr/lib -F/Users/harishvishwakarma/Library/Developer/Xcode/DerivedData/Revolt-dharrjsambcimaaziudpvzjdcigm/Build/Intermediates.noindex/EagerLinkingTBDs/Debug -F/Users/harishvishwakarma/Library/Developer/Xcode/DerivedData/Revolt-dharrjsambcimaaziudpvzjdcigm/Build/Products/Debug/PackageFrameworks -F/Users/harishvishwakarma/Library/Developer/Xcode/DerivedData/Revolt-dharrjsambcimaaziudpvzjdcigm/Build/Products/Debug/PackageFrameworks -F/Users/harishvishwakarma/Library/Developer/Xcode/DerivedData/Revolt-dharrjsambcimaaziudpvzjdcigm/Build/Products/Debug/PackageFrameworks -F/Users/harishvishwakarma/Library/Developer/Xcode/DerivedData/Revolt-dharrjsambcimaaziudpvzjdcigm/Build/Products/Debug/PackageFrameworks -F/Users/harishvishwakarma/Library/Developer/Xcode/DerivedData/Revolt-dharrjsambcimaaziudpvzjdcigm/Build/Products/Debug -iframework /Applications/Xcode.app/Contents/Developer/Platforms/MacOSX.platform/Developer/Library/Frameworks -filelist /Users/harishvishwakarma/Library/Developer/Xcode/DerivedData/Revolt-dharrjsambcimaaziudpvzjdcigm/Build/Intermediates.noindex/swift-syntax.build/Debug/SwiftOperators.build/Objects-normal/x86_64/SwiftOperators.LinkFileList -nostdlib -Xlinker -object_path_lto -Xlinker /Users/harishvishwakarma/Library/Developer/Xcode/DerivedData/Revolt-dharrjsambcimaaziudpvzjdcigm/Build/Intermediates.noindex/swift-syntax.build/Debug/SwiftOperators.build/Objects-normal/x86_64/SwiftOperators_lto.o -rdynamic -Xlinker -no_deduplicate -Xlinker -dependency_info -Xlinker /Users/harishvishwakarma/Library/Developer/Xcode/DerivedData/Revolt-dharrjsambcimaaziudpvzjdcigm/Build/Intermediates.noindex/swift-syntax.build/Debug/SwiftOperators.build/Objects-normal/x86_64/SwiftOperators_dependency_info.dat -fobjc-link-runtime -L/Applications/Xcode.app/Contents/Developer/Toolchains/XcodeDefault.xctoolchain/usr/lib/swift/macosx -L/usr/lib/swift -Xlinker -add_ast_path -Xlinker /Users/harishvishwakarma/Library/Developer/Xcode/DerivedData/Revolt-dharrjsambcimaaziudpvzjdcigm/Build/Intermediates.noindex/swift-syntax.build/Debug/SwiftOperators.build/Objects-normal/x86_64/SwiftOperators.swiftmodule -o /Users/harishvishwakarma/Library/Developer/Xcode/DerivedData/Revolt-dharrjsambcimaaziudpvzjdcigm/Build/Intermediates.noindex/swift-syntax.build/Debug/SwiftOperators.build/Objects-normal/x86_64/Binary/SwiftOperators.o

SwiftDriverJobDiscovery normal x86_64 Compiling MacroReplacement.swift (in target 'SwiftSyntaxMacroExpansion' from project 'swift-syntax')

Ld /Users/harishvishwakarma/Library/Developer/Xcode/DerivedData/Revolt-dharrjsambcimaaziudpvzjdcigm/Build/Intermediates.noindex/swift-syntax.build/Debug/SwiftOperators.build/Objects-normal/arm64/Binary/SwiftOperators.o normal arm64 (in target 'SwiftOperators' from project 'swift-syntax')
    cd /Users/harishvishwakarma/Library/Developer/Xcode/DerivedData/Revolt-dharrjsambcimaaziudpvzjdcigm/SourcePackages/checkouts/swift-syntax
    /Applications/Xcode.app/Contents/Developer/Toolchains/XcodeDefault.xctoolchain/usr/bin/clang -Xlinker -reproducible -target arm64-apple-macos10.15 -r -isysroot /Applications/Xcode.app/Contents/Developer/Platforms/MacOSX.platform/Developer/SDKs/MacOSX15.5.sdk -O0 -w -L/Users/harishvishwakarma/Library/Developer/Xcode/DerivedData/Revolt-dharrjsambcimaaziudpvzjdcigm/Build/Intermediates.noindex/EagerLinkingTBDs/Debug -L/Users/harishvishwakarma/Library/Developer/Xcode/DerivedData/Revolt-dharrjsambcimaaziudpvzjdcigm/Build/Products/Debug -L/Applications/Xcode.app/Contents/Developer/Platforms/MacOSX.platform/Developer/usr/lib -F/Users/harishvishwakarma/Library/Developer/Xcode/DerivedData/Revolt-dharrjsambcimaaziudpvzjdcigm/Build/Intermediates.noindex/EagerLinkingTBDs/Debug -F/Users/harishvishwakarma/Library/Developer/Xcode/DerivedData/Revolt-dharrjsambcimaaziudpvzjdcigm/Build/Products/Debug/PackageFrameworks -F/Users/harishvishwakarma/Library/Developer/Xcode/DerivedData/Revolt-dharrjsambcimaaziudpvzjdcigm/Build/Products/Debug/PackageFrameworks -F/Users/harishvishwakarma/Library/Developer/Xcode/DerivedData/Revolt-dharrjsambcimaaziudpvzjdcigm/Build/Products/Debug/PackageFrameworks -F/Users/harishvishwakarma/Library/Developer/Xcode/DerivedData/Revolt-dharrjsambcimaaziudpvzjdcigm/Build/Products/Debug/PackageFrameworks -F/Users/harishvishwakarma/Library/Developer/Xcode/DerivedData/Revolt-dharrjsambcimaaziudpvzjdcigm/Build/Products/Debug -iframework /Applications/Xcode.app/Contents/Developer/Platforms/MacOSX.platform/Developer/Library/Frameworks -filelist /Users/harishvishwakarma/Library/Developer/Xcode/DerivedData/Revolt-dharrjsambcimaaziudpvzjdcigm/Build/Intermediates.noindex/swift-syntax.build/Debug/SwiftOperators.build/Objects-normal/arm64/SwiftOperators.LinkFileList -nostdlib -Xlinker -object_path_lto -Xlinker /Users/harishvishwakarma/Library/Developer/Xcode/DerivedData/Revolt-dharrjsambcimaaziudpvzjdcigm/Build/Intermediates.noindex/swift-syntax.build/Debug/SwiftOperators.build/Objects-normal/arm64/SwiftOperators_lto.o -rdynamic -Xlinker -no_deduplicate -Xlinker -dependency_info -Xlinker /Users/harishvishwakarma/Library/Developer/Xcode/DerivedData/Revolt-dharrjsambcimaaziudpvzjdcigm/Build/Intermediates.noindex/swift-syntax.build/Debug/SwiftOperators.build/Objects-normal/arm64/SwiftOperators_dependency_info.dat -fobjc-link-runtime -L/Applications/Xcode.app/Contents/Developer/Toolchains/XcodeDefault.xctoolchain/usr/lib/swift/macosx -L/usr/lib/swift -Xlinker -add_ast_path -Xlinker /Users/harishvishwakarma/Library/Developer/Xcode/DerivedData/Revolt-dharrjsambcimaaziudpvzjdcigm/Build/Intermediates.noindex/swift-syntax.build/Debug/SwiftOperators.build/Objects-normal/arm64/SwiftOperators.swiftmodule -o /Users/harishvishwakarma/Library/Developer/Xcode/DerivedData/Revolt-dharrjsambcimaaziudpvzjdcigm/Build/Intermediates.noindex/swift-syntax.build/Debug/SwiftOperators.build/Objects-normal/arm64/Binary/SwiftOperators.o

SwiftDriverJobDiscovery normal arm64 Compiling MacroReplacement.swift (in target 'SwiftSyntaxMacroExpansion' from project 'swift-syntax')

SwiftCompile normal arm64 Compiling\ PluginMessageCompatibility.swift /Users/harishvishwakarma/Library/Developer/Xcode/DerivedData/Revolt-dharrjsambcimaaziudpvzjdcigm/SourcePackages/checkouts/swift-syntax/Sources/SwiftCompilerPluginMessageHandling/PluginMessageCompatibility.swift (in target 'SwiftCompilerPluginMessageHandling' from project 'swift-syntax')

SwiftCompile normal arm64 /Users/harishvishwakarma/Library/Developer/Xcode/DerivedData/Revolt-dharrjsambcimaaziudpvzjdcigm/SourcePackages/checkouts/swift-syntax/Sources/SwiftCompilerPluginMessageHandling/PluginMessageCompatibility.swift (in target 'SwiftCompilerPluginMessageHandling' from project 'swift-syntax')
    cd /Users/harishvishwakarma/Handy/Archem/pepchat-ios/Revolt.xcodeproj
    

SwiftDriverJobDiscovery normal arm64 Compiling BasicMacroExpansionContext.swift (in target 'SwiftSyntaxMacroExpansion' from project 'swift-syntax')

SwiftCompile normal arm64 Compiling\ PluginMessages.swift /Users/harishvishwakarma/Library/Developer/Xcode/DerivedData/Revolt-dharrjsambcimaaziudpvzjdcigm/SourcePackages/checkouts/swift-syntax/Sources/SwiftCompilerPluginMessageHandling/PluginMessages.swift (in target 'SwiftCompilerPluginMessageHandling' from project 'swift-syntax')
SwiftCompile normal arm64 /Users/harishvishwakarma/Library/Developer/Xcode/DerivedData/Revolt-dharrjsambcimaaziudpvzjdcigm/SourcePackages/checkouts/swift-syntax/Sources/SwiftCompilerPluginMessageHandling/PluginMessages.swift (in target 'SwiftCompilerPluginMessageHandling' from project 'swift-syntax')
    cd /Users/harishvishwakarma/Handy/Archem/pepchat-ios/Revolt.xcodeproj
    

SwiftDriverJobDiscovery normal x86_64 Compiling FunctionParameterUtils.swift (in target 'SwiftSyntaxMacroExpansion' from project 'swift-syntax')

SwiftCompile normal arm64 Compiling\ Macros.swift /Users/harishvishwakarma/Library/Developer/Xcode/DerivedData/Revolt-dharrjsambcimaaziudpvzjdcigm/SourcePackages/checkouts/swift-syntax/Sources/SwiftCompilerPluginMessageHandling/Macros.swift (in target 'SwiftCompilerPluginMessageHandling' from project 'swift-syntax')

SwiftCompile normal arm64 /Users/harishvishwakarma/Library/Developer/Xcode/DerivedData/Revolt-dharrjsambcimaaziudpvzjdcigm/SourcePackages/checkouts/swift-syntax/Sources/SwiftCompilerPluginMessageHandling/Macros.swift (in target 'SwiftCompilerPluginMessageHandling' from project 'swift-syntax')
    cd /Users/harishvishwakarma/Handy/Archem/pepchat-ios/Revolt.xcodeproj
    

SwiftCompile normal x86_64 Compiling\ Macros.swift /Users/harishvishwakarma/Library/Developer/Xcode/DerivedData/Revolt-dharrjsambcimaaziudpvzjdcigm/SourcePackages/checkouts/swift-syntax/Sources/SwiftCompilerPluginMessageHandling/Macros.swift (in target 'SwiftCompilerPluginMessageHandling' from project 'swift-syntax')

SwiftCompile normal x86_64 /Users/harishvishwakarma/Library/Developer/Xcode/DerivedData/Revolt-dharrjsambcimaaziudpvzjdcigm/SourcePackages/checkouts/swift-syntax/Sources/SwiftCompilerPluginMessageHandling/Macros.swift (in target 'SwiftCompilerPluginMessageHandling' from project 'swift-syntax')
    cd /Users/harishvishwakarma/Handy/Archem/pepchat-ios/Revolt.xcodeproj
    

CreateUniversalBinary /Users/harishvishwakarma/Library/Developer/Xcode/DerivedData/Revolt-dharrjsambcimaaziudpvzjdcigm/Build/Products/Debug/SwiftOperators.o normal arm64\ x86_64 (in target 'SwiftOperators' from project 'swift-syntax')
    cd /Users/harishvishwakarma/Library/Developer/Xcode/DerivedData/Revolt-dharrjsambcimaaziudpvzjdcigm/SourcePackages/checkouts/swift-syntax
    /Applications/Xcode.app/Contents/Developer/Toolchains/XcodeDefault.xctoolchain/usr/bin/lipo -create /Users/harishvishwakarma/Library/Developer/Xcode/DerivedData/Revolt-dharrjsambcimaaziudpvzjdcigm/Build/Intermediates.noindex/swift-syntax.build/Debug/SwiftOperators.build/Objects-normal/arm64/Binary/SwiftOperators.o /Users/harishvishwakarma/Library/Developer/Xcode/DerivedData/Revolt-dharrjsambcimaaziudpvzjdcigm/Build/Intermediates.noindex/swift-syntax.build/Debug/SwiftOperators.build/Objects-normal/x86_64/Binary/SwiftOperators.o -output /Users/harishvishwakarma/Library/Developer/Xcode/DerivedData/Revolt-dharrjsambcimaaziudpvzjdcigm/Build/Products/Debug/SwiftOperators.o

SwiftDriverJobDiscovery normal arm64 Compiling MacroSystem.swift (in target 'SwiftSyntaxMacroExpansion' from project 'swift-syntax')

SwiftCompile normal x86_64 Compiling\ PluginMessages.swift /Users/harishvishwakarma/Library/Developer/Xcode/DerivedData/Revolt-dharrjsambcimaaziudpvzjdcigm/SourcePackages/checkouts/swift-syntax/Sources/SwiftCompilerPluginMessageHandling/PluginMessages.swift (in target 'SwiftCompilerPluginMessageHandling' from project 'swift-syntax')
SwiftCompile normal x86_64 /Users/harishvishwakarma/Library/Developer/Xcode/DerivedData/Revolt-dharrjsambcimaaziudpvzjdcigm/SourcePackages/checkouts/swift-syntax/Sources/SwiftCompilerPluginMessageHandling/PluginMessages.swift (in target 'SwiftCompilerPluginMessageHandling' from project 'swift-syntax')
    cd /Users/harishvishwakarma/Handy/Archem/pepchat-ios/Revolt.xcodeproj
    

SwiftCompile normal x86_64 Compiling\ PluginMessageCompatibility.swift /Users/harishvishwakarma/Library/Developer/Xcode/DerivedData/Revolt-dharrjsambcimaaziudpvzjdcigm/SourcePackages/checkouts/swift-syntax/Sources/SwiftCompilerPluginMessageHandling/PluginMessageCompatibility.swift (in target 'SwiftCompilerPluginMessageHandling' from project 'swift-syntax')

SwiftCompile normal x86_64 /Users/harishvishwakarma/Library/Developer/Xcode/DerivedData/Revolt-dharrjsambcimaaziudpvzjdcigm/SourcePackages/checkouts/swift-syntax/Sources/SwiftCompilerPluginMessageHandling/PluginMessageCompatibility.swift (in target 'SwiftCompilerPluginMessageHandling' from project 'swift-syntax')
    cd /Users/harishvishwakarma/Handy/Archem/pepchat-ios/Revolt.xcodeproj
    

SwiftDriverJobDiscovery normal x86_64 Compiling MacroSystem.swift (in target 'SwiftSyntaxMacroExpansion' from project 'swift-syntax')

SwiftCompile normal x86_64 Compiling\ CompilerPluginMessageHandler.swift /Users/harishvishwakarma/Library/Developer/Xcode/DerivedData/Revolt-dharrjsambcimaaziudpvzjdcigm/SourcePackages/checkouts/swift-syntax/Sources/SwiftCompilerPluginMessageHandling/CompilerPluginMessageHandler.swift (in target 'SwiftCompilerPluginMessageHandling' from project 'swift-syntax')
SwiftCompile normal x86_64 /Users/harishvishwakarma/Library/Developer/Xcode/DerivedData/Revolt-dharrjsambcimaaziudpvzjdcigm/SourcePackages/checkouts/swift-syntax/Sources/SwiftCompilerPluginMessageHandling/CompilerPluginMessageHandler.swift (in target 'SwiftCompilerPluginMessageHandling' from project 'swift-syntax')
    cd /Users/harishvishwakarma/Handy/Archem/pepchat-ios/Revolt.xcodeproj
    

SwiftDriverJobDiscovery normal arm64 Compiling IndentationUtils.swift (in target 'SwiftSyntaxMacroExpansion' from project 'swift-syntax')

SwiftCompile normal arm64 Compiling\ CompilerPluginMessageHandler.swift /Users/harishvishwakarma/Library/Developer/Xcode/DerivedData/Revolt-dharrjsambcimaaziudpvzjdcigm/SourcePackages/checkouts/swift-syntax/Sources/SwiftCompilerPluginMessageHandling/CompilerPluginMessageHandler.swift (in target 'SwiftCompilerPluginMessageHandling' from project 'swift-syntax')

SwiftCompile normal arm64 /Users/harishvishwakarma/Library/Developer/Xcode/DerivedData/Revolt-dharrjsambcimaaziudpvzjdcigm/SourcePackages/checkouts/swift-syntax/Sources/SwiftCompilerPluginMessageHandling/CompilerPluginMessageHandler.swift (in target 'SwiftCompilerPluginMessageHandling' from project 'swift-syntax')
    cd /Users/harishvishwakarma/Handy/Archem/pepchat-ios/Revolt.xcodeproj
    

SwiftDriverJobDiscovery normal arm64 Compiling MacroExpansion.swift (in target 'SwiftSyntaxMacroExpansion' from project 'swift-syntax')

SwiftDriver\ Compilation SwiftSyntaxMacroExpansion normal arm64 com.apple.xcode.tools.swift.compiler (in target 'SwiftSyntaxMacroExpansion' from project 'swift-syntax')
    cd /Users/harishvishwakarma/Handy/Archem/pepchat-ios/Revolt.xcodeproj
    builtin-Swift-Compilation -- /Applications/Xcode.app/Contents/Developer/Toolchains/XcodeDefault.xctoolchain/usr/bin/swiftc -module-name SwiftSyntaxMacroExpansion -Onone -enforce-exclusivity\=checked @/Users/harishvishwakarma/Library/Developer/Xcode/DerivedData/Revolt-dharrjsambcimaaziudpvzjdcigm/Build/Intermediates.noindex/swift-syntax.build/Debug/SwiftSyntaxMacroExpansion.build/Objects-normal/arm64/SwiftSyntaxMacroExpansion.SwiftFileList -DSWIFT_PACKAGE -DDEBUG -DXcode -plugin-path /Applications/Xcode.app/Contents/Developer/Toolchains/XcodeDefault.xctoolchain/usr/lib/swift/host/plugins/testing -enable-experimental-feature DebugDescriptionMacro -sdk /Applications/Xcode.app/Contents/Developer/Platforms/MacOSX.platform/Developer/SDKs/MacOSX15.5.sdk -target arm64-apple-macos10.15 -g -module-cache-path /Users/harishvishwakarma/Library/Developer/Xcode/DerivedData/ModuleCache.noindex -Xfrontend -serialize-debugging-options -enable-testing -suppress-warnings -index-store-path /Users/harishvishwakarma/Library/Developer/Xcode/DerivedData/Revolt-dharrjsambcimaaziudpvzjdcigm/Index.noindex/DataStore -swift-version 5 -I /Users/harishvishwakarma/Library/Developer/Xcode/DerivedData/Revolt-dharrjsambcimaaziudpvzjdcigm/Build/Products/Debug -I /Applications/Xcode.app/Contents/Developer/Platforms/MacOSX.platform/Developer/usr/lib -F /Users/harishvishwakarma/Library/Developer/Xcode/DerivedData/Revolt-dharrjsambcimaaziudpvzjdcigm/Build/Products/Debug/PackageFrameworks -F /Users/harishvishwakarma/Library/Developer/Xcode/DerivedData/Revolt-dharrjsambcimaaziudpvzjdcigm/Build/Products/Debug/PackageFrameworks -F /Users/harishvishwakarma/Library/Developer/Xcode/DerivedData/Revolt-dharrjsambcimaaziudpvzjdcigm/Build/Products/Debug/PackageFrameworks -F /Users/harishvishwakarma/Library/Developer/Xcode/DerivedData/Revolt-dharrjsambcimaaziudpvzjdcigm/Build/Products/Debug/PackageFrameworks -F /Users/harishvishwakarma/Library/Developer/Xcode/DerivedData/Revolt-dharrjsambcimaaziudpvzjdcigm/Build/Products/Debug/PackageFrameworks -F /Users/harishvishwakarma/Library/Developer/Xcode/DerivedData/Revolt-dharrjsambcimaaziudpvzjdcigm/Build/Products/Debug/PackageFrameworks -F /Users/harishvishwakarma/Library/Developer/Xcode/DerivedData/Revolt-dharrjsambcimaaziudpvzjdcigm/Build/Products/Debug/PackageFrameworks -F /Users/harishvishwakarma/Library/Developer/Xcode/DerivedData/Revolt-dharrjsambcimaaziudpvzjdcigm/Build/Products/Debug/PackageFrameworks -F /Users/harishvishwakarma/Library/Developer/Xcode/DerivedData/Revolt-dharrjsambcimaaziudpvzjdcigm/Build/Products/Debug/PackageFrameworks -F /Users/harishvishwakarma/Library/Developer/Xcode/DerivedData/Revolt-dharrjsambcimaaziudpvzjdcigm/Build/Products/Debug -F /Applications/Xcode.app/Contents/Developer/Platforms/MacOSX.platform/Developer/Library/Frameworks -c -j12 -enable-batch-mode -incremental -Xcc -ivfsstatcache -Xcc /Users/harishvishwakarma/Library/Developer/Xcode/DerivedData/SDKStatCaches.noindex/macosx15.5-24F74-8254517eb8b97d462ccbc072ba9094c9.sdkstatcache -output-file-map /Users/harishvishwakarma/Library/Developer/Xcode/DerivedData/Revolt-dharrjsambcimaaziudpvzjdcigm/Build/Intermediates.noindex/swift-syntax.build/Debug/SwiftSyntaxMacroExpansion.build/Objects-normal/arm64/SwiftSyntaxMacroExpansion-OutputFileMap.json -use-frontend-parseable-output -save-temps -no-color-diagnostics -serialize-diagnostics -emit-dependencies -emit-module -emit-module-path /Users/harishvishwakarma/Library/Developer/Xcode/DerivedData/Revolt-dharrjsambcimaaziudpvzjdcigm/Build/Intermediates.noindex/swift-syntax.build/Debug/SwiftSyntaxMacroExpansion.build/Objects-normal/arm64/SwiftSyntaxMacroExpansion.swiftmodule -validate-clang-modules-once -clang-build-session-file /Users/harishvishwakarma/Library/Developer/Xcode/DerivedData/ModuleCache.noindex/Session.modulevalidation -Xcc -I/Users/harishvishwakarma/Library/Developer/Xcode/DerivedData/Revolt-dharrjsambcimaaziudpvzjdcigm/Build/Intermediates.noindex/swift-syntax.build/Debug/SwiftSyntaxMacroExpansion.build/swift-overrides.hmap -emit-const-values -Xfrontend -const-gather-protocols-file -Xfrontend /Users/harishvishwakarma/Library/Developer/Xcode/DerivedData/Revolt-dharrjsambcimaaziudpvzjdcigm/Build/Intermediates.noindex/swift-syntax.build/Debug/SwiftSyntaxMacroExpansion.build/Objects-normal/arm64/SwiftSyntaxMacroExpansion_const_extract_protocols.json -Xcc -I/Users/harishvishwakarma/Library/Developer/Xcode/DerivedData/Revolt-dharrjsambcimaaziudpvzjdcigm/Build/Products/Debug/include -Xcc -I/Users/harishvishwakarma/Library/Developer/Xcode/DerivedData/Revolt-dharrjsambcimaaziudpvzjdcigm/Build/Intermediates.noindex/swift-syntax.build/Debug/SwiftSyntaxMacroExpansion.build/DerivedSources-normal/arm64 -Xcc -I/Users/harishvishwakarma/Library/Developer/Xcode/DerivedData/Revolt-dharrjsambcimaaziudpvzjdcigm/Build/Intermediates.noindex/swift-syntax.build/Debug/SwiftSyntaxMacroExpansion.build/DerivedSources/arm64 -Xcc -I/Users/harishvishwakarma/Library/Developer/Xcode/DerivedData/Revolt-dharrjsambcimaaziudpvzjdcigm/Build/Intermediates.noindex/swift-syntax.build/Debug/SwiftSyntaxMacroExpansion.build/DerivedSources -Xcc -DSWIFT_PACKAGE -Xcc -DDEBUG\=1 -emit-objc-header -emit-objc-header-path /Users/harishvishwakarma/Library/Developer/Xcode/DerivedData/Revolt-dharrjsambcimaaziudpvzjdcigm/Build/Intermediates.noindex/swift-syntax.build/Debug/SwiftSyntaxMacroExpansion.build/Objects-normal/arm64/SwiftSyntaxMacroExpansion-Swift.h -working-directory /Users/harishvishwakarma/Handy/Archem/pepchat-ios/Revolt.xcodeproj -experimental-emit-module-separately -disable-cmo

SwiftDriverJobDiscovery normal x86_64 Emitting module for SwiftCompilerPluginMessageHandling (in target 'SwiftCompilerPluginMessageHandling' from project 'swift-syntax')

SwiftDriver\ Compilation\ Requirements SwiftCompilerPluginMessageHandling normal x86_64 com.apple.xcode.tools.swift.compiler (in target 'SwiftCompilerPluginMessageHandling' from project 'swift-syntax')
    cd /Users/harishvishwakarma/Handy/Archem/pepchat-ios/Revolt.xcodeproj
    builtin-Swift-Compilation-Requirements -- /Applications/Xcode.app/Contents/Developer/Toolchains/XcodeDefault.xctoolchain/usr/bin/swiftc -module-name SwiftCompilerPluginMessageHandling -Onone -enforce-exclusivity\=checked @/Users/harishvishwakarma/Library/Developer/Xcode/DerivedData/Revolt-dharrjsambcimaaziudpvzjdcigm/Build/Intermediates.noindex/swift-syntax.build/Debug/SwiftCompilerPluginMessageHandling.build/Objects-normal/x86_64/SwiftCompilerPluginMessageHandling.SwiftFileList -DSWIFT_PACKAGE -DDEBUG -DXcode -plugin-path /Applications/Xcode.app/Contents/Developer/Toolchains/XcodeDefault.xctoolchain/usr/lib/swift/host/plugins/testing -enable-experimental-feature DebugDescriptionMacro -sdk /Applications/Xcode.app/Contents/Developer/Platforms/MacOSX.platform/Developer/SDKs/MacOSX15.5.sdk -target x86_64-apple-macos10.15 -g -module-cache-path /Users/harishvishwakarma/Library/Developer/Xcode/DerivedData/ModuleCache.noindex -Xfrontend -serialize-debugging-options -enable-testing -suppress-warnings -index-store-path /Users/harishvishwakarma/Library/Developer/Xcode/DerivedData/Revolt-dharrjsambcimaaziudpvzjdcigm/Index.noindex/DataStore -swift-version 5 -I /Users/harishvishwakarma/Library/Developer/Xcode/DerivedData/Revolt-dharrjsambcimaaziudpvzjdcigm/Build/Products/Debug -I /Applications/Xcode.app/Contents/Developer/Platforms/MacOSX.platform/Developer/usr/lib -F /Users/harishvishwakarma/Library/Developer/Xcode/DerivedData/Revolt-dharrjsambcimaaziudpvzjdcigm/Build/Products/Debug/PackageFrameworks -F /Users/harishvishwakarma/Library/Developer/Xcode/DerivedData/Revolt-dharrjsambcimaaziudpvzjdcigm/Build/Products/Debug/PackageFrameworks -F /Users/harishvishwakarma/Library/Developer/Xcode/DerivedData/Revolt-dharrjsambcimaaziudpvzjdcigm/Build/Products/Debug/PackageFrameworks -F /Users/harishvishwakarma/Library/Developer/Xcode/DerivedData/Revolt-dharrjsambcimaaziudpvzjdcigm/Build/Products/Debug/PackageFrameworks -F /Users/harishvishwakarma/Library/Developer/Xcode/DerivedData/Revolt-dharrjsambcimaaziudpvzjdcigm/Build/Products/Debug/PackageFrameworks -F /Users/harishvishwakarma/Library/Developer/Xcode/DerivedData/Revolt-dharrjsambcimaaziudpvzjdcigm/Build/Products/Debug/PackageFrameworks -F /Users/harishvishwakarma/Library/Developer/Xcode/DerivedData/Revolt-dharrjsambcimaaziudpvzjdcigm/Build/Products/Debug/PackageFrameworks -F /Users/harishvishwakarma/Library/Developer/Xcode/DerivedData/Revolt-dharrjsambcimaaziudpvzjdcigm/Build/Products/Debug/PackageFrameworks -F /Users/harishvishwakarma/Library/Developer/Xcode/DerivedData/Revolt-dharrjsambcimaaziudpvzjdcigm/Build/Products/Debug/PackageFrameworks -F /Users/harishvishwakarma/Library/Developer/Xcode/DerivedData/Revolt-dharrjsambcimaaziudpvzjdcigm/Build/Products/Debug/PackageFrameworks -F /Users/harishvishwakarma/Library/Developer/Xcode/DerivedData/Revolt-dharrjsambcimaaziudpvzjdcigm/Build/Products/Debug -F /Applications/Xcode.app/Contents/Developer/Platforms/MacOSX.platform/Developer/Library/Frameworks -c -j12 -enable-batch-mode -incremental -Xcc -ivfsstatcache -Xcc /Users/harishvishwakarma/Library/Developer/Xcode/DerivedData/SDKStatCaches.noindex/macosx15.5-24F74-8254517eb8b97d462ccbc072ba9094c9.sdkstatcache -output-file-map /Users/harishvishwakarma/Library/Developer/Xcode/DerivedData/Revolt-dharrjsambcimaaziudpvzjdcigm/Build/Intermediates.noindex/swift-syntax.build/Debug/SwiftCompilerPluginMessageHandling.build/Objects-normal/x86_64/SwiftCompilerPluginMessageHandling-OutputFileMap.json -use-frontend-parseable-output -save-temps -no-color-diagnostics -serialize-diagnostics -emit-dependencies -emit-module -emit-module-path /Users/harishvishwakarma/Library/Developer/Xcode/DerivedData/Revolt-dharrjsambcimaaziudpvzjdcigm/Build/Intermediates.noindex/swift-syntax.build/Debug/SwiftCompilerPluginMessageHandling.build/Objects-normal/x86_64/SwiftCompilerPluginMessageHandling.swiftmodule -validate-clang-modules-once -clang-build-session-file /Users/harishvishwakarma/Library/Developer/Xcode/DerivedData/ModuleCache.noindex/Session.modulevalidation -Xcc -I/Users/harishvishwakarma/Library/Developer/Xcode/DerivedData/Revolt-dharrjsambcimaaziudpvzjdcigm/Build/Intermediates.noindex/swift-syntax.build/Debug/SwiftCompilerPluginMessageHandling.build/swift-overrides.hmap -emit-const-values -Xfrontend -const-gather-protocols-file -Xfrontend /Users/harishvishwakarma/Library/Developer/Xcode/DerivedData/Revolt-dharrjsambcimaaziudpvzjdcigm/Build/Intermediates.noindex/swift-syntax.build/Debug/SwiftCompilerPluginMessageHandling.build/Objects-normal/x86_64/SwiftCompilerPluginMessageHandling_const_extract_protocols.json -Xcc -I/Users/harishvishwakarma/Library/Developer/Xcode/DerivedData/Revolt-dharrjsambcimaaziudpvzjdcigm/Build/Products/Debug/include -Xcc -I/Users/harishvishwakarma/Library/Developer/Xcode/DerivedData/Revolt-dharrjsambcimaaziudpvzjdcigm/Build/Intermediates.noindex/swift-syntax.build/Debug/SwiftCompilerPluginMessageHandling.build/DerivedSources-normal/x86_64 -Xcc -I/Users/harishvishwakarma/Library/Developer/Xcode/DerivedData/Revolt-dharrjsambcimaaziudpvzjdcigm/Build/Intermediates.noindex/swift-syntax.build/Debug/SwiftCompilerPluginMessageHandling.build/DerivedSources/x86_64 -Xcc -I/Users/harishvishwakarma/Library/Developer/Xcode/DerivedData/Revolt-dharrjsambcimaaziudpvzjdcigm/Build/Intermediates.noindex/swift-syntax.build/Debug/SwiftCompilerPluginMessageHandling.build/DerivedSources -Xcc -DSWIFT_PACKAGE -Xcc -DDEBUG\=1 -emit-objc-header -emit-objc-header-path /Users/harishvishwakarma/Library/Developer/Xcode/DerivedData/Revolt-dharrjsambcimaaziudpvzjdcigm/Build/Intermediates.noindex/swift-syntax.build/Debug/SwiftCompilerPluginMessageHandling.build/Objects-normal/x86_64/SwiftCompilerPluginMessageHandling-Swift.h -working-directory /Users/harishvishwakarma/Handy/Archem/pepchat-ios/Revolt.xcodeproj -experimental-emit-module-separately -disable-cmo

SwiftCompile normal arm64 Compiling\ PluginMacroExpansionContext.swift /Users/harishvishwakarma/Library/Developer/Xcode/DerivedData/Revolt-dharrjsambcimaaziudpvzjdcigm/SourcePackages/checkouts/swift-syntax/Sources/SwiftCompilerPluginMessageHandling/PluginMacroExpansionContext.swift (in target 'SwiftCompilerPluginMessageHandling' from project 'swift-syntax')
SwiftCompile normal arm64 /Users/harishvishwakarma/Library/Developer/Xcode/DerivedData/Revolt-dharrjsambcimaaziudpvzjdcigm/SourcePackages/checkouts/swift-syntax/Sources/SwiftCompilerPluginMessageHandling/PluginMacroExpansionContext.swift (in target 'SwiftCompilerPluginMessageHandling' from project 'swift-syntax')
    cd /Users/harishvishwakarma/Handy/Archem/pepchat-ios/Revolt.xcodeproj
    

Copy /Users/harishvishwakarma/Library/Developer/Xcode/DerivedData/Revolt-dharrjsambcimaaziudpvzjdcigm/Build/Products/Debug/SwiftCompilerPluginMessageHandling.swiftmodule/x86_64-apple-macos.swiftmodule /Users/harishvishwakarma/Library/Developer/Xcode/DerivedData/Revolt-dharrjsambcimaaziudpvzjdcigm/Build/Intermediates.noindex/swift-syntax.build/Debug/SwiftCompilerPluginMessageHandling.build/Objects-normal/x86_64/SwiftCompilerPluginMessageHandling.swiftmodule (in target 'SwiftCompilerPluginMessageHandling' from project 'swift-syntax')
    cd /Users/harishvishwakarma/Library/Developer/Xcode/DerivedData/Revolt-dharrjsambcimaaziudpvzjdcigm/SourcePackages/checkouts/swift-syntax
    builtin-copy -exclude .DS_Store -exclude CVS -exclude .svn -exclude .git -exclude .hg -resolve-src-symlinks -rename /Users/harishvishwakarma/Library/Developer/Xcode/DerivedData/Revolt-dharrjsambcimaaziudpvzjdcigm/Build/Intermediates.noindex/swift-syntax.build/Debug/SwiftCompilerPluginMessageHandling.build/Objects-normal/x86_64/SwiftCompilerPluginMessageHandling.swiftmodule /Users/harishvishwakarma/Library/Developer/Xcode/DerivedData/Revolt-dharrjsambcimaaziudpvzjdcigm/Build/Products/Debug/SwiftCompilerPluginMessageHandling.swiftmodule/x86_64-apple-macos.swiftmodule

SwiftDriverJobDiscovery normal arm64 Emitting module for SwiftCompilerPluginMessageHandling (in target 'SwiftCompilerPluginMessageHandling' from project 'swift-syntax')

Copy /Users/harishvishwakarma/Library/Developer/Xcode/DerivedData/Revolt-dharrjsambcimaaziudpvzjdcigm/Build/Products/Debug/SwiftCompilerPluginMessageHandling.swiftmodule/x86_64-apple-macos.swiftdoc /Users/harishvishwakarma/Library/Developer/Xcode/DerivedData/Revolt-dharrjsambcimaaziudpvzjdcigm/Build/Intermediates.noindex/swift-syntax.build/Debug/SwiftCompilerPluginMessageHandling.build/Objects-normal/x86_64/SwiftCompilerPluginMessageHandling.swiftdoc (in target 'SwiftCompilerPluginMessageHandling' from project 'swift-syntax')
    cd /Users/harishvishwakarma/Library/Developer/Xcode/DerivedData/Revolt-dharrjsambcimaaziudpvzjdcigm/SourcePackages/checkouts/swift-syntax
    builtin-copy -exclude .DS_Store -exclude CVS -exclude .svn -exclude .git -exclude .hg -resolve-src-symlinks -rename /Users/harishvishwakarma/Library/Developer/Xcode/DerivedData/Revolt-dharrjsambcimaaziudpvzjdcigm/Build/Intermediates.noindex/swift-syntax.build/Debug/SwiftCompilerPluginMessageHandling.build/Objects-normal/x86_64/SwiftCompilerPluginMessageHandling.swiftdoc /Users/harishvishwakarma/Library/Developer/Xcode/DerivedData/Revolt-dharrjsambcimaaziudpvzjdcigm/Build/Products/Debug/SwiftCompilerPluginMessageHandling.swiftmodule/x86_64-apple-macos.swiftdoc

SwiftDriver\ Compilation\ Requirements SwiftCompilerPluginMessageHandling normal arm64 com.apple.xcode.tools.swift.compiler (in target 'SwiftCompilerPluginMessageHandling' from project 'swift-syntax')
    cd /Users/harishvishwakarma/Handy/Archem/pepchat-ios/Revolt.xcodeproj
    builtin-Swift-Compilation-Requirements -- /Applications/Xcode.app/Contents/Developer/Toolchains/XcodeDefault.xctoolchain/usr/bin/swiftc -module-name SwiftCompilerPluginMessageHandling -Onone -enforce-exclusivity\=checked @/Users/harishvishwakarma/Library/Developer/Xcode/DerivedData/Revolt-dharrjsambcimaaziudpvzjdcigm/Build/Intermediates.noindex/swift-syntax.build/Debug/SwiftCompilerPluginMessageHandling.build/Objects-normal/arm64/SwiftCompilerPluginMessageHandling.SwiftFileList -DSWIFT_PACKAGE -DDEBUG -DXcode -plugin-path /Applications/Xcode.app/Contents/Developer/Toolchains/XcodeDefault.xctoolchain/usr/lib/swift/host/plugins/testing -enable-experimental-feature DebugDescriptionMacro -sdk /Applications/Xcode.app/Contents/Developer/Platforms/MacOSX.platform/Developer/SDKs/MacOSX15.5.sdk -target arm64-apple-macos10.15 -g -module-cache-path /Users/harishvishwakarma/Library/Developer/Xcode/DerivedData/ModuleCache.noindex -Xfrontend -serialize-debugging-options -enable-testing -suppress-warnings -index-store-path /Users/harishvishwakarma/Library/Developer/Xcode/DerivedData/Revolt-dharrjsambcimaaziudpvzjdcigm/Index.noindex/DataStore -swift-version 5 -I /Users/harishvishwakarma/Library/Developer/Xcode/DerivedData/Revolt-dharrjsambcimaaziudpvzjdcigm/Build/Products/Debug -I /Applications/Xcode.app/Contents/Developer/Platforms/MacOSX.platform/Developer/usr/lib -F /Users/harishvishwakarma/Library/Developer/Xcode/DerivedData/Revolt-dharrjsambcimaaziudpvzjdcigm/Build/Products/Debug/PackageFrameworks -F /Users/harishvishwakarma/Library/Developer/Xcode/DerivedData/Revolt-dharrjsambcimaaziudpvzjdcigm/Build/Products/Debug/PackageFrameworks -F /Users/harishvishwakarma/Library/Developer/Xcode/DerivedData/Revolt-dharrjsambcimaaziudpvzjdcigm/Build/Products/Debug/PackageFrameworks -F /Users/harishvishwakarma/Library/Developer/Xcode/DerivedData/Revolt-dharrjsambcimaaziudpvzjdcigm/Build/Products/Debug/PackageFrameworks -F /Users/harishvishwakarma/Library/Developer/Xcode/DerivedData/Revolt-dharrjsambcimaaziudpvzjdcigm/Build/Products/Debug/PackageFrameworks -F /Users/harishvishwakarma/Library/Developer/Xcode/DerivedData/Revolt-dharrjsambcimaaziudpvzjdcigm/Build/Products/Debug/PackageFrameworks -F /Users/harishvishwakarma/Library/Developer/Xcode/DerivedData/Revolt-dharrjsambcimaaziudpvzjdcigm/Build/Products/Debug/PackageFrameworks -F /Users/harishvishwakarma/Library/Developer/Xcode/DerivedData/Revolt-dharrjsambcimaaziudpvzjdcigm/Build/Products/Debug/PackageFrameworks -F /Users/harishvishwakarma/Library/Developer/Xcode/DerivedData/Revolt-dharrjsambcimaaziudpvzjdcigm/Build/Products/Debug/PackageFrameworks -F /Users/harishvishwakarma/Library/Developer/Xcode/DerivedData/Revolt-dharrjsambcimaaziudpvzjdcigm/Build/Products/Debug/PackageFrameworks -F /Users/harishvishwakarma/Library/Developer/Xcode/DerivedData/Revolt-dharrjsambcimaaziudpvzjdcigm/Build/Products/Debug -F /Applications/Xcode.app/Contents/Developer/Platforms/MacOSX.platform/Developer/Library/Frameworks -c -j12 -enable-batch-mode -incremental -Xcc -ivfsstatcache -Xcc /Users/harishvishwakarma/Library/Developer/Xcode/DerivedData/SDKStatCaches.noindex/macosx15.5-24F74-8254517eb8b97d462ccbc072ba9094c9.sdkstatcache -output-file-map /Users/harishvishwakarma/Library/Developer/Xcode/DerivedData/Revolt-dharrjsambcimaaziudpvzjdcigm/Build/Intermediates.noindex/swift-syntax.build/Debug/SwiftCompilerPluginMessageHandling.build/Objects-normal/arm64/SwiftCompilerPluginMessageHandling-OutputFileMap.json -use-frontend-parseable-output -save-temps -no-color-diagnostics -serialize-diagnostics -emit-dependencies -emit-module -emit-module-path /Users/harishvishwakarma/Library/Developer/Xcode/DerivedData/Revolt-dharrjsambcimaaziudpvzjdcigm/Build/Intermediates.noindex/swift-syntax.build/Debug/SwiftCompilerPluginMessageHandling.build/Objects-normal/arm64/SwiftCompilerPluginMessageHandling.swiftmodule -validate-clang-modules-once -clang-build-session-file /Users/harishvishwakarma/Library/Developer/Xcode/DerivedData/ModuleCache.noindex/Session.modulevalidation -Xcc -I/Users/harishvishwakarma/Library/Developer/Xcode/DerivedData/Revolt-dharrjsambcimaaziudpvzjdcigm/Build/Intermediates.noindex/swift-syntax.build/Debug/SwiftCompilerPluginMessageHandling.build/swift-overrides.hmap -emit-const-values -Xfrontend -const-gather-protocols-file -Xfrontend /Users/harishvishwakarma/Library/Developer/Xcode/DerivedData/Revolt-dharrjsambcimaaziudpvzjdcigm/Build/Intermediates.noindex/swift-syntax.build/Debug/SwiftCompilerPluginMessageHandling.build/Objects-normal/arm64/SwiftCompilerPluginMessageHandling_const_extract_protocols.json -Xcc -I/Users/harishvishwakarma/Library/Developer/Xcode/DerivedData/Revolt-dharrjsambcimaaziudpvzjdcigm/Build/Products/Debug/include -Xcc -I/Users/harishvishwakarma/Library/Developer/Xcode/DerivedData/Revolt-dharrjsambcimaaziudpvzjdcigm/Build/Intermediates.noindex/swift-syntax.build/Debug/SwiftCompilerPluginMessageHandling.build/DerivedSources-normal/arm64 -Xcc -I/Users/harishvishwakarma/Library/Developer/Xcode/DerivedData/Revolt-dharrjsambcimaaziudpvzjdcigm/Build/Intermediates.noindex/swift-syntax.build/Debug/SwiftCompilerPluginMessageHandling.build/DerivedSources/arm64 -Xcc -I/Users/harishvishwakarma/Library/Developer/Xcode/DerivedData/Revolt-dharrjsambcimaaziudpvzjdcigm/Build/Intermediates.noindex/swift-syntax.build/Debug/SwiftCompilerPluginMessageHandling.build/DerivedSources -Xcc -DSWIFT_PACKAGE -Xcc -DDEBUG\=1 -emit-objc-header -emit-objc-header-path /Users/harishvishwakarma/Library/Developer/Xcode/DerivedData/Revolt-dharrjsambcimaaziudpvzjdcigm/Build/Intermediates.noindex/swift-syntax.build/Debug/SwiftCompilerPluginMessageHandling.build/Objects-normal/arm64/SwiftCompilerPluginMessageHandling-Swift.h -working-directory /Users/harishvishwakarma/Handy/Archem/pepchat-ios/Revolt.xcodeproj -experimental-emit-module-separately -disable-cmo

Copy /Users/harishvishwakarma/Library/Developer/Xcode/DerivedData/Revolt-dharrjsambcimaaziudpvzjdcigm/Build/Products/Debug/SwiftCompilerPluginMessageHandling.swiftmodule/x86_64-apple-macos.abi.json /Users/harishvishwakarma/Library/Developer/Xcode/DerivedData/Revolt-dharrjsambcimaaziudpvzjdcigm/Build/Intermediates.noindex/swift-syntax.build/Debug/SwiftCompilerPluginMessageHandling.build/Objects-normal/x86_64/SwiftCompilerPluginMessageHandling.abi.json (in target 'SwiftCompilerPluginMessageHandling' from project 'swift-syntax')
    cd /Users/harishvishwakarma/Library/Developer/Xcode/DerivedData/Revolt-dharrjsambcimaaziudpvzjdcigm/SourcePackages/checkouts/swift-syntax
    builtin-copy -exclude .DS_Store -exclude CVS -exclude .svn -exclude .git -exclude .hg -resolve-src-symlinks -rename /Users/harishvishwakarma/Library/Developer/Xcode/DerivedData/Revolt-dharrjsambcimaaziudpvzjdcigm/Build/Intermediates.noindex/swift-syntax.build/Debug/SwiftCompilerPluginMessageHandling.build/Objects-normal/x86_64/SwiftCompilerPluginMessageHandling.abi.json /Users/harishvishwakarma/Library/Developer/Xcode/DerivedData/Revolt-dharrjsambcimaaziudpvzjdcigm/Build/Products/Debug/SwiftCompilerPluginMessageHandling.swiftmodule/x86_64-apple-macos.abi.json

SwiftMergeGeneratedHeaders /Users/harishvishwakarma/Library/Developer/Xcode/DerivedData/Revolt-dharrjsambcimaaziudpvzjdcigm/Build/Intermediates.noindex/GeneratedModuleMaps/SwiftCompilerPluginMessageHandling-Swift.h /Users/harishvishwakarma/Library/Developer/Xcode/DerivedData/Revolt-dharrjsambcimaaziudpvzjdcigm/Build/Intermediates.noindex/swift-syntax.build/Debug/SwiftCompilerPluginMessageHandling.build/Objects-normal/arm64/SwiftCompilerPluginMessageHandling-Swift.h /Users/harishvishwakarma/Library/Developer/Xcode/DerivedData/Revolt-dharrjsambcimaaziudpvzjdcigm/Build/Intermediates.noindex/swift-syntax.build/Debug/SwiftCompilerPluginMessageHandling.build/Objects-normal/x86_64/SwiftCompilerPluginMessageHandling-Swift.h (in target 'SwiftCompilerPluginMessageHandling' from project 'swift-syntax')
    cd /Users/harishvishwakarma/Library/Developer/Xcode/DerivedData/Revolt-dharrjsambcimaaziudpvzjdcigm/SourcePackages/checkouts/swift-syntax
    builtin-swiftHeaderTool -arch arm64 /Users/harishvishwakarma/Library/Developer/Xcode/DerivedData/Revolt-dharrjsambcimaaziudpvzjdcigm/Build/Intermediates.noindex/swift-syntax.build/Debug/SwiftCompilerPluginMessageHandling.build/Objects-normal/arm64/SwiftCompilerPluginMessageHandling-Swift.h -arch x86_64 /Users/harishvishwakarma/Library/Developer/Xcode/DerivedData/Revolt-dharrjsambcimaaziudpvzjdcigm/Build/Intermediates.noindex/swift-syntax.build/Debug/SwiftCompilerPluginMessageHandling.build/Objects-normal/x86_64/SwiftCompilerPluginMessageHandling-Swift.h -o /Users/harishvishwakarma/Library/Developer/Xcode/DerivedData/Revolt-dharrjsambcimaaziudpvzjdcigm/Build/Intermediates.noindex/GeneratedModuleMaps/SwiftCompilerPluginMessageHandling-Swift.h

Copy /Users/harishvishwakarma/Library/Developer/Xcode/DerivedData/Revolt-dharrjsambcimaaziudpvzjdcigm/Build/Products/Debug/SwiftCompilerPluginMessageHandling.swiftmodule/arm64-apple-macos.swiftmodule /Users/harishvishwakarma/Library/Developer/Xcode/DerivedData/Revolt-dharrjsambcimaaziudpvzjdcigm/Build/Intermediates.noindex/swift-syntax.build/Debug/SwiftCompilerPluginMessageHandling.build/Objects-normal/arm64/SwiftCompilerPluginMessageHandling.swiftmodule (in target 'SwiftCompilerPluginMessageHandling' from project 'swift-syntax')
    cd /Users/harishvishwakarma/Library/Developer/Xcode/DerivedData/Revolt-dharrjsambcimaaziudpvzjdcigm/SourcePackages/checkouts/swift-syntax
    builtin-copy -exclude .DS_Store -exclude CVS -exclude .svn -exclude .git -exclude .hg -resolve-src-symlinks -rename /Users/harishvishwakarma/Library/Developer/Xcode/DerivedData/Revolt-dharrjsambcimaaziudpvzjdcigm/Build/Intermediates.noindex/swift-syntax.build/Debug/SwiftCompilerPluginMessageHandling.build/Objects-normal/arm64/SwiftCompilerPluginMessageHandling.swiftmodule /Users/harishvishwakarma/Library/Developer/Xcode/DerivedData/Revolt-dharrjsambcimaaziudpvzjdcigm/Build/Products/Debug/SwiftCompilerPluginMessageHandling.swiftmodule/arm64-apple-macos.swiftmodule

Copy /Users/harishvishwakarma/Library/Developer/Xcode/DerivedData/Revolt-dharrjsambcimaaziudpvzjdcigm/Build/Products/Debug/SwiftCompilerPluginMessageHandling.swiftmodule/arm64-apple-macos.swiftdoc /Users/harishvishwakarma/Library/Developer/Xcode/DerivedData/Revolt-dharrjsambcimaaziudpvzjdcigm/Build/Intermediates.noindex/swift-syntax.build/Debug/SwiftCompilerPluginMessageHandling.build/Objects-normal/arm64/SwiftCompilerPluginMessageHandling.swiftdoc (in target 'SwiftCompilerPluginMessageHandling' from project 'swift-syntax')
    cd /Users/harishvishwakarma/Library/Developer/Xcode/DerivedData/Revolt-dharrjsambcimaaziudpvzjdcigm/SourcePackages/checkouts/swift-syntax
    builtin-copy -exclude .DS_Store -exclude CVS -exclude .svn -exclude .git -exclude .hg -resolve-src-symlinks -rename /Users/harishvishwakarma/Library/Developer/Xcode/DerivedData/Revolt-dharrjsambcimaaziudpvzjdcigm/Build/Intermediates.noindex/swift-syntax.build/Debug/SwiftCompilerPluginMessageHandling.build/Objects-normal/arm64/SwiftCompilerPluginMessageHandling.swiftdoc /Users/harishvishwakarma/Library/Developer/Xcode/DerivedData/Revolt-dharrjsambcimaaziudpvzjdcigm/Build/Products/Debug/SwiftCompilerPluginMessageHandling.swiftmodule/arm64-apple-macos.swiftdoc

Copy /Users/harishvishwakarma/Library/Developer/Xcode/DerivedData/Revolt-dharrjsambcimaaziudpvzjdcigm/Build/Products/Debug/SwiftCompilerPluginMessageHandling.swiftmodule/arm64-apple-macos.abi.json /Users/harishvishwakarma/Library/Developer/Xcode/DerivedData/Revolt-dharrjsambcimaaziudpvzjdcigm/Build/Intermediates.noindex/swift-syntax.build/Debug/SwiftCompilerPluginMessageHandling.build/Objects-normal/arm64/SwiftCompilerPluginMessageHandling.abi.json (in target 'SwiftCompilerPluginMessageHandling' from project 'swift-syntax')
    cd /Users/harishvishwakarma/Library/Developer/Xcode/DerivedData/Revolt-dharrjsambcimaaziudpvzjdcigm/SourcePackages/checkouts/swift-syntax
    builtin-copy -exclude .DS_Store -exclude CVS -exclude .svn -exclude .git -exclude .hg -resolve-src-symlinks -rename /Users/harishvishwakarma/Library/Developer/Xcode/DerivedData/Revolt-dharrjsambcimaaziudpvzjdcigm/Build/Intermediates.noindex/swift-syntax.build/Debug/SwiftCompilerPluginMessageHandling.build/Objects-normal/arm64/SwiftCompilerPluginMessageHandling.abi.json /Users/harishvishwakarma/Library/Developer/Xcode/DerivedData/Revolt-dharrjsambcimaaziudpvzjdcigm/Build/Products/Debug/SwiftCompilerPluginMessageHandling.swiftmodule/arm64-apple-macos.abi.json

Copy /Users/harishvishwakarma/Library/Developer/Xcode/DerivedData/Revolt-dharrjsambcimaaziudpvzjdcigm/Build/Products/Debug/SwiftCompilerPluginMessageHandling.swiftmodule/Project/x86_64-apple-macos.swiftsourceinfo /Users/harishvishwakarma/Library/Developer/Xcode/DerivedData/Revolt-dharrjsambcimaaziudpvzjdcigm/Build/Intermediates.noindex/swift-syntax.build/Debug/SwiftCompilerPluginMessageHandling.build/Objects-normal/x86_64/SwiftCompilerPluginMessageHandling.swiftsourceinfo (in target 'SwiftCompilerPluginMessageHandling' from project 'swift-syntax')
    cd /Users/harishvishwakarma/Library/Developer/Xcode/DerivedData/Revolt-dharrjsambcimaaziudpvzjdcigm/SourcePackages/checkouts/swift-syntax
    builtin-copy -exclude .DS_Store -exclude CVS -exclude .svn -exclude .git -exclude .hg -resolve-src-symlinks -rename /Users/harishvishwakarma/Library/Developer/Xcode/DerivedData/Revolt-dharrjsambcimaaziudpvzjdcigm/Build/Intermediates.noindex/swift-syntax.build/Debug/SwiftCompilerPluginMessageHandling.build/Objects-normal/x86_64/SwiftCompilerPluginMessageHandling.swiftsourceinfo /Users/harishvishwakarma/Library/Developer/Xcode/DerivedData/Revolt-dharrjsambcimaaziudpvzjdcigm/Build/Products/Debug/SwiftCompilerPluginMessageHandling.swiftmodule/Project/x86_64-apple-macos.swiftsourceinfo

Copy /Users/harishvishwakarma/Library/Developer/Xcode/DerivedData/Revolt-dharrjsambcimaaziudpvzjdcigm/Build/Products/Debug/SwiftCompilerPluginMessageHandling.swiftmodule/Project/arm64-apple-macos.swiftsourceinfo /Users/harishvishwakarma/Library/Developer/Xcode/DerivedData/Revolt-dharrjsambcimaaziudpvzjdcigm/Build/Intermediates.noindex/swift-syntax.build/Debug/SwiftCompilerPluginMessageHandling.build/Objects-normal/arm64/SwiftCompilerPluginMessageHandling.swiftsourceinfo (in target 'SwiftCompilerPluginMessageHandling' from project 'swift-syntax')
    cd /Users/harishvishwakarma/Library/Developer/Xcode/DerivedData/Revolt-dharrjsambcimaaziudpvzjdcigm/SourcePackages/checkouts/swift-syntax
    builtin-copy -exclude .DS_Store -exclude CVS -exclude .svn -exclude .git -exclude .hg -resolve-src-symlinks -rename /Users/harishvishwakarma/Library/Developer/Xcode/DerivedData/Revolt-dharrjsambcimaaziudpvzjdcigm/Build/Intermediates.noindex/swift-syntax.build/Debug/SwiftCompilerPluginMessageHandling.build/Objects-normal/arm64/SwiftCompilerPluginMessageHandling.swiftsourceinfo /Users/harishvishwakarma/Library/Developer/Xcode/DerivedData/Revolt-dharrjsambcimaaziudpvzjdcigm/Build/Products/Debug/SwiftCompilerPluginMessageHandling.swiftmodule/Project/arm64-apple-macos.swiftsourceinfo

SwiftCompile normal x86_64 Compiling\ Diagnostics.swift /Users/harishvishwakarma/Library/Developer/Xcode/DerivedData/Revolt-dharrjsambcimaaziudpvzjdcigm/SourcePackages/checkouts/swift-syntax/Sources/SwiftCompilerPluginMessageHandling/Diagnostics.swift (in target 'SwiftCompilerPluginMessageHandling' from project 'swift-syntax')

SwiftCompile normal x86_64 /Users/harishvishwakarma/Library/Developer/Xcode/DerivedData/Revolt-dharrjsambcimaaziudpvzjdcigm/SourcePackages/checkouts/swift-syntax/Sources/SwiftCompilerPluginMessageHandling/Diagnostics.swift (in target 'SwiftCompilerPluginMessageHandling' from project 'swift-syntax')
    cd /Users/harishvishwakarma/Handy/Archem/pepchat-ios/Revolt.xcodeproj
    

SwiftCompile normal arm64 Compiling\ Diagnostics.swift /Users/harishvishwakarma/Library/Developer/Xcode/DerivedData/Revolt-dharrjsambcimaaziudpvzjdcigm/SourcePackages/checkouts/swift-syntax/Sources/SwiftCompilerPluginMessageHandling/Diagnostics.swift (in target 'SwiftCompilerPluginMessageHandling' from project 'swift-syntax')

SwiftCompile normal arm64 /Users/harishvishwakarma/Library/Developer/Xcode/DerivedData/Revolt-dharrjsambcimaaziudpvzjdcigm/SourcePackages/checkouts/swift-syntax/Sources/SwiftCompilerPluginMessageHandling/Diagnostics.swift (in target 'SwiftCompilerPluginMessageHandling' from project 'swift-syntax')
    cd /Users/harishvishwakarma/Handy/Archem/pepchat-ios/Revolt.xcodeproj
    

SwiftDriverJobDiscovery normal x86_64 Compiling IndentationUtils.swift (in target 'SwiftSyntaxMacroExpansion' from project 'swift-syntax')

SwiftDriver\ Compilation SwiftSyntaxMacroExpansion normal x86_64 com.apple.xcode.tools.swift.compiler (in target 'SwiftSyntaxMacroExpansion' from project 'swift-syntax')
    cd /Users/harishvishwakarma/Handy/Archem/pepchat-ios/Revolt.xcodeproj
    builtin-Swift-Compilation -- /Applications/Xcode.app/Contents/Developer/Toolchains/XcodeDefault.xctoolchain/usr/bin/swiftc -module-name SwiftSyntaxMacroExpansion -Onone -enforce-exclusivity\=checked @/Users/harishvishwakarma/Library/Developer/Xcode/DerivedData/Revolt-dharrjsambcimaaziudpvzjdcigm/Build/Intermediates.noindex/swift-syntax.build/Debug/SwiftSyntaxMacroExpansion.build/Objects-normal/x86_64/SwiftSyntaxMacroExpansion.SwiftFileList -DSWIFT_PACKAGE -DDEBUG -DXcode -plugin-path /Applications/Xcode.app/Contents/Developer/Toolchains/XcodeDefault.xctoolchain/usr/lib/swift/host/plugins/testing -enable-experimental-feature DebugDescriptionMacro -sdk /Applications/Xcode.app/Contents/Developer/Platforms/MacOSX.platform/Developer/SDKs/MacOSX15.5.sdk -target x86_64-apple-macos10.15 -g -module-cache-path /Users/harishvishwakarma/Library/Developer/Xcode/DerivedData/ModuleCache.noindex -Xfrontend -serialize-debugging-options -enable-testing -suppress-warnings -index-store-path /Users/harishvishwakarma/Library/Developer/Xcode/DerivedData/Revolt-dharrjsambcimaaziudpvzjdcigm/Index.noindex/DataStore -swift-version 5 -I /Users/harishvishwakarma/Library/Developer/Xcode/DerivedData/Revolt-dharrjsambcimaaziudpvzjdcigm/Build/Products/Debug -I /Applications/Xcode.app/Contents/Developer/Platforms/MacOSX.platform/Developer/usr/lib -F /Users/harishvishwakarma/Library/Developer/Xcode/DerivedData/Revolt-dharrjsambcimaaziudpvzjdcigm/Build/Products/Debug/PackageFrameworks -F /Users/harishvishwakarma/Library/Developer/Xcode/DerivedData/Revolt-dharrjsambcimaaziudpvzjdcigm/Build/Products/Debug/PackageFrameworks -F /Users/harishvishwakarma/Library/Developer/Xcode/DerivedData/Revolt-dharrjsambcimaaziudpvzjdcigm/Build/Products/Debug/PackageFrameworks -F /Users/harishvishwakarma/Library/Developer/Xcode/DerivedData/Revolt-dharrjsambcimaaziudpvzjdcigm/Build/Products/Debug/PackageFrameworks -F /Users/harishvishwakarma/Library/Developer/Xcode/DerivedData/Revolt-dharrjsambcimaaziudpvzjdcigm/Build/Products/Debug/PackageFrameworks -F /Users/harishvishwakarma/Library/Developer/Xcode/DerivedData/Revolt-dharrjsambcimaaziudpvzjdcigm/Build/Products/Debug/PackageFrameworks -F /Users/harishvishwakarma/Library/Developer/Xcode/DerivedData/Revolt-dharrjsambcimaaziudpvzjdcigm/Build/Products/Debug/PackageFrameworks -F /Users/harishvishwakarma/Library/Developer/Xcode/DerivedData/Revolt-dharrjsambcimaaziudpvzjdcigm/Build/Products/Debug/PackageFrameworks -F /Users/harishvishwakarma/Library/Developer/Xcode/DerivedData/Revolt-dharrjsambcimaaziudpvzjdcigm/Build/Products/Debug/PackageFrameworks -F /Users/harishvishwakarma/Library/Developer/Xcode/DerivedData/Revolt-dharrjsambcimaaziudpvzjdcigm/Build/Products/Debug -F /Applications/Xcode.app/Contents/Developer/Platforms/MacOSX.platform/Developer/Library/Frameworks -c -j12 -enable-batch-mode -incremental -Xcc -ivfsstatcache -Xcc /Users/harishvishwakarma/Library/Developer/Xcode/DerivedData/SDKStatCaches.noindex/macosx15.5-24F74-8254517eb8b97d462ccbc072ba9094c9.sdkstatcache -output-file-map /Users/harishvishwakarma/Library/Developer/Xcode/DerivedData/Revolt-dharrjsambcimaaziudpvzjdcigm/Build/Intermediates.noindex/swift-syntax.build/Debug/SwiftSyntaxMacroExpansion.build/Objects-normal/x86_64/SwiftSyntaxMacroExpansion-OutputFileMap.json -use-frontend-parseable-output -save-temps -no-color-diagnostics -serialize-diagnostics -emit-dependencies -emit-module -emit-module-path /Users/harishvishwakarma/Library/Developer/Xcode/DerivedData/Revolt-dharrjsambcimaaziudpvzjdcigm/Build/Intermediates.noindex/swift-syntax.build/Debug/SwiftSyntaxMacroExpansion.build/Objects-normal/x86_64/SwiftSyntaxMacroExpansion.swiftmodule -validate-clang-modules-once -clang-build-session-file /Users/harishvishwakarma/Library/Developer/Xcode/DerivedData/ModuleCache.noindex/Session.modulevalidation -Xcc -I/Users/harishvishwakarma/Library/Developer/Xcode/DerivedData/Revolt-dharrjsambcimaaziudpvzjdcigm/Build/Intermediates.noindex/swift-syntax.build/Debug/SwiftSyntaxMacroExpansion.build/swift-overrides.hmap -emit-const-values -Xfrontend -const-gather-protocols-file -Xfrontend /Users/harishvishwakarma/Library/Developer/Xcode/DerivedData/Revolt-dharrjsambcimaaziudpvzjdcigm/Build/Intermediates.noindex/swift-syntax.build/Debug/SwiftSyntaxMacroExpansion.build/Objects-normal/x86_64/SwiftSyntaxMacroExpansion_const_extract_protocols.json -Xcc -I/Users/harishvishwakarma/Library/Developer/Xcode/DerivedData/Revolt-dharrjsambcimaaziudpvzjdcigm/Build/Products/Debug/include -Xcc -I/Users/harishvishwakarma/Library/Developer/Xcode/DerivedData/Revolt-dharrjsambcimaaziudpvzjdcigm/Build/Intermediates.noindex/swift-syntax.build/Debug/SwiftSyntaxMacroExpansion.build/DerivedSources-normal/x86_64 -Xcc -I/Users/harishvishwakarma/Library/Developer/Xcode/DerivedData/Revolt-dharrjsambcimaaziudpvzjdcigm/Build/Intermediates.noindex/swift-syntax.build/Debug/SwiftSyntaxMacroExpansion.build/DerivedSources/x86_64 -Xcc -I/Users/harishvishwakarma/Library/Developer/Xcode/DerivedData/Revolt-dharrjsambcimaaziudpvzjdcigm/Build/Intermediates.noindex/swift-syntax.build/Debug/SwiftSyntaxMacroExpansion.build/DerivedSources -Xcc -DSWIFT_PACKAGE -Xcc -DDEBUG\=1 -emit-objc-header -emit-objc-header-path /Users/harishvishwakarma/Library/Developer/Xcode/DerivedData/Revolt-dharrjsambcimaaziudpvzjdcigm/Build/Intermediates.noindex/swift-syntax.build/Debug/SwiftSyntaxMacroExpansion.build/Objects-normal/x86_64/SwiftSyntaxMacroExpansion-Swift.h -working-directory /Users/harishvishwakarma/Handy/Archem/pepchat-ios/Revolt.xcodeproj -experimental-emit-module-separately -disable-cmo

SwiftDriverJobDiscovery normal arm64 Compiling PluginMessageCompatibility.swift (in target 'SwiftCompilerPluginMessageHandling' from project 'swift-syntax')

ExtractAppIntentsMetadata (in target 'SwiftOperators' from project 'swift-syntax')
    cd /Users/harishvishwakarma/Library/Developer/Xcode/DerivedData/Revolt-dharrjsambcimaaziudpvzjdcigm/SourcePackages/checkouts/swift-syntax
    /Applications/Xcode.app/Contents/Developer/Toolchains/XcodeDefault.xctoolchain/usr/bin/appintentsmetadataprocessor --toolchain-dir /Applications/Xcode.app/Contents/Developer/Toolchains/XcodeDefault.xctoolchain --module-name SwiftOperators --sdk-root /Applications/Xcode.app/Contents/Developer/Platforms/MacOSX.platform/Developer/SDKs/MacOSX15.5.sdk --xcode-version 16F6 --platform-family macOS --deployment-target 10.15 --bundle-identifier swift-syntax.SwiftOperators --output /Users/harishvishwakarma/Library/Developer/Xcode/DerivedData/Revolt-dharrjsambcimaaziudpvzjdcigm/Build/Products/Debug/SwiftOperators.appintents --target-triple arm64-apple-macos10.15 --target-triple x86_64-apple-macos10.15 --binary-file /Users/harishvishwakarma/Library/Developer/Xcode/DerivedData/Revolt-dharrjsambcimaaziudpvzjdcigm/Build/Products/Debug/SwiftOperators.o --dependency-file /Users/harishvishwakarma/Library/Developer/Xcode/DerivedData/Revolt-dharrjsambcimaaziudpvzjdcigm/Build/Intermediates.noindex/swift-syntax.build/Debug/SwiftOperators.build/Objects-normal/arm64/SwiftOperators_dependency_info.dat --dependency-file /Users/harishvishwakarma/Library/Developer/Xcode/DerivedData/Revolt-dharrjsambcimaaziudpvzjdcigm/Build/Intermediates.noindex/swift-syntax.build/Debug/SwiftOperators.build/Objects-normal/x86_64/SwiftOperators_dependency_info.dat --stringsdata-file /Users/harishvishwakarma/Library/Developer/Xcode/DerivedData/Revolt-dharrjsambcimaaziudpvzjdcigm/Build/Intermediates.noindex/swift-syntax.build/Debug/SwiftOperators.build/Objects-normal/arm64/ExtractedAppShortcutsMetadata.stringsdata --stringsdata-file /Users/harishvishwakarma/Library/Developer/Xcode/DerivedData/Revolt-dharrjsambcimaaziudpvzjdcigm/Build/Intermediates.noindex/swift-syntax.build/Debug/SwiftOperators.build/Objects-normal/x86_64/ExtractedAppShortcutsMetadata.stringsdata --source-file-list /Users/harishvishwakarma/Library/Developer/Xcode/DerivedData/Revolt-dharrjsambcimaaziudpvzjdcigm/Build/Intermediates.noindex/swift-syntax.build/Debug/SwiftOperators.build/Objects-normal/arm64/SwiftOperators.SwiftFileList --source-file-list /Users/harishvishwakarma/Library/Developer/Xcode/DerivedData/Revolt-dharrjsambcimaaziudpvzjdcigm/Build/Intermediates.noindex/swift-syntax.build/Debug/SwiftOperators.build/Objects-normal/x86_64/SwiftOperators.SwiftFileList --metadata-file-list /Users/harishvishwakarma/Library/Developer/Xcode/DerivedData/Revolt-dharrjsambcimaaziudpvzjdcigm/Build/Intermediates.noindex/swift-syntax.build/Debug/SwiftOperators.build/SwiftOperators.DependencyMetadataFileList --static-metadata-file-list /Users/harishvishwakarma/Library/Developer/Xcode/DerivedData/Revolt-dharrjsambcimaaziudpvzjdcigm/Build/Intermediates.noindex/swift-syntax.build/Debug/SwiftOperators.build/SwiftOperators.DependencyStaticMetadataFileList --swift-const-vals-list /Users/harishvishwakarma/Library/Developer/Xcode/DerivedData/Revolt-dharrjsambcimaaziudpvzjdcigm/Build/Intermediates.noindex/swift-syntax.build/Debug/SwiftOperators.build/Objects-normal/arm64/SwiftOperators.SwiftConstValuesFileList --swift-const-vals-list /Users/harishvishwakarma/Library/Developer/Xcode/DerivedData/Revolt-dharrjsambcimaaziudpvzjdcigm/Build/Intermediates.noindex/swift-syntax.build/Debug/SwiftOperators.build/Objects-normal/x86_64/SwiftOperators.SwiftConstValuesFileList --force --compile-time-extraction --deployment-aware-processing --validate-assistant-intents --no-app-shortcuts-localization
2026-01-08 18:38:50.351 appintentsmetadataprocessor[99901:1139487] Starting appintentsmetadataprocessor export
2026-01-08 18:38:50.409 appintentsmetadataprocessor[99901:1139487] Extracted no relevant App Intents symbols, skipping writing output

RegisterExecutionPolicyException /Users/harishvishwakarma/Library/Developer/Xcode/DerivedData/Revolt-dharrjsambcimaaziudpvzjdcigm/Build/Products/Debug/SwiftBasicFormat.o (in target 'SwiftBasicFormat' from project 'swift-syntax')
    cd /Users/harishvishwakarma/Library/Developer/Xcode/DerivedData/Revolt-dharrjsambcimaaziudpvzjdcigm/SourcePackages/checkouts/swift-syntax
    builtin-RegisterExecutionPolicyException /Users/harishvishwakarma/Library/Developer/Xcode/DerivedData/Revolt-dharrjsambcimaaziudpvzjdcigm/Build/Products/Debug/SwiftBasicFormat.o

Ld /Users/harishvishwakarma/Library/Developer/Xcode/DerivedData/Revolt-dharrjsambcimaaziudpvzjdcigm/Build/Products/Debug-iphoneos/NavigationTransition.o normal (in target 'NavigationTransition' from project 'swiftui-navigation-transitions')
    cd /Users/harishvishwakarma/Library/Developer/Xcode/DerivedData/Revolt-dharrjsambcimaaziudpvzjdcigm/SourcePackages/checkouts/swiftui-navigation-transitions
    /Applications/Xcode.app/Contents/Developer/Toolchains/XcodeDefault.xctoolchain/usr/bin/clang -Xlinker -reproducible -target arm64-apple-ios13.0 -r -isysroot /Applications/Xcode.app/Contents/Developer/Platforms/iPhoneOS.platform/Developer/SDKs/iPhoneOS18.5.sdk -O0 -w -L/Users/harishvishwakarma/Library/Developer/Xcode/DerivedData/Revolt-dharrjsambcimaaziudpvzjdcigm/Build/Intermediates.noindex/EagerLinkingTBDs/Debug-iphoneos -L/Users/harishvishwakarma/Library/Developer/Xcode/DerivedData/Revolt-dharrjsambcimaaziudpvzjdcigm/Build/Products/Debug-iphoneos -L/Applications/Xcode.app/Contents/Developer/Platforms/iPhoneOS.platform/Developer/usr/lib -F/Users/harishvishwakarma/Library/Developer/Xcode/DerivedData/Revolt-dharrjsambcimaaziudpvzjdcigm/Build/Intermediates.noindex/EagerLinkingTBDs/Debug-iphoneos -F/Users/harishvishwakarma/Library/Developer/Xcode/DerivedData/Revolt-dharrjsambcimaaziudpvzjdcigm/Build/Products/Debug-iphoneos/PackageFrameworks -F/Users/harishvishwakarma/Library/Developer/Xcode/DerivedData/Revolt-dharrjsambcimaaziudpvzjdcigm/Build/Products/Debug-iphoneos/PackageFrameworks -F/Users/harishvishwakarma/Library/Developer/Xcode/DerivedData/Revolt-dharrjsambcimaaziudpvzjdcigm/Build/Products/Debug-iphoneos/PackageFrameworks -F/Users/harishvishwakarma/Library/Developer/Xcode/DerivedData/Revolt-dharrjsambcimaaziudpvzjdcigm/Build/Products/Debug-iphoneos -iframework /Applications/Xcode.app/Contents/Developer/Platforms/iPhoneOS.platform/Developer/Library/Frameworks -iframework /Applications/Xcode.app/Contents/Developer/Platforms/iPhoneOS.platform/Developer/SDKs/iPhoneOS18.5.sdk/Developer/Library/Frameworks -filelist /Users/harishvishwakarma/Library/Developer/Xcode/DerivedData/Revolt-dharrjsambcimaaziudpvzjdcigm/Build/Intermediates.noindex/swiftui-navigation-transitions.build/Debug-iphoneos/NavigationTransition.build/Objects-normal/arm64/NavigationTransition.LinkFileList -nostdlib -Xlinker -object_path_lto -Xlinker /Users/harishvishwakarma/Library/Developer/Xcode/DerivedData/Revolt-dharrjsambcimaaziudpvzjdcigm/Build/Intermediates.noindex/swiftui-navigation-transitions.build/Debug-iphoneos/NavigationTransition.build/Objects-normal/arm64/NavigationTransition_lto.o -rdynamic -Xlinker -no_deduplicate -Xlinker -dependency_info -Xlinker /Users/harishvishwakarma/Library/Developer/Xcode/DerivedData/Revolt-dharrjsambcimaaziudpvzjdcigm/Build/Intermediates.noindex/swiftui-navigation-transitions.build/Debug-iphoneos/NavigationTransition.build/Objects-normal/arm64/NavigationTransition_dependency_info.dat -fobjc-link-runtime -L/Applications/Xcode.app/Contents/Developer/Toolchains/XcodeDefault.xctoolchain/usr/lib/swift/iphoneos -L/usr/lib/swift -Xlinker -add_ast_path -Xlinker /Users/harishvishwakarma/Library/Developer/Xcode/DerivedData/Revolt-dharrjsambcimaaziudpvzjdcigm/Build/Intermediates.noindex/swiftui-navigation-transitions.build/Debug-iphoneos/NavigationTransition.build/Objects-normal/arm64/NavigationTransition.swiftmodule -o /Users/harishvishwakarma/Library/Developer/Xcode/DerivedData/Revolt-dharrjsambcimaaziudpvzjdcigm/Build/Products/Debug-iphoneos/NavigationTransition.o

SwiftDriverJobDiscovery normal arm64 Compiling Macros.swift (in target 'SwiftCompilerPluginMessageHandling' from project 'swift-syntax')

Ld /Users/harishvishwakarma/Library/Developer/Xcode/DerivedData/Revolt-dharrjsambcimaaziudpvzjdcigm/Build/Intermediates.noindex/swift-syntax.build/Debug/SwiftParserDiagnostics.build/Objects-normal/x86_64/Binary/SwiftParserDiagnostics.o normal x86_64 (in target 'SwiftParserDiagnostics' from project 'swift-syntax')
    cd /Users/harishvishwakarma/Library/Developer/Xcode/DerivedData/Revolt-dharrjsambcimaaziudpvzjdcigm/SourcePackages/checkouts/swift-syntax
    /Applications/Xcode.app/Contents/Developer/Toolchains/XcodeDefault.xctoolchain/usr/bin/clang -Xlinker -reproducible -target x86_64-apple-macos10.15 -r -isysroot /Applications/Xcode.app/Contents/Developer/Platforms/MacOSX.platform/Developer/SDKs/MacOSX15.5.sdk -O0 -w -L/Users/harishvishwakarma/Library/Developer/Xcode/DerivedData/Revolt-dharrjsambcimaaziudpvzjdcigm/Build/Intermediates.noindex/EagerLinkingTBDs/Debug -L/Users/harishvishwakarma/Library/Developer/Xcode/DerivedData/Revolt-dharrjsambcimaaziudpvzjdcigm/Build/Products/Debug -L/Applications/Xcode.app/Contents/Developer/Platforms/MacOSX.platform/Developer/usr/lib -F/Users/harishvishwakarma/Library/Developer/Xcode/DerivedData/Revolt-dharrjsambcimaaziudpvzjdcigm/Build/Intermediates.noindex/EagerLinkingTBDs/Debug -F/Users/harishvishwakarma/Library/Developer/Xcode/DerivedData/Revolt-dharrjsambcimaaziudpvzjdcigm/Build/Products/Debug/PackageFrameworks -F/Users/harishvishwakarma/Library/Developer/Xcode/DerivedData/Revolt-dharrjsambcimaaziudpvzjdcigm/Build/Products/Debug/PackageFrameworks -F/Users/harishvishwakarma/Library/Developer/Xcode/DerivedData/Revolt-dharrjsambcimaaziudpvzjdcigm/Build/Products/Debug/PackageFrameworks -F/Users/harishvishwakarma/Library/Developer/Xcode/DerivedData/Revolt-dharrjsambcimaaziudpvzjdcigm/Build/Products/Debug/PackageFrameworks -F/Users/harishvishwakarma/Library/Developer/Xcode/DerivedData/Revolt-dharrjsambcimaaziudpvzjdcigm/Build/Products/Debug/PackageFrameworks -F/Users/harishvishwakarma/Library/Developer/Xcode/DerivedData/Revolt-dharrjsambcimaaziudpvzjdcigm/Build/Products/Debug -iframework /Applications/Xcode.app/Contents/Developer/Platforms/MacOSX.platform/Developer/Library/Frameworks -filelist /Users/harishvishwakarma/Library/Developer/Xcode/DerivedData/Revolt-dharrjsambcimaaziudpvzjdcigm/Build/Intermediates.noindex/swift-syntax.build/Debug/SwiftParserDiagnostics.build/Objects-normal/x86_64/SwiftParserDiagnostics.LinkFileList -nostdlib -Xlinker -object_path_lto -Xlinker /Users/harishvishwakarma/Library/Developer/Xcode/DerivedData/Revolt-dharrjsambcimaaziudpvzjdcigm/Build/Intermediates.noindex/swift-syntax.build/Debug/SwiftParserDiagnostics.build/Objects-normal/x86_64/SwiftParserDiagnostics_lto.o -rdynamic -Xlinker -no_deduplicate -Xlinker -dependency_info -Xlinker /Users/harishvishwakarma/Library/Developer/Xcode/DerivedData/Revolt-dharrjsambcimaaziudpvzjdcigm/Build/Intermediates.noindex/swift-syntax.build/Debug/SwiftParserDiagnostics.build/Objects-normal/x86_64/SwiftParserDiagnostics_dependency_info.dat -fobjc-link-runtime -L/Applications/Xcode.app/Contents/Developer/Toolchains/XcodeDefault.xctoolchain/usr/lib/swift/macosx -L/usr/lib/swift -Xlinker -add_ast_path -Xlinker /Users/harishvishwakarma/Library/Developer/Xcode/DerivedData/Revolt-dharrjsambcimaaziudpvzjdcigm/Build/Intermediates.noindex/swift-syntax.build/Debug/SwiftParserDiagnostics.build/Objects-normal/x86_64/SwiftParserDiagnostics.swiftmodule -o /Users/harishvishwakarma/Library/Developer/Xcode/DerivedData/Revolt-dharrjsambcimaaziudpvzjdcigm/Build/Intermediates.noindex/swift-syntax.build/Debug/SwiftParserDiagnostics.build/Objects-normal/x86_64/Binary/SwiftParserDiagnostics.o

Ld /Users/harishvishwakarma/Library/Developer/Xcode/DerivedData/Revolt-dharrjsambcimaaziudpvzjdcigm/Build/Intermediates.noindex/swift-syntax.build/Debug/SwiftParserDiagnostics.build/Objects-normal/arm64/Binary/SwiftParserDiagnostics.o normal arm64 (in target 'SwiftParserDiagnostics' from project 'swift-syntax')
    cd /Users/harishvishwakarma/Library/Developer/Xcode/DerivedData/Revolt-dharrjsambcimaaziudpvzjdcigm/SourcePackages/checkouts/swift-syntax
    /Applications/Xcode.app/Contents/Developer/Toolchains/XcodeDefault.xctoolchain/usr/bin/clang -Xlinker -reproducible -target arm64-apple-macos10.15 -r -isysroot /Applications/Xcode.app/Contents/Developer/Platforms/MacOSX.platform/Developer/SDKs/MacOSX15.5.sdk -O0 -w -L/Users/harishvishwakarma/Library/Developer/Xcode/DerivedData/Revolt-dharrjsambcimaaziudpvzjdcigm/Build/Intermediates.noindex/EagerLinkingTBDs/Debug -L/Users/harishvishwakarma/Library/Developer/Xcode/DerivedData/Revolt-dharrjsambcimaaziudpvzjdcigm/Build/Products/Debug -L/Applications/Xcode.app/Contents/Developer/Platforms/MacOSX.platform/Developer/usr/lib -F/Users/harishvishwakarma/Library/Developer/Xcode/DerivedData/Revolt-dharrjsambcimaaziudpvzjdcigm/Build/Intermediates.noindex/EagerLinkingTBDs/Debug -F/Users/harishvishwakarma/Library/Developer/Xcode/DerivedData/Revolt-dharrjsambcimaaziudpvzjdcigm/Build/Products/Debug/PackageFrameworks -F/Users/harishvishwakarma/Library/Developer/Xcode/DerivedData/Revolt-dharrjsambcimaaziudpvzjdcigm/Build/Products/Debug/PackageFrameworks -F/Users/harishvishwakarma/Library/Developer/Xcode/DerivedData/Revolt-dharrjsambcimaaziudpvzjdcigm/Build/Products/Debug/PackageFrameworks -F/Users/harishvishwakarma/Library/Developer/Xcode/DerivedData/Revolt-dharrjsambcimaaziudpvzjdcigm/Build/Products/Debug/PackageFrameworks -F/Users/harishvishwakarma/Library/Developer/Xcode/DerivedData/Revolt-dharrjsambcimaaziudpvzjdcigm/Build/Products/Debug/PackageFrameworks -F/Users/harishvishwakarma/Library/Developer/Xcode/DerivedData/Revolt-dharrjsambcimaaziudpvzjdcigm/Build/Products/Debug -iframework /Applications/Xcode.app/Contents/Developer/Platforms/MacOSX.platform/Developer/Library/Frameworks -filelist /Users/harishvishwakarma/Library/Developer/Xcode/DerivedData/Revolt-dharrjsambcimaaziudpvzjdcigm/Build/Intermediates.noindex/swift-syntax.build/Debug/SwiftParserDiagnostics.build/Objects-normal/arm64/SwiftParserDiagnostics.LinkFileList -nostdlib -Xlinker -object_path_lto -Xlinker /Users/harishvishwakarma/Library/Developer/Xcode/DerivedData/Revolt-dharrjsambcimaaziudpvzjdcigm/Build/Intermediates.noindex/swift-syntax.build/Debug/SwiftParserDiagnostics.build/Objects-normal/arm64/SwiftParserDiagnostics_lto.o -rdynamic -Xlinker -no_deduplicate -Xlinker -dependency_info -Xlinker /Users/harishvishwakarma/Library/Developer/Xcode/DerivedData/Revolt-dharrjsambcimaaziudpvzjdcigm/Build/Intermediates.noindex/swift-syntax.build/Debug/SwiftParserDiagnostics.build/Objects-normal/arm64/SwiftParserDiagnostics_dependency_info.dat -fobjc-link-runtime -L/Applications/Xcode.app/Contents/Developer/Toolchains/XcodeDefault.xctoolchain/usr/lib/swift/macosx -L/usr/lib/swift -Xlinker -add_ast_path -Xlinker /Users/harishvishwakarma/Library/Developer/Xcode/DerivedData/Revolt-dharrjsambcimaaziudpvzjdcigm/Build/Intermediates.noindex/swift-syntax.build/Debug/SwiftParserDiagnostics.build/Objects-normal/arm64/SwiftParserDiagnostics.swiftmodule -o /Users/harishvishwakarma/Library/Developer/Xcode/DerivedData/Revolt-dharrjsambcimaaziudpvzjdcigm/Build/Intermediates.noindex/swift-syntax.build/Debug/SwiftParserDiagnostics.build/Objects-normal/arm64/Binary/SwiftParserDiagnostics.o

SwiftDriverJobDiscovery normal x86_64 Compiling Macros.swift (in target 'SwiftCompilerPluginMessageHandling' from project 'swift-syntax')

SwiftDriver SwiftCompilerPlugin normal arm64 com.apple.xcode.tools.swift.compiler (in target 'SwiftCompilerPlugin' from project 'swift-syntax')
    cd /Users/harishvishwakarma/Handy/Archem/pepchat-ios/Revolt.xcodeproj
    builtin-SwiftDriver -- /Applications/Xcode.app/Contents/Developer/Toolchains/XcodeDefault.xctoolchain/usr/bin/swiftc -module-name SwiftCompilerPlugin -Onone -enforce-exclusivity\=checked @/Users/harishvishwakarma/Library/Developer/Xcode/DerivedData/Revolt-dharrjsambcimaaziudpvzjdcigm/Build/Intermediates.noindex/swift-syntax.build/Debug/SwiftCompilerPlugin.build/Objects-normal/arm64/SwiftCompilerPlugin.SwiftFileList -DSWIFT_PACKAGE -DDEBUG -DXcode -plugin-path /Applications/Xcode.app/Contents/Developer/Toolchains/XcodeDefault.xctoolchain/usr/lib/swift/host/plugins/testing -enable-experimental-feature DebugDescriptionMacro -sdk /Applications/Xcode.app/Contents/Developer/Platforms/MacOSX.platform/Developer/SDKs/MacOSX15.5.sdk -target arm64-apple-macos10.15 -g -module-cache-path /Users/harishvishwakarma/Library/Developer/Xcode/DerivedData/ModuleCache.noindex -Xfrontend -serialize-debugging-options -enable-testing -suppress-warnings -index-store-path /Users/harishvishwakarma/Library/Developer/Xcode/DerivedData/Revolt-dharrjsambcimaaziudpvzjdcigm/Index.noindex/DataStore -swift-version 5 -I /Users/harishvishwakarma/Library/Developer/Xcode/DerivedData/Revolt-dharrjsambcimaaziudpvzjdcigm/Build/Products/Debug -I /Applications/Xcode.app/Contents/Developer/Platforms/MacOSX.platform/Developer/usr/lib -F /Users/harishvishwakarma/Library/Developer/Xcode/DerivedData/Revolt-dharrjsambcimaaziudpvzjdcigm/Build/Products/Debug/PackageFrameworks -F /Users/harishvishwakarma/Library/Developer/Xcode/DerivedData/Revolt-dharrjsambcimaaziudpvzjdcigm/Build/Products/Debug/PackageFrameworks -F /Users/harishvishwakarma/Library/Developer/Xcode/DerivedData/Revolt-dharrjsambcimaaziudpvzjdcigm/Build/Products/Debug/PackageFrameworks -F /Users/harishvishwakarma/Library/Developer/Xcode/DerivedData/Revolt-dharrjsambcimaaziudpvzjdcigm/Build/Products/Debug/PackageFrameworks -F /Users/harishvishwakarma/Library/Developer/Xcode/DerivedData/Revolt-dharrjsambcimaaziudpvzjdcigm/Build/Products/Debug/PackageFrameworks -F /Users/harishvishwakarma/Library/Developer/Xcode/DerivedData/Revolt-dharrjsambcimaaziudpvzjdcigm/Build/Products/Debug/PackageFrameworks -F /Users/harishvishwakarma/Library/Developer/Xcode/DerivedData/Revolt-dharrjsambcimaaziudpvzjdcigm/Build/Products/Debug/PackageFrameworks -F /Users/harishvishwakarma/Library/Developer/Xcode/DerivedData/Revolt-dharrjsambcimaaziudpvzjdcigm/Build/Products/Debug/PackageFrameworks -F /Users/harishvishwakarma/Library/Developer/Xcode/DerivedData/Revolt-dharrjsambcimaaziudpvzjdcigm/Build/Products/Debug/PackageFrameworks -F /Users/harishvishwakarma/Library/Developer/Xcode/DerivedData/Revolt-dharrjsambcimaaziudpvzjdcigm/Build/Products/Debug/PackageFrameworks -F /Users/harishvishwakarma/Library/Developer/Xcode/DerivedData/Revolt-dharrjsambcimaaziudpvzjdcigm/Build/Products/Debug/PackageFrameworks -F /Users/harishvishwakarma/Library/Developer/Xcode/DerivedData/Revolt-dharrjsambcimaaziudpvzjdcigm/Build/Products/Debug -F /Applications/Xcode.app/Contents/Developer/Platforms/MacOSX.platform/Developer/Library/Frameworks -parse-as-library -c -j12 -enable-batch-mode -incremental -Xcc -ivfsstatcache -Xcc /Users/harishvishwakarma/Library/Developer/Xcode/DerivedData/SDKStatCaches.noindex/macosx15.5-24F74-8254517eb8b97d462ccbc072ba9094c9.sdkstatcache -output-file-map /Users/harishvishwakarma/Library/Developer/Xcode/DerivedData/Revolt-dharrjsambcimaaziudpvzjdcigm/Build/Intermediates.noindex/swift-syntax.build/Debug/SwiftCompilerPlugin.build/Objects-normal/arm64/SwiftCompilerPlugin-OutputFileMap.json -use-frontend-parseable-output -save-temps -no-color-diagnostics -serialize-diagnostics -emit-dependencies -emit-module -emit-module-path /Users/harishvishwakarma/Library/Developer/Xcode/DerivedData/Revolt-dharrjsambcimaaziudpvzjdcigm/Build/Intermediates.noindex/swift-syntax.build/Debug/SwiftCompilerPlugin.build/Objects-normal/arm64/SwiftCompilerPlugin.swiftmodule -validate-clang-modules-once -clang-build-session-file /Users/harishvishwakarma/Library/Developer/Xcode/DerivedData/ModuleCache.noindex/Session.modulevalidation -Xcc -I/Users/harishvishwakarma/Library/Developer/Xcode/DerivedData/Revolt-dharrjsambcimaaziudpvzjdcigm/Build/Intermediates.noindex/swift-syntax.build/Debug/SwiftCompilerPlugin.build/swift-overrides.hmap -emit-const-values -Xfrontend -const-gather-protocols-file -Xfrontend /Users/harishvishwakarma/Library/Developer/Xcode/DerivedData/Revolt-dharrjsambcimaaziudpvzjdcigm/Build/Intermediates.noindex/swift-syntax.build/Debug/SwiftCompilerPlugin.build/Objects-normal/arm64/SwiftCompilerPlugin_const_extract_protocols.json -Xcc -I/Users/harishvishwakarma/Library/Developer/Xcode/DerivedData/Revolt-dharrjsambcimaaziudpvzjdcigm/Build/Products/Debug/include -Xcc -I/Users/harishvishwakarma/Library/Developer/Xcode/DerivedData/Revolt-dharrjsambcimaaziudpvzjdcigm/Build/Intermediates.noindex/swift-syntax.build/Debug/SwiftCompilerPlugin.build/DerivedSources-normal/arm64 -Xcc -I/Users/harishvishwakarma/Library/Developer/Xcode/DerivedData/Revolt-dharrjsambcimaaziudpvzjdcigm/Build/Intermediates.noindex/swift-syntax.build/Debug/SwiftCompilerPlugin.build/DerivedSources/arm64 -Xcc -I/Users/harishvishwakarma/Library/Developer/Xcode/DerivedData/Revolt-dharrjsambcimaaziudpvzjdcigm/Build/Intermediates.noindex/swift-syntax.build/Debug/SwiftCompilerPlugin.build/DerivedSources -Xcc -DSWIFT_PACKAGE -Xcc -DDEBUG\=1 -emit-objc-header -emit-objc-header-path /Users/harishvishwakarma/Library/Developer/Xcode/DerivedData/Revolt-dharrjsambcimaaziudpvzjdcigm/Build/Intermediates.noindex/swift-syntax.build/Debug/SwiftCompilerPlugin.build/Objects-normal/arm64/SwiftCompilerPlugin-Swift.h -working-directory /Users/harishvishwakarma/Handy/Archem/pepchat-ios/Revolt.xcodeproj -experimental-emit-module-separately -disable-cmo

SwiftDriver SwiftCompilerPlugin normal x86_64 com.apple.xcode.tools.swift.compiler (in target 'SwiftCompilerPlugin' from project 'swift-syntax')
    cd /Users/harishvishwakarma/Handy/Archem/pepchat-ios/Revolt.xcodeproj
    builtin-SwiftDriver -- /Applications/Xcode.app/Contents/Developer/Toolchains/XcodeDefault.xctoolchain/usr/bin/swiftc -module-name SwiftCompilerPlugin -Onone -enforce-exclusivity\=checked @/Users/harishvishwakarma/Library/Developer/Xcode/DerivedData/Revolt-dharrjsambcimaaziudpvzjdcigm/Build/Intermediates.noindex/swift-syntax.build/Debug/SwiftCompilerPlugin.build/Objects-normal/x86_64/SwiftCompilerPlugin.SwiftFileList -DSWIFT_PACKAGE -DDEBUG -DXcode -plugin-path /Applications/Xcode.app/Contents/Developer/Toolchains/XcodeDefault.xctoolchain/usr/lib/swift/host/plugins/testing -enable-experimental-feature DebugDescriptionMacro -sdk /Applications/Xcode.app/Contents/Developer/Platforms/MacOSX.platform/Developer/SDKs/MacOSX15.5.sdk -target x86_64-apple-macos10.15 -g -module-cache-path /Users/harishvishwakarma/Library/Developer/Xcode/DerivedData/ModuleCache.noindex -Xfrontend -serialize-debugging-options -enable-testing -suppress-warnings -index-store-path /Users/harishvishwakarma/Library/Developer/Xcode/DerivedData/Revolt-dharrjsambcimaaziudpvzjdcigm/Index.noindex/DataStore -swift-version 5 -I /Users/harishvishwakarma/Library/Developer/Xcode/DerivedData/Revolt-dharrjsambcimaaziudpvzjdcigm/Build/Products/Debug -I /Applications/Xcode.app/Contents/Developer/Platforms/MacOSX.platform/Developer/usr/lib -F /Users/harishvishwakarma/Library/Developer/Xcode/DerivedData/Revolt-dharrjsambcimaaziudpvzjdcigm/Build/Products/Debug/PackageFrameworks -F /Users/harishvishwakarma/Library/Developer/Xcode/DerivedData/Revolt-dharrjsambcimaaziudpvzjdcigm/Build/Products/Debug/PackageFrameworks -F /Users/harishvishwakarma/Library/Developer/Xcode/DerivedData/Revolt-dharrjsambcimaaziudpvzjdcigm/Build/Products/Debug/PackageFrameworks -F /Users/harishvishwakarma/Library/Developer/Xcode/DerivedData/Revolt-dharrjsambcimaaziudpvzjdcigm/Build/Products/Debug/PackageFrameworks -F /Users/harishvishwakarma/Library/Developer/Xcode/DerivedData/Revolt-dharrjsambcimaaziudpvzjdcigm/Build/Products/Debug/PackageFrameworks -F /Users/harishvishwakarma/Library/Developer/Xcode/DerivedData/Revolt-dharrjsambcimaaziudpvzjdcigm/Build/Products/Debug/PackageFrameworks -F /Users/harishvishwakarma/Library/Developer/Xcode/DerivedData/Revolt-dharrjsambcimaaziudpvzjdcigm/Build/Products/Debug/PackageFrameworks -F /Users/harishvishwakarma/Library/Developer/Xcode/DerivedData/Revolt-dharrjsambcimaaziudpvzjdcigm/Build/Products/Debug/PackageFrameworks -F /Users/harishvishwakarma/Library/Developer/Xcode/DerivedData/Revolt-dharrjsambcimaaziudpvzjdcigm/Build/Products/Debug/PackageFrameworks -F /Users/harishvishwakarma/Library/Developer/Xcode/DerivedData/Revolt-dharrjsambcimaaziudpvzjdcigm/Build/Products/Debug/PackageFrameworks -F /Users/harishvishwakarma/Library/Developer/Xcode/DerivedData/Revolt-dharrjsambcimaaziudpvzjdcigm/Build/Products/Debug/PackageFrameworks -F /Users/harishvishwakarma/Library/Developer/Xcode/DerivedData/Revolt-dharrjsambcimaaziudpvzjdcigm/Build/Products/Debug -F /Applications/Xcode.app/Contents/Developer/Platforms/MacOSX.platform/Developer/Library/Frameworks -parse-as-library -c -j12 -enable-batch-mode -incremental -Xcc -ivfsstatcache -Xcc /Users/harishvishwakarma/Library/Developer/Xcode/DerivedData/SDKStatCaches.noindex/macosx15.5-24F74-8254517eb8b97d462ccbc072ba9094c9.sdkstatcache -output-file-map /Users/harishvishwakarma/Library/Developer/Xcode/DerivedData/Revolt-dharrjsambcimaaziudpvzjdcigm/Build/Intermediates.noindex/swift-syntax.build/Debug/SwiftCompilerPlugin.build/Objects-normal/x86_64/SwiftCompilerPlugin-OutputFileMap.json -use-frontend-parseable-output -save-temps -no-color-diagnostics -serialize-diagnostics -emit-dependencies -emit-module -emit-module-path /Users/harishvishwakarma/Library/Developer/Xcode/DerivedData/Revolt-dharrjsambcimaaziudpvzjdcigm/Build/Intermediates.noindex/swift-syntax.build/Debug/SwiftCompilerPlugin.build/Objects-normal/x86_64/SwiftCompilerPlugin.swiftmodule -validate-clang-modules-once -clang-build-session-file /Users/harishvishwakarma/Library/Developer/Xcode/DerivedData/ModuleCache.noindex/Session.modulevalidation -Xcc -I/Users/harishvishwakarma/Library/Developer/Xcode/DerivedData/Revolt-dharrjsambcimaaziudpvzjdcigm/Build/Intermediates.noindex/swift-syntax.build/Debug/SwiftCompilerPlugin.build/swift-overrides.hmap -emit-const-values -Xfrontend -const-gather-protocols-file -Xfrontend /Users/harishvishwakarma/Library/Developer/Xcode/DerivedData/Revolt-dharrjsambcimaaziudpvzjdcigm/Build/Intermediates.noindex/swift-syntax.build/Debug/SwiftCompilerPlugin.build/Objects-normal/x86_64/SwiftCompilerPlugin_const_extract_protocols.json -Xcc -I/Users/harishvishwakarma/Library/Developer/Xcode/DerivedData/Revolt-dharrjsambcimaaziudpvzjdcigm/Build/Products/Debug/include -Xcc -I/Users/harishvishwakarma/Library/Developer/Xcode/DerivedData/Revolt-dharrjsambcimaaziudpvzjdcigm/Build/Intermediates.noindex/swift-syntax.build/Debug/SwiftCompilerPlugin.build/DerivedSources-normal/x86_64 -Xcc -I/Users/harishvishwakarma/Library/Developer/Xcode/DerivedData/Revolt-dharrjsambcimaaziudpvzjdcigm/Build/Intermediates.noindex/swift-syntax.build/Debug/SwiftCompilerPlugin.build/DerivedSources/x86_64 -Xcc -I/Users/harishvishwakarma/Library/Developer/Xcode/DerivedData/Revolt-dharrjsambcimaaziudpvzjdcigm/Build/Intermediates.noindex/swift-syntax.build/Debug/SwiftCompilerPlugin.build/DerivedSources -Xcc -DSWIFT_PACKAGE -Xcc -DDEBUG\=1 -emit-objc-header -emit-objc-header-path /Users/harishvishwakarma/Library/Developer/Xcode/DerivedData/Revolt-dharrjsambcimaaziudpvzjdcigm/Build/Intermediates.noindex/swift-syntax.build/Debug/SwiftCompilerPlugin.build/Objects-normal/x86_64/SwiftCompilerPlugin-Swift.h -working-directory /Users/harishvishwakarma/Handy/Archem/pepchat-ios/Revolt.xcodeproj -experimental-emit-module-separately -disable-cmo

SwiftEmitModule normal arm64 Emitting\ module\ for\ SwiftCompilerPlugin (in target 'SwiftCompilerPlugin' from project 'swift-syntax')

SwiftCompile normal arm64 /Users/harishvishwakarma/Library/Developer/Xcode/DerivedData/Revolt-dharrjsambcimaaziudpvzjdcigm/SourcePackages/checkouts/swift-syntax/Sources/SwiftCompilerPlugin/CompilerPlugin.swift (in target 'SwiftCompilerPlugin' from project 'swift-syntax')
    cd /Users/harishvishwakarma/Handy/Archem/pepchat-ios/Revolt.xcodeproj
    

SwiftEmitModule normal x86_64 Emitting\ module\ for\ SwiftCompilerPlugin (in target 'SwiftCompilerPlugin' from project 'swift-syntax')

SwiftCompile normal x86_64 /Users/harishvishwakarma/Library/Developer/Xcode/DerivedData/Revolt-dharrjsambcimaaziudpvzjdcigm/SourcePackages/checkouts/swift-syntax/Sources/SwiftCompilerPlugin/CompilerPlugin.swift (in target 'SwiftCompilerPlugin' from project 'swift-syntax')
    cd /Users/harishvishwakarma/Handy/Archem/pepchat-ios/Revolt.xcodeproj
    

SwiftCompile normal x86_64 Compiling\ CompilerPlugin.swift /Users/harishvishwakarma/Library/Developer/Xcode/DerivedData/Revolt-dharrjsambcimaaziudpvzjdcigm/SourcePackages/checkouts/swift-syntax/Sources/SwiftCompilerPlugin/CompilerPlugin.swift (in target 'SwiftCompilerPlugin' from project 'swift-syntax')
SwiftCompile normal x86_64 /Users/harishvishwakarma/Library/Developer/Xcode/DerivedData/Revolt-dharrjsambcimaaziudpvzjdcigm/SourcePackages/checkouts/swift-syntax/Sources/SwiftCompilerPlugin/CompilerPlugin.swift (in target 'SwiftCompilerPlugin' from project 'swift-syntax')
    cd /Users/harishvishwakarma/Handy/Archem/pepchat-ios/Revolt.xcodeproj
    

SwiftDriverJobDiscovery normal x86_64 Compiling PluginMacroExpansionContext.swift (in target 'SwiftCompilerPluginMessageHandling' from project 'swift-syntax')

SwiftCompile normal arm64 Compiling\ CompilerPlugin.swift /Users/harishvishwakarma/Library/Developer/Xcode/DerivedData/Revolt-dharrjsambcimaaziudpvzjdcigm/SourcePackages/checkouts/swift-syntax/Sources/SwiftCompilerPlugin/CompilerPlugin.swift (in target 'SwiftCompilerPlugin' from project 'swift-syntax')

SwiftCompile normal arm64 /Users/harishvishwakarma/Library/Developer/Xcode/DerivedData/Revolt-dharrjsambcimaaziudpvzjdcigm/SourcePackages/checkouts/swift-syntax/Sources/SwiftCompilerPlugin/CompilerPlugin.swift (in target 'SwiftCompilerPlugin' from project 'swift-syntax')
    cd /Users/harishvishwakarma/Handy/Archem/pepchat-ios/Revolt.xcodeproj
    

CreateUniversalBinary /Users/harishvishwakarma/Library/Developer/Xcode/DerivedData/Revolt-dharrjsambcimaaziudpvzjdcigm/Build/Products/Debug/SwiftParserDiagnostics.o normal arm64\ x86_64 (in target 'SwiftParserDiagnostics' from project 'swift-syntax')
    cd /Users/harishvishwakarma/Library/Developer/Xcode/DerivedData/Revolt-dharrjsambcimaaziudpvzjdcigm/SourcePackages/checkouts/swift-syntax
    /Applications/Xcode.app/Contents/Developer/Toolchains/XcodeDefault.xctoolchain/usr/bin/lipo -create /Users/harishvishwakarma/Library/Developer/Xcode/DerivedData/Revolt-dharrjsambcimaaziudpvzjdcigm/Build/Intermediates.noindex/swift-syntax.build/Debug/SwiftParserDiagnostics.build/Objects-normal/arm64/Binary/SwiftParserDiagnostics.o /Users/harishvishwakarma/Library/Developer/Xcode/DerivedData/Revolt-dharrjsambcimaaziudpvzjdcigm/Build/Intermediates.noindex/swift-syntax.build/Debug/SwiftParserDiagnostics.build/Objects-normal/x86_64/Binary/SwiftParserDiagnostics.o -output /Users/harishvishwakarma/Library/Developer/Xcode/DerivedData/Revolt-dharrjsambcimaaziudpvzjdcigm/Build/Products/Debug/SwiftParserDiagnostics.o

SwiftDriverJobDiscovery normal x86_64 Compiling PluginMessageCompatibility.swift (in target 'SwiftCompilerPluginMessageHandling' from project 'swift-syntax')

ExtractAppIntentsMetadata (in target 'NavigationTransition' from project 'swiftui-navigation-transitions')
    cd /Users/harishvishwakarma/Library/Developer/Xcode/DerivedData/Revolt-dharrjsambcimaaziudpvzjdcigm/SourcePackages/checkouts/swiftui-navigation-transitions
    /Applications/Xcode.app/Contents/Developer/Toolchains/XcodeDefault.xctoolchain/usr/bin/appintentsmetadataprocessor --toolchain-dir /Applications/Xcode.app/Contents/Developer/Toolchains/XcodeDefault.xctoolchain --module-name NavigationTransition --sdk-root /Applications/Xcode.app/Contents/Developer/Platforms/iPhoneOS.platform/Developer/SDKs/iPhoneOS18.5.sdk --xcode-version 16F6 --platform-family iOS --deployment-target 13.0 --bundle-identifier swiftui-navigation-transitions.NavigationTransition --output /Users/harishvishwakarma/Library/Developer/Xcode/DerivedData/Revolt-dharrjsambcimaaziudpvzjdcigm/Build/Products/Debug-iphoneos/NavigationTransition.appintents --target-triple arm64-apple-ios13.0 --binary-file /Users/harishvishwakarma/Library/Developer/Xcode/DerivedData/Revolt-dharrjsambcimaaziudpvzjdcigm/Build/Products/Debug-iphoneos/NavigationTransition.o --dependency-file /Users/harishvishwakarma/Library/Developer/Xcode/DerivedData/Revolt-dharrjsambcimaaziudpvzjdcigm/Build/Intermediates.noindex/swiftui-navigation-transitions.build/Debug-iphoneos/NavigationTransition.build/Objects-normal/arm64/NavigationTransition_dependency_info.dat --stringsdata-file /Users/harishvishwakarma/Library/Developer/Xcode/DerivedData/Revolt-dharrjsambcimaaziudpvzjdcigm/Build/Intermediates.noindex/swiftui-navigation-transitions.build/Debug-iphoneos/NavigationTransition.build/Objects-normal/arm64/ExtractedAppShortcutsMetadata.stringsdata --source-file-list /Users/harishvishwakarma/Library/Developer/Xcode/DerivedData/Revolt-dharrjsambcimaaziudpvzjdcigm/Build/Intermediates.noindex/swiftui-navigation-transitions.build/Debug-iphoneos/NavigationTransition.build/Objects-normal/arm64/NavigationTransition.SwiftFileList --metadata-file-list /Users/harishvishwakarma/Library/Developer/Xcode/DerivedData/Revolt-dharrjsambcimaaziudpvzjdcigm/Build/Intermediates.noindex/swiftui-navigation-transitions.build/Debug-iphoneos/NavigationTransition.build/NavigationTransition.DependencyMetadataFileList --static-metadata-file-list /Users/harishvishwakarma/Library/Developer/Xcode/DerivedData/Revolt-dharrjsambcimaaziudpvzjdcigm/Build/Intermediates.noindex/swiftui-navigation-transitions.build/Debug-iphoneos/NavigationTransition.build/NavigationTransition.DependencyStaticMetadataFileList --swift-const-vals-list /Users/harishvishwakarma/Library/Developer/Xcode/DerivedData/Revolt-dharrjsambcimaaziudpvzjdcigm/Build/Intermediates.noindex/swiftui-navigation-transitions.build/Debug-iphoneos/NavigationTransition.build/Objects-normal/arm64/NavigationTransition.SwiftConstValuesFileList --force --compile-time-extraction --deployment-aware-processing --validate-assistant-intents --no-app-shortcuts-localization
2026-01-08 18:38:50.943 appintentsmetadataprocessor[99914:1139571] Starting appintentsmetadataprocessor export
2026-01-08 18:38:51.010 appintentsmetadataprocessor[99914:1139571] Extracted no relevant App Intents symbols, skipping writing output

ExtractAppIntentsMetadata (in target 'SwiftParserDiagnostics' from project 'swift-syntax')
    cd /Users/harishvishwakarma/Library/Developer/Xcode/DerivedData/Revolt-dharrjsambcimaaziudpvzjdcigm/SourcePackages/checkouts/swift-syntax
    /Applications/Xcode.app/Contents/Developer/Toolchains/XcodeDefault.xctoolchain/usr/bin/appintentsmetadataprocessor --toolchain-dir /Applications/Xcode.app/Contents/Developer/Toolchains/XcodeDefault.xctoolchain --module-name SwiftParserDiagnostics --sdk-root /Applications/Xcode.app/Contents/Developer/Platforms/MacOSX.platform/Developer/SDKs/MacOSX15.5.sdk --xcode-version 16F6 --platform-family macOS --deployment-target 10.15 --bundle-identifier swift-syntax.SwiftParserDiagnostics --output /Users/harishvishwakarma/Library/Developer/Xcode/DerivedData/Revolt-dharrjsambcimaaziudpvzjdcigm/Build/Products/Debug/SwiftParserDiagnostics.appintents --target-triple arm64-apple-macos10.15 --target-triple x86_64-apple-macos10.15 --binary-file /Users/harishvishwakarma/Library/Developer/Xcode/DerivedData/Revolt-dharrjsambcimaaziudpvzjdcigm/Build/Products/Debug/SwiftParserDiagnostics.o --dependency-file /Users/harishvishwakarma/Library/Developer/Xcode/DerivedData/Revolt-dharrjsambcimaaziudpvzjdcigm/Build/Intermediates.noindex/swift-syntax.build/Debug/SwiftParserDiagnostics.build/Objects-normal/arm64/SwiftParserDiagnostics_dependency_info.dat --dependency-file /Users/harishvishwakarma/Library/Developer/Xcode/DerivedData/Revolt-dharrjsambcimaaziudpvzjdcigm/Build/Intermediates.noindex/swift-syntax.build/Debug/SwiftParserDiagnostics.build/Objects-normal/x86_64/SwiftParserDiagnostics_dependency_info.dat --stringsdata-file /Users/harishvishwakarma/Library/Developer/Xcode/DerivedData/Revolt-dharrjsambcimaaziudpvzjdcigm/Build/Intermediates.noindex/swift-syntax.build/Debug/SwiftParserDiagnostics.build/Objects-normal/arm64/ExtractedAppShortcutsMetadata.stringsdata --stringsdata-file /Users/harishvishwakarma/Library/Developer/Xcode/DerivedData/Revolt-dharrjsambcimaaziudpvzjdcigm/Build/Intermediates.noindex/swift-syntax.build/Debug/SwiftParserDiagnostics.build/Objects-normal/x86_64/ExtractedAppShortcutsMetadata.stringsdata --source-file-list /Users/harishvishwakarma/Library/Developer/Xcode/DerivedData/Revolt-dharrjsambcimaaziudpvzjdcigm/Build/Intermediates.noindex/swift-syntax.build/Debug/SwiftParserDiagnostics.build/Objects-normal/arm64/SwiftParserDiagnostics.SwiftFileList --source-file-list /Users/harishvishwakarma/Library/Developer/Xcode/DerivedData/Revolt-dharrjsambcimaaziudpvzjdcigm/Build/Intermediates.noindex/swift-syntax.build/Debug/SwiftParserDiagnostics.build/Objects-normal/x86_64/SwiftParserDiagnostics.SwiftFileList --metadata-file-list /Users/harishvishwakarma/Library/Developer/Xcode/DerivedData/Revolt-dharrjsambcimaaziudpvzjdcigm/Build/Intermediates.noindex/swift-syntax.build/Debug/SwiftParserDiagnostics.build/SwiftParserDiagnostics.DependencyMetadataFileList --static-metadata-file-list /Users/harishvishwakarma/Library/Developer/Xcode/DerivedData/Revolt-dharrjsambcimaaziudpvzjdcigm/Build/Intermediates.noindex/swift-syntax.build/Debug/SwiftParserDiagnostics.build/SwiftParserDiagnostics.DependencyStaticMetadataFileList --swift-const-vals-list /Users/harishvishwakarma/Library/Developer/Xcode/DerivedData/Revolt-dharrjsambcimaaziudpvzjdcigm/Build/Intermediates.noindex/swift-syntax.build/Debug/SwiftParserDiagnostics.build/Objects-normal/arm64/SwiftParserDiagnostics.SwiftConstValuesFileList --swift-const-vals-list /Users/harishvishwakarma/Library/Developer/Xcode/DerivedData/Revolt-dharrjsambcimaaziudpvzjdcigm/Build/Intermediates.noindex/swift-syntax.build/Debug/SwiftParserDiagnostics.build/Objects-normal/x86_64/SwiftParserDiagnostics.SwiftConstValuesFileList --force --compile-time-extraction --deployment-aware-processing --validate-assistant-intents --no-app-shortcuts-localization
2026-01-08 18:38:51.091 appintentsmetadataprocessor[99915:1139578] Starting appintentsmetadataprocessor export
2026-01-08 18:38:51.173 appintentsmetadataprocessor[99915:1139578] Extracted no relevant App Intents symbols, skipping writing output

RegisterExecutionPolicyException /Users/harishvishwakarma/Library/Developer/Xcode/DerivedData/Revolt-dharrjsambcimaaziudpvzjdcigm/Build/Products/Debug-iphoneos/Collections.o (in target 'Collections' from project 'swift-collections')
    cd /Users/harishvishwakarma/Library/Developer/Xcode/DerivedData/Revolt-dharrjsambcimaaziudpvzjdcigm/SourcePackages/checkouts/swift-collections
    builtin-RegisterExecutionPolicyException /Users/harishvishwakarma/Library/Developer/Xcode/DerivedData/Revolt-dharrjsambcimaaziudpvzjdcigm/Build/Products/Debug-iphoneos/Collections.o

SwiftDriverJobDiscovery normal arm64 Compiling PluginMessages.swift (in target 'SwiftCompilerPluginMessageHandling' from project 'swift-syntax')

RegisterExecutionPolicyException /Users/harishvishwakarma/Library/Developer/Xcode/DerivedData/Revolt-dharrjsambcimaaziudpvzjdcigm/Build/Products/Debug/SwiftOperators.o (in target 'SwiftOperators' from project 'swift-syntax')
    cd /Users/harishvishwakarma/Library/Developer/Xcode/DerivedData/Revolt-dharrjsambcimaaziudpvzjdcigm/SourcePackages/checkouts/swift-syntax
    builtin-RegisterExecutionPolicyException /Users/harishvishwakarma/Library/Developer/Xcode/DerivedData/Revolt-dharrjsambcimaaziudpvzjdcigm/Build/Products/Debug/SwiftOperators.o

RegisterExecutionPolicyException /Users/harishvishwakarma/Library/Developer/Xcode/DerivedData/Revolt-dharrjsambcimaaziudpvzjdcigm/Build/Products/Debug-iphoneos/NavigationTransition.o (in target 'NavigationTransition' from project 'swiftui-navigation-transitions')
    cd /Users/harishvishwakarma/Library/Developer/Xcode/DerivedData/Revolt-dharrjsambcimaaziudpvzjdcigm/SourcePackages/checkouts/swiftui-navigation-transitions
    builtin-RegisterExecutionPolicyException /Users/harishvishwakarma/Library/Developer/Xcode/DerivedData/Revolt-dharrjsambcimaaziudpvzjdcigm/Build/Products/Debug-iphoneos/NavigationTransition.o

Ld /Users/harishvishwakarma/Library/Developer/Xcode/DerivedData/Revolt-dharrjsambcimaaziudpvzjdcigm/Build/Products/Debug-iphoneos/NavigationTransitions.o normal (in target 'NavigationTransitions' from project 'swiftui-navigation-transitions')
    cd /Users/harishvishwakarma/Library/Developer/Xcode/DerivedData/Revolt-dharrjsambcimaaziudpvzjdcigm/SourcePackages/checkouts/swiftui-navigation-transitions
    /Applications/Xcode.app/Contents/Developer/Toolchains/XcodeDefault.xctoolchain/usr/bin/clang -Xlinker -reproducible -target arm64-apple-ios13.0 -r -isysroot /Applications/Xcode.app/Contents/Developer/Platforms/iPhoneOS.platform/Developer/SDKs/iPhoneOS18.5.sdk -O0 -w -L/Users/harishvishwakarma/Library/Developer/Xcode/DerivedData/Revolt-dharrjsambcimaaziudpvzjdcigm/Build/Intermediates.noindex/EagerLinkingTBDs/Debug-iphoneos -L/Users/harishvishwakarma/Library/Developer/Xcode/DerivedData/Revolt-dharrjsambcimaaziudpvzjdcigm/Build/Products/Debug-iphoneos -L/Applications/Xcode.app/Contents/Developer/Platforms/iPhoneOS.platform/Developer/usr/lib -F/Users/harishvishwakarma/Library/Developer/Xcode/DerivedData/Revolt-dharrjsambcimaaziudpvzjdcigm/Build/Intermediates.noindex/EagerLinkingTBDs/Debug-iphoneos -F/Users/harishvishwakarma/Library/Developer/Xcode/DerivedData/Revolt-dharrjsambcimaaziudpvzjdcigm/Build/Products/Debug-iphoneos/PackageFrameworks -F/Users/harishvishwakarma/Library/Developer/Xcode/DerivedData/Revolt-dharrjsambcimaaziudpvzjdcigm/Build/Products/Debug-iphoneos/PackageFrameworks -F/Users/harishvishwakarma/Library/Developer/Xcode/DerivedData/Revolt-dharrjsambcimaaziudpvzjdcigm/Build/Products/Debug-iphoneos/PackageFrameworks -F/Users/harishvishwakarma/Library/Developer/Xcode/DerivedData/Revolt-dharrjsambcimaaziudpvzjdcigm/Build/Products/Debug-iphoneos/PackageFrameworks -F/Users/harishvishwakarma/Library/Developer/Xcode/DerivedData/Revolt-dharrjsambcimaaziudpvzjdcigm/Build/Products/Debug-iphoneos/PackageFrameworks -F/Users/harishvishwakarma/Library/Developer/Xcode/DerivedData/Revolt-dharrjsambcimaaziudpvzjdcigm/Build/Products/Debug-iphoneos/PackageFrameworks -F/Users/harishvishwakarma/Library/Developer/Xcode/DerivedData/Revolt-dharrjsambcimaaziudpvzjdcigm/Build/Products/Debug-iphoneos/PackageFrameworks -F/Users/harishvishwakarma/Library/Developer/Xcode/DerivedData/Revolt-dharrjsambcimaaziudpvzjdcigm/Build/Products/Debug-iphoneos -iframework /Applications/Xcode.app/Contents/Developer/Platforms/iPhoneOS.platform/Developer/Library/Frameworks -iframework /Applications/Xcode.app/Contents/Developer/Platforms/iPhoneOS.platform/Developer/SDKs/iPhoneOS18.5.sdk/Developer/Library/Frameworks -filelist /Users/harishvishwakarma/Library/Developer/Xcode/DerivedData/Revolt-dharrjsambcimaaziudpvzjdcigm/Build/Intermediates.noindex/swiftui-navigation-transitions.build/Debug-iphoneos/NavigationTransitions.build/Objects-normal/arm64/NavigationTransitions.LinkFileList -nostdlib -Xlinker -object_path_lto -Xlinker /Users/harishvishwakarma/Library/Developer/Xcode/DerivedData/Revolt-dharrjsambcimaaziudpvzjdcigm/Build/Intermediates.noindex/swiftui-navigation-transitions.build/Debug-iphoneos/NavigationTransitions.build/Objects-normal/arm64/NavigationTransitions_lto.o -rdynamic -Xlinker -no_deduplicate -Xlinker -dependency_info -Xlinker /Users/harishvishwakarma/Library/Developer/Xcode/DerivedData/Revolt-dharrjsambcimaaziudpvzjdcigm/Build/Intermediates.noindex/swiftui-navigation-transitions.build/Debug-iphoneos/NavigationTransitions.build/Objects-normal/arm64/NavigationTransitions_dependency_info.dat -fobjc-link-runtime -L/Applications/Xcode.app/Contents/Developer/Toolchains/XcodeDefault.xctoolchain/usr/lib/swift/iphoneos -L/usr/lib/swift -Xlinker -add_ast_path -Xlinker /Users/harishvishwakarma/Library/Developer/Xcode/DerivedData/Revolt-dharrjsambcimaaziudpvzjdcigm/Build/Intermediates.noindex/swiftui-navigation-transitions.build/Debug-iphoneos/NavigationTransitions.build/Objects-normal/arm64/NavigationTransitions.swiftmodule -o /Users/harishvishwakarma/Library/Developer/Xcode/DerivedData/Revolt-dharrjsambcimaaziudpvzjdcigm/Build/Products/Debug-iphoneos/NavigationTransitions.o

RegisterExecutionPolicyException /Users/harishvishwakarma/Library/Developer/Xcode/DerivedData/Revolt-dharrjsambcimaaziudpvzjdcigm/Build/Products/Debug/SwiftParserDiagnostics.o (in target 'SwiftParserDiagnostics' from project 'swift-syntax')
    cd /Users/harishvishwakarma/Library/Developer/Xcode/DerivedData/Revolt-dharrjsambcimaaziudpvzjdcigm/SourcePackages/checkouts/swift-syntax
    builtin-RegisterExecutionPolicyException /Users/harishvishwakarma/Library/Developer/Xcode/DerivedData/Revolt-dharrjsambcimaaziudpvzjdcigm/Build/Products/Debug/SwiftParserDiagnostics.o

Ld /Users/harishvishwakarma/Library/Developer/Xcode/DerivedData/Revolt-dharrjsambcimaaziudpvzjdcigm/Build/Intermediates.noindex/swift-syntax.build/Debug/SwiftSyntaxBuilder.build/Objects-normal/x86_64/Binary/SwiftSyntaxBuilder.o normal x86_64 (in target 'SwiftSyntaxBuilder' from project 'swift-syntax')
    cd /Users/harishvishwakarma/Library/Developer/Xcode/DerivedData/Revolt-dharrjsambcimaaziudpvzjdcigm/SourcePackages/checkouts/swift-syntax
    /Applications/Xcode.app/Contents/Developer/Toolchains/XcodeDefault.xctoolchain/usr/bin/clang -Xlinker -reproducible -target x86_64-apple-macos10.15 -r -isysroot /Applications/Xcode.app/Contents/Developer/Platforms/MacOSX.platform/Developer/SDKs/MacOSX15.5.sdk -O0 -w -L/Users/harishvishwakarma/Library/Developer/Xcode/DerivedData/Revolt-dharrjsambcimaaziudpvzjdcigm/Build/Intermediates.noindex/EagerLinkingTBDs/Debug -L/Users/harishvishwakarma/Library/Developer/Xcode/DerivedData/Revolt-dharrjsambcimaaziudpvzjdcigm/Build/Products/Debug -L/Applications/Xcode.app/Contents/Developer/Platforms/MacOSX.platform/Developer/usr/lib -F/Users/harishvishwakarma/Library/Developer/Xcode/DerivedData/Revolt-dharrjsambcimaaziudpvzjdcigm/Build/Intermediates.noindex/EagerLinkingTBDs/Debug -F/Users/harishvishwakarma/Library/Developer/Xcode/DerivedData/Revolt-dharrjsambcimaaziudpvzjdcigm/Build/Products/Debug/PackageFrameworks -F/Users/harishvishwakarma/Library/Developer/Xcode/DerivedData/Revolt-dharrjsambcimaaziudpvzjdcigm/Build/Products/Debug/PackageFrameworks -F/Users/harishvishwakarma/Library/Developer/Xcode/DerivedData/Revolt-dharrjsambcimaaziudpvzjdcigm/Build/Products/Debug/PackageFrameworks -F/Users/harishvishwakarma/Library/Developer/Xcode/DerivedData/Revolt-dharrjsambcimaaziudpvzjdcigm/Build/Products/Debug/PackageFrameworks -F/Users/harishvishwakarma/Library/Developer/Xcode/DerivedData/Revolt-dharrjsambcimaaziudpvzjdcigm/Build/Products/Debug/PackageFrameworks -F/Users/harishvishwakarma/Library/Developer/Xcode/DerivedData/Revolt-dharrjsambcimaaziudpvzjdcigm/Build/Products/Debug/PackageFrameworks -F/Users/harishvishwakarma/Library/Developer/Xcode/DerivedData/Revolt-dharrjsambcimaaziudpvzjdcigm/Build/Products/Debug -iframework /Applications/Xcode.app/Contents/Developer/Platforms/MacOSX.platform/Developer/Library/Frameworks -filelist /Users/harishvishwakarma/Library/Developer/Xcode/DerivedData/Revolt-dharrjsambcimaaziudpvzjdcigm/Build/Intermediates.noindex/swift-syntax.build/Debug/SwiftSyntaxBuilder.build/Objects-normal/x86_64/SwiftSyntaxBuilder.LinkFileList -nostdlib -Xlinker -object_path_lto -Xlinker /Users/harishvishwakarma/Library/Developer/Xcode/DerivedData/Revolt-dharrjsambcimaaziudpvzjdcigm/Build/Intermediates.noindex/swift-syntax.build/Debug/SwiftSyntaxBuilder.build/Objects-normal/x86_64/SwiftSyntaxBuilder_lto.o -rdynamic -Xlinker -no_deduplicate -Xlinker -dependency_info -Xlinker /Users/harishvishwakarma/Library/Developer/Xcode/DerivedData/Revolt-dharrjsambcimaaziudpvzjdcigm/Build/Intermediates.noindex/swift-syntax.build/Debug/SwiftSyntaxBuilder.build/Objects-normal/x86_64/SwiftSyntaxBuilder_dependency_info.dat -fobjc-link-runtime -L/Applications/Xcode.app/Contents/Developer/Toolchains/XcodeDefault.xctoolchain/usr/lib/swift/macosx -L/usr/lib/swift -Xlinker -add_ast_path -Xlinker /Users/harishvishwakarma/Library/Developer/Xcode/DerivedData/Revolt-dharrjsambcimaaziudpvzjdcigm/Build/Intermediates.noindex/swift-syntax.build/Debug/SwiftSyntaxBuilder.build/Objects-normal/x86_64/SwiftSyntaxBuilder.swiftmodule -o /Users/harishvishwakarma/Library/Developer/Xcode/DerivedData/Revolt-dharrjsambcimaaziudpvzjdcigm/Build/Intermediates.noindex/swift-syntax.build/Debug/SwiftSyntaxBuilder.build/Objects-normal/x86_64/Binary/SwiftSyntaxBuilder.o

Ld /Users/harishvishwakarma/Library/Developer/Xcode/DerivedData/Revolt-dharrjsambcimaaziudpvzjdcigm/Build/Intermediates.noindex/swift-syntax.build/Debug/SwiftSyntaxBuilder.build/Objects-normal/arm64/Binary/SwiftSyntaxBuilder.o normal arm64 (in target 'SwiftSyntaxBuilder' from project 'swift-syntax')
    cd /Users/harishvishwakarma/Library/Developer/Xcode/DerivedData/Revolt-dharrjsambcimaaziudpvzjdcigm/SourcePackages/checkouts/swift-syntax
    /Applications/Xcode.app/Contents/Developer/Toolchains/XcodeDefault.xctoolchain/usr/bin/clang -Xlinker -reproducible -target arm64-apple-macos10.15 -r -isysroot /Applications/Xcode.app/Contents/Developer/Platforms/MacOSX.platform/Developer/SDKs/MacOSX15.5.sdk -O0 -w -L/Users/harishvishwakarma/Library/Developer/Xcode/DerivedData/Revolt-dharrjsambcimaaziudpvzjdcigm/Build/Intermediates.noindex/EagerLinkingTBDs/Debug -L/Users/harishvishwakarma/Library/Developer/Xcode/DerivedData/Revolt-dharrjsambcimaaziudpvzjdcigm/Build/Products/Debug -L/Applications/Xcode.app/Contents/Developer/Platforms/MacOSX.platform/Developer/usr/lib -F/Users/harishvishwakarma/Library/Developer/Xcode/DerivedData/Revolt-dharrjsambcimaaziudpvzjdcigm/Build/Intermediates.noindex/EagerLinkingTBDs/Debug -F/Users/harishvishwakarma/Library/Developer/Xcode/DerivedData/Revolt-dharrjsambcimaaziudpvzjdcigm/Build/Products/Debug/PackageFrameworks -F/Users/harishvishwakarma/Library/Developer/Xcode/DerivedData/Revolt-dharrjsambcimaaziudpvzjdcigm/Build/Products/Debug/PackageFrameworks -F/Users/harishvishwakarma/Library/Developer/Xcode/DerivedData/Revolt-dharrjsambcimaaziudpvzjdcigm/Build/Products/Debug/PackageFrameworks -F/Users/harishvishwakarma/Library/Developer/Xcode/DerivedData/Revolt-dharrjsambcimaaziudpvzjdcigm/Build/Products/Debug/PackageFrameworks -F/Users/harishvishwakarma/Library/Developer/Xcode/DerivedData/Revolt-dharrjsambcimaaziudpvzjdcigm/Build/Products/Debug/PackageFrameworks -F/Users/harishvishwakarma/Library/Developer/Xcode/DerivedData/Revolt-dharrjsambcimaaziudpvzjdcigm/Build/Products/Debug/PackageFrameworks -F/Users/harishvishwakarma/Library/Developer/Xcode/DerivedData/Revolt-dharrjsambcimaaziudpvzjdcigm/Build/Products/Debug -iframework /Applications/Xcode.app/Contents/Developer/Platforms/MacOSX.platform/Developer/Library/Frameworks -filelist /Users/harishvishwakarma/Library/Developer/Xcode/DerivedData/Revolt-dharrjsambcimaaziudpvzjdcigm/Build/Intermediates.noindex/swift-syntax.build/Debug/SwiftSyntaxBuilder.build/Objects-normal/arm64/SwiftSyntaxBuilder.LinkFileList -nostdlib -Xlinker -object_path_lto -Xlinker /Users/harishvishwakarma/Library/Developer/Xcode/DerivedData/Revolt-dharrjsambcimaaziudpvzjdcigm/Build/Intermediates.noindex/swift-syntax.build/Debug/SwiftSyntaxBuilder.build/Objects-normal/arm64/SwiftSyntaxBuilder_lto.o -rdynamic -Xlinker -no_deduplicate -Xlinker -dependency_info -Xlinker /Users/harishvishwakarma/Library/Developer/Xcode/DerivedData/Revolt-dharrjsambcimaaziudpvzjdcigm/Build/Intermediates.noindex/swift-syntax.build/Debug/SwiftSyntaxBuilder.build/Objects-normal/arm64/SwiftSyntaxBuilder_dependency_info.dat -fobjc-link-runtime -L/Applications/Xcode.app/Contents/Developer/Toolchains/XcodeDefault.xctoolchain/usr/lib/swift/macosx -L/usr/lib/swift -Xlinker -add_ast_path -Xlinker /Users/harishvishwakarma/Library/Developer/Xcode/DerivedData/Revolt-dharrjsambcimaaziudpvzjdcigm/Build/Intermediates.noindex/swift-syntax.build/Debug/SwiftSyntaxBuilder.build/Objects-normal/arm64/SwiftSyntaxBuilder.swiftmodule -o /Users/harishvishwakarma/Library/Developer/Xcode/DerivedData/Revolt-dharrjsambcimaaziudpvzjdcigm/Build/Intermediates.noindex/swift-syntax.build/Debug/SwiftSyntaxBuilder.build/Objects-normal/arm64/Binary/SwiftSyntaxBuilder.o

SwiftDriverJobDiscovery normal x86_64 Compiling PluginMessages.swift (in target 'SwiftCompilerPluginMessageHandling' from project 'swift-syntax')

ExtractAppIntentsMetadata (in target 'NavigationTransitions' from project 'swiftui-navigation-transitions')
    cd /Users/harishvishwakarma/Library/Developer/Xcode/DerivedData/Revolt-dharrjsambcimaaziudpvzjdcigm/SourcePackages/checkouts/swiftui-navigation-transitions
    /Applications/Xcode.app/Contents/Developer/Toolchains/XcodeDefault.xctoolchain/usr/bin/appintentsmetadataprocessor --toolchain-dir /Applications/Xcode.app/Contents/Developer/Toolchains/XcodeDefault.xctoolchain --module-name NavigationTransitions --sdk-root /Applications/Xcode.app/Contents/Developer/Platforms/iPhoneOS.platform/Developer/SDKs/iPhoneOS18.5.sdk --xcode-version 16F6 --platform-family iOS --deployment-target 13.0 --bundle-identifier swiftui-navigation-transitions.NavigationTransitions --output /Users/harishvishwakarma/Library/Developer/Xcode/DerivedData/Revolt-dharrjsambcimaaziudpvzjdcigm/Build/Products/Debug-iphoneos/NavigationTransitions.appintents --target-triple arm64-apple-ios13.0 --binary-file /Users/harishvishwakarma/Library/Developer/Xcode/DerivedData/Revolt-dharrjsambcimaaziudpvzjdcigm/Build/Products/Debug-iphoneos/NavigationTransitions.o --dependency-file /Users/harishvishwakarma/Library/Developer/Xcode/DerivedData/Revolt-dharrjsambcimaaziudpvzjdcigm/Build/Intermediates.noindex/swiftui-navigation-transitions.build/Debug-iphoneos/NavigationTransitions.build/Objects-normal/arm64/NavigationTransitions_dependency_info.dat --stringsdata-file /Users/harishvishwakarma/Library/Developer/Xcode/DerivedData/Revolt-dharrjsambcimaaziudpvzjdcigm/Build/Intermediates.noindex/swiftui-navigation-transitions.build/Debug-iphoneos/NavigationTransitions.build/Objects-normal/arm64/ExtractedAppShortcutsMetadata.stringsdata --source-file-list /Users/harishvishwakarma/Library/Developer/Xcode/DerivedData/Revolt-dharrjsambcimaaziudpvzjdcigm/Build/Intermediates.noindex/swiftui-navigation-transitions.build/Debug-iphoneos/NavigationTransitions.build/Objects-normal/arm64/NavigationTransitions.SwiftFileList --metadata-file-list /Users/harishvishwakarma/Library/Developer/Xcode/DerivedData/Revolt-dharrjsambcimaaziudpvzjdcigm/Build/Intermediates.noindex/swiftui-navigation-transitions.build/Debug-iphoneos/NavigationTransitions.build/NavigationTransitions.DependencyMetadataFileList --static-metadata-file-list /Users/harishvishwakarma/Library/Developer/Xcode/DerivedData/Revolt-dharrjsambcimaaziudpvzjdcigm/Build/Intermediates.noindex/swiftui-navigation-transitions.build/Debug-iphoneos/NavigationTransitions.build/NavigationTransitions.DependencyStaticMetadataFileList --swift-const-vals-list /Users/harishvishwakarma/Library/Developer/Xcode/DerivedData/Revolt-dharrjsambcimaaziudpvzjdcigm/Build/Intermediates.noindex/swiftui-navigation-transitions.build/Debug-iphoneos/NavigationTransitions.build/Objects-normal/arm64/NavigationTransitions.SwiftConstValuesFileList --force --compile-time-extraction --deployment-aware-processing --validate-assistant-intents --no-app-shortcuts-localization
2026-01-08 18:38:51.382 appintentsmetadataprocessor[99934:1139637] Starting appintentsmetadataprocessor export
2026-01-08 18:38:51.451 appintentsmetadataprocessor[99934:1139637] Extracted no relevant App Intents symbols, skipping writing output

SwiftDriverJobDiscovery normal arm64 Compiling CompilerPluginMessageHandler.swift (in target 'SwiftCompilerPluginMessageHandling' from project 'swift-syntax')

SwiftDriverJobDiscovery normal x86_64 Compiling CompilerPluginMessageHandler.swift (in target 'SwiftCompilerPluginMessageHandling' from project 'swift-syntax')

CreateUniversalBinary /Users/harishvishwakarma/Library/Developer/Xcode/DerivedData/Revolt-dharrjsambcimaaziudpvzjdcigm/Build/Products/Debug/SwiftSyntaxBuilder.o normal arm64\ x86_64 (in target 'SwiftSyntaxBuilder' from project 'swift-syntax')
    cd /Users/harishvishwakarma/Library/Developer/Xcode/DerivedData/Revolt-dharrjsambcimaaziudpvzjdcigm/SourcePackages/checkouts/swift-syntax
    /Applications/Xcode.app/Contents/Developer/Toolchains/XcodeDefault.xctoolchain/usr/bin/lipo -create /Users/harishvishwakarma/Library/Developer/Xcode/DerivedData/Revolt-dharrjsambcimaaziudpvzjdcigm/Build/Intermediates.noindex/swift-syntax.build/Debug/SwiftSyntaxBuilder.build/Objects-normal/arm64/Binary/SwiftSyntaxBuilder.o /Users/harishvishwakarma/Library/Developer/Xcode/DerivedData/Revolt-dharrjsambcimaaziudpvzjdcigm/Build/Intermediates.noindex/swift-syntax.build/Debug/SwiftSyntaxBuilder.build/Objects-normal/x86_64/Binary/SwiftSyntaxBuilder.o -output /Users/harishvishwakarma/Library/Developer/Xcode/DerivedData/Revolt-dharrjsambcimaaziudpvzjdcigm/Build/Products/Debug/SwiftSyntaxBuilder.o

SwiftDriverJobDiscovery normal x86_64 Compiling Diagnostics.swift (in target 'SwiftCompilerPluginMessageHandling' from project 'swift-syntax')

SwiftDriver\ Compilation SwiftCompilerPluginMessageHandling normal x86_64 com.apple.xcode.tools.swift.compiler (in target 'SwiftCompilerPluginMessageHandling' from project 'swift-syntax')
    cd /Users/harishvishwakarma/Handy/Archem/pepchat-ios/Revolt.xcodeproj
    builtin-Swift-Compilation -- /Applications/Xcode.app/Contents/Developer/Toolchains/XcodeDefault.xctoolchain/usr/bin/swiftc -module-name SwiftCompilerPluginMessageHandling -Onone -enforce-exclusivity\=checked @/Users/harishvishwakarma/Library/Developer/Xcode/DerivedData/Revolt-dharrjsambcimaaziudpvzjdcigm/Build/Intermediates.noindex/swift-syntax.build/Debug/SwiftCompilerPluginMessageHandling.build/Objects-normal/x86_64/SwiftCompilerPluginMessageHandling.SwiftFileList -DSWIFT_PACKAGE -DDEBUG -DXcode -plugin-path /Applications/Xcode.app/Contents/Developer/Toolchains/XcodeDefault.xctoolchain/usr/lib/swift/host/plugins/testing -enable-experimental-feature DebugDescriptionMacro -sdk /Applications/Xcode.app/Contents/Developer/Platforms/MacOSX.platform/Developer/SDKs/MacOSX15.5.sdk -target x86_64-apple-macos10.15 -g -module-cache-path /Users/harishvishwakarma/Library/Developer/Xcode/DerivedData/ModuleCache.noindex -Xfrontend -serialize-debugging-options -enable-testing -suppress-warnings -index-store-path /Users/harishvishwakarma/Library/Developer/Xcode/DerivedData/Revolt-dharrjsambcimaaziudpvzjdcigm/Index.noindex/DataStore -swift-version 5 -I /Users/harishvishwakarma/Library/Developer/Xcode/DerivedData/Revolt-dharrjsambcimaaziudpvzjdcigm/Build/Products/Debug -I /Applications/Xcode.app/Contents/Developer/Platforms/MacOSX.platform/Developer/usr/lib -F /Users/harishvishwakarma/Library/Developer/Xcode/DerivedData/Revolt-dharrjsambcimaaziudpvzjdcigm/Build/Products/Debug/PackageFrameworks -F /Users/harishvishwakarma/Library/Developer/Xcode/DerivedData/Revolt-dharrjsambcimaaziudpvzjdcigm/Build/Products/Debug/PackageFrameworks -F /Users/harishvishwakarma/Library/Developer/Xcode/DerivedData/Revolt-dharrjsambcimaaziudpvzjdcigm/Build/Products/Debug/PackageFrameworks -F /Users/harishvishwakarma/Library/Developer/Xcode/DerivedData/Revolt-dharrjsambcimaaziudpvzjdcigm/Build/Products/Debug/PackageFrameworks -F /Users/harishvishwakarma/Library/Developer/Xcode/DerivedData/Revolt-dharrjsambcimaaziudpvzjdcigm/Build/Products/Debug/PackageFrameworks -F /Users/harishvishwakarma/Library/Developer/Xcode/DerivedData/Revolt-dharrjsambcimaaziudpvzjdcigm/Build/Products/Debug/PackageFrameworks -F /Users/harishvishwakarma/Library/Developer/Xcode/DerivedData/Revolt-dharrjsambcimaaziudpvzjdcigm/Build/Products/Debug/PackageFrameworks -F /Users/harishvishwakarma/Library/Developer/Xcode/DerivedData/Revolt-dharrjsambcimaaziudpvzjdcigm/Build/Products/Debug/PackageFrameworks -F /Users/harishvishwakarma/Library/Developer/Xcode/DerivedData/Revolt-dharrjsambcimaaziudpvzjdcigm/Build/Products/Debug/PackageFrameworks -F /Users/harishvishwakarma/Library/Developer/Xcode/DerivedData/Revolt-dharrjsambcimaaziudpvzjdcigm/Build/Products/Debug/PackageFrameworks -F /Users/harishvishwakarma/Library/Developer/Xcode/DerivedData/Revolt-dharrjsambcimaaziudpvzjdcigm/Build/Products/Debug -F /Applications/Xcode.app/Contents/Developer/Platforms/MacOSX.platform/Developer/Library/Frameworks -c -j12 -enable-batch-mode -incremental -Xcc -ivfsstatcache -Xcc /Users/harishvishwakarma/Library/Developer/Xcode/DerivedData/SDKStatCaches.noindex/macosx15.5-24F74-8254517eb8b97d462ccbc072ba9094c9.sdkstatcache -output-file-map /Users/harishvishwakarma/Library/Developer/Xcode/DerivedData/Revolt-dharrjsambcimaaziudpvzjdcigm/Build/Intermediates.noindex/swift-syntax.build/Debug/SwiftCompilerPluginMessageHandling.build/Objects-normal/x86_64/SwiftCompilerPluginMessageHandling-OutputFileMap.json -use-frontend-parseable-output -save-temps -no-color-diagnostics -serialize-diagnostics -emit-dependencies -emit-module -emit-module-path /Users/harishvishwakarma/Library/Developer/Xcode/DerivedData/Revolt-dharrjsambcimaaziudpvzjdcigm/Build/Intermediates.noindex/swift-syntax.build/Debug/SwiftCompilerPluginMessageHandling.build/Objects-normal/x86_64/SwiftCompilerPluginMessageHandling.swiftmodule -validate-clang-modules-once -clang-build-session-file /Users/harishvishwakarma/Library/Developer/Xcode/DerivedData/ModuleCache.noindex/Session.modulevalidation -Xcc -I/Users/harishvishwakarma/Library/Developer/Xcode/DerivedData/Revolt-dharrjsambcimaaziudpvzjdcigm/Build/Intermediates.noindex/swift-syntax.build/Debug/SwiftCompilerPluginMessageHandling.build/swift-overrides.hmap -emit-const-values -Xfrontend -const-gather-protocols-file -Xfrontend /Users/harishvishwakarma/Library/Developer/Xcode/DerivedData/Revolt-dharrjsambcimaaziudpvzjdcigm/Build/Intermediates.noindex/swift-syntax.build/Debug/SwiftCompilerPluginMessageHandling.build/Objects-normal/x86_64/SwiftCompilerPluginMessageHandling_const_extract_protocols.json -Xcc -I/Users/harishvishwakarma/Library/Developer/Xcode/DerivedData/Revolt-dharrjsambcimaaziudpvzjdcigm/Build/Products/Debug/include -Xcc -I/Users/harishvishwakarma/Library/Developer/Xcode/DerivedData/Revolt-dharrjsambcimaaziudpvzjdcigm/Build/Intermediates.noindex/swift-syntax.build/Debug/SwiftCompilerPluginMessageHandling.build/DerivedSources-normal/x86_64 -Xcc -I/Users/harishvishwakarma/Library/Developer/Xcode/DerivedData/Revolt-dharrjsambcimaaziudpvzjdcigm/Build/Intermediates.noindex/swift-syntax.build/Debug/SwiftCompilerPluginMessageHandling.build/DerivedSources/x86_64 -Xcc -I/Users/harishvishwakarma/Library/Developer/Xcode/DerivedData/Revolt-dharrjsambcimaaziudpvzjdcigm/Build/Intermediates.noindex/swift-syntax.build/Debug/SwiftCompilerPluginMessageHandling.build/DerivedSources -Xcc -DSWIFT_PACKAGE -Xcc -DDEBUG\=1 -emit-objc-header -emit-objc-header-path /Users/harishvishwakarma/Library/Developer/Xcode/DerivedData/Revolt-dharrjsambcimaaziudpvzjdcigm/Build/Intermediates.noindex/swift-syntax.build/Debug/SwiftCompilerPluginMessageHandling.build/Objects-normal/x86_64/SwiftCompilerPluginMessageHandling-Swift.h -working-directory /Users/harishvishwakarma/Handy/Archem/pepchat-ios/Revolt.xcodeproj -experimental-emit-module-separately -disable-cmo

SwiftDriverJobDiscovery normal x86_64 Emitting module for SwiftCompilerPlugin (in target 'SwiftCompilerPlugin' from project 'swift-syntax')

SwiftDriver\ Compilation\ Requirements SwiftCompilerPlugin normal x86_64 com.apple.xcode.tools.swift.compiler (in target 'SwiftCompilerPlugin' from project 'swift-syntax')
    cd /Users/harishvishwakarma/Handy/Archem/pepchat-ios/Revolt.xcodeproj
    builtin-Swift-Compilation-Requirements -- /Applications/Xcode.app/Contents/Developer/Toolchains/XcodeDefault.xctoolchain/usr/bin/swiftc -module-name SwiftCompilerPlugin -Onone -enforce-exclusivity\=checked @/Users/harishvishwakarma/Library/Developer/Xcode/DerivedData/Revolt-dharrjsambcimaaziudpvzjdcigm/Build/Intermediates.noindex/swift-syntax.build/Debug/SwiftCompilerPlugin.build/Objects-normal/x86_64/SwiftCompilerPlugin.SwiftFileList -DSWIFT_PACKAGE -DDEBUG -DXcode -plugin-path /Applications/Xcode.app/Contents/Developer/Toolchains/XcodeDefault.xctoolchain/usr/lib/swift/host/plugins/testing -enable-experimental-feature DebugDescriptionMacro -sdk /Applications/Xcode.app/Contents/Developer/Platforms/MacOSX.platform/Developer/SDKs/MacOSX15.5.sdk -target x86_64-apple-macos10.15 -g -module-cache-path /Users/harishvishwakarma/Library/Developer/Xcode/DerivedData/ModuleCache.noindex -Xfrontend -serialize-debugging-options -enable-testing -suppress-warnings -index-store-path /Users/harishvishwakarma/Library/Developer/Xcode/DerivedData/Revolt-dharrjsambcimaaziudpvzjdcigm/Index.noindex/DataStore -swift-version 5 -I /Users/harishvishwakarma/Library/Developer/Xcode/DerivedData/Revolt-dharrjsambcimaaziudpvzjdcigm/Build/Products/Debug -I /Applications/Xcode.app/Contents/Developer/Platforms/MacOSX.platform/Developer/usr/lib -F /Users/harishvishwakarma/Library/Developer/Xcode/DerivedData/Revolt-dharrjsambcimaaziudpvzjdcigm/Build/Products/Debug/PackageFrameworks -F /Users/harishvishwakarma/Library/Developer/Xcode/DerivedData/Revolt-dharrjsambcimaaziudpvzjdcigm/Build/Products/Debug/PackageFrameworks -F /Users/harishvishwakarma/Library/Developer/Xcode/DerivedData/Revolt-dharrjsambcimaaziudpvzjdcigm/Build/Products/Debug/PackageFrameworks -F /Users/harishvishwakarma/Library/Developer/Xcode/DerivedData/Revolt-dharrjsambcimaaziudpvzjdcigm/Build/Products/Debug/PackageFrameworks -F /Users/harishvishwakarma/Library/Developer/Xcode/DerivedData/Revolt-dharrjsambcimaaziudpvzjdcigm/Build/Products/Debug/PackageFrameworks -F /Users/harishvishwakarma/Library/Developer/Xcode/DerivedData/Revolt-dharrjsambcimaaziudpvzjdcigm/Build/Products/Debug/PackageFrameworks -F /Users/harishvishwakarma/Library/Developer/Xcode/DerivedData/Revolt-dharrjsambcimaaziudpvzjdcigm/Build/Products/Debug/PackageFrameworks -F /Users/harishvishwakarma/Library/Developer/Xcode/DerivedData/Revolt-dharrjsambcimaaziudpvzjdcigm/Build/Products/Debug/PackageFrameworks -F /Users/harishvishwakarma/Library/Developer/Xcode/DerivedData/Revolt-dharrjsambcimaaziudpvzjdcigm/Build/Products/Debug/PackageFrameworks -F /Users/harishvishwakarma/Library/Developer/Xcode/DerivedData/Revolt-dharrjsambcimaaziudpvzjdcigm/Build/Products/Debug/PackageFrameworks -F /Users/harishvishwakarma/Library/Developer/Xcode/DerivedData/Revolt-dharrjsambcimaaziudpvzjdcigm/Build/Products/Debug/PackageFrameworks -F /Users/harishvishwakarma/Library/Developer/Xcode/DerivedData/Revolt-dharrjsambcimaaziudpvzjdcigm/Build/Products/Debug -F /Applications/Xcode.app/Contents/Developer/Platforms/MacOSX.platform/Developer/Library/Frameworks -parse-as-library -c -j12 -enable-batch-mode -incremental -Xcc -ivfsstatcache -Xcc /Users/harishvishwakarma/Library/Developer/Xcode/DerivedData/SDKStatCaches.noindex/macosx15.5-24F74-8254517eb8b97d462ccbc072ba9094c9.sdkstatcache -output-file-map /Users/harishvishwakarma/Library/Developer/Xcode/DerivedData/Revolt-dharrjsambcimaaziudpvzjdcigm/Build/Intermediates.noindex/swift-syntax.build/Debug/SwiftCompilerPlugin.build/Objects-normal/x86_64/SwiftCompilerPlugin-OutputFileMap.json -use-frontend-parseable-output -save-temps -no-color-diagnostics -serialize-diagnostics -emit-dependencies -emit-module -emit-module-path /Users/harishvishwakarma/Library/Developer/Xcode/DerivedData/Revolt-dharrjsambcimaaziudpvzjdcigm/Build/Intermediates.noindex/swift-syntax.build/Debug/SwiftCompilerPlugin.build/Objects-normal/x86_64/SwiftCompilerPlugin.swiftmodule -validate-clang-modules-once -clang-build-session-file /Users/harishvishwakarma/Library/Developer/Xcode/DerivedData/ModuleCache.noindex/Session.modulevalidation -Xcc -I/Users/harishvishwakarma/Library/Developer/Xcode/DerivedData/Revolt-dharrjsambcimaaziudpvzjdcigm/Build/Intermediates.noindex/swift-syntax.build/Debug/SwiftCompilerPlugin.build/swift-overrides.hmap -emit-const-values -Xfrontend -const-gather-protocols-file -Xfrontend /Users/harishvishwakarma/Library/Developer/Xcode/DerivedData/Revolt-dharrjsambcimaaziudpvzjdcigm/Build/Intermediates.noindex/swift-syntax.build/Debug/SwiftCompilerPlugin.build/Objects-normal/x86_64/SwiftCompilerPlugin_const_extract_protocols.json -Xcc -I/Users/harishvishwakarma/Library/Developer/Xcode/DerivedData/Revolt-dharrjsambcimaaziudpvzjdcigm/Build/Products/Debug/include -Xcc -I/Users/harishvishwakarma/Library/Developer/Xcode/DerivedData/Revolt-dharrjsambcimaaziudpvzjdcigm/Build/Intermediates.noindex/swift-syntax.build/Debug/SwiftCompilerPlugin.build/DerivedSources-normal/x86_64 -Xcc -I/Users/harishvishwakarma/Library/Developer/Xcode/DerivedData/Revolt-dharrjsambcimaaziudpvzjdcigm/Build/Intermediates.noindex/swift-syntax.build/Debug/SwiftCompilerPlugin.build/DerivedSources/x86_64 -Xcc -I/Users/harishvishwakarma/Library/Developer/Xcode/DerivedData/Revolt-dharrjsambcimaaziudpvzjdcigm/Build/Intermediates.noindex/swift-syntax.build/Debug/SwiftCompilerPlugin.build/DerivedSources -Xcc -DSWIFT_PACKAGE -Xcc -DDEBUG\=1 -emit-objc-header -emit-objc-header-path /Users/harishvishwakarma/Library/Developer/Xcode/DerivedData/Revolt-dharrjsambcimaaziudpvzjdcigm/Build/Intermediates.noindex/swift-syntax.build/Debug/SwiftCompilerPlugin.build/Objects-normal/x86_64/SwiftCompilerPlugin-Swift.h -working-directory /Users/harishvishwakarma/Handy/Archem/pepchat-ios/Revolt.xcodeproj -experimental-emit-module-separately -disable-cmo

Copy /Users/harishvishwakarma/Library/Developer/Xcode/DerivedData/Revolt-dharrjsambcimaaziudpvzjdcigm/Build/Products/Debug/SwiftCompilerPlugin.swiftmodule/x86_64-apple-macos.swiftdoc /Users/harishvishwakarma/Library/Developer/Xcode/DerivedData/Revolt-dharrjsambcimaaziudpvzjdcigm/Build/Intermediates.noindex/swift-syntax.build/Debug/SwiftCompilerPlugin.build/Objects-normal/x86_64/SwiftCompilerPlugin.swiftdoc (in target 'SwiftCompilerPlugin' from project 'swift-syntax')
    cd /Users/harishvishwakarma/Library/Developer/Xcode/DerivedData/Revolt-dharrjsambcimaaziudpvzjdcigm/SourcePackages/checkouts/swift-syntax
    builtin-copy -exclude .DS_Store -exclude CVS -exclude .svn -exclude .git -exclude .hg -resolve-src-symlinks -rename /Users/harishvishwakarma/Library/Developer/Xcode/DerivedData/Revolt-dharrjsambcimaaziudpvzjdcigm/Build/Intermediates.noindex/swift-syntax.build/Debug/SwiftCompilerPlugin.build/Objects-normal/x86_64/SwiftCompilerPlugin.swiftdoc /Users/harishvishwakarma/Library/Developer/Xcode/DerivedData/Revolt-dharrjsambcimaaziudpvzjdcigm/Build/Products/Debug/SwiftCompilerPlugin.swiftmodule/x86_64-apple-macos.swiftdoc

Copy /Users/harishvishwakarma/Library/Developer/Xcode/DerivedData/Revolt-dharrjsambcimaaziudpvzjdcigm/Build/Products/Debug/SwiftCompilerPlugin.swiftmodule/x86_64-apple-macos.abi.json /Users/harishvishwakarma/Library/Developer/Xcode/DerivedData/Revolt-dharrjsambcimaaziudpvzjdcigm/Build/Intermediates.noindex/swift-syntax.build/Debug/SwiftCompilerPlugin.build/Objects-normal/x86_64/SwiftCompilerPlugin.abi.json (in target 'SwiftCompilerPlugin' from project 'swift-syntax')
    cd /Users/harishvishwakarma/Library/Developer/Xcode/DerivedData/Revolt-dharrjsambcimaaziudpvzjdcigm/SourcePackages/checkouts/swift-syntax
    builtin-copy -exclude .DS_Store -exclude CVS -exclude .svn -exclude .git -exclude .hg -resolve-src-symlinks -rename /Users/harishvishwakarma/Library/Developer/Xcode/DerivedData/Revolt-dharrjsambcimaaziudpvzjdcigm/Build/Intermediates.noindex/swift-syntax.build/Debug/SwiftCompilerPlugin.build/Objects-normal/x86_64/SwiftCompilerPlugin.abi.json /Users/harishvishwakarma/Library/Developer/Xcode/DerivedData/Revolt-dharrjsambcimaaziudpvzjdcigm/Build/Products/Debug/SwiftCompilerPlugin.swiftmodule/x86_64-apple-macos.abi.json

Copy /Users/harishvishwakarma/Library/Developer/Xcode/DerivedData/Revolt-dharrjsambcimaaziudpvzjdcigm/Build/Products/Debug/SwiftCompilerPlugin.swiftmodule/x86_64-apple-macos.swiftmodule /Users/harishvishwakarma/Library/Developer/Xcode/DerivedData/Revolt-dharrjsambcimaaziudpvzjdcigm/Build/Intermediates.noindex/swift-syntax.build/Debug/SwiftCompilerPlugin.build/Objects-normal/x86_64/SwiftCompilerPlugin.swiftmodule (in target 'SwiftCompilerPlugin' from project 'swift-syntax')
    cd /Users/harishvishwakarma/Library/Developer/Xcode/DerivedData/Revolt-dharrjsambcimaaziudpvzjdcigm/SourcePackages/checkouts/swift-syntax
    builtin-copy -exclude .DS_Store -exclude CVS -exclude .svn -exclude .git -exclude .hg -resolve-src-symlinks -rename /Users/harishvishwakarma/Library/Developer/Xcode/DerivedData/Revolt-dharrjsambcimaaziudpvzjdcigm/Build/Intermediates.noindex/swift-syntax.build/Debug/SwiftCompilerPlugin.build/Objects-normal/x86_64/SwiftCompilerPlugin.swiftmodule /Users/harishvishwakarma/Library/Developer/Xcode/DerivedData/Revolt-dharrjsambcimaaziudpvzjdcigm/Build/Products/Debug/SwiftCompilerPlugin.swiftmodule/x86_64-apple-macos.swiftmodule

Copy /Users/harishvishwakarma/Library/Developer/Xcode/DerivedData/Revolt-dharrjsambcimaaziudpvzjdcigm/Build/Products/Debug/SwiftCompilerPlugin.swiftmodule/Project/x86_64-apple-macos.swiftsourceinfo /Users/harishvishwakarma/Library/Developer/Xcode/DerivedData/Revolt-dharrjsambcimaaziudpvzjdcigm/Build/Intermediates.noindex/swift-syntax.build/Debug/SwiftCompilerPlugin.build/Objects-normal/x86_64/SwiftCompilerPlugin.swiftsourceinfo (in target 'SwiftCompilerPlugin' from project 'swift-syntax')
    cd /Users/harishvishwakarma/Library/Developer/Xcode/DerivedData/Revolt-dharrjsambcimaaziudpvzjdcigm/SourcePackages/checkouts/swift-syntax
    builtin-copy -exclude .DS_Store -exclude CVS -exclude .svn -exclude .git -exclude .hg -resolve-src-symlinks -rename /Users/harishvishwakarma/Library/Developer/Xcode/DerivedData/Revolt-dharrjsambcimaaziudpvzjdcigm/Build/Intermediates.noindex/swift-syntax.build/Debug/SwiftCompilerPlugin.build/Objects-normal/x86_64/SwiftCompilerPlugin.swiftsourceinfo /Users/harishvishwakarma/Library/Developer/Xcode/DerivedData/Revolt-dharrjsambcimaaziudpvzjdcigm/Build/Products/Debug/SwiftCompilerPlugin.swiftmodule/Project/x86_64-apple-macos.swiftsourceinfo

ExtractAppIntentsMetadata (in target 'SwiftSyntaxBuilder' from project 'swift-syntax')
    cd /Users/harishvishwakarma/Library/Developer/Xcode/DerivedData/Revolt-dharrjsambcimaaziudpvzjdcigm/SourcePackages/checkouts/swift-syntax
    /Applications/Xcode.app/Contents/Developer/Toolchains/XcodeDefault.xctoolchain/usr/bin/appintentsmetadataprocessor --toolchain-dir /Applications/Xcode.app/Contents/Developer/Toolchains/XcodeDefault.xctoolchain --module-name SwiftSyntaxBuilder --sdk-root /Applications/Xcode.app/Contents/Developer/Platforms/MacOSX.platform/Developer/SDKs/MacOSX15.5.sdk --xcode-version 16F6 --platform-family macOS --deployment-target 10.15 --bundle-identifier swift-syntax.SwiftSyntaxBuilder --output /Users/harishvishwakarma/Library/Developer/Xcode/DerivedData/Revolt-dharrjsambcimaaziudpvzjdcigm/Build/Products/Debug/SwiftSyntaxBuilder.appintents --target-triple arm64-apple-macos10.15 --target-triple x86_64-apple-macos10.15 --binary-file /Users/harishvishwakarma/Library/Developer/Xcode/DerivedData/Revolt-dharrjsambcimaaziudpvzjdcigm/Build/Products/Debug/SwiftSyntaxBuilder.o --dependency-file /Users/harishvishwakarma/Library/Developer/Xcode/DerivedData/Revolt-dharrjsambcimaaziudpvzjdcigm/Build/Intermediates.noindex/swift-syntax.build/Debug/SwiftSyntaxBuilder.build/Objects-normal/arm64/SwiftSyntaxBuilder_dependency_info.dat --dependency-file /Users/harishvishwakarma/Library/Developer/Xcode/DerivedData/Revolt-dharrjsambcimaaziudpvzjdcigm/Build/Intermediates.noindex/swift-syntax.build/Debug/SwiftSyntaxBuilder.build/Objects-normal/x86_64/SwiftSyntaxBuilder_dependency_info.dat --stringsdata-file /Users/harishvishwakarma/Library/Developer/Xcode/DerivedData/Revolt-dharrjsambcimaaziudpvzjdcigm/Build/Intermediates.noindex/swift-syntax.build/Debug/SwiftSyntaxBuilder.build/Objects-normal/arm64/ExtractedAppShortcutsMetadata.stringsdata --stringsdata-file /Users/harishvishwakarma/Library/Developer/Xcode/DerivedData/Revolt-dharrjsambcimaaziudpvzjdcigm/Build/Intermediates.noindex/swift-syntax.build/Debug/SwiftSyntaxBuilder.build/Objects-normal/x86_64/ExtractedAppShortcutsMetadata.stringsdata --source-file-list /Users/harishvishwakarma/Library/Developer/Xcode/DerivedData/Revolt-dharrjsambcimaaziudpvzjdcigm/Build/Intermediates.noindex/swift-syntax.build/Debug/SwiftSyntaxBuilder.build/Objects-normal/arm64/SwiftSyntaxBuilder.SwiftFileList --source-file-list /Users/harishvishwakarma/Library/Developer/Xcode/DerivedData/Revolt-dharrjsambcimaaziudpvzjdcigm/Build/Intermediates.noindex/swift-syntax.build/Debug/SwiftSyntaxBuilder.build/Objects-normal/x86_64/SwiftSyntaxBuilder.SwiftFileList --metadata-file-list /Users/harishvishwakarma/Library/Developer/Xcode/DerivedData/Revolt-dharrjsambcimaaziudpvzjdcigm/Build/Intermediates.noindex/swift-syntax.build/Debug/SwiftSyntaxBuilder.build/SwiftSyntaxBuilder.DependencyMetadataFileList --static-metadata-file-list /Users/harishvishwakarma/Library/Developer/Xcode/DerivedData/Revolt-dharrjsambcimaaziudpvzjdcigm/Build/Intermediates.noindex/swift-syntax.build/Debug/SwiftSyntaxBuilder.build/SwiftSyntaxBuilder.DependencyStaticMetadataFileList --swift-const-vals-list /Users/harishvishwakarma/Library/Developer/Xcode/DerivedData/Revolt-dharrjsambcimaaziudpvzjdcigm/Build/Intermediates.noindex/swift-syntax.build/Debug/SwiftSyntaxBuilder.build/Objects-normal/arm64/SwiftSyntaxBuilder.SwiftConstValuesFileList --swift-const-vals-list /Users/harishvishwakarma/Library/Developer/Xcode/DerivedData/Revolt-dharrjsambcimaaziudpvzjdcigm/Build/Intermediates.noindex/swift-syntax.build/Debug/SwiftSyntaxBuilder.build/Objects-normal/x86_64/SwiftSyntaxBuilder.SwiftConstValuesFileList --force --compile-time-extraction --deployment-aware-processing --validate-assistant-intents --no-app-shortcuts-localization
2026-01-08 18:38:51.488 appintentsmetadataprocessor[99937:1139665] Starting appintentsmetadataprocessor export
2026-01-08 18:38:51.542 appintentsmetadataprocessor[99937:1139665] Extracted no relevant App Intents symbols, skipping writing output

SwiftDriverJobDiscovery normal arm64 Emitting module for SwiftCompilerPlugin (in target 'SwiftCompilerPlugin' from project 'swift-syntax')

SwiftDriver\ Compilation\ Requirements SwiftCompilerPlugin normal arm64 com.apple.xcode.tools.swift.compiler (in target 'SwiftCompilerPlugin' from project 'swift-syntax')
    cd /Users/harishvishwakarma/Handy/Archem/pepchat-ios/Revolt.xcodeproj
    builtin-Swift-Compilation-Requirements -- /Applications/Xcode.app/Contents/Developer/Toolchains/XcodeDefault.xctoolchain/usr/bin/swiftc -module-name SwiftCompilerPlugin -Onone -enforce-exclusivity\=checked @/Users/harishvishwakarma/Library/Developer/Xcode/DerivedData/Revolt-dharrjsambcimaaziudpvzjdcigm/Build/Intermediates.noindex/swift-syntax.build/Debug/SwiftCompilerPlugin.build/Objects-normal/arm64/SwiftCompilerPlugin.SwiftFileList -DSWIFT_PACKAGE -DDEBUG -DXcode -plugin-path /Applications/Xcode.app/Contents/Developer/Toolchains/XcodeDefault.xctoolchain/usr/lib/swift/host/plugins/testing -enable-experimental-feature DebugDescriptionMacro -sdk /Applications/Xcode.app/Contents/Developer/Platforms/MacOSX.platform/Developer/SDKs/MacOSX15.5.sdk -target arm64-apple-macos10.15 -g -module-cache-path /Users/harishvishwakarma/Library/Developer/Xcode/DerivedData/ModuleCache.noindex -Xfrontend -serialize-debugging-options -enable-testing -suppress-warnings -index-store-path /Users/harishvishwakarma/Library/Developer/Xcode/DerivedData/Revolt-dharrjsambcimaaziudpvzjdcigm/Index.noindex/DataStore -swift-version 5 -I /Users/harishvishwakarma/Library/Developer/Xcode/DerivedData/Revolt-dharrjsambcimaaziudpvzjdcigm/Build/Products/Debug -I /Applications/Xcode.app/Contents/Developer/Platforms/MacOSX.platform/Developer/usr/lib -F /Users/harishvishwakarma/Library/Developer/Xcode/DerivedData/Revolt-dharrjsambcimaaziudpvzjdcigm/Build/Products/Debug/PackageFrameworks -F /Users/harishvishwakarma/Library/Developer/Xcode/DerivedData/Revolt-dharrjsambcimaaziudpvzjdcigm/Build/Products/Debug/PackageFrameworks -F /Users/harishvishwakarma/Library/Developer/Xcode/DerivedData/Revolt-dharrjsambcimaaziudpvzjdcigm/Build/Products/Debug/PackageFrameworks -F /Users/harishvishwakarma/Library/Developer/Xcode/DerivedData/Revolt-dharrjsambcimaaziudpvzjdcigm/Build/Products/Debug/PackageFrameworks -F /Users/harishvishwakarma/Library/Developer/Xcode/DerivedData/Revolt-dharrjsambcimaaziudpvzjdcigm/Build/Products/Debug/PackageFrameworks -F /Users/harishvishwakarma/Library/Developer/Xcode/DerivedData/Revolt-dharrjsambcimaaziudpvzjdcigm/Build/Products/Debug/PackageFrameworks -F /Users/harishvishwakarma/Library/Developer/Xcode/DerivedData/Revolt-dharrjsambcimaaziudpvzjdcigm/Build/Products/Debug/PackageFrameworks -F /Users/harishvishwakarma/Library/Developer/Xcode/DerivedData/Revolt-dharrjsambcimaaziudpvzjdcigm/Build/Products/Debug/PackageFrameworks -F /Users/harishvishwakarma/Library/Developer/Xcode/DerivedData/Revolt-dharrjsambcimaaziudpvzjdcigm/Build/Products/Debug/PackageFrameworks -F /Users/harishvishwakarma/Library/Developer/Xcode/DerivedData/Revolt-dharrjsambcimaaziudpvzjdcigm/Build/Products/Debug/PackageFrameworks -F /Users/harishvishwakarma/Library/Developer/Xcode/DerivedData/Revolt-dharrjsambcimaaziudpvzjdcigm/Build/Products/Debug/PackageFrameworks -F /Users/harishvishwakarma/Library/Developer/Xcode/DerivedData/Revolt-dharrjsambcimaaziudpvzjdcigm/Build/Products/Debug -F /Applications/Xcode.app/Contents/Developer/Platforms/MacOSX.platform/Developer/Library/Frameworks -parse-as-library -c -j12 -enable-batch-mode -incremental -Xcc -ivfsstatcache -Xcc /Users/harishvishwakarma/Library/Developer/Xcode/DerivedData/SDKStatCaches.noindex/macosx15.5-24F74-8254517eb8b97d462ccbc072ba9094c9.sdkstatcache -output-file-map /Users/harishvishwakarma/Library/Developer/Xcode/DerivedData/Revolt-dharrjsambcimaaziudpvzjdcigm/Build/Intermediates.noindex/swift-syntax.build/Debug/SwiftCompilerPlugin.build/Objects-normal/arm64/SwiftCompilerPlugin-OutputFileMap.json -use-frontend-parseable-output -save-temps -no-color-diagnostics -serialize-diagnostics -emit-dependencies -emit-module -emit-module-path /Users/harishvishwakarma/Library/Developer/Xcode/DerivedData/Revolt-dharrjsambcimaaziudpvzjdcigm/Build/Intermediates.noindex/swift-syntax.build/Debug/SwiftCompilerPlugin.build/Objects-normal/arm64/SwiftCompilerPlugin.swiftmodule -validate-clang-modules-once -clang-build-session-file /Users/harishvishwakarma/Library/Developer/Xcode/DerivedData/ModuleCache.noindex/Session.modulevalidation -Xcc -I/Users/harishvishwakarma/Library/Developer/Xcode/DerivedData/Revolt-dharrjsambcimaaziudpvzjdcigm/Build/Intermediates.noindex/swift-syntax.build/Debug/SwiftCompilerPlugin.build/swift-overrides.hmap -emit-const-values -Xfrontend -const-gather-protocols-file -Xfrontend /Users/harishvishwakarma/Library/Developer/Xcode/DerivedData/Revolt-dharrjsambcimaaziudpvzjdcigm/Build/Intermediates.noindex/swift-syntax.build/Debug/SwiftCompilerPlugin.build/Objects-normal/arm64/SwiftCompilerPlugin_const_extract_protocols.json -Xcc -I/Users/harishvishwakarma/Library/Developer/Xcode/DerivedData/Revolt-dharrjsambcimaaziudpvzjdcigm/Build/Products/Debug/include -Xcc -I/Users/harishvishwakarma/Library/Developer/Xcode/DerivedData/Revolt-dharrjsambcimaaziudpvzjdcigm/Build/Intermediates.noindex/swift-syntax.build/Debug/SwiftCompilerPlugin.build/DerivedSources-normal/arm64 -Xcc -I/Users/harishvishwakarma/Library/Developer/Xcode/DerivedData/Revolt-dharrjsambcimaaziudpvzjdcigm/Build/Intermediates.noindex/swift-syntax.build/Debug/SwiftCompilerPlugin.build/DerivedSources/arm64 -Xcc -I/Users/harishvishwakarma/Library/Developer/Xcode/DerivedData/Revolt-dharrjsambcimaaziudpvzjdcigm/Build/Intermediates.noindex/swift-syntax.build/Debug/SwiftCompilerPlugin.build/DerivedSources -Xcc -DSWIFT_PACKAGE -Xcc -DDEBUG\=1 -emit-objc-header -emit-objc-header-path /Users/harishvishwakarma/Library/Developer/Xcode/DerivedData/Revolt-dharrjsambcimaaziudpvzjdcigm/Build/Intermediates.noindex/swift-syntax.build/Debug/SwiftCompilerPlugin.build/Objects-normal/arm64/SwiftCompilerPlugin-Swift.h -working-directory /Users/harishvishwakarma/Handy/Archem/pepchat-ios/Revolt.xcodeproj -experimental-emit-module-separately -disable-cmo

SwiftMergeGeneratedHeaders /Users/harishvishwakarma/Library/Developer/Xcode/DerivedData/Revolt-dharrjsambcimaaziudpvzjdcigm/Build/Intermediates.noindex/GeneratedModuleMaps/SwiftCompilerPlugin-Swift.h /Users/harishvishwakarma/Library/Developer/Xcode/DerivedData/Revolt-dharrjsambcimaaziudpvzjdcigm/Build/Intermediates.noindex/swift-syntax.build/Debug/SwiftCompilerPlugin.build/Objects-normal/arm64/SwiftCompilerPlugin-Swift.h /Users/harishvishwakarma/Library/Developer/Xcode/DerivedData/Revolt-dharrjsambcimaaziudpvzjdcigm/Build/Intermediates.noindex/swift-syntax.build/Debug/SwiftCompilerPlugin.build/Objects-normal/x86_64/SwiftCompilerPlugin-Swift.h (in target 'SwiftCompilerPlugin' from project 'swift-syntax')
    cd /Users/harishvishwakarma/Library/Developer/Xcode/DerivedData/Revolt-dharrjsambcimaaziudpvzjdcigm/SourcePackages/checkouts/swift-syntax
    builtin-swiftHeaderTool -arch arm64 /Users/harishvishwakarma/Library/Developer/Xcode/DerivedData/Revolt-dharrjsambcimaaziudpvzjdcigm/Build/Intermediates.noindex/swift-syntax.build/Debug/SwiftCompilerPlugin.build/Objects-normal/arm64/SwiftCompilerPlugin-Swift.h -arch x86_64 /Users/harishvishwakarma/Library/Developer/Xcode/DerivedData/Revolt-dharrjsambcimaaziudpvzjdcigm/Build/Intermediates.noindex/swift-syntax.build/Debug/SwiftCompilerPlugin.build/Objects-normal/x86_64/SwiftCompilerPlugin-Swift.h -o /Users/harishvishwakarma/Library/Developer/Xcode/DerivedData/Revolt-dharrjsambcimaaziudpvzjdcigm/Build/Intermediates.noindex/GeneratedModuleMaps/SwiftCompilerPlugin-Swift.h

Copy /Users/harishvishwakarma/Library/Developer/Xcode/DerivedData/Revolt-dharrjsambcimaaziudpvzjdcigm/Build/Products/Debug/SwiftCompilerPlugin.swiftmodule/arm64-apple-macos.swiftmodule /Users/harishvishwakarma/Library/Developer/Xcode/DerivedData/Revolt-dharrjsambcimaaziudpvzjdcigm/Build/Intermediates.noindex/swift-syntax.build/Debug/SwiftCompilerPlugin.build/Objects-normal/arm64/SwiftCompilerPlugin.swiftmodule (in target 'SwiftCompilerPlugin' from project 'swift-syntax')
    cd /Users/harishvishwakarma/Library/Developer/Xcode/DerivedData/Revolt-dharrjsambcimaaziudpvzjdcigm/SourcePackages/checkouts/swift-syntax
    builtin-copy -exclude .DS_Store -exclude CVS -exclude .svn -exclude .git -exclude .hg -resolve-src-symlinks -rename /Users/harishvishwakarma/Library/Developer/Xcode/DerivedData/Revolt-dharrjsambcimaaziudpvzjdcigm/Build/Intermediates.noindex/swift-syntax.build/Debug/SwiftCompilerPlugin.build/Objects-normal/arm64/SwiftCompilerPlugin.swiftmodule /Users/harishvishwakarma/Library/Developer/Xcode/DerivedData/Revolt-dharrjsambcimaaziudpvzjdcigm/Build/Products/Debug/SwiftCompilerPlugin.swiftmodule/arm64-apple-macos.swiftmodule

Copy /Users/harishvishwakarma/Library/Developer/Xcode/DerivedData/Revolt-dharrjsambcimaaziudpvzjdcigm/Build/Products/Debug/SwiftCompilerPlugin.swiftmodule/Project/arm64-apple-macos.swiftsourceinfo /Users/harishvishwakarma/Library/Developer/Xcode/DerivedData/Revolt-dharrjsambcimaaziudpvzjdcigm/Build/Intermediates.noindex/swift-syntax.build/Debug/SwiftCompilerPlugin.build/Objects-normal/arm64/SwiftCompilerPlugin.swiftsourceinfo (in target 'SwiftCompilerPlugin' from project 'swift-syntax')
    cd /Users/harishvishwakarma/Library/Developer/Xcode/DerivedData/Revolt-dharrjsambcimaaziudpvzjdcigm/SourcePackages/checkouts/swift-syntax
    builtin-copy -exclude .DS_Store -exclude CVS -exclude .svn -exclude .git -exclude .hg -resolve-src-symlinks -rename /Users/harishvishwakarma/Library/Developer/Xcode/DerivedData/Revolt-dharrjsambcimaaziudpvzjdcigm/Build/Intermediates.noindex/swift-syntax.build/Debug/SwiftCompilerPlugin.build/Objects-normal/arm64/SwiftCompilerPlugin.swiftsourceinfo /Users/harishvishwakarma/Library/Developer/Xcode/DerivedData/Revolt-dharrjsambcimaaziudpvzjdcigm/Build/Products/Debug/SwiftCompilerPlugin.swiftmodule/Project/arm64-apple-macos.swiftsourceinfo

Copy /Users/harishvishwakarma/Library/Developer/Xcode/DerivedData/Revolt-dharrjsambcimaaziudpvzjdcigm/Build/Products/Debug/SwiftCompilerPlugin.swiftmodule/arm64-apple-macos.abi.json /Users/harishvishwakarma/Library/Developer/Xcode/DerivedData/Revolt-dharrjsambcimaaziudpvzjdcigm/Build/Intermediates.noindex/swift-syntax.build/Debug/SwiftCompilerPlugin.build/Objects-normal/arm64/SwiftCompilerPlugin.abi.json (in target 'SwiftCompilerPlugin' from project 'swift-syntax')
    cd /Users/harishvishwakarma/Library/Developer/Xcode/DerivedData/Revolt-dharrjsambcimaaziudpvzjdcigm/SourcePackages/checkouts/swift-syntax
    builtin-copy -exclude .DS_Store -exclude CVS -exclude .svn -exclude .git -exclude .hg -resolve-src-symlinks -rename /Users/harishvishwakarma/Library/Developer/Xcode/DerivedData/Revolt-dharrjsambcimaaziudpvzjdcigm/Build/Intermediates.noindex/swift-syntax.build/Debug/SwiftCompilerPlugin.build/Objects-normal/arm64/SwiftCompilerPlugin.abi.json /Users/harishvishwakarma/Library/Developer/Xcode/DerivedData/Revolt-dharrjsambcimaaziudpvzjdcigm/Build/Products/Debug/SwiftCompilerPlugin.swiftmodule/arm64-apple-macos.abi.json

Copy /Users/harishvishwakarma/Library/Developer/Xcode/DerivedData/Revolt-dharrjsambcimaaziudpvzjdcigm/Build/Products/Debug/SwiftCompilerPlugin.swiftmodule/arm64-apple-macos.swiftdoc /Users/harishvishwakarma/Library/Developer/Xcode/DerivedData/Revolt-dharrjsambcimaaziudpvzjdcigm/Build/Intermediates.noindex/swift-syntax.build/Debug/SwiftCompilerPlugin.build/Objects-normal/arm64/SwiftCompilerPlugin.swiftdoc (in target 'SwiftCompilerPlugin' from project 'swift-syntax')
    cd /Users/harishvishwakarma/Library/Developer/Xcode/DerivedData/Revolt-dharrjsambcimaaziudpvzjdcigm/SourcePackages/checkouts/swift-syntax
    builtin-copy -exclude .DS_Store -exclude CVS -exclude .svn -exclude .git -exclude .hg -resolve-src-symlinks -rename /Users/harishvishwakarma/Library/Developer/Xcode/DerivedData/Revolt-dharrjsambcimaaziudpvzjdcigm/Build/Intermediates.noindex/swift-syntax.build/Debug/SwiftCompilerPlugin.build/Objects-normal/arm64/SwiftCompilerPlugin.swiftdoc /Users/harishvishwakarma/Library/Developer/Xcode/DerivedData/Revolt-dharrjsambcimaaziudpvzjdcigm/Build/Products/Debug/SwiftCompilerPlugin.swiftmodule/arm64-apple-macos.swiftdoc

RegisterExecutionPolicyException /Users/harishvishwakarma/Library/Developer/Xcode/DerivedData/Revolt-dharrjsambcimaaziudpvzjdcigm/Build/Products/Debug-iphoneos/NavigationTransitions.o (in target 'NavigationTransitions' from project 'swiftui-navigation-transitions')
    cd /Users/harishvishwakarma/Library/Developer/Xcode/DerivedData/Revolt-dharrjsambcimaaziudpvzjdcigm/SourcePackages/checkouts/swiftui-navigation-transitions
    builtin-RegisterExecutionPolicyException /Users/harishvishwakarma/Library/Developer/Xcode/DerivedData/Revolt-dharrjsambcimaaziudpvzjdcigm/Build/Products/Debug-iphoneos/NavigationTransitions.o

SwiftDriverJobDiscovery normal arm64 Compiling Diagnostics.swift (in target 'SwiftCompilerPluginMessageHandling' from project 'swift-syntax')

RegisterExecutionPolicyException /Users/harishvishwakarma/Library/Developer/Xcode/DerivedData/Revolt-dharrjsambcimaaziudpvzjdcigm/Build/Products/Debug/SwiftSyntaxBuilder.o (in target 'SwiftSyntaxBuilder' from project 'swift-syntax')
    cd /Users/harishvishwakarma/Library/Developer/Xcode/DerivedData/Revolt-dharrjsambcimaaziudpvzjdcigm/SourcePackages/checkouts/swift-syntax
    builtin-RegisterExecutionPolicyException /Users/harishvishwakarma/Library/Developer/Xcode/DerivedData/Revolt-dharrjsambcimaaziudpvzjdcigm/Build/Products/Debug/SwiftSyntaxBuilder.o

Ld /Users/harishvishwakarma/Library/Developer/Xcode/DerivedData/Revolt-dharrjsambcimaaziudpvzjdcigm/Build/Intermediates.noindex/swift-syntax.build/Debug/SwiftSyntaxMacros.build/Objects-normal/arm64/Binary/SwiftSyntaxMacros.o normal arm64 (in target 'SwiftSyntaxMacros' from project 'swift-syntax')
    cd /Users/harishvishwakarma/Library/Developer/Xcode/DerivedData/Revolt-dharrjsambcimaaziudpvzjdcigm/SourcePackages/checkouts/swift-syntax
    /Applications/Xcode.app/Contents/Developer/Toolchains/XcodeDefault.xctoolchain/usr/bin/clang -Xlinker -reproducible -target arm64-apple-macos10.15 -r -isysroot /Applications/Xcode.app/Contents/Developer/Platforms/MacOSX.platform/Developer/SDKs/MacOSX15.5.sdk -O0 -w -L/Users/harishvishwakarma/Library/Developer/Xcode/DerivedData/Revolt-dharrjsambcimaaziudpvzjdcigm/Build/Intermediates.noindex/EagerLinkingTBDs/Debug -L/Users/harishvishwakarma/Library/Developer/Xcode/DerivedData/Revolt-dharrjsambcimaaziudpvzjdcigm/Build/Products/Debug -L/Applications/Xcode.app/Contents/Developer/Platforms/MacOSX.platform/Developer/usr/lib -F/Users/harishvishwakarma/Library/Developer/Xcode/DerivedData/Revolt-dharrjsambcimaaziudpvzjdcigm/Build/Intermediates.noindex/EagerLinkingTBDs/Debug -F/Users/harishvishwakarma/Library/Developer/Xcode/DerivedData/Revolt-dharrjsambcimaaziudpvzjdcigm/Build/Products/Debug/PackageFrameworks -F/Users/harishvishwakarma/Library/Developer/Xcode/DerivedData/Revolt-dharrjsambcimaaziudpvzjdcigm/Build/Products/Debug/PackageFrameworks -F/Users/harishvishwakarma/Library/Developer/Xcode/DerivedData/Revolt-dharrjsambcimaaziudpvzjdcigm/Build/Products/Debug/PackageFrameworks -F/Users/harishvishwakarma/Library/Developer/Xcode/DerivedData/Revolt-dharrjsambcimaaziudpvzjdcigm/Build/Products/Debug/PackageFrameworks -F/Users/harishvishwakarma/Library/Developer/Xcode/DerivedData/Revolt-dharrjsambcimaaziudpvzjdcigm/Build/Products/Debug/PackageFrameworks -F/Users/harishvishwakarma/Library/Developer/Xcode/DerivedData/Revolt-dharrjsambcimaaziudpvzjdcigm/Build/Products/Debug/PackageFrameworks -F/Users/harishvishwakarma/Library/Developer/Xcode/DerivedData/Revolt-dharrjsambcimaaziudpvzjdcigm/Build/Products/Debug/PackageFrameworks -F/Users/harishvishwakarma/Library/Developer/Xcode/DerivedData/Revolt-dharrjsambcimaaziudpvzjdcigm/Build/Products/Debug -iframework /Applications/Xcode.app/Contents/Developer/Platforms/MacOSX.platform/Developer/Library/Frameworks -filelist /Users/harishvishwakarma/Library/Developer/Xcode/DerivedData/Revolt-dharrjsambcimaaziudpvzjdcigm/Build/Intermediates.noindex/swift-syntax.build/Debug/SwiftSyntaxMacros.build/Objects-normal/arm64/SwiftSyntaxMacros.LinkFileList -nostdlib -Xlinker -object_path_lto -Xlinker /Users/harishvishwakarma/Library/Developer/Xcode/DerivedData/Revolt-dharrjsambcimaaziudpvzjdcigm/Build/Intermediates.noindex/swift-syntax.build/Debug/SwiftSyntaxMacros.build/Objects-normal/arm64/SwiftSyntaxMacros_lto.o -rdynamic -Xlinker -no_deduplicate -Xlinker -dependency_info -Xlinker /Users/harishvishwakarma/Library/Developer/Xcode/DerivedData/Revolt-dharrjsambcimaaziudpvzjdcigm/Build/Intermediates.noindex/swift-syntax.build/Debug/SwiftSyntaxMacros.build/Objects-normal/arm64/SwiftSyntaxMacros_dependency_info.dat -fobjc-link-runtime -L/Applications/Xcode.app/Contents/Developer/Toolchains/XcodeDefault.xctoolchain/usr/lib/swift/macosx -L/usr/lib/swift -Xlinker -add_ast_path -Xlinker /Users/harishvishwakarma/Library/Developer/Xcode/DerivedData/Revolt-dharrjsambcimaaziudpvzjdcigm/Build/Intermediates.noindex/swift-syntax.build/Debug/SwiftSyntaxMacros.build/Objects-normal/arm64/SwiftSyntaxMacros.swiftmodule -o /Users/harishvishwakarma/Library/Developer/Xcode/DerivedData/Revolt-dharrjsambcimaaziudpvzjdcigm/Build/Intermediates.noindex/swift-syntax.build/Debug/SwiftSyntaxMacros.build/Objects-normal/arm64/Binary/SwiftSyntaxMacros.o

Ld /Users/harishvishwakarma/Library/Developer/Xcode/DerivedData/Revolt-dharrjsambcimaaziudpvzjdcigm/Build/Intermediates.noindex/swift-syntax.build/Debug/SwiftSyntaxMacros.build/Objects-normal/x86_64/Binary/SwiftSyntaxMacros.o normal x86_64 (in target 'SwiftSyntaxMacros' from project 'swift-syntax')
    cd /Users/harishvishwakarma/Library/Developer/Xcode/DerivedData/Revolt-dharrjsambcimaaziudpvzjdcigm/SourcePackages/checkouts/swift-syntax
    /Applications/Xcode.app/Contents/Developer/Toolchains/XcodeDefault.xctoolchain/usr/bin/clang -Xlinker -reproducible -target x86_64-apple-macos10.15 -r -isysroot /Applications/Xcode.app/Contents/Developer/Platforms/MacOSX.platform/Developer/SDKs/MacOSX15.5.sdk -O0 -w -L/Users/harishvishwakarma/Library/Developer/Xcode/DerivedData/Revolt-dharrjsambcimaaziudpvzjdcigm/Build/Intermediates.noindex/EagerLinkingTBDs/Debug -L/Users/harishvishwakarma/Library/Developer/Xcode/DerivedData/Revolt-dharrjsambcimaaziudpvzjdcigm/Build/Products/Debug -L/Applications/Xcode.app/Contents/Developer/Platforms/MacOSX.platform/Developer/usr/lib -F/Users/harishvishwakarma/Library/Developer/Xcode/DerivedData/Revolt-dharrjsambcimaaziudpvzjdcigm/Build/Intermediates.noindex/EagerLinkingTBDs/Debug -F/Users/harishvishwakarma/Library/Developer/Xcode/DerivedData/Revolt-dharrjsambcimaaziudpvzjdcigm/Build/Products/Debug/PackageFrameworks -F/Users/harishvishwakarma/Library/Developer/Xcode/DerivedData/Revolt-dharrjsambcimaaziudpvzjdcigm/Build/Products/Debug/PackageFrameworks -F/Users/harishvishwakarma/Library/Developer/Xcode/DerivedData/Revolt-dharrjsambcimaaziudpvzjdcigm/Build/Products/Debug/PackageFrameworks -F/Users/harishvishwakarma/Library/Developer/Xcode/DerivedData/Revolt-dharrjsambcimaaziudpvzjdcigm/Build/Products/Debug/PackageFrameworks -F/Users/harishvishwakarma/Library/Developer/Xcode/DerivedData/Revolt-dharrjsambcimaaziudpvzjdcigm/Build/Products/Debug/PackageFrameworks -F/Users/harishvishwakarma/Library/Developer/Xcode/DerivedData/Revolt-dharrjsambcimaaziudpvzjdcigm/Build/Products/Debug/PackageFrameworks -F/Users/harishvishwakarma/Library/Developer/Xcode/DerivedData/Revolt-dharrjsambcimaaziudpvzjdcigm/Build/Products/Debug/PackageFrameworks -F/Users/harishvishwakarma/Library/Developer/Xcode/DerivedData/Revolt-dharrjsambcimaaziudpvzjdcigm/Build/Products/Debug -iframework /Applications/Xcode.app/Contents/Developer/Platforms/MacOSX.platform/Developer/Library/Frameworks -filelist /Users/harishvishwakarma/Library/Developer/Xcode/DerivedData/Revolt-dharrjsambcimaaziudpvzjdcigm/Build/Intermediates.noindex/swift-syntax.build/Debug/SwiftSyntaxMacros.build/Objects-normal/x86_64/SwiftSyntaxMacros.LinkFileList -nostdlib -Xlinker -object_path_lto -Xlinker /Users/harishvishwakarma/Library/Developer/Xcode/DerivedData/Revolt-dharrjsambcimaaziudpvzjdcigm/Build/Intermediates.noindex/swift-syntax.build/Debug/SwiftSyntaxMacros.build/Objects-normal/x86_64/SwiftSyntaxMacros_lto.o -rdynamic -Xlinker -no_deduplicate -Xlinker -dependency_info -Xlinker /Users/harishvishwakarma/Library/Developer/Xcode/DerivedData/Revolt-dharrjsambcimaaziudpvzjdcigm/Build/Intermediates.noindex/swift-syntax.build/Debug/SwiftSyntaxMacros.build/Objects-normal/x86_64/SwiftSyntaxMacros_dependency_info.dat -fobjc-link-runtime -L/Applications/Xcode.app/Contents/Developer/Toolchains/XcodeDefault.xctoolchain/usr/lib/swift/macosx -L/usr/lib/swift -Xlinker -add_ast_path -Xlinker /Users/harishvishwakarma/Library/Developer/Xcode/DerivedData/Revolt-dharrjsambcimaaziudpvzjdcigm/Build/Intermediates.noindex/swift-syntax.build/Debug/SwiftSyntaxMacros.build/Objects-normal/x86_64/SwiftSyntaxMacros.swiftmodule -o /Users/harishvishwakarma/Library/Developer/Xcode/DerivedData/Revolt-dharrjsambcimaaziudpvzjdcigm/Build/Intermediates.noindex/swift-syntax.build/Debug/SwiftSyntaxMacros.build/Objects-normal/x86_64/Binary/SwiftSyntaxMacros.o

SwiftDriverJobDiscovery normal arm64 Compiling PluginMacroExpansionContext.swift (in target 'SwiftCompilerPluginMessageHandling' from project 'swift-syntax')

SwiftDriver\ Compilation SwiftCompilerPluginMessageHandling normal arm64 com.apple.xcode.tools.swift.compiler (in target 'SwiftCompilerPluginMessageHandling' from project 'swift-syntax')
    cd /Users/harishvishwakarma/Handy/Archem/pepchat-ios/Revolt.xcodeproj
    builtin-Swift-Compilation -- /Applications/Xcode.app/Contents/Developer/Toolchains/XcodeDefault.xctoolchain/usr/bin/swiftc -module-name SwiftCompilerPluginMessageHandling -Onone -enforce-exclusivity\=checked @/Users/harishvishwakarma/Library/Developer/Xcode/DerivedData/Revolt-dharrjsambcimaaziudpvzjdcigm/Build/Intermediates.noindex/swift-syntax.build/Debug/SwiftCompilerPluginMessageHandling.build/Objects-normal/arm64/SwiftCompilerPluginMessageHandling.SwiftFileList -DSWIFT_PACKAGE -DDEBUG -DXcode -plugin-path /Applications/Xcode.app/Contents/Developer/Toolchains/XcodeDefault.xctoolchain/usr/lib/swift/host/plugins/testing -enable-experimental-feature DebugDescriptionMacro -sdk /Applications/Xcode.app/Contents/Developer/Platforms/MacOSX.platform/Developer/SDKs/MacOSX15.5.sdk -target arm64-apple-macos10.15 -g -module-cache-path /Users/harishvishwakarma/Library/Developer/Xcode/DerivedData/ModuleCache.noindex -Xfrontend -serialize-debugging-options -enable-testing -suppress-warnings -index-store-path /Users/harishvishwakarma/Library/Developer/Xcode/DerivedData/Revolt-dharrjsambcimaaziudpvzjdcigm/Index.noindex/DataStore -swift-version 5 -I /Users/harishvishwakarma/Library/Developer/Xcode/DerivedData/Revolt-dharrjsambcimaaziudpvzjdcigm/Build/Products/Debug -I /Applications/Xcode.app/Contents/Developer/Platforms/MacOSX.platform/Developer/usr/lib -F /Users/harishvishwakarma/Library/Developer/Xcode/DerivedData/Revolt-dharrjsambcimaaziudpvzjdcigm/Build/Products/Debug/PackageFrameworks -F /Users/harishvishwakarma/Library/Developer/Xcode/DerivedData/Revolt-dharrjsambcimaaziudpvzjdcigm/Build/Products/Debug/PackageFrameworks -F /Users/harishvishwakarma/Library/Developer/Xcode/DerivedData/Revolt-dharrjsambcimaaziudpvzjdcigm/Build/Products/Debug/PackageFrameworks -F /Users/harishvishwakarma/Library/Developer/Xcode/DerivedData/Revolt-dharrjsambcimaaziudpvzjdcigm/Build/Products/Debug/PackageFrameworks -F /Users/harishvishwakarma/Library/Developer/Xcode/DerivedData/Revolt-dharrjsambcimaaziudpvzjdcigm/Build/Products/Debug/PackageFrameworks -F /Users/harishvishwakarma/Library/Developer/Xcode/DerivedData/Revolt-dharrjsambcimaaziudpvzjdcigm/Build/Products/Debug/PackageFrameworks -F /Users/harishvishwakarma/Library/Developer/Xcode/DerivedData/Revolt-dharrjsambcimaaziudpvzjdcigm/Build/Products/Debug/PackageFrameworks -F /Users/harishvishwakarma/Library/Developer/Xcode/DerivedData/Revolt-dharrjsambcimaaziudpvzjdcigm/Build/Products/Debug/PackageFrameworks -F /Users/harishvishwakarma/Library/Developer/Xcode/DerivedData/Revolt-dharrjsambcimaaziudpvzjdcigm/Build/Products/Debug/PackageFrameworks -F /Users/harishvishwakarma/Library/Developer/Xcode/DerivedData/Revolt-dharrjsambcimaaziudpvzjdcigm/Build/Products/Debug/PackageFrameworks -F /Users/harishvishwakarma/Library/Developer/Xcode/DerivedData/Revolt-dharrjsambcimaaziudpvzjdcigm/Build/Products/Debug -F /Applications/Xcode.app/Contents/Developer/Platforms/MacOSX.platform/Developer/Library/Frameworks -c -j12 -enable-batch-mode -incremental -Xcc -ivfsstatcache -Xcc /Users/harishvishwakarma/Library/Developer/Xcode/DerivedData/SDKStatCaches.noindex/macosx15.5-24F74-8254517eb8b97d462ccbc072ba9094c9.sdkstatcache -output-file-map /Users/harishvishwakarma/Library/Developer/Xcode/DerivedData/Revolt-dharrjsambcimaaziudpvzjdcigm/Build/Intermediates.noindex/swift-syntax.build/Debug/SwiftCompilerPluginMessageHandling.build/Objects-normal/arm64/SwiftCompilerPluginMessageHandling-OutputFileMap.json -use-frontend-parseable-output -save-temps -no-color-diagnostics -serialize-diagnostics -emit-dependencies -emit-module -emit-module-path /Users/harishvishwakarma/Library/Developer/Xcode/DerivedData/Revolt-dharrjsambcimaaziudpvzjdcigm/Build/Intermediates.noindex/swift-syntax.build/Debug/SwiftCompilerPluginMessageHandling.build/Objects-normal/arm64/SwiftCompilerPluginMessageHandling.swiftmodule -validate-clang-modules-once -clang-build-session-file /Users/harishvishwakarma/Library/Developer/Xcode/DerivedData/ModuleCache.noindex/Session.modulevalidation -Xcc -I/Users/harishvishwakarma/Library/Developer/Xcode/DerivedData/Revolt-dharrjsambcimaaziudpvzjdcigm/Build/Intermediates.noindex/swift-syntax.build/Debug/SwiftCompilerPluginMessageHandling.build/swift-overrides.hmap -emit-const-values -Xfrontend -const-gather-protocols-file -Xfrontend /Users/harishvishwakarma/Library/Developer/Xcode/DerivedData/Revolt-dharrjsambcimaaziudpvzjdcigm/Build/Intermediates.noindex/swift-syntax.build/Debug/SwiftCompilerPluginMessageHandling.build/Objects-normal/arm64/SwiftCompilerPluginMessageHandling_const_extract_protocols.json -Xcc -I/Users/harishvishwakarma/Library/Developer/Xcode/DerivedData/Revolt-dharrjsambcimaaziudpvzjdcigm/Build/Products/Debug/include -Xcc -I/Users/harishvishwakarma/Library/Developer/Xcode/DerivedData/Revolt-dharrjsambcimaaziudpvzjdcigm/Build/Intermediates.noindex/swift-syntax.build/Debug/SwiftCompilerPluginMessageHandling.build/DerivedSources-normal/arm64 -Xcc -I/Users/harishvishwakarma/Library/Developer/Xcode/DerivedData/Revolt-dharrjsambcimaaziudpvzjdcigm/Build/Intermediates.noindex/swift-syntax.build/Debug/SwiftCompilerPluginMessageHandling.build/DerivedSources/arm64 -Xcc -I/Users/harishvishwakarma/Library/Developer/Xcode/DerivedData/Revolt-dharrjsambcimaaziudpvzjdcigm/Build/Intermediates.noindex/swift-syntax.build/Debug/SwiftCompilerPluginMessageHandling.build/DerivedSources -Xcc -DSWIFT_PACKAGE -Xcc -DDEBUG\=1 -emit-objc-header -emit-objc-header-path /Users/harishvishwakarma/Library/Developer/Xcode/DerivedData/Revolt-dharrjsambcimaaziudpvzjdcigm/Build/Intermediates.noindex/swift-syntax.build/Debug/SwiftCompilerPluginMessageHandling.build/Objects-normal/arm64/SwiftCompilerPluginMessageHandling-Swift.h -working-directory /Users/harishvishwakarma/Handy/Archem/pepchat-ios/Revolt.xcodeproj -experimental-emit-module-separately -disable-cmo

CreateUniversalBinary /Users/harishvishwakarma/Library/Developer/Xcode/DerivedData/Revolt-dharrjsambcimaaziudpvzjdcigm/Build/Products/Debug/SwiftSyntaxMacros.o normal arm64\ x86_64 (in target 'SwiftSyntaxMacros' from project 'swift-syntax')
    cd /Users/harishvishwakarma/Library/Developer/Xcode/DerivedData/Revolt-dharrjsambcimaaziudpvzjdcigm/SourcePackages/checkouts/swift-syntax
    /Applications/Xcode.app/Contents/Developer/Toolchains/XcodeDefault.xctoolchain/usr/bin/lipo -create /Users/harishvishwakarma/Library/Developer/Xcode/DerivedData/Revolt-dharrjsambcimaaziudpvzjdcigm/Build/Intermediates.noindex/swift-syntax.build/Debug/SwiftSyntaxMacros.build/Objects-normal/arm64/Binary/SwiftSyntaxMacros.o /Users/harishvishwakarma/Library/Developer/Xcode/DerivedData/Revolt-dharrjsambcimaaziudpvzjdcigm/Build/Intermediates.noindex/swift-syntax.build/Debug/SwiftSyntaxMacros.build/Objects-normal/x86_64/Binary/SwiftSyntaxMacros.o -output /Users/harishvishwakarma/Library/Developer/Xcode/DerivedData/Revolt-dharrjsambcimaaziudpvzjdcigm/Build/Products/Debug/SwiftSyntaxMacros.o

ExtractAppIntentsMetadata (in target 'SwiftSyntaxMacros' from project 'swift-syntax')
    cd /Users/harishvishwakarma/Library/Developer/Xcode/DerivedData/Revolt-dharrjsambcimaaziudpvzjdcigm/SourcePackages/checkouts/swift-syntax
    /Applications/Xcode.app/Contents/Developer/Toolchains/XcodeDefault.xctoolchain/usr/bin/appintentsmetadataprocessor --toolchain-dir /Applications/Xcode.app/Contents/Developer/Toolchains/XcodeDefault.xctoolchain --module-name SwiftSyntaxMacros --sdk-root /Applications/Xcode.app/Contents/Developer/Platforms/MacOSX.platform/Developer/SDKs/MacOSX15.5.sdk --xcode-version 16F6 --platform-family macOS --deployment-target 10.15 --bundle-identifier swift-syntax.SwiftSyntaxMacros --output /Users/harishvishwakarma/Library/Developer/Xcode/DerivedData/Revolt-dharrjsambcimaaziudpvzjdcigm/Build/Products/Debug/SwiftSyntaxMacros.appintents --target-triple arm64-apple-macos10.15 --target-triple x86_64-apple-macos10.15 --binary-file /Users/harishvishwakarma/Library/Developer/Xcode/DerivedData/Revolt-dharrjsambcimaaziudpvzjdcigm/Build/Products/Debug/SwiftSyntaxMacros.o --dependency-file /Users/harishvishwakarma/Library/Developer/Xcode/DerivedData/Revolt-dharrjsambcimaaziudpvzjdcigm/Build/Intermediates.noindex/swift-syntax.build/Debug/SwiftSyntaxMacros.build/Objects-normal/arm64/SwiftSyntaxMacros_dependency_info.dat --dependency-file /Users/harishvishwakarma/Library/Developer/Xcode/DerivedData/Revolt-dharrjsambcimaaziudpvzjdcigm/Build/Intermediates.noindex/swift-syntax.build/Debug/SwiftSyntaxMacros.build/Objects-normal/x86_64/SwiftSyntaxMacros_dependency_info.dat --stringsdata-file /Users/harishvishwakarma/Library/Developer/Xcode/DerivedData/Revolt-dharrjsambcimaaziudpvzjdcigm/Build/Intermediates.noindex/swift-syntax.build/Debug/SwiftSyntaxMacros.build/Objects-normal/arm64/ExtractedAppShortcutsMetadata.stringsdata --stringsdata-file /Users/harishvishwakarma/Library/Developer/Xcode/DerivedData/Revolt-dharrjsambcimaaziudpvzjdcigm/Build/Intermediates.noindex/swift-syntax.build/Debug/SwiftSyntaxMacros.build/Objects-normal/x86_64/ExtractedAppShortcutsMetadata.stringsdata --source-file-list /Users/harishvishwakarma/Library/Developer/Xcode/DerivedData/Revolt-dharrjsambcimaaziudpvzjdcigm/Build/Intermediates.noindex/swift-syntax.build/Debug/SwiftSyntaxMacros.build/Objects-normal/arm64/SwiftSyntaxMacros.SwiftFileList --source-file-list /Users/harishvishwakarma/Library/Developer/Xcode/DerivedData/Revolt-dharrjsambcimaaziudpvzjdcigm/Build/Intermediates.noindex/swift-syntax.build/Debug/SwiftSyntaxMacros.build/Objects-normal/x86_64/SwiftSyntaxMacros.SwiftFileList --metadata-file-list /Users/harishvishwakarma/Library/Developer/Xcode/DerivedData/Revolt-dharrjsambcimaaziudpvzjdcigm/Build/Intermediates.noindex/swift-syntax.build/Debug/SwiftSyntaxMacros.build/SwiftSyntaxMacros.DependencyMetadataFileList --static-metadata-file-list /Users/harishvishwakarma/Library/Developer/Xcode/DerivedData/Revolt-dharrjsambcimaaziudpvzjdcigm/Build/Intermediates.noindex/swift-syntax.build/Debug/SwiftSyntaxMacros.build/SwiftSyntaxMacros.DependencyStaticMetadataFileList --swift-const-vals-list /Users/harishvishwakarma/Library/Developer/Xcode/DerivedData/Revolt-dharrjsambcimaaziudpvzjdcigm/Build/Intermediates.noindex/swift-syntax.build/Debug/SwiftSyntaxMacros.build/Objects-normal/arm64/SwiftSyntaxMacros.SwiftConstValuesFileList --swift-const-vals-list /Users/harishvishwakarma/Library/Developer/Xcode/DerivedData/Revolt-dharrjsambcimaaziudpvzjdcigm/Build/Intermediates.noindex/swift-syntax.build/Debug/SwiftSyntaxMacros.build/Objects-normal/x86_64/SwiftSyntaxMacros.SwiftConstValuesFileList --force --compile-time-extraction --deployment-aware-processing --validate-assistant-intents --no-app-shortcuts-localization
2026-01-08 18:38:51.719 appintentsmetadataprocessor[99943:1139706] Starting appintentsmetadataprocessor export
2026-01-08 18:38:51.774 appintentsmetadataprocessor[99943:1139706] Extracted no relevant App Intents symbols, skipping writing output

RegisterExecutionPolicyException /Users/harishvishwakarma/Library/Developer/Xcode/DerivedData/Revolt-dharrjsambcimaaziudpvzjdcigm/Build/Products/Debug/SwiftSyntaxMacros.o (in target 'SwiftSyntaxMacros' from project 'swift-syntax')
    cd /Users/harishvishwakarma/Library/Developer/Xcode/DerivedData/Revolt-dharrjsambcimaaziudpvzjdcigm/SourcePackages/checkouts/swift-syntax
    builtin-RegisterExecutionPolicyException /Users/harishvishwakarma/Library/Developer/Xcode/DerivedData/Revolt-dharrjsambcimaaziudpvzjdcigm/Build/Products/Debug/SwiftSyntaxMacros.o

Ld /Users/harishvishwakarma/Library/Developer/Xcode/DerivedData/Revolt-dharrjsambcimaaziudpvzjdcigm/Build/Intermediates.noindex/swift-syntax.build/Debug/SwiftSyntaxMacroExpansion.build/Objects-normal/arm64/Binary/SwiftSyntaxMacroExpansion.o normal arm64 (in target 'SwiftSyntaxMacroExpansion' from project 'swift-syntax')
    cd /Users/harishvishwakarma/Library/Developer/Xcode/DerivedData/Revolt-dharrjsambcimaaziudpvzjdcigm/SourcePackages/checkouts/swift-syntax
    /Applications/Xcode.app/Contents/Developer/Toolchains/XcodeDefault.xctoolchain/usr/bin/clang -Xlinker -reproducible -target arm64-apple-macos10.15 -r -isysroot /Applications/Xcode.app/Contents/Developer/Platforms/MacOSX.platform/Developer/SDKs/MacOSX15.5.sdk -O0 -w -L/Users/harishvishwakarma/Library/Developer/Xcode/DerivedData/Revolt-dharrjsambcimaaziudpvzjdcigm/Build/Intermediates.noindex/EagerLinkingTBDs/Debug -L/Users/harishvishwakarma/Library/Developer/Xcode/DerivedData/Revolt-dharrjsambcimaaziudpvzjdcigm/Build/Products/Debug -L/Applications/Xcode.app/Contents/Developer/Platforms/MacOSX.platform/Developer/usr/lib -F/Users/harishvishwakarma/Library/Developer/Xcode/DerivedData/Revolt-dharrjsambcimaaziudpvzjdcigm/Build/Intermediates.noindex/EagerLinkingTBDs/Debug -F/Users/harishvishwakarma/Library/Developer/Xcode/DerivedData/Revolt-dharrjsambcimaaziudpvzjdcigm/Build/Products/Debug/PackageFrameworks -F/Users/harishvishwakarma/Library/Developer/Xcode/DerivedData/Revolt-dharrjsambcimaaziudpvzjdcigm/Build/Products/Debug/PackageFrameworks -F/Users/harishvishwakarma/Library/Developer/Xcode/DerivedData/Revolt-dharrjsambcimaaziudpvzjdcigm/Build/Products/Debug/PackageFrameworks -F/Users/harishvishwakarma/Library/Developer/Xcode/DerivedData/Revolt-dharrjsambcimaaziudpvzjdcigm/Build/Products/Debug/PackageFrameworks -F/Users/harishvishwakarma/Library/Developer/Xcode/DerivedData/Revolt-dharrjsambcimaaziudpvzjdcigm/Build/Products/Debug/PackageFrameworks -F/Users/harishvishwakarma/Library/Developer/Xcode/DerivedData/Revolt-dharrjsambcimaaziudpvzjdcigm/Build/Products/Debug/PackageFrameworks -F/Users/harishvishwakarma/Library/Developer/Xcode/DerivedData/Revolt-dharrjsambcimaaziudpvzjdcigm/Build/Products/Debug/PackageFrameworks -F/Users/harishvishwakarma/Library/Developer/Xcode/DerivedData/Revolt-dharrjsambcimaaziudpvzjdcigm/Build/Products/Debug/PackageFrameworks -F/Users/harishvishwakarma/Library/Developer/Xcode/DerivedData/Revolt-dharrjsambcimaaziudpvzjdcigm/Build/Products/Debug/PackageFrameworks -F/Users/harishvishwakarma/Library/Developer/Xcode/DerivedData/Revolt-dharrjsambcimaaziudpvzjdcigm/Build/Products/Debug -iframework /Applications/Xcode.app/Contents/Developer/Platforms/MacOSX.platform/Developer/Library/Frameworks -filelist /Users/harishvishwakarma/Library/Developer/Xcode/DerivedData/Revolt-dharrjsambcimaaziudpvzjdcigm/Build/Intermediates.noindex/swift-syntax.build/Debug/SwiftSyntaxMacroExpansion.build/Objects-normal/arm64/SwiftSyntaxMacroExpansion.LinkFileList -nostdlib -Xlinker -object_path_lto -Xlinker /Users/harishvishwakarma/Library/Developer/Xcode/DerivedData/Revolt-dharrjsambcimaaziudpvzjdcigm/Build/Intermediates.noindex/swift-syntax.build/Debug/SwiftSyntaxMacroExpansion.build/Objects-normal/arm64/SwiftSyntaxMacroExpansion_lto.o -rdynamic -Xlinker -no_deduplicate -Xlinker -dependency_info -Xlinker /Users/harishvishwakarma/Library/Developer/Xcode/DerivedData/Revolt-dharrjsambcimaaziudpvzjdcigm/Build/Intermediates.noindex/swift-syntax.build/Debug/SwiftSyntaxMacroExpansion.build/Objects-normal/arm64/SwiftSyntaxMacroExpansion_dependency_info.dat -fobjc-link-runtime -L/Applications/Xcode.app/Contents/Developer/Toolchains/XcodeDefault.xctoolchain/usr/lib/swift/macosx -L/usr/lib/swift -Xlinker -add_ast_path -Xlinker /Users/harishvishwakarma/Library/Developer/Xcode/DerivedData/Revolt-dharrjsambcimaaziudpvzjdcigm/Build/Intermediates.noindex/swift-syntax.build/Debug/SwiftSyntaxMacroExpansion.build/Objects-normal/arm64/SwiftSyntaxMacroExpansion.swiftmodule -o /Users/harishvishwakarma/Library/Developer/Xcode/DerivedData/Revolt-dharrjsambcimaaziudpvzjdcigm/Build/Intermediates.noindex/swift-syntax.build/Debug/SwiftSyntaxMacroExpansion.build/Objects-normal/arm64/Binary/SwiftSyntaxMacroExpansion.o

Ld /Users/harishvishwakarma/Library/Developer/Xcode/DerivedData/Revolt-dharrjsambcimaaziudpvzjdcigm/Build/Intermediates.noindex/swift-syntax.build/Debug/SwiftSyntaxMacroExpansion.build/Objects-normal/x86_64/Binary/SwiftSyntaxMacroExpansion.o normal x86_64 (in target 'SwiftSyntaxMacroExpansion' from project 'swift-syntax')
    cd /Users/harishvishwakarma/Library/Developer/Xcode/DerivedData/Revolt-dharrjsambcimaaziudpvzjdcigm/SourcePackages/checkouts/swift-syntax
    /Applications/Xcode.app/Contents/Developer/Toolchains/XcodeDefault.xctoolchain/usr/bin/clang -Xlinker -reproducible -target x86_64-apple-macos10.15 -r -isysroot /Applications/Xcode.app/Contents/Developer/Platforms/MacOSX.platform/Developer/SDKs/MacOSX15.5.sdk -O0 -w -L/Users/harishvishwakarma/Library/Developer/Xcode/DerivedData/Revolt-dharrjsambcimaaziudpvzjdcigm/Build/Intermediates.noindex/EagerLinkingTBDs/Debug -L/Users/harishvishwakarma/Library/Developer/Xcode/DerivedData/Revolt-dharrjsambcimaaziudpvzjdcigm/Build/Products/Debug -L/Applications/Xcode.app/Contents/Developer/Platforms/MacOSX.platform/Developer/usr/lib -F/Users/harishvishwakarma/Library/Developer/Xcode/DerivedData/Revolt-dharrjsambcimaaziudpvzjdcigm/Build/Intermediates.noindex/EagerLinkingTBDs/Debug -F/Users/harishvishwakarma/Library/Developer/Xcode/DerivedData/Revolt-dharrjsambcimaaziudpvzjdcigm/Build/Products/Debug/PackageFrameworks -F/Users/harishvishwakarma/Library/Developer/Xcode/DerivedData/Revolt-dharrjsambcimaaziudpvzjdcigm/Build/Products/Debug/PackageFrameworks -F/Users/harishvishwakarma/Library/Developer/Xcode/DerivedData/Revolt-dharrjsambcimaaziudpvzjdcigm/Build/Products/Debug/PackageFrameworks -F/Users/harishvishwakarma/Library/Developer/Xcode/DerivedData/Revolt-dharrjsambcimaaziudpvzjdcigm/Build/Products/Debug/PackageFrameworks -F/Users/harishvishwakarma/Library/Developer/Xcode/DerivedData/Revolt-dharrjsambcimaaziudpvzjdcigm/Build/Products/Debug/PackageFrameworks -F/Users/harishvishwakarma/Library/Developer/Xcode/DerivedData/Revolt-dharrjsambcimaaziudpvzjdcigm/Build/Products/Debug/PackageFrameworks -F/Users/harishvishwakarma/Library/Developer/Xcode/DerivedData/Revolt-dharrjsambcimaaziudpvzjdcigm/Build/Products/Debug/PackageFrameworks -F/Users/harishvishwakarma/Library/Developer/Xcode/DerivedData/Revolt-dharrjsambcimaaziudpvzjdcigm/Build/Products/Debug/PackageFrameworks -F/Users/harishvishwakarma/Library/Developer/Xcode/DerivedData/Revolt-dharrjsambcimaaziudpvzjdcigm/Build/Products/Debug/PackageFrameworks -F/Users/harishvishwakarma/Library/Developer/Xcode/DerivedData/Revolt-dharrjsambcimaaziudpvzjdcigm/Build/Products/Debug -iframework /Applications/Xcode.app/Contents/Developer/Platforms/MacOSX.platform/Developer/Library/Frameworks -filelist /Users/harishvishwakarma/Library/Developer/Xcode/DerivedData/Revolt-dharrjsambcimaaziudpvzjdcigm/Build/Intermediates.noindex/swift-syntax.build/Debug/SwiftSyntaxMacroExpansion.build/Objects-normal/x86_64/SwiftSyntaxMacroExpansion.LinkFileList -nostdlib -Xlinker -object_path_lto -Xlinker /Users/harishvishwakarma/Library/Developer/Xcode/DerivedData/Revolt-dharrjsambcimaaziudpvzjdcigm/Build/Intermediates.noindex/swift-syntax.build/Debug/SwiftSyntaxMacroExpansion.build/Objects-normal/x86_64/SwiftSyntaxMacroExpansion_lto.o -rdynamic -Xlinker -no_deduplicate -Xlinker -dependency_info -Xlinker /Users/harishvishwakarma/Library/Developer/Xcode/DerivedData/Revolt-dharrjsambcimaaziudpvzjdcigm/Build/Intermediates.noindex/swift-syntax.build/Debug/SwiftSyntaxMacroExpansion.build/Objects-normal/x86_64/SwiftSyntaxMacroExpansion_dependency_info.dat -fobjc-link-runtime -L/Applications/Xcode.app/Contents/Developer/Toolchains/XcodeDefault.xctoolchain/usr/lib/swift/macosx -L/usr/lib/swift -Xlinker -add_ast_path -Xlinker /Users/harishvishwakarma/Library/Developer/Xcode/DerivedData/Revolt-dharrjsambcimaaziudpvzjdcigm/Build/Intermediates.noindex/swift-syntax.build/Debug/SwiftSyntaxMacroExpansion.build/Objects-normal/x86_64/SwiftSyntaxMacroExpansion.swiftmodule -o /Users/harishvishwakarma/Library/Developer/Xcode/DerivedData/Revolt-dharrjsambcimaaziudpvzjdcigm/Build/Intermediates.noindex/swift-syntax.build/Debug/SwiftSyntaxMacroExpansion.build/Objects-normal/x86_64/Binary/SwiftSyntaxMacroExpansion.o

CreateUniversalBinary /Users/harishvishwakarma/Library/Developer/Xcode/DerivedData/Revolt-dharrjsambcimaaziudpvzjdcigm/Build/Products/Debug/SwiftSyntaxMacroExpansion.o normal arm64\ x86_64 (in target 'SwiftSyntaxMacroExpansion' from project 'swift-syntax')
    cd /Users/harishvishwakarma/Library/Developer/Xcode/DerivedData/Revolt-dharrjsambcimaaziudpvzjdcigm/SourcePackages/checkouts/swift-syntax
    /Applications/Xcode.app/Contents/Developer/Toolchains/XcodeDefault.xctoolchain/usr/bin/lipo -create /Users/harishvishwakarma/Library/Developer/Xcode/DerivedData/Revolt-dharrjsambcimaaziudpvzjdcigm/Build/Intermediates.noindex/swift-syntax.build/Debug/SwiftSyntaxMacroExpansion.build/Objects-normal/arm64/Binary/SwiftSyntaxMacroExpansion.o /Users/harishvishwakarma/Library/Developer/Xcode/DerivedData/Revolt-dharrjsambcimaaziudpvzjdcigm/Build/Intermediates.noindex/swift-syntax.build/Debug/SwiftSyntaxMacroExpansion.build/Objects-normal/x86_64/Binary/SwiftSyntaxMacroExpansion.o -output /Users/harishvishwakarma/Library/Developer/Xcode/DerivedData/Revolt-dharrjsambcimaaziudpvzjdcigm/Build/Products/Debug/SwiftSyntaxMacroExpansion.o

ExtractAppIntentsMetadata (in target 'SwiftSyntaxMacroExpansion' from project 'swift-syntax')
    cd /Users/harishvishwakarma/Library/Developer/Xcode/DerivedData/Revolt-dharrjsambcimaaziudpvzjdcigm/SourcePackages/checkouts/swift-syntax
    /Applications/Xcode.app/Contents/Developer/Toolchains/XcodeDefault.xctoolchain/usr/bin/appintentsmetadataprocessor --toolchain-dir /Applications/Xcode.app/Contents/Developer/Toolchains/XcodeDefault.xctoolchain --module-name SwiftSyntaxMacroExpansion --sdk-root /Applications/Xcode.app/Contents/Developer/Platforms/MacOSX.platform/Developer/SDKs/MacOSX15.5.sdk --xcode-version 16F6 --platform-family macOS --deployment-target 10.15 --bundle-identifier swift-syntax.SwiftSyntaxMacroExpansion --output /Users/harishvishwakarma/Library/Developer/Xcode/DerivedData/Revolt-dharrjsambcimaaziudpvzjdcigm/Build/Products/Debug/SwiftSyntaxMacroExpansion.appintents --target-triple arm64-apple-macos10.15 --target-triple x86_64-apple-macos10.15 --binary-file /Users/harishvishwakarma/Library/Developer/Xcode/DerivedData/Revolt-dharrjsambcimaaziudpvzjdcigm/Build/Products/Debug/SwiftSyntaxMacroExpansion.o --dependency-file /Users/harishvishwakarma/Library/Developer/Xcode/DerivedData/Revolt-dharrjsambcimaaziudpvzjdcigm/Build/Intermediates.noindex/swift-syntax.build/Debug/SwiftSyntaxMacroExpansion.build/Objects-normal/arm64/SwiftSyntaxMacroExpansion_dependency_info.dat --dependency-file /Users/harishvishwakarma/Library/Developer/Xcode/DerivedData/Revolt-dharrjsambcimaaziudpvzjdcigm/Build/Intermediates.noindex/swift-syntax.build/Debug/SwiftSyntaxMacroExpansion.build/Objects-normal/x86_64/SwiftSyntaxMacroExpansion_dependency_info.dat --stringsdata-file /Users/harishvishwakarma/Library/Developer/Xcode/DerivedData/Revolt-dharrjsambcimaaziudpvzjdcigm/Build/Intermediates.noindex/swift-syntax.build/Debug/SwiftSyntaxMacroExpansion.build/Objects-normal/arm64/ExtractedAppShortcutsMetadata.stringsdata --stringsdata-file /Users/harishvishwakarma/Library/Developer/Xcode/DerivedData/Revolt-dharrjsambcimaaziudpvzjdcigm/Build/Intermediates.noindex/swift-syntax.build/Debug/SwiftSyntaxMacroExpansion.build/Objects-normal/x86_64/ExtractedAppShortcutsMetadata.stringsdata --source-file-list /Users/harishvishwakarma/Library/Developer/Xcode/DerivedData/Revolt-dharrjsambcimaaziudpvzjdcigm/Build/Intermediates.noindex/swift-syntax.build/Debug/SwiftSyntaxMacroExpansion.build/Objects-normal/arm64/SwiftSyntaxMacroExpansion.SwiftFileList --source-file-list /Users/harishvishwakarma/Library/Developer/Xcode/DerivedData/Revolt-dharrjsambcimaaziudpvzjdcigm/Build/Intermediates.noindex/swift-syntax.build/Debug/SwiftSyntaxMacroExpansion.build/Objects-normal/x86_64/SwiftSyntaxMacroExpansion.SwiftFileList --metadata-file-list /Users/harishvishwakarma/Library/Developer/Xcode/DerivedData/Revolt-dharrjsambcimaaziudpvzjdcigm/Build/Intermediates.noindex/swift-syntax.build/Debug/SwiftSyntaxMacroExpansion.build/SwiftSyntaxMacroExpansion.DependencyMetadataFileList --static-metadata-file-list /Users/harishvishwakarma/Library/Developer/Xcode/DerivedData/Revolt-dharrjsambcimaaziudpvzjdcigm/Build/Intermediates.noindex/swift-syntax.build/Debug/SwiftSyntaxMacroExpansion.build/SwiftSyntaxMacroExpansion.DependencyStaticMetadataFileList --swift-const-vals-list /Users/harishvishwakarma/Library/Developer/Xcode/DerivedData/Revolt-dharrjsambcimaaziudpvzjdcigm/Build/Intermediates.noindex/swift-syntax.build/Debug/SwiftSyntaxMacroExpansion.build/Objects-normal/arm64/SwiftSyntaxMacroExpansion.SwiftConstValuesFileList --swift-const-vals-list /Users/harishvishwakarma/Library/Developer/Xcode/DerivedData/Revolt-dharrjsambcimaaziudpvzjdcigm/Build/Intermediates.noindex/swift-syntax.build/Debug/SwiftSyntaxMacroExpansion.build/Objects-normal/x86_64/SwiftSyntaxMacroExpansion.SwiftConstValuesFileList --force --compile-time-extraction --deployment-aware-processing --validate-assistant-intents --no-app-shortcuts-localization
2026-01-08 18:38:51.950 appintentsmetadataprocessor[99949:1139749] Starting appintentsmetadataprocessor export
2026-01-08 18:38:52.004 appintentsmetadataprocessor[99949:1139749] Extracted no relevant App Intents symbols, skipping writing output

RegisterExecutionPolicyException /Users/harishvishwakarma/Library/Developer/Xcode/DerivedData/Revolt-dharrjsambcimaaziudpvzjdcigm/Build/Products/Debug/SwiftSyntaxMacroExpansion.o (in target 'SwiftSyntaxMacroExpansion' from project 'swift-syntax')
    cd /Users/harishvishwakarma/Library/Developer/Xcode/DerivedData/Revolt-dharrjsambcimaaziudpvzjdcigm/SourcePackages/checkouts/swift-syntax
    builtin-RegisterExecutionPolicyException /Users/harishvishwakarma/Library/Developer/Xcode/DerivedData/Revolt-dharrjsambcimaaziudpvzjdcigm/Build/Products/Debug/SwiftSyntaxMacroExpansion.o

Ld /Users/harishvishwakarma/Library/Developer/Xcode/DerivedData/Revolt-dharrjsambcimaaziudpvzjdcigm/Build/Intermediates.noindex/swift-syntax.build/Debug/SwiftCompilerPluginMessageHandling.build/Objects-normal/x86_64/Binary/SwiftCompilerPluginMessageHandling.o normal x86_64 (in target 'SwiftCompilerPluginMessageHandling' from project 'swift-syntax')
    cd /Users/harishvishwakarma/Library/Developer/Xcode/DerivedData/Revolt-dharrjsambcimaaziudpvzjdcigm/SourcePackages/checkouts/swift-syntax
    /Applications/Xcode.app/Contents/Developer/Toolchains/XcodeDefault.xctoolchain/usr/bin/clang -Xlinker -reproducible -target x86_64-apple-macos10.15 -r -isysroot /Applications/Xcode.app/Contents/Developer/Platforms/MacOSX.platform/Developer/SDKs/MacOSX15.5.sdk -O0 -w -L/Users/harishvishwakarma/Library/Developer/Xcode/DerivedData/Revolt-dharrjsambcimaaziudpvzjdcigm/Build/Intermediates.noindex/EagerLinkingTBDs/Debug -L/Users/harishvishwakarma/Library/Developer/Xcode/DerivedData/Revolt-dharrjsambcimaaziudpvzjdcigm/Build/Products/Debug -L/Applications/Xcode.app/Contents/Developer/Platforms/MacOSX.platform/Developer/usr/lib -F/Users/harishvishwakarma/Library/Developer/Xcode/DerivedData/Revolt-dharrjsambcimaaziudpvzjdcigm/Build/Intermediates.noindex/EagerLinkingTBDs/Debug -F/Users/harishvishwakarma/Library/Developer/Xcode/DerivedData/Revolt-dharrjsambcimaaziudpvzjdcigm/Build/Products/Debug/PackageFrameworks -F/Users/harishvishwakarma/Library/Developer/Xcode/DerivedData/Revolt-dharrjsambcimaaziudpvzjdcigm/Build/Products/Debug/PackageFrameworks -F/Users/harishvishwakarma/Library/Developer/Xcode/DerivedData/Revolt-dharrjsambcimaaziudpvzjdcigm/Build/Products/Debug/PackageFrameworks -F/Users/harishvishwakarma/Library/Developer/Xcode/DerivedData/Revolt-dharrjsambcimaaziudpvzjdcigm/Build/Products/Debug/PackageFrameworks -F/Users/harishvishwakarma/Library/Developer/Xcode/DerivedData/Revolt-dharrjsambcimaaziudpvzjdcigm/Build/Products/Debug/PackageFrameworks -F/Users/harishvishwakarma/Library/Developer/Xcode/DerivedData/Revolt-dharrjsambcimaaziudpvzjdcigm/Build/Products/Debug/PackageFrameworks -F/Users/harishvishwakarma/Library/Developer/Xcode/DerivedData/Revolt-dharrjsambcimaaziudpvzjdcigm/Build/Products/Debug/PackageFrameworks -F/Users/harishvishwakarma/Library/Developer/Xcode/DerivedData/Revolt-dharrjsambcimaaziudpvzjdcigm/Build/Products/Debug/PackageFrameworks -F/Users/harishvishwakarma/Library/Developer/Xcode/DerivedData/Revolt-dharrjsambcimaaziudpvzjdcigm/Build/Products/Debug/PackageFrameworks -F/Users/harishvishwakarma/Library/Developer/Xcode/DerivedData/Revolt-dharrjsambcimaaziudpvzjdcigm/Build/Products/Debug/PackageFrameworks -F/Users/harishvishwakarma/Library/Developer/Xcode/DerivedData/Revolt-dharrjsambcimaaziudpvzjdcigm/Build/Products/Debug -iframework /Applications/Xcode.app/Contents/Developer/Platforms/MacOSX.platform/Developer/Library/Frameworks -filelist /Users/harishvishwakarma/Library/Developer/Xcode/DerivedData/Revolt-dharrjsambcimaaziudpvzjdcigm/Build/Intermediates.noindex/swift-syntax.build/Debug/SwiftCompilerPluginMessageHandling.build/Objects-normal/x86_64/SwiftCompilerPluginMessageHandling.LinkFileList -nostdlib -Xlinker -object_path_lto -Xlinker /Users/harishvishwakarma/Library/Developer/Xcode/DerivedData/Revolt-dharrjsambcimaaziudpvzjdcigm/Build/Intermediates.noindex/swift-syntax.build/Debug/SwiftCompilerPluginMessageHandling.build/Objects-normal/x86_64/SwiftCompilerPluginMessageHandling_lto.o -rdynamic -Xlinker -no_deduplicate -Xlinker -dependency_info -Xlinker /Users/harishvishwakarma/Library/Developer/Xcode/DerivedData/Revolt-dharrjsambcimaaziudpvzjdcigm/Build/Intermediates.noindex/swift-syntax.build/Debug/SwiftCompilerPluginMessageHandling.build/Objects-normal/x86_64/SwiftCompilerPluginMessageHandling_dependency_info.dat -fobjc-link-runtime -L/Applications/Xcode.app/Contents/Developer/Toolchains/XcodeDefault.xctoolchain/usr/lib/swift/macosx -L/usr/lib/swift -Xlinker -add_ast_path -Xlinker /Users/harishvishwakarma/Library/Developer/Xcode/DerivedData/Revolt-dharrjsambcimaaziudpvzjdcigm/Build/Intermediates.noindex/swift-syntax.build/Debug/SwiftCompilerPluginMessageHandling.build/Objects-normal/x86_64/SwiftCompilerPluginMessageHandling.swiftmodule -o /Users/harishvishwakarma/Library/Developer/Xcode/DerivedData/Revolt-dharrjsambcimaaziudpvzjdcigm/Build/Intermediates.noindex/swift-syntax.build/Debug/SwiftCompilerPluginMessageHandling.build/Objects-normal/x86_64/Binary/SwiftCompilerPluginMessageHandling.o

Ld /Users/harishvishwakarma/Library/Developer/Xcode/DerivedData/Revolt-dharrjsambcimaaziudpvzjdcigm/Build/Intermediates.noindex/swift-syntax.build/Debug/SwiftCompilerPluginMessageHandling.build/Objects-normal/arm64/Binary/SwiftCompilerPluginMessageHandling.o normal arm64 (in target 'SwiftCompilerPluginMessageHandling' from project 'swift-syntax')
    cd /Users/harishvishwakarma/Library/Developer/Xcode/DerivedData/Revolt-dharrjsambcimaaziudpvzjdcigm/SourcePackages/checkouts/swift-syntax
    /Applications/Xcode.app/Contents/Developer/Toolchains/XcodeDefault.xctoolchain/usr/bin/clang -Xlinker -reproducible -target arm64-apple-macos10.15 -r -isysroot /Applications/Xcode.app/Contents/Developer/Platforms/MacOSX.platform/Developer/SDKs/MacOSX15.5.sdk -O0 -w -L/Users/harishvishwakarma/Library/Developer/Xcode/DerivedData/Revolt-dharrjsambcimaaziudpvzjdcigm/Build/Intermediates.noindex/EagerLinkingTBDs/Debug -L/Users/harishvishwakarma/Library/Developer/Xcode/DerivedData/Revolt-dharrjsambcimaaziudpvzjdcigm/Build/Products/Debug -L/Applications/Xcode.app/Contents/Developer/Platforms/MacOSX.platform/Developer/usr/lib -F/Users/harishvishwakarma/Library/Developer/Xcode/DerivedData/Revolt-dharrjsambcimaaziudpvzjdcigm/Build/Intermediates.noindex/EagerLinkingTBDs/Debug -F/Users/harishvishwakarma/Library/Developer/Xcode/DerivedData/Revolt-dharrjsambcimaaziudpvzjdcigm/Build/Products/Debug/PackageFrameworks -F/Users/harishvishwakarma/Library/Developer/Xcode/DerivedData/Revolt-dharrjsambcimaaziudpvzjdcigm/Build/Products/Debug/PackageFrameworks -F/Users/harishvishwakarma/Library/Developer/Xcode/DerivedData/Revolt-dharrjsambcimaaziudpvzjdcigm/Build/Products/Debug/PackageFrameworks -F/Users/harishvishwakarma/Library/Developer/Xcode/DerivedData/Revolt-dharrjsambcimaaziudpvzjdcigm/Build/Products/Debug/PackageFrameworks -F/Users/harishvishwakarma/Library/Developer/Xcode/DerivedData/Revolt-dharrjsambcimaaziudpvzjdcigm/Build/Products/Debug/PackageFrameworks -F/Users/harishvishwakarma/Library/Developer/Xcode/DerivedData/Revolt-dharrjsambcimaaziudpvzjdcigm/Build/Products/Debug/PackageFrameworks -F/Users/harishvishwakarma/Library/Developer/Xcode/DerivedData/Revolt-dharrjsambcimaaziudpvzjdcigm/Build/Products/Debug/PackageFrameworks -F/Users/harishvishwakarma/Library/Developer/Xcode/DerivedData/Revolt-dharrjsambcimaaziudpvzjdcigm/Build/Products/Debug/PackageFrameworks -F/Users/harishvishwakarma/Library/Developer/Xcode/DerivedData/Revolt-dharrjsambcimaaziudpvzjdcigm/Build/Products/Debug/PackageFrameworks -F/Users/harishvishwakarma/Library/Developer/Xcode/DerivedData/Revolt-dharrjsambcimaaziudpvzjdcigm/Build/Products/Debug/PackageFrameworks -F/Users/harishvishwakarma/Library/Developer/Xcode/DerivedData/Revolt-dharrjsambcimaaziudpvzjdcigm/Build/Products/Debug -iframework /Applications/Xcode.app/Contents/Developer/Platforms/MacOSX.platform/Developer/Library/Frameworks -filelist /Users/harishvishwakarma/Library/Developer/Xcode/DerivedData/Revolt-dharrjsambcimaaziudpvzjdcigm/Build/Intermediates.noindex/swift-syntax.build/Debug/SwiftCompilerPluginMessageHandling.build/Objects-normal/arm64/SwiftCompilerPluginMessageHandling.LinkFileList -nostdlib -Xlinker -object_path_lto -Xlinker /Users/harishvishwakarma/Library/Developer/Xcode/DerivedData/Revolt-dharrjsambcimaaziudpvzjdcigm/Build/Intermediates.noindex/swift-syntax.build/Debug/SwiftCompilerPluginMessageHandling.build/Objects-normal/arm64/SwiftCompilerPluginMessageHandling_lto.o -rdynamic -Xlinker -no_deduplicate -Xlinker -dependency_info -Xlinker /Users/harishvishwakarma/Library/Developer/Xcode/DerivedData/Revolt-dharrjsambcimaaziudpvzjdcigm/Build/Intermediates.noindex/swift-syntax.build/Debug/SwiftCompilerPluginMessageHandling.build/Objects-normal/arm64/SwiftCompilerPluginMessageHandling_dependency_info.dat -fobjc-link-runtime -L/Applications/Xcode.app/Contents/Developer/Toolchains/XcodeDefault.xctoolchain/usr/lib/swift/macosx -L/usr/lib/swift -Xlinker -add_ast_path -Xlinker /Users/harishvishwakarma/Library/Developer/Xcode/DerivedData/Revolt-dharrjsambcimaaziudpvzjdcigm/Build/Intermediates.noindex/swift-syntax.build/Debug/SwiftCompilerPluginMessageHandling.build/Objects-normal/arm64/SwiftCompilerPluginMessageHandling.swiftmodule -o /Users/harishvishwakarma/Library/Developer/Xcode/DerivedData/Revolt-dharrjsambcimaaziudpvzjdcigm/Build/Intermediates.noindex/swift-syntax.build/Debug/SwiftCompilerPluginMessageHandling.build/Objects-normal/arm64/Binary/SwiftCompilerPluginMessageHandling.o

CreateUniversalBinary /Users/harishvishwakarma/Library/Developer/Xcode/DerivedData/Revolt-dharrjsambcimaaziudpvzjdcigm/Build/Products/Debug/SwiftCompilerPluginMessageHandling.o normal arm64\ x86_64 (in target 'SwiftCompilerPluginMessageHandling' from project 'swift-syntax')
    cd /Users/harishvishwakarma/Library/Developer/Xcode/DerivedData/Revolt-dharrjsambcimaaziudpvzjdcigm/SourcePackages/checkouts/swift-syntax
    /Applications/Xcode.app/Contents/Developer/Toolchains/XcodeDefault.xctoolchain/usr/bin/lipo -create /Users/harishvishwakarma/Library/Developer/Xcode/DerivedData/Revolt-dharrjsambcimaaziudpvzjdcigm/Build/Intermediates.noindex/swift-syntax.build/Debug/SwiftCompilerPluginMessageHandling.build/Objects-normal/arm64/Binary/SwiftCompilerPluginMessageHandling.o /Users/harishvishwakarma/Library/Developer/Xcode/DerivedData/Revolt-dharrjsambcimaaziudpvzjdcigm/Build/Intermediates.noindex/swift-syntax.build/Debug/SwiftCompilerPluginMessageHandling.build/Objects-normal/x86_64/Binary/SwiftCompilerPluginMessageHandling.o -output /Users/harishvishwakarma/Library/Developer/Xcode/DerivedData/Revolt-dharrjsambcimaaziudpvzjdcigm/Build/Products/Debug/SwiftCompilerPluginMessageHandling.o

SwiftDriverJobDiscovery normal arm64 Compiling CompilerPlugin.swift (in target 'SwiftCompilerPlugin' from project 'swift-syntax')

SwiftDriver\ Compilation SwiftCompilerPlugin normal arm64 com.apple.xcode.tools.swift.compiler (in target 'SwiftCompilerPlugin' from project 'swift-syntax')
    cd /Users/harishvishwakarma/Handy/Archem/pepchat-ios/Revolt.xcodeproj
    builtin-Swift-Compilation -- /Applications/Xcode.app/Contents/Developer/Toolchains/XcodeDefault.xctoolchain/usr/bin/swiftc -module-name SwiftCompilerPlugin -Onone -enforce-exclusivity\=checked @/Users/harishvishwakarma/Library/Developer/Xcode/DerivedData/Revolt-dharrjsambcimaaziudpvzjdcigm/Build/Intermediates.noindex/swift-syntax.build/Debug/SwiftCompilerPlugin.build/Objects-normal/arm64/SwiftCompilerPlugin.SwiftFileList -DSWIFT_PACKAGE -DDEBUG -DXcode -plugin-path /Applications/Xcode.app/Contents/Developer/Toolchains/XcodeDefault.xctoolchain/usr/lib/swift/host/plugins/testing -enable-experimental-feature DebugDescriptionMacro -sdk /Applications/Xcode.app/Contents/Developer/Platforms/MacOSX.platform/Developer/SDKs/MacOSX15.5.sdk -target arm64-apple-macos10.15 -g -module-cache-path /Users/harishvishwakarma/Library/Developer/Xcode/DerivedData/ModuleCache.noindex -Xfrontend -serialize-debugging-options -enable-testing -suppress-warnings -index-store-path /Users/harishvishwakarma/Library/Developer/Xcode/DerivedData/Revolt-dharrjsambcimaaziudpvzjdcigm/Index.noindex/DataStore -swift-version 5 -I /Users/harishvishwakarma/Library/Developer/Xcode/DerivedData/Revolt-dharrjsambcimaaziudpvzjdcigm/Build/Products/Debug -I /Applications/Xcode.app/Contents/Developer/Platforms/MacOSX.platform/Developer/usr/lib -F /Users/harishvishwakarma/Library/Developer/Xcode/DerivedData/Revolt-dharrjsambcimaaziudpvzjdcigm/Build/Products/Debug/PackageFrameworks -F /Users/harishvishwakarma/Library/Developer/Xcode/DerivedData/Revolt-dharrjsambcimaaziudpvzjdcigm/Build/Products/Debug/PackageFrameworks -F /Users/harishvishwakarma/Library/Developer/Xcode/DerivedData/Revolt-dharrjsambcimaaziudpvzjdcigm/Build/Products/Debug/PackageFrameworks -F /Users/harishvishwakarma/Library/Developer/Xcode/DerivedData/Revolt-dharrjsambcimaaziudpvzjdcigm/Build/Products/Debug/PackageFrameworks -F /Users/harishvishwakarma/Library/Developer/Xcode/DerivedData/Revolt-dharrjsambcimaaziudpvzjdcigm/Build/Products/Debug/PackageFrameworks -F /Users/harishvishwakarma/Library/Developer/Xcode/DerivedData/Revolt-dharrjsambcimaaziudpvzjdcigm/Build/Products/Debug/PackageFrameworks -F /Users/harishvishwakarma/Library/Developer/Xcode/DerivedData/Revolt-dharrjsambcimaaziudpvzjdcigm/Build/Products/Debug/PackageFrameworks -F /Users/harishvishwakarma/Library/Developer/Xcode/DerivedData/Revolt-dharrjsambcimaaziudpvzjdcigm/Build/Products/Debug/PackageFrameworks -F /Users/harishvishwakarma/Library/Developer/Xcode/DerivedData/Revolt-dharrjsambcimaaziudpvzjdcigm/Build/Products/Debug/PackageFrameworks -F /Users/harishvishwakarma/Library/Developer/Xcode/DerivedData/Revolt-dharrjsambcimaaziudpvzjdcigm/Build/Products/Debug/PackageFrameworks -F /Users/harishvishwakarma/Library/Developer/Xcode/DerivedData/Revolt-dharrjsambcimaaziudpvzjdcigm/Build/Products/Debug/PackageFrameworks -F /Users/harishvishwakarma/Library/Developer/Xcode/DerivedData/Revolt-dharrjsambcimaaziudpvzjdcigm/Build/Products/Debug -F /Applications/Xcode.app/Contents/Developer/Platforms/MacOSX.platform/Developer/Library/Frameworks -parse-as-library -c -j12 -enable-batch-mode -incremental -Xcc -ivfsstatcache -Xcc /Users/harishvishwakarma/Library/Developer/Xcode/DerivedData/SDKStatCaches.noindex/macosx15.5-24F74-8254517eb8b97d462ccbc072ba9094c9.sdkstatcache -output-file-map /Users/harishvishwakarma/Library/Developer/Xcode/DerivedData/Revolt-dharrjsambcimaaziudpvzjdcigm/Build/Intermediates.noindex/swift-syntax.build/Debug/SwiftCompilerPlugin.build/Objects-normal/arm64/SwiftCompilerPlugin-OutputFileMap.json -use-frontend-parseable-output -save-temps -no-color-diagnostics -serialize-diagnostics -emit-dependencies -emit-module -emit-module-path /Users/harishvishwakarma/Library/Developer/Xcode/DerivedData/Revolt-dharrjsambcimaaziudpvzjdcigm/Build/Intermediates.noindex/swift-syntax.build/Debug/SwiftCompilerPlugin.build/Objects-normal/arm64/SwiftCompilerPlugin.swiftmodule -validate-clang-modules-once -clang-build-session-file /Users/harishvishwakarma/Library/Developer/Xcode/DerivedData/ModuleCache.noindex/Session.modulevalidation -Xcc -I/Users/harishvishwakarma/Library/Developer/Xcode/DerivedData/Revolt-dharrjsambcimaaziudpvzjdcigm/Build/Intermediates.noindex/swift-syntax.build/Debug/SwiftCompilerPlugin.build/swift-overrides.hmap -emit-const-values -Xfrontend -const-gather-protocols-file -Xfrontend /Users/harishvishwakarma/Library/Developer/Xcode/DerivedData/Revolt-dharrjsambcimaaziudpvzjdcigm/Build/Intermediates.noindex/swift-syntax.build/Debug/SwiftCompilerPlugin.build/Objects-normal/arm64/SwiftCompilerPlugin_const_extract_protocols.json -Xcc -I/Users/harishvishwakarma/Library/Developer/Xcode/DerivedData/Revolt-dharrjsambcimaaziudpvzjdcigm/Build/Products/Debug/include -Xcc -I/Users/harishvishwakarma/Library/Developer/Xcode/DerivedData/Revolt-dharrjsambcimaaziudpvzjdcigm/Build/Intermediates.noindex/swift-syntax.build/Debug/SwiftCompilerPlugin.build/DerivedSources-normal/arm64 -Xcc -I/Users/harishvishwakarma/Library/Developer/Xcode/DerivedData/Revolt-dharrjsambcimaaziudpvzjdcigm/Build/Intermediates.noindex/swift-syntax.build/Debug/SwiftCompilerPlugin.build/DerivedSources/arm64 -Xcc -I/Users/harishvishwakarma/Library/Developer/Xcode/DerivedData/Revolt-dharrjsambcimaaziudpvzjdcigm/Build/Intermediates.noindex/swift-syntax.build/Debug/SwiftCompilerPlugin.build/DerivedSources -Xcc -DSWIFT_PACKAGE -Xcc -DDEBUG\=1 -emit-objc-header -emit-objc-header-path /Users/harishvishwakarma/Library/Developer/Xcode/DerivedData/Revolt-dharrjsambcimaaziudpvzjdcigm/Build/Intermediates.noindex/swift-syntax.build/Debug/SwiftCompilerPlugin.build/Objects-normal/arm64/SwiftCompilerPlugin-Swift.h -working-directory /Users/harishvishwakarma/Handy/Archem/pepchat-ios/Revolt.xcodeproj -experimental-emit-module-separately -disable-cmo

SwiftDriverJobDiscovery normal x86_64 Compiling CompilerPlugin.swift (in target 'SwiftCompilerPlugin' from project 'swift-syntax')

SwiftDriver\ Compilation SwiftCompilerPlugin normal x86_64 com.apple.xcode.tools.swift.compiler (in target 'SwiftCompilerPlugin' from project 'swift-syntax')
    cd /Users/harishvishwakarma/Handy/Archem/pepchat-ios/Revolt.xcodeproj
    builtin-Swift-Compilation -- /Applications/Xcode.app/Contents/Developer/Toolchains/XcodeDefault.xctoolchain/usr/bin/swiftc -module-name SwiftCompilerPlugin -Onone -enforce-exclusivity\=checked @/Users/harishvishwakarma/Library/Developer/Xcode/DerivedData/Revolt-dharrjsambcimaaziudpvzjdcigm/Build/Intermediates.noindex/swift-syntax.build/Debug/SwiftCompilerPlugin.build/Objects-normal/x86_64/SwiftCompilerPlugin.SwiftFileList -DSWIFT_PACKAGE -DDEBUG -DXcode -plugin-path /Applications/Xcode.app/Contents/Developer/Toolchains/XcodeDefault.xctoolchain/usr/lib/swift/host/plugins/testing -enable-experimental-feature DebugDescriptionMacro -sdk /Applications/Xcode.app/Contents/Developer/Platforms/MacOSX.platform/Developer/SDKs/MacOSX15.5.sdk -target x86_64-apple-macos10.15 -g -module-cache-path /Users/harishvishwakarma/Library/Developer/Xcode/DerivedData/ModuleCache.noindex -Xfrontend -serialize-debugging-options -enable-testing -suppress-warnings -index-store-path /Users/harishvishwakarma/Library/Developer/Xcode/DerivedData/Revolt-dharrjsambcimaaziudpvzjdcigm/Index.noindex/DataStore -swift-version 5 -I /Users/harishvishwakarma/Library/Developer/Xcode/DerivedData/Revolt-dharrjsambcimaaziudpvzjdcigm/Build/Products/Debug -I /Applications/Xcode.app/Contents/Developer/Platforms/MacOSX.platform/Developer/usr/lib -F /Users/harishvishwakarma/Library/Developer/Xcode/DerivedData/Revolt-dharrjsambcimaaziudpvzjdcigm/Build/Products/Debug/PackageFrameworks -F /Users/harishvishwakarma/Library/Developer/Xcode/DerivedData/Revolt-dharrjsambcimaaziudpvzjdcigm/Build/Products/Debug/PackageFrameworks -F /Users/harishvishwakarma/Library/Developer/Xcode/DerivedData/Revolt-dharrjsambcimaaziudpvzjdcigm/Build/Products/Debug/PackageFrameworks -F /Users/harishvishwakarma/Library/Developer/Xcode/DerivedData/Revolt-dharrjsambcimaaziudpvzjdcigm/Build/Products/Debug/PackageFrameworks -F /Users/harishvishwakarma/Library/Developer/Xcode/DerivedData/Revolt-dharrjsambcimaaziudpvzjdcigm/Build/Products/Debug/PackageFrameworks -F /Users/harishvishwakarma/Library/Developer/Xcode/DerivedData/Revolt-dharrjsambcimaaziudpvzjdcigm/Build/Products/Debug/PackageFrameworks -F /Users/harishvishwakarma/Library/Developer/Xcode/DerivedData/Revolt-dharrjsambcimaaziudpvzjdcigm/Build/Products/Debug/PackageFrameworks -F /Users/harishvishwakarma/Library/Developer/Xcode/DerivedData/Revolt-dharrjsambcimaaziudpvzjdcigm/Build/Products/Debug/PackageFrameworks -F /Users/harishvishwakarma/Library/Developer/Xcode/DerivedData/Revolt-dharrjsambcimaaziudpvzjdcigm/Build/Products/Debug/PackageFrameworks -F /Users/harishvishwakarma/Library/Developer/Xcode/DerivedData/Revolt-dharrjsambcimaaziudpvzjdcigm/Build/Products/Debug/PackageFrameworks -F /Users/harishvishwakarma/Library/Developer/Xcode/DerivedData/Revolt-dharrjsambcimaaziudpvzjdcigm/Build/Products/Debug/PackageFrameworks -F /Users/harishvishwakarma/Library/Developer/Xcode/DerivedData/Revolt-dharrjsambcimaaziudpvzjdcigm/Build/Products/Debug -F /Applications/Xcode.app/Contents/Developer/Platforms/MacOSX.platform/Developer/Library/Frameworks -parse-as-library -c -j12 -enable-batch-mode -incremental -Xcc -ivfsstatcache -Xcc /Users/harishvishwakarma/Library/Developer/Xcode/DerivedData/SDKStatCaches.noindex/macosx15.5-24F74-8254517eb8b97d462ccbc072ba9094c9.sdkstatcache -output-file-map /Users/harishvishwakarma/Library/Developer/Xcode/DerivedData/Revolt-dharrjsambcimaaziudpvzjdcigm/Build/Intermediates.noindex/swift-syntax.build/Debug/SwiftCompilerPlugin.build/Objects-normal/x86_64/SwiftCompilerPlugin-OutputFileMap.json -use-frontend-parseable-output -save-temps -no-color-diagnostics -serialize-diagnostics -emit-dependencies -emit-module -emit-module-path /Users/harishvishwakarma/Library/Developer/Xcode/DerivedData/Revolt-dharrjsambcimaaziudpvzjdcigm/Build/Intermediates.noindex/swift-syntax.build/Debug/SwiftCompilerPlugin.build/Objects-normal/x86_64/SwiftCompilerPlugin.swiftmodule -validate-clang-modules-once -clang-build-session-file /Users/harishvishwakarma/Library/Developer/Xcode/DerivedData/ModuleCache.noindex/Session.modulevalidation -Xcc -I/Users/harishvishwakarma/Library/Developer/Xcode/DerivedData/Revolt-dharrjsambcimaaziudpvzjdcigm/Build/Intermediates.noindex/swift-syntax.build/Debug/SwiftCompilerPlugin.build/swift-overrides.hmap -emit-const-values -Xfrontend -const-gather-protocols-file -Xfrontend /Users/harishvishwakarma/Library/Developer/Xcode/DerivedData/Revolt-dharrjsambcimaaziudpvzjdcigm/Build/Intermediates.noindex/swift-syntax.build/Debug/SwiftCompilerPlugin.build/Objects-normal/x86_64/SwiftCompilerPlugin_const_extract_protocols.json -Xcc -I/Users/harishvishwakarma/Library/Developer/Xcode/DerivedData/Revolt-dharrjsambcimaaziudpvzjdcigm/Build/Products/Debug/include -Xcc -I/Users/harishvishwakarma/Library/Developer/Xcode/DerivedData/Revolt-dharrjsambcimaaziudpvzjdcigm/Build/Intermediates.noindex/swift-syntax.build/Debug/SwiftCompilerPlugin.build/DerivedSources-normal/x86_64 -Xcc -I/Users/harishvishwakarma/Library/Developer/Xcode/DerivedData/Revolt-dharrjsambcimaaziudpvzjdcigm/Build/Intermediates.noindex/swift-syntax.build/Debug/SwiftCompilerPlugin.build/DerivedSources/x86_64 -Xcc -I/Users/harishvishwakarma/Library/Developer/Xcode/DerivedData/Revolt-dharrjsambcimaaziudpvzjdcigm/Build/Intermediates.noindex/swift-syntax.build/Debug/SwiftCompilerPlugin.build/DerivedSources -Xcc -DSWIFT_PACKAGE -Xcc -DDEBUG\=1 -emit-objc-header -emit-objc-header-path /Users/harishvishwakarma/Library/Developer/Xcode/DerivedData/Revolt-dharrjsambcimaaziudpvzjdcigm/Build/Intermediates.noindex/swift-syntax.build/Debug/SwiftCompilerPlugin.build/Objects-normal/x86_64/SwiftCompilerPlugin-Swift.h -working-directory /Users/harishvishwakarma/Handy/Archem/pepchat-ios/Revolt.xcodeproj -experimental-emit-module-separately -disable-cmo

ExtractAppIntentsMetadata (in target 'SwiftCompilerPluginMessageHandling' from project 'swift-syntax')
    cd /Users/harishvishwakarma/Library/Developer/Xcode/DerivedData/Revolt-dharrjsambcimaaziudpvzjdcigm/SourcePackages/checkouts/swift-syntax
    /Applications/Xcode.app/Contents/Developer/Toolchains/XcodeDefault.xctoolchain/usr/bin/appintentsmetadataprocessor --toolchain-dir /Applications/Xcode.app/Contents/Developer/Toolchains/XcodeDefault.xctoolchain --module-name SwiftCompilerPluginMessageHandling --sdk-root /Applications/Xcode.app/Contents/Developer/Platforms/MacOSX.platform/Developer/SDKs/MacOSX15.5.sdk --xcode-version 16F6 --platform-family macOS --deployment-target 10.15 --bundle-identifier swift-syntax.SwiftCompilerPluginMessageHandling --output /Users/harishvishwakarma/Library/Developer/Xcode/DerivedData/Revolt-dharrjsambcimaaziudpvzjdcigm/Build/Products/Debug/SwiftCompilerPluginMessageHandling.appintents --target-triple arm64-apple-macos10.15 --target-triple x86_64-apple-macos10.15 --binary-file /Users/harishvishwakarma/Library/Developer/Xcode/DerivedData/Revolt-dharrjsambcimaaziudpvzjdcigm/Build/Products/Debug/SwiftCompilerPluginMessageHandling.o --dependency-file /Users/harishvishwakarma/Library/Developer/Xcode/DerivedData/Revolt-dharrjsambcimaaziudpvzjdcigm/Build/Intermediates.noindex/swift-syntax.build/Debug/SwiftCompilerPluginMessageHandling.build/Objects-normal/arm64/SwiftCompilerPluginMessageHandling_dependency_info.dat --dependency-file /Users/harishvishwakarma/Library/Developer/Xcode/DerivedData/Revolt-dharrjsambcimaaziudpvzjdcigm/Build/Intermediates.noindex/swift-syntax.build/Debug/SwiftCompilerPluginMessageHandling.build/Objects-normal/x86_64/SwiftCompilerPluginMessageHandling_dependency_info.dat --stringsdata-file /Users/harishvishwakarma/Library/Developer/Xcode/DerivedData/Revolt-dharrjsambcimaaziudpvzjdcigm/Build/Intermediates.noindex/swift-syntax.build/Debug/SwiftCompilerPluginMessageHandling.build/Objects-normal/arm64/ExtractedAppShortcutsMetadata.stringsdata --stringsdata-file /Users/harishvishwakarma/Library/Developer/Xcode/DerivedData/Revolt-dharrjsambcimaaziudpvzjdcigm/Build/Intermediates.noindex/swift-syntax.build/Debug/SwiftCompilerPluginMessageHandling.build/Objects-normal/x86_64/ExtractedAppShortcutsMetadata.stringsdata --source-file-list /Users/harishvishwakarma/Library/Developer/Xcode/DerivedData/Revolt-dharrjsambcimaaziudpvzjdcigm/Build/Intermediates.noindex/swift-syntax.build/Debug/SwiftCompilerPluginMessageHandling.build/Objects-normal/arm64/SwiftCompilerPluginMessageHandling.SwiftFileList --source-file-list /Users/harishvishwakarma/Library/Developer/Xcode/DerivedData/Revolt-dharrjsambcimaaziudpvzjdcigm/Build/Intermediates.noindex/swift-syntax.build/Debug/SwiftCompilerPluginMessageHandling.build/Objects-normal/x86_64/SwiftCompilerPluginMessageHandling.SwiftFileList --metadata-file-list /Users/harishvishwakarma/Library/Developer/Xcode/DerivedData/Revolt-dharrjsambcimaaziudpvzjdcigm/Build/Intermediates.noindex/swift-syntax.build/Debug/SwiftCompilerPluginMessageHandling.build/SwiftCompilerPluginMessageHandling.DependencyMetadataFileList --static-metadata-file-list /Users/harishvishwakarma/Library/Developer/Xcode/DerivedData/Revolt-dharrjsambcimaaziudpvzjdcigm/Build/Intermediates.noindex/swift-syntax.build/Debug/SwiftCompilerPluginMessageHandling.build/SwiftCompilerPluginMessageHandling.DependencyStaticMetadataFileList --swift-const-vals-list /Users/harishvishwakarma/Library/Developer/Xcode/DerivedData/Revolt-dharrjsambcimaaziudpvzjdcigm/Build/Intermediates.noindex/swift-syntax.build/Debug/SwiftCompilerPluginMessageHandling.build/Objects-normal/arm64/SwiftCompilerPluginMessageHandling.SwiftConstValuesFileList --swift-const-vals-list /Users/harishvishwakarma/Library/Developer/Xcode/DerivedData/Revolt-dharrjsambcimaaziudpvzjdcigm/Build/Intermediates.noindex/swift-syntax.build/Debug/SwiftCompilerPluginMessageHandling.build/Objects-normal/x86_64/SwiftCompilerPluginMessageHandling.SwiftConstValuesFileList --force --compile-time-extraction --deployment-aware-processing --validate-assistant-intents --no-app-shortcuts-localization
2026-01-08 18:38:52.251 appintentsmetadataprocessor[99955:1139793] Starting appintentsmetadataprocessor export
2026-01-08 18:38:52.297 appintentsmetadataprocessor[99955:1139793] Extracted no relevant App Intents symbols, skipping writing output

RegisterExecutionPolicyException /Users/harishvishwakarma/Library/Developer/Xcode/DerivedData/Revolt-dharrjsambcimaaziudpvzjdcigm/Build/Products/Debug/SwiftCompilerPluginMessageHandling.o (in target 'SwiftCompilerPluginMessageHandling' from project 'swift-syntax')
    cd /Users/harishvishwakarma/Library/Developer/Xcode/DerivedData/Revolt-dharrjsambcimaaziudpvzjdcigm/SourcePackages/checkouts/swift-syntax
    builtin-RegisterExecutionPolicyException /Users/harishvishwakarma/Library/Developer/Xcode/DerivedData/Revolt-dharrjsambcimaaziudpvzjdcigm/Build/Products/Debug/SwiftCompilerPluginMessageHandling.o

Ld /Users/harishvishwakarma/Library/Developer/Xcode/DerivedData/Revolt-dharrjsambcimaaziudpvzjdcigm/Build/Intermediates.noindex/swift-syntax.build/Debug/SwiftCompilerPlugin.build/Objects-normal/x86_64/Binary/SwiftCompilerPlugin.o normal x86_64 (in target 'SwiftCompilerPlugin' from project 'swift-syntax')
    cd /Users/harishvishwakarma/Library/Developer/Xcode/DerivedData/Revolt-dharrjsambcimaaziudpvzjdcigm/SourcePackages/checkouts/swift-syntax
    /Applications/Xcode.app/Contents/Developer/Toolchains/XcodeDefault.xctoolchain/usr/bin/clang -Xlinker -reproducible -target x86_64-apple-macos10.15 -r -isysroot /Applications/Xcode.app/Contents/Developer/Platforms/MacOSX.platform/Developer/SDKs/MacOSX15.5.sdk -O0 -w -L/Users/harishvishwakarma/Library/Developer/Xcode/DerivedData/Revolt-dharrjsambcimaaziudpvzjdcigm/Build/Intermediates.noindex/EagerLinkingTBDs/Debug -L/Users/harishvishwakarma/Library/Developer/Xcode/DerivedData/Revolt-dharrjsambcimaaziudpvzjdcigm/Build/Products/Debug -L/Applications/Xcode.app/Contents/Developer/Platforms/MacOSX.platform/Developer/usr/lib -F/Users/harishvishwakarma/Library/Developer/Xcode/DerivedData/Revolt-dharrjsambcimaaziudpvzjdcigm/Build/Intermediates.noindex/EagerLinkingTBDs/Debug -F/Users/harishvishwakarma/Library/Developer/Xcode/DerivedData/Revolt-dharrjsambcimaaziudpvzjdcigm/Build/Products/Debug/PackageFrameworks -F/Users/harishvishwakarma/Library/Developer/Xcode/DerivedData/Revolt-dharrjsambcimaaziudpvzjdcigm/Build/Products/Debug/PackageFrameworks -F/Users/harishvishwakarma/Library/Developer/Xcode/DerivedData/Revolt-dharrjsambcimaaziudpvzjdcigm/Build/Products/Debug/PackageFrameworks -F/Users/harishvishwakarma/Library/Developer/Xcode/DerivedData/Revolt-dharrjsambcimaaziudpvzjdcigm/Build/Products/Debug/PackageFrameworks -F/Users/harishvishwakarma/Library/Developer/Xcode/DerivedData/Revolt-dharrjsambcimaaziudpvzjdcigm/Build/Products/Debug/PackageFrameworks -F/Users/harishvishwakarma/Library/Developer/Xcode/DerivedData/Revolt-dharrjsambcimaaziudpvzjdcigm/Build/Products/Debug/PackageFrameworks -F/Users/harishvishwakarma/Library/Developer/Xcode/DerivedData/Revolt-dharrjsambcimaaziudpvzjdcigm/Build/Products/Debug/PackageFrameworks -F/Users/harishvishwakarma/Library/Developer/Xcode/DerivedData/Revolt-dharrjsambcimaaziudpvzjdcigm/Build/Products/Debug/PackageFrameworks -F/Users/harishvishwakarma/Library/Developer/Xcode/DerivedData/Revolt-dharrjsambcimaaziudpvzjdcigm/Build/Products/Debug/PackageFrameworks -F/Users/harishvishwakarma/Library/Developer/Xcode/DerivedData/Revolt-dharrjsambcimaaziudpvzjdcigm/Build/Products/Debug/PackageFrameworks -F/Users/harishvishwakarma/Library/Developer/Xcode/DerivedData/Revolt-dharrjsambcimaaziudpvzjdcigm/Build/Products/Debug/PackageFrameworks -F/Users/harishvishwakarma/Library/Developer/Xcode/DerivedData/Revolt-dharrjsambcimaaziudpvzjdcigm/Build/Products/Debug -iframework /Applications/Xcode.app/Contents/Developer/Platforms/MacOSX.platform/Developer/Library/Frameworks -filelist /Users/harishvishwakarma/Library/Developer/Xcode/DerivedData/Revolt-dharrjsambcimaaziudpvzjdcigm/Build/Intermediates.noindex/swift-syntax.build/Debug/SwiftCompilerPlugin.build/Objects-normal/x86_64/SwiftCompilerPlugin.LinkFileList -nostdlib -Xlinker -object_path_lto -Xlinker /Users/harishvishwakarma/Library/Developer/Xcode/DerivedData/Revolt-dharrjsambcimaaziudpvzjdcigm/Build/Intermediates.noindex/swift-syntax.build/Debug/SwiftCompilerPlugin.build/Objects-normal/x86_64/SwiftCompilerPlugin_lto.o -rdynamic -Xlinker -no_deduplicate -Xlinker -dependency_info -Xlinker /Users/harishvishwakarma/Library/Developer/Xcode/DerivedData/Revolt-dharrjsambcimaaziudpvzjdcigm/Build/Intermediates.noindex/swift-syntax.build/Debug/SwiftCompilerPlugin.build/Objects-normal/x86_64/SwiftCompilerPlugin_dependency_info.dat -fobjc-link-runtime -L/Applications/Xcode.app/Contents/Developer/Toolchains/XcodeDefault.xctoolchain/usr/lib/swift/macosx -L/usr/lib/swift -Xlinker -add_ast_path -Xlinker /Users/harishvishwakarma/Library/Developer/Xcode/DerivedData/Revolt-dharrjsambcimaaziudpvzjdcigm/Build/Intermediates.noindex/swift-syntax.build/Debug/SwiftCompilerPlugin.build/Objects-normal/x86_64/SwiftCompilerPlugin.swiftmodule -o /Users/harishvishwakarma/Library/Developer/Xcode/DerivedData/Revolt-dharrjsambcimaaziudpvzjdcigm/Build/Intermediates.noindex/swift-syntax.build/Debug/SwiftCompilerPlugin.build/Objects-normal/x86_64/Binary/SwiftCompilerPlugin.o

Ld /Users/harishvishwakarma/Library/Developer/Xcode/DerivedData/Revolt-dharrjsambcimaaziudpvzjdcigm/Build/Intermediates.noindex/swift-syntax.build/Debug/SwiftCompilerPlugin.build/Objects-normal/arm64/Binary/SwiftCompilerPlugin.o normal arm64 (in target 'SwiftCompilerPlugin' from project 'swift-syntax')
    cd /Users/harishvishwakarma/Library/Developer/Xcode/DerivedData/Revolt-dharrjsambcimaaziudpvzjdcigm/SourcePackages/checkouts/swift-syntax
    /Applications/Xcode.app/Contents/Developer/Toolchains/XcodeDefault.xctoolchain/usr/bin/clang -Xlinker -reproducible -target arm64-apple-macos10.15 -r -isysroot /Applications/Xcode.app/Contents/Developer/Platforms/MacOSX.platform/Developer/SDKs/MacOSX15.5.sdk -O0 -w -L/Users/harishvishwakarma/Library/Developer/Xcode/DerivedData/Revolt-dharrjsambcimaaziudpvzjdcigm/Build/Intermediates.noindex/EagerLinkingTBDs/Debug -L/Users/harishvishwakarma/Library/Developer/Xcode/DerivedData/Revolt-dharrjsambcimaaziudpvzjdcigm/Build/Products/Debug -L/Applications/Xcode.app/Contents/Developer/Platforms/MacOSX.platform/Developer/usr/lib -F/Users/harishvishwakarma/Library/Developer/Xcode/DerivedData/Revolt-dharrjsambcimaaziudpvzjdcigm/Build/Intermediates.noindex/EagerLinkingTBDs/Debug -F/Users/harishvishwakarma/Library/Developer/Xcode/DerivedData/Revolt-dharrjsambcimaaziudpvzjdcigm/Build/Products/Debug/PackageFrameworks -F/Users/harishvishwakarma/Library/Developer/Xcode/DerivedData/Revolt-dharrjsambcimaaziudpvzjdcigm/Build/Products/Debug/PackageFrameworks -F/Users/harishvishwakarma/Library/Developer/Xcode/DerivedData/Revolt-dharrjsambcimaaziudpvzjdcigm/Build/Products/Debug/PackageFrameworks -F/Users/harishvishwakarma/Library/Developer/Xcode/DerivedData/Revolt-dharrjsambcimaaziudpvzjdcigm/Build/Products/Debug/PackageFrameworks -F/Users/harishvishwakarma/Library/Developer/Xcode/DerivedData/Revolt-dharrjsambcimaaziudpvzjdcigm/Build/Products/Debug/PackageFrameworks -F/Users/harishvishwakarma/Library/Developer/Xcode/DerivedData/Revolt-dharrjsambcimaaziudpvzjdcigm/Build/Products/Debug/PackageFrameworks -F/Users/harishvishwakarma/Library/Developer/Xcode/DerivedData/Revolt-dharrjsambcimaaziudpvzjdcigm/Build/Products/Debug/PackageFrameworks -F/Users/harishvishwakarma/Library/Developer/Xcode/DerivedData/Revolt-dharrjsambcimaaziudpvzjdcigm/Build/Products/Debug/PackageFrameworks -F/Users/harishvishwakarma/Library/Developer/Xcode/DerivedData/Revolt-dharrjsambcimaaziudpvzjdcigm/Build/Products/Debug/PackageFrameworks -F/Users/harishvishwakarma/Library/Developer/Xcode/DerivedData/Revolt-dharrjsambcimaaziudpvzjdcigm/Build/Products/Debug/PackageFrameworks -F/Users/harishvishwakarma/Library/Developer/Xcode/DerivedData/Revolt-dharrjsambcimaaziudpvzjdcigm/Build/Products/Debug/PackageFrameworks -F/Users/harishvishwakarma/Library/Developer/Xcode/DerivedData/Revolt-dharrjsambcimaaziudpvzjdcigm/Build/Products/Debug -iframework /Applications/Xcode.app/Contents/Developer/Platforms/MacOSX.platform/Developer/Library/Frameworks -filelist /Users/harishvishwakarma/Library/Developer/Xcode/DerivedData/Revolt-dharrjsambcimaaziudpvzjdcigm/Build/Intermediates.noindex/swift-syntax.build/Debug/SwiftCompilerPlugin.build/Objects-normal/arm64/SwiftCompilerPlugin.LinkFileList -nostdlib -Xlinker -object_path_lto -Xlinker /Users/harishvishwakarma/Library/Developer/Xcode/DerivedData/Revolt-dharrjsambcimaaziudpvzjdcigm/Build/Intermediates.noindex/swift-syntax.build/Debug/SwiftCompilerPlugin.build/Objects-normal/arm64/SwiftCompilerPlugin_lto.o -rdynamic -Xlinker -no_deduplicate -Xlinker -dependency_info -Xlinker /Users/harishvishwakarma/Library/Developer/Xcode/DerivedData/Revolt-dharrjsambcimaaziudpvzjdcigm/Build/Intermediates.noindex/swift-syntax.build/Debug/SwiftCompilerPlugin.build/Objects-normal/arm64/SwiftCompilerPlugin_dependency_info.dat -fobjc-link-runtime -L/Applications/Xcode.app/Contents/Developer/Toolchains/XcodeDefault.xctoolchain/usr/lib/swift/macosx -L/usr/lib/swift -Xlinker -add_ast_path -Xlinker /Users/harishvishwakarma/Library/Developer/Xcode/DerivedData/Revolt-dharrjsambcimaaziudpvzjdcigm/Build/Intermediates.noindex/swift-syntax.build/Debug/SwiftCompilerPlugin.build/Objects-normal/arm64/SwiftCompilerPlugin.swiftmodule -o /Users/harishvishwakarma/Library/Developer/Xcode/DerivedData/Revolt-dharrjsambcimaaziudpvzjdcigm/Build/Intermediates.noindex/swift-syntax.build/Debug/SwiftCompilerPlugin.build/Objects-normal/arm64/Binary/SwiftCompilerPlugin.o

CreateUniversalBinary /Users/harishvishwakarma/Library/Developer/Xcode/DerivedData/Revolt-dharrjsambcimaaziudpvzjdcigm/Build/Products/Debug/SwiftCompilerPlugin.o normal arm64\ x86_64 (in target 'SwiftCompilerPlugin' from project 'swift-syntax')
    cd /Users/harishvishwakarma/Library/Developer/Xcode/DerivedData/Revolt-dharrjsambcimaaziudpvzjdcigm/SourcePackages/checkouts/swift-syntax
    /Applications/Xcode.app/Contents/Developer/Toolchains/XcodeDefault.xctoolchain/usr/bin/lipo -create /Users/harishvishwakarma/Library/Developer/Xcode/DerivedData/Revolt-dharrjsambcimaaziudpvzjdcigm/Build/Intermediates.noindex/swift-syntax.build/Debug/SwiftCompilerPlugin.build/Objects-normal/arm64/Binary/SwiftCompilerPlugin.o /Users/harishvishwakarma/Library/Developer/Xcode/DerivedData/Revolt-dharrjsambcimaaziudpvzjdcigm/Build/Intermediates.noindex/swift-syntax.build/Debug/SwiftCompilerPlugin.build/Objects-normal/x86_64/Binary/SwiftCompilerPlugin.o -output /Users/harishvishwakarma/Library/Developer/Xcode/DerivedData/Revolt-dharrjsambcimaaziudpvzjdcigm/Build/Products/Debug/SwiftCompilerPlugin.o

ExtractAppIntentsMetadata (in target 'SwiftCompilerPlugin' from project 'swift-syntax')
    cd /Users/harishvishwakarma/Library/Developer/Xcode/DerivedData/Revolt-dharrjsambcimaaziudpvzjdcigm/SourcePackages/checkouts/swift-syntax
    /Applications/Xcode.app/Contents/Developer/Toolchains/XcodeDefault.xctoolchain/usr/bin/appintentsmetadataprocessor --toolchain-dir /Applications/Xcode.app/Contents/Developer/Toolchains/XcodeDefault.xctoolchain --module-name SwiftCompilerPlugin --sdk-root /Applications/Xcode.app/Contents/Developer/Platforms/MacOSX.platform/Developer/SDKs/MacOSX15.5.sdk --xcode-version 16F6 --platform-family macOS --deployment-target 10.15 --bundle-identifier swift-syntax.SwiftCompilerPlugin --output /Users/harishvishwakarma/Library/Developer/Xcode/DerivedData/Revolt-dharrjsambcimaaziudpvzjdcigm/Build/Products/Debug/SwiftCompilerPlugin.appintents --target-triple arm64-apple-macos10.15 --target-triple x86_64-apple-macos10.15 --binary-file /Users/harishvishwakarma/Library/Developer/Xcode/DerivedData/Revolt-dharrjsambcimaaziudpvzjdcigm/Build/Products/Debug/SwiftCompilerPlugin.o --dependency-file /Users/harishvishwakarma/Library/Developer/Xcode/DerivedData/Revolt-dharrjsambcimaaziudpvzjdcigm/Build/Intermediates.noindex/swift-syntax.build/Debug/SwiftCompilerPlugin.build/Objects-normal/arm64/SwiftCompilerPlugin_dependency_info.dat --dependency-file /Users/harishvishwakarma/Library/Developer/Xcode/DerivedData/Revolt-dharrjsambcimaaziudpvzjdcigm/Build/Intermediates.noindex/swift-syntax.build/Debug/SwiftCompilerPlugin.build/Objects-normal/x86_64/SwiftCompilerPlugin_dependency_info.dat --stringsdata-file /Users/harishvishwakarma/Library/Developer/Xcode/DerivedData/Revolt-dharrjsambcimaaziudpvzjdcigm/Build/Intermediates.noindex/swift-syntax.build/Debug/SwiftCompilerPlugin.build/Objects-normal/arm64/ExtractedAppShortcutsMetadata.stringsdata --stringsdata-file /Users/harishvishwakarma/Library/Developer/Xcode/DerivedData/Revolt-dharrjsambcimaaziudpvzjdcigm/Build/Intermediates.noindex/swift-syntax.build/Debug/SwiftCompilerPlugin.build/Objects-normal/x86_64/ExtractedAppShortcutsMetadata.stringsdata --source-file-list /Users/harishvishwakarma/Library/Developer/Xcode/DerivedData/Revolt-dharrjsambcimaaziudpvzjdcigm/Build/Intermediates.noindex/swift-syntax.build/Debug/SwiftCompilerPlugin.build/Objects-normal/arm64/SwiftCompilerPlugin.SwiftFileList --source-file-list /Users/harishvishwakarma/Library/Developer/Xcode/DerivedData/Revolt-dharrjsambcimaaziudpvzjdcigm/Build/Intermediates.noindex/swift-syntax.build/Debug/SwiftCompilerPlugin.build/Objects-normal/x86_64/SwiftCompilerPlugin.SwiftFileList --metadata-file-list /Users/harishvishwakarma/Library/Developer/Xcode/DerivedData/Revolt-dharrjsambcimaaziudpvzjdcigm/Build/Intermediates.noindex/swift-syntax.build/Debug/SwiftCompilerPlugin.build/SwiftCompilerPlugin.DependencyMetadataFileList --static-metadata-file-list /Users/harishvishwakarma/Library/Developer/Xcode/DerivedData/Revolt-dharrjsambcimaaziudpvzjdcigm/Build/Intermediates.noindex/swift-syntax.build/Debug/SwiftCompilerPlugin.build/SwiftCompilerPlugin.DependencyStaticMetadataFileList --swift-const-vals-list /Users/harishvishwakarma/Library/Developer/Xcode/DerivedData/Revolt-dharrjsambcimaaziudpvzjdcigm/Build/Intermediates.noindex/swift-syntax.build/Debug/SwiftCompilerPlugin.build/Objects-normal/arm64/SwiftCompilerPlugin.SwiftConstValuesFileList --swift-const-vals-list /Users/harishvishwakarma/Library/Developer/Xcode/DerivedData/Revolt-dharrjsambcimaaziudpvzjdcigm/Build/Intermediates.noindex/swift-syntax.build/Debug/SwiftCompilerPlugin.build/Objects-normal/x86_64/SwiftCompilerPlugin.SwiftConstValuesFileList --force --compile-time-extraction --deployment-aware-processing --validate-assistant-intents --no-app-shortcuts-localization
2026-01-08 18:38:52.451 appintentsmetadataprocessor[99962:1139853] Starting appintentsmetadataprocessor export
2026-01-08 18:38:52.496 appintentsmetadataprocessor[99962:1139853] Extracted no relevant App Intents symbols, skipping writing output

RegisterExecutionPolicyException /Users/harishvishwakarma/Library/Developer/Xcode/DerivedData/Revolt-dharrjsambcimaaziudpvzjdcigm/Build/Products/Debug/SwiftCompilerPlugin.o (in target 'SwiftCompilerPlugin' from project 'swift-syntax')
    cd /Users/harishvishwakarma/Library/Developer/Xcode/DerivedData/Revolt-dharrjsambcimaaziudpvzjdcigm/SourcePackages/checkouts/swift-syntax
    builtin-RegisterExecutionPolicyException /Users/harishvishwakarma/Library/Developer/Xcode/DerivedData/Revolt-dharrjsambcimaaziudpvzjdcigm/Build/Products/Debug/SwiftCompilerPlugin.o

WriteAuxiliaryFile /Users/harishvishwakarma/Library/Developer/Xcode/DerivedData/Revolt-dharrjsambcimaaziudpvzjdcigm/Build/Intermediates.noindex/swift-case-paths.build/Debug/CasePathsMacros.build/CasePathsMacros.DependencyStaticMetadataFileList (in target 'CasePathsMacros' from project 'swift-case-paths')
    cd /Users/harishvishwakarma/Library/Developer/Xcode/DerivedData/Revolt-dharrjsambcimaaziudpvzjdcigm/SourcePackages/checkouts/swift-case-paths
    write-file /Users/harishvishwakarma/Library/Developer/Xcode/DerivedData/Revolt-dharrjsambcimaaziudpvzjdcigm/Build/Intermediates.noindex/swift-case-paths.build/Debug/CasePathsMacros.build/CasePathsMacros.DependencyStaticMetadataFileList

WriteAuxiliaryFile /Users/harishvishwakarma/Library/Developer/Xcode/DerivedData/Revolt-dharrjsambcimaaziudpvzjdcigm/Build/Intermediates.noindex/swift-case-paths.build/Debug/CasePathsMacros.build/CasePathsMacros.DependencyMetadataFileList (in target 'CasePathsMacros' from project 'swift-case-paths')
    cd /Users/harishvishwakarma/Library/Developer/Xcode/DerivedData/Revolt-dharrjsambcimaaziudpvzjdcigm/SourcePackages/checkouts/swift-case-paths
    write-file /Users/harishvishwakarma/Library/Developer/Xcode/DerivedData/Revolt-dharrjsambcimaaziudpvzjdcigm/Build/Intermediates.noindex/swift-case-paths.build/Debug/CasePathsMacros.build/CasePathsMacros.DependencyMetadataFileList

WriteAuxiliaryFile /Users/harishvishwakarma/Library/Developer/Xcode/DerivedData/Revolt-dharrjsambcimaaziudpvzjdcigm/Build/Intermediates.noindex/swift-case-paths.build/Debug/CasePathsMacros.build/Objects-normal/x86_64/CasePathsMacros.LinkFileList (in target 'CasePathsMacros' from project 'swift-case-paths')
    cd /Users/harishvishwakarma/Library/Developer/Xcode/DerivedData/Revolt-dharrjsambcimaaziudpvzjdcigm/SourcePackages/checkouts/swift-case-paths
    write-file /Users/harishvishwakarma/Library/Developer/Xcode/DerivedData/Revolt-dharrjsambcimaaziudpvzjdcigm/Build/Intermediates.noindex/swift-case-paths.build/Debug/CasePathsMacros.build/Objects-normal/x86_64/CasePathsMacros.LinkFileList

WriteAuxiliaryFile /Users/harishvishwakarma/Library/Developer/Xcode/DerivedData/Revolt-dharrjsambcimaaziudpvzjdcigm/Build/Intermediates.noindex/swift-case-paths.build/Debug/CasePathsMacros.build/Objects-normal/x86_64/CasePathsMacros_const_extract_protocols.json (in target 'CasePathsMacros' from project 'swift-case-paths')
    cd /Users/harishvishwakarma/Library/Developer/Xcode/DerivedData/Revolt-dharrjsambcimaaziudpvzjdcigm/SourcePackages/checkouts/swift-case-paths
    write-file /Users/harishvishwakarma/Library/Developer/Xcode/DerivedData/Revolt-dharrjsambcimaaziudpvzjdcigm/Build/Intermediates.noindex/swift-case-paths.build/Debug/CasePathsMacros.build/Objects-normal/x86_64/CasePathsMacros_const_extract_protocols.json

WriteAuxiliaryFile /Users/harishvishwakarma/Library/Developer/Xcode/DerivedData/Revolt-dharrjsambcimaaziudpvzjdcigm/Build/Intermediates.noindex/swift-case-paths.build/Debug/CasePathsMacros.build/Objects-normal/x86_64/CasePathsMacros.SwiftFileList (in target 'CasePathsMacros' from project 'swift-case-paths')
    cd /Users/harishvishwakarma/Library/Developer/Xcode/DerivedData/Revolt-dharrjsambcimaaziudpvzjdcigm/SourcePackages/checkouts/swift-case-paths
    write-file /Users/harishvishwakarma/Library/Developer/Xcode/DerivedData/Revolt-dharrjsambcimaaziudpvzjdcigm/Build/Intermediates.noindex/swift-case-paths.build/Debug/CasePathsMacros.build/Objects-normal/x86_64/CasePathsMacros.SwiftFileList

WriteAuxiliaryFile /Users/harishvishwakarma/Library/Developer/Xcode/DerivedData/Revolt-dharrjsambcimaaziudpvzjdcigm/Build/Intermediates.noindex/swift-case-paths.build/Debug/CasePathsMacros.build/Objects-normal/x86_64/CasePathsMacros-OutputFileMap.json (in target 'CasePathsMacros' from project 'swift-case-paths')
    cd /Users/harishvishwakarma/Library/Developer/Xcode/DerivedData/Revolt-dharrjsambcimaaziudpvzjdcigm/SourcePackages/checkouts/swift-case-paths
    write-file /Users/harishvishwakarma/Library/Developer/Xcode/DerivedData/Revolt-dharrjsambcimaaziudpvzjdcigm/Build/Intermediates.noindex/swift-case-paths.build/Debug/CasePathsMacros.build/Objects-normal/x86_64/CasePathsMacros-OutputFileMap.json

WriteAuxiliaryFile /Users/harishvishwakarma/Library/Developer/Xcode/DerivedData/Revolt-dharrjsambcimaaziudpvzjdcigm/Build/Intermediates.noindex/CodableWrapper.build/Debug/CodableWrapperMacros.build/CodableWrapperMacros.DependencyMetadataFileList (in target 'CodableWrapperMacros' from project 'CodableWrapper')
    cd /Users/harishvishwakarma/Library/Developer/Xcode/DerivedData/Revolt-dharrjsambcimaaziudpvzjdcigm/SourcePackages/checkouts/CodableWrapper
    write-file /Users/harishvishwakarma/Library/Developer/Xcode/DerivedData/Revolt-dharrjsambcimaaziudpvzjdcigm/Build/Intermediates.noindex/CodableWrapper.build/Debug/CodableWrapperMacros.build/CodableWrapperMacros.DependencyMetadataFileList

WriteAuxiliaryFile /Users/harishvishwakarma/Library/Developer/Xcode/DerivedData/Revolt-dharrjsambcimaaziudpvzjdcigm/Build/Intermediates.noindex/CodableWrapper.build/Debug/CodableWrapperMacros.build/CodableWrapperMacros.DependencyStaticMetadataFileList (in target 'CodableWrapperMacros' from project 'CodableWrapper')
    cd /Users/harishvishwakarma/Library/Developer/Xcode/DerivedData/Revolt-dharrjsambcimaaziudpvzjdcigm/SourcePackages/checkouts/CodableWrapper
    write-file /Users/harishvishwakarma/Library/Developer/Xcode/DerivedData/Revolt-dharrjsambcimaaziudpvzjdcigm/Build/Intermediates.noindex/CodableWrapper.build/Debug/CodableWrapperMacros.build/CodableWrapperMacros.DependencyStaticMetadataFileList

WriteAuxiliaryFile /Users/harishvishwakarma/Library/Developer/Xcode/DerivedData/Revolt-dharrjsambcimaaziudpvzjdcigm/Build/Intermediates.noindex/CodableWrapper.build/Debug/CodableWrapperMacros.build/Objects-normal/x86_64/CodableWrapperMacros_const_extract_protocols.json (in target 'CodableWrapperMacros' from project 'CodableWrapper')
    cd /Users/harishvishwakarma/Library/Developer/Xcode/DerivedData/Revolt-dharrjsambcimaaziudpvzjdcigm/SourcePackages/checkouts/CodableWrapper
    write-file /Users/harishvishwakarma/Library/Developer/Xcode/DerivedData/Revolt-dharrjsambcimaaziudpvzjdcigm/Build/Intermediates.noindex/CodableWrapper.build/Debug/CodableWrapperMacros.build/Objects-normal/x86_64/CodableWrapperMacros_const_extract_protocols.json

WriteAuxiliaryFile /Users/harishvishwakarma/Library/Developer/Xcode/DerivedData/Revolt-dharrjsambcimaaziudpvzjdcigm/Build/Intermediates.noindex/CodableWrapper.build/Debug/CodableWrapperMacros.build/Objects-normal/x86_64/CodableWrapperMacros.SwiftFileList (in target 'CodableWrapperMacros' from project 'CodableWrapper')
    cd /Users/harishvishwakarma/Library/Developer/Xcode/DerivedData/Revolt-dharrjsambcimaaziudpvzjdcigm/SourcePackages/checkouts/CodableWrapper
    write-file /Users/harishvishwakarma/Library/Developer/Xcode/DerivedData/Revolt-dharrjsambcimaaziudpvzjdcigm/Build/Intermediates.noindex/CodableWrapper.build/Debug/CodableWrapperMacros.build/Objects-normal/x86_64/CodableWrapperMacros.SwiftFileList

WriteAuxiliaryFile /Users/harishvishwakarma/Library/Developer/Xcode/DerivedData/Revolt-dharrjsambcimaaziudpvzjdcigm/Build/Intermediates.noindex/CodableWrapper.build/Debug/CodableWrapperMacros.build/Objects-normal/x86_64/CodableWrapperMacros.LinkFileList (in target 'CodableWrapperMacros' from project 'CodableWrapper')
    cd /Users/harishvishwakarma/Library/Developer/Xcode/DerivedData/Revolt-dharrjsambcimaaziudpvzjdcigm/SourcePackages/checkouts/CodableWrapper
    write-file /Users/harishvishwakarma/Library/Developer/Xcode/DerivedData/Revolt-dharrjsambcimaaziudpvzjdcigm/Build/Intermediates.noindex/CodableWrapper.build/Debug/CodableWrapperMacros.build/Objects-normal/x86_64/CodableWrapperMacros.LinkFileList

WriteAuxiliaryFile /Users/harishvishwakarma/Library/Developer/Xcode/DerivedData/Revolt-dharrjsambcimaaziudpvzjdcigm/Build/Intermediates.noindex/CodableWrapper.build/Debug/CodableWrapperMacros.build/Objects-normal/x86_64/CodableWrapperMacros-OutputFileMap.json (in target 'CodableWrapperMacros' from project 'CodableWrapper')
    cd /Users/harishvishwakarma/Library/Developer/Xcode/DerivedData/Revolt-dharrjsambcimaaziudpvzjdcigm/SourcePackages/checkouts/CodableWrapper
    write-file /Users/harishvishwakarma/Library/Developer/Xcode/DerivedData/Revolt-dharrjsambcimaaziudpvzjdcigm/Build/Intermediates.noindex/CodableWrapper.build/Debug/CodableWrapperMacros.build/Objects-normal/x86_64/CodableWrapperMacros-OutputFileMap.json

SwiftDriver CodableWrapperMacros normal x86_64 com.apple.xcode.tools.swift.compiler (in target 'CodableWrapperMacros' from project 'CodableWrapper')
    cd /Users/harishvishwakarma/Handy/Archem/pepchat-ios/Revolt.xcodeproj
    builtin-SwiftDriver -- /Applications/Xcode.app/Contents/Developer/Toolchains/XcodeDefault.xctoolchain/usr/bin/swiftc -module-name CodableWrapperMacros -Onone -enforce-exclusivity\=checked @/Users/harishvishwakarma/Library/Developer/Xcode/DerivedData/Revolt-dharrjsambcimaaziudpvzjdcigm/Build/Intermediates.noindex/CodableWrapper.build/Debug/CodableWrapperMacros.build/Objects-normal/x86_64/CodableWrapperMacros.SwiftFileList -DSWIFT_PACKAGE -DDEBUG -DXcode -plugin-path /Applications/Xcode.app/Contents/Developer/Toolchains/XcodeDefault.xctoolchain/usr/lib/swift/host/plugins/testing -enable-experimental-feature DebugDescriptionMacro -sdk /Applications/Xcode.app/Contents/Developer/Platforms/MacOSX.platform/Developer/SDKs/MacOSX15.5.sdk -target x86_64-apple-macos10.15 -g -module-cache-path /Users/harishvishwakarma/Library/Developer/Xcode/DerivedData/ModuleCache.noindex -Xfrontend -serialize-debugging-options -enable-testing -suppress-warnings -index-store-path /Users/harishvishwakarma/Library/Developer/Xcode/DerivedData/Revolt-dharrjsambcimaaziudpvzjdcigm/Index.noindex/DataStore -swift-version 5 -I /Users/harishvishwakarma/Library/Developer/Xcode/DerivedData/Revolt-dharrjsambcimaaziudpvzjdcigm/Build/Products/Debug -I /Applications/Xcode.app/Contents/Developer/Platforms/MacOSX.platform/Developer/usr/lib -F /Users/harishvishwakarma/Library/Developer/Xcode/DerivedData/Revolt-dharrjsambcimaaziudpvzjdcigm/Build/Products/Debug/PackageFrameworks -F /Users/harishvishwakarma/Library/Developer/Xcode/DerivedData/Revolt-dharrjsambcimaaziudpvzjdcigm/Build/Products/Debug/PackageFrameworks -F /Users/harishvishwakarma/Library/Developer/Xcode/DerivedData/Revolt-dharrjsambcimaaziudpvzjdcigm/Build/Products/Debug/PackageFrameworks -F /Users/harishvishwakarma/Library/Developer/Xcode/DerivedData/Revolt-dharrjsambcimaaziudpvzjdcigm/Build/Products/Debug/PackageFrameworks -F /Users/harishvishwakarma/Library/Developer/Xcode/DerivedData/Revolt-dharrjsambcimaaziudpvzjdcigm/Build/Products/Debug/PackageFrameworks -F /Users/harishvishwakarma/Library/Developer/Xcode/DerivedData/Revolt-dharrjsambcimaaziudpvzjdcigm/Build/Products/Debug/PackageFrameworks -F /Users/harishvishwakarma/Library/Developer/Xcode/DerivedData/Revolt-dharrjsambcimaaziudpvzjdcigm/Build/Products/Debug/PackageFrameworks -F /Users/harishvishwakarma/Library/Developer/Xcode/DerivedData/Revolt-dharrjsambcimaaziudpvzjdcigm/Build/Products/Debug/PackageFrameworks -F /Users/harishvishwakarma/Library/Developer/Xcode/DerivedData/Revolt-dharrjsambcimaaziudpvzjdcigm/Build/Products/Debug/PackageFrameworks -F /Users/harishvishwakarma/Library/Developer/Xcode/DerivedData/Revolt-dharrjsambcimaaziudpvzjdcigm/Build/Products/Debug/PackageFrameworks -F /Users/harishvishwakarma/Library/Developer/Xcode/DerivedData/Revolt-dharrjsambcimaaziudpvzjdcigm/Build/Products/Debug/PackageFrameworks -F /Users/harishvishwakarma/Library/Developer/Xcode/DerivedData/Revolt-dharrjsambcimaaziudpvzjdcigm/Build/Products/Debug/PackageFrameworks -F /Users/harishvishwakarma/Library/Developer/Xcode/DerivedData/Revolt-dharrjsambcimaaziudpvzjdcigm/Build/Products/Debug -F /Applications/Xcode.app/Contents/Developer/Platforms/MacOSX.platform/Developer/Library/Frameworks -c -j12 -enable-batch-mode -incremental -Xcc -ivfsstatcache -Xcc /Users/harishvishwakarma/Library/Developer/Xcode/DerivedData/SDKStatCaches.noindex/macosx15.5-24F74-8254517eb8b97d462ccbc072ba9094c9.sdkstatcache -output-file-map /Users/harishvishwakarma/Library/Developer/Xcode/DerivedData/Revolt-dharrjsambcimaaziudpvzjdcigm/Build/Intermediates.noindex/CodableWrapper.build/Debug/CodableWrapperMacros.build/Objects-normal/x86_64/CodableWrapperMacros-OutputFileMap.json -use-frontend-parseable-output -save-temps -no-color-diagnostics -serialize-diagnostics -emit-dependencies -emit-module -emit-module-path /Users/harishvishwakarma/Library/Developer/Xcode/DerivedData/Revolt-dharrjsambcimaaziudpvzjdcigm/Build/Intermediates.noindex/CodableWrapper.build/Debug/CodableWrapperMacros.build/Objects-normal/x86_64/CodableWrapperMacros.swiftmodule -validate-clang-modules-once -clang-build-session-file /Users/harishvishwakarma/Library/Developer/Xcode/DerivedData/ModuleCache.noindex/Session.modulevalidation -package-name codablewrapper -emit-const-values -Xfrontend -const-gather-protocols-file -Xfrontend /Users/harishvishwakarma/Library/Developer/Xcode/DerivedData/Revolt-dharrjsambcimaaziudpvzjdcigm/Build/Intermediates.noindex/CodableWrapper.build/Debug/CodableWrapperMacros.build/Objects-normal/x86_64/CodableWrapperMacros_const_extract_protocols.json -Xcc -I/Users/harishvishwakarma/Library/Developer/Xcode/DerivedData/Revolt-dharrjsambcimaaziudpvzjdcigm/Build/Products/Debug/include -Xcc -I/Users/harishvishwakarma/Library/Developer/Xcode/DerivedData/Revolt-dharrjsambcimaaziudpvzjdcigm/Build/Intermediates.noindex/CodableWrapper.build/Debug/CodableWrapperMacros.build/DerivedSources-normal/x86_64 -Xcc -I/Users/harishvishwakarma/Library/Developer/Xcode/DerivedData/Revolt-dharrjsambcimaaziudpvzjdcigm/Build/Intermediates.noindex/CodableWrapper.build/Debug/CodableWrapperMacros.build/DerivedSources/x86_64 -Xcc -I/Users/harishvishwakarma/Library/Developer/Xcode/DerivedData/Revolt-dharrjsambcimaaziudpvzjdcigm/Build/Intermediates.noindex/CodableWrapper.build/Debug/CodableWrapperMacros.build/DerivedSources -Xcc -DSWIFT_PACKAGE -Xcc -DDEBUG\=1 -working-directory /Users/harishvishwakarma/Handy/Archem/pepchat-ios/Revolt.xcodeproj -experimental-emit-module-separately -disable-cmo

SwiftDriver CasePathsMacros normal x86_64 com.apple.xcode.tools.swift.compiler (in target 'CasePathsMacros' from project 'swift-case-paths')
    cd /Users/harishvishwakarma/Handy/Archem/pepchat-ios/Revolt.xcodeproj
    builtin-SwiftDriver -- /Applications/Xcode.app/Contents/Developer/Toolchains/XcodeDefault.xctoolchain/usr/bin/swiftc -module-name CasePathsMacros -Onone -enforce-exclusivity\=checked @/Users/harishvishwakarma/Library/Developer/Xcode/DerivedData/Revolt-dharrjsambcimaaziudpvzjdcigm/Build/Intermediates.noindex/swift-case-paths.build/Debug/CasePathsMacros.build/Objects-normal/x86_64/CasePathsMacros.SwiftFileList -DSWIFT_PACKAGE -DDEBUG -DXcode -plugin-path /Applications/Xcode.app/Contents/Developer/Toolchains/XcodeDefault.xctoolchain/usr/lib/swift/host/plugins/testing -enable-experimental-feature DebugDescriptionMacro -sdk /Applications/Xcode.app/Contents/Developer/Platforms/MacOSX.platform/Developer/SDKs/MacOSX15.5.sdk -target x86_64-apple-macos10.15 -g -module-cache-path /Users/harishvishwakarma/Library/Developer/Xcode/DerivedData/ModuleCache.noindex -Xfrontend -serialize-debugging-options -enable-testing -suppress-warnings -index-store-path /Users/harishvishwakarma/Library/Developer/Xcode/DerivedData/Revolt-dharrjsambcimaaziudpvzjdcigm/Index.noindex/DataStore -swift-version 6 -I /Users/harishvishwakarma/Library/Developer/Xcode/DerivedData/Revolt-dharrjsambcimaaziudpvzjdcigm/Build/Products/Debug -I /Applications/Xcode.app/Contents/Developer/Platforms/MacOSX.platform/Developer/usr/lib -F /Users/harishvishwakarma/Library/Developer/Xcode/DerivedData/Revolt-dharrjsambcimaaziudpvzjdcigm/Build/Products/Debug/PackageFrameworks -F /Users/harishvishwakarma/Library/Developer/Xcode/DerivedData/Revolt-dharrjsambcimaaziudpvzjdcigm/Build/Products/Debug/PackageFrameworks -F /Users/harishvishwakarma/Library/Developer/Xcode/DerivedData/Revolt-dharrjsambcimaaziudpvzjdcigm/Build/Products/Debug/PackageFrameworks -F /Users/harishvishwakarma/Library/Developer/Xcode/DerivedData/Revolt-dharrjsambcimaaziudpvzjdcigm/Build/Products/Debug/PackageFrameworks -F /Users/harishvishwakarma/Library/Developer/Xcode/DerivedData/Revolt-dharrjsambcimaaziudpvzjdcigm/Build/Products/Debug/PackageFrameworks -F /Users/harishvishwakarma/Library/Developer/Xcode/DerivedData/Revolt-dharrjsambcimaaziudpvzjdcigm/Build/Products/Debug/PackageFrameworks -F /Users/harishvishwakarma/Library/Developer/Xcode/DerivedData/Revolt-dharrjsambcimaaziudpvzjdcigm/Build/Products/Debug/PackageFrameworks -F /Users/harishvishwakarma/Library/Developer/Xcode/DerivedData/Revolt-dharrjsambcimaaziudpvzjdcigm/Build/Products/Debug/PackageFrameworks -F /Users/harishvishwakarma/Library/Developer/Xcode/DerivedData/Revolt-dharrjsambcimaaziudpvzjdcigm/Build/Products/Debug/PackageFrameworks -F /Users/harishvishwakarma/Library/Developer/Xcode/DerivedData/Revolt-dharrjsambcimaaziudpvzjdcigm/Build/Products/Debug/PackageFrameworks -F /Users/harishvishwakarma/Library/Developer/Xcode/DerivedData/Revolt-dharrjsambcimaaziudpvzjdcigm/Build/Products/Debug/PackageFrameworks -F /Users/harishvishwakarma/Library/Developer/Xcode/DerivedData/Revolt-dharrjsambcimaaziudpvzjdcigm/Build/Products/Debug/PackageFrameworks -F /Users/harishvishwakarma/Library/Developer/Xcode/DerivedData/Revolt-dharrjsambcimaaziudpvzjdcigm/Build/Products/Debug -F /Applications/Xcode.app/Contents/Developer/Platforms/MacOSX.platform/Developer/Library/Frameworks -c -j12 -enable-batch-mode -incremental -Xcc -ivfsstatcache -Xcc /Users/harishvishwakarma/Library/Developer/Xcode/DerivedData/SDKStatCaches.noindex/macosx15.5-24F74-8254517eb8b97d462ccbc072ba9094c9.sdkstatcache -output-file-map /Users/harishvishwakarma/Library/Developer/Xcode/DerivedData/Revolt-dharrjsambcimaaziudpvzjdcigm/Build/Intermediates.noindex/swift-case-paths.build/Debug/CasePathsMacros.build/Objects-normal/x86_64/CasePathsMacros-OutputFileMap.json -use-frontend-parseable-output -save-temps -no-color-diagnostics -serialize-diagnostics -emit-dependencies -emit-module -emit-module-path /Users/harishvishwakarma/Library/Developer/Xcode/DerivedData/Revolt-dharrjsambcimaaziudpvzjdcigm/Build/Intermediates.noindex/swift-case-paths.build/Debug/CasePathsMacros.build/Objects-normal/x86_64/CasePathsMacros.swiftmodule -user-module-version 1.5.5 -validate-clang-modules-once -clang-build-session-file /Users/harishvishwakarma/Library/Developer/Xcode/DerivedData/ModuleCache.noindex/Session.modulevalidation -package-name swift_case_paths -emit-const-values -Xfrontend -const-gather-protocols-file -Xfrontend /Users/harishvishwakarma/Library/Developer/Xcode/DerivedData/Revolt-dharrjsambcimaaziudpvzjdcigm/Build/Intermediates.noindex/swift-case-paths.build/Debug/CasePathsMacros.build/Objects-normal/x86_64/CasePathsMacros_const_extract_protocols.json -Xcc -I/Users/harishvishwakarma/Library/Developer/Xcode/DerivedData/Revolt-dharrjsambcimaaziudpvzjdcigm/Build/Products/Debug/include -Xcc -I/Users/harishvishwakarma/Library/Developer/Xcode/DerivedData/Revolt-dharrjsambcimaaziudpvzjdcigm/Build/Intermediates.noindex/swift-case-paths.build/Debug/CasePathsMacros.build/DerivedSources-normal/x86_64 -Xcc -I/Users/harishvishwakarma/Library/Developer/Xcode/DerivedData/Revolt-dharrjsambcimaaziudpvzjdcigm/Build/Intermediates.noindex/swift-case-paths.build/Debug/CasePathsMacros.build/DerivedSources/x86_64 -Xcc -I/Users/harishvishwakarma/Library/Developer/Xcode/DerivedData/Revolt-dharrjsambcimaaziudpvzjdcigm/Build/Intermediates.noindex/swift-case-paths.build/Debug/CasePathsMacros.build/DerivedSources -Xcc -DSWIFT_PACKAGE -Xcc -DDEBUG\=1 -working-directory /Users/harishvishwakarma/Handy/Archem/pepchat-ios/Revolt.xcodeproj -experimental-emit-module-separately -disable-cmo

SwiftCompile normal x86_64 Compiling\ ASTError.swift /Users/harishvishwakarma/Library/Developer/Xcode/DerivedData/Revolt-dharrjsambcimaaziudpvzjdcigm/SourcePackages/checkouts/CodableWrapper/Sources/CodableWrapperMacros/ASTError.swift (in target 'CodableWrapperMacros' from project 'CodableWrapper')

SwiftCompile normal x86_64 /Users/harishvishwakarma/Library/Developer/Xcode/DerivedData/Revolt-dharrjsambcimaaziudpvzjdcigm/SourcePackages/checkouts/CodableWrapper/Sources/CodableWrapperMacros/ASTError.swift (in target 'CodableWrapperMacros' from project 'CodableWrapper')
    cd /Users/harishvishwakarma/Handy/Archem/pepchat-ios/Revolt.xcodeproj
    

SwiftCompile normal x86_64 Compiling\ CodableSubclass.swift /Users/harishvishwakarma/Library/Developer/Xcode/DerivedData/Revolt-dharrjsambcimaaziudpvzjdcigm/SourcePackages/checkouts/CodableWrapper/Sources/CodableWrapperMacros/CodableSubclass.swift (in target 'CodableWrapperMacros' from project 'CodableWrapper')
SwiftCompile normal x86_64 /Users/harishvishwakarma/Library/Developer/Xcode/DerivedData/Revolt-dharrjsambcimaaziudpvzjdcigm/SourcePackages/checkouts/CodableWrapper/Sources/CodableWrapperMacros/CodableSubclass.swift (in target 'CodableWrapperMacros' from project 'CodableWrapper')
    cd /Users/harishvishwakarma/Handy/Archem/pepchat-ios/Revolt.xcodeproj
    

SwiftCompile normal x86_64 Compiling\ Codable.swift /Users/harishvishwakarma/Library/Developer/Xcode/DerivedData/Revolt-dharrjsambcimaaziudpvzjdcigm/SourcePackages/checkouts/CodableWrapper/Sources/CodableWrapperMacros/Codable.swift (in target 'CodableWrapperMacros' from project 'CodableWrapper')
SwiftCompile normal x86_64 /Users/harishvishwakarma/Library/Developer/Xcode/DerivedData/Revolt-dharrjsambcimaaziudpvzjdcigm/SourcePackages/checkouts/CodableWrapper/Sources/CodableWrapperMacros/Codable.swift (in target 'CodableWrapperMacros' from project 'CodableWrapper')
    cd /Users/harishvishwakarma/Handy/Archem/pepchat-ios/Revolt.xcodeproj
    

SwiftCompile normal x86_64 Compiling\ CodingNestedKey.swift /Users/harishvishwakarma/Library/Developer/Xcode/DerivedData/Revolt-dharrjsambcimaaziudpvzjdcigm/SourcePackages/checkouts/CodableWrapper/Sources/CodableWrapperMacros/CodingNestedKey.swift (in target 'CodableWrapperMacros' from project 'CodableWrapper')

SwiftCompile normal x86_64 /Users/harishvishwakarma/Library/Developer/Xcode/DerivedData/Revolt-dharrjsambcimaaziudpvzjdcigm/SourcePackages/checkouts/CodableWrapper/Sources/CodableWrapperMacros/CodingNestedKey.swift (in target 'CodableWrapperMacros' from project 'CodableWrapper')
    cd /Users/harishvishwakarma/Handy/Archem/pepchat-ios/Revolt.xcodeproj
    

SwiftEmitModule normal x86_64 Emitting\ module\ for\ CodableWrapperMacros (in target 'CodableWrapperMacros' from project 'CodableWrapper')

EmitSwiftModule normal x86_64 (in target 'CodableWrapperMacros' from project 'CodableWrapper')
    cd /Users/harishvishwakarma/Handy/Archem/pepchat-ios/Revolt.xcodeproj
    

SwiftCompile normal x86_64 Compiling\ VariableDeclSyntaxExtension.swift /Users/harishvishwakarma/Library/Developer/Xcode/DerivedData/Revolt-dharrjsambcimaaziudpvzjdcigm/SourcePackages/checkouts/CodableWrapper/Sources/CodableWrapperMacros/VariableDeclSyntaxExtension.swift (in target 'CodableWrapperMacros' from project 'CodableWrapper')

SwiftCompile normal x86_64 /Users/harishvishwakarma/Library/Developer/Xcode/DerivedData/Revolt-dharrjsambcimaaziudpvzjdcigm/SourcePackages/checkouts/CodableWrapper/Sources/CodableWrapperMacros/VariableDeclSyntaxExtension.swift (in target 'CodableWrapperMacros' from project 'CodableWrapper')
    cd /Users/harishvishwakarma/Handy/Archem/pepchat-ios/Revolt.xcodeproj
    

SwiftCompile normal x86_64 Compiling\ ModelMemberPropertyContainer.swift /Users/harishvishwakarma/Library/Developer/Xcode/DerivedData/Revolt-dharrjsambcimaaziudpvzjdcigm/SourcePackages/checkouts/CodableWrapper/Sources/CodableWrapperMacros/ModelMemberPropertyContainer.swift (in target 'CodableWrapperMacros' from project 'CodableWrapper')
SwiftCompile normal x86_64 /Users/harishvishwakarma/Library/Developer/Xcode/DerivedData/Revolt-dharrjsambcimaaziudpvzjdcigm/SourcePackages/checkouts/CodableWrapper/Sources/CodableWrapperMacros/ModelMemberPropertyContainer.swift (in target 'CodableWrapperMacros' from project 'CodableWrapper')
    cd /Users/harishvishwakarma/Handy/Archem/pepchat-ios/Revolt.xcodeproj
    

SwiftCompile normal x86_64 Compiling\ CodingTransformer.swift /Users/harishvishwakarma/Library/Developer/Xcode/DerivedData/Revolt-dharrjsambcimaaziudpvzjdcigm/SourcePackages/checkouts/CodableWrapper/Sources/CodableWrapperMacros/CodingTransformer.swift (in target 'CodableWrapperMacros' from project 'CodableWrapper')

SwiftCompile normal x86_64 /Users/harishvishwakarma/Library/Developer/Xcode/DerivedData/Revolt-dharrjsambcimaaziudpvzjdcigm/SourcePackages/checkouts/CodableWrapper/Sources/CodableWrapperMacros/CodingTransformer.swift (in target 'CodableWrapperMacros' from project 'CodableWrapper')
    cd /Users/harishvishwakarma/Handy/Archem/pepchat-ios/Revolt.xcodeproj
    

SwiftCompile normal x86_64 Compiling\ CodableKey.swift /Users/harishvishwakarma/Library/Developer/Xcode/DerivedData/Revolt-dharrjsambcimaaziudpvzjdcigm/SourcePackages/checkouts/CodableWrapper/Sources/CodableWrapperMacros/CodableKey.swift (in target 'CodableWrapperMacros' from project 'CodableWrapper')

SwiftCompile normal x86_64 /Users/harishvishwakarma/Library/Developer/Xcode/DerivedData/Revolt-dharrjsambcimaaziudpvzjdcigm/SourcePackages/checkouts/CodableWrapper/Sources/CodableWrapperMacros/CodableKey.swift (in target 'CodableWrapperMacros' from project 'CodableWrapper')
    cd /Users/harishvishwakarma/Handy/Archem/pepchat-ios/Revolt.xcodeproj
    

SwiftCompile normal x86_64 Compiling\ Plugin.swift /Users/harishvishwakarma/Library/Developer/Xcode/DerivedData/Revolt-dharrjsambcimaaziudpvzjdcigm/SourcePackages/checkouts/CodableWrapper/Sources/CodableWrapperMacros/Plugin.swift (in target 'CodableWrapperMacros' from project 'CodableWrapper')

SwiftCompile normal x86_64 /Users/harishvishwakarma/Library/Developer/Xcode/DerivedData/Revolt-dharrjsambcimaaziudpvzjdcigm/SourcePackages/checkouts/CodableWrapper/Sources/CodableWrapperMacros/Plugin.swift (in target 'CodableWrapperMacros' from project 'CodableWrapper')
    cd /Users/harishvishwakarma/Handy/Archem/pepchat-ios/Revolt.xcodeproj
    

SwiftEmitModule normal x86_64 Emitting\ module\ for\ CasePathsMacros (in target 'CasePathsMacros' from project 'swift-case-paths')

EmitSwiftModule normal x86_64 (in target 'CasePathsMacros' from project 'swift-case-paths')
    cd /Users/harishvishwakarma/Handy/Archem/pepchat-ios/Revolt.xcodeproj
    

SwiftCompile normal x86_64 Compiling\ CasePathableMacro.swift /Users/harishvishwakarma/Library/Developer/Xcode/DerivedData/Revolt-dharrjsambcimaaziudpvzjdcigm/SourcePackages/checkouts/swift-case-paths/Sources/CasePathsMacros/CasePathableMacro.swift (in target 'CasePathsMacros' from project 'swift-case-paths')
SwiftCompile normal x86_64 /Users/harishvishwakarma/Library/Developer/Xcode/DerivedData/Revolt-dharrjsambcimaaziudpvzjdcigm/SourcePackages/checkouts/swift-case-paths/Sources/CasePathsMacros/CasePathableMacro.swift (in target 'CasePathsMacros' from project 'swift-case-paths')
    cd /Users/harishvishwakarma/Handy/Archem/pepchat-ios/Revolt.xcodeproj
    

SwiftCompile normal x86_64 Compiling\ Plugin.swift /Users/harishvishwakarma/Library/Developer/Xcode/DerivedData/Revolt-dharrjsambcimaaziudpvzjdcigm/SourcePackages/checkouts/swift-case-paths/Sources/CasePathsMacros/Plugin.swift (in target 'CasePathsMacros' from project 'swift-case-paths')

SwiftCompile normal x86_64 /Users/harishvishwakarma/Library/Developer/Xcode/DerivedData/Revolt-dharrjsambcimaaziudpvzjdcigm/SourcePackages/checkouts/swift-case-paths/Sources/CasePathsMacros/Plugin.swift (in target 'CasePathsMacros' from project 'swift-case-paths')
    cd /Users/harishvishwakarma/Handy/Archem/pepchat-ios/Revolt.xcodeproj
    

SwiftDriverJobDiscovery normal x86_64 Emitting module for CodableWrapperMacros (in target 'CodableWrapperMacros' from project 'CodableWrapper')

SwiftDriver\ Compilation\ Requirements CodableWrapperMacros normal x86_64 com.apple.xcode.tools.swift.compiler (in target 'CodableWrapperMacros' from project 'CodableWrapper')
    cd /Users/harishvishwakarma/Handy/Archem/pepchat-ios/Revolt.xcodeproj
    builtin-Swift-Compilation-Requirements -- /Applications/Xcode.app/Contents/Developer/Toolchains/XcodeDefault.xctoolchain/usr/bin/swiftc -module-name CodableWrapperMacros -Onone -enforce-exclusivity\=checked @/Users/harishvishwakarma/Library/Developer/Xcode/DerivedData/Revolt-dharrjsambcimaaziudpvzjdcigm/Build/Intermediates.noindex/CodableWrapper.build/Debug/CodableWrapperMacros.build/Objects-normal/x86_64/CodableWrapperMacros.SwiftFileList -DSWIFT_PACKAGE -DDEBUG -DXcode -plugin-path /Applications/Xcode.app/Contents/Developer/Toolchains/XcodeDefault.xctoolchain/usr/lib/swift/host/plugins/testing -enable-experimental-feature DebugDescriptionMacro -sdk /Applications/Xcode.app/Contents/Developer/Platforms/MacOSX.platform/Developer/SDKs/MacOSX15.5.sdk -target x86_64-apple-macos10.15 -g -module-cache-path /Users/harishvishwakarma/Library/Developer/Xcode/DerivedData/ModuleCache.noindex -Xfrontend -serialize-debugging-options -enable-testing -suppress-warnings -index-store-path /Users/harishvishwakarma/Library/Developer/Xcode/DerivedData/Revolt-dharrjsambcimaaziudpvzjdcigm/Index.noindex/DataStore -swift-version 5 -I /Users/harishvishwakarma/Library/Developer/Xcode/DerivedData/Revolt-dharrjsambcimaaziudpvzjdcigm/Build/Products/Debug -I /Applications/Xcode.app/Contents/Developer/Platforms/MacOSX.platform/Developer/usr/lib -F /Users/harishvishwakarma/Library/Developer/Xcode/DerivedData/Revolt-dharrjsambcimaaziudpvzjdcigm/Build/Products/Debug/PackageFrameworks -F /Users/harishvishwakarma/Library/Developer/Xcode/DerivedData/Revolt-dharrjsambcimaaziudpvzjdcigm/Build/Products/Debug/PackageFrameworks -F /Users/harishvishwakarma/Library/Developer/Xcode/DerivedData/Revolt-dharrjsambcimaaziudpvzjdcigm/Build/Products/Debug/PackageFrameworks -F /Users/harishvishwakarma/Library/Developer/Xcode/DerivedData/Revolt-dharrjsambcimaaziudpvzjdcigm/Build/Products/Debug/PackageFrameworks -F /Users/harishvishwakarma/Library/Developer/Xcode/DerivedData/Revolt-dharrjsambcimaaziudpvzjdcigm/Build/Products/Debug/PackageFrameworks -F /Users/harishvishwakarma/Library/Developer/Xcode/DerivedData/Revolt-dharrjsambcimaaziudpvzjdcigm/Build/Products/Debug/PackageFrameworks -F /Users/harishvishwakarma/Library/Developer/Xcode/DerivedData/Revolt-dharrjsambcimaaziudpvzjdcigm/Build/Products/Debug/PackageFrameworks -F /Users/harishvishwakarma/Library/Developer/Xcode/DerivedData/Revolt-dharrjsambcimaaziudpvzjdcigm/Build/Products/Debug/PackageFrameworks -F /Users/harishvishwakarma/Library/Developer/Xcode/DerivedData/Revolt-dharrjsambcimaaziudpvzjdcigm/Build/Products/Debug/PackageFrameworks -F /Users/harishvishwakarma/Library/Developer/Xcode/DerivedData/Revolt-dharrjsambcimaaziudpvzjdcigm/Build/Products/Debug/PackageFrameworks -F /Users/harishvishwakarma/Library/Developer/Xcode/DerivedData/Revolt-dharrjsambcimaaziudpvzjdcigm/Build/Products/Debug/PackageFrameworks -F /Users/harishvishwakarma/Library/Developer/Xcode/DerivedData/Revolt-dharrjsambcimaaziudpvzjdcigm/Build/Products/Debug/PackageFrameworks -F /Users/harishvishwakarma/Library/Developer/Xcode/DerivedData/Revolt-dharrjsambcimaaziudpvzjdcigm/Build/Products/Debug -F /Applications/Xcode.app/Contents/Developer/Platforms/MacOSX.platform/Developer/Library/Frameworks -c -j12 -enable-batch-mode -incremental -Xcc -ivfsstatcache -Xcc /Users/harishvishwakarma/Library/Developer/Xcode/DerivedData/SDKStatCaches.noindex/macosx15.5-24F74-8254517eb8b97d462ccbc072ba9094c9.sdkstatcache -output-file-map /Users/harishvishwakarma/Library/Developer/Xcode/DerivedData/Revolt-dharrjsambcimaaziudpvzjdcigm/Build/Intermediates.noindex/CodableWrapper.build/Debug/CodableWrapperMacros.build/Objects-normal/x86_64/CodableWrapperMacros-OutputFileMap.json -use-frontend-parseable-output -save-temps -no-color-diagnostics -serialize-diagnostics -emit-dependencies -emit-module -emit-module-path /Users/harishvishwakarma/Library/Developer/Xcode/DerivedData/Revolt-dharrjsambcimaaziudpvzjdcigm/Build/Intermediates.noindex/CodableWrapper.build/Debug/CodableWrapperMacros.build/Objects-normal/x86_64/CodableWrapperMacros.swiftmodule -validate-clang-modules-once -clang-build-session-file /Users/harishvishwakarma/Library/Developer/Xcode/DerivedData/ModuleCache.noindex/Session.modulevalidation -package-name codablewrapper -emit-const-values -Xfrontend -const-gather-protocols-file -Xfrontend /Users/harishvishwakarma/Library/Developer/Xcode/DerivedData/Revolt-dharrjsambcimaaziudpvzjdcigm/Build/Intermediates.noindex/CodableWrapper.build/Debug/CodableWrapperMacros.build/Objects-normal/x86_64/CodableWrapperMacros_const_extract_protocols.json -Xcc -I/Users/harishvishwakarma/Library/Developer/Xcode/DerivedData/Revolt-dharrjsambcimaaziudpvzjdcigm/Build/Products/Debug/include -Xcc -I/Users/harishvishwakarma/Library/Developer/Xcode/DerivedData/Revolt-dharrjsambcimaaziudpvzjdcigm/Build/Intermediates.noindex/CodableWrapper.build/Debug/CodableWrapperMacros.build/DerivedSources-normal/x86_64 -Xcc -I/Users/harishvishwakarma/Library/Developer/Xcode/DerivedData/Revolt-dharrjsambcimaaziudpvzjdcigm/Build/Intermediates.noindex/CodableWrapper.build/Debug/CodableWrapperMacros.build/DerivedSources/x86_64 -Xcc -I/Users/harishvishwakarma/Library/Developer/Xcode/DerivedData/Revolt-dharrjsambcimaaziudpvzjdcigm/Build/Intermediates.noindex/CodableWrapper.build/Debug/CodableWrapperMacros.build/DerivedSources -Xcc -DSWIFT_PACKAGE -Xcc -DDEBUG\=1 -working-directory /Users/harishvishwakarma/Handy/Archem/pepchat-ios/Revolt.xcodeproj -experimental-emit-module-separately -disable-cmo

SwiftDriverJobDiscovery normal x86_64 Compiling CodableKey.swift (in target 'CodableWrapperMacros' from project 'CodableWrapper')

SwiftDriverJobDiscovery normal x86_64 Compiling CodingTransformer.swift (in target 'CodableWrapperMacros' from project 'CodableWrapper')

SwiftDriverJobDiscovery normal x86_64 Emitting module for CasePathsMacros (in target 'CasePathsMacros' from project 'swift-case-paths')

SwiftDriver\ Compilation\ Requirements CasePathsMacros normal x86_64 com.apple.xcode.tools.swift.compiler (in target 'CasePathsMacros' from project 'swift-case-paths')
    cd /Users/harishvishwakarma/Handy/Archem/pepchat-ios/Revolt.xcodeproj
    builtin-Swift-Compilation-Requirements -- /Applications/Xcode.app/Contents/Developer/Toolchains/XcodeDefault.xctoolchain/usr/bin/swiftc -module-name CasePathsMacros -Onone -enforce-exclusivity\=checked @/Users/harishvishwakarma/Library/Developer/Xcode/DerivedData/Revolt-dharrjsambcimaaziudpvzjdcigm/Build/Intermediates.noindex/swift-case-paths.build/Debug/CasePathsMacros.build/Objects-normal/x86_64/CasePathsMacros.SwiftFileList -DSWIFT_PACKAGE -DDEBUG -DXcode -plugin-path /Applications/Xcode.app/Contents/Developer/Toolchains/XcodeDefault.xctoolchain/usr/lib/swift/host/plugins/testing -enable-experimental-feature DebugDescriptionMacro -sdk /Applications/Xcode.app/Contents/Developer/Platforms/MacOSX.platform/Developer/SDKs/MacOSX15.5.sdk -target x86_64-apple-macos10.15 -g -module-cache-path /Users/harishvishwakarma/Library/Developer/Xcode/DerivedData/ModuleCache.noindex -Xfrontend -serialize-debugging-options -enable-testing -suppress-warnings -index-store-path /Users/harishvishwakarma/Library/Developer/Xcode/DerivedData/Revolt-dharrjsambcimaaziudpvzjdcigm/Index.noindex/DataStore -swift-version 6 -I /Users/harishvishwakarma/Library/Developer/Xcode/DerivedData/Revolt-dharrjsambcimaaziudpvzjdcigm/Build/Products/Debug -I /Applications/Xcode.app/Contents/Developer/Platforms/MacOSX.platform/Developer/usr/lib -F /Users/harishvishwakarma/Library/Developer/Xcode/DerivedData/Revolt-dharrjsambcimaaziudpvzjdcigm/Build/Products/Debug/PackageFrameworks -F /Users/harishvishwakarma/Library/Developer/Xcode/DerivedData/Revolt-dharrjsambcimaaziudpvzjdcigm/Build/Products/Debug/PackageFrameworks -F /Users/harishvishwakarma/Library/Developer/Xcode/DerivedData/Revolt-dharrjsambcimaaziudpvzjdcigm/Build/Products/Debug/PackageFrameworks -F /Users/harishvishwakarma/Library/Developer/Xcode/DerivedData/Revolt-dharrjsambcimaaziudpvzjdcigm/Build/Products/Debug/PackageFrameworks -F /Users/harishvishwakarma/Library/Developer/Xcode/DerivedData/Revolt-dharrjsambcimaaziudpvzjdcigm/Build/Products/Debug/PackageFrameworks -F /Users/harishvishwakarma/Library/Developer/Xcode/DerivedData/Revolt-dharrjsambcimaaziudpvzjdcigm/Build/Products/Debug/PackageFrameworks -F /Users/harishvishwakarma/Library/Developer/Xcode/DerivedData/Revolt-dharrjsambcimaaziudpvzjdcigm/Build/Products/Debug/PackageFrameworks -F /Users/harishvishwakarma/Library/Developer/Xcode/DerivedData/Revolt-dharrjsambcimaaziudpvzjdcigm/Build/Products/Debug/PackageFrameworks -F /Users/harishvishwakarma/Library/Developer/Xcode/DerivedData/Revolt-dharrjsambcimaaziudpvzjdcigm/Build/Products/Debug/PackageFrameworks -F /Users/harishvishwakarma/Library/Developer/Xcode/DerivedData/Revolt-dharrjsambcimaaziudpvzjdcigm/Build/Products/Debug/PackageFrameworks -F /Users/harishvishwakarma/Library/Developer/Xcode/DerivedData/Revolt-dharrjsambcimaaziudpvzjdcigm/Build/Products/Debug/PackageFrameworks -F /Users/harishvishwakarma/Library/Developer/Xcode/DerivedData/Revolt-dharrjsambcimaaziudpvzjdcigm/Build/Products/Debug/PackageFrameworks -F /Users/harishvishwakarma/Library/Developer/Xcode/DerivedData/Revolt-dharrjsambcimaaziudpvzjdcigm/Build/Products/Debug -F /Applications/Xcode.app/Contents/Developer/Platforms/MacOSX.platform/Developer/Library/Frameworks -c -j12 -enable-batch-mode -incremental -Xcc -ivfsstatcache -Xcc /Users/harishvishwakarma/Library/Developer/Xcode/DerivedData/SDKStatCaches.noindex/macosx15.5-24F74-8254517eb8b97d462ccbc072ba9094c9.sdkstatcache -output-file-map /Users/harishvishwakarma/Library/Developer/Xcode/DerivedData/Revolt-dharrjsambcimaaziudpvzjdcigm/Build/Intermediates.noindex/swift-case-paths.build/Debug/CasePathsMacros.build/Objects-normal/x86_64/CasePathsMacros-OutputFileMap.json -use-frontend-parseable-output -save-temps -no-color-diagnostics -serialize-diagnostics -emit-dependencies -emit-module -emit-module-path /Users/harishvishwakarma/Library/Developer/Xcode/DerivedData/Revolt-dharrjsambcimaaziudpvzjdcigm/Build/Intermediates.noindex/swift-case-paths.build/Debug/CasePathsMacros.build/Objects-normal/x86_64/CasePathsMacros.swiftmodule -user-module-version 1.5.5 -validate-clang-modules-once -clang-build-session-file /Users/harishvishwakarma/Library/Developer/Xcode/DerivedData/ModuleCache.noindex/Session.modulevalidation -package-name swift_case_paths -emit-const-values -Xfrontend -const-gather-protocols-file -Xfrontend /Users/harishvishwakarma/Library/Developer/Xcode/DerivedData/Revolt-dharrjsambcimaaziudpvzjdcigm/Build/Intermediates.noindex/swift-case-paths.build/Debug/CasePathsMacros.build/Objects-normal/x86_64/CasePathsMacros_const_extract_protocols.json -Xcc -I/Users/harishvishwakarma/Library/Developer/Xcode/DerivedData/Revolt-dharrjsambcimaaziudpvzjdcigm/Build/Products/Debug/include -Xcc -I/Users/harishvishwakarma/Library/Developer/Xcode/DerivedData/Revolt-dharrjsambcimaaziudpvzjdcigm/Build/Intermediates.noindex/swift-case-paths.build/Debug/CasePathsMacros.build/DerivedSources-normal/x86_64 -Xcc -I/Users/harishvishwakarma/Library/Developer/Xcode/DerivedData/Revolt-dharrjsambcimaaziudpvzjdcigm/Build/Intermediates.noindex/swift-case-paths.build/Debug/CasePathsMacros.build/DerivedSources/x86_64 -Xcc -I/Users/harishvishwakarma/Library/Developer/Xcode/DerivedData/Revolt-dharrjsambcimaaziudpvzjdcigm/Build/Intermediates.noindex/swift-case-paths.build/Debug/CasePathsMacros.build/DerivedSources -Xcc -DSWIFT_PACKAGE -Xcc -DDEBUG\=1 -working-directory /Users/harishvishwakarma/Handy/Archem/pepchat-ios/Revolt.xcodeproj -experimental-emit-module-separately -disable-cmo

Copy /Users/harishvishwakarma/Library/Developer/Xcode/DerivedData/Revolt-dharrjsambcimaaziudpvzjdcigm/Build/Products/Debug/CodableWrapperMacros.swiftmodule/x86_64-apple-macos.swiftdoc /Users/harishvishwakarma/Library/Developer/Xcode/DerivedData/Revolt-dharrjsambcimaaziudpvzjdcigm/Build/Intermediates.noindex/CodableWrapper.build/Debug/CodableWrapperMacros.build/Objects-normal/x86_64/CodableWrapperMacros.swiftdoc (in target 'CodableWrapperMacros' from project 'CodableWrapper')
    cd /Users/harishvishwakarma/Library/Developer/Xcode/DerivedData/Revolt-dharrjsambcimaaziudpvzjdcigm/SourcePackages/checkouts/CodableWrapper
    builtin-copy -exclude .DS_Store -exclude CVS -exclude .svn -exclude .git -exclude .hg -resolve-src-symlinks -rename /Users/harishvishwakarma/Library/Developer/Xcode/DerivedData/Revolt-dharrjsambcimaaziudpvzjdcigm/Build/Intermediates.noindex/CodableWrapper.build/Debug/CodableWrapperMacros.build/Objects-normal/x86_64/CodableWrapperMacros.swiftdoc /Users/harishvishwakarma/Library/Developer/Xcode/DerivedData/Revolt-dharrjsambcimaaziudpvzjdcigm/Build/Products/Debug/CodableWrapperMacros.swiftmodule/x86_64-apple-macos.swiftdoc

Copy /Users/harishvishwakarma/Library/Developer/Xcode/DerivedData/Revolt-dharrjsambcimaaziudpvzjdcigm/Build/Products/Debug/CodableWrapperMacros.swiftmodule/x86_64-apple-macos.swiftmodule /Users/harishvishwakarma/Library/Developer/Xcode/DerivedData/Revolt-dharrjsambcimaaziudpvzjdcigm/Build/Intermediates.noindex/CodableWrapper.build/Debug/CodableWrapperMacros.build/Objects-normal/x86_64/CodableWrapperMacros.swiftmodule (in target 'CodableWrapperMacros' from project 'CodableWrapper')
    cd /Users/harishvishwakarma/Library/Developer/Xcode/DerivedData/Revolt-dharrjsambcimaaziudpvzjdcigm/SourcePackages/checkouts/CodableWrapper
    builtin-copy -exclude .DS_Store -exclude CVS -exclude .svn -exclude .git -exclude .hg -resolve-src-symlinks -rename /Users/harishvishwakarma/Library/Developer/Xcode/DerivedData/Revolt-dharrjsambcimaaziudpvzjdcigm/Build/Intermediates.noindex/CodableWrapper.build/Debug/CodableWrapperMacros.build/Objects-normal/x86_64/CodableWrapperMacros.swiftmodule /Users/harishvishwakarma/Library/Developer/Xcode/DerivedData/Revolt-dharrjsambcimaaziudpvzjdcigm/Build/Products/Debug/CodableWrapperMacros.swiftmodule/x86_64-apple-macos.swiftmodule

Copy /Users/harishvishwakarma/Library/Developer/Xcode/DerivedData/Revolt-dharrjsambcimaaziudpvzjdcigm/Build/Products/Debug/CodableWrapperMacros.swiftmodule/x86_64-apple-macos.abi.json /Users/harishvishwakarma/Library/Developer/Xcode/DerivedData/Revolt-dharrjsambcimaaziudpvzjdcigm/Build/Intermediates.noindex/CodableWrapper.build/Debug/CodableWrapperMacros.build/Objects-normal/x86_64/CodableWrapperMacros.abi.json (in target 'CodableWrapperMacros' from project 'CodableWrapper')
    cd /Users/harishvishwakarma/Library/Developer/Xcode/DerivedData/Revolt-dharrjsambcimaaziudpvzjdcigm/SourcePackages/checkouts/CodableWrapper
    builtin-copy -exclude .DS_Store -exclude CVS -exclude .svn -exclude .git -exclude .hg -resolve-src-symlinks -rename /Users/harishvishwakarma/Library/Developer/Xcode/DerivedData/Revolt-dharrjsambcimaaziudpvzjdcigm/Build/Intermediates.noindex/CodableWrapper.build/Debug/CodableWrapperMacros.build/Objects-normal/x86_64/CodableWrapperMacros.abi.json /Users/harishvishwakarma/Library/Developer/Xcode/DerivedData/Revolt-dharrjsambcimaaziudpvzjdcigm/Build/Products/Debug/CodableWrapperMacros.swiftmodule/x86_64-apple-macos.abi.json

Copy /Users/harishvishwakarma/Library/Developer/Xcode/DerivedData/Revolt-dharrjsambcimaaziudpvzjdcigm/Build/Products/Debug/CodableWrapperMacros.swiftmodule/Project/x86_64-apple-macos.swiftsourceinfo /Users/harishvishwakarma/Library/Developer/Xcode/DerivedData/Revolt-dharrjsambcimaaziudpvzjdcigm/Build/Intermediates.noindex/CodableWrapper.build/Debug/CodableWrapperMacros.build/Objects-normal/x86_64/CodableWrapperMacros.swiftsourceinfo (in target 'CodableWrapperMacros' from project 'CodableWrapper')
    cd /Users/harishvishwakarma/Library/Developer/Xcode/DerivedData/Revolt-dharrjsambcimaaziudpvzjdcigm/SourcePackages/checkouts/CodableWrapper
    builtin-copy -exclude .DS_Store -exclude CVS -exclude .svn -exclude .git -exclude .hg -resolve-src-symlinks -rename /Users/harishvishwakarma/Library/Developer/Xcode/DerivedData/Revolt-dharrjsambcimaaziudpvzjdcigm/Build/Intermediates.noindex/CodableWrapper.build/Debug/CodableWrapperMacros.build/Objects-normal/x86_64/CodableWrapperMacros.swiftsourceinfo /Users/harishvishwakarma/Library/Developer/Xcode/DerivedData/Revolt-dharrjsambcimaaziudpvzjdcigm/Build/Products/Debug/CodableWrapperMacros.swiftmodule/Project/x86_64-apple-macos.swiftsourceinfo

Copy /Users/harishvishwakarma/Library/Developer/Xcode/DerivedData/Revolt-dharrjsambcimaaziudpvzjdcigm/Build/Products/Debug/CasePathsMacros.swiftmodule/x86_64-apple-macos.swiftmodule /Users/harishvishwakarma/Library/Developer/Xcode/DerivedData/Revolt-dharrjsambcimaaziudpvzjdcigm/Build/Intermediates.noindex/swift-case-paths.build/Debug/CasePathsMacros.build/Objects-normal/x86_64/CasePathsMacros.swiftmodule (in target 'CasePathsMacros' from project 'swift-case-paths')
    cd /Users/harishvishwakarma/Library/Developer/Xcode/DerivedData/Revolt-dharrjsambcimaaziudpvzjdcigm/SourcePackages/checkouts/swift-case-paths
    builtin-copy -exclude .DS_Store -exclude CVS -exclude .svn -exclude .git -exclude .hg -resolve-src-symlinks -rename /Users/harishvishwakarma/Library/Developer/Xcode/DerivedData/Revolt-dharrjsambcimaaziudpvzjdcigm/Build/Intermediates.noindex/swift-case-paths.build/Debug/CasePathsMacros.build/Objects-normal/x86_64/CasePathsMacros.swiftmodule /Users/harishvishwakarma/Library/Developer/Xcode/DerivedData/Revolt-dharrjsambcimaaziudpvzjdcigm/Build/Products/Debug/CasePathsMacros.swiftmodule/x86_64-apple-macos.swiftmodule

Copy /Users/harishvishwakarma/Library/Developer/Xcode/DerivedData/Revolt-dharrjsambcimaaziudpvzjdcigm/Build/Products/Debug/CasePathsMacros.swiftmodule/x86_64-apple-macos.swiftdoc /Users/harishvishwakarma/Library/Developer/Xcode/DerivedData/Revolt-dharrjsambcimaaziudpvzjdcigm/Build/Intermediates.noindex/swift-case-paths.build/Debug/CasePathsMacros.build/Objects-normal/x86_64/CasePathsMacros.swiftdoc (in target 'CasePathsMacros' from project 'swift-case-paths')
    cd /Users/harishvishwakarma/Library/Developer/Xcode/DerivedData/Revolt-dharrjsambcimaaziudpvzjdcigm/SourcePackages/checkouts/swift-case-paths
    builtin-copy -exclude .DS_Store -exclude CVS -exclude .svn -exclude .git -exclude .hg -resolve-src-symlinks -rename /Users/harishvishwakarma/Library/Developer/Xcode/DerivedData/Revolt-dharrjsambcimaaziudpvzjdcigm/Build/Intermediates.noindex/swift-case-paths.build/Debug/CasePathsMacros.build/Objects-normal/x86_64/CasePathsMacros.swiftdoc /Users/harishvishwakarma/Library/Developer/Xcode/DerivedData/Revolt-dharrjsambcimaaziudpvzjdcigm/Build/Products/Debug/CasePathsMacros.swiftmodule/x86_64-apple-macos.swiftdoc

Copy /Users/harishvishwakarma/Library/Developer/Xcode/DerivedData/Revolt-dharrjsambcimaaziudpvzjdcigm/Build/Products/Debug/CasePathsMacros.swiftmodule/x86_64-apple-macos.abi.json /Users/harishvishwakarma/Library/Developer/Xcode/DerivedData/Revolt-dharrjsambcimaaziudpvzjdcigm/Build/Intermediates.noindex/swift-case-paths.build/Debug/CasePathsMacros.build/Objects-normal/x86_64/CasePathsMacros.abi.json (in target 'CasePathsMacros' from project 'swift-case-paths')
    cd /Users/harishvishwakarma/Library/Developer/Xcode/DerivedData/Revolt-dharrjsambcimaaziudpvzjdcigm/SourcePackages/checkouts/swift-case-paths
    builtin-copy -exclude .DS_Store -exclude CVS -exclude .svn -exclude .git -exclude .hg -resolve-src-symlinks -rename /Users/harishvishwakarma/Library/Developer/Xcode/DerivedData/Revolt-dharrjsambcimaaziudpvzjdcigm/Build/Intermediates.noindex/swift-case-paths.build/Debug/CasePathsMacros.build/Objects-normal/x86_64/CasePathsMacros.abi.json /Users/harishvishwakarma/Library/Developer/Xcode/DerivedData/Revolt-dharrjsambcimaaziudpvzjdcigm/Build/Products/Debug/CasePathsMacros.swiftmodule/x86_64-apple-macos.abi.json

SwiftDriverJobDiscovery normal x86_64 Compiling CodingNestedKey.swift (in target 'CodableWrapperMacros' from project 'CodableWrapper')

Copy /Users/harishvishwakarma/Library/Developer/Xcode/DerivedData/Revolt-dharrjsambcimaaziudpvzjdcigm/Build/Products/Debug/CasePathsMacros.swiftmodule/Project/x86_64-apple-macos.swiftsourceinfo /Users/harishvishwakarma/Library/Developer/Xcode/DerivedData/Revolt-dharrjsambcimaaziudpvzjdcigm/Build/Intermediates.noindex/swift-case-paths.build/Debug/CasePathsMacros.build/Objects-normal/x86_64/CasePathsMacros.swiftsourceinfo (in target 'CasePathsMacros' from project 'swift-case-paths')
    cd /Users/harishvishwakarma/Library/Developer/Xcode/DerivedData/Revolt-dharrjsambcimaaziudpvzjdcigm/SourcePackages/checkouts/swift-case-paths
    builtin-copy -exclude .DS_Store -exclude CVS -exclude .svn -exclude .git -exclude .hg -resolve-src-symlinks -rename /Users/harishvishwakarma/Library/Developer/Xcode/DerivedData/Revolt-dharrjsambcimaaziudpvzjdcigm/Build/Intermediates.noindex/swift-case-paths.build/Debug/CasePathsMacros.build/Objects-normal/x86_64/CasePathsMacros.swiftsourceinfo /Users/harishvishwakarma/Library/Developer/Xcode/DerivedData/Revolt-dharrjsambcimaaziudpvzjdcigm/Build/Products/Debug/CasePathsMacros.swiftmodule/Project/x86_64-apple-macos.swiftsourceinfo

SwiftDriverJobDiscovery normal x86_64 Compiling ASTError.swift (in target 'CodableWrapperMacros' from project 'CodableWrapper')

SwiftDriverJobDiscovery normal x86_64 Compiling Plugin.swift (in target 'CodableWrapperMacros' from project 'CodableWrapper')

SwiftDriverJobDiscovery normal x86_64 Compiling CodableSubclass.swift (in target 'CodableWrapperMacros' from project 'CodableWrapper')

SwiftDriverJobDiscovery normal x86_64 Compiling VariableDeclSyntaxExtension.swift (in target 'CodableWrapperMacros' from project 'CodableWrapper')

SwiftDriverJobDiscovery normal x86_64 Compiling Codable.swift (in target 'CodableWrapperMacros' from project 'CodableWrapper')

SwiftDriverJobDiscovery normal x86_64 Compiling ModelMemberPropertyContainer.swift (in target 'CodableWrapperMacros' from project 'CodableWrapper')

SwiftDriver\ Compilation CodableWrapperMacros normal x86_64 com.apple.xcode.tools.swift.compiler (in target 'CodableWrapperMacros' from project 'CodableWrapper')
    cd /Users/harishvishwakarma/Handy/Archem/pepchat-ios/Revolt.xcodeproj
    builtin-Swift-Compilation -- /Applications/Xcode.app/Contents/Developer/Toolchains/XcodeDefault.xctoolchain/usr/bin/swiftc -module-name CodableWrapperMacros -Onone -enforce-exclusivity\=checked @/Users/harishvishwakarma/Library/Developer/Xcode/DerivedData/Revolt-dharrjsambcimaaziudpvzjdcigm/Build/Intermediates.noindex/CodableWrapper.build/Debug/CodableWrapperMacros.build/Objects-normal/x86_64/CodableWrapperMacros.SwiftFileList -DSWIFT_PACKAGE -DDEBUG -DXcode -plugin-path /Applications/Xcode.app/Contents/Developer/Toolchains/XcodeDefault.xctoolchain/usr/lib/swift/host/plugins/testing -enable-experimental-feature DebugDescriptionMacro -sdk /Applications/Xcode.app/Contents/Developer/Platforms/MacOSX.platform/Developer/SDKs/MacOSX15.5.sdk -target x86_64-apple-macos10.15 -g -module-cache-path /Users/harishvishwakarma/Library/Developer/Xcode/DerivedData/ModuleCache.noindex -Xfrontend -serialize-debugging-options -enable-testing -suppress-warnings -index-store-path /Users/harishvishwakarma/Library/Developer/Xcode/DerivedData/Revolt-dharrjsambcimaaziudpvzjdcigm/Index.noindex/DataStore -swift-version 5 -I /Users/harishvishwakarma/Library/Developer/Xcode/DerivedData/Revolt-dharrjsambcimaaziudpvzjdcigm/Build/Products/Debug -I /Applications/Xcode.app/Contents/Developer/Platforms/MacOSX.platform/Developer/usr/lib -F /Users/harishvishwakarma/Library/Developer/Xcode/DerivedData/Revolt-dharrjsambcimaaziudpvzjdcigm/Build/Products/Debug/PackageFrameworks -F /Users/harishvishwakarma/Library/Developer/Xcode/DerivedData/Revolt-dharrjsambcimaaziudpvzjdcigm/Build/Products/Debug/PackageFrameworks -F /Users/harishvishwakarma/Library/Developer/Xcode/DerivedData/Revolt-dharrjsambcimaaziudpvzjdcigm/Build/Products/Debug/PackageFrameworks -F /Users/harishvishwakarma/Library/Developer/Xcode/DerivedData/Revolt-dharrjsambcimaaziudpvzjdcigm/Build/Products/Debug/PackageFrameworks -F /Users/harishvishwakarma/Library/Developer/Xcode/DerivedData/Revolt-dharrjsambcimaaziudpvzjdcigm/Build/Products/Debug/PackageFrameworks -F /Users/harishvishwakarma/Library/Developer/Xcode/DerivedData/Revolt-dharrjsambcimaaziudpvzjdcigm/Build/Products/Debug/PackageFrameworks -F /Users/harishvishwakarma/Library/Developer/Xcode/DerivedData/Revolt-dharrjsambcimaaziudpvzjdcigm/Build/Products/Debug/PackageFrameworks -F /Users/harishvishwakarma/Library/Developer/Xcode/DerivedData/Revolt-dharrjsambcimaaziudpvzjdcigm/Build/Products/Debug/PackageFrameworks -F /Users/harishvishwakarma/Library/Developer/Xcode/DerivedData/Revolt-dharrjsambcimaaziudpvzjdcigm/Build/Products/Debug/PackageFrameworks -F /Users/harishvishwakarma/Library/Developer/Xcode/DerivedData/Revolt-dharrjsambcimaaziudpvzjdcigm/Build/Products/Debug/PackageFrameworks -F /Users/harishvishwakarma/Library/Developer/Xcode/DerivedData/Revolt-dharrjsambcimaaziudpvzjdcigm/Build/Products/Debug/PackageFrameworks -F /Users/harishvishwakarma/Library/Developer/Xcode/DerivedData/Revolt-dharrjsambcimaaziudpvzjdcigm/Build/Products/Debug/PackageFrameworks -F /Users/harishvishwakarma/Library/Developer/Xcode/DerivedData/Revolt-dharrjsambcimaaziudpvzjdcigm/Build/Products/Debug -F /Applications/Xcode.app/Contents/Developer/Platforms/MacOSX.platform/Developer/Library/Frameworks -c -j12 -enable-batch-mode -incremental -Xcc -ivfsstatcache -Xcc /Users/harishvishwakarma/Library/Developer/Xcode/DerivedData/SDKStatCaches.noindex/macosx15.5-24F74-8254517eb8b97d462ccbc072ba9094c9.sdkstatcache -output-file-map /Users/harishvishwakarma/Library/Developer/Xcode/DerivedData/Revolt-dharrjsambcimaaziudpvzjdcigm/Build/Intermediates.noindex/CodableWrapper.build/Debug/CodableWrapperMacros.build/Objects-normal/x86_64/CodableWrapperMacros-OutputFileMap.json -use-frontend-parseable-output -save-temps -no-color-diagnostics -serialize-diagnostics -emit-dependencies -emit-module -emit-module-path /Users/harishvishwakarma/Library/Developer/Xcode/DerivedData/Revolt-dharrjsambcimaaziudpvzjdcigm/Build/Intermediates.noindex/CodableWrapper.build/Debug/CodableWrapperMacros.build/Objects-normal/x86_64/CodableWrapperMacros.swiftmodule -validate-clang-modules-once -clang-build-session-file /Users/harishvishwakarma/Library/Developer/Xcode/DerivedData/ModuleCache.noindex/Session.modulevalidation -package-name codablewrapper -emit-const-values -Xfrontend -const-gather-protocols-file -Xfrontend /Users/harishvishwakarma/Library/Developer/Xcode/DerivedData/Revolt-dharrjsambcimaaziudpvzjdcigm/Build/Intermediates.noindex/CodableWrapper.build/Debug/CodableWrapperMacros.build/Objects-normal/x86_64/CodableWrapperMacros_const_extract_protocols.json -Xcc -I/Users/harishvishwakarma/Library/Developer/Xcode/DerivedData/Revolt-dharrjsambcimaaziudpvzjdcigm/Build/Products/Debug/include -Xcc -I/Users/harishvishwakarma/Library/Developer/Xcode/DerivedData/Revolt-dharrjsambcimaaziudpvzjdcigm/Build/Intermediates.noindex/CodableWrapper.build/Debug/CodableWrapperMacros.build/DerivedSources-normal/x86_64 -Xcc -I/Users/harishvishwakarma/Library/Developer/Xcode/DerivedData/Revolt-dharrjsambcimaaziudpvzjdcigm/Build/Intermediates.noindex/CodableWrapper.build/Debug/CodableWrapperMacros.build/DerivedSources/x86_64 -Xcc -I/Users/harishvishwakarma/Library/Developer/Xcode/DerivedData/Revolt-dharrjsambcimaaziudpvzjdcigm/Build/Intermediates.noindex/CodableWrapper.build/Debug/CodableWrapperMacros.build/DerivedSources -Xcc -DSWIFT_PACKAGE -Xcc -DDEBUG\=1 -working-directory /Users/harishvishwakarma/Handy/Archem/pepchat-ios/Revolt.xcodeproj -experimental-emit-module-separately -disable-cmo

Ld /Users/harishvishwakarma/Library/Developer/Xcode/DerivedData/Revolt-dharrjsambcimaaziudpvzjdcigm/Build/Products/Debug/CodableWrapperMacros normal (in target 'CodableWrapperMacros' from project 'CodableWrapper')
    cd /Users/harishvishwakarma/Library/Developer/Xcode/DerivedData/Revolt-dharrjsambcimaaziudpvzjdcigm/SourcePackages/checkouts/CodableWrapper
    /Applications/Xcode.app/Contents/Developer/Toolchains/XcodeDefault.xctoolchain/usr/bin/clang -Xlinker -reproducible -target x86_64-apple-macos10.15 -isysroot /Applications/Xcode.app/Contents/Developer/Platforms/MacOSX.platform/Developer/SDKs/MacOSX15.5.sdk -O0 -w -L/Users/harishvishwakarma/Library/Developer/Xcode/DerivedData/Revolt-dharrjsambcimaaziudpvzjdcigm/Build/Intermediates.noindex/EagerLinkingTBDs/Debug -L/Users/harishvishwakarma/Library/Developer/Xcode/DerivedData/Revolt-dharrjsambcimaaziudpvzjdcigm/Build/Products/Debug -L/Applications/Xcode.app/Contents/Developer/Platforms/MacOSX.platform/Developer/usr/lib -F/Users/harishvishwakarma/Library/Developer/Xcode/DerivedData/Revolt-dharrjsambcimaaziudpvzjdcigm/Build/Intermediates.noindex/EagerLinkingTBDs/Debug -F/Users/harishvishwakarma/Library/Developer/Xcode/DerivedData/Revolt-dharrjsambcimaaziudpvzjdcigm/Build/Products/Debug/PackageFrameworks -F/Users/harishvishwakarma/Library/Developer/Xcode/DerivedData/Revolt-dharrjsambcimaaziudpvzjdcigm/Build/Products/Debug/PackageFrameworks -F/Users/harishvishwakarma/Library/Developer/Xcode/DerivedData/Revolt-dharrjsambcimaaziudpvzjdcigm/Build/Products/Debug/PackageFrameworks -F/Users/harishvishwakarma/Library/Developer/Xcode/DerivedData/Revolt-dharrjsambcimaaziudpvzjdcigm/Build/Products/Debug/PackageFrameworks -F/Users/harishvishwakarma/Library/Developer/Xcode/DerivedData/Revolt-dharrjsambcimaaziudpvzjdcigm/Build/Products/Debug/PackageFrameworks -F/Users/harishvishwakarma/Library/Developer/Xcode/DerivedData/Revolt-dharrjsambcimaaziudpvzjdcigm/Build/Products/Debug/PackageFrameworks -F/Users/harishvishwakarma/Library/Developer/Xcode/DerivedData/Revolt-dharrjsambcimaaziudpvzjdcigm/Build/Products/Debug/PackageFrameworks -F/Users/harishvishwakarma/Library/Developer/Xcode/DerivedData/Revolt-dharrjsambcimaaziudpvzjdcigm/Build/Products/Debug/PackageFrameworks -F/Users/harishvishwakarma/Library/Developer/Xcode/DerivedData/Revolt-dharrjsambcimaaziudpvzjdcigm/Build/Products/Debug/PackageFrameworks -F/Users/harishvishwakarma/Library/Developer/Xcode/DerivedData/Revolt-dharrjsambcimaaziudpvzjdcigm/Build/Products/Debug/PackageFrameworks -F/Users/harishvishwakarma/Library/Developer/Xcode/DerivedData/Revolt-dharrjsambcimaaziudpvzjdcigm/Build/Products/Debug/PackageFrameworks -F/Users/harishvishwakarma/Library/Developer/Xcode/DerivedData/Revolt-dharrjsambcimaaziudpvzjdcigm/Build/Products/Debug/PackageFrameworks -F/Users/harishvishwakarma/Library/Developer/Xcode/DerivedData/Revolt-dharrjsambcimaaziudpvzjdcigm/Build/Products/Debug -iframework /Applications/Xcode.app/Contents/Developer/Platforms/MacOSX.platform/Developer/Library/Frameworks -filelist /Users/harishvishwakarma/Library/Developer/Xcode/DerivedData/Revolt-dharrjsambcimaaziudpvzjdcigm/Build/Intermediates.noindex/CodableWrapper.build/Debug/CodableWrapperMacros.build/Objects-normal/x86_64/CodableWrapperMacros.LinkFileList -Xlinker -rpath -Xlinker /usr/lib/swift -Xlinker -rpath -Xlinker /Users/harishvishwakarma/Library/Developer/Xcode/DerivedData/Revolt-dharrjsambcimaaziudpvzjdcigm/Build/Products/Debug/PackageFrameworks -Xlinker -object_path_lto -Xlinker /Users/harishvishwakarma/Library/Developer/Xcode/DerivedData/Revolt-dharrjsambcimaaziudpvzjdcigm/Build/Intermediates.noindex/CodableWrapper.build/Debug/CodableWrapperMacros.build/Objects-normal/x86_64/CodableWrapperMacros_lto.o -rdynamic -Xlinker -no_deduplicate -Xlinker -dependency_info -Xlinker /Users/harishvishwakarma/Library/Developer/Xcode/DerivedData/Revolt-dharrjsambcimaaziudpvzjdcigm/Build/Intermediates.noindex/CodableWrapper.build/Debug/CodableWrapperMacros.build/Objects-normal/x86_64/CodableWrapperMacros_dependency_info.dat -fobjc-link-runtime -L/Applications/Xcode.app/Contents/Developer/Toolchains/XcodeDefault.xctoolchain/usr/lib/swift/macosx -L/usr/lib/swift -Xlinker -add_ast_path -Xlinker /Users/harishvishwakarma/Library/Developer/Xcode/DerivedData/Revolt-dharrjsambcimaaziudpvzjdcigm/Build/Intermediates.noindex/CodableWrapper.build/Debug/CodableWrapperMacros.build/Objects-normal/x86_64/CodableWrapperMacros.swiftmodule -Wl,-no_warn_duplicate_libraries -Wl,-no_warn_duplicate_libraries -Wl,-no_warn_duplicate_libraries -Wl,-no_warn_duplicate_libraries -Wl,-no_warn_duplicate_libraries -Wl,-no_warn_duplicate_libraries -Wl,-no_warn_duplicate_libraries -Wl,-no_warn_duplicate_libraries -Wl,-no_warn_duplicate_libraries -Wl,-no_warn_duplicate_libraries -Wl,-no_warn_duplicate_libraries -Wl,-no_warn_duplicate_libraries -o /Users/harishvishwakarma/Library/Developer/Xcode/DerivedData/Revolt-dharrjsambcimaaziudpvzjdcigm/Build/Products/Debug/CodableWrapperMacros -Xlinker -add_ast_path -Xlinker /Users/harishvishwakarma/Library/Developer/Xcode/DerivedData/Revolt-dharrjsambcimaaziudpvzjdcigm/Build/Intermediates.noindex/swift-syntax.build/Debug/SwiftSyntax.build/Objects-normal/x86_64/SwiftSyntax.swiftmodule -Xlinker -add_ast_path -Xlinker /Users/harishvishwakarma/Library/Developer/Xcode/DerivedData/Revolt-dharrjsambcimaaziudpvzjdcigm/Build/Intermediates.noindex/swift-syntax.build/Debug/SwiftSyntax509.build/Objects-normal/x86_64/SwiftSyntax509.swiftmodule -Xlinker -add_ast_path -Xlinker /Users/harishvishwakarma/Library/Developer/Xcode/DerivedData/Revolt-dharrjsambcimaaziudpvzjdcigm/Build/Intermediates.noindex/swift-syntax.build/Debug/SwiftSyntaxMacros.build/Objects-normal/x86_64/SwiftSyntaxMacros.swiftmodule -Xlinker -add_ast_path -Xlinker /Users/harishvishwakarma/Library/Developer/Xcode/DerivedData/Revolt-dharrjsambcimaaziudpvzjdcigm/Build/Intermediates.noindex/swift-syntax.build/Debug/SwiftDiagnostics.build/Objects-normal/x86_64/SwiftDiagnostics.swiftmodule -Xlinker -add_ast_path -Xlinker /Users/harishvishwakarma/Library/Developer/Xcode/DerivedData/Revolt-dharrjsambcimaaziudpvzjdcigm/Build/Intermediates.noindex/swift-syntax.build/Debug/SwiftParser.build/Objects-normal/x86_64/SwiftParser.swiftmodule -Xlinker -add_ast_path -Xlinker /Users/harishvishwakarma/Library/Developer/Xcode/DerivedData/Revolt-dharrjsambcimaaziudpvzjdcigm/Build/Intermediates.noindex/swift-syntax.build/Debug/SwiftBasicFormat.build/Objects-normal/x86_64/SwiftBasicFormat.swiftmodule -Xlinker -add_ast_path -Xlinker /Users/harishvishwakarma/Library/Developer/Xcode/DerivedData/Revolt-dharrjsambcimaaziudpvzjdcigm/Build/Intermediates.noindex/swift-syntax.build/Debug/SwiftParserDiagnostics.build/Objects-normal/x86_64/SwiftParserDiagnostics.swiftmodule -Xlinker -add_ast_path -Xlinker /Users/harishvishwakarma/Library/Developer/Xcode/DerivedData/Revolt-dharrjsambcimaaziudpvzjdcigm/Build/Intermediates.noindex/swift-syntax.build/Debug/SwiftSyntaxBuilder.build/Objects-normal/x86_64/SwiftSyntaxBuilder.swiftmodule -Xlinker -add_ast_path -Xlinker /Users/harishvishwakarma/Library/Developer/Xcode/DerivedData/Revolt-dharrjsambcimaaziudpvzjdcigm/Build/Intermediates.noindex/swift-syntax.build/Debug/SwiftOperators.build/Objects-normal/x86_64/SwiftOperators.swiftmodule -Xlinker -add_ast_path -Xlinker /Users/harishvishwakarma/Library/Developer/Xcode/DerivedData/Revolt-dharrjsambcimaaziudpvzjdcigm/Build/Intermediates.noindex/swift-syntax.build/Debug/SwiftCompilerPlugin.build/Objects-normal/x86_64/SwiftCompilerPlugin.swiftmodule -Xlinker -add_ast_path -Xlinker /Users/harishvishwakarma/Library/Developer/Xcode/DerivedData/Revolt-dharrjsambcimaaziudpvzjdcigm/Build/Intermediates.noindex/swift-syntax.build/Debug/SwiftSyntaxMacroExpansion.build/Objects-normal/x86_64/SwiftSyntaxMacroExpansion.swiftmodule -Xlinker -add_ast_path -Xlinker /Users/harishvishwakarma/Library/Developer/Xcode/DerivedData/Revolt-dharrjsambcimaaziudpvzjdcigm/Build/Intermediates.noindex/swift-syntax.build/Debug/SwiftCompilerPluginMessageHandling.build/Objects-normal/x86_64/SwiftCompilerPluginMessageHandling.swiftmodule

SwiftDriverJobDiscovery normal x86_64 Compiling Plugin.swift (in target 'CasePathsMacros' from project 'swift-case-paths')

SwiftDriverJobDiscovery normal x86_64 Compiling CasePathableMacro.swift (in target 'CasePathsMacros' from project 'swift-case-paths')

SwiftDriver\ Compilation CasePathsMacros normal x86_64 com.apple.xcode.tools.swift.compiler (in target 'CasePathsMacros' from project 'swift-case-paths')
    cd /Users/harishvishwakarma/Handy/Archem/pepchat-ios/Revolt.xcodeproj
    builtin-Swift-Compilation -- /Applications/Xcode.app/Contents/Developer/Toolchains/XcodeDefault.xctoolchain/usr/bin/swiftc -module-name CasePathsMacros -Onone -enforce-exclusivity\=checked @/Users/harishvishwakarma/Library/Developer/Xcode/DerivedData/Revolt-dharrjsambcimaaziudpvzjdcigm/Build/Intermediates.noindex/swift-case-paths.build/Debug/CasePathsMacros.build/Objects-normal/x86_64/CasePathsMacros.SwiftFileList -DSWIFT_PACKAGE -DDEBUG -DXcode -plugin-path /Applications/Xcode.app/Contents/Developer/Toolchains/XcodeDefault.xctoolchain/usr/lib/swift/host/plugins/testing -enable-experimental-feature DebugDescriptionMacro -sdk /Applications/Xcode.app/Contents/Developer/Platforms/MacOSX.platform/Developer/SDKs/MacOSX15.5.sdk -target x86_64-apple-macos10.15 -g -module-cache-path /Users/harishvishwakarma/Library/Developer/Xcode/DerivedData/ModuleCache.noindex -Xfrontend -serialize-debugging-options -enable-testing -suppress-warnings -index-store-path /Users/harishvishwakarma/Library/Developer/Xcode/DerivedData/Revolt-dharrjsambcimaaziudpvzjdcigm/Index.noindex/DataStore -swift-version 6 -I /Users/harishvishwakarma/Library/Developer/Xcode/DerivedData/Revolt-dharrjsambcimaaziudpvzjdcigm/Build/Products/Debug -I /Applications/Xcode.app/Contents/Developer/Platforms/MacOSX.platform/Developer/usr/lib -F /Users/harishvishwakarma/Library/Developer/Xcode/DerivedData/Revolt-dharrjsambcimaaziudpvzjdcigm/Build/Products/Debug/PackageFrameworks -F /Users/harishvishwakarma/Library/Developer/Xcode/DerivedData/Revolt-dharrjsambcimaaziudpvzjdcigm/Build/Products/Debug/PackageFrameworks -F /Users/harishvishwakarma/Library/Developer/Xcode/DerivedData/Revolt-dharrjsambcimaaziudpvzjdcigm/Build/Products/Debug/PackageFrameworks -F /Users/harishvishwakarma/Library/Developer/Xcode/DerivedData/Revolt-dharrjsambcimaaziudpvzjdcigm/Build/Products/Debug/PackageFrameworks -F /Users/harishvishwakarma/Library/Developer/Xcode/DerivedData/Revolt-dharrjsambcimaaziudpvzjdcigm/Build/Products/Debug/PackageFrameworks -F /Users/harishvishwakarma/Library/Developer/Xcode/DerivedData/Revolt-dharrjsambcimaaziudpvzjdcigm/Build/Products/Debug/PackageFrameworks -F /Users/harishvishwakarma/Library/Developer/Xcode/DerivedData/Revolt-dharrjsambcimaaziudpvzjdcigm/Build/Products/Debug/PackageFrameworks -F /Users/harishvishwakarma/Library/Developer/Xcode/DerivedData/Revolt-dharrjsambcimaaziudpvzjdcigm/Build/Products/Debug/PackageFrameworks -F /Users/harishvishwakarma/Library/Developer/Xcode/DerivedData/Revolt-dharrjsambcimaaziudpvzjdcigm/Build/Products/Debug/PackageFrameworks -F /Users/harishvishwakarma/Library/Developer/Xcode/DerivedData/Revolt-dharrjsambcimaaziudpvzjdcigm/Build/Products/Debug/PackageFrameworks -F /Users/harishvishwakarma/Library/Developer/Xcode/DerivedData/Revolt-dharrjsambcimaaziudpvzjdcigm/Build/Products/Debug/PackageFrameworks -F /Users/harishvishwakarma/Library/Developer/Xcode/DerivedData/Revolt-dharrjsambcimaaziudpvzjdcigm/Build/Products/Debug/PackageFrameworks -F /Users/harishvishwakarma/Library/Developer/Xcode/DerivedData/Revolt-dharrjsambcimaaziudpvzjdcigm/Build/Products/Debug -F /Applications/Xcode.app/Contents/Developer/Platforms/MacOSX.platform/Developer/Library/Frameworks -c -j12 -enable-batch-mode -incremental -Xcc -ivfsstatcache -Xcc /Users/harishvishwakarma/Library/Developer/Xcode/DerivedData/SDKStatCaches.noindex/macosx15.5-24F74-8254517eb8b97d462ccbc072ba9094c9.sdkstatcache -output-file-map /Users/harishvishwakarma/Library/Developer/Xcode/DerivedData/Revolt-dharrjsambcimaaziudpvzjdcigm/Build/Intermediates.noindex/swift-case-paths.build/Debug/CasePathsMacros.build/Objects-normal/x86_64/CasePathsMacros-OutputFileMap.json -use-frontend-parseable-output -save-temps -no-color-diagnostics -serialize-diagnostics -emit-dependencies -emit-module -emit-module-path /Users/harishvishwakarma/Library/Developer/Xcode/DerivedData/Revolt-dharrjsambcimaaziudpvzjdcigm/Build/Intermediates.noindex/swift-case-paths.build/Debug/CasePathsMacros.build/Objects-normal/x86_64/CasePathsMacros.swiftmodule -user-module-version 1.5.5 -validate-clang-modules-once -clang-build-session-file /Users/harishvishwakarma/Library/Developer/Xcode/DerivedData/ModuleCache.noindex/Session.modulevalidation -package-name swift_case_paths -emit-const-values -Xfrontend -const-gather-protocols-file -Xfrontend /Users/harishvishwakarma/Library/Developer/Xcode/DerivedData/Revolt-dharrjsambcimaaziudpvzjdcigm/Build/Intermediates.noindex/swift-case-paths.build/Debug/CasePathsMacros.build/Objects-normal/x86_64/CasePathsMacros_const_extract_protocols.json -Xcc -I/Users/harishvishwakarma/Library/Developer/Xcode/DerivedData/Revolt-dharrjsambcimaaziudpvzjdcigm/Build/Products/Debug/include -Xcc -I/Users/harishvishwakarma/Library/Developer/Xcode/DerivedData/Revolt-dharrjsambcimaaziudpvzjdcigm/Build/Intermediates.noindex/swift-case-paths.build/Debug/CasePathsMacros.build/DerivedSources-normal/x86_64 -Xcc -I/Users/harishvishwakarma/Library/Developer/Xcode/DerivedData/Revolt-dharrjsambcimaaziudpvzjdcigm/Build/Intermediates.noindex/swift-case-paths.build/Debug/CasePathsMacros.build/DerivedSources/x86_64 -Xcc -I/Users/harishvishwakarma/Library/Developer/Xcode/DerivedData/Revolt-dharrjsambcimaaziudpvzjdcigm/Build/Intermediates.noindex/swift-case-paths.build/Debug/CasePathsMacros.build/DerivedSources -Xcc -DSWIFT_PACKAGE -Xcc -DDEBUG\=1 -working-directory /Users/harishvishwakarma/Handy/Archem/pepchat-ios/Revolt.xcodeproj -experimental-emit-module-separately -disable-cmo

RegisterExecutionPolicyException /Users/harishvishwakarma/Library/Developer/Xcode/DerivedData/Revolt-dharrjsambcimaaziudpvzjdcigm/Build/Products/Debug/CodableWrapperMacros (in target 'CodableWrapperMacros' from project 'CodableWrapper')
    cd /Users/harishvishwakarma/Library/Developer/Xcode/DerivedData/Revolt-dharrjsambcimaaziudpvzjdcigm/SourcePackages/checkouts/CodableWrapper
    builtin-RegisterExecutionPolicyException /Users/harishvishwakarma/Library/Developer/Xcode/DerivedData/Revolt-dharrjsambcimaaziudpvzjdcigm/Build/Products/Debug/CodableWrapperMacros

Ld /Users/harishvishwakarma/Library/Developer/Xcode/DerivedData/Revolt-dharrjsambcimaaziudpvzjdcigm/Build/Products/Debug/CasePathsMacros normal (in target 'CasePathsMacros' from project 'swift-case-paths')
    cd /Users/harishvishwakarma/Library/Developer/Xcode/DerivedData/Revolt-dharrjsambcimaaziudpvzjdcigm/SourcePackages/checkouts/swift-case-paths
    /Applications/Xcode.app/Contents/Developer/Toolchains/XcodeDefault.xctoolchain/usr/bin/clang -Xlinker -reproducible -target x86_64-apple-macos10.15 -isysroot /Applications/Xcode.app/Contents/Developer/Platforms/MacOSX.platform/Developer/SDKs/MacOSX15.5.sdk -O0 -w -L/Users/harishvishwakarma/Library/Developer/Xcode/DerivedData/Revolt-dharrjsambcimaaziudpvzjdcigm/Build/Intermediates.noindex/EagerLinkingTBDs/Debug -L/Users/harishvishwakarma/Library/Developer/Xcode/DerivedData/Revolt-dharrjsambcimaaziudpvzjdcigm/Build/Products/Debug -L/Applications/Xcode.app/Contents/Developer/Platforms/MacOSX.platform/Developer/usr/lib -F/Users/harishvishwakarma/Library/Developer/Xcode/DerivedData/Revolt-dharrjsambcimaaziudpvzjdcigm/Build/Intermediates.noindex/EagerLinkingTBDs/Debug -F/Users/harishvishwakarma/Library/Developer/Xcode/DerivedData/Revolt-dharrjsambcimaaziudpvzjdcigm/Build/Products/Debug/PackageFrameworks -F/Users/harishvishwakarma/Library/Developer/Xcode/DerivedData/Revolt-dharrjsambcimaaziudpvzjdcigm/Build/Products/Debug/PackageFrameworks -F/Users/harishvishwakarma/Library/Developer/Xcode/DerivedData/Revolt-dharrjsambcimaaziudpvzjdcigm/Build/Products/Debug/PackageFrameworks -F/Users/harishvishwakarma/Library/Developer/Xcode/DerivedData/Revolt-dharrjsambcimaaziudpvzjdcigm/Build/Products/Debug/PackageFrameworks -F/Users/harishvishwakarma/Library/Developer/Xcode/DerivedData/Revolt-dharrjsambcimaaziudpvzjdcigm/Build/Products/Debug/PackageFrameworks -F/Users/harishvishwakarma/Library/Developer/Xcode/DerivedData/Revolt-dharrjsambcimaaziudpvzjdcigm/Build/Products/Debug/PackageFrameworks -F/Users/harishvishwakarma/Library/Developer/Xcode/DerivedData/Revolt-dharrjsambcimaaziudpvzjdcigm/Build/Products/Debug/PackageFrameworks -F/Users/harishvishwakarma/Library/Developer/Xcode/DerivedData/Revolt-dharrjsambcimaaziudpvzjdcigm/Build/Products/Debug/PackageFrameworks -F/Users/harishvishwakarma/Library/Developer/Xcode/DerivedData/Revolt-dharrjsambcimaaziudpvzjdcigm/Build/Products/Debug/PackageFrameworks -F/Users/harishvishwakarma/Library/Developer/Xcode/DerivedData/Revolt-dharrjsambcimaaziudpvzjdcigm/Build/Products/Debug/PackageFrameworks -F/Users/harishvishwakarma/Library/Developer/Xcode/DerivedData/Revolt-dharrjsambcimaaziudpvzjdcigm/Build/Products/Debug/PackageFrameworks -F/Users/harishvishwakarma/Library/Developer/Xcode/DerivedData/Revolt-dharrjsambcimaaziudpvzjdcigm/Build/Products/Debug/PackageFrameworks -F/Users/harishvishwakarma/Library/Developer/Xcode/DerivedData/Revolt-dharrjsambcimaaziudpvzjdcigm/Build/Products/Debug -iframework /Applications/Xcode.app/Contents/Developer/Platforms/MacOSX.platform/Developer/Library/Frameworks -filelist /Users/harishvishwakarma/Library/Developer/Xcode/DerivedData/Revolt-dharrjsambcimaaziudpvzjdcigm/Build/Intermediates.noindex/swift-case-paths.build/Debug/CasePathsMacros.build/Objects-normal/x86_64/CasePathsMacros.LinkFileList -Xlinker -rpath -Xlinker /usr/lib/swift -Xlinker -rpath -Xlinker /Users/harishvishwakarma/Library/Developer/Xcode/DerivedData/Revolt-dharrjsambcimaaziudpvzjdcigm/Build/Products/Debug/PackageFrameworks -Xlinker -object_path_lto -Xlinker /Users/harishvishwakarma/Library/Developer/Xcode/DerivedData/Revolt-dharrjsambcimaaziudpvzjdcigm/Build/Intermediates.noindex/swift-case-paths.build/Debug/CasePathsMacros.build/Objects-normal/x86_64/CasePathsMacros_lto.o -rdynamic -Xlinker -no_deduplicate -Xlinker -dependency_info -Xlinker /Users/harishvishwakarma/Library/Developer/Xcode/DerivedData/Revolt-dharrjsambcimaaziudpvzjdcigm/Build/Intermediates.noindex/swift-case-paths.build/Debug/CasePathsMacros.build/Objects-normal/x86_64/CasePathsMacros_dependency_info.dat -fobjc-link-runtime -L/Applications/Xcode.app/Contents/Developer/Toolchains/XcodeDefault.xctoolchain/usr/lib/swift/macosx -L/usr/lib/swift -Xlinker -add_ast_path -Xlinker /Users/harishvishwakarma/Library/Developer/Xcode/DerivedData/Revolt-dharrjsambcimaaziudpvzjdcigm/Build/Intermediates.noindex/swift-case-paths.build/Debug/CasePathsMacros.build/Objects-normal/x86_64/CasePathsMacros.swiftmodule -Wl,-no_warn_duplicate_libraries -Wl,-no_warn_duplicate_libraries -Wl,-no_warn_duplicate_libraries -Wl,-no_warn_duplicate_libraries -Wl,-no_warn_duplicate_libraries -Wl,-no_warn_duplicate_libraries -Wl,-no_warn_duplicate_libraries -Wl,-no_warn_duplicate_libraries -Wl,-no_warn_duplicate_libraries -Wl,-no_warn_duplicate_libraries -Wl,-no_warn_duplicate_libraries -Wl,-no_warn_duplicate_libraries -o /Users/harishvishwakarma/Library/Developer/Xcode/DerivedData/Revolt-dharrjsambcimaaziudpvzjdcigm/Build/Products/Debug/CasePathsMacros -Xlinker -add_ast_path -Xlinker /Users/harishvishwakarma/Library/Developer/Xcode/DerivedData/Revolt-dharrjsambcimaaziudpvzjdcigm/Build/Intermediates.noindex/swift-syntax.build/Debug/SwiftSyntaxMacros.build/Objects-normal/x86_64/SwiftSyntaxMacros.swiftmodule -Xlinker -add_ast_path -Xlinker /Users/harishvishwakarma/Library/Developer/Xcode/DerivedData/Revolt-dharrjsambcimaaziudpvzjdcigm/Build/Intermediates.noindex/swift-syntax.build/Debug/SwiftSyntax509.build/Objects-normal/x86_64/SwiftSyntax509.swiftmodule -Xlinker -add_ast_path -Xlinker /Users/harishvishwakarma/Library/Developer/Xcode/DerivedData/Revolt-dharrjsambcimaaziudpvzjdcigm/Build/Intermediates.noindex/swift-syntax.build/Debug/SwiftSyntax.build/Objects-normal/x86_64/SwiftSyntax.swiftmodule -Xlinker -add_ast_path -Xlinker /Users/harishvishwakarma/Library/Developer/Xcode/DerivedData/Revolt-dharrjsambcimaaziudpvzjdcigm/Build/Intermediates.noindex/swift-syntax.build/Debug/SwiftDiagnostics.build/Objects-normal/x86_64/SwiftDiagnostics.swiftmodule -Xlinker -add_ast_path -Xlinker /Users/harishvishwakarma/Library/Developer/Xcode/DerivedData/Revolt-dharrjsambcimaaziudpvzjdcigm/Build/Intermediates.noindex/swift-syntax.build/Debug/SwiftParser.build/Objects-normal/x86_64/SwiftParser.swiftmodule -Xlinker -add_ast_path -Xlinker /Users/harishvishwakarma/Library/Developer/Xcode/DerivedData/Revolt-dharrjsambcimaaziudpvzjdcigm/Build/Intermediates.noindex/swift-syntax.build/Debug/SwiftBasicFormat.build/Objects-normal/x86_64/SwiftBasicFormat.swiftmodule -Xlinker -add_ast_path -Xlinker /Users/harishvishwakarma/Library/Developer/Xcode/DerivedData/Revolt-dharrjsambcimaaziudpvzjdcigm/Build/Intermediates.noindex/swift-syntax.build/Debug/SwiftParserDiagnostics.build/Objects-normal/x86_64/SwiftParserDiagnostics.swiftmodule -Xlinker -add_ast_path -Xlinker /Users/harishvishwakarma/Library/Developer/Xcode/DerivedData/Revolt-dharrjsambcimaaziudpvzjdcigm/Build/Intermediates.noindex/swift-syntax.build/Debug/SwiftSyntaxBuilder.build/Objects-normal/x86_64/SwiftSyntaxBuilder.swiftmodule -Xlinker -add_ast_path -Xlinker /Users/harishvishwakarma/Library/Developer/Xcode/DerivedData/Revolt-dharrjsambcimaaziudpvzjdcigm/Build/Intermediates.noindex/swift-syntax.build/Debug/SwiftCompilerPlugin.build/Objects-normal/x86_64/SwiftCompilerPlugin.swiftmodule -Xlinker -add_ast_path -Xlinker /Users/harishvishwakarma/Library/Developer/Xcode/DerivedData/Revolt-dharrjsambcimaaziudpvzjdcigm/Build/Intermediates.noindex/swift-syntax.build/Debug/SwiftOperators.build/Objects-normal/x86_64/SwiftOperators.swiftmodule -Xlinker -add_ast_path -Xlinker /Users/harishvishwakarma/Library/Developer/Xcode/DerivedData/Revolt-dharrjsambcimaaziudpvzjdcigm/Build/Intermediates.noindex/swift-syntax.build/Debug/SwiftSyntaxMacroExpansion.build/Objects-normal/x86_64/SwiftSyntaxMacroExpansion.swiftmodule -Xlinker -add_ast_path -Xlinker /Users/harishvishwakarma/Library/Developer/Xcode/DerivedData/Revolt-dharrjsambcimaaziudpvzjdcigm/Build/Intermediates.noindex/swift-syntax.build/Debug/SwiftCompilerPluginMessageHandling.build/Objects-normal/x86_64/SwiftCompilerPluginMessageHandling.swiftmodule

SwiftDriver CodableWrapper normal arm64 com.apple.xcode.tools.swift.compiler (in target 'CodableWrapper' from project 'CodableWrapper')
    cd /Users/harishvishwakarma/Handy/Archem/pepchat-ios/Revolt.xcodeproj
    builtin-SwiftDriver -- /Applications/Xcode.app/Contents/Developer/Toolchains/XcodeDefault.xctoolchain/usr/bin/swiftc -module-name CodableWrapper -Onone -enforce-exclusivity\=checked @/Users/harishvishwakarma/Library/Developer/Xcode/DerivedData/Revolt-dharrjsambcimaaziudpvzjdcigm/Build/Intermediates.noindex/CodableWrapper.build/Debug-iphoneos/CodableWrapper.build/Objects-normal/arm64/CodableWrapper.SwiftFileList -DSWIFT_PACKAGE -DDEBUG -DXcode -plugin-path /Applications/Xcode.app/Contents/Developer/Toolchains/XcodeDefault.xctoolchain/usr/lib/swift/host/plugins/testing -enable-experimental-feature DebugDescriptionMacro -sdk /Applications/Xcode.app/Contents/Developer/Platforms/iPhoneOS.platform/Developer/SDKs/iPhoneOS18.5.sdk -target arm64-apple-ios13.0 -g -module-cache-path /Users/harishvishwakarma/Library/Developer/Xcode/DerivedData/ModuleCache.noindex -Xfrontend -serialize-debugging-options -enable-testing -suppress-warnings -index-store-path /Users/harishvishwakarma/Library/Developer/Xcode/DerivedData/Revolt-dharrjsambcimaaziudpvzjdcigm/Index.noindex/DataStore -swift-version 5 -I /Users/harishvishwakarma/Library/Developer/Xcode/DerivedData/Revolt-dharrjsambcimaaziudpvzjdcigm/Build/Products/Debug-iphoneos -I /Applications/Xcode.app/Contents/Developer/Platforms/iPhoneOS.platform/Developer/usr/lib -F /Users/harishvishwakarma/Library/Developer/Xcode/DerivedData/Revolt-dharrjsambcimaaziudpvzjdcigm/Build/Products/Debug-iphoneos -F /Applications/Xcode.app/Contents/Developer/Platforms/iPhoneOS.platform/Developer/Library/Frameworks -F /Applications/Xcode.app/Contents/Developer/Platforms/iPhoneOS.platform/Developer/SDKs/iPhoneOS18.5.sdk/Developer/Library/Frameworks -Xfrontend -load-plugin-executable -Xfrontend /Users/harishvishwakarma/Library/Developer/Xcode/DerivedData/Revolt-dharrjsambcimaaziudpvzjdcigm/Build/Products/Debug/CodableWrapperMacros\#CodableWrapperMacros -c -j12 -enable-batch-mode -incremental -Xcc -ivfsstatcache -Xcc /Users/harishvishwakarma/Library/Developer/Xcode/DerivedData/SDKStatCaches.noindex/iphoneos18.5-22F76-7fa4eea80a99bbfdc046826b63ec4baf.sdkstatcache -output-file-map /Users/harishvishwakarma/Library/Developer/Xcode/DerivedData/Revolt-dharrjsambcimaaziudpvzjdcigm/Build/Intermediates.noindex/CodableWrapper.build/Debug-iphoneos/CodableWrapper.build/Objects-normal/arm64/CodableWrapper-OutputFileMap.json -use-frontend-parseable-output -save-temps -no-color-diagnostics -serialize-diagnostics -emit-dependencies -emit-module -emit-module-path /Users/harishvishwakarma/Library/Developer/Xcode/DerivedData/Revolt-dharrjsambcimaaziudpvzjdcigm/Build/Intermediates.noindex/CodableWrapper.build/Debug-iphoneos/CodableWrapper.build/Objects-normal/arm64/CodableWrapper.swiftmodule -validate-clang-modules-once -clang-build-session-file /Users/harishvishwakarma/Library/Developer/Xcode/DerivedData/ModuleCache.noindex/Session.modulevalidation -package-name codablewrapper -Xcc -I/Users/harishvishwakarma/Library/Developer/Xcode/DerivedData/Revolt-dharrjsambcimaaziudpvzjdcigm/Build/Intermediates.noindex/CodableWrapper.build/Debug-iphoneos/CodableWrapper.build/swift-overrides.hmap -emit-const-values -Xfrontend -const-gather-protocols-file -Xfrontend /Users/harishvishwakarma/Library/Developer/Xcode/DerivedData/Revolt-dharrjsambcimaaziudpvzjdcigm/Build/Intermediates.noindex/CodableWrapper.build/Debug-iphoneos/CodableWrapper.build/Objects-normal/arm64/CodableWrapper_const_extract_protocols.json -Xcc -I/Users/harishvishwakarma/Library/Developer/Xcode/DerivedData/Revolt-dharrjsambcimaaziudpvzjdcigm/Build/Products/Debug-iphoneos/include -Xcc -I/Users/harishvishwakarma/Library/Developer/Xcode/DerivedData/Revolt-dharrjsambcimaaziudpvzjdcigm/Build/Intermediates.noindex/CodableWrapper.build/Debug-iphoneos/CodableWrapper.build/DerivedSources-normal/arm64 -Xcc -I/Users/harishvishwakarma/Library/Developer/Xcode/DerivedData/Revolt-dharrjsambcimaaziudpvzjdcigm/Build/Intermediates.noindex/CodableWrapper.build/Debug-iphoneos/CodableWrapper.build/DerivedSources/arm64 -Xcc -I/Users/harishvishwakarma/Library/Developer/Xcode/DerivedData/Revolt-dharrjsambcimaaziudpvzjdcigm/Build/Intermediates.noindex/CodableWrapper.build/Debug-iphoneos/CodableWrapper.build/DerivedSources -Xcc -DSWIFT_PACKAGE -Xcc -DDEBUG\=1 -emit-objc-header -emit-objc-header-path /Users/harishvishwakarma/Library/Developer/Xcode/DerivedData/Revolt-dharrjsambcimaaziudpvzjdcigm/Build/Intermediates.noindex/CodableWrapper.build/Debug-iphoneos/CodableWrapper.build/Objects-normal/arm64/CodableWrapper-Swift.h -working-directory /Users/harishvishwakarma/Handy/Archem/pepchat-ios/Revolt.xcodeproj -experimental-emit-module-separately -disable-cmo

SwiftCompile normal arm64 Compiling\ AnyCodingKey.swift /Users/harishvishwakarma/Library/Developer/Xcode/DerivedData/Revolt-dharrjsambcimaaziudpvzjdcigm/SourcePackages/checkouts/CodableWrapper/Sources/CodableWrapper/AnyCodingKey.swift (in target 'CodableWrapper' from project 'CodableWrapper')
SwiftCompile normal arm64 /Users/harishvishwakarma/Library/Developer/Xcode/DerivedData/Revolt-dharrjsambcimaaziudpvzjdcigm/SourcePackages/checkouts/CodableWrapper/Sources/CodableWrapper/AnyCodingKey.swift (in target 'CodableWrapper' from project 'CodableWrapper')
    cd /Users/harishvishwakarma/Handy/Archem/pepchat-ios/Revolt.xcodeproj
    

SwiftCompile normal arm64 Compiling\ Encoder.swift /Users/harishvishwakarma/Library/Developer/Xcode/DerivedData/Revolt-dharrjsambcimaaziudpvzjdcigm/SourcePackages/checkouts/CodableWrapper/Sources/CodableWrapper/Encoder.swift (in target 'CodableWrapper' from project 'CodableWrapper')
SwiftCompile normal arm64 /Users/harishvishwakarma/Library/Developer/Xcode/DerivedData/Revolt-dharrjsambcimaaziudpvzjdcigm/SourcePackages/checkouts/CodableWrapper/Sources/CodableWrapper/Encoder.swift (in target 'CodableWrapper' from project 'CodableWrapper')
    cd /Users/harishvishwakarma/Handy/Archem/pepchat-ios/Revolt.xcodeproj
    

SwiftCompile normal arm64 Compiling\ Decoder.swift /Users/harishvishwakarma/Library/Developer/Xcode/DerivedData/Revolt-dharrjsambcimaaziudpvzjdcigm/SourcePackages/checkouts/CodableWrapper/Sources/CodableWrapper/Decoder.swift (in target 'CodableWrapper' from project 'CodableWrapper')
SwiftCompile normal arm64 /Users/harishvishwakarma/Library/Developer/Xcode/DerivedData/Revolt-dharrjsambcimaaziudpvzjdcigm/SourcePackages/checkouts/CodableWrapper/Sources/CodableWrapper/Decoder.swift (in target 'CodableWrapper' from project 'CodableWrapper')
    cd /Users/harishvishwakarma/Handy/Archem/pepchat-ios/Revolt.xcodeproj
    

SwiftCompile normal arm64 Compiling\ Error.swift /Users/harishvishwakarma/Library/Developer/Xcode/DerivedData/Revolt-dharrjsambcimaaziudpvzjdcigm/SourcePackages/checkouts/CodableWrapper/Sources/CodableWrapper/Error.swift (in target 'CodableWrapper' from project 'CodableWrapper')

SwiftCompile normal arm64 /Users/harishvishwakarma/Library/Developer/Xcode/DerivedData/Revolt-dharrjsambcimaaziudpvzjdcigm/SourcePackages/checkouts/CodableWrapper/Sources/CodableWrapper/Error.swift (in target 'CodableWrapper' from project 'CodableWrapper')
    cd /Users/harishvishwakarma/Handy/Archem/pepchat-ios/Revolt.xcodeproj
    

SwiftCompile normal arm64 Compiling\ TransformOf.swift /Users/harishvishwakarma/Library/Developer/Xcode/DerivedData/Revolt-dharrjsambcimaaziudpvzjdcigm/SourcePackages/checkouts/CodableWrapper/Sources/CodableWrapper/TransformOf.swift (in target 'CodableWrapper' from project 'CodableWrapper')

SwiftCompile normal arm64 /Users/harishvishwakarma/Library/Developer/Xcode/DerivedData/Revolt-dharrjsambcimaaziudpvzjdcigm/SourcePackages/checkouts/CodableWrapper/Sources/CodableWrapper/TransformOf.swift (in target 'CodableWrapper' from project 'CodableWrapper')
    cd /Users/harishvishwakarma/Handy/Archem/pepchat-ios/Revolt.xcodeproj
    

SwiftCompile normal arm64 Compiling\ CodableWrapperMacros.swift /Users/harishvishwakarma/Library/Developer/Xcode/DerivedData/Revolt-dharrjsambcimaaziudpvzjdcigm/SourcePackages/checkouts/CodableWrapper/Sources/CodableWrapper/CodableWrapperMacros.swift (in target 'CodableWrapper' from project 'CodableWrapper')
SwiftCompile normal arm64 /Users/harishvishwakarma/Library/Developer/Xcode/DerivedData/Revolt-dharrjsambcimaaziudpvzjdcigm/SourcePackages/checkouts/CodableWrapper/Sources/CodableWrapper/CodableWrapperMacros.swift (in target 'CodableWrapper' from project 'CodableWrapper')
    cd /Users/harishvishwakarma/Handy/Archem/pepchat-ios/Revolt.xcodeproj
    

SwiftCompile normal arm64 Compiling\ AnyDecodable.swift /Users/harishvishwakarma/Library/Developer/Xcode/DerivedData/Revolt-dharrjsambcimaaziudpvzjdcigm/SourcePackages/checkouts/CodableWrapper/Sources/CodableWrapper/AnyDecodable.swift (in target 'CodableWrapper' from project 'CodableWrapper')

SwiftCompile normal arm64 /Users/harishvishwakarma/Library/Developer/Xcode/DerivedData/Revolt-dharrjsambcimaaziudpvzjdcigm/SourcePackages/checkouts/CodableWrapper/Sources/CodableWrapper/AnyDecodable.swift (in target 'CodableWrapper' from project 'CodableWrapper')
    cd /Users/harishvishwakarma/Handy/Archem/pepchat-ios/Revolt.xcodeproj
    

SwiftCompile normal arm64 Compiling\ TransformType.swift /Users/harishvishwakarma/Library/Developer/Xcode/DerivedData/Revolt-dharrjsambcimaaziudpvzjdcigm/SourcePackages/checkouts/CodableWrapper/Sources/CodableWrapper/TransformType.swift (in target 'CodableWrapper' from project 'CodableWrapper')

SwiftCompile normal arm64 /Users/harishvishwakarma/Library/Developer/Xcode/DerivedData/Revolt-dharrjsambcimaaziudpvzjdcigm/SourcePackages/checkouts/CodableWrapper/Sources/CodableWrapper/TransformType.swift (in target 'CodableWrapper' from project 'CodableWrapper')
    cd /Users/harishvishwakarma/Handy/Archem/pepchat-ios/Revolt.xcodeproj
    

SwiftEmitModule normal arm64 Emitting\ module\ for\ CodableWrapper (in target 'CodableWrapper' from project 'CodableWrapper')
EmitSwiftModule normal arm64 (in target 'CodableWrapper' from project 'CodableWrapper')
    cd /Users/harishvishwakarma/Handy/Archem/pepchat-ios/Revolt.xcodeproj
    

SwiftCompile normal arm64 Compiling\ BuiltInBridgeType.swift /Users/harishvishwakarma/Library/Developer/Xcode/DerivedData/Revolt-dharrjsambcimaaziudpvzjdcigm/SourcePackages/checkouts/CodableWrapper/Sources/CodableWrapper/BuiltInBridgeType.swift (in target 'CodableWrapper' from project 'CodableWrapper')

SwiftCompile normal arm64 /Users/harishvishwakarma/Library/Developer/Xcode/DerivedData/Revolt-dharrjsambcimaaziudpvzjdcigm/SourcePackages/checkouts/CodableWrapper/Sources/CodableWrapper/BuiltInBridgeType.swift (in target 'CodableWrapper' from project 'CodableWrapper')
    cd /Users/harishvishwakarma/Handy/Archem/pepchat-ios/Revolt.xcodeproj
    

SwiftCompile normal arm64 Compiling\ SnakeCamelConvert.swift /Users/harishvishwakarma/Library/Developer/Xcode/DerivedData/Revolt-dharrjsambcimaaziudpvzjdcigm/SourcePackages/checkouts/CodableWrapper/Sources/CodableWrapper/SnakeCamelConvert.swift (in target 'CodableWrapper' from project 'CodableWrapper')

SwiftCompile normal arm64 /Users/harishvishwakarma/Library/Developer/Xcode/DerivedData/Revolt-dharrjsambcimaaziudpvzjdcigm/SourcePackages/checkouts/CodableWrapper/Sources/CodableWrapper/SnakeCamelConvert.swift (in target 'CodableWrapper' from project 'CodableWrapper')
    cd /Users/harishvishwakarma/Handy/Archem/pepchat-ios/Revolt.xcodeproj
    

RegisterExecutionPolicyException /Users/harishvishwakarma/Library/Developer/Xcode/DerivedData/Revolt-dharrjsambcimaaziudpvzjdcigm/Build/Products/Debug/CasePathsMacros (in target 'CasePathsMacros' from project 'swift-case-paths')
    cd /Users/harishvishwakarma/Library/Developer/Xcode/DerivedData/Revolt-dharrjsambcimaaziudpvzjdcigm/SourcePackages/checkouts/swift-case-paths
    builtin-RegisterExecutionPolicyException /Users/harishvishwakarma/Library/Developer/Xcode/DerivedData/Revolt-dharrjsambcimaaziudpvzjdcigm/Build/Products/Debug/CasePathsMacros

SwiftDriver CasePaths normal arm64 com.apple.xcode.tools.swift.compiler (in target 'CasePaths' from project 'swift-case-paths')
    cd /Users/harishvishwakarma/Handy/Archem/pepchat-ios/Revolt.xcodeproj
    builtin-SwiftDriver -- /Applications/Xcode.app/Contents/Developer/Toolchains/XcodeDefault.xctoolchain/usr/bin/swiftc -module-name CasePaths -Onone -enforce-exclusivity\=checked @/Users/harishvishwakarma/Library/Developer/Xcode/DerivedData/Revolt-dharrjsambcimaaziudpvzjdcigm/Build/Intermediates.noindex/swift-case-paths.build/Debug-iphoneos/CasePaths.build/Objects-normal/arm64/CasePaths.SwiftFileList -DSWIFT_PACKAGE -DDEBUG -DXcode -plugin-path /Applications/Xcode.app/Contents/Developer/Toolchains/XcodeDefault.xctoolchain/usr/lib/swift/host/plugins/testing -enable-experimental-feature DebugDescriptionMacro -sdk /Applications/Xcode.app/Contents/Developer/Platforms/iPhoneOS.platform/Developer/SDKs/iPhoneOS18.5.sdk -target arm64-apple-ios13.0 -g -module-cache-path /Users/harishvishwakarma/Library/Developer/Xcode/DerivedData/ModuleCache.noindex -Xfrontend -serialize-debugging-options -enable-testing -suppress-warnings -index-store-path /Users/harishvishwakarma/Library/Developer/Xcode/DerivedData/Revolt-dharrjsambcimaaziudpvzjdcigm/Index.noindex/DataStore -swift-version 6 -I /Users/harishvishwakarma/Library/Developer/Xcode/DerivedData/Revolt-dharrjsambcimaaziudpvzjdcigm/Build/Products/Debug-iphoneos -I /Applications/Xcode.app/Contents/Developer/Platforms/iPhoneOS.platform/Developer/usr/lib -F /Users/harishvishwakarma/Library/Developer/Xcode/DerivedData/Revolt-dharrjsambcimaaziudpvzjdcigm/Build/Products/Debug-iphoneos/PackageFrameworks -F /Users/harishvishwakarma/Library/Developer/Xcode/DerivedData/Revolt-dharrjsambcimaaziudpvzjdcigm/Build/Products/Debug-iphoneos/PackageFrameworks -F /Users/harishvishwakarma/Library/Developer/Xcode/DerivedData/Revolt-dharrjsambcimaaziudpvzjdcigm/Build/Products/Debug-iphoneos -F /Applications/Xcode.app/Contents/Developer/Platforms/iPhoneOS.platform/Developer/Library/Frameworks -F /Applications/Xcode.app/Contents/Developer/Platforms/iPhoneOS.platform/Developer/SDKs/iPhoneOS18.5.sdk/Developer/Library/Frameworks -Xfrontend -load-plugin-executable -Xfrontend /Users/harishvishwakarma/Library/Developer/Xcode/DerivedData/Revolt-dharrjsambcimaaziudpvzjdcigm/Build/Products/Debug/CasePathsMacros\#CasePathsMacros -c -j12 -enable-batch-mode -incremental -Xcc -ivfsstatcache -Xcc /Users/harishvishwakarma/Library/Developer/Xcode/DerivedData/SDKStatCaches.noindex/iphoneos18.5-22F76-7fa4eea80a99bbfdc046826b63ec4baf.sdkstatcache -output-file-map /Users/harishvishwakarma/Library/Developer/Xcode/DerivedData/Revolt-dharrjsambcimaaziudpvzjdcigm/Build/Intermediates.noindex/swift-case-paths.build/Debug-iphoneos/CasePaths.build/Objects-normal/arm64/CasePaths-OutputFileMap.json -use-frontend-parseable-output -save-temps -no-color-diagnostics -serialize-diagnostics -emit-dependencies -emit-module -emit-module-path /Users/harishvishwakarma/Library/Developer/Xcode/DerivedData/Revolt-dharrjsambcimaaziudpvzjdcigm/Build/Intermediates.noindex/swift-case-paths.build/Debug-iphoneos/CasePaths.build/Objects-normal/arm64/CasePaths.swiftmodule -user-module-version 1.5.5 -validate-clang-modules-once -clang-build-session-file /Users/harishvishwakarma/Library/Developer/Xcode/DerivedData/ModuleCache.noindex/Session.modulevalidation -package-name swift_case_paths -Xcc -I/Users/harishvishwakarma/Library/Developer/Xcode/DerivedData/Revolt-dharrjsambcimaaziudpvzjdcigm/Build/Intermediates.noindex/swift-case-paths.build/Debug-iphoneos/CasePaths.build/swift-overrides.hmap -emit-const-values -Xfrontend -const-gather-protocols-file -Xfrontend /Users/harishvishwakarma/Library/Developer/Xcode/DerivedData/Revolt-dharrjsambcimaaziudpvzjdcigm/Build/Intermediates.noindex/swift-case-paths.build/Debug-iphoneos/CasePaths.build/Objects-normal/arm64/CasePaths_const_extract_protocols.json -Xcc -I/Users/harishvishwakarma/Library/Developer/Xcode/DerivedData/Revolt-dharrjsambcimaaziudpvzjdcigm/Build/Products/Debug-iphoneos/include -Xcc -I/Users/harishvishwakarma/Library/Developer/Xcode/DerivedData/Revolt-dharrjsambcimaaziudpvzjdcigm/Build/Intermediates.noindex/swift-case-paths.build/Debug-iphoneos/CasePaths.build/DerivedSources-normal/arm64 -Xcc -I/Users/harishvishwakarma/Library/Developer/Xcode/DerivedData/Revolt-dharrjsambcimaaziudpvzjdcigm/Build/Intermediates.noindex/swift-case-paths.build/Debug-iphoneos/CasePaths.build/DerivedSources/arm64 -Xcc -I/Users/harishvishwakarma/Library/Developer/Xcode/DerivedData/Revolt-dharrjsambcimaaziudpvzjdcigm/Build/Intermediates.noindex/swift-case-paths.build/Debug-iphoneos/CasePaths.build/DerivedSources -Xcc -DSWIFT_PACKAGE -Xcc -DDEBUG\=1 -emit-objc-header -emit-objc-header-path /Users/harishvishwakarma/Library/Developer/Xcode/DerivedData/Revolt-dharrjsambcimaaziudpvzjdcigm/Build/Intermediates.noindex/swift-case-paths.build/Debug-iphoneos/CasePaths.build/Objects-normal/arm64/CasePaths-Swift.h -working-directory /Users/harishvishwakarma/Handy/Archem/pepchat-ios/Revolt.xcodeproj -experimental-emit-module-separately -disable-cmo

SwiftEmitModule normal arm64 Emitting\ module\ for\ CasePaths (in target 'CasePaths' from project 'swift-case-paths')
EmitSwiftModule normal arm64 (in target 'CasePaths' from project 'swift-case-paths')
    cd /Users/harishvishwakarma/Handy/Archem/pepchat-ios/Revolt.xcodeproj
    

SwiftCompile normal arm64 Compiling\ OpenExistential.swift /Users/harishvishwakarma/Library/Developer/Xcode/DerivedData/Revolt-dharrjsambcimaaziudpvzjdcigm/SourcePackages/checkouts/swift-case-paths/Sources/CasePaths/Internal/OpenExistential.swift (in target 'CasePaths' from project 'swift-case-paths')

SwiftCompile normal arm64 /Users/harishvishwakarma/Library/Developer/Xcode/DerivedData/Revolt-dharrjsambcimaaziudpvzjdcigm/SourcePackages/checkouts/swift-case-paths/Sources/CasePaths/Internal/OpenExistential.swift (in target 'CasePaths' from project 'swift-case-paths')
    cd /Users/harishvishwakarma/Handy/Archem/pepchat-ios/Revolt.xcodeproj
    

SwiftDriverJobDiscovery normal arm64 Compiling TransformType.swift (in target 'CodableWrapper' from project 'CodableWrapper')

SwiftCompile normal arm64 Compiling\ EnumReflection.swift,\ Deprecations.swift /Users/harishvishwakarma/Library/Developer/Xcode/DerivedData/Revolt-dharrjsambcimaaziudpvzjdcigm/SourcePackages/checkouts/swift-case-paths/Sources/CasePaths/EnumReflection.swift /Users/harishvishwakarma/Library/Developer/Xcode/DerivedData/Revolt-dharrjsambcimaaziudpvzjdcigm/SourcePackages/checkouts/swift-case-paths/Sources/CasePaths/Internal/Deprecations.swift (in target 'CasePaths' from project 'swift-case-paths')

SwiftCompile normal arm64 /Users/harishvishwakarma/Library/Developer/Xcode/DerivedData/Revolt-dharrjsambcimaaziudpvzjdcigm/SourcePackages/checkouts/swift-case-paths/Sources/CasePaths/EnumReflection.swift (in target 'CasePaths' from project 'swift-case-paths')
    cd /Users/harishvishwakarma/Handy/Archem/pepchat-ios/Revolt.xcodeproj
    

SwiftCompile normal arm64 /Users/harishvishwakarma/Library/Developer/Xcode/DerivedData/Revolt-dharrjsambcimaaziudpvzjdcigm/SourcePackages/checkouts/swift-case-paths/Sources/CasePaths/Internal/Deprecations.swift (in target 'CasePaths' from project 'swift-case-paths')
    cd /Users/harishvishwakarma/Handy/Archem/pepchat-ios/Revolt.xcodeproj
    

SwiftDriverJobDiscovery normal arm64 Compiling Error.swift (in target 'CodableWrapper' from project 'CodableWrapper')

SwiftCompile normal arm64 Compiling\ TypeName.swift /Users/harishvishwakarma/Library/Developer/Xcode/DerivedData/Revolt-dharrjsambcimaaziudpvzjdcigm/SourcePackages/checkouts/swift-case-paths/Sources/CasePaths/Internal/TypeName.swift (in target 'CasePaths' from project 'swift-case-paths')

SwiftCompile normal arm64 /Users/harishvishwakarma/Library/Developer/Xcode/DerivedData/Revolt-dharrjsambcimaaziudpvzjdcigm/SourcePackages/checkouts/swift-case-paths/Sources/CasePaths/Internal/TypeName.swift (in target 'CasePaths' from project 'swift-case-paths')
    cd /Users/harishvishwakarma/Handy/Archem/pepchat-ios/Revolt.xcodeproj
    

SwiftDriverJobDiscovery normal arm64 Compiling TransformOf.swift (in target 'CodableWrapper' from project 'CodableWrapper')

SwiftCompile normal arm64 Compiling\ Never+CasePathable.swift /Users/harishvishwakarma/Library/Developer/Xcode/DerivedData/Revolt-dharrjsambcimaaziudpvzjdcigm/SourcePackages/checkouts/swift-case-paths/Sources/CasePaths/Never+CasePathable.swift (in target 'CasePaths' from project 'swift-case-paths')

SwiftCompile normal arm64 /Users/harishvishwakarma/Library/Developer/Xcode/DerivedData/Revolt-dharrjsambcimaaziudpvzjdcigm/SourcePackages/checkouts/swift-case-paths/Sources/CasePaths/Never+CasePathable.swift (in target 'CasePaths' from project 'swift-case-paths')
    cd /Users/harishvishwakarma/Handy/Archem/pepchat-ios/Revolt.xcodeproj
    

SwiftDriverJobDiscovery normal arm64 Compiling AnyCodingKey.swift (in target 'CodableWrapper' from project 'CodableWrapper')

SwiftCompile normal arm64 Compiling\ LockIsolated.swift /Users/harishvishwakarma/Library/Developer/Xcode/DerivedData/Revolt-dharrjsambcimaaziudpvzjdcigm/SourcePackages/checkouts/swift-case-paths/Sources/CasePaths/Internal/LockIsolated.swift (in target 'CasePaths' from project 'swift-case-paths')

SwiftCompile normal arm64 /Users/harishvishwakarma/Library/Developer/Xcode/DerivedData/Revolt-dharrjsambcimaaziudpvzjdcigm/SourcePackages/checkouts/swift-case-paths/Sources/CasePaths/Internal/LockIsolated.swift (in target 'CasePaths' from project 'swift-case-paths')
    cd /Users/harishvishwakarma/Handy/Archem/pepchat-ios/Revolt.xcodeproj
    

SwiftDriverJobDiscovery normal arm64 Compiling Encoder.swift (in target 'CodableWrapper' from project 'CodableWrapper')

SwiftCompile normal arm64 Compiling\ UncheckedSendable.swift /Users/harishvishwakarma/Library/Developer/Xcode/DerivedData/Revolt-dharrjsambcimaaziudpvzjdcigm/SourcePackages/checkouts/swift-case-paths/Sources/CasePaths/Internal/UncheckedSendable.swift (in target 'CasePaths' from project 'swift-case-paths')

SwiftCompile normal arm64 /Users/harishvishwakarma/Library/Developer/Xcode/DerivedData/Revolt-dharrjsambcimaaziudpvzjdcigm/SourcePackages/checkouts/swift-case-paths/Sources/CasePaths/Internal/UncheckedSendable.swift (in target 'CasePaths' from project 'swift-case-paths')
    cd /Users/harishvishwakarma/Handy/Archem/pepchat-ios/Revolt.xcodeproj
    

SwiftDriverJobDiscovery normal arm64 Compiling SnakeCamelConvert.swift (in target 'CodableWrapper' from project 'CodableWrapper')

SwiftCompile normal arm64 Compiling\ Optional+CasePathable.swift /Users/harishvishwakarma/Library/Developer/Xcode/DerivedData/Revolt-dharrjsambcimaaziudpvzjdcigm/SourcePackages/checkouts/swift-case-paths/Sources/CasePaths/Optional+CasePathable.swift (in target 'CasePaths' from project 'swift-case-paths')

SwiftCompile normal arm64 /Users/harishvishwakarma/Library/Developer/Xcode/DerivedData/Revolt-dharrjsambcimaaziudpvzjdcigm/SourcePackages/checkouts/swift-case-paths/Sources/CasePaths/Optional+CasePathable.swift (in target 'CasePaths' from project 'swift-case-paths')
    cd /Users/harishvishwakarma/Handy/Archem/pepchat-ios/Revolt.xcodeproj
    

SwiftDriverJobDiscovery normal arm64 Compiling Decoder.swift (in target 'CodableWrapper' from project 'CodableWrapper')

SwiftCompile normal arm64 Compiling\ Result+CasePathable.swift /Users/harishvishwakarma/Library/Developer/Xcode/DerivedData/Revolt-dharrjsambcimaaziudpvzjdcigm/SourcePackages/checkouts/swift-case-paths/Sources/CasePaths/Result+CasePathable.swift (in target 'CasePaths' from project 'swift-case-paths')

SwiftCompile normal arm64 /Users/harishvishwakarma/Library/Developer/Xcode/DerivedData/Revolt-dharrjsambcimaaziudpvzjdcigm/SourcePackages/checkouts/swift-case-paths/Sources/CasePaths/Result+CasePathable.swift (in target 'CasePaths' from project 'swift-case-paths')
    cd /Users/harishvishwakarma/Handy/Archem/pepchat-ios/Revolt.xcodeproj
    

SwiftDriverJobDiscovery normal arm64 Compiling BuiltInBridgeType.swift (in target 'CodableWrapper' from project 'CodableWrapper')

SwiftCompile normal arm64 Compiling\ XCTestSupport.swift /Users/harishvishwakarma/Library/Developer/Xcode/DerivedData/Revolt-dharrjsambcimaaziudpvzjdcigm/SourcePackages/checkouts/swift-case-paths/Sources/CasePaths/XCTestSupport.swift (in target 'CasePaths' from project 'swift-case-paths')

SwiftCompile normal arm64 /Users/harishvishwakarma/Library/Developer/Xcode/DerivedData/Revolt-dharrjsambcimaaziudpvzjdcigm/SourcePackages/checkouts/swift-case-paths/Sources/CasePaths/XCTestSupport.swift (in target 'CasePaths' from project 'swift-case-paths')
    cd /Users/harishvishwakarma/Handy/Archem/pepchat-ios/Revolt.xcodeproj
    

SwiftDriverJobDiscovery normal arm64 Compiling AnyDecodable.swift (in target 'CodableWrapper' from project 'CodableWrapper')

SwiftCompile normal arm64 Compiling\ CasePathReflectable.swift,\ CasePathable.swift /Users/harishvishwakarma/Library/Developer/Xcode/DerivedData/Revolt-dharrjsambcimaaziudpvzjdcigm/SourcePackages/checkouts/swift-case-paths/Sources/CasePaths/CasePathReflectable.swift /Users/harishvishwakarma/Library/Developer/Xcode/DerivedData/Revolt-dharrjsambcimaaziudpvzjdcigm/SourcePackages/checkouts/swift-case-paths/Sources/CasePaths/CasePathable.swift (in target 'CasePaths' from project 'swift-case-paths')
SwiftCompile normal arm64 /Users/harishvishwakarma/Library/Developer/Xcode/DerivedData/Revolt-dharrjsambcimaaziudpvzjdcigm/SourcePackages/checkouts/swift-case-paths/Sources/CasePaths/CasePathReflectable.swift (in target 'CasePaths' from project 'swift-case-paths')
    cd /Users/harishvishwakarma/Handy/Archem/pepchat-ios/Revolt.xcodeproj
    

SwiftCompile normal arm64 /Users/harishvishwakarma/Library/Developer/Xcode/DerivedData/Revolt-dharrjsambcimaaziudpvzjdcigm/SourcePackages/checkouts/swift-case-paths/Sources/CasePaths/CasePathable.swift (in target 'CasePaths' from project 'swift-case-paths')
    cd /Users/harishvishwakarma/Handy/Archem/pepchat-ios/Revolt.xcodeproj
    

SwiftDriverJobDiscovery normal arm64 Compiling OpenExistential.swift (in target 'CasePaths' from project 'swift-case-paths')

SwiftCompile normal arm64 Compiling\ Macros.swift /Users/harishvishwakarma/Library/Developer/Xcode/DerivedData/Revolt-dharrjsambcimaaziudpvzjdcigm/SourcePackages/checkouts/swift-case-paths/Sources/CasePaths/Macros.swift (in target 'CasePaths' from project 'swift-case-paths')

SwiftCompile normal arm64 /Users/harishvishwakarma/Library/Developer/Xcode/DerivedData/Revolt-dharrjsambcimaaziudpvzjdcigm/SourcePackages/checkouts/swift-case-paths/Sources/CasePaths/Macros.swift (in target 'CasePaths' from project 'swift-case-paths')
    cd /Users/harishvishwakarma/Handy/Archem/pepchat-ios/Revolt.xcodeproj
    

SwiftDriverJobDiscovery normal arm64 Compiling TypeName.swift (in target 'CasePaths' from project 'swift-case-paths')

SwiftCompile normal arm64 Compiling\ AnyCasePath.swift,\ CasePathIterable.swift /Users/harishvishwakarma/Library/Developer/Xcode/DerivedData/Revolt-dharrjsambcimaaziudpvzjdcigm/SourcePackages/checkouts/swift-case-paths/Sources/CasePaths/AnyCasePath.swift /Users/harishvishwakarma/Library/Developer/Xcode/DerivedData/Revolt-dharrjsambcimaaziudpvzjdcigm/SourcePackages/checkouts/swift-case-paths/Sources/CasePaths/CasePathIterable.swift (in target 'CasePaths' from project 'swift-case-paths')

SwiftCompile normal arm64 /Users/harishvishwakarma/Library/Developer/Xcode/DerivedData/Revolt-dharrjsambcimaaziudpvzjdcigm/SourcePackages/checkouts/swift-case-paths/Sources/CasePaths/AnyCasePath.swift (in target 'CasePaths' from project 'swift-case-paths')
    cd /Users/harishvishwakarma/Handy/Archem/pepchat-ios/Revolt.xcodeproj
    

SwiftCompile normal arm64 /Users/harishvishwakarma/Library/Developer/Xcode/DerivedData/Revolt-dharrjsambcimaaziudpvzjdcigm/SourcePackages/checkouts/swift-case-paths/Sources/CasePaths/CasePathIterable.swift (in target 'CasePaths' from project 'swift-case-paths')
    cd /Users/harishvishwakarma/Handy/Archem/pepchat-ios/Revolt.xcodeproj
    

SwiftDriverJobDiscovery normal arm64 Compiling Never+CasePathable.swift (in target 'CasePaths' from project 'swift-case-paths')

SwiftDriverJobDiscovery normal arm64 Compiling UncheckedSendable.swift (in target 'CasePaths' from project 'swift-case-paths')

SwiftDriverJobDiscovery normal arm64 Compiling LockIsolated.swift (in target 'CasePaths' from project 'swift-case-paths')

SwiftDriverJobDiscovery normal arm64 Compiling CodableWrapperMacros.swift (in target 'CodableWrapper' from project 'CodableWrapper')

SwiftDriverJobDiscovery normal arm64 Emitting module for CodableWrapper (in target 'CodableWrapper' from project 'CodableWrapper')

SwiftDriver\ Compilation\ Requirements CodableWrapper normal arm64 com.apple.xcode.tools.swift.compiler (in target 'CodableWrapper' from project 'CodableWrapper')
    cd /Users/harishvishwakarma/Handy/Archem/pepchat-ios/Revolt.xcodeproj
    builtin-Swift-Compilation-Requirements -- /Applications/Xcode.app/Contents/Developer/Toolchains/XcodeDefault.xctoolchain/usr/bin/swiftc -module-name CodableWrapper -Onone -enforce-exclusivity\=checked @/Users/harishvishwakarma/Library/Developer/Xcode/DerivedData/Revolt-dharrjsambcimaaziudpvzjdcigm/Build/Intermediates.noindex/CodableWrapper.build/Debug-iphoneos/CodableWrapper.build/Objects-normal/arm64/CodableWrapper.SwiftFileList -DSWIFT_PACKAGE -DDEBUG -DXcode -plugin-path /Applications/Xcode.app/Contents/Developer/Toolchains/XcodeDefault.xctoolchain/usr/lib/swift/host/plugins/testing -enable-experimental-feature DebugDescriptionMacro -sdk /Applications/Xcode.app/Contents/Developer/Platforms/iPhoneOS.platform/Developer/SDKs/iPhoneOS18.5.sdk -target arm64-apple-ios13.0 -g -module-cache-path /Users/harishvishwakarma/Library/Developer/Xcode/DerivedData/ModuleCache.noindex -Xfrontend -serialize-debugging-options -enable-testing -suppress-warnings -index-store-path /Users/harishvishwakarma/Library/Developer/Xcode/DerivedData/Revolt-dharrjsambcimaaziudpvzjdcigm/Index.noindex/DataStore -swift-version 5 -I /Users/harishvishwakarma/Library/Developer/Xcode/DerivedData/Revolt-dharrjsambcimaaziudpvzjdcigm/Build/Products/Debug-iphoneos -I /Applications/Xcode.app/Contents/Developer/Platforms/iPhoneOS.platform/Developer/usr/lib -F /Users/harishvishwakarma/Library/Developer/Xcode/DerivedData/Revolt-dharrjsambcimaaziudpvzjdcigm/Build/Products/Debug-iphoneos -F /Applications/Xcode.app/Contents/Developer/Platforms/iPhoneOS.platform/Developer/Library/Frameworks -F /Applications/Xcode.app/Contents/Developer/Platforms/iPhoneOS.platform/Developer/SDKs/iPhoneOS18.5.sdk/Developer/Library/Frameworks -Xfrontend -load-plugin-executable -Xfrontend /Users/harishvishwakarma/Library/Developer/Xcode/DerivedData/Revolt-dharrjsambcimaaziudpvzjdcigm/Build/Products/Debug/CodableWrapperMacros\#CodableWrapperMacros -c -j12 -enable-batch-mode -incremental -Xcc -ivfsstatcache -Xcc /Users/harishvishwakarma/Library/Developer/Xcode/DerivedData/SDKStatCaches.noindex/iphoneos18.5-22F76-7fa4eea80a99bbfdc046826b63ec4baf.sdkstatcache -output-file-map /Users/harishvishwakarma/Library/Developer/Xcode/DerivedData/Revolt-dharrjsambcimaaziudpvzjdcigm/Build/Intermediates.noindex/CodableWrapper.build/Debug-iphoneos/CodableWrapper.build/Objects-normal/arm64/CodableWrapper-OutputFileMap.json -use-frontend-parseable-output -save-temps -no-color-diagnostics -serialize-diagnostics -emit-dependencies -emit-module -emit-module-path /Users/harishvishwakarma/Library/Developer/Xcode/DerivedData/Revolt-dharrjsambcimaaziudpvzjdcigm/Build/Intermediates.noindex/CodableWrapper.build/Debug-iphoneos/CodableWrapper.build/Objects-normal/arm64/CodableWrapper.swiftmodule -validate-clang-modules-once -clang-build-session-file /Users/harishvishwakarma/Library/Developer/Xcode/DerivedData/ModuleCache.noindex/Session.modulevalidation -package-name codablewrapper -Xcc -I/Users/harishvishwakarma/Library/Developer/Xcode/DerivedData/Revolt-dharrjsambcimaaziudpvzjdcigm/Build/Intermediates.noindex/CodableWrapper.build/Debug-iphoneos/CodableWrapper.build/swift-overrides.hmap -emit-const-values -Xfrontend -const-gather-protocols-file -Xfrontend /Users/harishvishwakarma/Library/Developer/Xcode/DerivedData/Revolt-dharrjsambcimaaziudpvzjdcigm/Build/Intermediates.noindex/CodableWrapper.build/Debug-iphoneos/CodableWrapper.build/Objects-normal/arm64/CodableWrapper_const_extract_protocols.json -Xcc -I/Users/harishvishwakarma/Library/Developer/Xcode/DerivedData/Revolt-dharrjsambcimaaziudpvzjdcigm/Build/Products/Debug-iphoneos/include -Xcc -I/Users/harishvishwakarma/Library/Developer/Xcode/DerivedData/Revolt-dharrjsambcimaaziudpvzjdcigm/Build/Intermediates.noindex/CodableWrapper.build/Debug-iphoneos/CodableWrapper.build/DerivedSources-normal/arm64 -Xcc -I/Users/harishvishwakarma/Library/Developer/Xcode/DerivedData/Revolt-dharrjsambcimaaziudpvzjdcigm/Build/Intermediates.noindex/CodableWrapper.build/Debug-iphoneos/CodableWrapper.build/DerivedSources/arm64 -Xcc -I/Users/harishvishwakarma/Library/Developer/Xcode/DerivedData/Revolt-dharrjsambcimaaziudpvzjdcigm/Build/Intermediates.noindex/CodableWrapper.build/Debug-iphoneos/CodableWrapper.build/DerivedSources -Xcc -DSWIFT_PACKAGE -Xcc -DDEBUG\=1 -emit-objc-header -emit-objc-header-path /Users/harishvishwakarma/Library/Developer/Xcode/DerivedData/Revolt-dharrjsambcimaaziudpvzjdcigm/Build/Intermediates.noindex/CodableWrapper.build/Debug-iphoneos/CodableWrapper.build/Objects-normal/arm64/CodableWrapper-Swift.h -working-directory /Users/harishvishwakarma/Handy/Archem/pepchat-ios/Revolt.xcodeproj -experimental-emit-module-separately -disable-cmo

SwiftDriver\ Compilation CodableWrapper normal arm64 com.apple.xcode.tools.swift.compiler (in target 'CodableWrapper' from project 'CodableWrapper')
    cd /Users/harishvishwakarma/Handy/Archem/pepchat-ios/Revolt.xcodeproj
    builtin-Swift-Compilation -- /Applications/Xcode.app/Contents/Developer/Toolchains/XcodeDefault.xctoolchain/usr/bin/swiftc -module-name CodableWrapper -Onone -enforce-exclusivity\=checked @/Users/harishvishwakarma/Library/Developer/Xcode/DerivedData/Revolt-dharrjsambcimaaziudpvzjdcigm/Build/Intermediates.noindex/CodableWrapper.build/Debug-iphoneos/CodableWrapper.build/Objects-normal/arm64/CodableWrapper.SwiftFileList -DSWIFT_PACKAGE -DDEBUG -DXcode -plugin-path /Applications/Xcode.app/Contents/Developer/Toolchains/XcodeDefault.xctoolchain/usr/lib/swift/host/plugins/testing -enable-experimental-feature DebugDescriptionMacro -sdk /Applications/Xcode.app/Contents/Developer/Platforms/iPhoneOS.platform/Developer/SDKs/iPhoneOS18.5.sdk -target arm64-apple-ios13.0 -g -module-cache-path /Users/harishvishwakarma/Library/Developer/Xcode/DerivedData/ModuleCache.noindex -Xfrontend -serialize-debugging-options -enable-testing -suppress-warnings -index-store-path /Users/harishvishwakarma/Library/Developer/Xcode/DerivedData/Revolt-dharrjsambcimaaziudpvzjdcigm/Index.noindex/DataStore -swift-version 5 -I /Users/harishvishwakarma/Library/Developer/Xcode/DerivedData/Revolt-dharrjsambcimaaziudpvzjdcigm/Build/Products/Debug-iphoneos -I /Applications/Xcode.app/Contents/Developer/Platforms/iPhoneOS.platform/Developer/usr/lib -F /Users/harishvishwakarma/Library/Developer/Xcode/DerivedData/Revolt-dharrjsambcimaaziudpvzjdcigm/Build/Products/Debug-iphoneos -F /Applications/Xcode.app/Contents/Developer/Platforms/iPhoneOS.platform/Developer/Library/Frameworks -F /Applications/Xcode.app/Contents/Developer/Platforms/iPhoneOS.platform/Developer/SDKs/iPhoneOS18.5.sdk/Developer/Library/Frameworks -Xfrontend -load-plugin-executable -Xfrontend /Users/harishvishwakarma/Library/Developer/Xcode/DerivedData/Revolt-dharrjsambcimaaziudpvzjdcigm/Build/Products/Debug/CodableWrapperMacros\#CodableWrapperMacros -c -j12 -enable-batch-mode -incremental -Xcc -ivfsstatcache -Xcc /Users/harishvishwakarma/Library/Developer/Xcode/DerivedData/SDKStatCaches.noindex/iphoneos18.5-22F76-7fa4eea80a99bbfdc046826b63ec4baf.sdkstatcache -output-file-map /Users/harishvishwakarma/Library/Developer/Xcode/DerivedData/Revolt-dharrjsambcimaaziudpvzjdcigm/Build/Intermediates.noindex/CodableWrapper.build/Debug-iphoneos/CodableWrapper.build/Objects-normal/arm64/CodableWrapper-OutputFileMap.json -use-frontend-parseable-output -save-temps -no-color-diagnostics -serialize-diagnostics -emit-dependencies -emit-module -emit-module-path /Users/harishvishwakarma/Library/Developer/Xcode/DerivedData/Revolt-dharrjsambcimaaziudpvzjdcigm/Build/Intermediates.noindex/CodableWrapper.build/Debug-iphoneos/CodableWrapper.build/Objects-normal/arm64/CodableWrapper.swiftmodule -validate-clang-modules-once -clang-build-session-file /Users/harishvishwakarma/Library/Developer/Xcode/DerivedData/ModuleCache.noindex/Session.modulevalidation -package-name codablewrapper -Xcc -I/Users/harishvishwakarma/Library/Developer/Xcode/DerivedData/Revolt-dharrjsambcimaaziudpvzjdcigm/Build/Intermediates.noindex/CodableWrapper.build/Debug-iphoneos/CodableWrapper.build/swift-overrides.hmap -emit-const-values -Xfrontend -const-gather-protocols-file -Xfrontend /Users/harishvishwakarma/Library/Developer/Xcode/DerivedData/Revolt-dharrjsambcimaaziudpvzjdcigm/Build/Intermediates.noindex/CodableWrapper.build/Debug-iphoneos/CodableWrapper.build/Objects-normal/arm64/CodableWrapper_const_extract_protocols.json -Xcc -I/Users/harishvishwakarma/Library/Developer/Xcode/DerivedData/Revolt-dharrjsambcimaaziudpvzjdcigm/Build/Products/Debug-iphoneos/include -Xcc -I/Users/harishvishwakarma/Library/Developer/Xcode/DerivedData/Revolt-dharrjsambcimaaziudpvzjdcigm/Build/Intermediates.noindex/CodableWrapper.build/Debug-iphoneos/CodableWrapper.build/DerivedSources-normal/arm64 -Xcc -I/Users/harishvishwakarma/Library/Developer/Xcode/DerivedData/Revolt-dharrjsambcimaaziudpvzjdcigm/Build/Intermediates.noindex/CodableWrapper.build/Debug-iphoneos/CodableWrapper.build/DerivedSources/arm64 -Xcc -I/Users/harishvishwakarma/Library/Developer/Xcode/DerivedData/Revolt-dharrjsambcimaaziudpvzjdcigm/Build/Intermediates.noindex/CodableWrapper.build/Debug-iphoneos/CodableWrapper.build/DerivedSources -Xcc -DSWIFT_PACKAGE -Xcc -DDEBUG\=1 -emit-objc-header -emit-objc-header-path /Users/harishvishwakarma/Library/Developer/Xcode/DerivedData/Revolt-dharrjsambcimaaziudpvzjdcigm/Build/Intermediates.noindex/CodableWrapper.build/Debug-iphoneos/CodableWrapper.build/Objects-normal/arm64/CodableWrapper-Swift.h -working-directory /Users/harishvishwakarma/Handy/Archem/pepchat-ios/Revolt.xcodeproj -experimental-emit-module-separately -disable-cmo

SwiftMergeGeneratedHeaders /Users/harishvishwakarma/Library/Developer/Xcode/DerivedData/Revolt-dharrjsambcimaaziudpvzjdcigm/Build/Intermediates.noindex/GeneratedModuleMaps-iphoneos/CodableWrapper-Swift.h /Users/harishvishwakarma/Library/Developer/Xcode/DerivedData/Revolt-dharrjsambcimaaziudpvzjdcigm/Build/Intermediates.noindex/CodableWrapper.build/Debug-iphoneos/CodableWrapper.build/Objects-normal/arm64/CodableWrapper-Swift.h (in target 'CodableWrapper' from project 'CodableWrapper')
    cd /Users/harishvishwakarma/Library/Developer/Xcode/DerivedData/Revolt-dharrjsambcimaaziudpvzjdcigm/SourcePackages/checkouts/CodableWrapper
    builtin-swiftHeaderTool -arch arm64 /Users/harishvishwakarma/Library/Developer/Xcode/DerivedData/Revolt-dharrjsambcimaaziudpvzjdcigm/Build/Intermediates.noindex/CodableWrapper.build/Debug-iphoneos/CodableWrapper.build/Objects-normal/arm64/CodableWrapper-Swift.h -o /Users/harishvishwakarma/Library/Developer/Xcode/DerivedData/Revolt-dharrjsambcimaaziudpvzjdcigm/Build/Intermediates.noindex/GeneratedModuleMaps-iphoneos/CodableWrapper-Swift.h

Copy /Users/harishvishwakarma/Library/Developer/Xcode/DerivedData/Revolt-dharrjsambcimaaziudpvzjdcigm/Build/Products/Debug-iphoneos/CodableWrapper.swiftmodule/arm64-apple-ios.abi.json /Users/harishvishwakarma/Library/Developer/Xcode/DerivedData/Revolt-dharrjsambcimaaziudpvzjdcigm/Build/Intermediates.noindex/CodableWrapper.build/Debug-iphoneos/CodableWrapper.build/Objects-normal/arm64/CodableWrapper.abi.json (in target 'CodableWrapper' from project 'CodableWrapper')
    cd /Users/harishvishwakarma/Library/Developer/Xcode/DerivedData/Revolt-dharrjsambcimaaziudpvzjdcigm/SourcePackages/checkouts/CodableWrapper
    builtin-copy -exclude .DS_Store -exclude CVS -exclude .svn -exclude .git -exclude .hg -resolve-src-symlinks -rename /Users/harishvishwakarma/Library/Developer/Xcode/DerivedData/Revolt-dharrjsambcimaaziudpvzjdcigm/Build/Intermediates.noindex/CodableWrapper.build/Debug-iphoneos/CodableWrapper.build/Objects-normal/arm64/CodableWrapper.abi.json /Users/harishvishwakarma/Library/Developer/Xcode/DerivedData/Revolt-dharrjsambcimaaziudpvzjdcigm/Build/Products/Debug-iphoneos/CodableWrapper.swiftmodule/arm64-apple-ios.abi.json

Copy /Users/harishvishwakarma/Library/Developer/Xcode/DerivedData/Revolt-dharrjsambcimaaziudpvzjdcigm/Build/Products/Debug-iphoneos/CodableWrapper.swiftmodule/arm64-apple-ios.swiftmodule /Users/harishvishwakarma/Library/Developer/Xcode/DerivedData/Revolt-dharrjsambcimaaziudpvzjdcigm/Build/Intermediates.noindex/CodableWrapper.build/Debug-iphoneos/CodableWrapper.build/Objects-normal/arm64/CodableWrapper.swiftmodule (in target 'CodableWrapper' from project 'CodableWrapper')
    cd /Users/harishvishwakarma/Library/Developer/Xcode/DerivedData/Revolt-dharrjsambcimaaziudpvzjdcigm/SourcePackages/checkouts/CodableWrapper
    builtin-copy -exclude .DS_Store -exclude CVS -exclude .svn -exclude .git -exclude .hg -resolve-src-symlinks -rename /Users/harishvishwakarma/Library/Developer/Xcode/DerivedData/Revolt-dharrjsambcimaaziudpvzjdcigm/Build/Intermediates.noindex/CodableWrapper.build/Debug-iphoneos/CodableWrapper.build/Objects-normal/arm64/CodableWrapper.swiftmodule /Users/harishvishwakarma/Library/Developer/Xcode/DerivedData/Revolt-dharrjsambcimaaziudpvzjdcigm/Build/Products/Debug-iphoneos/CodableWrapper.swiftmodule/arm64-apple-ios.swiftmodule

Copy /Users/harishvishwakarma/Library/Developer/Xcode/DerivedData/Revolt-dharrjsambcimaaziudpvzjdcigm/Build/Products/Debug-iphoneos/CodableWrapper.swiftmodule/arm64-apple-ios.swiftdoc /Users/harishvishwakarma/Library/Developer/Xcode/DerivedData/Revolt-dharrjsambcimaaziudpvzjdcigm/Build/Intermediates.noindex/CodableWrapper.build/Debug-iphoneos/CodableWrapper.build/Objects-normal/arm64/CodableWrapper.swiftdoc (in target 'CodableWrapper' from project 'CodableWrapper')
    cd /Users/harishvishwakarma/Library/Developer/Xcode/DerivedData/Revolt-dharrjsambcimaaziudpvzjdcigm/SourcePackages/checkouts/CodableWrapper
    builtin-copy -exclude .DS_Store -exclude CVS -exclude .svn -exclude .git -exclude .hg -resolve-src-symlinks -rename /Users/harishvishwakarma/Library/Developer/Xcode/DerivedData/Revolt-dharrjsambcimaaziudpvzjdcigm/Build/Intermediates.noindex/CodableWrapper.build/Debug-iphoneos/CodableWrapper.build/Objects-normal/arm64/CodableWrapper.swiftdoc /Users/harishvishwakarma/Library/Developer/Xcode/DerivedData/Revolt-dharrjsambcimaaziudpvzjdcigm/Build/Products/Debug-iphoneos/CodableWrapper.swiftmodule/arm64-apple-ios.swiftdoc

Copy /Users/harishvishwakarma/Library/Developer/Xcode/DerivedData/Revolt-dharrjsambcimaaziudpvzjdcigm/Build/Products/Debug-iphoneos/CodableWrapper.swiftmodule/Project/arm64-apple-ios.swiftsourceinfo /Users/harishvishwakarma/Library/Developer/Xcode/DerivedData/Revolt-dharrjsambcimaaziudpvzjdcigm/Build/Intermediates.noindex/CodableWrapper.build/Debug-iphoneos/CodableWrapper.build/Objects-normal/arm64/CodableWrapper.swiftsourceinfo (in target 'CodableWrapper' from project 'CodableWrapper')
    cd /Users/harishvishwakarma/Library/Developer/Xcode/DerivedData/Revolt-dharrjsambcimaaziudpvzjdcigm/SourcePackages/checkouts/CodableWrapper
    builtin-copy -exclude .DS_Store -exclude CVS -exclude .svn -exclude .git -exclude .hg -resolve-src-symlinks -rename /Users/harishvishwakarma/Library/Developer/Xcode/DerivedData/Revolt-dharrjsambcimaaziudpvzjdcigm/Build/Intermediates.noindex/CodableWrapper.build/Debug-iphoneos/CodableWrapper.build/Objects-normal/arm64/CodableWrapper.swiftsourceinfo /Users/harishvishwakarma/Library/Developer/Xcode/DerivedData/Revolt-dharrjsambcimaaziudpvzjdcigm/Build/Products/Debug-iphoneos/CodableWrapper.swiftmodule/Project/arm64-apple-ios.swiftsourceinfo

Ld /Users/harishvishwakarma/Library/Developer/Xcode/DerivedData/Revolt-dharrjsambcimaaziudpvzjdcigm/Build/Products/Debug-iphoneos/CodableWrapper.o normal (in target 'CodableWrapper' from project 'CodableWrapper')
    cd /Users/harishvishwakarma/Library/Developer/Xcode/DerivedData/Revolt-dharrjsambcimaaziudpvzjdcigm/SourcePackages/checkouts/CodableWrapper
    /Applications/Xcode.app/Contents/Developer/Toolchains/XcodeDefault.xctoolchain/usr/bin/clang -Xlinker -reproducible -target arm64-apple-ios13.0 -r -isysroot /Applications/Xcode.app/Contents/Developer/Platforms/iPhoneOS.platform/Developer/SDKs/iPhoneOS18.5.sdk -O0 -w -L/Users/harishvishwakarma/Library/Developer/Xcode/DerivedData/Revolt-dharrjsambcimaaziudpvzjdcigm/Build/Intermediates.noindex/EagerLinkingTBDs/Debug-iphoneos -L/Users/harishvishwakarma/Library/Developer/Xcode/DerivedData/Revolt-dharrjsambcimaaziudpvzjdcigm/Build/Products/Debug-iphoneos -L/Applications/Xcode.app/Contents/Developer/Platforms/iPhoneOS.platform/Developer/usr/lib -F/Users/harishvishwakarma/Library/Developer/Xcode/DerivedData/Revolt-dharrjsambcimaaziudpvzjdcigm/Build/Intermediates.noindex/EagerLinkingTBDs/Debug-iphoneos -F/Users/harishvishwakarma/Library/Developer/Xcode/DerivedData/Revolt-dharrjsambcimaaziudpvzjdcigm/Build/Products/Debug-iphoneos -iframework /Applications/Xcode.app/Contents/Developer/Platforms/iPhoneOS.platform/Developer/Library/Frameworks -iframework /Applications/Xcode.app/Contents/Developer/Platforms/iPhoneOS.platform/Developer/SDKs/iPhoneOS18.5.sdk/Developer/Library/Frameworks -filelist /Users/harishvishwakarma/Library/Developer/Xcode/DerivedData/Revolt-dharrjsambcimaaziudpvzjdcigm/Build/Intermediates.noindex/CodableWrapper.build/Debug-iphoneos/CodableWrapper.build/Objects-normal/arm64/CodableWrapper.LinkFileList -nostdlib -Xlinker -object_path_lto -Xlinker /Users/harishvishwakarma/Library/Developer/Xcode/DerivedData/Revolt-dharrjsambcimaaziudpvzjdcigm/Build/Intermediates.noindex/CodableWrapper.build/Debug-iphoneos/CodableWrapper.build/Objects-normal/arm64/CodableWrapper_lto.o -rdynamic -Xlinker -no_deduplicate -Xlinker -dependency_info -Xlinker /Users/harishvishwakarma/Library/Developer/Xcode/DerivedData/Revolt-dharrjsambcimaaziudpvzjdcigm/Build/Intermediates.noindex/CodableWrapper.build/Debug-iphoneos/CodableWrapper.build/Objects-normal/arm64/CodableWrapper_dependency_info.dat -fobjc-link-runtime -L/Applications/Xcode.app/Contents/Developer/Toolchains/XcodeDefault.xctoolchain/usr/lib/swift/iphoneos -L/usr/lib/swift -Xlinker -add_ast_path -Xlinker /Users/harishvishwakarma/Library/Developer/Xcode/DerivedData/Revolt-dharrjsambcimaaziudpvzjdcigm/Build/Intermediates.noindex/CodableWrapper.build/Debug-iphoneos/CodableWrapper.build/Objects-normal/arm64/CodableWrapper.swiftmodule -o /Users/harishvishwakarma/Library/Developer/Xcode/DerivedData/Revolt-dharrjsambcimaaziudpvzjdcigm/Build/Products/Debug-iphoneos/CodableWrapper.o

SwiftDriverJobDiscovery normal arm64 Compiling Optional+CasePathable.swift (in target 'CasePaths' from project 'swift-case-paths')

SwiftDriverJobDiscovery normal arm64 Compiling Result+CasePathable.swift (in target 'CasePaths' from project 'swift-case-paths')

ExtractAppIntentsMetadata (in target 'CodableWrapper' from project 'CodableWrapper')
    cd /Users/harishvishwakarma/Library/Developer/Xcode/DerivedData/Revolt-dharrjsambcimaaziudpvzjdcigm/SourcePackages/checkouts/CodableWrapper
    /Applications/Xcode.app/Contents/Developer/Toolchains/XcodeDefault.xctoolchain/usr/bin/appintentsmetadataprocessor --toolchain-dir /Applications/Xcode.app/Contents/Developer/Toolchains/XcodeDefault.xctoolchain --module-name CodableWrapper --sdk-root /Applications/Xcode.app/Contents/Developer/Platforms/iPhoneOS.platform/Developer/SDKs/iPhoneOS18.5.sdk --xcode-version 16F6 --platform-family iOS --deployment-target 13.0 --bundle-identifier codablewrapper.CodableWrapper --output /Users/harishvishwakarma/Library/Developer/Xcode/DerivedData/Revolt-dharrjsambcimaaziudpvzjdcigm/Build/Products/Debug-iphoneos/CodableWrapper.appintents --target-triple arm64-apple-ios13.0 --binary-file /Users/harishvishwakarma/Library/Developer/Xcode/DerivedData/Revolt-dharrjsambcimaaziudpvzjdcigm/Build/Products/Debug-iphoneos/CodableWrapper.o --dependency-file /Users/harishvishwakarma/Library/Developer/Xcode/DerivedData/Revolt-dharrjsambcimaaziudpvzjdcigm/Build/Intermediates.noindex/CodableWrapper.build/Debug-iphoneos/CodableWrapper.build/Objects-normal/arm64/CodableWrapper_dependency_info.dat --stringsdata-file /Users/harishvishwakarma/Library/Developer/Xcode/DerivedData/Revolt-dharrjsambcimaaziudpvzjdcigm/Build/Intermediates.noindex/CodableWrapper.build/Debug-iphoneos/CodableWrapper.build/Objects-normal/arm64/ExtractedAppShortcutsMetadata.stringsdata --source-file-list /Users/harishvishwakarma/Library/Developer/Xcode/DerivedData/Revolt-dharrjsambcimaaziudpvzjdcigm/Build/Intermediates.noindex/CodableWrapper.build/Debug-iphoneos/CodableWrapper.build/Objects-normal/arm64/CodableWrapper.SwiftFileList --metadata-file-list /Users/harishvishwakarma/Library/Developer/Xcode/DerivedData/Revolt-dharrjsambcimaaziudpvzjdcigm/Build/Intermediates.noindex/CodableWrapper.build/Debug-iphoneos/CodableWrapper.build/CodableWrapper.DependencyMetadataFileList --static-metadata-file-list /Users/harishvishwakarma/Library/Developer/Xcode/DerivedData/Revolt-dharrjsambcimaaziudpvzjdcigm/Build/Intermediates.noindex/CodableWrapper.build/Debug-iphoneos/CodableWrapper.build/CodableWrapper.DependencyStaticMetadataFileList --swift-const-vals-list /Users/harishvishwakarma/Library/Developer/Xcode/DerivedData/Revolt-dharrjsambcimaaziudpvzjdcigm/Build/Intermediates.noindex/CodableWrapper.build/Debug-iphoneos/CodableWrapper.build/Objects-normal/arm64/CodableWrapper.SwiftConstValuesFileList --force --compile-time-extraction --deployment-aware-processing --validate-assistant-intents --no-app-shortcuts-localization
2026-01-08 18:38:57.222 appintentsmetadataprocessor[114:1140100] Starting appintentsmetadataprocessor export
2026-01-08 18:38:57.275 appintentsmetadataprocessor[114:1140100] Extracted no relevant App Intents symbols, skipping writing output

RegisterExecutionPolicyException /Users/harishvishwakarma/Library/Developer/Xcode/DerivedData/Revolt-dharrjsambcimaaziudpvzjdcigm/Build/Products/Debug-iphoneos/CodableWrapper.o (in target 'CodableWrapper' from project 'CodableWrapper')
    cd /Users/harishvishwakarma/Library/Developer/Xcode/DerivedData/Revolt-dharrjsambcimaaziudpvzjdcigm/SourcePackages/checkouts/CodableWrapper
    builtin-RegisterExecutionPolicyException /Users/harishvishwakarma/Library/Developer/Xcode/DerivedData/Revolt-dharrjsambcimaaziudpvzjdcigm/Build/Products/Debug-iphoneos/CodableWrapper.o

SwiftDriverJobDiscovery normal arm64 Compiling XCTestSupport.swift (in target 'CasePaths' from project 'swift-case-paths')

SwiftDriverJobDiscovery normal arm64 Compiling EnumReflection.swift, Deprecations.swift (in target 'CasePaths' from project 'swift-case-paths')

SwiftDriverJobDiscovery normal arm64 Compiling Macros.swift (in target 'CasePaths' from project 'swift-case-paths')

SwiftDriverJobDiscovery normal arm64 Emitting module for CasePaths (in target 'CasePaths' from project 'swift-case-paths')

SwiftDriver\ Compilation\ Requirements CasePaths normal arm64 com.apple.xcode.tools.swift.compiler (in target 'CasePaths' from project 'swift-case-paths')
    cd /Users/harishvishwakarma/Handy/Archem/pepchat-ios/Revolt.xcodeproj
    builtin-Swift-Compilation-Requirements -- /Applications/Xcode.app/Contents/Developer/Toolchains/XcodeDefault.xctoolchain/usr/bin/swiftc -module-name CasePaths -Onone -enforce-exclusivity\=checked @/Users/harishvishwakarma/Library/Developer/Xcode/DerivedData/Revolt-dharrjsambcimaaziudpvzjdcigm/Build/Intermediates.noindex/swift-case-paths.build/Debug-iphoneos/CasePaths.build/Objects-normal/arm64/CasePaths.SwiftFileList -DSWIFT_PACKAGE -DDEBUG -DXcode -plugin-path /Applications/Xcode.app/Contents/Developer/Toolchains/XcodeDefault.xctoolchain/usr/lib/swift/host/plugins/testing -enable-experimental-feature DebugDescriptionMacro -sdk /Applications/Xcode.app/Contents/Developer/Platforms/iPhoneOS.platform/Developer/SDKs/iPhoneOS18.5.sdk -target arm64-apple-ios13.0 -g -module-cache-path /Users/harishvishwakarma/Library/Developer/Xcode/DerivedData/ModuleCache.noindex -Xfrontend -serialize-debugging-options -enable-testing -suppress-warnings -index-store-path /Users/harishvishwakarma/Library/Developer/Xcode/DerivedData/Revolt-dharrjsambcimaaziudpvzjdcigm/Index.noindex/DataStore -swift-version 6 -I /Users/harishvishwakarma/Library/Developer/Xcode/DerivedData/Revolt-dharrjsambcimaaziudpvzjdcigm/Build/Products/Debug-iphoneos -I /Applications/Xcode.app/Contents/Developer/Platforms/iPhoneOS.platform/Developer/usr/lib -F /Users/harishvishwakarma/Library/Developer/Xcode/DerivedData/Revolt-dharrjsambcimaaziudpvzjdcigm/Build/Products/Debug-iphoneos/PackageFrameworks -F /Users/harishvishwakarma/Library/Developer/Xcode/DerivedData/Revolt-dharrjsambcimaaziudpvzjdcigm/Build/Products/Debug-iphoneos/PackageFrameworks -F /Users/harishvishwakarma/Library/Developer/Xcode/DerivedData/Revolt-dharrjsambcimaaziudpvzjdcigm/Build/Products/Debug-iphoneos -F /Applications/Xcode.app/Contents/Developer/Platforms/iPhoneOS.platform/Developer/Library/Frameworks -F /Applications/Xcode.app/Contents/Developer/Platforms/iPhoneOS.platform/Developer/SDKs/iPhoneOS18.5.sdk/Developer/Library/Frameworks -Xfrontend -load-plugin-executable -Xfrontend /Users/harishvishwakarma/Library/Developer/Xcode/DerivedData/Revolt-dharrjsambcimaaziudpvzjdcigm/Build/Products/Debug/CasePathsMacros\#CasePathsMacros -c -j12 -enable-batch-mode -incremental -Xcc -ivfsstatcache -Xcc /Users/harishvishwakarma/Library/Developer/Xcode/DerivedData/SDKStatCaches.noindex/iphoneos18.5-22F76-7fa4eea80a99bbfdc046826b63ec4baf.sdkstatcache -output-file-map /Users/harishvishwakarma/Library/Developer/Xcode/DerivedData/Revolt-dharrjsambcimaaziudpvzjdcigm/Build/Intermediates.noindex/swift-case-paths.build/Debug-iphoneos/CasePaths.build/Objects-normal/arm64/CasePaths-OutputFileMap.json -use-frontend-parseable-output -save-temps -no-color-diagnostics -serialize-diagnostics -emit-dependencies -emit-module -emit-module-path /Users/harishvishwakarma/Library/Developer/Xcode/DerivedData/Revolt-dharrjsambcimaaziudpvzjdcigm/Build/Intermediates.noindex/swift-case-paths.build/Debug-iphoneos/CasePaths.build/Objects-normal/arm64/CasePaths.swiftmodule -user-module-version 1.5.5 -validate-clang-modules-once -clang-build-session-file /Users/harishvishwakarma/Library/Developer/Xcode/DerivedData/ModuleCache.noindex/Session.modulevalidation -package-name swift_case_paths -Xcc -I/Users/harishvishwakarma/Library/Developer/Xcode/DerivedData/Revolt-dharrjsambcimaaziudpvzjdcigm/Build/Intermediates.noindex/swift-case-paths.build/Debug-iphoneos/CasePaths.build/swift-overrides.hmap -emit-const-values -Xfrontend -const-gather-protocols-file -Xfrontend /Users/harishvishwakarma/Library/Developer/Xcode/DerivedData/Revolt-dharrjsambcimaaziudpvzjdcigm/Build/Intermediates.noindex/swift-case-paths.build/Debug-iphoneos/CasePaths.build/Objects-normal/arm64/CasePaths_const_extract_protocols.json -Xcc -I/Users/harishvishwakarma/Library/Developer/Xcode/DerivedData/Revolt-dharrjsambcimaaziudpvzjdcigm/Build/Products/Debug-iphoneos/include -Xcc -I/Users/harishvishwakarma/Library/Developer/Xcode/DerivedData/Revolt-dharrjsambcimaaziudpvzjdcigm/Build/Intermediates.noindex/swift-case-paths.build/Debug-iphoneos/CasePaths.build/DerivedSources-normal/arm64 -Xcc -I/Users/harishvishwakarma/Library/Developer/Xcode/DerivedData/Revolt-dharrjsambcimaaziudpvzjdcigm/Build/Intermediates.noindex/swift-case-paths.build/Debug-iphoneos/CasePaths.build/DerivedSources/arm64 -Xcc -I/Users/harishvishwakarma/Library/Developer/Xcode/DerivedData/Revolt-dharrjsambcimaaziudpvzjdcigm/Build/Intermediates.noindex/swift-case-paths.build/Debug-iphoneos/CasePaths.build/DerivedSources -Xcc -DSWIFT_PACKAGE -Xcc -DDEBUG\=1 -emit-objc-header -emit-objc-header-path /Users/harishvishwakarma/Library/Developer/Xcode/DerivedData/Revolt-dharrjsambcimaaziudpvzjdcigm/Build/Intermediates.noindex/swift-case-paths.build/Debug-iphoneos/CasePaths.build/Objects-normal/arm64/CasePaths-Swift.h -working-directory /Users/harishvishwakarma/Handy/Archem/pepchat-ios/Revolt.xcodeproj -experimental-emit-module-separately -disable-cmo

SwiftMergeGeneratedHeaders /Users/harishvishwakarma/Library/Developer/Xcode/DerivedData/Revolt-dharrjsambcimaaziudpvzjdcigm/Build/Intermediates.noindex/GeneratedModuleMaps-iphoneos/CasePaths-Swift.h /Users/harishvishwakarma/Library/Developer/Xcode/DerivedData/Revolt-dharrjsambcimaaziudpvzjdcigm/Build/Intermediates.noindex/swift-case-paths.build/Debug-iphoneos/CasePaths.build/Objects-normal/arm64/CasePaths-Swift.h (in target 'CasePaths' from project 'swift-case-paths')
    cd /Users/harishvishwakarma/Library/Developer/Xcode/DerivedData/Revolt-dharrjsambcimaaziudpvzjdcigm/SourcePackages/checkouts/swift-case-paths
    builtin-swiftHeaderTool -arch arm64 /Users/harishvishwakarma/Library/Developer/Xcode/DerivedData/Revolt-dharrjsambcimaaziudpvzjdcigm/Build/Intermediates.noindex/swift-case-paths.build/Debug-iphoneos/CasePaths.build/Objects-normal/arm64/CasePaths-Swift.h -o /Users/harishvishwakarma/Library/Developer/Xcode/DerivedData/Revolt-dharrjsambcimaaziudpvzjdcigm/Build/Intermediates.noindex/GeneratedModuleMaps-iphoneos/CasePaths-Swift.h

Copy /Users/harishvishwakarma/Library/Developer/Xcode/DerivedData/Revolt-dharrjsambcimaaziudpvzjdcigm/Build/Products/Debug-iphoneos/CasePaths.swiftmodule/arm64-apple-ios.abi.json /Users/harishvishwakarma/Library/Developer/Xcode/DerivedData/Revolt-dharrjsambcimaaziudpvzjdcigm/Build/Intermediates.noindex/swift-case-paths.build/Debug-iphoneos/CasePaths.build/Objects-normal/arm64/CasePaths.abi.json (in target 'CasePaths' from project 'swift-case-paths')
    cd /Users/harishvishwakarma/Library/Developer/Xcode/DerivedData/Revolt-dharrjsambcimaaziudpvzjdcigm/SourcePackages/checkouts/swift-case-paths
    builtin-copy -exclude .DS_Store -exclude CVS -exclude .svn -exclude .git -exclude .hg -resolve-src-symlinks -rename /Users/harishvishwakarma/Library/Developer/Xcode/DerivedData/Revolt-dharrjsambcimaaziudpvzjdcigm/Build/Intermediates.noindex/swift-case-paths.build/Debug-iphoneos/CasePaths.build/Objects-normal/arm64/CasePaths.abi.json /Users/harishvishwakarma/Library/Developer/Xcode/DerivedData/Revolt-dharrjsambcimaaziudpvzjdcigm/Build/Products/Debug-iphoneos/CasePaths.swiftmodule/arm64-apple-ios.abi.json

Copy /Users/harishvishwakarma/Library/Developer/Xcode/DerivedData/Revolt-dharrjsambcimaaziudpvzjdcigm/Build/Products/Debug-iphoneos/CasePaths.swiftmodule/arm64-apple-ios.swiftmodule /Users/harishvishwakarma/Library/Developer/Xcode/DerivedData/Revolt-dharrjsambcimaaziudpvzjdcigm/Build/Intermediates.noindex/swift-case-paths.build/Debug-iphoneos/CasePaths.build/Objects-normal/arm64/CasePaths.swiftmodule (in target 'CasePaths' from project 'swift-case-paths')
    cd /Users/harishvishwakarma/Library/Developer/Xcode/DerivedData/Revolt-dharrjsambcimaaziudpvzjdcigm/SourcePackages/checkouts/swift-case-paths
    builtin-copy -exclude .DS_Store -exclude CVS -exclude .svn -exclude .git -exclude .hg -resolve-src-symlinks -rename /Users/harishvishwakarma/Library/Developer/Xcode/DerivedData/Revolt-dharrjsambcimaaziudpvzjdcigm/Build/Intermediates.noindex/swift-case-paths.build/Debug-iphoneos/CasePaths.build/Objects-normal/arm64/CasePaths.swiftmodule /Users/harishvishwakarma/Library/Developer/Xcode/DerivedData/Revolt-dharrjsambcimaaziudpvzjdcigm/Build/Products/Debug-iphoneos/CasePaths.swiftmodule/arm64-apple-ios.swiftmodule

Copy /Users/harishvishwakarma/Library/Developer/Xcode/DerivedData/Revolt-dharrjsambcimaaziudpvzjdcigm/Build/Products/Debug-iphoneos/CasePaths.swiftmodule/arm64-apple-ios.swiftdoc /Users/harishvishwakarma/Library/Developer/Xcode/DerivedData/Revolt-dharrjsambcimaaziudpvzjdcigm/Build/Intermediates.noindex/swift-case-paths.build/Debug-iphoneos/CasePaths.build/Objects-normal/arm64/CasePaths.swiftdoc (in target 'CasePaths' from project 'swift-case-paths')
    cd /Users/harishvishwakarma/Library/Developer/Xcode/DerivedData/Revolt-dharrjsambcimaaziudpvzjdcigm/SourcePackages/checkouts/swift-case-paths
    builtin-copy -exclude .DS_Store -exclude CVS -exclude .svn -exclude .git -exclude .hg -resolve-src-symlinks -rename /Users/harishvishwakarma/Library/Developer/Xcode/DerivedData/Revolt-dharrjsambcimaaziudpvzjdcigm/Build/Intermediates.noindex/swift-case-paths.build/Debug-iphoneos/CasePaths.build/Objects-normal/arm64/CasePaths.swiftdoc /Users/harishvishwakarma/Library/Developer/Xcode/DerivedData/Revolt-dharrjsambcimaaziudpvzjdcigm/Build/Products/Debug-iphoneos/CasePaths.swiftmodule/arm64-apple-ios.swiftdoc

Copy /Users/harishvishwakarma/Library/Developer/Xcode/DerivedData/Revolt-dharrjsambcimaaziudpvzjdcigm/Build/Products/Debug-iphoneos/CasePaths.swiftmodule/Project/arm64-apple-ios.swiftsourceinfo /Users/harishvishwakarma/Library/Developer/Xcode/DerivedData/Revolt-dharrjsambcimaaziudpvzjdcigm/Build/Intermediates.noindex/swift-case-paths.build/Debug-iphoneos/CasePaths.build/Objects-normal/arm64/CasePaths.swiftsourceinfo (in target 'CasePaths' from project 'swift-case-paths')
    cd /Users/harishvishwakarma/Library/Developer/Xcode/DerivedData/Revolt-dharrjsambcimaaziudpvzjdcigm/SourcePackages/checkouts/swift-case-paths
    builtin-copy -exclude .DS_Store -exclude CVS -exclude .svn -exclude .git -exclude .hg -resolve-src-symlinks -rename /Users/harishvishwakarma/Library/Developer/Xcode/DerivedData/Revolt-dharrjsambcimaaziudpvzjdcigm/Build/Intermediates.noindex/swift-case-paths.build/Debug-iphoneos/CasePaths.build/Objects-normal/arm64/CasePaths.swiftsourceinfo /Users/harishvishwakarma/Library/Developer/Xcode/DerivedData/Revolt-dharrjsambcimaaziudpvzjdcigm/Build/Products/Debug-iphoneos/CasePaths.swiftmodule/Project/arm64-apple-ios.swiftsourceinfo

SwiftDriver Parsing normal arm64 com.apple.xcode.tools.swift.compiler (in target 'Parsing' from project 'swift-parsing')
    cd /Users/harishvishwakarma/Handy/Archem/pepchat-ios/Revolt.xcodeproj
    builtin-SwiftDriver -- /Applications/Xcode.app/Contents/Developer/Toolchains/XcodeDefault.xctoolchain/usr/bin/swiftc -module-name Parsing -Onone -enforce-exclusivity\=checked @/Users/harishvishwakarma/Library/Developer/Xcode/DerivedData/Revolt-dharrjsambcimaaziudpvzjdcigm/Build/Intermediates.noindex/swift-parsing.build/Debug-iphoneos/Parsing.build/Objects-normal/arm64/Parsing.SwiftFileList -DSWIFT_PACKAGE -DDEBUG -DXcode -plugin-path /Applications/Xcode.app/Contents/Developer/Toolchains/XcodeDefault.xctoolchain/usr/lib/swift/host/plugins/testing -enable-experimental-feature DebugDescriptionMacro -sdk /Applications/Xcode.app/Contents/Developer/Platforms/iPhoneOS.platform/Developer/SDKs/iPhoneOS18.5.sdk -target arm64-apple-ios13.0 -g -module-cache-path /Users/harishvishwakarma/Library/Developer/Xcode/DerivedData/ModuleCache.noindex -Xfrontend -serialize-debugging-options -enable-testing -suppress-warnings -index-store-path /Users/harishvishwakarma/Library/Developer/Xcode/DerivedData/Revolt-dharrjsambcimaaziudpvzjdcigm/Index.noindex/DataStore -swift-version 5 -I /Users/harishvishwakarma/Library/Developer/Xcode/DerivedData/Revolt-dharrjsambcimaaziudpvzjdcigm/Build/Products/Debug-iphoneos -I /Applications/Xcode.app/Contents/Developer/Platforms/iPhoneOS.platform/Developer/usr/lib -F /Users/harishvishwakarma/Library/Developer/Xcode/DerivedData/Revolt-dharrjsambcimaaziudpvzjdcigm/Build/Products/Debug-iphoneos/PackageFrameworks -F /Users/harishvishwakarma/Library/Developer/Xcode/DerivedData/Revolt-dharrjsambcimaaziudpvzjdcigm/Build/Products/Debug-iphoneos/PackageFrameworks -F /Users/harishvishwakarma/Library/Developer/Xcode/DerivedData/Revolt-dharrjsambcimaaziudpvzjdcigm/Build/Products/Debug-iphoneos/PackageFrameworks -F /Users/harishvishwakarma/Library/Developer/Xcode/DerivedData/Revolt-dharrjsambcimaaziudpvzjdcigm/Build/Products/Debug-iphoneos -F /Applications/Xcode.app/Contents/Developer/Platforms/iPhoneOS.platform/Developer/Library/Frameworks -F /Applications/Xcode.app/Contents/Developer/Platforms/iPhoneOS.platform/Developer/SDKs/iPhoneOS18.5.sdk/Developer/Library/Frameworks -Xfrontend -load-plugin-executable -Xfrontend /Users/harishvishwakarma/Library/Developer/Xcode/DerivedData/Revolt-dharrjsambcimaaziudpvzjdcigm/Build/Products/Debug/CasePathsMacros\#CasePathsMacros -c -j12 -enable-batch-mode -incremental -Xcc -ivfsstatcache -Xcc /Users/harishvishwakarma/Library/Developer/Xcode/DerivedData/SDKStatCaches.noindex/iphoneos18.5-22F76-7fa4eea80a99bbfdc046826b63ec4baf.sdkstatcache -output-file-map /Users/harishvishwakarma/Library/Developer/Xcode/DerivedData/Revolt-dharrjsambcimaaziudpvzjdcigm/Build/Intermediates.noindex/swift-parsing.build/Debug-iphoneos/Parsing.build/Objects-normal/arm64/Parsing-OutputFileMap.json -use-frontend-parseable-output -save-temps -no-color-diagnostics -serialize-diagnostics -emit-dependencies -emit-module -emit-module-path /Users/harishvishwakarma/Library/Developer/Xcode/DerivedData/Revolt-dharrjsambcimaaziudpvzjdcigm/Build/Intermediates.noindex/swift-parsing.build/Debug-iphoneos/Parsing.build/Objects-normal/arm64/Parsing.swiftmodule -validate-clang-modules-once -clang-build-session-file /Users/harishvishwakarma/Library/Developer/Xcode/DerivedData/ModuleCache.noindex/Session.modulevalidation -Xcc -I/Users/harishvishwakarma/Library/Developer/Xcode/DerivedData/Revolt-dharrjsambcimaaziudpvzjdcigm/Build/Intermediates.noindex/swift-parsing.build/Debug-iphoneos/Parsing.build/swift-overrides.hmap -emit-const-values -Xfrontend -const-gather-protocols-file -Xfrontend /Users/harishvishwakarma/Library/Developer/Xcode/DerivedData/Revolt-dharrjsambcimaaziudpvzjdcigm/Build/Intermediates.noindex/swift-parsing.build/Debug-iphoneos/Parsing.build/Objects-normal/arm64/Parsing_const_extract_protocols.json -Xcc -I/Users/harishvishwakarma/Library/Developer/Xcode/DerivedData/Revolt-dharrjsambcimaaziudpvzjdcigm/Build/Products/Debug-iphoneos/include -Xcc -I/Users/harishvishwakarma/Library/Developer/Xcode/DerivedData/Revolt-dharrjsambcimaaziudpvzjdcigm/Build/Intermediates.noindex/swift-parsing.build/Debug-iphoneos/Parsing.build/DerivedSources-normal/arm64 -Xcc -I/Users/harishvishwakarma/Library/Developer/Xcode/DerivedData/Revolt-dharrjsambcimaaziudpvzjdcigm/Build/Intermediates.noindex/swift-parsing.build/Debug-iphoneos/Parsing.build/DerivedSources/arm64 -Xcc -I/Users/harishvishwakarma/Library/Developer/Xcode/DerivedData/Revolt-dharrjsambcimaaziudpvzjdcigm/Build/Intermediates.noindex/swift-parsing.build/Debug-iphoneos/Parsing.build/DerivedSources -Xcc -DSWIFT_PACKAGE -Xcc -DDEBUG\=1 -emit-objc-header -emit-objc-header-path /Users/harishvishwakarma/Library/Developer/Xcode/DerivedData/Revolt-dharrjsambcimaaziudpvzjdcigm/Build/Intermediates.noindex/swift-parsing.build/Debug-iphoneos/Parsing.build/Objects-normal/arm64/Parsing-Swift.h -working-directory /Users/harishvishwakarma/Handy/Archem/pepchat-ios/Revolt.xcodeproj -experimental-emit-module-separately -disable-cmo

SwiftCompile normal arm64 Compiling\ OneOfBuilder.swift,\ ParserBuilder.swift,\ Conversion.swift,\ AnyConversion.swift,\ BinaryFloatingPoint.swift,\ ConversionMap.swift,\ Conversions.swift /Users/harishvishwakarma/Library/Developer/Xcode/DerivedData/Revolt-dharrjsambcimaaziudpvzjdcigm/SourcePackages/checkouts/swift-parsing/Sources/Parsing/Builders/OneOfBuilder.swift /Users/harishvishwakarma/Library/Developer/Xcode/DerivedData/Revolt-dharrjsambcimaaziudpvzjdcigm/SourcePackages/checkouts/swift-parsing/Sources/Parsing/Builders/ParserBuilder.swift /Users/harishvishwakarma/Library/Developer/Xcode/DerivedData/Revolt-dharrjsambcimaaziudpvzjdcigm/SourcePackages/checkouts/swift-parsing/Sources/Parsing/Conversion.swift /Users/harishvishwakarma/Library/Developer/Xcode/DerivedData/Revolt-dharrjsambcimaaziudpvzjdcigm/SourcePackages/checkouts/swift-parsing/Sources/Parsing/Conversions/AnyConversion.swift /Users/harishvishwakarma/Library/Developer/Xcode/DerivedData/Revolt-dharrjsambcimaaziudpvzjdcigm/SourcePackages/checkouts/swift-parsing/Sources/Parsing/Conversions/BinaryFloatingPoint.swift /Users/harishvishwakarma/Library/Developer/Xcode/DerivedData/Revolt-dharrjsambcimaaziudpvzjdcigm/SourcePackages/checkouts/swift-parsing/Sources/Parsing/Conversions/ConversionMap.swift /Users/harishvishwakarma/Library/Developer/Xcode/DerivedData/Revolt-dharrjsambcimaaziudpvzjdcigm/SourcePackages/checkouts/swift-parsing/Sources/Parsing/Conversions/Conversions.swift (in target 'Parsing' from project 'swift-parsing')
SwiftCompile normal arm64 /Users/harishvishwakarma/Library/Developer/Xcode/DerivedData/Revolt-dharrjsambcimaaziudpvzjdcigm/SourcePackages/checkouts/swift-parsing/Sources/Parsing/Builders/OneOfBuilder.swift (in target 'Parsing' from project 'swift-parsing')
    cd /Users/harishvishwakarma/Handy/Archem/pepchat-ios/Revolt.xcodeproj
    

SwiftCompile normal arm64 /Users/harishvishwakarma/Library/Developer/Xcode/DerivedData/Revolt-dharrjsambcimaaziudpvzjdcigm/SourcePackages/checkouts/swift-parsing/Sources/Parsing/Builders/ParserBuilder.swift (in target 'Parsing' from project 'swift-parsing')
    cd /Users/harishvishwakarma/Handy/Archem/pepchat-ios/Revolt.xcodeproj
    

SwiftCompile normal arm64 /Users/harishvishwakarma/Library/Developer/Xcode/DerivedData/Revolt-dharrjsambcimaaziudpvzjdcigm/SourcePackages/checkouts/swift-parsing/Sources/Parsing/Conversion.swift (in target 'Parsing' from project 'swift-parsing')
    cd /Users/harishvishwakarma/Handy/Archem/pepchat-ios/Revolt.xcodeproj
    

SwiftCompile normal arm64 /Users/harishvishwakarma/Library/Developer/Xcode/DerivedData/Revolt-dharrjsambcimaaziudpvzjdcigm/SourcePackages/checkouts/swift-parsing/Sources/Parsing/Conversions/AnyConversion.swift (in target 'Parsing' from project 'swift-parsing')
    cd /Users/harishvishwakarma/Handy/Archem/pepchat-ios/Revolt.xcodeproj
    

SwiftCompile normal arm64 /Users/harishvishwakarma/Library/Developer/Xcode/DerivedData/Revolt-dharrjsambcimaaziudpvzjdcigm/SourcePackages/checkouts/swift-parsing/Sources/Parsing/Conversions/BinaryFloatingPoint.swift (in target 'Parsing' from project 'swift-parsing')
    cd /Users/harishvishwakarma/Handy/Archem/pepchat-ios/Revolt.xcodeproj
    

SwiftCompile normal arm64 /Users/harishvishwakarma/Library/Developer/Xcode/DerivedData/Revolt-dharrjsambcimaaziudpvzjdcigm/SourcePackages/checkouts/swift-parsing/Sources/Parsing/Conversions/ConversionMap.swift (in target 'Parsing' from project 'swift-parsing')
    cd /Users/harishvishwakarma/Handy/Archem/pepchat-ios/Revolt.xcodeproj
    

SwiftCompile normal arm64 /Users/harishvishwakarma/Library/Developer/Xcode/DerivedData/Revolt-dharrjsambcimaaziudpvzjdcigm/SourcePackages/checkouts/swift-parsing/Sources/Parsing/Conversions/Conversions.swift (in target 'Parsing' from project 'swift-parsing')
    cd /Users/harishvishwakarma/Handy/Archem/pepchat-ios/Revolt.xcodeproj
    

SwiftCompile normal arm64 Compiling\ EmptyInitializable.swift,\ AnyEquatable.swift,\ Deprecations.swift,\ Parser.swift,\ ParserPrinter.swift,\ Always.swift /Users/harishvishwakarma/Library/Developer/Xcode/DerivedData/Revolt-dharrjsambcimaaziudpvzjdcigm/SourcePackages/checkouts/swift-parsing/Sources/Parsing/EmptyInitializable.swift /Users/harishvishwakarma/Library/Developer/Xcode/DerivedData/Revolt-dharrjsambcimaaziudpvzjdcigm/SourcePackages/checkouts/swift-parsing/Sources/Parsing/Internal/AnyEquatable.swift /Users/harishvishwakarma/Library/Developer/Xcode/DerivedData/Revolt-dharrjsambcimaaziudpvzjdcigm/SourcePackages/checkouts/swift-parsing/Sources/Parsing/Internal/Deprecations.swift /Users/harishvishwakarma/Library/Developer/Xcode/DerivedData/Revolt-dharrjsambcimaaziudpvzjdcigm/SourcePackages/checkouts/swift-parsing/Sources/Parsing/Parser.swift /Users/harishvishwakarma/Library/Developer/Xcode/DerivedData/Revolt-dharrjsambcimaaziudpvzjdcigm/SourcePackages/checkouts/swift-parsing/Sources/Parsing/ParserPrinter.swift /Users/harishvishwakarma/Library/Developer/Xcode/DerivedData/Revolt-dharrjsambcimaaziudpvzjdcigm/SourcePackages/checkouts/swift-parsing/Sources/Parsing/ParserPrinters/Always.swift (in target 'Parsing' from project 'swift-parsing')
SwiftCompile normal arm64 /Users/harishvishwakarma/Library/Developer/Xcode/DerivedData/Revolt-dharrjsambcimaaziudpvzjdcigm/SourcePackages/checkouts/swift-parsing/Sources/Parsing/EmptyInitializable.swift (in target 'Parsing' from project 'swift-parsing')
    cd /Users/harishvishwakarma/Handy/Archem/pepchat-ios/Revolt.xcodeproj
    

SwiftCompile normal arm64 /Users/harishvishwakarma/Library/Developer/Xcode/DerivedData/Revolt-dharrjsambcimaaziudpvzjdcigm/SourcePackages/checkouts/swift-parsing/Sources/Parsing/Internal/AnyEquatable.swift (in target 'Parsing' from project 'swift-parsing')
    cd /Users/harishvishwakarma/Handy/Archem/pepchat-ios/Revolt.xcodeproj
    

SwiftCompile normal arm64 /Users/harishvishwakarma/Library/Developer/Xcode/DerivedData/Revolt-dharrjsambcimaaziudpvzjdcigm/SourcePackages/checkouts/swift-parsing/Sources/Parsing/Internal/Deprecations.swift (in target 'Parsing' from project 'swift-parsing')
    cd /Users/harishvishwakarma/Handy/Archem/pepchat-ios/Revolt.xcodeproj
    

SwiftCompile normal arm64 /Users/harishvishwakarma/Library/Developer/Xcode/DerivedData/Revolt-dharrjsambcimaaziudpvzjdcigm/SourcePackages/checkouts/swift-parsing/Sources/Parsing/Parser.swift (in target 'Parsing' from project 'swift-parsing')
    cd /Users/harishvishwakarma/Handy/Archem/pepchat-ios/Revolt.xcodeproj
    

SwiftCompile normal arm64 /Users/harishvishwakarma/Library/Developer/Xcode/DerivedData/Revolt-dharrjsambcimaaziudpvzjdcigm/SourcePackages/checkouts/swift-parsing/Sources/Parsing/ParserPrinter.swift (in target 'Parsing' from project 'swift-parsing')
    cd /Users/harishvishwakarma/Handy/Archem/pepchat-ios/Revolt.xcodeproj
    

SwiftCompile normal arm64 /Users/harishvishwakarma/Library/Developer/Xcode/DerivedData/Revolt-dharrjsambcimaaziudpvzjdcigm/SourcePackages/checkouts/swift-parsing/Sources/Parsing/ParserPrinters/Always.swift (in target 'Parsing' from project 'swift-parsing')
    cd /Users/harishvishwakarma/Handy/Archem/pepchat-ios/Revolt.xcodeproj
    

SwiftCompile normal arm64 Compiling\ Consumed.swift,\ Digits.swift,\ End.swift,\ Fail.swift,\ Filter.swift,\ First.swift /Users/harishvishwakarma/Library/Developer/Xcode/DerivedData/Revolt-dharrjsambcimaaziudpvzjdcigm/SourcePackages/checkouts/swift-parsing/Sources/Parsing/ParserPrinters/Consumed.swift /Users/harishvishwakarma/Library/Developer/Xcode/DerivedData/Revolt-dharrjsambcimaaziudpvzjdcigm/SourcePackages/checkouts/swift-parsing/Sources/Parsing/ParserPrinters/Digits.swift /Users/harishvishwakarma/Library/Developer/Xcode/DerivedData/Revolt-dharrjsambcimaaziudpvzjdcigm/SourcePackages/checkouts/swift-parsing/Sources/Parsing/ParserPrinters/End.swift /Users/harishvishwakarma/Library/Developer/Xcode/DerivedData/Revolt-dharrjsambcimaaziudpvzjdcigm/SourcePackages/checkouts/swift-parsing/Sources/Parsing/ParserPrinters/Fail.swift /Users/harishvishwakarma/Library/Developer/Xcode/DerivedData/Revolt-dharrjsambcimaaziudpvzjdcigm/SourcePackages/checkouts/swift-parsing/Sources/Parsing/ParserPrinters/Filter.swift /Users/harishvishwakarma/Library/Developer/Xcode/DerivedData/Revolt-dharrjsambcimaaziudpvzjdcigm/SourcePackages/checkouts/swift-parsing/Sources/Parsing/ParserPrinters/First.swift (in target 'Parsing' from project 'swift-parsing')

SwiftCompile normal arm64 /Users/harishvishwakarma/Library/Developer/Xcode/DerivedData/Revolt-dharrjsambcimaaziudpvzjdcigm/SourcePackages/checkouts/swift-parsing/Sources/Parsing/ParserPrinters/Consumed.swift (in target 'Parsing' from project 'swift-parsing')
    cd /Users/harishvishwakarma/Handy/Archem/pepchat-ios/Revolt.xcodeproj
    

SwiftCompile normal arm64 /Users/harishvishwakarma/Library/Developer/Xcode/DerivedData/Revolt-dharrjsambcimaaziudpvzjdcigm/SourcePackages/checkouts/swift-parsing/Sources/Parsing/ParserPrinters/Digits.swift (in target 'Parsing' from project 'swift-parsing')
    cd /Users/harishvishwakarma/Handy/Archem/pepchat-ios/Revolt.xcodeproj
    

SwiftCompile normal arm64 /Users/harishvishwakarma/Library/Developer/Xcode/DerivedData/Revolt-dharrjsambcimaaziudpvzjdcigm/SourcePackages/checkouts/swift-parsing/Sources/Parsing/ParserPrinters/End.swift (in target 'Parsing' from project 'swift-parsing')
    cd /Users/harishvishwakarma/Handy/Archem/pepchat-ios/Revolt.xcodeproj
    

SwiftCompile normal arm64 /Users/harishvishwakarma/Library/Developer/Xcode/DerivedData/Revolt-dharrjsambcimaaziudpvzjdcigm/SourcePackages/checkouts/swift-parsing/Sources/Parsing/ParserPrinters/Fail.swift (in target 'Parsing' from project 'swift-parsing')
    cd /Users/harishvishwakarma/Handy/Archem/pepchat-ios/Revolt.xcodeproj
    

SwiftCompile normal arm64 /Users/harishvishwakarma/Library/Developer/Xcode/DerivedData/Revolt-dharrjsambcimaaziudpvzjdcigm/SourcePackages/checkouts/swift-parsing/Sources/Parsing/ParserPrinters/Filter.swift (in target 'Parsing' from project 'swift-parsing')
    cd /Users/harishvishwakarma/Handy/Archem/pepchat-ios/Revolt.xcodeproj
    

SwiftCompile normal arm64 /Users/harishvishwakarma/Library/Developer/Xcode/DerivedData/Revolt-dharrjsambcimaaziudpvzjdcigm/SourcePackages/checkouts/swift-parsing/Sources/Parsing/ParserPrinters/First.swift (in target 'Parsing' from project 'swift-parsing')
    cd /Users/harishvishwakarma/Handy/Archem/pepchat-ios/Revolt.xcodeproj
    

SwiftEmitModule normal arm64 Emitting\ module\ for\ Parsing (in target 'Parsing' from project 'swift-parsing')
EmitSwiftModule normal arm64 (in target 'Parsing' from project 'swift-parsing')
    cd /Users/harishvishwakarma/Handy/Archem/pepchat-ios/Revolt.xcodeproj
    

SwiftCompile normal arm64 Compiling\ Optionally.swift,\ Parse.swift,\ ParseableFormatStyle.swift,\ Peek.swift,\ Pipe.swift,\ Prefix.swift /Users/harishvishwakarma/Library/Developer/Xcode/DerivedData/Revolt-dharrjsambcimaaziudpvzjdcigm/SourcePackages/checkouts/swift-parsing/Sources/Parsing/ParserPrinters/Optionally.swift /Users/harishvishwakarma/Library/Developer/Xcode/DerivedData/Revolt-dharrjsambcimaaziudpvzjdcigm/SourcePackages/checkouts/swift-parsing/Sources/Parsing/ParserPrinters/Parse.swift /Users/harishvishwakarma/Library/Developer/Xcode/DerivedData/Revolt-dharrjsambcimaaziudpvzjdcigm/SourcePackages/checkouts/swift-parsing/Sources/Parsing/ParserPrinters/ParseableFormatStyle.swift /Users/harishvishwakarma/Library/Developer/Xcode/DerivedData/Revolt-dharrjsambcimaaziudpvzjdcigm/SourcePackages/checkouts/swift-parsing/Sources/Parsing/ParserPrinters/Peek.swift /Users/harishvishwakarma/Library/Developer/Xcode/DerivedData/Revolt-dharrjsambcimaaziudpvzjdcigm/SourcePackages/checkouts/swift-parsing/Sources/Parsing/ParserPrinters/Pipe.swift /Users/harishvishwakarma/Library/Developer/Xcode/DerivedData/Revolt-dharrjsambcimaaziudpvzjdcigm/SourcePackages/checkouts/swift-parsing/Sources/Parsing/ParserPrinters/Prefix.swift (in target 'Parsing' from project 'swift-parsing')

SwiftCompile normal arm64 /Users/harishvishwakarma/Library/Developer/Xcode/DerivedData/Revolt-dharrjsambcimaaziudpvzjdcigm/SourcePackages/checkouts/swift-parsing/Sources/Parsing/ParserPrinters/Optionally.swift (in target 'Parsing' from project 'swift-parsing')
    cd /Users/harishvishwakarma/Handy/Archem/pepchat-ios/Revolt.xcodeproj
    

SwiftCompile normal arm64 /Users/harishvishwakarma/Library/Developer/Xcode/DerivedData/Revolt-dharrjsambcimaaziudpvzjdcigm/SourcePackages/checkouts/swift-parsing/Sources/Parsing/ParserPrinters/Parse.swift (in target 'Parsing' from project 'swift-parsing')
    cd /Users/harishvishwakarma/Handy/Archem/pepchat-ios/Revolt.xcodeproj
    

SwiftCompile normal arm64 /Users/harishvishwakarma/Library/Developer/Xcode/DerivedData/Revolt-dharrjsambcimaaziudpvzjdcigm/SourcePackages/checkouts/swift-parsing/Sources/Parsing/ParserPrinters/ParseableFormatStyle.swift (in target 'Parsing' from project 'swift-parsing')
    cd /Users/harishvishwakarma/Handy/Archem/pepchat-ios/Revolt.xcodeproj
    

SwiftCompile normal arm64 /Users/harishvishwakarma/Library/Developer/Xcode/DerivedData/Revolt-dharrjsambcimaaziudpvzjdcigm/SourcePackages/checkouts/swift-parsing/Sources/Parsing/ParserPrinters/Peek.swift (in target 'Parsing' from project 'swift-parsing')
    cd /Users/harishvishwakarma/Handy/Archem/pepchat-ios/Revolt.xcodeproj
    

SwiftCompile normal arm64 /Users/harishvishwakarma/Library/Developer/Xcode/DerivedData/Revolt-dharrjsambcimaaziudpvzjdcigm/SourcePackages/checkouts/swift-parsing/Sources/Parsing/ParserPrinters/Pipe.swift (in target 'Parsing' from project 'swift-parsing')
    cd /Users/harishvishwakarma/Handy/Archem/pepchat-ios/Revolt.xcodeproj
    

SwiftCompile normal arm64 /Users/harishvishwakarma/Library/Developer/Xcode/DerivedData/Revolt-dharrjsambcimaaziudpvzjdcigm/SourcePackages/checkouts/swift-parsing/Sources/Parsing/ParserPrinters/Prefix.swift (in target 'Parsing' from project 'swift-parsing')
    cd /Users/harishvishwakarma/Handy/Archem/pepchat-ios/Revolt.xcodeproj
    

SwiftCompile normal arm64 Compiling\ Float.swift,\ From.swift,\ Int.swift,\ Lazy.swift,\ Literal.swift,\ Many.swift /Users/harishvishwakarma/Library/Developer/Xcode/DerivedData/Revolt-dharrjsambcimaaziudpvzjdcigm/SourcePackages/checkouts/swift-parsing/Sources/Parsing/ParserPrinters/Float.swift /Users/harishvishwakarma/Library/Developer/Xcode/DerivedData/Revolt-dharrjsambcimaaziudpvzjdcigm/SourcePackages/checkouts/swift-parsing/Sources/Parsing/ParserPrinters/From.swift /Users/harishvishwakarma/Library/Developer/Xcode/DerivedData/Revolt-dharrjsambcimaaziudpvzjdcigm/SourcePackages/checkouts/swift-parsing/Sources/Parsing/ParserPrinters/Int.swift /Users/harishvishwakarma/Library/Developer/Xcode/DerivedData/Revolt-dharrjsambcimaaziudpvzjdcigm/SourcePackages/checkouts/swift-parsing/Sources/Parsing/ParserPrinters/Lazy.swift /Users/harishvishwakarma/Library/Developer/Xcode/DerivedData/Revolt-dharrjsambcimaaziudpvzjdcigm/SourcePackages/checkouts/swift-parsing/Sources/Parsing/ParserPrinters/Literal.swift /Users/harishvishwakarma/Library/Developer/Xcode/DerivedData/Revolt-dharrjsambcimaaziudpvzjdcigm/SourcePackages/checkouts/swift-parsing/Sources/Parsing/ParserPrinters/Many.swift (in target 'Parsing' from project 'swift-parsing')
SwiftCompile normal arm64 /Users/harishvishwakarma/Library/Developer/Xcode/DerivedData/Revolt-dharrjsambcimaaziudpvzjdcigm/SourcePackages/checkouts/swift-parsing/Sources/Parsing/ParserPrinters/Float.swift (in target 'Parsing' from project 'swift-parsing')
    cd /Users/harishvishwakarma/Handy/Archem/pepchat-ios/Revolt.xcodeproj
    

SwiftCompile normal arm64 /Users/harishvishwakarma/Library/Developer/Xcode/DerivedData/Revolt-dharrjsambcimaaziudpvzjdcigm/SourcePackages/checkouts/swift-parsing/Sources/Parsing/ParserPrinters/From.swift (in target 'Parsing' from project 'swift-parsing')
    cd /Users/harishvishwakarma/Handy/Archem/pepchat-ios/Revolt.xcodeproj
    

SwiftCompile normal arm64 /Users/harishvishwakarma/Library/Developer/Xcode/DerivedData/Revolt-dharrjsambcimaaziudpvzjdcigm/SourcePackages/checkouts/swift-parsing/Sources/Parsing/ParserPrinters/Int.swift (in target 'Parsing' from project 'swift-parsing')
    cd /Users/harishvishwakarma/Handy/Archem/pepchat-ios/Revolt.xcodeproj
    

SwiftCompile normal arm64 /Users/harishvishwakarma/Library/Developer/Xcode/DerivedData/Revolt-dharrjsambcimaaziudpvzjdcigm/SourcePackages/checkouts/swift-parsing/Sources/Parsing/ParserPrinters/Lazy.swift (in target 'Parsing' from project 'swift-parsing')
    cd /Users/harishvishwakarma/Handy/Archem/pepchat-ios/Revolt.xcodeproj
    

SwiftCompile normal arm64 /Users/harishvishwakarma/Library/Developer/Xcode/DerivedData/Revolt-dharrjsambcimaaziudpvzjdcigm/SourcePackages/checkouts/swift-parsing/Sources/Parsing/ParserPrinters/Literal.swift (in target 'Parsing' from project 'swift-parsing')
    cd /Users/harishvishwakarma/Handy/Archem/pepchat-ios/Revolt.xcodeproj
    

SwiftCompile normal arm64 /Users/harishvishwakarma/Library/Developer/Xcode/DerivedData/Revolt-dharrjsambcimaaziudpvzjdcigm/SourcePackages/checkouts/swift-parsing/Sources/Parsing/ParserPrinters/Many.swift (in target 'Parsing' from project 'swift-parsing')
    cd /Users/harishvishwakarma/Handy/Archem/pepchat-ios/Revolt.xcodeproj
    

SwiftCompile normal arm64 Compiling\ FlatMap.swift,\ Parsers.swift,\ Stream.swift,\ ParsingError.swift,\ PrependableCollection.swift,\ PrintingError.swift /Users/harishvishwakarma/Library/Developer/Xcode/DerivedData/Revolt-dharrjsambcimaaziudpvzjdcigm/SourcePackages/checkouts/swift-parsing/Sources/Parsing/Parsers/FlatMap.swift /Users/harishvishwakarma/Library/Developer/Xcode/DerivedData/Revolt-dharrjsambcimaaziudpvzjdcigm/SourcePackages/checkouts/swift-parsing/Sources/Parsing/Parsers/Parsers.swift /Users/harishvishwakarma/Library/Developer/Xcode/DerivedData/Revolt-dharrjsambcimaaziudpvzjdcigm/SourcePackages/checkouts/swift-parsing/Sources/Parsing/Parsers/Stream.swift /Users/harishvishwakarma/Library/Developer/Xcode/DerivedData/Revolt-dharrjsambcimaaziudpvzjdcigm/SourcePackages/checkouts/swift-parsing/Sources/Parsing/ParsingError.swift /Users/harishvishwakarma/Library/Developer/Xcode/DerivedData/Revolt-dharrjsambcimaaziudpvzjdcigm/SourcePackages/checkouts/swift-parsing/Sources/Parsing/PrependableCollection.swift /Users/harishvishwakarma/Library/Developer/Xcode/DerivedData/Revolt-dharrjsambcimaaziudpvzjdcigm/SourcePackages/checkouts/swift-parsing/Sources/Parsing/PrintingError.swift (in target 'Parsing' from project 'swift-parsing')
SwiftCompile normal arm64 /Users/harishvishwakarma/Library/Developer/Xcode/DerivedData/Revolt-dharrjsambcimaaziudpvzjdcigm/SourcePackages/checkouts/swift-parsing/Sources/Parsing/Parsers/FlatMap.swift (in target 'Parsing' from project 'swift-parsing')
    cd /Users/harishvishwakarma/Handy/Archem/pepchat-ios/Revolt.xcodeproj
    

SwiftCompile normal arm64 /Users/harishvishwakarma/Library/Developer/Xcode/DerivedData/Revolt-dharrjsambcimaaziudpvzjdcigm/SourcePackages/checkouts/swift-parsing/Sources/Parsing/Parsers/Parsers.swift (in target 'Parsing' from project 'swift-parsing')
    cd /Users/harishvishwakarma/Handy/Archem/pepchat-ios/Revolt.xcodeproj
    

SwiftCompile normal arm64 /Users/harishvishwakarma/Library/Developer/Xcode/DerivedData/Revolt-dharrjsambcimaaziudpvzjdcigm/SourcePackages/checkouts/swift-parsing/Sources/Parsing/Parsers/Stream.swift (in target 'Parsing' from project 'swift-parsing')
    cd /Users/harishvishwakarma/Handy/Archem/pepchat-ios/Revolt.xcodeproj
    

SwiftCompile normal arm64 /Users/harishvishwakarma/Library/Developer/Xcode/DerivedData/Revolt-dharrjsambcimaaziudpvzjdcigm/SourcePackages/checkouts/swift-parsing/Sources/Parsing/ParsingError.swift (in target 'Parsing' from project 'swift-parsing')
    cd /Users/harishvishwakarma/Handy/Archem/pepchat-ios/Revolt.xcodeproj
    

SwiftCompile normal arm64 /Users/harishvishwakarma/Library/Developer/Xcode/DerivedData/Revolt-dharrjsambcimaaziudpvzjdcigm/SourcePackages/checkouts/swift-parsing/Sources/Parsing/PrependableCollection.swift (in target 'Parsing' from project 'swift-parsing')
    cd /Users/harishvishwakarma/Handy/Archem/pepchat-ios/Revolt.xcodeproj
    

SwiftCompile normal arm64 /Users/harishvishwakarma/Library/Developer/Xcode/DerivedData/Revolt-dharrjsambcimaaziudpvzjdcigm/SourcePackages/checkouts/swift-parsing/Sources/Parsing/PrintingError.swift (in target 'Parsing' from project 'swift-parsing')
    cd /Users/harishvishwakarma/Handy/Archem/pepchat-ios/Revolt.xcodeproj
    

SwiftCompile normal arm64 Compiling\ ParseableFormatStyleConversion.swift,\ RawRepresentable.swift,\ String.swift,\ Substring.swift,\ UTF8View.swift,\ ConvertingError.swift,\ CountingRange.swift /Users/harishvishwakarma/Library/Developer/Xcode/DerivedData/Revolt-dharrjsambcimaaziudpvzjdcigm/SourcePackages/checkouts/swift-parsing/Sources/Parsing/Conversions/ParseableFormatStyleConversion.swift /Users/harishvishwakarma/Library/Developer/Xcode/DerivedData/Revolt-dharrjsambcimaaziudpvzjdcigm/SourcePackages/checkouts/swift-parsing/Sources/Parsing/Conversions/RawRepresentable.swift /Users/harishvishwakarma/Library/Developer/Xcode/DerivedData/Revolt-dharrjsambcimaaziudpvzjdcigm/SourcePackages/checkouts/swift-parsing/Sources/Parsing/Conversions/String.swift /Users/harishvishwakarma/Library/Developer/Xcode/DerivedData/Revolt-dharrjsambcimaaziudpvzjdcigm/SourcePackages/checkouts/swift-parsing/Sources/Parsing/Conversions/Substring.swift /Users/harishvishwakarma/Library/Developer/Xcode/DerivedData/Revolt-dharrjsambcimaaziudpvzjdcigm/SourcePackages/checkouts/swift-parsing/Sources/Parsing/Conversions/UTF8View.swift /Users/harishvishwakarma/Library/Developer/Xcode/DerivedData/Revolt-dharrjsambcimaaziudpvzjdcigm/SourcePackages/checkouts/swift-parsing/Sources/Parsing/ConvertingError.swift /Users/harishvishwakarma/Library/Developer/Xcode/DerivedData/Revolt-dharrjsambcimaaziudpvzjdcigm/SourcePackages/checkouts/swift-parsing/Sources/Parsing/CountingRange.swift (in target 'Parsing' from project 'swift-parsing')

SwiftCompile normal arm64 /Users/harishvishwakarma/Library/Developer/Xcode/DerivedData/Revolt-dharrjsambcimaaziudpvzjdcigm/SourcePackages/checkouts/swift-parsing/Sources/Parsing/Conversions/ParseableFormatStyleConversion.swift (in target 'Parsing' from project 'swift-parsing')
    cd /Users/harishvishwakarma/Handy/Archem/pepchat-ios/Revolt.xcodeproj
    

SwiftCompile normal arm64 /Users/harishvishwakarma/Library/Developer/Xcode/DerivedData/Revolt-dharrjsambcimaaziudpvzjdcigm/SourcePackages/checkouts/swift-parsing/Sources/Parsing/Conversions/RawRepresentable.swift (in target 'Parsing' from project 'swift-parsing')
    cd /Users/harishvishwakarma/Handy/Archem/pepchat-ios/Revolt.xcodeproj
    

SwiftCompile normal arm64 /Users/harishvishwakarma/Library/Developer/Xcode/DerivedData/Revolt-dharrjsambcimaaziudpvzjdcigm/SourcePackages/checkouts/swift-parsing/Sources/Parsing/Conversions/String.swift (in target 'Parsing' from project 'swift-parsing')
    cd /Users/harishvishwakarma/Handy/Archem/pepchat-ios/Revolt.xcodeproj
    

SwiftCompile normal arm64 /Users/harishvishwakarma/Library/Developer/Xcode/DerivedData/Revolt-dharrjsambcimaaziudpvzjdcigm/SourcePackages/checkouts/swift-parsing/Sources/Parsing/Conversions/Substring.swift (in target 'Parsing' from project 'swift-parsing')
    cd /Users/harishvishwakarma/Handy/Archem/pepchat-ios/Revolt.xcodeproj
    

SwiftCompile normal arm64 /Users/harishvishwakarma/Library/Developer/Xcode/DerivedData/Revolt-dharrjsambcimaaziudpvzjdcigm/SourcePackages/checkouts/swift-parsing/Sources/Parsing/Conversions/UTF8View.swift (in target 'Parsing' from project 'swift-parsing')
    cd /Users/harishvishwakarma/Handy/Archem/pepchat-ios/Revolt.xcodeproj
    

SwiftCompile normal arm64 /Users/harishvishwakarma/Library/Developer/Xcode/DerivedData/Revolt-dharrjsambcimaaziudpvzjdcigm/SourcePackages/checkouts/swift-parsing/Sources/Parsing/ConvertingError.swift (in target 'Parsing' from project 'swift-parsing')
    cd /Users/harishvishwakarma/Handy/Archem/pepchat-ios/Revolt.xcodeproj
    

SwiftCompile normal arm64 /Users/harishvishwakarma/Library/Developer/Xcode/DerivedData/Revolt-dharrjsambcimaaziudpvzjdcigm/SourcePackages/checkouts/swift-parsing/Sources/Parsing/CountingRange.swift (in target 'Parsing' from project 'swift-parsing')
    cd /Users/harishvishwakarma/Handy/Archem/pepchat-ios/Revolt.xcodeproj
    

SwiftCompile normal arm64 Compiling\ Map.swift,\ Newline.swift,\ Not.swift,\ OneOf.swift,\ OneOfMany.swift,\ Optional.swift /Users/harishvishwakarma/Library/Developer/Xcode/DerivedData/Revolt-dharrjsambcimaaziudpvzjdcigm/SourcePackages/checkouts/swift-parsing/Sources/Parsing/ParserPrinters/Map.swift /Users/harishvishwakarma/Library/Developer/Xcode/DerivedData/Revolt-dharrjsambcimaaziudpvzjdcigm/SourcePackages/checkouts/swift-parsing/Sources/Parsing/ParserPrinters/Newline.swift /Users/harishvishwakarma/Library/Developer/Xcode/DerivedData/Revolt-dharrjsambcimaaziudpvzjdcigm/SourcePackages/checkouts/swift-parsing/Sources/Parsing/ParserPrinters/Not.swift /Users/harishvishwakarma/Library/Developer/Xcode/DerivedData/Revolt-dharrjsambcimaaziudpvzjdcigm/SourcePackages/checkouts/swift-parsing/Sources/Parsing/ParserPrinters/OneOf.swift /Users/harishvishwakarma/Library/Developer/Xcode/DerivedData/Revolt-dharrjsambcimaaziudpvzjdcigm/SourcePackages/checkouts/swift-parsing/Sources/Parsing/ParserPrinters/OneOfMany.swift /Users/harishvishwakarma/Library/Developer/Xcode/DerivedData/Revolt-dharrjsambcimaaziudpvzjdcigm/SourcePackages/checkouts/swift-parsing/Sources/Parsing/ParserPrinters/Optional.swift (in target 'Parsing' from project 'swift-parsing')

SwiftCompile normal arm64 /Users/harishvishwakarma/Library/Developer/Xcode/DerivedData/Revolt-dharrjsambcimaaziudpvzjdcigm/SourcePackages/checkouts/swift-parsing/Sources/Parsing/ParserPrinters/Map.swift (in target 'Parsing' from project 'swift-parsing')
    cd /Users/harishvishwakarma/Handy/Archem/pepchat-ios/Revolt.xcodeproj
    

SwiftCompile normal arm64 /Users/harishvishwakarma/Library/Developer/Xcode/DerivedData/Revolt-dharrjsambcimaaziudpvzjdcigm/SourcePackages/checkouts/swift-parsing/Sources/Parsing/ParserPrinters/Newline.swift (in target 'Parsing' from project 'swift-parsing')
    cd /Users/harishvishwakarma/Handy/Archem/pepchat-ios/Revolt.xcodeproj
    

SwiftCompile normal arm64 /Users/harishvishwakarma/Library/Developer/Xcode/DerivedData/Revolt-dharrjsambcimaaziudpvzjdcigm/SourcePackages/checkouts/swift-parsing/Sources/Parsing/ParserPrinters/Not.swift (in target 'Parsing' from project 'swift-parsing')
    cd /Users/harishvishwakarma/Handy/Archem/pepchat-ios/Revolt.xcodeproj
    

SwiftCompile normal arm64 /Users/harishvishwakarma/Library/Developer/Xcode/DerivedData/Revolt-dharrjsambcimaaziudpvzjdcigm/SourcePackages/checkouts/swift-parsing/Sources/Parsing/ParserPrinters/OneOf.swift (in target 'Parsing' from project 'swift-parsing')
    cd /Users/harishvishwakarma/Handy/Archem/pepchat-ios/Revolt.xcodeproj
    

SwiftCompile normal arm64 /Users/harishvishwakarma/Library/Developer/Xcode/DerivedData/Revolt-dharrjsambcimaaziudpvzjdcigm/SourcePackages/checkouts/swift-parsing/Sources/Parsing/ParserPrinters/OneOfMany.swift (in target 'Parsing' from project 'swift-parsing')
    cd /Users/harishvishwakarma/Handy/Archem/pepchat-ios/Revolt.xcodeproj
    

SwiftCompile normal arm64 /Users/harishvishwakarma/Library/Developer/Xcode/DerivedData/Revolt-dharrjsambcimaaziudpvzjdcigm/SourcePackages/checkouts/swift-parsing/Sources/Parsing/ParserPrinters/Optional.swift (in target 'Parsing' from project 'swift-parsing')
    cd /Users/harishvishwakarma/Handy/Archem/pepchat-ios/Revolt.xcodeproj
    

SwiftCompile normal arm64 Compiling\ AnyParserPrinter.swift,\ Backtracking.swift,\ Bool.swift,\ CaseIterableRawRepresentable.swift,\ CharacterSet.swift,\ Conditional.swift /Users/harishvishwakarma/Library/Developer/Xcode/DerivedData/Revolt-dharrjsambcimaaziudpvzjdcigm/SourcePackages/checkouts/swift-parsing/Sources/Parsing/ParserPrinters/AnyParserPrinter.swift /Users/harishvishwakarma/Library/Developer/Xcode/DerivedData/Revolt-dharrjsambcimaaziudpvzjdcigm/SourcePackages/checkouts/swift-parsing/Sources/Parsing/ParserPrinters/Backtracking.swift /Users/harishvishwakarma/Library/Developer/Xcode/DerivedData/Revolt-dharrjsambcimaaziudpvzjdcigm/SourcePackages/checkouts/swift-parsing/Sources/Parsing/ParserPrinters/Bool.swift /Users/harishvishwakarma/Library/Developer/Xcode/DerivedData/Revolt-dharrjsambcimaaziudpvzjdcigm/SourcePackages/checkouts/swift-parsing/Sources/Parsing/ParserPrinters/CaseIterableRawRepresentable.swift /Users/harishvishwakarma/Library/Developer/Xcode/DerivedData/Revolt-dharrjsambcimaaziudpvzjdcigm/SourcePackages/checkouts/swift-parsing/Sources/Parsing/ParserPrinters/CharacterSet.swift /Users/harishvishwakarma/Library/Developer/Xcode/DerivedData/Revolt-dharrjsambcimaaziudpvzjdcigm/SourcePackages/checkouts/swift-parsing/Sources/Parsing/ParserPrinters/Conditional.swift (in target 'Parsing' from project 'swift-parsing')

SwiftCompile normal arm64 /Users/harishvishwakarma/Library/Developer/Xcode/DerivedData/Revolt-dharrjsambcimaaziudpvzjdcigm/SourcePackages/checkouts/swift-parsing/Sources/Parsing/ParserPrinters/AnyParserPrinter.swift (in target 'Parsing' from project 'swift-parsing')
    cd /Users/harishvishwakarma/Handy/Archem/pepchat-ios/Revolt.xcodeproj
    

SwiftCompile normal arm64 /Users/harishvishwakarma/Library/Developer/Xcode/DerivedData/Revolt-dharrjsambcimaaziudpvzjdcigm/SourcePackages/checkouts/swift-parsing/Sources/Parsing/ParserPrinters/Backtracking.swift (in target 'Parsing' from project 'swift-parsing')
    cd /Users/harishvishwakarma/Handy/Archem/pepchat-ios/Revolt.xcodeproj
    

SwiftCompile normal arm64 /Users/harishvishwakarma/Library/Developer/Xcode/DerivedData/Revolt-dharrjsambcimaaziudpvzjdcigm/SourcePackages/checkouts/swift-parsing/Sources/Parsing/ParserPrinters/Bool.swift (in target 'Parsing' from project 'swift-parsing')
    cd /Users/harishvishwakarma/Handy/Archem/pepchat-ios/Revolt.xcodeproj
    

SwiftCompile normal arm64 /Users/harishvishwakarma/Library/Developer/Xcode/DerivedData/Revolt-dharrjsambcimaaziudpvzjdcigm/SourcePackages/checkouts/swift-parsing/Sources/Parsing/ParserPrinters/CaseIterableRawRepresentable.swift (in target 'Parsing' from project 'swift-parsing')
    cd /Users/harishvishwakarma/Handy/Archem/pepchat-ios/Revolt.xcodeproj
    

SwiftCompile normal arm64 /Users/harishvishwakarma/Library/Developer/Xcode/DerivedData/Revolt-dharrjsambcimaaziudpvzjdcigm/SourcePackages/checkouts/swift-parsing/Sources/Parsing/ParserPrinters/CharacterSet.swift (in target 'Parsing' from project 'swift-parsing')
    cd /Users/harishvishwakarma/Handy/Archem/pepchat-ios/Revolt.xcodeproj
    

SwiftCompile normal arm64 /Users/harishvishwakarma/Library/Developer/Xcode/DerivedData/Revolt-dharrjsambcimaaziudpvzjdcigm/SourcePackages/checkouts/swift-parsing/Sources/Parsing/ParserPrinters/Conditional.swift (in target 'Parsing' from project 'swift-parsing')
    cd /Users/harishvishwakarma/Handy/Archem/pepchat-ios/Revolt.xcodeproj
    

SwiftCompile normal arm64 Compiling\ PrefixThrough.swift,\ PrefixUpTo.swift,\ Printing.swift,\ Pullback.swift,\ ReplaceError.swift,\ Rest.swift /Users/harishvishwakarma/Library/Developer/Xcode/DerivedData/Revolt-dharrjsambcimaaziudpvzjdcigm/SourcePackages/checkouts/swift-parsing/Sources/Parsing/ParserPrinters/PrefixThrough.swift /Users/harishvishwakarma/Library/Developer/Xcode/DerivedData/Revolt-dharrjsambcimaaziudpvzjdcigm/SourcePackages/checkouts/swift-parsing/Sources/Parsing/ParserPrinters/PrefixUpTo.swift /Users/harishvishwakarma/Library/Developer/Xcode/DerivedData/Revolt-dharrjsambcimaaziudpvzjdcigm/SourcePackages/checkouts/swift-parsing/Sources/Parsing/ParserPrinters/Printing.swift /Users/harishvishwakarma/Library/Developer/Xcode/DerivedData/Revolt-dharrjsambcimaaziudpvzjdcigm/SourcePackages/checkouts/swift-parsing/Sources/Parsing/ParserPrinters/Pullback.swift /Users/harishvishwakarma/Library/Developer/Xcode/DerivedData/Revolt-dharrjsambcimaaziudpvzjdcigm/SourcePackages/checkouts/swift-parsing/Sources/Parsing/ParserPrinters/ReplaceError.swift /Users/harishvishwakarma/Library/Developer/Xcode/DerivedData/Revolt-dharrjsambcimaaziudpvzjdcigm/SourcePackages/checkouts/swift-parsing/Sources/Parsing/ParserPrinters/Rest.swift (in target 'Parsing' from project 'swift-parsing')

SwiftCompile normal arm64 /Users/harishvishwakarma/Library/Developer/Xcode/DerivedData/Revolt-dharrjsambcimaaziudpvzjdcigm/SourcePackages/checkouts/swift-parsing/Sources/Parsing/ParserPrinters/PrefixThrough.swift (in target 'Parsing' from project 'swift-parsing')
    cd /Users/harishvishwakarma/Handy/Archem/pepchat-ios/Revolt.xcodeproj
    

SwiftCompile normal arm64 /Users/harishvishwakarma/Library/Developer/Xcode/DerivedData/Revolt-dharrjsambcimaaziudpvzjdcigm/SourcePackages/checkouts/swift-parsing/Sources/Parsing/ParserPrinters/PrefixUpTo.swift (in target 'Parsing' from project 'swift-parsing')
    cd /Users/harishvishwakarma/Handy/Archem/pepchat-ios/Revolt.xcodeproj
    

SwiftCompile normal arm64 /Users/harishvishwakarma/Library/Developer/Xcode/DerivedData/Revolt-dharrjsambcimaaziudpvzjdcigm/SourcePackages/checkouts/swift-parsing/Sources/Parsing/ParserPrinters/Printing.swift (in target 'Parsing' from project 'swift-parsing')
    cd /Users/harishvishwakarma/Handy/Archem/pepchat-ios/Revolt.xcodeproj
    

SwiftCompile normal arm64 /Users/harishvishwakarma/Library/Developer/Xcode/DerivedData/Revolt-dharrjsambcimaaziudpvzjdcigm/SourcePackages/checkouts/swift-parsing/Sources/Parsing/ParserPrinters/Pullback.swift (in target 'Parsing' from project 'swift-parsing')
    cd /Users/harishvishwakarma/Handy/Archem/pepchat-ios/Revolt.xcodeproj
    

SwiftCompile normal arm64 /Users/harishvishwakarma/Library/Developer/Xcode/DerivedData/Revolt-dharrjsambcimaaziudpvzjdcigm/SourcePackages/checkouts/swift-parsing/Sources/Parsing/ParserPrinters/ReplaceError.swift (in target 'Parsing' from project 'swift-parsing')
    cd /Users/harishvishwakarma/Handy/Archem/pepchat-ios/Revolt.xcodeproj
    

SwiftCompile normal arm64 /Users/harishvishwakarma/Library/Developer/Xcode/DerivedData/Revolt-dharrjsambcimaaziudpvzjdcigm/SourcePackages/checkouts/swift-parsing/Sources/Parsing/ParserPrinters/Rest.swift (in target 'Parsing' from project 'swift-parsing')
    cd /Users/harishvishwakarma/Handy/Archem/pepchat-ios/Revolt.xcodeproj
    

SwiftDriverJobDiscovery normal arm64 Compiling AnyCasePath.swift, CasePathIterable.swift (in target 'CasePaths' from project 'swift-case-paths')

SwiftCompile normal arm64 Compiling\ Data.swift,\ Enum.swift,\ FixedWidthInteger.swift,\ Identity.swift,\ JSON.swift,\ LosslessStringConvertible.swift,\ Memberwise.swift /Users/harishvishwakarma/Library/Developer/Xcode/DerivedData/Revolt-dharrjsambcimaaziudpvzjdcigm/SourcePackages/checkouts/swift-parsing/Sources/Parsing/Conversions/Data.swift /Users/harishvishwakarma/Library/Developer/Xcode/DerivedData/Revolt-dharrjsambcimaaziudpvzjdcigm/SourcePackages/checkouts/swift-parsing/Sources/Parsing/Conversions/Enum.swift /Users/harishvishwakarma/Library/Developer/Xcode/DerivedData/Revolt-dharrjsambcimaaziudpvzjdcigm/SourcePackages/checkouts/swift-parsing/Sources/Parsing/Conversions/FixedWidthInteger.swift /Users/harishvishwakarma/Library/Developer/Xcode/DerivedData/Revolt-dharrjsambcimaaziudpvzjdcigm/SourcePackages/checkouts/swift-parsing/Sources/Parsing/Conversions/Identity.swift /Users/harishvishwakarma/Library/Developer/Xcode/DerivedData/Revolt-dharrjsambcimaaziudpvzjdcigm/SourcePackages/checkouts/swift-parsing/Sources/Parsing/Conversions/JSON.swift /Users/harishvishwakarma/Library/Developer/Xcode/DerivedData/Revolt-dharrjsambcimaaziudpvzjdcigm/SourcePackages/checkouts/swift-parsing/Sources/Parsing/Conversions/LosslessStringConvertible.swift /Users/harishvishwakarma/Library/Developer/Xcode/DerivedData/Revolt-dharrjsambcimaaziudpvzjdcigm/SourcePackages/checkouts/swift-parsing/Sources/Parsing/Conversions/Memberwise.swift (in target 'Parsing' from project 'swift-parsing')

SwiftCompile normal arm64 /Users/harishvishwakarma/Library/Developer/Xcode/DerivedData/Revolt-dharrjsambcimaaziudpvzjdcigm/SourcePackages/checkouts/swift-parsing/Sources/Parsing/Conversions/Data.swift (in target 'Parsing' from project 'swift-parsing')
    cd /Users/harishvishwakarma/Handy/Archem/pepchat-ios/Revolt.xcodeproj
    

SwiftCompile normal arm64 /Users/harishvishwakarma/Library/Developer/Xcode/DerivedData/Revolt-dharrjsambcimaaziudpvzjdcigm/SourcePackages/checkouts/swift-parsing/Sources/Parsing/Conversions/Enum.swift (in target 'Parsing' from project 'swift-parsing')
    cd /Users/harishvishwakarma/Handy/Archem/pepchat-ios/Revolt.xcodeproj
    

SwiftCompile normal arm64 /Users/harishvishwakarma/Library/Developer/Xcode/DerivedData/Revolt-dharrjsambcimaaziudpvzjdcigm/SourcePackages/checkouts/swift-parsing/Sources/Parsing/Conversions/FixedWidthInteger.swift (in target 'Parsing' from project 'swift-parsing')
    cd /Users/harishvishwakarma/Handy/Archem/pepchat-ios/Revolt.xcodeproj
    

SwiftCompile normal arm64 /Users/harishvishwakarma/Library/Developer/Xcode/DerivedData/Revolt-dharrjsambcimaaziudpvzjdcigm/SourcePackages/checkouts/swift-parsing/Sources/Parsing/Conversions/Identity.swift (in target 'Parsing' from project 'swift-parsing')
    cd /Users/harishvishwakarma/Handy/Archem/pepchat-ios/Revolt.xcodeproj
    

SwiftCompile normal arm64 /Users/harishvishwakarma/Library/Developer/Xcode/DerivedData/Revolt-dharrjsambcimaaziudpvzjdcigm/SourcePackages/checkouts/swift-parsing/Sources/Parsing/Conversions/JSON.swift (in target 'Parsing' from project 'swift-parsing')
    cd /Users/harishvishwakarma/Handy/Archem/pepchat-ios/Revolt.xcodeproj
    

SwiftCompile normal arm64 /Users/harishvishwakarma/Library/Developer/Xcode/DerivedData/Revolt-dharrjsambcimaaziudpvzjdcigm/SourcePackages/checkouts/swift-parsing/Sources/Parsing/Conversions/LosslessStringConvertible.swift (in target 'Parsing' from project 'swift-parsing')
    cd /Users/harishvishwakarma/Handy/Archem/pepchat-ios/Revolt.xcodeproj
    

SwiftCompile normal arm64 /Users/harishvishwakarma/Library/Developer/Xcode/DerivedData/Revolt-dharrjsambcimaaziudpvzjdcigm/SourcePackages/checkouts/swift-parsing/Sources/Parsing/Conversions/Memberwise.swift (in target 'Parsing' from project 'swift-parsing')
    cd /Users/harishvishwakarma/Handy/Archem/pepchat-ios/Revolt.xcodeproj
    

SwiftDriverJobDiscovery normal arm64 Compiling CasePathReflectable.swift, CasePathable.swift (in target 'CasePaths' from project 'swift-case-paths')

SwiftCompile normal arm64 Compiling\ Skip.swift,\ StartsWith.swift,\ UUID.swift,\ Whitespace.swift,\ AnyParser.swift,\ CompactMap.swift /Users/harishvishwakarma/Library/Developer/Xcode/DerivedData/Revolt-dharrjsambcimaaziudpvzjdcigm/SourcePackages/checkouts/swift-parsing/Sources/Parsing/ParserPrinters/Skip.swift /Users/harishvishwakarma/Library/Developer/Xcode/DerivedData/Revolt-dharrjsambcimaaziudpvzjdcigm/SourcePackages/checkouts/swift-parsing/Sources/Parsing/ParserPrinters/StartsWith.swift /Users/harishvishwakarma/Library/Developer/Xcode/DerivedData/Revolt-dharrjsambcimaaziudpvzjdcigm/SourcePackages/checkouts/swift-parsing/Sources/Parsing/ParserPrinters/UUID.swift /Users/harishvishwakarma/Library/Developer/Xcode/DerivedData/Revolt-dharrjsambcimaaziudpvzjdcigm/SourcePackages/checkouts/swift-parsing/Sources/Parsing/ParserPrinters/Whitespace.swift /Users/harishvishwakarma/Library/Developer/Xcode/DerivedData/Revolt-dharrjsambcimaaziudpvzjdcigm/SourcePackages/checkouts/swift-parsing/Sources/Parsing/Parsers/AnyParser.swift /Users/harishvishwakarma/Library/Developer/Xcode/DerivedData/Revolt-dharrjsambcimaaziudpvzjdcigm/SourcePackages/checkouts/swift-parsing/Sources/Parsing/Parsers/CompactMap.swift (in target 'Parsing' from project 'swift-parsing')
SwiftCompile normal arm64 /Users/harishvishwakarma/Library/Developer/Xcode/DerivedData/Revolt-dharrjsambcimaaziudpvzjdcigm/SourcePackages/checkouts/swift-parsing/Sources/Parsing/ParserPrinters/Skip.swift (in target 'Parsing' from project 'swift-parsing')
    cd /Users/harishvishwakarma/Handy/Archem/pepchat-ios/Revolt.xcodeproj
    

SwiftCompile normal arm64 /Users/harishvishwakarma/Library/Developer/Xcode/DerivedData/Revolt-dharrjsambcimaaziudpvzjdcigm/SourcePackages/checkouts/swift-parsing/Sources/Parsing/ParserPrinters/StartsWith.swift (in target 'Parsing' from project 'swift-parsing')
    cd /Users/harishvishwakarma/Handy/Archem/pepchat-ios/Revolt.xcodeproj
    

SwiftCompile normal arm64 /Users/harishvishwakarma/Library/Developer/Xcode/DerivedData/Revolt-dharrjsambcimaaziudpvzjdcigm/SourcePackages/checkouts/swift-parsing/Sources/Parsing/ParserPrinters/UUID.swift (in target 'Parsing' from project 'swift-parsing')
    cd /Users/harishvishwakarma/Handy/Archem/pepchat-ios/Revolt.xcodeproj
    

SwiftCompile normal arm64 /Users/harishvishwakarma/Library/Developer/Xcode/DerivedData/Revolt-dharrjsambcimaaziudpvzjdcigm/SourcePackages/checkouts/swift-parsing/Sources/Parsing/ParserPrinters/Whitespace.swift (in target 'Parsing' from project 'swift-parsing')
    cd /Users/harishvishwakarma/Handy/Archem/pepchat-ios/Revolt.xcodeproj
    

SwiftCompile normal arm64 /Users/harishvishwakarma/Library/Developer/Xcode/DerivedData/Revolt-dharrjsambcimaaziudpvzjdcigm/SourcePackages/checkouts/swift-parsing/Sources/Parsing/Parsers/AnyParser.swift (in target 'Parsing' from project 'swift-parsing')
    cd /Users/harishvishwakarma/Handy/Archem/pepchat-ios/Revolt.xcodeproj
    

SwiftCompile normal arm64 /Users/harishvishwakarma/Library/Developer/Xcode/DerivedData/Revolt-dharrjsambcimaaziudpvzjdcigm/SourcePackages/checkouts/swift-parsing/Sources/Parsing/Parsers/CompactMap.swift (in target 'Parsing' from project 'swift-parsing')
    cd /Users/harishvishwakarma/Handy/Archem/pepchat-ios/Revolt.xcodeproj
    

SwiftDriverJobDiscovery normal arm64 Compiling ParseableFormatStyleConversion.swift, RawRepresentable.swift, String.swift, Substring.swift, UTF8View.swift, ConvertingError.swift, CountingRange.swift (in target 'Parsing' from project 'swift-parsing')

SwiftDriver\ Compilation CasePaths normal arm64 com.apple.xcode.tools.swift.compiler (in target 'CasePaths' from project 'swift-case-paths')
    cd /Users/harishvishwakarma/Handy/Archem/pepchat-ios/Revolt.xcodeproj
    builtin-Swift-Compilation -- /Applications/Xcode.app/Contents/Developer/Toolchains/XcodeDefault.xctoolchain/usr/bin/swiftc -module-name CasePaths -Onone -enforce-exclusivity\=checked @/Users/harishvishwakarma/Library/Developer/Xcode/DerivedData/Revolt-dharrjsambcimaaziudpvzjdcigm/Build/Intermediates.noindex/swift-case-paths.build/Debug-iphoneos/CasePaths.build/Objects-normal/arm64/CasePaths.SwiftFileList -DSWIFT_PACKAGE -DDEBUG -DXcode -plugin-path /Applications/Xcode.app/Contents/Developer/Toolchains/XcodeDefault.xctoolchain/usr/lib/swift/host/plugins/testing -enable-experimental-feature DebugDescriptionMacro -sdk /Applications/Xcode.app/Contents/Developer/Platforms/iPhoneOS.platform/Developer/SDKs/iPhoneOS18.5.sdk -target arm64-apple-ios13.0 -g -module-cache-path /Users/harishvishwakarma/Library/Developer/Xcode/DerivedData/ModuleCache.noindex -Xfrontend -serialize-debugging-options -enable-testing -suppress-warnings -index-store-path /Users/harishvishwakarma/Library/Developer/Xcode/DerivedData/Revolt-dharrjsambcimaaziudpvzjdcigm/Index.noindex/DataStore -swift-version 6 -I /Users/harishvishwakarma/Library/Developer/Xcode/DerivedData/Revolt-dharrjsambcimaaziudpvzjdcigm/Build/Products/Debug-iphoneos -I /Applications/Xcode.app/Contents/Developer/Platforms/iPhoneOS.platform/Developer/usr/lib -F /Users/harishvishwakarma/Library/Developer/Xcode/DerivedData/Revolt-dharrjsambcimaaziudpvzjdcigm/Build/Products/Debug-iphoneos/PackageFrameworks -F /Users/harishvishwakarma/Library/Developer/Xcode/DerivedData/Revolt-dharrjsambcimaaziudpvzjdcigm/Build/Products/Debug-iphoneos/PackageFrameworks -F /Users/harishvishwakarma/Library/Developer/Xcode/DerivedData/Revolt-dharrjsambcimaaziudpvzjdcigm/Build/Products/Debug-iphoneos -F /Applications/Xcode.app/Contents/Developer/Platforms/iPhoneOS.platform/Developer/Library/Frameworks -F /Applications/Xcode.app/Contents/Developer/Platforms/iPhoneOS.platform/Developer/SDKs/iPhoneOS18.5.sdk/Developer/Library/Frameworks -Xfrontend -load-plugin-executable -Xfrontend /Users/harishvishwakarma/Library/Developer/Xcode/DerivedData/Revolt-dharrjsambcimaaziudpvzjdcigm/Build/Products/Debug/CasePathsMacros\#CasePathsMacros -c -j12 -enable-batch-mode -incremental -Xcc -ivfsstatcache -Xcc /Users/harishvishwakarma/Library/Developer/Xcode/DerivedData/SDKStatCaches.noindex/iphoneos18.5-22F76-7fa4eea80a99bbfdc046826b63ec4baf.sdkstatcache -output-file-map /Users/harishvishwakarma/Library/Developer/Xcode/DerivedData/Revolt-dharrjsambcimaaziudpvzjdcigm/Build/Intermediates.noindex/swift-case-paths.build/Debug-iphoneos/CasePaths.build/Objects-normal/arm64/CasePaths-OutputFileMap.json -use-frontend-parseable-output -save-temps -no-color-diagnostics -serialize-diagnostics -emit-dependencies -emit-module -emit-module-path /Users/harishvishwakarma/Library/Developer/Xcode/DerivedData/Revolt-dharrjsambcimaaziudpvzjdcigm/Build/Intermediates.noindex/swift-case-paths.build/Debug-iphoneos/CasePaths.build/Objects-normal/arm64/CasePaths.swiftmodule -user-module-version 1.5.5 -validate-clang-modules-once -clang-build-session-file /Users/harishvishwakarma/Library/Developer/Xcode/DerivedData/ModuleCache.noindex/Session.modulevalidation -package-name swift_case_paths -Xcc -I/Users/harishvishwakarma/Library/Developer/Xcode/DerivedData/Revolt-dharrjsambcimaaziudpvzjdcigm/Build/Intermediates.noindex/swift-case-paths.build/Debug-iphoneos/CasePaths.build/swift-overrides.hmap -emit-const-values -Xfrontend -const-gather-protocols-file -Xfrontend /Users/harishvishwakarma/Library/Developer/Xcode/DerivedData/Revolt-dharrjsambcimaaziudpvzjdcigm/Build/Intermediates.noindex/swift-case-paths.build/Debug-iphoneos/CasePaths.build/Objects-normal/arm64/CasePaths_const_extract_protocols.json -Xcc -I/Users/harishvishwakarma/Library/Developer/Xcode/DerivedData/Revolt-dharrjsambcimaaziudpvzjdcigm/Build/Products/Debug-iphoneos/include -Xcc -I/Users/harishvishwakarma/Library/Developer/Xcode/DerivedData/Revolt-dharrjsambcimaaziudpvzjdcigm/Build/Intermediates.noindex/swift-case-paths.build/Debug-iphoneos/CasePaths.build/DerivedSources-normal/arm64 -Xcc -I/Users/harishvishwakarma/Library/Developer/Xcode/DerivedData/Revolt-dharrjsambcimaaziudpvzjdcigm/Build/Intermediates.noindex/swift-case-paths.build/Debug-iphoneos/CasePaths.build/DerivedSources/arm64 -Xcc -I/Users/harishvishwakarma/Library/Developer/Xcode/DerivedData/Revolt-dharrjsambcimaaziudpvzjdcigm/Build/Intermediates.noindex/swift-case-paths.build/Debug-iphoneos/CasePaths.build/DerivedSources -Xcc -DSWIFT_PACKAGE -Xcc -DDEBUG\=1 -emit-objc-header -emit-objc-header-path /Users/harishvishwakarma/Library/Developer/Xcode/DerivedData/Revolt-dharrjsambcimaaziudpvzjdcigm/Build/Intermediates.noindex/swift-case-paths.build/Debug-iphoneos/CasePaths.build/Objects-normal/arm64/CasePaths-Swift.h -working-directory /Users/harishvishwakarma/Handy/Archem/pepchat-ios/Revolt.xcodeproj -experimental-emit-module-separately -disable-cmo

SwiftDriverJobDiscovery normal arm64 Compiling Map.swift, Newline.swift, Not.swift, OneOf.swift, OneOfMany.swift, Optional.swift (in target 'Parsing' from project 'swift-parsing')

Ld /Users/harishvishwakarma/Library/Developer/Xcode/DerivedData/Revolt-dharrjsambcimaaziudpvzjdcigm/Build/Products/Debug-iphoneos/CasePaths.o normal (in target 'CasePaths' from project 'swift-case-paths')
    cd /Users/harishvishwakarma/Library/Developer/Xcode/DerivedData/Revolt-dharrjsambcimaaziudpvzjdcigm/SourcePackages/checkouts/swift-case-paths
    /Applications/Xcode.app/Contents/Developer/Toolchains/XcodeDefault.xctoolchain/usr/bin/clang -Xlinker -reproducible -target arm64-apple-ios13.0 -r -isysroot /Applications/Xcode.app/Contents/Developer/Platforms/iPhoneOS.platform/Developer/SDKs/iPhoneOS18.5.sdk -O0 -w -L/Users/harishvishwakarma/Library/Developer/Xcode/DerivedData/Revolt-dharrjsambcimaaziudpvzjdcigm/Build/Intermediates.noindex/EagerLinkingTBDs/Debug-iphoneos -L/Users/harishvishwakarma/Library/Developer/Xcode/DerivedData/Revolt-dharrjsambcimaaziudpvzjdcigm/Build/Products/Debug-iphoneos -L/Applications/Xcode.app/Contents/Developer/Platforms/iPhoneOS.platform/Developer/usr/lib -F/Users/harishvishwakarma/Library/Developer/Xcode/DerivedData/Revolt-dharrjsambcimaaziudpvzjdcigm/Build/Intermediates.noindex/EagerLinkingTBDs/Debug-iphoneos -F/Users/harishvishwakarma/Library/Developer/Xcode/DerivedData/Revolt-dharrjsambcimaaziudpvzjdcigm/Build/Products/Debug-iphoneos/PackageFrameworks -F/Users/harishvishwakarma/Library/Developer/Xcode/DerivedData/Revolt-dharrjsambcimaaziudpvzjdcigm/Build/Products/Debug-iphoneos/PackageFrameworks -F/Users/harishvishwakarma/Library/Developer/Xcode/DerivedData/Revolt-dharrjsambcimaaziudpvzjdcigm/Build/Products/Debug-iphoneos -iframework /Applications/Xcode.app/Contents/Developer/Platforms/iPhoneOS.platform/Developer/Library/Frameworks -iframework /Applications/Xcode.app/Contents/Developer/Platforms/iPhoneOS.platform/Developer/SDKs/iPhoneOS18.5.sdk/Developer/Library/Frameworks -filelist /Users/harishvishwakarma/Library/Developer/Xcode/DerivedData/Revolt-dharrjsambcimaaziudpvzjdcigm/Build/Intermediates.noindex/swift-case-paths.build/Debug-iphoneos/CasePaths.build/Objects-normal/arm64/CasePaths.LinkFileList -nostdlib -Xlinker -object_path_lto -Xlinker /Users/harishvishwakarma/Library/Developer/Xcode/DerivedData/Revolt-dharrjsambcimaaziudpvzjdcigm/Build/Intermediates.noindex/swift-case-paths.build/Debug-iphoneos/CasePaths.build/Objects-normal/arm64/CasePaths_lto.o -rdynamic -Xlinker -no_deduplicate -Xlinker -dependency_info -Xlinker /Users/harishvishwakarma/Library/Developer/Xcode/DerivedData/Revolt-dharrjsambcimaaziudpvzjdcigm/Build/Intermediates.noindex/swift-case-paths.build/Debug-iphoneos/CasePaths.build/Objects-normal/arm64/CasePaths_dependency_info.dat -fobjc-link-runtime -L/Applications/Xcode.app/Contents/Developer/Toolchains/XcodeDefault.xctoolchain/usr/lib/swift/iphoneos -L/usr/lib/swift -Xlinker -add_ast_path -Xlinker /Users/harishvishwakarma/Library/Developer/Xcode/DerivedData/Revolt-dharrjsambcimaaziudpvzjdcigm/Build/Intermediates.noindex/swift-case-paths.build/Debug-iphoneos/CasePaths.build/Objects-normal/arm64/CasePaths.swiftmodule -o /Users/harishvishwakarma/Library/Developer/Xcode/DerivedData/Revolt-dharrjsambcimaaziudpvzjdcigm/Build/Products/Debug-iphoneos/CasePaths.o

SwiftDriverJobDiscovery normal arm64 Compiling Data.swift, Enum.swift, FixedWidthInteger.swift, Identity.swift, JSON.swift, LosslessStringConvertible.swift, Memberwise.swift (in target 'Parsing' from project 'swift-parsing')

ExtractAppIntentsMetadata (in target 'CasePaths' from project 'swift-case-paths')
    cd /Users/harishvishwakarma/Library/Developer/Xcode/DerivedData/Revolt-dharrjsambcimaaziudpvzjdcigm/SourcePackages/checkouts/swift-case-paths
    /Applications/Xcode.app/Contents/Developer/Toolchains/XcodeDefault.xctoolchain/usr/bin/appintentsmetadataprocessor --toolchain-dir /Applications/Xcode.app/Contents/Developer/Toolchains/XcodeDefault.xctoolchain --module-name CasePaths --sdk-root /Applications/Xcode.app/Contents/Developer/Platforms/iPhoneOS.platform/Developer/SDKs/iPhoneOS18.5.sdk --xcode-version 16F6 --platform-family iOS --deployment-target 13.0 --bundle-identifier swift-case-paths.CasePaths --output /Users/harishvishwakarma/Library/Developer/Xcode/DerivedData/Revolt-dharrjsambcimaaziudpvzjdcigm/Build/Products/Debug-iphoneos/CasePaths.appintents --target-triple arm64-apple-ios13.0 --binary-file /Users/harishvishwakarma/Library/Developer/Xcode/DerivedData/Revolt-dharrjsambcimaaziudpvzjdcigm/Build/Products/Debug-iphoneos/CasePaths.o --dependency-file /Users/harishvishwakarma/Library/Developer/Xcode/DerivedData/Revolt-dharrjsambcimaaziudpvzjdcigm/Build/Intermediates.noindex/swift-case-paths.build/Debug-iphoneos/CasePaths.build/Objects-normal/arm64/CasePaths_dependency_info.dat --stringsdata-file /Users/harishvishwakarma/Library/Developer/Xcode/DerivedData/Revolt-dharrjsambcimaaziudpvzjdcigm/Build/Intermediates.noindex/swift-case-paths.build/Debug-iphoneos/CasePaths.build/Objects-normal/arm64/ExtractedAppShortcutsMetadata.stringsdata --source-file-list /Users/harishvishwakarma/Library/Developer/Xcode/DerivedData/Revolt-dharrjsambcimaaziudpvzjdcigm/Build/Intermediates.noindex/swift-case-paths.build/Debug-iphoneos/CasePaths.build/Objects-normal/arm64/CasePaths.SwiftFileList --metadata-file-list /Users/harishvishwakarma/Library/Developer/Xcode/DerivedData/Revolt-dharrjsambcimaaziudpvzjdcigm/Build/Intermediates.noindex/swift-case-paths.build/Debug-iphoneos/CasePaths.build/CasePaths.DependencyMetadataFileList --static-metadata-file-list /Users/harishvishwakarma/Library/Developer/Xcode/DerivedData/Revolt-dharrjsambcimaaziudpvzjdcigm/Build/Intermediates.noindex/swift-case-paths.build/Debug-iphoneos/CasePaths.build/CasePaths.DependencyStaticMetadataFileList --swift-const-vals-list /Users/harishvishwakarma/Library/Developer/Xcode/DerivedData/Revolt-dharrjsambcimaaziudpvzjdcigm/Build/Intermediates.noindex/swift-case-paths.build/Debug-iphoneos/CasePaths.build/Objects-normal/arm64/CasePaths.SwiftConstValuesFileList --force --compile-time-extraction --deployment-aware-processing --validate-assistant-intents --no-app-shortcuts-localization
2026-01-08 18:38:59.402 appintentsmetadataprocessor[131:1140232] Starting appintentsmetadataprocessor export
2026-01-08 18:38:59.464 appintentsmetadataprocessor[131:1140232] Extracted no relevant App Intents symbols, skipping writing output

SwiftDriverJobDiscovery normal arm64 Compiling AnyParserPrinter.swift, Backtracking.swift, Bool.swift, CaseIterableRawRepresentable.swift, CharacterSet.swift, Conditional.swift (in target 'Parsing' from project 'swift-parsing')

SwiftDriverJobDiscovery normal arm64 Compiling Optionally.swift, Parse.swift, ParseableFormatStyle.swift, Peek.swift, Pipe.swift, Prefix.swift (in target 'Parsing' from project 'swift-parsing')

RegisterExecutionPolicyException /Users/harishvishwakarma/Library/Developer/Xcode/DerivedData/Revolt-dharrjsambcimaaziudpvzjdcigm/Build/Products/Debug-iphoneos/CasePaths.o (in target 'CasePaths' from project 'swift-case-paths')
    cd /Users/harishvishwakarma/Library/Developer/Xcode/DerivedData/Revolt-dharrjsambcimaaziudpvzjdcigm/SourcePackages/checkouts/swift-case-paths
    builtin-RegisterExecutionPolicyException /Users/harishvishwakarma/Library/Developer/Xcode/DerivedData/Revolt-dharrjsambcimaaziudpvzjdcigm/Build/Products/Debug-iphoneos/CasePaths.o

SwiftDriverJobDiscovery normal arm64 Compiling Consumed.swift, Digits.swift, End.swift, Fail.swift, Filter.swift, First.swift (in target 'Parsing' from project 'swift-parsing')

SwiftDriverJobDiscovery normal arm64 Compiling OneOfBuilder.swift, ParserBuilder.swift, Conversion.swift, AnyConversion.swift, BinaryFloatingPoint.swift, ConversionMap.swift, Conversions.swift (in target 'Parsing' from project 'swift-parsing')

SwiftDriverJobDiscovery normal arm64 Compiling EmptyInitializable.swift, AnyEquatable.swift, Deprecations.swift, Parser.swift, ParserPrinter.swift, Always.swift (in target 'Parsing' from project 'swift-parsing')

SwiftDriverJobDiscovery normal arm64 Compiling PrefixThrough.swift, PrefixUpTo.swift, Printing.swift, Pullback.swift, ReplaceError.swift, Rest.swift (in target 'Parsing' from project 'swift-parsing')

SwiftDriverJobDiscovery normal arm64 Emitting module for Parsing (in target 'Parsing' from project 'swift-parsing')

SwiftDriver\ Compilation\ Requirements Parsing normal arm64 com.apple.xcode.tools.swift.compiler (in target 'Parsing' from project 'swift-parsing')
    cd /Users/harishvishwakarma/Handy/Archem/pepchat-ios/Revolt.xcodeproj
    builtin-Swift-Compilation-Requirements -- /Applications/Xcode.app/Contents/Developer/Toolchains/XcodeDefault.xctoolchain/usr/bin/swiftc -module-name Parsing -Onone -enforce-exclusivity\=checked @/Users/harishvishwakarma/Library/Developer/Xcode/DerivedData/Revolt-dharrjsambcimaaziudpvzjdcigm/Build/Intermediates.noindex/swift-parsing.build/Debug-iphoneos/Parsing.build/Objects-normal/arm64/Parsing.SwiftFileList -DSWIFT_PACKAGE -DDEBUG -DXcode -plugin-path /Applications/Xcode.app/Contents/Developer/Toolchains/XcodeDefault.xctoolchain/usr/lib/swift/host/plugins/testing -enable-experimental-feature DebugDescriptionMacro -sdk /Applications/Xcode.app/Contents/Developer/Platforms/iPhoneOS.platform/Developer/SDKs/iPhoneOS18.5.sdk -target arm64-apple-ios13.0 -g -module-cache-path /Users/harishvishwakarma/Library/Developer/Xcode/DerivedData/ModuleCache.noindex -Xfrontend -serialize-debugging-options -enable-testing -suppress-warnings -index-store-path /Users/harishvishwakarma/Library/Developer/Xcode/DerivedData/Revolt-dharrjsambcimaaziudpvzjdcigm/Index.noindex/DataStore -swift-version 5 -I /Users/harishvishwakarma/Library/Developer/Xcode/DerivedData/Revolt-dharrjsambcimaaziudpvzjdcigm/Build/Products/Debug-iphoneos -I /Applications/Xcode.app/Contents/Developer/Platforms/iPhoneOS.platform/Developer/usr/lib -F /Users/harishvishwakarma/Library/Developer/Xcode/DerivedData/Revolt-dharrjsambcimaaziudpvzjdcigm/Build/Products/Debug-iphoneos/PackageFrameworks -F /Users/harishvishwakarma/Library/Developer/Xcode/DerivedData/Revolt-dharrjsambcimaaziudpvzjdcigm/Build/Products/Debug-iphoneos/PackageFrameworks -F /Users/harishvishwakarma/Library/Developer/Xcode/DerivedData/Revolt-dharrjsambcimaaziudpvzjdcigm/Build/Products/Debug-iphoneos/PackageFrameworks -F /Users/harishvishwakarma/Library/Developer/Xcode/DerivedData/Revolt-dharrjsambcimaaziudpvzjdcigm/Build/Products/Debug-iphoneos -F /Applications/Xcode.app/Contents/Developer/Platforms/iPhoneOS.platform/Developer/Library/Frameworks -F /Applications/Xcode.app/Contents/Developer/Platforms/iPhoneOS.platform/Developer/SDKs/iPhoneOS18.5.sdk/Developer/Library/Frameworks -Xfrontend -load-plugin-executable -Xfrontend /Users/harishvishwakarma/Library/Developer/Xcode/DerivedData/Revolt-dharrjsambcimaaziudpvzjdcigm/Build/Products/Debug/CasePathsMacros\#CasePathsMacros -c -j12 -enable-batch-mode -incremental -Xcc -ivfsstatcache -Xcc /Users/harishvishwakarma/Library/Developer/Xcode/DerivedData/SDKStatCaches.noindex/iphoneos18.5-22F76-7fa4eea80a99bbfdc046826b63ec4baf.sdkstatcache -output-file-map /Users/harishvishwakarma/Library/Developer/Xcode/DerivedData/Revolt-dharrjsambcimaaziudpvzjdcigm/Build/Intermediates.noindex/swift-parsing.build/Debug-iphoneos/Parsing.build/Objects-normal/arm64/Parsing-OutputFileMap.json -use-frontend-parseable-output -save-temps -no-color-diagnostics -serialize-diagnostics -emit-dependencies -emit-module -emit-module-path /Users/harishvishwakarma/Library/Developer/Xcode/DerivedData/Revolt-dharrjsambcimaaziudpvzjdcigm/Build/Intermediates.noindex/swift-parsing.build/Debug-iphoneos/Parsing.build/Objects-normal/arm64/Parsing.swiftmodule -validate-clang-modules-once -clang-build-session-file /Users/harishvishwakarma/Library/Developer/Xcode/DerivedData/ModuleCache.noindex/Session.modulevalidation -Xcc -I/Users/harishvishwakarma/Library/Developer/Xcode/DerivedData/Revolt-dharrjsambcimaaziudpvzjdcigm/Build/Intermediates.noindex/swift-parsing.build/Debug-iphoneos/Parsing.build/swift-overrides.hmap -emit-const-values -Xfrontend -const-gather-protocols-file -Xfrontend /Users/harishvishwakarma/Library/Developer/Xcode/DerivedData/Revolt-dharrjsambcimaaziudpvzjdcigm/Build/Intermediates.noindex/swift-parsing.build/Debug-iphoneos/Parsing.build/Objects-normal/arm64/Parsing_const_extract_protocols.json -Xcc -I/Users/harishvishwakarma/Library/Developer/Xcode/DerivedData/Revolt-dharrjsambcimaaziudpvzjdcigm/Build/Products/Debug-iphoneos/include -Xcc -I/Users/harishvishwakarma/Library/Developer/Xcode/DerivedData/Revolt-dharrjsambcimaaziudpvzjdcigm/Build/Intermediates.noindex/swift-parsing.build/Debug-iphoneos/Parsing.build/DerivedSources-normal/arm64 -Xcc -I/Users/harishvishwakarma/Library/Developer/Xcode/DerivedData/Revolt-dharrjsambcimaaziudpvzjdcigm/Build/Intermediates.noindex/swift-parsing.build/Debug-iphoneos/Parsing.build/DerivedSources/arm64 -Xcc -I/Users/harishvishwakarma/Library/Developer/Xcode/DerivedData/Revolt-dharrjsambcimaaziudpvzjdcigm/Build/Intermediates.noindex/swift-parsing.build/Debug-iphoneos/Parsing.build/DerivedSources -Xcc -DSWIFT_PACKAGE -Xcc -DDEBUG\=1 -emit-objc-header -emit-objc-header-path /Users/harishvishwakarma/Library/Developer/Xcode/DerivedData/Revolt-dharrjsambcimaaziudpvzjdcigm/Build/Intermediates.noindex/swift-parsing.build/Debug-iphoneos/Parsing.build/Objects-normal/arm64/Parsing-Swift.h -working-directory /Users/harishvishwakarma/Handy/Archem/pepchat-ios/Revolt.xcodeproj -experimental-emit-module-separately -disable-cmo

SwiftMergeGeneratedHeaders /Users/harishvishwakarma/Library/Developer/Xcode/DerivedData/Revolt-dharrjsambcimaaziudpvzjdcigm/Build/Intermediates.noindex/GeneratedModuleMaps-iphoneos/Parsing-Swift.h /Users/harishvishwakarma/Library/Developer/Xcode/DerivedData/Revolt-dharrjsambcimaaziudpvzjdcigm/Build/Intermediates.noindex/swift-parsing.build/Debug-iphoneos/Parsing.build/Objects-normal/arm64/Parsing-Swift.h (in target 'Parsing' from project 'swift-parsing')
    cd /Users/harishvishwakarma/Library/Developer/Xcode/DerivedData/Revolt-dharrjsambcimaaziudpvzjdcigm/SourcePackages/checkouts/swift-parsing
    builtin-swiftHeaderTool -arch arm64 /Users/harishvishwakarma/Library/Developer/Xcode/DerivedData/Revolt-dharrjsambcimaaziudpvzjdcigm/Build/Intermediates.noindex/swift-parsing.build/Debug-iphoneos/Parsing.build/Objects-normal/arm64/Parsing-Swift.h -o /Users/harishvishwakarma/Library/Developer/Xcode/DerivedData/Revolt-dharrjsambcimaaziudpvzjdcigm/Build/Intermediates.noindex/GeneratedModuleMaps-iphoneos/Parsing-Swift.h

Copy /Users/harishvishwakarma/Library/Developer/Xcode/DerivedData/Revolt-dharrjsambcimaaziudpvzjdcigm/Build/Products/Debug-iphoneos/Parsing.swiftmodule/arm64-apple-ios.swiftmodule /Users/harishvishwakarma/Library/Developer/Xcode/DerivedData/Revolt-dharrjsambcimaaziudpvzjdcigm/Build/Intermediates.noindex/swift-parsing.build/Debug-iphoneos/Parsing.build/Objects-normal/arm64/Parsing.swiftmodule (in target 'Parsing' from project 'swift-parsing')
    cd /Users/harishvishwakarma/Library/Developer/Xcode/DerivedData/Revolt-dharrjsambcimaaziudpvzjdcigm/SourcePackages/checkouts/swift-parsing
    builtin-copy -exclude .DS_Store -exclude CVS -exclude .svn -exclude .git -exclude .hg -resolve-src-symlinks -rename /Users/harishvishwakarma/Library/Developer/Xcode/DerivedData/Revolt-dharrjsambcimaaziudpvzjdcigm/Build/Intermediates.noindex/swift-parsing.build/Debug-iphoneos/Parsing.build/Objects-normal/arm64/Parsing.swiftmodule /Users/harishvishwakarma/Library/Developer/Xcode/DerivedData/Revolt-dharrjsambcimaaziudpvzjdcigm/Build/Products/Debug-iphoneos/Parsing.swiftmodule/arm64-apple-ios.swiftmodule

Copy /Users/harishvishwakarma/Library/Developer/Xcode/DerivedData/Revolt-dharrjsambcimaaziudpvzjdcigm/Build/Products/Debug-iphoneos/Parsing.swiftmodule/arm64-apple-ios.swiftdoc /Users/harishvishwakarma/Library/Developer/Xcode/DerivedData/Revolt-dharrjsambcimaaziudpvzjdcigm/Build/Intermediates.noindex/swift-parsing.build/Debug-iphoneos/Parsing.build/Objects-normal/arm64/Parsing.swiftdoc (in target 'Parsing' from project 'swift-parsing')
    cd /Users/harishvishwakarma/Library/Developer/Xcode/DerivedData/Revolt-dharrjsambcimaaziudpvzjdcigm/SourcePackages/checkouts/swift-parsing
    builtin-copy -exclude .DS_Store -exclude CVS -exclude .svn -exclude .git -exclude .hg -resolve-src-symlinks -rename /Users/harishvishwakarma/Library/Developer/Xcode/DerivedData/Revolt-dharrjsambcimaaziudpvzjdcigm/Build/Intermediates.noindex/swift-parsing.build/Debug-iphoneos/Parsing.build/Objects-normal/arm64/Parsing.swiftdoc /Users/harishvishwakarma/Library/Developer/Xcode/DerivedData/Revolt-dharrjsambcimaaziudpvzjdcigm/Build/Products/Debug-iphoneos/Parsing.swiftmodule/arm64-apple-ios.swiftdoc

Copy /Users/harishvishwakarma/Library/Developer/Xcode/DerivedData/Revolt-dharrjsambcimaaziudpvzjdcigm/Build/Products/Debug-iphoneos/Parsing.swiftmodule/Project/arm64-apple-ios.swiftsourceinfo /Users/harishvishwakarma/Library/Developer/Xcode/DerivedData/Revolt-dharrjsambcimaaziudpvzjdcigm/Build/Intermediates.noindex/swift-parsing.build/Debug-iphoneos/Parsing.build/Objects-normal/arm64/Parsing.swiftsourceinfo (in target 'Parsing' from project 'swift-parsing')
    cd /Users/harishvishwakarma/Library/Developer/Xcode/DerivedData/Revolt-dharrjsambcimaaziudpvzjdcigm/SourcePackages/checkouts/swift-parsing
    builtin-copy -exclude .DS_Store -exclude CVS -exclude .svn -exclude .git -exclude .hg -resolve-src-symlinks -rename /Users/harishvishwakarma/Library/Developer/Xcode/DerivedData/Revolt-dharrjsambcimaaziudpvzjdcigm/Build/Intermediates.noindex/swift-parsing.build/Debug-iphoneos/Parsing.build/Objects-normal/arm64/Parsing.swiftsourceinfo /Users/harishvishwakarma/Library/Developer/Xcode/DerivedData/Revolt-dharrjsambcimaaziudpvzjdcigm/Build/Products/Debug-iphoneos/Parsing.swiftmodule/Project/arm64-apple-ios.swiftsourceinfo

Copy /Users/harishvishwakarma/Library/Developer/Xcode/DerivedData/Revolt-dharrjsambcimaaziudpvzjdcigm/Build/Products/Debug-iphoneos/Parsing.swiftmodule/arm64-apple-ios.abi.json /Users/harishvishwakarma/Library/Developer/Xcode/DerivedData/Revolt-dharrjsambcimaaziudpvzjdcigm/Build/Intermediates.noindex/swift-parsing.build/Debug-iphoneos/Parsing.build/Objects-normal/arm64/Parsing.abi.json (in target 'Parsing' from project 'swift-parsing')
    cd /Users/harishvishwakarma/Library/Developer/Xcode/DerivedData/Revolt-dharrjsambcimaaziudpvzjdcigm/SourcePackages/checkouts/swift-parsing
    builtin-copy -exclude .DS_Store -exclude CVS -exclude .svn -exclude .git -exclude .hg -resolve-src-symlinks -rename /Users/harishvishwakarma/Library/Developer/Xcode/DerivedData/Revolt-dharrjsambcimaaziudpvzjdcigm/Build/Intermediates.noindex/swift-parsing.build/Debug-iphoneos/Parsing.build/Objects-normal/arm64/Parsing.abi.json /Users/harishvishwakarma/Library/Developer/Xcode/DerivedData/Revolt-dharrjsambcimaaziudpvzjdcigm/Build/Products/Debug-iphoneos/Parsing.swiftmodule/arm64-apple-ios.abi.json

ProcessProductPackaging /Users/harishvishwakarma/Library/Developer/Xcode/UserData/Provisioning\ Profiles/039de5c7-597c-4445-bf96-002281ee4eff.mobileprovision /Users/harishvishwakarma/Library/Developer/Xcode/DerivedData/Revolt-dharrjsambcimaaziudpvzjdcigm/Build/Products/Debug-iphoneos/Revolt.app/embedded.mobileprovision (in target 'Revolt' from project 'Revolt')
    cd /Users/harishvishwakarma/Handy/Archem/pepchat-ios
    builtin-productPackagingUtility /Users/harishvishwakarma/Library/Developer/Xcode/UserData/Provisioning\ Profiles/039de5c7-597c-4445-bf96-002281ee4eff.mobileprovision -o /Users/harishvishwakarma/Library/Developer/Xcode/DerivedData/Revolt-dharrjsambcimaaziudpvzjdcigm/Build/Products/Debug-iphoneos/Revolt.app/embedded.mobileprovision

ProcessProductPackaging /Users/harishvishwakarma/Handy/Archem/pepchat-ios/Revolt/Revolt.entitlements /Users/harishvishwakarma/Library/Developer/Xcode/DerivedData/Revolt-dharrjsambcimaaziudpvzjdcigm/Build/Intermediates.noindex/Revolt.build/Debug-iphoneos/Revolt.build/Revolt.app.xcent (in target 'Revolt' from project 'Revolt')
    cd /Users/harishvishwakarma/Handy/Archem/pepchat-ios
    
    Entitlements:
    
    {
    "application-identifier" = "R8387T64JW.chat.zeko.app";
    "aps-environment" = development;
    "com.apple.developer.associated-domains" =     (
        "applinks:revolt.chat",
        "applinks:rvlt.gg",
        "applinks:peptide.chat",
        "webcredentials:example.com"
    );
    "com.apple.developer.push-to-talk" = 1;
    "com.apple.developer.team-identifier" = R8387T64JW;
    "com.apple.developer.usernotifications.communication" = 1;
    "com.apple.security.application-groups" =     (
        "group.pepchat.shared.data"
    );
    "get-task-allow" = 1;
}
    
    builtin-productPackagingUtility /Users/harishvishwakarma/Handy/Archem/pepchat-ios/Revolt/Revolt.entitlements -entitlements -format xml -o /Users/harishvishwakarma/Library/Developer/Xcode/DerivedData/Revolt-dharrjsambcimaaziudpvzjdcigm/Build/Intermediates.noindex/Revolt.build/Debug-iphoneos/Revolt.build/Revolt.app.xcent

ProcessProductPackagingDER /Users/harishvishwakarma/Library/Developer/Xcode/DerivedData/Revolt-dharrjsambcimaaziudpvzjdcigm/Build/Intermediates.noindex/Revolt.build/Debug-iphoneos/Revolt.build/Revolt.app.xcent /Users/harishvishwakarma/Library/Developer/Xcode/DerivedData/Revolt-dharrjsambcimaaziudpvzjdcigm/Build/Intermediates.noindex/Revolt.build/Debug-iphoneos/Revolt.build/Revolt.app.xcent.der (in target 'Revolt' from project 'Revolt')
    cd /Users/harishvishwakarma/Handy/Archem/pepchat-ios
    /usr/bin/derq query -f xml -i /Users/harishvishwakarma/Library/Developer/Xcode/DerivedData/Revolt-dharrjsambcimaaziudpvzjdcigm/Build/Intermediates.noindex/Revolt.build/Debug-iphoneos/Revolt.build/Revolt.app.xcent -o /Users/harishvishwakarma/Library/Developer/Xcode/DerivedData/Revolt-dharrjsambcimaaziudpvzjdcigm/Build/Intermediates.noindex/Revolt.build/Debug-iphoneos/Revolt.build/Revolt.app.xcent.der --raw

SwiftDriverJobDiscovery normal arm64 Compiling Float.swift, From.swift, Int.swift, Lazy.swift, Literal.swift, Many.swift (in target 'Parsing' from project 'swift-parsing')

GenerateAssetSymbols /Users/harishvishwakarma/Handy/Archem/pepchat-ios/Revolt/Resources/Preview\ Content/Preview\ Assets.xcassets /Users/harishvishwakarma/Handy/Archem/pepchat-ios/Revolt/Resources/Assets.xcassets /Users/harishvishwakarma/Handy/Archem/pepchat-ios/Revolt/Resources/Assets\ 2.xcassets (in target 'Revolt' from project 'Revolt')
    cd /Users/harishvishwakarma/Handy/Archem/pepchat-ios
    /Applications/Xcode.app/Contents/Developer/usr/bin/actool /Users/harishvishwakarma/Handy/Archem/pepchat-ios/Revolt/Resources/Preview\ Content/Preview\ Assets.xcassets /Users/harishvishwakarma/Handy/Archem/pepchat-ios/Revolt/Resources/Assets.xcassets /Users/harishvishwakarma/Handy/Archem/pepchat-ios/Revolt/Resources/Assets\ 2.xcassets --compile /Users/harishvishwakarma/Library/Developer/Xcode/DerivedData/Revolt-dharrjsambcimaaziudpvzjdcigm/Build/Products/Debug-iphoneos/Revolt.app --output-format human-readable-text --notices --warnings --export-dependency-info /Users/harishvishwakarma/Library/Developer/Xcode/DerivedData/Revolt-dharrjsambcimaaziudpvzjdcigm/Build/Intermediates.noindex/Revolt.build/Debug-iphoneos/Revolt.build/assetcatalog_dependencies --output-partial-info-plist /Users/harishvishwakarma/Library/Developer/Xcode/DerivedData/Revolt-dharrjsambcimaaziudpvzjdcigm/Build/Intermediates.noindex/Revolt.build/Debug-iphoneos/Revolt.build/assetcatalog_generated_info.plist --app-icon default --include-all-app-icons --accent-color AccentColor --compress-pngs --enable-on-demand-resources NO --development-region en --target-device iphone --target-device ipad --minimum-deployment-target 18.0 --platform iphoneos --bundle-identifier chat.zeko.app --generate-swift-asset-symbols /Users/harishvishwakarma/Library/Developer/Xcode/DerivedData/Revolt-dharrjsambcimaaziudpvzjdcigm/Build/Intermediates.noindex/Revolt.build/Debug-iphoneos/Revolt.build/DerivedSources/GeneratedAssetSymbols.swift --generate-objc-asset-symbols /Users/harishvishwakarma/Library/Developer/Xcode/DerivedData/Revolt-dharrjsambcimaaziudpvzjdcigm/Build/Intermediates.noindex/Revolt.build/Debug-iphoneos/Revolt.build/DerivedSources/GeneratedAssetSymbols.h --generate-asset-symbol-index /Users/harishvishwakarma/Library/Developer/Xcode/DerivedData/Revolt-dharrjsambcimaaziudpvzjdcigm/Build/Intermediates.noindex/Revolt.build/Debug-iphoneos/Revolt.build/DerivedSources/GeneratedAssetSymbols-Index.plist
/* com.apple.actool.document.warnings */
/Users/harishvishwakarma/Handy/Archem/pepchat-ios/Revolt/Resources/Assets.xcassets:./AppIcons/default.appiconset/(null)[2d][Icon 1.png]: warning: The app icon set "default" has 3 unassigned children.
/Users/harishvishwakarma/Handy/Archem/pepchat-ios/Revolt/Resources/Assets.xcassets:./AppIcons/default.appiconset/[ios][universal][1024x1024][][][][][dark][][]: warning: The file "icon 1.png" for the image set "default" does not exist.
/Users/harishvishwakarma/Handy/Archem/pepchat-ios/Revolt/Resources/Assets.xcassets:./AppIcons/default.appiconset/[ios][universal][1024x1024][][][][][][][]: warning: The file "icon.png" for the image set "default" does not exist.
/Users/harishvishwakarma/Handy/Archem/pepchat-ios/Revolt/Resources/Assets.xcassets:./AppIcons/default.appiconset/[ios][universal][1024x1024][][][][][tinted][][]: warning: The file "icon 2.png" for the image set "default" does not exist.
/* com.apple.actool.compilation-results */
/Users/harishvishwakarma/Library/Developer/Xcode/DerivedData/Revolt-dharrjsambcimaaziudpvzjdcigm/Build/Intermediates.noindex/Revolt.build/Debug-iphoneos/Revolt.build/DerivedSources/GeneratedAssetSymbols-Index.plist
/Users/harishvishwakarma/Library/Developer/Xcode/DerivedData/Revolt-dharrjsambcimaaziudpvzjdcigm/Build/Intermediates.noindex/Revolt.build/Debug-iphoneos/Revolt.build/DerivedSources/GeneratedAssetSymbols.h
/Users/harishvishwakarma/Library/Developer/Xcode/DerivedData/Revolt-dharrjsambcimaaziudpvzjdcigm/Build/Intermediates.noindex/Revolt.build/Debug-iphoneos/Revolt.build/DerivedSources/GeneratedAssetSymbols.swift


MkDir /Users/harishvishwakarma/Library/Developer/Xcode/DerivedData/Revolt-dharrjsambcimaaziudpvzjdcigm/Build/Intermediates.noindex/Revolt.build/Debug-iphoneos/Revolt.build/assetcatalog_output/thinned (in target 'Revolt' from project 'Revolt')
    cd /Users/harishvishwakarma/Handy/Archem/pepchat-ios
    /bin/mkdir -p /Users/harishvishwakarma/Library/Developer/Xcode/DerivedData/Revolt-dharrjsambcimaaziudpvzjdcigm/Build/Intermediates.noindex/Revolt.build/Debug-iphoneos/Revolt.build/assetcatalog_output/thinned

MkDir /Users/harishvishwakarma/Library/Developer/Xcode/DerivedData/Revolt-dharrjsambcimaaziudpvzjdcigm/Build/Intermediates.noindex/Revolt.build/Debug-iphoneos/Revolt.build/assetcatalog_output/unthinned (in target 'Revolt' from project 'Revolt')
    cd /Users/harishvishwakarma/Handy/Archem/pepchat-ios
    /bin/mkdir -p /Users/harishvishwakarma/Library/Developer/Xcode/DerivedData/Revolt-dharrjsambcimaaziudpvzjdcigm/Build/Intermediates.noindex/Revolt.build/Debug-iphoneos/Revolt.build/assetcatalog_output/unthinned

CompileAssetCatalogVariant thinned /Users/harishvishwakarma/Library/Developer/Xcode/DerivedData/Revolt-dharrjsambcimaaziudpvzjdcigm/Build/Products/Debug-iphoneos/Revolt.app /Users/harishvishwakarma/Handy/Archem/pepchat-ios/Revolt/Resources/Preview\ Content/Preview\ Assets.xcassets /Users/harishvishwakarma/Handy/Archem/pepchat-ios/Revolt/Resources/Assets.xcassets /Users/harishvishwakarma/Handy/Archem/pepchat-ios/Revolt/Resources/Assets\ 2.xcassets (in target 'Revolt' from project 'Revolt')
    cd /Users/harishvishwakarma/Handy/Archem/pepchat-ios
    /Applications/Xcode.app/Contents/Developer/usr/bin/actool /Users/harishvishwakarma/Handy/Archem/pepchat-ios/Revolt/Resources/Preview\ Content/Preview\ Assets.xcassets /Users/harishvishwakarma/Handy/Archem/pepchat-ios/Revolt/Resources/Assets.xcassets /Users/harishvishwakarma/Handy/Archem/pepchat-ios/Revolt/Resources/Assets\ 2.xcassets --compile /Users/harishvishwakarma/Library/Developer/Xcode/DerivedData/Revolt-dharrjsambcimaaziudpvzjdcigm/Build/Intermediates.noindex/Revolt.build/Debug-iphoneos/Revolt.build/assetcatalog_output/thinned --output-format human-readable-text --notices --warnings --export-dependency-info /Users/harishvishwakarma/Library/Developer/Xcode/DerivedData/Revolt-dharrjsambcimaaziudpvzjdcigm/Build/Intermediates.noindex/Revolt.build/Debug-iphoneos/Revolt.build/assetcatalog_dependencies_thinned --output-partial-info-plist /Users/harishvishwakarma/Library/Developer/Xcode/DerivedData/Revolt-dharrjsambcimaaziudpvzjdcigm/Build/Intermediates.noindex/Revolt.build/Debug-iphoneos/Revolt.build/assetcatalog_generated_info.plist_thinned --app-icon default --include-all-app-icons --accent-color AccentColor --compress-pngs --enable-on-demand-resources NO --filter-for-thinning-device-configuration iPhone11,8 --filter-for-device-os-version 18.7.2 --development-region en --target-device iphone --target-device ipad --minimum-deployment-target 18.0 --platform iphoneos
2026-01-08 18:39:01.791 ibtoold[135:1140277] Launching AssetCatalogSimulatorAgent using native architecture.

SwiftDriverJobDiscovery normal arm64 Compiling FlatMap.swift, Parsers.swift, Stream.swift, ParsingError.swift, PrependableCollection.swift, PrintingError.swift (in target 'Parsing' from project 'swift-parsing')

SwiftDriver Revolt normal arm64 com.apple.xcode.tools.swift.compiler (in target 'Revolt' from project 'Revolt')
    cd /Users/harishvishwakarma/Handy/Archem/pepchat-ios
    builtin-SwiftDriver -- /Applications/Xcode.app/Contents/Developer/Toolchains/XcodeDefault.xctoolchain/usr/bin/swiftc -module-name Revolt -Onone -enforce-exclusivity\=checked @/Users/harishvishwakarma/Library/Developer/Xcode/DerivedData/Revolt-dharrjsambcimaaziudpvzjdcigm/Build/Intermediates.noindex/Revolt.build/Debug-iphoneos/Revolt.build/Objects-normal/arm64/Revolt.SwiftFileList -DDEBUG -Xcc -fmodule-map-file\=/Users/harishvishwakarma/Library/Developer/Xcode/DerivedData/Revolt-dharrjsambcimaaziudpvzjdcigm/Build/Intermediates.noindex/GeneratedModuleMaps-iphoneos/OggDecoder.modulemap -Xcc -fmodule-map-file\=/Users/harishvishwakarma/Library/Developer/Xcode/DerivedData/Revolt-dharrjsambcimaaziudpvzjdcigm/Build/Intermediates.noindex/GeneratedModuleMaps-iphoneos/libcmark.modulemap -enable-bare-slash-regex -enable-experimental-feature DebugDescriptionMacro -sdk /Applications/Xcode.app/Contents/Developer/Platforms/iPhoneOS.platform/Developer/SDKs/iPhoneOS18.5.sdk -target arm64-apple-ios18.0 -g -module-cache-path /Users/harishvishwakarma/Library/Developer/Xcode/DerivedData/ModuleCache.noindex -Xfrontend -serialize-debugging-options -enable-testing -index-store-path /Users/harishvishwakarma/Library/Developer/Xcode/DerivedData/Revolt-dharrjsambcimaaziudpvzjdcigm/Index.noindex/DataStore -swift-version 5 -I /Users/harishvishwakarma/Library/Developer/Xcode/DerivedData/Revolt-dharrjsambcimaaziudpvzjdcigm/Build/Products/Debug-iphoneos -F /Users/harishvishwakarma/Library/Developer/Xcode/DerivedData/Revolt-dharrjsambcimaaziudpvzjdcigm/Build/Products/Debug-iphoneos/PackageFrameworks -F /Users/harishvishwakarma/Library/Developer/Xcode/DerivedData/Revolt-dharrjsambcimaaziudpvzjdcigm/Build/Products/Debug-iphoneos/PackageFrameworks -F /Users/harishvishwakarma/Library/Developer/Xcode/DerivedData/Revolt-dharrjsambcimaaziudpvzjdcigm/Build/Products/Debug-iphoneos/PackageFrameworks -F /Users/harishvishwakarma/Library/Developer/Xcode/DerivedData/Revolt-dharrjsambcimaaziudpvzjdcigm/Build/Products/Debug-iphoneos/PackageFrameworks -F /Users/harishvishwakarma/Library/Developer/Xcode/DerivedData/Revolt-dharrjsambcimaaziudpvzjdcigm/Build/Products/Debug-iphoneos/PackageFrameworks -F /Users/harishvishwakarma/Library/Developer/Xcode/DerivedData/Revolt-dharrjsambcimaaziudpvzjdcigm/Build/Products/Debug-iphoneos/PackageFrameworks -F /Users/harishvishwakarma/Library/Developer/Xcode/DerivedData/Revolt-dharrjsambcimaaziudpvzjdcigm/Build/Products/Debug-iphoneos/PackageFrameworks -F /Users/harishvishwakarma/Library/Developer/Xcode/DerivedData/Revolt-dharrjsambcimaaziudpvzjdcigm/Build/Products/Debug-iphoneos/PackageFrameworks -F /Users/harishvishwakarma/Library/Developer/Xcode/DerivedData/Revolt-dharrjsambcimaaziudpvzjdcigm/Build/Products/Debug-iphoneos/PackageFrameworks -F /Users/harishvishwakarma/Library/Developer/Xcode/DerivedData/Revolt-dharrjsambcimaaziudpvzjdcigm/Build/Products/Debug-iphoneos/PackageFrameworks -F /Users/harishvishwakarma/Library/Developer/Xcode/DerivedData/Revolt-dharrjsambcimaaziudpvzjdcigm/Build/Products/Debug-iphoneos/PackageFrameworks -F /Users/harishvishwakarma/Library/Developer/Xcode/DerivedData/Revolt-dharrjsambcimaaziudpvzjdcigm/Build/Products/Debug-iphoneos/PackageFrameworks -F /Users/harishvishwakarma/Library/Developer/Xcode/DerivedData/Revolt-dharrjsambcimaaziudpvzjdcigm/Build/Products/Debug-iphoneos/PackageFrameworks -F /Users/harishvishwakarma/Library/Developer/Xcode/DerivedData/Revolt-dharrjsambcimaaziudpvzjdcigm/Build/Products/Debug-iphoneos/PackageFrameworks -F /Users/harishvishwakarma/Library/Developer/Xcode/DerivedData/Revolt-dharrjsambcimaaziudpvzjdcigm/Build/Products/Debug-iphoneos/PackageFrameworks -F /Users/harishvishwakarma/Library/Developer/Xcode/DerivedData/Revolt-dharrjsambcimaaziudpvzjdcigm/Build/Products/Debug-iphoneos/PackageFrameworks -F /Users/harishvishwakarma/Library/Developer/Xcode/DerivedData/Revolt-dharrjsambcimaaziudpvzjdcigm/Build/Products/Debug-iphoneos/PackageFrameworks -F /Users/harishvishwakarma/Library/Developer/Xcode/DerivedData/Revolt-dharrjsambcimaaziudpvzjdcigm/Build/Products/Debug-iphoneos/PackageFrameworks -F /Users/harishvishwakarma/Library/Developer/Xcode/DerivedData/Revolt-dharrjsambcimaaziudpvzjdcigm/Build/Products/Debug-iphoneos/PackageFrameworks -F /Users/harishvishwakarma/Library/Developer/Xcode/DerivedData/Revolt-dharrjsambcimaaziudpvzjdcigm/Build/Products/Debug-iphoneos/PackageFrameworks -F /Users/harishvishwakarma/Library/Developer/Xcode/DerivedData/Revolt-dharrjsambcimaaziudpvzjdcigm/Build/Products/Debug-iphoneos/PackageFrameworks -F /Users/harishvishwakarma/Library/Developer/Xcode/DerivedData/Revolt-dharrjsambcimaaziudpvzjdcigm/Build/Products/Debug-iphoneos/PackageFrameworks -F /Users/harishvishwakarma/Library/Developer/Xcode/DerivedData/Revolt-dharrjsambcimaaziudpvzjdcigm/Build/Products/Debug-iphoneos/PackageFrameworks -F /Users/harishvishwakarma/Library/Developer/Xcode/DerivedData/Revolt-dharrjsambcimaaziudpvzjdcigm/Build/Products/Debug-iphoneos/PackageFrameworks -F /Users/harishvishwakarma/Library/Developer/Xcode/DerivedData/Revolt-dharrjsambcimaaziudpvzjdcigm/Build/Products/Debug-iphoneos/PackageFrameworks -F /Users/harishvishwakarma/Library/Developer/Xcode/DerivedData/Revolt-dharrjsambcimaaziudpvzjdcigm/Build/Products/Debug-iphoneos/PackageFrameworks -F /Users/harishvishwakarma/Library/Developer/Xcode/DerivedData/Revolt-dharrjsambcimaaziudpvzjdcigm/Build/Products/Debug-iphoneos/PackageFrameworks -F /Users/harishvishwakarma/Library/Developer/Xcode/DerivedData/Revolt-dharrjsambcimaaziudpvzjdcigm/Build/Products/Debug-iphoneos/PackageFrameworks -F /Users/harishvishwakarma/Library/Developer/Xcode/DerivedData/Revolt-dharrjsambcimaaziudpvzjdcigm/Build/Products/Debug-iphoneos/PackageFrameworks -F /Users/harishvishwakarma/Library/Developer/Xcode/DerivedData/Revolt-dharrjsambcimaaziudpvzjdcigm/Build/Products/Debug-iphoneos/PackageFrameworks -F /Users/harishvishwakarma/Library/Developer/Xcode/DerivedData/Revolt-dharrjsambcimaaziudpvzjdcigm/Build/Products/Debug-iphoneos/PackageFrameworks -F /Users/harishvishwakarma/Library/Developer/Xcode/DerivedData/Revolt-dharrjsambcimaaziudpvzjdcigm/Build/Products/Debug-iphoneos/PackageFrameworks -F /Users/harishvishwakarma/Library/Developer/Xcode/DerivedData/Revolt-dharrjsambcimaaziudpvzjdcigm/Build/Products/Debug-iphoneos/PackageFrameworks -F /Users/harishvishwakarma/Library/Developer/Xcode/DerivedData/Revolt-dharrjsambcimaaziudpvzjdcigm/Build/Products/Debug-iphoneos/PackageFrameworks -F /Users/harishvishwakarma/Library/Developer/Xcode/DerivedData/Revolt-dharrjsambcimaaziudpvzjdcigm/Build/Products/Debug-iphoneos/PackageFrameworks -F /Users/harishvishwakarma/Library/Developer/Xcode/DerivedData/Revolt-dharrjsambcimaaziudpvzjdcigm/Build/Products/Debug-iphoneos/PackageFrameworks -F /Users/harishvishwakarma/Library/Developer/Xcode/DerivedData/Revolt-dharrjsambcimaaziudpvzjdcigm/Build/Products/Debug-iphoneos/PackageFrameworks -F /Users/harishvishwakarma/Library/Developer/Xcode/DerivedData/Revolt-dharrjsambcimaaziudpvzjdcigm/Build/Products/Debug-iphoneos/PackageFrameworks -F /Users/harishvishwakarma/Library/Developer/Xcode/DerivedData/Revolt-dharrjsambcimaaziudpvzjdcigm/Build/Products/Debug-iphoneos/PackageFrameworks -F /Users/harishvishwakarma/Library/Developer/Xcode/DerivedData/Revolt-dharrjsambcimaaziudpvzjdcigm/Build/Products/Debug-iphoneos/PackageFrameworks -F /Users/harishvishwakarma/Library/Developer/Xcode/DerivedData/Revolt-dharrjsambcimaaziudpvzjdcigm/Build/Products/Debug-iphoneos/PackageFrameworks -F /Users/harishvishwakarma/Library/Developer/Xcode/DerivedData/Revolt-dharrjsambcimaaziudpvzjdcigm/Build/Products/Debug-iphoneos/PackageFrameworks -F /Users/harishvishwakarma/Library/Developer/Xcode/DerivedData/Revolt-dharrjsambcimaaziudpvzjdcigm/Build/Products/Debug-iphoneos/PackageFrameworks -F /Users/harishvishwakarma/Library/Developer/Xcode/DerivedData/Revolt-dharrjsambcimaaziudpvzjdcigm/Build/Products/Debug-iphoneos/PackageFrameworks -F /Users/harishvishwakarma/Library/Developer/Xcode/DerivedData/Revolt-dharrjsambcimaaziudpvzjdcigm/Build/Products/Debug-iphoneos/PackageFrameworks -F /Users/harishvishwakarma/Library/Developer/Xcode/DerivedData/Revolt-dharrjsambcimaaziudpvzjdcigm/Build/Products/Debug-iphoneos/PackageFrameworks -F /Users/harishvishwakarma/Library/Developer/Xcode/DerivedData/Revolt-dharrjsambcimaaziudpvzjdcigm/Build/Products/Debug-iphoneos -Xfrontend -load-plugin-executable -Xfrontend /Users/harishvishwakarma/Library/Developer/Xcode/DerivedData/Revolt-dharrjsambcimaaziudpvzjdcigm/Build/Products/Debug/CasePathsMacros\#CasePathsMacros -Xfrontend -load-plugin-executable -Xfrontend /Users/harishvishwakarma/Library/Developer/Xcode/DerivedData/Revolt-dharrjsambcimaaziudpvzjdcigm/Build/Products/Debug/CodableWrapperMacros\#CodableWrapperMacros -emit-localized-strings -emit-localized-strings-path /Users/harishvishwakarma/Library/Developer/Xcode/DerivedData/Revolt-dharrjsambcimaaziudpvzjdcigm/Build/Intermediates.noindex/Revolt.build/Debug-iphoneos/Revolt.build/Objects-normal/arm64 -c -j12 -enable-batch-mode -incremental -Xcc -ivfsstatcache -Xcc /Users/harishvishwakarma/Library/Developer/Xcode/DerivedData/SDKStatCaches.noindex/iphoneos18.5-22F76-7fa4eea80a99bbfdc046826b63ec4baf.sdkstatcache -output-file-map /Users/harishvishwakarma/Library/Developer/Xcode/DerivedData/Revolt-dharrjsambcimaaziudpvzjdcigm/Build/Intermediates.noindex/Revolt.build/Debug-iphoneos/Revolt.build/Objects-normal/arm64/Revolt-OutputFileMap.json -use-frontend-parseable-output -save-temps -no-color-diagnostics -serialize-diagnostics -emit-dependencies -emit-module -emit-module-path /Users/harishvishwakarma/Library/Developer/Xcode/DerivedData/Revolt-dharrjsambcimaaziudpvzjdcigm/Build/Intermediates.noindex/Revolt.build/Debug-iphoneos/Revolt.build/Objects-normal/arm64/Revolt.swiftmodule -validate-clang-modules-once -clang-build-session-file /Users/harishvishwakarma/Library/Developer/Xcode/DerivedData/ModuleCache.noindex/Session.modulevalidation -Xcc -I/Users/harishvishwakarma/Library/Developer/Xcode/DerivedData/Revolt-dharrjsambcimaaziudpvzjdcigm/Build/Intermediates.noindex/Revolt.build/Debug-iphoneos/Revolt.build/swift-overrides.hmap -emit-const-values -Xfrontend -const-gather-protocols-file -Xfrontend /Users/harishvishwakarma/Library/Developer/Xcode/DerivedData/Revolt-dharrjsambcimaaziudpvzjdcigm/Build/Intermediates.noindex/Revolt.build/Debug-iphoneos/Revolt.build/Objects-normal/arm64/Revolt_const_extract_protocols.json -Xcc -iquote -Xcc /Users/harishvishwakarma/Library/Developer/Xcode/DerivedData/Revolt-dharrjsambcimaaziudpvzjdcigm/Build/Intermediates.noindex/Revolt.build/Debug-iphoneos/Revolt.build/Revolt-generated-files.hmap -Xcc -I/Users/harishvishwakarma/Library/Developer/Xcode/DerivedData/Revolt-dharrjsambcimaaziudpvzjdcigm/Build/Intermediates.noindex/Revolt.build/Debug-iphoneos/Revolt.build/Revolt-own-target-headers.hmap -Xcc -I/Users/harishvishwakarma/Library/Developer/Xcode/DerivedData/Revolt-dharrjsambcimaaziudpvzjdcigm/Build/Intermediates.noindex/Revolt.build/Debug-iphoneos/Revolt.build/Revolt-all-non-framework-target-headers.hmap -Xcc -ivfsoverlay -Xcc /Users/harishvishwakarma/Library/Developer/Xcode/DerivedData/Revolt-dharrjsambcimaaziudpvzjdcigm/Build/Intermediates.noindex/Revolt.build/Debug-iphoneos/Revolt-964562c4cdd9c16033e74e924d17ebc5-VFS-iphoneos/all-product-headers.yaml -Xcc -iquote -Xcc /Users/harishvishwakarma/Library/Developer/Xcode/DerivedData/Revolt-dharrjsambcimaaziudpvzjdcigm/Build/Intermediates.noindex/Revolt.build/Debug-iphoneos/Revolt.build/Revolt-project-headers.hmap -Xcc -I/Users/harishvishwakarma/Library/Developer/Xcode/DerivedData/Revolt-dharrjsambcimaaziudpvzjdcigm/SourcePackages/checkouts/OggDecoder/Sources/OggDecoderObjC/include -Xcc -I/Users/harishvishwakarma/Library/Developer/Xcode/DerivedData/Revolt-dharrjsambcimaaziudpvzjdcigm/SourcePackages/checkouts/Down/Sources/cmark -Xcc -I/Users/harishvishwakarma/Library/Developer/Xcode/DerivedData/Revolt-dharrjsambcimaaziudpvzjdcigm/Build/Products/Debug-iphoneos/include -Xcc -I/Users/harishvishwakarma/Library/Developer/Xcode/DerivedData/Revolt-dharrjsambcimaaziudpvzjdcigm/Build/Intermediates.noindex/Revolt.build/Debug-iphoneos/Revolt.build/DerivedSources-normal/arm64 -Xcc -I/Users/harishvishwakarma/Library/Developer/Xcode/DerivedData/Revolt-dharrjsambcimaaziudpvzjdcigm/Build/Intermediates.noindex/Revolt.build/Debug-iphoneos/Revolt.build/DerivedSources/arm64 -Xcc -I/Users/harishvishwakarma/Library/Developer/Xcode/DerivedData/Revolt-dharrjsambcimaaziudpvzjdcigm/Build/Intermediates.noindex/Revolt.build/Debug-iphoneos/Revolt.build/DerivedSources -Xcc -DDEBUG\=1 -emit-objc-header -emit-objc-header-path /Users/harishvishwakarma/Library/Developer/Xcode/DerivedData/Revolt-dharrjsambcimaaziudpvzjdcigm/Build/Intermediates.noindex/Revolt.build/Debug-iphoneos/Revolt.build/Objects-normal/arm64/Revolt-Swift.h -working-directory /Users/harishvishwakarma/Handy/Archem/pepchat-ios -experimental-emit-module-separately -disable-cmo

SwiftCompile normal arm64 Compiling\ HomeWelcome.swift,\ PlatformConfig.swift,\ IntroScreen.swift,\ PlatformConfigService.swift,\ BotSetting.swift,\ BotSettings.swift,\ PresenceSheet.swift,\ StatusSheet.swift,\ YouView.swift,\ MessageTableViewDataSource.swift,\ About.swift,\ AppearanceSettings.swift,\ DeveloperSettings.swift,\ RemoveFriendShipPopup.swift,\ BlockUserPopup.swift,\ RecoveryCodesView.swift,\ ExperimentsSettings.swift,\ LanguageSettings.swift,\ NSFWConfirmationSheet.swift,\ NotificationSettings.swift,\ ProfileSettings.swift,\ SessionsSettings.swift /Users/harishvishwakarma/Handy/Archem/pepchat-ios/Revolt/Pages/Home/HomeWelcome.swift /Users/harishvishwakarma/Handy/Archem/pepchat-ios/Revolt/Pages/Features/Intro/Models/PlatformConfig.swift /Users/harishvishwakarma/Handy/Archem/pepchat-ios/Revolt/Pages/Features/Intro/IntroScreen.swift /Users/harishvishwakarma/Handy/Archem/pepchat-ios/Revolt/Pages/Features/Intro/Services/PlatformConfigService.swift /Users/harishvishwakarma/Handy/Archem/pepchat-ios/Revolt/Pages/Settings/BotSettings/BotSetting.swift /Users/harishvishwakarma/Handy/Archem/pepchat-ios/Revolt/Pages/Settings/BotSettings/BotSettings.swift /Users/harishvishwakarma/Handy/Archem/pepchat-ios/Revolt/Pages/Settings/You/PresenceSheet.swift /Users/harishvishwakarma/Handy/Archem/pepchat-ios/Revolt/Pages/Settings/You/StatusSheet.swift /Users/harishvishwakarma/Handy/Archem/pepchat-ios/Revolt/Pages/Settings/You/YouView.swift /Users/harishvishwakarma/Handy/Archem/pepchat-ios/Revolt/Pages/Channel/Messagable/DataSources/MessageTableViewDataSource.swift /Users/harishvishwakarma/Handy/Archem/pepchat-ios/Revolt/Pages/Settings/About.swift /Users/harishvishwakarma/Handy/Archem/pepchat-ios/Revolt/Pages/Settings/AppearanceSettings.swift /Users/harishvishwakarma/Handy/Archem/pepchat-ios/Revolt/Pages/Settings/DeveloperSettings.swift /Users/harishvishwakarma/Handy/Archem/pepchat-ios/Revolt/Components/AccountManagement/RemoveFriendShipPopup.swift /Users/harishvishwakarma/Handy/Archem/pepchat-ios/Revolt/Components/AccountManagement/BlockUserPopup.swift /Users/harishvishwakarma/Handy/Archem/pepchat-ios/Revolt/Pages/Settings/RecoveryCodesView.swift /Users/harishvishwakarma/Handy/Archem/pepchat-ios/Revolt/Pages/Settings/ExperimentsSettings.swift /Users/harishvishwakarma/Handy/Archem/pepchat-ios/Revolt/Pages/Settings/LanguageSettings.swift /Users/harishvishwakarma/Handy/Archem/pepchat-ios/Revolt/Pages/Channel/Messagable/NSFWConfirmationSheet.swift /Users/harishvishwakarma/Handy/Archem/pepchat-ios/Revolt/Pages/Settings/NotificationSettings.swift /Users/harishvishwakarma/Handy/Archem/pepchat-ios/Revolt/Pages/Settings/ProfileSettings.swift /Users/harishvishwakarma/Handy/Archem/pepchat-ios/Revolt/Pages/Settings/SessionsSettings.swift (in target 'Revolt' from project 'Revolt')
SwiftCompile normal arm64 /Users/harishvishwakarma/Handy/Archem/pepchat-ios/Revolt/Pages/Home/HomeWelcome.swift (in target 'Revolt' from project 'Revolt')
    cd /Users/harishvishwakarma/Handy/Archem/pepchat-ios
    

SwiftCompile normal arm64 /Users/harishvishwakarma/Handy/Archem/pepchat-ios/Revolt/Pages/Features/Intro/Models/PlatformConfig.swift (in target 'Revolt' from project 'Revolt')
    cd /Users/harishvishwakarma/Handy/Archem/pepchat-ios
    

SwiftCompile normal arm64 /Users/harishvishwakarma/Handy/Archem/pepchat-ios/Revolt/Pages/Features/Intro/IntroScreen.swift (in target 'Revolt' from project 'Revolt')
    cd /Users/harishvishwakarma/Handy/Archem/pepchat-ios
    

SwiftCompile normal arm64 /Users/harishvishwakarma/Handy/Archem/pepchat-ios/Revolt/Pages/Features/Intro/Services/PlatformConfigService.swift (in target 'Revolt' from project 'Revolt')
    cd /Users/harishvishwakarma/Handy/Archem/pepchat-ios
    

SwiftCompile normal arm64 /Users/harishvishwakarma/Handy/Archem/pepchat-ios/Revolt/Pages/Settings/BotSettings/BotSetting.swift (in target 'Revolt' from project 'Revolt')
    cd /Users/harishvishwakarma/Handy/Archem/pepchat-ios
    

SwiftCompile normal arm64 /Users/harishvishwakarma/Handy/Archem/pepchat-ios/Revolt/Pages/Settings/BotSettings/BotSettings.swift (in target 'Revolt' from project 'Revolt')
    cd /Users/harishvishwakarma/Handy/Archem/pepchat-ios
    

SwiftCompile normal arm64 /Users/harishvishwakarma/Handy/Archem/pepchat-ios/Revolt/Pages/Settings/You/PresenceSheet.swift (in target 'Revolt' from project 'Revolt')
    cd /Users/harishvishwakarma/Handy/Archem/pepchat-ios
    

SwiftCompile normal arm64 /Users/harishvishwakarma/Handy/Archem/pepchat-ios/Revolt/Pages/Settings/You/StatusSheet.swift (in target 'Revolt' from project 'Revolt')
    cd /Users/harishvishwakarma/Handy/Archem/pepchat-ios
    

SwiftCompile normal arm64 /Users/harishvishwakarma/Handy/Archem/pepchat-ios/Revolt/Pages/Settings/You/YouView.swift (in target 'Revolt' from project 'Revolt')
    cd /Users/harishvishwakarma/Handy/Archem/pepchat-ios
    

SwiftCompile normal arm64 /Users/harishvishwakarma/Handy/Archem/pepchat-ios/Revolt/Pages/Channel/Messagable/DataSources/MessageTableViewDataSource.swift (in target 'Revolt' from project 'Revolt')
    cd /Users/harishvishwakarma/Handy/Archem/pepchat-ios
    

SwiftCompile normal arm64 /Users/harishvishwakarma/Handy/Archem/pepchat-ios/Revolt/Pages/Settings/About.swift (in target 'Revolt' from project 'Revolt')
    cd /Users/harishvishwakarma/Handy/Archem/pepchat-ios
    

SwiftCompile normal arm64 /Users/harishvishwakarma/Handy/Archem/pepchat-ios/Revolt/Pages/Settings/AppearanceSettings.swift (in target 'Revolt' from project 'Revolt')
    cd /Users/harishvishwakarma/Handy/Archem/pepchat-ios
    

SwiftCompile normal arm64 /Users/harishvishwakarma/Handy/Archem/pepchat-ios/Revolt/Pages/Settings/DeveloperSettings.swift (in target 'Revolt' from project 'Revolt')
    cd /Users/harishvishwakarma/Handy/Archem/pepchat-ios
    

SwiftCompile normal arm64 /Users/harishvishwakarma/Handy/Archem/pepchat-ios/Revolt/Components/AccountManagement/RemoveFriendShipPopup.swift (in target 'Revolt' from project 'Revolt')
    cd /Users/harishvishwakarma/Handy/Archem/pepchat-ios
    

SwiftCompile normal arm64 /Users/harishvishwakarma/Handy/Archem/pepchat-ios/Revolt/Components/AccountManagement/BlockUserPopup.swift (in target 'Revolt' from project 'Revolt')
    cd /Users/harishvishwakarma/Handy/Archem/pepchat-ios
    

SwiftCompile normal arm64 /Users/harishvishwakarma/Handy/Archem/pepchat-ios/Revolt/Pages/Settings/RecoveryCodesView.swift (in target 'Revolt' from project 'Revolt')
    cd /Users/harishvishwakarma/Handy/Archem/pepchat-ios
    

SwiftCompile normal arm64 /Users/harishvishwakarma/Handy/Archem/pepchat-ios/Revolt/Pages/Settings/ExperimentsSettings.swift (in target 'Revolt' from project 'Revolt')
    cd /Users/harishvishwakarma/Handy/Archem/pepchat-ios
    

SwiftCompile normal arm64 /Users/harishvishwakarma/Handy/Archem/pepchat-ios/Revolt/Pages/Settings/LanguageSettings.swift (in target 'Revolt' from project 'Revolt')
    cd /Users/harishvishwakarma/Handy/Archem/pepchat-ios
    

SwiftCompile normal arm64 /Users/harishvishwakarma/Handy/Archem/pepchat-ios/Revolt/Pages/Channel/Messagable/NSFWConfirmationSheet.swift (in target 'Revolt' from project 'Revolt')
    cd /Users/harishvishwakarma/Handy/Archem/pepchat-ios
    

SwiftCompile normal arm64 /Users/harishvishwakarma/Handy/Archem/pepchat-ios/Revolt/Pages/Settings/NotificationSettings.swift (in target 'Revolt' from project 'Revolt')
    cd /Users/harishvishwakarma/Handy/Archem/pepchat-ios
    

SwiftCompile normal arm64 /Users/harishvishwakarma/Handy/Archem/pepchat-ios/Revolt/Pages/Settings/ProfileSettings.swift (in target 'Revolt' from project 'Revolt')
    cd /Users/harishvishwakarma/Handy/Archem/pepchat-ios
    

SwiftCompile normal arm64 /Users/harishvishwakarma/Handy/Archem/pepchat-ios/Revolt/Pages/Settings/SessionsSettings.swift (in target 'Revolt' from project 'Revolt')
    cd /Users/harishvishwakarma/Handy/Archem/pepchat-ios
    

SwiftCompile normal arm64 Compiling\ SettingAttentionView.swift,\ Settings.swift,\ LogoutSessionSheet.swift,\ SettingsCommon.swift,\ ServerMembersView.swift,\ UserNameView.swift,\ UserSettings.swift,\ AllPermissionsSettings.swift,\ UIImage.swift,\ AddFriend.swift,\ Welcome.swift,\ PermissionsManager.swift,\ DiscoverItemView.swift,\ ChannelCategoryCreateView.swift,\ ComponentState.swift,\ Image.swift,\ Int.swift,\ IntroHeader.swift,\ PeptideTabItem.swift,\ ChannelLoadingView.swift,\ DefaultRoleSettings.swift /Users/harishvishwakarma/Handy/Archem/pepchat-ios/Revolt/Pages/Settings/SettingAttentionView.swift /Users/harishvishwakarma/Handy/Archem/pepchat-ios/Revolt/Pages/Settings/Settings.swift /Users/harishvishwakarma/Handy/Archem/pepchat-ios/Revolt/Pages/Settings/LogoutSessionSheet.swift /Users/harishvishwakarma/Handy/Archem/pepchat-ios/Revolt/Pages/Settings/SettingsCommon.swift /Users/harishvishwakarma/Handy/Archem/pepchat-ios/Revolt/Pages/Channel/Settings/Server/ServerMembersView.swift /Users/harishvishwakarma/Handy/Archem/pepchat-ios/Revolt/Pages/Settings/UserNameView.swift /Users/harishvishwakarma/Handy/Archem/pepchat-ios/Revolt/Pages/Settings/UserSettings.swift /Users/harishvishwakarma/Handy/Archem/pepchat-ios/Revolt/Components/Settings/AllPermissionsSettings.swift /Users/harishvishwakarma/Handy/Archem/pepchat-ios/Revolt/Extensions/UIImage.swift /Users/harishvishwakarma/Handy/Archem/pepchat-ios/Revolt/Pages/Home/AddFriend.swift /Users/harishvishwakarma/Handy/Archem/pepchat-ios/Revolt/Pages/Login/Welcome.swift /Users/harishvishwakarma/Handy/Archem/pepchat-ios/Revolt/Pages/Channel/Messagable/Managers/PermissionsManager.swift /Users/harishvishwakarma/Handy/Archem/pepchat-ios/Revolt/Components/Home/Discover/DiscoverItemView.swift /Users/harishvishwakarma/Handy/Archem/pepchat-ios/Revolt/Pages/Channel/Settings/Server/Categories/ChannelCategoryCreateView.swift /Users/harishvishwakarma/Handy/Archem/pepchat-ios/Revolt/Pages/Components/ComponentState.swift /Users/harishvishwakarma/Handy/Archem/pepchat-ios/Revolt/Extensions/Image.swift /Users/harishvishwakarma/Handy/Archem/pepchat-ios/Revolt/Extensions/Int.swift /Users/harishvishwakarma/Handy/Archem/pepchat-ios/Revolt/Pages/Features/Intro/Components/IntroHeader.swift /Users/harishvishwakarma/Handy/Archem/pepchat-ios/Revolt/Pages/Components/PeptideTabItem.swift /Users/harishvishwakarma/Handy/Archem/pepchat-ios/Revolt/Components/Loading/ChannelLoadingView.swift /Users/harishvishwakarma/Handy/Archem/pepchat-ios/Revolt/Pages/Channel/Settings/Server/ServerRoles/DefaultRoleSettings.swift (in target 'Revolt' from project 'Revolt')

SwiftCompile normal arm64 /Users/harishvishwakarma/Handy/Archem/pepchat-ios/Revolt/Pages/Settings/SettingAttentionView.swift (in target 'Revolt' from project 'Revolt')
    cd /Users/harishvishwakarma/Handy/Archem/pepchat-ios
    

SwiftCompile normal arm64 /Users/harishvishwakarma/Handy/Archem/pepchat-ios/Revolt/Pages/Settings/Settings.swift (in target 'Revolt' from project 'Revolt')
    cd /Users/harishvishwakarma/Handy/Archem/pepchat-ios
    

SwiftCompile normal arm64 /Users/harishvishwakarma/Handy/Archem/pepchat-ios/Revolt/Pages/Settings/LogoutSessionSheet.swift (in target 'Revolt' from project 'Revolt')
    cd /Users/harishvishwakarma/Handy/Archem/pepchat-ios
    

SwiftCompile normal arm64 /Users/harishvishwakarma/Handy/Archem/pepchat-ios/Revolt/Pages/Settings/SettingsCommon.swift (in target 'Revolt' from project 'Revolt')
    cd /Users/harishvishwakarma/Handy/Archem/pepchat-ios
    

SwiftCompile normal arm64 /Users/harishvishwakarma/Handy/Archem/pepchat-ios/Revolt/Pages/Channel/Settings/Server/ServerMembersView.swift (in target 'Revolt' from project 'Revolt')
    cd /Users/harishvishwakarma/Handy/Archem/pepchat-ios
    

SwiftCompile normal arm64 /Users/harishvishwakarma/Handy/Archem/pepchat-ios/Revolt/Pages/Settings/UserNameView.swift (in target 'Revolt' from project 'Revolt')
    cd /Users/harishvishwakarma/Handy/Archem/pepchat-ios
    

SwiftCompile normal arm64 /Users/harishvishwakarma/Handy/Archem/pepchat-ios/Revolt/Pages/Settings/UserSettings.swift (in target 'Revolt' from project 'Revolt')
    cd /Users/harishvishwakarma/Handy/Archem/pepchat-ios
    

SwiftCompile normal arm64 /Users/harishvishwakarma/Handy/Archem/pepchat-ios/Revolt/Components/Settings/AllPermissionsSettings.swift (in target 'Revolt' from project 'Revolt')
    cd /Users/harishvishwakarma/Handy/Archem/pepchat-ios
    

SwiftCompile normal arm64 /Users/harishvishwakarma/Handy/Archem/pepchat-ios/Revolt/Extensions/UIImage.swift (in target 'Revolt' from project 'Revolt')
    cd /Users/harishvishwakarma/Handy/Archem/pepchat-ios
    

SwiftCompile normal arm64 /Users/harishvishwakarma/Handy/Archem/pepchat-ios/Revolt/Pages/Home/AddFriend.swift (in target 'Revolt' from project 'Revolt')
    cd /Users/harishvishwakarma/Handy/Archem/pepchat-ios
    

SwiftCompile normal arm64 /Users/harishvishwakarma/Handy/Archem/pepchat-ios/Revolt/Pages/Login/Welcome.swift (in target 'Revolt' from project 'Revolt')
    cd /Users/harishvishwakarma/Handy/Archem/pepchat-ios
    

SwiftCompile normal arm64 /Users/harishvishwakarma/Handy/Archem/pepchat-ios/Revolt/Pages/Channel/Messagable/Managers/PermissionsManager.swift (in target 'Revolt' from project 'Revolt')
    cd /Users/harishvishwakarma/Handy/Archem/pepchat-ios
    

SwiftCompile normal arm64 /Users/harishvishwakarma/Handy/Archem/pepchat-ios/Revolt/Components/Home/Discover/DiscoverItemView.swift (in target 'Revolt' from project 'Revolt')
    cd /Users/harishvishwakarma/Handy/Archem/pepchat-ios
    

SwiftCompile normal arm64 /Users/harishvishwakarma/Handy/Archem/pepchat-ios/Revolt/Pages/Channel/Settings/Server/Categories/ChannelCategoryCreateView.swift (in target 'Revolt' from project 'Revolt')
    cd /Users/harishvishwakarma/Handy/Archem/pepchat-ios
    

SwiftCompile normal arm64 /Users/harishvishwakarma/Handy/Archem/pepchat-ios/Revolt/Pages/Components/ComponentState.swift (in target 'Revolt' from project 'Revolt')
    cd /Users/harishvishwakarma/Handy/Archem/pepchat-ios
    

SwiftCompile normal arm64 /Users/harishvishwakarma/Handy/Archem/pepchat-ios/Revolt/Extensions/Image.swift (in target 'Revolt' from project 'Revolt')
    cd /Users/harishvishwakarma/Handy/Archem/pepchat-ios
    

SwiftCompile normal arm64 /Users/harishvishwakarma/Handy/Archem/pepchat-ios/Revolt/Extensions/Int.swift (in target 'Revolt' from project 'Revolt')
    cd /Users/harishvishwakarma/Handy/Archem/pepchat-ios
    

SwiftCompile normal arm64 /Users/harishvishwakarma/Handy/Archem/pepchat-ios/Revolt/Pages/Features/Intro/Components/IntroHeader.swift (in target 'Revolt' from project 'Revolt')
    cd /Users/harishvishwakarma/Handy/Archem/pepchat-ios
    

SwiftCompile normal arm64 /Users/harishvishwakarma/Handy/Archem/pepchat-ios/Revolt/Pages/Components/PeptideTabItem.swift (in target 'Revolt' from project 'Revolt')
    cd /Users/harishvishwakarma/Handy/Archem/pepchat-ios
    

SwiftCompile normal arm64 /Users/harishvishwakarma/Handy/Archem/pepchat-ios/Revolt/Components/Loading/ChannelLoadingView.swift (in target 'Revolt' from project 'Revolt')
    cd /Users/harishvishwakarma/Handy/Archem/pepchat-ios
    

SwiftCompile normal arm64 /Users/harishvishwakarma/Handy/Archem/pepchat-ios/Revolt/Pages/Channel/Settings/Server/ServerRoles/DefaultRoleSettings.swift (in target 'Revolt' from project 'Revolt')
    cd /Users/harishvishwakarma/Handy/Archem/pepchat-ios
    

SwiftCompile normal arm64 Compiling\ AudioSessionManager.swift,\ MfaSheet.swift,\ CGFloat.swift,\ AddMembersToChannelView.swift,\ EnableAuthenticatorAppView.swift,\ NewMessageFriendsList.swift,\ IncomingFriendRequestsSheet.swift,\ Responses.swift,\ PeptideAuthHeaderView.swift,\ MessageableChannelViewController+TableView.swift,\ LinkPreviewView.swift,\ DeleteServerSheet.swift,\ OnboardingStage.swift,\ ViewInvite.swift,\ MessageableChannelViewControllerRepresentable.swift,\ PeptideActionButton.swift,\ MfaItem.swift,\ ValidatePasswordView.swift,\ ChannelSearch.swift,\ AnyTransition.swift,\ DeleteChannelSheet.swift,\ DownloadProgressView.swift /Users/harishvishwakarma/Handy/Archem/pepchat-ios/Revolt/Components/AudioPlayer/AudioSessionManager.swift /Users/harishvishwakarma/Handy/Archem/pepchat-ios/Revolt/Pages/Login/Mfa/Sheets/MfaSheet.swift /Users/harishvishwakarma/Handy/Archem/pepchat-ios/Revolt/Extensions/CGFloat.swift /Users/harishvishwakarma/Handy/Archem/pepchat-ios/Revolt/Pages/Channel/Messagable/ChannelInfo/AddMembersToChannelView.swift /Users/harishvishwakarma/Handy/Archem/pepchat-ios/Revolt/Pages/Settings/EnableAuthenticatorAppView.swift /Users/harishvishwakarma/Handy/Archem/pepchat-ios/Revolt/Pages/Home/NewMessageFriendsList.swift /Users/harishvishwakarma/Handy/Archem/pepchat-ios/Revolt/Pages/Home/IncomingFriendRequestsSheet.swift /Users/harishvishwakarma/Handy/Archem/pepchat-ios/Revolt/Api/Responses.swift /Users/harishvishwakarma/Handy/Archem/pepchat-ios/Revolt/Pages/Features/Core/Components/PeptideAuthHeaderView.swift /Users/harishvishwakarma/Handy/Archem/pepchat-ios/Revolt/Pages/Channel/Messagable/Extensions/MessageableChannelViewController+TableView.swift /Users/harishvishwakarma/Handy/Archem/pepchat-ios/Revolt/Pages/Channel/Messagable/Views/LinkPreviewView.swift /Users/harishvishwakarma/Handy/Archem/pepchat-ios/Revolt/Components/Sheets/DeleteServerSheet.swift /Users/harishvishwakarma/Handy/Archem/pepchat-ios/Revolt/Pages/Login/CreateAccount/OnboardingStage.swift /Users/harishvishwakarma/Handy/Archem/pepchat-ios/Revolt/Pages/Home/ViewInvite.swift /Users/harishvishwakarma/Handy/Archem/pepchat-ios/Revolt/Pages/Channel/Messagable/MessageableChannelViewControllerRepresentable.swift /Users/harishvishwakarma/Handy/Archem/pepchat-ios/Revolt/Pages/Components/PeptideActionButton.swift /Users/harishvishwakarma/Handy/Archem/pepchat-ios/Revolt/Pages/Login/Mfa/Sheets/MfaItem.swift /Users/harishvishwakarma/Handy/Archem/pepchat-ios/Revolt/Pages/Settings/ValidatePasswordView.swift /Users/harishvishwakarma/Handy/Archem/pepchat-ios/Revolt/Pages/Channel/Messagable/ChannelInfo/ChannelSearch.swift /Users/harishvishwakarma/Handy/Archem/pepchat-ios/Revolt/Extensions/AnyTransition.swift /Users/harishvishwakarma/Handy/Archem/pepchat-ios/Revolt/Components/Sheets/DeleteChannelSheet.swift /Users/harishvishwakarma/Handy/Archem/pepchat-ios/Revolt/Components/AudioPlayer/DownloadProgressView.swift (in target 'Revolt' from project 'Revolt')

SwiftCompile normal arm64 /Users/harishvishwakarma/Handy/Archem/pepchat-ios/Revolt/Components/AudioPlayer/AudioSessionManager.swift (in target 'Revolt' from project 'Revolt')
    cd /Users/harishvishwakarma/Handy/Archem/pepchat-ios
    

SwiftCompile normal arm64 /Users/harishvishwakarma/Handy/Archem/pepchat-ios/Revolt/Pages/Login/Mfa/Sheets/MfaSheet.swift (in target 'Revolt' from project 'Revolt')
    cd /Users/harishvishwakarma/Handy/Archem/pepchat-ios
    

SwiftCompile normal arm64 /Users/harishvishwakarma/Handy/Archem/pepchat-ios/Revolt/Extensions/CGFloat.swift (in target 'Revolt' from project 'Revolt')
    cd /Users/harishvishwakarma/Handy/Archem/pepchat-ios
    

SwiftCompile normal arm64 /Users/harishvishwakarma/Handy/Archem/pepchat-ios/Revolt/Pages/Channel/Messagable/ChannelInfo/AddMembersToChannelView.swift (in target 'Revolt' from project 'Revolt')
    cd /Users/harishvishwakarma/Handy/Archem/pepchat-ios
    

SwiftCompile normal arm64 /Users/harishvishwakarma/Handy/Archem/pepchat-ios/Revolt/Pages/Settings/EnableAuthenticatorAppView.swift (in target 'Revolt' from project 'Revolt')
    cd /Users/harishvishwakarma/Handy/Archem/pepchat-ios
    

SwiftCompile normal arm64 /Users/harishvishwakarma/Handy/Archem/pepchat-ios/Revolt/Pages/Home/NewMessageFriendsList.swift (in target 'Revolt' from project 'Revolt')
    cd /Users/harishvishwakarma/Handy/Archem/pepchat-ios
    

SwiftCompile normal arm64 /Users/harishvishwakarma/Handy/Archem/pepchat-ios/Revolt/Pages/Home/IncomingFriendRequestsSheet.swift (in target 'Revolt' from project 'Revolt')
    cd /Users/harishvishwakarma/Handy/Archem/pepchat-ios
    

SwiftCompile normal arm64 /Users/harishvishwakarma/Handy/Archem/pepchat-ios/Revolt/Api/Responses.swift (in target 'Revolt' from project 'Revolt')
    cd /Users/harishvishwakarma/Handy/Archem/pepchat-ios
    

SwiftCompile normal arm64 /Users/harishvishwakarma/Handy/Archem/pepchat-ios/Revolt/Pages/Features/Core/Components/PeptideAuthHeaderView.swift (in target 'Revolt' from project 'Revolt')
    cd /Users/harishvishwakarma/Handy/Archem/pepchat-ios
    

SwiftCompile normal arm64 /Users/harishvishwakarma/Handy/Archem/pepchat-ios/Revolt/Pages/Channel/Messagable/Extensions/MessageableChannelViewController+TableView.swift (in target 'Revolt' from project 'Revolt')
    cd /Users/harishvishwakarma/Handy/Archem/pepchat-ios
    

SwiftCompile normal arm64 /Users/harishvishwakarma/Handy/Archem/pepchat-ios/Revolt/Pages/Channel/Messagable/Views/LinkPreviewView.swift (in target 'Revolt' from project 'Revolt')
    cd /Users/harishvishwakarma/Handy/Archem/pepchat-ios
    

SwiftCompile normal arm64 /Users/harishvishwakarma/Handy/Archem/pepchat-ios/Revolt/Components/Sheets/DeleteServerSheet.swift (in target 'Revolt' from project 'Revolt')
    cd /Users/harishvishwakarma/Handy/Archem/pepchat-ios
    

SwiftCompile normal arm64 /Users/harishvishwakarma/Handy/Archem/pepchat-ios/Revolt/Pages/Login/CreateAccount/OnboardingStage.swift (in target 'Revolt' from project 'Revolt')
    cd /Users/harishvishwakarma/Handy/Archem/pepchat-ios
    

SwiftCompile normal arm64 /Users/harishvishwakarma/Handy/Archem/pepchat-ios/Revolt/Pages/Home/ViewInvite.swift (in target 'Revolt' from project 'Revolt')
    cd /Users/harishvishwakarma/Handy/Archem/pepchat-ios
    

SwiftCompile normal arm64 /Users/harishvishwakarma/Handy/Archem/pepchat-ios/Revolt/Pages/Channel/Messagable/MessageableChannelViewControllerRepresentable.swift (in target 'Revolt' from project 'Revolt')
    cd /Users/harishvishwakarma/Handy/Archem/pepchat-ios
    

SwiftCompile normal arm64 /Users/harishvishwakarma/Handy/Archem/pepchat-ios/Revolt/Pages/Components/PeptideActionButton.swift (in target 'Revolt' from project 'Revolt')
    cd /Users/harishvishwakarma/Handy/Archem/pepchat-ios
    

SwiftCompile normal arm64 /Users/harishvishwakarma/Handy/Archem/pepchat-ios/Revolt/Pages/Login/Mfa/Sheets/MfaItem.swift (in target 'Revolt' from project 'Revolt')
    cd /Users/harishvishwakarma/Handy/Archem/pepchat-ios
    

SwiftCompile normal arm64 /Users/harishvishwakarma/Handy/Archem/pepchat-ios/Revolt/Pages/Settings/ValidatePasswordView.swift (in target 'Revolt' from project 'Revolt')
    cd /Users/harishvishwakarma/Handy/Archem/pepchat-ios
    

SwiftCompile normal arm64 /Users/harishvishwakarma/Handy/Archem/pepchat-ios/Revolt/Pages/Channel/Messagable/ChannelInfo/ChannelSearch.swift (in target 'Revolt' from project 'Revolt')
    cd /Users/harishvishwakarma/Handy/Archem/pepchat-ios
    

SwiftCompile normal arm64 /Users/harishvishwakarma/Handy/Archem/pepchat-ios/Revolt/Extensions/AnyTransition.swift (in target 'Revolt' from project 'Revolt')
    cd /Users/harishvishwakarma/Handy/Archem/pepchat-ios
    

SwiftCompile normal arm64 /Users/harishvishwakarma/Handy/Archem/pepchat-ios/Revolt/Components/Sheets/DeleteChannelSheet.swift (in target 'Revolt' from project 'Revolt')
    cd /Users/harishvishwakarma/Handy/Archem/pepchat-ios
    

SwiftCompile normal arm64 /Users/harishvishwakarma/Handy/Archem/pepchat-ios/Revolt/Components/AudioPlayer/DownloadProgressView.swift (in target 'Revolt' from project 'Revolt')
    cd /Users/harishvishwakarma/Handy/Archem/pepchat-ios
    

SwiftCompile normal arm64 Compiling\ PeptidePagination.swift,\ ServerInvitesView.swift,\ ServerBannedUsersView.swift,\ ChannelCategoryCreateSheet.swift,\ ServerEmojiSettings.swift,\ MessageableChannel.swift,\ PeptideUserAvatar.swift,\ MessageableChannelErrors.swift,\ Websocket.swift,\ ChangeEmailView.swift,\ SwipeToReplyView.swift,\ MessageBox.swift,\ Home.swift,\ MessageCell.swift,\ String.swift,\ URLDetector.swift,\ MessageReactions.swift,\ EnvironmentValues.swift,\ MessageGroupingManager.swift,\ AddServerSheet.swift,\ VideoPlayerView.swift /Users/harishvishwakarma/Handy/Archem/pepchat-ios/Revolt/Components/PeptidePagination.swift /Users/harishvishwakarma/Handy/Archem/pepchat-ios/Revolt/Pages/Channel/Settings/Server/ServerInvitesView.swift /Users/harishvishwakarma/Handy/Archem/pepchat-ios/Revolt/Pages/Channel/Settings/Server/ServerBannedUsersView.swift /Users/harishvishwakarma/Handy/Archem/pepchat-ios/Revolt/Pages/Channel/Settings/Server/Categories/ChannelCategoryCreateSheet.swift /Users/harishvishwakarma/Handy/Archem/pepchat-ios/Revolt/Pages/Channel/Settings/Server/ServerEmoji/ServerEmojiSettings.swift /Users/harishvishwakarma/Handy/Archem/pepchat-ios/Revolt/Pages/Channel/Messagable/MessageableChannel.swift /Users/harishvishwakarma/Handy/Archem/pepchat-ios/Revolt/Components/User/PeptideUserAvatar.swift /Users/harishvishwakarma/Handy/Archem/pepchat-ios/Revolt/Pages/Channel/Messagable/Models/MessageableChannelErrors.swift /Users/harishvishwakarma/Handy/Archem/pepchat-ios/Revolt/Api/Websocket.swift /Users/harishvishwakarma/Handy/Archem/pepchat-ios/Revolt/Pages/Settings/ChangeEmailView.swift /Users/harishvishwakarma/Handy/Archem/pepchat-ios/Revolt/Components/MessageRenderer/SwipeToReplyView.swift /Users/harishvishwakarma/Handy/Archem/pepchat-ios/Revolt/Components/MessageBox.swift /Users/harishvishwakarma/Handy/Archem/pepchat-ios/Revolt/Pages/Home/Home.swift /Users/harishvishwakarma/Handy/Archem/pepchat-ios/Revolt/Pages/Channel/Messagable/Views/MessageCell.swift /Users/harishvishwakarma/Handy/Archem/pepchat-ios/Revolt/Extensions/String.swift /Users/harishvishwakarma/Handy/Archem/pepchat-ios/Revolt/Pages/Channel/Messagable/Utils/URLDetector.swift /Users/harishvishwakarma/Handy/Archem/pepchat-ios/Revolt/Components/MessageRenderer/MessageReactions.swift /Users/harishvishwakarma/Handy/Archem/pepchat-ios/Revolt/Extensions/EnvironmentValues.swift /Users/harishvishwakarma/Handy/Archem/pepchat-ios/Revolt/Pages/Channel/Messagable/Managers/MessageGroupingManager.swift /Users/harishvishwakarma/Handy/Archem/pepchat-ios/Revolt/Components/Sheets/AddServerSheet.swift /Users/harishvishwakarma/Handy/Archem/pepchat-ios/Revolt/Components/AudioPlayer/VideoPlayerView.swift (in target 'Revolt' from project 'Revolt')

SwiftCompile normal arm64 /Users/harishvishwakarma/Handy/Archem/pepchat-ios/Revolt/Components/PeptidePagination.swift (in target 'Revolt' from project 'Revolt')
    cd /Users/harishvishwakarma/Handy/Archem/pepchat-ios
    

SwiftCompile normal arm64 /Users/harishvishwakarma/Handy/Archem/pepchat-ios/Revolt/Pages/Channel/Settings/Server/ServerInvitesView.swift (in target 'Revolt' from project 'Revolt')
    cd /Users/harishvishwakarma/Handy/Archem/pepchat-ios
    

SwiftCompile normal arm64 /Users/harishvishwakarma/Handy/Archem/pepchat-ios/Revolt/Pages/Channel/Settings/Server/ServerBannedUsersView.swift (in target 'Revolt' from project 'Revolt')
    cd /Users/harishvishwakarma/Handy/Archem/pepchat-ios
    

SwiftCompile normal arm64 /Users/harishvishwakarma/Handy/Archem/pepchat-ios/Revolt/Pages/Channel/Settings/Server/Categories/ChannelCategoryCreateSheet.swift (in target 'Revolt' from project 'Revolt')
    cd /Users/harishvishwakarma/Handy/Archem/pepchat-ios
    

SwiftCompile normal arm64 /Users/harishvishwakarma/Handy/Archem/pepchat-ios/Revolt/Pages/Channel/Settings/Server/ServerEmoji/ServerEmojiSettings.swift (in target 'Revolt' from project 'Revolt')
    cd /Users/harishvishwakarma/Handy/Archem/pepchat-ios
    

SwiftCompile normal arm64 /Users/harishvishwakarma/Handy/Archem/pepchat-ios/Revolt/Pages/Channel/Messagable/MessageableChannel.swift (in target 'Revolt' from project 'Revolt')
    cd /Users/harishvishwakarma/Handy/Archem/pepchat-ios
    

SwiftCompile normal arm64 /Users/harishvishwakarma/Handy/Archem/pepchat-ios/Revolt/Components/User/PeptideUserAvatar.swift (in target 'Revolt' from project 'Revolt')
    cd /Users/harishvishwakarma/Handy/Archem/pepchat-ios
    

SwiftCompile normal arm64 /Users/harishvishwakarma/Handy/Archem/pepchat-ios/Revolt/Pages/Channel/Messagable/Models/MessageableChannelErrors.swift (in target 'Revolt' from project 'Revolt')
    cd /Users/harishvishwakarma/Handy/Archem/pepchat-ios
    

SwiftCompile normal arm64 /Users/harishvishwakarma/Handy/Archem/pepchat-ios/Revolt/Api/Websocket.swift (in target 'Revolt' from project 'Revolt')
    cd /Users/harishvishwakarma/Handy/Archem/pepchat-ios
    

SwiftCompile normal arm64 /Users/harishvishwakarma/Handy/Archem/pepchat-ios/Revolt/Pages/Settings/ChangeEmailView.swift (in target 'Revolt' from project 'Revolt')
    cd /Users/harishvishwakarma/Handy/Archem/pepchat-ios
    

SwiftCompile normal arm64 /Users/harishvishwakarma/Handy/Archem/pepchat-ios/Revolt/Components/MessageRenderer/SwipeToReplyView.swift (in target 'Revolt' from project 'Revolt')
    cd /Users/harishvishwakarma/Handy/Archem/pepchat-ios
    

SwiftCompile normal arm64 /Users/harishvishwakarma/Handy/Archem/pepchat-ios/Revolt/Components/MessageBox.swift (in target 'Revolt' from project 'Revolt')
    cd /Users/harishvishwakarma/Handy/Archem/pepchat-ios
    

SwiftCompile normal arm64 /Users/harishvishwakarma/Handy/Archem/pepchat-ios/Revolt/Pages/Home/Home.swift (in target 'Revolt' from project 'Revolt')
    cd /Users/harishvishwakarma/Handy/Archem/pepchat-ios
    

SwiftCompile normal arm64 /Users/harishvishwakarma/Handy/Archem/pepchat-ios/Revolt/Pages/Channel/Messagable/Views/MessageCell.swift (in target 'Revolt' from project 'Revolt')
    cd /Users/harishvishwakarma/Handy/Archem/pepchat-ios
    

SwiftCompile normal arm64 /Users/harishvishwakarma/Handy/Archem/pepchat-ios/Revolt/Extensions/String.swift (in target 'Revolt' from project 'Revolt')
    cd /Users/harishvishwakarma/Handy/Archem/pepchat-ios
    

SwiftCompile normal arm64 /Users/harishvishwakarma/Handy/Archem/pepchat-ios/Revolt/Pages/Channel/Messagable/Utils/URLDetector.swift (in target 'Revolt' from project 'Revolt')
    cd /Users/harishvishwakarma/Handy/Archem/pepchat-ios
    

SwiftCompile normal arm64 /Users/harishvishwakarma/Handy/Archem/pepchat-ios/Revolt/Components/MessageRenderer/MessageReactions.swift (in target 'Revolt' from project 'Revolt')
    cd /Users/harishvishwakarma/Handy/Archem/pepchat-ios
    

SwiftCompile normal arm64 /Users/harishvishwakarma/Handy/Archem/pepchat-ios/Revolt/Extensions/EnvironmentValues.swift (in target 'Revolt' from project 'Revolt')
    cd /Users/harishvishwakarma/Handy/Archem/pepchat-ios
    

SwiftCompile normal arm64 /Users/harishvishwakarma/Handy/Archem/pepchat-ios/Revolt/Pages/Channel/Messagable/Managers/MessageGroupingManager.swift (in target 'Revolt' from project 'Revolt')
    cd /Users/harishvishwakarma/Handy/Archem/pepchat-ios
    

SwiftCompile normal arm64 /Users/harishvishwakarma/Handy/Archem/pepchat-ios/Revolt/Components/Sheets/AddServerSheet.swift (in target 'Revolt' from project 'Revolt')
    cd /Users/harishvishwakarma/Handy/Archem/pepchat-ios
    

SwiftCompile normal arm64 /Users/harishvishwakarma/Handy/Archem/pepchat-ios/Revolt/Components/AudioPlayer/VideoPlayerView.swift (in target 'Revolt' from project 'Revolt')
    cd /Users/harishvishwakarma/Handy/Archem/pepchat-ios
    

SwiftCompile normal arm64 Compiling\ ReportView.swift,\ MessageableChannelViewModel.swift,\ MessageInputView.swift,\ RepliesManager.swift,\ AudioPlayerView.swift,\ RepliesContainerView.swift,\ View.swift,\ PeptideCheckBox.swift,\ BaseViewModel.swift,\ ResendEmail.swift,\ MessageOptionSheet.swift,\ UIFont.swift,\ PeptideIconButton.swift,\ DeleteCategorySheet.swift,\ MessageAttachment.swift,\ MessageView.swift,\ ChannelOptionsSheet.swift,\ OptionSet.swift,\ MessageContentsView.swift,\ IntroPlatformView.swift,\ TypingIndicatorManager.swift /Users/harishvishwakarma/Handy/Archem/pepchat-ios/Revolt/Pages/Home/ReportView.swift /Users/harishvishwakarma/Handy/Archem/pepchat-ios/Revolt/Pages/Channel/Messagable/MessageableChannelViewModel.swift /Users/harishvishwakarma/Handy/Archem/pepchat-ios/Revolt/Pages/Channel/Messagable/Views/MessageInputView.swift /Users/harishvishwakarma/Handy/Archem/pepchat-ios/Revolt/Pages/Channel/Messagable/Managers/RepliesManager.swift /Users/harishvishwakarma/Handy/Archem/pepchat-ios/Revolt/Components/AudioPlayer/AudioPlayerView.swift /Users/harishvishwakarma/Handy/Archem/pepchat-ios/Revolt/Pages/Channel/Messagable/Views/RepliesContainerView.swift /Users/harishvishwakarma/Handy/Archem/pepchat-ios/Revolt/Extensions/View.swift /Users/harishvishwakarma/Handy/Archem/pepchat-ios/Revolt/Pages/Components/PeptideCheckBox.swift /Users/harishvishwakarma/Handy/Archem/pepchat-ios/Revolt/Pages/Features/Core/BaseViewModel.swift /Users/harishvishwakarma/Handy/Archem/pepchat-ios/Revolt/Pages/Login/ResendEmail.swift /Users/harishvishwakarma/Handy/Archem/pepchat-ios/Revolt/Components/MessageRenderer/MessageOptionSheet.swift /Users/harishvishwakarma/Handy/Archem/pepchat-ios/Revolt/Extensions/UIFont.swift /Users/harishvishwakarma/Handy/Archem/pepchat-ios/Revolt/Pages/Components/PeptideIconButton.swift /Users/harishvishwakarma/Handy/Archem/pepchat-ios/Revolt/Pages/Channel/Settings/Server/Categories/DeleteCategorySheet.swift /Users/harishvishwakarma/Handy/Archem/pepchat-ios/Revolt/Components/MessageRenderer/MessageAttachment.swift /Users/harishvishwakarma/Handy/Archem/pepchat-ios/Revolt/Components/MessageRenderer/MessageView.swift /Users/harishvishwakarma/Handy/Archem/pepchat-ios/Revolt/Pages/Home/Sheet/ChannelOptionsSheet.swift /Users/harishvishwakarma/Handy/Archem/pepchat-ios/Revolt/Extensions/OptionSet.swift /Users/harishvishwakarma/Handy/Archem/pepchat-ios/Revolt/Components/MessageRenderer/MessageContentsView.swift /Users/harishvishwakarma/Handy/Archem/pepchat-ios/Revolt/Pages/Features/Intro/Components/IntroPlatformView.swift /Users/harishvishwakarma/Handy/Archem/pepchat-ios/Revolt/Pages/Channel/Messagable/Managers/TypingIndicatorManager.swift (in target 'Revolt' from project 'Revolt')

SwiftCompile normal arm64 /Users/harishvishwakarma/Handy/Archem/pepchat-ios/Revolt/Pages/Home/ReportView.swift (in target 'Revolt' from project 'Revolt')
    cd /Users/harishvishwakarma/Handy/Archem/pepchat-ios
    

SwiftCompile normal arm64 /Users/harishvishwakarma/Handy/Archem/pepchat-ios/Revolt/Pages/Channel/Messagable/MessageableChannelViewModel.swift (in target 'Revolt' from project 'Revolt')
    cd /Users/harishvishwakarma/Handy/Archem/pepchat-ios
    

SwiftCompile normal arm64 /Users/harishvishwakarma/Handy/Archem/pepchat-ios/Revolt/Pages/Channel/Messagable/Views/MessageInputView.swift (in target 'Revolt' from project 'Revolt')
    cd /Users/harishvishwakarma/Handy/Archem/pepchat-ios
    

SwiftCompile normal arm64 /Users/harishvishwakarma/Handy/Archem/pepchat-ios/Revolt/Pages/Channel/Messagable/Managers/RepliesManager.swift (in target 'Revolt' from project 'Revolt')
    cd /Users/harishvishwakarma/Handy/Archem/pepchat-ios
    

SwiftCompile normal arm64 /Users/harishvishwakarma/Handy/Archem/pepchat-ios/Revolt/Components/AudioPlayer/AudioPlayerView.swift (in target 'Revolt' from project 'Revolt')
    cd /Users/harishvishwakarma/Handy/Archem/pepchat-ios
    

SwiftCompile normal arm64 /Users/harishvishwakarma/Handy/Archem/pepchat-ios/Revolt/Pages/Channel/Messagable/Views/RepliesContainerView.swift (in target 'Revolt' from project 'Revolt')
    cd /Users/harishvishwakarma/Handy/Archem/pepchat-ios
    

SwiftCompile normal arm64 /Users/harishvishwakarma/Handy/Archem/pepchat-ios/Revolt/Extensions/View.swift (in target 'Revolt' from project 'Revolt')
    cd /Users/harishvishwakarma/Handy/Archem/pepchat-ios
    

SwiftCompile normal arm64 /Users/harishvishwakarma/Handy/Archem/pepchat-ios/Revolt/Pages/Components/PeptideCheckBox.swift (in target 'Revolt' from project 'Revolt')
    cd /Users/harishvishwakarma/Handy/Archem/pepchat-ios
    

SwiftCompile normal arm64 /Users/harishvishwakarma/Handy/Archem/pepchat-ios/Revolt/Pages/Features/Core/BaseViewModel.swift (in target 'Revolt' from project 'Revolt')
    cd /Users/harishvishwakarma/Handy/Archem/pepchat-ios
    

SwiftCompile normal arm64 /Users/harishvishwakarma/Handy/Archem/pepchat-ios/Revolt/Pages/Login/ResendEmail.swift (in target 'Revolt' from project 'Revolt')
    cd /Users/harishvishwakarma/Handy/Archem/pepchat-ios
    

SwiftCompile normal arm64 /Users/harishvishwakarma/Handy/Archem/pepchat-ios/Revolt/Components/MessageRenderer/MessageOptionSheet.swift (in target 'Revolt' from project 'Revolt')
    cd /Users/harishvishwakarma/Handy/Archem/pepchat-ios
    

SwiftCompile normal arm64 /Users/harishvishwakarma/Handy/Archem/pepchat-ios/Revolt/Extensions/UIFont.swift (in target 'Revolt' from project 'Revolt')
    cd /Users/harishvishwakarma/Handy/Archem/pepchat-ios
    

SwiftCompile normal arm64 /Users/harishvishwakarma/Handy/Archem/pepchat-ios/Revolt/Pages/Components/PeptideIconButton.swift (in target 'Revolt' from project 'Revolt')
    cd /Users/harishvishwakarma/Handy/Archem/pepchat-ios
    

SwiftCompile normal arm64 /Users/harishvishwakarma/Handy/Archem/pepchat-ios/Revolt/Pages/Channel/Settings/Server/Categories/DeleteCategorySheet.swift (in target 'Revolt' from project 'Revolt')
    cd /Users/harishvishwakarma/Handy/Archem/pepchat-ios
    

SwiftCompile normal arm64 /Users/harishvishwakarma/Handy/Archem/pepchat-ios/Revolt/Components/MessageRenderer/MessageAttachment.swift (in target 'Revolt' from project 'Revolt')
    cd /Users/harishvishwakarma/Handy/Archem/pepchat-ios
    

SwiftCompile normal arm64 /Users/harishvishwakarma/Handy/Archem/pepchat-ios/Revolt/Components/MessageRenderer/MessageView.swift (in target 'Revolt' from project 'Revolt')
    cd /Users/harishvishwakarma/Handy/Archem/pepchat-ios
    

SwiftCompile normal arm64 /Users/harishvishwakarma/Handy/Archem/pepchat-ios/Revolt/Pages/Home/Sheet/ChannelOptionsSheet.swift (in target 'Revolt' from project 'Revolt')
    cd /Users/harishvishwakarma/Handy/Archem/pepchat-ios
    

SwiftCompile normal arm64 /Users/harishvishwakarma/Handy/Archem/pepchat-ios/Revolt/Extensions/OptionSet.swift (in target 'Revolt' from project 'Revolt')
    cd /Users/harishvishwakarma/Handy/Archem/pepchat-ios
    

SwiftCompile normal arm64 /Users/harishvishwakarma/Handy/Archem/pepchat-ios/Revolt/Components/MessageRenderer/MessageContentsView.swift (in target 'Revolt' from project 'Revolt')
    cd /Users/harishvishwakarma/Handy/Archem/pepchat-ios
    

SwiftCompile normal arm64 /Users/harishvishwakarma/Handy/Archem/pepchat-ios/Revolt/Pages/Features/Intro/Components/IntroPlatformView.swift (in target 'Revolt' from project 'Revolt')
    cd /Users/harishvishwakarma/Handy/Archem/pepchat-ios
    

SwiftCompile normal arm64 /Users/harishvishwakarma/Handy/Archem/pepchat-ios/Revolt/Pages/Channel/Messagable/Managers/TypingIndicatorManager.swift (in target 'Revolt' from project 'Revolt')
    cd /Users/harishvishwakarma/Handy/Archem/pepchat-ios
    

SwiftCompile normal arm64 Compiling\ Payloads.swift,\ ForgotPassword_Reset.swift,\ RemoteImageTextAttachment.swift,\ ChangePasswordView.swift,\ PeptideTemplateView.swift,\ LoadingSpinnerView.swift,\ ServerScrollView.swift,\ ReplyMessage.swift,\ IdentitySheet.swift,\ NSLockExtensions.swift,\ Login.swift,\ DeleteMessageView.swift,\ ServerEmojiItemView.swift,\ ScrollPositionManager.swift,\ MessageReactionsSheet.swift,\ HCaptchaView.swift,\ ServerChannelsView.swift,\ ServerSettings.swift,\ PeptideOtp.swift,\ Http.swift,\ DiscoverScrollView.swift /Users/harishvishwakarma/Handy/Archem/pepchat-ios/Revolt/Api/Payloads.swift /Users/harishvishwakarma/Handy/Archem/pepchat-ios/Revolt/Pages/Login/ForgotPassword/ForgotPassword_Reset.swift /Users/harishvishwakarma/Handy/Archem/pepchat-ios/Revolt/Components/RemoteImageTextAttachment.swift /Users/harishvishwakarma/Handy/Archem/pepchat-ios/Revolt/Pages/Settings/ChangePasswordView.swift /Users/harishvishwakarma/Handy/Archem/pepchat-ios/Revolt/Pages/Features/Core/Components/PeptideTemplateView.swift /Users/harishvishwakarma/Handy/Archem/pepchat-ios/Revolt/Components/CommonElements/LoadingSpinnerView.swift /Users/harishvishwakarma/Handy/Archem/pepchat-ios/Revolt/Components/Home/ServerScrollView.swift /Users/harishvishwakarma/Handy/Archem/pepchat-ios/Revolt/Pages/Channel/Messagable/Models/ReplyMessage.swift /Users/harishvishwakarma/Handy/Archem/pepchat-ios/Revolt/Pages/Channel/Settings/Server/Identity/IdentitySheet.swift /Users/harishvishwakarma/Handy/Archem/pepchat-ios/Revolt/Pages/Channel/Messagable/Extensions/NSLockExtensions.swift /Users/harishvishwakarma/Handy/Archem/pepchat-ios/Revolt/Pages/Login/LoginIn/Login.swift /Users/harishvishwakarma/Handy/Archem/pepchat-ios/Revolt/Components/MessageRenderer/DeleteMessageView.swift /Users/harishvishwakarma/Handy/Archem/pepchat-ios/Revolt/Pages/Channel/Settings/Server/ServerEmoji/ServerEmojiItemView.swift /Users/harishvishwakarma/Handy/Archem/pepchat-ios/Revolt/Pages/Channel/Messagable/Managers/ScrollPositionManager.swift /Users/harishvishwakarma/Handy/Archem/pepchat-ios/Revolt/Components/MessageRenderer/MessageReactionsSheet.swift /Users/harishvishwakarma/Handy/Archem/pepchat-ios/Revolt/Components/AccountManagement/HCaptchaView.swift /Users/harishvishwakarma/Handy/Archem/pepchat-ios/Revolt/Pages/Channel/Settings/Server/Categories/ServerChannelsView.swift /Users/harishvishwakarma/Handy/Archem/pepchat-ios/Revolt/Pages/Channel/Settings/Server/ServerSettings.swift /Users/harishvishwakarma/Handy/Archem/pepchat-ios/Revolt/Pages/Components/PeptideOtp.swift /Users/harishvishwakarma/Handy/Archem/pepchat-ios/Revolt/Api/Http.swift /Users/harishvishwakarma/Handy/Archem/pepchat-ios/Revolt/Components/Home/Discover/DiscoverScrollView.swift (in target 'Revolt' from project 'Revolt')
Failed frontend command:
/Applications/Xcode.app/Contents/Developer/Toolchains/XcodeDefault.xctoolchain/usr/bin/swift-frontend -frontend -c -filelist /Users/harishvishwakarma/Library/Developer/Xcode/DerivedData/Revolt-dharrjsambcimaaziudpvzjdcigm/Build/Intermediates.noindex/Revolt.build/Debug-iphoneos/Revolt.build/Objects-normal/arm64/sources-2 -primary-file /Users/harishvishwakarma/Handy/Archem/pepchat-ios/Revolt/Api/Payloads.swift -primary-file /Users/harishvishwakarma/Handy/Archem/pepchat-ios/Revolt/Pages/Login/ForgotPassword/ForgotPassword_Reset.swift -primary-file /Users/harishvishwakarma/Handy/Archem/pepchat-ios/Revolt/Components/RemoteImageTextAttachment.swift -primary-file /Users/harishvishwakarma/Handy/Archem/pepchat-ios/Revolt/Pages/Settings/ChangePasswordView.swift -primary-file /Users/harishvishwakarma/Handy/Archem/pepchat-ios/Revolt/Pages/Features/Core/Components/PeptideTemplateView.swift -primary-file /Users/harishvishwakarma/Handy/Archem/pepchat-ios/Revolt/Components/CommonElements/LoadingSpinnerView.swift -primary-file /Users/harishvishwakarma/Handy/Archem/pepchat-ios/Revolt/Components/Home/ServerScrollView.swift -primary-file /Users/harishvishwakarma/Handy/Archem/pepchat-ios/Revolt/Pages/Channel/Messagable/Models/ReplyMessage.swift -primary-file /Users/harishvishwakarma/Handy/Archem/pepchat-ios/Revolt/Pages/Channel/Settings/Server/Identity/IdentitySheet.swift -primary-file /Users/harishvishwakarma/Handy/Archem/pepchat-ios/Revolt/Pages/Channel/Messagable/Extensions/NSLockExtensions.swift -primary-file /Users/harishvishwakarma/Handy/Archem/pepchat-ios/Revolt/Pages/Login/LoginIn/Login.swift -primary-file /Users/harishvishwakarma/Handy/Archem/pepchat-ios/Revolt/Components/MessageRenderer/DeleteMessageView.swift -primary-file /Users/harishvishwakarma/Handy/Archem/pepchat-ios/Revolt/Pages/Channel/Settings/Server/ServerEmoji/ServerEmojiItemView.swift -primary-file /Users/harishvishwakarma/Handy/Archem/pepchat-ios/Revolt/Pages/Channel/Messagable/Managers/ScrollPositionManager.swift -primary-file /Users/harishvishwakarma/Handy/Archem/pepchat-ios/Revolt/Components/MessageRenderer/MessageReactionsSheet.swift -primary-file /Users/harishvishwakarma/Handy/Archem/pepchat-ios/Revolt/Components/AccountManagement/HCaptchaView.swift -primary-file /Users/harishvishwakarma/Handy/Archem/pepchat-ios/Revolt/Pages/Channel/Settings/Server/Categories/ServerChannelsView.swift -primary-file /Users/harishvishwakarma/Handy/Archem/pepchat-ios/Revolt/Pages/Channel/Settings/Server/ServerSettings.swift -primary-file /Users/harishvishwakarma/Handy/Archem/pepchat-ios/Revolt/Pages/Components/PeptideOtp.swift -primary-file /Users/harishvishwakarma/Handy/Archem/pepchat-ios/Revolt/Api/Http.swift -primary-file /Users/harishvishwakarma/Handy/Archem/pepchat-ios/Revolt/Components/Home/Discover/DiscoverScrollView.swift -supplementary-output-file-map /Users/harishvishwakarma/Library/Developer/Xcode/DerivedData/Revolt-dharrjsambcimaaziudpvzjdcigm/Build/Intermediates.noindex/Revolt.build/Debug-iphoneos/Revolt.build/Objects-normal/arm64/supplementaryOutputs-402 -emit-localized-strings -emit-localized-strings-path /Users/harishvishwakarma/Library/Developer/Xcode/DerivedData/Revolt-dharrjsambcimaaziudpvzjdcigm/Build/Intermediates.noindex/Revolt.build/Debug-iphoneos/Revolt.build/Objects-normal/arm64 -target arm64-apple-ios18.0 -Xllvm -aarch64-use-tbi -enable-objc-interop -stack-check -sdk /Applications/Xcode.app/Contents/Developer/Platforms/iPhoneOS.platform/Developer/SDKs/iPhoneOS18.5.sdk -I /Users/harishvishwakarma/Library/Developer/Xcode/DerivedData/Revolt-dharrjsambcimaaziudpvzjdcigm/Build/Products/Debug-iphoneos -F /Users/harishvishwakarma/Library/Developer/Xcode/DerivedData/Revolt-dharrjsambcimaaziudpvzjdcigm/Build/Products/Debug-iphoneos/PackageFrameworks -F /Users/harishvishwakarma/Library/Developer/Xcode/DerivedData/Revolt-dharrjsambcimaaziudpvzjdcigm/Build/Products/Debug-iphoneos/PackageFrameworks -F /Users/harishvishwakarma/Library/Developer/Xcode/DerivedData/Revolt-dharrjsambcimaaziudpvzjdcigm/Build/Products/Debug-iphoneos/PackageFrameworks -F /Users/harishvishwakarma/Library/Developer/Xcode/DerivedData/Revolt-dharrjsambcimaaziudpvzjdcigm/Build/Products/Debug-iphoneos/PackageFrameworks -F /Users/harishvishwakarma/Library/Developer/Xcode/DerivedData/Revolt-dharrjsambcimaaziudpvzjdcigm/Build/Products/Debug-iphoneos/PackageFrameworks -F /Users/harishvishwakarma/Library/Developer/Xcode/DerivedData/Revolt-dharrjsambcimaaziudpvzjdcigm/Build/Products/Debug-iphoneos/PackageFrameworks -F /Users/harishvishwakarma/Library/Developer/Xcode/DerivedData/Revolt-dharrjsambcimaaziudpvzjdcigm/Build/Products/Debug-iphoneos/PackageFrameworks -F /Users/harishvishwakarma/Library/Developer/Xcode/DerivedData/Revolt-dharrjsambcimaaziudpvzjdcigm/Build/Products/Debug-iphoneos/PackageFrameworks -F /Users/harishvishwakarma/Library/Developer/Xcode/DerivedData/Revolt-dharrjsambcimaaziudpvzjdcigm/Build/Products/Debug-iphoneos/PackageFrameworks -F /Users/harishvishwakarma/Library/Developer/Xcode/DerivedData/Revolt-dharrjsambcimaaziudpvzjdcigm/Build/Products/Debug-iphoneos/PackageFrameworks -F /Users/harishvishwakarma/Library/Developer/Xcode/DerivedData/Revolt-dharrjsambcimaaziudpvzjdcigm/Build/Products/Debug-iphoneos/PackageFrameworks -F /Users/harishvishwakarma/Library/Developer/Xcode/DerivedData/Revolt-dharrjsambcimaaziudpvzjdcigm/Build/Products/Debug-iphoneos/PackageFrameworks -F /Users/harishvishwakarma/Library/Developer/Xcode/DerivedData/Revolt-dharrjsambcimaaziudpvzjdcigm/Build/Products/Debug-iphoneos/PackageFrameworks -F /Users/harishvishwakarma/Library/Developer/Xcode/DerivedData/Revolt-dharrjsambcimaaziudpvzjdcigm/Build/Products/Debug-iphoneos/PackageFrameworks -F /Users/harishvishwakarma/Library/Developer/Xcode/DerivedData/Revolt-dharrjsambcimaaziudpvzjdcigm/Build/Products/Debug-iphoneos/PackageFrameworks -F /Users/harishvishwakarma/Library/Developer/Xcode/DerivedData/Revolt-dharrjsambcimaaziudpvzjdcigm/Build/Products/Debug-iphoneos/PackageFrameworks -F /Users/harishvishwakarma/Library/Developer/Xcode/DerivedData/Revolt-dharrjsambcimaaziudpvzjdcigm/Build/Products/Debug-iphoneos/PackageFrameworks -F /Users/harishvishwakarma/Library/Developer/Xcode/DerivedData/Revolt-dharrjsambcimaaziudpvzjdcigm/Build/Products/Debug-iphoneos/PackageFrameworks -F /Users/harishvishwakarma/Library/Developer/Xcode/DerivedData/Revolt-dharrjsambcimaaziudpvzjdcigm/Build/Products/Debug-iphoneos/PackageFrameworks -F /Users/harishvishwakarma/Library/Developer/Xcode/DerivedData/Revolt-dharrjsambcimaaziudpvzjdcigm/Build/Products/Debug-iphoneos/PackageFrameworks -F /Users/harishvishwakarma/Library/Developer/Xcode/DerivedData/Revolt-dharrjsambcimaaziudpvzjdcigm/Build/Products/Debug-iphoneos/PackageFrameworks -F /Users/harishvishwakarma/Library/Developer/Xcode/DerivedData/Revolt-dharrjsambcimaaziudpvzjdcigm/Build/Products/Debug-iphoneos/PackageFrameworks -F /Users/harishvishwakarma/Library/Developer/Xcode/DerivedData/Revolt-dharrjsambcimaaziudpvzjdcigm/Build/Products/Debug-iphoneos/PackageFrameworks -F /Users/harishvishwakarma/Library/Developer/Xcode/DerivedData/Revolt-dharrjsambcimaaziudpvzjdcigm/Build/Products/Debug-iphoneos/PackageFrameworks -F /Users/harishvishwakarma/Library/Developer/Xcode/DerivedData/Revolt-dharrjsambcimaaziudpvzjdcigm/Build/Products/Debug-iphoneos/PackageFrameworks -F /Users/harishvishwakarma/Library/Developer/Xcode/DerivedData/Revolt-dharrjsambcimaaziudpvzjdcigm/Build/Products/Debug-iphoneos/PackageFrameworks -F /Users/harishvishwakarma/Library/Developer/Xcode/DerivedData/Revolt-dharrjsambcimaaziudpvzjdcigm/Build/Products/Debug-iphoneos/PackageFrameworks -F /Users/harishvishwakarma/Library/Developer/Xcode/DerivedData/Revolt-dharrjsambcimaaziudpvzjdcigm/Build/Products/Debug-iphoneos/PackageFrameworks -F /Users/harishvishwakarma/Library/Developer/Xcode/DerivedData/Revolt-dharrjsambcimaaziudpvzjdcigm/Build/Products/Debug-iphoneos/PackageFrameworks -F /Users/harishvishwakarma/Library/Developer/Xcode/DerivedData/Revolt-dharrjsambcimaaziudpvzjdcigm/Build/Products/Debug-iphoneos/PackageFrameworks -F /Users/harishvishwakarma/Library/Developer/Xcode/DerivedData/Revolt-dharrjsambcimaaziudpvzjdcigm/Build/Products/Debug-iphoneos/PackageFrameworks -F /Users/harishvishwakarma/Library/Developer/Xcode/DerivedData/Revolt-dharrjsambcimaaziudpvzjdcigm/Build/Products/Debug-iphoneos/PackageFrameworks -F /Users/harishvishwakarma/Library/Developer/Xcode/DerivedData/Revolt-dharrjsambcimaaziudpvzjdcigm/Build/Products/Debug-iphoneos/PackageFrameworks -F /Users/harishvishwakarma/Library/Developer/Xcode/DerivedData/Revolt-dharrjsambcimaaziudpvzjdcigm/Build/Products/Debug-iphoneos/PackageFrameworks -F /Users/harishvishwakarma/Library/Developer/Xcode/DerivedData/Revolt-dharrjsambcimaaziudpvzjdcigm/Build/Products/Debug-iphoneos/PackageFrameworks -F /Users/harishvishwakarma/Library/Developer/Xcode/DerivedData/Revolt-dharrjsambcimaaziudpvzjdcigm/Build/Products/Debug-iphoneos/PackageFrameworks -F /Users/harishvishwakarma/Library/Developer/Xcode/DerivedData/Revolt-dharrjsambcimaaziudpvzjdcigm/Build/Products/Debug-iphoneos/PackageFrameworks -F /Users/harishvishwakarma/Library/Developer/Xcode/DerivedData/Revolt-dharrjsambcimaaziudpvzjdcigm/Build/Products/Debug-iphoneos/PackageFrameworks -F /Users/harishvishwakarma/Library/Developer/Xcode/DerivedData/Revolt-dharrjsambcimaaziudpvzjdcigm/Build/Products/Debug-iphoneos/PackageFrameworks -F /Users/harishvishwakarma/Library/Developer/Xcode/DerivedData/Revolt-dharrjsambcimaaziudpvzjdcigm/Build/Products/Debug-iphoneos/PackageFrameworks -F /Users/harishvishwakarma/Library/Developer/Xcode/DerivedData/Revolt-dharrjsambcimaaziudpvzjdcigm/Build/Products/Debug-iphoneos/PackageFrameworks -F /Users/harishvishwakarma/Library/Developer/Xcode/DerivedData/Revolt-dharrjsambcimaaziudpvzjdcigm/Build/Products/Debug-iphoneos/PackageFrameworks -F /Users/harishvishwakarma/Library/Developer/Xcode/DerivedData/Revolt-dharrjsambcimaaziudpvzjdcigm/Build/Products/Debug-iphoneos/PackageFrameworks -F /Users/harishvishwakarma/Library/Developer/Xcode/DerivedData/Revolt-dharrjsambcimaaziudpvzjdcigm/Build/Products/Debug-iphoneos/PackageFrameworks -F /Users/harishvishwakarma/Library/Developer/Xcode/DerivedData/Revolt-dharrjsambcimaaziudpvzjdcigm/Build/Products/Debug-iphoneos/PackageFrameworks -F /Users/harishvishwakarma/Library/Developer/Xcode/DerivedData/Revolt-dharrjsambcimaaziudpvzjdcigm/Build/Products/Debug-iphoneos/PackageFrameworks -F /Users/harishvishwakarma/Library/Developer/Xcode/DerivedData/Revolt-dharrjsambcimaaziudpvzjdcigm/Build/Products/Debug-iphoneos -no-color-diagnostics -enable-testing -g -debug-info-format\=dwarf -dwarf-version\=5 -module-cache-path /Users/harishvishwakarma/Library/Developer/Xcode/DerivedData/ModuleCache.noindex -swift-version 5 -enforce-exclusivity\=checked -Onone -D DEBUG -serialize-debugging-options -load-plugin-executable /Users/harishvishwakarma/Library/Developer/Xcode/DerivedData/Revolt-dharrjsambcimaaziudpvzjdcigm/Build/Products/Debug/CasePathsMacros\#CasePathsMacros -load-plugin-executable /Users/harishvishwakarma/Library/Developer/Xcode/DerivedData/Revolt-dharrjsambcimaaziudpvzjdcigm/Build/Products/Debug/CodableWrapperMacros\#CodableWrapperMacros -const-gather-protocols-file /Users/harishvishwakarma/Library/Developer/Xcode/DerivedData/Revolt-dharrjsambcimaaziudpvzjdcigm/Build/Intermediates.noindex/Revolt.build/Debug-iphoneos/Revolt.build/Objects-normal/arm64/Revolt_const_extract_protocols.json -enable-experimental-feature DebugDescriptionMacro -enable-bare-slash-regex -empty-abi-descriptor -validate-clang-modules-once -clang-build-session-file /Users/harishvishwakarma/Library/Developer/Xcode/DerivedData/ModuleCache.noindex/Session.modulevalidation -Xcc -working-directory -Xcc /Users/harishvishwakarma/Handy/Archem/pepchat-ios -resource-dir /Applications/Xcode.app/Contents/Developer/Toolchains/XcodeDefault.xctoolchain/usr/lib/swift -enable-anonymous-context-mangled-names -file-compilation-dir /Users/harishvishwakarma/Handy/Archem/pepchat-ios -Xcc -fmodule-map-file\=/Users/harishvishwakarma/Library/Developer/Xcode/DerivedData/Revolt-dharrjsambcimaaziudpvzjdcigm/Build/Intermediates.noindex/GeneratedModuleMaps-iphoneos/OggDecoder.modulemap -Xcc -fmodule-map-file\=/Users/harishvishwakarma/Library/Developer/Xcode/DerivedData/Revolt-dharrjsambcimaaziudpvzjdcigm/Build/Intermediates.noindex/GeneratedModuleMaps-iphoneos/libcmark.modulemap -Xcc -ivfsstatcache -Xcc /Users/harishvishwakarma/Library/Developer/Xcode/DerivedData/SDKStatCaches.noindex/iphoneos18.5-22F76-7fa4eea80a99bbfdc046826b63ec4baf.sdkstatcache -Xcc -I/Users/harishvishwakarma/Library/Developer/Xcode/DerivedData/Revolt-dharrjsambcimaaziudpvzjdcigm/Build/Intermediates.noindex/Revolt.build/Debug-iphoneos/Revolt.build/swift-overrides.hmap -Xcc -iquote -Xcc /Users/harishvishwakarma/Library/Developer/Xcode/DerivedData/Revolt-dharrjsambcimaaziudpvzjdcigm/Build/Intermediates.noindex/Revolt.build/Debug-iphoneos/Revolt.build/Revolt-generated-files.hmap -Xcc -I/Users/harishvishwakarma/Library/Developer/Xcode/DerivedData/Revolt-dharrjsambcimaaziudpvzjdcigm/Build/Intermediates.noindex/Revolt.build/Debug-iphoneos/Revolt.build/Revolt-own-target-headers.hmap -Xcc -I/Users/harishvishwakarma/Library/Developer/Xcode/DerivedData/Revolt-dharrjsambcimaaziudpvzjdcigm/Build/Intermediates.noindex/Revolt.build/Debug-iphoneos/Revolt.build/Revolt-all-non-framework-target-headers.hmap -Xcc -ivfsoverlay -Xcc /Users/harishvishwakarma/Library/Developer/Xcode/DerivedData/Revolt-dharrjsambcimaaziudpvzjdcigm/Build/Intermediates.noindex/Revolt.build/Debug-iphoneos/Revolt-964562c4cdd9c16033e74e924d17ebc5-VFS-iphoneos/all-product-headers.yaml -Xcc -iquote -Xcc /Users/harishvishwakarma/Library/Developer/Xcode/DerivedData/Revolt-dharrjsambcimaaziudpvzjdcigm/Build/Intermediates.noindex/Revolt.build/Debug-iphoneos/Revolt.build/Revolt-project-headers.hmap -Xcc -I/Users/harishvishwakarma/Library/Developer/Xcode/DerivedData/Revolt-dharrjsambcimaaziudpvzjdcigm/SourcePackages/checkouts/OggDecoder/Sources/OggDecoderObjC/include -Xcc -I/Users/harishvishwakarma/Library/Developer/Xcode/DerivedData/Revolt-dharrjsambcimaaziudpvzjdcigm/SourcePackages/checkouts/Down/Sources/cmark -Xcc -I/Users/harishvishwakarma/Library/Developer/Xcode/DerivedData/Revolt-dharrjsambcimaaziudpvzjdcigm/Build/Products/Debug-iphoneos/include -Xcc -I/Users/harishvishwakarma/Library/Developer/Xcode/DerivedData/Revolt-dharrjsambcimaaziudpvzjdcigm/Build/Intermediates.noindex/Revolt.build/Debug-iphoneos/Revolt.build/DerivedSources-normal/arm64 -Xcc -I/Users/harishvishwakarma/Library/Developer/Xcode/DerivedData/Revolt-dharrjsambcimaaziudpvzjdcigm/Build/Intermediates.noindex/Revolt.build/Debug-iphoneos/Revolt.build/DerivedSources/arm64 -Xcc -I/Users/harishvishwakarma/Library/Developer/Xcode/DerivedData/Revolt-dharrjsambcimaaziudpvzjdcigm/Build/Intermediates.noindex/Revolt.build/Debug-iphoneos/Revolt.build/DerivedSources -Xcc -DDEBUG\=1 -module-name Revolt -frontend-parseable-output -disable-clang-spi -target-sdk-version 18.5 -target-sdk-name iphoneos18.5 -external-plugin-path /Applications/Xcode.app/Contents/Developer/Platforms/iPhoneOS.platform/Developer/usr/lib/swift/host/plugins\#/Applications/Xcode.app/Contents/Developer/Platforms/iPhoneOS.platform/Developer/usr/bin/swift-plugin-server -external-plugin-path /Applications/Xcode.app/Contents/Developer/Platforms/iPhoneOS.platform/Developer/usr/local/lib/swift/host/plugins\#/Applications/Xcode.app/Contents/Developer/Platforms/iPhoneOS.platform/Developer/usr/bin/swift-plugin-server -in-process-plugin-server-path /Applications/Xcode.app/Contents/Developer/Toolchains/XcodeDefault.xctoolchain/usr/lib/swift/host/libSwiftInProcPluginServer.dylib -plugin-path /Applications/Xcode.app/Contents/Developer/Toolchains/XcodeDefault.xctoolchain/usr/lib/swift/host/plugins -plugin-path /Applications/Xcode.app/Contents/Developer/Toolchains/XcodeDefault.xctoolchain/usr/local/lib/swift/host/plugins -o /Users/harishvishwakarma/Library/Developer/Xcode/DerivedData/Revolt-dharrjsambcimaaziudpvzjdcigm/Build/Intermediates.noindex/Revolt.build/Debug-iphoneos/Revolt.build/Objects-normal/arm64/Payloads.o -o /Users/harishvishwakarma/Library/Developer/Xcode/DerivedData/Revolt-dharrjsambcimaaziudpvzjdcigm/Build/Intermediates.noindex/Revolt.build/Debug-iphoneos/Revolt.build/Objects-normal/arm64/ForgotPassword_Reset.o -o /Users/harishvishwakarma/Library/Developer/Xcode/DerivedData/Revolt-dharrjsambcimaaziudpvzjdcigm/Build/Intermediates.noindex/Revolt.build/Debug-iphoneos/Revolt.build/Objects-normal/arm64/RemoteImageTextAttachment.o -o /Users/harishvishwakarma/Library/Developer/Xcode/DerivedData/Revolt-dharrjsambcimaaziudpvzjdcigm/Build/Intermediates.noindex/Revolt.build/Debug-iphoneos/Revolt.build/Objects-normal/arm64/ChangePasswordView.o -o /Users/harishvishwakarma/Library/Developer/Xcode/DerivedData/Revolt-dharrjsambcimaaziudpvzjdcigm/Build/Intermediates.noindex/Revolt.build/Debug-iphoneos/Revolt.build/Objects-normal/arm64/PeptideTemplateView.o -o /Users/harishvishwakarma/Library/Developer/Xcode/DerivedData/Revolt-dharrjsambcimaaziudpvzjdcigm/Build/Intermediates.noindex/Revolt.build/Debug-iphoneos/Revolt.build/Objects-normal/arm64/LoadingSpinnerView.o -o /Users/harishvishwakarma/Library/Developer/Xcode/DerivedData/Revolt-dharrjsambcimaaziudpvzjdcigm/Build/Intermediates.noindex/Revolt.build/Debug-iphoneos/Revolt.build/Objects-normal/arm64/ServerScrollView.o -o /Users/harishvishwakarma/Library/Developer/Xcode/DerivedData/Revolt-dharrjsambcimaaziudpvzjdcigm/Build/Intermediates.noindex/Revolt.build/Debug-iphoneos/Revolt.build/Objects-normal/arm64/ReplyMessage.o -o /Users/harishvishwakarma/Library/Developer/Xcode/DerivedData/Revolt-dharrjsambcimaaziudpvzjdcigm/Build/Intermediates.noindex/Revolt.build/Debug-iphoneos/Revolt.build/Objects-normal/arm64/IdentitySheet.o -o /Users/harishvishwakarma/Library/Developer/Xcode/DerivedData/Revolt-dharrjsambcimaaziudpvzjdcigm/Build/Intermediates.noindex/Revolt.build/Debug-iphoneos/Revolt.build/Objects-normal/arm64/NSLockExtensions.o -o /Users/harishvishwakarma/Library/Developer/Xcode/DerivedData/Revolt-dharrjsambcimaaziudpvzjdcigm/Build/Intermediates.noindex/Revolt.build/Debug-iphoneos/Revolt.build/Objects-normal/arm64/Login.o -o /Users/harishvishwakarma/Library/Developer/Xcode/DerivedData/Revolt-dharrjsambcimaaziudpvzjdcigm/Build/Intermediates.noindex/Revolt.build/Debug-iphoneos/Revolt.build/Objects-normal/arm64/DeleteMessageView.o -o /Users/harishvishwakarma/Library/Developer/Xcode/DerivedData/Revolt-dharrjsambcimaaziudpvzjdcigm/Build/Intermediates.noindex/Revolt.build/Debug-iphoneos/Revolt.build/Objects-normal/arm64/ServerEmojiItemView.o -o /Users/harishvishwakarma/Library/Developer/Xcode/DerivedData/Revolt-dharrjsambcimaaziudpvzjdcigm/Build/Intermediates.noindex/Revolt.build/Debug-iphoneos/Revolt.build/Objects-normal/arm64/ScrollPositionManager.o -o /Users/harishvishwakarma/Library/Developer/Xcode/DerivedData/Revolt-dharrjsambcimaaziudpvzjdcigm/Build/Intermediates.noindex/Revolt.build/Debug-iphoneos/Revolt.build/Objects-normal/arm64/MessageReactionsSheet.o -o /Users/harishvishwakarma/Library/Developer/Xcode/DerivedData/Revolt-dharrjsambcimaaziudpvzjdcigm/Build/Intermediates.noindex/Revolt.build/Debug-iphoneos/Revolt.build/Objects-normal/arm64/HCaptchaView.o -o /Users/harishvishwakarma/Library/Developer/Xcode/DerivedData/Revolt-dharrjsambcimaaziudpvzjdcigm/Build/Intermediates.noindex/Revolt.build/Debug-iphoneos/Revolt.build/Objects-normal/arm64/ServerChannelsView.o -o /Users/harishvishwakarma/Library/Developer/Xcode/DerivedData/Revolt-dharrjsambcimaaziudpvzjdcigm/Build/Intermediates.noindex/Revolt.build/Debug-iphoneos/Revolt.build/Objects-normal/arm64/ServerSettings.o -o /Users/harishvishwakarma/Library/Developer/Xcode/DerivedData/Revolt-dharrjsambcimaaziudpvzjdcigm/Build/Intermediates.noindex/Revolt.build/Debug-iphoneos/Revolt.build/Objects-normal/arm64/PeptideOtp.o -o /Users/harishvishwakarma/Library/Developer/Xcode/DerivedData/Revolt-dharrjsambcimaaziudpvzjdcigm/Build/Intermediates.noindex/Revolt.build/Debug-iphoneos/Revolt.build/Objects-normal/arm64/Http.o -o /Users/harishvishwakarma/Library/Developer/Xcode/DerivedData/Revolt-dharrjsambcimaaziudpvzjdcigm/Build/Intermediates.noindex/Revolt.build/Debug-iphoneos/Revolt.build/Objects-normal/arm64/DiscoverScrollView.o -index-unit-output-path /Revolt.build/Debug-iphoneos/Revolt.build/Objects-normal/arm64/Payloads.o -index-unit-output-path /Revolt.build/Debug-iphoneos/Revolt.build/Objects-normal/arm64/ForgotPassword_Reset.o -index-unit-output-path /Revolt.build/Debug-iphoneos/Revolt.build/Objects-normal/arm64/RemoteImageTextAttachment.o -index-unit-output-path /Revolt.build/Debug-iphoneos/Revolt.build/Objects-normal/arm64/ChangePasswordView.o -index-unit-output-path /Revolt.build/Debug-iphoneos/Revolt.build/Objects-normal/arm64/PeptideTemplateView.o -index-unit-output-path /Revolt.build/Debug-iphoneos/Revolt.build/Objects-normal/arm64/LoadingSpinnerView.o -index-unit-output-path /Revolt.build/Debug-iphoneos/Revolt.build/Objects-normal/arm64/ServerScrollView.o -index-unit-output-path /Revolt.build/Debug-iphoneos/Revolt.build/Objects-normal/arm64/ReplyMessage.o -index-unit-output-path /Revolt.build/Debug-iphoneos/Revolt.build/Objects-normal/arm64/IdentitySheet.o -index-unit-output-path /Revolt.build/Debug-iphoneos/Revolt.build/Objects-normal/arm64/NSLockExtensions.o -index-unit-output-path /Revolt.build/Debug-iphoneos/Revolt.build/Objects-normal/arm64/Login.o -index-unit-output-path /Revolt.build/Debug-iphoneos/Revolt.build/Objects-normal/arm64/DeleteMessageView.o -index-unit-output-path /Revolt.build/Debug-iphoneos/Revolt.build/Objects-normal/arm64/ServerEmojiItemView.o -index-unit-output-path /Revolt.build/Debug-iphoneos/Revolt.build/Objects-normal/arm64/ScrollPositionManager.o -index-unit-output-path /Revolt.build/Debug-iphoneos/Revolt.build/Objects-normal/arm64/MessageReactionsSheet.o -index-unit-output-path /Revolt.build/Debug-iphoneos/Revolt.build/Objects-normal/arm64/HCaptchaView.o -index-unit-output-path /Revolt.build/Debug-iphoneos/Revolt.build/Objects-normal/arm64/ServerChannelsView.o -index-unit-output-path /Revolt.build/Debug-iphoneos/Revolt.build/Objects-normal/arm64/ServerSettings.o -index-unit-output-path /Revolt.build/Debug-iphoneos/Revolt.build/Objects-normal/arm64/PeptideOtp.o -index-unit-output-path /Revolt.build/Debug-iphoneos/Revolt.build/Objects-normal/arm64/Http.o -index-unit-output-path /Revolt.build/Debug-iphoneos/Revolt.build/Objects-normal/arm64/DiscoverScrollView.o -index-store-path /Users/harishvishwakarma/Library/Developer/Xcode/DerivedData/Revolt-dharrjsambcimaaziudpvzjdcigm/Index.noindex/DataStore -index-system-modules

SwiftCompile normal arm64 /Users/harishvishwakarma/Handy/Archem/pepchat-ios/Revolt/Api/Payloads.swift (in target 'Revolt' from project 'Revolt')
    cd /Users/harishvishwakarma/Handy/Archem/pepchat-ios
    
@__swiftmacro_6Revolt0023HCaptchaViewswift_elFCffMX77_0_33_6C1ED98903DB9684BC83E49B369EABC6Ll7PreviewfMf_.swift:19:21: warning: variable 'viewState' was never mutated; consider changing to 'let' constant
                var viewState = ViewState.preview()
                    ^
/Users/harishvishwakarma/Handy/Archem/pepchat-ios/Revolt/Components/AccountManagement/HCaptchaView.swift:78:1: note: in expansion of macro 'Preview' here
#Preview {
^~~~~~~~~~
/Users/harishvishwakarma/Handy/Archem/pepchat-ios/Revolt/Components/AccountManagement/HCaptchaView.swift:78:1: note: in expansion of macro 'Preview' here
#Preview {
^~~~~~~~~~

SwiftCompile normal arm64 /Users/harishvishwakarma/Handy/Archem/pepchat-ios/Revolt/Pages/Login/ForgotPassword/ForgotPassword_Reset.swift (in target 'Revolt' from project 'Revolt')
    cd /Users/harishvishwakarma/Handy/Archem/pepchat-ios
    
@__swiftmacro_6Revolt0023HCaptchaViewswift_elFCffMX77_0_33_6C1ED98903DB9684BC83E49B369EABC6Ll7PreviewfMf_.swift:19:21: warning: variable 'viewState' was never mutated; consider changing to 'let' constant
                var viewState = ViewState.preview()
                    ^
/Users/harishvishwakarma/Handy/Archem/pepchat-ios/Revolt/Components/AccountManagement/HCaptchaView.swift:78:1: note: in expansion of macro 'Preview' here
#Preview {
^~~~~~~~~~
/Users/harishvishwakarma/Handy/Archem/pepchat-ios/Revolt/Components/AccountManagement/HCaptchaView.swift:78:1: note: in expansion of macro 'Preview' here
#Preview {
^~~~~~~~~~

SwiftCompile normal arm64 /Users/harishvishwakarma/Handy/Archem/pepchat-ios/Revolt/Components/RemoteImageTextAttachment.swift (in target 'Revolt' from project 'Revolt')
    cd /Users/harishvishwakarma/Handy/Archem/pepchat-ios
    
@__swiftmacro_6Revolt0023HCaptchaViewswift_elFCffMX77_0_33_6C1ED98903DB9684BC83E49B369EABC6Ll7PreviewfMf_.swift:19:21: warning: variable 'viewState' was never mutated; consider changing to 'let' constant
                var viewState = ViewState.preview()
                    ^
/Users/harishvishwakarma/Handy/Archem/pepchat-ios/Revolt/Components/AccountManagement/HCaptchaView.swift:78:1: note: in expansion of macro 'Preview' here
#Preview {
^~~~~~~~~~
/Users/harishvishwakarma/Handy/Archem/pepchat-ios/Revolt/Components/AccountManagement/HCaptchaView.swift:78:1: note: in expansion of macro 'Preview' here
#Preview {
^~~~~~~~~~

SwiftCompile normal arm64 /Users/harishvishwakarma/Handy/Archem/pepchat-ios/Revolt/Pages/Settings/ChangePasswordView.swift (in target 'Revolt' from project 'Revolt')
    cd /Users/harishvishwakarma/Handy/Archem/pepchat-ios
    
@__swiftmacro_6Revolt0023HCaptchaViewswift_elFCffMX77_0_33_6C1ED98903DB9684BC83E49B369EABC6Ll7PreviewfMf_.swift:19:21: warning: variable 'viewState' was never mutated; consider changing to 'let' constant
                var viewState = ViewState.preview()
                    ^
/Users/harishvishwakarma/Handy/Archem/pepchat-ios/Revolt/Components/AccountManagement/HCaptchaView.swift:78:1: note: in expansion of macro 'Preview' here
#Preview {
^~~~~~~~~~
/Users/harishvishwakarma/Handy/Archem/pepchat-ios/Revolt/Components/AccountManagement/HCaptchaView.swift:78:1: note: in expansion of macro 'Preview' here
#Preview {
^~~~~~~~~~

SwiftCompile normal arm64 /Users/harishvishwakarma/Handy/Archem/pepchat-ios/Revolt/Pages/Features/Core/Components/PeptideTemplateView.swift (in target 'Revolt' from project 'Revolt')
    cd /Users/harishvishwakarma/Handy/Archem/pepchat-ios
    
@__swiftmacro_6Revolt0023HCaptchaViewswift_elFCffMX77_0_33_6C1ED98903DB9684BC83E49B369EABC6Ll7PreviewfMf_.swift:19:21: warning: variable 'viewState' was never mutated; consider changing to 'let' constant
                var viewState = ViewState.preview()
                    ^
/Users/harishvishwakarma/Handy/Archem/pepchat-ios/Revolt/Components/AccountManagement/HCaptchaView.swift:78:1: note: in expansion of macro 'Preview' here
#Preview {
^~~~~~~~~~
/Users/harishvishwakarma/Handy/Archem/pepchat-ios/Revolt/Components/AccountManagement/HCaptchaView.swift:78:1: note: in expansion of macro 'Preview' here
#Preview {
^~~~~~~~~~

SwiftCompile normal arm64 /Users/harishvishwakarma/Handy/Archem/pepchat-ios/Revolt/Components/CommonElements/LoadingSpinnerView.swift (in target 'Revolt' from project 'Revolt')
    cd /Users/harishvishwakarma/Handy/Archem/pepchat-ios
    
/Users/harishvishwakarma/Handy/Archem/pepchat-ios/Revolt/Components/CommonElements/LoadingSpinnerView.swift:119:5: warning: '@State' used inline will not work unless tagged with '@Previewable' (from macro 'Preview')
    @State var action = false
    ^
/Users/harishvishwakarma/Handy/Archem/pepchat-ios/Revolt/Components/CommonElements/LoadingSpinnerView.swift:119:5: note: Add '@Previewable'
    @State var action = false
    ^~~~~~
    @Previewable @State
@__swiftmacro_6Revolt0023HCaptchaViewswift_elFCffMX77_0_33_6C1ED98903DB9684BC83E49B369EABC6Ll7PreviewfMf_.swift:19:21: warning: variable 'viewState' was never mutated; consider changing to 'let' constant
                var viewState = ViewState.preview()
                    ^
/Users/harishvishwakarma/Handy/Archem/pepchat-ios/Revolt/Components/AccountManagement/HCaptchaView.swift:78:1: note: in expansion of macro 'Preview' here
#Preview {
^~~~~~~~~~
/Users/harishvishwakarma/Handy/Archem/pepchat-ios/Revolt/Components/AccountManagement/HCaptchaView.swift:78:1: note: in expansion of macro 'Preview' here
#Preview {
^~~~~~~~~~

SwiftCompile normal arm64 /Users/harishvishwakarma/Handy/Archem/pepchat-ios/Revolt/Components/Home/ServerScrollView.swift (in target 'Revolt' from project 'Revolt')
    cd /Users/harishvishwakarma/Handy/Archem/pepchat-ios
    
@__swiftmacro_6Revolt0023HCaptchaViewswift_elFCffMX77_0_33_6C1ED98903DB9684BC83E49B369EABC6Ll7PreviewfMf_.swift:19:21: warning: variable 'viewState' was never mutated; consider changing to 'let' constant
                var viewState = ViewState.preview()
                    ^
/Users/harishvishwakarma/Handy/Archem/pepchat-ios/Revolt/Components/AccountManagement/HCaptchaView.swift:78:1: note: in expansion of macro 'Preview' here
#Preview {
^~~~~~~~~~
/Users/harishvishwakarma/Handy/Archem/pepchat-ios/Revolt/Components/AccountManagement/HCaptchaView.swift:78:1: note: in expansion of macro 'Preview' here
#Preview {
^~~~~~~~~~

SwiftCompile normal arm64 /Users/harishvishwakarma/Handy/Archem/pepchat-ios/Revolt/Pages/Channel/Messagable/Models/ReplyMessage.swift (in target 'Revolt' from project 'Revolt')
    cd /Users/harishvishwakarma/Handy/Archem/pepchat-ios
    
@__swiftmacro_6Revolt0023HCaptchaViewswift_elFCffMX77_0_33_6C1ED98903DB9684BC83E49B369EABC6Ll7PreviewfMf_.swift:19:21: warning: variable 'viewState' was never mutated; consider changing to 'let' constant
                var viewState = ViewState.preview()
                    ^
/Users/harishvishwakarma/Handy/Archem/pepchat-ios/Revolt/Components/AccountManagement/HCaptchaView.swift:78:1: note: in expansion of macro 'Preview' here
#Preview {
^~~~~~~~~~
/Users/harishvishwakarma/Handy/Archem/pepchat-ios/Revolt/Components/AccountManagement/HCaptchaView.swift:78:1: note: in expansion of macro 'Preview' here
#Preview {
^~~~~~~~~~

SwiftCompile normal arm64 /Users/harishvishwakarma/Handy/Archem/pepchat-ios/Revolt/Pages/Channel/Settings/Server/Identity/IdentitySheet.swift (in target 'Revolt' from project 'Revolt')
    cd /Users/harishvishwakarma/Handy/Archem/pepchat-ios
    
@__swiftmacro_6Revolt0023HCaptchaViewswift_elFCffMX77_0_33_6C1ED98903DB9684BC83E49B369EABC6Ll7PreviewfMf_.swift:19:21: warning: variable 'viewState' was never mutated; consider changing to 'let' constant
                var viewState = ViewState.preview()
                    ^
/Users/harishvishwakarma/Handy/Archem/pepchat-ios/Revolt/Components/AccountManagement/HCaptchaView.swift:78:1: note: in expansion of macro 'Preview' here
#Preview {
^~~~~~~~~~
/Users/harishvishwakarma/Handy/Archem/pepchat-ios/Revolt/Components/AccountManagement/HCaptchaView.swift:78:1: note: in expansion of macro 'Preview' here
#Preview {
^~~~~~~~~~

SwiftCompile normal arm64 /Users/harishvishwakarma/Handy/Archem/pepchat-ios/Revolt/Pages/Channel/Messagable/Extensions/NSLockExtensions.swift (in target 'Revolt' from project 'Revolt')
    cd /Users/harishvishwakarma/Handy/Archem/pepchat-ios
    
@__swiftmacro_6Revolt0023HCaptchaViewswift_elFCffMX77_0_33_6C1ED98903DB9684BC83E49B369EABC6Ll7PreviewfMf_.swift:19:21: warning: variable 'viewState' was never mutated; consider changing to 'let' constant
                var viewState = ViewState.preview()
                    ^
/Users/harishvishwakarma/Handy/Archem/pepchat-ios/Revolt/Components/AccountManagement/HCaptchaView.swift:78:1: note: in expansion of macro 'Preview' here
#Preview {
^~~~~~~~~~
/Users/harishvishwakarma/Handy/Archem/pepchat-ios/Revolt/Components/AccountManagement/HCaptchaView.swift:78:1: note: in expansion of macro 'Preview' here
#Preview {
^~~~~~~~~~

SwiftCompile normal arm64 /Users/harishvishwakarma/Handy/Archem/pepchat-ios/Revolt/Pages/Login/LoginIn/Login.swift (in target 'Revolt' from project 'Revolt')
    cd /Users/harishvishwakarma/Handy/Archem/pepchat-ios
    
@__swiftmacro_6Revolt0023HCaptchaViewswift_elFCffMX77_0_33_6C1ED98903DB9684BC83E49B369EABC6Ll7PreviewfMf_.swift:19:21: warning: variable 'viewState' was never mutated; consider changing to 'let' constant
                var viewState = ViewState.preview()
                    ^
/Users/harishvishwakarma/Handy/Archem/pepchat-ios/Revolt/Components/AccountManagement/HCaptchaView.swift:78:1: note: in expansion of macro 'Preview' here
#Preview {
^~~~~~~~~~
/Users/harishvishwakarma/Handy/Archem/pepchat-ios/Revolt/Components/AccountManagement/HCaptchaView.swift:78:1: note: in expansion of macro 'Preview' here
#Preview {
^~~~~~~~~~

SwiftCompile normal arm64 /Users/harishvishwakarma/Handy/Archem/pepchat-ios/Revolt/Components/MessageRenderer/DeleteMessageView.swift (in target 'Revolt' from project 'Revolt')
    cd /Users/harishvishwakarma/Handy/Archem/pepchat-ios
    
@__swiftmacro_6Revolt0023HCaptchaViewswift_elFCffMX77_0_33_6C1ED98903DB9684BC83E49B369EABC6Ll7PreviewfMf_.swift:19:21: warning: variable 'viewState' was never mutated; consider changing to 'let' constant
                var viewState = ViewState.preview()
                    ^
/Users/harishvishwakarma/Handy/Archem/pepchat-ios/Revolt/Components/AccountManagement/HCaptchaView.swift:78:1: note: in expansion of macro 'Preview' here
#Preview {
^~~~~~~~~~
/Users/harishvishwakarma/Handy/Archem/pepchat-ios/Revolt/Components/AccountManagement/HCaptchaView.swift:78:1: note: in expansion of macro 'Preview' here
#Preview {
^~~~~~~~~~

SwiftCompile normal arm64 /Users/harishvishwakarma/Handy/Archem/pepchat-ios/Revolt/Pages/Channel/Settings/Server/ServerEmoji/ServerEmojiItemView.swift (in target 'Revolt' from project 'Revolt')
    cd /Users/harishvishwakarma/Handy/Archem/pepchat-ios
    
@__swiftmacro_6Revolt0023HCaptchaViewswift_elFCffMX77_0_33_6C1ED98903DB9684BC83E49B369EABC6Ll7PreviewfMf_.swift:19:21: warning: variable 'viewState' was never mutated; consider changing to 'let' constant
                var viewState = ViewState.preview()
                    ^
/Users/harishvishwakarma/Handy/Archem/pepchat-ios/Revolt/Components/AccountManagement/HCaptchaView.swift:78:1: note: in expansion of macro 'Preview' here
#Preview {
^~~~~~~~~~
/Users/harishvishwakarma/Handy/Archem/pepchat-ios/Revolt/Components/AccountManagement/HCaptchaView.swift:78:1: note: in expansion of macro 'Preview' here
#Preview {
^~~~~~~~~~

SwiftCompile normal arm64 /Users/harishvishwakarma/Handy/Archem/pepchat-ios/Revolt/Pages/Channel/Messagable/Managers/ScrollPositionManager.swift (in target 'Revolt' from project 'Revolt')
    cd /Users/harishvishwakarma/Handy/Archem/pepchat-ios
    
/Users/harishvishwakarma/Handy/Archem/pepchat-ios/Revolt/Pages/Channel/Messagable/Managers/ScrollPositionManager.swift:203:19: warning: value 'viewController' was defined but never used; consider replacing with boolean test
        guard let viewController = viewController else { return }
              ~~~~^~~~~~~~~~~~~~~~~
                                                  != nil
@__swiftmacro_6Revolt0023HCaptchaViewswift_elFCffMX77_0_33_6C1ED98903DB9684BC83E49B369EABC6Ll7PreviewfMf_.swift:19:21: warning: variable 'viewState' was never mutated; consider changing to 'let' constant
                var viewState = ViewState.preview()
                    ^
/Users/harishvishwakarma/Handy/Archem/pepchat-ios/Revolt/Components/AccountManagement/HCaptchaView.swift:78:1: note: in expansion of macro 'Preview' here
#Preview {
^~~~~~~~~~
/Users/harishvishwakarma/Handy/Archem/pepchat-ios/Revolt/Components/AccountManagement/HCaptchaView.swift:78:1: note: in expansion of macro 'Preview' here
#Preview {
^~~~~~~~~~

SwiftCompile normal arm64 /Users/harishvishwakarma/Handy/Archem/pepchat-ios/Revolt/Components/MessageRenderer/MessageReactionsSheet.swift (in target 'Revolt' from project 'Revolt')
    cd /Users/harishvishwakarma/Handy/Archem/pepchat-ios
    
@__swiftmacro_6Revolt0023HCaptchaViewswift_elFCffMX77_0_33_6C1ED98903DB9684BC83E49B369EABC6Ll7PreviewfMf_.swift:19:21: warning: variable 'viewState' was never mutated; consider changing to 'let' constant
                var viewState = ViewState.preview()
                    ^
/Users/harishvishwakarma/Handy/Archem/pepchat-ios/Revolt/Components/AccountManagement/HCaptchaView.swift:78:1: note: in expansion of macro 'Preview' here
#Preview {
^~~~~~~~~~
/Users/harishvishwakarma/Handy/Archem/pepchat-ios/Revolt/Components/AccountManagement/HCaptchaView.swift:78:1: note: in expansion of macro 'Preview' here
#Preview {
^~~~~~~~~~

SwiftCompile normal arm64 /Users/harishvishwakarma/Handy/Archem/pepchat-ios/Revolt/Components/AccountManagement/HCaptchaView.swift (in target 'Revolt' from project 'Revolt')
    cd /Users/harishvishwakarma/Handy/Archem/pepchat-ios
    
/Users/harishvishwakarma/Handy/Archem/pepchat-ios/Revolt/Components/AccountManagement/HCaptchaView.swift:55:19: warning: expression implicitly coerced from 'String?' to 'Any'
            print(resp)  // Log the result
                  ^~~~
/Users/harishvishwakarma/Handy/Archem/pepchat-ios/Revolt/Components/AccountManagement/HCaptchaView.swift:55:19: note: provide a default value to avoid this warning
            print(resp)  // Log the result
                  ^~~~
                       ?? <#default value#>
/Users/harishvishwakarma/Handy/Archem/pepchat-ios/Revolt/Components/AccountManagement/HCaptchaView.swift:55:19: note: force-unwrap the value to avoid this warning
            print(resp)  // Log the result
                  ^~~~
                      !
/Users/harishvishwakarma/Handy/Archem/pepchat-ios/Revolt/Components/AccountManagement/HCaptchaView.swift:55:19: note: explicitly cast to 'Any' with 'as Any' to silence this warning
            print(resp)  // Log the result
                  ^~~~
                       as Any
@__swiftmacro_6Revolt0023HCaptchaViewswift_elFCffMX77_0_33_6C1ED98903DB9684BC83E49B369EABC6Ll7PreviewfMf_.swift:19:21: warning: variable 'viewState' was never mutated; consider changing to 'let' constant
                var viewState = ViewState.preview()
                    ^
/Users/harishvishwakarma/Handy/Archem/pepchat-ios/Revolt/Components/AccountManagement/HCaptchaView.swift:78:1: note: in expansion of macro 'Preview' here
#Preview {
^~~~~~~~~~
/Users/harishvishwakarma/Handy/Archem/pepchat-ios/Revolt/Components/AccountManagement/HCaptchaView.swift:78:1: note: in expansion of macro 'Preview' here
#Preview {
^~~~~~~~~~

SwiftCompile normal arm64 /Users/harishvishwakarma/Handy/Archem/pepchat-ios/Revolt/Pages/Channel/Settings/Server/Categories/ServerChannelsView.swift (in target 'Revolt' from project 'Revolt')
    cd /Users/harishvishwakarma/Handy/Archem/pepchat-ios
    
@__swiftmacro_6Revolt0023HCaptchaViewswift_elFCffMX77_0_33_6C1ED98903DB9684BC83E49B369EABC6Ll7PreviewfMf_.swift:19:21: warning: variable 'viewState' was never mutated; consider changing to 'let' constant
                var viewState = ViewState.preview()
                    ^
/Users/harishvishwakarma/Handy/Archem/pepchat-ios/Revolt/Components/AccountManagement/HCaptchaView.swift:78:1: note: in expansion of macro 'Preview' here
#Preview {
^~~~~~~~~~
/Users/harishvishwakarma/Handy/Archem/pepchat-ios/Revolt/Components/AccountManagement/HCaptchaView.swift:78:1: note: in expansion of macro 'Preview' here
#Preview {
^~~~~~~~~~

SwiftCompile normal arm64 /Users/harishvishwakarma/Handy/Archem/pepchat-ios/Revolt/Pages/Channel/Settings/Server/ServerSettings.swift (in target 'Revolt' from project 'Revolt')
    cd /Users/harishvishwakarma/Handy/Archem/pepchat-ios
    
@__swiftmacro_6Revolt0023HCaptchaViewswift_elFCffMX77_0_33_6C1ED98903DB9684BC83E49B369EABC6Ll7PreviewfMf_.swift:19:21: warning: variable 'viewState' was never mutated; consider changing to 'let' constant
                var viewState = ViewState.preview()
                    ^
/Users/harishvishwakarma/Handy/Archem/pepchat-ios/Revolt/Components/AccountManagement/HCaptchaView.swift:78:1: note: in expansion of macro 'Preview' here
#Preview {
^~~~~~~~~~
/Users/harishvishwakarma/Handy/Archem/pepchat-ios/Revolt/Components/AccountManagement/HCaptchaView.swift:78:1: note: in expansion of macro 'Preview' here
#Preview {
^~~~~~~~~~

SwiftCompile normal arm64 /Users/harishvishwakarma/Handy/Archem/pepchat-ios/Revolt/Pages/Components/PeptideOtp.swift (in target 'Revolt' from project 'Revolt')
    cd /Users/harishvishwakarma/Handy/Archem/pepchat-ios
    
@__swiftmacro_6Revolt0023HCaptchaViewswift_elFCffMX77_0_33_6C1ED98903DB9684BC83E49B369EABC6Ll7PreviewfMf_.swift:19:21: warning: variable 'viewState' was never mutated; consider changing to 'let' constant
                var viewState = ViewState.preview()
                    ^
/Users/harishvishwakarma/Handy/Archem/pepchat-ios/Revolt/Components/AccountManagement/HCaptchaView.swift:78:1: note: in expansion of macro 'Preview' here
#Preview {
^~~~~~~~~~
/Users/harishvishwakarma/Handy/Archem/pepchat-ios/Revolt/Components/AccountManagement/HCaptchaView.swift:78:1: note: in expansion of macro 'Preview' here
#Preview {
^~~~~~~~~~

SwiftCompile normal arm64 /Users/harishvishwakarma/Handy/Archem/pepchat-ios/Revolt/Api/Http.swift (in target 'Revolt' from project 'Revolt')
    cd /Users/harishvishwakarma/Handy/Archem/pepchat-ios
    
@__swiftmacro_6Revolt0023HCaptchaViewswift_elFCffMX77_0_33_6C1ED98903DB9684BC83E49B369EABC6Ll7PreviewfMf_.swift:19:21: warning: variable 'viewState' was never mutated; consider changing to 'let' constant
                var viewState = ViewState.preview()
                    ^
/Users/harishvishwakarma/Handy/Archem/pepchat-ios/Revolt/Components/AccountManagement/HCaptchaView.swift:78:1: note: in expansion of macro 'Preview' here
#Preview {
^~~~~~~~~~
/Users/harishvishwakarma/Handy/Archem/pepchat-ios/Revolt/Components/AccountManagement/HCaptchaView.swift:78:1: note: in expansion of macro 'Preview' here
#Preview {
^~~~~~~~~~
/Users/harishvishwakarma/Handy/Archem/pepchat-ios/Revolt/Api/Http.swift:144:42: error: cannot convert value of type 'Data' to expected argument type 'String'
                        result: .success(Data())
                                         ^
/Users/harishvishwakarma/Handy/Archem/pepchat-ios/Revolt/Api/Http.swift:167:25: error: cannot convert value of type 'DataResponse<Data, AFError>' to expected argument type 'DataResponse<String, AFError>'
        return .success(response)
                        ^
/Users/harishvishwakarma/Handy/Archem/pepchat-ios/Revolt/Api/Http.swift:167:25: note: arguments to generic parameter 'Success' ('Data' and 'String') are expected to be equal
        return .success(response)
                        ^
/Users/harishvishwakarma/Handy/Archem/pepchat-ios/Revolt/Api/Http.swift:126:11: warning: 'catch' block is unreachable because no errors are thrown in 'do' block
        } catch {
          ^

SwiftCompile normal arm64 /Users/harishvishwakarma/Handy/Archem/pepchat-ios/Revolt/Components/Home/Discover/DiscoverScrollView.swift (in target 'Revolt' from project 'Revolt')
    cd /Users/harishvishwakarma/Handy/Archem/pepchat-ios
    
@__swiftmacro_6Revolt0023HCaptchaViewswift_elFCffMX77_0_33_6C1ED98903DB9684BC83E49B369EABC6Ll7PreviewfMf_.swift:19:21: warning: variable 'viewState' was never mutated; consider changing to 'let' constant
                var viewState = ViewState.preview()
                    ^
/Users/harishvishwakarma/Handy/Archem/pepchat-ios/Revolt/Components/AccountManagement/HCaptchaView.swift:78:1: note: in expansion of macro 'Preview' here
#Preview {
^~~~~~~~~~
/Users/harishvishwakarma/Handy/Archem/pepchat-ios/Revolt/Components/AccountManagement/HCaptchaView.swift:78:1: note: in expansion of macro 'Preview' here
#Preview {
^~~~~~~~~~
/Users/harishvishwakarma/Handy/Archem/pepchat-ios/Revolt/Components/Home/Discover/DiscoverScrollView.swift:319:25: warning: result of call to 'run(resultType:body:)' is unused
        await MainActor.run {
                        ^   ~

SwiftEmitModule normal arm64 Emitting\ module\ for\ Revolt (in target 'Revolt' from project 'Revolt')

EmitSwiftModule normal arm64 (in target 'Revolt' from project 'Revolt')
    cd /Users/harishvishwakarma/Handy/Archem/pepchat-ios
    

SwiftCompile normal arm64 Compiling\ ChannelPermissionsSettings.swift,\ AppDelegate.swift,\ DiscoverItem.swift,\ MfaRecovery.swift,\ ForgotPassword.swift,\ UIViewExtensions.swift,\ Section.swift,\ UserSheet.swift,\ ChannelInfoMoreSheet.swift,\ ServerRolesSettings.swift,\ MarkdownProcessor.swift,\ MessageableChannelViewController+Permissions.swift,\ ChannelOverviewSettings.swift,\ MessageEmojisReact.swift,\ ChannelIcon.swift,\ Contents.swift,\ ChannelUserOptionSheet.swift,\ MentionInputView.swift,\ UserSettingsStore.swift,\ Markdown.swift,\ ServerChannelOverviewSettings.swift /Users/harishvishwakarma/Handy/Archem/pepchat-ios/Revolt/Pages/Channel/Settings/Channel/ChannelPermissionsSettings/ChannelPermissionsSettings.swift /Users/harishvishwakarma/Handy/Archem/pepchat-ios/Revolt/Delegates/AppDelegate.swift /Users/harishvishwakarma/Handy/Archem/pepchat-ios/Revolt/Components/Home/Discover/DiscoverItem.swift /Users/harishvishwakarma/Handy/Archem/pepchat-ios/Revolt/Pages/Login/Mfa/Sheets/MfaRecovery.swift /Users/harishvishwakarma/Handy/Archem/pepchat-ios/Revolt/Pages/Login/ForgotPassword/ForgotPassword.swift /Users/harishvishwakarma/Handy/Archem/pepchat-ios/Revolt/Pages/Channel/Messagable/Extensions/UIViewExtensions.swift /Users/harishvishwakarma/Handy/Archem/pepchat-ios/Revolt/Extensions/Section.swift /Users/harishvishwakarma/Handy/Archem/pepchat-ios/Revolt/Components/Sheets/UserSheet.swift /Users/harishvishwakarma/Handy/Archem/pepchat-ios/Revolt/Pages/Channel/Messagable/ChannelInfo/ChannelInfoMoreSheet.swift /Users/harishvishwakarma/Handy/Archem/pepchat-ios/Revolt/Pages/Channel/Settings/Server/ServerRoles/ServerRolesSettings.swift /Users/harishvishwakarma/Handy/Archem/pepchat-ios/Revolt/Pages/Channel/Messagable/Utils/MarkdownProcessor.swift /Users/harishvishwakarma/Handy/Archem/pepchat-ios/Revolt/Pages/Channel/Messagable/Extensions/MessageableChannelViewController+Permissions.swift /Users/harishvishwakarma/Handy/Archem/pepchat-ios/Revolt/Pages/Channel/Settings/Channel/ChannelOverviewSettings.swift /Users/harishvishwakarma/Handy/Archem/pepchat-ios/Revolt/Components/MessageRenderer/MessageEmojisReact.swift /Users/harishvishwakarma/Handy/Archem/pepchat-ios/Revolt/Components/ChannelIcon.swift /Users/harishvishwakarma/Handy/Archem/pepchat-ios/Revolt/Components/Contents.swift /Users/harishvishwakarma/Handy/Archem/pepchat-ios/Revolt/Pages/Channel/Messagable/ChannelInfo/ChannelUserOptionSheet.swift /Users/harishvishwakarma/Handy/Archem/pepchat-ios/Revolt/Pages/Channel/Messagable/Mention/MentionInputView.swift /Users/harishvishwakarma/Handy/Archem/pepchat-ios/Revolt/Api/UserSettingsStore.swift /Users/harishvishwakarma/Handy/Archem/pepchat-ios/Revolt/Components/Markdown.swift /Users/harishvishwakarma/Handy/Archem/pepchat-ios/Revolt/Pages/Channel/Settings/Channel/ServerChannel/ServerChannelOverviewSettings.swift (in target 'Revolt' from project 'Revolt')

SwiftCompile normal arm64 /Users/harishvishwakarma/Handy/Archem/pepchat-ios/Revolt/Pages/Channel/Settings/Channel/ChannelPermissionsSettings/ChannelPermissionsSettings.swift (in target 'Revolt' from project 'Revolt')
    cd /Users/harishvishwakarma/Handy/Archem/pepchat-ios
    

SwiftCompile normal arm64 /Users/harishvishwakarma/Handy/Archem/pepchat-ios/Revolt/Delegates/AppDelegate.swift (in target 'Revolt' from project 'Revolt')
    cd /Users/harishvishwakarma/Handy/Archem/pepchat-ios
    

SwiftCompile normal arm64 /Users/harishvishwakarma/Handy/Archem/pepchat-ios/Revolt/Components/Home/Discover/DiscoverItem.swift (in target 'Revolt' from project 'Revolt')
    cd /Users/harishvishwakarma/Handy/Archem/pepchat-ios
    

SwiftCompile normal arm64 /Users/harishvishwakarma/Handy/Archem/pepchat-ios/Revolt/Pages/Login/Mfa/Sheets/MfaRecovery.swift (in target 'Revolt' from project 'Revolt')
    cd /Users/harishvishwakarma/Handy/Archem/pepchat-ios
    

SwiftCompile normal arm64 /Users/harishvishwakarma/Handy/Archem/pepchat-ios/Revolt/Pages/Login/ForgotPassword/ForgotPassword.swift (in target 'Revolt' from project 'Revolt')
    cd /Users/harishvishwakarma/Handy/Archem/pepchat-ios
    

SwiftCompile normal arm64 /Users/harishvishwakarma/Handy/Archem/pepchat-ios/Revolt/Pages/Channel/Messagable/Extensions/UIViewExtensions.swift (in target 'Revolt' from project 'Revolt')
    cd /Users/harishvishwakarma/Handy/Archem/pepchat-ios
    

SwiftCompile normal arm64 /Users/harishvishwakarma/Handy/Archem/pepchat-ios/Revolt/Extensions/Section.swift (in target 'Revolt' from project 'Revolt')
    cd /Users/harishvishwakarma/Handy/Archem/pepchat-ios
    

SwiftCompile normal arm64 /Users/harishvishwakarma/Handy/Archem/pepchat-ios/Revolt/Components/Sheets/UserSheet.swift (in target 'Revolt' from project 'Revolt')
    cd /Users/harishvishwakarma/Handy/Archem/pepchat-ios
    

SwiftCompile normal arm64 /Users/harishvishwakarma/Handy/Archem/pepchat-ios/Revolt/Pages/Channel/Messagable/ChannelInfo/ChannelInfoMoreSheet.swift (in target 'Revolt' from project 'Revolt')
    cd /Users/harishvishwakarma/Handy/Archem/pepchat-ios
    

SwiftCompile normal arm64 /Users/harishvishwakarma/Handy/Archem/pepchat-ios/Revolt/Pages/Channel/Settings/Server/ServerRoles/ServerRolesSettings.swift (in target 'Revolt' from project 'Revolt')
    cd /Users/harishvishwakarma/Handy/Archem/pepchat-ios
    

SwiftCompile normal arm64 /Users/harishvishwakarma/Handy/Archem/pepchat-ios/Revolt/Pages/Channel/Messagable/Utils/MarkdownProcessor.swift (in target 'Revolt' from project 'Revolt')
    cd /Users/harishvishwakarma/Handy/Archem/pepchat-ios
    

SwiftCompile normal arm64 /Users/harishvishwakarma/Handy/Archem/pepchat-ios/Revolt/Pages/Channel/Messagable/Extensions/MessageableChannelViewController+Permissions.swift (in target 'Revolt' from project 'Revolt')
    cd /Users/harishvishwakarma/Handy/Archem/pepchat-ios
    

SwiftCompile normal arm64 /Users/harishvishwakarma/Handy/Archem/pepchat-ios/Revolt/Pages/Channel/Settings/Channel/ChannelOverviewSettings.swift (in target 'Revolt' from project 'Revolt')
    cd /Users/harishvishwakarma/Handy/Archem/pepchat-ios
    

SwiftCompile normal arm64 /Users/harishvishwakarma/Handy/Archem/pepchat-ios/Revolt/Components/MessageRenderer/MessageEmojisReact.swift (in target 'Revolt' from project 'Revolt')
    cd /Users/harishvishwakarma/Handy/Archem/pepchat-ios
    

SwiftCompile normal arm64 /Users/harishvishwakarma/Handy/Archem/pepchat-ios/Revolt/Components/ChannelIcon.swift (in target 'Revolt' from project 'Revolt')
    cd /Users/harishvishwakarma/Handy/Archem/pepchat-ios
    

SwiftCompile normal arm64 /Users/harishvishwakarma/Handy/Archem/pepchat-ios/Revolt/Components/Contents.swift (in target 'Revolt' from project 'Revolt')
    cd /Users/harishvishwakarma/Handy/Archem/pepchat-ios
    

SwiftCompile normal arm64 /Users/harishvishwakarma/Handy/Archem/pepchat-ios/Revolt/Pages/Channel/Messagable/ChannelInfo/ChannelUserOptionSheet.swift (in target 'Revolt' from project 'Revolt')
    cd /Users/harishvishwakarma/Handy/Archem/pepchat-ios
    

SwiftCompile normal arm64 /Users/harishvishwakarma/Handy/Archem/pepchat-ios/Revolt/Pages/Channel/Messagable/Mention/MentionInputView.swift (in target 'Revolt' from project 'Revolt')
    cd /Users/harishvishwakarma/Handy/Archem/pepchat-ios
    

SwiftCompile normal arm64 /Users/harishvishwakarma/Handy/Archem/pepchat-ios/Revolt/Api/UserSettingsStore.swift (in target 'Revolt' from project 'Revolt')
    cd /Users/harishvishwakarma/Handy/Archem/pepchat-ios
    

SwiftCompile normal arm64 /Users/harishvishwakarma/Handy/Archem/pepchat-ios/Revolt/Components/Markdown.swift (in target 'Revolt' from project 'Revolt')
    cd /Users/harishvishwakarma/Handy/Archem/pepchat-ios
    

SwiftCompile normal arm64 /Users/harishvishwakarma/Handy/Archem/pepchat-ios/Revolt/Pages/Channel/Settings/Channel/ServerChannel/ServerChannelOverviewSettings.swift (in target 'Revolt' from project 'Revolt')
    cd /Users/harishvishwakarma/Handy/Archem/pepchat-ios
    

SwiftCompile normal arm64 Compiling\ CreateGroup.swift,\ PermissionsCalculator.swift,\ CreateGroupName.swift,\ CreateAccount.swift,\ DeleteEmojiPopup.swift,\ RevoltApp.swift,\ MfaOtp.swift,\ ServerBadges.swift,\ BlockedUsersView.swift,\ VerifyEmail.swift,\ Bundle.swift,\ SystemMessageSheet.swift,\ ViewState.swift,\ MessageCacheManager.swift,\ PeptideSectionHeader.swift,\ RemoveAuthenticatorAppSheet.swift,\ ServerChannelScrollView.swift,\ ServerCategorySheet.swift,\ MessageableChannelViewController+ScrollView.swift,\ Mfa.swift,\ Discovery.swift /Users/harishvishwakarma/Handy/Archem/pepchat-ios/Revolt/Pages/Home/CreateGroup/CreateGroup.swift /Users/harishvishwakarma/Handy/Archem/pepchat-ios/Revolt/Api/PermissionsCalculator.swift /Users/harishvishwakarma/Handy/Archem/pepchat-ios/Revolt/Pages/Home/CreateGroup/CreateGroupName.swift /Users/harishvishwakarma/Handy/Archem/pepchat-ios/Revolt/Pages/Login/CreateAccount/CreateAccount.swift /Users/harishvishwakarma/Handy/Archem/pepchat-ios/Revolt/Pages/Channel/Settings/Server/ServerEmoji/DeleteEmojiPopup.swift /Users/harishvishwakarma/Handy/Archem/pepchat-ios/Revolt/RevoltApp.swift /Users/harishvishwakarma/Handy/Archem/pepchat-ios/Revolt/Pages/Login/Mfa/Sheets/MfaOtp.swift /Users/harishvishwakarma/Handy/Archem/pepchat-ios/Revolt/Components/ServerBadges.swift /Users/harishvishwakarma/Handy/Archem/pepchat-ios/Revolt/Pages/Settings/BlockedUsersView.swift /Users/harishvishwakarma/Handy/Archem/pepchat-ios/Revolt/Pages/Login/VerifyEmail/VerifyEmail.swift /Users/harishvishwakarma/Handy/Archem/pepchat-ios/Revolt/Extensions/Bundle.swift /Users/harishvishwakarma/Handy/Archem/pepchat-ios/Revolt/Pages/Channel/Settings/Server/SystemMessageSheet.swift /Users/harishvishwakarma/Handy/Archem/pepchat-ios/Revolt/ViewState.swift /Users/harishvishwakarma/Handy/Archem/pepchat-ios/Revolt/1Storage/MessageCacheManager.swift /Users/harishvishwakarma/Handy/Archem/pepchat-ios/Revolt/Components/PeptideSectionHeader.swift /Users/harishvishwakarma/Handy/Archem/pepchat-ios/Revolt/Pages/Settings/RemoveAuthenticatorAppSheet.swift /Users/harishvishwakarma/Handy/Archem/pepchat-ios/Revolt/Components/Home/ServerChannelScrollView.swift /Users/harishvishwakarma/Handy/Archem/pepchat-ios/Revolt/Pages/Channel/Settings/Channel/ServerChannel/ServerCategorySheet.swift /Users/harishvishwakarma/Handy/Archem/pepchat-ios/Revolt/Pages/Channel/Messagable/Extensions/MessageableChannelViewController+ScrollView.swift /Users/harishvishwakarma/Handy/Archem/pepchat-ios/Revolt/Pages/Login/Mfa/Mfa.swift /Users/harishvishwakarma/Handy/Archem/pepchat-ios/Revolt/Pages/Home/Discovery.swift (in target 'Revolt' from project 'Revolt')

SwiftCompile normal arm64 /Users/harishvishwakarma/Handy/Archem/pepchat-ios/Revolt/Pages/Home/CreateGroup/CreateGroup.swift (in target 'Revolt' from project 'Revolt')
    cd /Users/harishvishwakarma/Handy/Archem/pepchat-ios
    

SwiftCompile normal arm64 /Users/harishvishwakarma/Handy/Archem/pepchat-ios/Revolt/Api/PermissionsCalculator.swift (in target 'Revolt' from project 'Revolt')
    cd /Users/harishvishwakarma/Handy/Archem/pepchat-ios
    

SwiftCompile normal arm64 /Users/harishvishwakarma/Handy/Archem/pepchat-ios/Revolt/Pages/Home/CreateGroup/CreateGroupName.swift (in target 'Revolt' from project 'Revolt')
    cd /Users/harishvishwakarma/Handy/Archem/pepchat-ios
    

SwiftCompile normal arm64 /Users/harishvishwakarma/Handy/Archem/pepchat-ios/Revolt/Pages/Login/CreateAccount/CreateAccount.swift (in target 'Revolt' from project 'Revolt')
    cd /Users/harishvishwakarma/Handy/Archem/pepchat-ios
    

SwiftCompile normal arm64 /Users/harishvishwakarma/Handy/Archem/pepchat-ios/Revolt/Pages/Channel/Settings/Server/ServerEmoji/DeleteEmojiPopup.swift (in target 'Revolt' from project 'Revolt')
    cd /Users/harishvishwakarma/Handy/Archem/pepchat-ios
    

SwiftCompile normal arm64 /Users/harishvishwakarma/Handy/Archem/pepchat-ios/Revolt/RevoltApp.swift (in target 'Revolt' from project 'Revolt')
    cd /Users/harishvishwakarma/Handy/Archem/pepchat-ios
    

SwiftCompile normal arm64 /Users/harishvishwakarma/Handy/Archem/pepchat-ios/Revolt/Pages/Login/Mfa/Sheets/MfaOtp.swift (in target 'Revolt' from project 'Revolt')
    cd /Users/harishvishwakarma/Handy/Archem/pepchat-ios
    

SwiftCompile normal arm64 /Users/harishvishwakarma/Handy/Archem/pepchat-ios/Revolt/Components/ServerBadges.swift (in target 'Revolt' from project 'Revolt')
    cd /Users/harishvishwakarma/Handy/Archem/pepchat-ios
    

SwiftCompile normal arm64 /Users/harishvishwakarma/Handy/Archem/pepchat-ios/Revolt/Pages/Settings/BlockedUsersView.swift (in target 'Revolt' from project 'Revolt')
    cd /Users/harishvishwakarma/Handy/Archem/pepchat-ios
    

SwiftCompile normal arm64 /Users/harishvishwakarma/Handy/Archem/pepchat-ios/Revolt/Pages/Login/VerifyEmail/VerifyEmail.swift (in target 'Revolt' from project 'Revolt')
    cd /Users/harishvishwakarma/Handy/Archem/pepchat-ios
    

SwiftCompile normal arm64 /Users/harishvishwakarma/Handy/Archem/pepchat-ios/Revolt/Extensions/Bundle.swift (in target 'Revolt' from project 'Revolt')
    cd /Users/harishvishwakarma/Handy/Archem/pepchat-ios
    

SwiftCompile normal arm64 /Users/harishvishwakarma/Handy/Archem/pepchat-ios/Revolt/Pages/Channel/Settings/Server/SystemMessageSheet.swift (in target 'Revolt' from project 'Revolt')
    cd /Users/harishvishwakarma/Handy/Archem/pepchat-ios
    

SwiftCompile normal arm64 /Users/harishvishwakarma/Handy/Archem/pepchat-ios/Revolt/ViewState.swift (in target 'Revolt' from project 'Revolt')
    cd /Users/harishvishwakarma/Handy/Archem/pepchat-ios
    

SwiftCompile normal arm64 /Users/harishvishwakarma/Handy/Archem/pepchat-ios/Revolt/1Storage/MessageCacheManager.swift (in target 'Revolt' from project 'Revolt')
    cd /Users/harishvishwakarma/Handy/Archem/pepchat-ios
    

SwiftCompile normal arm64 /Users/harishvishwakarma/Handy/Archem/pepchat-ios/Revolt/Components/PeptideSectionHeader.swift (in target 'Revolt' from project 'Revolt')
    cd /Users/harishvishwakarma/Handy/Archem/pepchat-ios
    

SwiftCompile normal arm64 /Users/harishvishwakarma/Handy/Archem/pepchat-ios/Revolt/Pages/Settings/RemoveAuthenticatorAppSheet.swift (in target 'Revolt' from project 'Revolt')
    cd /Users/harishvishwakarma/Handy/Archem/pepchat-ios
    

SwiftCompile normal arm64 /Users/harishvishwakarma/Handy/Archem/pepchat-ios/Revolt/Components/Home/ServerChannelScrollView.swift (in target 'Revolt' from project 'Revolt')
    cd /Users/harishvishwakarma/Handy/Archem/pepchat-ios
    

SwiftCompile normal arm64 /Users/harishvishwakarma/Handy/Archem/pepchat-ios/Revolt/Pages/Channel/Settings/Channel/ServerChannel/ServerCategorySheet.swift (in target 'Revolt' from project 'Revolt')
    cd /Users/harishvishwakarma/Handy/Archem/pepchat-ios
    

SwiftCompile normal arm64 /Users/harishvishwakarma/Handy/Archem/pepchat-ios/Revolt/Pages/Channel/Messagable/Extensions/MessageableChannelViewController+ScrollView.swift (in target 'Revolt' from project 'Revolt')
    cd /Users/harishvishwakarma/Handy/Archem/pepchat-ios
    

SwiftCompile normal arm64 /Users/harishvishwakarma/Handy/Archem/pepchat-ios/Revolt/Pages/Login/Mfa/Mfa.swift (in target 'Revolt' from project 'Revolt')
    cd /Users/harishvishwakarma/Handy/Archem/pepchat-ios
    

SwiftCompile normal arm64 /Users/harishvishwakarma/Handy/Archem/pepchat-ios/Revolt/Pages/Home/Discovery.swift (in target 'Revolt' from project 'Revolt')
    cd /Users/harishvishwakarma/Handy/Archem/pepchat-ios
    

SwiftCompile normal arm64 Compiling\ ServerIcon.swift,\ PeptideSheet.swift,\ InviteView.swift,\ PermissionToggle.swift,\ UserSheetViewController.swift,\ ChannelMemberPermissionView.swift,\ PeptideTextField.swift,\ PeptideText.swift,\ ULID.swift,\ Color.swift,\ GetPasswordSheet.swift,\ Tile.swift,\ EmojiParser.swift,\ Binding.swift,\ MessageableChannelConstants.swift,\ IteratorProtocol.swift,\ PeptideDivider.swift,\ UnreadCounter.swift,\ PeptideImage.swift,\ MessageableChannelViewController+Keyboard.swift,\ PeptideButton.swift /Users/harishvishwakarma/Handy/Archem/pepchat-ios/Revolt/Components/ServerIcon.swift /Users/harishvishwakarma/Handy/Archem/pepchat-ios/Revolt/Pages/Features/Core/Components/PeptideSheet.swift /Users/harishvishwakarma/Handy/Archem/pepchat-ios/Revolt/Components/MessageRenderer/InviteView.swift /Users/harishvishwakarma/Handy/Archem/pepchat-ios/Revolt/Components/Settings/PermissionToggle.swift /Users/harishvishwakarma/Handy/Archem/pepchat-ios/Revolt/Components/Sheets/UserSheetViewController.swift /Users/harishvishwakarma/Handy/Archem/pepchat-ios/Revolt/Pages/Channel/Settings/Server/ChannelMemberPermissionView.swift /Users/harishvishwakarma/Handy/Archem/pepchat-ios/Revolt/Pages/Components/PeptideTextField.swift /Users/harishvishwakarma/Handy/Archem/pepchat-ios/Revolt/Pages/Components/PeptideText.swift /Users/harishvishwakarma/Handy/Archem/pepchat-ios/Revolt/Pages/Channel/Messagable/Utils/ULID.swift /Users/harishvishwakarma/Handy/Archem/pepchat-ios/Revolt/Extensions/Color.swift /Users/harishvishwakarma/Handy/Archem/pepchat-ios/Revolt/Pages/Settings/GetPasswordSheet.swift /Users/harishvishwakarma/Handy/Archem/pepchat-ios/Revolt/Components/Tile.swift /Users/harishvishwakarma/Handy/Archem/pepchat-ios/Revolt/Extensions/EmojiParser.swift /Users/harishvishwakarma/Handy/Archem/pepchat-ios/Revolt/Extensions/Binding.swift /Users/harishvishwakarma/Handy/Archem/pepchat-ios/Revolt/Pages/Channel/Messagable/Models/MessageableChannelConstants.swift /Users/harishvishwakarma/Handy/Archem/pepchat-ios/Revolt/Extensions/IteratorProtocol.swift /Users/harishvishwakarma/Handy/Archem/pepchat-ios/Revolt/Pages/Components/PeptideDivider.swift /Users/harishvishwakarma/Handy/Archem/pepchat-ios/Revolt/Components/UnreadCounter.swift /Users/harishvishwakarma/Handy/Archem/pepchat-ios/Revolt/Pages/Components/PeptideImage.swift /Users/harishvishwakarma/Handy/Archem/pepchat-ios/Revolt/Pages/Channel/Messagable/Extensions/MessageableChannelViewController+Keyboard.swift /Users/harishvishwakarma/Handy/Archem/pepchat-ios/Revolt/Pages/Components/PeptideButton.swift (in target 'Revolt' from project 'Revolt')
SwiftCompile normal arm64 /Users/harishvishwakarma/Handy/Archem/pepchat-ios/Revolt/Components/ServerIcon.swift (in target 'Revolt' from project 'Revolt')
    cd /Users/harishvishwakarma/Handy/Archem/pepchat-ios
    

SwiftCompile normal arm64 /Users/harishvishwakarma/Handy/Archem/pepchat-ios/Revolt/Pages/Features/Core/Components/PeptideSheet.swift (in target 'Revolt' from project 'Revolt')
    cd /Users/harishvishwakarma/Handy/Archem/pepchat-ios
    

SwiftCompile normal arm64 /Users/harishvishwakarma/Handy/Archem/pepchat-ios/Revolt/Components/MessageRenderer/InviteView.swift (in target 'Revolt' from project 'Revolt')
    cd /Users/harishvishwakarma/Handy/Archem/pepchat-ios
    

SwiftCompile normal arm64 /Users/harishvishwakarma/Handy/Archem/pepchat-ios/Revolt/Components/Settings/PermissionToggle.swift (in target 'Revolt' from project 'Revolt')
    cd /Users/harishvishwakarma/Handy/Archem/pepchat-ios
    

SwiftCompile normal arm64 /Users/harishvishwakarma/Handy/Archem/pepchat-ios/Revolt/Components/Sheets/UserSheetViewController.swift (in target 'Revolt' from project 'Revolt')
    cd /Users/harishvishwakarma/Handy/Archem/pepchat-ios
    

SwiftCompile normal arm64 /Users/harishvishwakarma/Handy/Archem/pepchat-ios/Revolt/Pages/Channel/Settings/Server/ChannelMemberPermissionView.swift (in target 'Revolt' from project 'Revolt')
    cd /Users/harishvishwakarma/Handy/Archem/pepchat-ios
    

SwiftCompile normal arm64 /Users/harishvishwakarma/Handy/Archem/pepchat-ios/Revolt/Pages/Components/PeptideTextField.swift (in target 'Revolt' from project 'Revolt')
    cd /Users/harishvishwakarma/Handy/Archem/pepchat-ios
    

SwiftCompile normal arm64 /Users/harishvishwakarma/Handy/Archem/pepchat-ios/Revolt/Pages/Components/PeptideText.swift (in target 'Revolt' from project 'Revolt')
    cd /Users/harishvishwakarma/Handy/Archem/pepchat-ios
    

SwiftCompile normal arm64 /Users/harishvishwakarma/Handy/Archem/pepchat-ios/Revolt/Pages/Channel/Messagable/Utils/ULID.swift (in target 'Revolt' from project 'Revolt')
    cd /Users/harishvishwakarma/Handy/Archem/pepchat-ios
    

SwiftCompile normal arm64 /Users/harishvishwakarma/Handy/Archem/pepchat-ios/Revolt/Extensions/Color.swift (in target 'Revolt' from project 'Revolt')
    cd /Users/harishvishwakarma/Handy/Archem/pepchat-ios
    

SwiftCompile normal arm64 /Users/harishvishwakarma/Handy/Archem/pepchat-ios/Revolt/Pages/Settings/GetPasswordSheet.swift (in target 'Revolt' from project 'Revolt')
    cd /Users/harishvishwakarma/Handy/Archem/pepchat-ios
    

SwiftCompile normal arm64 /Users/harishvishwakarma/Handy/Archem/pepchat-ios/Revolt/Components/Tile.swift (in target 'Revolt' from project 'Revolt')
    cd /Users/harishvishwakarma/Handy/Archem/pepchat-ios
    

SwiftCompile normal arm64 /Users/harishvishwakarma/Handy/Archem/pepchat-ios/Revolt/Extensions/EmojiParser.swift (in target 'Revolt' from project 'Revolt')
    cd /Users/harishvishwakarma/Handy/Archem/pepchat-ios
    

SwiftCompile normal arm64 /Users/harishvishwakarma/Handy/Archem/pepchat-ios/Revolt/Extensions/Binding.swift (in target 'Revolt' from project 'Revolt')
    cd /Users/harishvishwakarma/Handy/Archem/pepchat-ios
    

SwiftCompile normal arm64 /Users/harishvishwakarma/Handy/Archem/pepchat-ios/Revolt/Pages/Channel/Messagable/Models/MessageableChannelConstants.swift (in target 'Revolt' from project 'Revolt')
    cd /Users/harishvishwakarma/Handy/Archem/pepchat-ios
    

SwiftCompile normal arm64 /Users/harishvishwakarma/Handy/Archem/pepchat-ios/Revolt/Extensions/IteratorProtocol.swift (in target 'Revolt' from project 'Revolt')
    cd /Users/harishvishwakarma/Handy/Archem/pepchat-ios
    

SwiftCompile normal arm64 /Users/harishvishwakarma/Handy/Archem/pepchat-ios/Revolt/Pages/Components/PeptideDivider.swift (in target 'Revolt' from project 'Revolt')
    cd /Users/harishvishwakarma/Handy/Archem/pepchat-ios
    

SwiftCompile normal arm64 /Users/harishvishwakarma/Handy/Archem/pepchat-ios/Revolt/Components/UnreadCounter.swift (in target 'Revolt' from project 'Revolt')
    cd /Users/harishvishwakarma/Handy/Archem/pepchat-ios
    

SwiftCompile normal arm64 /Users/harishvishwakarma/Handy/Archem/pepchat-ios/Revolt/Pages/Components/PeptideImage.swift (in target 'Revolt' from project 'Revolt')
    cd /Users/harishvishwakarma/Handy/Archem/pepchat-ios
    

SwiftCompile normal arm64 /Users/harishvishwakarma/Handy/Archem/pepchat-ios/Revolt/Pages/Channel/Messagable/Extensions/MessageableChannelViewController+Keyboard.swift (in target 'Revolt' from project 'Revolt')
    cd /Users/harishvishwakarma/Handy/Archem/pepchat-ios
    

SwiftCompile normal arm64 /Users/harishvishwakarma/Handy/Archem/pepchat-ios/Revolt/Pages/Components/PeptideButton.swift (in target 'Revolt' from project 'Revolt')
    cd /Users/harishvishwakarma/Handy/Archem/pepchat-ios
    

SwiftCompile normal arm64 Compiling\ ChannelRolePermissionsSettings.swift,\ AttachmentPreviewView.swift,\ PeptideIcon.swift,\ MessageableChannelViewController.swift,\ Theme.swift,\ HTTPError.swift,\ MessageEmbed.swift,\ TextStyle.swift,\ NotificationSettingSheet.swift,\ ConfirmationSheet.swift,\ StatusPreviewSheet.swift,\ Avatar.swift,\ FriendsList.swift,\ PresenceIndicator.swift,\ AlertPopup.swift,\ Utils.swift,\ MessageInputHandler.swift,\ Collection.swift,\ PageToolbar.swift,\ MessageableChannelViewController+TextView.swift,\ DeleteGrouSheet.swift /Users/harishvishwakarma/Handy/Archem/pepchat-ios/Revolt/Pages/Channel/Settings/Channel/ChannelPermissionsSettings/ChannelRolePermissionsSettings.swift /Users/harishvishwakarma/Handy/Archem/pepchat-ios/Revolt/Pages/Channel/Messagable/Views/AttachmentPreviewView.swift /Users/harishvishwakarma/Handy/Archem/pepchat-ios/Revolt/Pages/Components/PeptideIcon.swift /Users/harishvishwakarma/Handy/Archem/pepchat-ios/Revolt/Pages/Channel/Messagable/MessageableChannelViewController.swift /Users/harishvishwakarma/Handy/Archem/pepchat-ios/Revolt/Theme.swift /Users/harishvishwakarma/Handy/Archem/pepchat-ios/Revolt/Pages/Channel/Messagable/Models/HTTPError.swift /Users/harishvishwakarma/Handy/Archem/pepchat-ios/Revolt/Components/MessageRenderer/MessageEmbed.swift /Users/harishvishwakarma/Handy/Archem/pepchat-ios/Revolt/Pages/Components/TextStyle.swift /Users/harishvishwakarma/Handy/Archem/pepchat-ios/Revolt/Pages/Home/Sheet/NotificationSettingSheet.swift /Users/harishvishwakarma/Handy/Archem/pepchat-ios/Revolt/Components/Sheets/ConfirmationSheet.swift /Users/harishvishwakarma/Handy/Archem/pepchat-ios/Revolt/Pages/Settings/You/StatusPreviewSheet.swift /Users/harishvishwakarma/Handy/Archem/pepchat-ios/Revolt/Components/Avatar.swift /Users/harishvishwakarma/Handy/Archem/pepchat-ios/Revolt/Pages/Home/FriendsList.swift /Users/harishvishwakarma/Handy/Archem/pepchat-ios/Revolt/Components/PresenceIndicator.swift /Users/harishvishwakarma/Handy/Archem/pepchat-ios/Revolt/Components/AlertPopup.swift /Users/harishvishwakarma/Handy/Archem/pepchat-ios/Revolt/Api/Utils.swift /Users/harishvishwakarma/Handy/Archem/pepchat-ios/Revolt/Pages/Channel/Messagable/Utils/MessageInputHandler.swift /Users/harishvishwakarma/Handy/Archem/pepchat-ios/Revolt/Extensions/Collection.swift /Users/harishvishwakarma/Handy/Archem/pepchat-ios/Revolt/Components/Home/PageToolbar.swift /Users/harishvishwakarma/Handy/Archem/pepchat-ios/Revolt/Pages/Channel/Messagable/Extensions/MessageableChannelViewController+TextView.swift /Users/harishvishwakarma/Handy/Archem/pepchat-ios/Revolt/Components/Sheets/DeleteGrouSheet.swift (in target 'Revolt' from project 'Revolt')

SwiftCompile normal arm64 /Users/harishvishwakarma/Handy/Archem/pepchat-ios/Revolt/Pages/Channel/Settings/Channel/ChannelPermissionsSettings/ChannelRolePermissionsSettings.swift (in target 'Revolt' from project 'Revolt')
    cd /Users/harishvishwakarma/Handy/Archem/pepchat-ios
    

SwiftCompile normal arm64 /Users/harishvishwakarma/Handy/Archem/pepchat-ios/Revolt/Pages/Channel/Messagable/Views/AttachmentPreviewView.swift (in target 'Revolt' from project 'Revolt')
    cd /Users/harishvishwakarma/Handy/Archem/pepchat-ios
    

SwiftCompile normal arm64 /Users/harishvishwakarma/Handy/Archem/pepchat-ios/Revolt/Pages/Components/PeptideIcon.swift (in target 'Revolt' from project 'Revolt')
    cd /Users/harishvishwakarma/Handy/Archem/pepchat-ios
    

SwiftCompile normal arm64 /Users/harishvishwakarma/Handy/Archem/pepchat-ios/Revolt/Pages/Channel/Messagable/MessageableChannelViewController.swift (in target 'Revolt' from project 'Revolt')
    cd /Users/harishvishwakarma/Handy/Archem/pepchat-ios
    

SwiftCompile normal arm64 /Users/harishvishwakarma/Handy/Archem/pepchat-ios/Revolt/Theme.swift (in target 'Revolt' from project 'Revolt')
    cd /Users/harishvishwakarma/Handy/Archem/pepchat-ios
    

SwiftCompile normal arm64 /Users/harishvishwakarma/Handy/Archem/pepchat-ios/Revolt/Pages/Channel/Messagable/Models/HTTPError.swift (in target 'Revolt' from project 'Revolt')
    cd /Users/harishvishwakarma/Handy/Archem/pepchat-ios
    

SwiftCompile normal arm64 /Users/harishvishwakarma/Handy/Archem/pepchat-ios/Revolt/Components/MessageRenderer/MessageEmbed.swift (in target 'Revolt' from project 'Revolt')
    cd /Users/harishvishwakarma/Handy/Archem/pepchat-ios
    

SwiftCompile normal arm64 /Users/harishvishwakarma/Handy/Archem/pepchat-ios/Revolt/Pages/Components/TextStyle.swift (in target 'Revolt' from project 'Revolt')
    cd /Users/harishvishwakarma/Handy/Archem/pepchat-ios
    

SwiftCompile normal arm64 /Users/harishvishwakarma/Handy/Archem/pepchat-ios/Revolt/Pages/Home/Sheet/NotificationSettingSheet.swift (in target 'Revolt' from project 'Revolt')
    cd /Users/harishvishwakarma/Handy/Archem/pepchat-ios
    

SwiftCompile normal arm64 /Users/harishvishwakarma/Handy/Archem/pepchat-ios/Revolt/Components/Sheets/ConfirmationSheet.swift (in target 'Revolt' from project 'Revolt')
    cd /Users/harishvishwakarma/Handy/Archem/pepchat-ios
    

SwiftCompile normal arm64 /Users/harishvishwakarma/Handy/Archem/pepchat-ios/Revolt/Pages/Settings/You/StatusPreviewSheet.swift (in target 'Revolt' from project 'Revolt')
    cd /Users/harishvishwakarma/Handy/Archem/pepchat-ios
    

SwiftCompile normal arm64 /Users/harishvishwakarma/Handy/Archem/pepchat-ios/Revolt/Components/Avatar.swift (in target 'Revolt' from project 'Revolt')
    cd /Users/harishvishwakarma/Handy/Archem/pepchat-ios
    

SwiftCompile normal arm64 /Users/harishvishwakarma/Handy/Archem/pepchat-ios/Revolt/Pages/Home/FriendsList.swift (in target 'Revolt' from project 'Revolt')
    cd /Users/harishvishwakarma/Handy/Archem/pepchat-ios
    

SwiftCompile normal arm64 /Users/harishvishwakarma/Handy/Archem/pepchat-ios/Revolt/Components/PresenceIndicator.swift (in target 'Revolt' from project 'Revolt')
    cd /Users/harishvishwakarma/Handy/Archem/pepchat-ios
    

SwiftCompile normal arm64 /Users/harishvishwakarma/Handy/Archem/pepchat-ios/Revolt/Components/AlertPopup.swift (in target 'Revolt' from project 'Revolt')
    cd /Users/harishvishwakarma/Handy/Archem/pepchat-ios
    

SwiftCompile normal arm64 /Users/harishvishwakarma/Handy/Archem/pepchat-ios/Revolt/Api/Utils.swift (in target 'Revolt' from project 'Revolt')
    cd /Users/harishvishwakarma/Handy/Archem/pepchat-ios
    

SwiftCompile normal arm64 /Users/harishvishwakarma/Handy/Archem/pepchat-ios/Revolt/Pages/Channel/Messagable/Utils/MessageInputHandler.swift (in target 'Revolt' from project 'Revolt')
    cd /Users/harishvishwakarma/Handy/Archem/pepchat-ios
    

SwiftCompile normal arm64 /Users/harishvishwakarma/Handy/Archem/pepchat-ios/Revolt/Extensions/Collection.swift (in target 'Revolt' from project 'Revolt')
    cd /Users/harishvishwakarma/Handy/Archem/pepchat-ios
    

SwiftCompile normal arm64 /Users/harishvishwakarma/Handy/Archem/pepchat-ios/Revolt/Components/Home/PageToolbar.swift (in target 'Revolt' from project 'Revolt')
    cd /Users/harishvishwakarma/Handy/Archem/pepchat-ios
    

SwiftCompile normal arm64 /Users/harishvishwakarma/Handy/Archem/pepchat-ios/Revolt/Pages/Channel/Messagable/Extensions/MessageableChannelViewController+TextView.swift (in target 'Revolt' from project 'Revolt')
    cd /Users/harishvishwakarma/Handy/Archem/pepchat-ios
    

SwiftCompile normal arm64 /Users/harishvishwakarma/Handy/Archem/pepchat-ios/Revolt/Components/Sheets/DeleteGrouSheet.swift (in target 'Revolt' from project 'Revolt')
    cd /Users/harishvishwakarma/Handy/Archem/pepchat-ios
    

SwiftDriverJobDiscovery normal arm64 Compiling Skip.swift, StartsWith.swift, UUID.swift, Whitespace.swift, AnyParser.swift, CompactMap.swift (in target 'Parsing' from project 'swift-parsing')

SwiftCompile normal arm64 Compiling\ EmojiPicker.swift,\ ServerOverviewSettings.swift,\ ServerInfoSheet.swift,\ ReportMessageSheetView.swift,\ HomeBottomNavigation.swift,\ MutualConnectionsSheet.swift,\ MessageReply.swift,\ FullScreenImageViewController.swift,\ RoleSettings.swift,\ Optional.swift,\ TypingIndicatorView.swift,\ DMScrollView.swift,\ ChannelInfo.swift,\ ReversedSrollView.swift,\ PeptideLoading.swift,\ ServerCategoryView.swift,\ BadgeView.swift,\ RoleColorPickerSheet.swift,\ CreateServerRoleView.swift,\ RoleDeleteSheet.swift,\ GeneratedAssetSymbols.swift /Users/harishvishwakarma/Handy/Archem/pepchat-ios/Revolt/Components/EmojiPicker.swift /Users/harishvishwakarma/Handy/Archem/pepchat-ios/Revolt/Pages/Channel/Settings/Server/ServerOverviewSettings.swift /Users/harishvishwakarma/Handy/Archem/pepchat-ios/Revolt/Components/Sheets/ServerInfoSheet.swift /Users/harishvishwakarma/Handy/Archem/pepchat-ios/Revolt/Components/MessageRenderer/ReportMessageSheetView.swift /Users/harishvishwakarma/Handy/Archem/pepchat-ios/Revolt/Pages/Home/Home/HomeBottomNavigation.swift /Users/harishvishwakarma/Handy/Archem/pepchat-ios/Revolt/Components/Sheets/MutualConnectionsSheet.swift /Users/harishvishwakarma/Handy/Archem/pepchat-ios/Revolt/Components/MessageRenderer/MessageReply.swift /Users/harishvishwakarma/Handy/Archem/pepchat-ios/Revolt/Pages/Channel/Messagable/Controllers/FullScreenImageViewController.swift /Users/harishvishwakarma/Handy/Archem/pepchat-ios/Revolt/Pages/Channel/Settings/Server/ServerRoles/RoleSettings.swift /Users/harishvishwakarma/Handy/Archem/pepchat-ios/Revolt/Extensions/Optional.swift /Users/harishvishwakarma/Handy/Archem/pepchat-ios/Revolt/Pages/Channel/Messagable/Views/TypingIndicatorView.swift /Users/harishvishwakarma/Handy/Archem/pepchat-ios/Revolt/Components/Home/DMScrollView.swift /Users/harishvishwakarma/Handy/Archem/pepchat-ios/Revolt/Pages/Channel/Messagable/ChannelInfo/ChannelInfo.swift /Users/harishvishwakarma/Handy/Archem/pepchat-ios/Revolt/Components/ReversedSrollView.swift /Users/harishvishwakarma/Handy/Archem/pepchat-ios/Revolt/Pages/Components/PeptideLoading.swift /Users/harishvishwakarma/Handy/Archem/pepchat-ios/Revolt/Pages/Channel/Settings/Server/Categories/ServerCategoryView.swift /Users/harishvishwakarma/Handy/Archem/pepchat-ios/Revolt/Components/User/BadgeView.swift /Users/harishvishwakarma/Handy/Archem/pepchat-ios/Revolt/Pages/Channel/Settings/Server/ServerRoles/RoleColorPickerSheet.swift /Users/harishvishwakarma/Handy/Archem/pepchat-ios/Revolt/Pages/Channel/Settings/Server/ServerRoles/CreateServerRoleView.swift /Users/harishvishwakarma/Handy/Archem/pepchat-ios/Revolt/Pages/Channel/Settings/Server/ServerRoles/RoleDeleteSheet.swift /Users/harishvishwakarma/Library/Developer/Xcode/DerivedData/Revolt-dharrjsambcimaaziudpvzjdcigm/Build/Intermediates.noindex/Revolt.build/Debug-iphoneos/Revolt.build/DerivedSources/GeneratedAssetSymbols.swift (in target 'Revolt' from project 'Revolt')
Command SwiftCompile failed with a nonzero exit code

/Users/harishvishwakarma/Handy/Archem/pepchat-ios/Revolt.xcodeproj: warning: DEFINES_MODULE was set, but no umbrella header could be found to generate the module map (in target 'Types' from project 'Revolt')
note: Disabling previews because SWIFT_VERSION is set and SWIFT_OPTIMIZATION_LEVEL=-O, expected -Onone (in target 'NotificationService' from project 'Revolt')
** BUILD FAILED **


The following build commands failed:
	SwiftCompile normal arm64 Compiling\ Payloads.swift,\ ForgotPassword_Reset.swift,\ RemoteImageTextAttachment.swift,\ ChangePasswordView.swift,\ PeptideTemplateView.swift,\ LoadingSpinnerView.swift,\ ServerScrollView.swift,\ ReplyMessage.swift,\ IdentitySheet.swift,\ NSLockExtensions.swift,\ Login.swift,\ DeleteMessageView.swift,\ ServerEmojiItemView.swift,\ ScrollPositionManager.swift,\ MessageReactionsSheet.swift,\ HCaptchaView.swift,\ ServerChannelsView.swift,\ ServerSettings.swift,\ PeptideOtp.swift,\ Http.swift,\ DiscoverScrollView.swift /Users/harishvishwakarma/Handy/Archem/pepchat-ios/Revolt/Api/Payloads.swift /Users/harishvishwakarma/Handy/Archem/pepchat-ios/Revolt/Pages/Login/ForgotPassword/ForgotPassword_Reset.swift /Users/harishvishwakarma/Handy/Archem/pepchat-ios/Revolt/Components/RemoteImageTextAttachment.swift /Users/harishvishwakarma/Handy/Archem/pepchat-ios/Revolt/Pages/Settings/ChangePasswordView.swift /Users/harishvishwakarma/Handy/Archem/pepchat-ios/Revolt/Pages/Features/Core/Components/PeptideTemplateView.swift /Users/harishvishwakarma/Handy/Archem/pepchat-ios/Revolt/Components/CommonElements/LoadingSpinnerView.swift /Users/harishvishwakarma/Handy/Archem/pepchat-ios/Revolt/Components/Home/ServerScrollView.swift /Users/harishvishwakarma/Handy/Archem/pepchat-ios/Revolt/Pages/Channel/Messagable/Models/ReplyMessage.swift /Users/harishvishwakarma/Handy/Archem/pepchat-ios/Revolt/Pages/Channel/Settings/Server/Identity/IdentitySheet.swift /Users/harishvishwakarma/Handy/Archem/pepchat-ios/Revolt/Pages/Channel/Messagable/Extensions/NSLockExtensions.swift /Users/harishvishwakarma/Handy/Archem/pepchat-ios/Revolt/Pages/Login/LoginIn/Login.swift /Users/harishvishwakarma/Handy/Archem/pepchat-ios/Revolt/Components/MessageRenderer/DeleteMessageView.swift /Users/harishvishwakarma/Handy/Archem/pepchat-ios/Revolt/Pages/Channel/Settings/Server/ServerEmoji/ServerEmojiItemView.swift /Users/harishvishwakarma/Handy/Archem/pepchat-ios/Revolt/Pages/Channel/Messagable/Managers/ScrollPositionManager.swift /Users/harishvishwakarma/Handy/Archem/pepchat-ios/Revolt/Components/MessageRenderer/MessageReactionsSheet.swift /Users/harishvishwakarma/Handy/Archem/pepchat-ios/Revolt/Components/AccountManagement/HCaptchaView.swift /Users/harishvishwakarma/Handy/Archem/pepchat-ios/Revolt/Pages/Channel/Settings/Server/Categories/ServerChannelsView.swift /Users/harishvishwakarma/Handy/Archem/pepchat-ios/Revolt/Pages/Channel/Settings/Server/ServerSettings.swift /Users/harishvishwakarma/Handy/Archem/pepchat-ios/Revolt/Pages/Components/PeptideOtp.swift /Users/harishvishwakarma/Handy/Archem/pepchat-ios/Revolt/Api/Http.swift /Users/harishvishwakarma/Handy/Archem/pepchat-ios/Revolt/Components/Home/Discover/DiscoverScrollView.swift (in target 'Revolt' from project 'Revolt')
	SwiftCompile normal arm64 /Users/harishvishwakarma/Handy/Archem/pepchat-ios/Revolt/Api/Http.swift (in target 'Revolt' from project 'Revolt')
	SwiftCompile normal arm64 Compiling\ EmojiPicker.swift,\ ServerOverviewSettings.swift,\ ServerInfoSheet.swift,\ ReportMessageSheetView.swift,\ HomeBottomNavigation.swift,\ MutualConnectionsSheet.swift,\ MessageReply.swift,\ FullScreenImageViewController.swift,\ RoleSettings.swift,\ Optional.swift,\ TypingIndicatorView.swift,\ DMScrollView.swift,\ ChannelInfo.swift,\ ReversedSrollView.swift,\ PeptideLoading.swift,\ ServerCategoryView.swift,\ BadgeView.swift,\ RoleColorPickerSheet.swift,\ CreateServerRoleView.swift,\ RoleDeleteSheet.swift,\ GeneratedAssetSymbols.swift /Users/harishvishwakarma/Handy/Archem/pepchat-ios/Revolt/Components/EmojiPicker.swift /Users/harishvishwakarma/Handy/Archem/pepchat-ios/Revolt/Pages/Channel/Settings/Server/ServerOverviewSettings.swift /Users/harishvishwakarma/Handy/Archem/pepchat-ios/Revolt/Components/Sheets/ServerInfoSheet.swift /Users/harishvishwakarma/Handy/Archem/pepchat-ios/Revolt/Components/MessageRenderer/ReportMessageSheetView.swift /Users/harishvishwakarma/Handy/Archem/pepchat-ios/Revolt/Pages/Home/Home/HomeBottomNavigation.swift /Users/harishvishwakarma/Handy/Archem/pepchat-ios/Revolt/Components/Sheets/MutualConnectionsSheet.swift /Users/harishvishwakarma/Handy/Archem/pepchat-ios/Revolt/Components/MessageRenderer/MessageReply.swift /Users/harishvishwakarma/Handy/Archem/pepchat-ios/Revolt/Pages/Channel/Messagable/Controllers/FullScreenImageViewController.swift /Users/harishvishwakarma/Handy/Archem/pepchat-ios/Revolt/Pages/Channel/Settings/Server/ServerRoles/RoleSettings.swift /Users/harishvishwakarma/Handy/Archem/pepchat-ios/Revolt/Extensions/Optional.swift /Users/harishvishwakarma/Handy/Archem/pepchat-ios/Revolt/Pages/Channel/Messagable/Views/TypingIndicatorView.swift /Users/harishvishwakarma/Handy/Archem/pepchat-ios/Revolt/Components/Home/DMScrollView.swift /Users/harishvishwakarma/Handy/Archem/pepchat-ios/Revolt/Pages/Channel/Messagable/ChannelInfo/ChannelInfo.swift /Users/harishvishwakarma/Handy/Archem/pepchat-ios/Revolt/Components/ReversedSrollView.swift /Users/harishvishwakarma/Handy/Archem/pepchat-ios/Revolt/Pages/Components/PeptideLoading.swift /Users/harishvishwakarma/Handy/Archem/pepchat-ios/Revolt/Pages/Channel/Settings/Server/Categories/ServerCategoryView.swift /Users/harishvishwakarma/Handy/Archem/pepchat-ios/Revolt/Components/User/BadgeView.swift /Users/harishvishwakarma/Handy/Archem/pepchat-ios/Revolt/Pages/Channel/Settings/Server/ServerRoles/RoleColorPickerSheet.swift /Users/harishvishwakarma/Handy/Archem/pepchat-ios/Revolt/Pages/Channel/Settings/Server/ServerRoles/CreateServerRoleView.swift /Users/harishvishwakarma/Handy/Archem/pepchat-ios/Revolt/Pages/Channel/Settings/Server/ServerRoles/RoleDeleteSheet.swift /Users/harishvishwakarma/Library/Developer/Xcode/DerivedData/Revolt-dharrjsambcimaaziudpvzjdcigm/Build/Intermediates.noindex/Revolt.build/Debug-iphoneos/Revolt.build/DerivedSources/GeneratedAssetSymbols.swift (in target 'Revolt' from project 'Revolt')
	Building project Revolt with scheme Revolt
(4 failures)
